-3.50972e-15 -3.50972e-06
-7.01944e-15 -7.01944e-06
-1.05292e-14 -1.05292e-05
-1.40389e-14 -1.40389e-05
-1.75487e-14 -1.75487e-05
-2.10584e-14 -2.10584e-05
-2.45682e-14 -2.45682e-05
-2.80781e-14 -2.80781e-05
-3.15879e-14 -3.15879e-05
-3.50978e-14 -3.50978e-05
2.76752e-15 2.76752e-06
4.06329e-14 4.06329e-05
7.84983e-14 7.84983e-05
1.16364e-13 0.000116364
1.54229e-13 0.000154229
1.92095e-13 0.000192095
2.2996e-13 0.00022996
2.67826e-13 0.000267826
3.05691e-13 0.000305691
3.43557e-13 0.000343557
3.81422e-13 0.000381422
4.19288e-13 0.000419288
4.57153e-13 0.000457153
4.95019e-13 0.000495019
5.32885e-13 0.000532885
5.7075e-13 0.00057075
6.08616e-13 0.000608616
6.46482e-13 0.000646482
6.84347e-13 0.000684347
7.22213e-13 0.000722213
7.60079e-13 0.000760079
7.97944e-13 0.000797944
8.3581e-13 0.00083581
8.73676e-13 0.000873676
9.11542e-13 0.000911542
9.49408e-13 0.000949408
9.87274e-13 0.000987274
1.02514e-12 0.00102514
1.06301e-12 0.00106301
1.10087e-12 0.00110087
1.13874e-12 0.00113874
1.1766e-12 0.0011766
1.21447e-12 0.00121447
1.25234e-12 0.00125234
1.2902e-12 0.0012902
1.32807e-12 0.00132807
1.36593e-12 0.00136593
1.4038e-12 0.0014038
1.44167e-12 0.00144167
1.47953e-12 0.00147953
1.5174e-12 0.0015174
1.55526e-12 0.00155526
1.59313e-12 0.00159313
1.631e-12 0.001631
1.66886e-12 0.00166886
1.70673e-12 0.00170673
1.74459e-12 0.00174459
1.78246e-12 0.00178246
1.82033e-12 0.00182033
1.85819e-12 0.00185819
1.89606e-12 0.00189606
1.93393e-12 0.00193393
1.97179e-12 0.00197179
2.00966e-12 0.00200966
2.04753e-12 0.00204753
2.08539e-12 0.00208539
2.12326e-12 0.00212326
2.16112e-12 0.00216112
2.19899e-12 0.00219899
2.23686e-12 0.00223686
2.27472e-12 0.00227472
2.31259e-12 0.00231259
2.35046e-12 0.00235046
2.38832e-12 0.00238832
2.42619e-12 0.00242619
2.46406e-12 0.00246406
2.50192e-12 0.00250192
2.53979e-12 0.00253979
2.57766e-12 0.00257766
2.61552e-12 0.00261552
2.65339e-12 0.00265339
2.69126e-12 0.00269126
2.72912e-12 0.00272912
2.76699e-12 0.00276699
2.80486e-12 0.00280486
2.84272e-12 0.00284272
2.88059e-12 0.00288059
2.91846e-12 0.00291846
2.95633e-12 0.00295633
2.99419e-12 0.00299419
3.03206e-12 0.00303206
3.06993e-12 0.00306993
3.10779e-12 0.00310779
3.14566e-12 0.00314566
3.18353e-12 0.00318353
3.22139e-12 0.00322139
3.25926e-12 0.00325926
3.29713e-12 0.00329713
3.335e-12 0.003335
3.37286e-12 0.00337286
3.41073e-12 0.00341073
3.4486e-12 0.0034486
3.48646e-12 0.00348646
3.52433e-12 0.00352433
3.5622e-12 0.0035622
3.60006e-12 0.00360006
3.63793e-12 0.00363793
3.6758e-12 0.0036758
3.71367e-12 0.00371367
3.75153e-12 0.00375153
3.7894e-12 0.0037894
3.82727e-12 0.00382727
3.86514e-12 0.00386514
3.903e-12 0.003903
3.94087e-12 0.00394087
3.97874e-12 0.00397874
4.01661e-12 0.00401661
4.05447e-12 0.00405447
4.09234e-12 0.00409234
4.13021e-12 0.00413021
4.16808e-12 0.00416808
4.20594e-12 0.00420594
4.24381e-12 0.00424381
4.28168e-12 0.00428168
4.31955e-12 0.00431955
4.35741e-12 0.00435741
4.39528e-12 0.00439528
4.43315e-12 0.00443315
4.47102e-12 0.00447102
4.50888e-12 0.00450888
4.54675e-12 0.00454675
4.58462e-12 0.00458462
4.62249e-12 0.00462249
4.66035e-12 0.00466035
4.69822e-12 0.00469822
4.73609e-12 0.00473609
4.77396e-12 0.00477396
4.81183e-12 0.00481183
4.84969e-12 0.00484969
4.88756e-12 0.00488756
4.92543e-12 0.00492543
4.9633e-12 0.0049633
5.00116e-12 0.00500116
5.03903e-12 0.00503903
5.0769e-12 0.0050769
5.11477e-12 0.00511477
5.15264e-12 0.00515264
5.1905e-12 0.0051905
5.22837e-12 0.00522837
5.26624e-12 0.00526624
5.30411e-12 0.00530411
5.34198e-12 0.00534198
5.37985e-12 0.00537985
5.41771e-12 0.00541771
5.45558e-12 0.00545558
5.49345e-12 0.00549345
5.53132e-12 0.00553132
5.56919e-12 0.00556919
5.60705e-12 0.00560705
5.64492e-12 0.00564492
5.68279e-12 0.00568279
5.72066e-12 0.00572066
5.75853e-12 0.00575853
5.7964e-12 0.0057964
5.83426e-12 0.00583426
5.87213e-12 0.00587213
5.91e-12 0.00591
5.94787e-12 0.00594787
5.98574e-12 0.00598574
6.02361e-12 0.00602361
6.06147e-12 0.00606147
6.09934e-12 0.00609934
6.13721e-12 0.00613721
6.17508e-12 0.00617508
6.21295e-12 0.00621295
6.25082e-12 0.00625082
6.28869e-12 0.00628869
6.32655e-12 0.00632655
6.36442e-12 0.00636442
6.40229e-12 0.00640229
6.44016e-12 0.00644016
6.47803e-12 0.00647803
6.5159e-12 0.0065159
6.55377e-12 0.00655377
6.59164e-12 0.00659164
6.6295e-12 0.0066295
6.66737e-12 0.00666737
6.70524e-12 0.00670524
6.74311e-12 0.00674311
6.78098e-12 0.00678098
6.81885e-12 0.00681885
6.85672e-12 0.00685672
6.89459e-12 0.00689459
6.93245e-12 0.00693245
6.97032e-12 0.00697032
7.00819e-12 0.00700819
7.04606e-12 0.00704606
7.08393e-12 0.00708393
7.1218e-12 0.0071218
7.15967e-12 0.00715967
7.19754e-12 0.00719754
7.23541e-12 0.00723541
7.27328e-12 0.00727328
7.31114e-12 0.00731114
7.34901e-12 0.00734901
7.38688e-12 0.00738688
7.42475e-12 0.00742475
7.46262e-12 0.00746262
7.50049e-12 0.00750049
7.53836e-12 0.00753836
7.57623e-12 0.00757623
7.6141e-12 0.0076141
7.65197e-12 0.00765197
7.68984e-12 0.00768984
7.72771e-12 0.00772771
7.76558e-12 0.00776558
7.80344e-12 0.00780344
7.84131e-12 0.00784131
7.87918e-12 0.00787918
7.91705e-12 0.00791705
7.95492e-12 0.00795492
7.99279e-12 0.00799279
8.03066e-12 0.00803066
8.06853e-12 0.00806853
8.1064e-12 0.0081064
8.14427e-12 0.00814427
8.18214e-12 0.00818214
8.22001e-12 0.00822001
8.25788e-12 0.00825788
8.29575e-12 0.00829575
8.33362e-12 0.00833362
8.37149e-12 0.00837149
8.40936e-12 0.00840936
8.44723e-12 0.00844723
8.4851e-12 0.0084851
8.52297e-12 0.00852297
8.56084e-12 0.00856084
8.59871e-12 0.00859871
8.63658e-12 0.00863658
8.67444e-12 0.00867444
8.71231e-12 0.00871231
8.75018e-12 0.00875018
8.78805e-12 0.00878805
8.82592e-12 0.00882592
8.86379e-12 0.00886379
8.90166e-12 0.00890166
8.93953e-12 0.00893953
8.9774e-12 0.0089774
9.01527e-12 0.00901527
9.05314e-12 0.00905314
9.09101e-12 0.00909101
9.12888e-12 0.00912888
9.16675e-12 0.00916675
9.20462e-12 0.00920462
9.24249e-12 0.00924249
9.28036e-12 0.00928036
9.31823e-12 0.00931823
9.3561e-12 0.0093561
9.39397e-12 0.00939397
9.43185e-12 0.00943185
9.46972e-12 0.00946972
9.50759e-12 0.00950759
9.54546e-12 0.00954546
9.58333e-12 0.00958333
9.6212e-12 0.0096212
9.65907e-12 0.00965907
9.69694e-12 0.00969694
9.73481e-12 0.00973481
9.77268e-12 0.00977268
9.81055e-12 0.00981055
9.84842e-12 0.00984842
9.88629e-12 0.00988629
9.92416e-12 0.00992416
9.96203e-12 0.00996203
9.9999e-12 0.0099999
1.00378e-11 0.0100378
1.00756e-11 0.0100756
1.01135e-11 0.0101135
1.01514e-11 0.0101514
1.01893e-11 0.0101893
1.02271e-11 0.0102271
1.0265e-11 0.010265
1.03029e-11 0.0103029
1.03407e-11 0.0103407
1.03786e-11 0.0103786
1.04165e-11 0.0104165
1.04543e-11 0.0104543
1.04922e-11 0.0104922
1.05301e-11 0.0105301
1.0568e-11 0.010568
1.06058e-11 0.0106058
1.06437e-11 0.0106437
1.06816e-11 0.0106816
1.07194e-11 0.0107194
1.07573e-11 0.0107573
1.07952e-11 0.0107952
1.08331e-11 0.0108331
1.08709e-11 0.0108709
1.09088e-11 0.0109088
1.09467e-11 0.0109467
1.09845e-11 0.0109845
1.10224e-11 0.0110224
1.10603e-11 0.0110603
1.10982e-11 0.0110982
1.1136e-11 0.011136
1.11739e-11 0.0111739
1.12118e-11 0.0112118
1.12496e-11 0.0112496
1.12875e-11 0.0112875
1.13254e-11 0.0113254
1.13633e-11 0.0113633
1.14011e-11 0.0114011
1.1439e-11 0.011439
1.14769e-11 0.0114769
1.15147e-11 0.0115147
1.15526e-11 0.0115526
1.15905e-11 0.0115905
1.16283e-11 0.0116283
1.16662e-11 0.0116662
1.17041e-11 0.0117041
1.1742e-11 0.011742
1.17798e-11 0.0117798
1.18177e-11 0.0118177
1.18556e-11 0.0118556
1.18934e-11 0.0118934
1.19313e-11 0.0119313
1.19692e-11 0.0119692
1.20071e-11 0.0120071
1.20449e-11 0.0120449
1.20828e-11 0.0120828
1.21207e-11 0.0121207
1.21585e-11 0.0121585
1.21964e-11 0.0121964
1.22343e-11 0.0122343
1.22722e-11 0.0122722
1.231e-11 0.01231
1.23479e-11 0.0123479
1.23858e-11 0.0123858
1.24237e-11 0.0124237
1.24615e-11 0.0124615
1.24994e-11 0.0124994
1.25373e-11 0.0125373
1.25751e-11 0.0125751
1.2613e-11 0.012613
1.26509e-11 0.0126509
1.26888e-11 0.0126888
1.27266e-11 0.0127266
1.27645e-11 0.0127645
1.28024e-11 0.0128024
1.28402e-11 0.0128402
1.28781e-11 0.0128781
1.2916e-11 0.012916
1.29539e-11 0.0129539
1.29917e-11 0.0129917
1.30296e-11 0.0130296
1.30675e-11 0.0130675
1.31053e-11 0.0131053
1.31432e-11 0.0131432
1.31811e-11 0.0131811
1.3219e-11 0.013219
1.32568e-11 0.0132568
1.32947e-11 0.0132947
1.33326e-11 0.0133326
1.33705e-11 0.0133705
1.34083e-11 0.0134083
1.34462e-11 0.0134462
1.34841e-11 0.0134841
1.35219e-11 0.0135219
1.35598e-11 0.0135598
1.35977e-11 0.0135977
1.36356e-11 0.0136356
1.36734e-11 0.0136734
1.37113e-11 0.0137113
1.37492e-11 0.0137492
1.3787e-11 0.013787
1.38249e-11 0.0138249
1.38628e-11 0.0138628
1.39007e-11 0.0139007
1.39385e-11 0.0139385
1.39764e-11 0.0139764
1.40143e-11 0.0140143
1.40522e-11 0.0140522
1.409e-11 0.01409
1.41279e-11 0.0141279
1.41658e-11 0.0141658
1.42036e-11 0.0142036
1.42415e-11 0.0142415
1.42794e-11 0.0142794
1.43173e-11 0.0143173
1.43551e-11 0.0143551
1.4393e-11 0.014393
1.44309e-11 0.0144309
1.44688e-11 0.0144688
1.45066e-11 0.0145066
1.45445e-11 0.0145445
1.45824e-11 0.0145824
1.46202e-11 0.0146202
1.46581e-11 0.0146581
1.4696e-11 0.014696
1.47339e-11 0.0147339
1.47717e-11 0.0147717
1.48096e-11 0.0148096
1.48475e-11 0.0148475
1.48854e-11 0.0148854
1.49232e-11 0.0149232
1.49611e-11 0.0149611
1.4999e-11 0.014999
1.50368e-11 0.0150368
1.50747e-11 0.0150747
1.51126e-11 0.0151126
1.51505e-11 0.0151505
1.51883e-11 0.0151883
1.52262e-11 0.0152262
1.52641e-11 0.0152641
1.5302e-11 0.015302
1.53398e-11 0.0153398
1.53777e-11 0.0153777
1.54156e-11 0.0154156
1.54535e-11 0.0154535
1.54913e-11 0.0154913
1.55292e-11 0.0155292
1.55671e-11 0.0155671
1.56049e-11 0.0156049
1.56428e-11 0.0156428
1.56807e-11 0.0156807
1.57186e-11 0.0157186
1.57564e-11 0.0157564
1.57943e-11 0.0157943
1.58322e-11 0.0158322
1.58701e-11 0.0158701
1.59079e-11 0.0159079
1.59458e-11 0.0159458
1.59837e-11 0.0159837
1.60216e-11 0.0160216
1.60594e-11 0.0160594
1.60973e-11 0.0160973
1.61352e-11 0.0161352
1.6173e-11 0.016173
1.62109e-11 0.0162109
1.62488e-11 0.0162488
1.62867e-11 0.0162867
1.63245e-11 0.0163245
1.63624e-11 0.0163624
1.64003e-11 0.0164003
1.64382e-11 0.0164382
1.6476e-11 0.016476
1.65139e-11 0.0165139
1.65518e-11 0.0165518
1.65897e-11 0.0165897
1.66275e-11 0.0166275
1.66654e-11 0.0166654
1.67033e-11 0.0167033
1.67412e-11 0.0167412
1.6779e-11 0.016779
1.68169e-11 0.0168169
1.68548e-11 0.0168548
1.68927e-11 0.0168927
1.69305e-11 0.0169305
1.69684e-11 0.0169684
1.70063e-11 0.0170063
1.70441e-11 0.0170441
1.7082e-11 0.017082
1.71199e-11 0.0171199
1.71578e-11 0.0171578
1.71956e-11 0.0171956
1.72335e-11 0.0172335
1.72714e-11 0.0172714
1.73093e-11 0.0173093
1.73471e-11 0.0173471
1.7385e-11 0.017385
1.74229e-11 0.0174229
1.74608e-11 0.0174608
1.74986e-11 0.0174986
1.75365e-11 0.0175365
1.75744e-11 0.0175744
1.76123e-11 0.0176123
1.76501e-11 0.0176501
1.7688e-11 0.017688
1.77259e-11 0.0177259
1.77638e-11 0.0177638
1.78016e-11 0.0178016
1.78395e-11 0.0178395
1.78774e-11 0.0178774
1.79153e-11 0.0179153
1.79531e-11 0.0179531
1.7991e-11 0.017991
1.80289e-11 0.0180289
1.80668e-11 0.0180668
1.81046e-11 0.0181046
1.81425e-11 0.0181425
1.81804e-11 0.0181804
1.82183e-11 0.0182183
1.82561e-11 0.0182561
1.8294e-11 0.018294
1.83319e-11 0.0183319
1.83698e-11 0.0183698
1.84076e-11 0.0184076
1.84455e-11 0.0184455
1.84834e-11 0.0184834
1.85213e-11 0.0185213
1.85591e-11 0.0185591
1.8597e-11 0.018597
1.86349e-11 0.0186349
1.86728e-11 0.0186728
1.87106e-11 0.0187106
1.87485e-11 0.0187485
1.87864e-11 0.0187864
1.88243e-11 0.0188243
1.88621e-11 0.0188621
1.89e-11 0.0189
1.89379e-11 0.0189379
1.89758e-11 0.0189758
1.90136e-11 0.0190136
1.90515e-11 0.0190515
1.90894e-11 0.0190894
1.91273e-11 0.0191273
1.91651e-11 0.0191651
1.9203e-11 0.019203
1.92409e-11 0.0192409
1.92788e-11 0.0192788
1.93166e-11 0.0193166
1.93545e-11 0.0193545
1.93924e-11 0.0193924
1.94303e-11 0.0194303
1.94681e-11 0.0194681
1.9506e-11 0.019506
1.95439e-11 0.0195439
1.95818e-11 0.0195818
1.96196e-11 0.0196196
1.96575e-11 0.0196575
1.96954e-11 0.0196954
1.97333e-11 0.0197333
1.97711e-11 0.0197711
1.9809e-11 0.019809
1.98469e-11 0.0198469
1.98848e-11 0.0198848
1.99226e-11 0.0199226
1.99605e-11 0.0199605
1.99984e-11 0.0199984
2.00363e-11 0.0200363
2.00741e-11 0.0200741
2.0112e-11 0.020112
2.01499e-11 0.0201499
2.01878e-11 0.0201878
2.02256e-11 0.0202256
2.02635e-11 0.0202635
2.03014e-11 0.0203014
2.03393e-11 0.0203393
2.03771e-11 0.0203771
2.0415e-11 0.020415
2.04529e-11 0.0204529
2.04908e-11 0.0204908
2.05286e-11 0.0205286
2.05665e-11 0.0205665
2.06044e-11 0.0206044
2.06423e-11 0.0206423
2.06801e-11 0.0206801
2.0718e-11 0.020718
2.07559e-11 0.0207559
2.07938e-11 0.0207938
2.08317e-11 0.0208317
2.08695e-11 0.0208695
2.09074e-11 0.0209074
2.09453e-11 0.0209453
2.09832e-11 0.0209832
2.1021e-11 0.021021
2.10589e-11 0.0210589
2.10968e-11 0.0210968
2.11347e-11 0.0211347
2.11725e-11 0.0211725
2.12104e-11 0.0212104
2.12483e-11 0.0212483
2.12862e-11 0.0212862
2.1324e-11 0.021324
2.13619e-11 0.0213619
2.13998e-11 0.0213998
2.14377e-11 0.0214377
2.14755e-11 0.0214755
2.15134e-11 0.0215134
2.15513e-11 0.0215513
2.15892e-11 0.0215892
2.16271e-11 0.0216271
2.16649e-11 0.0216649
2.17028e-11 0.0217028
2.17407e-11 0.0217407
2.17786e-11 0.0217786
2.18164e-11 0.0218164
2.18543e-11 0.0218543
2.18922e-11 0.0218922
2.19301e-11 0.0219301
2.19679e-11 0.0219679
2.20058e-11 0.0220058
2.20437e-11 0.0220437
2.20816e-11 0.0220816
2.21195e-11 0.0221195
2.21573e-11 0.0221573
2.21952e-11 0.0221952
2.22331e-11 0.0222331
2.2271e-11 0.022271
2.23088e-11 0.0223088
2.23467e-11 0.0223467
2.23846e-11 0.0223846
2.24225e-11 0.0224225
2.24603e-11 0.0224603
2.24982e-11 0.0224982
2.25361e-11 0.0225361
2.2574e-11 0.022574
2.26118e-11 0.0226118
2.26497e-11 0.0226497
2.26876e-11 0.0226876
2.27255e-11 0.0227255
2.27634e-11 0.0227634
2.28012e-11 0.0228012
2.28391e-11 0.0228391
2.2877e-11 0.022877
2.29149e-11 0.0229149
2.29527e-11 0.0229527
2.29906e-11 0.0229906
2.30285e-11 0.0230285
2.30664e-11 0.0230664
2.31043e-11 0.0231043
2.31421e-11 0.0231421
2.318e-11 0.02318
2.32179e-11 0.0232179
2.32558e-11 0.0232558
2.32936e-11 0.0232936
2.33315e-11 0.0233315
2.33694e-11 0.0233694
2.34073e-11 0.0234073
2.34451e-11 0.0234451
2.3483e-11 0.023483
2.35209e-11 0.0235209
2.35588e-11 0.0235588
2.35967e-11 0.0235967
2.36345e-11 0.0236345
2.36724e-11 0.0236724
2.37103e-11 0.0237103
2.37482e-11 0.0237482
2.3786e-11 0.023786
2.38239e-11 0.0238239
2.38618e-11 0.0238618
2.38997e-11 0.0238997
2.39376e-11 0.0239376
2.39754e-11 0.0239754
2.40133e-11 0.0240133
2.40512e-11 0.0240512
2.40891e-11 0.0240891
2.41269e-11 0.0241269
2.41648e-11 0.0241648
2.42027e-11 0.0242027
2.42406e-11 0.0242406
2.42785e-11 0.0242785
2.43163e-11 0.0243163
2.43542e-11 0.0243542
2.43921e-11 0.0243921
2.443e-11 0.02443
2.44678e-11 0.0244678
2.45057e-11 0.0245057
2.45436e-11 0.0245436
2.45815e-11 0.0245815
2.46194e-11 0.0246194
2.46572e-11 0.0246572
2.46951e-11 0.0246951
2.4733e-11 0.024733
2.47709e-11 0.0247709
2.48087e-11 0.0248087
2.48466e-11 0.0248466
2.48845e-11 0.0248845
2.49224e-11 0.0249224
2.49603e-11 0.0249603
2.49981e-11 0.0249981
2.5036e-11 0.025036
2.50739e-11 0.0250739
2.51118e-11 0.0251118
2.51496e-11 0.0251496
2.51875e-11 0.0251875
2.52254e-11 0.0252254
2.52633e-11 0.0252633
2.53012e-11 0.0253012
2.5339e-11 0.025339
2.53769e-11 0.0253769
2.54148e-11 0.0254148
2.54527e-11 0.0254527
2.54906e-11 0.0254906
2.55284e-11 0.0255284
2.55663e-11 0.0255663
2.56042e-11 0.0256042
2.56421e-11 0.0256421
2.56799e-11 0.0256799
2.57178e-11 0.0257178
2.57557e-11 0.0257557
2.57936e-11 0.0257936
2.58315e-11 0.0258315
2.58693e-11 0.0258693
2.59072e-11 0.0259072
2.59451e-11 0.0259451
2.5983e-11 0.025983
2.60209e-11 0.0260209
2.60587e-11 0.0260587
2.60966e-11 0.0260966
2.61345e-11 0.0261345
2.61724e-11 0.0261724
2.62102e-11 0.0262102
2.62481e-11 0.0262481
2.6286e-11 0.026286
2.63239e-11 0.0263239
2.63618e-11 0.0263618
2.63996e-11 0.0263996
2.64375e-11 0.0264375
2.64754e-11 0.0264754
2.65133e-11 0.0265133
2.65512e-11 0.0265512
2.6589e-11 0.026589
2.66269e-11 0.0266269
2.66648e-11 0.0266648
2.67027e-11 0.0267027
2.67406e-11 0.0267406
2.67784e-11 0.0267784
2.68163e-11 0.0268163
2.68542e-11 0.0268542
2.68921e-11 0.0268921
2.69299e-11 0.0269299
2.69678e-11 0.0269678
2.70057e-11 0.0270057
2.70436e-11 0.0270436
2.70815e-11 0.0270815
2.71193e-11 0.0271193
2.71572e-11 0.0271572
2.71951e-11 0.0271951
2.7233e-11 0.027233
2.72709e-11 0.0272709
2.73087e-11 0.0273087
2.73466e-11 0.0273466
2.73845e-11 0.0273845
2.74224e-11 0.0274224
2.74603e-11 0.0274603
2.74981e-11 0.0274981
2.7536e-11 0.027536
2.75739e-11 0.0275739
2.76118e-11 0.0276118
2.76497e-11 0.0276497
2.76875e-11 0.0276875
2.77254e-11 0.0277254
2.77633e-11 0.0277633
2.78012e-11 0.0278012
2.78391e-11 0.0278391
2.78769e-11 0.0278769
2.79148e-11 0.0279148
2.79527e-11 0.0279527
2.79906e-11 0.0279906
2.80285e-11 0.0280285
2.80663e-11 0.0280663
2.81042e-11 0.0281042
2.81421e-11 0.0281421
2.818e-11 0.02818
2.82179e-11 0.0282179
2.82557e-11 0.0282557
2.82936e-11 0.0282936
2.83315e-11 0.0283315
2.83694e-11 0.0283694
2.84072e-11 0.0284072
2.84451e-11 0.0284451
2.8483e-11 0.028483
2.85209e-11 0.0285209
2.85588e-11 0.0285588
2.85966e-11 0.0285966
2.86345e-11 0.0286345
2.86724e-11 0.0286724
2.87103e-11 0.0287103
2.87482e-11 0.0287482
2.87861e-11 0.0287861
2.88239e-11 0.0288239
2.88618e-11 0.0288618
2.88997e-11 0.0288997
2.89376e-11 0.0289376
2.89755e-11 0.0289755
2.90133e-11 0.0290133
2.90512e-11 0.0290512
2.90891e-11 0.0290891
2.9127e-11 0.029127
2.91649e-11 0.0291649
2.92027e-11 0.0292027
2.92406e-11 0.0292406
2.92785e-11 0.0292785
2.93164e-11 0.0293164
2.93543e-11 0.0293543
2.93921e-11 0.0293921
2.943e-11 0.02943
2.94679e-11 0.0294679
2.95058e-11 0.0295058
2.95437e-11 0.0295437
2.95815e-11 0.0295815
2.96194e-11 0.0296194
2.96573e-11 0.0296573
2.96952e-11 0.0296952
2.97331e-11 0.0297331
2.97709e-11 0.0297709
2.98088e-11 0.0298088
2.98467e-11 0.0298467
2.98846e-11 0.0298846
2.99225e-11 0.0299225
2.99603e-11 0.0299603
2.99982e-11 0.0299982
3.00361e-11 0.0300361
3.0074e-11 0.030074
3.01119e-11 0.0301119
3.01497e-11 0.0301497
3.01876e-11 0.0301876
3.02255e-11 0.0302255
3.02634e-11 0.0302634
3.03013e-11 0.0303013
3.03392e-11 0.0303392
3.0377e-11 0.030377
3.04149e-11 0.0304149
3.04528e-11 0.0304528
3.04907e-11 0.0304907
3.05286e-11 0.0305286
3.05664e-11 0.0305664
3.06043e-11 0.0306043
3.06422e-11 0.0306422
3.06801e-11 0.0306801
3.0718e-11 0.030718
3.07558e-11 0.0307558
3.07937e-11 0.0307937
3.08316e-11 0.0308316
3.08695e-11 0.0308695
3.09074e-11 0.0309074
3.09452e-11 0.0309452
3.09831e-11 0.0309831
3.1021e-11 0.031021
3.10589e-11 0.0310589
3.10968e-11 0.0310968
3.11347e-11 0.0311347
3.11725e-11 0.0311725
3.12104e-11 0.0312104
3.12483e-11 0.0312483
3.12862e-11 0.0312862
3.13241e-11 0.0313241
3.13619e-11 0.0313619
3.13998e-11 0.0313998
3.14377e-11 0.0314377
3.14756e-11 0.0314756
3.15135e-11 0.0315135
3.15514e-11 0.0315514
3.15892e-11 0.0315892
3.16271e-11 0.0316271
3.1665e-11 0.031665
3.17029e-11 0.0317029
3.17408e-11 0.0317408
3.17786e-11 0.0317786
3.18165e-11 0.0318165
3.18544e-11 0.0318544
3.18923e-11 0.0318923
3.19302e-11 0.0319302
3.1968e-11 0.031968
3.20059e-11 0.0320059
3.20438e-11 0.0320438
3.20817e-11 0.0320817
3.21196e-11 0.0321196
3.21575e-11 0.0321575
3.21953e-11 0.0321953
3.22332e-11 0.0322332
3.22711e-11 0.0322711
3.2309e-11 0.032309
3.23469e-11 0.0323469
3.23839e-11 0.0323839
3.24194e-11 0.0324194
3.24549e-11 0.0324549
3.24905e-11 0.0324905
3.2526e-11 0.032526
3.25615e-11 0.0325615
3.2597e-11 0.032597
3.26325e-11 0.0326325
3.26677e-11 0.0326677
3.27025e-11 0.0327025
3.27372e-11 0.0327372
3.2772e-11 0.032772
3.28067e-11 0.0328067
3.28414e-11 0.0328414
3.28762e-11 0.0328762
3.29109e-11 0.0329109
3.29457e-11 0.0329457
3.29804e-11 0.0329804
3.30151e-11 0.0330151
3.30499e-11 0.0330499
3.30846e-11 0.0330846
3.31194e-11 0.0331194
3.31541e-11 0.0331541
3.31889e-11 0.0331889
3.32236e-11 0.0332236
3.32583e-11 0.0332583
3.32931e-11 0.0332931
3.33278e-11 0.0333278
3.33626e-11 0.0333626
3.33973e-11 0.0333973
3.3432e-11 0.033432
3.34668e-11 0.0334668
3.35015e-11 0.0335015
3.35363e-11 0.0335363
3.3571e-11 0.033571
3.36057e-11 0.0336057
3.36405e-11 0.0336405
3.36752e-11 0.0336752
3.371e-11 0.03371
3.37447e-11 0.0337447
3.37794e-11 0.0337794
3.38142e-11 0.0338142
3.38489e-11 0.0338489
3.38837e-11 0.0338837
3.39184e-11 0.0339184
3.39532e-11 0.0339532
3.39879e-11 0.0339879
3.40226e-11 0.0340226
3.40574e-11 0.0340574
3.40921e-11 0.0340921
3.41269e-11 0.0341269
3.41616e-11 0.0341616
3.41963e-11 0.0341963
3.42311e-11 0.0342311
3.42658e-11 0.0342658
3.43006e-11 0.0343006
3.43353e-11 0.0343353
3.437e-11 0.03437
3.44048e-11 0.0344048
3.44395e-11 0.0344395
3.44743e-11 0.0344743
3.4509e-11 0.034509
3.45438e-11 0.0345438
3.45785e-11 0.0345785
3.46132e-11 0.0346132
3.4648e-11 0.034648
3.46827e-11 0.0346827
3.47175e-11 0.0347175
3.47522e-11 0.0347522
3.47869e-11 0.0347869
3.48217e-11 0.0348217
3.48564e-11 0.0348564
3.48912e-11 0.0348912
3.49259e-11 0.0349259
3.49606e-11 0.0349606
3.49954e-11 0.0349954
3.50301e-11 0.0350301
3.50649e-11 0.0350649
3.50996e-11 0.0350996
3.51343e-11 0.0351343
3.51691e-11 0.0351691
3.52038e-11 0.0352038
3.52386e-11 0.0352386
3.52733e-11 0.0352733
3.53081e-11 0.0353081
3.53428e-11 0.0353428
3.53775e-11 0.0353775
3.54123e-11 0.0354123
3.5447e-11 0.035447
3.54818e-11 0.0354818
3.55165e-11 0.0355165
3.55512e-11 0.0355512
3.5586e-11 0.035586
3.56207e-11 0.0356207
3.56555e-11 0.0356555
3.56902e-11 0.0356902
3.57249e-11 0.0357249
3.57597e-11 0.0357597
3.57944e-11 0.0357944
3.58292e-11 0.0358292
3.58639e-11 0.0358639
3.58986e-11 0.0358986
3.59334e-11 0.0359334
3.59681e-11 0.0359681
3.60029e-11 0.0360029
3.60376e-11 0.0360376
3.60724e-11 0.0360724
3.61071e-11 0.0361071
3.61418e-11 0.0361418
3.61766e-11 0.0361766
3.62113e-11 0.0362113
3.62461e-11 0.0362461
3.62808e-11 0.0362808
3.63155e-11 0.0363155
3.63503e-11 0.0363503
3.6385e-11 0.036385
3.64198e-11 0.0364198
3.64545e-11 0.0364545
3.64892e-11 0.0364892
3.6524e-11 0.036524
3.65587e-11 0.0365587
3.65935e-11 0.0365935
3.66282e-11 0.0366282
3.66629e-11 0.0366629
3.66977e-11 0.0366977
3.67324e-11 0.0367324
3.67672e-11 0.0367672
3.68019e-11 0.0368019
3.68367e-11 0.0368367
3.68714e-11 0.0368714
3.69061e-11 0.0369061
3.69409e-11 0.0369409
3.69756e-11 0.0369756
3.70104e-11 0.0370104
3.70451e-11 0.0370451
3.70798e-11 0.0370798
3.71146e-11 0.0371146
3.71493e-11 0.0371493
3.71841e-11 0.0371841
3.72188e-11 0.0372188
3.72535e-11 0.0372535
3.72883e-11 0.0372883
3.7323e-11 0.037323
3.73578e-11 0.0373578
3.73925e-11 0.0373925
3.74272e-11 0.0374272
3.7462e-11 0.037462
3.74967e-11 0.0374967
3.75315e-11 0.0375315
3.75662e-11 0.0375662
3.76009e-11 0.0376009
3.76357e-11 0.0376357
3.76704e-11 0.0376704
3.77052e-11 0.0377052
3.77399e-11 0.0377399
3.77747e-11 0.0377747
3.78094e-11 0.0378094
3.78441e-11 0.0378441
3.78789e-11 0.0378789
3.79136e-11 0.0379136
3.79484e-11 0.0379484
3.79831e-11 0.0379831
3.80178e-11 0.0380178
3.80526e-11 0.0380526
3.80873e-11 0.0380873
3.81221e-11 0.0381221
3.81568e-11 0.0381568
3.81915e-11 0.0381915
3.82263e-11 0.0382263
3.8261e-11 0.038261
3.82958e-11 0.0382958
3.83305e-11 0.0383305
3.83652e-11 0.0383652
3.84e-11 0.0384
3.84347e-11 0.0384347
3.84695e-11 0.0384695
3.85042e-11 0.0385042
3.85389e-11 0.0385389
3.85737e-11 0.0385737
3.86084e-11 0.0386084
3.86432e-11 0.0386432
3.86779e-11 0.0386779
3.87127e-11 0.0387127
3.87474e-11 0.0387474
3.87821e-11 0.0387821
3.88169e-11 0.0388169
3.88516e-11 0.0388516
3.88864e-11 0.0388864
3.89211e-11 0.0389211
3.89558e-11 0.0389558
3.89906e-11 0.0389906
3.90253e-11 0.0390253
3.90601e-11 0.0390601
3.90948e-11 0.0390948
3.91295e-11 0.0391295
3.91643e-11 0.0391643
3.9199e-11 0.039199
3.92338e-11 0.0392338
3.92685e-11 0.0392685
3.93032e-11 0.0393032
3.9338e-11 0.039338
3.93727e-11 0.0393727
3.94075e-11 0.0394075
3.94422e-11 0.0394422
3.94769e-11 0.0394769
3.95117e-11 0.0395117
3.95464e-11 0.0395464
3.95812e-11 0.0395812
3.96159e-11 0.0396159
3.96506e-11 0.0396506
3.96854e-11 0.0396854
3.97201e-11 0.0397201
3.97549e-11 0.0397549
3.97896e-11 0.0397896
3.98244e-11 0.0398244
3.98591e-11 0.0398591
3.98938e-11 0.0398938
3.99286e-11 0.0399286
3.99633e-11 0.0399633
3.99981e-11 0.0399981
4.00328e-11 0.0400328
4.00675e-11 0.0400675
4.01023e-11 0.0401023
4.0137e-11 0.040137
4.01718e-11 0.0401718
4.02065e-11 0.0402065
4.02412e-11 0.0402412
4.0276e-11 0.040276
4.03107e-11 0.0403107
4.03455e-11 0.0403455
4.03802e-11 0.0403802
4.04149e-11 0.0404149
4.04497e-11 0.0404497
4.04844e-11 0.0404844
4.05192e-11 0.0405192
4.05539e-11 0.0405539
4.05886e-11 0.0405886
4.06234e-11 0.0406234
4.06581e-11 0.0406581
4.06929e-11 0.0406929
4.07276e-11 0.0407276
4.07623e-11 0.0407623
4.07971e-11 0.0407971
4.08318e-11 0.0408318
4.08666e-11 0.0408666
4.09013e-11 0.0409013
4.0936e-11 0.040936
4.09708e-11 0.0409708
4.10055e-11 0.0410055
4.10403e-11 0.0410403
4.1075e-11 0.041075
4.11098e-11 0.0411098
4.11445e-11 0.0411445
4.11792e-11 0.0411792
4.1214e-11 0.041214
4.12487e-11 0.0412487
4.12835e-11 0.0412835
4.13182e-11 0.0413182
4.13529e-11 0.0413529
4.13877e-11 0.0413877
4.14224e-11 0.0414224
4.14572e-11 0.0414572
4.14919e-11 0.0414919
4.15266e-11 0.0415266
4.15614e-11 0.0415614
4.15961e-11 0.0415961
4.16309e-11 0.0416309
4.16656e-11 0.0416656
4.17003e-11 0.0417003
4.17351e-11 0.0417351
4.17698e-11 0.0417698
4.18046e-11 0.0418046
4.18393e-11 0.0418393
4.1874e-11 0.041874
4.19088e-11 0.0419088
4.19435e-11 0.0419435
4.19783e-11 0.0419783
4.2013e-11 0.042013
4.20477e-11 0.0420477
4.20825e-11 0.0420825
4.21172e-11 0.0421172
4.2152e-11 0.042152
4.21867e-11 0.0421867
4.22214e-11 0.0422214
4.22562e-11 0.0422562
4.22909e-11 0.0422909
4.23257e-11 0.0423257
4.23604e-11 0.0423604
4.23951e-11 0.0423951
4.24299e-11 0.0424299
4.24646e-11 0.0424646
4.24994e-11 0.0424994
4.25341e-11 0.0425341
4.25689e-11 0.0425689
4.26036e-11 0.0426036
4.26383e-11 0.0426383
4.26731e-11 0.0426731
4.27078e-11 0.0427078
4.27426e-11 0.0427426
4.27773e-11 0.0427773
4.2812e-11 0.042812
4.28468e-11 0.0428468
4.28815e-11 0.0428815
4.29163e-11 0.0429163
4.2951e-11 0.042951
4.29857e-11 0.0429857
4.30205e-11 0.0430205
4.30552e-11 0.0430552
4.309e-11 0.04309
4.31247e-11 0.0431247
4.31594e-11 0.0431594
4.31942e-11 0.0431942
4.32289e-11 0.0432289
4.32637e-11 0.0432637
4.32984e-11 0.0432984
4.33331e-11 0.0433331
4.33679e-11 0.0433679
4.34026e-11 0.0434026
4.34374e-11 0.0434374
4.34721e-11 0.0434721
4.35068e-11 0.0435068
4.35416e-11 0.0435416
4.35763e-11 0.0435763
4.36111e-11 0.0436111
4.36458e-11 0.0436458
4.36805e-11 0.0436805
4.37153e-11 0.0437153
4.375e-11 0.04375
4.37848e-11 0.0437848
4.38195e-11 0.0438195
4.38542e-11 0.0438542
4.3889e-11 0.043889
4.39237e-11 0.0439237
4.39585e-11 0.0439585
4.39932e-11 0.0439932
4.40279e-11 0.0440279
4.40627e-11 0.0440627
4.40974e-11 0.0440974
4.41322e-11 0.0441322
4.41669e-11 0.0441669
4.42016e-11 0.0442016
4.42364e-11 0.0442364
4.42711e-11 0.0442711
4.43059e-11 0.0443059
4.43406e-11 0.0443406
4.43753e-11 0.0443753
4.44101e-11 0.0444101
4.44448e-11 0.0444448
4.44796e-11 0.0444796
4.45143e-11 0.0445143
4.4549e-11 0.044549
4.45838e-11 0.0445838
4.46185e-11 0.0446185
4.46533e-11 0.0446533
4.4688e-11 0.044688
4.47228e-11 0.0447228
4.47575e-11 0.0447575
4.47922e-11 0.0447922
4.4827e-11 0.044827
4.48617e-11 0.0448617
4.48965e-11 0.0448965
4.49312e-11 0.0449312
4.49659e-11 0.0449659
4.50007e-11 0.0450007
4.50354e-11 0.0450354
4.50702e-11 0.0450702
4.51049e-11 0.0451049
4.51396e-11 0.0451396
4.51744e-11 0.0451744
4.52091e-11 0.0452091
4.52439e-11 0.0452439
4.52786e-11 0.0452786
4.53133e-11 0.0453133
4.53481e-11 0.0453481
4.53828e-11 0.0453828
4.54176e-11 0.0454176
4.54523e-11 0.0454523
4.5487e-11 0.045487
4.55218e-11 0.0455218
4.55565e-11 0.0455565
4.55913e-11 0.0455913
4.5626e-11 0.045626
4.56607e-11 0.0456607
4.56955e-11 0.0456955
4.57302e-11 0.0457302
4.5765e-11 0.045765
4.57997e-11 0.0457997
4.58344e-11 0.0458344
4.58692e-11 0.0458692
4.59039e-11 0.0459039
4.59387e-11 0.0459387
4.59734e-11 0.0459734
4.60081e-11 0.0460081
4.60429e-11 0.0460429
4.60776e-11 0.0460776
4.61124e-11 0.0461124
4.61471e-11 0.0461471
4.61818e-11 0.0461818
4.62166e-11 0.0462166
4.62513e-11 0.0462513
4.62861e-11 0.0462861
4.63208e-11 0.0463208
4.63555e-11 0.0463555
4.63903e-11 0.0463903
4.6425e-11 0.046425
4.64598e-11 0.0464598
4.64945e-11 0.0464945
4.65292e-11 0.0465292
4.6564e-11 0.046564
4.65987e-11 0.0465987
4.66335e-11 0.0466335
4.66682e-11 0.0466682
4.67029e-11 0.0467029
4.67377e-11 0.0467377
4.67724e-11 0.0467724
4.68072e-11 0.0468072
4.68419e-11 0.0468419
4.68766e-11 0.0468766
4.69114e-11 0.0469114
4.69461e-11 0.0469461
4.69809e-11 0.0469809
4.70156e-11 0.0470156
4.70503e-11 0.0470503
4.70851e-11 0.0470851
4.71198e-11 0.0471198
4.71546e-11 0.0471546
4.71893e-11 0.0471893
4.7224e-11 0.047224
4.72588e-11 0.0472588
4.72935e-11 0.0472935
4.73283e-11 0.0473283
4.7363e-11 0.047363
4.73977e-11 0.0473977
4.74325e-11 0.0474325
4.74672e-11 0.0474672
4.7502e-11 0.047502
4.75367e-11 0.0475367
4.75714e-11 0.0475714
4.76062e-11 0.0476062
4.76409e-11 0.0476409
4.76757e-11 0.0476757
4.77104e-11 0.0477104
4.77451e-11 0.0477451
4.77799e-11 0.0477799
4.78146e-11 0.0478146
4.78494e-11 0.0478494
4.78841e-11 0.0478841
4.79188e-11 0.0479188
4.79536e-11 0.0479536
4.79883e-11 0.0479883
4.80231e-11 0.0480231
4.80578e-11 0.0480578
4.80925e-11 0.0480925
4.81273e-11 0.0481273
4.8162e-11 0.048162
4.81968e-11 0.0481968
4.82315e-11 0.0482315
4.82662e-11 0.0482662
4.8301e-11 0.048301
4.83357e-11 0.0483357
4.83705e-11 0.0483705
4.84052e-11 0.0484052
4.84399e-11 0.0484399
4.84747e-11 0.0484747
4.85094e-11 0.0485094
4.85442e-11 0.0485442
4.85789e-11 0.0485789
4.86136e-11 0.0486136
4.86484e-11 0.0486484
4.86831e-11 0.0486831
4.87179e-11 0.0487179
4.87526e-11 0.0487526
4.87873e-11 0.0487873
4.88221e-11 0.0488221
4.88568e-11 0.0488568
4.88916e-11 0.0488916
4.89263e-11 0.0489263
4.8961e-11 0.048961
4.89958e-11 0.0489958
4.90305e-11 0.0490305
4.90653e-11 0.0490653
4.91e-11 0.0491
4.91347e-11 0.0491347
4.91695e-11 0.0491695
4.92042e-11 0.0492042
4.9239e-11 0.049239
4.92737e-11 0.0492737
4.93084e-11 0.0493084
4.93432e-11 0.0493432
4.93779e-11 0.0493779
4.94127e-11 0.0494127
4.94474e-11 0.0494474
4.94821e-11 0.0494821
4.95169e-11 0.0495169
4.95516e-11 0.0495516
4.95864e-11 0.0495864
4.96211e-11 0.0496211
4.96558e-11 0.0496558
4.96906e-11 0.0496906
4.97253e-11 0.0497253
4.97601e-11 0.0497601
4.97948e-11 0.0497948
4.98295e-11 0.0498295
4.98643e-11 0.0498643
4.9899e-11 0.049899
4.99338e-11 0.0499338
4.99685e-11 0.0499685
5.00032e-11 0.0500032
5.0038e-11 0.050038
5.00727e-11 0.0500727
5.01075e-11 0.0501075
5.01422e-11 0.0501422
5.01769e-11 0.0501769
5.02117e-11 0.0502117
5.02464e-11 0.0502464
5.02812e-11 0.0502812
5.03159e-11 0.0503159
5.03506e-11 0.0503506
5.03854e-11 0.0503854
5.04201e-11 0.0504201
5.04549e-11 0.0504549
5.04896e-11 0.0504896
5.05243e-11 0.0505243
5.05591e-11 0.0505591
5.05938e-11 0.0505938
5.06286e-11 0.0506286
5.06633e-11 0.0506633
5.0698e-11 0.050698
5.07328e-11 0.0507328
5.07675e-11 0.0507675
5.08023e-11 0.0508023
5.0837e-11 0.050837
5.08717e-11 0.0508717
5.09065e-11 0.0509065
5.09412e-11 0.0509412
5.0976e-11 0.050976
5.10107e-11 0.0510107
5.10454e-11 0.0510454
5.10802e-11 0.0510802
5.11149e-11 0.0511149
5.11497e-11 0.0511497
5.11844e-11 0.0511844
5.12191e-11 0.0512191
5.12539e-11 0.0512539
5.12886e-11 0.0512886
5.13234e-11 0.0513234
5.13581e-11 0.0513581
5.13928e-11 0.0513928
5.14276e-11 0.0514276
5.14623e-11 0.0514623
5.14971e-11 0.0514971
5.15318e-11 0.0515318
5.15665e-11 0.0515665
5.16013e-11 0.0516013
5.1636e-11 0.051636
5.16708e-11 0.0516708
5.17055e-11 0.0517055
5.17402e-11 0.0517402
5.1775e-11 0.051775
5.18097e-11 0.0518097
5.18445e-11 0.0518445
5.18792e-11 0.0518792
5.19139e-11 0.0519139
5.19487e-11 0.0519487
5.19834e-11 0.0519834
5.20181e-11 0.0520181
5.20529e-11 0.0520529
5.20876e-11 0.0520876
5.21224e-11 0.0521224
5.21571e-11 0.0521571
5.21918e-11 0.0521918
5.22266e-11 0.0522266
5.22613e-11 0.0522613
5.22961e-11 0.0522961
5.23308e-11 0.0523308
5.23655e-11 0.0523655
5.24003e-11 0.0524003
5.2435e-11 0.052435
5.24698e-11 0.0524698
5.25045e-11 0.0525045
5.25392e-11 0.0525392
5.2574e-11 0.052574
5.26087e-11 0.0526087
5.26435e-11 0.0526435
5.26782e-11 0.0526782
5.27129e-11 0.0527129
5.27477e-11 0.0527477
5.27824e-11 0.0527824
5.28172e-11 0.0528172
5.28519e-11 0.0528519
5.28866e-11 0.0528866
5.29214e-11 0.0529214
5.29561e-11 0.0529561
5.29909e-11 0.0529909
5.30256e-11 0.0530256
5.30603e-11 0.0530603
5.30951e-11 0.0530951
5.31298e-11 0.0531298
5.31646e-11 0.0531646
5.31993e-11 0.0531993
5.3234e-11 0.053234
5.32688e-11 0.0532688
5.33035e-11 0.0533035
5.33383e-11 0.0533383
5.3373e-11 0.053373
5.34077e-11 0.0534077
5.34425e-11 0.0534425
5.34772e-11 0.0534772
5.3512e-11 0.053512
5.35467e-11 0.0535467
5.35814e-11 0.0535814
5.36162e-11 0.0536162
5.36509e-11 0.0536509
5.36857e-11 0.0536857
5.37204e-11 0.0537204
5.37551e-11 0.0537551
5.37899e-11 0.0537899
5.38246e-11 0.0538246
5.38594e-11 0.0538594
5.38941e-11 0.0538941
5.39288e-11 0.0539288
5.39636e-11 0.0539636
5.39983e-11 0.0539983
5.4033e-11 0.054033
5.40678e-11 0.0540678
5.41025e-11 0.0541025
5.41373e-11 0.0541373
5.4172e-11 0.054172
5.42067e-11 0.0542067
5.42415e-11 0.0542415
5.42762e-11 0.0542762
5.4311e-11 0.054311
5.43457e-11 0.0543457
5.43804e-11 0.0543804
5.44152e-11 0.0544152
5.44499e-11 0.0544499
5.44847e-11 0.0544847
5.45194e-11 0.0545194
5.45541e-11 0.0545541
5.45889e-11 0.0545889
5.46236e-11 0.0546236
5.46584e-11 0.0546584
5.46931e-11 0.0546931
5.47278e-11 0.0547278
5.47626e-11 0.0547626
5.47973e-11 0.0547973
5.48321e-11 0.0548321
5.48668e-11 0.0548668
5.49015e-11 0.0549015
5.49363e-11 0.0549363
5.4971e-11 0.054971
5.50058e-11 0.0550058
5.50405e-11 0.0550405
5.50752e-11 0.0550752
5.511e-11 0.05511
5.51447e-11 0.0551447
5.51795e-11 0.0551795
5.52142e-11 0.0552142
5.52489e-11 0.0552489
5.52837e-11 0.0552837
5.53184e-11 0.0553184
5.53532e-11 0.0553532
5.53879e-11 0.0553879
5.54226e-11 0.0554226
5.54574e-11 0.0554574
5.54921e-11 0.0554921
5.55268e-11 0.0555268
5.55616e-11 0.0555616
5.55963e-11 0.0555963
5.56311e-11 0.0556311
5.56658e-11 0.0556658
5.57005e-11 0.0557005
5.57353e-11 0.0557353
5.577e-11 0.05577
5.58048e-11 0.0558048
5.58395e-11 0.0558395
5.58742e-11 0.0558742
5.5909e-11 0.055909
5.59437e-11 0.0559437
5.59785e-11 0.0559785
5.60132e-11 0.0560132
5.60479e-11 0.0560479
5.60827e-11 0.0560827
5.61174e-11 0.0561174
5.61522e-11 0.0561522
5.61869e-11 0.0561869
5.62216e-11 0.0562216
5.62564e-11 0.0562564
5.62911e-11 0.0562911
5.63259e-11 0.0563259
5.63606e-11 0.0563606
5.63953e-11 0.0563953
5.64301e-11 0.0564301
5.64648e-11 0.0564648
5.64996e-11 0.0564996
5.65343e-11 0.0565343
5.6569e-11 0.056569
5.66038e-11 0.0566038
5.66385e-11 0.0566385
5.66733e-11 0.0566733
5.6708e-11 0.056708
5.67427e-11 0.0567427
5.67775e-11 0.0567775
5.68122e-11 0.0568122
5.68469e-11 0.0568469
5.68817e-11 0.0568817
5.69164e-11 0.0569164
5.69512e-11 0.0569512
5.69859e-11 0.0569859
5.70206e-11 0.0570206
5.70554e-11 0.0570554
5.70901e-11 0.0570901
5.71249e-11 0.0571249
5.71596e-11 0.0571596
5.71943e-11 0.0571943
5.72291e-11 0.0572291
5.72638e-11 0.0572638
5.72986e-11 0.0572986
5.73333e-11 0.0573333
5.7368e-11 0.057368
5.74028e-11 0.0574028
5.74375e-11 0.0574375
5.74723e-11 0.0574723
5.7507e-11 0.057507
5.75417e-11 0.0575417
5.75765e-11 0.0575765
5.76112e-11 0.0576112
5.7646e-11 0.057646
5.76807e-11 0.0576807
5.77154e-11 0.0577154
5.77502e-11 0.0577502
5.77849e-11 0.0577849
5.78197e-11 0.0578197
5.78544e-11 0.0578544
5.78891e-11 0.0578891
5.79239e-11 0.0579239
5.79586e-11 0.0579586
5.79933e-11 0.0579933
5.80281e-11 0.0580281
5.80628e-11 0.0580628
5.80976e-11 0.0580976
5.81323e-11 0.0581323
5.8167e-11 0.058167
5.82018e-11 0.0582018
5.82365e-11 0.0582365
5.82713e-11 0.0582713
5.8306e-11 0.058306
5.83407e-11 0.0583407
5.83755e-11 0.0583755
5.84102e-11 0.0584102
5.8445e-11 0.058445
5.84797e-11 0.0584797
5.85144e-11 0.0585144
5.85492e-11 0.0585492
5.85839e-11 0.0585839
5.86187e-11 0.0586187
5.86534e-11 0.0586534
5.86881e-11 0.0586881
5.87229e-11 0.0587229
5.87576e-11 0.0587576
5.87924e-11 0.0587924
5.88271e-11 0.0588271
5.88618e-11 0.0588618
5.88966e-11 0.0588966
5.89313e-11 0.0589313
5.8966e-11 0.058966
5.90008e-11 0.0590008
5.90355e-11 0.0590355
5.90703e-11 0.0590703
5.9105e-11 0.059105
5.91397e-11 0.0591397
5.91745e-11 0.0591745
5.92092e-11 0.0592092
5.9244e-11 0.059244
5.92787e-11 0.0592787
5.93134e-11 0.0593134
5.93482e-11 0.0593482
5.93829e-11 0.0593829
5.94177e-11 0.0594177
5.94524e-11 0.0594524
5.94871e-11 0.0594871
5.95219e-11 0.0595219
5.95566e-11 0.0595566
5.95914e-11 0.0595914
5.96261e-11 0.0596261
5.96608e-11 0.0596608
5.96956e-11 0.0596956
5.97303e-11 0.0597303
5.9765e-11 0.059765
5.97998e-11 0.0597998
5.98345e-11 0.0598345
5.98693e-11 0.0598693
5.9904e-11 0.059904
5.99387e-11 0.0599387
5.99735e-11 0.0599735
6.00082e-11 0.0600082
6.0043e-11 0.060043
6.00777e-11 0.0600777
6.01124e-11 0.0601124
6.01472e-11 0.0601472
6.01819e-11 0.0601819
6.02167e-11 0.0602167
6.02514e-11 0.0602514
6.02861e-11 0.0602861
6.03209e-11 0.0603209
6.03556e-11 0.0603556
6.03904e-11 0.0603904
6.04251e-11 0.0604251
6.04598e-11 0.0604598
6.04946e-11 0.0604946
6.05293e-11 0.0605293
6.0564e-11 0.060564
6.05988e-11 0.0605988
6.06335e-11 0.0606335
6.06683e-11 0.0606683
6.0703e-11 0.060703
6.07377e-11 0.0607377
6.07725e-11 0.0607725
6.08072e-11 0.0608072
6.0842e-11 0.060842
6.08767e-11 0.0608767
6.09114e-11 0.0609114
6.09462e-11 0.0609462
6.09809e-11 0.0609809
6.10157e-11 0.0610157
6.10504e-11 0.0610504
6.10851e-11 0.0610851
6.11199e-11 0.0611199
6.11546e-11 0.0611546
6.11894e-11 0.0611894
6.12241e-11 0.0612241
6.12588e-11 0.0612588
6.12936e-11 0.0612936
6.13283e-11 0.0613283
6.1363e-11 0.061363
6.13978e-11 0.0613978
6.14325e-11 0.0614325
6.14673e-11 0.0614673
6.1502e-11 0.061502
6.15367e-11 0.0615367
6.15715e-11 0.0615715
6.16062e-11 0.0616062
6.1641e-11 0.061641
6.16757e-11 0.0616757
6.17104e-11 0.0617104
6.17452e-11 0.0617452
6.17799e-11 0.0617799
6.18147e-11 0.0618147
6.18494e-11 0.0618494
6.18841e-11 0.0618841
6.19189e-11 0.0619189
6.19536e-11 0.0619536
6.19884e-11 0.0619884
6.20231e-11 0.0620231
6.20578e-11 0.0620578
6.20926e-11 0.0620926
6.21273e-11 0.0621273
6.2162e-11 0.062162
6.21968e-11 0.0621968
6.22315e-11 0.0622315
6.22663e-11 0.0622663
6.2301e-11 0.062301
6.23357e-11 0.0623357
6.23705e-11 0.0623705
6.24052e-11 0.0624052
6.244e-11 0.06244
6.24747e-11 0.0624747
6.25094e-11 0.0625094
6.25442e-11 0.0625442
6.25789e-11 0.0625789
6.26137e-11 0.0626137
6.26484e-11 0.0626484
6.26831e-11 0.0626831
6.27179e-11 0.0627179
6.27526e-11 0.0627526
6.27873e-11 0.0627873
6.28221e-11 0.0628221
6.28568e-11 0.0628568
6.28916e-11 0.0628916
6.29263e-11 0.0629263
6.2961e-11 0.062961
6.29958e-11 0.0629958
6.30305e-11 0.0630305
6.30653e-11 0.0630653
6.31e-11 0.0631
6.31347e-11 0.0631347
6.31695e-11 0.0631695
6.32042e-11 0.0632042
6.3239e-11 0.063239
6.32737e-11 0.0632737
6.33084e-11 0.0633084
6.33432e-11 0.0633432
6.33779e-11 0.0633779
6.34126e-11 0.0634126
6.34474e-11 0.0634474
6.34821e-11 0.0634821
6.35169e-11 0.0635169
6.35516e-11 0.0635516
6.35863e-11 0.0635863
6.36211e-11 0.0636211
6.36558e-11 0.0636558
6.36906e-11 0.0636906
6.37253e-11 0.0637253
6.376e-11 0.06376
6.37948e-11 0.0637948
6.38295e-11 0.0638295
6.38643e-11 0.0638643
6.3899e-11 0.063899
6.39337e-11 0.0639337
6.39685e-11 0.0639685
6.40032e-11 0.0640032
6.40379e-11 0.0640379
6.40727e-11 0.0640727
6.41074e-11 0.0641074
6.41422e-11 0.0641422
6.41769e-11 0.0641769
6.42116e-11 0.0642116
6.42464e-11 0.0642464
6.42811e-11 0.0642811
6.43159e-11 0.0643159
6.43506e-11 0.0643506
6.43853e-11 0.0643853
6.44201e-11 0.0644201
6.44548e-11 0.0644548
6.44896e-11 0.0644896
6.45243e-11 0.0645243
6.4559e-11 0.064559
6.45938e-11 0.0645938
6.46285e-11 0.0646285
6.46632e-11 0.0646632
6.4698e-11 0.064698
6.47327e-11 0.0647327
6.47675e-11 0.0647675
6.48022e-11 0.0648022
6.48369e-11 0.0648369
6.48717e-11 0.0648717
6.49064e-11 0.0649064
6.49412e-11 0.0649412
6.49759e-11 0.0649759
6.50106e-11 0.0650106
6.50454e-11 0.0650454
6.50801e-11 0.0650801
6.51149e-11 0.0651149
6.51496e-11 0.0651496
6.51843e-11 0.0651843
6.52191e-11 0.0652191
6.52538e-11 0.0652538
6.52885e-11 0.0652885
6.53233e-11 0.0653233
6.5358e-11 0.065358
6.53928e-11 0.0653928
6.54275e-11 0.0654275
6.54622e-11 0.0654622
6.5497e-11 0.065497
6.55317e-11 0.0655317
6.55665e-11 0.0655665
6.56012e-11 0.0656012
6.56359e-11 0.0656359
6.56707e-11 0.0656707
6.57054e-11 0.0657054
6.57402e-11 0.0657402
6.57749e-11 0.0657749
6.58096e-11 0.0658096
6.58444e-11 0.0658444
6.58791e-11 0.0658791
6.59138e-11 0.0659138
6.59486e-11 0.0659486
6.59833e-11 0.0659833
6.60181e-11 0.0660181
6.60528e-11 0.0660528
6.60875e-11 0.0660875
6.61223e-11 0.0661223
6.6157e-11 0.066157
6.61918e-11 0.0661918
6.62265e-11 0.0662265
6.62612e-11 0.0662612
6.6296e-11 0.066296
6.63307e-11 0.0663307
6.63654e-11 0.0663654
6.64002e-11 0.0664002
6.64349e-11 0.0664349
6.64697e-11 0.0664697
6.65044e-11 0.0665044
6.65391e-11 0.0665391
6.65739e-11 0.0665739
6.66086e-11 0.0666086
6.66434e-11 0.0666434
6.66781e-11 0.0666781
6.67128e-11 0.0667128
6.67476e-11 0.0667476
6.67823e-11 0.0667823
6.68171e-11 0.0668171
6.68518e-11 0.0668518
6.68865e-11 0.0668865
6.69213e-11 0.0669213
6.6956e-11 0.066956
6.69907e-11 0.0669907
6.70255e-11 0.0670255
6.70602e-11 0.0670602
6.7095e-11 0.067095
6.71297e-11 0.0671297
6.71644e-11 0.0671644
6.71992e-11 0.0671992
6.72339e-11 0.0672339
6.72687e-11 0.0672687
6.73034e-11 0.0673034
6.73381e-11 0.0673381
6.73729e-11 0.0673729
6.74076e-11 0.0674076
6.74423e-11 0.0674423
6.74771e-11 0.0674771
6.75118e-11 0.0675118
6.75466e-11 0.0675466
6.75813e-11 0.0675813
6.7616e-11 0.067616
6.76508e-11 0.0676508
6.76855e-11 0.0676855
6.77203e-11 0.0677203
6.7755e-11 0.067755
6.77897e-11 0.0677897
6.78245e-11 0.0678245
6.78592e-11 0.0678592
6.78939e-11 0.0678939
6.79287e-11 0.0679287
6.79634e-11 0.0679634
6.79982e-11 0.0679982
6.80329e-11 0.0680329
6.80676e-11 0.0680676
6.81024e-11 0.0681024
6.81371e-11 0.0681371
6.81719e-11 0.0681719
6.82066e-11 0.0682066
6.82413e-11 0.0682413
6.82761e-11 0.0682761
6.83108e-11 0.0683108
6.83456e-11 0.0683456
6.83803e-11 0.0683803
6.8415e-11 0.068415
6.84498e-11 0.0684498
6.84845e-11 0.0684845
6.85192e-11 0.0685192
6.8554e-11 0.068554
6.85887e-11 0.0685887
6.86235e-11 0.0686235
6.86582e-11 0.0686582
6.86929e-11 0.0686929
6.87277e-11 0.0687277
6.87624e-11 0.0687624
6.87972e-11 0.0687972
6.88319e-11 0.0688319
6.88666e-11 0.0688666
6.89014e-11 0.0689014
6.89361e-11 0.0689361
6.89708e-11 0.0689708
6.90056e-11 0.0690056
6.90403e-11 0.0690403
6.90751e-11 0.0690751
6.91098e-11 0.0691098
6.91445e-11 0.0691445
6.91793e-11 0.0691793
6.9214e-11 0.069214
6.92488e-11 0.0692488
6.92835e-11 0.0692835
6.93182e-11 0.0693182
6.9353e-11 0.069353
6.93877e-11 0.0693877
6.94224e-11 0.0694224
6.94572e-11 0.0694572
6.94919e-11 0.0694919
6.95267e-11 0.0695267
6.95614e-11 0.0695614
6.95961e-11 0.0695961
6.96309e-11 0.0696309
6.96656e-11 0.0696656
6.97004e-11 0.0697004
6.97351e-11 0.0697351
6.97698e-11 0.0697698
6.98046e-11 0.0698046
6.98393e-11 0.0698393
6.9874e-11 0.069874
6.99088e-11 0.0699088
6.99435e-11 0.0699435
6.99783e-11 0.0699783
7.0013e-11 0.070013
7.00477e-11 0.0700477
7.00825e-11 0.0700825
7.01172e-11 0.0701172
7.0152e-11 0.070152
7.01867e-11 0.0701867
7.02214e-11 0.0702214
7.02562e-11 0.0702562
7.02909e-11 0.0702909
7.03256e-11 0.0703256
7.03604e-11 0.0703604
7.03951e-11 0.0703951
7.04299e-11 0.0704299
7.04646e-11 0.0704646
7.04993e-11 0.0704993
7.05341e-11 0.0705341
7.05688e-11 0.0705688
7.06036e-11 0.0706036
7.06383e-11 0.0706383
7.0673e-11 0.070673
7.07078e-11 0.0707078
7.07425e-11 0.0707425
7.07772e-11 0.0707772
7.0812e-11 0.070812
7.08467e-11 0.0708467
7.08815e-11 0.0708815
7.09162e-11 0.0709162
7.09509e-11 0.0709509
7.09857e-11 0.0709857
7.10204e-11 0.0710204
7.10552e-11 0.0710552
7.10899e-11 0.0710899
7.11246e-11 0.0711246
7.11594e-11 0.0711594
7.11941e-11 0.0711941
7.12288e-11 0.0712288
7.12636e-11 0.0712636
7.12983e-11 0.0712983
7.13331e-11 0.0713331
7.13678e-11 0.0713678
7.14025e-11 0.0714025
7.14373e-11 0.0714373
7.1472e-11 0.071472
7.15064e-11 0.0715064
7.154e-11 0.07154
7.15736e-11 0.0715736
7.16072e-11 0.0716072
7.16408e-11 0.0716408
7.16744e-11 0.0716744
7.1708e-11 0.071708
7.17416e-11 0.0717416
7.17752e-11 0.0717752
7.18088e-11 0.0718088
7.18424e-11 0.0718424
7.18759e-11 0.0718759
7.19095e-11 0.0719095
7.19431e-11 0.0719431
7.19767e-11 0.0719767
7.20103e-11 0.0720103
7.20439e-11 0.0720439
7.20775e-11 0.0720775
7.21111e-11 0.0721111
7.21447e-11 0.0721447
7.21783e-11 0.0721783
7.22119e-11 0.0722119
7.22455e-11 0.0722455
7.2279e-11 0.072279
7.23126e-11 0.0723126
7.23462e-11 0.0723462
7.23798e-11 0.0723798
7.24134e-11 0.0724134
7.2447e-11 0.072447
7.24806e-11 0.0724806
7.25142e-11 0.0725142
7.25478e-11 0.0725478
7.25814e-11 0.0725814
7.2615e-11 0.072615
7.26486e-11 0.0726486
7.26821e-11 0.0726821
7.27157e-11 0.0727157
7.27493e-11 0.0727493
7.27829e-11 0.0727829
7.28165e-11 0.0728165
7.28501e-11 0.0728501
7.28837e-11 0.0728837
7.29173e-11 0.0729173
7.29509e-11 0.0729509
7.29845e-11 0.0729845
7.30181e-11 0.0730181
7.30517e-11 0.0730517
7.30853e-11 0.0730853
7.31188e-11 0.0731188
7.31524e-11 0.0731524
7.3186e-11 0.073186
7.32196e-11 0.0732196
7.32532e-11 0.0732532
7.32868e-11 0.0732868
7.33204e-11 0.0733204
7.3354e-11 0.073354
7.33876e-11 0.0733876
7.34212e-11 0.0734212
7.34548e-11 0.0734548
7.34884e-11 0.0734884
7.35219e-11 0.0735219
7.35555e-11 0.0735555
7.35891e-11 0.0735891
7.36227e-11 0.0736227
7.3656e-11 0.073656
7.36893e-11 0.0736893
7.37226e-11 0.0737226
7.37559e-11 0.0737559
7.37891e-11 0.0737891
7.38224e-11 0.0738224
7.38557e-11 0.0738557
7.3889e-11 0.073889
7.39222e-11 0.0739222
7.39555e-11 0.0739555
7.39888e-11 0.0739888
7.40221e-11 0.0740221
7.40554e-11 0.0740554
7.40886e-11 0.0740886
7.41219e-11 0.0741219
7.41552e-11 0.0741552
7.41885e-11 0.0741885
7.42217e-11 0.0742217
7.4255e-11 0.074255
7.42883e-11 0.0742883
7.43216e-11 0.0743216
7.43548e-11 0.0743548
7.43881e-11 0.0743881
7.44214e-11 0.0744214
7.44547e-11 0.0744547
7.44879e-11 0.0744879
7.45212e-11 0.0745212
7.45545e-11 0.0745545
7.45878e-11 0.0745878
7.46211e-11 0.0746211
7.46543e-11 0.0746543
7.46876e-11 0.0746876
7.47209e-11 0.0747209
7.47542e-11 0.0747542
7.47874e-11 0.0747874
7.48207e-11 0.0748207
7.4854e-11 0.074854
7.48873e-11 0.0748873
7.49205e-11 0.0749205
7.49538e-11 0.0749538
7.49871e-11 0.0749871
7.50204e-11 0.0750204
7.50536e-11 0.0750536
7.50869e-11 0.0750869
7.51202e-11 0.0751202
7.51535e-11 0.0751535
7.51868e-11 0.0751868
7.522e-11 0.07522
7.52533e-11 0.0752533
7.52866e-11 0.0752866
7.53199e-11 0.0753199
7.53531e-11 0.0753531
7.53864e-11 0.0753864
7.54197e-11 0.0754197
7.5453e-11 0.075453
7.54862e-11 0.0754862
7.55195e-11 0.0755195
7.55528e-11 0.0755528
7.55861e-11 0.0755861
7.56193e-11 0.0756193
7.56526e-11 0.0756526
7.56859e-11 0.0756859
7.57192e-11 0.0757192
7.57525e-11 0.0757525
7.57857e-11 0.0757857
7.5819e-11 0.075819
7.58523e-11 0.0758523
7.58856e-11 0.0758856
7.59188e-11 0.0759188
7.59521e-11 0.0759521
7.59854e-11 0.0759854
7.60187e-11 0.0760187
7.60519e-11 0.0760519
7.60852e-11 0.0760852
7.61185e-11 0.0761185
7.61518e-11 0.0761518
7.6185e-11 0.076185
7.62183e-11 0.0762183
7.62516e-11 0.0762516
7.62849e-11 0.0762849
7.63182e-11 0.0763182
7.63514e-11 0.0763514
7.63847e-11 0.0763847
7.6418e-11 0.076418
7.64513e-11 0.0764513
7.64845e-11 0.0764845
7.65178e-11 0.0765178
7.65511e-11 0.0765511
7.65844e-11 0.0765844
7.66176e-11 0.0766176
7.66509e-11 0.0766509
7.66842e-11 0.0766842
7.67175e-11 0.0767175
7.67507e-11 0.0767507
7.6784e-11 0.076784
7.68173e-11 0.0768173
7.68506e-11 0.0768506
7.68838e-11 0.0768838
7.69171e-11 0.0769171
7.69504e-11 0.0769504
7.69837e-11 0.0769837
7.7017e-11 0.077017
7.70502e-11 0.0770502
7.70835e-11 0.0770835
7.71168e-11 0.0771168
7.71501e-11 0.0771501
7.71833e-11 0.0771833
7.72166e-11 0.0772166
7.72499e-11 0.0772499
7.72832e-11 0.0772832
7.73164e-11 0.0773164
7.73497e-11 0.0773497
7.7383e-11 0.077383
7.74163e-11 0.0774163
7.74495e-11 0.0774495
7.74828e-11 0.0774828
7.75161e-11 0.0775161
7.75494e-11 0.0775494
7.75826e-11 0.0775826
7.76159e-11 0.0776159
7.76492e-11 0.0776492
7.76825e-11 0.0776825
7.77157e-11 0.0777157
7.7749e-11 0.077749
7.77823e-11 0.0777823
7.78156e-11 0.0778156
7.78489e-11 0.0778489
7.78821e-11 0.0778821
7.79154e-11 0.0779154
7.79487e-11 0.0779487
7.7982e-11 0.077982
7.80152e-11 0.0780152
7.80485e-11 0.0780485
7.80818e-11 0.0780818
7.81151e-11 0.0781151
7.81483e-11 0.0781483
7.81816e-11 0.0781816
7.82149e-11 0.0782149
7.82482e-11 0.0782482
7.82814e-11 0.0782814
7.83147e-11 0.0783147
7.8348e-11 0.078348
7.83813e-11 0.0783813
7.84145e-11 0.0784145
7.84478e-11 0.0784478
7.84811e-11 0.0784811
7.85144e-11 0.0785144
7.85476e-11 0.0785476
7.85809e-11 0.0785809
7.86142e-11 0.0786142
7.86475e-11 0.0786475
7.86808e-11 0.0786808
7.8714e-11 0.078714
7.87473e-11 0.0787473
7.87806e-11 0.0787806
7.88139e-11 0.0788139
7.88471e-11 0.0788471
7.88804e-11 0.0788804
7.89137e-11 0.0789137
7.8947e-11 0.078947
7.89802e-11 0.0789802
7.90135e-11 0.0790135
7.90468e-11 0.0790468
7.90801e-11 0.0790801
7.91133e-11 0.0791133
7.91466e-11 0.0791466
7.91799e-11 0.0791799
7.92132e-11 0.0792132
7.92464e-11 0.0792464
7.92797e-11 0.0792797
7.9313e-11 0.079313
7.93463e-11 0.0793463
7.93795e-11 0.0793795
7.94128e-11 0.0794128
7.94461e-11 0.0794461
7.94794e-11 0.0794794
7.95126e-11 0.0795126
7.95459e-11 0.0795459
7.95792e-11 0.0795792
7.96125e-11 0.0796125
7.96457e-11 0.0796457
7.9679e-11 0.079679
7.97123e-11 0.0797123
7.97456e-11 0.0797456
7.97789e-11 0.0797789
7.98121e-11 0.0798121
7.98454e-11 0.0798454
7.98787e-11 0.0798787
7.9912e-11 0.079912
7.99452e-11 0.0799452
7.99785e-11 0.0799785
8.00118e-11 0.0800118
8.00451e-11 0.0800451
8.00783e-11 0.0800783
8.01116e-11 0.0801116
8.01449e-11 0.0801449
8.01782e-11 0.0801782
8.02114e-11 0.0802114
8.02447e-11 0.0802447
8.0278e-11 0.080278
8.03113e-11 0.0803113
8.03445e-11 0.0803445
8.03778e-11 0.0803778
8.04111e-11 0.0804111
8.04444e-11 0.0804444
8.04776e-11 0.0804776
8.05109e-11 0.0805109
8.05442e-11 0.0805442
8.05775e-11 0.0805775
8.06107e-11 0.0806107
8.0644e-11 0.080644
8.06773e-11 0.0806773
8.07106e-11 0.0807106
8.07438e-11 0.0807438
8.07771e-11 0.0807771
8.08104e-11 0.0808104
8.08437e-11 0.0808437
8.08769e-11 0.0808769
8.09102e-11 0.0809102
8.09435e-11 0.0809435
8.09768e-11 0.0809768
8.101e-11 0.08101
8.10433e-11 0.0810433
8.10766e-11 0.0810766
8.11099e-11 0.0811099
8.11432e-11 0.0811432
8.11764e-11 0.0811764
8.12097e-11 0.0812097
8.1243e-11 0.081243
8.12763e-11 0.0812763
8.13095e-11 0.0813095
8.13428e-11 0.0813428
8.13761e-11 0.0813761
8.14094e-11 0.0814094
8.14426e-11 0.0814426
8.14759e-11 0.0814759
8.15092e-11 0.0815092
8.15425e-11 0.0815425
8.15757e-11 0.0815757
8.1609e-11 0.081609
8.16423e-11 0.0816423
8.16756e-11 0.0816756
8.17088e-11 0.0817088
8.17421e-11 0.0817421
8.17754e-11 0.0817754
8.18087e-11 0.0818087
8.18419e-11 0.0818419
8.18752e-11 0.0818752
8.19085e-11 0.0819085
8.19418e-11 0.0819418
8.1975e-11 0.081975
8.20083e-11 0.0820083
8.20416e-11 0.0820416
8.20749e-11 0.0820749
8.21081e-11 0.0821081
8.21414e-11 0.0821414
8.21747e-11 0.0821747
8.2208e-11 0.082208
8.22412e-11 0.0822412
8.22745e-11 0.0822745
8.23078e-11 0.0823078
8.23411e-11 0.0823411
8.23743e-11 0.0823743
8.24076e-11 0.0824076
8.24409e-11 0.0824409
8.24742e-11 0.0824742
8.25074e-11 0.0825074
8.25407e-11 0.0825407
8.2574e-11 0.082574
8.26073e-11 0.0826073
8.26405e-11 0.0826405
8.26738e-11 0.0826738
8.27071e-11 0.0827071
8.27404e-11 0.0827404
8.27736e-11 0.0827736
8.28069e-11 0.0828069
8.28402e-11 0.0828402
8.28735e-11 0.0828735
8.29067e-11 0.0829067
8.294e-11 0.08294
8.29733e-11 0.0829733
8.30066e-11 0.0830066
8.30398e-11 0.0830398
8.30731e-11 0.0830731
8.31064e-11 0.0831064
8.31397e-11 0.0831397
8.31729e-11 0.0831729
8.32062e-11 0.0832062
8.32395e-11 0.0832395
8.32728e-11 0.0832728
8.3306e-11 0.083306
8.33393e-11 0.0833393
8.33726e-11 0.0833726
8.34059e-11 0.0834059
8.34391e-11 0.0834391
8.34724e-11 0.0834724
8.35057e-11 0.0835057
8.3539e-11 0.083539
8.35722e-11 0.0835722
8.36055e-11 0.0836055
8.36388e-11 0.0836388
8.36721e-11 0.0836721
8.37053e-11 0.0837053
8.37386e-11 0.0837386
8.37719e-11 0.0837719
8.38052e-11 0.0838052
8.38384e-11 0.0838384
8.38717e-11 0.0838717
8.3905e-11 0.083905
8.39383e-11 0.0839383
8.39715e-11 0.0839715
8.40048e-11 0.0840048
8.40381e-11 0.0840381
8.40714e-11 0.0840714
8.41046e-11 0.0841046
8.41379e-11 0.0841379
8.41712e-11 0.0841712
8.42045e-11 0.0842045
8.42377e-11 0.0842377
8.4271e-11 0.084271
8.43043e-11 0.0843043
8.43376e-11 0.0843376
8.43708e-11 0.0843708
8.44041e-11 0.0844041
8.44374e-11 0.0844374
8.44707e-11 0.0844707
8.45039e-11 0.0845039
8.45372e-11 0.0845372
8.45705e-11 0.0845705
8.46038e-11 0.0846038
8.4637e-11 0.084637
8.46703e-11 0.0846703
8.47036e-11 0.0847036
8.47369e-11 0.0847369
8.47701e-11 0.0847701
8.48034e-11 0.0848034
8.48367e-11 0.0848367
8.487e-11 0.08487
8.49032e-11 0.0849032
8.49365e-11 0.0849365
8.49698e-11 0.0849698
8.50031e-11 0.0850031
8.50363e-11 0.0850363
8.50696e-11 0.0850696
8.51029e-11 0.0851029
8.51362e-11 0.0851362
8.51694e-11 0.0851694
8.52027e-11 0.0852027
8.5236e-11 0.085236
8.52693e-11 0.0852693
8.53025e-11 0.0853025
8.53358e-11 0.0853358
8.53691e-11 0.0853691
8.54024e-11 0.0854024
8.54356e-11 0.0854356
8.54689e-11 0.0854689
8.55022e-11 0.0855022
8.55355e-11 0.0855355
8.55687e-11 0.0855687
8.5602e-11 0.085602
8.56353e-11 0.0856353
8.56686e-11 0.0856686
8.57018e-11 0.0857018
8.57351e-11 0.0857351
8.57684e-11 0.0857684
8.58017e-11 0.0858017
8.58349e-11 0.0858349
8.58682e-11 0.0858682
8.59015e-11 0.0859015
8.59348e-11 0.0859348
8.5968e-11 0.085968
8.60013e-11 0.0860013
8.60346e-11 0.0860346
8.60679e-11 0.0860679
8.61011e-11 0.0861011
8.61344e-11 0.0861344
8.61677e-11 0.0861677
8.6201e-11 0.086201
8.62342e-11 0.0862342
8.62675e-11 0.0862675
8.63008e-11 0.0863008
8.63341e-11 0.0863341
8.63673e-11 0.0863673
8.64006e-11 0.0864006
8.64339e-11 0.0864339
8.64672e-11 0.0864672
8.65004e-11 0.0865004
8.65337e-11 0.0865337
8.6567e-11 0.086567
8.66003e-11 0.0866003
8.66335e-11 0.0866335
8.66668e-11 0.0866668
8.67001e-11 0.0867001
8.67334e-11 0.0867334
8.67666e-11 0.0867666
8.67999e-11 0.0867999
8.68332e-11 0.0868332
8.68665e-11 0.0868665
8.68997e-11 0.0868997
8.6933e-11 0.086933
8.69663e-11 0.0869663
8.69995e-11 0.0869995
8.70328e-11 0.0870328
8.70661e-11 0.0870661
8.70994e-11 0.0870994
8.71326e-11 0.0871326
8.71659e-11 0.0871659
8.71992e-11 0.0871992
8.72325e-11 0.0872325
8.72657e-11 0.0872657
8.7299e-11 0.087299
8.73323e-11 0.0873323
8.73656e-11 0.0873656
8.73988e-11 0.0873988
8.74321e-11 0.0874321
8.74654e-11 0.0874654
8.74987e-11 0.0874987
8.75319e-11 0.0875319
8.75652e-11 0.0875652
8.75985e-11 0.0875985
8.76318e-11 0.0876318
8.7665e-11 0.087665
8.76983e-11 0.0876983
8.77316e-11 0.0877316
8.77649e-11 0.0877649
8.77981e-11 0.0877981
8.78314e-11 0.0878314
8.78647e-11 0.0878647
8.7898e-11 0.087898
8.79312e-11 0.0879312
8.79645e-11 0.0879645
8.79978e-11 0.0879978
8.80311e-11 0.0880311
8.80643e-11 0.0880643
8.80976e-11 0.0880976
8.81309e-11 0.0881309
8.81642e-11 0.0881642
8.81974e-11 0.0881974
8.82307e-11 0.0882307
8.8264e-11 0.088264
8.82973e-11 0.0882973
8.83305e-11 0.0883305
8.83638e-11 0.0883638
8.83971e-11 0.0883971
8.84303e-11 0.0884303
8.84636e-11 0.0884636
8.84969e-11 0.0884969
8.85302e-11 0.0885302
8.85634e-11 0.0885634
8.85967e-11 0.0885967
8.863e-11 0.08863
8.86633e-11 0.0886633
8.86965e-11 0.0886965
8.87298e-11 0.0887298
8.87631e-11 0.0887631
8.87964e-11 0.0887964
8.88296e-11 0.0888296
8.88629e-11 0.0888629
8.88962e-11 0.0888962
8.89295e-11 0.0889295
8.89627e-11 0.0889627
8.8996e-11 0.088996
8.90293e-11 0.0890293
8.90626e-11 0.0890626
8.90958e-11 0.0890958
8.91291e-11 0.0891291
8.91624e-11 0.0891624
8.91957e-11 0.0891957
8.92289e-11 0.0892289
8.92622e-11 0.0892622
8.92955e-11 0.0892955
8.93288e-11 0.0893288
8.9362e-11 0.089362
8.93953e-11 0.0893953
8.94286e-11 0.0894286
8.94618e-11 0.0894618
8.94951e-11 0.0894951
8.95284e-11 0.0895284
8.95617e-11 0.0895617
8.95949e-11 0.0895949
8.96282e-11 0.0896282
8.96615e-11 0.0896615
8.96948e-11 0.0896948
8.9728e-11 0.089728
8.97613e-11 0.0897613
8.97946e-11 0.0897946
8.98279e-11 0.0898279
8.98611e-11 0.0898611
8.98944e-11 0.0898944
8.99277e-11 0.0899277
8.9961e-11 0.089961
8.99942e-11 0.0899942
9.00275e-11 0.0900275
9.00608e-11 0.0900608
9.00941e-11 0.0900941
9.01273e-11 0.0901273
9.01606e-11 0.0901606
9.01939e-11 0.0901939
9.02272e-11 0.0902272
9.02604e-11 0.0902604
9.02937e-11 0.0902937
9.0327e-11 0.090327
9.03602e-11 0.0903602
9.03935e-11 0.0903935
9.04268e-11 0.0904268
9.04601e-11 0.0904601
9.04933e-11 0.0904933
9.05266e-11 0.0905266
9.05599e-11 0.0905599
9.05932e-11 0.0905932
9.06264e-11 0.0906264
9.06597e-11 0.0906597
9.0693e-11 0.090693
9.07263e-11 0.0907263
9.07595e-11 0.0907595
9.07928e-11 0.0907928
9.08261e-11 0.0908261
9.08594e-11 0.0908594
9.08926e-11 0.0908926
9.09259e-11 0.0909259
9.09592e-11 0.0909592
9.09925e-11 0.0909925
9.10257e-11 0.0910257
9.1059e-11 0.091059
9.10923e-11 0.0910923
9.11255e-11 0.0911255
9.11588e-11 0.0911588
9.11921e-11 0.0911921
9.12254e-11 0.0912254
9.12586e-11 0.0912586
9.12919e-11 0.0912919
9.13252e-11 0.0913252
9.13585e-11 0.0913585
9.13917e-11 0.0913917
9.1425e-11 0.091425
9.14583e-11 0.0914583
9.14916e-11 0.0914916
9.15248e-11 0.0915248
9.15581e-11 0.0915581
9.15914e-11 0.0915914
9.16247e-11 0.0916247
9.16579e-11 0.0916579
9.16912e-11 0.0916912
9.17245e-11 0.0917245
9.17577e-11 0.0917577
9.1791e-11 0.091791
9.18243e-11 0.0918243
9.18576e-11 0.0918576
9.18908e-11 0.0918908
9.19241e-11 0.0919241
9.19574e-11 0.0919574
9.19907e-11 0.0919907
9.20239e-11 0.0920239
9.20572e-11 0.0920572
9.20905e-11 0.0920905
9.21238e-11 0.0921238
9.2157e-11 0.092157
9.21903e-11 0.0921903
9.22236e-11 0.0922236
9.22569e-11 0.0922569
9.22901e-11 0.0922901
9.23234e-11 0.0923234
9.23567e-11 0.0923567
9.23899e-11 0.0923899
9.24232e-11 0.0924232
9.24565e-11 0.0924565
9.24898e-11 0.0924898
9.2523e-11 0.092523
9.25563e-11 0.0925563
9.25896e-11 0.0925896
9.26229e-11 0.0926229
9.26561e-11 0.0926561
9.26894e-11 0.0926894
9.27227e-11 0.0927227
9.2756e-11 0.092756
9.27892e-11 0.0927892
9.28225e-11 0.0928225
9.28558e-11 0.0928558
9.28891e-11 0.0928891
9.29223e-11 0.0929223
9.29556e-11 0.0929556
9.29889e-11 0.0929889
9.30221e-11 0.0930221
9.30554e-11 0.0930554
9.30887e-11 0.0930887
9.3122e-11 0.093122
9.31552e-11 0.0931552
9.31885e-11 0.0931885
9.32218e-11 0.0932218
9.32551e-11 0.0932551
9.32883e-11 0.0932883
9.33216e-11 0.0933216
9.33549e-11 0.0933549
9.33882e-11 0.0933882
9.34214e-11 0.0934214
9.34547e-11 0.0934547
9.3488e-11 0.093488
9.35212e-11 0.0935212
9.35545e-11 0.0935545
9.35878e-11 0.0935878
9.36211e-11 0.0936211
9.36543e-11 0.0936543
9.36876e-11 0.0936876
9.37209e-11 0.0937209
9.37542e-11 0.0937542
9.37874e-11 0.0937874
9.38207e-11 0.0938207
9.3854e-11 0.093854
9.38873e-11 0.0938873
9.39205e-11 0.0939205
9.39538e-11 0.0939538
9.39871e-11 0.0939871
9.40204e-11 0.0940204
9.40536e-11 0.0940536
9.40869e-11 0.0940869
9.41202e-11 0.0941202
9.41534e-11 0.0941534
9.41867e-11 0.0941867
9.422e-11 0.09422
9.42533e-11 0.0942533
9.42865e-11 0.0942865
9.43198e-11 0.0943198
9.43531e-11 0.0943531
9.43864e-11 0.0943864
9.44196e-11 0.0944196
9.44529e-11 0.0944529
9.44862e-11 0.0944862
9.45195e-11 0.0945195
9.45527e-11 0.0945527
9.4586e-11 0.094586
9.46193e-11 0.0946193
9.46525e-11 0.0946525
9.46858e-11 0.0946858
9.47191e-11 0.0947191
9.47524e-11 0.0947524
9.47856e-11 0.0947856
9.48189e-11 0.0948189
9.48522e-11 0.0948522
9.48855e-11 0.0948855
9.49187e-11 0.0949187
9.4952e-11 0.094952
9.49853e-11 0.0949853
9.50185e-11 0.0950185
9.50518e-11 0.0950518
9.50851e-11 0.0950851
9.51184e-11 0.0951184
9.51516e-11 0.0951516
9.51849e-11 0.0951849
9.52182e-11 0.0952182
9.52515e-11 0.0952515
9.52847e-11 0.0952847
9.5318e-11 0.095318
9.53513e-11 0.0953513
9.53846e-11 0.0953846
9.54178e-11 0.0954178
9.54511e-11 0.0954511
9.54844e-11 0.0954844
9.55176e-11 0.0955176
9.55509e-11 0.0955509
9.55842e-11 0.0955842
9.56175e-11 0.0956175
9.56507e-11 0.0956507
9.5684e-11 0.095684
9.57173e-11 0.0957173
9.57506e-11 0.0957506
9.57838e-11 0.0957838
9.58171e-11 0.0958171
9.58504e-11 0.0958504
9.58837e-11 0.0958837
9.59169e-11 0.0959169
9.59502e-11 0.0959502
9.59835e-11 0.0959835
9.60167e-11 0.0960167
9.605e-11 0.09605
9.60833e-11 0.0960833
9.61166e-11 0.0961166
9.61498e-11 0.0961498
9.61831e-11 0.0961831
9.62164e-11 0.0962164
9.62497e-11 0.0962497
9.62829e-11 0.0962829
9.63162e-11 0.0963162
9.63495e-11 0.0963495
9.63827e-11 0.0963827
9.6416e-11 0.096416
9.64493e-11 0.0964493
9.64826e-11 0.0964826
9.65158e-11 0.0965158
9.65491e-11 0.0965491
9.65824e-11 0.0965824
9.66157e-11 0.0966157
9.66489e-11 0.0966489
9.66822e-11 0.0966822
9.67155e-11 0.0967155
9.67487e-11 0.0967487
9.6782e-11 0.096782
9.68153e-11 0.0968153
9.68486e-11 0.0968486
9.68818e-11 0.0968818
9.69151e-11 0.0969151
9.69484e-11 0.0969484
9.69817e-11 0.0969817
9.70149e-11 0.0970149
9.70482e-11 0.0970482
9.70815e-11 0.0970815
9.71147e-11 0.0971147
9.7148e-11 0.097148
9.71813e-11 0.0971813
9.72146e-11 0.0972146
9.72478e-11 0.0972478
9.72811e-11 0.0972811
9.73144e-11 0.0973144
9.73477e-11 0.0973477
9.73809e-11 0.0973809
9.74142e-11 0.0974142
9.74475e-11 0.0974475
9.74808e-11 0.0974808
9.7514e-11 0.097514
9.75473e-11 0.0975473
9.75806e-11 0.0975806
9.76138e-11 0.0976138
9.76471e-11 0.0976471
9.76804e-11 0.0976804
9.77137e-11 0.0977137
9.77469e-11 0.0977469
9.77802e-11 0.0977802
9.78135e-11 0.0978135
9.78468e-11 0.0978468
9.788e-11 0.09788
9.79133e-11 0.0979133
9.79466e-11 0.0979466
9.79798e-11 0.0979798
9.80131e-11 0.0980131
9.80464e-11 0.0980464
9.80797e-11 0.0980797
9.81129e-11 0.0981129
9.81462e-11 0.0981462
9.81795e-11 0.0981795
9.82128e-11 0.0982128
9.8246e-11 0.098246
9.82793e-11 0.0982793
9.83126e-11 0.0983126
9.83458e-11 0.0983458
9.83791e-11 0.0983791
9.84124e-11 0.0984124
9.84457e-11 0.0984457
9.84789e-11 0.0984789
9.85122e-11 0.0985122
9.85455e-11 0.0985455
9.85788e-11 0.0985788
9.8612e-11 0.098612
9.86453e-11 0.0986453
9.86786e-11 0.0986786
9.87118e-11 0.0987118
9.87451e-11 0.0987451
9.87784e-11 0.0987784
9.88117e-11 0.0988117
9.88449e-11 0.0988449
9.88782e-11 0.0988782
9.89115e-11 0.0989115
9.89447e-11 0.0989447
9.8978e-11 0.098978
9.90113e-11 0.0990113
9.90446e-11 0.0990446
9.90778e-11 0.0990778
9.91111e-11 0.0991111
9.91444e-11 0.0991444
9.91777e-11 0.0991777
9.92109e-11 0.0992109
9.92442e-11 0.0992442
9.92775e-11 0.0992775
9.93107e-11 0.0993107
9.9344e-11 0.099344
9.93773e-11 0.0993773
9.94106e-11 0.0994106
9.94438e-11 0.0994438
9.94771e-11 0.0994771
9.95104e-11 0.0995104
9.95437e-11 0.0995437
9.95769e-11 0.0995769
9.96102e-11 0.0996102
9.96435e-11 0.0996435
9.96767e-11 0.0996767
9.971e-11 0.09971
9.97433e-11 0.0997433
9.97766e-11 0.0997766
9.98098e-11 0.0998098
9.98431e-11 0.0998431
9.98764e-11 0.0998764
9.99097e-11 0.0999097
9.99429e-11 0.0999429
9.99762e-11 0.0999762
1.00009e-10 0.100009
1.00043e-10 0.100043
1.00076e-10 0.100076
1.00109e-10 0.100109
1.00143e-10 0.100143
1.00176e-10 0.100176
1.00209e-10 0.100209
1.00242e-10 0.100242
1.00276e-10 0.100276
1.00309e-10 0.100309
1.00342e-10 0.100342
1.00375e-10 0.100375
1.00409e-10 0.100409
1.00442e-10 0.100442
1.00475e-10 0.100475
1.00509e-10 0.100509
1.00542e-10 0.100542
1.00575e-10 0.100575
1.00608e-10 0.100608
1.00642e-10 0.100642
1.00675e-10 0.100675
1.00708e-10 0.100708
1.00741e-10 0.100741
1.00775e-10 0.100775
1.00808e-10 0.100808
1.00841e-10 0.100841
1.00875e-10 0.100875
1.00908e-10 0.100908
1.00941e-10 0.100941
1.00974e-10 0.100974
1.01008e-10 0.101008
1.01041e-10 0.101041
1.01074e-10 0.101074
1.01107e-10 0.101107
1.01141e-10 0.101141
1.01174e-10 0.101174
1.01207e-10 0.101207
1.01241e-10 0.101241
1.01274e-10 0.101274
1.01307e-10 0.101307
1.0134e-10 0.10134
1.01374e-10 0.101374
1.01407e-10 0.101407
1.0144e-10 0.10144
1.01473e-10 0.101473
1.01507e-10 0.101507
1.0154e-10 0.10154
1.01573e-10 0.101573
1.01607e-10 0.101607
1.0164e-10 0.10164
1.01673e-10 0.101673
1.01706e-10 0.101706
1.0174e-10 0.10174
1.01773e-10 0.101773
1.01806e-10 0.101806
1.01839e-10 0.101839
1.01873e-10 0.101873
1.01906e-10 0.101906
1.01939e-10 0.101939
1.01973e-10 0.101973
1.02006e-10 0.102006
1.02039e-10 0.102039
1.02072e-10 0.102072
1.02106e-10 0.102106
1.02139e-10 0.102139
1.02172e-10 0.102172
1.02205e-10 0.102205
1.02239e-10 0.102239
1.02272e-10 0.102272
1.02305e-10 0.102305
1.02339e-10 0.102339
1.02372e-10 0.102372
1.02405e-10 0.102405
1.02438e-10 0.102438
1.02472e-10 0.102472
1.02505e-10 0.102505
1.02538e-10 0.102538
1.02571e-10 0.102571
1.02605e-10 0.102605
1.02638e-10 0.102638
1.02671e-10 0.102671
1.02705e-10 0.102705
1.02738e-10 0.102738
1.02771e-10 0.102771
1.02804e-10 0.102804
1.02838e-10 0.102838
1.02871e-10 0.102871
1.02904e-10 0.102904
1.02937e-10 0.102937
1.02971e-10 0.102971
1.03004e-10 0.103004
1.03037e-10 0.103037
1.03071e-10 0.103071
1.03104e-10 0.103104
1.03137e-10 0.103137
1.0317e-10 0.10317
1.03204e-10 0.103204
1.03237e-10 0.103237
1.0327e-10 0.10327
1.03303e-10 0.103303
1.03337e-10 0.103337
1.0337e-10 0.10337
1.03403e-10 0.103403
1.03436e-10 0.103436
1.0347e-10 0.10347
1.03503e-10 0.103503
1.03536e-10 0.103536
1.0357e-10 0.10357
1.03603e-10 0.103603
1.03636e-10 0.103636
1.03669e-10 0.103669
1.03703e-10 0.103703
1.03736e-10 0.103736
1.03769e-10 0.103769
1.03802e-10 0.103802
1.03836e-10 0.103836
1.03869e-10 0.103869
1.03902e-10 0.103902
1.03936e-10 0.103936
1.03969e-10 0.103969
1.04002e-10 0.104002
1.04035e-10 0.104035
1.04069e-10 0.104069
1.04102e-10 0.104102
1.04135e-10 0.104135
1.04168e-10 0.104168
1.04202e-10 0.104202
1.04235e-10 0.104235
1.04268e-10 0.104268
1.04302e-10 0.104302
1.04335e-10 0.104335
1.04368e-10 0.104368
1.04401e-10 0.104401
1.04435e-10 0.104435
1.04468e-10 0.104468
1.04501e-10 0.104501
1.04534e-10 0.104534
1.04568e-10 0.104568
1.04601e-10 0.104601
1.04634e-10 0.104634
1.04668e-10 0.104668
1.04701e-10 0.104701
1.04734e-10 0.104734
1.04767e-10 0.104767
1.04801e-10 0.104801
1.04834e-10 0.104834
1.04867e-10 0.104867
1.049e-10 0.1049
1.04934e-10 0.104934
1.04967e-10 0.104967
1.05e-10 0.105
1.05034e-10 0.105034
1.05067e-10 0.105067
1.051e-10 0.1051
1.05133e-10 0.105133
1.05167e-10 0.105167
1.052e-10 0.1052
1.05233e-10 0.105233
1.05266e-10 0.105266
1.053e-10 0.1053
1.05333e-10 0.105333
1.05366e-10 0.105366
1.054e-10 0.1054
1.05433e-10 0.105433
1.05466e-10 0.105466
1.05499e-10 0.105499
1.05533e-10 0.105533
1.05566e-10 0.105566
1.05599e-10 0.105599
1.05632e-10 0.105632
1.05666e-10 0.105666
1.05699e-10 0.105699
1.05732e-10 0.105732
1.05766e-10 0.105766
1.05799e-10 0.105799
1.05832e-10 0.105832
1.05865e-10 0.105865
1.05899e-10 0.105899
1.05932e-10 0.105932
1.05965e-10 0.105965
1.05998e-10 0.105998
1.06032e-10 0.106032
1.06065e-10 0.106065
1.06098e-10 0.106098
1.06131e-10 0.106131
1.06165e-10 0.106165
1.06198e-10 0.106198
1.06231e-10 0.106231
1.06265e-10 0.106265
1.06298e-10 0.106298
1.06331e-10 0.106331
1.06364e-10 0.106364
1.06398e-10 0.106398
1.06431e-10 0.106431
1.06464e-10 0.106464
1.06497e-10 0.106497
1.06531e-10 0.106531
1.06564e-10 0.106564
1.06597e-10 0.106597
1.06631e-10 0.106631
1.06664e-10 0.106664
1.06697e-10 0.106697
1.0673e-10 0.10673
1.06764e-10 0.106764
1.06797e-10 0.106797
1.0683e-10 0.10683
1.06863e-10 0.106863
1.06897e-10 0.106897
1.0693e-10 0.10693
1.06963e-10 0.106963
1.06997e-10 0.106997
1.0703e-10 0.10703
1.07063e-10 0.107063
1.07096e-10 0.107096
1.0713e-10 0.10713
1.07163e-10 0.107163
1.07196e-10 0.107196
1.07229e-10 0.107229
1.07263e-10 0.107263
1.07296e-10 0.107296
1.07329e-10 0.107329
1.07363e-10 0.107363
1.07396e-10 0.107396
1.07429e-10 0.107429
1.07462e-10 0.107462
1.07496e-10 0.107496
1.07529e-10 0.107529
1.07562e-10 0.107562
1.07595e-10 0.107595
1.07629e-10 0.107629
1.07662e-10 0.107662
1.07695e-10 0.107695
1.07729e-10 0.107729
1.07762e-10 0.107762
1.07795e-10 0.107795
1.07828e-10 0.107828
1.07862e-10 0.107862
1.07895e-10 0.107895
1.07928e-10 0.107928
1.07961e-10 0.107961
1.07995e-10 0.107995
1.08028e-10 0.108028
1.08061e-10 0.108061
1.08094e-10 0.108094
1.08128e-10 0.108128
1.08161e-10 0.108161
1.08194e-10 0.108194
1.08228e-10 0.108228
1.08261e-10 0.108261
1.08294e-10 0.108294
1.08327e-10 0.108327
1.08361e-10 0.108361
1.08394e-10 0.108394
1.08427e-10 0.108427
1.0846e-10 0.10846
1.08494e-10 0.108494
1.08527e-10 0.108527
1.0856e-10 0.10856
1.08594e-10 0.108594
1.08627e-10 0.108627
1.0866e-10 0.10866
1.08693e-10 0.108693
1.08727e-10 0.108727
1.0876e-10 0.10876
1.08793e-10 0.108793
1.08826e-10 0.108826
1.0886e-10 0.10886
1.08893e-10 0.108893
1.08926e-10 0.108926
1.0896e-10 0.10896
1.08993e-10 0.108993
1.09026e-10 0.109026
1.09059e-10 0.109059
1.09093e-10 0.109093
1.09126e-10 0.109126
1.09159e-10 0.109159
1.09192e-10 0.109192
1.09226e-10 0.109226
1.09259e-10 0.109259
1.09292e-10 0.109292
1.09326e-10 0.109326
1.09359e-10 0.109359
1.09392e-10 0.109392
1.09425e-10 0.109425
1.09459e-10 0.109459
1.09492e-10 0.109492
1.09525e-10 0.109525
1.09558e-10 0.109558
1.09592e-10 0.109592
1.09625e-10 0.109625
1.09658e-10 0.109658
1.09692e-10 0.109692
1.09725e-10 0.109725
1.09758e-10 0.109758
1.09791e-10 0.109791
1.09825e-10 0.109825
1.09858e-10 0.109858
1.09891e-10 0.109891
1.09924e-10 0.109924
1.09958e-10 0.109958
1.09991e-10 0.109991
1.10024e-10 0.110024
1.10057e-10 0.110057
1.10091e-10 0.110091
