-5.50547e-15 -5.50547e-06
-1.10109e-14 -1.10109e-05
-1.65164e-14 -1.65164e-05
-2.20218e-14 -2.20218e-05
-2.75272e-14 -2.75272e-05
-3.30326e-14 -3.30326e-05
-3.8538e-14 -3.8538e-05
-4.40433e-14 -4.40433e-05
-4.95486e-14 -4.95486e-05
-5.50539e-14 -5.50539e-05
-1.06969e-13 -0.000106969
-1.58885e-13 -0.000158885
-2.108e-13 -0.0002108
-2.62715e-13 -0.000262715
-3.14631e-13 -0.000314631
-3.66546e-13 -0.000366546
-4.1846e-13 -0.00041846
-4.70376e-13 -0.000470376
-5.22291e-13 -0.000522291
-5.74205e-13 -0.000574205
-6.2612e-13 -0.00062612
-6.78035e-13 -0.000678035
-7.2995e-13 -0.00072995
-7.81864e-13 -0.000781864
-8.33779e-13 -0.000833779
-8.85694e-13 -0.000885694
-9.37608e-13 -0.000937608
-9.89522e-13 -0.000989522
-1.04144e-12 -0.00104144
-1.09335e-12 -0.00109335
-1.14526e-12 -0.00114526
-1.19718e-12 -0.00119718
-1.24909e-12 -0.00124909
-1.30101e-12 -0.00130101
-1.35292e-12 -0.00135292
-1.40483e-12 -0.00140483
-1.45675e-12 -0.00145675
-1.50866e-12 -0.00150866
-1.56058e-12 -0.00156058
-1.61249e-12 -0.00161249
-1.6644e-12 -0.0016644
-1.71632e-12 -0.00171632
-1.76823e-12 -0.00176823
-1.82014e-12 -0.00182014
-1.87206e-12 -0.00187206
-1.92397e-12 -0.00192397
-1.97588e-12 -0.00197588
-2.02779e-12 -0.00202779
-2.07971e-12 -0.00207971
-2.13162e-12 -0.00213162
-2.18353e-12 -0.00218353
-2.23545e-12 -0.00223545
-2.28736e-12 -0.00228736
-2.33927e-12 -0.00233927
-2.39118e-12 -0.00239118
-2.4431e-12 -0.0024431
-2.49501e-12 -0.00249501
-2.54692e-12 -0.00254692
-2.59883e-12 -0.00259883
-2.65075e-12 -0.00265075
-2.70266e-12 -0.00270266
-2.75457e-12 -0.00275457
-2.80648e-12 -0.00280648
-2.85839e-12 -0.00285839
-2.91031e-12 -0.00291031
-2.96222e-12 -0.00296222
-3.01413e-12 -0.00301413
-3.06604e-12 -0.00306604
-3.11795e-12 -0.00311795
-3.16986e-12 -0.00316986
-3.22178e-12 -0.00322178
-3.27369e-12 -0.00327369
-3.3256e-12 -0.0033256
-3.37751e-12 -0.00337751
-3.42942e-12 -0.00342942
-3.48133e-12 -0.00348133
-3.53324e-12 -0.00353324
-3.58515e-12 -0.00358515
-3.63707e-12 -0.00363707
-3.68898e-12 -0.00368898
-3.74089e-12 -0.00374089
-3.7928e-12 -0.0037928
-3.84471e-12 -0.00384471
-3.89662e-12 -0.00389662
-3.94853e-12 -0.00394853
-4.00044e-12 -0.00400044
-4.05235e-12 -0.00405235
-4.10426e-12 -0.00410426
-4.15617e-12 -0.00415617
-4.20808e-12 -0.00420808
-4.25999e-12 -0.00425999
-4.3119e-12 -0.0043119
-4.36381e-12 -0.00436381
-4.41572e-12 -0.00441572
-4.46763e-12 -0.00446763
-4.51954e-12 -0.00451954
-4.57145e-12 -0.00457145
-4.62336e-12 -0.00462336
-4.67527e-12 -0.00467527
-4.72718e-12 -0.00472718
-4.77909e-12 -0.00477909
-4.831e-12 -0.004831
-4.88291e-12 -0.00488291
-4.93482e-12 -0.00493482
-4.98673e-12 -0.00498673
-5.03864e-12 -0.00503864
-5.09055e-12 -0.00509055
-5.14246e-12 -0.00514246
-5.19437e-12 -0.00519437
-5.24627e-12 -0.00524627
-5.29818e-12 -0.00529818
-5.35009e-12 -0.00535009
-5.402e-12 -0.005402
-5.45391e-12 -0.00545391
-5.50582e-12 -0.00550582
-5.55773e-12 -0.00555773
-5.60963e-12 -0.00560963
-5.66154e-12 -0.00566154
-5.71345e-12 -0.00571345
-5.76536e-12 -0.00576536
-5.81727e-12 -0.00581727
-5.86918e-12 -0.00586918
-5.92108e-12 -0.00592108
-5.97299e-12 -0.00597299
-6.0249e-12 -0.0060249
-6.07681e-12 -0.00607681
-6.12872e-12 -0.00612872
-6.18062e-12 -0.00618062
-6.23253e-12 -0.00623253
-6.28444e-12 -0.00628444
-6.33635e-12 -0.00633635
-6.38825e-12 -0.00638825
-6.44016e-12 -0.00644016
-6.49207e-12 -0.00649207
-6.54398e-12 -0.00654398
-6.59588e-12 -0.00659588
-6.64779e-12 -0.00664779
-6.6997e-12 -0.0066997
-6.7516e-12 -0.0067516
-6.80351e-12 -0.00680351
-6.85542e-12 -0.00685542
-6.90733e-12 -0.00690733
-6.95923e-12 -0.00695923
-7.01114e-12 -0.00701114
-7.06305e-12 -0.00706305
-7.11495e-12 -0.00711495
-7.16686e-12 -0.00716686
-7.21877e-12 -0.00721877
-7.27067e-12 -0.00727067
-7.32258e-12 -0.00732258
-7.37448e-12 -0.00737448
-7.42639e-12 -0.00742639
-7.4783e-12 -0.0074783
-7.5302e-12 -0.0075302
-7.58211e-12 -0.00758211
-7.63401e-12 -0.00763401
-7.68592e-12 -0.00768592
-7.73783e-12 -0.00773783
-7.78973e-12 -0.00778973
-7.84164e-12 -0.00784164
-7.89354e-12 -0.00789354
-7.94545e-12 -0.00794545
-7.99735e-12 -0.00799735
-8.04926e-12 -0.00804926
-8.10116e-12 -0.00810116
-8.15307e-12 -0.00815307
-8.20498e-12 -0.00820498
-8.25688e-12 -0.00825688
-8.30879e-12 -0.00830879
-8.36069e-12 -0.00836069
-8.4126e-12 -0.0084126
-8.4645e-12 -0.0084645
-8.5164e-12 -0.0085164
-8.56831e-12 -0.00856831
-8.62021e-12 -0.00862021
-8.67212e-12 -0.00867212
-8.72402e-12 -0.00872402
-8.77593e-12 -0.00877593
-8.82783e-12 -0.00882783
-8.87974e-12 -0.00887974
-8.93164e-12 -0.00893164
-8.98355e-12 -0.00898355
-9.03545e-12 -0.00903545
-9.08735e-12 -0.00908735
-9.13926e-12 -0.00913926
-9.19116e-12 -0.00919116
-9.24307e-12 -0.00924307
-9.29497e-12 -0.00929497
-9.34687e-12 -0.00934687
-9.39878e-12 -0.00939878
-9.45068e-12 -0.00945068
-9.50258e-12 -0.00950258
-9.55449e-12 -0.00955449
-9.60639e-12 -0.00960639
-9.65829e-12 -0.00965829
-9.7102e-12 -0.0097102
-9.7621e-12 -0.0097621
-9.814e-12 -0.009814
-9.86591e-12 -0.00986591
-9.91781e-12 -0.00991781
-9.96971e-12 -0.00996971
-1.00216e-11 -0.0100216
-1.00735e-11 -0.0100735
-1.01254e-11 -0.0101254
-1.01773e-11 -0.0101773
-1.02292e-11 -0.0102292
-1.02811e-11 -0.0102811
-1.0333e-11 -0.010333
-1.03849e-11 -0.0103849
-1.04368e-11 -0.0104368
-1.04887e-11 -0.0104887
-1.05406e-11 -0.0105406
-1.05925e-11 -0.0105925
-1.06444e-11 -0.0106444
-1.06963e-11 -0.0106963
-1.07482e-11 -0.0107482
-1.08002e-11 -0.0108002
-1.08521e-11 -0.0108521
-1.0904e-11 -0.010904
-1.09559e-11 -0.0109559
-1.10078e-11 -0.0110078
-1.10597e-11 -0.0110597
-1.11116e-11 -0.0111116
-1.11635e-11 -0.0111635
-1.12154e-11 -0.0112154
-1.12673e-11 -0.0112673
-1.13192e-11 -0.0113192
-1.13711e-11 -0.0113711
-1.1423e-11 -0.011423
-1.14749e-11 -0.0114749
-1.15268e-11 -0.0115268
-1.15787e-11 -0.0115787
-1.16306e-11 -0.0116306
-1.16825e-11 -0.0116825
-1.17344e-11 -0.0117344
-1.17863e-11 -0.0117863
-1.18382e-11 -0.0118382
-1.18901e-11 -0.0118901
-1.1942e-11 -0.011942
-1.19939e-11 -0.0119939
-1.20458e-11 -0.0120458
-1.20977e-11 -0.0120977
-1.21496e-11 -0.0121496
-1.22015e-11 -0.0122015
-1.22534e-11 -0.0122534
-1.23053e-11 -0.0123053
-1.23572e-11 -0.0123572
-1.24091e-11 -0.0124091
-1.2461e-11 -0.012461
-1.25129e-11 -0.0125129
-1.25648e-11 -0.0125648
-1.26167e-11 -0.0126167
-1.26686e-11 -0.0126686
-1.27205e-11 -0.0127205
-1.27724e-11 -0.0127724
-1.28243e-11 -0.0128243
-1.28762e-11 -0.0128762
-1.29281e-11 -0.0129281
-1.298e-11 -0.01298
-1.30319e-11 -0.0130319
-1.30838e-11 -0.0130838
-1.31357e-11 -0.0131357
-1.31876e-11 -0.0131876
-1.32395e-11 -0.0132395
-1.32914e-11 -0.0132914
-1.33433e-11 -0.0133433
-1.33952e-11 -0.0133952
-1.34471e-11 -0.0134471
-1.3499e-11 -0.013499
-1.35509e-11 -0.0135509
-1.36028e-11 -0.0136028
-1.36547e-11 -0.0136547
-1.37066e-11 -0.0137066
-1.37585e-11 -0.0137585
-1.38104e-11 -0.0138104
-1.38622e-11 -0.0138622
-1.39141e-11 -0.0139141
-1.3966e-11 -0.013966
-1.40179e-11 -0.0140179
-1.40698e-11 -0.0140698
-1.41217e-11 -0.0141217
-1.41736e-11 -0.0141736
-1.42255e-11 -0.0142255
-1.42774e-11 -0.0142774
-1.43293e-11 -0.0143293
-1.43812e-11 -0.0143812
-1.44331e-11 -0.0144331
-1.4485e-11 -0.014485
-1.45369e-11 -0.0145369
-1.45888e-11 -0.0145888
-1.46407e-11 -0.0146407
-1.46926e-11 -0.0146926
-1.47445e-11 -0.0147445
-1.47964e-11 -0.0147964
-1.48483e-11 -0.0148483
-1.49002e-11 -0.0149002
-1.49521e-11 -0.0149521
-1.5004e-11 -0.015004
-1.50559e-11 -0.0150559
-1.51078e-11 -0.0151078
-1.51597e-11 -0.0151597
-1.52116e-11 -0.0152116
-1.52635e-11 -0.0152635
-1.53154e-11 -0.0153154
-1.53673e-11 -0.0153673
-1.54192e-11 -0.0154192
-1.54711e-11 -0.0154711
-1.5523e-11 -0.015523
-1.55748e-11 -0.0155748
-1.56267e-11 -0.0156267
-1.56786e-11 -0.0156786
-1.57305e-11 -0.0157305
-1.57824e-11 -0.0157824
-1.58343e-11 -0.0158343
-1.58862e-11 -0.0158862
-1.59381e-11 -0.0159381
-1.599e-11 -0.01599
-1.60419e-11 -0.0160419
-1.60938e-11 -0.0160938
-1.61457e-11 -0.0161457
-1.61976e-11 -0.0161976
-1.62495e-11 -0.0162495
-1.63014e-11 -0.0163014
-1.63533e-11 -0.0163533
-1.64052e-11 -0.0164052
-1.64571e-11 -0.0164571
-1.6509e-11 -0.016509
-1.65609e-11 -0.0165609
-1.66128e-11 -0.0166128
-1.66646e-11 -0.0166646
-1.67165e-11 -0.0167165
-1.67684e-11 -0.0167684
-1.68203e-11 -0.0168203
-1.68722e-11 -0.0168722
-1.69241e-11 -0.0169241
-1.6976e-11 -0.016976
-1.70279e-11 -0.0170279
-1.70798e-11 -0.0170798
-1.71317e-11 -0.0171317
-1.71836e-11 -0.0171836
-1.72355e-11 -0.0172355
-1.72874e-11 -0.0172874
-1.73393e-11 -0.0173393
-1.73912e-11 -0.0173912
-1.74431e-11 -0.0174431
-1.74949e-11 -0.0174949
-1.75468e-11 -0.0175468
-1.75987e-11 -0.0175987
-1.76506e-11 -0.0176506
-1.77025e-11 -0.0177025
-1.77544e-11 -0.0177544
-1.78063e-11 -0.0178063
-1.78582e-11 -0.0178582
-1.79101e-11 -0.0179101
-1.7962e-11 -0.017962
-1.80139e-11 -0.0180139
-1.80658e-11 -0.0180658
-1.81177e-11 -0.0181177
-1.81696e-11 -0.0181696
-1.82214e-11 -0.0182214
-1.82733e-11 -0.0182733
-1.83252e-11 -0.0183252
-1.83771e-11 -0.0183771
-1.8429e-11 -0.018429
-1.84809e-11 -0.0184809
-1.85328e-11 -0.0185328
-1.85847e-11 -0.0185847
-1.86366e-11 -0.0186366
-1.86885e-11 -0.0186885
-1.87404e-11 -0.0187404
-1.87923e-11 -0.0187923
-1.88442e-11 -0.0188442
-1.8896e-11 -0.018896
-1.89479e-11 -0.0189479
-1.89998e-11 -0.0189998
-1.90517e-11 -0.0190517
-1.91036e-11 -0.0191036
-1.91555e-11 -0.0191555
-1.92074e-11 -0.0192074
-1.92593e-11 -0.0192593
-1.93112e-11 -0.0193112
-1.93631e-11 -0.0193631
-1.9415e-11 -0.019415
-1.94668e-11 -0.0194668
-1.95187e-11 -0.0195187
-1.95706e-11 -0.0195706
-1.96225e-11 -0.0196225
-1.96744e-11 -0.0196744
-1.97263e-11 -0.0197263
-1.97782e-11 -0.0197782
-1.98301e-11 -0.0198301
-1.9882e-11 -0.019882
-1.99339e-11 -0.0199339
-1.99858e-11 -0.0199858
-2.00376e-11 -0.0200376
-2.00895e-11 -0.0200895
-2.01414e-11 -0.0201414
-2.01933e-11 -0.0201933
-2.02452e-11 -0.0202452
-2.02971e-11 -0.0202971
-2.0349e-11 -0.020349
-2.04009e-11 -0.0204009
-2.04528e-11 -0.0204528
-2.05047e-11 -0.0205047
-2.05565e-11 -0.0205565
-2.06084e-11 -0.0206084
-2.06603e-11 -0.0206603
-2.07122e-11 -0.0207122
-2.07641e-11 -0.0207641
-2.0816e-11 -0.020816
-2.08679e-11 -0.0208679
-2.09198e-11 -0.0209198
-2.09717e-11 -0.0209717
-2.10235e-11 -0.0210235
-2.10754e-11 -0.0210754
-2.11273e-11 -0.0211273
-2.11792e-11 -0.0211792
-2.12311e-11 -0.0212311
-2.1283e-11 -0.021283
-2.13349e-11 -0.0213349
-2.13868e-11 -0.0213868
-2.14387e-11 -0.0214387
-2.14905e-11 -0.0214905
-2.15424e-11 -0.0215424
-2.15943e-11 -0.0215943
-2.16462e-11 -0.0216462
-2.16981e-11 -0.0216981
-2.175e-11 -0.02175
-2.18019e-11 -0.0218019
-2.18538e-11 -0.0218538
-2.19056e-11 -0.0219056
-2.19575e-11 -0.0219575
-2.20094e-11 -0.0220094
-2.20613e-11 -0.0220613
-2.21132e-11 -0.0221132
-2.21651e-11 -0.0221651
-2.2217e-11 -0.022217
-2.22689e-11 -0.0222689
-2.23207e-11 -0.0223207
-2.23726e-11 -0.0223726
-2.24245e-11 -0.0224245
-2.24764e-11 -0.0224764
-2.25283e-11 -0.0225283
-2.25802e-11 -0.0225802
-2.26321e-11 -0.0226321
-2.2684e-11 -0.022684
-2.27358e-11 -0.0227358
-2.27877e-11 -0.0227877
-2.28396e-11 -0.0228396
-2.28915e-11 -0.0228915
-2.29434e-11 -0.0229434
-2.29953e-11 -0.0229953
-2.30472e-11 -0.0230472
-2.30991e-11 -0.0230991
-2.31509e-11 -0.0231509
-2.32028e-11 -0.0232028
-2.32547e-11 -0.0232547
-2.33066e-11 -0.0233066
-2.33585e-11 -0.0233585
-2.34104e-11 -0.0234104
-2.34623e-11 -0.0234623
-2.35141e-11 -0.0235141
-2.3566e-11 -0.023566
-2.36179e-11 -0.0236179
-2.36698e-11 -0.0236698
-2.37217e-11 -0.0237217
-2.37736e-11 -0.0237736
-2.38255e-11 -0.0238255
-2.38773e-11 -0.0238773
-2.39292e-11 -0.0239292
-2.39811e-11 -0.0239811
-2.4033e-11 -0.024033
-2.40849e-11 -0.0240849
-2.41368e-11 -0.0241368
-2.41886e-11 -0.0241886
-2.42405e-11 -0.0242405
-2.42924e-11 -0.0242924
-2.43443e-11 -0.0243443
-2.43962e-11 -0.0243962
-2.44481e-11 -0.0244481
-2.45e-11 -0.0245
-2.45518e-11 -0.0245518
-2.46037e-11 -0.0246037
-2.46556e-11 -0.0246556
-2.47075e-11 -0.0247075
-2.47594e-11 -0.0247594
-2.48113e-11 -0.0248113
-2.48631e-11 -0.0248631
-2.4915e-11 -0.024915
-2.49669e-11 -0.0249669
-2.50188e-11 -0.0250188
-2.50707e-11 -0.0250707
-2.51226e-11 -0.0251226
-2.51745e-11 -0.0251745
-2.52263e-11 -0.0252263
-2.52782e-11 -0.0252782
-2.53301e-11 -0.0253301
-2.5382e-11 -0.025382
-2.54339e-11 -0.0254339
-2.54858e-11 -0.0254858
-2.55376e-11 -0.0255376
-2.55895e-11 -0.0255895
-2.56414e-11 -0.0256414
-2.56933e-11 -0.0256933
-2.57452e-11 -0.0257452
-2.57971e-11 -0.0257971
-2.58489e-11 -0.0258489
-2.59008e-11 -0.0259008
-2.59527e-11 -0.0259527
-2.60046e-11 -0.0260046
-2.60565e-11 -0.0260565
-2.61083e-11 -0.0261083
-2.61602e-11 -0.0261602
-2.62121e-11 -0.0262121
-2.6264e-11 -0.026264
-2.63159e-11 -0.0263159
-2.63678e-11 -0.0263678
-2.64196e-11 -0.0264196
-2.64715e-11 -0.0264715
-2.65234e-11 -0.0265234
-2.65753e-11 -0.0265753
-2.66272e-11 -0.0266272
-2.66791e-11 -0.0266791
-2.67309e-11 -0.0267309
-2.67828e-11 -0.0267828
-2.68347e-11 -0.0268347
-2.68866e-11 -0.0268866
-2.69385e-11 -0.0269385
-2.69903e-11 -0.0269903
-2.70422e-11 -0.0270422
-2.70941e-11 -0.0270941
-2.7146e-11 -0.027146
-2.71979e-11 -0.0271979
-2.72497e-11 -0.0272497
-2.73016e-11 -0.0273016
-2.73535e-11 -0.0273535
-2.74054e-11 -0.0274054
-2.74573e-11 -0.0274573
-2.75091e-11 -0.0275091
-2.7561e-11 -0.027561
-2.76129e-11 -0.0276129
-2.76648e-11 -0.0276648
-2.77167e-11 -0.0277167
-2.77686e-11 -0.0277686
-2.78204e-11 -0.0278204
-2.78723e-11 -0.0278723
-2.79242e-11 -0.0279242
-2.79761e-11 -0.0279761
-2.8028e-11 -0.028028
-2.80798e-11 -0.0280798
-2.81317e-11 -0.0281317
-2.81836e-11 -0.0281836
-2.82355e-11 -0.0282355
-2.82874e-11 -0.0282874
-2.83392e-11 -0.0283392
-2.83911e-11 -0.0283911
-2.8443e-11 -0.028443
-2.84949e-11 -0.0284949
-2.85468e-11 -0.0285468
-2.85986e-11 -0.0285986
-2.86505e-11 -0.0286505
-2.87024e-11 -0.0287024
-2.87543e-11 -0.0287543
-2.88061e-11 -0.0288061
-2.8858e-11 -0.028858
-2.89099e-11 -0.0289099
-2.89618e-11 -0.0289618
-2.90137e-11 -0.0290137
-2.90655e-11 -0.0290655
-2.91174e-11 -0.0291174
-2.91693e-11 -0.0291693
-2.92212e-11 -0.0292212
-2.92731e-11 -0.0292731
-2.93249e-11 -0.0293249
-2.93768e-11 -0.0293768
-2.94287e-11 -0.0294287
-2.94806e-11 -0.0294806
-2.95324e-11 -0.0295324
-2.95843e-11 -0.0295843
-2.96362e-11 -0.0296362
-2.96881e-11 -0.0296881
-2.974e-11 -0.02974
-2.97918e-11 -0.0297918
-2.98437e-11 -0.0298437
-2.98956e-11 -0.0298956
-2.99475e-11 -0.0299475
-2.99993e-11 -0.0299993
-3.00512e-11 -0.0300512
-3.01031e-11 -0.0301031
-3.0155e-11 -0.030155
-3.02069e-11 -0.0302069
-3.02587e-11 -0.0302587
-3.03106e-11 -0.0303106
-3.03625e-11 -0.0303625
-3.04144e-11 -0.0304144
-3.04662e-11 -0.0304662
-3.05181e-11 -0.0305181
-3.057e-11 -0.03057
-3.06219e-11 -0.0306219
-3.06738e-11 -0.0306738
-3.07256e-11 -0.0307256
-3.07775e-11 -0.0307775
-3.08294e-11 -0.0308294
-3.08813e-11 -0.0308813
-3.09331e-11 -0.0309331
-3.0985e-11 -0.030985
-3.10369e-11 -0.0310369
-3.10888e-11 -0.0310888
-3.11406e-11 -0.0311406
-3.11925e-11 -0.0311925
-3.12444e-11 -0.0312444
-3.12963e-11 -0.0312963
-3.13481e-11 -0.0313481
-3.14e-11 -0.0314
-3.14519e-11 -0.0314519
-3.15038e-11 -0.0315038
-3.15556e-11 -0.0315556
-3.16075e-11 -0.0316075
-3.16594e-11 -0.0316594
-3.17113e-11 -0.0317113
-3.17631e-11 -0.0317631
-3.1815e-11 -0.031815
-3.18669e-11 -0.0318669
-3.19188e-11 -0.0319188
-3.19706e-11 -0.0319706
-3.20225e-11 -0.0320225
-3.20744e-11 -0.0320744
-3.21263e-11 -0.0321263
-3.21781e-11 -0.0321781
-3.223e-11 -0.03223
-3.22819e-11 -0.0322819
-3.23338e-11 -0.0323338
-3.23856e-11 -0.0323856
-3.24375e-11 -0.0324375
-3.24894e-11 -0.0324894
-3.25413e-11 -0.0325413
-3.25931e-11 -0.0325931
-3.2645e-11 -0.032645
-3.26969e-11 -0.0326969
-3.27488e-11 -0.0327488
-3.28006e-11 -0.0328006
-3.28525e-11 -0.0328525
-3.29044e-11 -0.0329044
-3.29563e-11 -0.0329563
-3.30081e-11 -0.0330081
-3.306e-11 -0.03306
-3.31119e-11 -0.0331119
-3.31638e-11 -0.0331638
-3.32156e-11 -0.0332156
-3.32675e-11 -0.0332675
-3.33194e-11 -0.0333194
-3.33713e-11 -0.0333713
-3.34231e-11 -0.0334231
-3.3475e-11 -0.033475
-3.35269e-11 -0.0335269
-3.35787e-11 -0.0335787
-3.36306e-11 -0.0336306
-3.36825e-11 -0.0336825
-3.37344e-11 -0.0337344
-3.37862e-11 -0.0337862
-3.38381e-11 -0.0338381
-3.389e-11 -0.03389
-3.39419e-11 -0.0339419
-3.39937e-11 -0.0339937
-3.40456e-11 -0.0340456
-3.40975e-11 -0.0340975
-3.41493e-11 -0.0341493
-3.42012e-11 -0.0342012
-3.42531e-11 -0.0342531
-3.4305e-11 -0.034305
-3.43568e-11 -0.0343568
-3.44087e-11 -0.0344087
-3.44606e-11 -0.0344606
-3.45124e-11 -0.0345124
-3.45643e-11 -0.0345643
-3.46162e-11 -0.0346162
-3.46681e-11 -0.0346681
-3.47199e-11 -0.0347199
-3.47718e-11 -0.0347718
-3.48237e-11 -0.0348237
-3.48755e-11 -0.0348755
-3.49274e-11 -0.0349274
-3.49793e-11 -0.0349793
-3.50312e-11 -0.0350312
-3.5083e-11 -0.035083
-3.51349e-11 -0.0351349
-3.51868e-11 -0.0351868
-3.52386e-11 -0.0352386
-3.52905e-11 -0.0352905
-3.53424e-11 -0.0353424
-3.53943e-11 -0.0353943
-3.54461e-11 -0.0354461
-3.5498e-11 -0.035498
-3.55499e-11 -0.0355499
-3.56017e-11 -0.0356017
-3.56536e-11 -0.0356536
-3.57055e-11 -0.0357055
-3.57574e-11 -0.0357574
-3.58092e-11 -0.0358092
-3.58611e-11 -0.0358611
-3.5913e-11 -0.035913
-3.59648e-11 -0.0359648
-3.60167e-11 -0.0360167
-3.60686e-11 -0.0360686
-3.61204e-11 -0.0361204
-3.61723e-11 -0.0361723
-3.62242e-11 -0.0362242
-3.62761e-11 -0.0362761
-3.63279e-11 -0.0363279
-3.63798e-11 -0.0363798
-3.64317e-11 -0.0364317
-3.64835e-11 -0.0364835
-3.65354e-11 -0.0365354
-3.65873e-11 -0.0365873
-3.66391e-11 -0.0366391
-3.6691e-11 -0.036691
-3.67429e-11 -0.0367429
-3.67947e-11 -0.0367947
-3.68466e-11 -0.0368466
-3.68985e-11 -0.0368985
-3.69503e-11 -0.0369503
-3.70022e-11 -0.0370022
-3.70541e-11 -0.0370541
-3.7106e-11 -0.037106
-3.71578e-11 -0.0371578
-3.72097e-11 -0.0372097
-3.72616e-11 -0.0372616
-3.73134e-11 -0.0373134
-3.73653e-11 -0.0373653
-3.74172e-11 -0.0374172
-3.7469e-11 -0.037469
-3.75209e-11 -0.0375209
-3.75728e-11 -0.0375728
-3.76246e-11 -0.0376246
-3.76765e-11 -0.0376765
-3.77284e-11 -0.0377284
-3.77802e-11 -0.0377802
-3.78321e-11 -0.0378321
-3.7884e-11 -0.037884
-3.79358e-11 -0.0379358
-3.79877e-11 -0.0379877
-3.80396e-11 -0.0380396
-3.80914e-11 -0.0380914
-3.81433e-11 -0.0381433
-3.81952e-11 -0.0381952
-3.8247e-11 -0.038247
-3.82989e-11 -0.0382989
-3.83508e-11 -0.0383508
-3.84026e-11 -0.0384026
-3.84545e-11 -0.0384545
-3.85064e-11 -0.0385064
-3.85582e-11 -0.0385582
-3.86101e-11 -0.0386101
-3.8662e-11 -0.038662
-3.87138e-11 -0.0387138
-3.87657e-11 -0.0387657
-3.88176e-11 -0.0388176
-3.88694e-11 -0.0388694
-3.89213e-11 -0.0389213
-3.89732e-11 -0.0389732
-3.9025e-11 -0.039025
-3.90769e-11 -0.0390769
-3.91288e-11 -0.0391288
-3.91806e-11 -0.0391806
-3.92325e-11 -0.0392325
-3.92844e-11 -0.0392844
-3.93362e-11 -0.0393362
-3.93881e-11 -0.0393881
-3.944e-11 -0.03944
-3.94918e-11 -0.0394918
-3.95437e-11 -0.0395437
-3.95956e-11 -0.0395956
-3.96474e-11 -0.0396474
-3.96993e-11 -0.0396993
-3.97512e-11 -0.0397512
-3.9803e-11 -0.039803
-3.98549e-11 -0.0398549
-3.99068e-11 -0.0399068
-3.99586e-11 -0.0399586
-4.00105e-11 -0.0400105
-4.00624e-11 -0.0400624
-4.01142e-11 -0.0401142
-4.01661e-11 -0.0401661
-4.02179e-11 -0.0402179
-4.02698e-11 -0.0402698
-4.03217e-11 -0.0403217
-4.03735e-11 -0.0403735
-4.04254e-11 -0.0404254
-4.04773e-11 -0.0404773
-4.05291e-11 -0.0405291
-4.0581e-11 -0.040581
-4.06329e-11 -0.0406329
-4.06847e-11 -0.0406847
-4.07366e-11 -0.0407366
-4.07885e-11 -0.0407885
-4.08403e-11 -0.0408403
-4.08922e-11 -0.0408922
-4.0944e-11 -0.040944
-4.09959e-11 -0.0409959
-4.10478e-11 -0.0410478
-4.10996e-11 -0.0410996
-4.11515e-11 -0.0411515
-4.12034e-11 -0.0412034
-4.12552e-11 -0.0412552
-4.13071e-11 -0.0413071
-4.1359e-11 -0.041359
-4.14108e-11 -0.0414108
-4.14627e-11 -0.0414627
-4.15145e-11 -0.0415145
-4.15664e-11 -0.0415664
-4.16183e-11 -0.0416183
-4.16701e-11 -0.0416701
-4.1722e-11 -0.041722
-4.17739e-11 -0.0417739
-4.18257e-11 -0.0418257
-4.18776e-11 -0.0418776
-4.19294e-11 -0.0419294
-4.19813e-11 -0.0419813
-4.20332e-11 -0.0420332
-4.2085e-11 -0.042085
-4.21369e-11 -0.0421369
-4.21888e-11 -0.0421888
-4.22406e-11 -0.0422406
-4.22925e-11 -0.0422925
-4.23443e-11 -0.0423443
-4.23962e-11 -0.0423962
-4.24481e-11 -0.0424481
-4.24999e-11 -0.0424999
-4.25518e-11 -0.0425518
-4.26037e-11 -0.0426037
-4.26555e-11 -0.0426555
-4.27074e-11 -0.0427074
-4.27592e-11 -0.0427592
-4.28111e-11 -0.0428111
-4.2863e-11 -0.042863
-4.29148e-11 -0.0429148
-4.29667e-11 -0.0429667
-4.30185e-11 -0.0430185
-4.30704e-11 -0.0430704
-4.31223e-11 -0.0431223
-4.31741e-11 -0.0431741
-4.3226e-11 -0.043226
-4.32778e-11 -0.0432778
-4.33297e-11 -0.0433297
-4.33816e-11 -0.0433816
-4.34334e-11 -0.0434334
-4.34853e-11 -0.0434853
-4.35371e-11 -0.0435371
-4.3589e-11 -0.043589
-4.36409e-11 -0.0436409
-4.36927e-11 -0.0436927
-4.37446e-11 -0.0437446
-4.37964e-11 -0.0437964
-4.38483e-11 -0.0438483
-4.39002e-11 -0.0439002
-4.3952e-11 -0.043952
-4.40039e-11 -0.0440039
-4.40557e-11 -0.0440557
-4.41076e-11 -0.0441076
-4.41595e-11 -0.0441595
-4.42113e-11 -0.0442113
-4.42632e-11 -0.0442632
-4.4315e-11 -0.044315
-4.43669e-11 -0.0443669
-4.44188e-11 -0.0444188
-4.44682e-11 -0.0444682
-4.45134e-11 -0.0445134
-4.45586e-11 -0.0445586
-4.46038e-11 -0.0446038
-4.46489e-11 -0.0446489
-4.46941e-11 -0.0446941
-4.47393e-11 -0.0447393
-4.47845e-11 -0.0447845
-4.48253e-11 -0.0448253
-4.48591e-11 -0.0448591
-4.48929e-11 -0.0448929
-4.49266e-11 -0.0449266
-4.49604e-11 -0.0449604
-4.49942e-11 -0.0449942
-4.5028e-11 -0.045028
-4.50617e-11 -0.0450617
-4.50955e-11 -0.0450955
-4.51293e-11 -0.0451293
-4.51631e-11 -0.0451631
-4.51968e-11 -0.0451968
-4.52306e-11 -0.0452306
-4.52644e-11 -0.0452644
-4.52982e-11 -0.0452982
-4.53319e-11 -0.0453319
-4.53657e-11 -0.0453657
-4.53995e-11 -0.0453995
-4.54333e-11 -0.0454333
-4.54671e-11 -0.0454671
-4.55008e-11 -0.0455008
-4.55346e-11 -0.0455346
-4.55684e-11 -0.0455684
-4.56022e-11 -0.0456022
-4.56359e-11 -0.0456359
-4.56697e-11 -0.0456697
-4.57035e-11 -0.0457035
-4.57373e-11 -0.0457373
-4.5771e-11 -0.045771
-4.58048e-11 -0.0458048
-4.58386e-11 -0.0458386
-4.58724e-11 -0.0458724
-4.59061e-11 -0.0459061
-4.59399e-11 -0.0459399
-4.59737e-11 -0.0459737
-4.60075e-11 -0.0460075
-4.60412e-11 -0.0460412
-4.6075e-11 -0.046075
-4.61088e-11 -0.0461088
-4.61426e-11 -0.0461426
-4.61764e-11 -0.0461764
-4.62101e-11 -0.0462101
-4.62439e-11 -0.0462439
-4.62777e-11 -0.0462777
-4.63115e-11 -0.0463115
-4.63452e-11 -0.0463452
-4.6379e-11 -0.046379
-4.64128e-11 -0.0464128
-4.64466e-11 -0.0464466
-4.64803e-11 -0.0464803
-4.65141e-11 -0.0465141
-4.65479e-11 -0.0465479
-4.65817e-11 -0.0465817
-4.66154e-11 -0.0466154
-4.66492e-11 -0.0466492
-4.6683e-11 -0.046683
-4.67168e-11 -0.0467168
-4.67506e-11 -0.0467506
-4.67843e-11 -0.0467843
-4.68181e-11 -0.0468181
-4.68519e-11 -0.0468519
-4.68857e-11 -0.0468857
-4.69194e-11 -0.0469194
-4.69532e-11 -0.0469532
-4.6987e-11 -0.046987
-4.70208e-11 -0.0470208
-4.70545e-11 -0.0470545
-4.70883e-11 -0.0470883
-4.71221e-11 -0.0471221
-4.71559e-11 -0.0471559
-4.71897e-11 -0.0471897
-4.72234e-11 -0.0472234
-4.72572e-11 -0.0472572
-4.7291e-11 -0.047291
-4.73248e-11 -0.0473248
-4.73585e-11 -0.0473585
-4.73923e-11 -0.0473923
-4.74261e-11 -0.0474261
-4.74599e-11 -0.0474599
-4.74936e-11 -0.0474936
-4.75274e-11 -0.0475274
-4.75612e-11 -0.0475612
-4.7595e-11 -0.047595
-4.76287e-11 -0.0476287
-4.76625e-11 -0.0476625
-4.76963e-11 -0.0476963
-4.77301e-11 -0.0477301
-4.77639e-11 -0.0477639
-4.77976e-11 -0.0477976
-4.78314e-11 -0.0478314
-4.78652e-11 -0.0478652
-4.7899e-11 -0.047899
-4.79327e-11 -0.0479327
-4.79665e-11 -0.0479665
-4.80003e-11 -0.0480003
-4.80341e-11 -0.0480341
-4.80678e-11 -0.0480678
-4.81016e-11 -0.0481016
-4.81354e-11 -0.0481354
-4.81692e-11 -0.0481692
-4.8203e-11 -0.048203
-4.82367e-11 -0.0482367
-4.82705e-11 -0.0482705
-4.83043e-11 -0.0483043
-4.83381e-11 -0.0483381
-4.83718e-11 -0.0483718
-4.84056e-11 -0.0484056
-4.84394e-11 -0.0484394
-4.84732e-11 -0.0484732
-4.85069e-11 -0.0485069
-4.85407e-11 -0.0485407
-4.85745e-11 -0.0485745
-4.86083e-11 -0.0486083
-4.86421e-11 -0.0486421
-4.86758e-11 -0.0486758
-4.87096e-11 -0.0487096
-4.87434e-11 -0.0487434
-4.87772e-11 -0.0487772
-4.88109e-11 -0.0488109
-4.88447e-11 -0.0488447
-4.88785e-11 -0.0488785
-4.89123e-11 -0.0489123
-4.89461e-11 -0.0489461
-4.89798e-11 -0.0489798
-4.90136e-11 -0.0490136
-4.90474e-11 -0.0490474
-4.90812e-11 -0.0490812
-4.91149e-11 -0.0491149
-4.91487e-11 -0.0491487
-4.91825e-11 -0.0491825
-4.92163e-11 -0.0492163
-4.925e-11 -0.04925
-4.92838e-11 -0.0492838
-4.93176e-11 -0.0493176
-4.93514e-11 -0.0493514
-4.93852e-11 -0.0493852
-4.94189e-11 -0.0494189
-4.94527e-11 -0.0494527
-4.94865e-11 -0.0494865
-4.95203e-11 -0.0495203
-4.9554e-11 -0.049554
-4.95878e-11 -0.0495878
-4.96216e-11 -0.0496216
-4.96554e-11 -0.0496554
-4.96892e-11 -0.0496892
-4.97229e-11 -0.0497229
-4.97567e-11 -0.0497567
-4.97905e-11 -0.0497905
-4.98243e-11 -0.0498243
-4.9858e-11 -0.049858
-4.98918e-11 -0.0498918
-4.99256e-11 -0.0499256
-4.99594e-11 -0.0499594
-4.99931e-11 -0.0499931
-5.00269e-11 -0.0500269
-5.00607e-11 -0.0500607
-5.00945e-11 -0.0500945
-5.01283e-11 -0.0501283
-5.0162e-11 -0.050162
-5.01958e-11 -0.0501958
-5.02296e-11 -0.0502296
-5.02634e-11 -0.0502634
-5.02971e-11 -0.0502971
-5.03309e-11 -0.0503309
-5.03647e-11 -0.0503647
-5.03985e-11 -0.0503985
-5.04323e-11 -0.0504323
-5.0466e-11 -0.050466
-5.04998e-11 -0.0504998
-5.05336e-11 -0.0505336
-5.05674e-11 -0.0505674
-5.06011e-11 -0.0506011
-5.06349e-11 -0.0506349
-5.06687e-11 -0.0506687
-5.07025e-11 -0.0507025
-5.07363e-11 -0.0507363
-5.077e-11 -0.05077
-5.08038e-11 -0.0508038
-5.08376e-11 -0.0508376
-5.08714e-11 -0.0508714
-5.09051e-11 -0.0509051
-5.09389e-11 -0.0509389
-5.09727e-11 -0.0509727
-5.10065e-11 -0.0510065
-5.10403e-11 -0.0510403
-5.1074e-11 -0.051074
-5.11078e-11 -0.0511078
-5.11416e-11 -0.0511416
-5.11754e-11 -0.0511754
-5.12091e-11 -0.0512091
-5.12429e-11 -0.0512429
-5.12767e-11 -0.0512767
-5.13105e-11 -0.0513105
-5.13443e-11 -0.0513443
-5.1378e-11 -0.051378
-5.14118e-11 -0.0514118
-5.14456e-11 -0.0514456
-5.14794e-11 -0.0514794
-5.15131e-11 -0.0515131
-5.15469e-11 -0.0515469
-5.15807e-11 -0.0515807
-5.16145e-11 -0.0516145
-5.16483e-11 -0.0516483
-5.1682e-11 -0.051682
-5.17158e-11 -0.0517158
-5.17496e-11 -0.0517496
-5.17834e-11 -0.0517834
-5.18171e-11 -0.0518171
-5.18509e-11 -0.0518509
-5.18847e-11 -0.0518847
-5.19185e-11 -0.0519185
-5.19523e-11 -0.0519523
-5.1986e-11 -0.051986
-5.20198e-11 -0.0520198
-5.20536e-11 -0.0520536
-5.20874e-11 -0.0520874
-5.21211e-11 -0.0521211
-5.21549e-11 -0.0521549
-5.21887e-11 -0.0521887
-5.22225e-11 -0.0522225
-5.22563e-11 -0.0522563
-5.229e-11 -0.05229
-5.23238e-11 -0.0523238
-5.23576e-11 -0.0523576
-5.23914e-11 -0.0523914
-5.24251e-11 -0.0524251
-5.24589e-11 -0.0524589
-5.24927e-11 -0.0524927
-5.25265e-11 -0.0525265
-5.25603e-11 -0.0525603
-5.2594e-11 -0.052594
-5.26278e-11 -0.0526278
-5.26616e-11 -0.0526616
-5.26954e-11 -0.0526954
-5.27292e-11 -0.0527292
-5.27629e-11 -0.0527629
-5.27967e-11 -0.0527967
-5.28305e-11 -0.0528305
-5.28643e-11 -0.0528643
-5.2898e-11 -0.052898
-5.29318e-11 -0.0529318
-5.29656e-11 -0.0529656
-5.29994e-11 -0.0529994
-5.30332e-11 -0.0530332
-5.30669e-11 -0.0530669
-5.31007e-11 -0.0531007
-5.31345e-11 -0.0531345
-5.31683e-11 -0.0531683
-5.3202e-11 -0.053202
-5.32358e-11 -0.0532358
-5.32696e-11 -0.0532696
-5.33034e-11 -0.0533034
-5.33372e-11 -0.0533372
-5.33709e-11 -0.0533709
-5.34047e-11 -0.0534047
-5.34385e-11 -0.0534385
-5.34723e-11 -0.0534723
-5.35061e-11 -0.0535061
-5.35398e-11 -0.0535398
-5.35736e-11 -0.0535736
-5.36074e-11 -0.0536074
-5.36412e-11 -0.0536412
-5.36749e-11 -0.0536749
-5.37087e-11 -0.0537087
-5.37425e-11 -0.0537425
-5.37763e-11 -0.0537763
-5.38101e-11 -0.0538101
-5.38438e-11 -0.0538438
-5.38776e-11 -0.0538776
-5.39114e-11 -0.0539114
-5.39452e-11 -0.0539452
-5.3979e-11 -0.053979
-5.40127e-11 -0.0540127
-5.40465e-11 -0.0540465
-5.40803e-11 -0.0540803
-5.41141e-11 -0.0541141
-5.41478e-11 -0.0541478
-5.41816e-11 -0.0541816
-5.42154e-11 -0.0542154
-5.42492e-11 -0.0542492
-5.4283e-11 -0.054283
-5.43167e-11 -0.0543167
-5.43505e-11 -0.0543505
-5.43843e-11 -0.0543843
-5.44181e-11 -0.0544181
-5.44519e-11 -0.0544519
-5.44856e-11 -0.0544856
-5.45194e-11 -0.0545194
-5.45532e-11 -0.0545532
-5.4587e-11 -0.054587
-5.46207e-11 -0.0546207
-5.46545e-11 -0.0546545
-5.46883e-11 -0.0546883
-5.47221e-11 -0.0547221
-5.47559e-11 -0.0547559
-5.47896e-11 -0.0547896
-5.48234e-11 -0.0548234
-5.48572e-11 -0.0548572
-5.4891e-11 -0.054891
-5.49248e-11 -0.0549248
-5.49585e-11 -0.0549585
-5.49923e-11 -0.0549923
-5.50261e-11 -0.0550261
-5.50599e-11 -0.0550599
-5.50936e-11 -0.0550936
-5.51274e-11 -0.0551274
-5.51612e-11 -0.0551612
-5.5195e-11 -0.055195
-5.52288e-11 -0.0552288
-5.52625e-11 -0.0552625
-5.52963e-11 -0.0552963
-5.53301e-11 -0.0553301
-5.53639e-11 -0.0553639
-5.53977e-11 -0.0553977
-5.54314e-11 -0.0554314
-5.54652e-11 -0.0554652
-5.5499e-11 -0.055499
-5.55328e-11 -0.0555328
-5.55666e-11 -0.0555666
-5.56003e-11 -0.0556003
-5.56341e-11 -0.0556341
-5.56679e-11 -0.0556679
-5.57017e-11 -0.0557017
-5.57354e-11 -0.0557354
-5.57692e-11 -0.0557692
-5.5803e-11 -0.055803
-5.58368e-11 -0.0558368
-5.58706e-11 -0.0558706
-5.59043e-11 -0.0559043
-5.59381e-11 -0.0559381
-5.59719e-11 -0.0559719
-5.60057e-11 -0.0560057
-5.60395e-11 -0.0560395
-5.60732e-11 -0.0560732
-5.6107e-11 -0.056107
-5.61408e-11 -0.0561408
-5.61746e-11 -0.0561746
-5.62084e-11 -0.0562084
-5.62421e-11 -0.0562421
-5.62759e-11 -0.0562759
-5.63097e-11 -0.0563097
-5.63435e-11 -0.0563435
-5.63773e-11 -0.0563773
-5.6411e-11 -0.056411
-5.64448e-11 -0.0564448
-5.64786e-11 -0.0564786
-5.65124e-11 -0.0565124
-5.65461e-11 -0.0565461
-5.65799e-11 -0.0565799
-5.66137e-11 -0.0566137
-5.66475e-11 -0.0566475
-5.66813e-11 -0.0566813
-5.6715e-11 -0.056715
-5.67488e-11 -0.0567488
-5.67826e-11 -0.0567826
-5.68164e-11 -0.0568164
-5.68502e-11 -0.0568502
-5.68839e-11 -0.0568839
-5.69177e-11 -0.0569177
-5.69515e-11 -0.0569515
-5.69853e-11 -0.0569853
-5.70191e-11 -0.0570191
-5.70528e-11 -0.0570528
-5.70866e-11 -0.0570866
-5.71204e-11 -0.0571204
-5.71542e-11 -0.0571542
-5.7188e-11 -0.057188
-5.72217e-11 -0.0572217
-5.72555e-11 -0.0572555
-5.72893e-11 -0.0572893
-5.73231e-11 -0.0573231
-5.73569e-11 -0.0573569
-5.73906e-11 -0.0573906
-5.74244e-11 -0.0574244
-5.74582e-11 -0.0574582
-5.7492e-11 -0.057492
-5.75258e-11 -0.0575258
-5.75595e-11 -0.0575595
-5.75933e-11 -0.0575933
-5.76271e-11 -0.0576271
-5.76609e-11 -0.0576609
-5.76946e-11 -0.0576946
-5.77284e-11 -0.0577284
-5.77622e-11 -0.0577622
-5.7796e-11 -0.057796
-5.78298e-11 -0.0578298
-5.78635e-11 -0.0578635
-5.78973e-11 -0.0578973
-5.79311e-11 -0.0579311
-5.79649e-11 -0.0579649
-5.79987e-11 -0.0579987
-5.80324e-11 -0.0580324
-5.80662e-11 -0.0580662
-5.81e-11 -0.0581
-5.81338e-11 -0.0581338
-5.81676e-11 -0.0581676
-5.82013e-11 -0.0582013
-5.82351e-11 -0.0582351
-5.82689e-11 -0.0582689
-5.83027e-11 -0.0583027
-5.83365e-11 -0.0583365
-5.83702e-11 -0.0583702
-5.8404e-11 -0.058404
-5.84378e-11 -0.0584378
-5.84716e-11 -0.0584716
-5.85054e-11 -0.0585054
-5.85391e-11 -0.0585391
-5.85729e-11 -0.0585729
-5.86067e-11 -0.0586067
-5.86405e-11 -0.0586405
-5.86743e-11 -0.0586743
-5.8708e-11 -0.058708
-5.87418e-11 -0.0587418
-5.87756e-11 -0.0587756
-5.88094e-11 -0.0588094
-5.88432e-11 -0.0588432
-5.88769e-11 -0.0588769
-5.89107e-11 -0.0589107
-5.89445e-11 -0.0589445
-5.89783e-11 -0.0589783
-5.90121e-11 -0.0590121
-5.90458e-11 -0.0590458
-5.90796e-11 -0.0590796
-5.91134e-11 -0.0591134
-5.91472e-11 -0.0591472
-5.9181e-11 -0.059181
-5.92147e-11 -0.0592147
-5.92485e-11 -0.0592485
-5.92823e-11 -0.0592823
-5.93161e-11 -0.0593161
-5.93499e-11 -0.0593499
-5.93836e-11 -0.0593836
-5.94174e-11 -0.0594174
-5.94512e-11 -0.0594512
-5.9485e-11 -0.059485
-5.95188e-11 -0.0595188
-5.95525e-11 -0.0595525
-5.95863e-11 -0.0595863
-5.96201e-11 -0.0596201
-5.96539e-11 -0.0596539
-5.96877e-11 -0.0596877
-5.97214e-11 -0.0597214
-5.97552e-11 -0.0597552
-5.9789e-11 -0.059789
-5.98228e-11 -0.0598228
-5.98566e-11 -0.0598566
-5.98903e-11 -0.0598903
-5.99241e-11 -0.0599241
-5.99579e-11 -0.0599579
-5.99917e-11 -0.0599917
-6.00255e-11 -0.0600255
-6.00592e-11 -0.0600592
-6.0093e-11 -0.060093
-6.01268e-11 -0.0601268
-6.01606e-11 -0.0601606
-6.01944e-11 -0.0601944
-6.02281e-11 -0.0602281
-6.02619e-11 -0.0602619
-6.02957e-11 -0.0602957
-6.03295e-11 -0.0603295
-6.03633e-11 -0.0603633
-6.0397e-11 -0.060397
-6.04308e-11 -0.0604308
-6.04646e-11 -0.0604646
-6.04984e-11 -0.0604984
-6.05322e-11 -0.0605322
-6.05659e-11 -0.0605659
-6.05997e-11 -0.0605997
-6.06335e-11 -0.0606335
-6.06673e-11 -0.0606673
-6.07011e-11 -0.0607011
-6.07348e-11 -0.0607348
-6.07686e-11 -0.0607686
-6.08024e-11 -0.0608024
-6.08362e-11 -0.0608362
-6.087e-11 -0.06087
-6.09037e-11 -0.0609037
-6.09375e-11 -0.0609375
-6.09713e-11 -0.0609713
-6.10051e-11 -0.0610051
-6.10389e-11 -0.0610389
-6.10727e-11 -0.0610727
-6.11064e-11 -0.0611064
-6.11402e-11 -0.0611402
-6.1174e-11 -0.061174
-6.12078e-11 -0.0612078
-6.12416e-11 -0.0612416
-6.12753e-11 -0.0612753
-6.13091e-11 -0.0613091
-6.13429e-11 -0.0613429
-6.13767e-11 -0.0613767
-6.14105e-11 -0.0614105
-6.14442e-11 -0.0614442
-6.1478e-11 -0.061478
-6.15118e-11 -0.0615118
-6.15456e-11 -0.0615456
-6.15794e-11 -0.0615794
-6.16131e-11 -0.0616131
-6.16469e-11 -0.0616469
-6.16807e-11 -0.0616807
-6.17145e-11 -0.0617145
-6.17483e-11 -0.0617483
-6.1782e-11 -0.061782
-6.18158e-11 -0.0618158
-6.18496e-11 -0.0618496
-6.18834e-11 -0.0618834
-6.19172e-11 -0.0619172
-6.19509e-11 -0.0619509
-6.19847e-11 -0.0619847
-6.20185e-11 -0.0620185
-6.20523e-11 -0.0620523
-6.20861e-11 -0.0620861
-6.21198e-11 -0.0621198
-6.21536e-11 -0.0621536
-6.21874e-11 -0.0621874
-6.22212e-11 -0.0622212
-6.2255e-11 -0.062255
-6.22888e-11 -0.0622888
-6.23225e-11 -0.0623225
-6.23563e-11 -0.0623563
-6.23901e-11 -0.0623901
-6.24239e-11 -0.0624239
-6.24577e-11 -0.0624577
-6.24914e-11 -0.0624914
-6.25252e-11 -0.0625252
-6.2559e-11 -0.062559
-6.25928e-11 -0.0625928
-6.26266e-11 -0.0626266
-6.26603e-11 -0.0626603
-6.26941e-11 -0.0626941
-6.27279e-11 -0.0627279
-6.27617e-11 -0.0627617
-6.27955e-11 -0.0627955
-6.28292e-11 -0.0628292
-6.2863e-11 -0.062863
-6.28968e-11 -0.0628968
-6.29306e-11 -0.0629306
-6.29644e-11 -0.0629644
-6.29982e-11 -0.0629982
-6.30319e-11 -0.0630319
-6.30657e-11 -0.0630657
-6.30995e-11 -0.0630995
-6.31333e-11 -0.0631333
-6.31671e-11 -0.0631671
-6.32008e-11 -0.0632008
-6.32346e-11 -0.0632346
-6.32684e-11 -0.0632684
-6.33022e-11 -0.0633022
-6.3336e-11 -0.063336
-6.33697e-11 -0.0633697
-6.34035e-11 -0.0634035
-6.34373e-11 -0.0634373
-6.34711e-11 -0.0634711
-6.35049e-11 -0.0635049
-6.35387e-11 -0.0635387
-6.35724e-11 -0.0635724
-6.36062e-11 -0.0636062
-6.364e-11 -0.06364
-6.36738e-11 -0.0636738
-6.37076e-11 -0.0637076
-6.37413e-11 -0.0637413
-6.37751e-11 -0.0637751
-6.38089e-11 -0.0638089
-6.38427e-11 -0.0638427
-6.38765e-11 -0.0638765
-6.39102e-11 -0.0639102
-6.3944e-11 -0.063944
-6.39778e-11 -0.0639778
-6.40116e-11 -0.0640116
-6.40454e-11 -0.0640454
-6.40791e-11 -0.0640791
-6.41129e-11 -0.0641129
-6.41467e-11 -0.0641467
-6.41805e-11 -0.0641805
-6.42143e-11 -0.0642143
-6.42481e-11 -0.0642481
-6.42818e-11 -0.0642818
-6.43156e-11 -0.0643156
-6.43494e-11 -0.0643494
-6.43832e-11 -0.0643832
-6.4417e-11 -0.064417
-6.44507e-11 -0.0644507
-6.44845e-11 -0.0644845
-6.45183e-11 -0.0645183
-6.45521e-11 -0.0645521
-6.45859e-11 -0.0645859
-6.46197e-11 -0.0646197
-6.46534e-11 -0.0646534
-6.46872e-11 -0.0646872
-6.4721e-11 -0.064721
-6.47548e-11 -0.0647548
-6.47886e-11 -0.0647886
-6.48223e-11 -0.0648223
-6.48561e-11 -0.0648561
-6.48899e-11 -0.0648899
-6.49237e-11 -0.0649237
-6.49575e-11 -0.0649575
-6.49912e-11 -0.0649912
-6.5025e-11 -0.065025
-6.50588e-11 -0.0650588
-6.50926e-11 -0.0650926
-6.51264e-11 -0.0651264
-6.51602e-11 -0.0651602
-6.51939e-11 -0.0651939
-6.52277e-11 -0.0652277
-6.52615e-11 -0.0652615
-6.52953e-11 -0.0652953
-6.53291e-11 -0.0653291
-6.53628e-11 -0.0653628
-6.53966e-11 -0.0653966
-6.54304e-11 -0.0654304
-6.54642e-11 -0.0654642
-6.5498e-11 -0.065498
-6.55318e-11 -0.0655318
-6.55655e-11 -0.0655655
-6.55993e-11 -0.0655993
-6.56331e-11 -0.0656331
-6.56669e-11 -0.0656669
-6.57007e-11 -0.0657007
-6.57344e-11 -0.0657344
-6.57682e-11 -0.0657682
-6.5802e-11 -0.065802
-6.58358e-11 -0.0658358
-6.58696e-11 -0.0658696
-6.59034e-11 -0.0659034
-6.59371e-11 -0.0659371
-6.59709e-11 -0.0659709
-6.60047e-11 -0.0660047
-6.60385e-11 -0.0660385
-6.60723e-11 -0.0660723
-6.6106e-11 -0.066106
-6.61398e-11 -0.0661398
-6.61736e-11 -0.0661736
-6.62074e-11 -0.0662074
-6.62412e-11 -0.0662412
-6.6275e-11 -0.066275
-6.63087e-11 -0.0663087
-6.63425e-11 -0.0663425
-6.63763e-11 -0.0663763
-6.64101e-11 -0.0664101
-6.64439e-11 -0.0664439
-6.64776e-11 -0.0664776
-6.65114e-11 -0.0665114
-6.65452e-11 -0.0665452
-6.6579e-11 -0.066579
-6.66128e-11 -0.0666128
-6.66466e-11 -0.0666466
-6.66803e-11 -0.0666803
-6.67141e-11 -0.0667141
-6.67479e-11 -0.0667479
-6.67817e-11 -0.0667817
-6.68155e-11 -0.0668155
-6.68492e-11 -0.0668492
-6.6883e-11 -0.066883
-6.69168e-11 -0.0669168
-6.69506e-11 -0.0669506
-6.69844e-11 -0.0669844
-6.70182e-11 -0.0670182
-6.70519e-11 -0.0670519
-6.70857e-11 -0.0670857
-6.71195e-11 -0.0671195
-6.71533e-11 -0.0671533
-6.71871e-11 -0.0671871
-6.72209e-11 -0.0672209
-6.72546e-11 -0.0672546
-6.72884e-11 -0.0672884
-6.73222e-11 -0.0673222
-6.7356e-11 -0.067356
-6.73898e-11 -0.0673898
-6.74235e-11 -0.0674235
-6.74573e-11 -0.0674573
-6.74911e-11 -0.0674911
-6.75249e-11 -0.0675249
-6.75587e-11 -0.0675587
-6.75925e-11 -0.0675925
-6.76262e-11 -0.0676262
-6.766e-11 -0.06766
-6.76938e-11 -0.0676938
-6.77276e-11 -0.0677276
-6.77614e-11 -0.0677614
-6.77951e-11 -0.0677951
-6.78289e-11 -0.0678289
-6.78627e-11 -0.0678627
-6.78965e-11 -0.0678965
-6.79303e-11 -0.0679303
-6.79641e-11 -0.0679641
-6.79978e-11 -0.0679978
-6.80316e-11 -0.0680316
-6.80654e-11 -0.0680654
-6.80992e-11 -0.0680992
-6.8133e-11 -0.068133
-6.81668e-11 -0.0681668
-6.82005e-11 -0.0682005
-6.82343e-11 -0.0682343
-6.82681e-11 -0.0682681
-6.83019e-11 -0.0683019
-6.83357e-11 -0.0683357
-6.83694e-11 -0.0683694
-6.84032e-11 -0.0684032
-6.8437e-11 -0.068437
-6.84708e-11 -0.0684708
-6.85046e-11 -0.0685046
-6.85384e-11 -0.0685384
-6.85721e-11 -0.0685721
-6.86059e-11 -0.0686059
-6.86397e-11 -0.0686397
-6.86735e-11 -0.0686735
-6.87073e-11 -0.0687073
-6.87411e-11 -0.0687411
-6.87748e-11 -0.0687748
-6.88086e-11 -0.0688086
-6.88424e-11 -0.0688424
-6.88762e-11 -0.0688762
-6.891e-11 -0.06891
-6.89438e-11 -0.0689438
-6.89775e-11 -0.0689775
-6.90113e-11 -0.0690113
-6.90451e-11 -0.0690451
-6.90789e-11 -0.0690789
-6.91127e-11 -0.0691127
-6.91464e-11 -0.0691464
-6.91802e-11 -0.0691802
-6.9214e-11 -0.069214
-6.92478e-11 -0.0692478
-6.92816e-11 -0.0692816
-6.93154e-11 -0.0693154
-6.93491e-11 -0.0693491
-6.93829e-11 -0.0693829
-6.94167e-11 -0.0694167
-6.94505e-11 -0.0694505
-6.94843e-11 -0.0694843
-6.95181e-11 -0.0695181
-6.95518e-11 -0.0695518
-6.95856e-11 -0.0695856
-6.96194e-11 -0.0696194
-6.96532e-11 -0.0696532
-6.9687e-11 -0.069687
-6.97208e-11 -0.0697208
-6.97545e-11 -0.0697545
-6.97883e-11 -0.0697883
-6.98221e-11 -0.0698221
-6.98559e-11 -0.0698559
-6.98897e-11 -0.0698897
-6.99235e-11 -0.0699235
-6.99572e-11 -0.0699572
-6.9991e-11 -0.069991
-7.00248e-11 -0.0700248
-7.00586e-11 -0.0700586
-7.00924e-11 -0.0700924
-7.01262e-11 -0.0701262
-7.01599e-11 -0.0701599
-7.01937e-11 -0.0701937
-7.02275e-11 -0.0702275
-7.02613e-11 -0.0702613
-7.02951e-11 -0.0702951
-7.03288e-11 -0.0703288
-7.03626e-11 -0.0703626
-7.03964e-11 -0.0703964
-7.04302e-11 -0.0704302
-7.0464e-11 -0.070464
-7.04978e-11 -0.0704978
-7.05315e-11 -0.0705315
-7.05653e-11 -0.0705653
-7.05991e-11 -0.0705991
-7.06329e-11 -0.0706329
-7.06667e-11 -0.0706667
-7.07005e-11 -0.0707005
-7.07342e-11 -0.0707342
-7.0768e-11 -0.070768
-7.08018e-11 -0.0708018
-7.08356e-11 -0.0708356
-7.08694e-11 -0.0708694
-7.09032e-11 -0.0709032
-7.09369e-11 -0.0709369
-7.09707e-11 -0.0709707
-7.10045e-11 -0.0710045
-7.10383e-11 -0.0710383
-7.10721e-11 -0.0710721
-7.11059e-11 -0.0711059
-7.11396e-11 -0.0711396
-7.11734e-11 -0.0711734
-7.12072e-11 -0.0712072
-7.1241e-11 -0.071241
-7.12748e-11 -0.0712748
-7.13086e-11 -0.0713086
-7.13423e-11 -0.0713423
-7.13761e-11 -0.0713761
-7.14099e-11 -0.0714099
-7.14437e-11 -0.0714437
-7.14775e-11 -0.0714775
-7.15113e-11 -0.0715113
-7.1545e-11 -0.071545
-7.15788e-11 -0.0715788
-7.16126e-11 -0.0716126
-7.16464e-11 -0.0716464
-7.16802e-11 -0.0716802
-7.1714e-11 -0.071714
-7.17477e-11 -0.0717477
-7.17815e-11 -0.0717815
-7.18153e-11 -0.0718153
-7.18491e-11 -0.0718491
-7.18829e-11 -0.0718829
-7.19167e-11 -0.0719167
-7.19504e-11 -0.0719504
-7.19842e-11 -0.0719842
-7.2018e-11 -0.072018
-7.20518e-11 -0.0720518
-7.20856e-11 -0.0720856
-7.21194e-11 -0.0721194
-7.21531e-11 -0.0721531
-7.21869e-11 -0.0721869
-7.22207e-11 -0.0722207
-7.22545e-11 -0.0722545
-7.22883e-11 -0.0722883
-7.23221e-11 -0.0723221
-7.23558e-11 -0.0723558
-7.23896e-11 -0.0723896
-7.24234e-11 -0.0724234
-7.24572e-11 -0.0724572
-7.2491e-11 -0.072491
-7.25248e-11 -0.0725248
-7.25585e-11 -0.0725585
-7.25923e-11 -0.0725923
-7.26261e-11 -0.0726261
-7.26599e-11 -0.0726599
-7.26937e-11 -0.0726937
-7.27275e-11 -0.0727275
-7.27612e-11 -0.0727612
-7.2795e-11 -0.072795
-7.28288e-11 -0.0728288
-7.28626e-11 -0.0728626
-7.28964e-11 -0.0728964
-7.29302e-11 -0.0729302
-7.29639e-11 -0.0729639
-7.29977e-11 -0.0729977
-7.30315e-11 -0.0730315
-7.30653e-11 -0.0730653
-7.30991e-11 -0.0730991
-7.31329e-11 -0.0731329
-7.31667e-11 -0.0731667
-7.32004e-11 -0.0732004
-7.32342e-11 -0.0732342
-7.3268e-11 -0.073268
-7.33018e-11 -0.0733018
-7.33356e-11 -0.0733356
-7.33694e-11 -0.0733694
-7.34031e-11 -0.0734031
-7.34369e-11 -0.0734369
-7.34707e-11 -0.0734707
-7.35045e-11 -0.0735045
-7.35383e-11 -0.0735383
-7.35721e-11 -0.0735721
-7.36058e-11 -0.0736058
-7.36396e-11 -0.0736396
-7.36734e-11 -0.0736734
-7.37072e-11 -0.0737072
-7.3741e-11 -0.073741
-7.37748e-11 -0.0737748
-7.38085e-11 -0.0738085
-7.38423e-11 -0.0738423
-7.38761e-11 -0.0738761
-7.39099e-11 -0.0739099
-7.39437e-11 -0.0739437
-7.39775e-11 -0.0739775
-7.40112e-11 -0.0740112
-7.4045e-11 -0.074045
-7.40788e-11 -0.0740788
-7.41126e-11 -0.0741126
-7.41464e-11 -0.0741464
-7.41802e-11 -0.0741802
-7.4214e-11 -0.074214
-7.42477e-11 -0.0742477
-7.42815e-11 -0.0742815
-7.43153e-11 -0.0743153
-7.43491e-11 -0.0743491
-7.43829e-11 -0.0743829
-7.44167e-11 -0.0744167
-7.44504e-11 -0.0744504
-7.44842e-11 -0.0744842
-7.4518e-11 -0.074518
-7.45518e-11 -0.0745518
-7.45856e-11 -0.0745856
-7.46194e-11 -0.0746194
-7.46531e-11 -0.0746531
-7.46869e-11 -0.0746869
-7.47207e-11 -0.0747207
-7.47545e-11 -0.0747545
-7.47883e-11 -0.0747883
-7.48221e-11 -0.0748221
-7.48559e-11 -0.0748559
-7.48896e-11 -0.0748896
-7.49234e-11 -0.0749234
-7.49572e-11 -0.0749572
-7.4991e-11 -0.074991
-7.50248e-11 -0.0750248
-7.50586e-11 -0.0750586
-7.50923e-11 -0.0750923
-7.51261e-11 -0.0751261
-7.51599e-11 -0.0751599
-7.51937e-11 -0.0751937
-7.52275e-11 -0.0752275
-7.52613e-11 -0.0752613
-7.5295e-11 -0.075295
-7.53288e-11 -0.0753288
-7.53626e-11 -0.0753626
-7.53964e-11 -0.0753964
-7.54302e-11 -0.0754302
-7.5464e-11 -0.075464
-7.54978e-11 -0.0754978
-7.55315e-11 -0.0755315
-7.55653e-11 -0.0755653
-7.55991e-11 -0.0755991
-7.56329e-11 -0.0756329
-7.56667e-11 -0.0756667
-7.57005e-11 -0.0757005
-7.57342e-11 -0.0757342
-7.5768e-11 -0.075768
-7.58018e-11 -0.0758018
-7.58356e-11 -0.0758356
-7.58694e-11 -0.0758694
-7.59032e-11 -0.0759032
-7.5937e-11 -0.075937
-7.59707e-11 -0.0759707
-7.60045e-11 -0.0760045
-7.60383e-11 -0.0760383
-7.60721e-11 -0.0760721
-7.61059e-11 -0.0761059
-7.61397e-11 -0.0761397
-7.61734e-11 -0.0761734
-7.62072e-11 -0.0762072
-7.6241e-11 -0.076241
-7.62748e-11 -0.0762748
-7.63086e-11 -0.0763086
-7.63424e-11 -0.0763424
-7.63762e-11 -0.0763762
-7.64099e-11 -0.0764099
-7.64437e-11 -0.0764437
-7.64775e-11 -0.0764775
-7.65113e-11 -0.0765113
-7.65451e-11 -0.0765451
-7.65789e-11 -0.0765789
-7.66126e-11 -0.0766126
-7.66464e-11 -0.0766464
-7.66802e-11 -0.0766802
-7.6714e-11 -0.076714
-7.67478e-11 -0.0767478
-7.67816e-11 -0.0767816
-7.68154e-11 -0.0768154
-7.68491e-11 -0.0768491
-7.68829e-11 -0.0768829
-7.69167e-11 -0.0769167
-7.69505e-11 -0.0769505
-7.69843e-11 -0.0769843
-7.70181e-11 -0.0770181
-7.70518e-11 -0.0770518
-7.70856e-11 -0.0770856
-7.71194e-11 -0.0771194
-7.71532e-11 -0.0771532
-7.7187e-11 -0.077187
-7.72208e-11 -0.0772208
-7.72546e-11 -0.0772546
-7.72883e-11 -0.0772883
-7.73221e-11 -0.0773221
-7.73559e-11 -0.0773559
-7.73897e-11 -0.0773897
-7.74235e-11 -0.0774235
-7.74573e-11 -0.0774573
-7.74911e-11 -0.0774911
-7.75248e-11 -0.0775248
-7.75586e-11 -0.0775586
-7.75924e-11 -0.0775924
-7.76262e-11 -0.0776262
-7.766e-11 -0.07766
-7.76938e-11 -0.0776938
-7.77275e-11 -0.0777275
-7.77613e-11 -0.0777613
-7.77951e-11 -0.0777951
-7.78289e-11 -0.0778289
-7.78627e-11 -0.0778627
-7.78965e-11 -0.0778965
-7.79303e-11 -0.0779303
-7.7964e-11 -0.077964
-7.79978e-11 -0.0779978
-7.80316e-11 -0.0780316
-7.80654e-11 -0.0780654
-7.80992e-11 -0.0780992
-7.8133e-11 -0.078133
-7.81668e-11 -0.0781668
-7.82005e-11 -0.0782005
-7.82343e-11 -0.0782343
-7.82681e-11 -0.0782681
-7.83019e-11 -0.0783019
-7.83357e-11 -0.0783357
-7.83695e-11 -0.0783695
-7.84032e-11 -0.0784032
-7.8437e-11 -0.078437
-7.84708e-11 -0.0784708
-7.85046e-11 -0.0785046
-7.85384e-11 -0.0785384
-7.85722e-11 -0.0785722
-7.8606e-11 -0.078606
-7.86397e-11 -0.0786397
-7.86735e-11 -0.0786735
-7.87073e-11 -0.0787073
-7.87411e-11 -0.0787411
-7.87749e-11 -0.0787749
-7.88087e-11 -0.0788087
-7.88425e-11 -0.0788425
-7.88762e-11 -0.0788762
-7.891e-11 -0.07891
-7.89438e-11 -0.0789438
-7.89776e-11 -0.0789776
-7.90114e-11 -0.0790114
-7.90452e-11 -0.0790452
-7.9079e-11 -0.079079
-7.91127e-11 -0.0791127
-7.91465e-11 -0.0791465
-7.91803e-11 -0.0791803
-7.92141e-11 -0.0792141
-7.92479e-11 -0.0792479
-7.92817e-11 -0.0792817
-7.93155e-11 -0.0793155
-7.93492e-11 -0.0793492
-7.9383e-11 -0.079383
-7.94168e-11 -0.0794168
-7.94506e-11 -0.0794506
-7.94844e-11 -0.0794844
-7.95182e-11 -0.0795182
-7.95519e-11 -0.0795519
-7.95857e-11 -0.0795857
-7.96195e-11 -0.0796195
-7.96533e-11 -0.0796533
-7.96871e-11 -0.0796871
-7.97209e-11 -0.0797209
-7.97547e-11 -0.0797547
-7.97884e-11 -0.0797884
-7.98222e-11 -0.0798222
-7.9856e-11 -0.079856
-7.98898e-11 -0.0798898
-7.99236e-11 -0.0799236
-7.99574e-11 -0.0799574
-7.99912e-11 -0.0799912
-8.00249e-11 -0.0800249
-8.00587e-11 -0.0800587
-8.00925e-11 -0.0800925
-8.01263e-11 -0.0801263
-8.01601e-11 -0.0801601
-8.01939e-11 -0.0801939
-8.02277e-11 -0.0802277
-8.02614e-11 -0.0802614
-8.02952e-11 -0.0802952
-8.0329e-11 -0.080329
-8.03628e-11 -0.0803628
-8.03966e-11 -0.0803966
-8.04304e-11 -0.0804304
-8.04642e-11 -0.0804642
-8.04979e-11 -0.0804979
-8.05317e-11 -0.0805317
-8.05655e-11 -0.0805655
-8.05993e-11 -0.0805993
-8.06331e-11 -0.0806331
-8.06669e-11 -0.0806669
-8.07007e-11 -0.0807007
-8.07344e-11 -0.0807344
-8.07682e-11 -0.0807682
-8.0802e-11 -0.080802
-8.08358e-11 -0.0808358
-8.08696e-11 -0.0808696
-8.09034e-11 -0.0809034
-8.09372e-11 -0.0809372
-8.09709e-11 -0.0809709
-8.10047e-11 -0.0810047
-8.10385e-11 -0.0810385
-8.10723e-11 -0.0810723
-8.11061e-11 -0.0811061
-8.11399e-11 -0.0811399
-8.11737e-11 -0.0811737
-8.12075e-11 -0.0812075
-8.12412e-11 -0.0812412
-8.1275e-11 -0.081275
-8.13088e-11 -0.0813088
-8.13426e-11 -0.0813426
-8.13764e-11 -0.0813764
-8.14102e-11 -0.0814102
-8.1444e-11 -0.081444
-8.14777e-11 -0.0814777
-8.15115e-11 -0.0815115
-8.15453e-11 -0.0815453
-8.15791e-11 -0.0815791
-8.16129e-11 -0.0816129
-8.16467e-11 -0.0816467
-8.16805e-11 -0.0816805
-8.17142e-11 -0.0817142
-8.1748e-11 -0.081748
-8.17818e-11 -0.0817818
-8.18156e-11 -0.0818156
-8.18494e-11 -0.0818494
-8.18832e-11 -0.0818832
-8.1917e-11 -0.081917
-8.19507e-11 -0.0819507
-8.19845e-11 -0.0819845
-8.20183e-11 -0.0820183
-8.20521e-11 -0.0820521
-8.20859e-11 -0.0820859
-8.21197e-11 -0.0821197
-8.21535e-11 -0.0821535
-8.21872e-11 -0.0821872
-8.2221e-11 -0.082221
-8.22548e-11 -0.0822548
-8.22886e-11 -0.0822886
-8.23224e-11 -0.0823224
-8.23562e-11 -0.0823562
-8.239e-11 -0.08239
-8.24238e-11 -0.0824238
-8.24575e-11 -0.0824575
-8.24913e-11 -0.0824913
-8.25251e-11 -0.0825251
-8.25589e-11 -0.0825589
-8.25913e-11 -0.0825913
-8.262e-11 -0.08262
-8.26486e-11 -0.0826486
-8.26773e-11 -0.0826773
-8.2706e-11 -0.082706
-8.27347e-11 -0.0827347
-8.27634e-11 -0.0827634
-8.27921e-11 -0.0827921
-8.28208e-11 -0.0828208
-8.28495e-11 -0.0828495
-8.28781e-11 -0.0828781
-8.29068e-11 -0.0829068
-8.29355e-11 -0.0829355
-8.29642e-11 -0.0829642
-8.29929e-11 -0.0829929
-8.30216e-11 -0.0830216
-8.30503e-11 -0.0830503
-8.3079e-11 -0.083079
-8.31076e-11 -0.0831076
-8.31363e-11 -0.0831363
-8.3165e-11 -0.083165
-8.31937e-11 -0.0831937
-8.32224e-11 -0.0832224
-8.32511e-11 -0.0832511
-8.32798e-11 -0.0832798
-8.33085e-11 -0.0833085
-8.33371e-11 -0.0833371
-8.33658e-11 -0.0833658
-8.33945e-11 -0.0833945
-8.34232e-11 -0.0834232
-8.34519e-11 -0.0834519
-8.34806e-11 -0.0834806
-8.35093e-11 -0.0835093
-8.3538e-11 -0.083538
-8.35666e-11 -0.0835666
-8.35953e-11 -0.0835953
-8.3624e-11 -0.083624
-8.36527e-11 -0.0836527
-8.36814e-11 -0.0836814
-8.37101e-11 -0.0837101
-8.37388e-11 -0.0837388
-8.37675e-11 -0.0837675
-8.37962e-11 -0.0837962
-8.38248e-11 -0.0838248
-8.38535e-11 -0.0838535
-8.38822e-11 -0.0838822
-8.39109e-11 -0.0839109
-8.39396e-11 -0.0839396
-8.39683e-11 -0.0839683
-8.3997e-11 -0.083997
-8.40257e-11 -0.0840257
-8.40543e-11 -0.0840543
-8.4083e-11 -0.084083
-8.41117e-11 -0.0841117
-8.41404e-11 -0.0841404
-8.41691e-11 -0.0841691
-8.41978e-11 -0.0841978
-8.42265e-11 -0.0842265
-8.42552e-11 -0.0842552
-8.42839e-11 -0.0842839
-8.43125e-11 -0.0843125
-8.43412e-11 -0.0843412
-8.43699e-11 -0.0843699
-8.43986e-11 -0.0843986
-8.44244e-11 -0.0844244
-8.44498e-11 -0.0844498
-8.44752e-11 -0.0844752
-8.45007e-11 -0.0845007
-8.45261e-11 -0.0845261
-8.45515e-11 -0.0845515
-8.4577e-11 -0.084577
-8.46024e-11 -0.0846024
-8.46278e-11 -0.0846278
-8.46533e-11 -0.0846533
-8.46787e-11 -0.0846787
-8.47041e-11 -0.0847041
-8.47296e-11 -0.0847296
-8.4755e-11 -0.084755
-8.47804e-11 -0.0847804
-8.48059e-11 -0.0848059
-8.48313e-11 -0.0848313
-8.48567e-11 -0.0848567
-8.48822e-11 -0.0848822
-8.49076e-11 -0.0849076
-8.49331e-11 -0.0849331
-8.49585e-11 -0.0849585
-8.49839e-11 -0.0849839
-8.50094e-11 -0.0850094
-8.50348e-11 -0.0850348
-8.50602e-11 -0.0850602
-8.50857e-11 -0.0850857
-8.51111e-11 -0.0851111
-8.51365e-11 -0.0851365
-8.5162e-11 -0.085162
-8.51874e-11 -0.0851874
-8.52128e-11 -0.0852128
-8.52383e-11 -0.0852383
-8.52637e-11 -0.0852637
-8.52891e-11 -0.0852891
-8.53146e-11 -0.0853146
-8.534e-11 -0.08534
-8.53654e-11 -0.0853654
-8.53909e-11 -0.0853909
-8.54163e-11 -0.0854163
-8.54417e-11 -0.0854417
-8.54672e-11 -0.0854672
-8.54926e-11 -0.0854926
-8.55181e-11 -0.0855181
-8.55435e-11 -0.0855435
-8.55689e-11 -0.0855689
-8.55944e-11 -0.0855944
-8.56198e-11 -0.0856198
-8.56452e-11 -0.0856452
-8.56707e-11 -0.0856707
-8.56961e-11 -0.0856961
-8.57215e-11 -0.0857215
-8.5747e-11 -0.085747
-8.57724e-11 -0.0857724
-8.57978e-11 -0.0857978
-8.58233e-11 -0.0858233
-8.58487e-11 -0.0858487
-8.58742e-11 -0.0858742
-8.58996e-11 -0.0858996
-8.5925e-11 -0.085925
-8.59505e-11 -0.0859505
-8.59759e-11 -0.0859759
-8.60013e-11 -0.0860013
-8.60268e-11 -0.0860268
-8.60522e-11 -0.0860522
-8.60776e-11 -0.0860776
-8.61031e-11 -0.0861031
-8.61285e-11 -0.0861285
-8.61539e-11 -0.0861539
-8.61794e-11 -0.0861794
-8.62048e-11 -0.0862048
-8.62303e-11 -0.0862303
-8.62557e-11 -0.0862557
-8.62811e-11 -0.0862811
-8.63066e-11 -0.0863066
-8.6332e-11 -0.086332
-8.63574e-11 -0.0863574
-8.63829e-11 -0.0863829
-8.64083e-11 -0.0864083
-8.64337e-11 -0.0864337
-8.64592e-11 -0.0864592
-8.64846e-11 -0.0864846
-8.65101e-11 -0.0865101
-8.65355e-11 -0.0865355
-8.65609e-11 -0.0865609
-8.65864e-11 -0.0865864
-8.66118e-11 -0.0866118
-8.66372e-11 -0.0866372
-8.66627e-11 -0.0866627
-8.66881e-11 -0.0866881
-8.67136e-11 -0.0867136
-8.6739e-11 -0.086739
-8.67644e-11 -0.0867644
-8.67899e-11 -0.0867899
-8.68153e-11 -0.0868153
-8.68407e-11 -0.0868407
-8.68662e-11 -0.0868662
-8.68916e-11 -0.0868916
-8.69171e-11 -0.0869171
-8.69425e-11 -0.0869425
-8.69679e-11 -0.0869679
-8.69934e-11 -0.0869934
-8.70188e-11 -0.0870188
-8.70442e-11 -0.0870442
-8.70697e-11 -0.0870697
-8.70951e-11 -0.0870951
-8.71206e-11 -0.0871206
-8.7146e-11 -0.087146
-8.71714e-11 -0.0871714
-8.71969e-11 -0.0871969
-8.72223e-11 -0.0872223
-8.72477e-11 -0.0872477
-8.72732e-11 -0.0872732
-8.72986e-11 -0.0872986
-8.73241e-11 -0.0873241
-8.73495e-11 -0.0873495
-8.73749e-11 -0.0873749
-8.74004e-11 -0.0874004
-8.74258e-11 -0.0874258
-8.74512e-11 -0.0874512
-8.74767e-11 -0.0874767
-8.75021e-11 -0.0875021
-8.75276e-11 -0.0875276
-8.7553e-11 -0.087553
-8.75784e-11 -0.0875784
-8.76039e-11 -0.0876039
-8.76293e-11 -0.0876293
-8.76548e-11 -0.0876548
-8.76802e-11 -0.0876802
-8.77056e-11 -0.0877056
-8.77311e-11 -0.0877311
-8.77565e-11 -0.0877565
-8.77819e-11 -0.0877819
-8.78074e-11 -0.0878074
-8.78328e-11 -0.0878328
-8.78583e-11 -0.0878583
-8.78837e-11 -0.0878837
-8.79091e-11 -0.0879091
-8.79346e-11 -0.0879346
-8.796e-11 -0.08796
-8.79855e-11 -0.0879855
-8.80109e-11 -0.0880109
-8.80363e-11 -0.0880363
-8.80618e-11 -0.0880618
-8.80872e-11 -0.0880872
-8.81127e-11 -0.0881127
-8.81381e-11 -0.0881381
-8.81635e-11 -0.0881635
-8.8189e-11 -0.088189
-8.82144e-11 -0.0882144
-8.82399e-11 -0.0882399
-8.82653e-11 -0.0882653
-8.82907e-11 -0.0882907
-8.83162e-11 -0.0883162
-8.83416e-11 -0.0883416
-8.83671e-11 -0.0883671
-8.83925e-11 -0.0883925
-8.84179e-11 -0.0884179
-8.84434e-11 -0.0884434
-8.84688e-11 -0.0884688
-8.84943e-11 -0.0884943
-8.85197e-11 -0.0885197
-8.85451e-11 -0.0885451
-8.85706e-11 -0.0885706
-8.8596e-11 -0.088596
-8.86214e-11 -0.0886214
-8.86469e-11 -0.0886469
-8.86723e-11 -0.0886723
-8.86978e-11 -0.0886978
-8.87232e-11 -0.0887232
-8.87487e-11 -0.0887487
-8.87741e-11 -0.0887741
-8.87995e-11 -0.0887995
-8.8825e-11 -0.088825
-8.88504e-11 -0.0888504
-8.88759e-11 -0.0888759
-8.89013e-11 -0.0889013
-8.89267e-11 -0.0889267
-8.89522e-11 -0.0889522
-8.89776e-11 -0.0889776
-8.90031e-11 -0.0890031
-8.90285e-11 -0.0890285
-8.90539e-11 -0.0890539
-8.90794e-11 -0.0890794
-8.91048e-11 -0.0891048
-8.91303e-11 -0.0891303
-8.91557e-11 -0.0891557
-8.91811e-11 -0.0891811
-8.92066e-11 -0.0892066
-8.9232e-11 -0.089232
-8.92575e-11 -0.0892575
-8.92829e-11 -0.0892829
-8.93083e-11 -0.0893083
-8.93338e-11 -0.0893338
-8.93592e-11 -0.0893592
-8.93847e-11 -0.0893847
-8.94101e-11 -0.0894101
-8.94356e-11 -0.0894356
-8.9461e-11 -0.089461
-8.94864e-11 -0.0894864
-8.95119e-11 -0.0895119
-8.95373e-11 -0.0895373
-8.95628e-11 -0.0895628
-8.95882e-11 -0.0895882
-8.96136e-11 -0.0896136
-8.96391e-11 -0.0896391
-8.96645e-11 -0.0896645
-8.969e-11 -0.08969
-8.97154e-11 -0.0897154
-8.97409e-11 -0.0897409
-8.97663e-11 -0.0897663
-8.97917e-11 -0.0897917
-8.98172e-11 -0.0898172
-8.98426e-11 -0.0898426
-8.98681e-11 -0.0898681
-8.98935e-11 -0.0898935
-8.99189e-11 -0.0899189
-8.99444e-11 -0.0899444
-8.99698e-11 -0.0899698
-8.99953e-11 -0.0899953
-9.00207e-11 -0.0900207
-9.00462e-11 -0.0900462
-9.00716e-11 -0.0900716
-9.0097e-11 -0.090097
-9.01225e-11 -0.0901225
-9.01479e-11 -0.0901479
-9.01734e-11 -0.0901734
-9.01988e-11 -0.0901988
-9.02243e-11 -0.0902243
-9.02497e-11 -0.0902497
-9.02751e-11 -0.0902751
-9.03006e-11 -0.0903006
-9.0326e-11 -0.090326
-9.03515e-11 -0.0903515
-9.03769e-11 -0.0903769
-9.04024e-11 -0.0904024
-9.04278e-11 -0.0904278
-9.04532e-11 -0.0904532
-9.04787e-11 -0.0904787
-9.05041e-11 -0.0905041
-9.05296e-11 -0.0905296
-9.0555e-11 -0.090555
-9.05805e-11 -0.0905805
-9.06059e-11 -0.0906059
-9.06313e-11 -0.0906313
-9.06568e-11 -0.0906568
-9.06822e-11 -0.0906822
-9.07077e-11 -0.0907077
-9.07331e-11 -0.0907331
-9.07586e-11 -0.0907586
-9.0784e-11 -0.090784
-9.08094e-11 -0.0908094
-9.08349e-11 -0.0908349
-9.08603e-11 -0.0908603
-9.08858e-11 -0.0908858
-9.09112e-11 -0.0909112
-9.09367e-11 -0.0909367
-9.09621e-11 -0.0909621
-9.09875e-11 -0.0909875
-9.1013e-11 -0.091013
-9.10384e-11 -0.0910384
-9.10639e-11 -0.0910639
-9.10893e-11 -0.0910893
-9.11148e-11 -0.0911148
-9.11402e-11 -0.0911402
-9.11657e-11 -0.0911657
-9.11911e-11 -0.0911911
-9.12165e-11 -0.0912165
-9.1242e-11 -0.091242
-9.12674e-11 -0.0912674
-9.12929e-11 -0.0912929
-9.13183e-11 -0.0913183
-9.13438e-11 -0.0913438
-9.13692e-11 -0.0913692
-9.13947e-11 -0.0913947
-9.14201e-11 -0.0914201
-9.14455e-11 -0.0914455
-9.1471e-11 -0.091471
-9.14964e-11 -0.0914964
-9.15219e-11 -0.0915219
-9.15473e-11 -0.0915473
-9.15728e-11 -0.0915728
-9.15982e-11 -0.0915982
-9.16237e-11 -0.0916237
-9.16491e-11 -0.0916491
-9.16745e-11 -0.0916745
-9.17e-11 -0.0917
-9.17254e-11 -0.0917254
-9.17509e-11 -0.0917509
-9.17763e-11 -0.0917763
-9.18018e-11 -0.0918018
-9.18272e-11 -0.0918272
-9.18527e-11 -0.0918527
-9.18781e-11 -0.0918781
-9.19035e-11 -0.0919035
-9.1929e-11 -0.091929
-9.19544e-11 -0.0919544
-9.19799e-11 -0.0919799
-9.20053e-11 -0.0920053
-9.20308e-11 -0.0920308
-9.20562e-11 -0.0920562
-9.20817e-11 -0.0920817
-9.21071e-11 -0.0921071
-9.21326e-11 -0.0921326
-9.2158e-11 -0.092158
-9.21834e-11 -0.0921834
-9.22089e-11 -0.0922089
-9.22343e-11 -0.0922343
-9.22598e-11 -0.0922598
-9.22852e-11 -0.0922852
-9.23107e-11 -0.0923107
-9.23361e-11 -0.0923361
-9.23616e-11 -0.0923616
-9.2387e-11 -0.092387
-9.24125e-11 -0.0924125
-9.24379e-11 -0.0924379
-9.24633e-11 -0.0924633
-9.24888e-11 -0.0924888
-9.25142e-11 -0.0925142
-9.25397e-11 -0.0925397
-9.25651e-11 -0.0925651
-9.25906e-11 -0.0925906
-9.2616e-11 -0.092616
-9.26415e-11 -0.0926415
-9.26669e-11 -0.0926669
-9.26924e-11 -0.0926924
-9.27178e-11 -0.0927178
-9.27433e-11 -0.0927433
-9.27687e-11 -0.0927687
-9.27942e-11 -0.0927942
-9.28196e-11 -0.0928196
-9.2845e-11 -0.092845
-9.28705e-11 -0.0928705
-9.28959e-11 -0.0928959
-9.29214e-11 -0.0929214
-9.29468e-11 -0.0929468
-9.29723e-11 -0.0929723
-9.29977e-11 -0.0929977
-9.30232e-11 -0.0930232
-9.30486e-11 -0.0930486
-9.30741e-11 -0.0930741
-9.30995e-11 -0.0930995
-9.3125e-11 -0.093125
-9.31504e-11 -0.0931504
-9.31759e-11 -0.0931759
-9.32013e-11 -0.0932013
-9.32267e-11 -0.0932267
-9.32522e-11 -0.0932522
-9.32776e-11 -0.0932776
-9.33031e-11 -0.0933031
-9.33285e-11 -0.0933285
-9.3354e-11 -0.093354
-9.33794e-11 -0.0933794
-9.34049e-11 -0.0934049
-9.34303e-11 -0.0934303
-9.34558e-11 -0.0934558
-9.34812e-11 -0.0934812
-9.35067e-11 -0.0935067
-9.35321e-11 -0.0935321
-9.35576e-11 -0.0935576
-9.3583e-11 -0.093583
-9.36085e-11 -0.0936085
-9.36339e-11 -0.0936339
-9.36594e-11 -0.0936594
-9.36848e-11 -0.0936848
-9.37103e-11 -0.0937103
-9.37357e-11 -0.0937357
-9.37611e-11 -0.0937611
-9.37866e-11 -0.0937866
-9.3812e-11 -0.093812
-9.38375e-11 -0.0938375
-9.38629e-11 -0.0938629
-9.38884e-11 -0.0938884
-9.39138e-11 -0.0939138
-9.39393e-11 -0.0939393
-9.39647e-11 -0.0939647
-9.39902e-11 -0.0939902
-9.40156e-11 -0.0940156
-9.40411e-11 -0.0940411
-9.40665e-11 -0.0940665
-9.4092e-11 -0.094092
-9.41174e-11 -0.0941174
-9.41429e-11 -0.0941429
-9.41683e-11 -0.0941683
-9.41938e-11 -0.0941938
-9.42192e-11 -0.0942192
-9.42447e-11 -0.0942447
-9.42701e-11 -0.0942701
-9.42956e-11 -0.0942956
-9.4321e-11 -0.094321
-9.43465e-11 -0.0943465
-9.43719e-11 -0.0943719
-9.43974e-11 -0.0943974
-9.44228e-11 -0.0944228
-9.44483e-11 -0.0944483
-9.44737e-11 -0.0944737
-9.44992e-11 -0.0944992
-9.45246e-11 -0.0945246
-9.45501e-11 -0.0945501
-9.45755e-11 -0.0945755
-9.4601e-11 -0.094601
-9.46264e-11 -0.0946264
-9.46519e-11 -0.0946519
-9.46773e-11 -0.0946773
-9.47027e-11 -0.0947027
-9.47282e-11 -0.0947282
-9.47536e-11 -0.0947536
-9.47791e-11 -0.0947791
-9.48045e-11 -0.0948045
-9.483e-11 -0.09483
-9.48554e-11 -0.0948554
-9.48809e-11 -0.0948809
-9.49063e-11 -0.0949063
-9.49318e-11 -0.0949318
-9.49572e-11 -0.0949572
-9.49827e-11 -0.0949827
-9.50081e-11 -0.0950081
-9.50336e-11 -0.0950336
-9.5059e-11 -0.095059
-9.50845e-11 -0.0950845
-9.51099e-11 -0.0951099
-9.51354e-11 -0.0951354
-9.51608e-11 -0.0951608
-9.51863e-11 -0.0951863
-9.52117e-11 -0.0952117
-9.52372e-11 -0.0952372
-9.52626e-11 -0.0952626
-9.52881e-11 -0.0952881
-9.53135e-11 -0.0953135
-9.5339e-11 -0.095339
-9.53644e-11 -0.0953644
-9.53899e-11 -0.0953899
-9.54153e-11 -0.0954153
-9.54408e-11 -0.0954408
-9.54663e-11 -0.0954663
-9.54917e-11 -0.0954917
-9.55172e-11 -0.0955172
-9.55426e-11 -0.0955426
-9.55681e-11 -0.0955681
-9.55935e-11 -0.0955935
-9.5619e-11 -0.095619
-9.56444e-11 -0.0956444
-9.56699e-11 -0.0956699
-9.56953e-11 -0.0956953
-9.57208e-11 -0.0957208
-9.57462e-11 -0.0957462
-9.57717e-11 -0.0957717
-9.57971e-11 -0.0957971
-9.58226e-11 -0.0958226
-9.5848e-11 -0.095848
-9.58735e-11 -0.0958735
-9.58989e-11 -0.0958989
-9.59244e-11 -0.0959244
-9.59498e-11 -0.0959498
-9.59753e-11 -0.0959753
-9.60007e-11 -0.0960007
-9.60262e-11 -0.0960262
-9.60516e-11 -0.0960516
-9.60771e-11 -0.0960771
-9.61025e-11 -0.0961025
-9.6128e-11 -0.096128
-9.61534e-11 -0.0961534
-9.61789e-11 -0.0961789
-9.62043e-11 -0.0962043
-9.62298e-11 -0.0962298
-9.62552e-11 -0.0962552
-9.62807e-11 -0.0962807
-9.63061e-11 -0.0963061
-9.63316e-11 -0.0963316
-9.6357e-11 -0.096357
-9.63825e-11 -0.0963825
-9.6408e-11 -0.096408
-9.64334e-11 -0.0964334
-9.64589e-11 -0.0964589
-9.64843e-11 -0.0964843
-9.65098e-11 -0.0965098
-9.65352e-11 -0.0965352
-9.65607e-11 -0.0965607
-9.65861e-11 -0.0965861
-9.66116e-11 -0.0966116
-9.6637e-11 -0.096637
-9.66625e-11 -0.0966625
-9.66879e-11 -0.0966879
-9.67134e-11 -0.0967134
-9.67388e-11 -0.0967388
-9.67643e-11 -0.0967643
-9.67897e-11 -0.0967897
-9.68152e-11 -0.0968152
-9.68406e-11 -0.0968406
-9.68661e-11 -0.0968661
-9.68915e-11 -0.0968915
-9.6917e-11 -0.096917
-9.69425e-11 -0.0969425
-9.69679e-11 -0.0969679
-9.69934e-11 -0.0969934
-9.70188e-11 -0.0970188
-9.70443e-11 -0.0970443
-9.70697e-11 -0.0970697
-9.70952e-11 -0.0970952
-9.71206e-11 -0.0971206
-9.71461e-11 -0.0971461
-9.71715e-11 -0.0971715
-9.7197e-11 -0.097197
-9.72224e-11 -0.0972224
-9.72479e-11 -0.0972479
-9.72733e-11 -0.0972733
-9.72988e-11 -0.0972988
-9.73243e-11 -0.0973243
-9.73497e-11 -0.0973497
-9.73752e-11 -0.0973752
-9.74006e-11 -0.0974006
-9.74261e-11 -0.0974261
-9.74515e-11 -0.0974515
-9.7477e-11 -0.097477
-9.75024e-11 -0.0975024
-9.75279e-11 -0.0975279
-9.75533e-11 -0.0975533
-9.75788e-11 -0.0975788
-9.76042e-11 -0.0976042
-9.76297e-11 -0.0976297
-9.76551e-11 -0.0976551
-9.76806e-11 -0.0976806
-9.77061e-11 -0.0977061
-9.77315e-11 -0.0977315
-9.7757e-11 -0.097757
-9.77824e-11 -0.0977824
-9.78079e-11 -0.0978079
-9.78333e-11 -0.0978333
-9.78588e-11 -0.0978588
-9.78842e-11 -0.0978842
-9.79097e-11 -0.0979097
-9.79351e-11 -0.0979351
-9.79606e-11 -0.0979606
-9.79861e-11 -0.0979861
-9.80115e-11 -0.0980115
-9.8037e-11 -0.098037
-9.80624e-11 -0.0980624
-9.80879e-11 -0.0980879
-9.81133e-11 -0.0981133
-9.81388e-11 -0.0981388
-9.81642e-11 -0.0981642
-9.81897e-11 -0.0981897
-9.82151e-11 -0.0982151
-9.82406e-11 -0.0982406
-9.82661e-11 -0.0982661
-9.82915e-11 -0.0982915
-9.8317e-11 -0.098317
-9.83424e-11 -0.0983424
-9.83679e-11 -0.0983679
-9.83933e-11 -0.0983933
-9.84188e-11 -0.0984188
-9.84442e-11 -0.0984442
-9.84697e-11 -0.0984697
-9.84952e-11 -0.0984952
-9.85206e-11 -0.0985206
-9.85461e-11 -0.0985461
-9.85715e-11 -0.0985715
-9.8597e-11 -0.098597
-9.86224e-11 -0.0986224
-9.86479e-11 -0.0986479
-9.86733e-11 -0.0986733
-9.86988e-11 -0.0986988
-9.87243e-11 -0.0987243
-9.87497e-11 -0.0987497
-9.87752e-11 -0.0987752
-9.88006e-11 -0.0988006
-9.88261e-11 -0.0988261
-9.88515e-11 -0.0988515
-9.8877e-11 -0.098877
-9.89024e-11 -0.0989024
-9.89279e-11 -0.0989279
-9.89534e-11 -0.0989534
-9.89788e-11 -0.0989788
-9.90043e-11 -0.0990043
-9.90297e-11 -0.0990297
-9.90552e-11 -0.0990552
-9.90806e-11 -0.0990806
-9.91061e-11 -0.0991061
-9.91315e-11 -0.0991315
-9.9157e-11 -0.099157
-9.91825e-11 -0.0991825
-9.92079e-11 -0.0992079
-9.92334e-11 -0.0992334
-9.92588e-11 -0.0992588
-9.92843e-11 -0.0992843
-9.93097e-11 -0.0993097
-9.93352e-11 -0.0993352
-9.93607e-11 -0.0993607
-9.93861e-11 -0.0993861
-9.94116e-11 -0.0994116
-9.9437e-11 -0.099437
-9.94625e-11 -0.0994625
-9.94879e-11 -0.0994879
-9.95134e-11 -0.0995134
-9.95389e-11 -0.0995389
-9.95643e-11 -0.0995643
-9.95898e-11 -0.0995898
-9.96152e-11 -0.0996152
-9.96407e-11 -0.0996407
-9.96661e-11 -0.0996661
-9.96916e-11 -0.0996916
-9.97171e-11 -0.0997171
-9.97425e-11 -0.0997425
-9.9768e-11 -0.099768
-9.97934e-11 -0.0997934
-9.98189e-11 -0.0998189
-9.98443e-11 -0.0998443
-9.98698e-11 -0.0998698
-9.98953e-11 -0.0998953
-9.99207e-11 -0.0999207
-9.99462e-11 -0.0999462
-9.99716e-11 -0.0999716
-9.99971e-11 -0.0999971
-1.00023e-10 -0.100023
-1.00048e-10 -0.100048
-1.00073e-10 -0.100073
-1.00099e-10 -0.100099
-1.00124e-10 -0.100124
-1.0015e-10 -0.10015
-1.00175e-10 -0.100175
-1.00201e-10 -0.100201
-1.00226e-10 -0.100226
-1.00252e-10 -0.100252
-1.00277e-10 -0.100277
-1.00303e-10 -0.100303
-1.00328e-10 -0.100328
-1.00353e-10 -0.100353
-1.00379e-10 -0.100379
-1.00404e-10 -0.100404
-1.0043e-10 -0.10043
-1.00455e-10 -0.100455
-1.00481e-10 -0.100481
-1.00506e-10 -0.100506
-1.00532e-10 -0.100532
-1.00557e-10 -0.100557
-1.00583e-10 -0.100583
-1.00608e-10 -0.100608
-1.00634e-10 -0.100634
-1.00659e-10 -0.100659
-1.00684e-10 -0.100684
-1.0071e-10 -0.10071
-1.00735e-10 -0.100735
-1.00761e-10 -0.100761
-1.00786e-10 -0.100786
-1.00812e-10 -0.100812
-1.00837e-10 -0.100837
-1.00863e-10 -0.100863
-1.00888e-10 -0.100888
-1.00914e-10 -0.100914
-1.00939e-10 -0.100939
-1.00965e-10 -0.100965
-1.0099e-10 -0.10099
-1.01015e-10 -0.101015
-1.01041e-10 -0.101041
-1.01066e-10 -0.101066
-1.01092e-10 -0.101092
-1.01117e-10 -0.101117
-1.01143e-10 -0.101143
-1.01168e-10 -0.101168
-1.01194e-10 -0.101194
-1.01219e-10 -0.101219
-1.01245e-10 -0.101245
-1.0127e-10 -0.10127
-1.01295e-10 -0.101295
-1.01321e-10 -0.101321
-1.01346e-10 -0.101346
-1.01372e-10 -0.101372
-1.01397e-10 -0.101397
-1.01423e-10 -0.101423
-1.01448e-10 -0.101448
-1.01474e-10 -0.101474
-1.01499e-10 -0.101499
-1.01525e-10 -0.101525
-1.0155e-10 -0.10155
-1.01576e-10 -0.101576
-1.01601e-10 -0.101601
-1.01626e-10 -0.101626
-1.01652e-10 -0.101652
-1.01677e-10 -0.101677
-1.01703e-10 -0.101703
-1.01728e-10 -0.101728
-1.01754e-10 -0.101754
-1.01779e-10 -0.101779
-1.01805e-10 -0.101805
-1.0183e-10 -0.10183
-1.01856e-10 -0.101856
-1.01881e-10 -0.101881
-1.01907e-10 -0.101907
-1.01932e-10 -0.101932
-1.01957e-10 -0.101957
-1.01983e-10 -0.101983
-1.02008e-10 -0.102008
-1.02034e-10 -0.102034
-1.02059e-10 -0.102059
-1.02085e-10 -0.102085
-1.0211e-10 -0.10211
-1.02136e-10 -0.102136
-1.02161e-10 -0.102161
-1.02187e-10 -0.102187
-1.02212e-10 -0.102212
-1.02238e-10 -0.102238
-1.02263e-10 -0.102263
-1.02288e-10 -0.102288
-1.02314e-10 -0.102314
-1.02339e-10 -0.102339
-1.02365e-10 -0.102365
-1.0239e-10 -0.10239
-1.02416e-10 -0.102416
-1.02441e-10 -0.102441
-1.02467e-10 -0.102467
-1.02492e-10 -0.102492
-1.02518e-10 -0.102518
-1.02543e-10 -0.102543
-1.02569e-10 -0.102569
-1.02594e-10 -0.102594
-1.02619e-10 -0.102619
-1.02645e-10 -0.102645
-1.0267e-10 -0.10267
-1.02696e-10 -0.102696
-1.02721e-10 -0.102721
-1.02747e-10 -0.102747
-1.02772e-10 -0.102772
-1.02798e-10 -0.102798
-1.02823e-10 -0.102823
-1.02849e-10 -0.102849
-1.02874e-10 -0.102874
-1.029e-10 -0.1029
-1.02925e-10 -0.102925
-1.0295e-10 -0.10295
-1.02976e-10 -0.102976
-1.03001e-10 -0.103001
-1.03027e-10 -0.103027
-1.03052e-10 -0.103052
-1.03078e-10 -0.103078
-1.03103e-10 -0.103103
-1.03129e-10 -0.103129
-1.03154e-10 -0.103154
-1.0318e-10 -0.10318
-1.03205e-10 -0.103205
-1.03231e-10 -0.103231
-1.03256e-10 -0.103256
-1.03281e-10 -0.103281
-1.03307e-10 -0.103307
-1.03332e-10 -0.103332
-1.03358e-10 -0.103358
-1.03383e-10 -0.103383
-1.03409e-10 -0.103409
-1.03434e-10 -0.103434
-1.0346e-10 -0.10346
-1.03485e-10 -0.103485
-1.03511e-10 -0.103511
-1.03536e-10 -0.103536
-1.03562e-10 -0.103562
-1.03587e-10 -0.103587
-1.03612e-10 -0.103612
-1.03638e-10 -0.103638
-1.03663e-10 -0.103663
-1.03689e-10 -0.103689
-1.03714e-10 -0.103714
-1.0374e-10 -0.10374
-1.03765e-10 -0.103765
-1.03791e-10 -0.103791
-1.03816e-10 -0.103816
-1.03842e-10 -0.103842
-1.03867e-10 -0.103867
-1.03893e-10 -0.103893
-1.03918e-10 -0.103918
-1.03943e-10 -0.103943
-1.03969e-10 -0.103969
-1.03994e-10 -0.103994
-1.0402e-10 -0.10402
-1.04045e-10 -0.104045
-1.04071e-10 -0.104071
-1.04096e-10 -0.104096
-1.04122e-10 -0.104122
-1.04147e-10 -0.104147
-1.04173e-10 -0.104173
-1.04198e-10 -0.104198
-1.04224e-10 -0.104224
-1.04249e-10 -0.104249
-1.04275e-10 -0.104275
-1.043e-10 -0.1043
-1.04325e-10 -0.104325
-1.04351e-10 -0.104351
-1.04376e-10 -0.104376
-1.04402e-10 -0.104402
-1.04427e-10 -0.104427
-1.04453e-10 -0.104453
-1.04478e-10 -0.104478
-1.04504e-10 -0.104504
-1.04529e-10 -0.104529
-1.04555e-10 -0.104555
-1.0458e-10 -0.10458
-1.04606e-10 -0.104606
-1.04631e-10 -0.104631
-1.04656e-10 -0.104656
-1.04682e-10 -0.104682
-1.04707e-10 -0.104707
-1.04733e-10 -0.104733
-1.04758e-10 -0.104758
-1.04784e-10 -0.104784
-1.04809e-10 -0.104809
-1.04835e-10 -0.104835
-1.0486e-10 -0.10486
-1.04886e-10 -0.104886
-1.04911e-10 -0.104911
-1.04937e-10 -0.104937
-1.04962e-10 -0.104962
-1.04988e-10 -0.104988
-1.05013e-10 -0.105013
-1.05038e-10 -0.105038
-1.05064e-10 -0.105064
-1.05089e-10 -0.105089
-1.05115e-10 -0.105115
-1.0514e-10 -0.10514
-1.05166e-10 -0.105166
-1.05191e-10 -0.105191
-1.05217e-10 -0.105217
-1.05242e-10 -0.105242
-1.05268e-10 -0.105268
-1.05293e-10 -0.105293
-1.05319e-10 -0.105319
-1.05344e-10 -0.105344
-1.0537e-10 -0.10537
-1.05395e-10 -0.105395
-1.0542e-10 -0.10542
-1.05446e-10 -0.105446
-1.05471e-10 -0.105471
-1.05497e-10 -0.105497
-1.05522e-10 -0.105522
-1.05548e-10 -0.105548
-1.05573e-10 -0.105573
-1.05599e-10 -0.105599
-1.05624e-10 -0.105624
-1.0565e-10 -0.10565
-1.05675e-10 -0.105675
-1.05701e-10 -0.105701
-1.05726e-10 -0.105726
-1.05752e-10 -0.105752
-1.05777e-10 -0.105777
-1.05802e-10 -0.105802
-1.05828e-10 -0.105828
-1.05853e-10 -0.105853
-1.05879e-10 -0.105879
-1.05904e-10 -0.105904
-1.0593e-10 -0.10593
-1.05955e-10 -0.105955
-1.05981e-10 -0.105981
-1.06006e-10 -0.106006
-1.06032e-10 -0.106032
-1.06057e-10 -0.106057
-1.06083e-10 -0.106083
-1.06108e-10 -0.106108
-1.06134e-10 -0.106134
-1.06159e-10 -0.106159
-1.06184e-10 -0.106184
-1.0621e-10 -0.10621
-1.06235e-10 -0.106235
-1.06261e-10 -0.106261
-1.06286e-10 -0.106286
-1.06312e-10 -0.106312
-1.06337e-10 -0.106337
-1.06363e-10 -0.106363
-1.06388e-10 -0.106388
-1.06414e-10 -0.106414
-1.06439e-10 -0.106439
-1.06465e-10 -0.106465
-1.0649e-10 -0.10649
-1.06516e-10 -0.106516
-1.06541e-10 -0.106541
-1.06566e-10 -0.106566
-1.06592e-10 -0.106592
-1.06617e-10 -0.106617
-1.06643e-10 -0.106643
-1.06668e-10 -0.106668
-1.06694e-10 -0.106694
-1.06719e-10 -0.106719
-1.06745e-10 -0.106745
-1.0677e-10 -0.10677
-1.06796e-10 -0.106796
-1.06821e-10 -0.106821
-1.06847e-10 -0.106847
-1.06872e-10 -0.106872
-1.06898e-10 -0.106898
-1.06923e-10 -0.106923
-1.06948e-10 -0.106948
-1.06974e-10 -0.106974
-1.06999e-10 -0.106999
-1.07025e-10 -0.107025
-1.0705e-10 -0.10705
-1.07076e-10 -0.107076
-1.07101e-10 -0.107101
-1.07127e-10 -0.107127
-1.07152e-10 -0.107152
-1.07178e-10 -0.107178
-1.07203e-10 -0.107203
-1.07229e-10 -0.107229
-1.07254e-10 -0.107254
-1.0728e-10 -0.10728
-1.07305e-10 -0.107305
-1.07331e-10 -0.107331
-1.07356e-10 -0.107356
-1.07381e-10 -0.107381
-1.07407e-10 -0.107407
-1.07432e-10 -0.107432
-1.07458e-10 -0.107458
-1.07483e-10 -0.107483
-1.07509e-10 -0.107509
-1.07534e-10 -0.107534
-1.0756e-10 -0.10756
-1.07585e-10 -0.107585
-1.07611e-10 -0.107611
-1.07636e-10 -0.107636
-1.07662e-10 -0.107662
-1.07687e-10 -0.107687
-1.07713e-10 -0.107713
-1.07738e-10 -0.107738
-1.07763e-10 -0.107763
-1.07789e-10 -0.107789
-1.07814e-10 -0.107814
-1.0784e-10 -0.10784
-1.07865e-10 -0.107865
-1.07891e-10 -0.107891
-1.07916e-10 -0.107916
-1.07942e-10 -0.107942
-1.07967e-10 -0.107967
-1.07993e-10 -0.107993
-1.08018e-10 -0.108018
-1.08044e-10 -0.108044
-1.08069e-10 -0.108069
-1.08095e-10 -0.108095
-1.0812e-10 -0.10812
-1.08146e-10 -0.108146
-1.08171e-10 -0.108171
-1.08196e-10 -0.108196
-1.08222e-10 -0.108222
-1.08247e-10 -0.108247
-1.08273e-10 -0.108273
-1.08298e-10 -0.108298
-1.08324e-10 -0.108324
-1.08349e-10 -0.108349
-1.08375e-10 -0.108375
-1.084e-10 -0.1084
-1.08426e-10 -0.108426
-1.08451e-10 -0.108451
-1.08477e-10 -0.108477
-1.08502e-10 -0.108502
-1.08528e-10 -0.108528
-1.08553e-10 -0.108553
-1.08579e-10 -0.108579
-1.08604e-10 -0.108604
-1.08629e-10 -0.108629
-1.08655e-10 -0.108655
-1.0868e-10 -0.10868
-1.08706e-10 -0.108706
-1.08731e-10 -0.108731
-1.08757e-10 -0.108757
-1.08782e-10 -0.108782
-1.08808e-10 -0.108808
-1.08833e-10 -0.108833
-1.08859e-10 -0.108859
-1.08884e-10 -0.108884
-1.0891e-10 -0.10891
-1.08935e-10 -0.108935
-1.08961e-10 -0.108961
-1.08986e-10 -0.108986
-1.09012e-10 -0.109012
-1.09037e-10 -0.109037
-1.09062e-10 -0.109062
-1.09088e-10 -0.109088
-1.09113e-10 -0.109113
-1.09139e-10 -0.109139
-1.09164e-10 -0.109164
-1.0919e-10 -0.10919
-1.09215e-10 -0.109215
-1.09241e-10 -0.109241
-1.09266e-10 -0.109266
-1.09292e-10 -0.109292
-1.09317e-10 -0.109317
-1.09343e-10 -0.109343
-1.09368e-10 -0.109368
-1.09394e-10 -0.109394
-1.09419e-10 -0.109419
-1.09445e-10 -0.109445
-1.0947e-10 -0.10947
-1.09496e-10 -0.109496
-1.09521e-10 -0.109521
-1.09546e-10 -0.109546
-1.09572e-10 -0.109572
-1.09597e-10 -0.109597
-1.09623e-10 -0.109623
-1.09648e-10 -0.109648
-1.09674e-10 -0.109674
-1.09699e-10 -0.109699
-1.09725e-10 -0.109725
-1.0975e-10 -0.10975
-1.09776e-10 -0.109776
-1.09801e-10 -0.109801
-1.09827e-10 -0.109827
-1.09852e-10 -0.109852
-1.09878e-10 -0.109878
-1.09903e-10 -0.109903
-1.09929e-10 -0.109929
-1.09954e-10 -0.109954
-1.09979e-10 -0.109979
-1.10005e-10 -0.110005
-1.1003e-10 -0.11003
-1.10056e-10 -0.110056
-1.10081e-10 -0.110081
-1.10107e-10 -0.110107
-1.10132e-10 -0.110132
-1.10158e-10 -0.110158
-1.10183e-10 -0.110183
-1.10209e-10 -0.110209
-1.10234e-10 -0.110234
-1.1026e-10 -0.11026
-1.10285e-10 -0.110285
-1.10311e-10 -0.110311
-1.10336e-10 -0.110336
-1.10362e-10 -0.110362
-1.10387e-10 -0.110387
-1.10413e-10 -0.110413
-1.10438e-10 -0.110438
-1.10463e-10 -0.110463
-1.10489e-10 -0.110489
-1.10514e-10 -0.110514
-1.1054e-10 -0.11054
-1.10565e-10 -0.110565
-1.10591e-10 -0.110591
-1.10616e-10 -0.110616
-1.10642e-10 -0.110642
-1.10667e-10 -0.110667
-1.10693e-10 -0.110693
-1.10718e-10 -0.110718
-1.10744e-10 -0.110744
-1.10769e-10 -0.110769
-1.10795e-10 -0.110795
-1.1082e-10 -0.11082
-1.10846e-10 -0.110846
-1.10871e-10 -0.110871
-1.10897e-10 -0.110897
-1.10922e-10 -0.110922
-1.10947e-10 -0.110947
-1.10973e-10 -0.110973
-1.10998e-10 -0.110998
-1.11024e-10 -0.111024
-1.11049e-10 -0.111049
-1.11075e-10 -0.111075
-1.111e-10 -0.1111
-1.11126e-10 -0.111126
-1.11151e-10 -0.111151
-1.11177e-10 -0.111177
-1.11202e-10 -0.111202
-1.11228e-10 -0.111228
-1.11253e-10 -0.111253
-1.11279e-10 -0.111279
-1.11304e-10 -0.111304
-1.1133e-10 -0.11133
-1.11355e-10 -0.111355
-1.11381e-10 -0.111381
-1.11406e-10 -0.111406
-1.11432e-10 -0.111432
-1.11457e-10 -0.111457
-1.11482e-10 -0.111482
-1.11508e-10 -0.111508
-1.11533e-10 -0.111533
-1.11559e-10 -0.111559
-1.11584e-10 -0.111584
-1.1161e-10 -0.11161
-1.11635e-10 -0.111635
-1.11661e-10 -0.111661
-1.11686e-10 -0.111686
-1.11712e-10 -0.111712
-1.11737e-10 -0.111737
-1.11763e-10 -0.111763
-1.11788e-10 -0.111788
-1.11814e-10 -0.111814
-1.11839e-10 -0.111839
-1.11865e-10 -0.111865
-1.1189e-10 -0.11189
-1.11916e-10 -0.111916
-1.11941e-10 -0.111941
-1.11967e-10 -0.111967
-1.11992e-10 -0.111992
-1.12017e-10 -0.112017
-1.12043e-10 -0.112043
-1.12068e-10 -0.112068
-1.12094e-10 -0.112094
-1.12119e-10 -0.112119
-1.12145e-10 -0.112145
-1.1217e-10 -0.11217
-1.12196e-10 -0.112196
-1.12221e-10 -0.112221
-1.12247e-10 -0.112247
-1.12272e-10 -0.112272
-1.12298e-10 -0.112298
