3.50904e-15 3.50904e-06
7.01807e-15 7.01807e-06
1.05271e-14 1.05271e-05
1.40361e-14 1.40361e-05
1.75451e-14 1.75451e-05
2.10541e-14 2.10541e-05
2.4563e-14 2.4563e-05
2.8072e-14 2.8072e-05
3.15809e-14 3.15809e-05
3.50897e-14 3.50897e-05
7.29533e-14 7.29533e-05
1.10817e-13 0.000110817
1.48681e-13 0.000148681
1.86544e-13 0.000186544
2.24408e-13 0.000224408
2.62272e-13 0.000262272
3.00136e-13 0.000300136
3.37999e-13 0.000337999
3.75863e-13 0.000375863
4.13727e-13 0.000413727
4.5159e-13 0.00045159
4.89454e-13 0.000489454
5.27318e-13 0.000527318
5.65182e-13 0.000565182
6.03046e-13 0.000603046
6.4091e-13 0.00064091
6.78774e-13 0.000678774
7.16637e-13 0.000716637
7.54501e-13 0.000754501
7.92365e-13 0.000792365
8.30229e-13 0.000830229
8.68093e-13 0.000868093
9.05957e-13 0.000905957
9.43821e-13 0.000943821
9.81686e-13 0.000981686
1.01955e-12 0.00101955
1.05741e-12 0.00105741
1.09528e-12 0.00109528
1.13314e-12 0.00113314
1.17101e-12 0.00117101
1.20887e-12 0.00120887
1.24673e-12 0.00124673
1.2846e-12 0.0012846
1.32246e-12 0.00132246
1.36033e-12 0.00136033
1.39819e-12 0.00139819
1.43606e-12 0.00143606
1.47392e-12 0.00147392
1.51178e-12 0.00151178
1.54965e-12 0.00154965
1.58751e-12 0.00158751
1.62538e-12 0.00162538
1.66324e-12 0.00166324
1.70111e-12 0.00170111
1.73897e-12 0.00173897
1.77684e-12 0.00177684
1.8147e-12 0.0018147
1.85256e-12 0.00185256
1.89043e-12 0.00189043
1.92829e-12 0.00192829
1.96616e-12 0.00196616
2.00402e-12 0.00200402
2.04189e-12 0.00204189
2.07975e-12 0.00207975
2.11762e-12 0.00211762
2.15548e-12 0.00215548
2.19335e-12 0.00219335
2.23121e-12 0.00223121
2.26908e-12 0.00226908
2.30694e-12 0.00230694
2.3448e-12 0.0023448
2.38267e-12 0.00238267
2.42053e-12 0.00242053
2.4584e-12 0.0024584
2.49626e-12 0.00249626
2.53413e-12 0.00253413
2.57199e-12 0.00257199
2.60986e-12 0.00260986
2.64772e-12 0.00264772
2.68559e-12 0.00268559
2.72345e-12 0.00272345
2.76132e-12 0.00276132
2.79918e-12 0.00279918
2.83705e-12 0.00283705
2.87491e-12 0.00287491
2.91278e-12 0.00291278
2.95064e-12 0.00295064
2.98851e-12 0.00298851
3.02637e-12 0.00302637
3.06424e-12 0.00306424
3.1021e-12 0.0031021
3.13997e-12 0.00313997
3.17783e-12 0.00317783
3.2157e-12 0.0032157
3.25356e-12 0.00325356
3.29143e-12 0.00329143
3.3293e-12 0.0033293
3.36716e-12 0.00336716
3.40503e-12 0.00340503
3.44289e-12 0.00344289
3.48076e-12 0.00348076
3.51862e-12 0.00351862
3.55649e-12 0.00355649
3.59435e-12 0.00359435
3.63222e-12 0.00363222
3.67008e-12 0.00367008
3.70795e-12 0.00370795
3.74581e-12 0.00374581
3.78368e-12 0.00378368
3.82155e-12 0.00382155
3.85941e-12 0.00385941
3.89728e-12 0.00389728
3.93514e-12 0.00393514
3.97301e-12 0.00397301
4.01087e-12 0.00401087
4.04874e-12 0.00404874
4.0866e-12 0.0040866
4.12447e-12 0.00412447
4.16234e-12 0.00416234
4.2002e-12 0.0042002
4.23807e-12 0.00423807
4.27593e-12 0.00427593
4.3138e-12 0.0043138
4.35166e-12 0.00435166
4.38953e-12 0.00438953
4.4274e-12 0.0044274
4.46526e-12 0.00446526
4.50313e-12 0.00450313
4.54099e-12 0.00454099
4.57886e-12 0.00457886
4.61673e-12 0.00461673
4.65459e-12 0.00465459
4.69246e-12 0.00469246
4.73032e-12 0.00473032
4.76819e-12 0.00476819
4.80606e-12 0.00480606
4.84392e-12 0.00484392
4.88179e-12 0.00488179
4.91965e-12 0.00491965
4.95752e-12 0.00495752
4.99539e-12 0.00499539
5.03325e-12 0.00503325
5.07112e-12 0.00507112
5.10898e-12 0.00510898
5.14685e-12 0.00514685
5.18472e-12 0.00518472
5.22258e-12 0.00522258
5.26045e-12 0.00526045
5.29832e-12 0.00529832
5.33618e-12 0.00533618
5.37405e-12 0.00537405
5.41191e-12 0.00541191
5.44978e-12 0.00544978
5.48765e-12 0.00548765
5.52551e-12 0.00552551
5.56338e-12 0.00556338
5.60125e-12 0.00560125
5.63911e-12 0.00563911
5.67698e-12 0.00567698
5.71485e-12 0.00571485
5.75271e-12 0.00575271
5.79058e-12 0.00579058
5.82845e-12 0.00582845
5.86631e-12 0.00586631
5.90418e-12 0.00590418
5.94205e-12 0.00594205
5.97991e-12 0.00597991
6.01778e-12 0.00601778
6.05565e-12 0.00605565
6.09351e-12 0.00609351
6.13138e-12 0.00613138
6.16925e-12 0.00616925
6.20711e-12 0.00620711
6.24498e-12 0.00624498
6.28285e-12 0.00628285
6.32071e-12 0.00632071
6.35858e-12 0.00635858
6.39645e-12 0.00639645
6.43431e-12 0.00643431
6.47218e-12 0.00647218
6.51005e-12 0.00651005
6.54791e-12 0.00654791
6.58578e-12 0.00658578
6.62365e-12 0.00662365
6.66152e-12 0.00666152
6.69938e-12 0.00669938
6.73725e-12 0.00673725
6.77512e-12 0.00677512
6.81298e-12 0.00681298
6.85085e-12 0.00685085
6.88872e-12 0.00688872
6.92658e-12 0.00692658
6.96445e-12 0.00696445
7.00232e-12 0.00700232
7.04019e-12 0.00704019
7.07805e-12 0.00707805
7.11592e-12 0.00711592
7.15379e-12 0.00715379
7.19165e-12 0.00719165
7.22952e-12 0.00722952
7.26739e-12 0.00726739
7.30526e-12 0.00730526
7.34312e-12 0.00734312
7.38099e-12 0.00738099
7.41886e-12 0.00741886
7.45673e-12 0.00745673
7.49459e-12 0.00749459
7.53246e-12 0.00753246
7.57033e-12 0.00757033
7.6082e-12 0.0076082
7.64606e-12 0.00764606
7.68393e-12 0.00768393
7.7218e-12 0.0077218
7.75967e-12 0.00775967
7.79753e-12 0.00779753
7.8354e-12 0.0078354
7.87327e-12 0.00787327
7.91114e-12 0.00791114
7.949e-12 0.007949
7.98687e-12 0.00798687
8.02474e-12 0.00802474
8.06261e-12 0.00806261
8.10047e-12 0.00810047
8.13834e-12 0.00813834
8.17621e-12 0.00817621
8.21408e-12 0.00821408
8.25195e-12 0.00825195
8.28981e-12 0.00828981
8.32768e-12 0.00832768
8.36555e-12 0.00836555
8.40342e-12 0.00840342
8.44128e-12 0.00844128
8.47915e-12 0.00847915
8.51702e-12 0.00851702
8.55489e-12 0.00855489
8.59276e-12 0.00859276
8.63062e-12 0.00863062
8.66849e-12 0.00866849
8.70636e-12 0.00870636
8.74423e-12 0.00874423
8.7821e-12 0.0087821
8.81996e-12 0.00881996
8.85783e-12 0.00885783
8.8957e-12 0.0088957
8.93357e-12 0.00893357
8.97144e-12 0.00897144
9.00931e-12 0.00900931
9.04717e-12 0.00904717
9.08504e-12 0.00908504
9.12291e-12 0.00912291
9.16078e-12 0.00916078
9.19865e-12 0.00919865
9.23651e-12 0.00923651
9.27438e-12 0.00927438
9.31225e-12 0.00931225
9.35012e-12 0.00935012
9.38799e-12 0.00938799
9.42586e-12 0.00942586
9.46372e-12 0.00946372
9.50159e-12 0.00950159
9.53946e-12 0.00953946
9.57733e-12 0.00957733
9.6152e-12 0.0096152
9.65307e-12 0.00965307
9.69094e-12 0.00969094
9.7288e-12 0.0097288
9.76667e-12 0.00976667
9.80454e-12 0.00980454
9.84241e-12 0.00984241
9.88028e-12 0.00988028
9.91815e-12 0.00991815
9.95602e-12 0.00995602
9.99388e-12 0.00999388
1.00318e-11 0.0100318
1.00696e-11 0.0100696
1.01075e-11 0.0101075
1.01454e-11 0.0101454
1.01832e-11 0.0101832
1.02211e-11 0.0102211
1.0259e-11 0.010259
1.02968e-11 0.0102968
1.03347e-11 0.0103347
1.03726e-11 0.0103726
1.04104e-11 0.0104104
1.04483e-11 0.0104483
1.04862e-11 0.0104862
1.0524e-11 0.010524
1.05619e-11 0.0105619
1.05998e-11 0.0105998
1.06377e-11 0.0106377
1.06755e-11 0.0106755
1.07134e-11 0.0107134
1.07513e-11 0.0107513
1.07891e-11 0.0107891
1.0827e-11 0.010827
1.08649e-11 0.0108649
1.09027e-11 0.0109027
1.09406e-11 0.0109406
1.09785e-11 0.0109785
1.10163e-11 0.0110163
1.10542e-11 0.0110542
1.10921e-11 0.0110921
1.113e-11 0.01113
1.11678e-11 0.0111678
1.12057e-11 0.0112057
1.12436e-11 0.0112436
1.12814e-11 0.0112814
1.13193e-11 0.0113193
1.13572e-11 0.0113572
1.1395e-11 0.011395
1.14329e-11 0.0114329
1.14708e-11 0.0114708
1.15086e-11 0.0115086
1.15465e-11 0.0115465
1.15844e-11 0.0115844
1.16223e-11 0.0116223
1.16601e-11 0.0116601
1.1698e-11 0.011698
1.17359e-11 0.0117359
1.17737e-11 0.0117737
1.18116e-11 0.0118116
1.18495e-11 0.0118495
1.18873e-11 0.0118873
1.19252e-11 0.0119252
1.19631e-11 0.0119631
1.2001e-11 0.012001
1.20388e-11 0.0120388
1.20767e-11 0.0120767
1.21146e-11 0.0121146
1.21524e-11 0.0121524
1.21903e-11 0.0121903
1.22282e-11 0.0122282
1.2266e-11 0.012266
1.23039e-11 0.0123039
1.23418e-11 0.0123418
1.23797e-11 0.0123797
1.24175e-11 0.0124175
1.24554e-11 0.0124554
1.24933e-11 0.0124933
1.25311e-11 0.0125311
1.2569e-11 0.012569
1.26069e-11 0.0126069
1.26447e-11 0.0126447
1.26826e-11 0.0126826
1.27205e-11 0.0127205
1.27584e-11 0.0127584
1.27962e-11 0.0127962
1.28341e-11 0.0128341
1.2872e-11 0.012872
1.29098e-11 0.0129098
1.29477e-11 0.0129477
1.29856e-11 0.0129856
1.30234e-11 0.0130234
1.30613e-11 0.0130613
1.30992e-11 0.0130992
1.31371e-11 0.0131371
1.31749e-11 0.0131749
1.32128e-11 0.0132128
1.32507e-11 0.0132507
1.32885e-11 0.0132885
1.33264e-11 0.0133264
1.33643e-11 0.0133643
1.34021e-11 0.0134021
1.344e-11 0.01344
1.34779e-11 0.0134779
1.35158e-11 0.0135158
1.35536e-11 0.0135536
1.35915e-11 0.0135915
1.36294e-11 0.0136294
1.36672e-11 0.0136672
1.37051e-11 0.0137051
1.3743e-11 0.013743
1.37809e-11 0.0137809
1.38187e-11 0.0138187
1.38566e-11 0.0138566
1.38945e-11 0.0138945
1.39323e-11 0.0139323
1.39702e-11 0.0139702
1.40081e-11 0.0140081
1.40459e-11 0.0140459
1.40838e-11 0.0140838
1.41217e-11 0.0141217
1.41596e-11 0.0141596
1.41974e-11 0.0141974
1.42353e-11 0.0142353
1.42732e-11 0.0142732
1.4311e-11 0.014311
1.43489e-11 0.0143489
1.43868e-11 0.0143868
1.44247e-11 0.0144247
1.44625e-11 0.0144625
1.45004e-11 0.0145004
1.45383e-11 0.0145383
1.45761e-11 0.0145761
1.4614e-11 0.014614
1.46519e-11 0.0146519
1.46898e-11 0.0146898
1.47276e-11 0.0147276
1.47655e-11 0.0147655
1.48034e-11 0.0148034
1.48412e-11 0.0148412
1.48791e-11 0.0148791
1.4917e-11 0.014917
1.49549e-11 0.0149549
1.49927e-11 0.0149927
1.50306e-11 0.0150306
1.50685e-11 0.0150685
1.51063e-11 0.0151063
1.51442e-11 0.0151442
1.51821e-11 0.0151821
1.52199e-11 0.0152199
1.52578e-11 0.0152578
1.52957e-11 0.0152957
1.53336e-11 0.0153336
1.53714e-11 0.0153714
1.54093e-11 0.0154093
1.54472e-11 0.0154472
1.5485e-11 0.015485
1.55229e-11 0.0155229
1.55608e-11 0.0155608
1.55987e-11 0.0155987
1.56365e-11 0.0156365
1.56744e-11 0.0156744
1.57123e-11 0.0157123
1.57502e-11 0.0157502
1.5788e-11 0.015788
1.58259e-11 0.0158259
1.58638e-11 0.0158638
1.59016e-11 0.0159016
1.59395e-11 0.0159395
1.59774e-11 0.0159774
1.60153e-11 0.0160153
1.60531e-11 0.0160531
1.6091e-11 0.016091
1.61289e-11 0.0161289
1.61667e-11 0.0161667
1.62046e-11 0.0162046
1.62425e-11 0.0162425
1.62804e-11 0.0162804
1.63182e-11 0.0163182
1.63561e-11 0.0163561
1.6394e-11 0.016394
1.64318e-11 0.0164318
1.64697e-11 0.0164697
1.65076e-11 0.0165076
1.65455e-11 0.0165455
1.65833e-11 0.0165833
1.66212e-11 0.0166212
1.66591e-11 0.0166591
1.66969e-11 0.0166969
1.67348e-11 0.0167348
1.67727e-11 0.0167727
1.68106e-11 0.0168106
1.68484e-11 0.0168484
1.68863e-11 0.0168863
1.69242e-11 0.0169242
1.69621e-11 0.0169621
1.69999e-11 0.0169999
1.70378e-11 0.0170378
1.70757e-11 0.0170757
1.71135e-11 0.0171135
1.71514e-11 0.0171514
1.71893e-11 0.0171893
1.72272e-11 0.0172272
1.7265e-11 0.017265
1.73029e-11 0.0173029
1.73408e-11 0.0173408
1.73786e-11 0.0173786
1.74165e-11 0.0174165
1.74544e-11 0.0174544
1.74923e-11 0.0174923
1.75301e-11 0.0175301
1.7568e-11 0.017568
1.76059e-11 0.0176059
1.76438e-11 0.0176438
1.76816e-11 0.0176816
1.77195e-11 0.0177195
1.77574e-11 0.0177574
1.77952e-11 0.0177952
1.78331e-11 0.0178331
1.7871e-11 0.017871
1.79089e-11 0.0179089
1.79467e-11 0.0179467
1.79846e-11 0.0179846
1.80225e-11 0.0180225
1.80604e-11 0.0180604
1.80982e-11 0.0180982
1.81361e-11 0.0181361
1.8174e-11 0.018174
1.82118e-11 0.0182118
1.82497e-11 0.0182497
1.82876e-11 0.0182876
1.83255e-11 0.0183255
1.83633e-11 0.0183633
1.84012e-11 0.0184012
1.84391e-11 0.0184391
1.8477e-11 0.018477
1.85148e-11 0.0185148
1.85527e-11 0.0185527
1.85906e-11 0.0185906
1.86285e-11 0.0186285
1.86663e-11 0.0186663
1.87042e-11 0.0187042
1.87421e-11 0.0187421
1.87799e-11 0.0187799
1.88178e-11 0.0188178
1.88557e-11 0.0188557
1.88936e-11 0.0188936
1.89314e-11 0.0189314
1.89693e-11 0.0189693
1.90072e-11 0.0190072
1.90451e-11 0.0190451
1.90829e-11 0.0190829
1.91208e-11 0.0191208
1.91587e-11 0.0191587
1.91966e-11 0.0191966
1.92344e-11 0.0192344
1.92723e-11 0.0192723
1.93102e-11 0.0193102
1.9348e-11 0.019348
1.93859e-11 0.0193859
1.94238e-11 0.0194238
1.94617e-11 0.0194617
1.94995e-11 0.0194995
1.95374e-11 0.0195374
1.95753e-11 0.0195753
1.96132e-11 0.0196132
1.9651e-11 0.019651
1.96889e-11 0.0196889
1.97268e-11 0.0197268
1.97647e-11 0.0197647
1.98025e-11 0.0198025
1.98404e-11 0.0198404
1.98783e-11 0.0198783
1.99161e-11 0.0199161
1.9954e-11 0.019954
1.99919e-11 0.0199919
2.00298e-11 0.0200298
2.00676e-11 0.0200676
2.01055e-11 0.0201055
2.01434e-11 0.0201434
2.01813e-11 0.0201813
2.02191e-11 0.0202191
2.0257e-11 0.020257
2.02949e-11 0.0202949
2.03328e-11 0.0203328
2.03706e-11 0.0203706
2.04085e-11 0.0204085
2.04464e-11 0.0204464
2.04843e-11 0.0204843
2.05221e-11 0.0205221
2.056e-11 0.02056
2.05979e-11 0.0205979
2.06358e-11 0.0206358
2.06736e-11 0.0206736
2.07115e-11 0.0207115
2.07494e-11 0.0207494
2.07873e-11 0.0207873
2.08251e-11 0.0208251
2.0863e-11 0.020863
2.09009e-11 0.0209009
2.09387e-11 0.0209387
2.09766e-11 0.0209766
2.10145e-11 0.0210145
2.10524e-11 0.0210524
2.10902e-11 0.0210902
2.11281e-11 0.0211281
2.1166e-11 0.021166
2.12039e-11 0.0212039
2.12417e-11 0.0212417
2.12796e-11 0.0212796
2.13175e-11 0.0213175
2.13554e-11 0.0213554
2.13932e-11 0.0213932
2.14311e-11 0.0214311
2.1469e-11 0.021469
2.15069e-11 0.0215069
2.15447e-11 0.0215447
2.15826e-11 0.0215826
2.16205e-11 0.0216205
2.16584e-11 0.0216584
2.16962e-11 0.0216962
2.17341e-11 0.0217341
2.1772e-11 0.021772
2.18099e-11 0.0218099
2.18477e-11 0.0218477
2.18856e-11 0.0218856
2.19235e-11 0.0219235
2.19614e-11 0.0219614
2.19992e-11 0.0219992
2.20371e-11 0.0220371
2.2075e-11 0.022075
2.21129e-11 0.0221129
2.21507e-11 0.0221507
2.21886e-11 0.0221886
2.22265e-11 0.0222265
2.22644e-11 0.0222644
2.23022e-11 0.0223022
2.23401e-11 0.0223401
2.2378e-11 0.022378
2.24159e-11 0.0224159
2.24537e-11 0.0224537
2.24916e-11 0.0224916
2.25295e-11 0.0225295
2.25674e-11 0.0225674
2.26052e-11 0.0226052
2.26431e-11 0.0226431
2.2681e-11 0.022681
2.27189e-11 0.0227189
2.27567e-11 0.0227567
2.27946e-11 0.0227946
2.28325e-11 0.0228325
2.28704e-11 0.0228704
2.29082e-11 0.0229082
2.29461e-11 0.0229461
2.2984e-11 0.022984
2.30219e-11 0.0230219
2.30597e-11 0.0230597
2.30976e-11 0.0230976
2.31355e-11 0.0231355
2.31734e-11 0.0231734
2.32112e-11 0.0232112
2.32491e-11 0.0232491
2.3287e-11 0.023287
2.33249e-11 0.0233249
2.33627e-11 0.0233627
2.34006e-11 0.0234006
2.34385e-11 0.0234385
2.34764e-11 0.0234764
2.35142e-11 0.0235142
2.35521e-11 0.0235521
2.359e-11 0.02359
2.36279e-11 0.0236279
2.36657e-11 0.0236657
2.37036e-11 0.0237036
2.37415e-11 0.0237415
2.37794e-11 0.0237794
2.38173e-11 0.0238173
2.38551e-11 0.0238551
2.3893e-11 0.023893
2.39309e-11 0.0239309
2.39688e-11 0.0239688
2.40066e-11 0.0240066
2.40445e-11 0.0240445
2.40824e-11 0.0240824
2.41203e-11 0.0241203
2.41581e-11 0.0241581
2.4196e-11 0.024196
2.42339e-11 0.0242339
2.42718e-11 0.0242718
2.43096e-11 0.0243096
2.43475e-11 0.0243475
2.43854e-11 0.0243854
2.44233e-11 0.0244233
2.44611e-11 0.0244611
2.4499e-11 0.024499
2.45369e-11 0.0245369
2.45748e-11 0.0245748
2.46126e-11 0.0246126
2.46505e-11 0.0246505
2.46884e-11 0.0246884
2.47263e-11 0.0247263
2.47642e-11 0.0247642
2.4802e-11 0.024802
2.48399e-11 0.0248399
2.48778e-11 0.0248778
2.49157e-11 0.0249157
2.49535e-11 0.0249535
2.49914e-11 0.0249914
2.50293e-11 0.0250293
2.50672e-11 0.0250672
2.5105e-11 0.025105
2.51429e-11 0.0251429
2.51808e-11 0.0251808
2.52187e-11 0.0252187
2.52565e-11 0.0252565
2.52944e-11 0.0252944
2.53323e-11 0.0253323
2.53702e-11 0.0253702
2.54081e-11 0.0254081
2.54459e-11 0.0254459
2.54838e-11 0.0254838
2.55217e-11 0.0255217
2.55596e-11 0.0255596
2.55974e-11 0.0255974
2.56353e-11 0.0256353
2.56732e-11 0.0256732
2.57111e-11 0.0257111
2.57489e-11 0.0257489
2.57868e-11 0.0257868
2.58247e-11 0.0258247
2.58626e-11 0.0258626
2.59005e-11 0.0259005
2.59383e-11 0.0259383
2.59762e-11 0.0259762
2.60141e-11 0.0260141
2.6052e-11 0.026052
2.60898e-11 0.0260898
2.61277e-11 0.0261277
2.61656e-11 0.0261656
2.62035e-11 0.0262035
2.62413e-11 0.0262413
2.62792e-11 0.0262792
2.63171e-11 0.0263171
2.6355e-11 0.026355
2.63929e-11 0.0263929
2.64307e-11 0.0264307
2.64686e-11 0.0264686
2.65065e-11 0.0265065
2.65444e-11 0.0265444
2.65822e-11 0.0265822
2.66201e-11 0.0266201
2.6658e-11 0.026658
2.66959e-11 0.0266959
2.67337e-11 0.0267337
2.67716e-11 0.0267716
2.68095e-11 0.0268095
2.68474e-11 0.0268474
2.68853e-11 0.0268853
2.69231e-11 0.0269231
2.6961e-11 0.026961
2.69989e-11 0.0269989
2.70368e-11 0.0270368
2.70746e-11 0.0270746
2.71125e-11 0.0271125
2.71504e-11 0.0271504
2.71883e-11 0.0271883
2.72262e-11 0.0272262
2.7264e-11 0.027264
2.73019e-11 0.0273019
2.73398e-11 0.0273398
2.73777e-11 0.0273777
2.74155e-11 0.0274155
2.74534e-11 0.0274534
2.74913e-11 0.0274913
2.75292e-11 0.0275292
2.75671e-11 0.0275671
2.76049e-11 0.0276049
2.76428e-11 0.0276428
2.76807e-11 0.0276807
2.77186e-11 0.0277186
2.77564e-11 0.0277564
2.77943e-11 0.0277943
2.78322e-11 0.0278322
2.78701e-11 0.0278701
2.7908e-11 0.027908
2.79458e-11 0.0279458
2.79837e-11 0.0279837
2.80216e-11 0.0280216
2.80595e-11 0.0280595
2.80973e-11 0.0280973
2.81352e-11 0.0281352
2.81731e-11 0.0281731
2.8211e-11 0.028211
2.82489e-11 0.0282489
2.82867e-11 0.0282867
2.83246e-11 0.0283246
2.83625e-11 0.0283625
2.84004e-11 0.0284004
2.84382e-11 0.0284382
2.84761e-11 0.0284761
2.8514e-11 0.028514
2.85519e-11 0.0285519
2.85898e-11 0.0285898
2.86276e-11 0.0286276
2.86655e-11 0.0286655
2.87034e-11 0.0287034
2.87413e-11 0.0287413
2.87791e-11 0.0287791
2.8817e-11 0.028817
2.88549e-11 0.0288549
2.88928e-11 0.0288928
2.89307e-11 0.0289307
2.89685e-11 0.0289685
2.90064e-11 0.0290064
2.90443e-11 0.0290443
2.90822e-11 0.0290822
2.91201e-11 0.0291201
2.91579e-11 0.0291579
2.91958e-11 0.0291958
2.92337e-11 0.0292337
2.92716e-11 0.0292716
2.93094e-11 0.0293094
2.93473e-11 0.0293473
2.93852e-11 0.0293852
2.94231e-11 0.0294231
2.9461e-11 0.029461
2.94988e-11 0.0294988
2.95367e-11 0.0295367
2.95746e-11 0.0295746
2.96125e-11 0.0296125
2.96504e-11 0.0296504
2.96882e-11 0.0296882
2.97261e-11 0.0297261
2.9764e-11 0.029764
2.98019e-11 0.0298019
2.98397e-11 0.0298397
2.98776e-11 0.0298776
2.99155e-11 0.0299155
2.99534e-11 0.0299534
2.99913e-11 0.0299913
3.00291e-11 0.0300291
3.0067e-11 0.030067
3.01049e-11 0.0301049
3.01428e-11 0.0301428
3.01807e-11 0.0301807
3.02185e-11 0.0302185
3.02564e-11 0.0302564
3.02943e-11 0.0302943
3.03322e-11 0.0303322
3.03701e-11 0.0303701
3.04079e-11 0.0304079
3.04458e-11 0.0304458
3.04837e-11 0.0304837
3.05216e-11 0.0305216
3.05595e-11 0.0305595
3.05973e-11 0.0305973
3.06352e-11 0.0306352
3.06731e-11 0.0306731
3.0711e-11 0.030711
3.07488e-11 0.0307488
3.07867e-11 0.0307867
3.08246e-11 0.0308246
3.08625e-11 0.0308625
3.09004e-11 0.0309004
3.09382e-11 0.0309382
3.09761e-11 0.0309761
3.1014e-11 0.031014
3.10519e-11 0.0310519
3.10898e-11 0.0310898
3.11276e-11 0.0311276
3.11655e-11 0.0311655
3.12034e-11 0.0312034
3.12413e-11 0.0312413
3.12792e-11 0.0312792
3.1317e-11 0.031317
3.13549e-11 0.0313549
3.13928e-11 0.0313928
3.14307e-11 0.0314307
3.14686e-11 0.0314686
3.15064e-11 0.0315064
3.15443e-11 0.0315443
3.15822e-11 0.0315822
3.16201e-11 0.0316201
3.1658e-11 0.031658
3.16958e-11 0.0316958
3.17337e-11 0.0317337
3.17716e-11 0.0317716
3.18095e-11 0.0318095
3.18474e-11 0.0318474
3.18852e-11 0.0318852
3.19231e-11 0.0319231
3.1961e-11 0.031961
3.19989e-11 0.0319989
3.20368e-11 0.0320368
3.20746e-11 0.0320746
3.21125e-11 0.0321125
3.21504e-11 0.0321504
3.21883e-11 0.0321883
3.22262e-11 0.0322262
3.2264e-11 0.032264
3.23019e-11 0.0323019
3.23398e-11 0.0323398
3.23777e-11 0.0323777
3.24156e-11 0.0324156
3.24533e-11 0.0324533
3.24906e-11 0.0324906
3.2528e-11 0.032528
3.25654e-11 0.0325654
3.26027e-11 0.0326027
3.26401e-11 0.0326401
3.26775e-11 0.0326775
3.27148e-11 0.0327148
3.27512e-11 0.0327512
3.27859e-11 0.0327859
3.28207e-11 0.0328207
3.28554e-11 0.0328554
3.28902e-11 0.0328902
3.29249e-11 0.0329249
3.29597e-11 0.0329597
3.29944e-11 0.0329944
3.30292e-11 0.0330292
3.30639e-11 0.0330639
3.30987e-11 0.0330987
3.31334e-11 0.0331334
3.31682e-11 0.0331682
3.32029e-11 0.0332029
3.32376e-11 0.0332376
3.32724e-11 0.0332724
3.33071e-11 0.0333071
3.33419e-11 0.0333419
3.33766e-11 0.0333766
3.34114e-11 0.0334114
3.34461e-11 0.0334461
3.34809e-11 0.0334809
3.35156e-11 0.0335156
3.35504e-11 0.0335504
3.35851e-11 0.0335851
3.36199e-11 0.0336199
3.36546e-11 0.0336546
3.36894e-11 0.0336894
3.37241e-11 0.0337241
3.37589e-11 0.0337589
3.37936e-11 0.0337936
3.38283e-11 0.0338283
3.38631e-11 0.0338631
3.38978e-11 0.0338978
3.39326e-11 0.0339326
3.39673e-11 0.0339673
3.40021e-11 0.0340021
3.40368e-11 0.0340368
3.40716e-11 0.0340716
3.41063e-11 0.0341063
3.41411e-11 0.0341411
3.41758e-11 0.0341758
3.42106e-11 0.0342106
3.42453e-11 0.0342453
3.42801e-11 0.0342801
3.43148e-11 0.0343148
3.43495e-11 0.0343495
3.43843e-11 0.0343843
3.4419e-11 0.034419
3.44538e-11 0.0344538
3.44885e-11 0.0344885
3.45233e-11 0.0345233
3.4558e-11 0.034558
3.45928e-11 0.0345928
3.46275e-11 0.0346275
3.46623e-11 0.0346623
3.4697e-11 0.034697
3.47318e-11 0.0347318
3.47665e-11 0.0347665
3.48013e-11 0.0348013
3.4836e-11 0.034836
3.48708e-11 0.0348708
3.49055e-11 0.0349055
3.49402e-11 0.0349402
3.4975e-11 0.034975
3.50097e-11 0.0350097
3.50445e-11 0.0350445
3.50792e-11 0.0350792
3.5114e-11 0.035114
3.51487e-11 0.0351487
3.51835e-11 0.0351835
3.52182e-11 0.0352182
3.5253e-11 0.035253
3.52877e-11 0.0352877
3.53225e-11 0.0353225
3.53572e-11 0.0353572
3.5392e-11 0.035392
3.54267e-11 0.0354267
3.54614e-11 0.0354614
3.54962e-11 0.0354962
3.55309e-11 0.0355309
3.55657e-11 0.0355657
3.56004e-11 0.0356004
3.56352e-11 0.0356352
3.56699e-11 0.0356699
3.57047e-11 0.0357047
3.57394e-11 0.0357394
3.57742e-11 0.0357742
3.58089e-11 0.0358089
3.58437e-11 0.0358437
3.58784e-11 0.0358784
3.59132e-11 0.0359132
3.59479e-11 0.0359479
3.59827e-11 0.0359827
3.60174e-11 0.0360174
3.60521e-11 0.0360521
3.60869e-11 0.0360869
3.61216e-11 0.0361216
3.61564e-11 0.0361564
3.61911e-11 0.0361911
3.62259e-11 0.0362259
3.62606e-11 0.0362606
3.62954e-11 0.0362954
3.63301e-11 0.0363301
3.63649e-11 0.0363649
3.63996e-11 0.0363996
3.64344e-11 0.0364344
3.64691e-11 0.0364691
3.65039e-11 0.0365039
3.65386e-11 0.0365386
3.65733e-11 0.0365733
3.66081e-11 0.0366081
3.66428e-11 0.0366428
3.66776e-11 0.0366776
3.67123e-11 0.0367123
3.67471e-11 0.0367471
3.67818e-11 0.0367818
3.68166e-11 0.0368166
3.68513e-11 0.0368513
3.68861e-11 0.0368861
3.69208e-11 0.0369208
3.69556e-11 0.0369556
3.69903e-11 0.0369903
3.70251e-11 0.0370251
3.70598e-11 0.0370598
3.70945e-11 0.0370945
3.71293e-11 0.0371293
3.7164e-11 0.037164
3.71988e-11 0.0371988
3.72335e-11 0.0372335
3.72683e-11 0.0372683
3.7303e-11 0.037303
3.73378e-11 0.0373378
3.73725e-11 0.0373725
3.74073e-11 0.0374073
3.7442e-11 0.037442
3.74768e-11 0.0374768
3.75115e-11 0.0375115
3.75463e-11 0.0375463
3.7581e-11 0.037581
3.76157e-11 0.0376157
3.76505e-11 0.0376505
3.76852e-11 0.0376852
3.772e-11 0.03772
3.77547e-11 0.0377547
3.77895e-11 0.0377895
3.78242e-11 0.0378242
3.7859e-11 0.037859
3.78937e-11 0.0378937
3.79285e-11 0.0379285
3.79632e-11 0.0379632
3.7998e-11 0.037998
3.80327e-11 0.0380327
3.80675e-11 0.0380675
3.81022e-11 0.0381022
3.81369e-11 0.0381369
3.81717e-11 0.0381717
3.82064e-11 0.0382064
3.82412e-11 0.0382412
3.82759e-11 0.0382759
3.83107e-11 0.0383107
3.83454e-11 0.0383454
3.83802e-11 0.0383802
3.84149e-11 0.0384149
3.84497e-11 0.0384497
3.84844e-11 0.0384844
3.85192e-11 0.0385192
3.85539e-11 0.0385539
3.85886e-11 0.0385886
3.86234e-11 0.0386234
3.86581e-11 0.0386581
3.86929e-11 0.0386929
3.87276e-11 0.0387276
3.87624e-11 0.0387624
3.87971e-11 0.0387971
3.88319e-11 0.0388319
3.88666e-11 0.0388666
3.89014e-11 0.0389014
3.89361e-11 0.0389361
3.89709e-11 0.0389709
3.90056e-11 0.0390056
3.90404e-11 0.0390404
3.90751e-11 0.0390751
3.91098e-11 0.0391098
3.91446e-11 0.0391446
3.91793e-11 0.0391793
3.92141e-11 0.0392141
3.92488e-11 0.0392488
3.92836e-11 0.0392836
3.93183e-11 0.0393183
3.93531e-11 0.0393531
3.93878e-11 0.0393878
3.94226e-11 0.0394226
3.94573e-11 0.0394573
3.94921e-11 0.0394921
3.95268e-11 0.0395268
3.95616e-11 0.0395616
3.95963e-11 0.0395963
3.9631e-11 0.039631
3.96658e-11 0.0396658
3.97005e-11 0.0397005
3.97353e-11 0.0397353
3.977e-11 0.03977
3.98048e-11 0.0398048
3.98395e-11 0.0398395
3.98743e-11 0.0398743
3.9909e-11 0.039909
3.99438e-11 0.0399438
3.99785e-11 0.0399785
4.00133e-11 0.0400133
4.0048e-11 0.040048
4.00827e-11 0.0400827
4.01175e-11 0.0401175
4.01522e-11 0.0401522
4.0187e-11 0.040187
4.02217e-11 0.0402217
4.02565e-11 0.0402565
4.02912e-11 0.0402912
4.0326e-11 0.040326
4.03607e-11 0.0403607
4.03955e-11 0.0403955
4.04302e-11 0.0404302
4.0465e-11 0.040465
4.04997e-11 0.0404997
4.05345e-11 0.0405345
4.05692e-11 0.0405692
4.06039e-11 0.0406039
4.06387e-11 0.0406387
4.06734e-11 0.0406734
4.07082e-11 0.0407082
4.07429e-11 0.0407429
4.07777e-11 0.0407777
4.08124e-11 0.0408124
4.08472e-11 0.0408472
4.08819e-11 0.0408819
4.09167e-11 0.0409167
4.09514e-11 0.0409514
4.09862e-11 0.0409862
4.10209e-11 0.0410209
4.10556e-11 0.0410556
4.10904e-11 0.0410904
4.11251e-11 0.0411251
4.11599e-11 0.0411599
4.11946e-11 0.0411946
4.12294e-11 0.0412294
4.12641e-11 0.0412641
4.12989e-11 0.0412989
4.13336e-11 0.0413336
4.13684e-11 0.0413684
4.14031e-11 0.0414031
4.14379e-11 0.0414379
4.14726e-11 0.0414726
4.15074e-11 0.0415074
4.15421e-11 0.0415421
4.15768e-11 0.0415768
4.16116e-11 0.0416116
4.16463e-11 0.0416463
4.16811e-11 0.0416811
4.17158e-11 0.0417158
4.17506e-11 0.0417506
4.17853e-11 0.0417853
4.18201e-11 0.0418201
4.18548e-11 0.0418548
4.18896e-11 0.0418896
4.19243e-11 0.0419243
4.19591e-11 0.0419591
4.19938e-11 0.0419938
4.20285e-11 0.0420285
4.20633e-11 0.0420633
4.2098e-11 0.042098
4.21328e-11 0.0421328
4.21675e-11 0.0421675
4.22023e-11 0.0422023
4.2237e-11 0.042237
4.22718e-11 0.0422718
4.23065e-11 0.0423065
4.23413e-11 0.0423413
4.2376e-11 0.042376
4.24108e-11 0.0424108
4.24455e-11 0.0424455
4.24802e-11 0.0424802
4.2515e-11 0.042515
4.25497e-11 0.0425497
4.25845e-11 0.0425845
4.26192e-11 0.0426192
4.2654e-11 0.042654
4.26887e-11 0.0426887
4.27235e-11 0.0427235
4.27582e-11 0.0427582
4.2793e-11 0.042793
4.28277e-11 0.0428277
4.28625e-11 0.0428625
4.28972e-11 0.0428972
4.29319e-11 0.0429319
4.29667e-11 0.0429667
4.30014e-11 0.0430014
4.30362e-11 0.0430362
4.30709e-11 0.0430709
4.31057e-11 0.0431057
4.31404e-11 0.0431404
4.31752e-11 0.0431752
4.32099e-11 0.0432099
4.32447e-11 0.0432447
4.32794e-11 0.0432794
4.33142e-11 0.0433142
4.33489e-11 0.0433489
4.33836e-11 0.0433836
4.34184e-11 0.0434184
4.34531e-11 0.0434531
4.34879e-11 0.0434879
4.35226e-11 0.0435226
4.35574e-11 0.0435574
4.35921e-11 0.0435921
4.36269e-11 0.0436269
4.36616e-11 0.0436616
4.36964e-11 0.0436964
4.37311e-11 0.0437311
4.37659e-11 0.0437659
4.38006e-11 0.0438006
4.38353e-11 0.0438353
4.38701e-11 0.0438701
4.39048e-11 0.0439048
4.39396e-11 0.0439396
4.39743e-11 0.0439743
4.40091e-11 0.0440091
4.40438e-11 0.0440438
4.40786e-11 0.0440786
4.41133e-11 0.0441133
4.41481e-11 0.0441481
4.41828e-11 0.0441828
4.42176e-11 0.0442176
4.42523e-11 0.0442523
4.4287e-11 0.044287
4.43218e-11 0.0443218
4.43565e-11 0.0443565
4.43913e-11 0.0443913
4.4426e-11 0.044426
4.44608e-11 0.0444608
4.44955e-11 0.0444955
4.45303e-11 0.0445303
4.4565e-11 0.044565
4.45998e-11 0.0445998
4.46345e-11 0.0446345
4.46693e-11 0.0446693
4.4704e-11 0.044704
4.47387e-11 0.0447387
4.47735e-11 0.0447735
4.48082e-11 0.0448082
4.4843e-11 0.044843
4.48777e-11 0.0448777
4.49125e-11 0.0449125
4.49472e-11 0.0449472
4.4982e-11 0.044982
4.50167e-11 0.0450167
4.50515e-11 0.0450515
4.50862e-11 0.0450862
4.5121e-11 0.045121
4.51557e-11 0.0451557
4.51904e-11 0.0451904
4.52252e-11 0.0452252
4.52599e-11 0.0452599
4.52947e-11 0.0452947
4.53294e-11 0.0453294
4.53642e-11 0.0453642
4.53989e-11 0.0453989
4.54337e-11 0.0454337
4.54684e-11 0.0454684
4.55032e-11 0.0455032
4.55379e-11 0.0455379
4.55727e-11 0.0455727
4.56074e-11 0.0456074
4.56421e-11 0.0456421
4.56769e-11 0.0456769
4.57116e-11 0.0457116
4.57464e-11 0.0457464
4.57811e-11 0.0457811
4.58159e-11 0.0458159
4.58506e-11 0.0458506
4.58854e-11 0.0458854
4.59201e-11 0.0459201
4.59549e-11 0.0459549
4.59896e-11 0.0459896
4.60244e-11 0.0460244
4.60591e-11 0.0460591
4.60938e-11 0.0460938
4.61286e-11 0.0461286
4.61633e-11 0.0461633
4.61981e-11 0.0461981
4.62328e-11 0.0462328
4.62676e-11 0.0462676
4.63023e-11 0.0463023
4.63371e-11 0.0463371
4.63718e-11 0.0463718
4.64066e-11 0.0464066
4.64413e-11 0.0464413
4.6476e-11 0.046476
4.65108e-11 0.0465108
4.65455e-11 0.0465455
4.65803e-11 0.0465803
4.6615e-11 0.046615
4.66498e-11 0.0466498
4.66845e-11 0.0466845
4.67193e-11 0.0467193
4.6754e-11 0.046754
4.67888e-11 0.0467888
4.68235e-11 0.0468235
4.68583e-11 0.0468583
4.6893e-11 0.046893
4.69277e-11 0.0469277
4.69625e-11 0.0469625
4.69972e-11 0.0469972
4.7032e-11 0.047032
4.70667e-11 0.0470667
4.71015e-11 0.0471015
4.71362e-11 0.0471362
4.7171e-11 0.047171
4.72057e-11 0.0472057
4.72405e-11 0.0472405
4.72752e-11 0.0472752
4.731e-11 0.04731
4.73447e-11 0.0473447
4.73794e-11 0.0473794
4.74142e-11 0.0474142
4.74489e-11 0.0474489
4.74837e-11 0.0474837
4.75184e-11 0.0475184
4.75532e-11 0.0475532
4.75879e-11 0.0475879
4.76227e-11 0.0476227
4.76574e-11 0.0476574
4.76922e-11 0.0476922
4.77269e-11 0.0477269
4.77616e-11 0.0477616
4.77964e-11 0.0477964
4.78311e-11 0.0478311
4.78659e-11 0.0478659
4.79006e-11 0.0479006
4.79354e-11 0.0479354
4.79701e-11 0.0479701
4.80049e-11 0.0480049
4.80396e-11 0.0480396
4.80744e-11 0.0480744
4.81091e-11 0.0481091
4.81439e-11 0.0481439
4.81786e-11 0.0481786
4.82133e-11 0.0482133
4.82481e-11 0.0482481
4.82828e-11 0.0482828
4.83176e-11 0.0483176
4.83523e-11 0.0483523
4.83871e-11 0.0483871
4.84218e-11 0.0484218
4.84566e-11 0.0484566
4.84913e-11 0.0484913
4.85261e-11 0.0485261
4.85608e-11 0.0485608
4.85955e-11 0.0485955
4.86303e-11 0.0486303
4.8665e-11 0.048665
4.86998e-11 0.0486998
4.87345e-11 0.0487345
4.87693e-11 0.0487693
4.8804e-11 0.048804
4.88388e-11 0.0488388
4.88735e-11 0.0488735
4.89083e-11 0.0489083
4.8943e-11 0.048943
4.89778e-11 0.0489778
4.90125e-11 0.0490125
4.90472e-11 0.0490472
4.9082e-11 0.049082
4.91167e-11 0.0491167
4.91515e-11 0.0491515
4.91862e-11 0.0491862
4.9221e-11 0.049221
4.92557e-11 0.0492557
4.92905e-11 0.0492905
4.93252e-11 0.0493252
4.936e-11 0.04936
4.93947e-11 0.0493947
4.94294e-11 0.0494294
4.94642e-11 0.0494642
4.94989e-11 0.0494989
4.95337e-11 0.0495337
4.95684e-11 0.0495684
4.96032e-11 0.0496032
4.96379e-11 0.0496379
4.96727e-11 0.0496727
4.97074e-11 0.0497074
4.97422e-11 0.0497422
4.97769e-11 0.0497769
4.98116e-11 0.0498116
4.98464e-11 0.0498464
4.98811e-11 0.0498811
4.99159e-11 0.0499159
4.99506e-11 0.0499506
4.99854e-11 0.0499854
5.00201e-11 0.0500201
5.00549e-11 0.0500549
5.00896e-11 0.0500896
5.01244e-11 0.0501244
5.01591e-11 0.0501591
5.01939e-11 0.0501939
5.02286e-11 0.0502286
5.02633e-11 0.0502633
5.02981e-11 0.0502981
5.03328e-11 0.0503328
5.03676e-11 0.0503676
5.04023e-11 0.0504023
5.04371e-11 0.0504371
5.04718e-11 0.0504718
5.05066e-11 0.0505066
5.05413e-11 0.0505413
5.05761e-11 0.0505761
5.06108e-11 0.0506108
5.06455e-11 0.0506455
5.06803e-11 0.0506803
5.0715e-11 0.050715
5.07498e-11 0.0507498
5.07845e-11 0.0507845
5.08193e-11 0.0508193
5.0854e-11 0.050854
5.08888e-11 0.0508888
5.09235e-11 0.0509235
5.09583e-11 0.0509583
5.0993e-11 0.050993
5.10277e-11 0.0510277
5.10625e-11 0.0510625
5.10972e-11 0.0510972
5.1132e-11 0.051132
5.11667e-11 0.0511667
5.12015e-11 0.0512015
5.12362e-11 0.0512362
5.1271e-11 0.051271
5.13057e-11 0.0513057
5.13405e-11 0.0513405
5.13752e-11 0.0513752
5.14099e-11 0.0514099
5.14447e-11 0.0514447
5.14794e-11 0.0514794
5.15142e-11 0.0515142
5.15489e-11 0.0515489
5.15837e-11 0.0515837
5.16184e-11 0.0516184
5.16532e-11 0.0516532
5.16879e-11 0.0516879
5.17227e-11 0.0517227
5.17574e-11 0.0517574
5.17922e-11 0.0517922
5.18269e-11 0.0518269
5.18616e-11 0.0518616
5.18964e-11 0.0518964
5.19311e-11 0.0519311
5.19659e-11 0.0519659
5.20006e-11 0.0520006
5.20354e-11 0.0520354
5.20701e-11 0.0520701
5.21049e-11 0.0521049
5.21396e-11 0.0521396
5.21744e-11 0.0521744
5.22091e-11 0.0522091
5.22438e-11 0.0522438
5.22786e-11 0.0522786
5.23133e-11 0.0523133
5.23481e-11 0.0523481
5.23828e-11 0.0523828
5.24176e-11 0.0524176
5.24523e-11 0.0524523
5.24871e-11 0.0524871
5.25218e-11 0.0525218
5.25566e-11 0.0525566
5.25913e-11 0.0525913
5.2626e-11 0.052626
5.26608e-11 0.0526608
5.26955e-11 0.0526955
5.27303e-11 0.0527303
5.2765e-11 0.052765
5.27998e-11 0.0527998
5.28345e-11 0.0528345
5.28693e-11 0.0528693
5.2904e-11 0.052904
5.29388e-11 0.0529388
5.29735e-11 0.0529735
5.30082e-11 0.0530082
5.3043e-11 0.053043
5.30777e-11 0.0530777
5.31125e-11 0.0531125
5.31472e-11 0.0531472
5.3182e-11 0.053182
5.32167e-11 0.0532167
5.32515e-11 0.0532515
5.32862e-11 0.0532862
5.3321e-11 0.053321
5.33557e-11 0.0533557
5.33904e-11 0.0533904
5.34252e-11 0.0534252
5.34599e-11 0.0534599
5.34947e-11 0.0534947
5.35294e-11 0.0535294
5.35642e-11 0.0535642
5.35989e-11 0.0535989
5.36337e-11 0.0536337
5.36684e-11 0.0536684
5.37032e-11 0.0537032
5.37379e-11 0.0537379
5.37726e-11 0.0537726
5.38074e-11 0.0538074
5.38421e-11 0.0538421
5.38769e-11 0.0538769
5.39116e-11 0.0539116
5.39464e-11 0.0539464
5.39811e-11 0.0539811
5.40159e-11 0.0540159
5.40506e-11 0.0540506
5.40854e-11 0.0540854
5.41201e-11 0.0541201
5.41548e-11 0.0541548
5.41896e-11 0.0541896
5.42243e-11 0.0542243
5.42591e-11 0.0542591
5.42938e-11 0.0542938
5.43286e-11 0.0543286
5.43633e-11 0.0543633
5.43981e-11 0.0543981
5.44328e-11 0.0544328
5.44676e-11 0.0544676
5.45023e-11 0.0545023
5.4537e-11 0.054537
5.45718e-11 0.0545718
5.46065e-11 0.0546065
5.46413e-11 0.0546413
5.4676e-11 0.054676
5.47108e-11 0.0547108
5.47455e-11 0.0547455
5.47803e-11 0.0547803
5.4815e-11 0.054815
5.48497e-11 0.0548497
5.48845e-11 0.0548845
5.49192e-11 0.0549192
5.4954e-11 0.054954
5.49887e-11 0.0549887
5.50235e-11 0.0550235
5.50582e-11 0.0550582
5.5093e-11 0.055093
5.51277e-11 0.0551277
5.51625e-11 0.0551625
5.51972e-11 0.0551972
5.52319e-11 0.0552319
5.52667e-11 0.0552667
5.53014e-11 0.0553014
5.53362e-11 0.0553362
5.53709e-11 0.0553709
5.54057e-11 0.0554057
5.54404e-11 0.0554404
5.54752e-11 0.0554752
5.55099e-11 0.0555099
5.55447e-11 0.0555447
5.55794e-11 0.0555794
5.56141e-11 0.0556141
5.56489e-11 0.0556489
5.56836e-11 0.0556836
5.57184e-11 0.0557184
5.57531e-11 0.0557531
5.57879e-11 0.0557879
5.58226e-11 0.0558226
5.58574e-11 0.0558574
5.58921e-11 0.0558921
5.59269e-11 0.0559269
5.59616e-11 0.0559616
5.59963e-11 0.0559963
5.60311e-11 0.0560311
5.60658e-11 0.0560658
5.61006e-11 0.0561006
5.61353e-11 0.0561353
5.61701e-11 0.0561701
5.62048e-11 0.0562048
5.62396e-11 0.0562396
5.62743e-11 0.0562743
5.63091e-11 0.0563091
5.63438e-11 0.0563438
5.63785e-11 0.0563785
5.64133e-11 0.0564133
5.6448e-11 0.056448
5.64828e-11 0.0564828
5.65175e-11 0.0565175
5.65523e-11 0.0565523
5.6587e-11 0.056587
5.66218e-11 0.0566218
5.66565e-11 0.0566565
5.66912e-11 0.0566912
5.6726e-11 0.056726
5.67607e-11 0.0567607
5.67955e-11 0.0567955
5.68302e-11 0.0568302
5.6865e-11 0.056865
5.68997e-11 0.0568997
5.69345e-11 0.0569345
5.69692e-11 0.0569692
5.7004e-11 0.057004
5.70387e-11 0.0570387
5.70734e-11 0.0570734
5.71082e-11 0.0571082
5.71429e-11 0.0571429
5.71777e-11 0.0571777
5.72124e-11 0.0572124
5.72472e-11 0.0572472
5.72819e-11 0.0572819
5.73167e-11 0.0573167
5.73514e-11 0.0573514
5.73862e-11 0.0573862
5.74209e-11 0.0574209
5.74556e-11 0.0574556
5.74904e-11 0.0574904
5.75251e-11 0.0575251
5.75599e-11 0.0575599
5.75946e-11 0.0575946
5.76294e-11 0.0576294
5.76641e-11 0.0576641
5.76989e-11 0.0576989
5.77336e-11 0.0577336
5.77683e-11 0.0577683
5.78031e-11 0.0578031
5.78378e-11 0.0578378
5.78726e-11 0.0578726
5.79073e-11 0.0579073
5.79421e-11 0.0579421
5.79768e-11 0.0579768
5.80116e-11 0.0580116
5.80463e-11 0.0580463
5.80811e-11 0.0580811
5.81158e-11 0.0581158
5.81505e-11 0.0581505
5.81853e-11 0.0581853
5.822e-11 0.05822
5.82548e-11 0.0582548
5.82895e-11 0.0582895
5.83243e-11 0.0583243
5.8359e-11 0.058359
5.83938e-11 0.0583938
5.84285e-11 0.0584285
5.84632e-11 0.0584632
5.8498e-11 0.058498
5.85327e-11 0.0585327
5.85675e-11 0.0585675
5.86022e-11 0.0586022
5.8637e-11 0.058637
5.86717e-11 0.0586717
5.87065e-11 0.0587065
5.87412e-11 0.0587412
5.8776e-11 0.058776
5.88107e-11 0.0588107
5.88454e-11 0.0588454
5.88802e-11 0.0588802
5.89149e-11 0.0589149
5.89497e-11 0.0589497
5.89844e-11 0.0589844
5.90192e-11 0.0590192
5.90539e-11 0.0590539
5.90887e-11 0.0590887
5.91234e-11 0.0591234
5.91581e-11 0.0591581
5.91929e-11 0.0591929
5.92276e-11 0.0592276
5.92624e-11 0.0592624
5.92971e-11 0.0592971
5.93319e-11 0.0593319
5.93666e-11 0.0593666
5.94014e-11 0.0594014
5.94361e-11 0.0594361
5.94709e-11 0.0594709
5.95056e-11 0.0595056
5.95403e-11 0.0595403
5.95751e-11 0.0595751
5.96098e-11 0.0596098
5.96446e-11 0.0596446
5.96793e-11 0.0596793
5.97141e-11 0.0597141
5.97488e-11 0.0597488
5.97836e-11 0.0597836
5.98183e-11 0.0598183
5.9853e-11 0.059853
5.98878e-11 0.0598878
5.99225e-11 0.0599225
5.99573e-11 0.0599573
5.9992e-11 0.059992
6.00268e-11 0.0600268
6.00615e-11 0.0600615
6.00963e-11 0.0600963
6.0131e-11 0.060131
6.01658e-11 0.0601658
6.02005e-11 0.0602005
6.02352e-11 0.0602352
6.027e-11 0.06027
6.03047e-11 0.0603047
6.03395e-11 0.0603395
6.03742e-11 0.0603742
6.0409e-11 0.060409
6.04437e-11 0.0604437
6.04785e-11 0.0604785
6.05132e-11 0.0605132
6.05479e-11 0.0605479
6.05827e-11 0.0605827
6.06174e-11 0.0606174
6.06522e-11 0.0606522
6.06869e-11 0.0606869
6.07217e-11 0.0607217
6.07564e-11 0.0607564
6.07912e-11 0.0607912
6.08259e-11 0.0608259
6.08607e-11 0.0608607
6.08954e-11 0.0608954
6.09301e-11 0.0609301
6.09649e-11 0.0609649
6.09996e-11 0.0609996
6.10344e-11 0.0610344
6.10691e-11 0.0610691
6.11039e-11 0.0611039
6.11386e-11 0.0611386
6.11734e-11 0.0611734
6.12081e-11 0.0612081
6.12428e-11 0.0612428
6.12776e-11 0.0612776
6.13123e-11 0.0613123
6.13471e-11 0.0613471
6.13818e-11 0.0613818
6.14166e-11 0.0614166
6.14513e-11 0.0614513
6.14861e-11 0.0614861
6.15208e-11 0.0615208
6.15555e-11 0.0615555
6.15903e-11 0.0615903
6.1625e-11 0.061625
6.16598e-11 0.0616598
6.16945e-11 0.0616945
6.17293e-11 0.0617293
6.1764e-11 0.061764
6.17988e-11 0.0617988
6.18335e-11 0.0618335
6.18683e-11 0.0618683
6.1903e-11 0.061903
6.19377e-11 0.0619377
6.19725e-11 0.0619725
6.20072e-11 0.0620072
6.2042e-11 0.062042
6.20767e-11 0.0620767
6.21115e-11 0.0621115
6.21462e-11 0.0621462
6.2181e-11 0.062181
6.22157e-11 0.0622157
6.22504e-11 0.0622504
6.22852e-11 0.0622852
6.23199e-11 0.0623199
6.23547e-11 0.0623547
6.23894e-11 0.0623894
6.24242e-11 0.0624242
6.24589e-11 0.0624589
6.24937e-11 0.0624937
6.25284e-11 0.0625284
6.25631e-11 0.0625631
6.25979e-11 0.0625979
6.26326e-11 0.0626326
6.26674e-11 0.0626674
6.27021e-11 0.0627021
6.27369e-11 0.0627369
6.27716e-11 0.0627716
6.28064e-11 0.0628064
6.28411e-11 0.0628411
6.28758e-11 0.0628758
6.29106e-11 0.0629106
6.29453e-11 0.0629453
6.29801e-11 0.0629801
6.30148e-11 0.0630148
6.30496e-11 0.0630496
6.30843e-11 0.0630843
6.31191e-11 0.0631191
6.31538e-11 0.0631538
6.31886e-11 0.0631886
6.32233e-11 0.0632233
6.3258e-11 0.063258
6.32928e-11 0.0632928
6.33275e-11 0.0633275
6.33623e-11 0.0633623
6.3397e-11 0.063397
6.34318e-11 0.0634318
6.34665e-11 0.0634665
6.35013e-11 0.0635013
6.3536e-11 0.063536
6.35707e-11 0.0635707
6.36055e-11 0.0636055
6.36402e-11 0.0636402
6.3675e-11 0.063675
6.37097e-11 0.0637097
6.37445e-11 0.0637445
6.37792e-11 0.0637792
6.3814e-11 0.063814
6.38487e-11 0.0638487
6.38834e-11 0.0638834
6.39182e-11 0.0639182
6.39529e-11 0.0639529
6.39877e-11 0.0639877
6.40224e-11 0.0640224
6.40572e-11 0.0640572
6.40919e-11 0.0640919
6.41267e-11 0.0641267
6.41614e-11 0.0641614
6.41961e-11 0.0641961
6.42309e-11 0.0642309
6.42656e-11 0.0642656
6.43004e-11 0.0643004
6.43351e-11 0.0643351
6.43699e-11 0.0643699
6.44046e-11 0.0644046
6.44394e-11 0.0644394
6.44741e-11 0.0644741
6.45088e-11 0.0645088
6.45436e-11 0.0645436
6.45783e-11 0.0645783
6.46131e-11 0.0646131
6.46478e-11 0.0646478
6.46826e-11 0.0646826
6.47173e-11 0.0647173
6.47521e-11 0.0647521
6.47868e-11 0.0647868
6.48215e-11 0.0648215
6.48563e-11 0.0648563
6.4891e-11 0.064891
6.49258e-11 0.0649258
6.49605e-11 0.0649605
6.49953e-11 0.0649953
6.503e-11 0.06503
6.50648e-11 0.0650648
6.50995e-11 0.0650995
6.51342e-11 0.0651342
6.5169e-11 0.065169
6.52037e-11 0.0652037
6.52385e-11 0.0652385
6.52732e-11 0.0652732
6.5308e-11 0.065308
6.53427e-11 0.0653427
6.53775e-11 0.0653775
6.54122e-11 0.0654122
6.54469e-11 0.0654469
6.54817e-11 0.0654817
6.55164e-11 0.0655164
6.55512e-11 0.0655512
6.55859e-11 0.0655859
6.56207e-11 0.0656207
6.56554e-11 0.0656554
6.56902e-11 0.0656902
6.57249e-11 0.0657249
6.57597e-11 0.0657597
6.57944e-11 0.0657944
6.58291e-11 0.0658291
6.58639e-11 0.0658639
6.58986e-11 0.0658986
6.59334e-11 0.0659334
6.59681e-11 0.0659681
6.60029e-11 0.0660029
6.60376e-11 0.0660376
6.60724e-11 0.0660724
6.61071e-11 0.0661071
6.61418e-11 0.0661418
6.61766e-11 0.0661766
6.62113e-11 0.0662113
6.62461e-11 0.0662461
6.62808e-11 0.0662808
6.63156e-11 0.0663156
6.63503e-11 0.0663503
6.63851e-11 0.0663851
6.64198e-11 0.0664198
6.64545e-11 0.0664545
6.64893e-11 0.0664893
6.6524e-11 0.066524
6.65588e-11 0.0665588
6.65935e-11 0.0665935
6.66283e-11 0.0666283
6.6663e-11 0.066663
6.66978e-11 0.0666978
6.67325e-11 0.0667325
6.67672e-11 0.0667672
6.6802e-11 0.066802
6.68367e-11 0.0668367
6.68715e-11 0.0668715
6.69062e-11 0.0669062
6.6941e-11 0.066941
6.69757e-11 0.0669757
6.70105e-11 0.0670105
6.70452e-11 0.0670452
6.70799e-11 0.0670799
6.71147e-11 0.0671147
6.71494e-11 0.0671494
6.71842e-11 0.0671842
6.72189e-11 0.0672189
6.72537e-11 0.0672537
6.72884e-11 0.0672884
6.73231e-11 0.0673231
6.73579e-11 0.0673579
6.73926e-11 0.0673926
6.74274e-11 0.0674274
6.74621e-11 0.0674621
6.74969e-11 0.0674969
6.75316e-11 0.0675316
6.75664e-11 0.0675664
6.76011e-11 0.0676011
6.76358e-11 0.0676358
6.76706e-11 0.0676706
6.77053e-11 0.0677053
6.77401e-11 0.0677401
6.77748e-11 0.0677748
6.78096e-11 0.0678096
6.78443e-11 0.0678443
6.78791e-11 0.0678791
6.79138e-11 0.0679138
6.79485e-11 0.0679485
6.79833e-11 0.0679833
6.8018e-11 0.068018
6.80528e-11 0.0680528
6.80875e-11 0.0680875
6.81223e-11 0.0681223
6.8157e-11 0.068157
6.81918e-11 0.0681918
6.82265e-11 0.0682265
6.82612e-11 0.0682612
6.8296e-11 0.068296
6.83307e-11 0.0683307
6.83655e-11 0.0683655
6.84002e-11 0.0684002
6.8435e-11 0.068435
6.84697e-11 0.0684697
6.85045e-11 0.0685045
6.85392e-11 0.0685392
6.85739e-11 0.0685739
6.86087e-11 0.0686087
6.86434e-11 0.0686434
6.86782e-11 0.0686782
6.87129e-11 0.0687129
6.87477e-11 0.0687477
6.87824e-11 0.0687824
6.88172e-11 0.0688172
6.88519e-11 0.0688519
6.88866e-11 0.0688866
6.89214e-11 0.0689214
6.89561e-11 0.0689561
6.89909e-11 0.0689909
6.90256e-11 0.0690256
6.90604e-11 0.0690604
6.90951e-11 0.0690951
6.91299e-11 0.0691299
6.91646e-11 0.0691646
6.91993e-11 0.0691993
6.92341e-11 0.0692341
6.92688e-11 0.0692688
6.93036e-11 0.0693036
6.93383e-11 0.0693383
6.93731e-11 0.0693731
6.94078e-11 0.0694078
6.94426e-11 0.0694426
6.94773e-11 0.0694773
6.9512e-11 0.069512
6.95468e-11 0.0695468
6.95815e-11 0.0695815
6.96163e-11 0.0696163
6.9651e-11 0.069651
6.96858e-11 0.0696858
6.97205e-11 0.0697205
6.97552e-11 0.0697552
6.979e-11 0.06979
6.98247e-11 0.0698247
6.98595e-11 0.0698595
6.98942e-11 0.0698942
6.9929e-11 0.069929
6.99637e-11 0.0699637
6.99985e-11 0.0699985
7.00332e-11 0.0700332
7.00679e-11 0.0700679
7.01027e-11 0.0701027
7.01374e-11 0.0701374
7.01722e-11 0.0701722
7.02069e-11 0.0702069
7.02417e-11 0.0702417
7.02764e-11 0.0702764
7.03112e-11 0.0703112
7.03459e-11 0.0703459
7.03806e-11 0.0703806
7.04154e-11 0.0704154
7.04501e-11 0.0704501
7.04849e-11 0.0704849
7.05196e-11 0.0705196
7.05544e-11 0.0705544
7.05891e-11 0.0705891
7.06239e-11 0.0706239
7.06586e-11 0.0706586
7.06933e-11 0.0706933
7.07281e-11 0.0707281
7.07628e-11 0.0707628
7.07976e-11 0.0707976
7.08323e-11 0.0708323
7.08671e-11 0.0708671
7.09018e-11 0.0709018
7.09366e-11 0.0709366
7.09713e-11 0.0709713
7.1006e-11 0.071006
7.10408e-11 0.0710408
7.10755e-11 0.0710755
7.11103e-11 0.0711103
7.1145e-11 0.071145
7.11798e-11 0.0711798
7.12145e-11 0.0712145
7.12492e-11 0.0712492
7.1284e-11 0.071284
7.13187e-11 0.0713187
7.13535e-11 0.0713535
7.13882e-11 0.0713882
7.1423e-11 0.071423
7.14577e-11 0.0714577
7.14925e-11 0.0714925
7.15272e-11 0.0715272
7.15619e-11 0.0715619
7.15965e-11 0.0715965
7.16305e-11 0.0716305
7.16645e-11 0.0716645
7.16985e-11 0.0716985
7.17325e-11 0.0717325
7.17665e-11 0.0717665
7.18004e-11 0.0718004
7.18344e-11 0.0718344
7.18684e-11 0.0718684
7.19024e-11 0.0719024
7.19364e-11 0.0719364
7.19704e-11 0.0719704
7.20044e-11 0.0720044
7.20384e-11 0.0720384
7.20724e-11 0.0720724
7.21064e-11 0.0721064
7.21404e-11 0.0721404
7.21744e-11 0.0721744
7.22084e-11 0.0722084
7.22424e-11 0.0722424
7.22764e-11 0.0722764
7.23104e-11 0.0723104
7.23443e-11 0.0723443
7.23783e-11 0.0723783
7.24123e-11 0.0724123
7.24463e-11 0.0724463
7.24803e-11 0.0724803
7.25143e-11 0.0725143
7.25483e-11 0.0725483
7.25823e-11 0.0725823
7.26163e-11 0.0726163
7.26503e-11 0.0726503
7.26843e-11 0.0726843
7.27183e-11 0.0727183
7.27523e-11 0.0727523
7.27863e-11 0.0727863
7.28203e-11 0.0728203
7.28543e-11 0.0728543
7.28883e-11 0.0728883
7.29222e-11 0.0729222
7.29562e-11 0.0729562
7.29902e-11 0.0729902
7.30242e-11 0.0730242
7.30582e-11 0.0730582
7.30922e-11 0.0730922
7.31262e-11 0.0731262
7.31602e-11 0.0731602
7.31942e-11 0.0731942
7.32282e-11 0.0732282
7.32622e-11 0.0732622
7.32962e-11 0.0732962
7.33302e-11 0.0733302
7.33642e-11 0.0733642
7.33982e-11 0.0733982
7.34321e-11 0.0734321
7.34661e-11 0.0734661
7.35001e-11 0.0735001
7.35341e-11 0.0735341
7.35681e-11 0.0735681
7.36021e-11 0.0736021
7.36361e-11 0.0736361
7.36701e-11 0.0736701
7.37041e-11 0.0737041
7.37381e-11 0.0737381
7.37715e-11 0.0737715
7.38047e-11 0.0738047
7.3838e-11 0.073838
7.38713e-11 0.0738713
7.39046e-11 0.0739046
7.39379e-11 0.0739379
7.39712e-11 0.0739712
7.40045e-11 0.0740045
7.40378e-11 0.0740378
7.40711e-11 0.0740711
7.41044e-11 0.0741044
7.41377e-11 0.0741377
7.4171e-11 0.074171
7.42043e-11 0.0742043
7.42375e-11 0.0742375
7.42708e-11 0.0742708
7.43041e-11 0.0743041
7.43374e-11 0.0743374
7.43707e-11 0.0743707
7.4404e-11 0.074404
7.44373e-11 0.0744373
7.44706e-11 0.0744706
7.45039e-11 0.0745039
7.45372e-11 0.0745372
7.45705e-11 0.0745705
7.46038e-11 0.0746038
7.4637e-11 0.074637
7.46703e-11 0.0746703
7.47036e-11 0.0747036
7.47369e-11 0.0747369
7.47702e-11 0.0747702
7.48035e-11 0.0748035
7.48368e-11 0.0748368
7.48701e-11 0.0748701
7.49034e-11 0.0749034
7.49367e-11 0.0749367
7.497e-11 0.07497
7.50033e-11 0.0750033
7.50365e-11 0.0750365
7.50698e-11 0.0750698
7.51031e-11 0.0751031
7.51364e-11 0.0751364
7.51697e-11 0.0751697
7.5203e-11 0.075203
7.52363e-11 0.0752363
7.52696e-11 0.0752696
7.53029e-11 0.0753029
7.53362e-11 0.0753362
7.53695e-11 0.0753695
7.54028e-11 0.0754028
7.5436e-11 0.075436
7.54693e-11 0.0754693
7.55026e-11 0.0755026
7.55359e-11 0.0755359
7.55692e-11 0.0755692
7.56025e-11 0.0756025
7.56358e-11 0.0756358
7.56691e-11 0.0756691
7.57024e-11 0.0757024
7.57357e-11 0.0757357
7.5769e-11 0.075769
7.58023e-11 0.0758023
7.58356e-11 0.0758356
7.58688e-11 0.0758688
7.59021e-11 0.0759021
7.59354e-11 0.0759354
7.59687e-11 0.0759687
7.6002e-11 0.076002
7.60353e-11 0.0760353
7.60686e-11 0.0760686
7.61019e-11 0.0761019
7.61352e-11 0.0761352
7.61685e-11 0.0761685
7.62018e-11 0.0762018
7.62351e-11 0.0762351
7.62683e-11 0.0762683
7.63016e-11 0.0763016
7.63349e-11 0.0763349
7.63682e-11 0.0763682
7.64015e-11 0.0764015
7.64348e-11 0.0764348
7.64681e-11 0.0764681
7.65014e-11 0.0765014
7.65347e-11 0.0765347
7.6568e-11 0.076568
7.66013e-11 0.0766013
7.66345e-11 0.0766345
7.66678e-11 0.0766678
7.67011e-11 0.0767011
7.67344e-11 0.0767344
7.67677e-11 0.0767677
7.6801e-11 0.076801
7.68343e-11 0.0768343
7.68676e-11 0.0768676
7.69009e-11 0.0769009
7.69342e-11 0.0769342
7.69675e-11 0.0769675
7.70008e-11 0.0770008
7.7034e-11 0.077034
7.70673e-11 0.0770673
7.71006e-11 0.0771006
7.71339e-11 0.0771339
7.71672e-11 0.0771672
7.72005e-11 0.0772005
7.72338e-11 0.0772338
7.72671e-11 0.0772671
7.73004e-11 0.0773004
7.73337e-11 0.0773337
7.7367e-11 0.077367
7.74003e-11 0.0774003
7.74335e-11 0.0774335
7.74668e-11 0.0774668
7.75001e-11 0.0775001
7.75334e-11 0.0775334
7.75667e-11 0.0775667
7.76e-11 0.0776
7.76333e-11 0.0776333
7.76666e-11 0.0776666
7.76999e-11 0.0776999
7.77332e-11 0.0777332
7.77665e-11 0.0777665
7.77997e-11 0.0777997
7.7833e-11 0.077833
7.78663e-11 0.0778663
7.78996e-11 0.0778996
7.79329e-11 0.0779329
7.79662e-11 0.0779662
7.79995e-11 0.0779995
7.80328e-11 0.0780328
7.80661e-11 0.0780661
7.80994e-11 0.0780994
7.81327e-11 0.0781327
7.8166e-11 0.078166
7.81992e-11 0.0781992
7.82325e-11 0.0782325
7.82658e-11 0.0782658
7.82991e-11 0.0782991
7.83324e-11 0.0783324
7.83657e-11 0.0783657
7.8399e-11 0.078399
7.84323e-11 0.0784323
7.84656e-11 0.0784656
7.84989e-11 0.0784989
7.85322e-11 0.0785322
7.85654e-11 0.0785654
7.85987e-11 0.0785987
7.8632e-11 0.078632
7.86653e-11 0.0786653
7.86986e-11 0.0786986
7.87319e-11 0.0787319
7.87652e-11 0.0787652
7.87985e-11 0.0787985
7.88318e-11 0.0788318
7.88651e-11 0.0788651
7.88984e-11 0.0788984
7.89317e-11 0.0789317
7.89649e-11 0.0789649
7.89982e-11 0.0789982
7.90315e-11 0.0790315
7.90648e-11 0.0790648
7.90981e-11 0.0790981
7.91314e-11 0.0791314
7.91647e-11 0.0791647
7.9198e-11 0.079198
7.92313e-11 0.0792313
7.92646e-11 0.0792646
7.92979e-11 0.0792979
7.93311e-11 0.0793311
7.93644e-11 0.0793644
7.93977e-11 0.0793977
7.9431e-11 0.079431
7.94643e-11 0.0794643
7.94976e-11 0.0794976
7.95309e-11 0.0795309
7.95642e-11 0.0795642
7.95975e-11 0.0795975
7.96308e-11 0.0796308
7.96641e-11 0.0796641
7.96973e-11 0.0796973
7.97306e-11 0.0797306
7.97639e-11 0.0797639
7.97972e-11 0.0797972
7.98305e-11 0.0798305
7.98638e-11 0.0798638
7.98971e-11 0.0798971
7.99304e-11 0.0799304
7.99637e-11 0.0799637
7.9997e-11 0.079997
8.00303e-11 0.0800303
8.00635e-11 0.0800635
8.00968e-11 0.0800968
8.01301e-11 0.0801301
8.01634e-11 0.0801634
8.01967e-11 0.0801967
8.023e-11 0.08023
8.02633e-11 0.0802633
8.02966e-11 0.0802966
8.03299e-11 0.0803299
8.03632e-11 0.0803632
8.03965e-11 0.0803965
8.04297e-11 0.0804297
8.0463e-11 0.080463
8.04963e-11 0.0804963
8.05296e-11 0.0805296
8.05629e-11 0.0805629
8.05962e-11 0.0805962
8.06295e-11 0.0806295
8.06628e-11 0.0806628
8.06961e-11 0.0806961
8.07294e-11 0.0807294
8.07627e-11 0.0807627
8.07959e-11 0.0807959
8.08292e-11 0.0808292
8.08625e-11 0.0808625
8.08958e-11 0.0808958
8.09291e-11 0.0809291
8.09624e-11 0.0809624
8.09957e-11 0.0809957
8.1029e-11 0.081029
8.10623e-11 0.0810623
8.10956e-11 0.0810956
8.11289e-11 0.0811289
8.11621e-11 0.0811621
8.11954e-11 0.0811954
8.12287e-11 0.0812287
8.1262e-11 0.081262
8.12953e-11 0.0812953
8.13286e-11 0.0813286
8.13619e-11 0.0813619
8.13952e-11 0.0813952
8.14285e-11 0.0814285
8.14618e-11 0.0814618
8.14951e-11 0.0814951
8.15283e-11 0.0815283
8.15616e-11 0.0815616
8.15949e-11 0.0815949
8.16282e-11 0.0816282
8.16615e-11 0.0816615
8.16948e-11 0.0816948
8.17281e-11 0.0817281
8.17614e-11 0.0817614
8.17947e-11 0.0817947
8.1828e-11 0.081828
8.18612e-11 0.0818612
8.18945e-11 0.0818945
8.19278e-11 0.0819278
8.19611e-11 0.0819611
8.19944e-11 0.0819944
8.20277e-11 0.0820277
8.2061e-11 0.082061
8.20943e-11 0.0820943
8.21276e-11 0.0821276
8.21609e-11 0.0821609
8.21942e-11 0.0821942
8.22274e-11 0.0822274
8.22607e-11 0.0822607
8.2294e-11 0.082294
8.23273e-11 0.0823273
8.23606e-11 0.0823606
8.23939e-11 0.0823939
8.24272e-11 0.0824272
8.24605e-11 0.0824605
8.24938e-11 0.0824938
8.25271e-11 0.0825271
8.25603e-11 0.0825603
8.25936e-11 0.0825936
8.26269e-11 0.0826269
8.26602e-11 0.0826602
8.26935e-11 0.0826935
8.27268e-11 0.0827268
8.27601e-11 0.0827601
8.27934e-11 0.0827934
8.28267e-11 0.0828267
8.286e-11 0.08286
8.28933e-11 0.0828933
8.29265e-11 0.0829265
8.29598e-11 0.0829598
8.29931e-11 0.0829931
8.30264e-11 0.0830264
8.30597e-11 0.0830597
8.3093e-11 0.083093
8.31263e-11 0.0831263
8.31596e-11 0.0831596
8.31929e-11 0.0831929
8.32262e-11 0.0832262
8.32594e-11 0.0832594
8.32927e-11 0.0832927
8.3326e-11 0.083326
8.33593e-11 0.0833593
8.33926e-11 0.0833926
8.34259e-11 0.0834259
8.34592e-11 0.0834592
8.34925e-11 0.0834925
8.35258e-11 0.0835258
8.35591e-11 0.0835591
8.35924e-11 0.0835924
8.36256e-11 0.0836256
8.36589e-11 0.0836589
8.36922e-11 0.0836922
8.37255e-11 0.0837255
8.37588e-11 0.0837588
8.37921e-11 0.0837921
8.38254e-11 0.0838254
8.38587e-11 0.0838587
8.3892e-11 0.083892
8.39253e-11 0.0839253
8.39585e-11 0.0839585
8.39918e-11 0.0839918
8.40251e-11 0.0840251
8.40584e-11 0.0840584
8.40917e-11 0.0840917
8.4125e-11 0.084125
8.41583e-11 0.0841583
8.41916e-11 0.0841916
8.42249e-11 0.0842249
8.42582e-11 0.0842582
8.42914e-11 0.0842914
8.43247e-11 0.0843247
8.4358e-11 0.084358
8.43913e-11 0.0843913
8.44246e-11 0.0844246
8.44579e-11 0.0844579
8.44912e-11 0.0844912
8.45245e-11 0.0845245
8.45578e-11 0.0845578
8.45911e-11 0.0845911
8.46243e-11 0.0846243
8.46576e-11 0.0846576
8.46909e-11 0.0846909
8.47242e-11 0.0847242
8.47575e-11 0.0847575
8.47908e-11 0.0847908
8.48241e-11 0.0848241
8.48574e-11 0.0848574
8.48907e-11 0.0848907
8.4924e-11 0.084924
8.49573e-11 0.0849573
8.49905e-11 0.0849905
8.50238e-11 0.0850238
8.50571e-11 0.0850571
8.50904e-11 0.0850904
8.51237e-11 0.0851237
8.5157e-11 0.085157
8.51903e-11 0.0851903
8.52236e-11 0.0852236
8.52569e-11 0.0852569
8.52902e-11 0.0852902
8.53234e-11 0.0853234
8.53567e-11 0.0853567
8.539e-11 0.08539
8.54233e-11 0.0854233
8.54566e-11 0.0854566
8.54899e-11 0.0854899
8.55232e-11 0.0855232
8.55565e-11 0.0855565
8.55898e-11 0.0855898
8.56231e-11 0.0856231
8.56563e-11 0.0856563
8.56896e-11 0.0856896
8.57229e-11 0.0857229
8.57562e-11 0.0857562
8.57895e-11 0.0857895
8.58228e-11 0.0858228
8.58561e-11 0.0858561
8.58894e-11 0.0858894
8.59227e-11 0.0859227
8.59559e-11 0.0859559
8.59892e-11 0.0859892
8.60225e-11 0.0860225
8.60558e-11 0.0860558
8.60891e-11 0.0860891
8.61224e-11 0.0861224
8.61557e-11 0.0861557
8.6189e-11 0.086189
8.62223e-11 0.0862223
8.62556e-11 0.0862556
8.62888e-11 0.0862888
8.63221e-11 0.0863221
8.63554e-11 0.0863554
8.63887e-11 0.0863887
8.6422e-11 0.086422
8.64553e-11 0.0864553
8.64886e-11 0.0864886
8.65219e-11 0.0865219
8.65552e-11 0.0865552
8.65885e-11 0.0865885
8.66217e-11 0.0866217
8.6655e-11 0.086655
8.66883e-11 0.0866883
8.67216e-11 0.0867216
8.67549e-11 0.0867549
8.67882e-11 0.0867882
8.68215e-11 0.0868215
8.68548e-11 0.0868548
8.68881e-11 0.0868881
8.69214e-11 0.0869214
8.69546e-11 0.0869546
8.69879e-11 0.0869879
8.70212e-11 0.0870212
8.70545e-11 0.0870545
8.70878e-11 0.0870878
8.71211e-11 0.0871211
8.71544e-11 0.0871544
8.71877e-11 0.0871877
8.7221e-11 0.087221
8.72543e-11 0.0872543
8.72875e-11 0.0872875
8.73208e-11 0.0873208
8.73541e-11 0.0873541
8.73874e-11 0.0873874
8.74207e-11 0.0874207
8.7454e-11 0.087454
8.74873e-11 0.0874873
8.75206e-11 0.0875206
8.75539e-11 0.0875539
8.75871e-11 0.0875871
8.76204e-11 0.0876204
8.76537e-11 0.0876537
8.7687e-11 0.087687
8.77203e-11 0.0877203
8.77536e-11 0.0877536
8.77869e-11 0.0877869
8.78202e-11 0.0878202
8.78535e-11 0.0878535
8.78868e-11 0.0878868
8.792e-11 0.08792
8.79533e-11 0.0879533
8.79866e-11 0.0879866
8.80199e-11 0.0880199
8.80532e-11 0.0880532
8.80865e-11 0.0880865
8.81198e-11 0.0881198
8.81531e-11 0.0881531
8.81864e-11 0.0881864
8.82196e-11 0.0882196
8.82529e-11 0.0882529
8.82862e-11 0.0882862
8.83195e-11 0.0883195
8.83528e-11 0.0883528
8.83861e-11 0.0883861
8.84194e-11 0.0884194
8.84527e-11 0.0884527
8.8486e-11 0.088486
8.85193e-11 0.0885193
8.85525e-11 0.0885525
8.85858e-11 0.0885858
8.86191e-11 0.0886191
8.86524e-11 0.0886524
8.86857e-11 0.0886857
8.8719e-11 0.088719
8.87523e-11 0.0887523
8.87856e-11 0.0887856
8.88189e-11 0.0888189
8.88521e-11 0.0888521
8.88854e-11 0.0888854
8.89187e-11 0.0889187
8.8952e-11 0.088952
8.89853e-11 0.0889853
8.90186e-11 0.0890186
8.90519e-11 0.0890519
8.90852e-11 0.0890852
8.91185e-11 0.0891185
8.91518e-11 0.0891518
8.9185e-11 0.089185
8.92183e-11 0.0892183
8.92516e-11 0.0892516
8.92849e-11 0.0892849
8.93182e-11 0.0893182
8.93515e-11 0.0893515
8.93848e-11 0.0893848
8.94181e-11 0.0894181
8.94514e-11 0.0894514
8.94846e-11 0.0894846
8.95179e-11 0.0895179
8.95512e-11 0.0895512
8.95845e-11 0.0895845
8.96178e-11 0.0896178
8.96511e-11 0.0896511
8.96844e-11 0.0896844
8.97177e-11 0.0897177
8.9751e-11 0.089751
8.97842e-11 0.0897842
8.98175e-11 0.0898175
8.98508e-11 0.0898508
8.98841e-11 0.0898841
8.99174e-11 0.0899174
8.99507e-11 0.0899507
8.9984e-11 0.089984
9.00173e-11 0.0900173
9.00506e-11 0.0900506
9.00839e-11 0.0900839
9.01171e-11 0.0901171
9.01504e-11 0.0901504
9.01837e-11 0.0901837
9.0217e-11 0.090217
9.02503e-11 0.0902503
9.02836e-11 0.0902836
9.03169e-11 0.0903169
9.03502e-11 0.0903502
9.03835e-11 0.0903835
9.04167e-11 0.0904167
9.045e-11 0.09045
9.04833e-11 0.0904833
9.05166e-11 0.0905166
9.05499e-11 0.0905499
9.05832e-11 0.0905832
9.06165e-11 0.0906165
9.06498e-11 0.0906498
9.06831e-11 0.0906831
9.07163e-11 0.0907163
9.07496e-11 0.0907496
9.07829e-11 0.0907829
9.08162e-11 0.0908162
9.08495e-11 0.0908495
9.08828e-11 0.0908828
9.09161e-11 0.0909161
9.09494e-11 0.0909494
9.09827e-11 0.0909827
9.10159e-11 0.0910159
9.10492e-11 0.0910492
9.10825e-11 0.0910825
9.11158e-11 0.0911158
9.11491e-11 0.0911491
9.11824e-11 0.0911824
9.12157e-11 0.0912157
9.1249e-11 0.091249
9.12823e-11 0.0912823
9.13155e-11 0.0913155
9.13488e-11 0.0913488
9.13821e-11 0.0913821
9.14154e-11 0.0914154
9.14487e-11 0.0914487
9.1482e-11 0.091482
9.15153e-11 0.0915153
9.15486e-11 0.0915486
9.15819e-11 0.0915819
9.16151e-11 0.0916151
9.16484e-11 0.0916484
9.16817e-11 0.0916817
9.1715e-11 0.091715
9.17483e-11 0.0917483
9.17816e-11 0.0917816
9.18149e-11 0.0918149
9.18482e-11 0.0918482
9.18815e-11 0.0918815
9.19147e-11 0.0919147
9.1948e-11 0.091948
9.19813e-11 0.0919813
9.20146e-11 0.0920146
9.20479e-11 0.0920479
9.20812e-11 0.0920812
9.21145e-11 0.0921145
9.21478e-11 0.0921478
9.21811e-11 0.0921811
9.22143e-11 0.0922143
9.22476e-11 0.0922476
9.22809e-11 0.0922809
9.23142e-11 0.0923142
9.23475e-11 0.0923475
9.23808e-11 0.0923808
9.24141e-11 0.0924141
9.24474e-11 0.0924474
9.24807e-11 0.0924807
9.25139e-11 0.0925139
9.25472e-11 0.0925472
9.25805e-11 0.0925805
9.26138e-11 0.0926138
9.26471e-11 0.0926471
9.26804e-11 0.0926804
9.27137e-11 0.0927137
9.2747e-11 0.092747
9.27803e-11 0.0927803
9.28135e-11 0.0928135
9.28468e-11 0.0928468
9.28801e-11 0.0928801
9.29134e-11 0.0929134
9.29467e-11 0.0929467
9.298e-11 0.09298
9.30133e-11 0.0930133
9.30466e-11 0.0930466
9.30799e-11 0.0930799
9.31131e-11 0.0931131
9.31464e-11 0.0931464
9.31797e-11 0.0931797
9.3213e-11 0.093213
9.32463e-11 0.0932463
9.32796e-11 0.0932796
9.33129e-11 0.0933129
9.33462e-11 0.0933462
9.33794e-11 0.0933794
9.34127e-11 0.0934127
9.3446e-11 0.093446
9.34793e-11 0.0934793
9.35126e-11 0.0935126
9.35459e-11 0.0935459
9.35792e-11 0.0935792
9.36125e-11 0.0936125
9.36458e-11 0.0936458
9.3679e-11 0.093679
9.37123e-11 0.0937123
9.37456e-11 0.0937456
9.37789e-11 0.0937789
9.38122e-11 0.0938122
9.38455e-11 0.0938455
9.38788e-11 0.0938788
9.39121e-11 0.0939121
9.39454e-11 0.0939454
9.39786e-11 0.0939786
9.40119e-11 0.0940119
9.40452e-11 0.0940452
9.40785e-11 0.0940785
9.41118e-11 0.0941118
9.41451e-11 0.0941451
9.41784e-11 0.0941784
9.42117e-11 0.0942117
9.4245e-11 0.094245
9.42782e-11 0.0942782
9.43115e-11 0.0943115
9.43448e-11 0.0943448
9.43781e-11 0.0943781
9.44114e-11 0.0944114
9.44447e-11 0.0944447
9.4478e-11 0.094478
9.45113e-11 0.0945113
9.45445e-11 0.0945445
9.45778e-11 0.0945778
9.46111e-11 0.0946111
9.46444e-11 0.0946444
9.46777e-11 0.0946777
9.4711e-11 0.094711
9.47443e-11 0.0947443
9.47776e-11 0.0947776
9.48109e-11 0.0948109
9.48441e-11 0.0948441
9.48774e-11 0.0948774
9.49107e-11 0.0949107
9.4944e-11 0.094944
9.49773e-11 0.0949773
9.50106e-11 0.0950106
9.50439e-11 0.0950439
9.50772e-11 0.0950772
9.51104e-11 0.0951104
9.51437e-11 0.0951437
9.5177e-11 0.095177
9.52103e-11 0.0952103
9.52436e-11 0.0952436
9.52769e-11 0.0952769
9.53102e-11 0.0953102
9.53435e-11 0.0953435
9.53768e-11 0.0953768
9.541e-11 0.09541
9.54433e-11 0.0954433
9.54766e-11 0.0954766
9.55099e-11 0.0955099
9.55432e-11 0.0955432
9.55765e-11 0.0955765
9.56098e-11 0.0956098
9.56431e-11 0.0956431
9.56763e-11 0.0956763
9.57096e-11 0.0957096
9.57429e-11 0.0957429
9.57762e-11 0.0957762
9.58095e-11 0.0958095
9.58428e-11 0.0958428
9.58761e-11 0.0958761
9.59094e-11 0.0959094
9.59427e-11 0.0959427
9.59759e-11 0.0959759
9.60092e-11 0.0960092
9.60425e-11 0.0960425
9.60758e-11 0.0960758
9.61091e-11 0.0961091
9.61424e-11 0.0961424
9.61757e-11 0.0961757
9.6209e-11 0.096209
9.62422e-11 0.0962422
9.62755e-11 0.0962755
9.63088e-11 0.0963088
9.63421e-11 0.0963421
9.63754e-11 0.0963754
9.64087e-11 0.0964087
9.6442e-11 0.096442
9.64753e-11 0.0964753
9.65085e-11 0.0965085
9.65418e-11 0.0965418
9.65751e-11 0.0965751
9.66084e-11 0.0966084
9.66417e-11 0.0966417
9.6675e-11 0.096675
9.67083e-11 0.0967083
9.67416e-11 0.0967416
9.67749e-11 0.0967749
9.68081e-11 0.0968081
9.68414e-11 0.0968414
9.68747e-11 0.0968747
9.6908e-11 0.096908
9.69413e-11 0.0969413
9.69746e-11 0.0969746
9.70079e-11 0.0970079
9.70412e-11 0.0970412
9.70744e-11 0.0970744
9.71077e-11 0.0971077
9.7141e-11 0.097141
9.71743e-11 0.0971743
9.72076e-11 0.0972076
9.72409e-11 0.0972409
9.72742e-11 0.0972742
9.73075e-11 0.0973075
9.73407e-11 0.0973407
9.7374e-11 0.097374
9.74073e-11 0.0974073
9.74406e-11 0.0974406
9.74739e-11 0.0974739
9.75072e-11 0.0975072
9.75405e-11 0.0975405
9.75738e-11 0.0975738
9.76071e-11 0.0976071
9.76403e-11 0.0976403
9.76736e-11 0.0976736
9.77069e-11 0.0977069
9.77402e-11 0.0977402
9.77735e-11 0.0977735
9.78068e-11 0.0978068
9.78401e-11 0.0978401
9.78734e-11 0.0978734
9.79066e-11 0.0979066
9.79399e-11 0.0979399
9.79732e-11 0.0979732
9.80065e-11 0.0980065
9.80398e-11 0.0980398
9.80731e-11 0.0980731
9.81064e-11 0.0981064
9.81397e-11 0.0981397
9.81729e-11 0.0981729
9.82062e-11 0.0982062
9.82395e-11 0.0982395
9.82728e-11 0.0982728
9.83061e-11 0.0983061
9.83394e-11 0.0983394
9.83727e-11 0.0983727
9.8406e-11 0.098406
9.84392e-11 0.0984392
9.84725e-11 0.0984725
9.85058e-11 0.0985058
9.85391e-11 0.0985391
9.85724e-11 0.0985724
9.86057e-11 0.0986057
9.8639e-11 0.098639
9.86723e-11 0.0986723
9.87055e-11 0.0987055
9.87388e-11 0.0987388
9.87721e-11 0.0987721
9.88054e-11 0.0988054
9.88387e-11 0.0988387
9.8872e-11 0.098872
9.89053e-11 0.0989053
9.89386e-11 0.0989386
9.89718e-11 0.0989718
9.90051e-11 0.0990051
9.90384e-11 0.0990384
9.90717e-11 0.0990717
9.9105e-11 0.099105
9.91383e-11 0.0991383
9.91716e-11 0.0991716
9.92049e-11 0.0992049
9.92381e-11 0.0992381
9.92714e-11 0.0992714
9.93047e-11 0.0993047
9.9338e-11 0.099338
9.93713e-11 0.0993713
9.94046e-11 0.0994046
9.94379e-11 0.0994379
9.94712e-11 0.0994712
9.95044e-11 0.0995044
9.95377e-11 0.0995377
9.9571e-11 0.099571
9.96043e-11 0.0996043
9.96376e-11 0.0996376
9.96709e-11 0.0996709
9.97042e-11 0.0997042
9.97375e-11 0.0997375
9.97707e-11 0.0997707
9.9804e-11 0.099804
9.98373e-11 0.0998373
9.98706e-11 0.0998706
9.99039e-11 0.0999039
9.99372e-11 0.0999372
9.99705e-11 0.0999705
1.00004e-10 0.100004
1.00037e-10 0.100037
1.0007e-10 0.10007
1.00104e-10 0.100104
1.00137e-10 0.100137
1.0017e-10 0.10017
1.00203e-10 0.100203
1.00237e-10 0.100237
1.0027e-10 0.10027
1.00303e-10 0.100303
1.00337e-10 0.100337
1.0037e-10 0.10037
1.00403e-10 0.100403
1.00436e-10 0.100436
1.0047e-10 0.10047
1.00503e-10 0.100503
1.00536e-10 0.100536
1.0057e-10 0.10057
1.00603e-10 0.100603
1.00636e-10 0.100636
1.0067e-10 0.10067
1.00703e-10 0.100703
1.00736e-10 0.100736
1.00769e-10 0.100769
1.00803e-10 0.100803
1.00836e-10 0.100836
1.00869e-10 0.100869
1.00903e-10 0.100903
1.00936e-10 0.100936
1.00969e-10 0.100969
1.01002e-10 0.101002
1.01036e-10 0.101036
1.01069e-10 0.101069
1.01102e-10 0.101102
1.01136e-10 0.101136
1.01169e-10 0.101169
1.01202e-10 0.101202
1.01235e-10 0.101235
1.01269e-10 0.101269
1.01302e-10 0.101302
1.01335e-10 0.101335
1.01369e-10 0.101369
1.01402e-10 0.101402
1.01435e-10 0.101435
1.01468e-10 0.101468
1.01502e-10 0.101502
1.01535e-10 0.101535
1.01568e-10 0.101568
1.01602e-10 0.101602
1.01635e-10 0.101635
1.01668e-10 0.101668
1.01701e-10 0.101701
1.01735e-10 0.101735
1.01768e-10 0.101768
1.01801e-10 0.101801
1.01835e-10 0.101835
1.01868e-10 0.101868
1.01901e-10 0.101901
1.01934e-10 0.101934
1.01968e-10 0.101968
1.02001e-10 0.102001
1.02034e-10 0.102034
1.02068e-10 0.102068
1.02101e-10 0.102101
1.02134e-10 0.102134
1.02167e-10 0.102167
1.02201e-10 0.102201
1.02234e-10 0.102234
1.02267e-10 0.102267
1.02301e-10 0.102301
1.02334e-10 0.102334
1.02367e-10 0.102367
1.024e-10 0.1024
1.02434e-10 0.102434
1.02467e-10 0.102467
1.025e-10 0.1025
1.02534e-10 0.102534
1.02567e-10 0.102567
1.026e-10 0.1026
1.02633e-10 0.102633
1.02667e-10 0.102667
1.027e-10 0.1027
1.02733e-10 0.102733
1.02767e-10 0.102767
1.028e-10 0.1028
1.02833e-10 0.102833
1.02866e-10 0.102866
1.029e-10 0.1029
1.02933e-10 0.102933
1.02966e-10 0.102966
1.03e-10 0.103
1.03033e-10 0.103033
1.03066e-10 0.103066
1.03099e-10 0.103099
1.03133e-10 0.103133
1.03166e-10 0.103166
1.03199e-10 0.103199
1.03233e-10 0.103233
1.03266e-10 0.103266
1.03299e-10 0.103299
1.03332e-10 0.103332
1.03366e-10 0.103366
1.03399e-10 0.103399
1.03432e-10 0.103432
1.03466e-10 0.103466
1.03499e-10 0.103499
1.03532e-10 0.103532
1.03565e-10 0.103565
1.03599e-10 0.103599
1.03632e-10 0.103632
1.03665e-10 0.103665
1.03699e-10 0.103699
1.03732e-10 0.103732
1.03765e-10 0.103765
1.03798e-10 0.103798
1.03832e-10 0.103832
1.03865e-10 0.103865
1.03898e-10 0.103898
1.03932e-10 0.103932
1.03965e-10 0.103965
1.03998e-10 0.103998
1.04031e-10 0.104031
1.04065e-10 0.104065
1.04098e-10 0.104098
1.04131e-10 0.104131
1.04165e-10 0.104165
1.04198e-10 0.104198
1.04231e-10 0.104231
1.04264e-10 0.104264
1.04298e-10 0.104298
1.04331e-10 0.104331
1.04364e-10 0.104364
1.04398e-10 0.104398
1.04431e-10 0.104431
1.04464e-10 0.104464
1.04498e-10 0.104498
1.04531e-10 0.104531
1.04564e-10 0.104564
1.04597e-10 0.104597
1.04631e-10 0.104631
1.04664e-10 0.104664
1.04697e-10 0.104697
1.04731e-10 0.104731
1.04764e-10 0.104764
1.04797e-10 0.104797
1.0483e-10 0.10483
1.04864e-10 0.104864
1.04897e-10 0.104897
1.0493e-10 0.10493
1.04964e-10 0.104964
1.04997e-10 0.104997
1.0503e-10 0.10503
1.05063e-10 0.105063
1.05097e-10 0.105097
1.0513e-10 0.10513
1.05163e-10 0.105163
1.05197e-10 0.105197
1.0523e-10 0.10523
1.05263e-10 0.105263
1.05296e-10 0.105296
1.0533e-10 0.10533
1.05363e-10 0.105363
1.05396e-10 0.105396
1.0543e-10 0.10543
1.05463e-10 0.105463
1.05496e-10 0.105496
1.05529e-10 0.105529
1.05563e-10 0.105563
1.05596e-10 0.105596
1.05629e-10 0.105629
1.05663e-10 0.105663
1.05696e-10 0.105696
1.05729e-10 0.105729
1.05762e-10 0.105762
1.05796e-10 0.105796
1.05829e-10 0.105829
1.05862e-10 0.105862
1.05896e-10 0.105896
1.05929e-10 0.105929
1.05962e-10 0.105962
1.05995e-10 0.105995
1.06029e-10 0.106029
1.06062e-10 0.106062
1.06095e-10 0.106095
1.06129e-10 0.106129
1.06162e-10 0.106162
1.06195e-10 0.106195
1.06228e-10 0.106228
1.06262e-10 0.106262
1.06295e-10 0.106295
1.06328e-10 0.106328
1.06362e-10 0.106362
1.06395e-10 0.106395
1.06428e-10 0.106428
1.06461e-10 0.106461
1.06495e-10 0.106495
1.06528e-10 0.106528
1.06561e-10 0.106561
1.06595e-10 0.106595
1.06628e-10 0.106628
1.06661e-10 0.106661
1.06694e-10 0.106694
1.06728e-10 0.106728
1.06761e-10 0.106761
1.06794e-10 0.106794
1.06828e-10 0.106828
1.06861e-10 0.106861
1.06894e-10 0.106894
1.06927e-10 0.106927
1.06961e-10 0.106961
1.06994e-10 0.106994
1.07027e-10 0.107027
1.07061e-10 0.107061
1.07094e-10 0.107094
1.07127e-10 0.107127
1.0716e-10 0.10716
1.07194e-10 0.107194
1.07227e-10 0.107227
1.0726e-10 0.10726
1.07294e-10 0.107294
1.07327e-10 0.107327
1.0736e-10 0.10736
1.07393e-10 0.107393
1.07427e-10 0.107427
1.0746e-10 0.10746
1.07493e-10 0.107493
1.07527e-10 0.107527
1.0756e-10 0.10756
1.07593e-10 0.107593
1.07626e-10 0.107626
1.0766e-10 0.10766
1.07693e-10 0.107693
1.07726e-10 0.107726
1.0776e-10 0.10776
1.07793e-10 0.107793
1.07826e-10 0.107826
1.07859e-10 0.107859
1.07893e-10 0.107893
1.07926e-10 0.107926
1.07959e-10 0.107959
1.07993e-10 0.107993
1.08026e-10 0.108026
1.08059e-10 0.108059
1.08092e-10 0.108092
1.08126e-10 0.108126
1.08159e-10 0.108159
1.08192e-10 0.108192
1.08226e-10 0.108226
1.08259e-10 0.108259
1.08292e-10 0.108292
1.08325e-10 0.108325
1.08359e-10 0.108359
1.08392e-10 0.108392
1.08425e-10 0.108425
1.08459e-10 0.108459
1.08492e-10 0.108492
1.08525e-10 0.108525
1.08558e-10 0.108558
1.08592e-10 0.108592
1.08625e-10 0.108625
1.08658e-10 0.108658
1.08692e-10 0.108692
1.08725e-10 0.108725
1.08758e-10 0.108758
1.08791e-10 0.108791
1.08825e-10 0.108825
1.08858e-10 0.108858
1.08891e-10 0.108891
1.08925e-10 0.108925
1.08958e-10 0.108958
1.08991e-10 0.108991
1.09024e-10 0.109024
1.09058e-10 0.109058
1.09091e-10 0.109091
1.09124e-10 0.109124
1.09158e-10 0.109158
1.09191e-10 0.109191
1.09224e-10 0.109224
1.09257e-10 0.109257
1.09291e-10 0.109291
1.09324e-10 0.109324
1.09357e-10 0.109357
1.09391e-10 0.109391
1.09424e-10 0.109424
1.09457e-10 0.109457
1.0949e-10 0.10949
1.09524e-10 0.109524
1.09557e-10 0.109557
1.0959e-10 0.10959
1.09624e-10 0.109624
1.09657e-10 0.109657
1.0969e-10 0.10969
1.09723e-10 0.109723
1.09757e-10 0.109757
1.0979e-10 0.10979
1.09823e-10 0.109823
1.09857e-10 0.109857
1.0989e-10 0.10989
1.09923e-10 0.109923
1.09956e-10 0.109956
1.0999e-10 0.10999
1.10023e-10 0.110023
1.10056e-10 0.110056
1.1009e-10 0.11009
1.10123e-10 0.110123
1.10156e-10 0.110156
1.10189e-10 0.110189
1.10223e-10 0.110223
