3.50982e-15 3.50982e-06
7.01964e-15 7.01964e-06
1.05295e-14 1.05295e-05
1.40393e-14 1.40393e-05
1.75492e-14 1.75492e-05
2.10591e-14 2.10591e-05
2.4569e-14 2.4569e-05
2.80789e-14 2.80789e-05
3.15888e-14 3.15888e-05
3.50988e-14 3.50988e-05
-2.76475e-15 -2.76475e-06
-4.06284e-14 -4.06284e-05
-7.8492e-14 -7.8492e-05
-1.16356e-13 -0.000116356
-1.54219e-13 -0.000154219
-1.92083e-13 -0.000192083
-2.29947e-13 -0.000229947
-2.67811e-13 -0.000267811
-3.05674e-13 -0.000305674
-3.43538e-13 -0.000343538
-3.81402e-13 -0.000381402
-4.19266e-13 -0.000419266
-4.5713e-13 -0.00045713
-4.94993e-13 -0.000494993
-5.32857e-13 -0.000532857
-5.70721e-13 -0.000570721
-6.08585e-13 -0.000608585
-6.46449e-13 -0.000646449
-6.84313e-13 -0.000684313
-7.22177e-13 -0.000722177
-7.60041e-13 -0.000760041
-7.97905e-13 -0.000797905
-8.35769e-13 -0.000835769
-8.73633e-13 -0.000873633
-9.11497e-13 -0.000911497
-9.49361e-13 -0.000949361
-9.87225e-13 -0.000987225
-1.02509e-12 -0.00102509
-1.06295e-12 -0.00106295
-1.10082e-12 -0.00110082
-1.13868e-12 -0.00113868
-1.17655e-12 -0.00117655
-1.21441e-12 -0.00121441
-1.25227e-12 -0.00125227
-1.29014e-12 -0.00129014
-1.328e-12 -0.001328
-1.36587e-12 -0.00136587
-1.40373e-12 -0.00140373
-1.4416e-12 -0.0014416
-1.47946e-12 -0.00147946
-1.51732e-12 -0.00151732
-1.55519e-12 -0.00155519
-1.59305e-12 -0.00159305
-1.63092e-12 -0.00163092
-1.66878e-12 -0.00166878
-1.70665e-12 -0.00170665
-1.74451e-12 -0.00174451
-1.78238e-12 -0.00178238
-1.82024e-12 -0.00182024
-1.85811e-12 -0.00185811
-1.89597e-12 -0.00189597
-1.93383e-12 -0.00193383
-1.9717e-12 -0.0019717
-2.00956e-12 -0.00200956
-2.04743e-12 -0.00204743
-2.08529e-12 -0.00208529
-2.12316e-12 -0.00212316
-2.16102e-12 -0.00216102
-2.19889e-12 -0.00219889
-2.23675e-12 -0.00223675
-2.27462e-12 -0.00227462
-2.31248e-12 -0.00231248
-2.35035e-12 -0.00235035
-2.38821e-12 -0.00238821
-2.42608e-12 -0.00242608
-2.46394e-12 -0.00246394
-2.50181e-12 -0.00250181
-2.53967e-12 -0.00253967
-2.57754e-12 -0.00257754
-2.6154e-12 -0.0026154
-2.65327e-12 -0.00265327
-2.69113e-12 -0.00269113
-2.729e-12 -0.002729
-2.76686e-12 -0.00276686
-2.80473e-12 -0.00280473
-2.84259e-12 -0.00284259
-2.88046e-12 -0.00288046
-2.91832e-12 -0.00291832
-2.95619e-12 -0.00295619
-2.99405e-12 -0.00299405
-3.03192e-12 -0.00303192
-3.06978e-12 -0.00306978
-3.10765e-12 -0.00310765
-3.14551e-12 -0.00314551
-3.18338e-12 -0.00318338
-3.22124e-12 -0.00322124
-3.25911e-12 -0.00325911
-3.29697e-12 -0.00329697
-3.33484e-12 -0.00333484
-3.3727e-12 -0.0033727
-3.41057e-12 -0.00341057
-3.44843e-12 -0.00344843
-3.4863e-12 -0.0034863
-3.52416e-12 -0.00352416
-3.56203e-12 -0.00356203
-3.5999e-12 -0.0035999
-3.63776e-12 -0.00363776
-3.67563e-12 -0.00367563
-3.71349e-12 -0.00371349
-3.75136e-12 -0.00375136
-3.78922e-12 -0.00378922
-3.82709e-12 -0.00382709
-3.86495e-12 -0.00386495
-3.90282e-12 -0.00390282
-3.94069e-12 -0.00394069
-3.97855e-12 -0.00397855
-4.01642e-12 -0.00401642
-4.05428e-12 -0.00405428
-4.09215e-12 -0.00409215
-4.13001e-12 -0.00413001
-4.16788e-12 -0.00416788
-4.20575e-12 -0.00420575
-4.24361e-12 -0.00424361
-4.28148e-12 -0.00428148
-4.31934e-12 -0.00431934
-4.35721e-12 -0.00435721
-4.39507e-12 -0.00439507
-4.43294e-12 -0.00443294
-4.47081e-12 -0.00447081
-4.50867e-12 -0.00450867
-4.54654e-12 -0.00454654
-4.5844e-12 -0.0045844
-4.62227e-12 -0.00462227
-4.66014e-12 -0.00466014
-4.698e-12 -0.004698
-4.73587e-12 -0.00473587
-4.77373e-12 -0.00477373
-4.8116e-12 -0.0048116
-4.84947e-12 -0.00484947
-4.88733e-12 -0.00488733
-4.9252e-12 -0.0049252
-4.96306e-12 -0.00496306
-5.00093e-12 -0.00500093
-5.0388e-12 -0.0050388
-5.07666e-12 -0.00507666
-5.11453e-12 -0.00511453
-5.1524e-12 -0.0051524
-5.19026e-12 -0.00519026
-5.22813e-12 -0.00522813
-5.26599e-12 -0.00526599
-5.30386e-12 -0.00530386
-5.34173e-12 -0.00534173
-5.37959e-12 -0.00537959
-5.41746e-12 -0.00541746
-5.45533e-12 -0.00545533
-5.49319e-12 -0.00549319
-5.53106e-12 -0.00553106
-5.56893e-12 -0.00556893
-5.60679e-12 -0.00560679
-5.64466e-12 -0.00564466
-5.68253e-12 -0.00568253
-5.72039e-12 -0.00572039
-5.75826e-12 -0.00575826
-5.79612e-12 -0.00579612
-5.83399e-12 -0.00583399
-5.87186e-12 -0.00587186
-5.90972e-12 -0.00590972
-5.94759e-12 -0.00594759
-5.98546e-12 -0.00598546
-6.02332e-12 -0.00602332
-6.06119e-12 -0.00606119
-6.09906e-12 -0.00609906
-6.13692e-12 -0.00613692
-6.17479e-12 -0.00617479
-6.21266e-12 -0.00621266
-6.25053e-12 -0.00625053
-6.28839e-12 -0.00628839
-6.32626e-12 -0.00632626
-6.36413e-12 -0.00636413
-6.40199e-12 -0.00640199
-6.43986e-12 -0.00643986
-6.47773e-12 -0.00647773
-6.51559e-12 -0.00651559
-6.55346e-12 -0.00655346
-6.59133e-12 -0.00659133
-6.62919e-12 -0.00662919
-6.66706e-12 -0.00666706
-6.70493e-12 -0.00670493
-6.7428e-12 -0.0067428
-6.78066e-12 -0.00678066
-6.81853e-12 -0.00681853
-6.8564e-12 -0.0068564
-6.89426e-12 -0.00689426
-6.93213e-12 -0.00693213
-6.97e-12 -0.00697
-7.00787e-12 -0.00700787
-7.04573e-12 -0.00704573
-7.0836e-12 -0.0070836
-7.12147e-12 -0.00712147
-7.15933e-12 -0.00715933
-7.1972e-12 -0.0071972
-7.23507e-12 -0.00723507
-7.27294e-12 -0.00727294
-7.3108e-12 -0.0073108
-7.34867e-12 -0.00734867
-7.38654e-12 -0.00738654
-7.42441e-12 -0.00742441
-7.46227e-12 -0.00746227
-7.50014e-12 -0.00750014
-7.53801e-12 -0.00753801
-7.57588e-12 -0.00757588
-7.61374e-12 -0.00761374
-7.65161e-12 -0.00765161
-7.68948e-12 -0.00768948
-7.72735e-12 -0.00772735
-7.76521e-12 -0.00776521
-7.80308e-12 -0.00780308
-7.84095e-12 -0.00784095
-7.87882e-12 -0.00787882
-7.91668e-12 -0.00791668
-7.95455e-12 -0.00795455
-7.99242e-12 -0.00799242
-8.03029e-12 -0.00803029
-8.06815e-12 -0.00806815
-8.10602e-12 -0.00810602
-8.14389e-12 -0.00814389
-8.18176e-12 -0.00818176
-8.21963e-12 -0.00821963
-8.25749e-12 -0.00825749
-8.29536e-12 -0.00829536
-8.33323e-12 -0.00833323
-8.3711e-12 -0.0083711
-8.40897e-12 -0.00840897
-8.44683e-12 -0.00844683
-8.4847e-12 -0.0084847
-8.52257e-12 -0.00852257
-8.56044e-12 -0.00856044
-8.5983e-12 -0.0085983
-8.63617e-12 -0.00863617
-8.67404e-12 -0.00867404
-8.71191e-12 -0.00871191
-8.74978e-12 -0.00874978
-8.78765e-12 -0.00878765
-8.82551e-12 -0.00882551
-8.86338e-12 -0.00886338
-8.90125e-12 -0.00890125
-8.93912e-12 -0.00893912
-8.97699e-12 -0.00897699
-9.01485e-12 -0.00901485
-9.05272e-12 -0.00905272
-9.09059e-12 -0.00909059
-9.12846e-12 -0.00912846
-9.16633e-12 -0.00916633
-9.2042e-12 -0.0092042
-9.24206e-12 -0.00924206
-9.27993e-12 -0.00927993
-9.3178e-12 -0.0093178
-9.35567e-12 -0.00935567
-9.39354e-12 -0.00939354
-9.43141e-12 -0.00943141
-9.46927e-12 -0.00946927
-9.50714e-12 -0.00950714
-9.54501e-12 -0.00954501
-9.58288e-12 -0.00958288
-9.62075e-12 -0.00962075
-9.65862e-12 -0.00965862
-9.69649e-12 -0.00969649
-9.73435e-12 -0.00973435
-9.77222e-12 -0.00977222
-9.81009e-12 -0.00981009
-9.84796e-12 -0.00984796
-9.88583e-12 -0.00988583
-9.9237e-12 -0.0099237
-9.96157e-12 -0.00996157
-9.99943e-12 -0.00999943
-1.00373e-11 -0.0100373
-1.00752e-11 -0.0100752
-1.0113e-11 -0.010113
-1.01509e-11 -0.0101509
-1.01888e-11 -0.0101888
-1.02266e-11 -0.0102266
-1.02645e-11 -0.0102645
-1.03024e-11 -0.0103024
-1.03403e-11 -0.0103403
-1.03781e-11 -0.0103781
-1.0416e-11 -0.010416
-1.04539e-11 -0.0104539
-1.04917e-11 -0.0104917
-1.05296e-11 -0.0105296
-1.05675e-11 -0.0105675
-1.06053e-11 -0.0106053
-1.06432e-11 -0.0106432
-1.06811e-11 -0.0106811
-1.07189e-11 -0.0107189
-1.07568e-11 -0.0107568
-1.07947e-11 -0.0107947
-1.08326e-11 -0.0108326
-1.08704e-11 -0.0108704
-1.09083e-11 -0.0109083
-1.09462e-11 -0.0109462
-1.0984e-11 -0.010984
-1.10219e-11 -0.0110219
-1.10598e-11 -0.0110598
-1.10976e-11 -0.0110976
-1.11355e-11 -0.0111355
-1.11734e-11 -0.0111734
-1.12112e-11 -0.0112112
-1.12491e-11 -0.0112491
-1.1287e-11 -0.011287
-1.13249e-11 -0.0113249
-1.13627e-11 -0.0113627
-1.14006e-11 -0.0114006
-1.14385e-11 -0.0114385
-1.14763e-11 -0.0114763
-1.15142e-11 -0.0115142
-1.15521e-11 -0.0115521
-1.15899e-11 -0.0115899
-1.16278e-11 -0.0116278
-1.16657e-11 -0.0116657
-1.17035e-11 -0.0117035
-1.17414e-11 -0.0117414
-1.17793e-11 -0.0117793
-1.18172e-11 -0.0118172
-1.1855e-11 -0.011855
-1.18929e-11 -0.0118929
-1.19308e-11 -0.0119308
-1.19686e-11 -0.0119686
-1.20065e-11 -0.0120065
-1.20444e-11 -0.0120444
-1.20822e-11 -0.0120822
-1.21201e-11 -0.0121201
-1.2158e-11 -0.012158
-1.21959e-11 -0.0121959
-1.22337e-11 -0.0122337
-1.22716e-11 -0.0122716
-1.23095e-11 -0.0123095
-1.23473e-11 -0.0123473
-1.23852e-11 -0.0123852
-1.24231e-11 -0.0124231
-1.24609e-11 -0.0124609
-1.24988e-11 -0.0124988
-1.25367e-11 -0.0125367
-1.25746e-11 -0.0125746
-1.26124e-11 -0.0126124
-1.26503e-11 -0.0126503
-1.26882e-11 -0.0126882
-1.2726e-11 -0.012726
-1.27639e-11 -0.0127639
-1.28018e-11 -0.0128018
-1.28396e-11 -0.0128396
-1.28775e-11 -0.0128775
-1.29154e-11 -0.0129154
-1.29533e-11 -0.0129533
-1.29911e-11 -0.0129911
-1.3029e-11 -0.013029
-1.30669e-11 -0.0130669
-1.31047e-11 -0.0131047
-1.31426e-11 -0.0131426
-1.31805e-11 -0.0131805
-1.32183e-11 -0.0132183
-1.32562e-11 -0.0132562
-1.32941e-11 -0.0132941
-1.3332e-11 -0.013332
-1.33698e-11 -0.0133698
-1.34077e-11 -0.0134077
-1.34456e-11 -0.0134456
-1.34834e-11 -0.0134834
-1.35213e-11 -0.0135213
-1.35592e-11 -0.0135592
-1.35971e-11 -0.0135971
-1.36349e-11 -0.0136349
-1.36728e-11 -0.0136728
-1.37107e-11 -0.0137107
-1.37485e-11 -0.0137485
-1.37864e-11 -0.0137864
-1.38243e-11 -0.0138243
-1.38621e-11 -0.0138621
-1.39e-11 -0.0139
-1.39379e-11 -0.0139379
-1.39758e-11 -0.0139758
-1.40136e-11 -0.0140136
-1.40515e-11 -0.0140515
-1.40894e-11 -0.0140894
-1.41272e-11 -0.0141272
-1.41651e-11 -0.0141651
-1.4203e-11 -0.014203
-1.42409e-11 -0.0142409
-1.42787e-11 -0.0142787
-1.43166e-11 -0.0143166
-1.43545e-11 -0.0143545
-1.43923e-11 -0.0143923
-1.44302e-11 -0.0144302
-1.44681e-11 -0.0144681
-1.4506e-11 -0.014506
-1.45438e-11 -0.0145438
-1.45817e-11 -0.0145817
-1.46196e-11 -0.0146196
-1.46574e-11 -0.0146574
-1.46953e-11 -0.0146953
-1.47332e-11 -0.0147332
-1.47711e-11 -0.0147711
-1.48089e-11 -0.0148089
-1.48468e-11 -0.0148468
-1.48847e-11 -0.0148847
-1.49225e-11 -0.0149225
-1.49604e-11 -0.0149604
-1.49983e-11 -0.0149983
-1.50361e-11 -0.0150361
-1.5074e-11 -0.015074
-1.51119e-11 -0.0151119
-1.51498e-11 -0.0151498
-1.51876e-11 -0.0151876
-1.52255e-11 -0.0152255
-1.52634e-11 -0.0152634
-1.53012e-11 -0.0153012
-1.53391e-11 -0.0153391
-1.5377e-11 -0.015377
-1.54149e-11 -0.0154149
-1.54527e-11 -0.0154527
-1.54906e-11 -0.0154906
-1.55285e-11 -0.0155285
-1.55663e-11 -0.0155663
-1.56042e-11 -0.0156042
-1.56421e-11 -0.0156421
-1.568e-11 -0.01568
-1.57178e-11 -0.0157178
-1.57557e-11 -0.0157557
-1.57936e-11 -0.0157936
-1.58315e-11 -0.0158315
-1.58693e-11 -0.0158693
-1.59072e-11 -0.0159072
-1.59451e-11 -0.0159451
-1.59829e-11 -0.0159829
-1.60208e-11 -0.0160208
-1.60587e-11 -0.0160587
-1.60966e-11 -0.0160966
-1.61344e-11 -0.0161344
-1.61723e-11 -0.0161723
-1.62102e-11 -0.0162102
-1.6248e-11 -0.016248
-1.62859e-11 -0.0162859
-1.63238e-11 -0.0163238
-1.63617e-11 -0.0163617
-1.63995e-11 -0.0163995
-1.64374e-11 -0.0164374
-1.64753e-11 -0.0164753
-1.65131e-11 -0.0165131
-1.6551e-11 -0.016551
-1.65889e-11 -0.0165889
-1.66268e-11 -0.0166268
-1.66646e-11 -0.0166646
-1.67025e-11 -0.0167025
-1.67404e-11 -0.0167404
-1.67782e-11 -0.0167782
-1.68161e-11 -0.0168161
-1.6854e-11 -0.016854
-1.68919e-11 -0.0168919
-1.69297e-11 -0.0169297
-1.69676e-11 -0.0169676
-1.70055e-11 -0.0170055
-1.70434e-11 -0.0170434
-1.70812e-11 -0.0170812
-1.71191e-11 -0.0171191
-1.7157e-11 -0.017157
-1.71948e-11 -0.0171948
-1.72327e-11 -0.0172327
-1.72706e-11 -0.0172706
-1.73085e-11 -0.0173085
-1.73463e-11 -0.0173463
-1.73842e-11 -0.0173842
-1.74221e-11 -0.0174221
-1.746e-11 -0.01746
-1.74978e-11 -0.0174978
-1.75357e-11 -0.0175357
-1.75736e-11 -0.0175736
-1.76114e-11 -0.0176114
-1.76493e-11 -0.0176493
-1.76872e-11 -0.0176872
-1.77251e-11 -0.0177251
-1.77629e-11 -0.0177629
-1.78008e-11 -0.0178008
-1.78387e-11 -0.0178387
-1.78766e-11 -0.0178766
-1.79144e-11 -0.0179144
-1.79523e-11 -0.0179523
-1.79902e-11 -0.0179902
-1.8028e-11 -0.018028
-1.80659e-11 -0.0180659
-1.81038e-11 -0.0181038
-1.81417e-11 -0.0181417
-1.81795e-11 -0.0181795
-1.82174e-11 -0.0182174
-1.82553e-11 -0.0182553
-1.82932e-11 -0.0182932
-1.8331e-11 -0.018331
-1.83689e-11 -0.0183689
-1.84068e-11 -0.0184068
-1.84446e-11 -0.0184446
-1.84825e-11 -0.0184825
-1.85204e-11 -0.0185204
-1.85583e-11 -0.0185583
-1.85961e-11 -0.0185961
-1.8634e-11 -0.018634
-1.86719e-11 -0.0186719
-1.87098e-11 -0.0187098
-1.87476e-11 -0.0187476
-1.87855e-11 -0.0187855
-1.88234e-11 -0.0188234
-1.88613e-11 -0.0188613
-1.88991e-11 -0.0188991
-1.8937e-11 -0.018937
-1.89749e-11 -0.0189749
-1.90127e-11 -0.0190127
-1.90506e-11 -0.0190506
-1.90885e-11 -0.0190885
-1.91264e-11 -0.0191264
-1.91642e-11 -0.0191642
-1.92021e-11 -0.0192021
-1.924e-11 -0.01924
-1.92779e-11 -0.0192779
-1.93157e-11 -0.0193157
-1.93536e-11 -0.0193536
-1.93915e-11 -0.0193915
-1.94294e-11 -0.0194294
-1.94672e-11 -0.0194672
-1.95051e-11 -0.0195051
-1.9543e-11 -0.019543
-1.95808e-11 -0.0195808
-1.96187e-11 -0.0196187
-1.96566e-11 -0.0196566
-1.96945e-11 -0.0196945
-1.97323e-11 -0.0197323
-1.97702e-11 -0.0197702
-1.98081e-11 -0.0198081
-1.9846e-11 -0.019846
-1.98838e-11 -0.0198838
-1.99217e-11 -0.0199217
-1.99596e-11 -0.0199596
-1.99975e-11 -0.0199975
-2.00353e-11 -0.0200353
-2.00732e-11 -0.0200732
-2.01111e-11 -0.0201111
-2.0149e-11 -0.020149
-2.01868e-11 -0.0201868
-2.02247e-11 -0.0202247
-2.02626e-11 -0.0202626
-2.03004e-11 -0.0203004
-2.03383e-11 -0.0203383
-2.03762e-11 -0.0203762
-2.04141e-11 -0.0204141
-2.04519e-11 -0.0204519
-2.04898e-11 -0.0204898
-2.05277e-11 -0.0205277
-2.05656e-11 -0.0205656
-2.06034e-11 -0.0206034
-2.06413e-11 -0.0206413
-2.06792e-11 -0.0206792
-2.07171e-11 -0.0207171
-2.07549e-11 -0.0207549
-2.07928e-11 -0.0207928
-2.08307e-11 -0.0208307
-2.08686e-11 -0.0208686
-2.09064e-11 -0.0209064
-2.09443e-11 -0.0209443
-2.09822e-11 -0.0209822
-2.10201e-11 -0.0210201
-2.10579e-11 -0.0210579
-2.10958e-11 -0.0210958
-2.11337e-11 -0.0211337
-2.11716e-11 -0.0211716
-2.12094e-11 -0.0212094
-2.12473e-11 -0.0212473
-2.12852e-11 -0.0212852
-2.13231e-11 -0.0213231
-2.13609e-11 -0.0213609
-2.13988e-11 -0.0213988
-2.14367e-11 -0.0214367
-2.14746e-11 -0.0214746
-2.15124e-11 -0.0215124
-2.15503e-11 -0.0215503
-2.15882e-11 -0.0215882
-2.16261e-11 -0.0216261
-2.16639e-11 -0.0216639
-2.17018e-11 -0.0217018
-2.17397e-11 -0.0217397
-2.17776e-11 -0.0217776
-2.18154e-11 -0.0218154
-2.18533e-11 -0.0218533
-2.18912e-11 -0.0218912
-2.19291e-11 -0.0219291
-2.19669e-11 -0.0219669
-2.20048e-11 -0.0220048
-2.20427e-11 -0.0220427
-2.20806e-11 -0.0220806
-2.21184e-11 -0.0221184
-2.21563e-11 -0.0221563
-2.21942e-11 -0.0221942
-2.2232e-11 -0.022232
-2.22699e-11 -0.0222699
-2.23078e-11 -0.0223078
-2.23457e-11 -0.0223457
-2.23836e-11 -0.0223836
-2.24214e-11 -0.0224214
-2.24593e-11 -0.0224593
-2.24972e-11 -0.0224972
-2.25351e-11 -0.0225351
-2.25729e-11 -0.0225729
-2.26108e-11 -0.0226108
-2.26487e-11 -0.0226487
-2.26866e-11 -0.0226866
-2.27244e-11 -0.0227244
-2.27623e-11 -0.0227623
-2.28002e-11 -0.0228002
-2.28381e-11 -0.0228381
-2.28759e-11 -0.0228759
-2.29138e-11 -0.0229138
-2.29517e-11 -0.0229517
-2.29896e-11 -0.0229896
-2.30274e-11 -0.0230274
-2.30653e-11 -0.0230653
-2.31032e-11 -0.0231032
-2.31411e-11 -0.0231411
-2.31789e-11 -0.0231789
-2.32168e-11 -0.0232168
-2.32547e-11 -0.0232547
-2.32926e-11 -0.0232926
-2.33304e-11 -0.0233304
-2.33683e-11 -0.0233683
-2.34062e-11 -0.0234062
-2.34441e-11 -0.0234441
-2.34819e-11 -0.0234819
-2.35198e-11 -0.0235198
-2.35577e-11 -0.0235577
-2.35956e-11 -0.0235956
-2.36334e-11 -0.0236334
-2.36713e-11 -0.0236713
-2.37092e-11 -0.0237092
-2.37471e-11 -0.0237471
-2.37849e-11 -0.0237849
-2.38228e-11 -0.0238228
-2.38607e-11 -0.0238607
-2.38986e-11 -0.0238986
-2.39364e-11 -0.0239364
-2.39743e-11 -0.0239743
-2.40122e-11 -0.0240122
-2.40501e-11 -0.0240501
-2.40879e-11 -0.0240879
-2.41258e-11 -0.0241258
-2.41637e-11 -0.0241637
-2.42016e-11 -0.0242016
-2.42395e-11 -0.0242395
-2.42773e-11 -0.0242773
-2.43152e-11 -0.0243152
-2.43531e-11 -0.0243531
-2.4391e-11 -0.024391
-2.44288e-11 -0.0244288
-2.44667e-11 -0.0244667
-2.45046e-11 -0.0245046
-2.45425e-11 -0.0245425
-2.45803e-11 -0.0245803
-2.46182e-11 -0.0246182
-2.46561e-11 -0.0246561
-2.4694e-11 -0.024694
-2.47318e-11 -0.0247318
-2.47697e-11 -0.0247697
-2.48076e-11 -0.0248076
-2.48455e-11 -0.0248455
-2.48833e-11 -0.0248833
-2.49212e-11 -0.0249212
-2.49591e-11 -0.0249591
-2.4997e-11 -0.024997
-2.50349e-11 -0.0250349
-2.50727e-11 -0.0250727
-2.51106e-11 -0.0251106
-2.51485e-11 -0.0251485
-2.51864e-11 -0.0251864
-2.52242e-11 -0.0252242
-2.52621e-11 -0.0252621
-2.53e-11 -0.0253
-2.53379e-11 -0.0253379
-2.53757e-11 -0.0253757
-2.54136e-11 -0.0254136
-2.54515e-11 -0.0254515
-2.54894e-11 -0.0254894
-2.55272e-11 -0.0255272
-2.55651e-11 -0.0255651
-2.5603e-11 -0.025603
-2.56409e-11 -0.0256409
-2.56788e-11 -0.0256788
-2.57166e-11 -0.0257166
-2.57545e-11 -0.0257545
-2.57924e-11 -0.0257924
-2.58303e-11 -0.0258303
-2.58681e-11 -0.0258681
-2.5906e-11 -0.025906
-2.59439e-11 -0.0259439
-2.59818e-11 -0.0259818
-2.60196e-11 -0.0260196
-2.60575e-11 -0.0260575
-2.60954e-11 -0.0260954
-2.61333e-11 -0.0261333
-2.61712e-11 -0.0261712
-2.6209e-11 -0.026209
-2.62469e-11 -0.0262469
-2.62848e-11 -0.0262848
-2.63227e-11 -0.0263227
-2.63605e-11 -0.0263605
-2.63984e-11 -0.0263984
-2.64363e-11 -0.0264363
-2.64742e-11 -0.0264742
-2.65121e-11 -0.0265121
-2.65499e-11 -0.0265499
-2.65878e-11 -0.0265878
-2.66257e-11 -0.0266257
-2.66636e-11 -0.0266636
-2.67014e-11 -0.0267014
-2.67393e-11 -0.0267393
-2.67772e-11 -0.0267772
-2.68151e-11 -0.0268151
-2.68529e-11 -0.0268529
-2.68908e-11 -0.0268908
-2.69287e-11 -0.0269287
-2.69666e-11 -0.0269666
-2.70045e-11 -0.0270045
-2.70423e-11 -0.0270423
-2.70802e-11 -0.0270802
-2.71181e-11 -0.0271181
-2.7156e-11 -0.027156
-2.71938e-11 -0.0271938
-2.72317e-11 -0.0272317
-2.72696e-11 -0.0272696
-2.73075e-11 -0.0273075
-2.73454e-11 -0.0273454
-2.73832e-11 -0.0273832
-2.74211e-11 -0.0274211
-2.7459e-11 -0.027459
-2.74969e-11 -0.0274969
-2.75347e-11 -0.0275347
-2.75726e-11 -0.0275726
-2.76105e-11 -0.0276105
-2.76484e-11 -0.0276484
-2.76863e-11 -0.0276863
-2.77241e-11 -0.0277241
-2.7762e-11 -0.027762
-2.77999e-11 -0.0277999
-2.78378e-11 -0.0278378
-2.78756e-11 -0.0278756
-2.79135e-11 -0.0279135
-2.79514e-11 -0.0279514
-2.79893e-11 -0.0279893
-2.80272e-11 -0.0280272
-2.8065e-11 -0.028065
-2.81029e-11 -0.0281029
-2.81408e-11 -0.0281408
-2.81787e-11 -0.0281787
-2.82165e-11 -0.0282165
-2.82544e-11 -0.0282544
-2.82923e-11 -0.0282923
-2.83302e-11 -0.0283302
-2.83681e-11 -0.0283681
-2.84059e-11 -0.0284059
-2.84438e-11 -0.0284438
-2.84817e-11 -0.0284817
-2.85196e-11 -0.0285196
-2.85574e-11 -0.0285574
-2.85953e-11 -0.0285953
-2.86332e-11 -0.0286332
-2.86711e-11 -0.0286711
-2.8709e-11 -0.028709
-2.87468e-11 -0.0287468
-2.87847e-11 -0.0287847
-2.88226e-11 -0.0288226
-2.88605e-11 -0.0288605
-2.88984e-11 -0.0288984
-2.89362e-11 -0.0289362
-2.89741e-11 -0.0289741
-2.9012e-11 -0.029012
-2.90499e-11 -0.0290499
-2.90877e-11 -0.0290877
-2.91256e-11 -0.0291256
-2.91635e-11 -0.0291635
-2.92014e-11 -0.0292014
-2.92393e-11 -0.0292393
-2.92771e-11 -0.0292771
-2.9315e-11 -0.029315
-2.93529e-11 -0.0293529
-2.93908e-11 -0.0293908
-2.94287e-11 -0.0294287
-2.94665e-11 -0.0294665
-2.95044e-11 -0.0295044
-2.95423e-11 -0.0295423
-2.95802e-11 -0.0295802
-2.9618e-11 -0.029618
-2.96559e-11 -0.0296559
-2.96938e-11 -0.0296938
-2.97317e-11 -0.0297317
-2.97696e-11 -0.0297696
-2.98074e-11 -0.0298074
-2.98453e-11 -0.0298453
-2.98832e-11 -0.0298832
-2.99211e-11 -0.0299211
-2.9959e-11 -0.029959
-2.99968e-11 -0.0299968
-3.00347e-11 -0.0300347
-3.00726e-11 -0.0300726
-3.01105e-11 -0.0301105
-3.01484e-11 -0.0301484
-3.01862e-11 -0.0301862
-3.02241e-11 -0.0302241
-3.0262e-11 -0.030262
-3.02999e-11 -0.0302999
-3.03377e-11 -0.0303377
-3.03756e-11 -0.0303756
-3.04135e-11 -0.0304135
-3.04514e-11 -0.0304514
-3.04893e-11 -0.0304893
-3.05271e-11 -0.0305271
-3.0565e-11 -0.030565
-3.06029e-11 -0.0306029
-3.06408e-11 -0.0306408
-3.06787e-11 -0.0306787
-3.07165e-11 -0.0307165
-3.07544e-11 -0.0307544
-3.07923e-11 -0.0307923
-3.08302e-11 -0.0308302
-3.08681e-11 -0.0308681
-3.09059e-11 -0.0309059
-3.09438e-11 -0.0309438
-3.09817e-11 -0.0309817
-3.10196e-11 -0.0310196
-3.10575e-11 -0.0310575
-3.10953e-11 -0.0310953
-3.11332e-11 -0.0311332
-3.11711e-11 -0.0311711
-3.1209e-11 -0.031209
-3.12469e-11 -0.0312469
-3.12847e-11 -0.0312847
-3.13226e-11 -0.0313226
-3.13605e-11 -0.0313605
-3.13984e-11 -0.0313984
-3.14363e-11 -0.0314363
-3.14741e-11 -0.0314741
-3.1512e-11 -0.031512
-3.15499e-11 -0.0315499
-3.15878e-11 -0.0315878
-3.16256e-11 -0.0316256
-3.16635e-11 -0.0316635
-3.17014e-11 -0.0317014
-3.17393e-11 -0.0317393
-3.17772e-11 -0.0317772
-3.1815e-11 -0.031815
-3.18529e-11 -0.0318529
-3.18908e-11 -0.0318908
-3.19287e-11 -0.0319287
-3.19666e-11 -0.0319666
-3.20044e-11 -0.0320044
-3.20423e-11 -0.0320423
-3.20802e-11 -0.0320802
-3.21181e-11 -0.0321181
-3.2156e-11 -0.032156
-3.21938e-11 -0.0321938
-3.22317e-11 -0.0322317
-3.22696e-11 -0.0322696
-3.23075e-11 -0.0323075
-3.23454e-11 -0.0323454
-3.23831e-11 -0.0323831
-3.24204e-11 -0.0324204
-3.24578e-11 -0.0324578
-3.24952e-11 -0.0324952
-3.25325e-11 -0.0325325
-3.25699e-11 -0.0325699
-3.26073e-11 -0.0326073
-3.26446e-11 -0.0326446
-3.2681e-11 -0.032681
-3.27158e-11 -0.0327158
-3.27505e-11 -0.0327505
-3.27852e-11 -0.0327852
-3.282e-11 -0.03282
-3.28547e-11 -0.0328547
-3.28895e-11 -0.0328895
-3.29242e-11 -0.0329242
-3.2959e-11 -0.032959
-3.29937e-11 -0.0329937
-3.30285e-11 -0.0330285
-3.30632e-11 -0.0330632
-3.3098e-11 -0.033098
-3.31327e-11 -0.0331327
-3.31675e-11 -0.0331675
-3.32022e-11 -0.0332022
-3.3237e-11 -0.033237
-3.32717e-11 -0.0332717
-3.33064e-11 -0.0333064
-3.33412e-11 -0.0333412
-3.33759e-11 -0.0333759
-3.34107e-11 -0.0334107
-3.34454e-11 -0.0334454
-3.34802e-11 -0.0334802
-3.35149e-11 -0.0335149
-3.35497e-11 -0.0335497
-3.35844e-11 -0.0335844
-3.36192e-11 -0.0336192
-3.36539e-11 -0.0336539
-3.36887e-11 -0.0336887
-3.37234e-11 -0.0337234
-3.37582e-11 -0.0337582
-3.37929e-11 -0.0337929
-3.38277e-11 -0.0338277
-3.38624e-11 -0.0338624
-3.38971e-11 -0.0338971
-3.39319e-11 -0.0339319
-3.39666e-11 -0.0339666
-3.40014e-11 -0.0340014
-3.40361e-11 -0.0340361
-3.40709e-11 -0.0340709
-3.41056e-11 -0.0341056
-3.41404e-11 -0.0341404
-3.41751e-11 -0.0341751
-3.42099e-11 -0.0342099
-3.42446e-11 -0.0342446
-3.42794e-11 -0.0342794
-3.43141e-11 -0.0343141
-3.43489e-11 -0.0343489
-3.43836e-11 -0.0343836
-3.44184e-11 -0.0344184
-3.44531e-11 -0.0344531
-3.44878e-11 -0.0344878
-3.45226e-11 -0.0345226
-3.45573e-11 -0.0345573
-3.45921e-11 -0.0345921
-3.46268e-11 -0.0346268
-3.46616e-11 -0.0346616
-3.46963e-11 -0.0346963
-3.47311e-11 -0.0347311
-3.47658e-11 -0.0347658
-3.48006e-11 -0.0348006
-3.48353e-11 -0.0348353
-3.48701e-11 -0.0348701
-3.49048e-11 -0.0349048
-3.49396e-11 -0.0349396
-3.49743e-11 -0.0349743
-3.5009e-11 -0.035009
-3.50438e-11 -0.0350438
-3.50785e-11 -0.0350785
-3.51133e-11 -0.0351133
-3.5148e-11 -0.035148
-3.51828e-11 -0.0351828
-3.52175e-11 -0.0352175
-3.52523e-11 -0.0352523
-3.5287e-11 -0.035287
-3.53218e-11 -0.0353218
-3.53565e-11 -0.0353565
-3.53913e-11 -0.0353913
-3.5426e-11 -0.035426
-3.54608e-11 -0.0354608
-3.54955e-11 -0.0354955
-3.55302e-11 -0.0355302
-3.5565e-11 -0.035565
-3.55997e-11 -0.0355997
-3.56345e-11 -0.0356345
-3.56692e-11 -0.0356692
-3.5704e-11 -0.035704
-3.57387e-11 -0.0357387
-3.57735e-11 -0.0357735
-3.58082e-11 -0.0358082
-3.5843e-11 -0.035843
-3.58777e-11 -0.0358777
-3.59125e-11 -0.0359125
-3.59472e-11 -0.0359472
-3.5982e-11 -0.035982
-3.60167e-11 -0.0360167
-3.60514e-11 -0.0360514
-3.60862e-11 -0.0360862
-3.61209e-11 -0.0361209
-3.61557e-11 -0.0361557
-3.61904e-11 -0.0361904
-3.62252e-11 -0.0362252
-3.62599e-11 -0.0362599
-3.62947e-11 -0.0362947
-3.63294e-11 -0.0363294
-3.63642e-11 -0.0363642
-3.63989e-11 -0.0363989
-3.64337e-11 -0.0364337
-3.64684e-11 -0.0364684
-3.65032e-11 -0.0365032
-3.65379e-11 -0.0365379
-3.65727e-11 -0.0365727
-3.66074e-11 -0.0366074
-3.66421e-11 -0.0366421
-3.66769e-11 -0.0366769
-3.67116e-11 -0.0367116
-3.67464e-11 -0.0367464
-3.67811e-11 -0.0367811
-3.68159e-11 -0.0368159
-3.68506e-11 -0.0368506
-3.68854e-11 -0.0368854
-3.69201e-11 -0.0369201
-3.69549e-11 -0.0369549
-3.69896e-11 -0.0369896
-3.70244e-11 -0.0370244
-3.70591e-11 -0.0370591
-3.70939e-11 -0.0370939
-3.71286e-11 -0.0371286
-3.71633e-11 -0.0371633
-3.71981e-11 -0.0371981
-3.72328e-11 -0.0372328
-3.72676e-11 -0.0372676
-3.73023e-11 -0.0373023
-3.73371e-11 -0.0373371
-3.73718e-11 -0.0373718
-3.74066e-11 -0.0374066
-3.74413e-11 -0.0374413
-3.74761e-11 -0.0374761
-3.75108e-11 -0.0375108
-3.75456e-11 -0.0375456
-3.75803e-11 -0.0375803
-3.76151e-11 -0.0376151
-3.76498e-11 -0.0376498
-3.76845e-11 -0.0376845
-3.77193e-11 -0.0377193
-3.7754e-11 -0.037754
-3.77888e-11 -0.0377888
-3.78235e-11 -0.0378235
-3.78583e-11 -0.0378583
-3.7893e-11 -0.037893
-3.79278e-11 -0.0379278
-3.79625e-11 -0.0379625
-3.79973e-11 -0.0379973
-3.8032e-11 -0.038032
-3.80668e-11 -0.0380668
-3.81015e-11 -0.0381015
-3.81362e-11 -0.0381362
-3.8171e-11 -0.038171
-3.82057e-11 -0.0382057
-3.82405e-11 -0.0382405
-3.82752e-11 -0.0382752
-3.831e-11 -0.03831
-3.83447e-11 -0.0383447
-3.83795e-11 -0.0383795
-3.84142e-11 -0.0384142
-3.8449e-11 -0.038449
-3.84837e-11 -0.0384837
-3.85185e-11 -0.0385185
-3.85532e-11 -0.0385532
-3.8588e-11 -0.038588
-3.86227e-11 -0.0386227
-3.86574e-11 -0.0386574
-3.86922e-11 -0.0386922
-3.87269e-11 -0.0387269
-3.87617e-11 -0.0387617
-3.87964e-11 -0.0387964
-3.88312e-11 -0.0388312
-3.88659e-11 -0.0388659
-3.89007e-11 -0.0389007
-3.89354e-11 -0.0389354
-3.89702e-11 -0.0389702
-3.90049e-11 -0.0390049
-3.90397e-11 -0.0390397
-3.90744e-11 -0.0390744
-3.91092e-11 -0.0391092
-3.91439e-11 -0.0391439
-3.91786e-11 -0.0391786
-3.92134e-11 -0.0392134
-3.92481e-11 -0.0392481
-3.92829e-11 -0.0392829
-3.93176e-11 -0.0393176
-3.93524e-11 -0.0393524
-3.93871e-11 -0.0393871
-3.94219e-11 -0.0394219
-3.94566e-11 -0.0394566
-3.94914e-11 -0.0394914
-3.95261e-11 -0.0395261
-3.95609e-11 -0.0395609
-3.95956e-11 -0.0395956
-3.96304e-11 -0.0396304
-3.96651e-11 -0.0396651
-3.96998e-11 -0.0396998
-3.97346e-11 -0.0397346
-3.97693e-11 -0.0397693
-3.98041e-11 -0.0398041
-3.98388e-11 -0.0398388
-3.98736e-11 -0.0398736
-3.99083e-11 -0.0399083
-3.99431e-11 -0.0399431
-3.99778e-11 -0.0399778
-4.00126e-11 -0.0400126
-4.00473e-11 -0.0400473
-4.00821e-11 -0.0400821
-4.01168e-11 -0.0401168
-4.01515e-11 -0.0401515
-4.01863e-11 -0.0401863
-4.0221e-11 -0.040221
-4.02558e-11 -0.0402558
-4.02905e-11 -0.0402905
-4.03253e-11 -0.0403253
-4.036e-11 -0.04036
-4.03948e-11 -0.0403948
-4.04295e-11 -0.0404295
-4.04643e-11 -0.0404643
-4.0499e-11 -0.040499
-4.05338e-11 -0.0405338
-4.05685e-11 -0.0405685
-4.06033e-11 -0.0406033
-4.0638e-11 -0.040638
-4.06727e-11 -0.0406727
-4.07075e-11 -0.0407075
-4.07422e-11 -0.0407422
-4.0777e-11 -0.040777
-4.08117e-11 -0.0408117
-4.08465e-11 -0.0408465
-4.08812e-11 -0.0408812
-4.0916e-11 -0.040916
-4.09507e-11 -0.0409507
-4.09855e-11 -0.0409855
-4.10202e-11 -0.0410202
-4.1055e-11 -0.041055
-4.10897e-11 -0.0410897
-4.11244e-11 -0.0411244
-4.11592e-11 -0.0411592
-4.11939e-11 -0.0411939
-4.12287e-11 -0.0412287
-4.12634e-11 -0.0412634
-4.12982e-11 -0.0412982
-4.13329e-11 -0.0413329
-4.13677e-11 -0.0413677
-4.14024e-11 -0.0414024
-4.14372e-11 -0.0414372
-4.14719e-11 -0.0414719
-4.15067e-11 -0.0415067
-4.15414e-11 -0.0415414
-4.15761e-11 -0.0415761
-4.16109e-11 -0.0416109
-4.16456e-11 -0.0416456
-4.16804e-11 -0.0416804
-4.17151e-11 -0.0417151
-4.17499e-11 -0.0417499
-4.17846e-11 -0.0417846
-4.18194e-11 -0.0418194
-4.18541e-11 -0.0418541
-4.18889e-11 -0.0418889
-4.19236e-11 -0.0419236
-4.19584e-11 -0.0419584
-4.19931e-11 -0.0419931
-4.20279e-11 -0.0420279
-4.20626e-11 -0.0420626
-4.20973e-11 -0.0420973
-4.21321e-11 -0.0421321
-4.21668e-11 -0.0421668
-4.22016e-11 -0.0422016
-4.22363e-11 -0.0422363
-4.22711e-11 -0.0422711
-4.23058e-11 -0.0423058
-4.23406e-11 -0.0423406
-4.23753e-11 -0.0423753
-4.24101e-11 -0.0424101
-4.24448e-11 -0.0424448
-4.24796e-11 -0.0424796
-4.25143e-11 -0.0425143
-4.2549e-11 -0.042549
-4.25838e-11 -0.0425838
-4.26185e-11 -0.0426185
-4.26533e-11 -0.0426533
-4.2688e-11 -0.042688
-4.27228e-11 -0.0427228
-4.27575e-11 -0.0427575
-4.27923e-11 -0.0427923
-4.2827e-11 -0.042827
-4.28618e-11 -0.0428618
-4.28965e-11 -0.0428965
-4.29313e-11 -0.0429313
-4.2966e-11 -0.042966
-4.30007e-11 -0.0430007
-4.30355e-11 -0.0430355
-4.30702e-11 -0.0430702
-4.3105e-11 -0.043105
-4.31397e-11 -0.0431397
-4.31745e-11 -0.0431745
-4.32092e-11 -0.0432092
-4.3244e-11 -0.043244
-4.32787e-11 -0.0432787
-4.33135e-11 -0.0433135
-4.33482e-11 -0.0433482
-4.3383e-11 -0.043383
-4.34177e-11 -0.0434177
-4.34524e-11 -0.0434524
-4.34872e-11 -0.0434872
-4.35219e-11 -0.0435219
-4.35567e-11 -0.0435567
-4.35914e-11 -0.0435914
-4.36262e-11 -0.0436262
-4.36609e-11 -0.0436609
-4.36957e-11 -0.0436957
-4.37304e-11 -0.0437304
-4.37652e-11 -0.0437652
-4.37999e-11 -0.0437999
-4.38347e-11 -0.0438347
-4.38694e-11 -0.0438694
-4.39041e-11 -0.0439041
-4.39389e-11 -0.0439389
-4.39736e-11 -0.0439736
-4.40084e-11 -0.0440084
-4.40431e-11 -0.0440431
-4.40779e-11 -0.0440779
-4.41126e-11 -0.0441126
-4.41474e-11 -0.0441474
-4.41821e-11 -0.0441821
-4.42169e-11 -0.0442169
-4.42516e-11 -0.0442516
-4.42864e-11 -0.0442864
-4.43211e-11 -0.0443211
-4.43558e-11 -0.0443558
-4.43906e-11 -0.0443906
-4.44253e-11 -0.0444253
-4.44601e-11 -0.0444601
-4.44948e-11 -0.0444948
-4.45296e-11 -0.0445296
-4.45643e-11 -0.0445643
-4.45991e-11 -0.0445991
-4.46338e-11 -0.0446338
-4.46686e-11 -0.0446686
-4.47033e-11 -0.0447033
-4.47381e-11 -0.0447381
-4.47728e-11 -0.0447728
-4.48075e-11 -0.0448075
-4.48423e-11 -0.0448423
-4.4877e-11 -0.044877
-4.49118e-11 -0.0449118
-4.49465e-11 -0.0449465
-4.49813e-11 -0.0449813
-4.5016e-11 -0.045016
-4.50508e-11 -0.0450508
-4.50855e-11 -0.0450855
-4.51203e-11 -0.0451203
-4.5155e-11 -0.045155
-4.51898e-11 -0.0451898
-4.52245e-11 -0.0452245
-4.52592e-11 -0.0452592
-4.5294e-11 -0.045294
-4.53287e-11 -0.0453287
-4.53635e-11 -0.0453635
-4.53982e-11 -0.0453982
-4.5433e-11 -0.045433
-4.54677e-11 -0.0454677
-4.55025e-11 -0.0455025
-4.55372e-11 -0.0455372
-4.5572e-11 -0.045572
-4.56067e-11 -0.0456067
-4.56414e-11 -0.0456414
-4.56762e-11 -0.0456762
-4.57109e-11 -0.0457109
-4.57457e-11 -0.0457457
-4.57804e-11 -0.0457804
-4.58152e-11 -0.0458152
-4.58499e-11 -0.0458499
-4.58847e-11 -0.0458847
-4.59194e-11 -0.0459194
-4.59542e-11 -0.0459542
-4.59889e-11 -0.0459889
-4.60237e-11 -0.0460237
-4.60584e-11 -0.0460584
-4.60931e-11 -0.0460931
-4.61279e-11 -0.0461279
-4.61626e-11 -0.0461626
-4.61974e-11 -0.0461974
-4.62321e-11 -0.0462321
-4.62669e-11 -0.0462669
-4.63016e-11 -0.0463016
-4.63364e-11 -0.0463364
-4.63711e-11 -0.0463711
-4.64059e-11 -0.0464059
-4.64406e-11 -0.0464406
-4.64754e-11 -0.0464754
-4.65101e-11 -0.0465101
-4.65448e-11 -0.0465448
-4.65796e-11 -0.0465796
-4.66143e-11 -0.0466143
-4.66491e-11 -0.0466491
-4.66838e-11 -0.0466838
-4.67186e-11 -0.0467186
-4.67533e-11 -0.0467533
-4.67881e-11 -0.0467881
-4.68228e-11 -0.0468228
-4.68576e-11 -0.0468576
-4.68923e-11 -0.0468923
-4.69271e-11 -0.0469271
-4.69618e-11 -0.0469618
-4.69965e-11 -0.0469965
-4.70313e-11 -0.0470313
-4.7066e-11 -0.047066
-4.71008e-11 -0.0471008
-4.71355e-11 -0.0471355
-4.71703e-11 -0.0471703
-4.7205e-11 -0.047205
-4.72398e-11 -0.0472398
-4.72745e-11 -0.0472745
-4.73093e-11 -0.0473093
-4.7344e-11 -0.047344
-4.73787e-11 -0.0473787
-4.74135e-11 -0.0474135
-4.74482e-11 -0.0474482
-4.7483e-11 -0.047483
-4.75177e-11 -0.0475177
-4.75525e-11 -0.0475525
-4.75872e-11 -0.0475872
-4.7622e-11 -0.047622
-4.76567e-11 -0.0476567
-4.76915e-11 -0.0476915
-4.77262e-11 -0.0477262
-4.7761e-11 -0.047761
-4.77957e-11 -0.0477957
-4.78304e-11 -0.0478304
-4.78652e-11 -0.0478652
-4.78999e-11 -0.0478999
-4.79347e-11 -0.0479347
-4.79694e-11 -0.0479694
-4.80042e-11 -0.0480042
-4.80389e-11 -0.0480389
-4.80737e-11 -0.0480737
-4.81084e-11 -0.0481084
-4.81432e-11 -0.0481432
-4.81779e-11 -0.0481779
-4.82126e-11 -0.0482126
-4.82474e-11 -0.0482474
-4.82821e-11 -0.0482821
-4.83169e-11 -0.0483169
-4.83516e-11 -0.0483516
-4.83864e-11 -0.0483864
-4.84211e-11 -0.0484211
-4.84559e-11 -0.0484559
-4.84906e-11 -0.0484906
-4.85254e-11 -0.0485254
-4.85601e-11 -0.0485601
-4.85949e-11 -0.0485949
-4.86296e-11 -0.0486296
-4.86643e-11 -0.0486643
-4.86991e-11 -0.0486991
-4.87338e-11 -0.0487338
-4.87686e-11 -0.0487686
-4.88033e-11 -0.0488033
-4.88381e-11 -0.0488381
-4.88728e-11 -0.0488728
-4.89076e-11 -0.0489076
-4.89423e-11 -0.0489423
-4.89771e-11 -0.0489771
-4.90118e-11 -0.0490118
-4.90465e-11 -0.0490465
-4.90813e-11 -0.0490813
-4.9116e-11 -0.049116
-4.91508e-11 -0.0491508
-4.91855e-11 -0.0491855
-4.92203e-11 -0.0492203
-4.9255e-11 -0.049255
-4.92898e-11 -0.0492898
-4.93245e-11 -0.0493245
-4.93593e-11 -0.0493593
-4.9394e-11 -0.049394
-4.94287e-11 -0.0494287
-4.94635e-11 -0.0494635
-4.94982e-11 -0.0494982
-4.9533e-11 -0.049533
-4.95677e-11 -0.0495677
-4.96025e-11 -0.0496025
-4.96372e-11 -0.0496372
-4.9672e-11 -0.049672
-4.97067e-11 -0.0497067
-4.97415e-11 -0.0497415
-4.97762e-11 -0.0497762
-4.9811e-11 -0.049811
-4.98457e-11 -0.0498457
-4.98804e-11 -0.0498804
-4.99152e-11 -0.0499152
-4.99499e-11 -0.0499499
-4.99847e-11 -0.0499847
-5.00194e-11 -0.0500194
-5.00542e-11 -0.0500542
-5.00889e-11 -0.0500889
-5.01237e-11 -0.0501237
-5.01584e-11 -0.0501584
-5.01932e-11 -0.0501932
-5.02279e-11 -0.0502279
-5.02626e-11 -0.0502626
-5.02974e-11 -0.0502974
-5.03321e-11 -0.0503321
-5.03669e-11 -0.0503669
-5.04016e-11 -0.0504016
-5.04364e-11 -0.0504364
-5.04711e-11 -0.0504711
-5.05059e-11 -0.0505059
-5.05406e-11 -0.0505406
-5.05754e-11 -0.0505754
-5.06101e-11 -0.0506101
-5.06448e-11 -0.0506448
-5.06796e-11 -0.0506796
-5.07143e-11 -0.0507143
-5.07491e-11 -0.0507491
-5.07838e-11 -0.0507838
-5.08186e-11 -0.0508186
-5.08533e-11 -0.0508533
-5.08881e-11 -0.0508881
-5.09228e-11 -0.0509228
-5.09576e-11 -0.0509576
-5.09923e-11 -0.0509923
-5.1027e-11 -0.051027
-5.10618e-11 -0.0510618
-5.10965e-11 -0.0510965
-5.11313e-11 -0.0511313
-5.1166e-11 -0.051166
-5.12008e-11 -0.0512008
-5.12355e-11 -0.0512355
-5.12703e-11 -0.0512703
-5.1305e-11 -0.051305
-5.13398e-11 -0.0513398
-5.13745e-11 -0.0513745
-5.14093e-11 -0.0514093
-5.1444e-11 -0.051444
-5.14787e-11 -0.0514787
-5.15135e-11 -0.0515135
-5.15482e-11 -0.0515482
-5.1583e-11 -0.051583
-5.16177e-11 -0.0516177
-5.16525e-11 -0.0516525
-5.16872e-11 -0.0516872
-5.1722e-11 -0.051722
-5.17567e-11 -0.0517567
-5.17915e-11 -0.0517915
-5.18262e-11 -0.0518262
-5.18609e-11 -0.0518609
-5.18957e-11 -0.0518957
-5.19304e-11 -0.0519304
-5.19652e-11 -0.0519652
-5.19999e-11 -0.0519999
-5.20347e-11 -0.0520347
-5.20694e-11 -0.0520694
-5.21042e-11 -0.0521042
-5.21389e-11 -0.0521389
-5.21737e-11 -0.0521737
-5.22084e-11 -0.0522084
-5.22431e-11 -0.0522431
-5.22779e-11 -0.0522779
-5.23126e-11 -0.0523126
-5.23474e-11 -0.0523474
-5.23821e-11 -0.0523821
-5.24169e-11 -0.0524169
-5.24516e-11 -0.0524516
-5.24864e-11 -0.0524864
-5.25211e-11 -0.0525211
-5.25559e-11 -0.0525559
-5.25906e-11 -0.0525906
-5.26253e-11 -0.0526253
-5.26601e-11 -0.0526601
-5.26948e-11 -0.0526948
-5.27296e-11 -0.0527296
-5.27643e-11 -0.0527643
-5.27991e-11 -0.0527991
-5.28338e-11 -0.0528338
-5.28686e-11 -0.0528686
-5.29033e-11 -0.0529033
-5.29381e-11 -0.0529381
-5.29728e-11 -0.0529728
-5.30075e-11 -0.0530075
-5.30423e-11 -0.0530423
-5.3077e-11 -0.053077
-5.31118e-11 -0.0531118
-5.31465e-11 -0.0531465
-5.31813e-11 -0.0531813
-5.3216e-11 -0.053216
-5.32508e-11 -0.0532508
-5.32855e-11 -0.0532855
-5.33203e-11 -0.0533203
-5.3355e-11 -0.053355
-5.33897e-11 -0.0533897
-5.34245e-11 -0.0534245
-5.34592e-11 -0.0534592
-5.3494e-11 -0.053494
-5.35287e-11 -0.0535287
-5.35635e-11 -0.0535635
-5.35982e-11 -0.0535982
-5.3633e-11 -0.053633
-5.36677e-11 -0.0536677
-5.37025e-11 -0.0537025
-5.37372e-11 -0.0537372
-5.37719e-11 -0.0537719
-5.38067e-11 -0.0538067
-5.38414e-11 -0.0538414
-5.38762e-11 -0.0538762
-5.39109e-11 -0.0539109
-5.39457e-11 -0.0539457
-5.39804e-11 -0.0539804
-5.40152e-11 -0.0540152
-5.40499e-11 -0.0540499
-5.40847e-11 -0.0540847
-5.41194e-11 -0.0541194
-5.41541e-11 -0.0541541
-5.41889e-11 -0.0541889
-5.42236e-11 -0.0542236
-5.42584e-11 -0.0542584
-5.42931e-11 -0.0542931
-5.43279e-11 -0.0543279
-5.43626e-11 -0.0543626
-5.43974e-11 -0.0543974
-5.44321e-11 -0.0544321
-5.44669e-11 -0.0544669
-5.45016e-11 -0.0545016
-5.45363e-11 -0.0545363
-5.45711e-11 -0.0545711
-5.46058e-11 -0.0546058
-5.46406e-11 -0.0546406
-5.46753e-11 -0.0546753
-5.47101e-11 -0.0547101
-5.47448e-11 -0.0547448
-5.47796e-11 -0.0547796
-5.48143e-11 -0.0548143
-5.48491e-11 -0.0548491
-5.48838e-11 -0.0548838
-5.49185e-11 -0.0549185
-5.49533e-11 -0.0549533
-5.4988e-11 -0.054988
-5.50228e-11 -0.0550228
-5.50575e-11 -0.0550575
-5.50923e-11 -0.0550923
-5.5127e-11 -0.055127
-5.51618e-11 -0.0551618
-5.51965e-11 -0.0551965
-5.52312e-11 -0.0552312
-5.5266e-11 -0.055266
-5.53007e-11 -0.0553007
-5.53355e-11 -0.0553355
-5.53702e-11 -0.0553702
-5.5405e-11 -0.055405
-5.54397e-11 -0.0554397
-5.54745e-11 -0.0554745
-5.55092e-11 -0.0555092
-5.5544e-11 -0.055544
-5.55787e-11 -0.0555787
-5.56134e-11 -0.0556134
-5.56482e-11 -0.0556482
-5.56829e-11 -0.0556829
-5.57177e-11 -0.0557177
-5.57524e-11 -0.0557524
-5.57872e-11 -0.0557872
-5.58219e-11 -0.0558219
-5.58567e-11 -0.0558567
-5.58914e-11 -0.0558914
-5.59262e-11 -0.0559262
-5.59609e-11 -0.0559609
-5.59956e-11 -0.0559956
-5.60304e-11 -0.0560304
-5.60651e-11 -0.0560651
-5.60999e-11 -0.0560999
-5.61346e-11 -0.0561346
-5.61694e-11 -0.0561694
-5.62041e-11 -0.0562041
-5.62389e-11 -0.0562389
-5.62736e-11 -0.0562736
-5.63084e-11 -0.0563084
-5.63431e-11 -0.0563431
-5.63778e-11 -0.0563778
-5.64126e-11 -0.0564126
-5.64473e-11 -0.0564473
-5.64821e-11 -0.0564821
-5.65168e-11 -0.0565168
-5.65516e-11 -0.0565516
-5.65863e-11 -0.0565863
-5.66211e-11 -0.0566211
-5.66558e-11 -0.0566558
-5.66905e-11 -0.0566905
-5.67253e-11 -0.0567253
-5.676e-11 -0.05676
-5.67948e-11 -0.0567948
-5.68295e-11 -0.0568295
-5.68643e-11 -0.0568643
-5.6899e-11 -0.056899
-5.69338e-11 -0.0569338
-5.69685e-11 -0.0569685
-5.70033e-11 -0.0570033
-5.7038e-11 -0.057038
-5.70727e-11 -0.0570727
-5.71075e-11 -0.0571075
-5.71422e-11 -0.0571422
-5.7177e-11 -0.057177
-5.72117e-11 -0.0572117
-5.72465e-11 -0.0572465
-5.72812e-11 -0.0572812
-5.7316e-11 -0.057316
-5.73507e-11 -0.0573507
-5.73855e-11 -0.0573855
-5.74202e-11 -0.0574202
-5.74549e-11 -0.0574549
-5.74897e-11 -0.0574897
-5.75244e-11 -0.0575244
-5.75592e-11 -0.0575592
-5.75939e-11 -0.0575939
-5.76287e-11 -0.0576287
-5.76634e-11 -0.0576634
-5.76982e-11 -0.0576982
-5.77329e-11 -0.0577329
-5.77676e-11 -0.0577676
-5.78024e-11 -0.0578024
-5.78371e-11 -0.0578371
-5.78719e-11 -0.0578719
-5.79066e-11 -0.0579066
-5.79414e-11 -0.0579414
-5.79761e-11 -0.0579761
-5.80109e-11 -0.0580109
-5.80456e-11 -0.0580456
-5.80804e-11 -0.0580804
-5.81151e-11 -0.0581151
-5.81498e-11 -0.0581498
-5.81846e-11 -0.0581846
-5.82193e-11 -0.0582193
-5.82541e-11 -0.0582541
-5.82888e-11 -0.0582888
-5.83236e-11 -0.0583236
-5.83583e-11 -0.0583583
-5.83931e-11 -0.0583931
-5.84278e-11 -0.0584278
-5.84625e-11 -0.0584625
-5.84973e-11 -0.0584973
-5.8532e-11 -0.058532
-5.85668e-11 -0.0585668
-5.86015e-11 -0.0586015
-5.86363e-11 -0.0586363
-5.8671e-11 -0.058671
-5.87058e-11 -0.0587058
-5.87405e-11 -0.0587405
-5.87753e-11 -0.0587753
-5.881e-11 -0.05881
-5.88447e-11 -0.0588447
-5.88795e-11 -0.0588795
-5.89142e-11 -0.0589142
-5.8949e-11 -0.058949
-5.89837e-11 -0.0589837
-5.90185e-11 -0.0590185
-5.90532e-11 -0.0590532
-5.9088e-11 -0.059088
-5.91227e-11 -0.0591227
-5.91574e-11 -0.0591574
-5.91922e-11 -0.0591922
-5.92269e-11 -0.0592269
-5.92617e-11 -0.0592617
-5.92964e-11 -0.0592964
-5.93312e-11 -0.0593312
-5.93659e-11 -0.0593659
-5.94007e-11 -0.0594007
-5.94354e-11 -0.0594354
-5.94702e-11 -0.0594702
-5.95049e-11 -0.0595049
-5.95396e-11 -0.0595396
-5.95744e-11 -0.0595744
-5.96091e-11 -0.0596091
-5.96439e-11 -0.0596439
-5.96786e-11 -0.0596786
-5.97134e-11 -0.0597134
-5.97481e-11 -0.0597481
-5.97829e-11 -0.0597829
-5.98176e-11 -0.0598176
-5.98523e-11 -0.0598523
-5.98871e-11 -0.0598871
-5.99218e-11 -0.0599218
-5.99566e-11 -0.0599566
-5.99913e-11 -0.0599913
-6.00261e-11 -0.0600261
-6.00608e-11 -0.0600608
-6.00956e-11 -0.0600956
-6.01303e-11 -0.0601303
-6.01651e-11 -0.0601651
-6.01998e-11 -0.0601998
-6.02345e-11 -0.0602345
-6.02693e-11 -0.0602693
-6.0304e-11 -0.060304
-6.03388e-11 -0.0603388
-6.03735e-11 -0.0603735
-6.04083e-11 -0.0604083
-6.0443e-11 -0.060443
-6.04778e-11 -0.0604778
-6.05125e-11 -0.0605125
-6.05472e-11 -0.0605472
-6.0582e-11 -0.060582
-6.06167e-11 -0.0606167
-6.06515e-11 -0.0606515
-6.06862e-11 -0.0606862
-6.0721e-11 -0.060721
-6.07557e-11 -0.0607557
-6.07905e-11 -0.0607905
-6.08252e-11 -0.0608252
-6.086e-11 -0.06086
-6.08947e-11 -0.0608947
-6.09294e-11 -0.0609294
-6.09642e-11 -0.0609642
-6.09989e-11 -0.0609989
-6.10337e-11 -0.0610337
-6.10684e-11 -0.0610684
-6.11032e-11 -0.0611032
-6.11379e-11 -0.0611379
-6.11727e-11 -0.0611727
-6.12074e-11 -0.0612074
-6.12421e-11 -0.0612421
-6.12769e-11 -0.0612769
-6.13116e-11 -0.0613116
-6.13464e-11 -0.0613464
-6.13811e-11 -0.0613811
-6.14159e-11 -0.0614159
-6.14506e-11 -0.0614506
-6.14854e-11 -0.0614854
-6.15201e-11 -0.0615201
-6.15548e-11 -0.0615548
-6.15896e-11 -0.0615896
-6.16243e-11 -0.0616243
-6.16591e-11 -0.0616591
-6.16938e-11 -0.0616938
-6.17286e-11 -0.0617286
-6.17633e-11 -0.0617633
-6.17981e-11 -0.0617981
-6.18328e-11 -0.0618328
-6.18675e-11 -0.0618675
-6.19023e-11 -0.0619023
-6.1937e-11 -0.061937
-6.19718e-11 -0.0619718
-6.20065e-11 -0.0620065
-6.20413e-11 -0.0620413
-6.2076e-11 -0.062076
-6.21108e-11 -0.0621108
-6.21455e-11 -0.0621455
-6.21803e-11 -0.0621803
-6.2215e-11 -0.062215
-6.22497e-11 -0.0622497
-6.22845e-11 -0.0622845
-6.23192e-11 -0.0623192
-6.2354e-11 -0.062354
-6.23887e-11 -0.0623887
-6.24235e-11 -0.0624235
-6.24582e-11 -0.0624582
-6.2493e-11 -0.062493
-6.25277e-11 -0.0625277
-6.25624e-11 -0.0625624
-6.25972e-11 -0.0625972
-6.26319e-11 -0.0626319
-6.26667e-11 -0.0626667
-6.27014e-11 -0.0627014
-6.27362e-11 -0.0627362
-6.27709e-11 -0.0627709
-6.28057e-11 -0.0628057
-6.28404e-11 -0.0628404
-6.28751e-11 -0.0628751
-6.29099e-11 -0.0629099
-6.29446e-11 -0.0629446
-6.29794e-11 -0.0629794
-6.30141e-11 -0.0630141
-6.30489e-11 -0.0630489
-6.30836e-11 -0.0630836
-6.31184e-11 -0.0631184
-6.31531e-11 -0.0631531
-6.31878e-11 -0.0631878
-6.32226e-11 -0.0632226
-6.32573e-11 -0.0632573
-6.32921e-11 -0.0632921
-6.33268e-11 -0.0633268
-6.33616e-11 -0.0633616
-6.33963e-11 -0.0633963
-6.34311e-11 -0.0634311
-6.34658e-11 -0.0634658
-6.35006e-11 -0.0635006
-6.35353e-11 -0.0635353
-6.357e-11 -0.06357
-6.36048e-11 -0.0636048
-6.36395e-11 -0.0636395
-6.36743e-11 -0.0636743
-6.3709e-11 -0.063709
-6.37438e-11 -0.0637438
-6.37785e-11 -0.0637785
-6.38133e-11 -0.0638133
-6.3848e-11 -0.063848
-6.38827e-11 -0.0638827
-6.39175e-11 -0.0639175
-6.39522e-11 -0.0639522
-6.3987e-11 -0.063987
-6.40217e-11 -0.0640217
-6.40565e-11 -0.0640565
-6.40912e-11 -0.0640912
-6.4126e-11 -0.064126
-6.41607e-11 -0.0641607
-6.41954e-11 -0.0641954
-6.42302e-11 -0.0642302
-6.42649e-11 -0.0642649
-6.42997e-11 -0.0642997
-6.43344e-11 -0.0643344
-6.43692e-11 -0.0643692
-6.44039e-11 -0.0644039
-6.44387e-11 -0.0644387
-6.44734e-11 -0.0644734
-6.45081e-11 -0.0645081
-6.45429e-11 -0.0645429
-6.45776e-11 -0.0645776
-6.46124e-11 -0.0646124
-6.46471e-11 -0.0646471
-6.46819e-11 -0.0646819
-6.47166e-11 -0.0647166
-6.47514e-11 -0.0647514
-6.47861e-11 -0.0647861
-6.48208e-11 -0.0648208
-6.48556e-11 -0.0648556
-6.48903e-11 -0.0648903
-6.49251e-11 -0.0649251
-6.49598e-11 -0.0649598
-6.49946e-11 -0.0649946
-6.50293e-11 -0.0650293
-6.50641e-11 -0.0650641
-6.50988e-11 -0.0650988
-6.51335e-11 -0.0651335
-6.51683e-11 -0.0651683
-6.5203e-11 -0.065203
-6.52378e-11 -0.0652378
-6.52725e-11 -0.0652725
-6.53073e-11 -0.0653073
-6.5342e-11 -0.065342
-6.53768e-11 -0.0653768
-6.54115e-11 -0.0654115
-6.54462e-11 -0.0654462
-6.5481e-11 -0.065481
-6.55157e-11 -0.0655157
-6.55505e-11 -0.0655505
-6.55852e-11 -0.0655852
-6.562e-11 -0.06562
-6.56547e-11 -0.0656547
-6.56895e-11 -0.0656895
-6.57242e-11 -0.0657242
-6.57589e-11 -0.0657589
-6.57937e-11 -0.0657937
-6.58284e-11 -0.0658284
-6.58632e-11 -0.0658632
-6.58979e-11 -0.0658979
-6.59327e-11 -0.0659327
-6.59674e-11 -0.0659674
-6.60022e-11 -0.0660022
-6.60369e-11 -0.0660369
-6.60716e-11 -0.0660716
-6.61064e-11 -0.0661064
-6.61411e-11 -0.0661411
-6.61759e-11 -0.0661759
-6.62106e-11 -0.0662106
-6.62454e-11 -0.0662454
-6.62801e-11 -0.0662801
-6.63149e-11 -0.0663149
-6.63496e-11 -0.0663496
-6.63843e-11 -0.0663843
-6.64191e-11 -0.0664191
-6.64538e-11 -0.0664538
-6.64886e-11 -0.0664886
-6.65233e-11 -0.0665233
-6.65581e-11 -0.0665581
-6.65928e-11 -0.0665928
-6.66276e-11 -0.0666276
-6.66623e-11 -0.0666623
-6.6697e-11 -0.066697
-6.67318e-11 -0.0667318
-6.67665e-11 -0.0667665
-6.68013e-11 -0.0668013
-6.6836e-11 -0.066836
-6.68708e-11 -0.0668708
-6.69055e-11 -0.0669055
-6.69403e-11 -0.0669403
-6.6975e-11 -0.066975
-6.70097e-11 -0.0670097
-6.70445e-11 -0.0670445
-6.70792e-11 -0.0670792
-6.7114e-11 -0.067114
-6.71487e-11 -0.0671487
-6.71835e-11 -0.0671835
-6.72182e-11 -0.0672182
-6.7253e-11 -0.067253
-6.72877e-11 -0.0672877
-6.73224e-11 -0.0673224
-6.73572e-11 -0.0673572
-6.73919e-11 -0.0673919
-6.74267e-11 -0.0674267
-6.74614e-11 -0.0674614
-6.74962e-11 -0.0674962
-6.75309e-11 -0.0675309
-6.75657e-11 -0.0675657
-6.76004e-11 -0.0676004
-6.76351e-11 -0.0676351
-6.76699e-11 -0.0676699
-6.77046e-11 -0.0677046
-6.77394e-11 -0.0677394
-6.77741e-11 -0.0677741
-6.78089e-11 -0.0678089
-6.78436e-11 -0.0678436
-6.78784e-11 -0.0678784
-6.79131e-11 -0.0679131
-6.79478e-11 -0.0679478
-6.79826e-11 -0.0679826
-6.80173e-11 -0.0680173
-6.80521e-11 -0.0680521
-6.80868e-11 -0.0680868
-6.81216e-11 -0.0681216
-6.81563e-11 -0.0681563
-6.81911e-11 -0.0681911
-6.82258e-11 -0.0682258
-6.82605e-11 -0.0682605
-6.82953e-11 -0.0682953
-6.833e-11 -0.06833
-6.83648e-11 -0.0683648
-6.83995e-11 -0.0683995
-6.84343e-11 -0.0684343
-6.8469e-11 -0.068469
-6.85038e-11 -0.0685038
-6.85385e-11 -0.0685385
-6.85732e-11 -0.0685732
-6.8608e-11 -0.068608
-6.86427e-11 -0.0686427
-6.86775e-11 -0.0686775
-6.87122e-11 -0.0687122
-6.8747e-11 -0.068747
-6.87817e-11 -0.0687817
-6.88165e-11 -0.0688165
-6.88512e-11 -0.0688512
-6.88859e-11 -0.0688859
-6.89207e-11 -0.0689207
-6.89554e-11 -0.0689554
-6.89902e-11 -0.0689902
-6.90249e-11 -0.0690249
-6.90597e-11 -0.0690597
-6.90944e-11 -0.0690944
-6.91292e-11 -0.0691292
-6.91639e-11 -0.0691639
-6.91986e-11 -0.0691986
-6.92334e-11 -0.0692334
-6.92681e-11 -0.0692681
-6.93029e-11 -0.0693029
-6.93376e-11 -0.0693376
-6.93724e-11 -0.0693724
-6.94071e-11 -0.0694071
-6.94418e-11 -0.0694418
-6.94766e-11 -0.0694766
-6.95113e-11 -0.0695113
-6.95461e-11 -0.0695461
-6.95808e-11 -0.0695808
-6.96156e-11 -0.0696156
-6.96503e-11 -0.0696503
-6.96851e-11 -0.0696851
-6.97198e-11 -0.0697198
-6.97545e-11 -0.0697545
-6.97893e-11 -0.0697893
-6.9824e-11 -0.069824
-6.98588e-11 -0.0698588
-6.98935e-11 -0.0698935
-6.99283e-11 -0.0699283
-6.9963e-11 -0.069963
-6.99978e-11 -0.0699978
-7.00325e-11 -0.0700325
-7.00672e-11 -0.0700672
-7.0102e-11 -0.070102
-7.01367e-11 -0.0701367
-7.01715e-11 -0.0701715
-7.02062e-11 -0.0702062
-7.0241e-11 -0.070241
-7.02757e-11 -0.0702757
-7.03105e-11 -0.0703105
-7.03452e-11 -0.0703452
-7.03799e-11 -0.0703799
-7.04147e-11 -0.0704147
-7.04494e-11 -0.0704494
-7.04842e-11 -0.0704842
-7.05189e-11 -0.0705189
-7.05537e-11 -0.0705537
-7.05884e-11 -0.0705884
-7.06232e-11 -0.0706232
-7.06579e-11 -0.0706579
-7.06926e-11 -0.0706926
-7.07274e-11 -0.0707274
-7.07621e-11 -0.0707621
-7.07969e-11 -0.0707969
-7.08316e-11 -0.0708316
-7.08664e-11 -0.0708664
-7.09011e-11 -0.0709011
-7.09358e-11 -0.0709358
-7.09706e-11 -0.0709706
-7.10053e-11 -0.0710053
-7.10401e-11 -0.0710401
-7.10748e-11 -0.0710748
-7.11096e-11 -0.0711096
-7.11443e-11 -0.0711443
-7.11791e-11 -0.0711791
-7.12138e-11 -0.0712138
-7.12485e-11 -0.0712485
-7.12833e-11 -0.0712833
-7.1318e-11 -0.071318
-7.13528e-11 -0.0713528
-7.13875e-11 -0.0713875
-7.14223e-11 -0.0714223
-7.1457e-11 -0.071457
-7.14918e-11 -0.0714918
-7.15263e-11 -0.0715263
-7.15603e-11 -0.0715603
-7.15943e-11 -0.0715943
-7.16283e-11 -0.0716283
-7.16623e-11 -0.0716623
-7.16963e-11 -0.0716963
-7.17303e-11 -0.0717303
-7.17642e-11 -0.0717642
-7.17982e-11 -0.0717982
-7.18322e-11 -0.0718322
-7.18662e-11 -0.0718662
-7.19002e-11 -0.0719002
-7.19342e-11 -0.0719342
-7.19682e-11 -0.0719682
-7.20022e-11 -0.0720022
-7.20362e-11 -0.0720362
-7.20702e-11 -0.0720702
-7.21042e-11 -0.0721042
-7.21382e-11 -0.0721382
-7.21722e-11 -0.0721722
-7.22062e-11 -0.0722062
-7.22402e-11 -0.0722402
-7.22742e-11 -0.0722742
-7.23082e-11 -0.0723082
-7.23421e-11 -0.0723421
-7.23761e-11 -0.0723761
-7.24101e-11 -0.0724101
-7.24441e-11 -0.0724441
-7.24781e-11 -0.0724781
-7.25121e-11 -0.0725121
-7.25461e-11 -0.0725461
-7.25801e-11 -0.0725801
-7.26141e-11 -0.0726141
-7.26481e-11 -0.0726481
-7.26821e-11 -0.0726821
-7.27161e-11 -0.0727161
-7.27501e-11 -0.0727501
-7.27841e-11 -0.0727841
-7.28181e-11 -0.0728181
-7.28521e-11 -0.0728521
-7.2886e-11 -0.072886
-7.292e-11 -0.07292
-7.2954e-11 -0.072954
-7.2988e-11 -0.072988
-7.3022e-11 -0.073022
-7.3056e-11 -0.073056
-7.309e-11 -0.07309
-7.3124e-11 -0.073124
-7.3158e-11 -0.073158
-7.3192e-11 -0.073192
-7.3226e-11 -0.073226
-7.326e-11 -0.07326
-7.3294e-11 -0.073294
-7.3328e-11 -0.073328
-7.3362e-11 -0.073362
-7.3396e-11 -0.073396
-7.34299e-11 -0.0734299
-7.34639e-11 -0.0734639
-7.34979e-11 -0.0734979
-7.35319e-11 -0.0735319
-7.35659e-11 -0.0735659
-7.35999e-11 -0.0735999
-7.36339e-11 -0.0736339
-7.36679e-11 -0.0736679
-7.37013e-11 -0.0737013
-7.37346e-11 -0.0737346
-7.37678e-11 -0.0737678
-7.38011e-11 -0.0738011
-7.38344e-11 -0.0738344
-7.38677e-11 -0.0738677
-7.3901e-11 -0.073901
-7.39343e-11 -0.0739343
-7.39676e-11 -0.0739676
-7.40009e-11 -0.0740009
-7.40342e-11 -0.0740342
-7.40675e-11 -0.0740675
-7.41008e-11 -0.0741008
-7.41341e-11 -0.0741341
-7.41674e-11 -0.0741674
-7.42006e-11 -0.0742006
-7.42339e-11 -0.0742339
-7.42672e-11 -0.0742672
-7.43005e-11 -0.0743005
-7.43338e-11 -0.0743338
-7.43671e-11 -0.0743671
-7.44004e-11 -0.0744004
-7.44337e-11 -0.0744337
-7.4467e-11 -0.074467
-7.45003e-11 -0.0745003
-7.45336e-11 -0.0745336
-7.45669e-11 -0.0745669
-7.46001e-11 -0.0746001
-7.46334e-11 -0.0746334
-7.46667e-11 -0.0746667
-7.47e-11 -0.0747
-7.47333e-11 -0.0747333
-7.47666e-11 -0.0747666
-7.47999e-11 -0.0747999
-7.48332e-11 -0.0748332
-7.48665e-11 -0.0748665
-7.48998e-11 -0.0748998
-7.49331e-11 -0.0749331
-7.49664e-11 -0.0749664
-7.49996e-11 -0.0749996
-7.50329e-11 -0.0750329
-7.50662e-11 -0.0750662
-7.50995e-11 -0.0750995
-7.51328e-11 -0.0751328
-7.51661e-11 -0.0751661
-7.51994e-11 -0.0751994
-7.52327e-11 -0.0752327
-7.5266e-11 -0.075266
-7.52993e-11 -0.0752993
-7.53326e-11 -0.0753326
-7.53659e-11 -0.0753659
-7.53992e-11 -0.0753992
-7.54324e-11 -0.0754324
-7.54657e-11 -0.0754657
-7.5499e-11 -0.075499
-7.55323e-11 -0.0755323
-7.55656e-11 -0.0755656
-7.55989e-11 -0.0755989
-7.56322e-11 -0.0756322
-7.56655e-11 -0.0756655
-7.56988e-11 -0.0756988
-7.57321e-11 -0.0757321
-7.57654e-11 -0.0757654
-7.57987e-11 -0.0757987
-7.58319e-11 -0.0758319
-7.58652e-11 -0.0758652
-7.58985e-11 -0.0758985
-7.59318e-11 -0.0759318
-7.59651e-11 -0.0759651
-7.59984e-11 -0.0759984
-7.60317e-11 -0.0760317
-7.6065e-11 -0.076065
-7.60983e-11 -0.0760983
-7.61316e-11 -0.0761316
-7.61649e-11 -0.0761649
-7.61982e-11 -0.0761982
-7.62314e-11 -0.0762314
-7.62647e-11 -0.0762647
-7.6298e-11 -0.076298
-7.63313e-11 -0.0763313
-7.63646e-11 -0.0763646
-7.63979e-11 -0.0763979
-7.64312e-11 -0.0764312
-7.64645e-11 -0.0764645
-7.64978e-11 -0.0764978
-7.65311e-11 -0.0765311
-7.65644e-11 -0.0765644
-7.65976e-11 -0.0765976
-7.66309e-11 -0.0766309
-7.66642e-11 -0.0766642
-7.66975e-11 -0.0766975
-7.67308e-11 -0.0767308
-7.67641e-11 -0.0767641
-7.67974e-11 -0.0767974
-7.68307e-11 -0.0768307
-7.6864e-11 -0.076864
-7.68973e-11 -0.0768973
-7.69306e-11 -0.0769306
-7.69639e-11 -0.0769639
-7.69971e-11 -0.0769971
-7.70304e-11 -0.0770304
-7.70637e-11 -0.0770637
-7.7097e-11 -0.077097
-7.71303e-11 -0.0771303
-7.71636e-11 -0.0771636
-7.71969e-11 -0.0771969
-7.72302e-11 -0.0772302
-7.72635e-11 -0.0772635
-7.72968e-11 -0.0772968
-7.73301e-11 -0.0773301
-7.73634e-11 -0.0773634
-7.73966e-11 -0.0773966
-7.74299e-11 -0.0774299
-7.74632e-11 -0.0774632
-7.74965e-11 -0.0774965
-7.75298e-11 -0.0775298
-7.75631e-11 -0.0775631
-7.75964e-11 -0.0775964
-7.76297e-11 -0.0776297
-7.7663e-11 -0.077663
-7.76963e-11 -0.0776963
-7.77296e-11 -0.0777296
-7.77628e-11 -0.0777628
-7.77961e-11 -0.0777961
-7.78294e-11 -0.0778294
-7.78627e-11 -0.0778627
-7.7896e-11 -0.077896
-7.79293e-11 -0.0779293
-7.79626e-11 -0.0779626
-7.79959e-11 -0.0779959
-7.80292e-11 -0.0780292
-7.80625e-11 -0.0780625
-7.80958e-11 -0.0780958
-7.81291e-11 -0.0781291
-7.81623e-11 -0.0781623
-7.81956e-11 -0.0781956
-7.82289e-11 -0.0782289
-7.82622e-11 -0.0782622
-7.82955e-11 -0.0782955
-7.83288e-11 -0.0783288
-7.83621e-11 -0.0783621
-7.83954e-11 -0.0783954
-7.84287e-11 -0.0784287
-7.8462e-11 -0.078462
-7.84953e-11 -0.0784953
-7.85285e-11 -0.0785285
-7.85618e-11 -0.0785618
-7.85951e-11 -0.0785951
-7.86284e-11 -0.0786284
-7.86617e-11 -0.0786617
-7.8695e-11 -0.078695
-7.87283e-11 -0.0787283
-7.87616e-11 -0.0787616
-7.87949e-11 -0.0787949
-7.88282e-11 -0.0788282
-7.88615e-11 -0.0788615
-7.88948e-11 -0.0788948
-7.8928e-11 -0.078928
-7.89613e-11 -0.0789613
-7.89946e-11 -0.0789946
-7.90279e-11 -0.0790279
-7.90612e-11 -0.0790612
-7.90945e-11 -0.0790945
-7.91278e-11 -0.0791278
-7.91611e-11 -0.0791611
-7.91944e-11 -0.0791944
-7.92277e-11 -0.0792277
-7.9261e-11 -0.079261
-7.92942e-11 -0.0792942
-7.93275e-11 -0.0793275
-7.93608e-11 -0.0793608
-7.93941e-11 -0.0793941
-7.94274e-11 -0.0794274
-7.94607e-11 -0.0794607
-7.9494e-11 -0.079494
-7.95273e-11 -0.0795273
-7.95606e-11 -0.0795606
-7.95939e-11 -0.0795939
-7.96272e-11 -0.0796272
-7.96604e-11 -0.0796604
-7.96937e-11 -0.0796937
-7.9727e-11 -0.079727
-7.97603e-11 -0.0797603
-7.97936e-11 -0.0797936
-7.98269e-11 -0.0798269
-7.98602e-11 -0.0798602
-7.98935e-11 -0.0798935
-7.99268e-11 -0.0799268
-7.99601e-11 -0.0799601
-7.99934e-11 -0.0799934
-8.00266e-11 -0.0800266
-8.00599e-11 -0.0800599
-8.00932e-11 -0.0800932
-8.01265e-11 -0.0801265
-8.01598e-11 -0.0801598
-8.01931e-11 -0.0801931
-8.02264e-11 -0.0802264
-8.02597e-11 -0.0802597
-8.0293e-11 -0.080293
-8.03263e-11 -0.0803263
-8.03596e-11 -0.0803596
-8.03928e-11 -0.0803928
-8.04261e-11 -0.0804261
-8.04594e-11 -0.0804594
-8.04927e-11 -0.0804927
-8.0526e-11 -0.080526
-8.05593e-11 -0.0805593
-8.05926e-11 -0.0805926
-8.06259e-11 -0.0806259
-8.06592e-11 -0.0806592
-8.06925e-11 -0.0806925
-8.07258e-11 -0.0807258
-8.0759e-11 -0.080759
-8.07923e-11 -0.0807923
-8.08256e-11 -0.0808256
-8.08589e-11 -0.0808589
-8.08922e-11 -0.0808922
-8.09255e-11 -0.0809255
-8.09588e-11 -0.0809588
-8.09921e-11 -0.0809921
-8.10254e-11 -0.0810254
-8.10587e-11 -0.0810587
-8.1092e-11 -0.081092
-8.11252e-11 -0.0811252
-8.11585e-11 -0.0811585
-8.11918e-11 -0.0811918
-8.12251e-11 -0.0812251
-8.12584e-11 -0.0812584
-8.12917e-11 -0.0812917
-8.1325e-11 -0.081325
-8.13583e-11 -0.0813583
-8.13916e-11 -0.0813916
-8.14249e-11 -0.0814249
-8.14582e-11 -0.0814582
-8.14914e-11 -0.0814914
-8.15247e-11 -0.0815247
-8.1558e-11 -0.081558
-8.15913e-11 -0.0815913
-8.16246e-11 -0.0816246
-8.16579e-11 -0.0816579
-8.16912e-11 -0.0816912
-8.17245e-11 -0.0817245
-8.17578e-11 -0.0817578
-8.17911e-11 -0.0817911
-8.18243e-11 -0.0818243
-8.18576e-11 -0.0818576
-8.18909e-11 -0.0818909
-8.19242e-11 -0.0819242
-8.19575e-11 -0.0819575
-8.19908e-11 -0.0819908
-8.20241e-11 -0.0820241
-8.20574e-11 -0.0820574
-8.20907e-11 -0.0820907
-8.2124e-11 -0.082124
-8.21573e-11 -0.0821573
-8.21905e-11 -0.0821905
-8.22238e-11 -0.0822238
-8.22571e-11 -0.0822571
-8.22904e-11 -0.0822904
-8.23237e-11 -0.0823237
-8.2357e-11 -0.082357
-8.23903e-11 -0.0823903
-8.24236e-11 -0.0824236
-8.24569e-11 -0.0824569
-8.24902e-11 -0.0824902
-8.25234e-11 -0.0825234
-8.25567e-11 -0.0825567
-8.259e-11 -0.08259
-8.26233e-11 -0.0826233
-8.26566e-11 -0.0826566
-8.26899e-11 -0.0826899
-8.27232e-11 -0.0827232
-8.27565e-11 -0.0827565
-8.27898e-11 -0.0827898
-8.28231e-11 -0.0828231
-8.28564e-11 -0.0828564
-8.28896e-11 -0.0828896
-8.29229e-11 -0.0829229
-8.29562e-11 -0.0829562
-8.29895e-11 -0.0829895
-8.30228e-11 -0.0830228
-8.30561e-11 -0.0830561
-8.30894e-11 -0.0830894
-8.31227e-11 -0.0831227
-8.3156e-11 -0.083156
-8.31893e-11 -0.0831893
-8.32225e-11 -0.0832225
-8.32558e-11 -0.0832558
-8.32891e-11 -0.0832891
-8.33224e-11 -0.0833224
-8.33557e-11 -0.0833557
-8.3389e-11 -0.083389
-8.34223e-11 -0.0834223
-8.34556e-11 -0.0834556
-8.34889e-11 -0.0834889
-8.35222e-11 -0.0835222
-8.35555e-11 -0.0835555
-8.35887e-11 -0.0835887
-8.3622e-11 -0.083622
-8.36553e-11 -0.0836553
-8.36886e-11 -0.0836886
-8.37219e-11 -0.0837219
-8.37552e-11 -0.0837552
-8.37885e-11 -0.0837885
-8.38218e-11 -0.0838218
-8.38551e-11 -0.0838551
-8.38884e-11 -0.0838884
-8.39216e-11 -0.0839216
-8.39549e-11 -0.0839549
-8.39882e-11 -0.0839882
-8.40215e-11 -0.0840215
-8.40548e-11 -0.0840548
-8.40881e-11 -0.0840881
-8.41214e-11 -0.0841214
-8.41547e-11 -0.0841547
-8.4188e-11 -0.084188
-8.42213e-11 -0.0842213
-8.42545e-11 -0.0842545
-8.42878e-11 -0.0842878
-8.43211e-11 -0.0843211
-8.43544e-11 -0.0843544
-8.43877e-11 -0.0843877
-8.4421e-11 -0.084421
-8.44543e-11 -0.0844543
-8.44876e-11 -0.0844876
-8.45209e-11 -0.0845209
-8.45542e-11 -0.0845542
-8.45874e-11 -0.0845874
-8.46207e-11 -0.0846207
-8.4654e-11 -0.084654
-8.46873e-11 -0.0846873
-8.47206e-11 -0.0847206
-8.47539e-11 -0.0847539
-8.47872e-11 -0.0847872
-8.48205e-11 -0.0848205
-8.48538e-11 -0.0848538
-8.48871e-11 -0.0848871
-8.49203e-11 -0.0849203
-8.49536e-11 -0.0849536
-8.49869e-11 -0.0849869
-8.50202e-11 -0.0850202
-8.50535e-11 -0.0850535
-8.50868e-11 -0.0850868
-8.51201e-11 -0.0851201
-8.51534e-11 -0.0851534
-8.51867e-11 -0.0851867
-8.522e-11 -0.08522
-8.52532e-11 -0.0852532
-8.52865e-11 -0.0852865
-8.53198e-11 -0.0853198
-8.53531e-11 -0.0853531
-8.53864e-11 -0.0853864
-8.54197e-11 -0.0854197
-8.5453e-11 -0.085453
-8.54863e-11 -0.0854863
-8.55196e-11 -0.0855196
-8.55529e-11 -0.0855529
-8.55861e-11 -0.0855861
-8.56194e-11 -0.0856194
-8.56527e-11 -0.0856527
-8.5686e-11 -0.085686
-8.57193e-11 -0.0857193
-8.57526e-11 -0.0857526
-8.57859e-11 -0.0857859
-8.58192e-11 -0.0858192
-8.58525e-11 -0.0858525
-8.58858e-11 -0.0858858
-8.5919e-11 -0.085919
-8.59523e-11 -0.0859523
-8.59856e-11 -0.0859856
-8.60189e-11 -0.0860189
-8.60522e-11 -0.0860522
-8.60855e-11 -0.0860855
-8.61188e-11 -0.0861188
-8.61521e-11 -0.0861521
-8.61854e-11 -0.0861854
-8.62187e-11 -0.0862187
-8.62519e-11 -0.0862519
-8.62852e-11 -0.0862852
-8.63185e-11 -0.0863185
-8.63518e-11 -0.0863518
-8.63851e-11 -0.0863851
-8.64184e-11 -0.0864184
-8.64517e-11 -0.0864517
-8.6485e-11 -0.086485
-8.65183e-11 -0.0865183
-8.65516e-11 -0.0865516
-8.65848e-11 -0.0865848
-8.66181e-11 -0.0866181
-8.66514e-11 -0.0866514
-8.66847e-11 -0.0866847
-8.6718e-11 -0.086718
-8.67513e-11 -0.0867513
-8.67846e-11 -0.0867846
-8.68179e-11 -0.0868179
-8.68512e-11 -0.0868512
-8.68845e-11 -0.0868845
-8.69177e-11 -0.0869177
-8.6951e-11 -0.086951
-8.69843e-11 -0.0869843
-8.70176e-11 -0.0870176
-8.70509e-11 -0.0870509
-8.70842e-11 -0.0870842
-8.71175e-11 -0.0871175
-8.71508e-11 -0.0871508
-8.71841e-11 -0.0871841
-8.72173e-11 -0.0872173
-8.72506e-11 -0.0872506
-8.72839e-11 -0.0872839
-8.73172e-11 -0.0873172
-8.73505e-11 -0.0873505
-8.73838e-11 -0.0873838
-8.74171e-11 -0.0874171
-8.74504e-11 -0.0874504
-8.74837e-11 -0.0874837
-8.7517e-11 -0.087517
-8.75502e-11 -0.0875502
-8.75835e-11 -0.0875835
-8.76168e-11 -0.0876168
-8.76501e-11 -0.0876501
-8.76834e-11 -0.0876834
-8.77167e-11 -0.0877167
-8.775e-11 -0.08775
-8.77833e-11 -0.0877833
-8.78166e-11 -0.0878166
-8.78499e-11 -0.0878499
-8.78831e-11 -0.0878831
-8.79164e-11 -0.0879164
-8.79497e-11 -0.0879497
-8.7983e-11 -0.087983
-8.80163e-11 -0.0880163
-8.80496e-11 -0.0880496
-8.80829e-11 -0.0880829
-8.81162e-11 -0.0881162
-8.81495e-11 -0.0881495
-8.81827e-11 -0.0881827
-8.8216e-11 -0.088216
-8.82493e-11 -0.0882493
-8.82826e-11 -0.0882826
-8.83159e-11 -0.0883159
-8.83492e-11 -0.0883492
-8.83825e-11 -0.0883825
-8.84158e-11 -0.0884158
-8.84491e-11 -0.0884491
-8.84824e-11 -0.0884824
-8.85156e-11 -0.0885156
-8.85489e-11 -0.0885489
-8.85822e-11 -0.0885822
-8.86155e-11 -0.0886155
-8.86488e-11 -0.0886488
-8.86821e-11 -0.0886821
-8.87154e-11 -0.0887154
-8.87487e-11 -0.0887487
-8.8782e-11 -0.088782
-8.88152e-11 -0.0888152
-8.88485e-11 -0.0888485
-8.88818e-11 -0.0888818
-8.89151e-11 -0.0889151
-8.89484e-11 -0.0889484
-8.89817e-11 -0.0889817
-8.9015e-11 -0.089015
-8.90483e-11 -0.0890483
-8.90816e-11 -0.0890816
-8.91149e-11 -0.0891149
-8.91481e-11 -0.0891481
-8.91814e-11 -0.0891814
-8.92147e-11 -0.0892147
-8.9248e-11 -0.089248
-8.92813e-11 -0.0892813
-8.93146e-11 -0.0893146
-8.93479e-11 -0.0893479
-8.93812e-11 -0.0893812
-8.94145e-11 -0.0894145
-8.94477e-11 -0.0894477
-8.9481e-11 -0.089481
-8.95143e-11 -0.0895143
-8.95476e-11 -0.0895476
-8.95809e-11 -0.0895809
-8.96142e-11 -0.0896142
-8.96475e-11 -0.0896475
-8.96808e-11 -0.0896808
-8.97141e-11 -0.0897141
-8.97473e-11 -0.0897473
-8.97806e-11 -0.0897806
-8.98139e-11 -0.0898139
-8.98472e-11 -0.0898472
-8.98805e-11 -0.0898805
-8.99138e-11 -0.0899138
-8.99471e-11 -0.0899471
-8.99804e-11 -0.0899804
-9.00137e-11 -0.0900137
-9.00469e-11 -0.0900469
-9.00802e-11 -0.0900802
-9.01135e-11 -0.0901135
-9.01468e-11 -0.0901468
-9.01801e-11 -0.0901801
-9.02134e-11 -0.0902134
-9.02467e-11 -0.0902467
-9.028e-11 -0.09028
-9.03133e-11 -0.0903133
-9.03466e-11 -0.0903466
-9.03798e-11 -0.0903798
-9.04131e-11 -0.0904131
-9.04464e-11 -0.0904464
-9.04797e-11 -0.0904797
-9.0513e-11 -0.090513
-9.05463e-11 -0.0905463
-9.05796e-11 -0.0905796
-9.06129e-11 -0.0906129
-9.06462e-11 -0.0906462
-9.06794e-11 -0.0906794
-9.07127e-11 -0.0907127
-9.0746e-11 -0.090746
-9.07793e-11 -0.0907793
-9.08126e-11 -0.0908126
-9.08459e-11 -0.0908459
-9.08792e-11 -0.0908792
-9.09125e-11 -0.0909125
-9.09458e-11 -0.0909458
-9.0979e-11 -0.090979
-9.10123e-11 -0.0910123
-9.10456e-11 -0.0910456
-9.10789e-11 -0.0910789
-9.11122e-11 -0.0911122
-9.11455e-11 -0.0911455
-9.11788e-11 -0.0911788
-9.12121e-11 -0.0912121
-9.12454e-11 -0.0912454
-9.12786e-11 -0.0912786
-9.13119e-11 -0.0913119
-9.13452e-11 -0.0913452
-9.13785e-11 -0.0913785
-9.14118e-11 -0.0914118
-9.14451e-11 -0.0914451
-9.14784e-11 -0.0914784
-9.15117e-11 -0.0915117
-9.1545e-11 -0.091545
-9.15782e-11 -0.0915782
-9.16115e-11 -0.0916115
-9.16448e-11 -0.0916448
-9.16781e-11 -0.0916781
-9.17114e-11 -0.0917114
-9.17447e-11 -0.0917447
-9.1778e-11 -0.091778
-9.18113e-11 -0.0918113
-9.18446e-11 -0.0918446
-9.18778e-11 -0.0918778
-9.19111e-11 -0.0919111
-9.19444e-11 -0.0919444
-9.19777e-11 -0.0919777
-9.2011e-11 -0.092011
-9.20443e-11 -0.0920443
-9.20776e-11 -0.0920776
-9.21109e-11 -0.0921109
-9.21442e-11 -0.0921442
-9.21774e-11 -0.0921774
-9.22107e-11 -0.0922107
-9.2244e-11 -0.092244
-9.22773e-11 -0.0922773
-9.23106e-11 -0.0923106
-9.23439e-11 -0.0923439
-9.23772e-11 -0.0923772
-9.24105e-11 -0.0924105
-9.24438e-11 -0.0924438
-9.2477e-11 -0.092477
-9.25103e-11 -0.0925103
-9.25436e-11 -0.0925436
-9.25769e-11 -0.0925769
-9.26102e-11 -0.0926102
-9.26435e-11 -0.0926435
-9.26768e-11 -0.0926768
-9.27101e-11 -0.0927101
-9.27434e-11 -0.0927434
-9.27766e-11 -0.0927766
-9.28099e-11 -0.0928099
-9.28432e-11 -0.0928432
-9.28765e-11 -0.0928765
-9.29098e-11 -0.0929098
-9.29431e-11 -0.0929431
-9.29764e-11 -0.0929764
-9.30097e-11 -0.0930097
-9.30429e-11 -0.0930429
-9.30762e-11 -0.0930762
-9.31095e-11 -0.0931095
-9.31428e-11 -0.0931428
-9.31761e-11 -0.0931761
-9.32094e-11 -0.0932094
-9.32427e-11 -0.0932427
-9.3276e-11 -0.093276
-9.33093e-11 -0.0933093
-9.33425e-11 -0.0933425
-9.33758e-11 -0.0933758
-9.34091e-11 -0.0934091
-9.34424e-11 -0.0934424
-9.34757e-11 -0.0934757
-9.3509e-11 -0.093509
-9.35423e-11 -0.0935423
-9.35756e-11 -0.0935756
-9.36089e-11 -0.0936089
-9.36421e-11 -0.0936421
-9.36754e-11 -0.0936754
-9.37087e-11 -0.0937087
-9.3742e-11 -0.093742
-9.37753e-11 -0.0937753
-9.38086e-11 -0.0938086
-9.38419e-11 -0.0938419
-9.38752e-11 -0.0938752
-9.39085e-11 -0.0939085
-9.39417e-11 -0.0939417
-9.3975e-11 -0.093975
-9.40083e-11 -0.0940083
-9.40416e-11 -0.0940416
-9.40749e-11 -0.0940749
-9.41082e-11 -0.0941082
-9.41415e-11 -0.0941415
-9.41748e-11 -0.0941748
-9.4208e-11 -0.094208
-9.42413e-11 -0.0942413
-9.42746e-11 -0.0942746
-9.43079e-11 -0.0943079
-9.43412e-11 -0.0943412
-9.43745e-11 -0.0943745
-9.44078e-11 -0.0944078
-9.44411e-11 -0.0944411
-9.44744e-11 -0.0944744
-9.45076e-11 -0.0945076
-9.45409e-11 -0.0945409
-9.45742e-11 -0.0945742
-9.46075e-11 -0.0946075
-9.46408e-11 -0.0946408
-9.46741e-11 -0.0946741
-9.47074e-11 -0.0947074
-9.47407e-11 -0.0947407
-9.4774e-11 -0.094774
-9.48072e-11 -0.0948072
-9.48405e-11 -0.0948405
-9.48738e-11 -0.0948738
-9.49071e-11 -0.0949071
-9.49404e-11 -0.0949404
-9.49737e-11 -0.0949737
-9.5007e-11 -0.095007
-9.50403e-11 -0.0950403
-9.50735e-11 -0.0950735
-9.51068e-11 -0.0951068
-9.51401e-11 -0.0951401
-9.51734e-11 -0.0951734
-9.52067e-11 -0.0952067
-9.524e-11 -0.09524
-9.52733e-11 -0.0952733
-9.53066e-11 -0.0953066
-9.53399e-11 -0.0953399
-9.53731e-11 -0.0953731
-9.54064e-11 -0.0954064
-9.54397e-11 -0.0954397
-9.5473e-11 -0.095473
-9.55063e-11 -0.0955063
-9.55396e-11 -0.0955396
-9.55729e-11 -0.0955729
-9.56062e-11 -0.0956062
-9.56394e-11 -0.0956394
-9.56727e-11 -0.0956727
-9.5706e-11 -0.095706
-9.57393e-11 -0.0957393
-9.57726e-11 -0.0957726
-9.58059e-11 -0.0958059
-9.58392e-11 -0.0958392
-9.58725e-11 -0.0958725
-9.59057e-11 -0.0959057
-9.5939e-11 -0.095939
-9.59723e-11 -0.0959723
-9.60056e-11 -0.0960056
-9.60389e-11 -0.0960389
-9.60722e-11 -0.0960722
-9.61055e-11 -0.0961055
-9.61388e-11 -0.0961388
-9.61721e-11 -0.0961721
-9.62053e-11 -0.0962053
-9.62386e-11 -0.0962386
-9.62719e-11 -0.0962719
-9.63052e-11 -0.0963052
-9.63385e-11 -0.0963385
-9.63718e-11 -0.0963718
-9.64051e-11 -0.0964051
-9.64384e-11 -0.0964384
-9.64716e-11 -0.0964716
-9.65049e-11 -0.0965049
-9.65382e-11 -0.0965382
-9.65715e-11 -0.0965715
-9.66048e-11 -0.0966048
-9.66381e-11 -0.0966381
-9.66714e-11 -0.0966714
-9.67047e-11 -0.0967047
-9.6738e-11 -0.096738
-9.67712e-11 -0.0967712
-9.68045e-11 -0.0968045
-9.68378e-11 -0.0968378
-9.68711e-11 -0.0968711
-9.69044e-11 -0.0969044
-9.69377e-11 -0.0969377
-9.6971e-11 -0.096971
-9.70043e-11 -0.0970043
-9.70375e-11 -0.0970375
-9.70708e-11 -0.0970708
-9.71041e-11 -0.0971041
-9.71374e-11 -0.0971374
-9.71707e-11 -0.0971707
-9.7204e-11 -0.097204
-9.72373e-11 -0.0972373
-9.72706e-11 -0.0972706
-9.73038e-11 -0.0973038
-9.73371e-11 -0.0973371
-9.73704e-11 -0.0973704
-9.74037e-11 -0.0974037
-9.7437e-11 -0.097437
-9.74703e-11 -0.0974703
-9.75036e-11 -0.0975036
-9.75369e-11 -0.0975369
-9.75701e-11 -0.0975701
-9.76034e-11 -0.0976034
-9.76367e-11 -0.0976367
-9.767e-11 -0.09767
-9.77033e-11 -0.0977033
-9.77366e-11 -0.0977366
-9.77699e-11 -0.0977699
-9.78032e-11 -0.0978032
-9.78365e-11 -0.0978365
-9.78697e-11 -0.0978697
-9.7903e-11 -0.097903
-9.79363e-11 -0.0979363
-9.79696e-11 -0.0979696
-9.80029e-11 -0.0980029
-9.80362e-11 -0.0980362
-9.80695e-11 -0.0980695
-9.81028e-11 -0.0981028
-9.8136e-11 -0.098136
-9.81693e-11 -0.0981693
-9.82026e-11 -0.0982026
-9.82359e-11 -0.0982359
-9.82692e-11 -0.0982692
-9.83025e-11 -0.0983025
-9.83358e-11 -0.0983358
-9.83691e-11 -0.0983691
-9.84023e-11 -0.0984023
-9.84356e-11 -0.0984356
-9.84689e-11 -0.0984689
-9.85022e-11 -0.0985022
-9.85355e-11 -0.0985355
-9.85688e-11 -0.0985688
-9.86021e-11 -0.0986021
-9.86354e-11 -0.0986354
-9.86686e-11 -0.0986686
-9.87019e-11 -0.0987019
-9.87352e-11 -0.0987352
-9.87685e-11 -0.0987685
-9.88018e-11 -0.0988018
-9.88351e-11 -0.0988351
-9.88684e-11 -0.0988684
-9.89017e-11 -0.0989017
-9.89349e-11 -0.0989349
-9.89682e-11 -0.0989682
-9.90015e-11 -0.0990015
-9.90348e-11 -0.0990348
-9.90681e-11 -0.0990681
-9.91014e-11 -0.0991014
-9.91347e-11 -0.0991347
-9.9168e-11 -0.099168
-9.92012e-11 -0.0992012
-9.92345e-11 -0.0992345
-9.92678e-11 -0.0992678
-9.93011e-11 -0.0993011
-9.93344e-11 -0.0993344
-9.93677e-11 -0.0993677
-9.9401e-11 -0.099401
-9.94343e-11 -0.0994343
-9.94675e-11 -0.0994675
-9.95008e-11 -0.0995008
-9.95341e-11 -0.0995341
-9.95674e-11 -0.0995674
-9.96007e-11 -0.0996007
-9.9634e-11 -0.099634
-9.96673e-11 -0.0996673
-9.97006e-11 -0.0997006
-9.97338e-11 -0.0997338
-9.97671e-11 -0.0997671
-9.98004e-11 -0.0998004
-9.98337e-11 -0.0998337
-9.9867e-11 -0.099867
-9.99003e-11 -0.0999003
-9.99336e-11 -0.0999336
-9.99669e-11 -0.0999669
-1e-10 -0.1
-1.00033e-10 -0.100033
-1.00067e-10 -0.100067
-1.001e-10 -0.1001
-1.00133e-10 -0.100133
-1.00167e-10 -0.100167
-1.002e-10 -0.1002
-1.00233e-10 -0.100233
-1.00266e-10 -0.100266
-1.003e-10 -0.1003
-1.00333e-10 -0.100333
-1.00366e-10 -0.100366
-1.004e-10 -0.1004
-1.00433e-10 -0.100433
-1.00466e-10 -0.100466
-1.00499e-10 -0.100499
-1.00533e-10 -0.100533
-1.00566e-10 -0.100566
-1.00599e-10 -0.100599
-1.00633e-10 -0.100633
-1.00666e-10 -0.100666
-1.00699e-10 -0.100699
-1.00732e-10 -0.100732
-1.00766e-10 -0.100766
-1.00799e-10 -0.100799
-1.00832e-10 -0.100832
-1.00866e-10 -0.100866
-1.00899e-10 -0.100899
-1.00932e-10 -0.100932
-1.00965e-10 -0.100965
-1.00999e-10 -0.100999
-1.01032e-10 -0.101032
-1.01065e-10 -0.101065
-1.01099e-10 -0.101099
-1.01132e-10 -0.101132
-1.01165e-10 -0.101165
-1.01198e-10 -0.101198
-1.01232e-10 -0.101232
-1.01265e-10 -0.101265
-1.01298e-10 -0.101298
-1.01332e-10 -0.101332
-1.01365e-10 -0.101365
-1.01398e-10 -0.101398
-1.01431e-10 -0.101431
-1.01465e-10 -0.101465
-1.01498e-10 -0.101498
-1.01531e-10 -0.101531
-1.01565e-10 -0.101565
-1.01598e-10 -0.101598
-1.01631e-10 -0.101631
-1.01665e-10 -0.101665
-1.01698e-10 -0.101698
-1.01731e-10 -0.101731
-1.01764e-10 -0.101764
-1.01798e-10 -0.101798
-1.01831e-10 -0.101831
-1.01864e-10 -0.101864
-1.01898e-10 -0.101898
-1.01931e-10 -0.101931
-1.01964e-10 -0.101964
-1.01997e-10 -0.101997
-1.02031e-10 -0.102031
-1.02064e-10 -0.102064
-1.02097e-10 -0.102097
-1.02131e-10 -0.102131
-1.02164e-10 -0.102164
-1.02197e-10 -0.102197
-1.0223e-10 -0.10223
-1.02264e-10 -0.102264
-1.02297e-10 -0.102297
-1.0233e-10 -0.10233
-1.02364e-10 -0.102364
-1.02397e-10 -0.102397
-1.0243e-10 -0.10243
-1.02463e-10 -0.102463
-1.02497e-10 -0.102497
-1.0253e-10 -0.10253
-1.02563e-10 -0.102563
-1.02597e-10 -0.102597
-1.0263e-10 -0.10263
-1.02663e-10 -0.102663
-1.02696e-10 -0.102696
-1.0273e-10 -0.10273
-1.02763e-10 -0.102763
-1.02796e-10 -0.102796
-1.0283e-10 -0.10283
-1.02863e-10 -0.102863
-1.02896e-10 -0.102896
-1.02929e-10 -0.102929
-1.02963e-10 -0.102963
-1.02996e-10 -0.102996
-1.03029e-10 -0.103029
-1.03063e-10 -0.103063
-1.03096e-10 -0.103096
-1.03129e-10 -0.103129
-1.03162e-10 -0.103162
-1.03196e-10 -0.103196
-1.03229e-10 -0.103229
-1.03262e-10 -0.103262
-1.03296e-10 -0.103296
-1.03329e-10 -0.103329
-1.03362e-10 -0.103362
-1.03395e-10 -0.103395
-1.03429e-10 -0.103429
-1.03462e-10 -0.103462
-1.03495e-10 -0.103495
-1.03529e-10 -0.103529
-1.03562e-10 -0.103562
-1.03595e-10 -0.103595
-1.03628e-10 -0.103628
-1.03662e-10 -0.103662
-1.03695e-10 -0.103695
-1.03728e-10 -0.103728
-1.03762e-10 -0.103762
-1.03795e-10 -0.103795
-1.03828e-10 -0.103828
-1.03861e-10 -0.103861
-1.03895e-10 -0.103895
-1.03928e-10 -0.103928
-1.03961e-10 -0.103961
-1.03995e-10 -0.103995
-1.04028e-10 -0.104028
-1.04061e-10 -0.104061
-1.04094e-10 -0.104094
-1.04128e-10 -0.104128
-1.04161e-10 -0.104161
-1.04194e-10 -0.104194
-1.04228e-10 -0.104228
-1.04261e-10 -0.104261
-1.04294e-10 -0.104294
-1.04327e-10 -0.104327
-1.04361e-10 -0.104361
-1.04394e-10 -0.104394
-1.04427e-10 -0.104427
-1.04461e-10 -0.104461
-1.04494e-10 -0.104494
-1.04527e-10 -0.104527
-1.0456e-10 -0.10456
-1.04594e-10 -0.104594
-1.04627e-10 -0.104627
-1.0466e-10 -0.10466
-1.04694e-10 -0.104694
-1.04727e-10 -0.104727
-1.0476e-10 -0.10476
-1.04793e-10 -0.104793
-1.04827e-10 -0.104827
-1.0486e-10 -0.10486
-1.04893e-10 -0.104893
-1.04927e-10 -0.104927
-1.0496e-10 -0.10496
-1.04993e-10 -0.104993
-1.05026e-10 -0.105026
-1.0506e-10 -0.10506
-1.05093e-10 -0.105093
-1.05126e-10 -0.105126
-1.0516e-10 -0.10516
-1.05193e-10 -0.105193
-1.05226e-10 -0.105226
-1.05259e-10 -0.105259
-1.05293e-10 -0.105293
-1.05326e-10 -0.105326
-1.05359e-10 -0.105359
-1.05393e-10 -0.105393
-1.05426e-10 -0.105426
-1.05459e-10 -0.105459
-1.05492e-10 -0.105492
-1.05526e-10 -0.105526
-1.05559e-10 -0.105559
-1.05592e-10 -0.105592
-1.05626e-10 -0.105626
-1.05659e-10 -0.105659
-1.05692e-10 -0.105692
-1.05725e-10 -0.105725
-1.05759e-10 -0.105759
-1.05792e-10 -0.105792
-1.05825e-10 -0.105825
-1.05859e-10 -0.105859
-1.05892e-10 -0.105892
-1.05925e-10 -0.105925
-1.05958e-10 -0.105958
-1.05992e-10 -0.105992
-1.06025e-10 -0.106025
-1.06058e-10 -0.106058
-1.06092e-10 -0.106092
-1.06125e-10 -0.106125
-1.06158e-10 -0.106158
-1.06191e-10 -0.106191
-1.06225e-10 -0.106225
-1.06258e-10 -0.106258
-1.06291e-10 -0.106291
-1.06325e-10 -0.106325
-1.06358e-10 -0.106358
-1.06391e-10 -0.106391
-1.06425e-10 -0.106425
-1.06458e-10 -0.106458
-1.06491e-10 -0.106491
-1.06524e-10 -0.106524
-1.06558e-10 -0.106558
-1.06591e-10 -0.106591
-1.06624e-10 -0.106624
-1.06658e-10 -0.106658
-1.06691e-10 -0.106691
-1.06724e-10 -0.106724
-1.06757e-10 -0.106757
-1.06791e-10 -0.106791
-1.06824e-10 -0.106824
-1.06857e-10 -0.106857
-1.06891e-10 -0.106891
-1.06924e-10 -0.106924
-1.06957e-10 -0.106957
-1.0699e-10 -0.10699
-1.07024e-10 -0.107024
-1.07057e-10 -0.107057
-1.0709e-10 -0.10709
-1.07124e-10 -0.107124
-1.07157e-10 -0.107157
-1.0719e-10 -0.10719
-1.07223e-10 -0.107223
-1.07257e-10 -0.107257
-1.0729e-10 -0.10729
-1.07323e-10 -0.107323
-1.07357e-10 -0.107357
-1.0739e-10 -0.10739
-1.07423e-10 -0.107423
-1.07456e-10 -0.107456
-1.0749e-10 -0.10749
-1.07523e-10 -0.107523
-1.07556e-10 -0.107556
-1.0759e-10 -0.10759
-1.07623e-10 -0.107623
-1.07656e-10 -0.107656
-1.07689e-10 -0.107689
-1.07723e-10 -0.107723
-1.07756e-10 -0.107756
-1.07789e-10 -0.107789
-1.07823e-10 -0.107823
-1.07856e-10 -0.107856
-1.07889e-10 -0.107889
-1.07922e-10 -0.107922
-1.07956e-10 -0.107956
-1.07989e-10 -0.107989
-1.08022e-10 -0.108022
-1.08056e-10 -0.108056
-1.08089e-10 -0.108089
-1.08122e-10 -0.108122
-1.08155e-10 -0.108155
-1.08189e-10 -0.108189
-1.08222e-10 -0.108222
-1.08255e-10 -0.108255
-1.08289e-10 -0.108289
-1.08322e-10 -0.108322
-1.08355e-10 -0.108355
-1.08388e-10 -0.108388
-1.08422e-10 -0.108422
-1.08455e-10 -0.108455
-1.08488e-10 -0.108488
-1.08522e-10 -0.108522
-1.08555e-10 -0.108555
-1.08588e-10 -0.108588
-1.08621e-10 -0.108621
-1.08655e-10 -0.108655
-1.08688e-10 -0.108688
-1.08721e-10 -0.108721
-1.08755e-10 -0.108755
-1.08788e-10 -0.108788
-1.08821e-10 -0.108821
-1.08854e-10 -0.108854
-1.08888e-10 -0.108888
-1.08921e-10 -0.108921
-1.08954e-10 -0.108954
-1.08988e-10 -0.108988
-1.09021e-10 -0.109021
-1.09054e-10 -0.109054
-1.09087e-10 -0.109087
-1.09121e-10 -0.109121
-1.09154e-10 -0.109154
-1.09187e-10 -0.109187
-1.09221e-10 -0.109221
-1.09254e-10 -0.109254
-1.09287e-10 -0.109287
-1.0932e-10 -0.10932
-1.09354e-10 -0.109354
-1.09387e-10 -0.109387
-1.0942e-10 -0.10942
-1.09454e-10 -0.109454
-1.09487e-10 -0.109487
-1.0952e-10 -0.10952
-1.09553e-10 -0.109553
-1.09587e-10 -0.109587
-1.0962e-10 -0.10962
-1.09653e-10 -0.109653
-1.09687e-10 -0.109687
-1.0972e-10 -0.10972
-1.09753e-10 -0.109753
-1.09786e-10 -0.109786
-1.0982e-10 -0.10982
-1.09853e-10 -0.109853
-1.09886e-10 -0.109886
-1.0992e-10 -0.10992
-1.09953e-10 -0.109953
-1.09986e-10 -0.109986
-1.10019e-10 -0.110019
-1.10053e-10 -0.110053
-1.10086e-10 -0.110086
-1.10119e-10 -0.110119
-1.10153e-10 -0.110153
