4.86992e-15 4.86992e-06
9.73985e-15 9.73985e-06
1.46098e-14 1.46098e-05
1.94797e-14 1.94797e-05
2.43497e-14 2.43497e-05
2.92197e-14 2.92197e-05
3.40897e-14 3.40897e-05
3.89598e-14 3.89598e-05
4.38299e-14 4.38299e-05
4.87e-14 4.87e-05
-3.17633e-16 -3.17633e-07
-4.93351e-14 -4.93351e-05
-9.83527e-14 -9.83527e-05
-1.4737e-13 -0.00014737
-1.96388e-13 -0.000196388
-2.45405e-13 -0.000245405
-2.94422e-13 -0.000294422
-3.4344e-13 -0.00034344
-3.92458e-13 -0.000392458
-4.41475e-13 -0.000441475
-4.90492e-13 -0.000490492
-5.39509e-13 -0.000539509
-5.88527e-13 -0.000588527
-6.37544e-13 -0.000637544
-6.86561e-13 -0.000686561
-7.35578e-13 -0.000735578
-7.84595e-13 -0.000784595
-8.33613e-13 -0.000833613
-8.8263e-13 -0.00088263
-9.31647e-13 -0.000931647
-9.80664e-13 -0.000980664
-1.02968e-12 -0.00102968
-1.0787e-12 -0.0010787
-1.12771e-12 -0.00112771
-1.17673e-12 -0.00117673
-1.22575e-12 -0.00122575
-1.27477e-12 -0.00127477
-1.32378e-12 -0.00132378
-1.3728e-12 -0.0013728
-1.42182e-12 -0.00142182
-1.47083e-12 -0.00147083
-1.51985e-12 -0.00151985
-1.56887e-12 -0.00156887
-1.61788e-12 -0.00161788
-1.6669e-12 -0.0016669
-1.71592e-12 -0.00171592
-1.76493e-12 -0.00176493
-1.81395e-12 -0.00181395
-1.86297e-12 -0.00186297
-1.91198e-12 -0.00191198
-1.961e-12 -0.001961
-2.01002e-12 -0.00201002
-2.05903e-12 -0.00205903
-2.10805e-12 -0.00210805
-2.15707e-12 -0.00215707
-2.20608e-12 -0.00220608
-2.2551e-12 -0.0022551
-2.30411e-12 -0.00230411
-2.35313e-12 -0.00235313
-2.40215e-12 -0.00240215
-2.45116e-12 -0.00245116
-2.50018e-12 -0.00250018
-2.5492e-12 -0.0025492
-2.59821e-12 -0.00259821
-2.64723e-12 -0.00264723
-2.69624e-12 -0.00269624
-2.74526e-12 -0.00274526
-2.79428e-12 -0.00279428
-2.84329e-12 -0.00284329
-2.89231e-12 -0.00289231
-2.94132e-12 -0.00294132
-2.99034e-12 -0.00299034
-3.03936e-12 -0.00303936
-3.08837e-12 -0.00308837
-3.13739e-12 -0.00313739
-3.1864e-12 -0.0031864
-3.23542e-12 -0.00323542
-3.28443e-12 -0.00328443
-3.33345e-12 -0.00333345
-3.38247e-12 -0.00338247
-3.43148e-12 -0.00343148
-3.4805e-12 -0.0034805
-3.52951e-12 -0.00352951
-3.57853e-12 -0.00357853
-3.62754e-12 -0.00362754
-3.67656e-12 -0.00367656
-3.72558e-12 -0.00372558
-3.77459e-12 -0.00377459
-3.82361e-12 -0.00382361
-3.87262e-12 -0.00387262
-3.92164e-12 -0.00392164
-3.97065e-12 -0.00397065
-4.01967e-12 -0.00401967
-4.06868e-12 -0.00406868
-4.1177e-12 -0.0041177
-4.16671e-12 -0.00416671
-4.21573e-12 -0.00421573
-4.26474e-12 -0.00426474
-4.31376e-12 -0.00431376
-4.36277e-12 -0.00436277
-4.41179e-12 -0.00441179
-4.46081e-12 -0.00446081
-4.50982e-12 -0.00450982
-4.55884e-12 -0.00455884
-4.60785e-12 -0.00460785
-4.65687e-12 -0.00465687
-4.70588e-12 -0.00470588
-4.7549e-12 -0.0047549
-4.80391e-12 -0.00480391
-4.85293e-12 -0.00485293
-4.90194e-12 -0.00490194
-4.95095e-12 -0.00495095
-4.99997e-12 -0.00499997
-5.04898e-12 -0.00504898
-5.098e-12 -0.005098
-5.14701e-12 -0.00514701
-5.19603e-12 -0.00519603
-5.24504e-12 -0.00524504
-5.29406e-12 -0.00529406
-5.34307e-12 -0.00534307
-5.39209e-12 -0.00539209
-5.4411e-12 -0.0054411
-5.49012e-12 -0.00549012
-5.53913e-12 -0.00553913
-5.58815e-12 -0.00558815
-5.63716e-12 -0.00563716
-5.68617e-12 -0.00568617
-5.73519e-12 -0.00573519
-5.7842e-12 -0.0057842
-5.83322e-12 -0.00583322
-5.88223e-12 -0.00588223
-5.93125e-12 -0.00593125
-5.98026e-12 -0.00598026
-6.02927e-12 -0.00602927
-6.07829e-12 -0.00607829
-6.1273e-12 -0.0061273
-6.17632e-12 -0.00617632
-6.22533e-12 -0.00622533
-6.27435e-12 -0.00627435
-6.32336e-12 -0.00632336
-6.37237e-12 -0.00637237
-6.42139e-12 -0.00642139
-6.4704e-12 -0.0064704
-6.51942e-12 -0.00651942
-6.56843e-12 -0.00656843
-6.61744e-12 -0.00661744
-6.66646e-12 -0.00666646
-6.71547e-12 -0.00671547
-6.76449e-12 -0.00676449
-6.8135e-12 -0.0068135
-6.86251e-12 -0.00686251
-6.91153e-12 -0.00691153
-6.96054e-12 -0.00696054
-7.00955e-12 -0.00700955
-7.05857e-12 -0.00705857
-7.10758e-12 -0.00710758
-7.15659e-12 -0.00715659
-7.20561e-12 -0.00720561
-7.25462e-12 -0.00725462
-7.30364e-12 -0.00730364
-7.35265e-12 -0.00735265
-7.40166e-12 -0.00740166
-7.45068e-12 -0.00745068
-7.49969e-12 -0.00749969
-7.5487e-12 -0.0075487
-7.59772e-12 -0.00759772
-7.64673e-12 -0.00764673
-7.69574e-12 -0.00769574
-7.74476e-12 -0.00774476
-7.79377e-12 -0.00779377
-7.84278e-12 -0.00784278
-7.8918e-12 -0.0078918
-7.94081e-12 -0.00794081
-7.98982e-12 -0.00798982
-8.03884e-12 -0.00803884
-8.08785e-12 -0.00808785
-8.13686e-12 -0.00813686
-8.18587e-12 -0.00818587
-8.23489e-12 -0.00823489
-8.2839e-12 -0.0082839
-8.33291e-12 -0.00833291
-8.38193e-12 -0.00838193
-8.43094e-12 -0.00843094
-8.47995e-12 -0.00847995
-8.52896e-12 -0.00852896
-8.57798e-12 -0.00857798
-8.62699e-12 -0.00862699
-8.676e-12 -0.008676
-8.72502e-12 -0.00872502
-8.77403e-12 -0.00877403
-8.82304e-12 -0.00882304
-8.87205e-12 -0.00887205
-8.92107e-12 -0.00892107
-8.97008e-12 -0.00897008
-9.01909e-12 -0.00901909
-9.0681e-12 -0.0090681
-9.11712e-12 -0.00911712
-9.16613e-12 -0.00916613
-9.21514e-12 -0.00921514
-9.26415e-12 -0.00926415
-9.31317e-12 -0.00931317
-9.36218e-12 -0.00936218
-9.41119e-12 -0.00941119
-9.4602e-12 -0.0094602
-9.50922e-12 -0.00950922
-9.55823e-12 -0.00955823
-9.60724e-12 -0.00960724
-9.65625e-12 -0.00965625
-9.70527e-12 -0.00970527
-9.75428e-12 -0.00975428
-9.80329e-12 -0.00980329
-9.8523e-12 -0.0098523
-9.90131e-12 -0.00990131
-9.95033e-12 -0.00995033
-9.99934e-12 -0.00999934
-1.00484e-11 -0.0100484
-1.00974e-11 -0.0100974
-1.01464e-11 -0.0101464
-1.01954e-11 -0.0101954
-1.02444e-11 -0.0102444
-1.02934e-11 -0.0102934
-1.03424e-11 -0.0103424
-1.03914e-11 -0.0103914
-1.04404e-11 -0.0104404
-1.04895e-11 -0.0104895
-1.05385e-11 -0.0105385
-1.05875e-11 -0.0105875
-1.06365e-11 -0.0106365
-1.06855e-11 -0.0106855
-1.07345e-11 -0.0107345
-1.07835e-11 -0.0107835
-1.08325e-11 -0.0108325
-1.08816e-11 -0.0108816
-1.09306e-11 -0.0109306
-1.09796e-11 -0.0109796
-1.10286e-11 -0.0110286
-1.10776e-11 -0.0110776
-1.11266e-11 -0.0111266
-1.11756e-11 -0.0111756
-1.12246e-11 -0.0112246
-1.12736e-11 -0.0112736
-1.13227e-11 -0.0113227
-1.13717e-11 -0.0113717
-1.14207e-11 -0.0114207
-1.14697e-11 -0.0114697
-1.15187e-11 -0.0115187
-1.15677e-11 -0.0115677
-1.16167e-11 -0.0116167
-1.16657e-11 -0.0116657
-1.17147e-11 -0.0117147
-1.17638e-11 -0.0117638
-1.18128e-11 -0.0118128
-1.18618e-11 -0.0118618
-1.19108e-11 -0.0119108
-1.19598e-11 -0.0119598
-1.20088e-11 -0.0120088
-1.20578e-11 -0.0120578
-1.21068e-11 -0.0121068
-1.21558e-11 -0.0121558
-1.22049e-11 -0.0122049
-1.22539e-11 -0.0122539
-1.23029e-11 -0.0123029
-1.23519e-11 -0.0123519
-1.24009e-11 -0.0124009
-1.24499e-11 -0.0124499
-1.24989e-11 -0.0124989
-1.25479e-11 -0.0125479
-1.25969e-11 -0.0125969
-1.26459e-11 -0.0126459
-1.2695e-11 -0.012695
-1.2744e-11 -0.012744
-1.2793e-11 -0.012793
-1.2842e-11 -0.012842
-1.2891e-11 -0.012891
-1.294e-11 -0.01294
-1.2989e-11 -0.012989
-1.3038e-11 -0.013038
-1.3087e-11 -0.013087
-1.31361e-11 -0.0131361
-1.31851e-11 -0.0131851
-1.32341e-11 -0.0132341
-1.32831e-11 -0.0132831
-1.33321e-11 -0.0133321
-1.33811e-11 -0.0133811
-1.34301e-11 -0.0134301
-1.34791e-11 -0.0134791
-1.35281e-11 -0.0135281
-1.35771e-11 -0.0135771
-1.36262e-11 -0.0136262
-1.36752e-11 -0.0136752
-1.37242e-11 -0.0137242
-1.37732e-11 -0.0137732
-1.38222e-11 -0.0138222
-1.38712e-11 -0.0138712
-1.39202e-11 -0.0139202
-1.39692e-11 -0.0139692
-1.40182e-11 -0.0140182
-1.40672e-11 -0.0140672
-1.41163e-11 -0.0141163
-1.41653e-11 -0.0141653
-1.42143e-11 -0.0142143
-1.42633e-11 -0.0142633
-1.43123e-11 -0.0143123
-1.43613e-11 -0.0143613
-1.44103e-11 -0.0144103
-1.44593e-11 -0.0144593
-1.45083e-11 -0.0145083
-1.45573e-11 -0.0145573
-1.46063e-11 -0.0146063
-1.46554e-11 -0.0146554
-1.47044e-11 -0.0147044
-1.47534e-11 -0.0147534
-1.48024e-11 -0.0148024
-1.48514e-11 -0.0148514
-1.49004e-11 -0.0149004
-1.49494e-11 -0.0149494
-1.49984e-11 -0.0149984
-1.50474e-11 -0.0150474
-1.50964e-11 -0.0150964
-1.51455e-11 -0.0151455
-1.51945e-11 -0.0151945
-1.52435e-11 -0.0152435
-1.52925e-11 -0.0152925
-1.53415e-11 -0.0153415
-1.53905e-11 -0.0153905
-1.54395e-11 -0.0154395
-1.54885e-11 -0.0154885
-1.55375e-11 -0.0155375
-1.55865e-11 -0.0155865
-1.56355e-11 -0.0156355
-1.56846e-11 -0.0156846
-1.57336e-11 -0.0157336
-1.57826e-11 -0.0157826
-1.58316e-11 -0.0158316
-1.58806e-11 -0.0158806
-1.59296e-11 -0.0159296
-1.59786e-11 -0.0159786
-1.60276e-11 -0.0160276
-1.60766e-11 -0.0160766
-1.61256e-11 -0.0161256
-1.61746e-11 -0.0161746
-1.62236e-11 -0.0162236
-1.62727e-11 -0.0162727
-1.63217e-11 -0.0163217
-1.63707e-11 -0.0163707
-1.64197e-11 -0.0164197
-1.64687e-11 -0.0164687
-1.65177e-11 -0.0165177
-1.65667e-11 -0.0165667
-1.66157e-11 -0.0166157
-1.66647e-11 -0.0166647
-1.67137e-11 -0.0167137
-1.67627e-11 -0.0167627
-1.68117e-11 -0.0168117
-1.68608e-11 -0.0168608
-1.69098e-11 -0.0169098
-1.69588e-11 -0.0169588
-1.70078e-11 -0.0170078
-1.70568e-11 -0.0170568
-1.71058e-11 -0.0171058
-1.71548e-11 -0.0171548
-1.72038e-11 -0.0172038
-1.72528e-11 -0.0172528
-1.73018e-11 -0.0173018
-1.73508e-11 -0.0173508
-1.73998e-11 -0.0173998
-1.74489e-11 -0.0174489
-1.74979e-11 -0.0174979
-1.75469e-11 -0.0175469
-1.75959e-11 -0.0175959
-1.76449e-11 -0.0176449
-1.76939e-11 -0.0176939
-1.77429e-11 -0.0177429
-1.77919e-11 -0.0177919
-1.78409e-11 -0.0178409
-1.78899e-11 -0.0178899
-1.79389e-11 -0.0179389
-1.79879e-11 -0.0179879
-1.80369e-11 -0.0180369
-1.8086e-11 -0.018086
-1.8135e-11 -0.018135
-1.8184e-11 -0.018184
-1.8233e-11 -0.018233
-1.8282e-11 -0.018282
-1.8331e-11 -0.018331
-1.838e-11 -0.01838
-1.8429e-11 -0.018429
-1.8478e-11 -0.018478
-1.8527e-11 -0.018527
-1.8576e-11 -0.018576
-1.8625e-11 -0.018625
-1.8674e-11 -0.018674
-1.8723e-11 -0.018723
-1.87721e-11 -0.0187721
-1.88211e-11 -0.0188211
-1.88701e-11 -0.0188701
-1.89191e-11 -0.0189191
-1.89681e-11 -0.0189681
-1.90171e-11 -0.0190171
-1.90661e-11 -0.0190661
-1.91151e-11 -0.0191151
-1.91641e-11 -0.0191641
-1.92131e-11 -0.0192131
-1.92621e-11 -0.0192621
-1.93111e-11 -0.0193111
-1.93601e-11 -0.0193601
-1.94091e-11 -0.0194091
-1.94582e-11 -0.0194582
-1.95072e-11 -0.0195072
-1.95562e-11 -0.0195562
-1.96052e-11 -0.0196052
-1.96542e-11 -0.0196542
-1.97032e-11 -0.0197032
-1.97522e-11 -0.0197522
-1.98012e-11 -0.0198012
-1.98502e-11 -0.0198502
-1.98992e-11 -0.0198992
-1.99482e-11 -0.0199482
-1.99972e-11 -0.0199972
-2.00462e-11 -0.0200462
-2.00952e-11 -0.0200952
-2.01442e-11 -0.0201442
-2.01933e-11 -0.0201933
-2.02423e-11 -0.0202423
-2.02913e-11 -0.0202913
-2.03403e-11 -0.0203403
-2.03893e-11 -0.0203893
-2.04383e-11 -0.0204383
-2.04873e-11 -0.0204873
-2.05363e-11 -0.0205363
-2.05853e-11 -0.0205853
-2.06343e-11 -0.0206343
-2.06833e-11 -0.0206833
-2.07323e-11 -0.0207323
-2.07813e-11 -0.0207813
-2.08303e-11 -0.0208303
-2.08793e-11 -0.0208793
-2.09283e-11 -0.0209283
-2.09774e-11 -0.0209774
-2.10264e-11 -0.0210264
-2.10754e-11 -0.0210754
-2.11244e-11 -0.0211244
-2.11734e-11 -0.0211734
-2.12224e-11 -0.0212224
-2.12714e-11 -0.0212714
-2.13204e-11 -0.0213204
-2.13694e-11 -0.0213694
-2.14184e-11 -0.0214184
-2.14674e-11 -0.0214674
-2.15164e-11 -0.0215164
-2.15654e-11 -0.0215654
-2.16144e-11 -0.0216144
-2.16634e-11 -0.0216634
-2.17124e-11 -0.0217124
-2.17614e-11 -0.0217614
-2.18104e-11 -0.0218104
-2.18595e-11 -0.0218595
-2.19085e-11 -0.0219085
-2.19575e-11 -0.0219575
-2.20065e-11 -0.0220065
-2.20555e-11 -0.0220555
-2.21045e-11 -0.0221045
-2.21535e-11 -0.0221535
-2.22025e-11 -0.0222025
-2.22515e-11 -0.0222515
-2.23005e-11 -0.0223005
-2.23495e-11 -0.0223495
-2.23985e-11 -0.0223985
-2.24475e-11 -0.0224475
-2.24965e-11 -0.0224965
-2.25455e-11 -0.0225455
-2.25945e-11 -0.0225945
-2.26435e-11 -0.0226435
-2.26925e-11 -0.0226925
-2.27415e-11 -0.0227415
-2.27906e-11 -0.0227906
-2.28396e-11 -0.0228396
-2.28886e-11 -0.0228886
-2.29376e-11 -0.0229376
-2.29866e-11 -0.0229866
-2.30356e-11 -0.0230356
-2.30846e-11 -0.0230846
-2.31336e-11 -0.0231336
-2.31826e-11 -0.0231826
-2.32316e-11 -0.0232316
-2.32806e-11 -0.0232806
-2.33296e-11 -0.0233296
-2.33786e-11 -0.0233786
-2.34276e-11 -0.0234276
-2.34766e-11 -0.0234766
-2.35256e-11 -0.0235256
-2.35746e-11 -0.0235746
-2.36236e-11 -0.0236236
-2.36726e-11 -0.0236726
-2.37216e-11 -0.0237216
-2.37706e-11 -0.0237706
-2.38196e-11 -0.0238196
-2.38687e-11 -0.0238687
-2.39177e-11 -0.0239177
-2.39667e-11 -0.0239667
-2.40157e-11 -0.0240157
-2.40647e-11 -0.0240647
-2.41137e-11 -0.0241137
-2.41627e-11 -0.0241627
-2.42117e-11 -0.0242117
-2.42607e-11 -0.0242607
-2.43097e-11 -0.0243097
-2.43587e-11 -0.0243587
-2.44077e-11 -0.0244077
-2.44567e-11 -0.0244567
-2.45057e-11 -0.0245057
-2.45547e-11 -0.0245547
-2.46037e-11 -0.0246037
-2.46527e-11 -0.0246527
-2.47017e-11 -0.0247017
-2.47507e-11 -0.0247507
-2.47997e-11 -0.0247997
-2.48487e-11 -0.0248487
-2.48977e-11 -0.0248977
-2.49467e-11 -0.0249467
-2.49957e-11 -0.0249957
-2.50447e-11 -0.0250447
-2.50938e-11 -0.0250938
-2.51428e-11 -0.0251428
-2.51918e-11 -0.0251918
-2.52408e-11 -0.0252408
-2.52898e-11 -0.0252898
-2.53388e-11 -0.0253388
-2.53878e-11 -0.0253878
-2.54368e-11 -0.0254368
-2.54858e-11 -0.0254858
-2.55348e-11 -0.0255348
-2.55838e-11 -0.0255838
-2.56328e-11 -0.0256328
-2.56818e-11 -0.0256818
-2.57308e-11 -0.0257308
-2.57798e-11 -0.0257798
-2.58288e-11 -0.0258288
-2.58778e-11 -0.0258778
-2.59268e-11 -0.0259268
-2.59758e-11 -0.0259758
-2.60248e-11 -0.0260248
-2.60738e-11 -0.0260738
-2.61228e-11 -0.0261228
-2.61718e-11 -0.0261718
-2.62208e-11 -0.0262208
-2.62698e-11 -0.0262698
-2.63188e-11 -0.0263188
-2.63678e-11 -0.0263678
-2.64168e-11 -0.0264168
-2.64658e-11 -0.0264658
-2.65148e-11 -0.0265148
-2.65638e-11 -0.0265638
-2.66129e-11 -0.0266129
-2.66619e-11 -0.0266619
-2.67109e-11 -0.0267109
-2.67599e-11 -0.0267599
-2.68089e-11 -0.0268089
-2.68579e-11 -0.0268579
-2.69069e-11 -0.0269069
-2.69559e-11 -0.0269559
-2.70049e-11 -0.0270049
-2.70539e-11 -0.0270539
-2.71029e-11 -0.0271029
-2.71519e-11 -0.0271519
-2.72009e-11 -0.0272009
-2.72499e-11 -0.0272499
-2.72989e-11 -0.0272989
-2.73479e-11 -0.0273479
-2.73969e-11 -0.0273969
-2.74459e-11 -0.0274459
-2.74949e-11 -0.0274949
-2.75439e-11 -0.0275439
-2.75929e-11 -0.0275929
-2.76419e-11 -0.0276419
-2.76909e-11 -0.0276909
-2.77399e-11 -0.0277399
-2.77889e-11 -0.0277889
-2.78379e-11 -0.0278379
-2.78869e-11 -0.0278869
-2.79359e-11 -0.0279359
-2.79849e-11 -0.0279849
-2.80339e-11 -0.0280339
-2.80829e-11 -0.0280829
-2.81319e-11 -0.0281319
-2.81809e-11 -0.0281809
-2.82299e-11 -0.0282299
-2.82789e-11 -0.0282789
-2.83279e-11 -0.0283279
-2.83769e-11 -0.0283769
-2.84259e-11 -0.0284259
-2.84749e-11 -0.0284749
-2.85239e-11 -0.0285239
-2.85729e-11 -0.0285729
-2.86219e-11 -0.0286219
-2.86709e-11 -0.0286709
-2.87199e-11 -0.0287199
-2.87689e-11 -0.0287689
-2.8818e-11 -0.028818
-2.8867e-11 -0.028867
-2.8916e-11 -0.028916
-2.8965e-11 -0.028965
-2.9014e-11 -0.029014
-2.9063e-11 -0.029063
-2.9112e-11 -0.029112
-2.9161e-11 -0.029161
-2.921e-11 -0.02921
-2.9259e-11 -0.029259
-2.9308e-11 -0.029308
-2.9357e-11 -0.029357
-2.9406e-11 -0.029406
-2.9455e-11 -0.029455
-2.9504e-11 -0.029504
-2.9553e-11 -0.029553
-2.9602e-11 -0.029602
-2.9651e-11 -0.029651
-2.97e-11 -0.0297
-2.9749e-11 -0.029749
-2.9798e-11 -0.029798
-2.9847e-11 -0.029847
-2.9896e-11 -0.029896
-2.9945e-11 -0.029945
-2.9994e-11 -0.029994
-3.0043e-11 -0.030043
-3.0092e-11 -0.030092
-3.0141e-11 -0.030141
-3.019e-11 -0.03019
-3.0239e-11 -0.030239
-3.0288e-11 -0.030288
-3.0337e-11 -0.030337
-3.0386e-11 -0.030386
-3.0435e-11 -0.030435
-3.0484e-11 -0.030484
-3.0533e-11 -0.030533
-3.0582e-11 -0.030582
-3.0631e-11 -0.030631
-3.068e-11 -0.03068
-3.0729e-11 -0.030729
-3.0778e-11 -0.030778
-3.0827e-11 -0.030827
-3.0876e-11 -0.030876
-3.0925e-11 -0.030925
-3.0974e-11 -0.030974
-3.1023e-11 -0.031023
-3.1072e-11 -0.031072
-3.1121e-11 -0.031121
-3.117e-11 -0.03117
-3.1219e-11 -0.031219
-3.1268e-11 -0.031268
-3.1317e-11 -0.031317
-3.1366e-11 -0.031366
-3.1415e-11 -0.031415
-3.1464e-11 -0.031464
-3.1513e-11 -0.031513
-3.1562e-11 -0.031562
-3.1611e-11 -0.031611
-3.166e-11 -0.03166
-3.1709e-11 -0.031709
-3.1758e-11 -0.031758
-3.1807e-11 -0.031807
-3.1856e-11 -0.031856
-3.1905e-11 -0.031905
-3.1954e-11 -0.031954
-3.2003e-11 -0.032003
-3.2052e-11 -0.032052
-3.2101e-11 -0.032101
-3.215e-11 -0.03215
-3.2199e-11 -0.032199
-3.2248e-11 -0.032248
-3.2297e-11 -0.032297
-3.2346e-11 -0.032346
-3.2395e-11 -0.032395
-3.2444e-11 -0.032444
-3.2493e-11 -0.032493
-3.2542e-11 -0.032542
-3.2591e-11 -0.032591
-3.264e-11 -0.03264
-3.2689e-11 -0.032689
-3.2738e-11 -0.032738
-3.2787e-11 -0.032787
-3.2836e-11 -0.032836
-3.2885e-11 -0.032885
-3.2934e-11 -0.032934
-3.2983e-11 -0.032983
-3.3032e-11 -0.033032
-3.3081e-11 -0.033081
-3.313e-11 -0.03313
-3.3179e-11 -0.033179
-3.3228e-11 -0.033228
-3.3277e-11 -0.033277
-3.3326e-11 -0.033326
-3.3375e-11 -0.033375
-3.3424e-11 -0.033424
-3.3473e-11 -0.033473
-3.3522e-11 -0.033522
-3.3571e-11 -0.033571
-3.362e-11 -0.03362
-3.3669e-11 -0.033669
-3.3718e-11 -0.033718
-3.3767e-11 -0.033767
-3.3816e-11 -0.033816
-3.3865e-11 -0.033865
-3.3914e-11 -0.033914
-3.3963e-11 -0.033963
-3.4012e-11 -0.034012
-3.4061e-11 -0.034061
-3.411e-11 -0.03411
-3.4159e-11 -0.034159
-3.4208e-11 -0.034208
-3.4257e-11 -0.034257
-3.4306e-11 -0.034306
-3.4355e-11 -0.034355
-3.4404e-11 -0.034404
-3.4453e-11 -0.034453
-3.4502e-11 -0.034502
-3.45509e-11 -0.0345509
-3.45999e-11 -0.0345999
-3.46489e-11 -0.0346489
-3.46979e-11 -0.0346979
-3.47469e-11 -0.0347469
-3.47959e-11 -0.0347959
-3.48449e-11 -0.0348449
-3.48939e-11 -0.0348939
-3.49429e-11 -0.0349429
-3.49919e-11 -0.0349919
-3.50409e-11 -0.0350409
-3.50899e-11 -0.0350899
-3.51389e-11 -0.0351389
-3.51879e-11 -0.0351879
-3.52369e-11 -0.0352369
-3.52859e-11 -0.0352859
-3.53349e-11 -0.0353349
-3.53839e-11 -0.0353839
-3.54329e-11 -0.0354329
-3.54819e-11 -0.0354819
-3.55309e-11 -0.0355309
-3.55799e-11 -0.0355799
-3.56289e-11 -0.0356289
-3.56779e-11 -0.0356779
-3.57269e-11 -0.0357269
-3.57759e-11 -0.0357759
-3.58249e-11 -0.0358249
-3.58739e-11 -0.0358739
-3.59229e-11 -0.0359229
-3.59719e-11 -0.0359719
-3.60209e-11 -0.0360209
-3.60699e-11 -0.0360699
-3.61189e-11 -0.0361189
-3.61679e-11 -0.0361679
-3.62169e-11 -0.0362169
-3.62659e-11 -0.0362659
-3.63149e-11 -0.0363149
-3.63639e-11 -0.0363639
-3.64129e-11 -0.0364129
-3.64619e-11 -0.0364619
-3.65109e-11 -0.0365109
-3.65599e-11 -0.0365599
-3.66089e-11 -0.0366089
-3.66579e-11 -0.0366579
-3.67069e-11 -0.0367069
-3.67558e-11 -0.0367558
-3.68048e-11 -0.0368048
-3.68538e-11 -0.0368538
-3.69028e-11 -0.0369028
-3.69518e-11 -0.0369518
-3.70008e-11 -0.0370008
-3.70498e-11 -0.0370498
-3.70988e-11 -0.0370988
-3.71478e-11 -0.0371478
-3.71968e-11 -0.0371968
-3.72458e-11 -0.0372458
-3.72948e-11 -0.0372948
-3.73438e-11 -0.0373438
-3.73928e-11 -0.0373928
-3.74418e-11 -0.0374418
-3.74908e-11 -0.0374908
-3.75398e-11 -0.0375398
-3.75888e-11 -0.0375888
-3.76378e-11 -0.0376378
-3.76868e-11 -0.0376868
-3.77358e-11 -0.0377358
-3.77848e-11 -0.0377848
-3.78338e-11 -0.0378338
-3.78828e-11 -0.0378828
-3.79318e-11 -0.0379318
-3.79808e-11 -0.0379808
-3.80298e-11 -0.0380298
-3.80788e-11 -0.0380788
-3.81278e-11 -0.0381278
-3.81768e-11 -0.0381768
-3.82258e-11 -0.0382258
-3.82747e-11 -0.0382747
-3.83237e-11 -0.0383237
-3.83727e-11 -0.0383727
-3.84217e-11 -0.0384217
-3.84707e-11 -0.0384707
-3.85197e-11 -0.0385197
-3.85687e-11 -0.0385687
-3.86177e-11 -0.0386177
-3.86667e-11 -0.0386667
-3.87157e-11 -0.0387157
-3.87647e-11 -0.0387647
-3.88137e-11 -0.0388137
-3.88627e-11 -0.0388627
-3.89117e-11 -0.0389117
-3.89607e-11 -0.0389607
-3.90097e-11 -0.0390097
-3.90587e-11 -0.0390587
-3.91077e-11 -0.0391077
-3.91567e-11 -0.0391567
-3.92057e-11 -0.0392057
-3.92547e-11 -0.0392547
-3.93037e-11 -0.0393037
-3.93527e-11 -0.0393527
-3.94017e-11 -0.0394017
-3.94507e-11 -0.0394507
-3.94996e-11 -0.0394996
-3.95486e-11 -0.0395486
-3.95976e-11 -0.0395976
-3.96466e-11 -0.0396466
-3.96956e-11 -0.0396956
-3.97446e-11 -0.0397446
-3.97936e-11 -0.0397936
-3.98426e-11 -0.0398426
-3.98916e-11 -0.0398916
-3.99406e-11 -0.0399406
-3.99896e-11 -0.0399896
-4.00386e-11 -0.0400386
-4.00876e-11 -0.0400876
-4.01366e-11 -0.0401366
-4.01856e-11 -0.0401856
-4.02346e-11 -0.0402346
-4.02836e-11 -0.0402836
-4.03326e-11 -0.0403326
-4.03816e-11 -0.0403816
-4.04306e-11 -0.0404306
-4.04796e-11 -0.0404796
-4.05285e-11 -0.0405285
-4.05775e-11 -0.0405775
-4.06265e-11 -0.0406265
-4.06755e-11 -0.0406755
-4.07245e-11 -0.0407245
-4.07735e-11 -0.0407735
-4.08225e-11 -0.0408225
-4.08715e-11 -0.0408715
-4.09205e-11 -0.0409205
-4.09695e-11 -0.0409695
-4.10185e-11 -0.0410185
-4.10675e-11 -0.0410675
-4.11165e-11 -0.0411165
-4.11655e-11 -0.0411655
-4.12145e-11 -0.0412145
-4.12635e-11 -0.0412635
-4.13125e-11 -0.0413125
-4.13615e-11 -0.0413615
-4.14105e-11 -0.0414105
-4.14594e-11 -0.0414594
-4.15084e-11 -0.0415084
-4.15574e-11 -0.0415574
-4.16064e-11 -0.0416064
-4.16554e-11 -0.0416554
-4.17044e-11 -0.0417044
-4.17534e-11 -0.0417534
-4.18024e-11 -0.0418024
-4.18514e-11 -0.0418514
-4.18984e-11 -0.0418984
-4.19419e-11 -0.0419419
-4.19854e-11 -0.0419854
-4.20289e-11 -0.0420289
-4.20723e-11 -0.0420723
-4.21158e-11 -0.0421158
-4.21593e-11 -0.0421593
-4.22028e-11 -0.0422028
-4.22427e-11 -0.0422427
-4.22767e-11 -0.0422767
-4.23108e-11 -0.0423108
-4.23449e-11 -0.0423449
-4.2379e-11 -0.042379
-4.24131e-11 -0.0424131
-4.24472e-11 -0.0424472
-4.24813e-11 -0.0424813
-4.25153e-11 -0.0425153
-4.25494e-11 -0.0425494
-4.25835e-11 -0.0425835
-4.26176e-11 -0.0426176
-4.26517e-11 -0.0426517
-4.26858e-11 -0.0426858
-4.27199e-11 -0.0427199
-4.27539e-11 -0.0427539
-4.2788e-11 -0.042788
-4.28221e-11 -0.0428221
-4.28562e-11 -0.0428562
-4.28903e-11 -0.0428903
-4.29244e-11 -0.0429244
-4.29585e-11 -0.0429585
-4.29925e-11 -0.0429925
-4.30266e-11 -0.0430266
-4.30607e-11 -0.0430607
-4.30948e-11 -0.0430948
-4.31289e-11 -0.0431289
-4.3163e-11 -0.043163
-4.31971e-11 -0.0431971
-4.32311e-11 -0.0432311
-4.32652e-11 -0.0432652
-4.32993e-11 -0.0432993
-4.33334e-11 -0.0433334
-4.33675e-11 -0.0433675
-4.34016e-11 -0.0434016
-4.34357e-11 -0.0434357
-4.34698e-11 -0.0434698
-4.35038e-11 -0.0435038
-4.35379e-11 -0.0435379
-4.3572e-11 -0.043572
-4.36061e-11 -0.0436061
-4.36402e-11 -0.0436402
-4.36743e-11 -0.0436743
-4.37084e-11 -0.0437084
-4.37424e-11 -0.0437424
-4.37765e-11 -0.0437765
-4.38106e-11 -0.0438106
-4.38447e-11 -0.0438447
-4.38788e-11 -0.0438788
-4.39129e-11 -0.0439129
-4.3947e-11 -0.043947
-4.3981e-11 -0.043981
-4.40151e-11 -0.0440151
-4.40492e-11 -0.0440492
-4.40833e-11 -0.0440833
-4.41174e-11 -0.0441174
-4.41515e-11 -0.0441515
-4.41856e-11 -0.0441856
-4.42196e-11 -0.0442196
-4.42537e-11 -0.0442537
-4.42878e-11 -0.0442878
-4.43219e-11 -0.0443219
-4.4356e-11 -0.044356
-4.43901e-11 -0.0443901
-4.44242e-11 -0.0444242
-4.44582e-11 -0.0444582
-4.44923e-11 -0.0444923
-4.45264e-11 -0.0445264
-4.45605e-11 -0.0445605
-4.45946e-11 -0.0445946
-4.46287e-11 -0.0446287
-4.46628e-11 -0.0446628
-4.46968e-11 -0.0446968
-4.47309e-11 -0.0447309
-4.4765e-11 -0.044765
-4.47991e-11 -0.0447991
-4.48332e-11 -0.0448332
-4.48673e-11 -0.0448673
-4.49014e-11 -0.0449014
-4.49355e-11 -0.0449355
-4.49695e-11 -0.0449695
-4.50036e-11 -0.0450036
-4.50377e-11 -0.0450377
-4.50718e-11 -0.0450718
-4.51059e-11 -0.0451059
-4.514e-11 -0.04514
-4.51741e-11 -0.0451741
-4.52081e-11 -0.0452081
-4.52422e-11 -0.0452422
-4.52763e-11 -0.0452763
-4.53104e-11 -0.0453104
-4.53445e-11 -0.0453445
-4.53786e-11 -0.0453786
-4.54127e-11 -0.0454127
-4.54467e-11 -0.0454467
-4.54808e-11 -0.0454808
-4.55149e-11 -0.0455149
-4.5549e-11 -0.045549
-4.55831e-11 -0.0455831
-4.56172e-11 -0.0456172
-4.56513e-11 -0.0456513
-4.56853e-11 -0.0456853
-4.57194e-11 -0.0457194
-4.57535e-11 -0.0457535
-4.57876e-11 -0.0457876
-4.58217e-11 -0.0458217
-4.58558e-11 -0.0458558
-4.58899e-11 -0.0458899
-4.5924e-11 -0.045924
-4.5958e-11 -0.045958
-4.59921e-11 -0.0459921
-4.60262e-11 -0.0460262
-4.60603e-11 -0.0460603
-4.60944e-11 -0.0460944
-4.61285e-11 -0.0461285
-4.61626e-11 -0.0461626
-4.61966e-11 -0.0461966
-4.62307e-11 -0.0462307
-4.62648e-11 -0.0462648
-4.62989e-11 -0.0462989
-4.6333e-11 -0.046333
-4.63671e-11 -0.0463671
-4.64012e-11 -0.0464012
-4.64352e-11 -0.0464352
-4.64693e-11 -0.0464693
-4.65034e-11 -0.0465034
-4.65375e-11 -0.0465375
-4.65716e-11 -0.0465716
-4.66057e-11 -0.0466057
-4.66398e-11 -0.0466398
-4.66739e-11 -0.0466739
-4.67079e-11 -0.0467079
-4.6742e-11 -0.046742
-4.67761e-11 -0.0467761
-4.68102e-11 -0.0468102
-4.68443e-11 -0.0468443
-4.68784e-11 -0.0468784
-4.69125e-11 -0.0469125
-4.69465e-11 -0.0469465
-4.69806e-11 -0.0469806
-4.70147e-11 -0.0470147
-4.70488e-11 -0.0470488
-4.70829e-11 -0.0470829
-4.7117e-11 -0.047117
-4.71511e-11 -0.0471511
-4.71851e-11 -0.0471851
-4.72192e-11 -0.0472192
-4.72533e-11 -0.0472533
-4.72874e-11 -0.0472874
-4.73215e-11 -0.0473215
-4.73556e-11 -0.0473556
-4.73897e-11 -0.0473897
-4.74238e-11 -0.0474238
-4.74578e-11 -0.0474578
-4.74919e-11 -0.0474919
-4.7526e-11 -0.047526
-4.75601e-11 -0.0475601
-4.75942e-11 -0.0475942
-4.76283e-11 -0.0476283
-4.76624e-11 -0.0476624
-4.76964e-11 -0.0476964
-4.77305e-11 -0.0477305
-4.77646e-11 -0.0477646
-4.77987e-11 -0.0477987
-4.78328e-11 -0.0478328
-4.78669e-11 -0.0478669
-4.7901e-11 -0.047901
-4.7935e-11 -0.047935
-4.79691e-11 -0.0479691
-4.80032e-11 -0.0480032
-4.80373e-11 -0.0480373
-4.80714e-11 -0.0480714
-4.81055e-11 -0.0481055
-4.81396e-11 -0.0481396
-4.81737e-11 -0.0481737
-4.82077e-11 -0.0482077
-4.82418e-11 -0.0482418
-4.82759e-11 -0.0482759
-4.831e-11 -0.04831
-4.83441e-11 -0.0483441
-4.83782e-11 -0.0483782
-4.84123e-11 -0.0484123
-4.84463e-11 -0.0484463
-4.84804e-11 -0.0484804
-4.85145e-11 -0.0485145
-4.85486e-11 -0.0485486
-4.85827e-11 -0.0485827
-4.86168e-11 -0.0486168
-4.86509e-11 -0.0486509
-4.8685e-11 -0.048685
-4.8719e-11 -0.048719
-4.87531e-11 -0.0487531
-4.87872e-11 -0.0487872
-4.88213e-11 -0.0488213
-4.88554e-11 -0.0488554
-4.88895e-11 -0.0488895
-4.89236e-11 -0.0489236
-4.89576e-11 -0.0489576
-4.89917e-11 -0.0489917
-4.90258e-11 -0.0490258
-4.90599e-11 -0.0490599
-4.9094e-11 -0.049094
-4.91281e-11 -0.0491281
-4.91622e-11 -0.0491622
-4.91962e-11 -0.0491962
-4.92303e-11 -0.0492303
-4.92644e-11 -0.0492644
-4.92985e-11 -0.0492985
-4.93326e-11 -0.0493326
-4.93667e-11 -0.0493667
-4.94008e-11 -0.0494008
-4.94349e-11 -0.0494349
-4.94689e-11 -0.0494689
-4.9503e-11 -0.049503
-4.95371e-11 -0.0495371
-4.95712e-11 -0.0495712
-4.96053e-11 -0.0496053
-4.96394e-11 -0.0496394
-4.96735e-11 -0.0496735
-4.97075e-11 -0.0497075
-4.97416e-11 -0.0497416
-4.97757e-11 -0.0497757
-4.98098e-11 -0.0498098
-4.98439e-11 -0.0498439
-4.9878e-11 -0.049878
-4.99121e-11 -0.0499121
-4.99462e-11 -0.0499462
-4.99802e-11 -0.0499802
-5.00143e-11 -0.0500143
-5.00484e-11 -0.0500484
-5.00825e-11 -0.0500825
-5.01166e-11 -0.0501166
-5.01507e-11 -0.0501507
-5.01848e-11 -0.0501848
-5.02189e-11 -0.0502189
-5.02529e-11 -0.0502529
-5.0287e-11 -0.050287
-5.03211e-11 -0.0503211
-5.03552e-11 -0.0503552
-5.03893e-11 -0.0503893
-5.04234e-11 -0.0504234
-5.04575e-11 -0.0504575
-5.04915e-11 -0.0504915
-5.05256e-11 -0.0505256
-5.05597e-11 -0.0505597
-5.05938e-11 -0.0505938
-5.06279e-11 -0.0506279
-5.0662e-11 -0.050662
-5.06961e-11 -0.0506961
-5.07302e-11 -0.0507302
-5.07642e-11 -0.0507642
-5.07983e-11 -0.0507983
-5.08324e-11 -0.0508324
-5.08665e-11 -0.0508665
-5.09006e-11 -0.0509006
-5.09347e-11 -0.0509347
-5.09688e-11 -0.0509688
-5.10028e-11 -0.0510028
-5.10369e-11 -0.0510369
-5.1071e-11 -0.051071
-5.11051e-11 -0.0511051
-5.11392e-11 -0.0511392
-5.11733e-11 -0.0511733
-5.12074e-11 -0.0512074
-5.12415e-11 -0.0512415
-5.12755e-11 -0.0512755
-5.13096e-11 -0.0513096
-5.13437e-11 -0.0513437
-5.13778e-11 -0.0513778
-5.14119e-11 -0.0514119
-5.1446e-11 -0.051446
-5.14801e-11 -0.0514801
-5.15141e-11 -0.0515141
-5.15482e-11 -0.0515482
-5.15823e-11 -0.0515823
-5.16164e-11 -0.0516164
-5.16505e-11 -0.0516505
-5.16846e-11 -0.0516846
-5.17187e-11 -0.0517187
-5.17528e-11 -0.0517528
-5.17868e-11 -0.0517868
-5.18209e-11 -0.0518209
-5.1855e-11 -0.051855
-5.18891e-11 -0.0518891
-5.19232e-11 -0.0519232
-5.19573e-11 -0.0519573
-5.19914e-11 -0.0519914
-5.20255e-11 -0.0520255
-5.20595e-11 -0.0520595
-5.20936e-11 -0.0520936
-5.21277e-11 -0.0521277
-5.21618e-11 -0.0521618
-5.21959e-11 -0.0521959
-5.223e-11 -0.05223
-5.22641e-11 -0.0522641
-5.22981e-11 -0.0522981
-5.23322e-11 -0.0523322
-5.23663e-11 -0.0523663
-5.24004e-11 -0.0524004
-5.24345e-11 -0.0524345
-5.24686e-11 -0.0524686
-5.25027e-11 -0.0525027
-5.25368e-11 -0.0525368
-5.25708e-11 -0.0525708
-5.26049e-11 -0.0526049
-5.2639e-11 -0.052639
-5.26731e-11 -0.0526731
-5.27072e-11 -0.0527072
-5.27413e-11 -0.0527413
-5.27754e-11 -0.0527754
-5.28095e-11 -0.0528095
-5.28435e-11 -0.0528435
-5.28776e-11 -0.0528776
-5.29117e-11 -0.0529117
-5.29458e-11 -0.0529458
-5.29799e-11 -0.0529799
-5.3014e-11 -0.053014
-5.30481e-11 -0.0530481
-5.30821e-11 -0.0530821
-5.31162e-11 -0.0531162
-5.31503e-11 -0.0531503
-5.31844e-11 -0.0531844
-5.32185e-11 -0.0532185
-5.32526e-11 -0.0532526
-5.32867e-11 -0.0532867
-5.33208e-11 -0.0533208
-5.33548e-11 -0.0533548
-5.33889e-11 -0.0533889
-5.3423e-11 -0.053423
-5.34571e-11 -0.0534571
-5.34912e-11 -0.0534912
-5.35253e-11 -0.0535253
-5.35594e-11 -0.0535594
-5.35935e-11 -0.0535935
-5.36275e-11 -0.0536275
-5.36616e-11 -0.0536616
-5.36957e-11 -0.0536957
-5.37298e-11 -0.0537298
-5.37639e-11 -0.0537639
-5.3798e-11 -0.053798
-5.38321e-11 -0.0538321
-5.38662e-11 -0.0538662
-5.39002e-11 -0.0539002
-5.39343e-11 -0.0539343
-5.39684e-11 -0.0539684
-5.40025e-11 -0.0540025
-5.40366e-11 -0.0540366
-5.40707e-11 -0.0540707
-5.41048e-11 -0.0541048
-5.41389e-11 -0.0541389
-5.41729e-11 -0.0541729
-5.4207e-11 -0.054207
-5.42411e-11 -0.0542411
-5.42752e-11 -0.0542752
-5.43093e-11 -0.0543093
-5.43434e-11 -0.0543434
-5.43775e-11 -0.0543775
-5.44115e-11 -0.0544115
-5.44456e-11 -0.0544456
-5.44797e-11 -0.0544797
-5.45138e-11 -0.0545138
-5.45479e-11 -0.0545479
-5.4582e-11 -0.054582
-5.46161e-11 -0.0546161
-5.46502e-11 -0.0546502
-5.46842e-11 -0.0546842
-5.47183e-11 -0.0547183
-5.47524e-11 -0.0547524
-5.47865e-11 -0.0547865
-5.48206e-11 -0.0548206
-5.48547e-11 -0.0548547
-5.48888e-11 -0.0548888
-5.49229e-11 -0.0549229
-5.49569e-11 -0.0549569
-5.4991e-11 -0.054991
-5.50251e-11 -0.0550251
-5.50592e-11 -0.0550592
-5.50933e-11 -0.0550933
-5.51274e-11 -0.0551274
-5.51615e-11 -0.0551615
-5.51956e-11 -0.0551956
-5.52296e-11 -0.0552296
-5.52637e-11 -0.0552637
-5.52978e-11 -0.0552978
-5.53319e-11 -0.0553319
-5.5366e-11 -0.055366
-5.54001e-11 -0.0554001
-5.54342e-11 -0.0554342
-5.54683e-11 -0.0554683
-5.55023e-11 -0.0555023
-5.55364e-11 -0.0555364
-5.55705e-11 -0.0555705
-5.56046e-11 -0.0556046
-5.56387e-11 -0.0556387
-5.56728e-11 -0.0556728
-5.57069e-11 -0.0557069
-5.5741e-11 -0.055741
-5.5775e-11 -0.055775
-5.58091e-11 -0.0558091
-5.58432e-11 -0.0558432
-5.58773e-11 -0.0558773
-5.59114e-11 -0.0559114
-5.59455e-11 -0.0559455
-5.59796e-11 -0.0559796
-5.60137e-11 -0.0560137
-5.60477e-11 -0.0560477
-5.60818e-11 -0.0560818
-5.61159e-11 -0.0561159
-5.615e-11 -0.05615
-5.61841e-11 -0.0561841
-5.62182e-11 -0.0562182
-5.62523e-11 -0.0562523
-5.62863e-11 -0.0562863
-5.63204e-11 -0.0563204
-5.63545e-11 -0.0563545
-5.63886e-11 -0.0563886
-5.64227e-11 -0.0564227
-5.64568e-11 -0.0564568
-5.64909e-11 -0.0564909
-5.6525e-11 -0.056525
-5.6559e-11 -0.056559
-5.65931e-11 -0.0565931
-5.66272e-11 -0.0566272
-5.66613e-11 -0.0566613
-5.66954e-11 -0.0566954
-5.67295e-11 -0.0567295
-5.67636e-11 -0.0567636
-5.67977e-11 -0.0567977
-5.68317e-11 -0.0568317
-5.68658e-11 -0.0568658
-5.68999e-11 -0.0568999
-5.6934e-11 -0.056934
-5.69681e-11 -0.0569681
-5.70022e-11 -0.0570022
-5.70363e-11 -0.0570363
-5.70704e-11 -0.0570704
-5.71044e-11 -0.0571044
-5.71385e-11 -0.0571385
-5.71726e-11 -0.0571726
-5.72067e-11 -0.0572067
-5.72408e-11 -0.0572408
-5.72749e-11 -0.0572749
-5.7309e-11 -0.057309
-5.73431e-11 -0.0573431
-5.73771e-11 -0.0573771
-5.74112e-11 -0.0574112
-5.74453e-11 -0.0574453
-5.74794e-11 -0.0574794
-5.75135e-11 -0.0575135
-5.75476e-11 -0.0575476
-5.75817e-11 -0.0575817
-5.76158e-11 -0.0576158
-5.76498e-11 -0.0576498
-5.76839e-11 -0.0576839
-5.7718e-11 -0.057718
-5.77521e-11 -0.0577521
-5.77862e-11 -0.0577862
-5.78203e-11 -0.0578203
-5.78544e-11 -0.0578544
-5.78885e-11 -0.0578885
-5.79226e-11 -0.0579226
-5.79566e-11 -0.0579566
-5.79907e-11 -0.0579907
-5.80248e-11 -0.0580248
-5.80589e-11 -0.0580589
-5.8093e-11 -0.058093
-5.81271e-11 -0.0581271
-5.81612e-11 -0.0581612
-5.81953e-11 -0.0581953
-5.82293e-11 -0.0582293
-5.82634e-11 -0.0582634
-5.82975e-11 -0.0582975
-5.83316e-11 -0.0583316
-5.83657e-11 -0.0583657
-5.83998e-11 -0.0583998
-5.84339e-11 -0.0584339
-5.8468e-11 -0.058468
-5.8502e-11 -0.058502
-5.85361e-11 -0.0585361
-5.85702e-11 -0.0585702
-5.86043e-11 -0.0586043
-5.86384e-11 -0.0586384
-5.86725e-11 -0.0586725
-5.87066e-11 -0.0587066
-5.87407e-11 -0.0587407
-5.87747e-11 -0.0587747
-5.88088e-11 -0.0588088
-5.88429e-11 -0.0588429
-5.8877e-11 -0.058877
-5.89111e-11 -0.0589111
-5.89452e-11 -0.0589452
-5.89793e-11 -0.0589793
-5.90134e-11 -0.0590134
-5.90474e-11 -0.0590474
-5.90815e-11 -0.0590815
-5.91156e-11 -0.0591156
-5.91497e-11 -0.0591497
-5.91838e-11 -0.0591838
-5.92179e-11 -0.0592179
-5.9252e-11 -0.059252
-5.92861e-11 -0.0592861
-5.93201e-11 -0.0593201
-5.93542e-11 -0.0593542
-5.93883e-11 -0.0593883
-5.94224e-11 -0.0594224
-5.94565e-11 -0.0594565
-5.94906e-11 -0.0594906
-5.95247e-11 -0.0595247
-5.95588e-11 -0.0595588
-5.95928e-11 -0.0595928
-5.96269e-11 -0.0596269
-5.9661e-11 -0.059661
-5.96951e-11 -0.0596951
-5.97292e-11 -0.0597292
-5.97633e-11 -0.0597633
-5.97974e-11 -0.0597974
-5.98315e-11 -0.0598315
-5.98655e-11 -0.0598655
-5.98996e-11 -0.0598996
-5.99337e-11 -0.0599337
-5.99678e-11 -0.0599678
-6.00019e-11 -0.0600019
-6.0036e-11 -0.060036
-6.00701e-11 -0.0600701
-6.01042e-11 -0.0601042
-6.01383e-11 -0.0601383
-6.01723e-11 -0.0601723
-6.02064e-11 -0.0602064
-6.02405e-11 -0.0602405
-6.02746e-11 -0.0602746
-6.03087e-11 -0.0603087
-6.03428e-11 -0.0603428
-6.03769e-11 -0.0603769
-6.0411e-11 -0.060411
-6.0445e-11 -0.060445
-6.04791e-11 -0.0604791
-6.05132e-11 -0.0605132
-6.05473e-11 -0.0605473
-6.05814e-11 -0.0605814
-6.06155e-11 -0.0606155
-6.06496e-11 -0.0606496
-6.06837e-11 -0.0606837
-6.07177e-11 -0.0607177
-6.07518e-11 -0.0607518
-6.07859e-11 -0.0607859
-6.082e-11 -0.06082
-6.08541e-11 -0.0608541
-6.08882e-11 -0.0608882
-6.09223e-11 -0.0609223
-6.09564e-11 -0.0609564
-6.09905e-11 -0.0609905
-6.10245e-11 -0.0610245
-6.10586e-11 -0.0610586
-6.10927e-11 -0.0610927
-6.11268e-11 -0.0611268
-6.11609e-11 -0.0611609
-6.1195e-11 -0.061195
-6.12291e-11 -0.0612291
-6.12632e-11 -0.0612632
-6.12972e-11 -0.0612972
-6.13313e-11 -0.0613313
-6.13654e-11 -0.0613654
-6.13995e-11 -0.0613995
-6.14336e-11 -0.0614336
-6.14677e-11 -0.0614677
-6.15018e-11 -0.0615018
-6.15359e-11 -0.0615359
-6.15699e-11 -0.0615699
-6.1604e-11 -0.061604
-6.16381e-11 -0.0616381
-6.16722e-11 -0.0616722
-6.17063e-11 -0.0617063
-6.17404e-11 -0.0617404
-6.17745e-11 -0.0617745
-6.18086e-11 -0.0618086
-6.18426e-11 -0.0618426
-6.18767e-11 -0.0618767
-6.19108e-11 -0.0619108
-6.19449e-11 -0.0619449
-6.1979e-11 -0.061979
-6.20131e-11 -0.0620131
-6.20472e-11 -0.0620472
-6.20813e-11 -0.0620813
-6.21154e-11 -0.0621154
-6.21494e-11 -0.0621494
-6.21835e-11 -0.0621835
-6.22176e-11 -0.0622176
-6.22517e-11 -0.0622517
-6.22858e-11 -0.0622858
-6.23199e-11 -0.0623199
-6.2354e-11 -0.062354
-6.23881e-11 -0.0623881
-6.24221e-11 -0.0624221
-6.24562e-11 -0.0624562
-6.24903e-11 -0.0624903
-6.25244e-11 -0.0625244
-6.25585e-11 -0.0625585
-6.25926e-11 -0.0625926
-6.26267e-11 -0.0626267
-6.26608e-11 -0.0626608
-6.26949e-11 -0.0626949
-6.27289e-11 -0.0627289
-6.2763e-11 -0.062763
-6.27971e-11 -0.0627971
-6.28312e-11 -0.0628312
-6.28653e-11 -0.0628653
-6.28994e-11 -0.0628994
-6.29335e-11 -0.0629335
-6.29676e-11 -0.0629676
-6.30016e-11 -0.0630016
-6.30357e-11 -0.0630357
-6.30698e-11 -0.0630698
-6.31039e-11 -0.0631039
-6.3138e-11 -0.063138
-6.31721e-11 -0.0631721
-6.32062e-11 -0.0632062
-6.32403e-11 -0.0632403
-6.32744e-11 -0.0632744
-6.33084e-11 -0.0633084
-6.33425e-11 -0.0633425
-6.33766e-11 -0.0633766
-6.34107e-11 -0.0634107
-6.34448e-11 -0.0634448
-6.34789e-11 -0.0634789
-6.3513e-11 -0.063513
-6.35471e-11 -0.0635471
-6.35811e-11 -0.0635811
-6.36152e-11 -0.0636152
-6.36493e-11 -0.0636493
-6.36834e-11 -0.0636834
-6.37175e-11 -0.0637175
-6.37516e-11 -0.0637516
-6.37857e-11 -0.0637857
-6.38198e-11 -0.0638198
-6.38539e-11 -0.0638539
-6.38879e-11 -0.0638879
-6.3922e-11 -0.063922
-6.39561e-11 -0.0639561
-6.39902e-11 -0.0639902
-6.40243e-11 -0.0640243
-6.40584e-11 -0.0640584
-6.40925e-11 -0.0640925
-6.41266e-11 -0.0641266
-6.41606e-11 -0.0641606
-6.41947e-11 -0.0641947
-6.42288e-11 -0.0642288
-6.42629e-11 -0.0642629
-6.4297e-11 -0.064297
-6.43311e-11 -0.0643311
-6.43652e-11 -0.0643652
-6.43993e-11 -0.0643993
-6.44334e-11 -0.0644334
-6.44674e-11 -0.0644674
-6.45015e-11 -0.0645015
-6.45356e-11 -0.0645356
-6.45697e-11 -0.0645697
-6.46038e-11 -0.0646038
-6.46379e-11 -0.0646379
-6.4672e-11 -0.064672
-6.47061e-11 -0.0647061
-6.47401e-11 -0.0647401
-6.47742e-11 -0.0647742
-6.48083e-11 -0.0648083
-6.48424e-11 -0.0648424
-6.48765e-11 -0.0648765
-6.49106e-11 -0.0649106
-6.49447e-11 -0.0649447
-6.49788e-11 -0.0649788
-6.50129e-11 -0.0650129
-6.50469e-11 -0.0650469
-6.5081e-11 -0.065081
-6.51151e-11 -0.0651151
-6.51492e-11 -0.0651492
-6.51833e-11 -0.0651833
-6.52174e-11 -0.0652174
-6.52515e-11 -0.0652515
-6.52856e-11 -0.0652856
-6.53196e-11 -0.0653196
-6.53537e-11 -0.0653537
-6.53878e-11 -0.0653878
-6.54219e-11 -0.0654219
-6.5456e-11 -0.065456
-6.54901e-11 -0.0654901
-6.55242e-11 -0.0655242
-6.55583e-11 -0.0655583
-6.55924e-11 -0.0655924
-6.56264e-11 -0.0656264
-6.56605e-11 -0.0656605
-6.56946e-11 -0.0656946
-6.57287e-11 -0.0657287
-6.57628e-11 -0.0657628
-6.57969e-11 -0.0657969
-6.5831e-11 -0.065831
-6.58651e-11 -0.0658651
-6.58992e-11 -0.0658992
-6.59332e-11 -0.0659332
-6.59673e-11 -0.0659673
-6.60014e-11 -0.0660014
-6.60355e-11 -0.0660355
-6.60696e-11 -0.0660696
-6.61037e-11 -0.0661037
-6.61378e-11 -0.0661378
-6.61719e-11 -0.0661719
-6.6206e-11 -0.066206
-6.624e-11 -0.06624
-6.62741e-11 -0.0662741
-6.63082e-11 -0.0663082
-6.63423e-11 -0.0663423
-6.63764e-11 -0.0663764
-6.64105e-11 -0.0664105
-6.64446e-11 -0.0664446
-6.64787e-11 -0.0664787
-6.65127e-11 -0.0665127
-6.65468e-11 -0.0665468
-6.65809e-11 -0.0665809
-6.6615e-11 -0.066615
-6.66491e-11 -0.0666491
-6.66832e-11 -0.0666832
-6.67173e-11 -0.0667173
-6.67514e-11 -0.0667514
-6.67855e-11 -0.0667855
-6.68195e-11 -0.0668195
-6.68536e-11 -0.0668536
-6.68877e-11 -0.0668877
-6.69218e-11 -0.0669218
-6.69559e-11 -0.0669559
-6.699e-11 -0.06699
-6.70241e-11 -0.0670241
-6.70582e-11 -0.0670582
-6.70923e-11 -0.0670923
-6.71263e-11 -0.0671263
-6.71604e-11 -0.0671604
-6.71945e-11 -0.0671945
-6.72286e-11 -0.0672286
-6.72627e-11 -0.0672627
-6.72968e-11 -0.0672968
-6.73309e-11 -0.0673309
-6.7365e-11 -0.067365
-6.73991e-11 -0.0673991
-6.74331e-11 -0.0674331
-6.74672e-11 -0.0674672
-6.75013e-11 -0.0675013
-6.75354e-11 -0.0675354
-6.75695e-11 -0.0675695
-6.76036e-11 -0.0676036
-6.76377e-11 -0.0676377
-6.76718e-11 -0.0676718
-6.77058e-11 -0.0677058
-6.77399e-11 -0.0677399
-6.7774e-11 -0.067774
-6.78081e-11 -0.0678081
-6.78422e-11 -0.0678422
-6.78763e-11 -0.0678763
-6.79104e-11 -0.0679104
-6.79445e-11 -0.0679445
-6.79786e-11 -0.0679786
-6.80126e-11 -0.0680126
-6.80467e-11 -0.0680467
-6.80808e-11 -0.0680808
-6.81149e-11 -0.0681149
-6.8149e-11 -0.068149
-6.81831e-11 -0.0681831
-6.82172e-11 -0.0682172
-6.82513e-11 -0.0682513
-6.82854e-11 -0.0682854
-6.83194e-11 -0.0683194
-6.83535e-11 -0.0683535
-6.83876e-11 -0.0683876
-6.84217e-11 -0.0684217
-6.84558e-11 -0.0684558
-6.84899e-11 -0.0684899
-6.8524e-11 -0.068524
-6.85581e-11 -0.0685581
-6.85922e-11 -0.0685922
-6.86262e-11 -0.0686262
-6.86603e-11 -0.0686603
-6.86944e-11 -0.0686944
-6.87285e-11 -0.0687285
-6.87626e-11 -0.0687626
-6.87967e-11 -0.0687967
-6.88308e-11 -0.0688308
-6.88649e-11 -0.0688649
-6.8899e-11 -0.068899
-6.8933e-11 -0.068933
-6.89671e-11 -0.0689671
-6.90012e-11 -0.0690012
-6.90353e-11 -0.0690353
-6.90694e-11 -0.0690694
-6.91035e-11 -0.0691035
-6.91376e-11 -0.0691376
-6.91717e-11 -0.0691717
-6.92058e-11 -0.0692058
-6.92398e-11 -0.0692398
-6.92739e-11 -0.0692739
-6.9308e-11 -0.069308
-6.93421e-11 -0.0693421
-6.93762e-11 -0.0693762
-6.94103e-11 -0.0694103
-6.94444e-11 -0.0694444
-6.94785e-11 -0.0694785
-6.95126e-11 -0.0695126
-6.95466e-11 -0.0695466
-6.95807e-11 -0.0695807
-6.96148e-11 -0.0696148
-6.96489e-11 -0.0696489
-6.9683e-11 -0.069683
-6.97171e-11 -0.0697171
-6.97512e-11 -0.0697512
-6.97853e-11 -0.0697853
-6.98194e-11 -0.0698194
-6.98534e-11 -0.0698534
-6.98875e-11 -0.0698875
-6.99216e-11 -0.0699216
-6.99557e-11 -0.0699557
-6.99898e-11 -0.0699898
-7.00239e-11 -0.0700239
-7.0058e-11 -0.070058
-7.00921e-11 -0.0700921
-7.01262e-11 -0.0701262
-7.01602e-11 -0.0701602
-7.01943e-11 -0.0701943
-7.02284e-11 -0.0702284
-7.02625e-11 -0.0702625
-7.02966e-11 -0.0702966
-7.03307e-11 -0.0703307
-7.03648e-11 -0.0703648
-7.03989e-11 -0.0703989
-7.0433e-11 -0.070433
-7.0467e-11 -0.070467
-7.05011e-11 -0.0705011
-7.05352e-11 -0.0705352
-7.05693e-11 -0.0705693
-7.06034e-11 -0.0706034
-7.06375e-11 -0.0706375
-7.06716e-11 -0.0706716
-7.07057e-11 -0.0707057
-7.07398e-11 -0.0707398
-7.07738e-11 -0.0707738
-7.08079e-11 -0.0708079
-7.0842e-11 -0.070842
-7.08761e-11 -0.0708761
-7.09102e-11 -0.0709102
-7.09443e-11 -0.0709443
-7.09784e-11 -0.0709784
-7.10125e-11 -0.0710125
-7.10466e-11 -0.0710466
-7.10806e-11 -0.0710806
-7.11147e-11 -0.0711147
-7.11488e-11 -0.0711488
-7.11829e-11 -0.0711829
-7.1217e-11 -0.071217
-7.12511e-11 -0.0712511
-7.12852e-11 -0.0712852
-7.13193e-11 -0.0713193
-7.13534e-11 -0.0713534
-7.13875e-11 -0.0713875
-7.14215e-11 -0.0714215
-7.14556e-11 -0.0714556
-7.14897e-11 -0.0714897
-7.15238e-11 -0.0715238
-7.15579e-11 -0.0715579
-7.1592e-11 -0.071592
-7.16261e-11 -0.0716261
-7.16602e-11 -0.0716602
-7.16943e-11 -0.0716943
-7.17283e-11 -0.0717283
-7.17624e-11 -0.0717624
-7.17965e-11 -0.0717965
-7.18306e-11 -0.0718306
-7.18647e-11 -0.0718647
-7.18988e-11 -0.0718988
-7.19329e-11 -0.0719329
-7.1967e-11 -0.071967
-7.20011e-11 -0.0720011
-7.20351e-11 -0.0720351
-7.20692e-11 -0.0720692
-7.21033e-11 -0.0721033
-7.21374e-11 -0.0721374
-7.21715e-11 -0.0721715
-7.22056e-11 -0.0722056
-7.22397e-11 -0.0722397
-7.22738e-11 -0.0722738
-7.23079e-11 -0.0723079
-7.23419e-11 -0.0723419
-7.2376e-11 -0.072376
-7.24101e-11 -0.0724101
-7.24442e-11 -0.0724442
-7.24783e-11 -0.0724783
-7.25124e-11 -0.0725124
-7.25465e-11 -0.0725465
-7.25806e-11 -0.0725806
-7.26147e-11 -0.0726147
-7.26488e-11 -0.0726488
-7.26828e-11 -0.0726828
-7.27169e-11 -0.0727169
-7.2751e-11 -0.072751
-7.27851e-11 -0.0727851
-7.28192e-11 -0.0728192
-7.28533e-11 -0.0728533
-7.28874e-11 -0.0728874
-7.29215e-11 -0.0729215
-7.29556e-11 -0.0729556
-7.29896e-11 -0.0729896
-7.30237e-11 -0.0730237
-7.30578e-11 -0.0730578
-7.30919e-11 -0.0730919
-7.3126e-11 -0.073126
-7.31601e-11 -0.0731601
-7.31942e-11 -0.0731942
-7.32283e-11 -0.0732283
-7.32624e-11 -0.0732624
-7.32964e-11 -0.0732964
-7.33305e-11 -0.0733305
-7.33646e-11 -0.0733646
-7.33987e-11 -0.0733987
-7.34328e-11 -0.0734328
-7.34669e-11 -0.0734669
-7.3501e-11 -0.073501
-7.35351e-11 -0.0735351
-7.35692e-11 -0.0735692
-7.36033e-11 -0.0736033
-7.36373e-11 -0.0736373
-7.36714e-11 -0.0736714
-7.37055e-11 -0.0737055
-7.37396e-11 -0.0737396
-7.37737e-11 -0.0737737
-7.38078e-11 -0.0738078
-7.38419e-11 -0.0738419
-7.3876e-11 -0.073876
-7.39101e-11 -0.0739101
-7.39441e-11 -0.0739441
-7.39782e-11 -0.0739782
-7.40123e-11 -0.0740123
-7.40464e-11 -0.0740464
-7.40805e-11 -0.0740805
-7.41146e-11 -0.0741146
-7.41487e-11 -0.0741487
-7.41828e-11 -0.0741828
-7.42169e-11 -0.0742169
-7.42509e-11 -0.0742509
-7.4285e-11 -0.074285
-7.43191e-11 -0.0743191
-7.43532e-11 -0.0743532
-7.43873e-11 -0.0743873
-7.44214e-11 -0.0744214
-7.44555e-11 -0.0744555
-7.44896e-11 -0.0744896
-7.45237e-11 -0.0745237
-7.45578e-11 -0.0745578
-7.45918e-11 -0.0745918
-7.46259e-11 -0.0746259
-7.466e-11 -0.07466
-7.46941e-11 -0.0746941
-7.47282e-11 -0.0747282
-7.47623e-11 -0.0747623
-7.47964e-11 -0.0747964
-7.48305e-11 -0.0748305
-7.48646e-11 -0.0748646
-7.48986e-11 -0.0748986
-7.49327e-11 -0.0749327
-7.49668e-11 -0.0749668
-7.50009e-11 -0.0750009
-7.5035e-11 -0.075035
-7.50691e-11 -0.0750691
-7.51032e-11 -0.0751032
-7.51373e-11 -0.0751373
-7.51714e-11 -0.0751714
-7.52055e-11 -0.0752055
-7.52395e-11 -0.0752395
-7.52736e-11 -0.0752736
-7.53077e-11 -0.0753077
-7.53418e-11 -0.0753418
-7.53759e-11 -0.0753759
-7.541e-11 -0.07541
-7.54441e-11 -0.0754441
-7.54782e-11 -0.0754782
-7.55123e-11 -0.0755123
-7.55464e-11 -0.0755464
-7.55804e-11 -0.0755804
-7.56145e-11 -0.0756145
-7.56486e-11 -0.0756486
-7.56827e-11 -0.0756827
-7.57168e-11 -0.0757168
-7.57509e-11 -0.0757509
-7.5785e-11 -0.075785
-7.58191e-11 -0.0758191
-7.58532e-11 -0.0758532
-7.58872e-11 -0.0758872
-7.59213e-11 -0.0759213
-7.59554e-11 -0.0759554
-7.59895e-11 -0.0759895
-7.60236e-11 -0.0760236
-7.60577e-11 -0.0760577
-7.60918e-11 -0.0760918
-7.61259e-11 -0.0761259
-7.616e-11 -0.07616
-7.61941e-11 -0.0761941
-7.62281e-11 -0.0762281
-7.62622e-11 -0.0762622
-7.62963e-11 -0.0762963
-7.63304e-11 -0.0763304
-7.63645e-11 -0.0763645
-7.63986e-11 -0.0763986
-7.64327e-11 -0.0764327
-7.64668e-11 -0.0764668
-7.65009e-11 -0.0765009
-7.6535e-11 -0.076535
-7.6569e-11 -0.076569
-7.66031e-11 -0.0766031
-7.66372e-11 -0.0766372
-7.66713e-11 -0.0766713
-7.67054e-11 -0.0767054
-7.67395e-11 -0.0767395
-7.67736e-11 -0.0767736
-7.68077e-11 -0.0768077
-7.68418e-11 -0.0768418
-7.68758e-11 -0.0768758
-7.69099e-11 -0.0769099
-7.6944e-11 -0.076944
-7.69781e-11 -0.0769781
-7.70122e-11 -0.0770122
-7.70463e-11 -0.0770463
-7.70804e-11 -0.0770804
-7.71145e-11 -0.0771145
-7.71486e-11 -0.0771486
-7.71827e-11 -0.0771827
-7.72167e-11 -0.0772167
-7.72508e-11 -0.0772508
-7.72849e-11 -0.0772849
-7.7319e-11 -0.077319
-7.73531e-11 -0.0773531
-7.73872e-11 -0.0773872
-7.74213e-11 -0.0774213
-7.74554e-11 -0.0774554
-7.74895e-11 -0.0774895
-7.75236e-11 -0.0775236
-7.75576e-11 -0.0775576
-7.75917e-11 -0.0775917
-7.76258e-11 -0.0776258
-7.76599e-11 -0.0776599
-7.7694e-11 -0.077694
-7.77281e-11 -0.0777281
-7.77622e-11 -0.0777622
-7.77963e-11 -0.0777963
-7.78304e-11 -0.0778304
-7.78645e-11 -0.0778645
-7.78985e-11 -0.0778985
-7.79326e-11 -0.0779326
-7.79667e-11 -0.0779667
-7.80008e-11 -0.0780008
-7.80349e-11 -0.0780349
-7.8069e-11 -0.078069
-7.81031e-11 -0.0781031
-7.81372e-11 -0.0781372
-7.81713e-11 -0.0781713
-7.82054e-11 -0.0782054
-7.82394e-11 -0.0782394
-7.82735e-11 -0.0782735
-7.83076e-11 -0.0783076
-7.83417e-11 -0.0783417
-7.83758e-11 -0.0783758
-7.84099e-11 -0.0784099
-7.8444e-11 -0.078444
-7.84781e-11 -0.0784781
-7.85122e-11 -0.0785122
-7.85462e-11 -0.0785462
-7.85803e-11 -0.0785803
-7.86144e-11 -0.0786144
-7.86485e-11 -0.0786485
-7.86826e-11 -0.0786826
-7.87167e-11 -0.0787167
-7.87508e-11 -0.0787508
-7.87849e-11 -0.0787849
-7.8819e-11 -0.078819
-7.88531e-11 -0.0788531
-7.88871e-11 -0.0788871
-7.89212e-11 -0.0789212
-7.89553e-11 -0.0789553
-7.89894e-11 -0.0789894
-7.90235e-11 -0.0790235
-7.90576e-11 -0.0790576
-7.90917e-11 -0.0790917
-7.91258e-11 -0.0791258
-7.91599e-11 -0.0791599
-7.9194e-11 -0.079194
-7.9228e-11 -0.079228
-7.92621e-11 -0.0792621
-7.92962e-11 -0.0792962
-7.93303e-11 -0.0793303
-7.93644e-11 -0.0793644
-7.93985e-11 -0.0793985
-7.94326e-11 -0.0794326
-7.94667e-11 -0.0794667
-7.95008e-11 -0.0795008
-7.95349e-11 -0.0795349
-7.95689e-11 -0.0795689
-7.9603e-11 -0.079603
-7.96371e-11 -0.0796371
-7.96712e-11 -0.0796712
-7.97053e-11 -0.0797053
-7.97394e-11 -0.0797394
-7.97735e-11 -0.0797735
-7.98076e-11 -0.0798076
-7.98417e-11 -0.0798417
-7.98758e-11 -0.0798758
-7.99098e-11 -0.0799098
-7.99439e-11 -0.0799439
-7.9978e-11 -0.079978
-8.00121e-11 -0.0800121
-8.00462e-11 -0.0800462
-8.00803e-11 -0.0800803
-8.01144e-11 -0.0801144
-8.01485e-11 -0.0801485
-8.01826e-11 -0.0801826
-8.02167e-11 -0.0802167
-8.02507e-11 -0.0802507
-8.02848e-11 -0.0802848
-8.03189e-11 -0.0803189
-8.03519e-11 -0.0803519
-8.03817e-11 -0.0803817
-8.04116e-11 -0.0804116
-8.04415e-11 -0.0804415
-8.04714e-11 -0.0804714
-8.05013e-11 -0.0805013
-8.05311e-11 -0.0805311
-8.0561e-11 -0.080561
-8.05909e-11 -0.0805909
-8.06208e-11 -0.0806208
-8.06507e-11 -0.0806507
-8.06805e-11 -0.0806805
-8.07104e-11 -0.0807104
-8.07403e-11 -0.0807403
-8.07702e-11 -0.0807702
-8.08001e-11 -0.0808001
-8.08299e-11 -0.0808299
-8.08598e-11 -0.0808598
-8.08897e-11 -0.0808897
-8.09196e-11 -0.0809196
-8.09495e-11 -0.0809495
-8.09794e-11 -0.0809794
-8.10092e-11 -0.0810092
-8.10391e-11 -0.0810391
-8.1069e-11 -0.081069
-8.10989e-11 -0.0810989
-8.11288e-11 -0.0811288
-8.11586e-11 -0.0811586
-8.11885e-11 -0.0811885
-8.12184e-11 -0.0812184
-8.12483e-11 -0.0812483
-8.12782e-11 -0.0812782
-8.13081e-11 -0.0813081
-8.13379e-11 -0.0813379
-8.13678e-11 -0.0813678
-8.13977e-11 -0.0813977
-8.14276e-11 -0.0814276
-8.14575e-11 -0.0814575
-8.14873e-11 -0.0814873
-8.15172e-11 -0.0815172
-8.15471e-11 -0.0815471
-8.1577e-11 -0.081577
-8.16069e-11 -0.0816069
-8.16367e-11 -0.0816367
-8.16666e-11 -0.0816666
-8.16965e-11 -0.0816965
-8.17264e-11 -0.0817264
-8.17563e-11 -0.0817563
-8.17862e-11 -0.0817862
-8.1816e-11 -0.081816
-8.18459e-11 -0.0818459
-8.18758e-11 -0.0818758
-8.19057e-11 -0.0819057
-8.19356e-11 -0.0819356
-8.19654e-11 -0.0819654
-8.19953e-11 -0.0819953
-8.20252e-11 -0.0820252
-8.20551e-11 -0.0820551
-8.2085e-11 -0.082085
-8.21149e-11 -0.0821149
-8.21447e-11 -0.0821447
-8.21746e-11 -0.0821746
-8.22045e-11 -0.0822045
-8.22344e-11 -0.0822344
-8.22619e-11 -0.0822619
-8.22891e-11 -0.0822891
-8.23162e-11 -0.0823162
-8.23434e-11 -0.0823434
-8.23706e-11 -0.0823706
-8.23978e-11 -0.0823978
-8.2425e-11 -0.082425
-8.24522e-11 -0.0824522
-8.24794e-11 -0.0824794
-8.25066e-11 -0.0825066
-8.25338e-11 -0.0825338
-8.2561e-11 -0.082561
-8.25882e-11 -0.0825882
-8.26154e-11 -0.0826154
-8.26426e-11 -0.0826426
-8.26698e-11 -0.0826698
-8.2697e-11 -0.082697
-8.27242e-11 -0.0827242
-8.27514e-11 -0.0827514
-8.27786e-11 -0.0827786
-8.28058e-11 -0.0828058
-8.2833e-11 -0.082833
-8.28602e-11 -0.0828602
-8.28874e-11 -0.0828874
-8.29146e-11 -0.0829146
-8.29418e-11 -0.0829418
-8.2969e-11 -0.082969
-8.29962e-11 -0.0829962
-8.30234e-11 -0.0830234
-8.30506e-11 -0.0830506
-8.30778e-11 -0.0830778
-8.3105e-11 -0.083105
-8.31322e-11 -0.0831322
-8.31594e-11 -0.0831594
-8.31866e-11 -0.0831866
-8.32138e-11 -0.0832138
-8.3241e-11 -0.083241
-8.32682e-11 -0.0832682
-8.32954e-11 -0.0832954
-8.33226e-11 -0.0833226
-8.33498e-11 -0.0833498
-8.3377e-11 -0.083377
-8.34042e-11 -0.0834042
-8.34314e-11 -0.0834314
-8.34586e-11 -0.0834586
-8.34858e-11 -0.0834858
-8.3513e-11 -0.083513
-8.35402e-11 -0.0835402
-8.35674e-11 -0.0835674
-8.35946e-11 -0.0835946
-8.36218e-11 -0.0836218
-8.3649e-11 -0.083649
-8.36762e-11 -0.0836762
-8.37034e-11 -0.0837034
-8.37306e-11 -0.0837306
-8.37578e-11 -0.0837578
-8.3785e-11 -0.083785
-8.38122e-11 -0.0838122
-8.38394e-11 -0.0838394
-8.38666e-11 -0.0838666
-8.38938e-11 -0.0838938
-8.3921e-11 -0.083921
-8.39482e-11 -0.0839482
-8.39754e-11 -0.0839754
-8.40026e-11 -0.0840026
-8.40298e-11 -0.0840298
-8.4057e-11 -0.084057
-8.40842e-11 -0.0840842
-8.41114e-11 -0.0841114
-8.41386e-11 -0.0841386
-8.41658e-11 -0.0841658
-8.4193e-11 -0.084193
-8.42202e-11 -0.0842202
-8.42474e-11 -0.0842474
-8.42746e-11 -0.0842746
-8.43018e-11 -0.0843018
-8.4329e-11 -0.084329
-8.43562e-11 -0.0843562
-8.43834e-11 -0.0843834
-8.44106e-11 -0.0844106
-8.44378e-11 -0.0844378
-8.4465e-11 -0.084465
-8.44922e-11 -0.0844922
-8.45194e-11 -0.0845194
-8.45466e-11 -0.0845466
-8.45738e-11 -0.0845738
-8.4601e-11 -0.084601
-8.46282e-11 -0.0846282
-8.46554e-11 -0.0846554
-8.46826e-11 -0.0846826
-8.47098e-11 -0.0847098
-8.4737e-11 -0.084737
-8.47642e-11 -0.0847642
-8.47914e-11 -0.0847914
-8.48186e-11 -0.0848186
-8.48458e-11 -0.0848458
-8.4873e-11 -0.084873
-8.49002e-11 -0.0849002
-8.49274e-11 -0.0849274
-8.49546e-11 -0.0849546
-8.49818e-11 -0.0849818
-8.5009e-11 -0.085009
-8.50362e-11 -0.0850362
-8.50634e-11 -0.0850634
-8.50906e-11 -0.0850906
-8.51178e-11 -0.0851178
-8.5145e-11 -0.085145
-8.51722e-11 -0.0851722
-8.51994e-11 -0.0851994
-8.52266e-11 -0.0852266
-8.52538e-11 -0.0852538
-8.5281e-11 -0.085281
-8.53082e-11 -0.0853082
-8.53354e-11 -0.0853354
-8.53626e-11 -0.0853626
-8.53898e-11 -0.0853898
-8.5417e-11 -0.085417
-8.54442e-11 -0.0854442
-8.54714e-11 -0.0854714
-8.54986e-11 -0.0854986
-8.55258e-11 -0.0855258
-8.5553e-11 -0.085553
-8.55802e-11 -0.0855802
-8.56074e-11 -0.0856074
-8.56346e-11 -0.0856346
-8.56618e-11 -0.0856618
-8.5689e-11 -0.085689
-8.57162e-11 -0.0857162
-8.57434e-11 -0.0857434
-8.57706e-11 -0.0857706
-8.57978e-11 -0.0857978
-8.5825e-11 -0.085825
-8.58522e-11 -0.0858522
-8.58794e-11 -0.0858794
-8.59066e-11 -0.0859066
-8.59338e-11 -0.0859338
-8.5961e-11 -0.085961
-8.59882e-11 -0.0859882
-8.60154e-11 -0.0860154
-8.60426e-11 -0.0860426
-8.60698e-11 -0.0860698
-8.6097e-11 -0.086097
-8.61242e-11 -0.0861242
-8.61514e-11 -0.0861514
-8.61786e-11 -0.0861786
-8.62058e-11 -0.0862058
-8.6233e-11 -0.086233
-8.62602e-11 -0.0862602
-8.62874e-11 -0.0862874
-8.63146e-11 -0.0863146
-8.63418e-11 -0.0863418
-8.6369e-11 -0.086369
-8.63962e-11 -0.0863962
-8.64234e-11 -0.0864234
-8.64506e-11 -0.0864506
-8.64778e-11 -0.0864778
-8.6505e-11 -0.086505
-8.65322e-11 -0.0865322
-8.65594e-11 -0.0865594
-8.65866e-11 -0.0865866
-8.66138e-11 -0.0866138
-8.6641e-11 -0.086641
-8.66682e-11 -0.0866682
-8.66954e-11 -0.0866954
-8.67226e-11 -0.0867226
-8.67498e-11 -0.0867498
-8.6777e-11 -0.086777
-8.68042e-11 -0.0868042
-8.68314e-11 -0.0868314
-8.68586e-11 -0.0868586
-8.68858e-11 -0.0868858
-8.6913e-11 -0.086913
-8.69402e-11 -0.0869402
-8.69674e-11 -0.0869674
-8.69946e-11 -0.0869946
-8.70219e-11 -0.0870219
-8.70491e-11 -0.0870491
-8.70763e-11 -0.0870763
-8.71035e-11 -0.0871035
-8.71307e-11 -0.0871307
-8.71579e-11 -0.0871579
-8.71851e-11 -0.0871851
-8.72123e-11 -0.0872123
-8.72395e-11 -0.0872395
-8.72667e-11 -0.0872667
-8.72939e-11 -0.0872939
-8.73211e-11 -0.0873211
-8.73483e-11 -0.0873483
-8.73755e-11 -0.0873755
-8.74027e-11 -0.0874027
-8.74299e-11 -0.0874299
-8.74571e-11 -0.0874571
-8.74843e-11 -0.0874843
-8.75115e-11 -0.0875115
-8.75387e-11 -0.0875387
-8.75659e-11 -0.0875659
-8.75931e-11 -0.0875931
-8.76203e-11 -0.0876203
-8.76475e-11 -0.0876475
-8.76747e-11 -0.0876747
-8.77019e-11 -0.0877019
-8.77291e-11 -0.0877291
-8.77563e-11 -0.0877563
-8.77835e-11 -0.0877835
-8.78107e-11 -0.0878107
-8.78379e-11 -0.0878379
-8.78651e-11 -0.0878651
-8.78923e-11 -0.0878923
-8.79195e-11 -0.0879195
-8.79467e-11 -0.0879467
-8.79739e-11 -0.0879739
-8.80011e-11 -0.0880011
-8.80283e-11 -0.0880283
-8.80555e-11 -0.0880555
-8.80827e-11 -0.0880827
-8.81099e-11 -0.0881099
-8.81371e-11 -0.0881371
-8.81644e-11 -0.0881644
-8.81916e-11 -0.0881916
-8.82188e-11 -0.0882188
-8.8246e-11 -0.088246
-8.82732e-11 -0.0882732
-8.83004e-11 -0.0883004
-8.83276e-11 -0.0883276
-8.83548e-11 -0.0883548
-8.8382e-11 -0.088382
-8.84092e-11 -0.0884092
-8.84364e-11 -0.0884364
-8.84636e-11 -0.0884636
-8.84908e-11 -0.0884908
-8.8518e-11 -0.088518
-8.85452e-11 -0.0885452
-8.85724e-11 -0.0885724
-8.85996e-11 -0.0885996
-8.86268e-11 -0.0886268
-8.8654e-11 -0.088654
-8.86812e-11 -0.0886812
-8.87084e-11 -0.0887084
-8.87356e-11 -0.0887356
-8.87628e-11 -0.0887628
-8.879e-11 -0.08879
-8.88172e-11 -0.0888172
-8.88444e-11 -0.0888444
-8.88716e-11 -0.0888716
-8.88988e-11 -0.0888988
-8.8926e-11 -0.088926
-8.89532e-11 -0.0889532
-8.89804e-11 -0.0889804
-8.90076e-11 -0.0890076
-8.90349e-11 -0.0890349
-8.90621e-11 -0.0890621
-8.90893e-11 -0.0890893
-8.91165e-11 -0.0891165
-8.91437e-11 -0.0891437
-8.91709e-11 -0.0891709
-8.91981e-11 -0.0891981
-8.92253e-11 -0.0892253
-8.92525e-11 -0.0892525
-8.92797e-11 -0.0892797
-8.93069e-11 -0.0893069
-8.93341e-11 -0.0893341
-8.93613e-11 -0.0893613
-8.93885e-11 -0.0893885
-8.94157e-11 -0.0894157
-8.94429e-11 -0.0894429
-8.94701e-11 -0.0894701
-8.94973e-11 -0.0894973
-8.95245e-11 -0.0895245
-8.95517e-11 -0.0895517
-8.95789e-11 -0.0895789
-8.96061e-11 -0.0896061
-8.96333e-11 -0.0896333
-8.96605e-11 -0.0896605
-8.96877e-11 -0.0896877
-8.97149e-11 -0.0897149
-8.97422e-11 -0.0897422
-8.97694e-11 -0.0897694
-8.97966e-11 -0.0897966
-8.98238e-11 -0.0898238
-8.9851e-11 -0.089851
-8.98782e-11 -0.0898782
-8.99054e-11 -0.0899054
-8.99326e-11 -0.0899326
-8.99598e-11 -0.0899598
-8.9987e-11 -0.089987
-9.00142e-11 -0.0900142
-9.00414e-11 -0.0900414
-9.00686e-11 -0.0900686
-9.00958e-11 -0.0900958
-9.0123e-11 -0.090123
-9.01502e-11 -0.0901502
-9.01774e-11 -0.0901774
-9.02046e-11 -0.0902046
-9.02318e-11 -0.0902318
-9.0259e-11 -0.090259
-9.02862e-11 -0.0902862
-9.03134e-11 -0.0903134
-9.03406e-11 -0.0903406
-9.03679e-11 -0.0903679
-9.03951e-11 -0.0903951
-9.04223e-11 -0.0904223
-9.04495e-11 -0.0904495
-9.04767e-11 -0.0904767
-9.05039e-11 -0.0905039
-9.05311e-11 -0.0905311
-9.05583e-11 -0.0905583
-9.05855e-11 -0.0905855
-9.06127e-11 -0.0906127
-9.06399e-11 -0.0906399
-9.06671e-11 -0.0906671
-9.06943e-11 -0.0906943
-9.07215e-11 -0.0907215
-9.07487e-11 -0.0907487
-9.07759e-11 -0.0907759
-9.08031e-11 -0.0908031
-9.08303e-11 -0.0908303
-9.08575e-11 -0.0908575
-9.08847e-11 -0.0908847
-9.0912e-11 -0.090912
-9.09392e-11 -0.0909392
-9.09664e-11 -0.0909664
-9.09936e-11 -0.0909936
-9.10208e-11 -0.0910208
-9.1048e-11 -0.091048
-9.10752e-11 -0.0910752
-9.11024e-11 -0.0911024
-9.11296e-11 -0.0911296
-9.11568e-11 -0.0911568
-9.1184e-11 -0.091184
-9.12112e-11 -0.0912112
-9.12384e-11 -0.0912384
-9.12656e-11 -0.0912656
-9.12928e-11 -0.0912928
-9.132e-11 -0.09132
-9.13472e-11 -0.0913472
-9.13744e-11 -0.0913744
-9.14016e-11 -0.0914016
-9.14289e-11 -0.0914289
-9.14561e-11 -0.0914561
-9.14833e-11 -0.0914833
-9.15105e-11 -0.0915105
-9.15377e-11 -0.0915377
-9.15649e-11 -0.0915649
-9.15921e-11 -0.0915921
-9.16193e-11 -0.0916193
-9.16465e-11 -0.0916465
-9.16737e-11 -0.0916737
-9.17009e-11 -0.0917009
-9.17281e-11 -0.0917281
-9.17553e-11 -0.0917553
-9.17825e-11 -0.0917825
-9.18097e-11 -0.0918097
-9.18369e-11 -0.0918369
-9.18641e-11 -0.0918641
-9.18913e-11 -0.0918913
-9.19186e-11 -0.0919186
-9.19458e-11 -0.0919458
-9.1973e-11 -0.091973
-9.20002e-11 -0.0920002
-9.20274e-11 -0.0920274
-9.20546e-11 -0.0920546
-9.20818e-11 -0.0920818
-9.2109e-11 -0.092109
-9.21362e-11 -0.0921362
-9.21634e-11 -0.0921634
-9.21906e-11 -0.0921906
-9.22178e-11 -0.0922178
-9.2245e-11 -0.092245
-9.22722e-11 -0.0922722
-9.22994e-11 -0.0922994
-9.23266e-11 -0.0923266
-9.23539e-11 -0.0923539
-9.23811e-11 -0.0923811
-9.24083e-11 -0.0924083
-9.24355e-11 -0.0924355
-9.24627e-11 -0.0924627
-9.24899e-11 -0.0924899
-9.25171e-11 -0.0925171
-9.25443e-11 -0.0925443
-9.25715e-11 -0.0925715
-9.25987e-11 -0.0925987
-9.26259e-11 -0.0926259
-9.26531e-11 -0.0926531
-9.26803e-11 -0.0926803
-9.27075e-11 -0.0927075
-9.27347e-11 -0.0927347
-9.27619e-11 -0.0927619
-9.27892e-11 -0.0927892
-9.28164e-11 -0.0928164
-9.28436e-11 -0.0928436
-9.28708e-11 -0.0928708
-9.2898e-11 -0.092898
-9.29252e-11 -0.0929252
-9.29524e-11 -0.0929524
-9.29796e-11 -0.0929796
-9.30068e-11 -0.0930068
-9.3034e-11 -0.093034
-9.30612e-11 -0.0930612
-9.30884e-11 -0.0930884
-9.31156e-11 -0.0931156
-9.31428e-11 -0.0931428
-9.317e-11 -0.09317
-9.31973e-11 -0.0931973
-9.32245e-11 -0.0932245
-9.32517e-11 -0.0932517
-9.32789e-11 -0.0932789
-9.33061e-11 -0.0933061
-9.33333e-11 -0.0933333
-9.33605e-11 -0.0933605
-9.33877e-11 -0.0933877
-9.34149e-11 -0.0934149
-9.34421e-11 -0.0934421
-9.34693e-11 -0.0934693
-9.34965e-11 -0.0934965
-9.35237e-11 -0.0935237
-9.35509e-11 -0.0935509
-9.35782e-11 -0.0935782
-9.36054e-11 -0.0936054
-9.36326e-11 -0.0936326
-9.36598e-11 -0.0936598
-9.3687e-11 -0.093687
-9.37142e-11 -0.0937142
-9.37414e-11 -0.0937414
-9.37686e-11 -0.0937686
-9.37958e-11 -0.0937958
-9.3823e-11 -0.093823
-9.38502e-11 -0.0938502
-9.38774e-11 -0.0938774
-9.39046e-11 -0.0939046
-9.39318e-11 -0.0939318
-9.39591e-11 -0.0939591
-9.39863e-11 -0.0939863
-9.40135e-11 -0.0940135
-9.40407e-11 -0.0940407
-9.40679e-11 -0.0940679
-9.40951e-11 -0.0940951
-9.41223e-11 -0.0941223
-9.41495e-11 -0.0941495
-9.41767e-11 -0.0941767
-9.42039e-11 -0.0942039
-9.42311e-11 -0.0942311
-9.42583e-11 -0.0942583
-9.42855e-11 -0.0942855
-9.43128e-11 -0.0943128
-9.434e-11 -0.09434
-9.43672e-11 -0.0943672
-9.43944e-11 -0.0943944
-9.44216e-11 -0.0944216
-9.44488e-11 -0.0944488
-9.4476e-11 -0.094476
-9.45032e-11 -0.0945032
-9.45304e-11 -0.0945304
-9.45576e-11 -0.0945576
-9.45848e-11 -0.0945848
-9.4612e-11 -0.094612
-9.46393e-11 -0.0946393
-9.46665e-11 -0.0946665
-9.46937e-11 -0.0946937
-9.47209e-11 -0.0947209
-9.47481e-11 -0.0947481
-9.47753e-11 -0.0947753
-9.48025e-11 -0.0948025
-9.48297e-11 -0.0948297
-9.48569e-11 -0.0948569
-9.48841e-11 -0.0948841
-9.49113e-11 -0.0949113
-9.49385e-11 -0.0949385
-9.49658e-11 -0.0949658
-9.4993e-11 -0.094993
-9.50202e-11 -0.0950202
-9.50474e-11 -0.0950474
-9.50746e-11 -0.0950746
-9.51018e-11 -0.0951018
-9.5129e-11 -0.095129
-9.51562e-11 -0.0951562
-9.51834e-11 -0.0951834
-9.52106e-11 -0.0952106
-9.52378e-11 -0.0952378
-9.5265e-11 -0.095265
-9.52923e-11 -0.0952923
-9.53195e-11 -0.0953195
-9.53467e-11 -0.0953467
-9.53739e-11 -0.0953739
-9.54011e-11 -0.0954011
-9.54283e-11 -0.0954283
-9.54555e-11 -0.0954555
-9.54827e-11 -0.0954827
-9.55099e-11 -0.0955099
-9.55371e-11 -0.0955371
-9.55643e-11 -0.0955643
-9.55915e-11 -0.0955915
-9.56188e-11 -0.0956188
-9.5646e-11 -0.095646
-9.56732e-11 -0.0956732
-9.57004e-11 -0.0957004
-9.57276e-11 -0.0957276
-9.57548e-11 -0.0957548
-9.5782e-11 -0.095782
-9.58092e-11 -0.0958092
-9.58364e-11 -0.0958364
-9.58636e-11 -0.0958636
-9.58908e-11 -0.0958908
-9.59181e-11 -0.0959181
-9.59453e-11 -0.0959453
-9.59725e-11 -0.0959725
-9.59997e-11 -0.0959997
-9.60269e-11 -0.0960269
-9.60541e-11 -0.0960541
-9.60813e-11 -0.0960813
-9.61085e-11 -0.0961085
-9.61357e-11 -0.0961357
-9.61629e-11 -0.0961629
-9.61901e-11 -0.0961901
-9.62174e-11 -0.0962174
-9.62446e-11 -0.0962446
-9.62718e-11 -0.0962718
-9.6299e-11 -0.096299
-9.63262e-11 -0.0963262
-9.63534e-11 -0.0963534
-9.63806e-11 -0.0963806
-9.64078e-11 -0.0964078
-9.6435e-11 -0.096435
-9.64622e-11 -0.0964622
-9.64895e-11 -0.0964895
-9.65167e-11 -0.0965167
-9.65439e-11 -0.0965439
-9.65711e-11 -0.0965711
-9.65983e-11 -0.0965983
-9.66255e-11 -0.0966255
-9.66527e-11 -0.0966527
-9.66799e-11 -0.0966799
-9.67071e-11 -0.0967071
-9.67343e-11 -0.0967343
-9.67616e-11 -0.0967616
-9.67888e-11 -0.0967888
-9.6816e-11 -0.096816
-9.68432e-11 -0.0968432
-9.68704e-11 -0.0968704
-9.68976e-11 -0.0968976
-9.69248e-11 -0.0969248
-9.6952e-11 -0.096952
-9.69792e-11 -0.0969792
-9.70064e-11 -0.0970064
-9.70336e-11 -0.0970336
-9.70609e-11 -0.0970609
-9.70881e-11 -0.0970881
-9.71153e-11 -0.0971153
-9.71425e-11 -0.0971425
-9.71697e-11 -0.0971697
-9.71969e-11 -0.0971969
-9.72241e-11 -0.0972241
-9.72513e-11 -0.0972513
-9.72785e-11 -0.0972785
-9.73058e-11 -0.0973058
-9.7333e-11 -0.097333
-9.73602e-11 -0.0973602
-9.73874e-11 -0.0973874
-9.74146e-11 -0.0974146
-9.74418e-11 -0.0974418
-9.7469e-11 -0.097469
-9.74962e-11 -0.0974962
-9.75234e-11 -0.0975234
-9.75506e-11 -0.0975506
-9.75779e-11 -0.0975779
-9.76051e-11 -0.0976051
-9.76323e-11 -0.0976323
-9.76595e-11 -0.0976595
-9.76867e-11 -0.0976867
-9.77139e-11 -0.0977139
-9.77411e-11 -0.0977411
-9.77683e-11 -0.0977683
-9.77955e-11 -0.0977955
-9.78227e-11 -0.0978227
-9.785e-11 -0.09785
-9.78772e-11 -0.0978772
-9.79044e-11 -0.0979044
-9.79316e-11 -0.0979316
-9.79588e-11 -0.0979588
-9.7986e-11 -0.097986
-9.80132e-11 -0.0980132
-9.80404e-11 -0.0980404
-9.80676e-11 -0.0980676
-9.80949e-11 -0.0980949
-9.81221e-11 -0.0981221
-9.81493e-11 -0.0981493
-9.81765e-11 -0.0981765
-9.82037e-11 -0.0982037
-9.82309e-11 -0.0982309
-9.82581e-11 -0.0982581
-9.82853e-11 -0.0982853
-9.83125e-11 -0.0983125
-9.83398e-11 -0.0983398
-9.8367e-11 -0.098367
-9.83942e-11 -0.0983942
-9.84214e-11 -0.0984214
-9.84486e-11 -0.0984486
-9.84758e-11 -0.0984758
-9.8503e-11 -0.098503
-9.85302e-11 -0.0985302
-9.85574e-11 -0.0985574
-9.85847e-11 -0.0985847
-9.86119e-11 -0.0986119
-9.86391e-11 -0.0986391
-9.86663e-11 -0.0986663
-9.86935e-11 -0.0986935
-9.87207e-11 -0.0987207
-9.87479e-11 -0.0987479
-9.87751e-11 -0.0987751
-9.88023e-11 -0.0988023
-9.88296e-11 -0.0988296
-9.88568e-11 -0.0988568
-9.8884e-11 -0.098884
-9.89112e-11 -0.0989112
-9.89384e-11 -0.0989384
-9.89656e-11 -0.0989656
-9.89928e-11 -0.0989928
-9.902e-11 -0.09902
-9.90473e-11 -0.0990473
-9.90745e-11 -0.0990745
-9.91017e-11 -0.0991017
-9.91289e-11 -0.0991289
-9.91561e-11 -0.0991561
-9.91833e-11 -0.0991833
-9.92105e-11 -0.0992105
-9.92377e-11 -0.0992377
-9.92649e-11 -0.0992649
-9.92922e-11 -0.0992922
-9.93194e-11 -0.0993194
-9.93466e-11 -0.0993466
-9.93738e-11 -0.0993738
-9.9401e-11 -0.099401
-9.94282e-11 -0.0994282
-9.94554e-11 -0.0994554
-9.94826e-11 -0.0994826
-9.95099e-11 -0.0995099
-9.95371e-11 -0.0995371
-9.95643e-11 -0.0995643
-9.95915e-11 -0.0995915
-9.96187e-11 -0.0996187
-9.96459e-11 -0.0996459
-9.96731e-11 -0.0996731
-9.97003e-11 -0.0997003
-9.97276e-11 -0.0997276
-9.97548e-11 -0.0997548
-9.9782e-11 -0.099782
-9.98092e-11 -0.0998092
-9.98364e-11 -0.0998364
-9.98636e-11 -0.0998636
-9.98908e-11 -0.0998908
-9.9918e-11 -0.099918
-9.99452e-11 -0.0999452
-9.99725e-11 -0.0999725
-9.99997e-11 -0.0999997
-1.00027e-10 -0.100027
-1.00054e-10 -0.100054
-1.00081e-10 -0.100081
-1.00109e-10 -0.100109
-1.00136e-10 -0.100136
-1.00163e-10 -0.100163
-1.0019e-10 -0.10019
-1.00217e-10 -0.100217
-1.00245e-10 -0.100245
-1.00272e-10 -0.100272
-1.00299e-10 -0.100299
-1.00326e-10 -0.100326
-1.00353e-10 -0.100353
-1.00381e-10 -0.100381
-1.00408e-10 -0.100408
-1.00435e-10 -0.100435
-1.00462e-10 -0.100462
-1.0049e-10 -0.10049
-1.00517e-10 -0.100517
-1.00544e-10 -0.100544
-1.00571e-10 -0.100571
-1.00598e-10 -0.100598
-1.00626e-10 -0.100626
-1.00653e-10 -0.100653
-1.0068e-10 -0.10068
-1.00707e-10 -0.100707
-1.00734e-10 -0.100734
-1.00762e-10 -0.100762
-1.00789e-10 -0.100789
-1.00816e-10 -0.100816
-1.00843e-10 -0.100843
-1.0087e-10 -0.10087
-1.00898e-10 -0.100898
-1.00925e-10 -0.100925
-1.00952e-10 -0.100952
-1.00979e-10 -0.100979
-1.01007e-10 -0.101007
-1.01034e-10 -0.101034
-1.01061e-10 -0.101061
-1.01088e-10 -0.101088
-1.01115e-10 -0.101115
-1.01143e-10 -0.101143
-1.0117e-10 -0.10117
-1.01197e-10 -0.101197
-1.01224e-10 -0.101224
-1.01251e-10 -0.101251
-1.01279e-10 -0.101279
-1.01306e-10 -0.101306
-1.01333e-10 -0.101333
-1.0136e-10 -0.10136
-1.01388e-10 -0.101388
-1.01415e-10 -0.101415
-1.01442e-10 -0.101442
-1.01469e-10 -0.101469
-1.01496e-10 -0.101496
-1.01524e-10 -0.101524
-1.01551e-10 -0.101551
-1.01578e-10 -0.101578
-1.01605e-10 -0.101605
-1.01632e-10 -0.101632
-1.0166e-10 -0.10166
-1.01687e-10 -0.101687
-1.01714e-10 -0.101714
-1.01741e-10 -0.101741
-1.01769e-10 -0.101769
-1.01796e-10 -0.101796
-1.01823e-10 -0.101823
-1.0185e-10 -0.10185
-1.01877e-10 -0.101877
-1.01905e-10 -0.101905
-1.01932e-10 -0.101932
-1.01959e-10 -0.101959
-1.01986e-10 -0.101986
-1.02013e-10 -0.102013
-1.02041e-10 -0.102041
-1.02068e-10 -0.102068
-1.02095e-10 -0.102095
-1.02122e-10 -0.102122
-1.0215e-10 -0.10215
-1.02177e-10 -0.102177
-1.02204e-10 -0.102204
-1.02231e-10 -0.102231
-1.02258e-10 -0.102258
-1.02286e-10 -0.102286
-1.02313e-10 -0.102313
-1.0234e-10 -0.10234
-1.02367e-10 -0.102367
-1.02394e-10 -0.102394
-1.02422e-10 -0.102422
-1.02449e-10 -0.102449
-1.02476e-10 -0.102476
-1.02503e-10 -0.102503
-1.02531e-10 -0.102531
-1.02558e-10 -0.102558
-1.02585e-10 -0.102585
-1.02612e-10 -0.102612
-1.02639e-10 -0.102639
-1.02667e-10 -0.102667
-1.02694e-10 -0.102694
-1.02721e-10 -0.102721
-1.02748e-10 -0.102748
-1.02775e-10 -0.102775
-1.02803e-10 -0.102803
-1.0283e-10 -0.10283
-1.02857e-10 -0.102857
-1.02884e-10 -0.102884
-1.02912e-10 -0.102912
-1.02939e-10 -0.102939
-1.02966e-10 -0.102966
-1.02993e-10 -0.102993
-1.0302e-10 -0.10302
-1.03048e-10 -0.103048
-1.03075e-10 -0.103075
-1.03102e-10 -0.103102
-1.03129e-10 -0.103129
-1.03156e-10 -0.103156
-1.03184e-10 -0.103184
-1.03211e-10 -0.103211
-1.03238e-10 -0.103238
-1.03265e-10 -0.103265
-1.03293e-10 -0.103293
-1.0332e-10 -0.10332
-1.03347e-10 -0.103347
-1.03374e-10 -0.103374
-1.03401e-10 -0.103401
-1.03429e-10 -0.103429
-1.03456e-10 -0.103456
-1.03483e-10 -0.103483
-1.0351e-10 -0.10351
-1.03537e-10 -0.103537
-1.03565e-10 -0.103565
-1.03592e-10 -0.103592
-1.03619e-10 -0.103619
-1.03646e-10 -0.103646
-1.03674e-10 -0.103674
-1.03701e-10 -0.103701
-1.03728e-10 -0.103728
-1.03755e-10 -0.103755
-1.03782e-10 -0.103782
-1.0381e-10 -0.10381
-1.03837e-10 -0.103837
-1.03864e-10 -0.103864
-1.03891e-10 -0.103891
-1.03918e-10 -0.103918
-1.03946e-10 -0.103946
-1.03973e-10 -0.103973
-1.04e-10 -0.104
-1.04027e-10 -0.104027
-1.04055e-10 -0.104055
-1.04082e-10 -0.104082
-1.04109e-10 -0.104109
-1.04136e-10 -0.104136
-1.04163e-10 -0.104163
-1.04191e-10 -0.104191
-1.04218e-10 -0.104218
-1.04245e-10 -0.104245
-1.04272e-10 -0.104272
-1.043e-10 -0.1043
-1.04327e-10 -0.104327
-1.04354e-10 -0.104354
-1.04381e-10 -0.104381
-1.04408e-10 -0.104408
-1.04436e-10 -0.104436
-1.04463e-10 -0.104463
-1.0449e-10 -0.10449
-1.04517e-10 -0.104517
-1.04544e-10 -0.104544
-1.04572e-10 -0.104572
-1.04599e-10 -0.104599
-1.04626e-10 -0.104626
-1.04653e-10 -0.104653
-1.04681e-10 -0.104681
-1.04708e-10 -0.104708
-1.04735e-10 -0.104735
-1.04762e-10 -0.104762
-1.04789e-10 -0.104789
-1.04817e-10 -0.104817
-1.04844e-10 -0.104844
-1.04871e-10 -0.104871
-1.04898e-10 -0.104898
-1.04925e-10 -0.104925
-1.04953e-10 -0.104953
-1.0498e-10 -0.10498
-1.05007e-10 -0.105007
-1.05034e-10 -0.105034
-1.05062e-10 -0.105062
-1.05089e-10 -0.105089
-1.05116e-10 -0.105116
-1.05143e-10 -0.105143
-1.0517e-10 -0.10517
-1.05198e-10 -0.105198
-1.05225e-10 -0.105225
-1.05252e-10 -0.105252
-1.05279e-10 -0.105279
-1.05307e-10 -0.105307
-1.05334e-10 -0.105334
-1.05361e-10 -0.105361
-1.05388e-10 -0.105388
-1.05415e-10 -0.105415
-1.05443e-10 -0.105443
-1.0547e-10 -0.10547
-1.05497e-10 -0.105497
-1.05524e-10 -0.105524
-1.05551e-10 -0.105551
-1.05579e-10 -0.105579
-1.05606e-10 -0.105606
-1.05633e-10 -0.105633
-1.0566e-10 -0.10566
-1.05688e-10 -0.105688
-1.05715e-10 -0.105715
-1.05742e-10 -0.105742
-1.05769e-10 -0.105769
-1.05796e-10 -0.105796
-1.05824e-10 -0.105824
-1.05851e-10 -0.105851
-1.05878e-10 -0.105878
-1.05905e-10 -0.105905
-1.05933e-10 -0.105933
-1.0596e-10 -0.10596
-1.05987e-10 -0.105987
-1.06014e-10 -0.106014
-1.06041e-10 -0.106041
-1.06069e-10 -0.106069
-1.06096e-10 -0.106096
-1.06123e-10 -0.106123
-1.0615e-10 -0.10615
-1.06177e-10 -0.106177
-1.06205e-10 -0.106205
-1.06232e-10 -0.106232
-1.06259e-10 -0.106259
-1.06286e-10 -0.106286
-1.06314e-10 -0.106314
-1.06341e-10 -0.106341
-1.06368e-10 -0.106368
-1.06395e-10 -0.106395
-1.06422e-10 -0.106422
-1.0645e-10 -0.10645
-1.06477e-10 -0.106477
-1.06504e-10 -0.106504
-1.06531e-10 -0.106531
-1.06559e-10 -0.106559
-1.06586e-10 -0.106586
-1.06613e-10 -0.106613
-1.0664e-10 -0.10664
-1.06667e-10 -0.106667
-1.06695e-10 -0.106695
-1.06722e-10 -0.106722
-1.06749e-10 -0.106749
-1.06776e-10 -0.106776
-1.06803e-10 -0.106803
-1.06831e-10 -0.106831
-1.06858e-10 -0.106858
-1.06885e-10 -0.106885
-1.06912e-10 -0.106912
-1.0694e-10 -0.10694
-1.06967e-10 -0.106967
-1.06994e-10 -0.106994
-1.07021e-10 -0.107021
-1.07048e-10 -0.107048
-1.07076e-10 -0.107076
-1.07103e-10 -0.107103
-1.0713e-10 -0.10713
-1.07157e-10 -0.107157
-1.07185e-10 -0.107185
-1.07212e-10 -0.107212
-1.07239e-10 -0.107239
-1.07266e-10 -0.107266
-1.07293e-10 -0.107293
-1.07321e-10 -0.107321
-1.07348e-10 -0.107348
-1.07375e-10 -0.107375
-1.07402e-10 -0.107402
-1.07429e-10 -0.107429
-1.07457e-10 -0.107457
-1.07484e-10 -0.107484
-1.07511e-10 -0.107511
-1.07538e-10 -0.107538
-1.07566e-10 -0.107566
-1.07593e-10 -0.107593
-1.0762e-10 -0.10762
-1.07647e-10 -0.107647
-1.07674e-10 -0.107674
-1.07702e-10 -0.107702
-1.07729e-10 -0.107729
-1.07756e-10 -0.107756
-1.07783e-10 -0.107783
-1.07811e-10 -0.107811
-1.07838e-10 -0.107838
-1.07865e-10 -0.107865
-1.07892e-10 -0.107892
-1.07919e-10 -0.107919
-1.07947e-10 -0.107947
-1.07974e-10 -0.107974
-1.08001e-10 -0.108001
-1.08028e-10 -0.108028
-1.08056e-10 -0.108056
-1.08083e-10 -0.108083
-1.0811e-10 -0.10811
-1.08137e-10 -0.108137
-1.08164e-10 -0.108164
-1.08192e-10 -0.108192
-1.08219e-10 -0.108219
-1.08246e-10 -0.108246
-1.08273e-10 -0.108273
-1.083e-10 -0.1083
-1.08328e-10 -0.108328
-1.08355e-10 -0.108355
-1.08382e-10 -0.108382
-1.08409e-10 -0.108409
-1.08437e-10 -0.108437
-1.08464e-10 -0.108464
-1.08491e-10 -0.108491
-1.08518e-10 -0.108518
-1.08545e-10 -0.108545
-1.08573e-10 -0.108573
-1.086e-10 -0.1086
-1.08627e-10 -0.108627
-1.08654e-10 -0.108654
-1.08682e-10 -0.108682
-1.08709e-10 -0.108709
-1.08736e-10 -0.108736
-1.08763e-10 -0.108763
-1.0879e-10 -0.10879
-1.08818e-10 -0.108818
-1.08845e-10 -0.108845
-1.08872e-10 -0.108872
-1.08899e-10 -0.108899
-1.08927e-10 -0.108927
-1.08954e-10 -0.108954
-1.08981e-10 -0.108981
-1.09008e-10 -0.109008
-1.09035e-10 -0.109035
-1.09063e-10 -0.109063
-1.0909e-10 -0.10909
-1.09117e-10 -0.109117
-1.09144e-10 -0.109144
-1.09172e-10 -0.109172
-1.09199e-10 -0.109199
-1.09226e-10 -0.109226
-1.09253e-10 -0.109253
-1.0928e-10 -0.10928
-1.09308e-10 -0.109308
-1.09335e-10 -0.109335
-1.09362e-10 -0.109362
-1.09389e-10 -0.109389
-1.09416e-10 -0.109416
-1.09444e-10 -0.109444
-1.09471e-10 -0.109471
-1.09498e-10 -0.109498
-1.09525e-10 -0.109525
-1.09553e-10 -0.109553
-1.0958e-10 -0.10958
-1.09607e-10 -0.109607
-1.09634e-10 -0.109634
-1.09661e-10 -0.109661
-1.09689e-10 -0.109689
-1.09716e-10 -0.109716
-1.09743e-10 -0.109743
-1.0977e-10 -0.10977
-1.09798e-10 -0.109798
-1.09825e-10 -0.109825
-1.09852e-10 -0.109852
-1.09879e-10 -0.109879
-1.09906e-10 -0.109906
-1.09934e-10 -0.109934
-1.09961e-10 -0.109961
-1.09988e-10 -0.109988
-1.10015e-10 -0.110015
-1.10043e-10 -0.110043
-1.1007e-10 -0.11007
-1.10097e-10 -0.110097
-1.10124e-10 -0.110124
-1.10151e-10 -0.110151
-1.10179e-10 -0.110179
-1.10206e-10 -0.110206
-1.10233e-10 -0.110233
-1.1026e-10 -0.11026
-1.10288e-10 -0.110288
-1.10315e-10 -0.110315
-1.10342e-10 -0.110342
-1.10369e-10 -0.110369
-1.10396e-10 -0.110396
-1.10424e-10 -0.110424
-1.10451e-10 -0.110451
-1.10478e-10 -0.110478
-1.10505e-10 -0.110505
-1.10533e-10 -0.110533
-1.1056e-10 -0.11056
-1.10587e-10 -0.110587
-1.10614e-10 -0.110614
-1.10641e-10 -0.110641
-1.10669e-10 -0.110669
-1.10696e-10 -0.110696
-1.10723e-10 -0.110723
-1.1075e-10 -0.11075
-1.10778e-10 -0.110778
-1.10805e-10 -0.110805
-1.10832e-10 -0.110832
-1.10859e-10 -0.110859
-1.10886e-10 -0.110886
-1.10914e-10 -0.110914
-1.10941e-10 -0.110941
-1.10968e-10 -0.110968
-1.10995e-10 -0.110995
-1.11023e-10 -0.111023
-1.1105e-10 -0.11105
-1.11077e-10 -0.111077
-1.11104e-10 -0.111104
-1.11131e-10 -0.111131
-1.11159e-10 -0.111159
-1.11186e-10 -0.111186
-1.11213e-10 -0.111213
-1.1124e-10 -0.11124
-1.11268e-10 -0.111268
-1.11295e-10 -0.111295
-1.11322e-10 -0.111322
-1.11349e-10 -0.111349
-1.11376e-10 -0.111376
-1.11404e-10 -0.111404
-1.11431e-10 -0.111431
-1.11458e-10 -0.111458
-1.11485e-10 -0.111485
-1.11513e-10 -0.111513
-1.1154e-10 -0.11154
-1.11567e-10 -0.111567
-1.11594e-10 -0.111594
-1.11621e-10 -0.111621
-1.11649e-10 -0.111649
-1.11676e-10 -0.111676
-1.11703e-10 -0.111703
-1.1173e-10 -0.11173
-1.11758e-10 -0.111758
-1.11785e-10 -0.111785
-1.11812e-10 -0.111812
-1.11839e-10 -0.111839
-1.11866e-10 -0.111866
-1.11894e-10 -0.111894
-1.11921e-10 -0.111921
-1.11948e-10 -0.111948
-1.11975e-10 -0.111975
-1.12003e-10 -0.112003
-1.1203e-10 -0.11203
-1.12057e-10 -0.112057
