-5.50548e-15 -5.50548e-06
-1.1011e-14 -1.1011e-05
-1.65165e-14 -1.65165e-05
-2.2022e-14 -2.2022e-05
-2.75275e-14 -2.75275e-05
-3.30331e-14 -3.30331e-05
-3.85386e-14 -3.85386e-05
-4.40442e-14 -4.40442e-05
-4.95499e-14 -4.95499e-05
-5.50556e-14 -5.50556e-05
-3.14009e-15 -3.14009e-06
4.87752e-14 4.87752e-05
1.00691e-13 0.000100691
1.52606e-13 0.000152606
2.04521e-13 0.000204521
2.56436e-13 0.000256436
3.0835e-13 0.00030835
3.60266e-13 0.000360266
4.12182e-13 0.000412182
4.64096e-13 0.000464096
5.16011e-13 0.000516011
5.67925e-13 0.000567925
6.1984e-13 0.00061984
6.71755e-13 0.000671755
7.23669e-13 0.000723669
7.75584e-13 0.000775584
8.27498e-13 0.000827498
8.79412e-13 0.000879412
9.31327e-13 0.000931327
9.83241e-13 0.000983241
1.03516e-12 0.00103516
1.08707e-12 0.00108707
1.13898e-12 0.00113898
1.1909e-12 0.0011909
1.24281e-12 0.00124281
1.29472e-12 0.00129472
1.34664e-12 0.00134664
1.39855e-12 0.00139855
1.45047e-12 0.00145047
1.50238e-12 0.00150238
1.55429e-12 0.00155429
1.60621e-12 0.00160621
1.65812e-12 0.00165812
1.71003e-12 0.00171003
1.76195e-12 0.00176195
1.81386e-12 0.00181386
1.86577e-12 0.00186577
1.91769e-12 0.00191769
1.9696e-12 0.0019696
2.02151e-12 0.00202151
2.07342e-12 0.00207342
2.12534e-12 0.00212534
2.17725e-12 0.00217725
2.22916e-12 0.00222916
2.28107e-12 0.00228107
2.33299e-12 0.00233299
2.3849e-12 0.0023849
2.43681e-12 0.00243681
2.48872e-12 0.00248872
2.54064e-12 0.00254064
2.59255e-12 0.00259255
2.64446e-12 0.00264446
2.69637e-12 0.00269637
2.74828e-12 0.00274828
2.8002e-12 0.0028002
2.85211e-12 0.00285211
2.90402e-12 0.00290402
2.95593e-12 0.00295593
3.00784e-12 0.00300784
3.05976e-12 0.00305976
3.11167e-12 0.00311167
3.16358e-12 0.00316358
3.21549e-12 0.00321549
3.2674e-12 0.0032674
3.31931e-12 0.00331931
3.37122e-12 0.00337122
3.42313e-12 0.00342313
3.47505e-12 0.00347505
3.52696e-12 0.00352696
3.57887e-12 0.00357887
3.63078e-12 0.00363078
3.68269e-12 0.00368269
3.7346e-12 0.0037346
3.78651e-12 0.00378651
3.83842e-12 0.00383842
3.89033e-12 0.00389033
3.94224e-12 0.00394224
3.99415e-12 0.00399415
4.04606e-12 0.00404606
4.09797e-12 0.00409797
4.14988e-12 0.00414988
4.20179e-12 0.00420179
4.2537e-12 0.0042537
4.30561e-12 0.00430561
4.35752e-12 0.00435752
4.40943e-12 0.00440943
4.46134e-12 0.00446134
4.51325e-12 0.00451325
4.56516e-12 0.00456516
4.61707e-12 0.00461707
4.66898e-12 0.00466898
4.72089e-12 0.00472089
4.7728e-12 0.0047728
4.82471e-12 0.00482471
4.87662e-12 0.00487662
4.92853e-12 0.00492853
4.98044e-12 0.00498044
5.03235e-12 0.00503235
5.08426e-12 0.00508426
5.13616e-12 0.00513616
5.18807e-12 0.00518807
5.23998e-12 0.00523998
5.29189e-12 0.00529189
5.3438e-12 0.0053438
5.39571e-12 0.00539571
5.44762e-12 0.00544762
5.49953e-12 0.00549953
5.55143e-12 0.00555143
5.60334e-12 0.00560334
5.65525e-12 0.00565525
5.70716e-12 0.00570716
5.75907e-12 0.00575907
5.81097e-12 0.00581097
5.86288e-12 0.00586288
5.91479e-12 0.00591479
5.9667e-12 0.0059667
6.01861e-12 0.00601861
6.07051e-12 0.00607051
6.12242e-12 0.00612242
6.17433e-12 0.00617433
6.22624e-12 0.00622624
6.27814e-12 0.00627814
6.33005e-12 0.00633005
6.38196e-12 0.00638196
6.43387e-12 0.00643387
6.48577e-12 0.00648577
6.53768e-12 0.00653768
6.58959e-12 0.00658959
6.6415e-12 0.0066415
6.6934e-12 0.0066934
6.74531e-12 0.00674531
6.79722e-12 0.00679722
6.84912e-12 0.00684912
6.90103e-12 0.00690103
6.95294e-12 0.00695294
7.00484e-12 0.00700484
7.05675e-12 0.00705675
7.10866e-12 0.00710866
7.16056e-12 0.00716056
7.21247e-12 0.00721247
7.26437e-12 0.00726437
7.31628e-12 0.00731628
7.36819e-12 0.00736819
7.42009e-12 0.00742009
7.472e-12 0.007472
7.5239e-12 0.0075239
7.57581e-12 0.00757581
7.62772e-12 0.00762772
7.67962e-12 0.00767962
7.73153e-12 0.00773153
7.78343e-12 0.00778343
7.83534e-12 0.00783534
7.88724e-12 0.00788724
7.93915e-12 0.00793915
7.99106e-12 0.00799106
8.04296e-12 0.00804296
8.09487e-12 0.00809487
8.14677e-12 0.00814677
8.19868e-12 0.00819868
8.25058e-12 0.00825058
8.30249e-12 0.00830249
8.35439e-12 0.00835439
8.4063e-12 0.0084063
8.4582e-12 0.0084582
8.5101e-12 0.0085101
8.56201e-12 0.00856201
8.61391e-12 0.00861391
8.66582e-12 0.00866582
8.71772e-12 0.00871772
8.76963e-12 0.00876963
8.82153e-12 0.00882153
8.87344e-12 0.00887344
8.92534e-12 0.00892534
8.97724e-12 0.00897724
9.02915e-12 0.00902915
9.08105e-12 0.00908105
9.13296e-12 0.00913296
9.18486e-12 0.00918486
9.23676e-12 0.00923676
9.28867e-12 0.00928867
9.34057e-12 0.00934057
9.39247e-12 0.00939247
9.44438e-12 0.00944438
9.49628e-12 0.00949628
9.54818e-12 0.00954818
9.60009e-12 0.00960009
9.65199e-12 0.00965199
9.70389e-12 0.00970389
9.7558e-12 0.0097558
9.8077e-12 0.0098077
9.8596e-12 0.0098596
9.91151e-12 0.00991151
9.96341e-12 0.00996341
1.00153e-11 0.0100153
1.00672e-11 0.0100672
1.01191e-11 0.0101191
1.0171e-11 0.010171
1.02229e-11 0.0102229
1.02748e-11 0.0102748
1.03267e-11 0.0103267
1.03786e-11 0.0103786
1.04305e-11 0.0104305
1.04824e-11 0.0104824
1.05343e-11 0.0105343
1.05862e-11 0.0105862
1.06381e-11 0.0106381
1.069e-11 0.01069
1.07419e-11 0.0107419
1.07938e-11 0.0107938
1.08457e-11 0.0108457
1.08976e-11 0.0108976
1.09496e-11 0.0109496
1.10015e-11 0.0110015
1.10534e-11 0.0110534
1.11053e-11 0.0111053
1.11572e-11 0.0111572
1.12091e-11 0.0112091
1.1261e-11 0.011261
1.13129e-11 0.0113129
1.13648e-11 0.0113648
1.14167e-11 0.0114167
1.14686e-11 0.0114686
1.15205e-11 0.0115205
1.15724e-11 0.0115724
1.16243e-11 0.0116243
1.16762e-11 0.0116762
1.17281e-11 0.0117281
1.178e-11 0.01178
1.18319e-11 0.0118319
1.18838e-11 0.0118838
1.19357e-11 0.0119357
1.19876e-11 0.0119876
1.20395e-11 0.0120395
1.20914e-11 0.0120914
1.21433e-11 0.0121433
1.21952e-11 0.0121952
1.22471e-11 0.0122471
1.2299e-11 0.012299
1.23509e-11 0.0123509
1.24028e-11 0.0124028
1.24547e-11 0.0124547
1.25066e-11 0.0125066
1.25585e-11 0.0125585
1.26104e-11 0.0126104
1.26623e-11 0.0126623
1.27142e-11 0.0127142
1.27661e-11 0.0127661
1.2818e-11 0.012818
1.28699e-11 0.0128699
1.29218e-11 0.0129218
1.29737e-11 0.0129737
1.30256e-11 0.0130256
1.30775e-11 0.0130775
1.31294e-11 0.0131294
1.31813e-11 0.0131813
1.32332e-11 0.0132332
1.32851e-11 0.0132851
1.3337e-11 0.013337
1.33889e-11 0.0133889
1.34407e-11 0.0134407
1.34926e-11 0.0134926
1.35445e-11 0.0135445
1.35964e-11 0.0135964
1.36483e-11 0.0136483
1.37002e-11 0.0137002
1.37521e-11 0.0137521
1.3804e-11 0.013804
1.38559e-11 0.0138559
1.39078e-11 0.0139078
1.39597e-11 0.0139597
1.40116e-11 0.0140116
1.40635e-11 0.0140635
1.41154e-11 0.0141154
1.41673e-11 0.0141673
1.42192e-11 0.0142192
1.42711e-11 0.0142711
1.4323e-11 0.014323
1.43749e-11 0.0143749
1.44268e-11 0.0144268
1.44787e-11 0.0144787
1.45306e-11 0.0145306
1.45825e-11 0.0145825
1.46344e-11 0.0146344
1.46863e-11 0.0146863
1.47382e-11 0.0147382
1.47901e-11 0.0147901
1.4842e-11 0.014842
1.48939e-11 0.0148939
1.49458e-11 0.0149458
1.49977e-11 0.0149977
1.50496e-11 0.0150496
1.51015e-11 0.0151015
1.51534e-11 0.0151534
1.52053e-11 0.0152053
1.52572e-11 0.0152572
1.5309e-11 0.015309
1.53609e-11 0.0153609
1.54128e-11 0.0154128
1.54647e-11 0.0154647
1.55166e-11 0.0155166
1.55685e-11 0.0155685
1.56204e-11 0.0156204
1.56723e-11 0.0156723
1.57242e-11 0.0157242
1.57761e-11 0.0157761
1.5828e-11 0.015828
1.58799e-11 0.0158799
1.59318e-11 0.0159318
1.59837e-11 0.0159837
1.60356e-11 0.0160356
1.60875e-11 0.0160875
1.61394e-11 0.0161394
1.61913e-11 0.0161913
1.62432e-11 0.0162432
1.62951e-11 0.0162951
1.6347e-11 0.016347
1.63989e-11 0.0163989
1.64507e-11 0.0164507
1.65026e-11 0.0165026
1.65545e-11 0.0165545
1.66064e-11 0.0166064
1.66583e-11 0.0166583
1.67102e-11 0.0167102
1.67621e-11 0.0167621
1.6814e-11 0.016814
1.68659e-11 0.0168659
1.69178e-11 0.0169178
1.69697e-11 0.0169697
1.70216e-11 0.0170216
1.70735e-11 0.0170735
1.71254e-11 0.0171254
1.71773e-11 0.0171773
1.72292e-11 0.0172292
1.72811e-11 0.0172811
1.73329e-11 0.0173329
1.73848e-11 0.0173848
1.74367e-11 0.0174367
1.74886e-11 0.0174886
1.75405e-11 0.0175405
1.75924e-11 0.0175924
1.76443e-11 0.0176443
1.76962e-11 0.0176962
1.77481e-11 0.0177481
1.78e-11 0.0178
1.78519e-11 0.0178519
1.79038e-11 0.0179038
1.79557e-11 0.0179557
1.80076e-11 0.0180076
1.80594e-11 0.0180594
1.81113e-11 0.0181113
1.81632e-11 0.0181632
1.82151e-11 0.0182151
1.8267e-11 0.018267
1.83189e-11 0.0183189
1.83708e-11 0.0183708
1.84227e-11 0.0184227
1.84746e-11 0.0184746
1.85265e-11 0.0185265
1.85784e-11 0.0185784
1.86303e-11 0.0186303
1.86822e-11 0.0186822
1.8734e-11 0.018734
1.87859e-11 0.0187859
1.88378e-11 0.0188378
1.88897e-11 0.0188897
1.89416e-11 0.0189416
1.89935e-11 0.0189935
1.90454e-11 0.0190454
1.90973e-11 0.0190973
1.91492e-11 0.0191492
1.92011e-11 0.0192011
1.9253e-11 0.019253
1.93048e-11 0.0193048
1.93567e-11 0.0193567
1.94086e-11 0.0194086
1.94605e-11 0.0194605
1.95124e-11 0.0195124
1.95643e-11 0.0195643
1.96162e-11 0.0196162
1.96681e-11 0.0196681
1.972e-11 0.01972
1.97719e-11 0.0197719
1.98238e-11 0.0198238
1.98756e-11 0.0198756
1.99275e-11 0.0199275
1.99794e-11 0.0199794
2.00313e-11 0.0200313
2.00832e-11 0.0200832
2.01351e-11 0.0201351
2.0187e-11 0.020187
2.02389e-11 0.0202389
2.02908e-11 0.0202908
2.03427e-11 0.0203427
2.03945e-11 0.0203945
2.04464e-11 0.0204464
2.04983e-11 0.0204983
2.05502e-11 0.0205502
2.06021e-11 0.0206021
2.0654e-11 0.020654
2.07059e-11 0.0207059
2.07578e-11 0.0207578
2.08097e-11 0.0208097
2.08615e-11 0.0208615
2.09134e-11 0.0209134
2.09653e-11 0.0209653
2.10172e-11 0.0210172
2.10691e-11 0.0210691
2.1121e-11 0.021121
2.11729e-11 0.0211729
2.12248e-11 0.0212248
2.12767e-11 0.0212767
2.13285e-11 0.0213285
2.13804e-11 0.0213804
2.14323e-11 0.0214323
2.14842e-11 0.0214842
2.15361e-11 0.0215361
2.1588e-11 0.021588
2.16399e-11 0.0216399
2.16918e-11 0.0216918
2.17437e-11 0.0217437
2.17955e-11 0.0217955
2.18474e-11 0.0218474
2.18993e-11 0.0218993
2.19512e-11 0.0219512
2.20031e-11 0.0220031
2.2055e-11 0.022055
2.21069e-11 0.0221069
2.21588e-11 0.0221588
2.22106e-11 0.0222106
2.22625e-11 0.0222625
2.23144e-11 0.0223144
2.23663e-11 0.0223663
2.24182e-11 0.0224182
2.24701e-11 0.0224701
2.2522e-11 0.022522
2.25738e-11 0.0225738
2.26257e-11 0.0226257
2.26776e-11 0.0226776
2.27295e-11 0.0227295
2.27814e-11 0.0227814
2.28333e-11 0.0228333
2.28852e-11 0.0228852
2.29371e-11 0.0229371
2.29889e-11 0.0229889
2.30408e-11 0.0230408
2.30927e-11 0.0230927
2.31446e-11 0.0231446
2.31965e-11 0.0231965
2.32484e-11 0.0232484
2.33003e-11 0.0233003
2.33521e-11 0.0233521
2.3404e-11 0.023404
2.34559e-11 0.0234559
2.35078e-11 0.0235078
2.35597e-11 0.0235597
2.36116e-11 0.0236116
2.36635e-11 0.0236635
2.37153e-11 0.0237153
2.37672e-11 0.0237672
2.38191e-11 0.0238191
2.3871e-11 0.023871
2.39229e-11 0.0239229
2.39748e-11 0.0239748
2.40267e-11 0.0240267
2.40785e-11 0.0240785
2.41304e-11 0.0241304
2.41823e-11 0.0241823
2.42342e-11 0.0242342
2.42861e-11 0.0242861
2.4338e-11 0.024338
2.43898e-11 0.0243898
2.44417e-11 0.0244417
2.44936e-11 0.0244936
2.45455e-11 0.0245455
2.45974e-11 0.0245974
2.46493e-11 0.0246493
2.47012e-11 0.0247012
2.4753e-11 0.024753
2.48049e-11 0.0248049
2.48568e-11 0.0248568
2.49087e-11 0.0249087
2.49606e-11 0.0249606
2.50125e-11 0.0250125
2.50643e-11 0.0250643
2.51162e-11 0.0251162
2.51681e-11 0.0251681
2.522e-11 0.02522
2.52719e-11 0.0252719
2.53238e-11 0.0253238
2.53756e-11 0.0253756
2.54275e-11 0.0254275
2.54794e-11 0.0254794
2.55313e-11 0.0255313
2.55832e-11 0.0255832
2.56351e-11 0.0256351
2.56869e-11 0.0256869
2.57388e-11 0.0257388
2.57907e-11 0.0257907
2.58426e-11 0.0258426
2.58945e-11 0.0258945
2.59464e-11 0.0259464
2.59982e-11 0.0259982
2.60501e-11 0.0260501
2.6102e-11 0.026102
2.61539e-11 0.0261539
2.62058e-11 0.0262058
2.62576e-11 0.0262576
2.63095e-11 0.0263095
2.63614e-11 0.0263614
2.64133e-11 0.0264133
2.64652e-11 0.0264652
2.65171e-11 0.0265171
2.65689e-11 0.0265689
2.66208e-11 0.0266208
2.66727e-11 0.0266727
2.67246e-11 0.0267246
2.67765e-11 0.0267765
2.68283e-11 0.0268283
2.68802e-11 0.0268802
2.69321e-11 0.0269321
2.6984e-11 0.026984
2.70359e-11 0.0270359
2.70878e-11 0.0270878
2.71396e-11 0.0271396
2.71915e-11 0.0271915
2.72434e-11 0.0272434
2.72953e-11 0.0272953
2.73472e-11 0.0273472
2.7399e-11 0.027399
2.74509e-11 0.0274509
2.75028e-11 0.0275028
2.75547e-11 0.0275547
2.76066e-11 0.0276066
2.76584e-11 0.0276584
2.77103e-11 0.0277103
2.77622e-11 0.0277622
2.78141e-11 0.0278141
2.7866e-11 0.027866
2.79178e-11 0.0279178
2.79697e-11 0.0279697
2.80216e-11 0.0280216
2.80735e-11 0.0280735
2.81254e-11 0.0281254
2.81772e-11 0.0281772
2.82291e-11 0.0282291
2.8281e-11 0.028281
2.83329e-11 0.0283329
2.83848e-11 0.0283848
2.84366e-11 0.0284366
2.84885e-11 0.0284885
2.85404e-11 0.0285404
2.85923e-11 0.0285923
2.86442e-11 0.0286442
2.8696e-11 0.028696
2.87479e-11 0.0287479
2.87998e-11 0.0287998
2.88517e-11 0.0288517
2.89036e-11 0.0289036
2.89554e-11 0.0289554
2.90073e-11 0.0290073
2.90592e-11 0.0290592
2.91111e-11 0.0291111
2.91629e-11 0.0291629
2.92148e-11 0.0292148
2.92667e-11 0.0292667
2.93186e-11 0.0293186
2.93705e-11 0.0293705
2.94223e-11 0.0294223
2.94742e-11 0.0294742
2.95261e-11 0.0295261
2.9578e-11 0.029578
2.96298e-11 0.0296298
2.96817e-11 0.0296817
2.97336e-11 0.0297336
2.97855e-11 0.0297855
2.98374e-11 0.0298374
2.98892e-11 0.0298892
2.99411e-11 0.0299411
2.9993e-11 0.029993
3.00449e-11 0.0300449
3.00967e-11 0.0300967
3.01486e-11 0.0301486
3.02005e-11 0.0302005
3.02524e-11 0.0302524
3.03043e-11 0.0303043
3.03561e-11 0.0303561
3.0408e-11 0.030408
3.04599e-11 0.0304599
3.05118e-11 0.0305118
3.05636e-11 0.0305636
3.06155e-11 0.0306155
3.06674e-11 0.0306674
3.07193e-11 0.0307193
3.07711e-11 0.0307711
3.0823e-11 0.030823
3.08749e-11 0.0308749
3.09268e-11 0.0309268
3.09787e-11 0.0309787
3.10305e-11 0.0310305
3.10824e-11 0.0310824
3.11343e-11 0.0311343
3.11862e-11 0.0311862
3.1238e-11 0.031238
3.12899e-11 0.0312899
3.13418e-11 0.0313418
3.13937e-11 0.0313937
3.14455e-11 0.0314455
3.14974e-11 0.0314974
3.15493e-11 0.0315493
3.16012e-11 0.0316012
3.1653e-11 0.031653
3.17049e-11 0.0317049
3.17568e-11 0.0317568
3.18087e-11 0.0318087
3.18605e-11 0.0318605
3.19124e-11 0.0319124
3.19643e-11 0.0319643
3.20162e-11 0.0320162
3.2068e-11 0.032068
3.21199e-11 0.0321199
3.21718e-11 0.0321718
3.22237e-11 0.0322237
3.22755e-11 0.0322755
3.23274e-11 0.0323274
3.23793e-11 0.0323793
3.24312e-11 0.0324312
3.2483e-11 0.032483
3.25349e-11 0.0325349
3.25868e-11 0.0325868
3.26387e-11 0.0326387
3.26905e-11 0.0326905
3.27424e-11 0.0327424
3.27943e-11 0.0327943
3.28462e-11 0.0328462
3.2898e-11 0.032898
3.29499e-11 0.0329499
3.30018e-11 0.0330018
3.30536e-11 0.0330536
3.31055e-11 0.0331055
3.31574e-11 0.0331574
3.32093e-11 0.0332093
3.32611e-11 0.0332611
3.3313e-11 0.033313
3.33649e-11 0.0333649
3.34168e-11 0.0334168
3.34686e-11 0.0334686
3.35205e-11 0.0335205
3.35724e-11 0.0335724
3.36243e-11 0.0336243
3.36761e-11 0.0336761
3.3728e-11 0.033728
3.37799e-11 0.0337799
3.38317e-11 0.0338317
3.38836e-11 0.0338836
3.39355e-11 0.0339355
3.39874e-11 0.0339874
3.40392e-11 0.0340392
3.40911e-11 0.0340911
3.4143e-11 0.034143
3.41948e-11 0.0341948
3.42467e-11 0.0342467
3.42986e-11 0.0342986
3.43505e-11 0.0343505
3.44023e-11 0.0344023
3.44542e-11 0.0344542
3.45061e-11 0.0345061
3.4558e-11 0.034558
3.46098e-11 0.0346098
3.46617e-11 0.0346617
3.47136e-11 0.0347136
3.47654e-11 0.0347654
3.48173e-11 0.0348173
3.48692e-11 0.0348692
3.49211e-11 0.0349211
3.49729e-11 0.0349729
3.50248e-11 0.0350248
3.50767e-11 0.0350767
3.51285e-11 0.0351285
3.51804e-11 0.0351804
3.52323e-11 0.0352323
3.52841e-11 0.0352841
3.5336e-11 0.035336
3.53879e-11 0.0353879
3.54398e-11 0.0354398
3.54916e-11 0.0354916
3.55435e-11 0.0355435
3.55954e-11 0.0355954
3.56472e-11 0.0356472
3.56991e-11 0.0356991
3.5751e-11 0.035751
3.58029e-11 0.0358029
3.58547e-11 0.0358547
3.59066e-11 0.0359066
3.59585e-11 0.0359585
3.60103e-11 0.0360103
3.60622e-11 0.0360622
3.61141e-11 0.0361141
3.61659e-11 0.0361659
3.62178e-11 0.0362178
3.62697e-11 0.0362697
3.63215e-11 0.0363215
3.63734e-11 0.0363734
3.64253e-11 0.0364253
3.64772e-11 0.0364772
3.6529e-11 0.036529
3.65809e-11 0.0365809
3.66328e-11 0.0366328
3.66846e-11 0.0366846
3.67365e-11 0.0367365
3.67884e-11 0.0367884
3.68402e-11 0.0368402
3.68921e-11 0.0368921
3.6944e-11 0.036944
3.69958e-11 0.0369958
3.70477e-11 0.0370477
3.70996e-11 0.0370996
3.71515e-11 0.0371515
3.72033e-11 0.0372033
3.72552e-11 0.0372552
3.73071e-11 0.0373071
3.73589e-11 0.0373589
3.74108e-11 0.0374108
3.74627e-11 0.0374627
3.75145e-11 0.0375145
3.75664e-11 0.0375664
3.76183e-11 0.0376183
3.76701e-11 0.0376701
3.7722e-11 0.037722
3.77739e-11 0.0377739
3.78257e-11 0.0378257
3.78776e-11 0.0378776
3.79295e-11 0.0379295
3.79813e-11 0.0379813
3.80332e-11 0.0380332
3.80851e-11 0.0380851
3.81369e-11 0.0381369
3.81888e-11 0.0381888
3.82407e-11 0.0382407
3.82925e-11 0.0382925
3.83444e-11 0.0383444
3.83963e-11 0.0383963
3.84481e-11 0.0384481
3.85e-11 0.0385
3.85519e-11 0.0385519
3.86037e-11 0.0386037
3.86556e-11 0.0386556
3.87075e-11 0.0387075
3.87593e-11 0.0387593
3.88112e-11 0.0388112
3.88631e-11 0.0388631
3.89149e-11 0.0389149
3.89668e-11 0.0389668
3.90187e-11 0.0390187
3.90705e-11 0.0390705
3.91224e-11 0.0391224
3.91743e-11 0.0391743
3.92261e-11 0.0392261
3.9278e-11 0.039278
3.93299e-11 0.0393299
3.93817e-11 0.0393817
3.94336e-11 0.0394336
3.94855e-11 0.0394855
3.95373e-11 0.0395373
3.95892e-11 0.0395892
3.96411e-11 0.0396411
3.96929e-11 0.0396929
3.97448e-11 0.0397448
3.97966e-11 0.0397966
3.98485e-11 0.0398485
3.99004e-11 0.0399004
3.99522e-11 0.0399522
4.00041e-11 0.0400041
4.0056e-11 0.040056
4.01078e-11 0.0401078
4.01597e-11 0.0401597
4.02116e-11 0.0402116
4.02634e-11 0.0402634
4.03153e-11 0.0403153
4.03672e-11 0.0403672
4.0419e-11 0.040419
4.04709e-11 0.0404709
4.05228e-11 0.0405228
4.05746e-11 0.0405746
4.06265e-11 0.0406265
4.06783e-11 0.0406783
4.07302e-11 0.0407302
4.07821e-11 0.0407821
4.08339e-11 0.0408339
4.08858e-11 0.0408858
4.09377e-11 0.0409377
4.09895e-11 0.0409895
4.10414e-11 0.0410414
4.10933e-11 0.0410933
4.11451e-11 0.0411451
4.1197e-11 0.041197
4.12488e-11 0.0412488
4.13007e-11 0.0413007
4.13526e-11 0.0413526
4.14044e-11 0.0414044
4.14563e-11 0.0414563
4.15082e-11 0.0415082
4.156e-11 0.04156
4.16119e-11 0.0416119
4.16637e-11 0.0416637
4.17156e-11 0.0417156
4.17675e-11 0.0417675
4.18193e-11 0.0418193
4.18712e-11 0.0418712
4.19231e-11 0.0419231
4.19749e-11 0.0419749
4.20268e-11 0.0420268
4.20786e-11 0.0420786
4.21305e-11 0.0421305
4.21824e-11 0.0421824
4.22342e-11 0.0422342
4.22861e-11 0.0422861
4.2338e-11 0.042338
4.23898e-11 0.0423898
4.24417e-11 0.0424417
4.24935e-11 0.0424935
4.25454e-11 0.0425454
4.25973e-11 0.0425973
4.26491e-11 0.0426491
4.2701e-11 0.042701
4.27528e-11 0.0427528
4.28047e-11 0.0428047
4.28566e-11 0.0428566
4.29084e-11 0.0429084
4.29603e-11 0.0429603
4.30122e-11 0.0430122
4.3064e-11 0.043064
4.31159e-11 0.0431159
4.31677e-11 0.0431677
4.32196e-11 0.0432196
4.32715e-11 0.0432715
4.33233e-11 0.0433233
4.33752e-11 0.0433752
4.3427e-11 0.043427
4.34789e-11 0.0434789
4.35308e-11 0.0435308
4.35826e-11 0.0435826
4.36345e-11 0.0436345
4.36863e-11 0.0436863
4.37382e-11 0.0437382
4.37901e-11 0.0437901
4.38419e-11 0.0438419
4.38938e-11 0.0438938
4.39456e-11 0.0439456
4.39975e-11 0.0439975
4.40494e-11 0.0440494
4.41012e-11 0.0441012
4.41531e-11 0.0441531
4.42049e-11 0.0442049
4.42568e-11 0.0442568
4.43087e-11 0.0443087
4.43581e-11 0.0443581
4.44033e-11 0.0444033
4.44485e-11 0.0444485
4.44936e-11 0.0444936
4.45388e-11 0.0445388
4.4584e-11 0.044584
4.46292e-11 0.0446292
4.46744e-11 0.0446744
4.47152e-11 0.0447152
4.4749e-11 0.044749
4.47827e-11 0.0447827
4.48165e-11 0.0448165
4.48503e-11 0.0448503
4.48841e-11 0.0448841
4.49178e-11 0.0449178
4.49516e-11 0.0449516
4.49854e-11 0.0449854
4.50192e-11 0.0450192
4.5053e-11 0.045053
4.50867e-11 0.0450867
4.51205e-11 0.0451205
4.51543e-11 0.0451543
4.51881e-11 0.0451881
4.52218e-11 0.0452218
4.52556e-11 0.0452556
4.52894e-11 0.0452894
4.53232e-11 0.0453232
4.53569e-11 0.0453569
4.53907e-11 0.0453907
4.54245e-11 0.0454245
4.54583e-11 0.0454583
4.5492e-11 0.045492
4.55258e-11 0.0455258
4.55596e-11 0.0455596
4.55934e-11 0.0455934
4.56271e-11 0.0456271
4.56609e-11 0.0456609
4.56947e-11 0.0456947
4.57285e-11 0.0457285
4.57623e-11 0.0457623
4.5796e-11 0.045796
4.58298e-11 0.0458298
4.58636e-11 0.0458636
4.58974e-11 0.0458974
4.59311e-11 0.0459311
4.59649e-11 0.0459649
4.59987e-11 0.0459987
4.60325e-11 0.0460325
4.60662e-11 0.0460662
4.61e-11 0.0461
4.61338e-11 0.0461338
4.61676e-11 0.0461676
4.62013e-11 0.0462013
4.62351e-11 0.0462351
4.62689e-11 0.0462689
4.63027e-11 0.0463027
4.63365e-11 0.0463365
4.63702e-11 0.0463702
4.6404e-11 0.046404
4.64378e-11 0.0464378
4.64716e-11 0.0464716
4.65053e-11 0.0465053
4.65391e-11 0.0465391
4.65729e-11 0.0465729
4.66067e-11 0.0466067
4.66404e-11 0.0466404
4.66742e-11 0.0466742
4.6708e-11 0.046708
4.67418e-11 0.0467418
4.67755e-11 0.0467755
4.68093e-11 0.0468093
4.68431e-11 0.0468431
4.68769e-11 0.0468769
4.69107e-11 0.0469107
4.69444e-11 0.0469444
4.69782e-11 0.0469782
4.7012e-11 0.047012
4.70458e-11 0.0470458
4.70795e-11 0.0470795
4.71133e-11 0.0471133
4.71471e-11 0.0471471
4.71809e-11 0.0471809
4.72146e-11 0.0472146
4.72484e-11 0.0472484
4.72822e-11 0.0472822
4.7316e-11 0.047316
4.73498e-11 0.0473498
4.73835e-11 0.0473835
4.74173e-11 0.0474173
4.74511e-11 0.0474511
4.74849e-11 0.0474849
4.75186e-11 0.0475186
4.75524e-11 0.0475524
4.75862e-11 0.0475862
4.762e-11 0.04762
4.76537e-11 0.0476537
4.76875e-11 0.0476875
4.77213e-11 0.0477213
4.77551e-11 0.0477551
4.77889e-11 0.0477889
4.78226e-11 0.0478226
4.78564e-11 0.0478564
4.78902e-11 0.0478902
4.7924e-11 0.047924
4.79577e-11 0.0479577
4.79915e-11 0.0479915
4.80253e-11 0.0480253
4.80591e-11 0.0480591
4.80928e-11 0.0480928
4.81266e-11 0.0481266
4.81604e-11 0.0481604
4.81942e-11 0.0481942
4.8228e-11 0.048228
4.82617e-11 0.0482617
4.82955e-11 0.0482955
4.83293e-11 0.0483293
4.83631e-11 0.0483631
4.83968e-11 0.0483968
4.84306e-11 0.0484306
4.84644e-11 0.0484644
4.84982e-11 0.0484982
4.85319e-11 0.0485319
4.85657e-11 0.0485657
4.85995e-11 0.0485995
4.86333e-11 0.0486333
4.86671e-11 0.0486671
4.87008e-11 0.0487008
4.87346e-11 0.0487346
4.87684e-11 0.0487684
4.88022e-11 0.0488022
4.88359e-11 0.0488359
4.88697e-11 0.0488697
4.89035e-11 0.0489035
4.89373e-11 0.0489373
4.8971e-11 0.048971
4.90048e-11 0.0490048
4.90386e-11 0.0490386
4.90724e-11 0.0490724
4.91062e-11 0.0491062
4.91399e-11 0.0491399
4.91737e-11 0.0491737
4.92075e-11 0.0492075
4.92413e-11 0.0492413
4.9275e-11 0.049275
4.93088e-11 0.0493088
4.93426e-11 0.0493426
4.93764e-11 0.0493764
4.94102e-11 0.0494102
4.94439e-11 0.0494439
4.94777e-11 0.0494777
4.95115e-11 0.0495115
4.95453e-11 0.0495453
4.9579e-11 0.049579
4.96128e-11 0.0496128
4.96466e-11 0.0496466
4.96804e-11 0.0496804
4.97141e-11 0.0497141
4.97479e-11 0.0497479
4.97817e-11 0.0497817
4.98155e-11 0.0498155
4.98493e-11 0.0498493
4.9883e-11 0.049883
4.99168e-11 0.0499168
4.99506e-11 0.0499506
4.99844e-11 0.0499844
5.00181e-11 0.0500181
5.00519e-11 0.0500519
5.00857e-11 0.0500857
5.01195e-11 0.0501195
5.01533e-11 0.0501533
5.0187e-11 0.050187
5.02208e-11 0.0502208
5.02546e-11 0.0502546
5.02884e-11 0.0502884
5.03221e-11 0.0503221
5.03559e-11 0.0503559
5.03897e-11 0.0503897
5.04235e-11 0.0504235
5.04573e-11 0.0504573
5.0491e-11 0.050491
5.05248e-11 0.0505248
5.05586e-11 0.0505586
5.05924e-11 0.0505924
5.06261e-11 0.0506261
5.06599e-11 0.0506599
5.06937e-11 0.0506937
5.07275e-11 0.0507275
5.07613e-11 0.0507613
5.0795e-11 0.050795
5.08288e-11 0.0508288
5.08626e-11 0.0508626
5.08964e-11 0.0508964
5.09301e-11 0.0509301
5.09639e-11 0.0509639
5.09977e-11 0.0509977
5.10315e-11 0.0510315
5.10653e-11 0.0510653
5.1099e-11 0.051099
5.11328e-11 0.0511328
5.11666e-11 0.0511666
5.12004e-11 0.0512004
5.12341e-11 0.0512341
5.12679e-11 0.0512679
5.13017e-11 0.0513017
5.13355e-11 0.0513355
5.13693e-11 0.0513693
5.1403e-11 0.051403
5.14368e-11 0.0514368
5.14706e-11 0.0514706
5.15044e-11 0.0515044
5.15381e-11 0.0515381
5.15719e-11 0.0515719
5.16057e-11 0.0516057
5.16395e-11 0.0516395
5.16733e-11 0.0516733
5.1707e-11 0.051707
5.17408e-11 0.0517408
5.17746e-11 0.0517746
5.18084e-11 0.0518084
5.18421e-11 0.0518421
5.18759e-11 0.0518759
5.19097e-11 0.0519097
5.19435e-11 0.0519435
5.19773e-11 0.0519773
5.2011e-11 0.052011
5.20448e-11 0.0520448
5.20786e-11 0.0520786
5.21124e-11 0.0521124
5.21461e-11 0.0521461
5.21799e-11 0.0521799
5.22137e-11 0.0522137
5.22475e-11 0.0522475
5.22813e-11 0.0522813
5.2315e-11 0.052315
5.23488e-11 0.0523488
5.23826e-11 0.0523826
5.24164e-11 0.0524164
5.24502e-11 0.0524502
5.24839e-11 0.0524839
5.25177e-11 0.0525177
5.25515e-11 0.0525515
5.25853e-11 0.0525853
5.2619e-11 0.052619
5.26528e-11 0.0526528
5.26866e-11 0.0526866
5.27204e-11 0.0527204
5.27542e-11 0.0527542
5.27879e-11 0.0527879
5.28217e-11 0.0528217
5.28555e-11 0.0528555
5.28893e-11 0.0528893
5.2923e-11 0.052923
5.29568e-11 0.0529568
5.29906e-11 0.0529906
5.30244e-11 0.0530244
5.30582e-11 0.0530582
5.30919e-11 0.0530919
5.31257e-11 0.0531257
5.31595e-11 0.0531595
5.31933e-11 0.0531933
5.32271e-11 0.0532271
5.32608e-11 0.0532608
5.32946e-11 0.0532946
5.33284e-11 0.0533284
5.33622e-11 0.0533622
5.33959e-11 0.0533959
5.34297e-11 0.0534297
5.34635e-11 0.0534635
5.34973e-11 0.0534973
5.35311e-11 0.0535311
5.35648e-11 0.0535648
5.35986e-11 0.0535986
5.36324e-11 0.0536324
5.36662e-11 0.0536662
5.36999e-11 0.0536999
5.37337e-11 0.0537337
5.37675e-11 0.0537675
5.38013e-11 0.0538013
5.38351e-11 0.0538351
5.38688e-11 0.0538688
5.39026e-11 0.0539026
5.39364e-11 0.0539364
5.39702e-11 0.0539702
5.4004e-11 0.054004
5.40377e-11 0.0540377
5.40715e-11 0.0540715
5.41053e-11 0.0541053
5.41391e-11 0.0541391
5.41728e-11 0.0541728
5.42066e-11 0.0542066
5.42404e-11 0.0542404
5.42742e-11 0.0542742
5.4308e-11 0.054308
5.43417e-11 0.0543417
5.43755e-11 0.0543755
5.44093e-11 0.0544093
5.44431e-11 0.0544431
5.44769e-11 0.0544769
5.45106e-11 0.0545106
5.45444e-11 0.0545444
5.45782e-11 0.0545782
5.4612e-11 0.054612
5.46458e-11 0.0546458
5.46795e-11 0.0546795
5.47133e-11 0.0547133
5.47471e-11 0.0547471
5.47809e-11 0.0547809
5.48146e-11 0.0548146
5.48484e-11 0.0548484
5.48822e-11 0.0548822
5.4916e-11 0.054916
5.49498e-11 0.0549498
5.49835e-11 0.0549835
5.50173e-11 0.0550173
5.50511e-11 0.0550511
5.50849e-11 0.0550849
5.51187e-11 0.0551187
5.51524e-11 0.0551524
5.51862e-11 0.0551862
5.522e-11 0.05522
5.52538e-11 0.0552538
5.52875e-11 0.0552875
5.53213e-11 0.0553213
5.53551e-11 0.0553551
5.53889e-11 0.0553889
5.54227e-11 0.0554227
5.54564e-11 0.0554564
5.54902e-11 0.0554902
5.5524e-11 0.055524
5.55578e-11 0.0555578
5.55916e-11 0.0555916
5.56253e-11 0.0556253
5.56591e-11 0.0556591
5.56929e-11 0.0556929
5.57267e-11 0.0557267
5.57605e-11 0.0557605
5.57942e-11 0.0557942
5.5828e-11 0.055828
5.58618e-11 0.0558618
5.58956e-11 0.0558956
5.59294e-11 0.0559294
5.59631e-11 0.0559631
5.59969e-11 0.0559969
5.60307e-11 0.0560307
5.60645e-11 0.0560645
5.60982e-11 0.0560982
5.6132e-11 0.056132
5.61658e-11 0.0561658
5.61996e-11 0.0561996
5.62334e-11 0.0562334
5.62671e-11 0.0562671
5.63009e-11 0.0563009
5.63347e-11 0.0563347
5.63685e-11 0.0563685
5.64023e-11 0.0564023
5.6436e-11 0.056436
5.64698e-11 0.0564698
5.65036e-11 0.0565036
5.65374e-11 0.0565374
5.65712e-11 0.0565712
5.66049e-11 0.0566049
5.66387e-11 0.0566387
5.66725e-11 0.0566725
5.67063e-11 0.0567063
5.67401e-11 0.0567401
5.67738e-11 0.0567738
5.68076e-11 0.0568076
5.68414e-11 0.0568414
5.68752e-11 0.0568752
5.69089e-11 0.0569089
5.69427e-11 0.0569427
5.69765e-11 0.0569765
5.70103e-11 0.0570103
5.70441e-11 0.0570441
5.70778e-11 0.0570778
5.71116e-11 0.0571116
5.71454e-11 0.0571454
5.71792e-11 0.0571792
5.7213e-11 0.057213
5.72467e-11 0.0572467
5.72805e-11 0.0572805
5.73143e-11 0.0573143
5.73481e-11 0.0573481
5.73819e-11 0.0573819
5.74156e-11 0.0574156
5.74494e-11 0.0574494
5.74832e-11 0.0574832
5.7517e-11 0.057517
5.75508e-11 0.0575508
5.75845e-11 0.0575845
5.76183e-11 0.0576183
5.76521e-11 0.0576521
5.76859e-11 0.0576859
5.77197e-11 0.0577197
5.77534e-11 0.0577534
5.77872e-11 0.0577872
5.7821e-11 0.057821
5.78548e-11 0.0578548
5.78886e-11 0.0578886
5.79223e-11 0.0579223
5.79561e-11 0.0579561
5.79899e-11 0.0579899
5.80237e-11 0.0580237
5.80575e-11 0.0580575
5.80912e-11 0.0580912
5.8125e-11 0.058125
5.81588e-11 0.0581588
5.81926e-11 0.0581926
5.82264e-11 0.0582264
5.82601e-11 0.0582601
5.82939e-11 0.0582939
5.83277e-11 0.0583277
5.83615e-11 0.0583615
5.83952e-11 0.0583952
5.8429e-11 0.058429
5.84628e-11 0.0584628
5.84966e-11 0.0584966
5.85304e-11 0.0585304
5.85641e-11 0.0585641
5.85979e-11 0.0585979
5.86317e-11 0.0586317
5.86655e-11 0.0586655
5.86993e-11 0.0586993
5.8733e-11 0.058733
5.87668e-11 0.0587668
5.88006e-11 0.0588006
5.88344e-11 0.0588344
5.88682e-11 0.0588682
5.89019e-11 0.0589019
5.89357e-11 0.0589357
5.89695e-11 0.0589695
5.90033e-11 0.0590033
5.90371e-11 0.0590371
5.90708e-11 0.0590708
5.91046e-11 0.0591046
5.91384e-11 0.0591384
5.91722e-11 0.0591722
5.9206e-11 0.059206
5.92397e-11 0.0592397
5.92735e-11 0.0592735
5.93073e-11 0.0593073
5.93411e-11 0.0593411
5.93749e-11 0.0593749
5.94086e-11 0.0594086
5.94424e-11 0.0594424
5.94762e-11 0.0594762
5.951e-11 0.05951
5.95438e-11 0.0595438
5.95775e-11 0.0595775
5.96113e-11 0.0596113
5.96451e-11 0.0596451
5.96789e-11 0.0596789
5.97127e-11 0.0597127
5.97464e-11 0.0597464
5.97802e-11 0.0597802
5.9814e-11 0.059814
5.98478e-11 0.0598478
5.98816e-11 0.0598816
5.99153e-11 0.0599153
5.99491e-11 0.0599491
5.99829e-11 0.0599829
6.00167e-11 0.0600167
6.00505e-11 0.0600505
6.00842e-11 0.0600842
6.0118e-11 0.060118
6.01518e-11 0.0601518
6.01856e-11 0.0601856
6.02194e-11 0.0602194
6.02532e-11 0.0602532
6.02869e-11 0.0602869
6.03207e-11 0.0603207
6.03545e-11 0.0603545
6.03883e-11 0.0603883
6.04221e-11 0.0604221
6.04558e-11 0.0604558
6.04896e-11 0.0604896
6.05234e-11 0.0605234
6.05572e-11 0.0605572
6.0591e-11 0.060591
6.06247e-11 0.0606247
6.06585e-11 0.0606585
6.06923e-11 0.0606923
6.07261e-11 0.0607261
6.07599e-11 0.0607599
6.07936e-11 0.0607936
6.08274e-11 0.0608274
6.08612e-11 0.0608612
6.0895e-11 0.060895
6.09288e-11 0.0609288
6.09625e-11 0.0609625
6.09963e-11 0.0609963
6.10301e-11 0.0610301
6.10639e-11 0.0610639
6.10977e-11 0.0610977
6.11314e-11 0.0611314
6.11652e-11 0.0611652
6.1199e-11 0.061199
6.12328e-11 0.0612328
6.12666e-11 0.0612666
6.13003e-11 0.0613003
6.13341e-11 0.0613341
6.13679e-11 0.0613679
6.14017e-11 0.0614017
6.14355e-11 0.0614355
6.14692e-11 0.0614692
6.1503e-11 0.061503
6.15368e-11 0.0615368
6.15706e-11 0.0615706
6.16044e-11 0.0616044
6.16382e-11 0.0616382
6.16719e-11 0.0616719
6.17057e-11 0.0617057
6.17395e-11 0.0617395
6.17733e-11 0.0617733
6.18071e-11 0.0618071
6.18408e-11 0.0618408
6.18746e-11 0.0618746
6.19084e-11 0.0619084
6.19422e-11 0.0619422
6.1976e-11 0.061976
6.20097e-11 0.0620097
6.20435e-11 0.0620435
6.20773e-11 0.0620773
6.21111e-11 0.0621111
6.21449e-11 0.0621449
6.21786e-11 0.0621786
6.22124e-11 0.0622124
6.22462e-11 0.0622462
6.228e-11 0.06228
6.23138e-11 0.0623138
6.23475e-11 0.0623475
6.23813e-11 0.0623813
6.24151e-11 0.0624151
6.24489e-11 0.0624489
6.24827e-11 0.0624827
6.25165e-11 0.0625165
6.25502e-11 0.0625502
6.2584e-11 0.062584
6.26178e-11 0.0626178
6.26516e-11 0.0626516
6.26854e-11 0.0626854
6.27191e-11 0.0627191
6.27529e-11 0.0627529
6.27867e-11 0.0627867
6.28205e-11 0.0628205
6.28543e-11 0.0628543
6.2888e-11 0.062888
6.29218e-11 0.0629218
6.29556e-11 0.0629556
6.29894e-11 0.0629894
6.30232e-11 0.0630232
6.30569e-11 0.0630569
6.30907e-11 0.0630907
6.31245e-11 0.0631245
6.31583e-11 0.0631583
6.31921e-11 0.0631921
6.32259e-11 0.0632259
6.32596e-11 0.0632596
6.32934e-11 0.0632934
6.33272e-11 0.0633272
6.3361e-11 0.063361
6.33948e-11 0.0633948
6.34285e-11 0.0634285
6.34623e-11 0.0634623
6.34961e-11 0.0634961
6.35299e-11 0.0635299
6.35637e-11 0.0635637
6.35974e-11 0.0635974
6.36312e-11 0.0636312
6.3665e-11 0.063665
6.36988e-11 0.0636988
6.37326e-11 0.0637326
6.37664e-11 0.0637664
6.38001e-11 0.0638001
6.38339e-11 0.0638339
6.38677e-11 0.0638677
6.39015e-11 0.0639015
6.39353e-11 0.0639353
6.3969e-11 0.063969
6.40028e-11 0.0640028
6.40366e-11 0.0640366
6.40704e-11 0.0640704
6.41042e-11 0.0641042
6.41379e-11 0.0641379
6.41717e-11 0.0641717
6.42055e-11 0.0642055
6.42393e-11 0.0642393
6.42731e-11 0.0642731
6.43069e-11 0.0643069
6.43406e-11 0.0643406
6.43744e-11 0.0643744
6.44082e-11 0.0644082
6.4442e-11 0.064442
6.44758e-11 0.0644758
6.45095e-11 0.0645095
6.45433e-11 0.0645433
6.45771e-11 0.0645771
6.46109e-11 0.0646109
6.46447e-11 0.0646447
6.46784e-11 0.0646784
6.47122e-11 0.0647122
6.4746e-11 0.064746
6.47798e-11 0.0647798
6.48136e-11 0.0648136
6.48474e-11 0.0648474
6.48811e-11 0.0648811
6.49149e-11 0.0649149
6.49487e-11 0.0649487
6.49825e-11 0.0649825
6.50163e-11 0.0650163
6.505e-11 0.06505
6.50838e-11 0.0650838
6.51176e-11 0.0651176
6.51514e-11 0.0651514
6.51852e-11 0.0651852
6.5219e-11 0.065219
6.52527e-11 0.0652527
6.52865e-11 0.0652865
6.53203e-11 0.0653203
6.53541e-11 0.0653541
6.53879e-11 0.0653879
6.54216e-11 0.0654216
6.54554e-11 0.0654554
6.54892e-11 0.0654892
6.5523e-11 0.065523
6.55568e-11 0.0655568
6.55906e-11 0.0655906
6.56243e-11 0.0656243
6.56581e-11 0.0656581
6.56919e-11 0.0656919
6.57257e-11 0.0657257
6.57595e-11 0.0657595
6.57932e-11 0.0657932
6.5827e-11 0.065827
6.58608e-11 0.0658608
6.58946e-11 0.0658946
6.59284e-11 0.0659284
6.59622e-11 0.0659622
6.59959e-11 0.0659959
6.60297e-11 0.0660297
6.60635e-11 0.0660635
6.60973e-11 0.0660973
6.61311e-11 0.0661311
6.61648e-11 0.0661648
6.61986e-11 0.0661986
6.62324e-11 0.0662324
6.62662e-11 0.0662662
6.63e-11 0.0663
6.63338e-11 0.0663338
6.63675e-11 0.0663675
6.64013e-11 0.0664013
6.64351e-11 0.0664351
6.64689e-11 0.0664689
6.65027e-11 0.0665027
6.65364e-11 0.0665364
6.65702e-11 0.0665702
6.6604e-11 0.066604
6.66378e-11 0.0666378
6.66716e-11 0.0666716
6.67054e-11 0.0667054
6.67391e-11 0.0667391
6.67729e-11 0.0667729
6.68067e-11 0.0668067
6.68405e-11 0.0668405
6.68743e-11 0.0668743
6.6908e-11 0.066908
6.69418e-11 0.0669418
6.69756e-11 0.0669756
6.70094e-11 0.0670094
6.70432e-11 0.0670432
6.7077e-11 0.067077
6.71107e-11 0.0671107
6.71445e-11 0.0671445
6.71783e-11 0.0671783
6.72121e-11 0.0672121
6.72459e-11 0.0672459
6.72797e-11 0.0672797
6.73134e-11 0.0673134
6.73472e-11 0.0673472
6.7381e-11 0.067381
6.74148e-11 0.0674148
6.74486e-11 0.0674486
6.74823e-11 0.0674823
6.75161e-11 0.0675161
6.75499e-11 0.0675499
6.75837e-11 0.0675837
6.76175e-11 0.0676175
6.76513e-11 0.0676513
6.7685e-11 0.067685
6.77188e-11 0.0677188
6.77526e-11 0.0677526
6.77864e-11 0.0677864
6.78202e-11 0.0678202
6.78539e-11 0.0678539
6.78877e-11 0.0678877
6.79215e-11 0.0679215
6.79553e-11 0.0679553
6.79891e-11 0.0679891
6.80229e-11 0.0680229
6.80566e-11 0.0680566
6.80904e-11 0.0680904
6.81242e-11 0.0681242
6.8158e-11 0.068158
6.81918e-11 0.0681918
6.82256e-11 0.0682256
6.82593e-11 0.0682593
6.82931e-11 0.0682931
6.83269e-11 0.0683269
6.83607e-11 0.0683607
6.83945e-11 0.0683945
6.84283e-11 0.0684283
6.8462e-11 0.068462
6.84958e-11 0.0684958
6.85296e-11 0.0685296
6.85634e-11 0.0685634
6.85972e-11 0.0685972
6.86309e-11 0.0686309
6.86647e-11 0.0686647
6.86985e-11 0.0686985
6.87323e-11 0.0687323
6.87661e-11 0.0687661
6.87999e-11 0.0687999
6.88336e-11 0.0688336
6.88674e-11 0.0688674
6.89012e-11 0.0689012
6.8935e-11 0.068935
6.89688e-11 0.0689688
6.90026e-11 0.0690026
6.90363e-11 0.0690363
6.90701e-11 0.0690701
6.91039e-11 0.0691039
6.91377e-11 0.0691377
6.91715e-11 0.0691715
6.92053e-11 0.0692053
6.9239e-11 0.069239
6.92728e-11 0.0692728
6.93066e-11 0.0693066
6.93404e-11 0.0693404
6.93742e-11 0.0693742
6.94079e-11 0.0694079
6.94417e-11 0.0694417
6.94755e-11 0.0694755
6.95093e-11 0.0695093
6.95431e-11 0.0695431
6.95769e-11 0.0695769
6.96106e-11 0.0696106
6.96444e-11 0.0696444
6.96782e-11 0.0696782
6.9712e-11 0.069712
6.97458e-11 0.0697458
6.97796e-11 0.0697796
6.98133e-11 0.0698133
6.98471e-11 0.0698471
6.98809e-11 0.0698809
6.99147e-11 0.0699147
6.99485e-11 0.0699485
6.99823e-11 0.0699823
7.0016e-11 0.070016
7.00498e-11 0.0700498
7.00836e-11 0.0700836
7.01174e-11 0.0701174
7.01512e-11 0.0701512
7.0185e-11 0.070185
7.02187e-11 0.0702187
7.02525e-11 0.0702525
7.02863e-11 0.0702863
7.03201e-11 0.0703201
7.03539e-11 0.0703539
7.03877e-11 0.0703877
7.04214e-11 0.0704214
7.04552e-11 0.0704552
7.0489e-11 0.070489
7.05228e-11 0.0705228
7.05566e-11 0.0705566
7.05904e-11 0.0705904
7.06241e-11 0.0706241
7.06579e-11 0.0706579
7.06917e-11 0.0706917
7.07255e-11 0.0707255
7.07593e-11 0.0707593
7.0793e-11 0.070793
7.08268e-11 0.0708268
7.08606e-11 0.0708606
7.08944e-11 0.0708944
7.09282e-11 0.0709282
7.0962e-11 0.070962
7.09957e-11 0.0709957
7.10295e-11 0.0710295
7.10633e-11 0.0710633
7.10971e-11 0.0710971
7.11309e-11 0.0711309
7.11647e-11 0.0711647
7.11984e-11 0.0711984
7.12322e-11 0.0712322
7.1266e-11 0.071266
7.12998e-11 0.0712998
7.13336e-11 0.0713336
7.13674e-11 0.0713674
7.14011e-11 0.0714011
7.14349e-11 0.0714349
7.14687e-11 0.0714687
7.15025e-11 0.0715025
7.15363e-11 0.0715363
7.15701e-11 0.0715701
7.16038e-11 0.0716038
7.16376e-11 0.0716376
7.16714e-11 0.0716714
7.17052e-11 0.0717052
7.1739e-11 0.071739
7.17728e-11 0.0717728
7.18065e-11 0.0718065
7.18403e-11 0.0718403
7.18741e-11 0.0718741
7.19079e-11 0.0719079
7.19417e-11 0.0719417
7.19755e-11 0.0719755
7.20092e-11 0.0720092
7.2043e-11 0.072043
7.20768e-11 0.0720768
7.21106e-11 0.0721106
7.21444e-11 0.0721444
7.21782e-11 0.0721782
7.22119e-11 0.0722119
7.22457e-11 0.0722457
7.22795e-11 0.0722795
7.23133e-11 0.0723133
7.23471e-11 0.0723471
7.23809e-11 0.0723809
7.24147e-11 0.0724147
7.24484e-11 0.0724484
7.24822e-11 0.0724822
7.2516e-11 0.072516
7.25498e-11 0.0725498
7.25836e-11 0.0725836
7.26174e-11 0.0726174
7.26511e-11 0.0726511
7.26849e-11 0.0726849
7.27187e-11 0.0727187
7.27525e-11 0.0727525
7.27863e-11 0.0727863
7.28201e-11 0.0728201
7.28538e-11 0.0728538
7.28876e-11 0.0728876
7.29214e-11 0.0729214
7.29552e-11 0.0729552
7.2989e-11 0.072989
7.30228e-11 0.0730228
7.30565e-11 0.0730565
7.30903e-11 0.0730903
7.31241e-11 0.0731241
7.31579e-11 0.0731579
7.31917e-11 0.0731917
7.32255e-11 0.0732255
7.32592e-11 0.0732592
7.3293e-11 0.073293
7.33268e-11 0.0733268
7.33606e-11 0.0733606
7.33944e-11 0.0733944
7.34282e-11 0.0734282
7.34619e-11 0.0734619
7.34957e-11 0.0734957
7.35295e-11 0.0735295
7.35633e-11 0.0735633
7.35971e-11 0.0735971
7.36309e-11 0.0736309
7.36647e-11 0.0736647
7.36984e-11 0.0736984
7.37322e-11 0.0737322
7.3766e-11 0.073766
7.37998e-11 0.0737998
7.38336e-11 0.0738336
7.38674e-11 0.0738674
7.39011e-11 0.0739011
7.39349e-11 0.0739349
7.39687e-11 0.0739687
7.40025e-11 0.0740025
7.40363e-11 0.0740363
7.40701e-11 0.0740701
7.41038e-11 0.0741038
7.41376e-11 0.0741376
7.41714e-11 0.0741714
7.42052e-11 0.0742052
7.4239e-11 0.074239
7.42728e-11 0.0742728
7.43065e-11 0.0743065
7.43403e-11 0.0743403
7.43741e-11 0.0743741
7.44079e-11 0.0744079
7.44417e-11 0.0744417
7.44755e-11 0.0744755
7.45093e-11 0.0745093
7.4543e-11 0.074543
7.45768e-11 0.0745768
7.46106e-11 0.0746106
7.46444e-11 0.0746444
7.46782e-11 0.0746782
7.4712e-11 0.074712
7.47457e-11 0.0747457
7.47795e-11 0.0747795
7.48133e-11 0.0748133
7.48471e-11 0.0748471
7.48809e-11 0.0748809
7.49147e-11 0.0749147
7.49484e-11 0.0749484
7.49822e-11 0.0749822
7.5016e-11 0.075016
7.50498e-11 0.0750498
7.50836e-11 0.0750836
7.51174e-11 0.0751174
7.51512e-11 0.0751512
7.51849e-11 0.0751849
7.52187e-11 0.0752187
7.52525e-11 0.0752525
7.52863e-11 0.0752863
7.53201e-11 0.0753201
7.53539e-11 0.0753539
7.53876e-11 0.0753876
7.54214e-11 0.0754214
7.54552e-11 0.0754552
7.5489e-11 0.075489
7.55228e-11 0.0755228
7.55566e-11 0.0755566
7.55904e-11 0.0755904
7.56241e-11 0.0756241
7.56579e-11 0.0756579
7.56917e-11 0.0756917
7.57255e-11 0.0757255
7.57593e-11 0.0757593
7.57931e-11 0.0757931
7.58268e-11 0.0758268
7.58606e-11 0.0758606
7.58944e-11 0.0758944
7.59282e-11 0.0759282
7.5962e-11 0.075962
7.59958e-11 0.0759958
7.60295e-11 0.0760295
7.60633e-11 0.0760633
7.60971e-11 0.0760971
7.61309e-11 0.0761309
7.61647e-11 0.0761647
7.61985e-11 0.0761985
7.62323e-11 0.0762323
7.6266e-11 0.076266
7.62998e-11 0.0762998
7.63336e-11 0.0763336
7.63674e-11 0.0763674
7.64012e-11 0.0764012
7.6435e-11 0.076435
7.64687e-11 0.0764687
7.65025e-11 0.0765025
7.65363e-11 0.0765363
7.65701e-11 0.0765701
7.66039e-11 0.0766039
7.66377e-11 0.0766377
7.66715e-11 0.0766715
7.67052e-11 0.0767052
7.6739e-11 0.076739
7.67728e-11 0.0767728
7.68066e-11 0.0768066
7.68404e-11 0.0768404
7.68742e-11 0.0768742
7.6908e-11 0.076908
7.69417e-11 0.0769417
7.69755e-11 0.0769755
7.70093e-11 0.0770093
7.70431e-11 0.0770431
7.70769e-11 0.0770769
7.71107e-11 0.0771107
7.71444e-11 0.0771444
7.71782e-11 0.0771782
7.7212e-11 0.077212
7.72458e-11 0.0772458
7.72796e-11 0.0772796
7.73134e-11 0.0773134
7.73472e-11 0.0773472
7.73809e-11 0.0773809
7.74147e-11 0.0774147
7.74485e-11 0.0774485
7.74823e-11 0.0774823
7.75161e-11 0.0775161
7.75499e-11 0.0775499
7.75837e-11 0.0775837
7.76174e-11 0.0776174
7.76512e-11 0.0776512
7.7685e-11 0.077685
7.77188e-11 0.0777188
7.77526e-11 0.0777526
7.77864e-11 0.0777864
7.78201e-11 0.0778201
7.78539e-11 0.0778539
7.78877e-11 0.0778877
7.79215e-11 0.0779215
7.79553e-11 0.0779553
7.79891e-11 0.0779891
7.80229e-11 0.0780229
7.80566e-11 0.0780566
7.80904e-11 0.0780904
7.81242e-11 0.0781242
7.8158e-11 0.078158
7.81918e-11 0.0781918
7.82256e-11 0.0782256
7.82594e-11 0.0782594
7.82931e-11 0.0782931
7.83269e-11 0.0783269
7.83607e-11 0.0783607
7.83945e-11 0.0783945
7.84283e-11 0.0784283
7.84621e-11 0.0784621
7.84958e-11 0.0784958
7.85296e-11 0.0785296
7.85634e-11 0.0785634
7.85972e-11 0.0785972
7.8631e-11 0.078631
7.86648e-11 0.0786648
7.86986e-11 0.0786986
7.87323e-11 0.0787323
7.87661e-11 0.0787661
7.87999e-11 0.0787999
7.88337e-11 0.0788337
7.88675e-11 0.0788675
7.89013e-11 0.0789013
7.89351e-11 0.0789351
7.89688e-11 0.0789688
7.90026e-11 0.0790026
7.90364e-11 0.0790364
7.90702e-11 0.0790702
7.9104e-11 0.079104
7.91378e-11 0.0791378
7.91716e-11 0.0791716
7.92053e-11 0.0792053
7.92391e-11 0.0792391
7.92729e-11 0.0792729
7.93067e-11 0.0793067
7.93405e-11 0.0793405
7.93743e-11 0.0793743
7.94081e-11 0.0794081
7.94418e-11 0.0794418
7.94756e-11 0.0794756
7.95094e-11 0.0795094
7.95432e-11 0.0795432
7.9577e-11 0.079577
7.96108e-11 0.0796108
7.96446e-11 0.0796446
7.96783e-11 0.0796783
7.97121e-11 0.0797121
7.97459e-11 0.0797459
7.97797e-11 0.0797797
7.98135e-11 0.0798135
7.98473e-11 0.0798473
7.98811e-11 0.0798811
7.99148e-11 0.0799148
7.99486e-11 0.0799486
7.99824e-11 0.0799824
8.00162e-11 0.0800162
8.005e-11 0.08005
8.00838e-11 0.0800838
8.01176e-11 0.0801176
8.01513e-11 0.0801513
8.01851e-11 0.0801851
8.02189e-11 0.0802189
8.02527e-11 0.0802527
8.02865e-11 0.0802865
8.03203e-11 0.0803203
8.03541e-11 0.0803541
8.03878e-11 0.0803878
8.04216e-11 0.0804216
8.04554e-11 0.0804554
8.04892e-11 0.0804892
8.0523e-11 0.080523
8.05568e-11 0.0805568
8.05906e-11 0.0805906
8.06243e-11 0.0806243
8.06581e-11 0.0806581
8.06919e-11 0.0806919
8.07257e-11 0.0807257
8.07595e-11 0.0807595
8.07933e-11 0.0807933
8.08271e-11 0.0808271
8.08608e-11 0.0808608
8.08946e-11 0.0808946
8.09284e-11 0.0809284
8.09622e-11 0.0809622
8.0996e-11 0.080996
8.10298e-11 0.0810298
8.10636e-11 0.0810636
8.10973e-11 0.0810973
8.11311e-11 0.0811311
8.11649e-11 0.0811649
8.11987e-11 0.0811987
8.12325e-11 0.0812325
8.12663e-11 0.0812663
8.13001e-11 0.0813001
8.13338e-11 0.0813338
8.13676e-11 0.0813676
8.14014e-11 0.0814014
8.14352e-11 0.0814352
8.1469e-11 0.081469
8.15028e-11 0.0815028
8.15366e-11 0.0815366
8.15703e-11 0.0815703
8.16041e-11 0.0816041
8.16379e-11 0.0816379
8.16717e-11 0.0816717
8.17055e-11 0.0817055
8.17393e-11 0.0817393
8.17731e-11 0.0817731
8.18068e-11 0.0818068
8.18406e-11 0.0818406
8.18744e-11 0.0818744
8.19082e-11 0.0819082
8.1942e-11 0.081942
8.19758e-11 0.0819758
8.20096e-11 0.0820096
8.20434e-11 0.0820434
8.20771e-11 0.0820771
8.21109e-11 0.0821109
8.21447e-11 0.0821447
8.21785e-11 0.0821785
8.22123e-11 0.0822123
8.22461e-11 0.0822461
8.22799e-11 0.0822799
8.23136e-11 0.0823136
8.23474e-11 0.0823474
8.23812e-11 0.0823812
8.2415e-11 0.082415
8.24488e-11 0.0824488
8.24812e-11 0.0824812
8.25098e-11 0.0825098
8.25385e-11 0.0825385
8.25672e-11 0.0825672
8.25959e-11 0.0825959
8.26246e-11 0.0826246
8.26533e-11 0.0826533
8.2682e-11 0.082682
8.27107e-11 0.0827107
8.27393e-11 0.0827393
8.2768e-11 0.082768
8.27967e-11 0.0827967
8.28254e-11 0.0828254
8.28541e-11 0.0828541
8.28828e-11 0.0828828
8.29115e-11 0.0829115
8.29402e-11 0.0829402
8.29688e-11 0.0829688
8.29975e-11 0.0829975
8.30262e-11 0.0830262
8.30549e-11 0.0830549
8.30836e-11 0.0830836
8.31123e-11 0.0831123
8.3141e-11 0.083141
8.31697e-11 0.0831697
8.31983e-11 0.0831983
8.3227e-11 0.083227
8.32557e-11 0.0832557
8.32844e-11 0.0832844
8.33131e-11 0.0833131
8.33418e-11 0.0833418
8.33705e-11 0.0833705
8.33992e-11 0.0833992
8.34278e-11 0.0834278
8.34565e-11 0.0834565
8.34852e-11 0.0834852
8.35139e-11 0.0835139
8.35426e-11 0.0835426
8.35713e-11 0.0835713
8.36e-11 0.0836
8.36287e-11 0.0836287
8.36574e-11 0.0836574
8.3686e-11 0.083686
8.37147e-11 0.0837147
8.37434e-11 0.0837434
8.37721e-11 0.0837721
8.38008e-11 0.0838008
8.38295e-11 0.0838295
8.38582e-11 0.0838582
8.38869e-11 0.0838869
8.39155e-11 0.0839155
8.39442e-11 0.0839442
8.39729e-11 0.0839729
8.40016e-11 0.0840016
8.40303e-11 0.0840303
8.4059e-11 0.084059
8.40877e-11 0.0840877
8.41164e-11 0.0841164
8.41451e-11 0.0841451
8.41737e-11 0.0841737
8.42024e-11 0.0842024
8.42311e-11 0.0842311
8.42598e-11 0.0842598
8.42885e-11 0.0842885
8.43143e-11 0.0843143
8.43397e-11 0.0843397
8.43651e-11 0.0843651
8.43906e-11 0.0843906
8.4416e-11 0.084416
8.44414e-11 0.0844414
8.44669e-11 0.0844669
8.44923e-11 0.0844923
8.45177e-11 0.0845177
8.45432e-11 0.0845432
8.45686e-11 0.0845686
8.4594e-11 0.084594
8.46195e-11 0.0846195
8.46449e-11 0.0846449
8.46703e-11 0.0846703
8.46958e-11 0.0846958
8.47212e-11 0.0847212
8.47466e-11 0.0847466
8.47721e-11 0.0847721
8.47975e-11 0.0847975
8.48229e-11 0.0848229
8.48484e-11 0.0848484
8.48738e-11 0.0848738
8.48992e-11 0.0848992
8.49247e-11 0.0849247
8.49501e-11 0.0849501
8.49755e-11 0.0849755
8.5001e-11 0.085001
8.50264e-11 0.0850264
8.50519e-11 0.0850519
8.50773e-11 0.0850773
8.51027e-11 0.0851027
8.51282e-11 0.0851282
8.51536e-11 0.0851536
8.5179e-11 0.085179
8.52045e-11 0.0852045
8.52299e-11 0.0852299
8.52553e-11 0.0852553
8.52808e-11 0.0852808
8.53062e-11 0.0853062
8.53316e-11 0.0853316
8.53571e-11 0.0853571
8.53825e-11 0.0853825
8.54079e-11 0.0854079
8.54334e-11 0.0854334
8.54588e-11 0.0854588
8.54842e-11 0.0854842
8.55097e-11 0.0855097
8.55351e-11 0.0855351
8.55606e-11 0.0855606
8.5586e-11 0.085586
8.56114e-11 0.0856114
8.56369e-11 0.0856369
8.56623e-11 0.0856623
8.56877e-11 0.0856877
8.57132e-11 0.0857132
8.57386e-11 0.0857386
8.5764e-11 0.085764
8.57895e-11 0.0857895
8.58149e-11 0.0858149
8.58403e-11 0.0858403
8.58658e-11 0.0858658
8.58912e-11 0.0858912
8.59167e-11 0.0859167
8.59421e-11 0.0859421
8.59675e-11 0.0859675
8.5993e-11 0.085993
8.60184e-11 0.0860184
8.60438e-11 0.0860438
8.60693e-11 0.0860693
8.60947e-11 0.0860947
8.61201e-11 0.0861201
8.61456e-11 0.0861456
8.6171e-11 0.086171
8.61965e-11 0.0861965
8.62219e-11 0.0862219
8.62473e-11 0.0862473
8.62728e-11 0.0862728
8.62982e-11 0.0862982
8.63236e-11 0.0863236
8.63491e-11 0.0863491
8.63745e-11 0.0863745
8.63999e-11 0.0863999
8.64254e-11 0.0864254
8.64508e-11 0.0864508
8.64763e-11 0.0864763
8.65017e-11 0.0865017
8.65271e-11 0.0865271
8.65526e-11 0.0865526
8.6578e-11 0.086578
8.66034e-11 0.0866034
8.66289e-11 0.0866289
8.66543e-11 0.0866543
8.66798e-11 0.0866798
8.67052e-11 0.0867052
8.67306e-11 0.0867306
8.67561e-11 0.0867561
8.67815e-11 0.0867815
8.68069e-11 0.0868069
8.68324e-11 0.0868324
8.68578e-11 0.0868578
8.68833e-11 0.0868833
8.69087e-11 0.0869087
8.69341e-11 0.0869341
8.69596e-11 0.0869596
8.6985e-11 0.086985
8.70104e-11 0.0870104
8.70359e-11 0.0870359
8.70613e-11 0.0870613
8.70868e-11 0.0870868
8.71122e-11 0.0871122
8.71376e-11 0.0871376
8.71631e-11 0.0871631
8.71885e-11 0.0871885
8.72139e-11 0.0872139
8.72394e-11 0.0872394
8.72648e-11 0.0872648
8.72903e-11 0.0872903
8.73157e-11 0.0873157
8.73411e-11 0.0873411
8.73666e-11 0.0873666
8.7392e-11 0.087392
8.74175e-11 0.0874175
8.74429e-11 0.0874429
8.74683e-11 0.0874683
8.74938e-11 0.0874938
8.75192e-11 0.0875192
8.75446e-11 0.0875446
8.75701e-11 0.0875701
8.75955e-11 0.0875955
8.7621e-11 0.087621
8.76464e-11 0.0876464
8.76718e-11 0.0876718
8.76973e-11 0.0876973
8.77227e-11 0.0877227
8.77482e-11 0.0877482
8.77736e-11 0.0877736
8.7799e-11 0.087799
8.78245e-11 0.0878245
8.78499e-11 0.0878499
8.78754e-11 0.0878754
8.79008e-11 0.0879008
8.79262e-11 0.0879262
8.79517e-11 0.0879517
8.79771e-11 0.0879771
8.80025e-11 0.0880025
8.8028e-11 0.088028
8.80534e-11 0.0880534
8.80789e-11 0.0880789
8.81043e-11 0.0881043
8.81297e-11 0.0881297
8.81552e-11 0.0881552
8.81806e-11 0.0881806
8.82061e-11 0.0882061
8.82315e-11 0.0882315
8.82569e-11 0.0882569
8.82824e-11 0.0882824
8.83078e-11 0.0883078
8.83333e-11 0.0883333
8.83587e-11 0.0883587
8.83841e-11 0.0883841
8.84096e-11 0.0884096
8.8435e-11 0.088435
8.84605e-11 0.0884605
8.84859e-11 0.0884859
8.85113e-11 0.0885113
8.85368e-11 0.0885368
8.85622e-11 0.0885622
8.85877e-11 0.0885877
8.86131e-11 0.0886131
8.86385e-11 0.0886385
8.8664e-11 0.088664
8.86894e-11 0.0886894
8.87149e-11 0.0887149
8.87403e-11 0.0887403
8.87657e-11 0.0887657
8.87912e-11 0.0887912
8.88166e-11 0.0888166
8.88421e-11 0.0888421
8.88675e-11 0.0888675
8.88929e-11 0.0888929
8.89184e-11 0.0889184
8.89438e-11 0.0889438
8.89693e-11 0.0889693
8.89947e-11 0.0889947
8.90201e-11 0.0890201
8.90456e-11 0.0890456
8.9071e-11 0.089071
8.90965e-11 0.0890965
8.91219e-11 0.0891219
8.91474e-11 0.0891474
8.91728e-11 0.0891728
8.91982e-11 0.0891982
8.92237e-11 0.0892237
8.92491e-11 0.0892491
8.92746e-11 0.0892746
8.93e-11 0.0893
8.93254e-11 0.0893254
8.93509e-11 0.0893509
8.93763e-11 0.0893763
8.94018e-11 0.0894018
8.94272e-11 0.0894272
8.94526e-11 0.0894526
8.94781e-11 0.0894781
8.95035e-11 0.0895035
8.9529e-11 0.089529
8.95544e-11 0.0895544
8.95799e-11 0.0895799
8.96053e-11 0.0896053
8.96307e-11 0.0896307
8.96562e-11 0.0896562
8.96816e-11 0.0896816
8.97071e-11 0.0897071
8.97325e-11 0.0897325
8.9758e-11 0.089758
8.97834e-11 0.0897834
8.98088e-11 0.0898088
8.98343e-11 0.0898343
8.98597e-11 0.0898597
8.98852e-11 0.0898852
8.99106e-11 0.0899106
8.9936e-11 0.089936
8.99615e-11 0.0899615
8.99869e-11 0.0899869
9.00124e-11 0.0900124
9.00378e-11 0.0900378
9.00633e-11 0.0900633
9.00887e-11 0.0900887
9.01141e-11 0.0901141
9.01396e-11 0.0901396
9.0165e-11 0.090165
9.01905e-11 0.0901905
9.02159e-11 0.0902159
9.02414e-11 0.0902414
9.02668e-11 0.0902668
9.02922e-11 0.0902922
9.03177e-11 0.0903177
9.03431e-11 0.0903431
9.03686e-11 0.0903686
9.0394e-11 0.090394
9.04195e-11 0.0904195
9.04449e-11 0.0904449
9.04703e-11 0.0904703
9.04958e-11 0.0904958
9.05212e-11 0.0905212
9.05467e-11 0.0905467
9.05721e-11 0.0905721
9.05976e-11 0.0905976
9.0623e-11 0.090623
9.06484e-11 0.0906484
9.06739e-11 0.0906739
9.06993e-11 0.0906993
9.07248e-11 0.0907248
9.07502e-11 0.0907502
9.07757e-11 0.0907757
9.08011e-11 0.0908011
9.08265e-11 0.0908265
9.0852e-11 0.090852
9.08774e-11 0.0908774
9.09029e-11 0.0909029
9.09283e-11 0.0909283
9.09538e-11 0.0909538
9.09792e-11 0.0909792
9.10047e-11 0.0910047
9.10301e-11 0.0910301
9.10555e-11 0.0910555
9.1081e-11 0.091081
9.11064e-11 0.0911064
9.11319e-11 0.0911319
9.11573e-11 0.0911573
9.11828e-11 0.0911828
9.12082e-11 0.0912082
9.12337e-11 0.0912337
9.12591e-11 0.0912591
9.12845e-11 0.0912845
9.131e-11 0.09131
9.13354e-11 0.0913354
9.13609e-11 0.0913609
9.13863e-11 0.0913863
9.14118e-11 0.0914118
9.14372e-11 0.0914372
9.14627e-11 0.0914627
9.14881e-11 0.0914881
9.15135e-11 0.0915135
9.1539e-11 0.091539
9.15644e-11 0.0915644
9.15899e-11 0.0915899
9.16153e-11 0.0916153
9.16408e-11 0.0916408
9.16662e-11 0.0916662
9.16917e-11 0.0916917
9.17171e-11 0.0917171
9.17425e-11 0.0917425
9.1768e-11 0.091768
9.17934e-11 0.0917934
9.18189e-11 0.0918189
9.18443e-11 0.0918443
9.18698e-11 0.0918698
9.18952e-11 0.0918952
9.19207e-11 0.0919207
9.19461e-11 0.0919461
9.19716e-11 0.0919716
9.1997e-11 0.091997
9.20224e-11 0.0920224
9.20479e-11 0.0920479
9.20733e-11 0.0920733
9.20988e-11 0.0920988
9.21242e-11 0.0921242
9.21497e-11 0.0921497
9.21751e-11 0.0921751
9.22006e-11 0.0922006
9.2226e-11 0.092226
9.22515e-11 0.0922515
9.22769e-11 0.0922769
9.23023e-11 0.0923023
9.23278e-11 0.0923278
9.23532e-11 0.0923532
9.23787e-11 0.0923787
9.24041e-11 0.0924041
9.24296e-11 0.0924296
9.2455e-11 0.092455
9.24805e-11 0.0924805
9.25059e-11 0.0925059
9.25314e-11 0.0925314
9.25568e-11 0.0925568
9.25823e-11 0.0925823
9.26077e-11 0.0926077
9.26331e-11 0.0926331
9.26586e-11 0.0926586
9.2684e-11 0.092684
9.27095e-11 0.0927095
9.27349e-11 0.0927349
9.27604e-11 0.0927604
9.27858e-11 0.0927858
9.28113e-11 0.0928113
9.28367e-11 0.0928367
9.28622e-11 0.0928622
9.28876e-11 0.0928876
9.29131e-11 0.0929131
9.29385e-11 0.0929385
9.2964e-11 0.092964
9.29894e-11 0.0929894
9.30148e-11 0.0930148
9.30403e-11 0.0930403
9.30657e-11 0.0930657
9.30912e-11 0.0930912
9.31166e-11 0.0931166
9.31421e-11 0.0931421
9.31675e-11 0.0931675
9.3193e-11 0.093193
9.32184e-11 0.0932184
9.32439e-11 0.0932439
9.32693e-11 0.0932693
9.32948e-11 0.0932948
9.33202e-11 0.0933202
9.33457e-11 0.0933457
9.33711e-11 0.0933711
9.33966e-11 0.0933966
9.3422e-11 0.093422
9.34475e-11 0.0934475
9.34729e-11 0.0934729
9.34983e-11 0.0934983
9.35238e-11 0.0935238
9.35492e-11 0.0935492
9.35747e-11 0.0935747
9.36001e-11 0.0936001
9.36256e-11 0.0936256
9.3651e-11 0.093651
9.36765e-11 0.0936765
9.37019e-11 0.0937019
9.37274e-11 0.0937274
9.37528e-11 0.0937528
9.37783e-11 0.0937783
9.38037e-11 0.0938037
9.38292e-11 0.0938292
9.38546e-11 0.0938546
9.38801e-11 0.0938801
9.39055e-11 0.0939055
9.3931e-11 0.093931
9.39564e-11 0.0939564
9.39819e-11 0.0939819
9.40073e-11 0.0940073
9.40328e-11 0.0940328
9.40582e-11 0.0940582
9.40837e-11 0.0940837
9.41091e-11 0.0941091
9.41346e-11 0.0941346
9.416e-11 0.09416
9.41855e-11 0.0941855
9.42109e-11 0.0942109
9.42364e-11 0.0942364
9.42618e-11 0.0942618
9.42872e-11 0.0942872
9.43127e-11 0.0943127
9.43381e-11 0.0943381
9.43636e-11 0.0943636
9.4389e-11 0.094389
9.44145e-11 0.0944145
9.44399e-11 0.0944399
9.44654e-11 0.0944654
9.44908e-11 0.0944908
9.45163e-11 0.0945163
9.45417e-11 0.0945417
9.45672e-11 0.0945672
9.45926e-11 0.0945926
9.46181e-11 0.0946181
9.46435e-11 0.0946435
9.4669e-11 0.094669
9.46944e-11 0.0946944
9.47199e-11 0.0947199
9.47453e-11 0.0947453
9.47708e-11 0.0947708
9.47962e-11 0.0947962
9.48217e-11 0.0948217
9.48471e-11 0.0948471
9.48726e-11 0.0948726
9.4898e-11 0.094898
9.49235e-11 0.0949235
9.49489e-11 0.0949489
9.49744e-11 0.0949744
9.49998e-11 0.0949998
9.50253e-11 0.0950253
9.50507e-11 0.0950507
9.50762e-11 0.0950762
9.51016e-11 0.0951016
9.51271e-11 0.0951271
9.51525e-11 0.0951525
9.5178e-11 0.095178
9.52034e-11 0.0952034
9.52289e-11 0.0952289
9.52543e-11 0.0952543
9.52798e-11 0.0952798
9.53052e-11 0.0953052
9.53307e-11 0.0953307
9.53561e-11 0.0953561
9.53816e-11 0.0953816
9.5407e-11 0.095407
9.54325e-11 0.0954325
9.54579e-11 0.0954579
9.54834e-11 0.0954834
9.55088e-11 0.0955088
9.55343e-11 0.0955343
9.55597e-11 0.0955597
9.55852e-11 0.0955852
9.56106e-11 0.0956106
9.56361e-11 0.0956361
9.56616e-11 0.0956616
9.5687e-11 0.095687
9.57125e-11 0.0957125
9.57379e-11 0.0957379
9.57634e-11 0.0957634
9.57888e-11 0.0957888
9.58143e-11 0.0958143
9.58397e-11 0.0958397
9.58652e-11 0.0958652
9.58906e-11 0.0958906
9.59161e-11 0.0959161
9.59415e-11 0.0959415
9.5967e-11 0.095967
9.59924e-11 0.0959924
9.60179e-11 0.0960179
9.60433e-11 0.0960433
9.60688e-11 0.0960688
9.60942e-11 0.0960942
9.61197e-11 0.0961197
9.61451e-11 0.0961451
9.61706e-11 0.0961706
9.6196e-11 0.096196
9.62215e-11 0.0962215
9.62469e-11 0.0962469
9.62724e-11 0.0962724
9.62978e-11 0.0962978
9.63233e-11 0.0963233
9.63487e-11 0.0963487
9.63742e-11 0.0963742
9.63996e-11 0.0963996
9.64251e-11 0.0964251
9.64506e-11 0.0964506
9.6476e-11 0.096476
9.65015e-11 0.0965015
9.65269e-11 0.0965269
9.65524e-11 0.0965524
9.65778e-11 0.0965778
9.66033e-11 0.0966033
9.66287e-11 0.0966287
9.66542e-11 0.0966542
9.66796e-11 0.0966796
9.67051e-11 0.0967051
9.67305e-11 0.0967305
9.6756e-11 0.096756
9.67814e-11 0.0967814
9.68069e-11 0.0968069
9.68323e-11 0.0968323
9.68578e-11 0.0968578
9.68832e-11 0.0968832
9.69087e-11 0.0969087
9.69342e-11 0.0969342
9.69596e-11 0.0969596
9.69851e-11 0.0969851
9.70105e-11 0.0970105
9.7036e-11 0.097036
9.70614e-11 0.0970614
9.70869e-11 0.0970869
9.71123e-11 0.0971123
9.71378e-11 0.0971378
9.71632e-11 0.0971632
9.71887e-11 0.0971887
9.72141e-11 0.0972141
9.72396e-11 0.0972396
9.7265e-11 0.097265
9.72905e-11 0.0972905
9.7316e-11 0.097316
9.73414e-11 0.0973414
9.73669e-11 0.0973669
9.73923e-11 0.0973923
9.74178e-11 0.0974178
9.74432e-11 0.0974432
9.74687e-11 0.0974687
9.74941e-11 0.0974941
9.75196e-11 0.0975196
9.7545e-11 0.097545
9.75705e-11 0.0975705
9.75959e-11 0.0975959
9.76214e-11 0.0976214
9.76469e-11 0.0976469
9.76723e-11 0.0976723
9.76978e-11 0.0976978
9.77232e-11 0.0977232
9.77487e-11 0.0977487
9.77741e-11 0.0977741
9.77996e-11 0.0977996
9.7825e-11 0.097825
9.78505e-11 0.0978505
9.78759e-11 0.0978759
9.79014e-11 0.0979014
9.79269e-11 0.0979269
9.79523e-11 0.0979523
9.79778e-11 0.0979778
9.80032e-11 0.0980032
9.80287e-11 0.0980287
9.80541e-11 0.0980541
9.80796e-11 0.0980796
9.8105e-11 0.098105
9.81305e-11 0.0981305
9.81559e-11 0.0981559
9.81814e-11 0.0981814
9.82069e-11 0.0982069
9.82323e-11 0.0982323
9.82578e-11 0.0982578
9.82832e-11 0.0982832
9.83087e-11 0.0983087
9.83341e-11 0.0983341
9.83596e-11 0.0983596
9.8385e-11 0.098385
9.84105e-11 0.0984105
9.8436e-11 0.098436
9.84614e-11 0.0984614
9.84869e-11 0.0984869
9.85123e-11 0.0985123
9.85378e-11 0.0985378
9.85632e-11 0.0985632
9.85887e-11 0.0985887
9.86141e-11 0.0986141
9.86396e-11 0.0986396
9.86651e-11 0.0986651
9.86905e-11 0.0986905
9.8716e-11 0.098716
9.87414e-11 0.0987414
9.87669e-11 0.0987669
9.87923e-11 0.0987923
9.88178e-11 0.0988178
9.88432e-11 0.0988432
9.88687e-11 0.0988687
9.88942e-11 0.0988942
9.89196e-11 0.0989196
9.89451e-11 0.0989451
9.89705e-11 0.0989705
9.8996e-11 0.098996
9.90214e-11 0.0990214
9.90469e-11 0.0990469
9.90724e-11 0.0990724
9.90978e-11 0.0990978
9.91233e-11 0.0991233
9.91487e-11 0.0991487
9.91742e-11 0.0991742
9.91996e-11 0.0991996
9.92251e-11 0.0992251
9.92505e-11 0.0992505
9.9276e-11 0.099276
9.93015e-11 0.0993015
9.93269e-11 0.0993269
9.93524e-11 0.0993524
9.93778e-11 0.0993778
9.94033e-11 0.0994033
9.94287e-11 0.0994287
9.94542e-11 0.0994542
9.94797e-11 0.0994797
9.95051e-11 0.0995051
9.95306e-11 0.0995306
9.9556e-11 0.099556
9.95815e-11 0.0995815
9.96069e-11 0.0996069
9.96324e-11 0.0996324
9.96579e-11 0.0996579
9.96833e-11 0.0996833
9.97088e-11 0.0997088
9.97342e-11 0.0997342
9.97597e-11 0.0997597
9.97851e-11 0.0997851
9.98106e-11 0.0998106
9.98361e-11 0.0998361
9.98615e-11 0.0998615
9.9887e-11 0.099887
9.99124e-11 0.0999124
9.99379e-11 0.0999379
9.99633e-11 0.0999633
9.99888e-11 0.0999888
1.00014e-10 0.100014
1.0004e-10 0.10004
1.00065e-10 0.100065
1.00091e-10 0.100091
1.00116e-10 0.100116
1.00142e-10 0.100142
1.00167e-10 0.100167
1.00192e-10 0.100192
1.00218e-10 0.100218
1.00243e-10 0.100243
1.00269e-10 0.100269
1.00294e-10 0.100294
1.0032e-10 0.10032
1.00345e-10 0.100345
1.00371e-10 0.100371
1.00396e-10 0.100396
1.00422e-10 0.100422
1.00447e-10 0.100447
1.00473e-10 0.100473
1.00498e-10 0.100498
1.00523e-10 0.100523
1.00549e-10 0.100549
1.00574e-10 0.100574
1.006e-10 0.1006
1.00625e-10 0.100625
1.00651e-10 0.100651
1.00676e-10 0.100676
1.00702e-10 0.100702
1.00727e-10 0.100727
1.00753e-10 0.100753
1.00778e-10 0.100778
1.00803e-10 0.100803
1.00829e-10 0.100829
1.00854e-10 0.100854
1.0088e-10 0.10088
1.00905e-10 0.100905
1.00931e-10 0.100931
1.00956e-10 0.100956
1.00982e-10 0.100982
1.01007e-10 0.101007
1.01033e-10 0.101033
1.01058e-10 0.101058
1.01084e-10 0.101084
1.01109e-10 0.101109
1.01134e-10 0.101134
1.0116e-10 0.10116
1.01185e-10 0.101185
1.01211e-10 0.101211
1.01236e-10 0.101236
1.01262e-10 0.101262
1.01287e-10 0.101287
1.01313e-10 0.101313
1.01338e-10 0.101338
1.01364e-10 0.101364
1.01389e-10 0.101389
1.01415e-10 0.101415
1.0144e-10 0.10144
1.01465e-10 0.101465
1.01491e-10 0.101491
1.01516e-10 0.101516
1.01542e-10 0.101542
1.01567e-10 0.101567
1.01593e-10 0.101593
1.01618e-10 0.101618
1.01644e-10 0.101644
1.01669e-10 0.101669
1.01695e-10 0.101695
1.0172e-10 0.10172
1.01745e-10 0.101745
1.01771e-10 0.101771
1.01796e-10 0.101796
1.01822e-10 0.101822
1.01847e-10 0.101847
1.01873e-10 0.101873
1.01898e-10 0.101898
1.01924e-10 0.101924
1.01949e-10 0.101949
1.01975e-10 0.101975
1.02e-10 0.102
1.02026e-10 0.102026
1.02051e-10 0.102051
1.02076e-10 0.102076
1.02102e-10 0.102102
1.02127e-10 0.102127
1.02153e-10 0.102153
1.02178e-10 0.102178
1.02204e-10 0.102204
1.02229e-10 0.102229
1.02255e-10 0.102255
1.0228e-10 0.10228
1.02306e-10 0.102306
1.02331e-10 0.102331
1.02357e-10 0.102357
1.02382e-10 0.102382
1.02407e-10 0.102407
1.02433e-10 0.102433
1.02458e-10 0.102458
1.02484e-10 0.102484
1.02509e-10 0.102509
1.02535e-10 0.102535
1.0256e-10 0.10256
1.02586e-10 0.102586
1.02611e-10 0.102611
1.02637e-10 0.102637
1.02662e-10 0.102662
1.02688e-10 0.102688
1.02713e-10 0.102713
1.02738e-10 0.102738
1.02764e-10 0.102764
1.02789e-10 0.102789
1.02815e-10 0.102815
1.0284e-10 0.10284
1.02866e-10 0.102866
1.02891e-10 0.102891
1.02917e-10 0.102917
1.02942e-10 0.102942
1.02968e-10 0.102968
1.02993e-10 0.102993
1.03019e-10 0.103019
1.03044e-10 0.103044
1.03069e-10 0.103069
1.03095e-10 0.103095
1.0312e-10 0.10312
1.03146e-10 0.103146
1.03171e-10 0.103171
1.03197e-10 0.103197
1.03222e-10 0.103222
1.03248e-10 0.103248
1.03273e-10 0.103273
1.03299e-10 0.103299
1.03324e-10 0.103324
1.0335e-10 0.10335
1.03375e-10 0.103375
1.03401e-10 0.103401
1.03426e-10 0.103426
1.03451e-10 0.103451
1.03477e-10 0.103477
1.03502e-10 0.103502
1.03528e-10 0.103528
1.03553e-10 0.103553
1.03579e-10 0.103579
1.03604e-10 0.103604
1.0363e-10 0.10363
1.03655e-10 0.103655
1.03681e-10 0.103681
1.03706e-10 0.103706
1.03732e-10 0.103732
1.03757e-10 0.103757
1.03782e-10 0.103782
1.03808e-10 0.103808
1.03833e-10 0.103833
1.03859e-10 0.103859
1.03884e-10 0.103884
1.0391e-10 0.10391
1.03935e-10 0.103935
1.03961e-10 0.103961
1.03986e-10 0.103986
1.04012e-10 0.104012
1.04037e-10 0.104037
1.04063e-10 0.104063
1.04088e-10 0.104088
1.04113e-10 0.104113
1.04139e-10 0.104139
1.04164e-10 0.104164
1.0419e-10 0.10419
1.04215e-10 0.104215
1.04241e-10 0.104241
1.04266e-10 0.104266
1.04292e-10 0.104292
1.04317e-10 0.104317
1.04343e-10 0.104343
1.04368e-10 0.104368
1.04394e-10 0.104394
1.04419e-10 0.104419
1.04445e-10 0.104445
1.0447e-10 0.10447
1.04495e-10 0.104495
1.04521e-10 0.104521
1.04546e-10 0.104546
1.04572e-10 0.104572
1.04597e-10 0.104597
1.04623e-10 0.104623
1.04648e-10 0.104648
1.04674e-10 0.104674
1.04699e-10 0.104699
1.04725e-10 0.104725
1.0475e-10 0.10475
1.04776e-10 0.104776
1.04801e-10 0.104801
1.04826e-10 0.104826
1.04852e-10 0.104852
1.04877e-10 0.104877
1.04903e-10 0.104903
1.04928e-10 0.104928
1.04954e-10 0.104954
1.04979e-10 0.104979
1.05005e-10 0.105005
1.0503e-10 0.10503
1.05056e-10 0.105056
1.05081e-10 0.105081
1.05107e-10 0.105107
1.05132e-10 0.105132
1.05158e-10 0.105158
1.05183e-10 0.105183
1.05208e-10 0.105208
1.05234e-10 0.105234
1.05259e-10 0.105259
1.05285e-10 0.105285
1.0531e-10 0.10531
1.05336e-10 0.105336
1.05361e-10 0.105361
1.05387e-10 0.105387
1.05412e-10 0.105412
1.05438e-10 0.105438
1.05463e-10 0.105463
1.05489e-10 0.105489
1.05514e-10 0.105514
1.0554e-10 0.10554
1.05565e-10 0.105565
1.0559e-10 0.10559
1.05616e-10 0.105616
1.05641e-10 0.105641
1.05667e-10 0.105667
1.05692e-10 0.105692
1.05718e-10 0.105718
1.05743e-10 0.105743
1.05769e-10 0.105769
1.05794e-10 0.105794
1.0582e-10 0.10582
1.05845e-10 0.105845
1.05871e-10 0.105871
1.05896e-10 0.105896
1.05922e-10 0.105922
1.05947e-10 0.105947
1.05972e-10 0.105972
1.05998e-10 0.105998
1.06023e-10 0.106023
1.06049e-10 0.106049
1.06074e-10 0.106074
1.061e-10 0.1061
1.06125e-10 0.106125
1.06151e-10 0.106151
1.06176e-10 0.106176
1.06202e-10 0.106202
1.06227e-10 0.106227
1.06253e-10 0.106253
1.06278e-10 0.106278
1.06304e-10 0.106304
1.06329e-10 0.106329
1.06354e-10 0.106354
1.0638e-10 0.10638
1.06405e-10 0.106405
1.06431e-10 0.106431
1.06456e-10 0.106456
1.06482e-10 0.106482
1.06507e-10 0.106507
1.06533e-10 0.106533
1.06558e-10 0.106558
1.06584e-10 0.106584
1.06609e-10 0.106609
1.06635e-10 0.106635
1.0666e-10 0.10666
1.06686e-10 0.106686
1.06711e-10 0.106711
1.06736e-10 0.106736
1.06762e-10 0.106762
1.06787e-10 0.106787
1.06813e-10 0.106813
1.06838e-10 0.106838
1.06864e-10 0.106864
1.06889e-10 0.106889
1.06915e-10 0.106915
1.0694e-10 0.10694
1.06966e-10 0.106966
1.06991e-10 0.106991
1.07017e-10 0.107017
1.07042e-10 0.107042
1.07068e-10 0.107068
1.07093e-10 0.107093
1.07119e-10 0.107119
1.07144e-10 0.107144
1.07169e-10 0.107169
1.07195e-10 0.107195
1.0722e-10 0.10722
1.07246e-10 0.107246
1.07271e-10 0.107271
1.07297e-10 0.107297
1.07322e-10 0.107322
1.07348e-10 0.107348
1.07373e-10 0.107373
1.07399e-10 0.107399
1.07424e-10 0.107424
1.0745e-10 0.10745
1.07475e-10 0.107475
1.07501e-10 0.107501
1.07526e-10 0.107526
1.07551e-10 0.107551
1.07577e-10 0.107577
1.07602e-10 0.107602
1.07628e-10 0.107628
1.07653e-10 0.107653
1.07679e-10 0.107679
1.07704e-10 0.107704
1.0773e-10 0.10773
1.07755e-10 0.107755
1.07781e-10 0.107781
1.07806e-10 0.107806
1.07832e-10 0.107832
1.07857e-10 0.107857
1.07883e-10 0.107883
1.07908e-10 0.107908
1.07934e-10 0.107934
1.07959e-10 0.107959
1.07984e-10 0.107984
1.0801e-10 0.10801
1.08035e-10 0.108035
1.08061e-10 0.108061
1.08086e-10 0.108086
1.08112e-10 0.108112
1.08137e-10 0.108137
1.08163e-10 0.108163
1.08188e-10 0.108188
1.08214e-10 0.108214
1.08239e-10 0.108239
1.08265e-10 0.108265
1.0829e-10 0.10829
1.08316e-10 0.108316
1.08341e-10 0.108341
1.08367e-10 0.108367
1.08392e-10 0.108392
1.08417e-10 0.108417
1.08443e-10 0.108443
1.08468e-10 0.108468
1.08494e-10 0.108494
1.08519e-10 0.108519
1.08545e-10 0.108545
1.0857e-10 0.10857
1.08596e-10 0.108596
1.08621e-10 0.108621
1.08647e-10 0.108647
1.08672e-10 0.108672
1.08698e-10 0.108698
1.08723e-10 0.108723
1.08749e-10 0.108749
1.08774e-10 0.108774
1.088e-10 0.1088
1.08825e-10 0.108825
1.0885e-10 0.10885
1.08876e-10 0.108876
1.08901e-10 0.108901
1.08927e-10 0.108927
1.08952e-10 0.108952
1.08978e-10 0.108978
1.09003e-10 0.109003
1.09029e-10 0.109029
1.09054e-10 0.109054
1.0908e-10 0.10908
1.09105e-10 0.109105
1.09131e-10 0.109131
1.09156e-10 0.109156
1.09182e-10 0.109182
1.09207e-10 0.109207
1.09233e-10 0.109233
1.09258e-10 0.109258
1.09284e-10 0.109284
1.09309e-10 0.109309
1.09334e-10 0.109334
1.0936e-10 0.10936
1.09385e-10 0.109385
1.09411e-10 0.109411
1.09436e-10 0.109436
1.09462e-10 0.109462
1.09487e-10 0.109487
1.09513e-10 0.109513
1.09538e-10 0.109538
1.09564e-10 0.109564
1.09589e-10 0.109589
1.09615e-10 0.109615
1.0964e-10 0.10964
1.09666e-10 0.109666
1.09691e-10 0.109691
1.09717e-10 0.109717
1.09742e-10 0.109742
1.09767e-10 0.109767
1.09793e-10 0.109793
1.09818e-10 0.109818
1.09844e-10 0.109844
1.09869e-10 0.109869
1.09895e-10 0.109895
1.0992e-10 0.10992
1.09946e-10 0.109946
1.09971e-10 0.109971
1.09997e-10 0.109997
1.10022e-10 0.110022
1.10048e-10 0.110048
1.10073e-10 0.110073
1.10099e-10 0.110099
1.10124e-10 0.110124
1.1015e-10 0.11015
1.10175e-10 0.110175
1.10201e-10 0.110201
1.10226e-10 0.110226
1.10251e-10 0.110251
1.10277e-10 0.110277
1.10302e-10 0.110302
1.10328e-10 0.110328
1.10353e-10 0.110353
1.10379e-10 0.110379
1.10404e-10 0.110404
1.1043e-10 0.11043
1.10455e-10 0.110455
1.10481e-10 0.110481
1.10506e-10 0.110506
1.10532e-10 0.110532
1.10557e-10 0.110557
1.10583e-10 0.110583
1.10608e-10 0.110608
1.10634e-10 0.110634
1.10659e-10 0.110659
1.10685e-10 0.110685
1.1071e-10 0.11071
1.10735e-10 0.110735
1.10761e-10 0.110761
1.10786e-10 0.110786
1.10812e-10 0.110812
1.10837e-10 0.110837
1.10863e-10 0.110863
1.10888e-10 0.110888
1.10914e-10 0.110914
1.10939e-10 0.110939
1.10965e-10 0.110965
1.1099e-10 0.11099
1.11016e-10 0.111016
1.11041e-10 0.111041
1.11067e-10 0.111067
1.11092e-10 0.111092
1.11118e-10 0.111118
1.11143e-10 0.111143
1.11169e-10 0.111169
1.11194e-10 0.111194
1.1122e-10 0.11122
1.11245e-10 0.111245
1.1127e-10 0.11127
1.11296e-10 0.111296
1.11321e-10 0.111321
1.11347e-10 0.111347
1.11372e-10 0.111372
1.11398e-10 0.111398
1.11423e-10 0.111423
1.11449e-10 0.111449
1.11474e-10 0.111474
1.115e-10 0.1115
1.11525e-10 0.111525
1.11551e-10 0.111551
1.11576e-10 0.111576
1.11602e-10 0.111602
1.11627e-10 0.111627
1.11653e-10 0.111653
1.11678e-10 0.111678
1.11704e-10 0.111704
1.11729e-10 0.111729
1.11754e-10 0.111754
1.1178e-10 0.11178
1.11805e-10 0.111805
1.11831e-10 0.111831
1.11856e-10 0.111856
1.11882e-10 0.111882
1.11907e-10 0.111907
1.11933e-10 0.111933
1.11958e-10 0.111958
1.11984e-10 0.111984
1.12009e-10 0.112009
1.12035e-10 0.112035
1.1206e-10 0.11206
1.12086e-10 0.112086
1.12111e-10 0.112111
1.12137e-10 0.112137
1.12162e-10 0.112162
1.12188e-10 0.112188
