5.50548e-15 5.50548e-06
1.1011e-14 1.1011e-05
1.65165e-14 1.65165e-05
2.2022e-14 2.2022e-05
2.75275e-14 2.75275e-05
3.3033e-14 3.3033e-05
3.85386e-14 3.85386e-05
4.40442e-14 4.40442e-05
4.95499e-14 4.95499e-05
5.50556e-14 5.50556e-05
3.14395e-15 3.14395e-06
-4.87674e-14 -4.87674e-05
-1.00679e-13 -0.000100679
-1.5259e-13 -0.00015259
-2.04502e-13 -0.000204502
-2.56413e-13 -0.000256413
-3.08323e-13 -0.000308323
-3.60235e-13 -0.000360235
-4.12147e-13 -0.000412147
-4.64057e-13 -0.000464057
-5.15968e-13 -0.000515968
-5.67879e-13 -0.000567879
-6.1979e-13 -0.00061979
-6.717e-13 -0.0006717
-7.23611e-13 -0.000723611
-7.75522e-13 -0.000775522
-8.27432e-13 -0.000827432
-8.79343e-13 -0.000879343
-9.31253e-13 -0.000931253
-9.83163e-13 -0.000983163
-1.03507e-12 -0.00103507
-1.08698e-12 -0.00108698
-1.13889e-12 -0.00113889
-1.1908e-12 -0.0011908
-1.24271e-12 -0.00124271
-1.29462e-12 -0.00129462
-1.34653e-12 -0.00134653
-1.39844e-12 -0.00139844
-1.45035e-12 -0.00145035
-1.50226e-12 -0.00150226
-1.55417e-12 -0.00155417
-1.60608e-12 -0.00160608
-1.65799e-12 -0.00165799
-1.7099e-12 -0.0017099
-1.76181e-12 -0.00176181
-1.81372e-12 -0.00181372
-1.86563e-12 -0.00186563
-1.91754e-12 -0.00191754
-1.96945e-12 -0.00196945
-2.02136e-12 -0.00202136
-2.07327e-12 -0.00207327
-2.12517e-12 -0.00212517
-2.17708e-12 -0.00217708
-2.22899e-12 -0.00222899
-2.2809e-12 -0.0022809
-2.33281e-12 -0.00233281
-2.38472e-12 -0.00238472
-2.43663e-12 -0.00243663
-2.48853e-12 -0.00248853
-2.54044e-12 -0.00254044
-2.59235e-12 -0.00259235
-2.64426e-12 -0.00264426
-2.69617e-12 -0.00269617
-2.74808e-12 -0.00274808
-2.79998e-12 -0.00279998
-2.85189e-12 -0.00285189
-2.9038e-12 -0.0029038
-2.95571e-12 -0.00295571
-3.00761e-12 -0.00300761
-3.05952e-12 -0.00305952
-3.11143e-12 -0.00311143
-3.16334e-12 -0.00316334
-3.21524e-12 -0.00321524
-3.26715e-12 -0.00326715
-3.31906e-12 -0.00331906
-3.37097e-12 -0.00337097
-3.42287e-12 -0.00342287
-3.47478e-12 -0.00347478
-3.52669e-12 -0.00352669
-3.5786e-12 -0.0035786
-3.6305e-12 -0.0036305
-3.68241e-12 -0.00368241
-3.73432e-12 -0.00373432
-3.78622e-12 -0.00378622
-3.83813e-12 -0.00383813
-3.89004e-12 -0.00389004
-3.94194e-12 -0.00394194
-3.99385e-12 -0.00399385
-4.04576e-12 -0.00404576
-4.09766e-12 -0.00409766
-4.14957e-12 -0.00414957
-4.20147e-12 -0.00420147
-4.25338e-12 -0.00425338
-4.30529e-12 -0.00430529
-4.35719e-12 -0.00435719
-4.4091e-12 -0.0044091
-4.46101e-12 -0.00446101
-4.51291e-12 -0.00451291
-4.56482e-12 -0.00456482
-4.61672e-12 -0.00461672
-4.66863e-12 -0.00466863
-4.72053e-12 -0.00472053
-4.77244e-12 -0.00477244
-4.82434e-12 -0.00482434
-4.87625e-12 -0.00487625
-4.92816e-12 -0.00492816
-4.98006e-12 -0.00498006
-5.03197e-12 -0.00503197
-5.08387e-12 -0.00508387
-5.13578e-12 -0.00513578
-5.18768e-12 -0.00518768
-5.23959e-12 -0.00523959
-5.29149e-12 -0.00529149
-5.3434e-12 -0.0053434
-5.3953e-12 -0.0053953
-5.44721e-12 -0.00544721
-5.49911e-12 -0.00549911
-5.55101e-12 -0.00555101
-5.60292e-12 -0.00560292
-5.65482e-12 -0.00565482
-5.70673e-12 -0.00570673
-5.75863e-12 -0.00575863
-5.81054e-12 -0.00581054
-5.86244e-12 -0.00586244
-5.91434e-12 -0.00591434
-5.96625e-12 -0.00596625
-6.01815e-12 -0.00601815
-6.07006e-12 -0.00607006
-6.12196e-12 -0.00612196
-6.17386e-12 -0.00617386
-6.22577e-12 -0.00622577
-6.27767e-12 -0.00627767
-6.32957e-12 -0.00632957
-6.38148e-12 -0.00638148
-6.43338e-12 -0.00643338
-6.48529e-12 -0.00648529
-6.53719e-12 -0.00653719
-6.58909e-12 -0.00658909
-6.64099e-12 -0.00664099
-6.6929e-12 -0.0066929
-6.7448e-12 -0.0067448
-6.7967e-12 -0.0067967
-6.84861e-12 -0.00684861
-6.90051e-12 -0.00690051
-6.95241e-12 -0.00695241
-7.00432e-12 -0.00700432
-7.05622e-12 -0.00705622
-7.10812e-12 -0.00710812
-7.16002e-12 -0.00716002
-7.21193e-12 -0.00721193
-7.26383e-12 -0.00726383
-7.31573e-12 -0.00731573
-7.36763e-12 -0.00736763
-7.41953e-12 -0.00741953
-7.47144e-12 -0.00747144
-7.52334e-12 -0.00752334
-7.57524e-12 -0.00757524
-7.62714e-12 -0.00762714
-7.67904e-12 -0.00767904
-7.73095e-12 -0.00773095
-7.78285e-12 -0.00778285
-7.83475e-12 -0.00783475
-7.88665e-12 -0.00788665
-7.93855e-12 -0.00793855
-7.99045e-12 -0.00799045
-8.04236e-12 -0.00804236
-8.09426e-12 -0.00809426
-8.14616e-12 -0.00814616
-8.19806e-12 -0.00819806
-8.24996e-12 -0.00824996
-8.30186e-12 -0.00830186
-8.35376e-12 -0.00835376
-8.40566e-12 -0.00840566
-8.45756e-12 -0.00845756
-8.50947e-12 -0.00850947
-8.56137e-12 -0.00856137
-8.61327e-12 -0.00861327
-8.66517e-12 -0.00866517
-8.71707e-12 -0.00871707
-8.76897e-12 -0.00876897
-8.82087e-12 -0.00882087
-8.87277e-12 -0.00887277
-8.92467e-12 -0.00892467
-8.97657e-12 -0.00897657
-9.02847e-12 -0.00902847
-9.08037e-12 -0.00908037
-9.13227e-12 -0.00913227
-9.18417e-12 -0.00918417
-9.23607e-12 -0.00923607
-9.28797e-12 -0.00928797
-9.33987e-12 -0.00933987
-9.39177e-12 -0.00939177
-9.44367e-12 -0.00944367
-9.49557e-12 -0.00949557
-9.54747e-12 -0.00954747
-9.59937e-12 -0.00959937
-9.65127e-12 -0.00965127
-9.70317e-12 -0.00970317
-9.75507e-12 -0.00975507
-9.80696e-12 -0.00980696
-9.85886e-12 -0.00985886
-9.91076e-12 -0.00991076
-9.96266e-12 -0.00996266
-1.00146e-11 -0.0100146
-1.00665e-11 -0.0100665
-1.01184e-11 -0.0101184
-1.01703e-11 -0.0101703
-1.02222e-11 -0.0102222
-1.02741e-11 -0.0102741
-1.0326e-11 -0.010326
-1.03779e-11 -0.0103779
-1.04297e-11 -0.0104297
-1.04816e-11 -0.0104816
-1.05335e-11 -0.0105335
-1.05854e-11 -0.0105854
-1.06373e-11 -0.0106373
-1.06892e-11 -0.0106892
-1.07411e-11 -0.0107411
-1.0793e-11 -0.010793
-1.08449e-11 -0.0108449
-1.08968e-11 -0.0108968
-1.09487e-11 -0.0109487
-1.10006e-11 -0.0110006
-1.10525e-11 -0.0110525
-1.11044e-11 -0.0111044
-1.11563e-11 -0.0111563
-1.12082e-11 -0.0112082
-1.12601e-11 -0.0112601
-1.1312e-11 -0.011312
-1.13639e-11 -0.0113639
-1.14158e-11 -0.0114158
-1.14677e-11 -0.0114677
-1.15196e-11 -0.0115196
-1.15715e-11 -0.0115715
-1.16234e-11 -0.0116234
-1.16753e-11 -0.0116753
-1.17272e-11 -0.0117272
-1.17791e-11 -0.0117791
-1.1831e-11 -0.011831
-1.18829e-11 -0.0118829
-1.19348e-11 -0.0119348
-1.19867e-11 -0.0119867
-1.20386e-11 -0.0120386
-1.20905e-11 -0.0120905
-1.21424e-11 -0.0121424
-1.21943e-11 -0.0121943
-1.22462e-11 -0.0122462
-1.2298e-11 -0.012298
-1.23499e-11 -0.0123499
-1.24018e-11 -0.0124018
-1.24537e-11 -0.0124537
-1.25056e-11 -0.0125056
-1.25575e-11 -0.0125575
-1.26094e-11 -0.0126094
-1.26613e-11 -0.0126613
-1.27132e-11 -0.0127132
-1.27651e-11 -0.0127651
-1.2817e-11 -0.012817
-1.28689e-11 -0.0128689
-1.29208e-11 -0.0129208
-1.29727e-11 -0.0129727
-1.30246e-11 -0.0130246
-1.30765e-11 -0.0130765
-1.31284e-11 -0.0131284
-1.31803e-11 -0.0131803
-1.32322e-11 -0.0132322
-1.32841e-11 -0.0132841
-1.3336e-11 -0.013336
-1.33878e-11 -0.0133878
-1.34397e-11 -0.0134397
-1.34916e-11 -0.0134916
-1.35435e-11 -0.0135435
-1.35954e-11 -0.0135954
-1.36473e-11 -0.0136473
-1.36992e-11 -0.0136992
-1.37511e-11 -0.0137511
-1.3803e-11 -0.013803
-1.38549e-11 -0.0138549
-1.39068e-11 -0.0139068
-1.39587e-11 -0.0139587
-1.40106e-11 -0.0140106
-1.40625e-11 -0.0140625
-1.41144e-11 -0.0141144
-1.41663e-11 -0.0141663
-1.42182e-11 -0.0142182
-1.427e-11 -0.01427
-1.43219e-11 -0.0143219
-1.43738e-11 -0.0143738
-1.44257e-11 -0.0144257
-1.44776e-11 -0.0144776
-1.45295e-11 -0.0145295
-1.45814e-11 -0.0145814
-1.46333e-11 -0.0146333
-1.46852e-11 -0.0146852
-1.47371e-11 -0.0147371
-1.4789e-11 -0.014789
-1.48409e-11 -0.0148409
-1.48928e-11 -0.0148928
-1.49447e-11 -0.0149447
-1.49966e-11 -0.0149966
-1.50484e-11 -0.0150484
-1.51003e-11 -0.0151003
-1.51522e-11 -0.0151522
-1.52041e-11 -0.0152041
-1.5256e-11 -0.015256
-1.53079e-11 -0.0153079
-1.53598e-11 -0.0153598
-1.54117e-11 -0.0154117
-1.54636e-11 -0.0154636
-1.55155e-11 -0.0155155
-1.55674e-11 -0.0155674
-1.56193e-11 -0.0156193
-1.56711e-11 -0.0156711
-1.5723e-11 -0.015723
-1.57749e-11 -0.0157749
-1.58268e-11 -0.0158268
-1.58787e-11 -0.0158787
-1.59306e-11 -0.0159306
-1.59825e-11 -0.0159825
-1.60344e-11 -0.0160344
-1.60863e-11 -0.0160863
-1.61382e-11 -0.0161382
-1.61901e-11 -0.0161901
-1.6242e-11 -0.016242
-1.62938e-11 -0.0162938
-1.63457e-11 -0.0163457
-1.63976e-11 -0.0163976
-1.64495e-11 -0.0164495
-1.65014e-11 -0.0165014
-1.65533e-11 -0.0165533
-1.66052e-11 -0.0166052
-1.66571e-11 -0.0166571
-1.6709e-11 -0.016709
-1.67609e-11 -0.0167609
-1.68128e-11 -0.0168128
-1.68646e-11 -0.0168646
-1.69165e-11 -0.0169165
-1.69684e-11 -0.0169684
-1.70203e-11 -0.0170203
-1.70722e-11 -0.0170722
-1.71241e-11 -0.0171241
-1.7176e-11 -0.017176
-1.72279e-11 -0.0172279
-1.72798e-11 -0.0172798
-1.73317e-11 -0.0173317
-1.73835e-11 -0.0173835
-1.74354e-11 -0.0174354
-1.74873e-11 -0.0174873
-1.75392e-11 -0.0175392
-1.75911e-11 -0.0175911
-1.7643e-11 -0.017643
-1.76949e-11 -0.0176949
-1.77468e-11 -0.0177468
-1.77987e-11 -0.0177987
-1.78505e-11 -0.0178505
-1.79024e-11 -0.0179024
-1.79543e-11 -0.0179543
-1.80062e-11 -0.0180062
-1.80581e-11 -0.0180581
-1.811e-11 -0.01811
-1.81619e-11 -0.0181619
-1.82138e-11 -0.0182138
-1.82657e-11 -0.0182657
-1.83175e-11 -0.0183175
-1.83694e-11 -0.0183694
-1.84213e-11 -0.0184213
-1.84732e-11 -0.0184732
-1.85251e-11 -0.0185251
-1.8577e-11 -0.018577
-1.86289e-11 -0.0186289
-1.86808e-11 -0.0186808
-1.87326e-11 -0.0187326
-1.87845e-11 -0.0187845
-1.88364e-11 -0.0188364
-1.88883e-11 -0.0188883
-1.89402e-11 -0.0189402
-1.89921e-11 -0.0189921
-1.9044e-11 -0.019044
-1.90959e-11 -0.0190959
-1.91477e-11 -0.0191477
-1.91996e-11 -0.0191996
-1.92515e-11 -0.0192515
-1.93034e-11 -0.0193034
-1.93553e-11 -0.0193553
-1.94072e-11 -0.0194072
-1.94591e-11 -0.0194591
-1.9511e-11 -0.019511
-1.95628e-11 -0.0195628
-1.96147e-11 -0.0196147
-1.96666e-11 -0.0196666
-1.97185e-11 -0.0197185
-1.97704e-11 -0.0197704
-1.98223e-11 -0.0198223
-1.98742e-11 -0.0198742
-1.99261e-11 -0.0199261
-1.99779e-11 -0.0199779
-2.00298e-11 -0.0200298
-2.00817e-11 -0.0200817
-2.01336e-11 -0.0201336
-2.01855e-11 -0.0201855
-2.02374e-11 -0.0202374
-2.02893e-11 -0.0202893
-2.03411e-11 -0.0203411
-2.0393e-11 -0.020393
-2.04449e-11 -0.0204449
-2.04968e-11 -0.0204968
-2.05487e-11 -0.0205487
-2.06006e-11 -0.0206006
-2.06525e-11 -0.0206525
-2.07043e-11 -0.0207043
-2.07562e-11 -0.0207562
-2.08081e-11 -0.0208081
-2.086e-11 -0.02086
-2.09119e-11 -0.0209119
-2.09638e-11 -0.0209638
-2.10156e-11 -0.0210156
-2.10675e-11 -0.0210675
-2.11194e-11 -0.0211194
-2.11713e-11 -0.0211713
-2.12232e-11 -0.0212232
-2.12751e-11 -0.0212751
-2.1327e-11 -0.021327
-2.13788e-11 -0.0213788
-2.14307e-11 -0.0214307
-2.14826e-11 -0.0214826
-2.15345e-11 -0.0215345
-2.15864e-11 -0.0215864
-2.16383e-11 -0.0216383
-2.16901e-11 -0.0216901
-2.1742e-11 -0.021742
-2.17939e-11 -0.0217939
-2.18458e-11 -0.0218458
-2.18977e-11 -0.0218977
-2.19496e-11 -0.0219496
-2.20015e-11 -0.0220015
-2.20533e-11 -0.0220533
-2.21052e-11 -0.0221052
-2.21571e-11 -0.0221571
-2.2209e-11 -0.022209
-2.22609e-11 -0.0222609
-2.23128e-11 -0.0223128
-2.23646e-11 -0.0223646
-2.24165e-11 -0.0224165
-2.24684e-11 -0.0224684
-2.25203e-11 -0.0225203
-2.25722e-11 -0.0225722
-2.26241e-11 -0.0226241
-2.26759e-11 -0.0226759
-2.27278e-11 -0.0227278
-2.27797e-11 -0.0227797
-2.28316e-11 -0.0228316
-2.28835e-11 -0.0228835
-2.29353e-11 -0.0229353
-2.29872e-11 -0.0229872
-2.30391e-11 -0.0230391
-2.3091e-11 -0.023091
-2.31429e-11 -0.0231429
-2.31948e-11 -0.0231948
-2.32466e-11 -0.0232466
-2.32985e-11 -0.0232985
-2.33504e-11 -0.0233504
-2.34023e-11 -0.0234023
-2.34542e-11 -0.0234542
-2.35061e-11 -0.0235061
-2.35579e-11 -0.0235579
-2.36098e-11 -0.0236098
-2.36617e-11 -0.0236617
-2.37136e-11 -0.0237136
-2.37655e-11 -0.0237655
-2.38173e-11 -0.0238173
-2.38692e-11 -0.0238692
-2.39211e-11 -0.0239211
-2.3973e-11 -0.023973
-2.40249e-11 -0.0240249
-2.40767e-11 -0.0240767
-2.41286e-11 -0.0241286
-2.41805e-11 -0.0241805
-2.42324e-11 -0.0242324
-2.42843e-11 -0.0242843
-2.43362e-11 -0.0243362
-2.4388e-11 -0.024388
-2.44399e-11 -0.0244399
-2.44918e-11 -0.0244918
-2.45437e-11 -0.0245437
-2.45956e-11 -0.0245956
-2.46474e-11 -0.0246474
-2.46993e-11 -0.0246993
-2.47512e-11 -0.0247512
-2.48031e-11 -0.0248031
-2.4855e-11 -0.024855
-2.49068e-11 -0.0249068
-2.49587e-11 -0.0249587
-2.50106e-11 -0.0250106
-2.50625e-11 -0.0250625
-2.51144e-11 -0.0251144
-2.51662e-11 -0.0251662
-2.52181e-11 -0.0252181
-2.527e-11 -0.02527
-2.53219e-11 -0.0253219
-2.53738e-11 -0.0253738
-2.54256e-11 -0.0254256
-2.54775e-11 -0.0254775
-2.55294e-11 -0.0255294
-2.55813e-11 -0.0255813
-2.56332e-11 -0.0256332
-2.5685e-11 -0.025685
-2.57369e-11 -0.0257369
-2.57888e-11 -0.0257888
-2.58407e-11 -0.0258407
-2.58925e-11 -0.0258925
-2.59444e-11 -0.0259444
-2.59963e-11 -0.0259963
-2.60482e-11 -0.0260482
-2.61001e-11 -0.0261001
-2.61519e-11 -0.0261519
-2.62038e-11 -0.0262038
-2.62557e-11 -0.0262557
-2.63076e-11 -0.0263076
-2.63595e-11 -0.0263595
-2.64113e-11 -0.0264113
-2.64632e-11 -0.0264632
-2.65151e-11 -0.0265151
-2.6567e-11 -0.026567
-2.66188e-11 -0.0266188
-2.66707e-11 -0.0266707
-2.67226e-11 -0.0267226
-2.67745e-11 -0.0267745
-2.68264e-11 -0.0268264
-2.68782e-11 -0.0268782
-2.69301e-11 -0.0269301
-2.6982e-11 -0.026982
-2.70339e-11 -0.0270339
-2.70857e-11 -0.0270857
-2.71376e-11 -0.0271376
-2.71895e-11 -0.0271895
-2.72414e-11 -0.0272414
-2.72933e-11 -0.0272933
-2.73451e-11 -0.0273451
-2.7397e-11 -0.027397
-2.74489e-11 -0.0274489
-2.75008e-11 -0.0275008
-2.75526e-11 -0.0275526
-2.76045e-11 -0.0276045
-2.76564e-11 -0.0276564
-2.77083e-11 -0.0277083
-2.77601e-11 -0.0277601
-2.7812e-11 -0.027812
-2.78639e-11 -0.0278639
-2.79158e-11 -0.0279158
-2.79676e-11 -0.0279676
-2.80195e-11 -0.0280195
-2.80714e-11 -0.0280714
-2.81233e-11 -0.0281233
-2.81752e-11 -0.0281752
-2.8227e-11 -0.028227
-2.82789e-11 -0.0282789
-2.83308e-11 -0.0283308
-2.83827e-11 -0.0283827
-2.84345e-11 -0.0284345
-2.84864e-11 -0.0284864
-2.85383e-11 -0.0285383
-2.85902e-11 -0.0285902
-2.8642e-11 -0.028642
-2.86939e-11 -0.0286939
-2.87458e-11 -0.0287458
-2.87977e-11 -0.0287977
-2.88495e-11 -0.0288495
-2.89014e-11 -0.0289014
-2.89533e-11 -0.0289533
-2.90052e-11 -0.0290052
-2.9057e-11 -0.029057
-2.91089e-11 -0.0291089
-2.91608e-11 -0.0291608
-2.92127e-11 -0.0292127
-2.92645e-11 -0.0292645
-2.93164e-11 -0.0293164
-2.93683e-11 -0.0293683
-2.94202e-11 -0.0294202
-2.9472e-11 -0.029472
-2.95239e-11 -0.0295239
-2.95758e-11 -0.0295758
-2.96277e-11 -0.0296277
-2.96795e-11 -0.0296795
-2.97314e-11 -0.0297314
-2.97833e-11 -0.0297833
-2.98351e-11 -0.0298351
-2.9887e-11 -0.029887
-2.99389e-11 -0.0299389
-2.99908e-11 -0.0299908
-3.00426e-11 -0.0300426
-3.00945e-11 -0.0300945
-3.01464e-11 -0.0301464
-3.01983e-11 -0.0301983
-3.02501e-11 -0.0302501
-3.0302e-11 -0.030302
-3.03539e-11 -0.0303539
-3.04058e-11 -0.0304058
-3.04576e-11 -0.0304576
-3.05095e-11 -0.0305095
-3.05614e-11 -0.0305614
-3.06132e-11 -0.0306132
-3.06651e-11 -0.0306651
-3.0717e-11 -0.030717
-3.07689e-11 -0.0307689
-3.08207e-11 -0.0308207
-3.08726e-11 -0.0308726
-3.09245e-11 -0.0309245
-3.09764e-11 -0.0309764
-3.10282e-11 -0.0310282
-3.10801e-11 -0.0310801
-3.1132e-11 -0.031132
-3.11838e-11 -0.0311838
-3.12357e-11 -0.0312357
-3.12876e-11 -0.0312876
-3.13395e-11 -0.0313395
-3.13913e-11 -0.0313913
-3.14432e-11 -0.0314432
-3.14951e-11 -0.0314951
-3.15469e-11 -0.0315469
-3.15988e-11 -0.0315988
-3.16507e-11 -0.0316507
-3.17026e-11 -0.0317026
-3.17544e-11 -0.0317544
-3.18063e-11 -0.0318063
-3.18582e-11 -0.0318582
-3.191e-11 -0.03191
-3.19619e-11 -0.0319619
-3.20138e-11 -0.0320138
-3.20657e-11 -0.0320657
-3.21175e-11 -0.0321175
-3.21694e-11 -0.0321694
-3.22213e-11 -0.0322213
-3.22731e-11 -0.0322731
-3.2325e-11 -0.032325
-3.23769e-11 -0.0323769
-3.24288e-11 -0.0324288
-3.24806e-11 -0.0324806
-3.25325e-11 -0.0325325
-3.25844e-11 -0.0325844
-3.26362e-11 -0.0326362
-3.26881e-11 -0.0326881
-3.274e-11 -0.03274
-3.27918e-11 -0.0327918
-3.28437e-11 -0.0328437
-3.28956e-11 -0.0328956
-3.29475e-11 -0.0329475
-3.29993e-11 -0.0329993
-3.30512e-11 -0.0330512
-3.31031e-11 -0.0331031
-3.31549e-11 -0.0331549
-3.32068e-11 -0.0332068
-3.32587e-11 -0.0332587
-3.33105e-11 -0.0333105
-3.33624e-11 -0.0333624
-3.34143e-11 -0.0334143
-3.34662e-11 -0.0334662
-3.3518e-11 -0.033518
-3.35699e-11 -0.0335699
-3.36218e-11 -0.0336218
-3.36736e-11 -0.0336736
-3.37255e-11 -0.0337255
-3.37774e-11 -0.0337774
-3.38292e-11 -0.0338292
-3.38811e-11 -0.0338811
-3.3933e-11 -0.033933
-3.39848e-11 -0.0339848
-3.40367e-11 -0.0340367
-3.40886e-11 -0.0340886
-3.41404e-11 -0.0341404
-3.41923e-11 -0.0341923
-3.42442e-11 -0.0342442
-3.42961e-11 -0.0342961
-3.43479e-11 -0.0343479
-3.43998e-11 -0.0343998
-3.44517e-11 -0.0344517
-3.45035e-11 -0.0345035
-3.45554e-11 -0.0345554
-3.46073e-11 -0.0346073
-3.46591e-11 -0.0346591
-3.4711e-11 -0.034711
-3.47629e-11 -0.0347629
-3.48147e-11 -0.0348147
-3.48666e-11 -0.0348666
-3.49185e-11 -0.0349185
-3.49703e-11 -0.0349703
-3.50222e-11 -0.0350222
-3.50741e-11 -0.0350741
-3.51259e-11 -0.0351259
-3.51778e-11 -0.0351778
-3.52297e-11 -0.0352297
-3.52815e-11 -0.0352815
-3.53334e-11 -0.0353334
-3.53853e-11 -0.0353853
-3.54371e-11 -0.0354371
-3.5489e-11 -0.035489
-3.55409e-11 -0.0355409
-3.55927e-11 -0.0355927
-3.56446e-11 -0.0356446
-3.56965e-11 -0.0356965
-3.57483e-11 -0.0357483
-3.58002e-11 -0.0358002
-3.58521e-11 -0.0358521
-3.59039e-11 -0.0359039
-3.59558e-11 -0.0359558
-3.60077e-11 -0.0360077
-3.60595e-11 -0.0360595
-3.61114e-11 -0.0361114
-3.61633e-11 -0.0361633
-3.62151e-11 -0.0362151
-3.6267e-11 -0.036267
-3.63189e-11 -0.0363189
-3.63707e-11 -0.0363707
-3.64226e-11 -0.0364226
-3.64745e-11 -0.0364745
-3.65263e-11 -0.0365263
-3.65782e-11 -0.0365782
-3.66301e-11 -0.0366301
-3.66819e-11 -0.0366819
-3.67338e-11 -0.0367338
-3.67857e-11 -0.0367857
-3.68375e-11 -0.0368375
-3.68894e-11 -0.0368894
-3.69412e-11 -0.0369412
-3.69931e-11 -0.0369931
-3.7045e-11 -0.037045
-3.70968e-11 -0.0370968
-3.71487e-11 -0.0371487
-3.72006e-11 -0.0372006
-3.72524e-11 -0.0372524
-3.73043e-11 -0.0373043
-3.73562e-11 -0.0373562
-3.7408e-11 -0.037408
-3.74599e-11 -0.0374599
-3.75118e-11 -0.0375118
-3.75636e-11 -0.0375636
-3.76155e-11 -0.0376155
-3.76673e-11 -0.0376673
-3.77192e-11 -0.0377192
-3.77711e-11 -0.0377711
-3.78229e-11 -0.0378229
-3.78748e-11 -0.0378748
-3.79267e-11 -0.0379267
-3.79785e-11 -0.0379785
-3.80304e-11 -0.0380304
-3.80823e-11 -0.0380823
-3.81341e-11 -0.0381341
-3.8186e-11 -0.038186
-3.82378e-11 -0.0382378
-3.82897e-11 -0.0382897
-3.83416e-11 -0.0383416
-3.83934e-11 -0.0383934
-3.84453e-11 -0.0384453
-3.84972e-11 -0.0384972
-3.8549e-11 -0.038549
-3.86009e-11 -0.0386009
-3.86527e-11 -0.0386527
-3.87046e-11 -0.0387046
-3.87565e-11 -0.0387565
-3.88083e-11 -0.0388083
-3.88602e-11 -0.0388602
-3.89121e-11 -0.0389121
-3.89639e-11 -0.0389639
-3.90158e-11 -0.0390158
-3.90676e-11 -0.0390676
-3.91195e-11 -0.0391195
-3.91714e-11 -0.0391714
-3.92232e-11 -0.0392232
-3.92751e-11 -0.0392751
-3.9327e-11 -0.039327
-3.93788e-11 -0.0393788
-3.94307e-11 -0.0394307
-3.94825e-11 -0.0394825
-3.95344e-11 -0.0395344
-3.95863e-11 -0.0395863
-3.96381e-11 -0.0396381
-3.969e-11 -0.03969
-3.97419e-11 -0.0397419
-3.97937e-11 -0.0397937
-3.98456e-11 -0.0398456
-3.98974e-11 -0.0398974
-3.99493e-11 -0.0399493
-4.00012e-11 -0.0400012
-4.0053e-11 -0.040053
-4.01049e-11 -0.0401049
-4.01567e-11 -0.0401567
-4.02086e-11 -0.0402086
-4.02605e-11 -0.0402605
-4.03123e-11 -0.0403123
-4.03642e-11 -0.0403642
-4.0416e-11 -0.040416
-4.04679e-11 -0.0404679
-4.05198e-11 -0.0405198
-4.05716e-11 -0.0405716
-4.06235e-11 -0.0406235
-4.06753e-11 -0.0406753
-4.07272e-11 -0.0407272
-4.07791e-11 -0.0407791
-4.08309e-11 -0.0408309
-4.08828e-11 -0.0408828
-4.09346e-11 -0.0409346
-4.09865e-11 -0.0409865
-4.10384e-11 -0.0410384
-4.10902e-11 -0.0410902
-4.11421e-11 -0.0411421
-4.11939e-11 -0.0411939
-4.12458e-11 -0.0412458
-4.12977e-11 -0.0412977
-4.13495e-11 -0.0413495
-4.14014e-11 -0.0414014
-4.14532e-11 -0.0414532
-4.15051e-11 -0.0415051
-4.1557e-11 -0.041557
-4.16088e-11 -0.0416088
-4.16607e-11 -0.0416607
-4.17125e-11 -0.0417125
-4.17644e-11 -0.0417644
-4.18162e-11 -0.0418162
-4.18681e-11 -0.0418681
-4.192e-11 -0.04192
-4.19718e-11 -0.0419718
-4.20237e-11 -0.0420237
-4.20755e-11 -0.0420755
-4.21274e-11 -0.0421274
-4.21793e-11 -0.0421793
-4.22311e-11 -0.0422311
-4.2283e-11 -0.042283
-4.23348e-11 -0.0423348
-4.23867e-11 -0.0423867
-4.24385e-11 -0.0424385
-4.24904e-11 -0.0424904
-4.25423e-11 -0.0425423
-4.25941e-11 -0.0425941
-4.2646e-11 -0.042646
-4.26978e-11 -0.0426978
-4.27497e-11 -0.0427497
-4.28016e-11 -0.0428016
-4.28534e-11 -0.0428534
-4.29053e-11 -0.0429053
-4.29571e-11 -0.0429571
-4.3009e-11 -0.043009
-4.30608e-11 -0.0430608
-4.31127e-11 -0.0431127
-4.31646e-11 -0.0431646
-4.32164e-11 -0.0432164
-4.32683e-11 -0.0432683
-4.33201e-11 -0.0433201
-4.3372e-11 -0.043372
-4.34238e-11 -0.0434238
-4.34757e-11 -0.0434757
-4.35276e-11 -0.0435276
-4.35794e-11 -0.0435794
-4.36313e-11 -0.0436313
-4.36831e-11 -0.0436831
-4.3735e-11 -0.043735
-4.37868e-11 -0.0437868
-4.38387e-11 -0.0438387
-4.38905e-11 -0.0438905
-4.39424e-11 -0.0439424
-4.39943e-11 -0.0439943
-4.40461e-11 -0.0440461
-4.4098e-11 -0.044098
-4.41498e-11 -0.0441498
-4.42017e-11 -0.0442017
-4.42535e-11 -0.0442535
-4.43054e-11 -0.0443054
-4.4355e-11 -0.044355
-4.44006e-11 -0.0444006
-4.44461e-11 -0.0444461
-4.44917e-11 -0.0444917
-4.45373e-11 -0.0445373
-4.45829e-11 -0.0445829
-4.46284e-11 -0.0446284
-4.4674e-11 -0.044674
-4.47151e-11 -0.0447151
-4.47489e-11 -0.0447489
-4.47826e-11 -0.0447826
-4.48164e-11 -0.0448164
-4.48502e-11 -0.0448502
-4.4884e-11 -0.044884
-4.49177e-11 -0.0449177
-4.49515e-11 -0.0449515
-4.49853e-11 -0.0449853
-4.50191e-11 -0.0450191
-4.50528e-11 -0.0450528
-4.50866e-11 -0.0450866
-4.51204e-11 -0.0451204
-4.51542e-11 -0.0451542
-4.51879e-11 -0.0451879
-4.52217e-11 -0.0452217
-4.52555e-11 -0.0452555
-4.52893e-11 -0.0452893
-4.5323e-11 -0.045323
-4.53568e-11 -0.0453568
-4.53906e-11 -0.0453906
-4.54244e-11 -0.0454244
-4.54581e-11 -0.0454581
-4.54919e-11 -0.0454919
-4.55257e-11 -0.0455257
-4.55595e-11 -0.0455595
-4.55932e-11 -0.0455932
-4.5627e-11 -0.045627
-4.56608e-11 -0.0456608
-4.56946e-11 -0.0456946
-4.57283e-11 -0.0457283
-4.57621e-11 -0.0457621
-4.57959e-11 -0.0457959
-4.58297e-11 -0.0458297
-4.58634e-11 -0.0458634
-4.58972e-11 -0.0458972
-4.5931e-11 -0.045931
-4.59648e-11 -0.0459648
-4.59985e-11 -0.0459985
-4.60323e-11 -0.0460323
-4.60661e-11 -0.0460661
-4.60999e-11 -0.0460999
-4.61337e-11 -0.0461337
-4.61674e-11 -0.0461674
-4.62012e-11 -0.0462012
-4.6235e-11 -0.046235
-4.62688e-11 -0.0462688
-4.63025e-11 -0.0463025
-4.63363e-11 -0.0463363
-4.63701e-11 -0.0463701
-4.64039e-11 -0.0464039
-4.64376e-11 -0.0464376
-4.64714e-11 -0.0464714
-4.65052e-11 -0.0465052
-4.6539e-11 -0.046539
-4.65727e-11 -0.0465727
-4.66065e-11 -0.0466065
-4.66403e-11 -0.0466403
-4.66741e-11 -0.0466741
-4.67078e-11 -0.0467078
-4.67416e-11 -0.0467416
-4.67754e-11 -0.0467754
-4.68092e-11 -0.0468092
-4.68429e-11 -0.0468429
-4.68767e-11 -0.0468767
-4.69105e-11 -0.0469105
-4.69443e-11 -0.0469443
-4.6978e-11 -0.046978
-4.70118e-11 -0.0470118
-4.70456e-11 -0.0470456
-4.70794e-11 -0.0470794
-4.71131e-11 -0.0471131
-4.71469e-11 -0.0471469
-4.71807e-11 -0.0471807
-4.72145e-11 -0.0472145
-4.72483e-11 -0.0472483
-4.7282e-11 -0.047282
-4.73158e-11 -0.0473158
-4.73496e-11 -0.0473496
-4.73834e-11 -0.0473834
-4.74171e-11 -0.0474171
-4.74509e-11 -0.0474509
-4.74847e-11 -0.0474847
-4.75185e-11 -0.0475185
-4.75522e-11 -0.0475522
-4.7586e-11 -0.047586
-4.76198e-11 -0.0476198
-4.76536e-11 -0.0476536
-4.76873e-11 -0.0476873
-4.77211e-11 -0.0477211
-4.77549e-11 -0.0477549
-4.77887e-11 -0.0477887
-4.78224e-11 -0.0478224
-4.78562e-11 -0.0478562
-4.789e-11 -0.04789
-4.79238e-11 -0.0479238
-4.79575e-11 -0.0479575
-4.79913e-11 -0.0479913
-4.80251e-11 -0.0480251
-4.80589e-11 -0.0480589
-4.80927e-11 -0.0480927
-4.81264e-11 -0.0481264
-4.81602e-11 -0.0481602
-4.8194e-11 -0.048194
-4.82278e-11 -0.0482278
-4.82615e-11 -0.0482615
-4.82953e-11 -0.0482953
-4.83291e-11 -0.0483291
-4.83629e-11 -0.0483629
-4.83966e-11 -0.0483966
-4.84304e-11 -0.0484304
-4.84642e-11 -0.0484642
-4.8498e-11 -0.048498
-4.85317e-11 -0.0485317
-4.85655e-11 -0.0485655
-4.85993e-11 -0.0485993
-4.86331e-11 -0.0486331
-4.86668e-11 -0.0486668
-4.87006e-11 -0.0487006
-4.87344e-11 -0.0487344
-4.87682e-11 -0.0487682
-4.8802e-11 -0.048802
-4.88357e-11 -0.0488357
-4.88695e-11 -0.0488695
-4.89033e-11 -0.0489033
-4.89371e-11 -0.0489371
-4.89708e-11 -0.0489708
-4.90046e-11 -0.0490046
-4.90384e-11 -0.0490384
-4.90722e-11 -0.0490722
-4.91059e-11 -0.0491059
-4.91397e-11 -0.0491397
-4.91735e-11 -0.0491735
-4.92073e-11 -0.0492073
-4.9241e-11 -0.049241
-4.92748e-11 -0.0492748
-4.93086e-11 -0.0493086
-4.93424e-11 -0.0493424
-4.93762e-11 -0.0493762
-4.94099e-11 -0.0494099
-4.94437e-11 -0.0494437
-4.94775e-11 -0.0494775
-4.95113e-11 -0.0495113
-4.9545e-11 -0.049545
-4.95788e-11 -0.0495788
-4.96126e-11 -0.0496126
-4.96464e-11 -0.0496464
-4.96801e-11 -0.0496801
-4.97139e-11 -0.0497139
-4.97477e-11 -0.0497477
-4.97815e-11 -0.0497815
-4.98152e-11 -0.0498152
-4.9849e-11 -0.049849
-4.98828e-11 -0.0498828
-4.99166e-11 -0.0499166
-4.99504e-11 -0.0499504
-4.99841e-11 -0.0499841
-5.00179e-11 -0.0500179
-5.00517e-11 -0.0500517
-5.00855e-11 -0.0500855
-5.01192e-11 -0.0501192
-5.0153e-11 -0.050153
-5.01868e-11 -0.0501868
-5.02206e-11 -0.0502206
-5.02543e-11 -0.0502543
-5.02881e-11 -0.0502881
-5.03219e-11 -0.0503219
-5.03557e-11 -0.0503557
-5.03895e-11 -0.0503895
-5.04232e-11 -0.0504232
-5.0457e-11 -0.050457
-5.04908e-11 -0.0504908
-5.05246e-11 -0.0505246
-5.05583e-11 -0.0505583
-5.05921e-11 -0.0505921
-5.06259e-11 -0.0506259
-5.06597e-11 -0.0506597
-5.06934e-11 -0.0506934
-5.07272e-11 -0.0507272
-5.0761e-11 -0.050761
-5.07948e-11 -0.0507948
-5.08286e-11 -0.0508286
-5.08623e-11 -0.0508623
-5.08961e-11 -0.0508961
-5.09299e-11 -0.0509299
-5.09637e-11 -0.0509637
-5.09974e-11 -0.0509974
-5.10312e-11 -0.0510312
-5.1065e-11 -0.051065
-5.10988e-11 -0.0510988
-5.11325e-11 -0.0511325
-5.11663e-11 -0.0511663
-5.12001e-11 -0.0512001
-5.12339e-11 -0.0512339
-5.12677e-11 -0.0512677
-5.13014e-11 -0.0513014
-5.13352e-11 -0.0513352
-5.1369e-11 -0.051369
-5.14028e-11 -0.0514028
-5.14365e-11 -0.0514365
-5.14703e-11 -0.0514703
-5.15041e-11 -0.0515041
-5.15379e-11 -0.0515379
-5.15716e-11 -0.0515716
-5.16054e-11 -0.0516054
-5.16392e-11 -0.0516392
-5.1673e-11 -0.051673
-5.17068e-11 -0.0517068
-5.17405e-11 -0.0517405
-5.17743e-11 -0.0517743
-5.18081e-11 -0.0518081
-5.18419e-11 -0.0518419
-5.18756e-11 -0.0518756
-5.19094e-11 -0.0519094
-5.19432e-11 -0.0519432
-5.1977e-11 -0.051977
-5.20108e-11 -0.0520108
-5.20445e-11 -0.0520445
-5.20783e-11 -0.0520783
-5.21121e-11 -0.0521121
-5.21459e-11 -0.0521459
-5.21796e-11 -0.0521796
-5.22134e-11 -0.0522134
-5.22472e-11 -0.0522472
-5.2281e-11 -0.052281
-5.23147e-11 -0.0523147
-5.23485e-11 -0.0523485
-5.23823e-11 -0.0523823
-5.24161e-11 -0.0524161
-5.24499e-11 -0.0524499
-5.24836e-11 -0.0524836
-5.25174e-11 -0.0525174
-5.25512e-11 -0.0525512
-5.2585e-11 -0.052585
-5.26187e-11 -0.0526187
-5.26525e-11 -0.0526525
-5.26863e-11 -0.0526863
-5.27201e-11 -0.0527201
-5.27539e-11 -0.0527539
-5.27876e-11 -0.0527876
-5.28214e-11 -0.0528214
-5.28552e-11 -0.0528552
-5.2889e-11 -0.052889
-5.29227e-11 -0.0529227
-5.29565e-11 -0.0529565
-5.29903e-11 -0.0529903
-5.30241e-11 -0.0530241
-5.30578e-11 -0.0530578
-5.30916e-11 -0.0530916
-5.31254e-11 -0.0531254
-5.31592e-11 -0.0531592
-5.3193e-11 -0.053193
-5.32267e-11 -0.0532267
-5.32605e-11 -0.0532605
-5.32943e-11 -0.0532943
-5.33281e-11 -0.0533281
-5.33618e-11 -0.0533618
-5.33956e-11 -0.0533956
-5.34294e-11 -0.0534294
-5.34632e-11 -0.0534632
-5.3497e-11 -0.053497
-5.35307e-11 -0.0535307
-5.35645e-11 -0.0535645
-5.35983e-11 -0.0535983
-5.36321e-11 -0.0536321
-5.36658e-11 -0.0536658
-5.36996e-11 -0.0536996
-5.37334e-11 -0.0537334
-5.37672e-11 -0.0537672
-5.3801e-11 -0.053801
-5.38347e-11 -0.0538347
-5.38685e-11 -0.0538685
-5.39023e-11 -0.0539023
-5.39361e-11 -0.0539361
-5.39698e-11 -0.0539698
-5.40036e-11 -0.0540036
-5.40374e-11 -0.0540374
-5.40712e-11 -0.0540712
-5.4105e-11 -0.054105
-5.41387e-11 -0.0541387
-5.41725e-11 -0.0541725
-5.42063e-11 -0.0542063
-5.42401e-11 -0.0542401
-5.42738e-11 -0.0542738
-5.43076e-11 -0.0543076
-5.43414e-11 -0.0543414
-5.43752e-11 -0.0543752
-5.4409e-11 -0.054409
-5.44427e-11 -0.0544427
-5.44765e-11 -0.0544765
-5.45103e-11 -0.0545103
-5.45441e-11 -0.0545441
-5.45778e-11 -0.0545778
-5.46116e-11 -0.0546116
-5.46454e-11 -0.0546454
-5.46792e-11 -0.0546792
-5.4713e-11 -0.054713
-5.47467e-11 -0.0547467
-5.47805e-11 -0.0547805
-5.48143e-11 -0.0548143
-5.48481e-11 -0.0548481
-5.48818e-11 -0.0548818
-5.49156e-11 -0.0549156
-5.49494e-11 -0.0549494
-5.49832e-11 -0.0549832
-5.5017e-11 -0.055017
-5.50507e-11 -0.0550507
-5.50845e-11 -0.0550845
-5.51183e-11 -0.0551183
-5.51521e-11 -0.0551521
-5.51859e-11 -0.0551859
-5.52196e-11 -0.0552196
-5.52534e-11 -0.0552534
-5.52872e-11 -0.0552872
-5.5321e-11 -0.055321
-5.53547e-11 -0.0553547
-5.53885e-11 -0.0553885
-5.54223e-11 -0.0554223
-5.54561e-11 -0.0554561
-5.54899e-11 -0.0554899
-5.55236e-11 -0.0555236
-5.55574e-11 -0.0555574
-5.55912e-11 -0.0555912
-5.5625e-11 -0.055625
-5.56587e-11 -0.0556587
-5.56925e-11 -0.0556925
-5.57263e-11 -0.0557263
-5.57601e-11 -0.0557601
-5.57939e-11 -0.0557939
-5.58276e-11 -0.0558276
-5.58614e-11 -0.0558614
-5.58952e-11 -0.0558952
-5.5929e-11 -0.055929
-5.59627e-11 -0.0559627
-5.59965e-11 -0.0559965
-5.60303e-11 -0.0560303
-5.60641e-11 -0.0560641
-5.60979e-11 -0.0560979
-5.61316e-11 -0.0561316
-5.61654e-11 -0.0561654
-5.61992e-11 -0.0561992
-5.6233e-11 -0.056233
-5.62668e-11 -0.0562668
-5.63005e-11 -0.0563005
-5.63343e-11 -0.0563343
-5.63681e-11 -0.0563681
-5.64019e-11 -0.0564019
-5.64356e-11 -0.0564356
-5.64694e-11 -0.0564694
-5.65032e-11 -0.0565032
-5.6537e-11 -0.056537
-5.65708e-11 -0.0565708
-5.66045e-11 -0.0566045
-5.66383e-11 -0.0566383
-5.66721e-11 -0.0566721
-5.67059e-11 -0.0567059
-5.67397e-11 -0.0567397
-5.67734e-11 -0.0567734
-5.68072e-11 -0.0568072
-5.6841e-11 -0.056841
-5.68748e-11 -0.0568748
-5.69085e-11 -0.0569085
-5.69423e-11 -0.0569423
-5.69761e-11 -0.0569761
-5.70099e-11 -0.0570099
-5.70437e-11 -0.0570437
-5.70774e-11 -0.0570774
-5.71112e-11 -0.0571112
-5.7145e-11 -0.057145
-5.71788e-11 -0.0571788
-5.72126e-11 -0.0572126
-5.72463e-11 -0.0572463
-5.72801e-11 -0.0572801
-5.73139e-11 -0.0573139
-5.73477e-11 -0.0573477
-5.73814e-11 -0.0573814
-5.74152e-11 -0.0574152
-5.7449e-11 -0.057449
-5.74828e-11 -0.0574828
-5.75166e-11 -0.0575166
-5.75503e-11 -0.0575503
-5.75841e-11 -0.0575841
-5.76179e-11 -0.0576179
-5.76517e-11 -0.0576517
-5.76855e-11 -0.0576855
-5.77192e-11 -0.0577192
-5.7753e-11 -0.057753
-5.77868e-11 -0.0577868
-5.78206e-11 -0.0578206
-5.78543e-11 -0.0578543
-5.78881e-11 -0.0578881
-5.79219e-11 -0.0579219
-5.79557e-11 -0.0579557
-5.79895e-11 -0.0579895
-5.80232e-11 -0.0580232
-5.8057e-11 -0.058057
-5.80908e-11 -0.0580908
-5.81246e-11 -0.0581246
-5.81584e-11 -0.0581584
-5.81921e-11 -0.0581921
-5.82259e-11 -0.0582259
-5.82597e-11 -0.0582597
-5.82935e-11 -0.0582935
-5.83273e-11 -0.0583273
-5.8361e-11 -0.058361
-5.83948e-11 -0.0583948
-5.84286e-11 -0.0584286
-5.84624e-11 -0.0584624
-5.84961e-11 -0.0584961
-5.85299e-11 -0.0585299
-5.85637e-11 -0.0585637
-5.85975e-11 -0.0585975
-5.86313e-11 -0.0586313
-5.8665e-11 -0.058665
-5.86988e-11 -0.0586988
-5.87326e-11 -0.0587326
-5.87664e-11 -0.0587664
-5.88002e-11 -0.0588002
-5.88339e-11 -0.0588339
-5.88677e-11 -0.0588677
-5.89015e-11 -0.0589015
-5.89353e-11 -0.0589353
-5.89691e-11 -0.0589691
-5.90028e-11 -0.0590028
-5.90366e-11 -0.0590366
-5.90704e-11 -0.0590704
-5.91042e-11 -0.0591042
-5.9138e-11 -0.059138
-5.91717e-11 -0.0591717
-5.92055e-11 -0.0592055
-5.92393e-11 -0.0592393
-5.92731e-11 -0.0592731
-5.93068e-11 -0.0593068
-5.93406e-11 -0.0593406
-5.93744e-11 -0.0593744
-5.94082e-11 -0.0594082
-5.9442e-11 -0.059442
-5.94757e-11 -0.0594757
-5.95095e-11 -0.0595095
-5.95433e-11 -0.0595433
-5.95771e-11 -0.0595771
-5.96109e-11 -0.0596109
-5.96446e-11 -0.0596446
-5.96784e-11 -0.0596784
-5.97122e-11 -0.0597122
-5.9746e-11 -0.059746
-5.97798e-11 -0.0597798
-5.98135e-11 -0.0598135
-5.98473e-11 -0.0598473
-5.98811e-11 -0.0598811
-5.99149e-11 -0.0599149
-5.99487e-11 -0.0599487
-5.99824e-11 -0.0599824
-6.00162e-11 -0.0600162
-6.005e-11 -0.06005
-6.00838e-11 -0.0600838
-6.01176e-11 -0.0601176
-6.01513e-11 -0.0601513
-6.01851e-11 -0.0601851
-6.02189e-11 -0.0602189
-6.02527e-11 -0.0602527
-6.02864e-11 -0.0602864
-6.03202e-11 -0.0603202
-6.0354e-11 -0.060354
-6.03878e-11 -0.0603878
-6.04216e-11 -0.0604216
-6.04553e-11 -0.0604553
-6.04891e-11 -0.0604891
-6.05229e-11 -0.0605229
-6.05567e-11 -0.0605567
-6.05905e-11 -0.0605905
-6.06242e-11 -0.0606242
-6.0658e-11 -0.060658
-6.06918e-11 -0.0606918
-6.07256e-11 -0.0607256
-6.07594e-11 -0.0607594
-6.07931e-11 -0.0607931
-6.08269e-11 -0.0608269
-6.08607e-11 -0.0608607
-6.08945e-11 -0.0608945
-6.09283e-11 -0.0609283
-6.0962e-11 -0.060962
-6.09958e-11 -0.0609958
-6.10296e-11 -0.0610296
-6.10634e-11 -0.0610634
-6.10972e-11 -0.0610972
-6.11309e-11 -0.0611309
-6.11647e-11 -0.0611647
-6.11985e-11 -0.0611985
-6.12323e-11 -0.0612323
-6.12661e-11 -0.0612661
-6.12998e-11 -0.0612998
-6.13336e-11 -0.0613336
-6.13674e-11 -0.0613674
-6.14012e-11 -0.0614012
-6.1435e-11 -0.061435
-6.14687e-11 -0.0614687
-6.15025e-11 -0.0615025
-6.15363e-11 -0.0615363
-6.15701e-11 -0.0615701
-6.16039e-11 -0.0616039
-6.16376e-11 -0.0616376
-6.16714e-11 -0.0616714
-6.17052e-11 -0.0617052
-6.1739e-11 -0.061739
-6.17728e-11 -0.0617728
-6.18065e-11 -0.0618065
-6.18403e-11 -0.0618403
-6.18741e-11 -0.0618741
-6.19079e-11 -0.0619079
-6.19417e-11 -0.0619417
-6.19754e-11 -0.0619754
-6.20092e-11 -0.0620092
-6.2043e-11 -0.062043
-6.20768e-11 -0.0620768
-6.21106e-11 -0.0621106
-6.21443e-11 -0.0621443
-6.21781e-11 -0.0621781
-6.22119e-11 -0.0622119
-6.22457e-11 -0.0622457
-6.22795e-11 -0.0622795
-6.23132e-11 -0.0623132
-6.2347e-11 -0.062347
-6.23808e-11 -0.0623808
-6.24146e-11 -0.0624146
-6.24484e-11 -0.0624484
-6.24821e-11 -0.0624821
-6.25159e-11 -0.0625159
-6.25497e-11 -0.0625497
-6.25835e-11 -0.0625835
-6.26173e-11 -0.0626173
-6.2651e-11 -0.062651
-6.26848e-11 -0.0626848
-6.27186e-11 -0.0627186
-6.27524e-11 -0.0627524
-6.27862e-11 -0.0627862
-6.28199e-11 -0.0628199
-6.28537e-11 -0.0628537
-6.28875e-11 -0.0628875
-6.29213e-11 -0.0629213
-6.29551e-11 -0.0629551
-6.29888e-11 -0.0629888
-6.30226e-11 -0.0630226
-6.30564e-11 -0.0630564
-6.30902e-11 -0.0630902
-6.3124e-11 -0.063124
-6.31577e-11 -0.0631577
-6.31915e-11 -0.0631915
-6.32253e-11 -0.0632253
-6.32591e-11 -0.0632591
-6.32929e-11 -0.0632929
-6.33266e-11 -0.0633266
-6.33604e-11 -0.0633604
-6.33942e-11 -0.0633942
-6.3428e-11 -0.063428
-6.34618e-11 -0.0634618
-6.34955e-11 -0.0634955
-6.35293e-11 -0.0635293
-6.35631e-11 -0.0635631
-6.35969e-11 -0.0635969
-6.36307e-11 -0.0636307
-6.36644e-11 -0.0636644
-6.36982e-11 -0.0636982
-6.3732e-11 -0.063732
-6.37658e-11 -0.0637658
-6.37996e-11 -0.0637996
-6.38333e-11 -0.0638333
-6.38671e-11 -0.0638671
-6.39009e-11 -0.0639009
-6.39347e-11 -0.0639347
-6.39685e-11 -0.0639685
-6.40022e-11 -0.0640022
-6.4036e-11 -0.064036
-6.40698e-11 -0.0640698
-6.41036e-11 -0.0641036
-6.41374e-11 -0.0641374
-6.41711e-11 -0.0641711
-6.42049e-11 -0.0642049
-6.42387e-11 -0.0642387
-6.42725e-11 -0.0642725
-6.43063e-11 -0.0643063
-6.43401e-11 -0.0643401
-6.43738e-11 -0.0643738
-6.44076e-11 -0.0644076
-6.44414e-11 -0.0644414
-6.44752e-11 -0.0644752
-6.4509e-11 -0.064509
-6.45427e-11 -0.0645427
-6.45765e-11 -0.0645765
-6.46103e-11 -0.0646103
-6.46441e-11 -0.0646441
-6.46779e-11 -0.0646779
-6.47116e-11 -0.0647116
-6.47454e-11 -0.0647454
-6.47792e-11 -0.0647792
-6.4813e-11 -0.064813
-6.48468e-11 -0.0648468
-6.48805e-11 -0.0648805
-6.49143e-11 -0.0649143
-6.49481e-11 -0.0649481
-6.49819e-11 -0.0649819
-6.50157e-11 -0.0650157
-6.50494e-11 -0.0650494
-6.50832e-11 -0.0650832
-6.5117e-11 -0.065117
-6.51508e-11 -0.0651508
-6.51846e-11 -0.0651846
-6.52184e-11 -0.0652184
-6.52521e-11 -0.0652521
-6.52859e-11 -0.0652859
-6.53197e-11 -0.0653197
-6.53535e-11 -0.0653535
-6.53873e-11 -0.0653873
-6.5421e-11 -0.065421
-6.54548e-11 -0.0654548
-6.54886e-11 -0.0654886
-6.55224e-11 -0.0655224
-6.55562e-11 -0.0655562
-6.55899e-11 -0.0655899
-6.56237e-11 -0.0656237
-6.56575e-11 -0.0656575
-6.56913e-11 -0.0656913
-6.57251e-11 -0.0657251
-6.57588e-11 -0.0657588
-6.57926e-11 -0.0657926
-6.58264e-11 -0.0658264
-6.58602e-11 -0.0658602
-6.5894e-11 -0.065894
-6.59278e-11 -0.0659278
-6.59615e-11 -0.0659615
-6.59953e-11 -0.0659953
-6.60291e-11 -0.0660291
-6.60629e-11 -0.0660629
-6.60967e-11 -0.0660967
-6.61304e-11 -0.0661304
-6.61642e-11 -0.0661642
-6.6198e-11 -0.066198
-6.62318e-11 -0.0662318
-6.62656e-11 -0.0662656
-6.62993e-11 -0.0662993
-6.63331e-11 -0.0663331
-6.63669e-11 -0.0663669
-6.64007e-11 -0.0664007
-6.64345e-11 -0.0664345
-6.64682e-11 -0.0664682
-6.6502e-11 -0.066502
-6.65358e-11 -0.0665358
-6.65696e-11 -0.0665696
-6.66034e-11 -0.0666034
-6.66372e-11 -0.0666372
-6.66709e-11 -0.0666709
-6.67047e-11 -0.0667047
-6.67385e-11 -0.0667385
-6.67723e-11 -0.0667723
-6.68061e-11 -0.0668061
-6.68398e-11 -0.0668398
-6.68736e-11 -0.0668736
-6.69074e-11 -0.0669074
-6.69412e-11 -0.0669412
-6.6975e-11 -0.066975
-6.70087e-11 -0.0670087
-6.70425e-11 -0.0670425
-6.70763e-11 -0.0670763
-6.71101e-11 -0.0671101
-6.71439e-11 -0.0671439
-6.71777e-11 -0.0671777
-6.72114e-11 -0.0672114
-6.72452e-11 -0.0672452
-6.7279e-11 -0.067279
-6.73128e-11 -0.0673128
-6.73466e-11 -0.0673466
-6.73803e-11 -0.0673803
-6.74141e-11 -0.0674141
-6.74479e-11 -0.0674479
-6.74817e-11 -0.0674817
-6.75155e-11 -0.0675155
-6.75493e-11 -0.0675493
-6.7583e-11 -0.067583
-6.76168e-11 -0.0676168
-6.76506e-11 -0.0676506
-6.76844e-11 -0.0676844
-6.77182e-11 -0.0677182
-6.77519e-11 -0.0677519
-6.77857e-11 -0.0677857
-6.78195e-11 -0.0678195
-6.78533e-11 -0.0678533
-6.78871e-11 -0.0678871
-6.79208e-11 -0.0679208
-6.79546e-11 -0.0679546
-6.79884e-11 -0.0679884
-6.80222e-11 -0.0680222
-6.8056e-11 -0.068056
-6.80898e-11 -0.0680898
-6.81235e-11 -0.0681235
-6.81573e-11 -0.0681573
-6.81911e-11 -0.0681911
-6.82249e-11 -0.0682249
-6.82587e-11 -0.0682587
-6.82924e-11 -0.0682924
-6.83262e-11 -0.0683262
-6.836e-11 -0.06836
-6.83938e-11 -0.0683938
-6.84276e-11 -0.0684276
-6.84614e-11 -0.0684614
-6.84951e-11 -0.0684951
-6.85289e-11 -0.0685289
-6.85627e-11 -0.0685627
-6.85965e-11 -0.0685965
-6.86303e-11 -0.0686303
-6.8664e-11 -0.068664
-6.86978e-11 -0.0686978
-6.87316e-11 -0.0687316
-6.87654e-11 -0.0687654
-6.87992e-11 -0.0687992
-6.8833e-11 -0.068833
-6.88667e-11 -0.0688667
-6.89005e-11 -0.0689005
-6.89343e-11 -0.0689343
-6.89681e-11 -0.0689681
-6.90019e-11 -0.0690019
-6.90356e-11 -0.0690356
-6.90694e-11 -0.0690694
-6.91032e-11 -0.0691032
-6.9137e-11 -0.069137
-6.91708e-11 -0.0691708
-6.92046e-11 -0.0692046
-6.92383e-11 -0.0692383
-6.92721e-11 -0.0692721
-6.93059e-11 -0.0693059
-6.93397e-11 -0.0693397
-6.93735e-11 -0.0693735
-6.94072e-11 -0.0694072
-6.9441e-11 -0.069441
-6.94748e-11 -0.0694748
-6.95086e-11 -0.0695086
-6.95424e-11 -0.0695424
-6.95762e-11 -0.0695762
-6.96099e-11 -0.0696099
-6.96437e-11 -0.0696437
-6.96775e-11 -0.0696775
-6.97113e-11 -0.0697113
-6.97451e-11 -0.0697451
-6.97788e-11 -0.0697788
-6.98126e-11 -0.0698126
-6.98464e-11 -0.0698464
-6.98802e-11 -0.0698802
-6.9914e-11 -0.069914
-6.99478e-11 -0.0699478
-6.99815e-11 -0.0699815
-7.00153e-11 -0.0700153
-7.00491e-11 -0.0700491
-7.00829e-11 -0.0700829
-7.01167e-11 -0.0701167
-7.01505e-11 -0.0701505
-7.01842e-11 -0.0701842
-7.0218e-11 -0.070218
-7.02518e-11 -0.0702518
-7.02856e-11 -0.0702856
-7.03194e-11 -0.0703194
-7.03531e-11 -0.0703531
-7.03869e-11 -0.0703869
-7.04207e-11 -0.0704207
-7.04545e-11 -0.0704545
-7.04883e-11 -0.0704883
-7.05221e-11 -0.0705221
-7.05558e-11 -0.0705558
-7.05896e-11 -0.0705896
-7.06234e-11 -0.0706234
-7.06572e-11 -0.0706572
-7.0691e-11 -0.070691
-7.07247e-11 -0.0707247
-7.07585e-11 -0.0707585
-7.07923e-11 -0.0707923
-7.08261e-11 -0.0708261
-7.08599e-11 -0.0708599
-7.08937e-11 -0.0708937
-7.09274e-11 -0.0709274
-7.09612e-11 -0.0709612
-7.0995e-11 -0.070995
-7.10288e-11 -0.0710288
-7.10626e-11 -0.0710626
-7.10964e-11 -0.0710964
-7.11301e-11 -0.0711301
-7.11639e-11 -0.0711639
-7.11977e-11 -0.0711977
-7.12315e-11 -0.0712315
-7.12653e-11 -0.0712653
-7.1299e-11 -0.071299
-7.13328e-11 -0.0713328
-7.13666e-11 -0.0713666
-7.14004e-11 -0.0714004
-7.14342e-11 -0.0714342
-7.1468e-11 -0.071468
-7.15017e-11 -0.0715017
-7.15355e-11 -0.0715355
-7.15693e-11 -0.0715693
-7.16031e-11 -0.0716031
-7.16369e-11 -0.0716369
-7.16707e-11 -0.0716707
-7.17044e-11 -0.0717044
-7.17382e-11 -0.0717382
-7.1772e-11 -0.071772
-7.18058e-11 -0.0718058
-7.18396e-11 -0.0718396
-7.18734e-11 -0.0718734
-7.19071e-11 -0.0719071
-7.19409e-11 -0.0719409
-7.19747e-11 -0.0719747
-7.20085e-11 -0.0720085
-7.20423e-11 -0.0720423
-7.2076e-11 -0.072076
-7.21098e-11 -0.0721098
-7.21436e-11 -0.0721436
-7.21774e-11 -0.0721774
-7.22112e-11 -0.0722112
-7.2245e-11 -0.072245
-7.22787e-11 -0.0722787
-7.23125e-11 -0.0723125
-7.23463e-11 -0.0723463
-7.23801e-11 -0.0723801
-7.24139e-11 -0.0724139
-7.24477e-11 -0.0724477
-7.24814e-11 -0.0724814
-7.25152e-11 -0.0725152
-7.2549e-11 -0.072549
-7.25828e-11 -0.0725828
-7.26166e-11 -0.0726166
-7.26504e-11 -0.0726504
-7.26841e-11 -0.0726841
-7.27179e-11 -0.0727179
-7.27517e-11 -0.0727517
-7.27855e-11 -0.0727855
-7.28193e-11 -0.0728193
-7.28531e-11 -0.0728531
-7.28868e-11 -0.0728868
-7.29206e-11 -0.0729206
-7.29544e-11 -0.0729544
-7.29882e-11 -0.0729882
-7.3022e-11 -0.073022
-7.30558e-11 -0.0730558
-7.30895e-11 -0.0730895
-7.31233e-11 -0.0731233
-7.31571e-11 -0.0731571
-7.31909e-11 -0.0731909
-7.32247e-11 -0.0732247
-7.32584e-11 -0.0732584
-7.32922e-11 -0.0732922
-7.3326e-11 -0.073326
-7.33598e-11 -0.0733598
-7.33936e-11 -0.0733936
-7.34274e-11 -0.0734274
-7.34611e-11 -0.0734611
-7.34949e-11 -0.0734949
-7.35287e-11 -0.0735287
-7.35625e-11 -0.0735625
-7.35963e-11 -0.0735963
-7.36301e-11 -0.0736301
-7.36638e-11 -0.0736638
-7.36976e-11 -0.0736976
-7.37314e-11 -0.0737314
-7.37652e-11 -0.0737652
-7.3799e-11 -0.073799
-7.38328e-11 -0.0738328
-7.38665e-11 -0.0738665
-7.39003e-11 -0.0739003
-7.39341e-11 -0.0739341
-7.39679e-11 -0.0739679
-7.40017e-11 -0.0740017
-7.40355e-11 -0.0740355
-7.40692e-11 -0.0740692
-7.4103e-11 -0.074103
-7.41368e-11 -0.0741368
-7.41706e-11 -0.0741706
-7.42044e-11 -0.0742044
-7.42382e-11 -0.0742382
-7.42719e-11 -0.0742719
-7.43057e-11 -0.0743057
-7.43395e-11 -0.0743395
-7.43733e-11 -0.0743733
-7.44071e-11 -0.0744071
-7.44409e-11 -0.0744409
-7.44746e-11 -0.0744746
-7.45084e-11 -0.0745084
-7.45422e-11 -0.0745422
-7.4576e-11 -0.074576
-7.46098e-11 -0.0746098
-7.46436e-11 -0.0746436
-7.46773e-11 -0.0746773
-7.47111e-11 -0.0747111
-7.47449e-11 -0.0747449
-7.47787e-11 -0.0747787
-7.48125e-11 -0.0748125
-7.48463e-11 -0.0748463
-7.488e-11 -0.07488
-7.49138e-11 -0.0749138
-7.49476e-11 -0.0749476
-7.49814e-11 -0.0749814
-7.50152e-11 -0.0750152
-7.5049e-11 -0.075049
-7.50827e-11 -0.0750827
-7.51165e-11 -0.0751165
-7.51503e-11 -0.0751503
-7.51841e-11 -0.0751841
-7.52179e-11 -0.0752179
-7.52517e-11 -0.0752517
-7.52854e-11 -0.0752854
-7.53192e-11 -0.0753192
-7.5353e-11 -0.075353
-7.53868e-11 -0.0753868
-7.54206e-11 -0.0754206
-7.54544e-11 -0.0754544
-7.54881e-11 -0.0754881
-7.55219e-11 -0.0755219
-7.55557e-11 -0.0755557
-7.55895e-11 -0.0755895
-7.56233e-11 -0.0756233
-7.56571e-11 -0.0756571
-7.56908e-11 -0.0756908
-7.57246e-11 -0.0757246
-7.57584e-11 -0.0757584
-7.57922e-11 -0.0757922
-7.5826e-11 -0.075826
-7.58598e-11 -0.0758598
-7.58936e-11 -0.0758936
-7.59273e-11 -0.0759273
-7.59611e-11 -0.0759611
-7.59949e-11 -0.0759949
-7.60287e-11 -0.0760287
-7.60625e-11 -0.0760625
-7.60963e-11 -0.0760963
-7.613e-11 -0.07613
-7.61638e-11 -0.0761638
-7.61976e-11 -0.0761976
-7.62314e-11 -0.0762314
-7.62652e-11 -0.0762652
-7.6299e-11 -0.076299
-7.63327e-11 -0.0763327
-7.63665e-11 -0.0763665
-7.64003e-11 -0.0764003
-7.64341e-11 -0.0764341
-7.64679e-11 -0.0764679
-7.65017e-11 -0.0765017
-7.65354e-11 -0.0765354
-7.65692e-11 -0.0765692
-7.6603e-11 -0.076603
-7.66368e-11 -0.0766368
-7.66706e-11 -0.0766706
-7.67044e-11 -0.0767044
-7.67381e-11 -0.0767381
-7.67719e-11 -0.0767719
-7.68057e-11 -0.0768057
-7.68395e-11 -0.0768395
-7.68733e-11 -0.0768733
-7.69071e-11 -0.0769071
-7.69409e-11 -0.0769409
-7.69746e-11 -0.0769746
-7.70084e-11 -0.0770084
-7.70422e-11 -0.0770422
-7.7076e-11 -0.077076
-7.71098e-11 -0.0771098
-7.71436e-11 -0.0771436
-7.71773e-11 -0.0771773
-7.72111e-11 -0.0772111
-7.72449e-11 -0.0772449
-7.72787e-11 -0.0772787
-7.73125e-11 -0.0773125
-7.73463e-11 -0.0773463
-7.738e-11 -0.07738
-7.74138e-11 -0.0774138
-7.74476e-11 -0.0774476
-7.74814e-11 -0.0774814
-7.75152e-11 -0.0775152
-7.7549e-11 -0.077549
-7.75828e-11 -0.0775828
-7.76165e-11 -0.0776165
-7.76503e-11 -0.0776503
-7.76841e-11 -0.0776841
-7.77179e-11 -0.0777179
-7.77517e-11 -0.0777517
-7.77855e-11 -0.0777855
-7.78192e-11 -0.0778192
-7.7853e-11 -0.077853
-7.78868e-11 -0.0778868
-7.79206e-11 -0.0779206
-7.79544e-11 -0.0779544
-7.79882e-11 -0.0779882
-7.80219e-11 -0.0780219
-7.80557e-11 -0.0780557
-7.80895e-11 -0.0780895
-7.81233e-11 -0.0781233
-7.81571e-11 -0.0781571
-7.81909e-11 -0.0781909
-7.82247e-11 -0.0782247
-7.82584e-11 -0.0782584
-7.82922e-11 -0.0782922
-7.8326e-11 -0.078326
-7.83598e-11 -0.0783598
-7.83936e-11 -0.0783936
-7.84274e-11 -0.0784274
-7.84611e-11 -0.0784611
-7.84949e-11 -0.0784949
-7.85287e-11 -0.0785287
-7.85625e-11 -0.0785625
-7.85963e-11 -0.0785963
-7.86301e-11 -0.0786301
-7.86638e-11 -0.0786638
-7.86976e-11 -0.0786976
-7.87314e-11 -0.0787314
-7.87652e-11 -0.0787652
-7.8799e-11 -0.078799
-7.88328e-11 -0.0788328
-7.88666e-11 -0.0788666
-7.89003e-11 -0.0789003
-7.89341e-11 -0.0789341
-7.89679e-11 -0.0789679
-7.90017e-11 -0.0790017
-7.90355e-11 -0.0790355
-7.90693e-11 -0.0790693
-7.9103e-11 -0.079103
-7.91368e-11 -0.0791368
-7.91706e-11 -0.0791706
-7.92044e-11 -0.0792044
-7.92382e-11 -0.0792382
-7.9272e-11 -0.079272
-7.93058e-11 -0.0793058
-7.93395e-11 -0.0793395
-7.93733e-11 -0.0793733
-7.94071e-11 -0.0794071
-7.94409e-11 -0.0794409
-7.94747e-11 -0.0794747
-7.95085e-11 -0.0795085
-7.95422e-11 -0.0795422
-7.9576e-11 -0.079576
-7.96098e-11 -0.0796098
-7.96436e-11 -0.0796436
-7.96774e-11 -0.0796774
-7.97112e-11 -0.0797112
-7.9745e-11 -0.079745
-7.97787e-11 -0.0797787
-7.98125e-11 -0.0798125
-7.98463e-11 -0.0798463
-7.98801e-11 -0.0798801
-7.99139e-11 -0.0799139
-7.99477e-11 -0.0799477
-7.99814e-11 -0.0799814
-8.00152e-11 -0.0800152
-8.0049e-11 -0.080049
-8.00828e-11 -0.0800828
-8.01166e-11 -0.0801166
-8.01504e-11 -0.0801504
-8.01842e-11 -0.0801842
-8.02179e-11 -0.0802179
-8.02517e-11 -0.0802517
-8.02855e-11 -0.0802855
-8.03193e-11 -0.0803193
-8.03531e-11 -0.0803531
-8.03869e-11 -0.0803869
-8.04207e-11 -0.0804207
-8.04544e-11 -0.0804544
-8.04882e-11 -0.0804882
-8.0522e-11 -0.080522
-8.05558e-11 -0.0805558
-8.05896e-11 -0.0805896
-8.06234e-11 -0.0806234
-8.06571e-11 -0.0806571
-8.06909e-11 -0.0806909
-8.07247e-11 -0.0807247
-8.07585e-11 -0.0807585
-8.07923e-11 -0.0807923
-8.08261e-11 -0.0808261
-8.08599e-11 -0.0808599
-8.08936e-11 -0.0808936
-8.09274e-11 -0.0809274
-8.09612e-11 -0.0809612
-8.0995e-11 -0.080995
-8.10288e-11 -0.0810288
-8.10626e-11 -0.0810626
-8.10964e-11 -0.0810964
-8.11301e-11 -0.0811301
-8.11639e-11 -0.0811639
-8.11977e-11 -0.0811977
-8.12315e-11 -0.0812315
-8.12653e-11 -0.0812653
-8.12991e-11 -0.0812991
-8.13329e-11 -0.0813329
-8.13666e-11 -0.0813666
-8.14004e-11 -0.0814004
-8.14342e-11 -0.0814342
-8.1468e-11 -0.081468
-8.15018e-11 -0.0815018
-8.15356e-11 -0.0815356
-8.15693e-11 -0.0815693
-8.16031e-11 -0.0816031
-8.16369e-11 -0.0816369
-8.16707e-11 -0.0816707
-8.17045e-11 -0.0817045
-8.17383e-11 -0.0817383
-8.17721e-11 -0.0817721
-8.18058e-11 -0.0818058
-8.18396e-11 -0.0818396
-8.18734e-11 -0.0818734
-8.19072e-11 -0.0819072
-8.1941e-11 -0.081941
-8.19748e-11 -0.0819748
-8.20086e-11 -0.0820086
-8.20423e-11 -0.0820423
-8.20761e-11 -0.0820761
-8.21099e-11 -0.0821099
-8.21437e-11 -0.0821437
-8.21775e-11 -0.0821775
-8.22113e-11 -0.0822113
-8.22451e-11 -0.0822451
-8.22788e-11 -0.0822788
-8.23126e-11 -0.0823126
-8.23464e-11 -0.0823464
-8.23802e-11 -0.0823802
-8.2414e-11 -0.082414
-8.24478e-11 -0.0824478
-8.24802e-11 -0.0824802
-8.25089e-11 -0.0825089
-8.25377e-11 -0.0825377
-8.25665e-11 -0.0825665
-8.25952e-11 -0.0825952
-8.2624e-11 -0.082624
-8.26528e-11 -0.0826528
-8.26816e-11 -0.0826816
-8.27103e-11 -0.0827103
-8.27391e-11 -0.0827391
-8.27679e-11 -0.0827679
-8.27966e-11 -0.0827966
-8.28254e-11 -0.0828254
-8.28542e-11 -0.0828542
-8.2883e-11 -0.082883
-8.29117e-11 -0.0829117
-8.29405e-11 -0.0829405
-8.29693e-11 -0.0829693
-8.2998e-11 -0.082998
-8.30268e-11 -0.0830268
-8.30556e-11 -0.0830556
-8.30844e-11 -0.0830844
-8.31131e-11 -0.0831131
-8.31419e-11 -0.0831419
-8.31707e-11 -0.0831707
-8.31994e-11 -0.0831994
-8.32282e-11 -0.0832282
-8.3257e-11 -0.083257
-8.32858e-11 -0.0832858
-8.33145e-11 -0.0833145
-8.33433e-11 -0.0833433
-8.33721e-11 -0.0833721
-8.34009e-11 -0.0834009
-8.34296e-11 -0.0834296
-8.34584e-11 -0.0834584
-8.34872e-11 -0.0834872
-8.35159e-11 -0.0835159
-8.35447e-11 -0.0835447
-8.35735e-11 -0.0835735
-8.36023e-11 -0.0836023
-8.3631e-11 -0.083631
-8.36598e-11 -0.0836598
-8.36886e-11 -0.0836886
-8.37173e-11 -0.0837173
-8.37461e-11 -0.0837461
-8.37749e-11 -0.0837749
-8.38037e-11 -0.0838037
-8.38324e-11 -0.0838324
-8.38612e-11 -0.0838612
-8.389e-11 -0.08389
-8.39188e-11 -0.0839188
-8.39475e-11 -0.0839475
-8.39763e-11 -0.0839763
-8.40051e-11 -0.0840051
-8.40338e-11 -0.0840338
-8.40626e-11 -0.0840626
-8.40914e-11 -0.0840914
-8.41202e-11 -0.0841202
-8.41489e-11 -0.0841489
-8.41777e-11 -0.0841777
-8.42065e-11 -0.0842065
-8.42352e-11 -0.0842352
-8.4264e-11 -0.084264
-8.42928e-11 -0.0842928
-8.43186e-11 -0.0843186
-8.4344e-11 -0.084344
-8.43694e-11 -0.0843694
-8.43949e-11 -0.0843949
-8.44203e-11 -0.0844203
-8.44457e-11 -0.0844457
-8.44712e-11 -0.0844712
-8.44966e-11 -0.0844966
-8.4522e-11 -0.084522
-8.45475e-11 -0.0845475
-8.45729e-11 -0.0845729
-8.45984e-11 -0.0845984
-8.46238e-11 -0.0846238
-8.46492e-11 -0.0846492
-8.46747e-11 -0.0846747
-8.47001e-11 -0.0847001
-8.47255e-11 -0.0847255
-8.4751e-11 -0.084751
-8.47764e-11 -0.0847764
-8.48018e-11 -0.0848018
-8.48273e-11 -0.0848273
-8.48527e-11 -0.0848527
-8.48782e-11 -0.0848782
-8.49036e-11 -0.0849036
-8.4929e-11 -0.084929
-8.49545e-11 -0.0849545
-8.49799e-11 -0.0849799
-8.50053e-11 -0.0850053
-8.50308e-11 -0.0850308
-8.50562e-11 -0.0850562
-8.50816e-11 -0.0850816
-8.51071e-11 -0.0851071
-8.51325e-11 -0.0851325
-8.5158e-11 -0.085158
-8.51834e-11 -0.0851834
-8.52088e-11 -0.0852088
-8.52343e-11 -0.0852343
-8.52597e-11 -0.0852597
-8.52851e-11 -0.0852851
-8.53106e-11 -0.0853106
-8.5336e-11 -0.085336
-8.53614e-11 -0.0853614
-8.53869e-11 -0.0853869
-8.54123e-11 -0.0854123
-8.54378e-11 -0.0854378
-8.54632e-11 -0.0854632
-8.54886e-11 -0.0854886
-8.55141e-11 -0.0855141
-8.55395e-11 -0.0855395
-8.55649e-11 -0.0855649
-8.55904e-11 -0.0855904
-8.56158e-11 -0.0856158
-8.56413e-11 -0.0856413
-8.56667e-11 -0.0856667
-8.56921e-11 -0.0856921
-8.57176e-11 -0.0857176
-8.5743e-11 -0.085743
-8.57684e-11 -0.0857684
-8.57939e-11 -0.0857939
-8.58193e-11 -0.0858193
-8.58448e-11 -0.0858448
-8.58702e-11 -0.0858702
-8.58956e-11 -0.0858956
-8.59211e-11 -0.0859211
-8.59465e-11 -0.0859465
-8.59719e-11 -0.0859719
-8.59974e-11 -0.0859974
-8.60228e-11 -0.0860228
-8.60483e-11 -0.0860483
-8.60737e-11 -0.0860737
-8.60991e-11 -0.0860991
-8.61246e-11 -0.0861246
-8.615e-11 -0.08615
-8.61755e-11 -0.0861755
-8.62009e-11 -0.0862009
-8.62263e-11 -0.0862263
-8.62518e-11 -0.0862518
-8.62772e-11 -0.0862772
-8.63026e-11 -0.0863026
-8.63281e-11 -0.0863281
-8.63535e-11 -0.0863535
-8.6379e-11 -0.086379
-8.64044e-11 -0.0864044
-8.64298e-11 -0.0864298
-8.64553e-11 -0.0864553
-8.64807e-11 -0.0864807
-8.65062e-11 -0.0865062
-8.65316e-11 -0.0865316
-8.6557e-11 -0.086557
-8.65825e-11 -0.0865825
-8.66079e-11 -0.0866079
-8.66333e-11 -0.0866333
-8.66588e-11 -0.0866588
-8.66842e-11 -0.0866842
-8.67097e-11 -0.0867097
-8.67351e-11 -0.0867351
-8.67605e-11 -0.0867605
-8.6786e-11 -0.086786
-8.68114e-11 -0.0868114
-8.68369e-11 -0.0868369
-8.68623e-11 -0.0868623
-8.68877e-11 -0.0868877
-8.69132e-11 -0.0869132
-8.69386e-11 -0.0869386
-8.69641e-11 -0.0869641
-8.69895e-11 -0.0869895
-8.70149e-11 -0.0870149
-8.70404e-11 -0.0870404
-8.70658e-11 -0.0870658
-8.70913e-11 -0.0870913
-8.71167e-11 -0.0871167
-8.71421e-11 -0.0871421
-8.71676e-11 -0.0871676
-8.7193e-11 -0.087193
-8.72185e-11 -0.0872185
-8.72439e-11 -0.0872439
-8.72693e-11 -0.0872693
-8.72948e-11 -0.0872948
-8.73202e-11 -0.0873202
-8.73457e-11 -0.0873457
-8.73711e-11 -0.0873711
-8.73965e-11 -0.0873965
-8.7422e-11 -0.087422
-8.74474e-11 -0.0874474
-8.74729e-11 -0.0874729
-8.74983e-11 -0.0874983
-8.75237e-11 -0.0875237
-8.75492e-11 -0.0875492
-8.75746e-11 -0.0875746
-8.76001e-11 -0.0876001
-8.76255e-11 -0.0876255
-8.76509e-11 -0.0876509
-8.76764e-11 -0.0876764
-8.77018e-11 -0.0877018
-8.77273e-11 -0.0877273
-8.77527e-11 -0.0877527
-8.77781e-11 -0.0877781
-8.78036e-11 -0.0878036
-8.7829e-11 -0.087829
-8.78545e-11 -0.0878545
-8.78799e-11 -0.0878799
-8.79053e-11 -0.0879053
-8.79308e-11 -0.0879308
-8.79562e-11 -0.0879562
-8.79817e-11 -0.0879817
-8.80071e-11 -0.0880071
-8.80325e-11 -0.0880325
-8.8058e-11 -0.088058
-8.80834e-11 -0.0880834
-8.81089e-11 -0.0881089
-8.81343e-11 -0.0881343
-8.81598e-11 -0.0881598
-8.81852e-11 -0.0881852
-8.82106e-11 -0.0882106
-8.82361e-11 -0.0882361
-8.82615e-11 -0.0882615
-8.8287e-11 -0.088287
-8.83124e-11 -0.0883124
-8.83378e-11 -0.0883378
-8.83633e-11 -0.0883633
-8.83887e-11 -0.0883887
-8.84142e-11 -0.0884142
-8.84396e-11 -0.0884396
-8.84651e-11 -0.0884651
-8.84905e-11 -0.0884905
-8.85159e-11 -0.0885159
-8.85414e-11 -0.0885414
-8.85668e-11 -0.0885668
-8.85923e-11 -0.0885923
-8.86177e-11 -0.0886177
-8.86431e-11 -0.0886431
-8.86686e-11 -0.0886686
-8.8694e-11 -0.088694
-8.87195e-11 -0.0887195
-8.87449e-11 -0.0887449
-8.87704e-11 -0.0887704
-8.87958e-11 -0.0887958
-8.88212e-11 -0.0888212
-8.88467e-11 -0.0888467
-8.88721e-11 -0.0888721
-8.88976e-11 -0.0888976
-8.8923e-11 -0.088923
-8.89485e-11 -0.0889485
-8.89739e-11 -0.0889739
-8.89993e-11 -0.0889993
-8.90248e-11 -0.0890248
-8.90502e-11 -0.0890502
-8.90757e-11 -0.0890757
-8.91011e-11 -0.0891011
-8.91266e-11 -0.0891266
-8.9152e-11 -0.089152
-8.91774e-11 -0.0891774
-8.92029e-11 -0.0892029
-8.92283e-11 -0.0892283
-8.92538e-11 -0.0892538
-8.92792e-11 -0.0892792
-8.93047e-11 -0.0893047
-8.93301e-11 -0.0893301
-8.93555e-11 -0.0893555
-8.9381e-11 -0.089381
-8.94064e-11 -0.0894064
-8.94319e-11 -0.0894319
-8.94573e-11 -0.0894573
-8.94828e-11 -0.0894828
-8.95082e-11 -0.0895082
-8.95336e-11 -0.0895336
-8.95591e-11 -0.0895591
-8.95845e-11 -0.0895845
-8.961e-11 -0.08961
-8.96354e-11 -0.0896354
-8.96609e-11 -0.0896609
-8.96863e-11 -0.0896863
-8.97117e-11 -0.0897117
-8.97372e-11 -0.0897372
-8.97626e-11 -0.0897626
-8.97881e-11 -0.0897881
-8.98135e-11 -0.0898135
-8.9839e-11 -0.089839
-8.98644e-11 -0.0898644
-8.98899e-11 -0.0898899
-8.99153e-11 -0.0899153
-8.99407e-11 -0.0899407
-8.99662e-11 -0.0899662
-8.99916e-11 -0.0899916
-9.00171e-11 -0.0900171
-9.00425e-11 -0.0900425
-9.0068e-11 -0.090068
-9.00934e-11 -0.0900934
-9.01189e-11 -0.0901189
-9.01443e-11 -0.0901443
-9.01697e-11 -0.0901697
-9.01952e-11 -0.0901952
-9.02206e-11 -0.0902206
-9.02461e-11 -0.0902461
-9.02715e-11 -0.0902715
-9.0297e-11 -0.090297
-9.03224e-11 -0.0903224
-9.03479e-11 -0.0903479
-9.03733e-11 -0.0903733
-9.03987e-11 -0.0903987
-9.04242e-11 -0.0904242
-9.04496e-11 -0.0904496
-9.04751e-11 -0.0904751
-9.05005e-11 -0.0905005
-9.0526e-11 -0.090526
-9.05514e-11 -0.0905514
-9.05769e-11 -0.0905769
-9.06023e-11 -0.0906023
-9.06277e-11 -0.0906277
-9.06532e-11 -0.0906532
-9.06786e-11 -0.0906786
-9.07041e-11 -0.0907041
-9.07295e-11 -0.0907295
-9.0755e-11 -0.090755
-9.07804e-11 -0.0907804
-9.08059e-11 -0.0908059
-9.08313e-11 -0.0908313
-9.08568e-11 -0.0908568
-9.08822e-11 -0.0908822
-9.09076e-11 -0.0909076
-9.09331e-11 -0.0909331
-9.09585e-11 -0.0909585
-9.0984e-11 -0.090984
-9.10094e-11 -0.0910094
-9.10349e-11 -0.0910349
-9.10603e-11 -0.0910603
-9.10858e-11 -0.0910858
-9.11112e-11 -0.0911112
-9.11367e-11 -0.0911367
-9.11621e-11 -0.0911621
-9.11875e-11 -0.0911875
-9.1213e-11 -0.091213
-9.12384e-11 -0.0912384
-9.12639e-11 -0.0912639
-9.12893e-11 -0.0912893
-9.13148e-11 -0.0913148
-9.13402e-11 -0.0913402
-9.13657e-11 -0.0913657
-9.13911e-11 -0.0913911
-9.14166e-11 -0.0914166
-9.1442e-11 -0.091442
-9.14675e-11 -0.0914675
-9.14929e-11 -0.0914929
-9.15183e-11 -0.0915183
-9.15438e-11 -0.0915438
-9.15692e-11 -0.0915692
-9.15947e-11 -0.0915947
-9.16201e-11 -0.0916201
-9.16456e-11 -0.0916456
-9.1671e-11 -0.091671
-9.16965e-11 -0.0916965
-9.17219e-11 -0.0917219
-9.17474e-11 -0.0917474
-9.17728e-11 -0.0917728
-9.17983e-11 -0.0917983
-9.18237e-11 -0.0918237
-9.18492e-11 -0.0918492
-9.18746e-11 -0.0918746
-9.19001e-11 -0.0919001
-9.19255e-11 -0.0919255
-9.19509e-11 -0.0919509
-9.19764e-11 -0.0919764
-9.20018e-11 -0.0920018
-9.20273e-11 -0.0920273
-9.20527e-11 -0.0920527
-9.20782e-11 -0.0920782
-9.21036e-11 -0.0921036
-9.21291e-11 -0.0921291
-9.21545e-11 -0.0921545
-9.218e-11 -0.09218
-9.22054e-11 -0.0922054
-9.22309e-11 -0.0922309
-9.22563e-11 -0.0922563
-9.22818e-11 -0.0922818
-9.23072e-11 -0.0923072
-9.23327e-11 -0.0923327
-9.23581e-11 -0.0923581
-9.23836e-11 -0.0923836
-9.2409e-11 -0.092409
-9.24344e-11 -0.0924344
-9.24599e-11 -0.0924599
-9.24853e-11 -0.0924853
-9.25108e-11 -0.0925108
-9.25362e-11 -0.0925362
-9.25617e-11 -0.0925617
-9.25871e-11 -0.0925871
-9.26126e-11 -0.0926126
-9.2638e-11 -0.092638
-9.26635e-11 -0.0926635
-9.26889e-11 -0.0926889
-9.27144e-11 -0.0927144
-9.27398e-11 -0.0927398
-9.27653e-11 -0.0927653
-9.27907e-11 -0.0927907
-9.28162e-11 -0.0928162
-9.28416e-11 -0.0928416
-9.28671e-11 -0.0928671
-9.28925e-11 -0.0928925
-9.2918e-11 -0.092918
-9.29434e-11 -0.0929434
-9.29689e-11 -0.0929689
-9.29943e-11 -0.0929943
-9.30198e-11 -0.0930198
-9.30452e-11 -0.0930452
-9.30707e-11 -0.0930707
-9.30961e-11 -0.0930961
-9.31216e-11 -0.0931216
-9.3147e-11 -0.093147
-9.31725e-11 -0.0931725
-9.31979e-11 -0.0931979
-9.32234e-11 -0.0932234
-9.32488e-11 -0.0932488
-9.32742e-11 -0.0932742
-9.32997e-11 -0.0932997
-9.33251e-11 -0.0933251
-9.33506e-11 -0.0933506
-9.3376e-11 -0.093376
-9.34015e-11 -0.0934015
-9.34269e-11 -0.0934269
-9.34524e-11 -0.0934524
-9.34778e-11 -0.0934778
-9.35033e-11 -0.0935033
-9.35287e-11 -0.0935287
-9.35542e-11 -0.0935542
-9.35796e-11 -0.0935796
-9.36051e-11 -0.0936051
-9.36305e-11 -0.0936305
-9.3656e-11 -0.093656
-9.36814e-11 -0.0936814
-9.37069e-11 -0.0937069
-9.37323e-11 -0.0937323
-9.37578e-11 -0.0937578
-9.37832e-11 -0.0937832
-9.38087e-11 -0.0938087
-9.38341e-11 -0.0938341
-9.38596e-11 -0.0938596
-9.3885e-11 -0.093885
-9.39105e-11 -0.0939105
-9.39359e-11 -0.0939359
-9.39614e-11 -0.0939614
-9.39868e-11 -0.0939868
-9.40123e-11 -0.0940123
-9.40377e-11 -0.0940377
-9.40632e-11 -0.0940632
-9.40886e-11 -0.0940886
-9.41141e-11 -0.0941141
-9.41395e-11 -0.0941395
-9.4165e-11 -0.094165
-9.41904e-11 -0.0941904
-9.42159e-11 -0.0942159
-9.42413e-11 -0.0942413
-9.42668e-11 -0.0942668
-9.42922e-11 -0.0942922
-9.43177e-11 -0.0943177
-9.43431e-11 -0.0943431
-9.43686e-11 -0.0943686
-9.4394e-11 -0.094394
-9.44195e-11 -0.0944195
-9.4445e-11 -0.094445
-9.44704e-11 -0.0944704
-9.44959e-11 -0.0944959
-9.45213e-11 -0.0945213
-9.45468e-11 -0.0945468
-9.45722e-11 -0.0945722
-9.45977e-11 -0.0945977
-9.46231e-11 -0.0946231
-9.46486e-11 -0.0946486
-9.4674e-11 -0.094674
-9.46995e-11 -0.0946995
-9.47249e-11 -0.0947249
-9.47504e-11 -0.0947504
-9.47758e-11 -0.0947758
-9.48013e-11 -0.0948013
-9.48267e-11 -0.0948267
-9.48522e-11 -0.0948522
-9.48776e-11 -0.0948776
-9.49031e-11 -0.0949031
-9.49285e-11 -0.0949285
-9.4954e-11 -0.094954
-9.49794e-11 -0.0949794
-9.50049e-11 -0.0950049
-9.50303e-11 -0.0950303
-9.50558e-11 -0.0950558
-9.50812e-11 -0.0950812
-9.51067e-11 -0.0951067
-9.51321e-11 -0.0951321
-9.51576e-11 -0.0951576
-9.5183e-11 -0.095183
-9.52085e-11 -0.0952085
-9.5234e-11 -0.095234
-9.52594e-11 -0.0952594
-9.52849e-11 -0.0952849
-9.53103e-11 -0.0953103
-9.53358e-11 -0.0953358
-9.53612e-11 -0.0953612
-9.53867e-11 -0.0953867
-9.54121e-11 -0.0954121
-9.54376e-11 -0.0954376
-9.5463e-11 -0.095463
-9.54885e-11 -0.0954885
-9.55139e-11 -0.0955139
-9.55394e-11 -0.0955394
-9.55648e-11 -0.0955648
-9.55903e-11 -0.0955903
-9.56157e-11 -0.0956157
-9.56412e-11 -0.0956412
-9.56666e-11 -0.0956666
-9.56921e-11 -0.0956921
-9.57175e-11 -0.0957175
-9.5743e-11 -0.095743
-9.57685e-11 -0.0957685
-9.57939e-11 -0.0957939
-9.58194e-11 -0.0958194
-9.58448e-11 -0.0958448
-9.58703e-11 -0.0958703
-9.58957e-11 -0.0958957
-9.59212e-11 -0.0959212
-9.59466e-11 -0.0959466
-9.59721e-11 -0.0959721
-9.59975e-11 -0.0959975
-9.6023e-11 -0.096023
-9.60484e-11 -0.0960484
-9.60739e-11 -0.0960739
-9.60993e-11 -0.0960993
-9.61248e-11 -0.0961248
-9.61503e-11 -0.0961503
-9.61757e-11 -0.0961757
-9.62012e-11 -0.0962012
-9.62266e-11 -0.0962266
-9.62521e-11 -0.0962521
-9.62775e-11 -0.0962775
-9.6303e-11 -0.096303
-9.63284e-11 -0.0963284
-9.63539e-11 -0.0963539
-9.63793e-11 -0.0963793
-9.64048e-11 -0.0964048
-9.64302e-11 -0.0964302
-9.64557e-11 -0.0964557
-9.64812e-11 -0.0964812
-9.65066e-11 -0.0965066
-9.65321e-11 -0.0965321
-9.65575e-11 -0.0965575
-9.6583e-11 -0.096583
-9.66084e-11 -0.0966084
-9.66339e-11 -0.0966339
-9.66593e-11 -0.0966593
-9.66848e-11 -0.0966848
-9.67102e-11 -0.0967102
-9.67357e-11 -0.0967357
-9.67612e-11 -0.0967612
-9.67866e-11 -0.0967866
-9.68121e-11 -0.0968121
-9.68375e-11 -0.0968375
-9.6863e-11 -0.096863
-9.68884e-11 -0.0968884
-9.69139e-11 -0.0969139
-9.69393e-11 -0.0969393
-9.69648e-11 -0.0969648
-9.69902e-11 -0.0969902
-9.70157e-11 -0.0970157
-9.70412e-11 -0.0970412
-9.70666e-11 -0.0970666
-9.70921e-11 -0.0970921
-9.71175e-11 -0.0971175
-9.7143e-11 -0.097143
-9.71684e-11 -0.0971684
-9.71939e-11 -0.0971939
-9.72193e-11 -0.0972193
-9.72448e-11 -0.0972448
-9.72703e-11 -0.0972703
-9.72957e-11 -0.0972957
-9.73212e-11 -0.0973212
-9.73466e-11 -0.0973466
-9.73721e-11 -0.0973721
-9.73975e-11 -0.0973975
-9.7423e-11 -0.097423
-9.74484e-11 -0.0974484
-9.74739e-11 -0.0974739
-9.74994e-11 -0.0974994
-9.75248e-11 -0.0975248
-9.75503e-11 -0.0975503
-9.75757e-11 -0.0975757
-9.76012e-11 -0.0976012
-9.76266e-11 -0.0976266
-9.76521e-11 -0.0976521
-9.76775e-11 -0.0976775
-9.7703e-11 -0.097703
-9.77285e-11 -0.0977285
-9.77539e-11 -0.0977539
-9.77794e-11 -0.0977794
-9.78048e-11 -0.0978048
-9.78303e-11 -0.0978303
-9.78557e-11 -0.0978557
-9.78812e-11 -0.0978812
-9.79066e-11 -0.0979066
-9.79321e-11 -0.0979321
-9.79576e-11 -0.0979576
-9.7983e-11 -0.097983
-9.80085e-11 -0.0980085
-9.80339e-11 -0.0980339
-9.80594e-11 -0.0980594
-9.80848e-11 -0.0980848
-9.81103e-11 -0.0981103
-9.81358e-11 -0.0981358
-9.81612e-11 -0.0981612
-9.81867e-11 -0.0981867
-9.82121e-11 -0.0982121
-9.82376e-11 -0.0982376
-9.8263e-11 -0.098263
-9.82885e-11 -0.0982885
-9.8314e-11 -0.098314
-9.83394e-11 -0.0983394
-9.83649e-11 -0.0983649
-9.83903e-11 -0.0983903
-9.84158e-11 -0.0984158
-9.84412e-11 -0.0984412
-9.84667e-11 -0.0984667
-9.84922e-11 -0.0984922
-9.85176e-11 -0.0985176
-9.85431e-11 -0.0985431
-9.85685e-11 -0.0985685
-9.8594e-11 -0.098594
-9.86194e-11 -0.0986194
-9.86449e-11 -0.0986449
-9.86704e-11 -0.0986704
-9.86958e-11 -0.0986958
-9.87213e-11 -0.0987213
-9.87467e-11 -0.0987467
-9.87722e-11 -0.0987722
-9.87976e-11 -0.0987976
-9.88231e-11 -0.0988231
-9.88486e-11 -0.0988486
-9.8874e-11 -0.098874
-9.88995e-11 -0.0988995
-9.89249e-11 -0.0989249
-9.89504e-11 -0.0989504
-9.89758e-11 -0.0989758
-9.90013e-11 -0.0990013
-9.90268e-11 -0.0990268
-9.90522e-11 -0.0990522
-9.90777e-11 -0.0990777
-9.91031e-11 -0.0991031
-9.91286e-11 -0.0991286
-9.91541e-11 -0.0991541
-9.91795e-11 -0.0991795
-9.9205e-11 -0.099205
-9.92304e-11 -0.0992304
-9.92559e-11 -0.0992559
-9.92813e-11 -0.0992813
-9.93068e-11 -0.0993068
-9.93323e-11 -0.0993323
-9.93577e-11 -0.0993577
-9.93832e-11 -0.0993832
-9.94086e-11 -0.0994086
-9.94341e-11 -0.0994341
-9.94596e-11 -0.0994596
-9.9485e-11 -0.099485
-9.95105e-11 -0.0995105
-9.95359e-11 -0.0995359
-9.95614e-11 -0.0995614
-9.95868e-11 -0.0995868
-9.96123e-11 -0.0996123
-9.96378e-11 -0.0996378
-9.96632e-11 -0.0996632
-9.96887e-11 -0.0996887
-9.97141e-11 -0.0997141
-9.97396e-11 -0.0997396
-9.97651e-11 -0.0997651
-9.97905e-11 -0.0997905
-9.9816e-11 -0.099816
-9.98414e-11 -0.0998414
-9.98669e-11 -0.0998669
-9.98924e-11 -0.0998924
-9.99178e-11 -0.0999178
-9.99433e-11 -0.0999433
-9.99687e-11 -0.0999687
-9.99942e-11 -0.0999942
-1.0002e-10 -0.10002
-1.00045e-10 -0.100045
-1.00071e-10 -0.100071
-1.00096e-10 -0.100096
-1.00121e-10 -0.100121
-1.00147e-10 -0.100147
-1.00172e-10 -0.100172
-1.00198e-10 -0.100198
-1.00223e-10 -0.100223
-1.00249e-10 -0.100249
-1.00274e-10 -0.100274
-1.003e-10 -0.1003
-1.00325e-10 -0.100325
-1.00351e-10 -0.100351
-1.00376e-10 -0.100376
-1.00402e-10 -0.100402
-1.00427e-10 -0.100427
-1.00452e-10 -0.100452
-1.00478e-10 -0.100478
-1.00503e-10 -0.100503
-1.00529e-10 -0.100529
-1.00554e-10 -0.100554
-1.0058e-10 -0.10058
-1.00605e-10 -0.100605
-1.00631e-10 -0.100631
-1.00656e-10 -0.100656
-1.00682e-10 -0.100682
-1.00707e-10 -0.100707
-1.00733e-10 -0.100733
-1.00758e-10 -0.100758
-1.00783e-10 -0.100783
-1.00809e-10 -0.100809
-1.00834e-10 -0.100834
-1.0086e-10 -0.10086
-1.00885e-10 -0.100885
-1.00911e-10 -0.100911
-1.00936e-10 -0.100936
-1.00962e-10 -0.100962
-1.00987e-10 -0.100987
-1.01013e-10 -0.101013
-1.01038e-10 -0.101038
-1.01064e-10 -0.101064
-1.01089e-10 -0.101089
-1.01114e-10 -0.101114
-1.0114e-10 -0.10114
-1.01165e-10 -0.101165
-1.01191e-10 -0.101191
-1.01216e-10 -0.101216
-1.01242e-10 -0.101242
-1.01267e-10 -0.101267
-1.01293e-10 -0.101293
-1.01318e-10 -0.101318
-1.01344e-10 -0.101344
-1.01369e-10 -0.101369
-1.01395e-10 -0.101395
-1.0142e-10 -0.10142
-1.01445e-10 -0.101445
-1.01471e-10 -0.101471
-1.01496e-10 -0.101496
-1.01522e-10 -0.101522
-1.01547e-10 -0.101547
-1.01573e-10 -0.101573
-1.01598e-10 -0.101598
-1.01624e-10 -0.101624
-1.01649e-10 -0.101649
-1.01675e-10 -0.101675
-1.017e-10 -0.1017
-1.01726e-10 -0.101726
-1.01751e-10 -0.101751
-1.01776e-10 -0.101776
-1.01802e-10 -0.101802
-1.01827e-10 -0.101827
-1.01853e-10 -0.101853
-1.01878e-10 -0.101878
-1.01904e-10 -0.101904
-1.01929e-10 -0.101929
-1.01955e-10 -0.101955
-1.0198e-10 -0.10198
-1.02006e-10 -0.102006
-1.02031e-10 -0.102031
-1.02057e-10 -0.102057
-1.02082e-10 -0.102082
-1.02107e-10 -0.102107
-1.02133e-10 -0.102133
-1.02158e-10 -0.102158
-1.02184e-10 -0.102184
-1.02209e-10 -0.102209
-1.02235e-10 -0.102235
-1.0226e-10 -0.10226
-1.02286e-10 -0.102286
-1.02311e-10 -0.102311
-1.02337e-10 -0.102337
-1.02362e-10 -0.102362
-1.02388e-10 -0.102388
-1.02413e-10 -0.102413
-1.02438e-10 -0.102438
-1.02464e-10 -0.102464
-1.02489e-10 -0.102489
-1.02515e-10 -0.102515
-1.0254e-10 -0.10254
-1.02566e-10 -0.102566
-1.02591e-10 -0.102591
-1.02617e-10 -0.102617
-1.02642e-10 -0.102642
-1.02668e-10 -0.102668
-1.02693e-10 -0.102693
-1.02719e-10 -0.102719
-1.02744e-10 -0.102744
-1.0277e-10 -0.10277
-1.02795e-10 -0.102795
-1.0282e-10 -0.10282
-1.02846e-10 -0.102846
-1.02871e-10 -0.102871
-1.02897e-10 -0.102897
-1.02922e-10 -0.102922
-1.02948e-10 -0.102948
-1.02973e-10 -0.102973
-1.02999e-10 -0.102999
-1.03024e-10 -0.103024
-1.0305e-10 -0.10305
-1.03075e-10 -0.103075
-1.03101e-10 -0.103101
-1.03126e-10 -0.103126
-1.03151e-10 -0.103151
-1.03177e-10 -0.103177
-1.03202e-10 -0.103202
-1.03228e-10 -0.103228
-1.03253e-10 -0.103253
-1.03279e-10 -0.103279
-1.03304e-10 -0.103304
-1.0333e-10 -0.10333
-1.03355e-10 -0.103355
-1.03381e-10 -0.103381
-1.03406e-10 -0.103406
-1.03432e-10 -0.103432
-1.03457e-10 -0.103457
-1.03483e-10 -0.103483
-1.03508e-10 -0.103508
-1.03533e-10 -0.103533
-1.03559e-10 -0.103559
-1.03584e-10 -0.103584
-1.0361e-10 -0.10361
-1.03635e-10 -0.103635
-1.03661e-10 -0.103661
-1.03686e-10 -0.103686
-1.03712e-10 -0.103712
-1.03737e-10 -0.103737
-1.03763e-10 -0.103763
-1.03788e-10 -0.103788
-1.03814e-10 -0.103814
-1.03839e-10 -0.103839
-1.03864e-10 -0.103864
-1.0389e-10 -0.10389
-1.03915e-10 -0.103915
-1.03941e-10 -0.103941
-1.03966e-10 -0.103966
-1.03992e-10 -0.103992
-1.04017e-10 -0.104017
-1.04043e-10 -0.104043
-1.04068e-10 -0.104068
-1.04094e-10 -0.104094
-1.04119e-10 -0.104119
-1.04145e-10 -0.104145
-1.0417e-10 -0.10417
-1.04196e-10 -0.104196
-1.04221e-10 -0.104221
-1.04246e-10 -0.104246
-1.04272e-10 -0.104272
-1.04297e-10 -0.104297
-1.04323e-10 -0.104323
-1.04348e-10 -0.104348
-1.04374e-10 -0.104374
-1.04399e-10 -0.104399
-1.04425e-10 -0.104425
-1.0445e-10 -0.10445
-1.04476e-10 -0.104476
-1.04501e-10 -0.104501
-1.04527e-10 -0.104527
-1.04552e-10 -0.104552
-1.04578e-10 -0.104578
-1.04603e-10 -0.104603
-1.04628e-10 -0.104628
-1.04654e-10 -0.104654
-1.04679e-10 -0.104679
-1.04705e-10 -0.104705
-1.0473e-10 -0.10473
-1.04756e-10 -0.104756
-1.04781e-10 -0.104781
-1.04807e-10 -0.104807
-1.04832e-10 -0.104832
-1.04858e-10 -0.104858
-1.04883e-10 -0.104883
-1.04909e-10 -0.104909
-1.04934e-10 -0.104934
-1.0496e-10 -0.10496
-1.04985e-10 -0.104985
-1.0501e-10 -0.10501
-1.05036e-10 -0.105036
-1.05061e-10 -0.105061
-1.05087e-10 -0.105087
-1.05112e-10 -0.105112
-1.05138e-10 -0.105138
-1.05163e-10 -0.105163
-1.05189e-10 -0.105189
-1.05214e-10 -0.105214
-1.0524e-10 -0.10524
-1.05265e-10 -0.105265
-1.05291e-10 -0.105291
-1.05316e-10 -0.105316
-1.05342e-10 -0.105342
-1.05367e-10 -0.105367
-1.05392e-10 -0.105392
-1.05418e-10 -0.105418
-1.05443e-10 -0.105443
-1.05469e-10 -0.105469
-1.05494e-10 -0.105494
-1.0552e-10 -0.10552
-1.05545e-10 -0.105545
-1.05571e-10 -0.105571
-1.05596e-10 -0.105596
-1.05622e-10 -0.105622
-1.05647e-10 -0.105647
-1.05673e-10 -0.105673
-1.05698e-10 -0.105698
-1.05724e-10 -0.105724
-1.05749e-10 -0.105749
-1.05775e-10 -0.105775
-1.058e-10 -0.1058
-1.05825e-10 -0.105825
-1.05851e-10 -0.105851
-1.05876e-10 -0.105876
-1.05902e-10 -0.105902
-1.05927e-10 -0.105927
-1.05953e-10 -0.105953
-1.05978e-10 -0.105978
-1.06004e-10 -0.106004
-1.06029e-10 -0.106029
-1.06055e-10 -0.106055
-1.0608e-10 -0.10608
-1.06106e-10 -0.106106
-1.06131e-10 -0.106131
-1.06157e-10 -0.106157
-1.06182e-10 -0.106182
-1.06207e-10 -0.106207
-1.06233e-10 -0.106233
-1.06258e-10 -0.106258
-1.06284e-10 -0.106284
-1.06309e-10 -0.106309
-1.06335e-10 -0.106335
-1.0636e-10 -0.10636
-1.06386e-10 -0.106386
-1.06411e-10 -0.106411
-1.06437e-10 -0.106437
-1.06462e-10 -0.106462
-1.06488e-10 -0.106488
-1.06513e-10 -0.106513
-1.06539e-10 -0.106539
-1.06564e-10 -0.106564
-1.0659e-10 -0.10659
-1.06615e-10 -0.106615
-1.0664e-10 -0.10664
-1.06666e-10 -0.106666
-1.06691e-10 -0.106691
-1.06717e-10 -0.106717
-1.06742e-10 -0.106742
-1.06768e-10 -0.106768
-1.06793e-10 -0.106793
-1.06819e-10 -0.106819
-1.06844e-10 -0.106844
-1.0687e-10 -0.10687
-1.06895e-10 -0.106895
-1.06921e-10 -0.106921
-1.06946e-10 -0.106946
-1.06972e-10 -0.106972
-1.06997e-10 -0.106997
-1.07023e-10 -0.107023
-1.07048e-10 -0.107048
-1.07073e-10 -0.107073
-1.07099e-10 -0.107099
-1.07124e-10 -0.107124
-1.0715e-10 -0.10715
-1.07175e-10 -0.107175
-1.07201e-10 -0.107201
-1.07226e-10 -0.107226
-1.07252e-10 -0.107252
-1.07277e-10 -0.107277
-1.07303e-10 -0.107303
-1.07328e-10 -0.107328
-1.07354e-10 -0.107354
-1.07379e-10 -0.107379
-1.07405e-10 -0.107405
-1.0743e-10 -0.10743
-1.07456e-10 -0.107456
-1.07481e-10 -0.107481
-1.07506e-10 -0.107506
-1.07532e-10 -0.107532
-1.07557e-10 -0.107557
-1.07583e-10 -0.107583
-1.07608e-10 -0.107608
-1.07634e-10 -0.107634
-1.07659e-10 -0.107659
-1.07685e-10 -0.107685
-1.0771e-10 -0.10771
-1.07736e-10 -0.107736
-1.07761e-10 -0.107761
-1.07787e-10 -0.107787
-1.07812e-10 -0.107812
-1.07838e-10 -0.107838
-1.07863e-10 -0.107863
-1.07889e-10 -0.107889
-1.07914e-10 -0.107914
-1.07939e-10 -0.107939
-1.07965e-10 -0.107965
-1.0799e-10 -0.10799
-1.08016e-10 -0.108016
-1.08041e-10 -0.108041
-1.08067e-10 -0.108067
-1.08092e-10 -0.108092
-1.08118e-10 -0.108118
-1.08143e-10 -0.108143
-1.08169e-10 -0.108169
-1.08194e-10 -0.108194
-1.0822e-10 -0.10822
-1.08245e-10 -0.108245
-1.08271e-10 -0.108271
-1.08296e-10 -0.108296
-1.08322e-10 -0.108322
-1.08347e-10 -0.108347
-1.08372e-10 -0.108372
-1.08398e-10 -0.108398
-1.08423e-10 -0.108423
-1.08449e-10 -0.108449
-1.08474e-10 -0.108474
-1.085e-10 -0.1085
-1.08525e-10 -0.108525
-1.08551e-10 -0.108551
-1.08576e-10 -0.108576
-1.08602e-10 -0.108602
-1.08627e-10 -0.108627
-1.08653e-10 -0.108653
-1.08678e-10 -0.108678
-1.08704e-10 -0.108704
-1.08729e-10 -0.108729
-1.08755e-10 -0.108755
-1.0878e-10 -0.10878
-1.08806e-10 -0.108806
-1.08831e-10 -0.108831
-1.08856e-10 -0.108856
-1.08882e-10 -0.108882
-1.08907e-10 -0.108907
-1.08933e-10 -0.108933
-1.08958e-10 -0.108958
-1.08984e-10 -0.108984
-1.09009e-10 -0.109009
-1.09035e-10 -0.109035
-1.0906e-10 -0.10906
-1.09086e-10 -0.109086
-1.09111e-10 -0.109111
-1.09137e-10 -0.109137
-1.09162e-10 -0.109162
-1.09188e-10 -0.109188
-1.09213e-10 -0.109213
-1.09239e-10 -0.109239
-1.09264e-10 -0.109264
-1.0929e-10 -0.10929
-1.09315e-10 -0.109315
-1.0934e-10 -0.10934
-1.09366e-10 -0.109366
-1.09391e-10 -0.109391
-1.09417e-10 -0.109417
-1.09442e-10 -0.109442
-1.09468e-10 -0.109468
-1.09493e-10 -0.109493
-1.09519e-10 -0.109519
-1.09544e-10 -0.109544
-1.0957e-10 -0.10957
-1.09595e-10 -0.109595
-1.09621e-10 -0.109621
-1.09646e-10 -0.109646
-1.09672e-10 -0.109672
-1.09697e-10 -0.109697
-1.09723e-10 -0.109723
-1.09748e-10 -0.109748
-1.09774e-10 -0.109774
-1.09799e-10 -0.109799
-1.09824e-10 -0.109824
-1.0985e-10 -0.10985
-1.09875e-10 -0.109875
-1.09901e-10 -0.109901
-1.09926e-10 -0.109926
-1.09952e-10 -0.109952
-1.09977e-10 -0.109977
-1.10003e-10 -0.110003
-1.10028e-10 -0.110028
-1.10054e-10 -0.110054
-1.10079e-10 -0.110079
-1.10105e-10 -0.110105
-1.1013e-10 -0.11013
-1.10156e-10 -0.110156
-1.10181e-10 -0.110181
-1.10207e-10 -0.110207
-1.10232e-10 -0.110232
-1.10258e-10 -0.110258
-1.10283e-10 -0.110283
-1.10309e-10 -0.110309
-1.10334e-10 -0.110334
-1.10359e-10 -0.110359
-1.10385e-10 -0.110385
-1.1041e-10 -0.11041
-1.10436e-10 -0.110436
-1.10461e-10 -0.110461
-1.10487e-10 -0.110487
-1.10512e-10 -0.110512
-1.10538e-10 -0.110538
-1.10563e-10 -0.110563
-1.10589e-10 -0.110589
-1.10614e-10 -0.110614
-1.1064e-10 -0.11064
-1.10665e-10 -0.110665
-1.10691e-10 -0.110691
-1.10716e-10 -0.110716
-1.10742e-10 -0.110742
-1.10767e-10 -0.110767
-1.10793e-10 -0.110793
-1.10818e-10 -0.110818
-1.10843e-10 -0.110843
-1.10869e-10 -0.110869
-1.10894e-10 -0.110894
-1.1092e-10 -0.11092
-1.10945e-10 -0.110945
-1.10971e-10 -0.110971
-1.10996e-10 -0.110996
-1.11022e-10 -0.111022
-1.11047e-10 -0.111047
-1.11073e-10 -0.111073
-1.11098e-10 -0.111098
-1.11124e-10 -0.111124
-1.11149e-10 -0.111149
-1.11175e-10 -0.111175
-1.112e-10 -0.1112
-1.11226e-10 -0.111226
-1.11251e-10 -0.111251
-1.11277e-10 -0.111277
-1.11302e-10 -0.111302
-1.11328e-10 -0.111328
-1.11353e-10 -0.111353
-1.11379e-10 -0.111379
-1.11404e-10 -0.111404
-1.11429e-10 -0.111429
-1.11455e-10 -0.111455
-1.1148e-10 -0.11148
-1.11506e-10 -0.111506
-1.11531e-10 -0.111531
-1.11557e-10 -0.111557
-1.11582e-10 -0.111582
-1.11608e-10 -0.111608
-1.11633e-10 -0.111633
-1.11659e-10 -0.111659
-1.11684e-10 -0.111684
-1.1171e-10 -0.11171
-1.11735e-10 -0.111735
-1.11761e-10 -0.111761
-1.11786e-10 -0.111786
-1.11812e-10 -0.111812
-1.11837e-10 -0.111837
-1.11863e-10 -0.111863
-1.11888e-10 -0.111888
-1.11914e-10 -0.111914
-1.11939e-10 -0.111939
-1.11964e-10 -0.111964
-1.1199e-10 -0.11199
-1.12015e-10 -0.112015
-1.12041e-10 -0.112041
-1.12066e-10 -0.112066
-1.12092e-10 -0.112092
-1.12117e-10 -0.112117
-1.12143e-10 -0.112143
-1.12168e-10 -0.112168
-1.12194e-10 -0.112194
