2.30905e-15 2.30905e-06
4.61809e-15 4.61809e-06
6.92712e-15 6.92712e-06
9.23614e-15 9.23614e-06
1.15452e-14 1.15452e-05
1.38542e-14 1.38542e-05
1.61632e-14 1.61632e-05
1.84721e-14 1.84721e-05
2.07811e-14 2.07811e-05
2.309e-14 2.309e-05
4.92662e-14 4.92662e-05
7.54426e-14 7.54426e-05
1.01619e-13 0.000101619
1.27795e-13 0.000127795
1.53972e-13 0.000153972
1.80148e-13 0.000180148
2.06325e-13 0.000206325
2.32501e-13 0.000232501
2.58677e-13 0.000258677
2.84854e-13 0.000284854
3.11031e-13 0.000311031
3.37207e-13 0.000337207
3.63384e-13 0.000363384
3.89561e-13 0.000389561
4.15737e-13 0.000415737
4.41914e-13 0.000441914
4.68091e-13 0.000468091
4.94268e-13 0.000494268
5.20445e-13 0.000520445
5.46621e-13 0.000546621
5.72798e-13 0.000572798
5.98975e-13 0.000598975
6.25152e-13 0.000625152
6.51329e-13 0.000651329
6.77506e-13 0.000677506
7.03683e-13 0.000703683
7.2986e-13 0.00072986
7.56037e-13 0.000756037
7.82214e-13 0.000782214
8.08391e-13 0.000808391
8.34568e-13 0.000834568
8.60746e-13 0.000860746
8.86923e-13 0.000886923
9.131e-13 0.0009131
9.39277e-13 0.000939277
9.65455e-13 0.000965455
9.91632e-13 0.000991632
1.01781e-12 0.00101781
1.04399e-12 0.00104399
1.07016e-12 0.00107016
1.09634e-12 0.00109634
1.12252e-12 0.00112252
1.1487e-12 0.0011487
1.17487e-12 0.00117487
1.20105e-12 0.00120105
1.22723e-12 0.00122723
1.25341e-12 0.00125341
1.27958e-12 0.00127958
1.30576e-12 0.00130576
1.33194e-12 0.00133194
1.35812e-12 0.00135812
1.3843e-12 0.0013843
1.41047e-12 0.00141047
1.43665e-12 0.00143665
1.46283e-12 0.00146283
1.48901e-12 0.00148901
1.51519e-12 0.00151519
1.54136e-12 0.00154136
1.56754e-12 0.00156754
1.59372e-12 0.00159372
1.6199e-12 0.0016199
1.64608e-12 0.00164608
1.67225e-12 0.00167225
1.69843e-12 0.00169843
1.72461e-12 0.00172461
1.75079e-12 0.00175079
1.77697e-12 0.00177697
1.80314e-12 0.00180314
1.82932e-12 0.00182932
1.8555e-12 0.0018555
1.88168e-12 0.00188168
1.90786e-12 0.00190786
1.93404e-12 0.00193404
1.96021e-12 0.00196021
1.98639e-12 0.00198639
2.01257e-12 0.00201257
2.03875e-12 0.00203875
2.06493e-12 0.00206493
2.09111e-12 0.00209111
2.11729e-12 0.00211729
2.14346e-12 0.00214346
2.16964e-12 0.00216964
2.19582e-12 0.00219582
2.222e-12 0.002222
2.24818e-12 0.00224818
2.27436e-12 0.00227436
2.30054e-12 0.00230054
2.32672e-12 0.00232672
2.3529e-12 0.0023529
2.37907e-12 0.00237907
2.40525e-12 0.00240525
2.43143e-12 0.00243143
2.45761e-12 0.00245761
2.48379e-12 0.00248379
2.50997e-12 0.00250997
2.53615e-12 0.00253615
2.56233e-12 0.00256233
2.58851e-12 0.00258851
2.61468e-12 0.00261468
2.64086e-12 0.00264086
2.66704e-12 0.00266704
2.69322e-12 0.00269322
2.7194e-12 0.0027194
2.74558e-12 0.00274558
2.77176e-12 0.00277176
2.79794e-12 0.00279794
2.82412e-12 0.00282412
2.8503e-12 0.0028503
2.87648e-12 0.00287648
2.90266e-12 0.00290266
2.92884e-12 0.00292884
2.95502e-12 0.00295502
2.9812e-12 0.0029812
3.00738e-12 0.00300738
3.03356e-12 0.00303356
3.05974e-12 0.00305974
3.08592e-12 0.00308592
3.1121e-12 0.0031121
3.13828e-12 0.00313828
3.16446e-12 0.00316446
3.19063e-12 0.00319063
3.21681e-12 0.00321681
3.24299e-12 0.00324299
3.26917e-12 0.00326917
3.29535e-12 0.00329535
3.32153e-12 0.00332153
3.34771e-12 0.00334771
3.37389e-12 0.00337389
3.40007e-12 0.00340007
3.42625e-12 0.00342625
3.45243e-12 0.00345243
3.47862e-12 0.00347862
3.5048e-12 0.0035048
3.53098e-12 0.00353098
3.55716e-12 0.00355716
3.58334e-12 0.00358334
3.60952e-12 0.00360952
3.6357e-12 0.0036357
3.66188e-12 0.00366188
3.68806e-12 0.00368806
3.71424e-12 0.00371424
3.74042e-12 0.00374042
3.7666e-12 0.0037666
3.79278e-12 0.00379278
3.81896e-12 0.00381896
3.84514e-12 0.00384514
3.87132e-12 0.00387132
3.8975e-12 0.0038975
3.92368e-12 0.00392368
3.94986e-12 0.00394986
3.97604e-12 0.00397604
4.00222e-12 0.00400222
4.0284e-12 0.0040284
4.05459e-12 0.00405459
4.08077e-12 0.00408077
4.10695e-12 0.00410695
4.13313e-12 0.00413313
4.15931e-12 0.00415931
4.18549e-12 0.00418549
4.21167e-12 0.00421167
4.23785e-12 0.00423785
4.26403e-12 0.00426403
4.29021e-12 0.00429021
4.3164e-12 0.0043164
4.34258e-12 0.00434258
4.36876e-12 0.00436876
4.39494e-12 0.00439494
4.42112e-12 0.00442112
4.4473e-12 0.0044473
4.47348e-12 0.00447348
4.49966e-12 0.00449966
4.52585e-12 0.00452585
4.55203e-12 0.00455203
4.57821e-12 0.00457821
4.60439e-12 0.00460439
4.63057e-12 0.00463057
4.65675e-12 0.00465675
4.68293e-12 0.00468293
4.70912e-12 0.00470912
4.7353e-12 0.0047353
4.76148e-12 0.00476148
4.78766e-12 0.00478766
4.81384e-12 0.00481384
4.84002e-12 0.00484002
4.86621e-12 0.00486621
4.89239e-12 0.00489239
4.91857e-12 0.00491857
4.94475e-12 0.00494475
4.97093e-12 0.00497093
4.99711e-12 0.00499711
5.0233e-12 0.0050233
5.04948e-12 0.00504948
5.07566e-12 0.00507566
5.10184e-12 0.00510184
5.12802e-12 0.00512802
5.15421e-12 0.00515421
5.18039e-12 0.00518039
5.20657e-12 0.00520657
5.23275e-12 0.00523275
5.25894e-12 0.00525894
5.28512e-12 0.00528512
5.3113e-12 0.0053113
5.33748e-12 0.00533748
5.36366e-12 0.00536366
5.38985e-12 0.00538985
5.41603e-12 0.00541603
5.44221e-12 0.00544221
5.46839e-12 0.00546839
5.49458e-12 0.00549458
5.52076e-12 0.00552076
5.54694e-12 0.00554694
5.57312e-12 0.00557312
5.59931e-12 0.00559931
5.62549e-12 0.00562549
5.65167e-12 0.00565167
5.67785e-12 0.00567785
5.70404e-12 0.00570404
5.73022e-12 0.00573022
5.7564e-12 0.0057564
5.78258e-12 0.00578258
5.80877e-12 0.00580877
5.83495e-12 0.00583495
5.86113e-12 0.00586113
5.88732e-12 0.00588732
5.9135e-12 0.0059135
5.93968e-12 0.00593968
5.96586e-12 0.00596586
5.99205e-12 0.00599205
6.01823e-12 0.00601823
6.04441e-12 0.00604441
6.0706e-12 0.0060706
6.09678e-12 0.00609678
6.12296e-12 0.00612296
6.14915e-12 0.00614915
6.17533e-12 0.00617533
6.20151e-12 0.00620151
6.2277e-12 0.0062277
6.25388e-12 0.00625388
6.28006e-12 0.00628006
6.30625e-12 0.00630625
6.33243e-12 0.00633243
6.35861e-12 0.00635861
6.3848e-12 0.0063848
6.41098e-12 0.00641098
6.43716e-12 0.00643716
6.46335e-12 0.00646335
6.48953e-12 0.00648953
6.51571e-12 0.00651571
6.5419e-12 0.0065419
6.56808e-12 0.00656808
6.59426e-12 0.00659426
6.62045e-12 0.00662045
6.64663e-12 0.00664663
6.67282e-12 0.00667282
6.699e-12 0.006699
6.72518e-12 0.00672518
6.75137e-12 0.00675137
6.77755e-12 0.00677755
6.80374e-12 0.00680374
6.82992e-12 0.00682992
6.8561e-12 0.0068561
6.88229e-12 0.00688229
6.90847e-12 0.00690847
6.93466e-12 0.00693466
6.96084e-12 0.00696084
6.98702e-12 0.00698702
7.01321e-12 0.00701321
7.03939e-12 0.00703939
7.06558e-12 0.00706558
7.09176e-12 0.00709176
7.11794e-12 0.00711794
7.14413e-12 0.00714413
7.17031e-12 0.00717031
7.1965e-12 0.0071965
7.22268e-12 0.00722268
7.24887e-12 0.00724887
7.27505e-12 0.00727505
7.30124e-12 0.00730124
7.32742e-12 0.00732742
7.3536e-12 0.0073536
7.37979e-12 0.00737979
7.40597e-12 0.00740597
7.43216e-12 0.00743216
7.45834e-12 0.00745834
7.48453e-12 0.00748453
7.51071e-12 0.00751071
7.5369e-12 0.0075369
7.56308e-12 0.00756308
7.58927e-12 0.00758927
7.61545e-12 0.00761545
7.64164e-12 0.00764164
7.66782e-12 0.00766782
7.69401e-12 0.00769401
7.72019e-12 0.00772019
7.74638e-12 0.00774638
7.77256e-12 0.00777256
7.79875e-12 0.00779875
7.82493e-12 0.00782493
7.85112e-12 0.00785112
7.8773e-12 0.0078773
7.90349e-12 0.00790349
7.92967e-12 0.00792967
7.95586e-12 0.00795586
7.98204e-12 0.00798204
8.00823e-12 0.00800823
8.03441e-12 0.00803441
8.0606e-12 0.0080606
8.08678e-12 0.00808678
8.11297e-12 0.00811297
8.13915e-12 0.00813915
8.16534e-12 0.00816534
8.19152e-12 0.00819152
8.21771e-12 0.00821771
8.2439e-12 0.0082439
8.27008e-12 0.00827008
8.29627e-12 0.00829627
8.32245e-12 0.00832245
8.34864e-12 0.00834864
8.37482e-12 0.00837482
8.40101e-12 0.00840101
8.4272e-12 0.0084272
8.45338e-12 0.00845338
8.47957e-12 0.00847957
8.50575e-12 0.00850575
8.53194e-12 0.00853194
8.55812e-12 0.00855812
8.58431e-12 0.00858431
8.6105e-12 0.0086105
8.63668e-12 0.00863668
8.66287e-12 0.00866287
8.68905e-12 0.00868905
8.71524e-12 0.00871524
8.74143e-12 0.00874143
8.76761e-12 0.00876761
8.7938e-12 0.0087938
8.81998e-12 0.00881998
8.84617e-12 0.00884617
8.87236e-12 0.00887236
8.89854e-12 0.00889854
8.92473e-12 0.00892473
8.95092e-12 0.00895092
8.9771e-12 0.0089771
9.00329e-12 0.00900329
9.02948e-12 0.00902948
9.05566e-12 0.00905566
9.08185e-12 0.00908185
9.10804e-12 0.00910804
9.13422e-12 0.00913422
9.16041e-12 0.00916041
9.18659e-12 0.00918659
9.21278e-12 0.00921278
9.23897e-12 0.00923897
9.26515e-12 0.00926515
9.29134e-12 0.00929134
9.31753e-12 0.00931753
9.34372e-12 0.00934372
9.3699e-12 0.0093699
9.39609e-12 0.00939609
9.42228e-12 0.00942228
9.44846e-12 0.00944846
9.47465e-12 0.00947465
9.50084e-12 0.00950084
9.52702e-12 0.00952702
9.55321e-12 0.00955321
9.5794e-12 0.0095794
9.60558e-12 0.00960558
9.63177e-12 0.00963177
9.65796e-12 0.00965796
9.68415e-12 0.00968415
9.71033e-12 0.00971033
9.73652e-12 0.00973652
9.76271e-12 0.00976271
9.78889e-12 0.00978889
9.81508e-12 0.00981508
9.84127e-12 0.00984127
9.86746e-12 0.00986746
9.89364e-12 0.00989364
9.91983e-12 0.00991983
9.94602e-12 0.00994602
9.97221e-12 0.00997221
9.99839e-12 0.00999839
1.00246e-11 0.0100246
1.00508e-11 0.0100508
1.0077e-11 0.010077
1.01031e-11 0.0101031
1.01293e-11 0.0101293
1.01555e-11 0.0101555
1.01817e-11 0.0101817
1.02079e-11 0.0102079
1.02341e-11 0.0102341
1.02603e-11 0.0102603
1.02865e-11 0.0102865
1.03126e-11 0.0103126
1.03388e-11 0.0103388
1.0365e-11 0.010365
1.03912e-11 0.0103912
1.04174e-11 0.0104174
1.04436e-11 0.0104436
1.04698e-11 0.0104698
1.0496e-11 0.010496
1.05222e-11 0.0105222
1.05483e-11 0.0105483
1.05745e-11 0.0105745
1.06007e-11 0.0106007
1.06269e-11 0.0106269
1.06531e-11 0.0106531
1.06793e-11 0.0106793
1.07055e-11 0.0107055
1.07317e-11 0.0107317
1.07578e-11 0.0107578
1.0784e-11 0.010784
1.08102e-11 0.0108102
1.08364e-11 0.0108364
1.08626e-11 0.0108626
1.08888e-11 0.0108888
1.0915e-11 0.010915
1.09412e-11 0.0109412
1.09674e-11 0.0109674
1.09935e-11 0.0109935
1.10197e-11 0.0110197
1.10459e-11 0.0110459
1.10721e-11 0.0110721
1.10983e-11 0.0110983
1.11245e-11 0.0111245
1.11507e-11 0.0111507
1.11769e-11 0.0111769
1.12031e-11 0.0112031
1.12292e-11 0.0112292
1.12554e-11 0.0112554
1.12816e-11 0.0112816
1.13078e-11 0.0113078
1.1334e-11 0.011334
1.13602e-11 0.0113602
1.13864e-11 0.0113864
1.14126e-11 0.0114126
1.14388e-11 0.0114388
1.14649e-11 0.0114649
1.14911e-11 0.0114911
1.15173e-11 0.0115173
1.15435e-11 0.0115435
1.15697e-11 0.0115697
1.15959e-11 0.0115959
1.16221e-11 0.0116221
1.16483e-11 0.0116483
1.16745e-11 0.0116745
1.17006e-11 0.0117006
1.17268e-11 0.0117268
1.1753e-11 0.011753
1.17792e-11 0.0117792
1.18054e-11 0.0118054
1.18316e-11 0.0118316
1.18578e-11 0.0118578
1.1884e-11 0.011884
1.19102e-11 0.0119102
1.19364e-11 0.0119364
1.19625e-11 0.0119625
1.19887e-11 0.0119887
1.20149e-11 0.0120149
1.20411e-11 0.0120411
1.20673e-11 0.0120673
1.20935e-11 0.0120935
1.21197e-11 0.0121197
1.21459e-11 0.0121459
1.21721e-11 0.0121721
1.21983e-11 0.0121983
1.22244e-11 0.0122244
1.22506e-11 0.0122506
1.22768e-11 0.0122768
1.2303e-11 0.012303
1.23292e-11 0.0123292
1.23554e-11 0.0123554
1.23816e-11 0.0123816
1.24078e-11 0.0124078
1.2434e-11 0.012434
1.24602e-11 0.0124602
1.24863e-11 0.0124863
1.25125e-11 0.0125125
1.25387e-11 0.0125387
1.25649e-11 0.0125649
1.25911e-11 0.0125911
1.26173e-11 0.0126173
1.26435e-11 0.0126435
1.26697e-11 0.0126697
1.26959e-11 0.0126959
1.27221e-11 0.0127221
1.27482e-11 0.0127482
1.27744e-11 0.0127744
1.28006e-11 0.0128006
1.28268e-11 0.0128268
1.2853e-11 0.012853
1.28792e-11 0.0128792
1.29054e-11 0.0129054
1.29316e-11 0.0129316
1.29578e-11 0.0129578
1.2984e-11 0.012984
1.30102e-11 0.0130102
1.30363e-11 0.0130363
1.30625e-11 0.0130625
1.30887e-11 0.0130887
1.31149e-11 0.0131149
1.31411e-11 0.0131411
1.31673e-11 0.0131673
1.31935e-11 0.0131935
1.32197e-11 0.0132197
1.32459e-11 0.0132459
1.32721e-11 0.0132721
1.32983e-11 0.0132983
1.33244e-11 0.0133244
1.33506e-11 0.0133506
1.33768e-11 0.0133768
1.3403e-11 0.013403
1.34292e-11 0.0134292
1.34554e-11 0.0134554
1.34816e-11 0.0134816
1.35078e-11 0.0135078
1.3534e-11 0.013534
1.35602e-11 0.0135602
1.35864e-11 0.0135864
1.36126e-11 0.0136126
1.36387e-11 0.0136387
1.36649e-11 0.0136649
1.36911e-11 0.0136911
1.37173e-11 0.0137173
1.37435e-11 0.0137435
1.37697e-11 0.0137697
1.37959e-11 0.0137959
1.38221e-11 0.0138221
1.38483e-11 0.0138483
1.38745e-11 0.0138745
1.39007e-11 0.0139007
1.39269e-11 0.0139269
1.3953e-11 0.013953
1.39792e-11 0.0139792
1.40054e-11 0.0140054
1.40316e-11 0.0140316
1.40578e-11 0.0140578
1.4084e-11 0.014084
1.41102e-11 0.0141102
1.41364e-11 0.0141364
1.41626e-11 0.0141626
1.41888e-11 0.0141888
1.4215e-11 0.014215
1.42412e-11 0.0142412
1.42674e-11 0.0142674
1.42935e-11 0.0142935
1.43197e-11 0.0143197
1.43459e-11 0.0143459
1.43721e-11 0.0143721
1.43983e-11 0.0143983
1.44245e-11 0.0144245
1.44507e-11 0.0144507
1.44769e-11 0.0144769
1.45031e-11 0.0145031
1.45293e-11 0.0145293
1.45555e-11 0.0145555
1.45817e-11 0.0145817
1.46079e-11 0.0146079
1.46341e-11 0.0146341
1.46602e-11 0.0146602
1.46864e-11 0.0146864
1.47126e-11 0.0147126
1.47388e-11 0.0147388
1.4765e-11 0.014765
1.47912e-11 0.0147912
1.48174e-11 0.0148174
1.48436e-11 0.0148436
1.48698e-11 0.0148698
1.4896e-11 0.014896
1.49222e-11 0.0149222
1.49484e-11 0.0149484
1.49746e-11 0.0149746
1.50008e-11 0.0150008
1.50269e-11 0.0150269
1.50531e-11 0.0150531
1.50793e-11 0.0150793
1.51055e-11 0.0151055
1.51317e-11 0.0151317
1.51579e-11 0.0151579
1.51841e-11 0.0151841
1.52103e-11 0.0152103
1.52365e-11 0.0152365
1.52627e-11 0.0152627
1.52889e-11 0.0152889
1.53151e-11 0.0153151
1.53413e-11 0.0153413
1.53675e-11 0.0153675
1.53937e-11 0.0153937
1.54198e-11 0.0154198
1.5446e-11 0.015446
1.54722e-11 0.0154722
1.54984e-11 0.0154984
1.55246e-11 0.0155246
1.55508e-11 0.0155508
1.5577e-11 0.015577
1.56032e-11 0.0156032
1.56294e-11 0.0156294
1.56556e-11 0.0156556
1.56818e-11 0.0156818
1.5708e-11 0.015708
1.57342e-11 0.0157342
1.57604e-11 0.0157604
1.57866e-11 0.0157866
1.58128e-11 0.0158128
1.5839e-11 0.015839
1.58651e-11 0.0158651
1.58913e-11 0.0158913
1.59175e-11 0.0159175
1.59437e-11 0.0159437
1.59699e-11 0.0159699
1.59961e-11 0.0159961
1.60223e-11 0.0160223
1.60485e-11 0.0160485
1.60747e-11 0.0160747
1.61009e-11 0.0161009
1.61271e-11 0.0161271
1.61533e-11 0.0161533
1.61795e-11 0.0161795
1.62057e-11 0.0162057
1.62319e-11 0.0162319
1.62581e-11 0.0162581
1.62843e-11 0.0162843
1.63104e-11 0.0163104
1.63366e-11 0.0163366
1.63628e-11 0.0163628
1.6389e-11 0.016389
1.64152e-11 0.0164152
1.64414e-11 0.0164414
1.64676e-11 0.0164676
1.64938e-11 0.0164938
1.652e-11 0.01652
1.65462e-11 0.0165462
1.65724e-11 0.0165724
1.65986e-11 0.0165986
1.66248e-11 0.0166248
1.6651e-11 0.016651
1.66772e-11 0.0166772
1.67034e-11 0.0167034
1.67296e-11 0.0167296
1.67558e-11 0.0167558
1.6782e-11 0.016782
1.68082e-11 0.0168082
1.68343e-11 0.0168343
1.68605e-11 0.0168605
1.68867e-11 0.0168867
1.69129e-11 0.0169129
1.69391e-11 0.0169391
1.69653e-11 0.0169653
1.69915e-11 0.0169915
1.70177e-11 0.0170177
1.70439e-11 0.0170439
1.70701e-11 0.0170701
1.70963e-11 0.0170963
1.71225e-11 0.0171225
1.71487e-11 0.0171487
1.71749e-11 0.0171749
1.72011e-11 0.0172011
1.72273e-11 0.0172273
1.72535e-11 0.0172535
1.72797e-11 0.0172797
1.73059e-11 0.0173059
1.73321e-11 0.0173321
1.73583e-11 0.0173583
1.73845e-11 0.0173845
1.74107e-11 0.0174107
1.74368e-11 0.0174368
1.7463e-11 0.017463
1.74892e-11 0.0174892
1.75154e-11 0.0175154
1.75416e-11 0.0175416
1.75678e-11 0.0175678
1.7594e-11 0.017594
1.76202e-11 0.0176202
1.76464e-11 0.0176464
1.76726e-11 0.0176726
1.76988e-11 0.0176988
1.7725e-11 0.017725
1.77512e-11 0.0177512
1.77774e-11 0.0177774
1.78036e-11 0.0178036
1.78298e-11 0.0178298
1.7856e-11 0.017856
1.78822e-11 0.0178822
1.79084e-11 0.0179084
1.79346e-11 0.0179346
1.79608e-11 0.0179608
1.7987e-11 0.017987
1.80132e-11 0.0180132
1.80394e-11 0.0180394
1.80656e-11 0.0180656
1.80918e-11 0.0180918
1.8118e-11 0.018118
1.81441e-11 0.0181441
1.81703e-11 0.0181703
1.81965e-11 0.0181965
1.82227e-11 0.0182227
1.82489e-11 0.0182489
1.82751e-11 0.0182751
1.83013e-11 0.0183013
1.83275e-11 0.0183275
1.83537e-11 0.0183537
1.83799e-11 0.0183799
1.84061e-11 0.0184061
1.84323e-11 0.0184323
1.84585e-11 0.0184585
1.84847e-11 0.0184847
1.85109e-11 0.0185109
1.85371e-11 0.0185371
1.85633e-11 0.0185633
1.85895e-11 0.0185895
1.86157e-11 0.0186157
1.86419e-11 0.0186419
1.86681e-11 0.0186681
1.86943e-11 0.0186943
1.87205e-11 0.0187205
1.87467e-11 0.0187467
1.87729e-11 0.0187729
1.87991e-11 0.0187991
1.88253e-11 0.0188253
1.88515e-11 0.0188515
1.88777e-11 0.0188777
1.89039e-11 0.0189039
1.89301e-11 0.0189301
1.89563e-11 0.0189563
1.89825e-11 0.0189825
1.90087e-11 0.0190087
1.90349e-11 0.0190349
1.90611e-11 0.0190611
1.90873e-11 0.0190873
1.91134e-11 0.0191134
1.91396e-11 0.0191396
1.91658e-11 0.0191658
1.9192e-11 0.019192
1.92182e-11 0.0192182
1.92444e-11 0.0192444
1.92706e-11 0.0192706
1.92968e-11 0.0192968
1.9323e-11 0.019323
1.93492e-11 0.0193492
1.93754e-11 0.0193754
1.94016e-11 0.0194016
1.94278e-11 0.0194278
1.9454e-11 0.019454
1.94802e-11 0.0194802
1.95064e-11 0.0195064
1.95326e-11 0.0195326
1.95588e-11 0.0195588
1.9585e-11 0.019585
1.96112e-11 0.0196112
1.96374e-11 0.0196374
1.96636e-11 0.0196636
1.96898e-11 0.0196898
1.9716e-11 0.019716
1.97422e-11 0.0197422
1.97684e-11 0.0197684
1.97946e-11 0.0197946
1.98208e-11 0.0198208
1.9847e-11 0.019847
1.98732e-11 0.0198732
1.98994e-11 0.0198994
1.99256e-11 0.0199256
1.99518e-11 0.0199518
1.9978e-11 0.019978
2.00042e-11 0.0200042
2.00304e-11 0.0200304
2.00566e-11 0.0200566
2.00828e-11 0.0200828
2.0109e-11 0.020109
2.01352e-11 0.0201352
2.01614e-11 0.0201614
2.01876e-11 0.0201876
2.02138e-11 0.0202138
2.024e-11 0.02024
2.02662e-11 0.0202662
2.02924e-11 0.0202924
2.03186e-11 0.0203186
2.03448e-11 0.0203448
2.0371e-11 0.020371
2.03972e-11 0.0203972
2.04234e-11 0.0204234
2.04496e-11 0.0204496
2.04758e-11 0.0204758
2.0502e-11 0.020502
2.05282e-11 0.0205282
2.05544e-11 0.0205544
2.05806e-11 0.0205806
2.06068e-11 0.0206068
2.0633e-11 0.020633
2.06592e-11 0.0206592
2.06854e-11 0.0206854
2.07116e-11 0.0207116
2.07378e-11 0.0207378
2.0764e-11 0.020764
2.07902e-11 0.0207902
2.08164e-11 0.0208164
2.08426e-11 0.0208426
2.08688e-11 0.0208688
2.0895e-11 0.020895
2.09212e-11 0.0209212
2.09474e-11 0.0209474
2.09736e-11 0.0209736
2.09998e-11 0.0209998
2.1026e-11 0.021026
2.10522e-11 0.0210522
2.10784e-11 0.0210784
2.11046e-11 0.0211046
2.11308e-11 0.0211308
2.1157e-11 0.021157
2.11832e-11 0.0211832
2.12094e-11 0.0212094
2.12356e-11 0.0212356
2.12618e-11 0.0212618
2.1288e-11 0.021288
2.13142e-11 0.0213142
2.13404e-11 0.0213404
2.13666e-11 0.0213666
2.13928e-11 0.0213928
2.1419e-11 0.021419
2.14452e-11 0.0214452
2.14714e-11 0.0214714
2.14976e-11 0.0214976
2.15238e-11 0.0215238
2.155e-11 0.02155
2.15762e-11 0.0215762
2.16024e-11 0.0216024
2.16286e-11 0.0216286
2.16548e-11 0.0216548
2.1681e-11 0.021681
2.17072e-11 0.0217072
2.17334e-11 0.0217334
2.17596e-11 0.0217596
2.17858e-11 0.0217858
2.1812e-11 0.021812
2.18382e-11 0.0218382
2.18644e-11 0.0218644
2.18906e-11 0.0218906
2.19168e-11 0.0219168
2.1943e-11 0.021943
2.19692e-11 0.0219692
2.19954e-11 0.0219954
2.20216e-11 0.0220216
2.20478e-11 0.0220478
2.2074e-11 0.022074
2.21002e-11 0.0221002
2.21264e-11 0.0221264
2.21526e-11 0.0221526
2.21788e-11 0.0221788
2.2205e-11 0.022205
2.22312e-11 0.0222312
2.22574e-11 0.0222574
2.22836e-11 0.0222836
2.23098e-11 0.0223098
2.2336e-11 0.022336
2.23622e-11 0.0223622
2.23884e-11 0.0223884
2.24146e-11 0.0224146
2.24414e-11 0.0224414
2.24693e-11 0.0224693
2.24972e-11 0.0224972
2.25251e-11 0.0225251
2.2553e-11 0.022553
2.25809e-11 0.0225809
2.26088e-11 0.0226088
2.26367e-11 0.0226367
2.26671e-11 0.0226671
2.27018e-11 0.0227018
2.27364e-11 0.0227364
2.27711e-11 0.0227711
2.28057e-11 0.0228057
2.28404e-11 0.0228404
2.2875e-11 0.022875
2.29096e-11 0.0229096
2.29443e-11 0.0229443
2.29789e-11 0.0229789
2.30136e-11 0.0230136
2.30482e-11 0.0230482
2.30829e-11 0.0230829
2.31175e-11 0.0231175
2.31522e-11 0.0231522
2.31868e-11 0.0231868
2.32215e-11 0.0232215
2.32561e-11 0.0232561
2.32908e-11 0.0232908
2.33254e-11 0.0233254
2.336e-11 0.02336
2.33947e-11 0.0233947
2.34293e-11 0.0234293
2.3464e-11 0.023464
2.34986e-11 0.0234986
2.35333e-11 0.0235333
2.35679e-11 0.0235679
2.36026e-11 0.0236026
2.36372e-11 0.0236372
2.36719e-11 0.0236719
2.37065e-11 0.0237065
2.37412e-11 0.0237412
2.37758e-11 0.0237758
2.38104e-11 0.0238104
2.38451e-11 0.0238451
2.38797e-11 0.0238797
2.39144e-11 0.0239144
2.3949e-11 0.023949
2.39837e-11 0.0239837
2.40183e-11 0.0240183
2.4053e-11 0.024053
2.40876e-11 0.0240876
2.41223e-11 0.0241223
2.41569e-11 0.0241569
2.41916e-11 0.0241916
2.42262e-11 0.0242262
2.42608e-11 0.0242608
2.42955e-11 0.0242955
2.43301e-11 0.0243301
2.43648e-11 0.0243648
2.43994e-11 0.0243994
2.44341e-11 0.0244341
2.44687e-11 0.0244687
2.45034e-11 0.0245034
2.4538e-11 0.024538
2.45727e-11 0.0245727
2.46073e-11 0.0246073
2.4642e-11 0.024642
2.46766e-11 0.0246766
2.47112e-11 0.0247112
2.47459e-11 0.0247459
2.47805e-11 0.0247805
2.48152e-11 0.0248152
2.48498e-11 0.0248498
2.48845e-11 0.0248845
2.49191e-11 0.0249191
2.49538e-11 0.0249538
2.49884e-11 0.0249884
2.50231e-11 0.0250231
2.50577e-11 0.0250577
2.50923e-11 0.0250923
2.5127e-11 0.025127
2.51616e-11 0.0251616
2.51963e-11 0.0251963
2.52309e-11 0.0252309
2.52656e-11 0.0252656
2.53002e-11 0.0253002
2.53349e-11 0.0253349
2.53695e-11 0.0253695
2.54042e-11 0.0254042
2.54388e-11 0.0254388
2.54735e-11 0.0254735
2.55081e-11 0.0255081
2.55427e-11 0.0255427
2.55774e-11 0.0255774
2.5612e-11 0.025612
2.56467e-11 0.0256467
2.56813e-11 0.0256813
2.5716e-11 0.025716
2.57506e-11 0.0257506
2.57853e-11 0.0257853
2.58199e-11 0.0258199
2.58546e-11 0.0258546
2.58892e-11 0.0258892
2.59238e-11 0.0259238
2.59585e-11 0.0259585
2.59931e-11 0.0259931
2.60278e-11 0.0260278
2.60624e-11 0.0260624
2.60971e-11 0.0260971
2.61317e-11 0.0261317
2.61664e-11 0.0261664
2.6201e-11 0.026201
2.62357e-11 0.0262357
2.62703e-11 0.0262703
2.6305e-11 0.026305
2.63396e-11 0.0263396
2.63742e-11 0.0263742
2.64089e-11 0.0264089
2.64435e-11 0.0264435
2.64782e-11 0.0264782
2.65128e-11 0.0265128
2.65475e-11 0.0265475
2.65821e-11 0.0265821
2.66168e-11 0.0266168
2.66514e-11 0.0266514
2.66861e-11 0.0266861
2.67207e-11 0.0267207
2.67553e-11 0.0267553
2.679e-11 0.02679
2.68246e-11 0.0268246
2.68593e-11 0.0268593
2.68939e-11 0.0268939
2.69286e-11 0.0269286
2.69632e-11 0.0269632
2.69979e-11 0.0269979
2.70325e-11 0.0270325
2.70672e-11 0.0270672
2.71018e-11 0.0271018
2.71364e-11 0.0271364
2.71711e-11 0.0271711
2.72057e-11 0.0272057
2.72404e-11 0.0272404
2.7275e-11 0.027275
2.73097e-11 0.0273097
2.73443e-11 0.0273443
2.7379e-11 0.027379
2.74136e-11 0.0274136
2.74483e-11 0.0274483
2.74829e-11 0.0274829
2.75176e-11 0.0275176
2.75522e-11 0.0275522
2.75868e-11 0.0275868
2.76215e-11 0.0276215
2.76561e-11 0.0276561
2.76908e-11 0.0276908
2.77254e-11 0.0277254
2.77601e-11 0.0277601
2.77947e-11 0.0277947
2.78294e-11 0.0278294
2.7864e-11 0.027864
2.78987e-11 0.0278987
2.79333e-11 0.0279333
2.79679e-11 0.0279679
2.80026e-11 0.0280026
2.80372e-11 0.0280372
2.80719e-11 0.0280719
2.81065e-11 0.0281065
2.81412e-11 0.0281412
2.81758e-11 0.0281758
2.82105e-11 0.0282105
2.82451e-11 0.0282451
2.82798e-11 0.0282798
2.83144e-11 0.0283144
2.8349e-11 0.028349
2.83837e-11 0.0283837
2.84183e-11 0.0284183
2.8453e-11 0.028453
2.84876e-11 0.0284876
2.85223e-11 0.0285223
2.85569e-11 0.0285569
2.85916e-11 0.0285916
2.86262e-11 0.0286262
2.86609e-11 0.0286609
2.86955e-11 0.0286955
2.87301e-11 0.0287301
2.87648e-11 0.0287648
2.87994e-11 0.0287994
2.88341e-11 0.0288341
2.88687e-11 0.0288687
2.89034e-11 0.0289034
2.8938e-11 0.028938
2.89727e-11 0.0289727
2.90073e-11 0.0290073
2.9042e-11 0.029042
2.90766e-11 0.0290766
2.91112e-11 0.0291112
2.91459e-11 0.0291459
2.91805e-11 0.0291805
2.92152e-11 0.0292152
2.92498e-11 0.0292498
2.92845e-11 0.0292845
2.93191e-11 0.0293191
2.93538e-11 0.0293538
2.93884e-11 0.0293884
2.94231e-11 0.0294231
2.94577e-11 0.0294577
2.94923e-11 0.0294923
2.9527e-11 0.029527
2.95616e-11 0.0295616
2.95963e-11 0.0295963
2.96309e-11 0.0296309
2.96656e-11 0.0296656
2.97002e-11 0.0297002
2.97349e-11 0.0297349
2.97695e-11 0.0297695
2.98042e-11 0.0298042
2.98388e-11 0.0298388
2.98734e-11 0.0298734
2.99081e-11 0.0299081
2.99427e-11 0.0299427
2.99774e-11 0.0299774
3.0012e-11 0.030012
3.00467e-11 0.0300467
3.00813e-11 0.0300813
3.0116e-11 0.030116
3.01506e-11 0.0301506
3.01853e-11 0.0301853
3.02199e-11 0.0302199
3.02545e-11 0.0302545
3.02892e-11 0.0302892
3.03238e-11 0.0303238
3.03585e-11 0.0303585
3.03931e-11 0.0303931
3.04278e-11 0.0304278
3.04624e-11 0.0304624
3.04971e-11 0.0304971
3.05317e-11 0.0305317
3.05663e-11 0.0305663
3.0601e-11 0.030601
3.06356e-11 0.0306356
3.06703e-11 0.0306703
3.07049e-11 0.0307049
3.07396e-11 0.0307396
3.07742e-11 0.0307742
3.08089e-11 0.0308089
3.08435e-11 0.0308435
3.08782e-11 0.0308782
3.09128e-11 0.0309128
3.09474e-11 0.0309474
3.09821e-11 0.0309821
3.10167e-11 0.0310167
3.10514e-11 0.0310514
3.1086e-11 0.031086
3.11207e-11 0.0311207
3.11553e-11 0.0311553
3.119e-11 0.03119
3.12246e-11 0.0312246
3.12593e-11 0.0312593
3.12939e-11 0.0312939
3.13285e-11 0.0313285
3.13632e-11 0.0313632
3.13978e-11 0.0313978
3.14325e-11 0.0314325
3.14671e-11 0.0314671
3.15018e-11 0.0315018
3.15364e-11 0.0315364
3.15711e-11 0.0315711
3.16057e-11 0.0316057
3.16404e-11 0.0316404
3.1675e-11 0.031675
3.17096e-11 0.0317096
3.17443e-11 0.0317443
3.17789e-11 0.0317789
3.18136e-11 0.0318136
3.18482e-11 0.0318482
3.18829e-11 0.0318829
3.19175e-11 0.0319175
3.19522e-11 0.0319522
3.19868e-11 0.0319868
3.20214e-11 0.0320214
3.20561e-11 0.0320561
3.20907e-11 0.0320907
3.21254e-11 0.0321254
3.216e-11 0.03216
3.21947e-11 0.0321947
3.22293e-11 0.0322293
3.2264e-11 0.032264
3.22986e-11 0.0322986
3.23333e-11 0.0323333
3.23679e-11 0.0323679
3.24025e-11 0.0324025
3.24372e-11 0.0324372
3.24718e-11 0.0324718
3.25065e-11 0.0325065
3.25411e-11 0.0325411
3.25758e-11 0.0325758
3.26104e-11 0.0326104
3.26451e-11 0.0326451
3.26797e-11 0.0326797
3.27143e-11 0.0327143
3.2749e-11 0.032749
3.27836e-11 0.0327836
3.28183e-11 0.0328183
3.28529e-11 0.0328529
3.28876e-11 0.0328876
3.29222e-11 0.0329222
3.29569e-11 0.0329569
3.29915e-11 0.0329915
3.30262e-11 0.0330262
3.30608e-11 0.0330608
3.30954e-11 0.0330954
3.31301e-11 0.0331301
3.31647e-11 0.0331647
3.31994e-11 0.0331994
3.3234e-11 0.033234
3.32687e-11 0.0332687
3.33033e-11 0.0333033
3.3338e-11 0.033338
3.33726e-11 0.0333726
3.34072e-11 0.0334072
3.34419e-11 0.0334419
3.34765e-11 0.0334765
3.35112e-11 0.0335112
3.35458e-11 0.0335458
3.35805e-11 0.0335805
3.36151e-11 0.0336151
3.36498e-11 0.0336498
3.36844e-11 0.0336844
3.37191e-11 0.0337191
3.37537e-11 0.0337537
3.37883e-11 0.0337883
3.3823e-11 0.033823
3.38576e-11 0.0338576
3.38923e-11 0.0338923
3.39269e-11 0.0339269
3.39616e-11 0.0339616
3.39962e-11 0.0339962
3.40309e-11 0.0340309
3.40655e-11 0.0340655
3.41001e-11 0.0341001
3.41348e-11 0.0341348
3.41694e-11 0.0341694
3.42041e-11 0.0342041
3.42387e-11 0.0342387
3.42734e-11 0.0342734
3.4308e-11 0.034308
3.43427e-11 0.0343427
3.43773e-11 0.0343773
3.44119e-11 0.0344119
3.44466e-11 0.0344466
3.44812e-11 0.0344812
3.45159e-11 0.0345159
3.45505e-11 0.0345505
3.45852e-11 0.0345852
3.46198e-11 0.0346198
3.46545e-11 0.0346545
3.46891e-11 0.0346891
3.47238e-11 0.0347238
3.47584e-11 0.0347584
3.4793e-11 0.034793
3.48277e-11 0.0348277
3.48623e-11 0.0348623
3.4897e-11 0.034897
3.49316e-11 0.0349316
3.49663e-11 0.0349663
3.50009e-11 0.0350009
3.50356e-11 0.0350356
3.50702e-11 0.0350702
3.51048e-11 0.0351048
3.51395e-11 0.0351395
3.51741e-11 0.0351741
3.52088e-11 0.0352088
3.52434e-11 0.0352434
3.52781e-11 0.0352781
3.53127e-11 0.0353127
3.53474e-11 0.0353474
3.5382e-11 0.035382
3.54166e-11 0.0354166
3.54513e-11 0.0354513
3.54859e-11 0.0354859
3.55206e-11 0.0355206
3.55552e-11 0.0355552
3.55899e-11 0.0355899
3.56245e-11 0.0356245
3.56592e-11 0.0356592
3.56938e-11 0.0356938
3.57284e-11 0.0357284
3.57631e-11 0.0357631
3.57977e-11 0.0357977
3.58324e-11 0.0358324
3.5867e-11 0.035867
3.59017e-11 0.0359017
3.59363e-11 0.0359363
3.5971e-11 0.035971
3.60056e-11 0.0360056
3.60403e-11 0.0360403
3.60749e-11 0.0360749
3.61095e-11 0.0361095
3.61442e-11 0.0361442
3.61788e-11 0.0361788
3.62135e-11 0.0362135
3.62481e-11 0.0362481
3.62828e-11 0.0362828
3.63174e-11 0.0363174
3.63521e-11 0.0363521
3.63867e-11 0.0363867
3.64213e-11 0.0364213
3.6456e-11 0.036456
3.64906e-11 0.0364906
3.65253e-11 0.0365253
3.65599e-11 0.0365599
3.65946e-11 0.0365946
3.66292e-11 0.0366292
3.66639e-11 0.0366639
3.66985e-11 0.0366985
3.67331e-11 0.0367331
3.67678e-11 0.0367678
3.68024e-11 0.0368024
3.68371e-11 0.0368371
3.68717e-11 0.0368717
3.69064e-11 0.0369064
3.6941e-11 0.036941
3.69757e-11 0.0369757
3.70103e-11 0.0370103
3.70449e-11 0.0370449
3.70796e-11 0.0370796
3.71142e-11 0.0371142
3.71489e-11 0.0371489
3.71835e-11 0.0371835
3.72182e-11 0.0372182
3.72528e-11 0.0372528
3.72875e-11 0.0372875
3.73221e-11 0.0373221
3.73567e-11 0.0373567
3.73914e-11 0.0373914
3.7426e-11 0.037426
3.74607e-11 0.0374607
3.74953e-11 0.0374953
3.753e-11 0.03753
3.75646e-11 0.0375646
3.75993e-11 0.0375993
3.76339e-11 0.0376339
3.76685e-11 0.0376685
3.77032e-11 0.0377032
3.77378e-11 0.0377378
3.77725e-11 0.0377725
3.78071e-11 0.0378071
3.78418e-11 0.0378418
3.78764e-11 0.0378764
3.79111e-11 0.0379111
3.79457e-11 0.0379457
3.79803e-11 0.0379803
3.8015e-11 0.038015
3.80496e-11 0.0380496
3.80843e-11 0.0380843
3.81189e-11 0.0381189
3.81536e-11 0.0381536
3.81882e-11 0.0381882
3.82229e-11 0.0382229
3.82575e-11 0.0382575
3.82921e-11 0.0382921
3.83268e-11 0.0383268
3.83614e-11 0.0383614
3.83961e-11 0.0383961
3.84307e-11 0.0384307
3.84654e-11 0.0384654
3.85e-11 0.0385
3.85347e-11 0.0385347
3.85693e-11 0.0385693
3.86039e-11 0.0386039
3.86386e-11 0.0386386
3.86732e-11 0.0386732
3.87079e-11 0.0387079
3.87425e-11 0.0387425
3.87772e-11 0.0387772
3.88118e-11 0.0388118
3.88465e-11 0.0388465
3.88811e-11 0.0388811
3.89157e-11 0.0389157
3.89504e-11 0.0389504
3.8985e-11 0.038985
3.90197e-11 0.0390197
3.90543e-11 0.0390543
3.9089e-11 0.039089
3.91236e-11 0.0391236
3.91583e-11 0.0391583
3.91929e-11 0.0391929
3.92275e-11 0.0392275
3.92622e-11 0.0392622
3.92968e-11 0.0392968
3.93315e-11 0.0393315
3.93661e-11 0.0393661
3.94008e-11 0.0394008
3.94354e-11 0.0394354
3.94701e-11 0.0394701
3.95047e-11 0.0395047
3.95393e-11 0.0395393
3.9574e-11 0.039574
3.96086e-11 0.0396086
3.96433e-11 0.0396433
3.96779e-11 0.0396779
3.97126e-11 0.0397126
3.97472e-11 0.0397472
3.97818e-11 0.0397818
3.98165e-11 0.0398165
3.98511e-11 0.0398511
3.98858e-11 0.0398858
3.99204e-11 0.0399204
3.99551e-11 0.0399551
3.99897e-11 0.0399897
4.00244e-11 0.0400244
4.0059e-11 0.040059
4.00936e-11 0.0400936
4.01283e-11 0.0401283
4.01629e-11 0.0401629
4.01976e-11 0.0401976
4.02322e-11 0.0402322
4.02669e-11 0.0402669
4.03015e-11 0.0403015
4.03362e-11 0.0403362
4.03708e-11 0.0403708
4.04054e-11 0.0404054
4.04401e-11 0.0404401
4.04747e-11 0.0404747
4.05094e-11 0.0405094
4.0544e-11 0.040544
4.05787e-11 0.0405787
4.06133e-11 0.0406133
4.0648e-11 0.040648
4.06826e-11 0.0406826
4.07172e-11 0.0407172
4.07519e-11 0.0407519
4.07865e-11 0.0407865
4.08212e-11 0.0408212
4.08558e-11 0.0408558
4.08905e-11 0.0408905
4.09251e-11 0.0409251
4.09597e-11 0.0409597
4.09944e-11 0.0409944
4.1029e-11 0.041029
4.10637e-11 0.0410637
4.10983e-11 0.0410983
4.1133e-11 0.041133
4.11676e-11 0.0411676
4.12023e-11 0.0412023
4.12369e-11 0.0412369
4.12715e-11 0.0412715
4.13062e-11 0.0413062
4.13408e-11 0.0413408
4.13755e-11 0.0413755
4.14101e-11 0.0414101
4.14448e-11 0.0414448
4.14794e-11 0.0414794
4.15141e-11 0.0415141
4.15487e-11 0.0415487
4.15833e-11 0.0415833
4.1618e-11 0.041618
4.16526e-11 0.0416526
4.16873e-11 0.0416873
4.17219e-11 0.0417219
4.17566e-11 0.0417566
4.17912e-11 0.0417912
4.18259e-11 0.0418259
4.18605e-11 0.0418605
4.18951e-11 0.0418951
4.19298e-11 0.0419298
4.19644e-11 0.0419644
4.19991e-11 0.0419991
4.20337e-11 0.0420337
4.20684e-11 0.0420684
4.2103e-11 0.042103
4.21376e-11 0.0421376
4.21723e-11 0.0421723
4.22069e-11 0.0422069
4.22416e-11 0.0422416
4.22762e-11 0.0422762
4.23109e-11 0.0423109
4.23455e-11 0.0423455
4.23802e-11 0.0423802
4.24148e-11 0.0424148
4.24494e-11 0.0424494
4.24841e-11 0.0424841
4.25187e-11 0.0425187
4.25534e-11 0.0425534
4.2588e-11 0.042588
4.26227e-11 0.0426227
4.26573e-11 0.0426573
4.26919e-11 0.0426919
4.27266e-11 0.0427266
4.27612e-11 0.0427612
4.27959e-11 0.0427959
4.28305e-11 0.0428305
4.28652e-11 0.0428652
4.28998e-11 0.0428998
4.29345e-11 0.0429345
4.29691e-11 0.0429691
4.30037e-11 0.0430037
4.30384e-11 0.0430384
4.3073e-11 0.043073
4.31077e-11 0.0431077
4.31423e-11 0.0431423
4.3177e-11 0.043177
4.32116e-11 0.0432116
4.32462e-11 0.0432462
4.32809e-11 0.0432809
4.33155e-11 0.0433155
4.33502e-11 0.0433502
4.33848e-11 0.0433848
4.34195e-11 0.0434195
4.34541e-11 0.0434541
4.34888e-11 0.0434888
4.35234e-11 0.0435234
4.3558e-11 0.043558
4.35927e-11 0.0435927
4.36273e-11 0.0436273
4.3662e-11 0.043662
4.36966e-11 0.0436966
4.37313e-11 0.0437313
4.37659e-11 0.0437659
4.38005e-11 0.0438005
4.38352e-11 0.0438352
4.38698e-11 0.0438698
4.39045e-11 0.0439045
4.39391e-11 0.0439391
4.39738e-11 0.0439738
4.40084e-11 0.0440084
4.40431e-11 0.0440431
4.40777e-11 0.0440777
4.41123e-11 0.0441123
4.4147e-11 0.044147
4.41816e-11 0.0441816
4.42163e-11 0.0442163
4.42509e-11 0.0442509
4.42856e-11 0.0442856
4.43202e-11 0.0443202
4.43548e-11 0.0443548
4.43895e-11 0.0443895
4.44241e-11 0.0444241
4.44588e-11 0.0444588
4.44934e-11 0.0444934
4.45281e-11 0.0445281
4.45627e-11 0.0445627
4.45974e-11 0.0445974
4.4632e-11 0.044632
4.46666e-11 0.0446666
4.47013e-11 0.0447013
4.47359e-11 0.0447359
4.47706e-11 0.0447706
4.48052e-11 0.0448052
4.48399e-11 0.0448399
4.48745e-11 0.0448745
4.49091e-11 0.0449091
4.49438e-11 0.0449438
4.49784e-11 0.0449784
4.50131e-11 0.0450131
4.50477e-11 0.0450477
4.50824e-11 0.0450824
4.5117e-11 0.045117
4.51517e-11 0.0451517
4.51863e-11 0.0451863
4.52209e-11 0.0452209
4.52556e-11 0.0452556
4.52902e-11 0.0452902
4.53249e-11 0.0453249
4.53595e-11 0.0453595
4.53942e-11 0.0453942
4.54288e-11 0.0454288
4.54634e-11 0.0454634
4.54981e-11 0.0454981
4.55327e-11 0.0455327
4.55674e-11 0.0455674
4.5602e-11 0.045602
4.56367e-11 0.0456367
4.56713e-11 0.0456713
4.57059e-11 0.0457059
4.57406e-11 0.0457406
4.57752e-11 0.0457752
4.58099e-11 0.0458099
4.58445e-11 0.0458445
4.58792e-11 0.0458792
4.59138e-11 0.0459138
4.59485e-11 0.0459485
4.59831e-11 0.0459831
4.60177e-11 0.0460177
4.60524e-11 0.0460524
4.6087e-11 0.046087
4.61217e-11 0.0461217
4.61563e-11 0.0461563
4.6191e-11 0.046191
4.62256e-11 0.0462256
4.62602e-11 0.0462602
4.62949e-11 0.0462949
4.63295e-11 0.0463295
4.63642e-11 0.0463642
4.63988e-11 0.0463988
4.64335e-11 0.0464335
4.64681e-11 0.0464681
4.65027e-11 0.0465027
4.65374e-11 0.0465374
4.6572e-11 0.046572
4.66067e-11 0.0466067
4.66413e-11 0.0466413
4.6676e-11 0.046676
4.67106e-11 0.0467106
4.67453e-11 0.0467453
4.67799e-11 0.0467799
4.68145e-11 0.0468145
4.68492e-11 0.0468492
4.68838e-11 0.0468838
4.69185e-11 0.0469185
4.69531e-11 0.0469531
4.69878e-11 0.0469878
4.70224e-11 0.0470224
4.7057e-11 0.047057
4.70917e-11 0.0470917
4.71263e-11 0.0471263
4.7161e-11 0.047161
4.71956e-11 0.0471956
4.72303e-11 0.0472303
4.72649e-11 0.0472649
4.72995e-11 0.0472995
4.73342e-11 0.0473342
4.73688e-11 0.0473688
4.74035e-11 0.0474035
4.74381e-11 0.0474381
4.74728e-11 0.0474728
4.75074e-11 0.0475074
4.75421e-11 0.0475421
4.75767e-11 0.0475767
4.76113e-11 0.0476113
4.7646e-11 0.047646
4.76806e-11 0.0476806
4.77153e-11 0.0477153
4.77499e-11 0.0477499
4.77846e-11 0.0477846
4.78192e-11 0.0478192
4.78538e-11 0.0478538
4.78885e-11 0.0478885
4.79231e-11 0.0479231
4.79578e-11 0.0479578
4.79924e-11 0.0479924
4.80271e-11 0.0480271
4.80617e-11 0.0480617
4.80963e-11 0.0480963
4.8131e-11 0.048131
4.81656e-11 0.0481656
4.82003e-11 0.0482003
4.82349e-11 0.0482349
4.82696e-11 0.0482696
4.83042e-11 0.0483042
4.83388e-11 0.0483388
4.83735e-11 0.0483735
4.84081e-11 0.0484081
4.84428e-11 0.0484428
4.84774e-11 0.0484774
4.85121e-11 0.0485121
4.85467e-11 0.0485467
4.85813e-11 0.0485813
4.8616e-11 0.048616
4.86506e-11 0.0486506
4.86853e-11 0.0486853
4.87199e-11 0.0487199
4.87546e-11 0.0487546
4.87892e-11 0.0487892
4.88239e-11 0.0488239
4.88585e-11 0.0488585
4.88931e-11 0.0488931
4.89278e-11 0.0489278
4.89624e-11 0.0489624
4.89971e-11 0.0489971
4.90317e-11 0.0490317
4.90664e-11 0.0490664
4.9101e-11 0.049101
4.91356e-11 0.0491356
4.91703e-11 0.0491703
4.92049e-11 0.0492049
4.92396e-11 0.0492396
4.92742e-11 0.0492742
4.93089e-11 0.0493089
4.93435e-11 0.0493435
4.93781e-11 0.0493781
4.94128e-11 0.0494128
4.94474e-11 0.0494474
4.94821e-11 0.0494821
4.95167e-11 0.0495167
4.95514e-11 0.0495514
4.9586e-11 0.049586
4.96206e-11 0.0496206
4.96553e-11 0.0496553
4.96899e-11 0.0496899
4.97246e-11 0.0497246
4.97592e-11 0.0497592
4.97939e-11 0.0497939
4.98285e-11 0.0498285
4.98631e-11 0.0498631
4.98978e-11 0.0498978
4.99324e-11 0.0499324
4.99671e-11 0.0499671
5.00017e-11 0.0500017
5.00364e-11 0.0500364
5.0071e-11 0.050071
5.01056e-11 0.0501056
5.01403e-11 0.0501403
5.01749e-11 0.0501749
5.02096e-11 0.0502096
5.02442e-11 0.0502442
5.02789e-11 0.0502789
5.03135e-11 0.0503135
5.03481e-11 0.0503481
5.03828e-11 0.0503828
5.04174e-11 0.0504174
5.04521e-11 0.0504521
5.04867e-11 0.0504867
5.05214e-11 0.0505214
5.0556e-11 0.050556
5.05906e-11 0.0505906
5.06253e-11 0.0506253
5.06599e-11 0.0506599
5.06946e-11 0.0506946
5.07292e-11 0.0507292
5.07639e-11 0.0507639
5.07985e-11 0.0507985
5.08331e-11 0.0508331
5.08678e-11 0.0508678
5.09024e-11 0.0509024
5.09371e-11 0.0509371
5.09717e-11 0.0509717
5.10064e-11 0.0510064
5.1041e-11 0.051041
5.10756e-11 0.0510756
5.11103e-11 0.0511103
5.11449e-11 0.0511449
5.11796e-11 0.0511796
5.12142e-11 0.0512142
5.12489e-11 0.0512489
5.12835e-11 0.0512835
5.13181e-11 0.0513181
5.13528e-11 0.0513528
5.13874e-11 0.0513874
5.14221e-11 0.0514221
5.14567e-11 0.0514567
5.14914e-11 0.0514914
5.1526e-11 0.051526
5.15606e-11 0.0515606
5.15953e-11 0.0515953
5.16299e-11 0.0516299
5.16646e-11 0.0516646
5.16992e-11 0.0516992
5.17339e-11 0.0517339
5.17685e-11 0.0517685
5.18031e-11 0.0518031
5.18378e-11 0.0518378
5.18724e-11 0.0518724
5.19071e-11 0.0519071
5.19417e-11 0.0519417
5.19764e-11 0.0519764
5.2011e-11 0.052011
5.20456e-11 0.0520456
5.20803e-11 0.0520803
5.21149e-11 0.0521149
5.21496e-11 0.0521496
5.21842e-11 0.0521842
5.22189e-11 0.0522189
5.22535e-11 0.0522535
5.22881e-11 0.0522881
5.23228e-11 0.0523228
5.23574e-11 0.0523574
5.23921e-11 0.0523921
5.24267e-11 0.0524267
5.24614e-11 0.0524614
5.2496e-11 0.052496
5.25306e-11 0.0525306
5.25653e-11 0.0525653
5.25999e-11 0.0525999
5.26346e-11 0.0526346
5.26692e-11 0.0526692
5.27039e-11 0.0527039
5.27385e-11 0.0527385
5.27731e-11 0.0527731
5.28078e-11 0.0528078
5.28424e-11 0.0528424
5.28771e-11 0.0528771
5.29117e-11 0.0529117
5.29464e-11 0.0529464
5.2981e-11 0.052981
5.30156e-11 0.0530156
5.30503e-11 0.0530503
5.30849e-11 0.0530849
5.31196e-11 0.0531196
5.31542e-11 0.0531542
5.31889e-11 0.0531889
5.32235e-11 0.0532235
5.32581e-11 0.0532581
5.32928e-11 0.0532928
5.33274e-11 0.0533274
5.33621e-11 0.0533621
5.33967e-11 0.0533967
5.34314e-11 0.0534314
5.3466e-11 0.053466
5.35006e-11 0.0535006
5.35353e-11 0.0535353
5.35699e-11 0.0535699
5.36046e-11 0.0536046
5.36392e-11 0.0536392
5.36739e-11 0.0536739
5.37085e-11 0.0537085
5.37431e-11 0.0537431
5.37778e-11 0.0537778
5.38124e-11 0.0538124
5.38471e-11 0.0538471
5.38817e-11 0.0538817
5.39164e-11 0.0539164
5.3951e-11 0.053951
5.39856e-11 0.0539856
5.40203e-11 0.0540203
5.40549e-11 0.0540549
5.40896e-11 0.0540896
5.41242e-11 0.0541242
5.41588e-11 0.0541588
5.41935e-11 0.0541935
5.42281e-11 0.0542281
5.42628e-11 0.0542628
5.42974e-11 0.0542974
5.43321e-11 0.0543321
5.43667e-11 0.0543667
5.44013e-11 0.0544013
5.4436e-11 0.054436
5.44706e-11 0.0544706
5.45053e-11 0.0545053
5.45399e-11 0.0545399
5.45746e-11 0.0545746
5.46092e-11 0.0546092
5.46438e-11 0.0546438
5.46785e-11 0.0546785
5.47131e-11 0.0547131
5.47478e-11 0.0547478
5.47824e-11 0.0547824
5.48171e-11 0.0548171
5.48517e-11 0.0548517
5.48863e-11 0.0548863
5.4921e-11 0.054921
5.49556e-11 0.0549556
5.49903e-11 0.0549903
5.50249e-11 0.0550249
5.50596e-11 0.0550596
5.50942e-11 0.0550942
5.51288e-11 0.0551288
5.51635e-11 0.0551635
5.51981e-11 0.0551981
5.52328e-11 0.0552328
5.52674e-11 0.0552674
5.53021e-11 0.0553021
5.53367e-11 0.0553367
5.53713e-11 0.0553713
5.5406e-11 0.055406
5.54406e-11 0.0554406
5.54753e-11 0.0554753
5.55099e-11 0.0555099
5.55445e-11 0.0555445
5.55792e-11 0.0555792
5.56138e-11 0.0556138
5.56485e-11 0.0556485
5.56831e-11 0.0556831
5.57178e-11 0.0557178
5.57524e-11 0.0557524
5.5787e-11 0.055787
5.58217e-11 0.0558217
5.58563e-11 0.0558563
5.5891e-11 0.055891
5.59256e-11 0.0559256
5.59603e-11 0.0559603
5.59949e-11 0.0559949
5.60295e-11 0.0560295
5.60642e-11 0.0560642
5.60988e-11 0.0560988
5.61335e-11 0.0561335
5.61681e-11 0.0561681
5.62028e-11 0.0562028
5.62374e-11 0.0562374
5.6272e-11 0.056272
5.63067e-11 0.0563067
5.63413e-11 0.0563413
5.6376e-11 0.056376
5.64106e-11 0.0564106
5.64452e-11 0.0564452
5.64799e-11 0.0564799
5.65145e-11 0.0565145
5.65492e-11 0.0565492
5.65838e-11 0.0565838
5.66185e-11 0.0566185
5.66531e-11 0.0566531
5.66877e-11 0.0566877
5.67224e-11 0.0567224
5.6757e-11 0.056757
5.67917e-11 0.0567917
5.68263e-11 0.0568263
5.6861e-11 0.056861
5.68956e-11 0.0568956
5.69302e-11 0.0569302
5.69649e-11 0.0569649
5.69995e-11 0.0569995
5.70342e-11 0.0570342
5.70688e-11 0.0570688
5.71035e-11 0.0571035
5.71381e-11 0.0571381
5.71727e-11 0.0571727
5.72074e-11 0.0572074
5.7242e-11 0.057242
5.72767e-11 0.0572767
5.73113e-11 0.0573113
5.73459e-11 0.0573459
5.73806e-11 0.0573806
5.74152e-11 0.0574152
5.74499e-11 0.0574499
5.74845e-11 0.0574845
5.75192e-11 0.0575192
5.75538e-11 0.0575538
5.75884e-11 0.0575884
5.76231e-11 0.0576231
5.76577e-11 0.0576577
5.76924e-11 0.0576924
5.7727e-11 0.057727
5.77617e-11 0.0577617
5.77963e-11 0.0577963
5.78309e-11 0.0578309
5.78656e-11 0.0578656
5.79002e-11 0.0579002
5.79349e-11 0.0579349
5.79695e-11 0.0579695
5.80041e-11 0.0580041
5.80388e-11 0.0580388
5.80734e-11 0.0580734
5.81081e-11 0.0581081
5.81427e-11 0.0581427
5.81774e-11 0.0581774
5.8212e-11 0.058212
5.82466e-11 0.0582466
5.82813e-11 0.0582813
5.83159e-11 0.0583159
5.83506e-11 0.0583506
5.83852e-11 0.0583852
5.84199e-11 0.0584199
5.84545e-11 0.0584545
5.84891e-11 0.0584891
5.85238e-11 0.0585238
5.85584e-11 0.0585584
5.85931e-11 0.0585931
5.86277e-11 0.0586277
5.86623e-11 0.0586623
5.8697e-11 0.058697
5.87316e-11 0.0587316
5.87663e-11 0.0587663
5.88009e-11 0.0588009
5.88356e-11 0.0588356
5.88702e-11 0.0588702
5.89048e-11 0.0589048
5.89395e-11 0.0589395
5.89741e-11 0.0589741
5.90088e-11 0.0590088
5.90434e-11 0.0590434
5.90781e-11 0.0590781
5.91127e-11 0.0591127
5.91473e-11 0.0591473
5.9182e-11 0.059182
5.92166e-11 0.0592166
5.92513e-11 0.0592513
5.92859e-11 0.0592859
5.93205e-11 0.0593205
5.93552e-11 0.0593552
5.93898e-11 0.0593898
5.94245e-11 0.0594245
5.94591e-11 0.0594591
5.94938e-11 0.0594938
5.95284e-11 0.0595284
5.9563e-11 0.059563
5.95977e-11 0.0595977
5.96323e-11 0.0596323
5.9667e-11 0.059667
5.97016e-11 0.0597016
5.97362e-11 0.0597362
5.97709e-11 0.0597709
5.98055e-11 0.0598055
5.98402e-11 0.0598402
5.98748e-11 0.0598748
5.99095e-11 0.0599095
5.99441e-11 0.0599441
5.99787e-11 0.0599787
6.00134e-11 0.0600134
6.0048e-11 0.060048
6.00827e-11 0.0600827
6.01173e-11 0.0601173
6.0152e-11 0.060152
6.01866e-11 0.0601866
6.02212e-11 0.0602212
6.02559e-11 0.0602559
6.02905e-11 0.0602905
6.03252e-11 0.0603252
6.03598e-11 0.0603598
6.03944e-11 0.0603944
6.04291e-11 0.0604291
6.04637e-11 0.0604637
6.04984e-11 0.0604984
6.0533e-11 0.060533
6.05677e-11 0.0605677
6.06023e-11 0.0606023
6.06369e-11 0.0606369
6.06716e-11 0.0606716
6.07062e-11 0.0607062
6.07409e-11 0.0607409
6.07755e-11 0.0607755
6.08101e-11 0.0608101
6.08448e-11 0.0608448
6.08794e-11 0.0608794
6.09141e-11 0.0609141
6.09487e-11 0.0609487
6.09834e-11 0.0609834
6.1018e-11 0.061018
6.10526e-11 0.0610526
6.10873e-11 0.0610873
6.11219e-11 0.0611219
6.11566e-11 0.0611566
6.11912e-11 0.0611912
6.12258e-11 0.0612258
6.12605e-11 0.0612605
6.12951e-11 0.0612951
6.13298e-11 0.0613298
6.13644e-11 0.0613644
6.13996e-11 0.0613996
6.14363e-11 0.0614363
6.14731e-11 0.0614731
6.15098e-11 0.0615098
6.15465e-11 0.0615465
6.15832e-11 0.0615832
6.16199e-11 0.0616199
6.16566e-11 0.0616566
6.16934e-11 0.0616934
6.17301e-11 0.0617301
6.17668e-11 0.0617668
6.18035e-11 0.0618035
6.18402e-11 0.0618402
6.18769e-11 0.0618769
6.19137e-11 0.0619137
6.19504e-11 0.0619504
6.19871e-11 0.0619871
6.20238e-11 0.0620238
6.20605e-11 0.0620605
6.20972e-11 0.0620972
6.2134e-11 0.062134
6.21707e-11 0.0621707
6.22074e-11 0.0622074
6.22441e-11 0.0622441
6.22808e-11 0.0622808
6.23175e-11 0.0623175
6.23543e-11 0.0623543
6.2391e-11 0.062391
6.24277e-11 0.0624277
6.24644e-11 0.0624644
6.25011e-11 0.0625011
6.25378e-11 0.0625378
6.25746e-11 0.0625746
6.26113e-11 0.0626113
6.2648e-11 0.062648
6.26847e-11 0.0626847
6.27214e-11 0.0627214
6.27581e-11 0.0627581
6.27949e-11 0.0627949
6.28316e-11 0.0628316
6.28683e-11 0.0628683
6.2905e-11 0.062905
6.29417e-11 0.0629417
6.29784e-11 0.0629784
6.30151e-11 0.0630151
6.30519e-11 0.0630519
6.30886e-11 0.0630886
6.31253e-11 0.0631253
6.3162e-11 0.063162
6.31987e-11 0.0631987
6.32354e-11 0.0632354
6.32722e-11 0.0632722
6.33089e-11 0.0633089
6.33456e-11 0.0633456
6.33823e-11 0.0633823
6.3419e-11 0.063419
6.34557e-11 0.0634557
6.34925e-11 0.0634925
6.35292e-11 0.0635292
6.35659e-11 0.0635659
6.36026e-11 0.0636026
6.36393e-11 0.0636393
6.3676e-11 0.063676
6.37128e-11 0.0637128
6.37511e-11 0.0637511
6.37896e-11 0.0637896
6.38282e-11 0.0638282
6.38667e-11 0.0638667
6.39053e-11 0.0639053
6.39438e-11 0.0639438
6.39823e-11 0.0639823
6.40209e-11 0.0640209
6.40594e-11 0.0640594
6.40979e-11 0.0640979
6.41365e-11 0.0641365
6.4175e-11 0.064175
6.42136e-11 0.0642136
6.42521e-11 0.0642521
6.42906e-11 0.0642906
6.43292e-11 0.0643292
6.43677e-11 0.0643677
6.44062e-11 0.0644062
6.44448e-11 0.0644448
6.44833e-11 0.0644833
6.45218e-11 0.0645218
6.45604e-11 0.0645604
6.45989e-11 0.0645989
6.46375e-11 0.0646375
6.4676e-11 0.064676
6.47145e-11 0.0647145
6.47531e-11 0.0647531
6.47916e-11 0.0647916
6.48301e-11 0.0648301
6.48687e-11 0.0648687
6.49072e-11 0.0649072
6.49458e-11 0.0649458
6.49843e-11 0.0649843
6.50228e-11 0.0650228
6.50614e-11 0.0650614
6.50999e-11 0.0650999
6.51384e-11 0.0651384
6.5177e-11 0.065177
6.52155e-11 0.0652155
6.5254e-11 0.065254
6.52926e-11 0.0652926
6.53311e-11 0.0653311
6.53697e-11 0.0653697
6.54082e-11 0.0654082
6.54467e-11 0.0654467
6.54853e-11 0.0654853
6.55238e-11 0.0655238
6.55623e-11 0.0655623
6.56009e-11 0.0656009
6.56394e-11 0.0656394
6.56779e-11 0.0656779
6.57165e-11 0.0657165
6.5755e-11 0.065755
6.57936e-11 0.0657936
6.58321e-11 0.0658321
6.58706e-11 0.0658706
6.59092e-11 0.0659092
6.59477e-11 0.0659477
6.59862e-11 0.0659862
6.60248e-11 0.0660248
6.60633e-11 0.0660633
6.61018e-11 0.0661018
6.61404e-11 0.0661404
6.61789e-11 0.0661789
6.62175e-11 0.0662175
6.6256e-11 0.066256
6.62945e-11 0.0662945
6.63331e-11 0.0663331
6.63716e-11 0.0663716
6.64101e-11 0.0664101
6.64487e-11 0.0664487
6.64872e-11 0.0664872
6.65257e-11 0.0665257
6.65643e-11 0.0665643
6.66028e-11 0.0666028
6.66413e-11 0.0666413
6.66799e-11 0.0666799
6.67184e-11 0.0667184
6.6757e-11 0.066757
6.67955e-11 0.0667955
6.6834e-11 0.066834
6.68726e-11 0.0668726
6.69111e-11 0.0669111
6.69496e-11 0.0669496
6.69882e-11 0.0669882
6.70267e-11 0.0670267
6.70652e-11 0.0670652
6.71038e-11 0.0671038
6.71423e-11 0.0671423
6.71808e-11 0.0671808
6.72194e-11 0.0672194
6.72579e-11 0.0672579
6.72965e-11 0.0672965
6.7335e-11 0.067335
6.73735e-11 0.0673735
6.74121e-11 0.0674121
6.74506e-11 0.0674506
6.74891e-11 0.0674891
6.75277e-11 0.0675277
6.75662e-11 0.0675662
6.76047e-11 0.0676047
6.76433e-11 0.0676433
6.76818e-11 0.0676818
6.77203e-11 0.0677203
6.77589e-11 0.0677589
6.77974e-11 0.0677974
6.78359e-11 0.0678359
6.78745e-11 0.0678745
6.7913e-11 0.067913
6.79516e-11 0.0679516
6.79901e-11 0.0679901
6.80286e-11 0.0680286
6.80672e-11 0.0680672
6.81057e-11 0.0681057
6.81442e-11 0.0681442
6.81828e-11 0.0681828
6.82213e-11 0.0682213
6.82598e-11 0.0682598
6.82984e-11 0.0682984
6.83369e-11 0.0683369
6.83754e-11 0.0683754
6.8414e-11 0.068414
6.84525e-11 0.0684525
6.8491e-11 0.068491
6.85296e-11 0.0685296
6.85681e-11 0.0685681
6.86066e-11 0.0686066
6.86452e-11 0.0686452
6.86837e-11 0.0686837
6.87223e-11 0.0687223
6.87608e-11 0.0687608
6.87993e-11 0.0687993
6.88379e-11 0.0688379
6.88764e-11 0.0688764
6.89149e-11 0.0689149
6.89535e-11 0.0689535
6.8992e-11 0.068992
6.90305e-11 0.0690305
6.90691e-11 0.0690691
6.91076e-11 0.0691076
6.91461e-11 0.0691461
6.91847e-11 0.0691847
6.92232e-11 0.0692232
6.92617e-11 0.0692617
6.93003e-11 0.0693003
6.93388e-11 0.0693388
6.93773e-11 0.0693773
6.94159e-11 0.0694159
6.94544e-11 0.0694544
6.94929e-11 0.0694929
6.95315e-11 0.0695315
6.957e-11 0.06957
6.96085e-11 0.0696085
6.96471e-11 0.0696471
6.96856e-11 0.0696856
6.97242e-11 0.0697242
6.97627e-11 0.0697627
6.98012e-11 0.0698012
6.98398e-11 0.0698398
6.98783e-11 0.0698783
6.99168e-11 0.0699168
6.99554e-11 0.0699554
6.99939e-11 0.0699939
7.00324e-11 0.0700324
7.0071e-11 0.070071
7.01095e-11 0.0701095
7.0148e-11 0.070148
7.01866e-11 0.0701866
7.02251e-11 0.0702251
7.02636e-11 0.0702636
7.03022e-11 0.0703022
7.03407e-11 0.0703407
7.03792e-11 0.0703792
7.04178e-11 0.0704178
7.04563e-11 0.0704563
7.04948e-11 0.0704948
7.05334e-11 0.0705334
7.05719e-11 0.0705719
7.06104e-11 0.0706104
7.0649e-11 0.070649
7.06875e-11 0.0706875
7.0726e-11 0.070726
7.07646e-11 0.0707646
7.08031e-11 0.0708031
7.08416e-11 0.0708416
7.08802e-11 0.0708802
7.09187e-11 0.0709187
7.09572e-11 0.0709572
7.09958e-11 0.0709958
7.10343e-11 0.0710343
7.10728e-11 0.0710728
7.11114e-11 0.0711114
7.11499e-11 0.0711499
7.11884e-11 0.0711884
7.1227e-11 0.071227
7.12655e-11 0.0712655
7.1304e-11 0.071304
7.13426e-11 0.0713426
7.13811e-11 0.0713811
7.14196e-11 0.0714196
7.14582e-11 0.0714582
7.14967e-11 0.0714967
7.15352e-11 0.0715352
7.15738e-11 0.0715738
7.16123e-11 0.0716123
7.16508e-11 0.0716508
7.16894e-11 0.0716894
7.17279e-11 0.0717279
7.17664e-11 0.0717664
7.1805e-11 0.071805
7.18435e-11 0.0718435
7.1882e-11 0.071882
7.19206e-11 0.0719206
7.19591e-11 0.0719591
7.19976e-11 0.0719976
7.20362e-11 0.0720362
7.20747e-11 0.0720747
7.21132e-11 0.0721132
7.21518e-11 0.0721518
7.21903e-11 0.0721903
7.22288e-11 0.0722288
7.22674e-11 0.0722674
7.23059e-11 0.0723059
7.23444e-11 0.0723444
7.2383e-11 0.072383
7.24215e-11 0.0724215
7.246e-11 0.07246
7.24986e-11 0.0724986
7.25371e-11 0.0725371
7.25756e-11 0.0725756
7.26142e-11 0.0726142
7.26527e-11 0.0726527
7.26912e-11 0.0726912
7.27298e-11 0.0727298
7.27683e-11 0.0727683
7.28068e-11 0.0728068
7.28454e-11 0.0728454
7.28839e-11 0.0728839
7.29224e-11 0.0729224
7.2961e-11 0.072961
7.29995e-11 0.0729995
7.3038e-11 0.073038
7.30766e-11 0.0730766
7.31151e-11 0.0731151
7.31536e-11 0.0731536
7.31922e-11 0.0731922
7.32307e-11 0.0732307
7.32692e-11 0.0732692
7.33078e-11 0.0733078
7.33463e-11 0.0733463
7.33848e-11 0.0733848
7.34234e-11 0.0734234
7.34619e-11 0.0734619
7.35004e-11 0.0735004
7.3539e-11 0.073539
7.35775e-11 0.0735775
7.3616e-11 0.073616
7.36546e-11 0.0736546
7.36931e-11 0.0736931
7.37316e-11 0.0737316
7.37701e-11 0.0737701
7.38087e-11 0.0738087
7.38472e-11 0.0738472
7.38857e-11 0.0738857
7.39243e-11 0.0739243
7.39628e-11 0.0739628
7.40013e-11 0.0740013
7.40399e-11 0.0740399
7.40784e-11 0.0740784
7.41169e-11 0.0741169
7.41555e-11 0.0741555
7.4194e-11 0.074194
7.42325e-11 0.0742325
7.42711e-11 0.0742711
7.43096e-11 0.0743096
7.43481e-11 0.0743481
7.43867e-11 0.0743867
7.44252e-11 0.0744252
7.44637e-11 0.0744637
7.45023e-11 0.0745023
7.45408e-11 0.0745408
7.45793e-11 0.0745793
7.46179e-11 0.0746179
7.46564e-11 0.0746564
7.46949e-11 0.0746949
7.47335e-11 0.0747335
7.4772e-11 0.074772
7.48105e-11 0.0748105
7.4849e-11 0.074849
7.48876e-11 0.0748876
7.49261e-11 0.0749261
7.49646e-11 0.0749646
7.50032e-11 0.0750032
7.50417e-11 0.0750417
7.50802e-11 0.0750802
7.51188e-11 0.0751188
7.51573e-11 0.0751573
7.51958e-11 0.0751958
7.52344e-11 0.0752344
7.52729e-11 0.0752729
7.53114e-11 0.0753114
7.535e-11 0.07535
7.53885e-11 0.0753885
7.5427e-11 0.075427
7.54656e-11 0.0754656
7.55041e-11 0.0755041
7.55426e-11 0.0755426
7.55811e-11 0.0755811
7.56197e-11 0.0756197
7.56582e-11 0.0756582
7.56967e-11 0.0756967
7.57353e-11 0.0757353
7.57738e-11 0.0757738
7.58123e-11 0.0758123
7.58509e-11 0.0758509
7.58894e-11 0.0758894
7.59279e-11 0.0759279
7.59665e-11 0.0759665
7.6005e-11 0.076005
7.60435e-11 0.0760435
7.60821e-11 0.0760821
7.61206e-11 0.0761206
7.61591e-11 0.0761591
7.61976e-11 0.0761976
7.62362e-11 0.0762362
7.62747e-11 0.0762747
7.63132e-11 0.0763132
7.63518e-11 0.0763518
7.63903e-11 0.0763903
7.64288e-11 0.0764288
7.64674e-11 0.0764674
7.65059e-11 0.0765059
7.65444e-11 0.0765444
7.6583e-11 0.076583
7.66215e-11 0.0766215
7.666e-11 0.07666
7.66986e-11 0.0766986
7.67371e-11 0.0767371
7.67756e-11 0.0767756
7.68141e-11 0.0768141
7.68527e-11 0.0768527
7.68912e-11 0.0768912
7.69297e-11 0.0769297
7.69683e-11 0.0769683
7.70068e-11 0.0770068
7.70453e-11 0.0770453
7.70839e-11 0.0770839
7.71224e-11 0.0771224
7.71609e-11 0.0771609
7.71995e-11 0.0771995
7.7238e-11 0.077238
7.72765e-11 0.0772765
7.7315e-11 0.077315
7.73536e-11 0.0773536
7.73921e-11 0.0773921
7.74306e-11 0.0774306
7.74692e-11 0.0774692
7.75077e-11 0.0775077
7.75462e-11 0.0775462
7.75848e-11 0.0775848
7.76233e-11 0.0776233
7.76618e-11 0.0776618
7.77003e-11 0.0777003
7.77389e-11 0.0777389
7.77774e-11 0.0777774
7.78159e-11 0.0778159
7.78545e-11 0.0778545
7.7893e-11 0.077893
7.79315e-11 0.0779315
7.79701e-11 0.0779701
7.80086e-11 0.0780086
7.80471e-11 0.0780471
7.80857e-11 0.0780857
7.81242e-11 0.0781242
7.81627e-11 0.0781627
7.82012e-11 0.0782012
7.82398e-11 0.0782398
7.82783e-11 0.0782783
7.83168e-11 0.0783168
7.83554e-11 0.0783554
7.83939e-11 0.0783939
7.84324e-11 0.0784324
7.8471e-11 0.078471
7.85095e-11 0.0785095
7.8548e-11 0.078548
7.85865e-11 0.0785865
7.86251e-11 0.0786251
7.86636e-11 0.0786636
7.87021e-11 0.0787021
7.87407e-11 0.0787407
7.87792e-11 0.0787792
7.88177e-11 0.0788177
7.88563e-11 0.0788563
7.88948e-11 0.0788948
7.89333e-11 0.0789333
7.89718e-11 0.0789718
7.90104e-11 0.0790104
7.90489e-11 0.0790489
7.90874e-11 0.0790874
7.9126e-11 0.079126
7.91645e-11 0.0791645
7.9203e-11 0.079203
7.92415e-11 0.0792415
7.92801e-11 0.0792801
7.93186e-11 0.0793186
7.93571e-11 0.0793571
7.93957e-11 0.0793957
7.94342e-11 0.0794342
7.94727e-11 0.0794727
7.95113e-11 0.0795113
7.95498e-11 0.0795498
7.95883e-11 0.0795883
7.96268e-11 0.0796268
7.96654e-11 0.0796654
7.97039e-11 0.0797039
7.97424e-11 0.0797424
7.9781e-11 0.079781
7.98195e-11 0.0798195
7.9858e-11 0.079858
7.98965e-11 0.0798965
7.99351e-11 0.0799351
7.99736e-11 0.0799736
8.00121e-11 0.0800121
8.00507e-11 0.0800507
8.00892e-11 0.0800892
8.01277e-11 0.0801277
8.01663e-11 0.0801663
8.02048e-11 0.0802048
8.02433e-11 0.0802433
8.02818e-11 0.0802818
8.03204e-11 0.0803204
8.03589e-11 0.0803589
8.03974e-11 0.0803974
8.0436e-11 0.080436
8.04745e-11 0.0804745
8.0513e-11 0.080513
8.05515e-11 0.0805515
8.05901e-11 0.0805901
8.06286e-11 0.0806286
8.06671e-11 0.0806671
8.07057e-11 0.0807057
8.07442e-11 0.0807442
8.07827e-11 0.0807827
8.08212e-11 0.0808212
8.08598e-11 0.0808598
8.08983e-11 0.0808983
8.09368e-11 0.0809368
8.09754e-11 0.0809754
8.10139e-11 0.0810139
8.10524e-11 0.0810524
8.1091e-11 0.081091
8.11295e-11 0.0811295
8.1168e-11 0.081168
8.12065e-11 0.0812065
8.12451e-11 0.0812451
8.12836e-11 0.0812836
8.13221e-11 0.0813221
8.13607e-11 0.0813607
8.13992e-11 0.0813992
8.14377e-11 0.0814377
8.14762e-11 0.0814762
8.15148e-11 0.0815148
8.15533e-11 0.0815533
8.15918e-11 0.0815918
8.16304e-11 0.0816304
8.16689e-11 0.0816689
8.17074e-11 0.0817074
8.17459e-11 0.0817459
8.17845e-11 0.0817845
8.1823e-11 0.081823
8.18615e-11 0.0818615
8.19e-11 0.0819
8.19386e-11 0.0819386
8.19771e-11 0.0819771
8.20156e-11 0.0820156
8.20542e-11 0.0820542
8.20927e-11 0.0820927
8.21312e-11 0.0821312
8.21697e-11 0.0821697
8.22083e-11 0.0822083
8.22468e-11 0.0822468
8.22853e-11 0.0822853
8.23239e-11 0.0823239
8.23624e-11 0.0823624
8.24009e-11 0.0824009
8.24394e-11 0.0824394
8.2478e-11 0.082478
8.25165e-11 0.0825165
8.2555e-11 0.082555
8.25936e-11 0.0825936
8.26321e-11 0.0826321
8.26706e-11 0.0826706
8.27091e-11 0.0827091
8.27477e-11 0.0827477
8.27862e-11 0.0827862
8.28247e-11 0.0828247
8.28633e-11 0.0828633
8.29018e-11 0.0829018
8.29403e-11 0.0829403
8.29788e-11 0.0829788
8.30174e-11 0.0830174
8.30559e-11 0.0830559
8.30944e-11 0.0830944
8.31329e-11 0.0831329
8.31715e-11 0.0831715
8.321e-11 0.08321
8.32485e-11 0.0832485
8.32871e-11 0.0832871
8.33256e-11 0.0833256
8.33641e-11 0.0833641
8.34026e-11 0.0834026
8.34412e-11 0.0834412
8.34797e-11 0.0834797
8.35182e-11 0.0835182
8.35568e-11 0.0835568
8.35953e-11 0.0835953
8.36338e-11 0.0836338
8.36723e-11 0.0836723
8.37109e-11 0.0837109
8.37494e-11 0.0837494
8.37879e-11 0.0837879
8.38264e-11 0.0838264
8.3865e-11 0.083865
8.39035e-11 0.0839035
8.3942e-11 0.083942
8.39806e-11 0.0839806
8.40191e-11 0.0840191
8.40576e-11 0.0840576
8.40961e-11 0.0840961
8.41347e-11 0.0841347
8.41732e-11 0.0841732
8.42117e-11 0.0842117
8.42502e-11 0.0842502
8.42888e-11 0.0842888
8.43273e-11 0.0843273
8.43658e-11 0.0843658
8.44044e-11 0.0844044
8.44429e-11 0.0844429
8.44814e-11 0.0844814
8.45199e-11 0.0845199
8.45585e-11 0.0845585
8.4597e-11 0.084597
8.46355e-11 0.0846355
8.4674e-11 0.084674
8.47126e-11 0.0847126
8.47511e-11 0.0847511
8.47896e-11 0.0847896
8.48282e-11 0.0848282
8.48667e-11 0.0848667
8.49052e-11 0.0849052
8.49437e-11 0.0849437
8.49823e-11 0.0849823
8.50208e-11 0.0850208
8.50593e-11 0.0850593
8.50978e-11 0.0850978
8.51364e-11 0.0851364
8.51749e-11 0.0851749
8.52134e-11 0.0852134
8.52519e-11 0.0852519
8.52905e-11 0.0852905
8.5329e-11 0.085329
8.53675e-11 0.0853675
8.54061e-11 0.0854061
8.54446e-11 0.0854446
8.54831e-11 0.0854831
8.55216e-11 0.0855216
8.55602e-11 0.0855602
8.55987e-11 0.0855987
8.56372e-11 0.0856372
8.56757e-11 0.0856757
8.57143e-11 0.0857143
8.57528e-11 0.0857528
8.57913e-11 0.0857913
8.58298e-11 0.0858298
8.58684e-11 0.0858684
8.59069e-11 0.0859069
8.59454e-11 0.0859454
8.59839e-11 0.0859839
8.60225e-11 0.0860225
8.6061e-11 0.086061
8.60995e-11 0.0860995
8.61381e-11 0.0861381
8.61766e-11 0.0861766
8.62151e-11 0.0862151
8.62536e-11 0.0862536
8.62922e-11 0.0862922
8.63307e-11 0.0863307
8.63692e-11 0.0863692
8.64077e-11 0.0864077
8.64463e-11 0.0864463
8.64848e-11 0.0864848
8.65233e-11 0.0865233
8.65618e-11 0.0865618
8.66004e-11 0.0866004
8.66389e-11 0.0866389
8.66774e-11 0.0866774
8.67159e-11 0.0867159
8.67545e-11 0.0867545
8.6793e-11 0.086793
8.68315e-11 0.0868315
8.68701e-11 0.0868701
8.69086e-11 0.0869086
8.69471e-11 0.0869471
8.69856e-11 0.0869856
8.70242e-11 0.0870242
8.70627e-11 0.0870627
8.71012e-11 0.0871012
8.71397e-11 0.0871397
8.71783e-11 0.0871783
8.72168e-11 0.0872168
8.72553e-11 0.0872553
8.72938e-11 0.0872938
8.73324e-11 0.0873324
8.73709e-11 0.0873709
8.74094e-11 0.0874094
8.74479e-11 0.0874479
8.74865e-11 0.0874865
8.7525e-11 0.087525
8.75635e-11 0.0875635
8.7602e-11 0.087602
8.76406e-11 0.0876406
8.76791e-11 0.0876791
8.77176e-11 0.0877176
8.77561e-11 0.0877561
8.77947e-11 0.0877947
8.78332e-11 0.0878332
8.78717e-11 0.0878717
8.79102e-11 0.0879102
8.79488e-11 0.0879488
8.79873e-11 0.0879873
8.80258e-11 0.0880258
8.80643e-11 0.0880643
8.81029e-11 0.0881029
8.81414e-11 0.0881414
8.81799e-11 0.0881799
8.82184e-11 0.0882184
8.8257e-11 0.088257
8.82955e-11 0.0882955
8.8334e-11 0.088334
8.83725e-11 0.0883725
8.84111e-11 0.0884111
8.84496e-11 0.0884496
8.84881e-11 0.0884881
8.85266e-11 0.0885266
8.85652e-11 0.0885652
8.86037e-11 0.0886037
8.86422e-11 0.0886422
8.86807e-11 0.0886807
8.87193e-11 0.0887193
8.87578e-11 0.0887578
8.87963e-11 0.0887963
8.88348e-11 0.0888348
8.88734e-11 0.0888734
8.89119e-11 0.0889119
8.89504e-11 0.0889504
8.89889e-11 0.0889889
8.90275e-11 0.0890275
8.9066e-11 0.089066
8.91045e-11 0.0891045
8.9143e-11 0.089143
8.91816e-11 0.0891816
8.92201e-11 0.0892201
8.92586e-11 0.0892586
8.92971e-11 0.0892971
8.93357e-11 0.0893357
8.93742e-11 0.0893742
8.94127e-11 0.0894127
8.94512e-11 0.0894512
8.94898e-11 0.0894898
8.95283e-11 0.0895283
8.95668e-11 0.0895668
8.96053e-11 0.0896053
8.96439e-11 0.0896439
8.96824e-11 0.0896824
8.97209e-11 0.0897209
8.97594e-11 0.0897594
8.9798e-11 0.089798
8.98365e-11 0.0898365
8.9875e-11 0.089875
8.99135e-11 0.0899135
8.99521e-11 0.0899521
8.99906e-11 0.0899906
9.00291e-11 0.0900291
9.00676e-11 0.0900676
9.01062e-11 0.0901062
9.01447e-11 0.0901447
9.01832e-11 0.0901832
9.02217e-11 0.0902217
9.02603e-11 0.0902603
9.02988e-11 0.0902988
9.03373e-11 0.0903373
9.03758e-11 0.0903758
9.04144e-11 0.0904144
9.04529e-11 0.0904529
9.04914e-11 0.0904914
9.05299e-11 0.0905299
9.05685e-11 0.0905685
9.0607e-11 0.090607
9.06455e-11 0.0906455
9.0684e-11 0.090684
9.07225e-11 0.0907225
9.07611e-11 0.0907611
9.07996e-11 0.0907996
9.08381e-11 0.0908381
9.08766e-11 0.0908766
9.09152e-11 0.0909152
9.09537e-11 0.0909537
9.09922e-11 0.0909922
9.10307e-11 0.0910307
9.10693e-11 0.0910693
9.11078e-11 0.0911078
9.11463e-11 0.0911463
9.11848e-11 0.0911848
9.12234e-11 0.0912234
9.12619e-11 0.0912619
9.13004e-11 0.0913004
9.13389e-11 0.0913389
9.13775e-11 0.0913775
9.1416e-11 0.091416
9.14545e-11 0.0914545
9.1493e-11 0.091493
9.15315e-11 0.0915315
9.15701e-11 0.0915701
9.16086e-11 0.0916086
9.16471e-11 0.0916471
9.16856e-11 0.0916856
9.17242e-11 0.0917242
9.17627e-11 0.0917627
9.18012e-11 0.0918012
9.18397e-11 0.0918397
9.18783e-11 0.0918783
9.19168e-11 0.0919168
9.19553e-11 0.0919553
9.19938e-11 0.0919938
9.20324e-11 0.0920324
9.20709e-11 0.0920709
9.21094e-11 0.0921094
9.21479e-11 0.0921479
9.21864e-11 0.0921864
9.2225e-11 0.092225
9.22635e-11 0.0922635
9.2302e-11 0.092302
9.23405e-11 0.0923405
9.23791e-11 0.0923791
9.24176e-11 0.0924176
9.24561e-11 0.0924561
9.24946e-11 0.0924946
9.25332e-11 0.0925332
9.25717e-11 0.0925717
9.26102e-11 0.0926102
9.26487e-11 0.0926487
9.26873e-11 0.0926873
9.27258e-11 0.0927258
9.27643e-11 0.0927643
9.28028e-11 0.0928028
9.28413e-11 0.0928413
9.28799e-11 0.0928799
9.29184e-11 0.0929184
9.29569e-11 0.0929569
9.29954e-11 0.0929954
9.3034e-11 0.093034
9.30725e-11 0.0930725
9.3111e-11 0.093111
9.31495e-11 0.0931495
9.3188e-11 0.093188
9.32266e-11 0.0932266
9.32651e-11 0.0932651
9.33036e-11 0.0933036
9.33421e-11 0.0933421
9.33807e-11 0.0933807
9.34192e-11 0.0934192
9.34577e-11 0.0934577
9.34962e-11 0.0934962
9.35348e-11 0.0935348
9.35733e-11 0.0935733
9.36118e-11 0.0936118
9.36503e-11 0.0936503
9.36888e-11 0.0936888
9.37274e-11 0.0937274
9.37659e-11 0.0937659
9.38044e-11 0.0938044
9.38429e-11 0.0938429
9.38815e-11 0.0938815
9.392e-11 0.09392
9.39585e-11 0.0939585
9.3997e-11 0.093997
9.40355e-11 0.0940355
9.40741e-11 0.0940741
9.41126e-11 0.0941126
9.41511e-11 0.0941511
9.41896e-11 0.0941896
9.42282e-11 0.0942282
9.42667e-11 0.0942667
9.43052e-11 0.0943052
9.43437e-11 0.0943437
9.43822e-11 0.0943822
9.44208e-11 0.0944208
9.44593e-11 0.0944593
9.44978e-11 0.0944978
9.45363e-11 0.0945363
9.45749e-11 0.0945749
9.46134e-11 0.0946134
9.46519e-11 0.0946519
9.46904e-11 0.0946904
9.47289e-11 0.0947289
9.47675e-11 0.0947675
9.4806e-11 0.094806
9.48445e-11 0.0948445
9.4883e-11 0.094883
9.49216e-11 0.0949216
9.49601e-11 0.0949601
9.49986e-11 0.0949986
9.50371e-11 0.0950371
9.50756e-11 0.0950756
9.51142e-11 0.0951142
9.51527e-11 0.0951527
9.51912e-11 0.0951912
9.52297e-11 0.0952297
9.52683e-11 0.0952683
9.53068e-11 0.0953068
9.53453e-11 0.0953453
9.53838e-11 0.0953838
9.54223e-11 0.0954223
9.54609e-11 0.0954609
9.54994e-11 0.0954994
9.55379e-11 0.0955379
9.55764e-11 0.0955764
9.5615e-11 0.095615
9.56535e-11 0.0956535
9.5692e-11 0.095692
9.57305e-11 0.0957305
9.5769e-11 0.095769
9.58076e-11 0.0958076
9.58461e-11 0.0958461
9.58846e-11 0.0958846
9.59231e-11 0.0959231
9.59616e-11 0.0959616
9.60002e-11 0.0960002
9.60387e-11 0.0960387
9.60772e-11 0.0960772
9.61157e-11 0.0961157
9.61543e-11 0.0961543
9.61928e-11 0.0961928
9.62313e-11 0.0962313
9.62698e-11 0.0962698
9.63083e-11 0.0963083
9.63469e-11 0.0963469
9.63854e-11 0.0963854
9.64239e-11 0.0964239
9.64624e-11 0.0964624
9.65009e-11 0.0965009
9.65395e-11 0.0965395
9.6578e-11 0.096578
9.66165e-11 0.0966165
9.6655e-11 0.096655
9.66935e-11 0.0966935
9.67321e-11 0.0967321
9.67706e-11 0.0967706
9.68091e-11 0.0968091
9.68476e-11 0.0968476
9.68862e-11 0.0968862
9.69247e-11 0.0969247
9.69632e-11 0.0969632
9.70017e-11 0.0970017
9.70402e-11 0.0970402
9.70788e-11 0.0970788
9.71173e-11 0.0971173
9.71558e-11 0.0971558
9.71943e-11 0.0971943
9.72328e-11 0.0972328
9.72714e-11 0.0972714
9.73099e-11 0.0973099
9.73484e-11 0.0973484
9.73869e-11 0.0973869
9.74254e-11 0.0974254
9.7464e-11 0.097464
9.75025e-11 0.0975025
9.7541e-11 0.097541
9.75795e-11 0.0975795
9.76181e-11 0.0976181
9.76566e-11 0.0976566
9.76951e-11 0.0976951
9.77336e-11 0.0977336
9.77721e-11 0.0977721
9.78107e-11 0.0978107
9.78492e-11 0.0978492
9.78877e-11 0.0978877
9.79262e-11 0.0979262
9.79647e-11 0.0979647
9.80033e-11 0.0980033
9.80418e-11 0.0980418
9.80803e-11 0.0980803
9.81188e-11 0.0981188
9.81573e-11 0.0981573
9.81959e-11 0.0981959
9.82344e-11 0.0982344
9.82729e-11 0.0982729
9.83114e-11 0.0983114
9.83499e-11 0.0983499
9.83885e-11 0.0983885
9.8427e-11 0.098427
9.84655e-11 0.0984655
9.8504e-11 0.098504
9.85425e-11 0.0985425
9.85811e-11 0.0985811
9.86196e-11 0.0986196
9.86581e-11 0.0986581
9.86966e-11 0.0986966
9.87351e-11 0.0987351
9.87737e-11 0.0987737
9.88122e-11 0.0988122
9.88507e-11 0.0988507
9.88892e-11 0.0988892
9.89277e-11 0.0989277
9.89663e-11 0.0989663
9.90048e-11 0.0990048
9.90433e-11 0.0990433
9.90818e-11 0.0990818
9.91203e-11 0.0991203
9.91589e-11 0.0991589
9.91974e-11 0.0991974
9.92359e-11 0.0992359
9.92744e-11 0.0992744
9.93129e-11 0.0993129
9.93515e-11 0.0993515
9.939e-11 0.09939
9.94285e-11 0.0994285
9.9467e-11 0.099467
9.95055e-11 0.0995055
9.95441e-11 0.0995441
9.95826e-11 0.0995826
9.96211e-11 0.0996211
9.96596e-11 0.0996596
9.96981e-11 0.0996981
9.97367e-11 0.0997367
9.97752e-11 0.0997752
9.98137e-11 0.0998137
9.98522e-11 0.0998522
9.98907e-11 0.0998907
9.99293e-11 0.0999293
9.99678e-11 0.0999678
1.00006e-10 0.100006
1.00045e-10 0.100045
1.00083e-10 0.100083
1.00122e-10 0.100122
1.0016e-10 0.10016
1.00199e-10 0.100199
1.00237e-10 0.100237
1.00276e-10 0.100276
1.00314e-10 0.100314
1.00353e-10 0.100353
1.00391e-10 0.100391
1.0043e-10 0.10043
1.00469e-10 0.100469
1.00507e-10 0.100507
1.00546e-10 0.100546
1.00584e-10 0.100584
1.00623e-10 0.100623
1.00661e-10 0.100661
1.007e-10 0.1007
1.00738e-10 0.100738
1.00777e-10 0.100777
1.00815e-10 0.100815
1.00854e-10 0.100854
1.00892e-10 0.100892
1.00931e-10 0.100931
1.00969e-10 0.100969
1.01008e-10 0.101008
1.01046e-10 0.101046
1.01085e-10 0.101085
1.01123e-10 0.101123
1.01162e-10 0.101162
1.012e-10 0.1012
1.01239e-10 0.101239
1.01277e-10 0.101277
1.01316e-10 0.101316
1.01354e-10 0.101354
1.01393e-10 0.101393
1.01432e-10 0.101432
1.0147e-10 0.10147
1.01509e-10 0.101509
1.01547e-10 0.101547
1.01586e-10 0.101586
1.01624e-10 0.101624
1.01663e-10 0.101663
1.01701e-10 0.101701
1.0174e-10 0.10174
1.01778e-10 0.101778
1.01817e-10 0.101817
1.01855e-10 0.101855
1.01894e-10 0.101894
1.01932e-10 0.101932
1.01971e-10 0.101971
1.02009e-10 0.102009
1.02048e-10 0.102048
1.02086e-10 0.102086
1.02125e-10 0.102125
1.02163e-10 0.102163
1.02202e-10 0.102202
1.0224e-10 0.10224
1.02279e-10 0.102279
1.02317e-10 0.102317
1.02356e-10 0.102356
1.02394e-10 0.102394
1.02433e-10 0.102433
1.02472e-10 0.102472
1.0251e-10 0.10251
1.02549e-10 0.102549
1.02587e-10 0.102587
1.02626e-10 0.102626
1.02664e-10 0.102664
1.02703e-10 0.102703
1.02741e-10 0.102741
1.0278e-10 0.10278
1.02818e-10 0.102818
1.02857e-10 0.102857
1.02895e-10 0.102895
1.02934e-10 0.102934
1.02972e-10 0.102972
1.03011e-10 0.103011
1.03049e-10 0.103049
1.03088e-10 0.103088
1.03126e-10 0.103126
1.03165e-10 0.103165
1.03203e-10 0.103203
1.03242e-10 0.103242
1.0328e-10 0.10328
1.03319e-10 0.103319
1.03357e-10 0.103357
1.03396e-10 0.103396
1.03434e-10 0.103434
1.03473e-10 0.103473
1.03511e-10 0.103511
1.0355e-10 0.10355
1.03589e-10 0.103589
1.03627e-10 0.103627
1.03666e-10 0.103666
1.03704e-10 0.103704
1.03743e-10 0.103743
1.03781e-10 0.103781
1.0382e-10 0.10382
1.03858e-10 0.103858
1.03897e-10 0.103897
1.03935e-10 0.103935
1.03974e-10 0.103974
1.04012e-10 0.104012
1.04051e-10 0.104051
1.04089e-10 0.104089
1.04128e-10 0.104128
1.04166e-10 0.104166
1.04205e-10 0.104205
1.04243e-10 0.104243
1.04282e-10 0.104282
1.0432e-10 0.10432
1.04359e-10 0.104359
1.04397e-10 0.104397
1.04436e-10 0.104436
1.04474e-10 0.104474
1.04513e-10 0.104513
1.04551e-10 0.104551
1.0459e-10 0.10459
1.04629e-10 0.104629
1.04667e-10 0.104667
1.04706e-10 0.104706
1.04744e-10 0.104744
1.04783e-10 0.104783
1.04821e-10 0.104821
1.0486e-10 0.10486
1.04898e-10 0.104898
1.04937e-10 0.104937
1.04975e-10 0.104975
1.05014e-10 0.105014
1.05052e-10 0.105052
1.05091e-10 0.105091
1.05129e-10 0.105129
1.05168e-10 0.105168
1.05206e-10 0.105206
1.05245e-10 0.105245
1.05283e-10 0.105283
1.05322e-10 0.105322
1.0536e-10 0.10536
1.05399e-10 0.105399
1.05437e-10 0.105437
1.05476e-10 0.105476
1.05514e-10 0.105514
1.05553e-10 0.105553
1.05591e-10 0.105591
1.0563e-10 0.10563
1.05668e-10 0.105668
1.05707e-10 0.105707
1.05745e-10 0.105745
1.05784e-10 0.105784
1.05823e-10 0.105823
1.05861e-10 0.105861
1.059e-10 0.1059
1.05938e-10 0.105938
