-4.86987e-15 -4.86987e-06
-9.73975e-15 -9.73975e-06
-1.46096e-14 -1.46096e-05
-1.94795e-14 -1.94795e-05
-2.43495e-14 -2.43495e-05
-2.92194e-14 -2.92194e-05
-3.40894e-14 -3.40894e-05
-3.89594e-14 -3.89594e-05
-4.38294e-14 -4.38294e-05
-4.86995e-14 -4.86995e-05
3.1991e-16 3.1991e-07
4.93392e-14 4.93392e-05
9.83585e-14 9.83585e-05
1.47378e-13 0.000147378
1.96397e-13 0.000196397
2.45416e-13 0.000245416
2.94435e-13 0.000294435
3.43455e-13 0.000343455
3.92474e-13 0.000392474
4.41493e-13 0.000441493
4.90512e-13 0.000490512
5.39531e-13 0.000539531
5.8855e-13 0.00058855
6.37569e-13 0.000637569
6.86588e-13 0.000686588
7.35607e-13 0.000735607
7.84626e-13 0.000784626
8.33645e-13 0.000833645
8.82664e-13 0.000882664
9.31683e-13 0.000931683
9.80701e-13 0.000980701
1.02972e-12 0.00102972
1.07874e-12 0.00107874
1.12776e-12 0.00112776
1.17678e-12 0.00117678
1.2258e-12 0.0012258
1.27481e-12 0.00127481
1.32383e-12 0.00132383
1.37285e-12 0.00137285
1.42187e-12 0.00142187
1.47089e-12 0.00147089
1.51991e-12 0.00151991
1.56893e-12 0.00156893
1.61794e-12 0.00161794
1.66696e-12 0.00166696
1.71598e-12 0.00171598
1.765e-12 0.001765
1.81402e-12 0.00181402
1.86304e-12 0.00186304
1.91205e-12 0.00191205
1.96107e-12 0.00196107
2.01009e-12 0.00201009
2.05911e-12 0.00205911
2.10813e-12 0.00210813
2.15715e-12 0.00215715
2.20616e-12 0.00220616
2.25518e-12 0.00225518
2.3042e-12 0.0023042
2.35322e-12 0.00235322
2.40224e-12 0.00240224
2.45125e-12 0.00245125
2.50027e-12 0.00250027
2.54929e-12 0.00254929
2.59831e-12 0.00259831
2.64733e-12 0.00264733
2.69634e-12 0.00269634
2.74536e-12 0.00274536
2.79438e-12 0.00279438
2.8434e-12 0.0028434
2.89241e-12 0.00289241
2.94143e-12 0.00294143
2.99045e-12 0.00299045
3.03947e-12 0.00303947
3.08849e-12 0.00308849
3.1375e-12 0.0031375
3.18652e-12 0.00318652
3.23554e-12 0.00323554
3.28456e-12 0.00328456
3.33357e-12 0.00333357
3.38259e-12 0.00338259
3.43161e-12 0.00343161
3.48063e-12 0.00348063
3.52964e-12 0.00352964
3.57866e-12 0.00357866
3.62768e-12 0.00362768
3.67669e-12 0.00367669
3.72571e-12 0.00372571
3.77473e-12 0.00377473
3.82375e-12 0.00382375
3.87276e-12 0.00387276
3.92178e-12 0.00392178
3.9708e-12 0.0039708
4.01982e-12 0.00401982
4.06883e-12 0.00406883
4.11785e-12 0.00411785
4.16687e-12 0.00416687
4.21588e-12 0.00421588
4.2649e-12 0.0042649
4.31392e-12 0.00431392
4.36293e-12 0.00436293
4.41195e-12 0.00441195
4.46097e-12 0.00446097
4.50999e-12 0.00450999
4.559e-12 0.004559
4.60802e-12 0.00460802
4.65704e-12 0.00465704
4.70605e-12 0.00470605
4.75507e-12 0.00475507
4.80409e-12 0.00480409
4.8531e-12 0.0048531
4.90212e-12 0.00490212
4.95114e-12 0.00495114
5.00015e-12 0.00500015
5.04917e-12 0.00504917
5.09819e-12 0.00509819
5.1472e-12 0.0051472
5.19622e-12 0.00519622
5.24524e-12 0.00524524
5.29425e-12 0.00529425
5.34327e-12 0.00534327
5.39228e-12 0.00539228
5.4413e-12 0.0054413
5.49032e-12 0.00549032
5.53933e-12 0.00553933
5.58835e-12 0.00558835
5.63737e-12 0.00563737
5.68638e-12 0.00568638
5.7354e-12 0.0057354
5.78441e-12 0.00578441
5.83343e-12 0.00583343
5.88245e-12 0.00588245
5.93146e-12 0.00593146
5.98048e-12 0.00598048
6.02949e-12 0.00602949
6.07851e-12 0.00607851
6.12753e-12 0.00612753
6.17654e-12 0.00617654
6.22556e-12 0.00622556
6.27457e-12 0.00627457
6.32359e-12 0.00632359
6.37261e-12 0.00637261
6.42162e-12 0.00642162
6.47064e-12 0.00647064
6.51965e-12 0.00651965
6.56867e-12 0.00656867
6.61768e-12 0.00661768
6.6667e-12 0.0066667
6.71572e-12 0.00671572
6.76473e-12 0.00676473
6.81375e-12 0.00681375
6.86276e-12 0.00686276
6.91178e-12 0.00691178
6.96079e-12 0.00696079
7.00981e-12 0.00700981
7.05882e-12 0.00705882
7.10784e-12 0.00710784
7.15686e-12 0.00715686
7.20587e-12 0.00720587
7.25489e-12 0.00725489
7.3039e-12 0.0073039
7.35292e-12 0.00735292
7.40193e-12 0.00740193
7.45095e-12 0.00745095
7.49996e-12 0.00749996
7.54898e-12 0.00754898
7.59799e-12 0.00759799
7.64701e-12 0.00764701
7.69602e-12 0.00769602
7.74504e-12 0.00774504
7.79405e-12 0.00779405
7.84307e-12 0.00784307
7.89208e-12 0.00789208
7.9411e-12 0.0079411
7.99011e-12 0.00799011
8.03913e-12 0.00803913
8.08814e-12 0.00808814
8.13716e-12 0.00813716
8.18617e-12 0.00818617
8.23519e-12 0.00823519
8.2842e-12 0.0082842
8.33322e-12 0.00833322
8.38223e-12 0.00838223
8.43125e-12 0.00843125
8.48026e-12 0.00848026
8.52927e-12 0.00852927
8.57829e-12 0.00857829
8.6273e-12 0.0086273
8.67632e-12 0.00867632
8.72533e-12 0.00872533
8.77435e-12 0.00877435
8.82336e-12 0.00882336
8.87238e-12 0.00887238
8.92139e-12 0.00892139
8.97041e-12 0.00897041
9.01942e-12 0.00901942
9.06843e-12 0.00906843
9.11745e-12 0.00911745
9.16646e-12 0.00916646
9.21548e-12 0.00921548
9.26449e-12 0.00926449
9.31351e-12 0.00931351
9.36252e-12 0.00936252
9.41153e-12 0.00941153
9.46055e-12 0.00946055
9.50956e-12 0.00950956
9.55858e-12 0.00955858
9.60759e-12 0.00960759
9.6566e-12 0.0096566
9.70562e-12 0.00970562
9.75463e-12 0.00975463
9.80365e-12 0.00980365
9.85266e-12 0.00985266
9.90167e-12 0.00990167
9.95069e-12 0.00995069
9.9997e-12 0.0099997
1.00487e-11 0.0100487
1.00977e-11 0.0100977
1.01467e-11 0.0101467
1.01958e-11 0.0101958
1.02448e-11 0.0102448
1.02938e-11 0.0102938
1.03428e-11 0.0103428
1.03918e-11 0.0103918
1.04408e-11 0.0104408
1.04898e-11 0.0104898
1.05389e-11 0.0105389
1.05879e-11 0.0105879
1.06369e-11 0.0106369
1.06859e-11 0.0106859
1.07349e-11 0.0107349
1.07839e-11 0.0107839
1.08329e-11 0.0108329
1.08819e-11 0.0108819
1.0931e-11 0.010931
1.098e-11 0.01098
1.1029e-11 0.011029
1.1078e-11 0.011078
1.1127e-11 0.011127
1.1176e-11 0.011176
1.1225e-11 0.011225
1.12741e-11 0.0112741
1.13231e-11 0.0113231
1.13721e-11 0.0113721
1.14211e-11 0.0114211
1.14701e-11 0.0114701
1.15191e-11 0.0115191
1.15681e-11 0.0115681
1.16171e-11 0.0116171
1.16662e-11 0.0116662
1.17152e-11 0.0117152
1.17642e-11 0.0117642
1.18132e-11 0.0118132
1.18622e-11 0.0118622
1.19112e-11 0.0119112
1.19602e-11 0.0119602
1.20092e-11 0.0120092
1.20583e-11 0.0120583
1.21073e-11 0.0121073
1.21563e-11 0.0121563
1.22053e-11 0.0122053
1.22543e-11 0.0122543
1.23033e-11 0.0123033
1.23523e-11 0.0123523
1.24013e-11 0.0124013
1.24504e-11 0.0124504
1.24994e-11 0.0124994
1.25484e-11 0.0125484
1.25974e-11 0.0125974
1.26464e-11 0.0126464
1.26954e-11 0.0126954
1.27444e-11 0.0127444
1.27934e-11 0.0127934
1.28425e-11 0.0128425
1.28915e-11 0.0128915
1.29405e-11 0.0129405
1.29895e-11 0.0129895
1.30385e-11 0.0130385
1.30875e-11 0.0130875
1.31365e-11 0.0131365
1.31855e-11 0.0131855
1.32346e-11 0.0132346
1.32836e-11 0.0132836
1.33326e-11 0.0133326
1.33816e-11 0.0133816
1.34306e-11 0.0134306
1.34796e-11 0.0134796
1.35286e-11 0.0135286
1.35776e-11 0.0135776
1.36266e-11 0.0136266
1.36757e-11 0.0136757
1.37247e-11 0.0137247
1.37737e-11 0.0137737
1.38227e-11 0.0138227
1.38717e-11 0.0138717
1.39207e-11 0.0139207
1.39697e-11 0.0139697
1.40187e-11 0.0140187
1.40678e-11 0.0140678
1.41168e-11 0.0141168
1.41658e-11 0.0141658
1.42148e-11 0.0142148
1.42638e-11 0.0142638
1.43128e-11 0.0143128
1.43618e-11 0.0143618
1.44108e-11 0.0144108
1.44598e-11 0.0144598
1.45089e-11 0.0145089
1.45579e-11 0.0145579
1.46069e-11 0.0146069
1.46559e-11 0.0146559
1.47049e-11 0.0147049
1.47539e-11 0.0147539
1.48029e-11 0.0148029
1.48519e-11 0.0148519
1.49009e-11 0.0149009
1.495e-11 0.01495
1.4999e-11 0.014999
1.5048e-11 0.015048
1.5097e-11 0.015097
1.5146e-11 0.015146
1.5195e-11 0.015195
1.5244e-11 0.015244
1.5293e-11 0.015293
1.5342e-11 0.015342
1.53911e-11 0.0153911
1.54401e-11 0.0154401
1.54891e-11 0.0154891
1.55381e-11 0.0155381
1.55871e-11 0.0155871
1.56361e-11 0.0156361
1.56851e-11 0.0156851
1.57341e-11 0.0157341
1.57831e-11 0.0157831
1.58322e-11 0.0158322
1.58812e-11 0.0158812
1.59302e-11 0.0159302
1.59792e-11 0.0159792
1.60282e-11 0.0160282
1.60772e-11 0.0160772
1.61262e-11 0.0161262
1.61752e-11 0.0161752
1.62242e-11 0.0162242
1.62732e-11 0.0162732
1.63223e-11 0.0163223
1.63713e-11 0.0163713
1.64203e-11 0.0164203
1.64693e-11 0.0164693
1.65183e-11 0.0165183
1.65673e-11 0.0165673
1.66163e-11 0.0166163
1.66653e-11 0.0166653
1.67143e-11 0.0167143
1.67633e-11 0.0167633
1.68124e-11 0.0168124
1.68614e-11 0.0168614
1.69104e-11 0.0169104
1.69594e-11 0.0169594
1.70084e-11 0.0170084
1.70574e-11 0.0170574
1.71064e-11 0.0171064
1.71554e-11 0.0171554
1.72044e-11 0.0172044
1.72534e-11 0.0172534
1.73025e-11 0.0173025
1.73515e-11 0.0173515
1.74005e-11 0.0174005
1.74495e-11 0.0174495
1.74985e-11 0.0174985
1.75475e-11 0.0175475
1.75965e-11 0.0175965
1.76455e-11 0.0176455
1.76945e-11 0.0176945
1.77435e-11 0.0177435
1.77926e-11 0.0177926
1.78416e-11 0.0178416
1.78906e-11 0.0178906
1.79396e-11 0.0179396
1.79886e-11 0.0179886
1.80376e-11 0.0180376
1.80866e-11 0.0180866
1.81356e-11 0.0181356
1.81846e-11 0.0181846
1.82336e-11 0.0182336
1.82826e-11 0.0182826
1.83317e-11 0.0183317
1.83807e-11 0.0183807
1.84297e-11 0.0184297
1.84787e-11 0.0184787
1.85277e-11 0.0185277
1.85767e-11 0.0185767
1.86257e-11 0.0186257
1.86747e-11 0.0186747
1.87237e-11 0.0187237
1.87727e-11 0.0187727
1.88217e-11 0.0188217
1.88708e-11 0.0188708
1.89198e-11 0.0189198
1.89688e-11 0.0189688
1.90178e-11 0.0190178
1.90668e-11 0.0190668
1.91158e-11 0.0191158
1.91648e-11 0.0191648
1.92138e-11 0.0192138
1.92628e-11 0.0192628
1.93118e-11 0.0193118
1.93608e-11 0.0193608
1.94098e-11 0.0194098
1.94589e-11 0.0194589
1.95079e-11 0.0195079
1.95569e-11 0.0195569
1.96059e-11 0.0196059
1.96549e-11 0.0196549
1.97039e-11 0.0197039
1.97529e-11 0.0197529
1.98019e-11 0.0198019
1.98509e-11 0.0198509
1.98999e-11 0.0198999
1.99489e-11 0.0199489
1.99979e-11 0.0199979
2.0047e-11 0.020047
2.0096e-11 0.020096
2.0145e-11 0.020145
2.0194e-11 0.020194
2.0243e-11 0.020243
2.0292e-11 0.020292
2.0341e-11 0.020341
2.039e-11 0.02039
2.0439e-11 0.020439
2.0488e-11 0.020488
2.0537e-11 0.020537
2.0586e-11 0.020586
2.06351e-11 0.0206351
2.06841e-11 0.0206841
2.07331e-11 0.0207331
2.07821e-11 0.0207821
2.08311e-11 0.0208311
2.08801e-11 0.0208801
2.09291e-11 0.0209291
2.09781e-11 0.0209781
2.10271e-11 0.0210271
2.10761e-11 0.0210761
2.11251e-11 0.0211251
2.11741e-11 0.0211741
2.12231e-11 0.0212231
2.12722e-11 0.0212722
2.13212e-11 0.0213212
2.13702e-11 0.0213702
2.14192e-11 0.0214192
2.14682e-11 0.0214682
2.15172e-11 0.0215172
2.15662e-11 0.0215662
2.16152e-11 0.0216152
2.16642e-11 0.0216642
2.17132e-11 0.0217132
2.17622e-11 0.0217622
2.18112e-11 0.0218112
2.18602e-11 0.0218602
2.19093e-11 0.0219093
2.19583e-11 0.0219583
2.20073e-11 0.0220073
2.20563e-11 0.0220563
2.21053e-11 0.0221053
2.21543e-11 0.0221543
2.22033e-11 0.0222033
2.22523e-11 0.0222523
2.23013e-11 0.0223013
2.23503e-11 0.0223503
2.23993e-11 0.0223993
2.24483e-11 0.0224483
2.24973e-11 0.0224973
2.25463e-11 0.0225463
2.25953e-11 0.0225953
2.26444e-11 0.0226444
2.26934e-11 0.0226934
2.27424e-11 0.0227424
2.27914e-11 0.0227914
2.28404e-11 0.0228404
2.28894e-11 0.0228894
2.29384e-11 0.0229384
2.29874e-11 0.0229874
2.30364e-11 0.0230364
2.30854e-11 0.0230854
2.31344e-11 0.0231344
2.31834e-11 0.0231834
2.32324e-11 0.0232324
2.32814e-11 0.0232814
2.33304e-11 0.0233304
2.33795e-11 0.0233795
2.34285e-11 0.0234285
2.34775e-11 0.0234775
2.35265e-11 0.0235265
2.35755e-11 0.0235755
2.36245e-11 0.0236245
2.36735e-11 0.0236735
2.37225e-11 0.0237225
2.37715e-11 0.0237715
2.38205e-11 0.0238205
2.38695e-11 0.0238695
2.39185e-11 0.0239185
2.39675e-11 0.0239675
2.40165e-11 0.0240165
2.40655e-11 0.0240655
2.41145e-11 0.0241145
2.41636e-11 0.0241636
2.42126e-11 0.0242126
2.42616e-11 0.0242616
2.43106e-11 0.0243106
2.43596e-11 0.0243596
2.44086e-11 0.0244086
2.44576e-11 0.0244576
2.45066e-11 0.0245066
2.45556e-11 0.0245556
2.46046e-11 0.0246046
2.46536e-11 0.0246536
2.47026e-11 0.0247026
2.47516e-11 0.0247516
2.48006e-11 0.0248006
2.48496e-11 0.0248496
2.48986e-11 0.0248986
2.49476e-11 0.0249476
2.49966e-11 0.0249966
2.50457e-11 0.0250457
2.50947e-11 0.0250947
2.51437e-11 0.0251437
2.51927e-11 0.0251927
2.52417e-11 0.0252417
2.52907e-11 0.0252907
2.53397e-11 0.0253397
2.53887e-11 0.0253887
2.54377e-11 0.0254377
2.54867e-11 0.0254867
2.55357e-11 0.0255357
2.55847e-11 0.0255847
2.56337e-11 0.0256337
2.56827e-11 0.0256827
2.57317e-11 0.0257317
2.57807e-11 0.0257807
2.58297e-11 0.0258297
2.58787e-11 0.0258787
2.59277e-11 0.0259277
2.59768e-11 0.0259768
2.60258e-11 0.0260258
2.60748e-11 0.0260748
2.61238e-11 0.0261238
2.61728e-11 0.0261728
2.62218e-11 0.0262218
2.62708e-11 0.0262708
2.63198e-11 0.0263198
2.63688e-11 0.0263688
2.64178e-11 0.0264178
2.64668e-11 0.0264668
2.65158e-11 0.0265158
2.65648e-11 0.0265648
2.66138e-11 0.0266138
2.66628e-11 0.0266628
2.67118e-11 0.0267118
2.67608e-11 0.0267608
2.68098e-11 0.0268098
2.68588e-11 0.0268588
2.69078e-11 0.0269078
2.69568e-11 0.0269568
2.70059e-11 0.0270059
2.70549e-11 0.0270549
2.71039e-11 0.0271039
2.71529e-11 0.0271529
2.72019e-11 0.0272019
2.72509e-11 0.0272509
2.72999e-11 0.0272999
2.73489e-11 0.0273489
2.73979e-11 0.0273979
2.74469e-11 0.0274469
2.74959e-11 0.0274959
2.75449e-11 0.0275449
2.75939e-11 0.0275939
2.76429e-11 0.0276429
2.76919e-11 0.0276919
2.77409e-11 0.0277409
2.77899e-11 0.0277899
2.78389e-11 0.0278389
2.78879e-11 0.0278879
2.79369e-11 0.0279369
2.79859e-11 0.0279859
2.80349e-11 0.0280349
2.80839e-11 0.0280839
2.81329e-11 0.0281329
2.81819e-11 0.0281819
2.8231e-11 0.028231
2.828e-11 0.02828
2.8329e-11 0.028329
2.8378e-11 0.028378
2.8427e-11 0.028427
2.8476e-11 0.028476
2.8525e-11 0.028525
2.8574e-11 0.028574
2.8623e-11 0.028623
2.8672e-11 0.028672
2.8721e-11 0.028721
2.877e-11 0.02877
2.8819e-11 0.028819
2.8868e-11 0.028868
2.8917e-11 0.028917
2.8966e-11 0.028966
2.9015e-11 0.029015
2.9064e-11 0.029064
2.9113e-11 0.029113
2.9162e-11 0.029162
2.9211e-11 0.029211
2.926e-11 0.02926
2.9309e-11 0.029309
2.9358e-11 0.029358
2.9407e-11 0.029407
2.9456e-11 0.029456
2.9505e-11 0.029505
2.9554e-11 0.029554
2.9603e-11 0.029603
2.9652e-11 0.029652
2.9701e-11 0.029701
2.97501e-11 0.0297501
2.97991e-11 0.0297991
2.98481e-11 0.0298481
2.98971e-11 0.0298971
2.99461e-11 0.0299461
2.99951e-11 0.0299951
3.00441e-11 0.0300441
3.00931e-11 0.0300931
3.01421e-11 0.0301421
3.01911e-11 0.0301911
3.02401e-11 0.0302401
3.02891e-11 0.0302891
3.03381e-11 0.0303381
3.03871e-11 0.0303871
3.04361e-11 0.0304361
3.04851e-11 0.0304851
3.05341e-11 0.0305341
3.05831e-11 0.0305831
3.06321e-11 0.0306321
3.06811e-11 0.0306811
3.07301e-11 0.0307301
3.07791e-11 0.0307791
3.08281e-11 0.0308281
3.08771e-11 0.0308771
3.09261e-11 0.0309261
3.09751e-11 0.0309751
3.10241e-11 0.0310241
3.10731e-11 0.0310731
3.11221e-11 0.0311221
3.11711e-11 0.0311711
3.12201e-11 0.0312201
3.12691e-11 0.0312691
3.13181e-11 0.0313181
3.13671e-11 0.0313671
3.14161e-11 0.0314161
3.14651e-11 0.0314651
3.15141e-11 0.0315141
3.15631e-11 0.0315631
3.16121e-11 0.0316121
3.16611e-11 0.0316611
3.17101e-11 0.0317101
3.17591e-11 0.0317591
3.18081e-11 0.0318081
3.18571e-11 0.0318571
3.19061e-11 0.0319061
3.19552e-11 0.0319552
3.20042e-11 0.0320042
3.20532e-11 0.0320532
3.21022e-11 0.0321022
3.21512e-11 0.0321512
3.22002e-11 0.0322002
3.22492e-11 0.0322492
3.22982e-11 0.0322982
3.23472e-11 0.0323472
3.23962e-11 0.0323962
3.24452e-11 0.0324452
3.24942e-11 0.0324942
3.25432e-11 0.0325432
3.25922e-11 0.0325922
3.26412e-11 0.0326412
3.26902e-11 0.0326902
3.27392e-11 0.0327392
3.27882e-11 0.0327882
3.28372e-11 0.0328372
3.28862e-11 0.0328862
3.29352e-11 0.0329352
3.29842e-11 0.0329842
3.30332e-11 0.0330332
3.30822e-11 0.0330822
3.31312e-11 0.0331312
3.31802e-11 0.0331802
3.32292e-11 0.0332292
3.32782e-11 0.0332782
3.33272e-11 0.0333272
3.33762e-11 0.0333762
3.34252e-11 0.0334252
3.34742e-11 0.0334742
3.35232e-11 0.0335232
3.35722e-11 0.0335722
3.36212e-11 0.0336212
3.36702e-11 0.0336702
3.37192e-11 0.0337192
3.37682e-11 0.0337682
3.38172e-11 0.0338172
3.38662e-11 0.0338662
3.39152e-11 0.0339152
3.39642e-11 0.0339642
3.40132e-11 0.0340132
3.40622e-11 0.0340622
3.41112e-11 0.0341112
3.41602e-11 0.0341602
3.42092e-11 0.0342092
3.42582e-11 0.0342582
3.43072e-11 0.0343072
3.43562e-11 0.0343562
3.44052e-11 0.0344052
3.44542e-11 0.0344542
3.45032e-11 0.0345032
3.45522e-11 0.0345522
3.46012e-11 0.0346012
3.46502e-11 0.0346502
3.46992e-11 0.0346992
3.47482e-11 0.0347482
3.47972e-11 0.0347972
3.48462e-11 0.0348462
3.48952e-11 0.0348952
3.49442e-11 0.0349442
3.49932e-11 0.0349932
3.50422e-11 0.0350422
3.50912e-11 0.0350912
3.51402e-11 0.0351402
3.51892e-11 0.0351892
3.52382e-11 0.0352382
3.52872e-11 0.0352872
3.53362e-11 0.0353362
3.53852e-11 0.0353852
3.54342e-11 0.0354342
3.54832e-11 0.0354832
3.55322e-11 0.0355322
3.55812e-11 0.0355812
3.56302e-11 0.0356302
3.56792e-11 0.0356792
3.57282e-11 0.0357282
3.57772e-11 0.0357772
3.58262e-11 0.0358262
3.58752e-11 0.0358752
3.59242e-11 0.0359242
3.59732e-11 0.0359732
3.60222e-11 0.0360222
3.60712e-11 0.0360712
3.61202e-11 0.0361202
3.61692e-11 0.0361692
3.62182e-11 0.0362182
3.62672e-11 0.0362672
3.63162e-11 0.0363162
3.63652e-11 0.0363652
3.64142e-11 0.0364142
3.64632e-11 0.0364632
3.65122e-11 0.0365122
3.65612e-11 0.0365612
3.66102e-11 0.0366102
3.66592e-11 0.0366592
3.67082e-11 0.0367082
3.67572e-11 0.0367572
3.68062e-11 0.0368062
3.68552e-11 0.0368552
3.69042e-11 0.0369042
3.69532e-11 0.0369532
3.70022e-11 0.0370022
3.70512e-11 0.0370512
3.71002e-11 0.0371002
3.71492e-11 0.0371492
3.71982e-11 0.0371982
3.72472e-11 0.0372472
3.72962e-11 0.0372962
3.73452e-11 0.0373452
3.73942e-11 0.0373942
3.74432e-11 0.0374432
3.74922e-11 0.0374922
3.75412e-11 0.0375412
3.75902e-11 0.0375902
3.76392e-11 0.0376392
3.76881e-11 0.0376881
3.77371e-11 0.0377371
3.77861e-11 0.0377861
3.78351e-11 0.0378351
3.78841e-11 0.0378841
3.79331e-11 0.0379331
3.79821e-11 0.0379821
3.80311e-11 0.0380311
3.80801e-11 0.0380801
3.81291e-11 0.0381291
3.81781e-11 0.0381781
3.82271e-11 0.0382271
3.82761e-11 0.0382761
3.83251e-11 0.0383251
3.83741e-11 0.0383741
3.84231e-11 0.0384231
3.84721e-11 0.0384721
3.85211e-11 0.0385211
3.85701e-11 0.0385701
3.86191e-11 0.0386191
3.86681e-11 0.0386681
3.87171e-11 0.0387171
3.87661e-11 0.0387661
3.88151e-11 0.0388151
3.88641e-11 0.0388641
3.89131e-11 0.0389131
3.89621e-11 0.0389621
3.90111e-11 0.0390111
3.90601e-11 0.0390601
3.91091e-11 0.0391091
3.91581e-11 0.0391581
3.92071e-11 0.0392071
3.92561e-11 0.0392561
3.93051e-11 0.0393051
3.93541e-11 0.0393541
3.94031e-11 0.0394031
3.94521e-11 0.0394521
3.95011e-11 0.0395011
3.95501e-11 0.0395501
3.95991e-11 0.0395991
3.96481e-11 0.0396481
3.96971e-11 0.0396971
3.97461e-11 0.0397461
3.97951e-11 0.0397951
3.98441e-11 0.0398441
3.98931e-11 0.0398931
3.9942e-11 0.039942
3.9991e-11 0.039991
4.004e-11 0.04004
4.0089e-11 0.040089
4.0138e-11 0.040138
4.0187e-11 0.040187
4.0236e-11 0.040236
4.0285e-11 0.040285
4.0334e-11 0.040334
4.0383e-11 0.040383
4.0432e-11 0.040432
4.0481e-11 0.040481
4.053e-11 0.04053
4.0579e-11 0.040579
4.0628e-11 0.040628
4.0677e-11 0.040677
4.0726e-11 0.040726
4.0775e-11 0.040775
4.0824e-11 0.040824
4.0873e-11 0.040873
4.0922e-11 0.040922
4.0971e-11 0.040971
4.102e-11 0.04102
4.1069e-11 0.041069
4.1118e-11 0.041118
4.1167e-11 0.041167
4.1216e-11 0.041216
4.1265e-11 0.041265
4.1314e-11 0.041314
4.1363e-11 0.041363
4.14119e-11 0.0414119
4.14609e-11 0.0414609
4.15099e-11 0.0415099
4.15589e-11 0.0415589
4.16079e-11 0.0416079
4.16569e-11 0.0416569
4.17059e-11 0.0417059
4.17549e-11 0.0417549
4.18039e-11 0.0418039
4.18529e-11 0.0418529
4.19002e-11 0.0419002
4.19444e-11 0.0419444
4.19886e-11 0.0419886
4.20328e-11 0.0420328
4.2077e-11 0.042077
4.21212e-11 0.0421212
4.21654e-11 0.0421654
4.22095e-11 0.0422095
4.22499e-11 0.0422499
4.2284e-11 0.042284
4.23181e-11 0.0423181
4.23522e-11 0.0423522
4.23863e-11 0.0423863
4.24204e-11 0.0424204
4.24544e-11 0.0424544
4.24885e-11 0.0424885
4.25226e-11 0.0425226
4.25567e-11 0.0425567
4.25908e-11 0.0425908
4.26249e-11 0.0426249
4.2659e-11 0.042659
4.26931e-11 0.0426931
4.27272e-11 0.0427272
4.27613e-11 0.0427613
4.27953e-11 0.0427953
4.28294e-11 0.0428294
4.28635e-11 0.0428635
4.28976e-11 0.0428976
4.29317e-11 0.0429317
4.29658e-11 0.0429658
4.29999e-11 0.0429999
4.3034e-11 0.043034
4.30681e-11 0.0430681
4.31022e-11 0.0431022
4.31362e-11 0.0431362
4.31703e-11 0.0431703
4.32044e-11 0.0432044
4.32385e-11 0.0432385
4.32726e-11 0.0432726
4.33067e-11 0.0433067
4.33408e-11 0.0433408
4.33749e-11 0.0433749
4.3409e-11 0.043409
4.34431e-11 0.0434431
4.34772e-11 0.0434772
4.35112e-11 0.0435112
4.35453e-11 0.0435453
4.35794e-11 0.0435794
4.36135e-11 0.0436135
4.36476e-11 0.0436476
4.36817e-11 0.0436817
4.37158e-11 0.0437158
4.37499e-11 0.0437499
4.3784e-11 0.043784
4.38181e-11 0.0438181
4.38521e-11 0.0438521
4.38862e-11 0.0438862
4.39203e-11 0.0439203
4.39544e-11 0.0439544
4.39885e-11 0.0439885
4.40226e-11 0.0440226
4.40567e-11 0.0440567
4.40908e-11 0.0440908
4.41249e-11 0.0441249
4.4159e-11 0.044159
4.41931e-11 0.0441931
4.42271e-11 0.0442271
4.42612e-11 0.0442612
4.42953e-11 0.0442953
4.43294e-11 0.0443294
4.43635e-11 0.0443635
4.43976e-11 0.0443976
4.44317e-11 0.0444317
4.44658e-11 0.0444658
4.44999e-11 0.0444999
4.4534e-11 0.044534
4.45681e-11 0.0445681
4.46021e-11 0.0446021
4.46362e-11 0.0446362
4.46703e-11 0.0446703
4.47044e-11 0.0447044
4.47385e-11 0.0447385
4.47726e-11 0.0447726
4.48067e-11 0.0448067
4.48408e-11 0.0448408
4.48749e-11 0.0448749
4.4909e-11 0.044909
4.4943e-11 0.044943
4.49771e-11 0.0449771
4.50112e-11 0.0450112
4.50453e-11 0.0450453
4.50794e-11 0.0450794
4.51135e-11 0.0451135
4.51476e-11 0.0451476
4.51817e-11 0.0451817
4.52158e-11 0.0452158
4.52499e-11 0.0452499
4.5284e-11 0.045284
4.5318e-11 0.045318
4.53521e-11 0.0453521
4.53862e-11 0.0453862
4.54203e-11 0.0454203
4.54544e-11 0.0454544
4.54885e-11 0.0454885
4.55226e-11 0.0455226
4.55567e-11 0.0455567
4.55908e-11 0.0455908
4.56249e-11 0.0456249
4.5659e-11 0.045659
4.5693e-11 0.045693
4.57271e-11 0.0457271
4.57612e-11 0.0457612
4.57953e-11 0.0457953
4.58294e-11 0.0458294
4.58635e-11 0.0458635
4.58976e-11 0.0458976
4.59317e-11 0.0459317
4.59658e-11 0.0459658
4.59999e-11 0.0459999
4.6034e-11 0.046034
4.6068e-11 0.046068
4.61021e-11 0.0461021
4.61362e-11 0.0461362
4.61703e-11 0.0461703
4.62044e-11 0.0462044
4.62385e-11 0.0462385
4.62726e-11 0.0462726
4.63067e-11 0.0463067
4.63408e-11 0.0463408
4.63749e-11 0.0463749
4.64089e-11 0.0464089
4.6443e-11 0.046443
4.64771e-11 0.0464771
4.65112e-11 0.0465112
4.65453e-11 0.0465453
4.65794e-11 0.0465794
4.66135e-11 0.0466135
4.66476e-11 0.0466476
4.66817e-11 0.0466817
4.67158e-11 0.0467158
4.67499e-11 0.0467499
4.67839e-11 0.0467839
4.6818e-11 0.046818
4.68521e-11 0.0468521
4.68862e-11 0.0468862
4.69203e-11 0.0469203
4.69544e-11 0.0469544
4.69885e-11 0.0469885
4.70226e-11 0.0470226
4.70567e-11 0.0470567
4.70908e-11 0.0470908
4.71249e-11 0.0471249
4.71589e-11 0.0471589
4.7193e-11 0.047193
4.72271e-11 0.0472271
4.72612e-11 0.0472612
4.72953e-11 0.0472953
4.73294e-11 0.0473294
4.73635e-11 0.0473635
4.73976e-11 0.0473976
4.74317e-11 0.0474317
4.74658e-11 0.0474658
4.74999e-11 0.0474999
4.75339e-11 0.0475339
4.7568e-11 0.047568
4.76021e-11 0.0476021
4.76362e-11 0.0476362
4.76703e-11 0.0476703
4.77044e-11 0.0477044
4.77385e-11 0.0477385
4.77726e-11 0.0477726
4.78067e-11 0.0478067
4.78408e-11 0.0478408
4.78749e-11 0.0478749
4.79089e-11 0.0479089
4.7943e-11 0.047943
4.79771e-11 0.0479771
4.80112e-11 0.0480112
4.80453e-11 0.0480453
4.80794e-11 0.0480794
4.81135e-11 0.0481135
4.81476e-11 0.0481476
4.81817e-11 0.0481817
4.82158e-11 0.0482158
4.82499e-11 0.0482499
4.82839e-11 0.0482839
4.8318e-11 0.048318
4.83521e-11 0.0483521
4.83862e-11 0.0483862
4.84203e-11 0.0484203
4.84544e-11 0.0484544
4.84885e-11 0.0484885
4.85226e-11 0.0485226
4.85567e-11 0.0485567
4.85908e-11 0.0485908
4.86249e-11 0.0486249
4.86589e-11 0.0486589
4.8693e-11 0.048693
4.87271e-11 0.0487271
4.87612e-11 0.0487612
4.87953e-11 0.0487953
4.88294e-11 0.0488294
4.88635e-11 0.0488635
4.88976e-11 0.0488976
4.89317e-11 0.0489317
4.89658e-11 0.0489658
4.89999e-11 0.0489999
4.9034e-11 0.049034
4.9068e-11 0.049068
4.91021e-11 0.0491021
4.91362e-11 0.0491362
4.91703e-11 0.0491703
4.92044e-11 0.0492044
4.92385e-11 0.0492385
4.92726e-11 0.0492726
4.93067e-11 0.0493067
4.93408e-11 0.0493408
4.93749e-11 0.0493749
4.9409e-11 0.049409
4.9443e-11 0.049443
4.94771e-11 0.0494771
4.95112e-11 0.0495112
4.95453e-11 0.0495453
4.95794e-11 0.0495794
4.96135e-11 0.0496135
4.96476e-11 0.0496476
4.96817e-11 0.0496817
4.97158e-11 0.0497158
4.97499e-11 0.0497499
4.9784e-11 0.049784
4.9818e-11 0.049818
4.98521e-11 0.0498521
4.98862e-11 0.0498862
4.99203e-11 0.0499203
4.99544e-11 0.0499544
4.99885e-11 0.0499885
5.00226e-11 0.0500226
5.00567e-11 0.0500567
5.00908e-11 0.0500908
5.01249e-11 0.0501249
5.0159e-11 0.050159
5.01931e-11 0.0501931
5.02271e-11 0.0502271
5.02612e-11 0.0502612
5.02953e-11 0.0502953
5.03294e-11 0.0503294
5.03635e-11 0.0503635
5.03976e-11 0.0503976
5.04317e-11 0.0504317
5.04658e-11 0.0504658
5.04999e-11 0.0504999
5.0534e-11 0.050534
5.05681e-11 0.0505681
5.06021e-11 0.0506021
5.06362e-11 0.0506362
5.06703e-11 0.0506703
5.07044e-11 0.0507044
5.07385e-11 0.0507385
5.07726e-11 0.0507726
5.08067e-11 0.0508067
5.08408e-11 0.0508408
5.08749e-11 0.0508749
5.0909e-11 0.050909
5.09431e-11 0.0509431
5.09771e-11 0.0509771
5.10112e-11 0.0510112
5.10453e-11 0.0510453
5.10794e-11 0.0510794
5.11135e-11 0.0511135
5.11476e-11 0.0511476
5.11817e-11 0.0511817
5.12158e-11 0.0512158
5.12499e-11 0.0512499
5.1284e-11 0.051284
5.13181e-11 0.0513181
5.13522e-11 0.0513522
5.13862e-11 0.0513862
5.14203e-11 0.0514203
5.14544e-11 0.0514544
5.14885e-11 0.0514885
5.15226e-11 0.0515226
5.15567e-11 0.0515567
5.15908e-11 0.0515908
5.16249e-11 0.0516249
5.1659e-11 0.051659
5.16931e-11 0.0516931
5.17272e-11 0.0517272
5.17613e-11 0.0517613
5.17953e-11 0.0517953
5.18294e-11 0.0518294
5.18635e-11 0.0518635
5.18976e-11 0.0518976
5.19317e-11 0.0519317
5.19658e-11 0.0519658
5.19999e-11 0.0519999
5.2034e-11 0.052034
5.20681e-11 0.0520681
5.21022e-11 0.0521022
5.21363e-11 0.0521363
5.21703e-11 0.0521703
5.22044e-11 0.0522044
5.22385e-11 0.0522385
5.22726e-11 0.0522726
5.23067e-11 0.0523067
5.23408e-11 0.0523408
5.23749e-11 0.0523749
5.2409e-11 0.052409
5.24431e-11 0.0524431
5.24772e-11 0.0524772
5.25113e-11 0.0525113
5.25454e-11 0.0525454
5.25794e-11 0.0525794
5.26135e-11 0.0526135
5.26476e-11 0.0526476
5.26817e-11 0.0526817
5.27158e-11 0.0527158
5.27499e-11 0.0527499
5.2784e-11 0.052784
5.28181e-11 0.0528181
5.28522e-11 0.0528522
5.28863e-11 0.0528863
5.29204e-11 0.0529204
5.29545e-11 0.0529545
5.29885e-11 0.0529885
5.30226e-11 0.0530226
5.30567e-11 0.0530567
5.30908e-11 0.0530908
5.31249e-11 0.0531249
5.3159e-11 0.053159
5.31931e-11 0.0531931
5.32272e-11 0.0532272
5.32613e-11 0.0532613
5.32954e-11 0.0532954
5.33295e-11 0.0533295
5.33635e-11 0.0533635
5.33976e-11 0.0533976
5.34317e-11 0.0534317
5.34658e-11 0.0534658
5.34999e-11 0.0534999
5.3534e-11 0.053534
5.35681e-11 0.0535681
5.36022e-11 0.0536022
5.36363e-11 0.0536363
5.36704e-11 0.0536704
5.37045e-11 0.0537045
5.37386e-11 0.0537386
5.37726e-11 0.0537726
5.38067e-11 0.0538067
5.38408e-11 0.0538408
5.38749e-11 0.0538749
5.3909e-11 0.053909
5.39431e-11 0.0539431
5.39772e-11 0.0539772
5.40113e-11 0.0540113
5.40454e-11 0.0540454
5.40795e-11 0.0540795
5.41136e-11 0.0541136
5.41477e-11 0.0541477
5.41817e-11 0.0541817
5.42158e-11 0.0542158
5.42499e-11 0.0542499
5.4284e-11 0.054284
5.43181e-11 0.0543181
5.43522e-11 0.0543522
5.43863e-11 0.0543863
5.44204e-11 0.0544204
5.44545e-11 0.0544545
5.44886e-11 0.0544886
5.45227e-11 0.0545227
5.45568e-11 0.0545568
5.45908e-11 0.0545908
5.46249e-11 0.0546249
5.4659e-11 0.054659
5.46931e-11 0.0546931
5.47272e-11 0.0547272
5.47613e-11 0.0547613
5.47954e-11 0.0547954
5.48295e-11 0.0548295
5.48636e-11 0.0548636
5.48977e-11 0.0548977
5.49318e-11 0.0549318
5.49659e-11 0.0549659
5.49999e-11 0.0549999
5.5034e-11 0.055034
5.50681e-11 0.0550681
5.51022e-11 0.0551022
5.51363e-11 0.0551363
5.51704e-11 0.0551704
5.52045e-11 0.0552045
5.52386e-11 0.0552386
5.52727e-11 0.0552727
5.53068e-11 0.0553068
5.53409e-11 0.0553409
5.5375e-11 0.055375
5.5409e-11 0.055409
5.54431e-11 0.0554431
5.54772e-11 0.0554772
5.55113e-11 0.0555113
5.55454e-11 0.0555454
5.55795e-11 0.0555795
5.56136e-11 0.0556136
5.56477e-11 0.0556477
5.56818e-11 0.0556818
5.57159e-11 0.0557159
5.575e-11 0.05575
5.57841e-11 0.0557841
5.58182e-11 0.0558182
5.58522e-11 0.0558522
5.58863e-11 0.0558863
5.59204e-11 0.0559204
5.59545e-11 0.0559545
5.59886e-11 0.0559886
5.60227e-11 0.0560227
5.60568e-11 0.0560568
5.60909e-11 0.0560909
5.6125e-11 0.056125
5.61591e-11 0.0561591
5.61932e-11 0.0561932
5.62273e-11 0.0562273
5.62613e-11 0.0562613
5.62954e-11 0.0562954
5.63295e-11 0.0563295
5.63636e-11 0.0563636
5.63977e-11 0.0563977
5.64318e-11 0.0564318
5.64659e-11 0.0564659
5.65e-11 0.0565
5.65341e-11 0.0565341
5.65682e-11 0.0565682
5.66023e-11 0.0566023
5.66364e-11 0.0566364
5.66704e-11 0.0566704
5.67045e-11 0.0567045
5.67386e-11 0.0567386
5.67727e-11 0.0567727
5.68068e-11 0.0568068
5.68409e-11 0.0568409
5.6875e-11 0.056875
5.69091e-11 0.0569091
5.69432e-11 0.0569432
5.69773e-11 0.0569773
5.70114e-11 0.0570114
5.70455e-11 0.0570455
5.70796e-11 0.0570796
5.71136e-11 0.0571136
5.71477e-11 0.0571477
5.71818e-11 0.0571818
5.72159e-11 0.0572159
5.725e-11 0.05725
5.72841e-11 0.0572841
5.73182e-11 0.0573182
5.73523e-11 0.0573523
5.73864e-11 0.0573864
5.74205e-11 0.0574205
5.74546e-11 0.0574546
5.74887e-11 0.0574887
5.75227e-11 0.0575227
5.75568e-11 0.0575568
5.75909e-11 0.0575909
5.7625e-11 0.057625
5.76591e-11 0.0576591
5.76932e-11 0.0576932
5.77273e-11 0.0577273
5.77614e-11 0.0577614
5.77955e-11 0.0577955
5.78296e-11 0.0578296
5.78637e-11 0.0578637
5.78978e-11 0.0578978
5.79319e-11 0.0579319
5.79659e-11 0.0579659
5.8e-11 0.058
5.80341e-11 0.0580341
5.80682e-11 0.0580682
5.81023e-11 0.0581023
5.81364e-11 0.0581364
5.81705e-11 0.0581705
5.82046e-11 0.0582046
5.82387e-11 0.0582387
5.82728e-11 0.0582728
5.83069e-11 0.0583069
5.8341e-11 0.058341
5.8375e-11 0.058375
5.84091e-11 0.0584091
5.84432e-11 0.0584432
5.84773e-11 0.0584773
5.85114e-11 0.0585114
5.85455e-11 0.0585455
5.85796e-11 0.0585796
5.86137e-11 0.0586137
5.86478e-11 0.0586478
5.86819e-11 0.0586819
5.8716e-11 0.058716
5.87501e-11 0.0587501
5.87842e-11 0.0587842
5.88182e-11 0.0588182
5.88523e-11 0.0588523
5.88864e-11 0.0588864
5.89205e-11 0.0589205
5.89546e-11 0.0589546
5.89887e-11 0.0589887
5.90228e-11 0.0590228
5.90569e-11 0.0590569
5.9091e-11 0.059091
5.91251e-11 0.0591251
5.91592e-11 0.0591592
5.91933e-11 0.0591933
5.92274e-11 0.0592274
5.92614e-11 0.0592614
5.92955e-11 0.0592955
5.93296e-11 0.0593296
5.93637e-11 0.0593637
5.93978e-11 0.0593978
5.94319e-11 0.0594319
5.9466e-11 0.059466
5.95001e-11 0.0595001
5.95342e-11 0.0595342
5.95683e-11 0.0595683
5.96024e-11 0.0596024
5.96365e-11 0.0596365
5.96706e-11 0.0596706
5.97046e-11 0.0597046
5.97387e-11 0.0597387
5.97728e-11 0.0597728
5.98069e-11 0.0598069
5.9841e-11 0.059841
5.98751e-11 0.0598751
5.99092e-11 0.0599092
5.99433e-11 0.0599433
5.99774e-11 0.0599774
6.00115e-11 0.0600115
6.00456e-11 0.0600456
6.00797e-11 0.0600797
6.01137e-11 0.0601137
6.01478e-11 0.0601478
6.01819e-11 0.0601819
6.0216e-11 0.060216
6.02501e-11 0.0602501
6.02842e-11 0.0602842
6.03183e-11 0.0603183
6.03524e-11 0.0603524
6.03865e-11 0.0603865
6.04206e-11 0.0604206
6.04547e-11 0.0604547
6.04888e-11 0.0604888
6.05229e-11 0.0605229
6.05569e-11 0.0605569
6.0591e-11 0.060591
6.06251e-11 0.0606251
6.06592e-11 0.0606592
6.06933e-11 0.0606933
6.07274e-11 0.0607274
6.07615e-11 0.0607615
6.07956e-11 0.0607956
6.08297e-11 0.0608297
6.08638e-11 0.0608638
6.08979e-11 0.0608979
6.0932e-11 0.060932
6.09661e-11 0.0609661
6.10002e-11 0.0610002
6.10342e-11 0.0610342
6.10683e-11 0.0610683
6.11024e-11 0.0611024
6.11365e-11 0.0611365
6.11706e-11 0.0611706
6.12047e-11 0.0612047
6.12388e-11 0.0612388
6.12729e-11 0.0612729
6.1307e-11 0.061307
6.13411e-11 0.0613411
6.13752e-11 0.0613752
6.14093e-11 0.0614093
6.14434e-11 0.0614434
6.14774e-11 0.0614774
6.15115e-11 0.0615115
6.15456e-11 0.0615456
6.15797e-11 0.0615797
6.16138e-11 0.0616138
6.16479e-11 0.0616479
6.1682e-11 0.061682
6.17161e-11 0.0617161
6.17502e-11 0.0617502
6.17843e-11 0.0617843
6.18184e-11 0.0618184
6.18525e-11 0.0618525
6.18866e-11 0.0618866
6.19206e-11 0.0619206
6.19547e-11 0.0619547
6.19888e-11 0.0619888
6.20229e-11 0.0620229
6.2057e-11 0.062057
6.20911e-11 0.0620911
6.21252e-11 0.0621252
6.21593e-11 0.0621593
6.21934e-11 0.0621934
6.22275e-11 0.0622275
6.22616e-11 0.0622616
6.22957e-11 0.0622957
6.23298e-11 0.0623298
6.23638e-11 0.0623638
6.23979e-11 0.0623979
6.2432e-11 0.062432
6.24661e-11 0.0624661
6.25002e-11 0.0625002
6.25343e-11 0.0625343
6.25684e-11 0.0625684
6.26025e-11 0.0626025
6.26366e-11 0.0626366
6.26707e-11 0.0626707
6.27048e-11 0.0627048
6.27389e-11 0.0627389
6.2773e-11 0.062773
6.28071e-11 0.0628071
6.28411e-11 0.0628411
6.28752e-11 0.0628752
6.29093e-11 0.0629093
6.29434e-11 0.0629434
6.29775e-11 0.0629775
6.30116e-11 0.0630116
6.30457e-11 0.0630457
6.30798e-11 0.0630798
6.31139e-11 0.0631139
6.3148e-11 0.063148
6.31821e-11 0.0631821
6.32162e-11 0.0632162
6.32503e-11 0.0632503
6.32843e-11 0.0632843
6.33184e-11 0.0633184
6.33525e-11 0.0633525
6.33866e-11 0.0633866
6.34207e-11 0.0634207
6.34548e-11 0.0634548
6.34889e-11 0.0634889
6.3523e-11 0.063523
6.35571e-11 0.0635571
6.35912e-11 0.0635912
6.36253e-11 0.0636253
6.36594e-11 0.0636594
6.36935e-11 0.0636935
6.37276e-11 0.0637276
6.37616e-11 0.0637616
6.37957e-11 0.0637957
6.38298e-11 0.0638298
6.38639e-11 0.0638639
6.3898e-11 0.063898
6.39321e-11 0.0639321
6.39662e-11 0.0639662
6.40003e-11 0.0640003
6.40344e-11 0.0640344
6.40685e-11 0.0640685
6.41026e-11 0.0641026
6.41367e-11 0.0641367
6.41708e-11 0.0641708
6.42049e-11 0.0642049
6.42389e-11 0.0642389
6.4273e-11 0.064273
6.43071e-11 0.0643071
6.43412e-11 0.0643412
6.43753e-11 0.0643753
6.44094e-11 0.0644094
6.44435e-11 0.0644435
6.44776e-11 0.0644776
6.45117e-11 0.0645117
6.45458e-11 0.0645458
6.45799e-11 0.0645799
6.4614e-11 0.064614
6.46481e-11 0.0646481
6.46821e-11 0.0646821
6.47162e-11 0.0647162
6.47503e-11 0.0647503
6.47844e-11 0.0647844
6.48185e-11 0.0648185
6.48526e-11 0.0648526
6.48867e-11 0.0648867
6.49208e-11 0.0649208
6.49549e-11 0.0649549
6.4989e-11 0.064989
6.50231e-11 0.0650231
6.50572e-11 0.0650572
6.50913e-11 0.0650913
6.51254e-11 0.0651254
6.51594e-11 0.0651594
6.51935e-11 0.0651935
6.52276e-11 0.0652276
6.52617e-11 0.0652617
6.52958e-11 0.0652958
6.53299e-11 0.0653299
6.5364e-11 0.065364
6.53981e-11 0.0653981
6.54322e-11 0.0654322
6.54663e-11 0.0654663
6.55004e-11 0.0655004
6.55345e-11 0.0655345
6.55686e-11 0.0655686
6.56027e-11 0.0656027
6.56367e-11 0.0656367
6.56708e-11 0.0656708
6.57049e-11 0.0657049
6.5739e-11 0.065739
6.57731e-11 0.0657731
6.58072e-11 0.0658072
6.58413e-11 0.0658413
6.58754e-11 0.0658754
6.59095e-11 0.0659095
6.59436e-11 0.0659436
6.59777e-11 0.0659777
6.60118e-11 0.0660118
6.60459e-11 0.0660459
6.608e-11 0.06608
6.61141e-11 0.0661141
6.61481e-11 0.0661481
6.61822e-11 0.0661822
6.62163e-11 0.0662163
6.62504e-11 0.0662504
6.62845e-11 0.0662845
6.63186e-11 0.0663186
6.63527e-11 0.0663527
6.63868e-11 0.0663868
6.64209e-11 0.0664209
6.6455e-11 0.066455
6.64891e-11 0.0664891
6.65232e-11 0.0665232
6.65573e-11 0.0665573
6.65914e-11 0.0665914
6.66254e-11 0.0666254
6.66595e-11 0.0666595
6.66936e-11 0.0666936
6.67277e-11 0.0667277
6.67618e-11 0.0667618
6.67959e-11 0.0667959
6.683e-11 0.06683
6.68641e-11 0.0668641
6.68982e-11 0.0668982
6.69323e-11 0.0669323
6.69664e-11 0.0669664
6.70005e-11 0.0670005
6.70346e-11 0.0670346
6.70687e-11 0.0670687
6.71027e-11 0.0671027
6.71368e-11 0.0671368
6.71709e-11 0.0671709
6.7205e-11 0.067205
6.72391e-11 0.0672391
6.72732e-11 0.0672732
6.73073e-11 0.0673073
6.73414e-11 0.0673414
6.73755e-11 0.0673755
6.74096e-11 0.0674096
6.74437e-11 0.0674437
6.74778e-11 0.0674778
6.75119e-11 0.0675119
6.7546e-11 0.067546
6.758e-11 0.06758
6.76141e-11 0.0676141
6.76482e-11 0.0676482
6.76823e-11 0.0676823
6.77164e-11 0.0677164
6.77505e-11 0.0677505
6.77846e-11 0.0677846
6.78187e-11 0.0678187
6.78528e-11 0.0678528
6.78869e-11 0.0678869
6.7921e-11 0.067921
6.79551e-11 0.0679551
6.79892e-11 0.0679892
6.80233e-11 0.0680233
6.80574e-11 0.0680574
6.80914e-11 0.0680914
6.81255e-11 0.0681255
6.81596e-11 0.0681596
6.81937e-11 0.0681937
6.82278e-11 0.0682278
6.82619e-11 0.0682619
6.8296e-11 0.068296
6.83301e-11 0.0683301
6.83642e-11 0.0683642
6.83983e-11 0.0683983
6.84324e-11 0.0684324
6.84665e-11 0.0684665
6.85006e-11 0.0685006
6.85347e-11 0.0685347
6.85688e-11 0.0685688
6.86028e-11 0.0686028
6.86369e-11 0.0686369
6.8671e-11 0.068671
6.87051e-11 0.0687051
6.87392e-11 0.0687392
6.87733e-11 0.0687733
6.88074e-11 0.0688074
6.88415e-11 0.0688415
6.88756e-11 0.0688756
6.89097e-11 0.0689097
6.89438e-11 0.0689438
6.89779e-11 0.0689779
6.9012e-11 0.069012
6.90461e-11 0.0690461
6.90801e-11 0.0690801
6.91142e-11 0.0691142
6.91483e-11 0.0691483
6.91824e-11 0.0691824
6.92165e-11 0.0692165
6.92506e-11 0.0692506
6.92847e-11 0.0692847
6.93188e-11 0.0693188
6.93529e-11 0.0693529
6.9387e-11 0.069387
6.94211e-11 0.0694211
6.94552e-11 0.0694552
6.94893e-11 0.0694893
6.95234e-11 0.0695234
6.95575e-11 0.0695575
6.95915e-11 0.0695915
6.96256e-11 0.0696256
6.96597e-11 0.0696597
6.96938e-11 0.0696938
6.97279e-11 0.0697279
6.9762e-11 0.069762
6.97961e-11 0.0697961
6.98302e-11 0.0698302
6.98643e-11 0.0698643
6.98984e-11 0.0698984
6.99325e-11 0.0699325
6.99666e-11 0.0699666
7.00007e-11 0.0700007
7.00348e-11 0.0700348
7.00689e-11 0.0700689
7.01029e-11 0.0701029
7.0137e-11 0.070137
7.01711e-11 0.0701711
7.02052e-11 0.0702052
7.02393e-11 0.0702393
7.02734e-11 0.0702734
7.03075e-11 0.0703075
7.03416e-11 0.0703416
7.03757e-11 0.0703757
7.04098e-11 0.0704098
7.04439e-11 0.0704439
7.0478e-11 0.070478
7.05121e-11 0.0705121
7.05462e-11 0.0705462
7.05803e-11 0.0705803
7.06143e-11 0.0706143
7.06484e-11 0.0706484
7.06825e-11 0.0706825
7.07166e-11 0.0707166
7.07507e-11 0.0707507
7.07848e-11 0.0707848
7.08189e-11 0.0708189
7.0853e-11 0.070853
7.08871e-11 0.0708871
7.09212e-11 0.0709212
7.09553e-11 0.0709553
7.09894e-11 0.0709894
7.10235e-11 0.0710235
7.10576e-11 0.0710576
7.10917e-11 0.0710917
7.11258e-11 0.0711258
7.11598e-11 0.0711598
7.11939e-11 0.0711939
7.1228e-11 0.071228
7.12621e-11 0.0712621
7.12962e-11 0.0712962
7.13303e-11 0.0713303
7.13644e-11 0.0713644
7.13985e-11 0.0713985
7.14326e-11 0.0714326
7.14667e-11 0.0714667
7.15008e-11 0.0715008
7.15349e-11 0.0715349
7.1569e-11 0.071569
7.16031e-11 0.0716031
7.16372e-11 0.0716372
7.16712e-11 0.0716712
7.17053e-11 0.0717053
7.17394e-11 0.0717394
7.17735e-11 0.0717735
7.18076e-11 0.0718076
7.18417e-11 0.0718417
7.18758e-11 0.0718758
7.19099e-11 0.0719099
7.1944e-11 0.071944
7.19781e-11 0.0719781
7.20122e-11 0.0720122
7.20463e-11 0.0720463
7.20804e-11 0.0720804
7.21145e-11 0.0721145
7.21486e-11 0.0721486
7.21827e-11 0.0721827
7.22167e-11 0.0722167
7.22508e-11 0.0722508
7.22849e-11 0.0722849
7.2319e-11 0.072319
7.23531e-11 0.0723531
7.23872e-11 0.0723872
7.24213e-11 0.0724213
7.24554e-11 0.0724554
7.24895e-11 0.0724895
7.25236e-11 0.0725236
7.25577e-11 0.0725577
7.25918e-11 0.0725918
7.26259e-11 0.0726259
7.266e-11 0.07266
7.26941e-11 0.0726941
7.27281e-11 0.0727281
7.27622e-11 0.0727622
7.27963e-11 0.0727963
7.28304e-11 0.0728304
7.28645e-11 0.0728645
7.28986e-11 0.0728986
7.29327e-11 0.0729327
7.29668e-11 0.0729668
7.30009e-11 0.0730009
7.3035e-11 0.073035
7.30691e-11 0.0730691
7.31032e-11 0.0731032
7.31373e-11 0.0731373
7.31714e-11 0.0731714
7.32055e-11 0.0732055
7.32396e-11 0.0732396
7.32736e-11 0.0732736
7.33077e-11 0.0733077
7.33418e-11 0.0733418
7.33759e-11 0.0733759
7.341e-11 0.07341
7.34441e-11 0.0734441
7.34782e-11 0.0734782
7.35123e-11 0.0735123
7.35464e-11 0.0735464
7.35805e-11 0.0735805
7.36146e-11 0.0736146
7.36487e-11 0.0736487
7.36828e-11 0.0736828
7.37169e-11 0.0737169
7.3751e-11 0.073751
7.37851e-11 0.0737851
7.38191e-11 0.0738191
7.38532e-11 0.0738532
7.38873e-11 0.0738873
7.39214e-11 0.0739214
7.39555e-11 0.0739555
7.39896e-11 0.0739896
7.40237e-11 0.0740237
7.40578e-11 0.0740578
7.40919e-11 0.0740919
7.4126e-11 0.074126
7.41601e-11 0.0741601
7.41942e-11 0.0741942
7.42283e-11 0.0742283
7.42624e-11 0.0742624
7.42965e-11 0.0742965
7.43306e-11 0.0743306
7.43646e-11 0.0743646
7.43987e-11 0.0743987
7.44328e-11 0.0744328
7.44669e-11 0.0744669
7.4501e-11 0.074501
7.45351e-11 0.0745351
7.45692e-11 0.0745692
7.46033e-11 0.0746033
7.46374e-11 0.0746374
7.46715e-11 0.0746715
7.47056e-11 0.0747056
7.47397e-11 0.0747397
7.47738e-11 0.0747738
7.48079e-11 0.0748079
7.4842e-11 0.074842
7.48761e-11 0.0748761
7.49102e-11 0.0749102
7.49442e-11 0.0749442
7.49783e-11 0.0749783
7.50124e-11 0.0750124
7.50465e-11 0.0750465
7.50806e-11 0.0750806
7.51147e-11 0.0751147
7.51488e-11 0.0751488
7.51829e-11 0.0751829
7.5217e-11 0.075217
7.52511e-11 0.0752511
7.52852e-11 0.0752852
7.53193e-11 0.0753193
7.53534e-11 0.0753534
7.53875e-11 0.0753875
7.54216e-11 0.0754216
7.54557e-11 0.0754557
7.54897e-11 0.0754897
7.55238e-11 0.0755238
7.55579e-11 0.0755579
7.5592e-11 0.075592
7.56261e-11 0.0756261
7.56602e-11 0.0756602
7.56943e-11 0.0756943
7.57284e-11 0.0757284
7.57625e-11 0.0757625
7.57966e-11 0.0757966
7.58307e-11 0.0758307
7.58648e-11 0.0758648
7.58989e-11 0.0758989
7.5933e-11 0.075933
7.59671e-11 0.0759671
7.60012e-11 0.0760012
7.60353e-11 0.0760353
7.60693e-11 0.0760693
7.61034e-11 0.0761034
7.61375e-11 0.0761375
7.61716e-11 0.0761716
7.62057e-11 0.0762057
7.62398e-11 0.0762398
7.62739e-11 0.0762739
7.6308e-11 0.076308
7.63421e-11 0.0763421
7.63762e-11 0.0763762
7.64103e-11 0.0764103
7.64444e-11 0.0764444
7.64785e-11 0.0764785
7.65126e-11 0.0765126
7.65467e-11 0.0765467
7.65808e-11 0.0765808
7.66149e-11 0.0766149
7.66489e-11 0.0766489
7.6683e-11 0.076683
7.67171e-11 0.0767171
7.67512e-11 0.0767512
7.67853e-11 0.0767853
7.68194e-11 0.0768194
7.68535e-11 0.0768535
7.68876e-11 0.0768876
7.69217e-11 0.0769217
7.69558e-11 0.0769558
7.69899e-11 0.0769899
7.7024e-11 0.077024
7.70581e-11 0.0770581
7.70922e-11 0.0770922
7.71263e-11 0.0771263
7.71604e-11 0.0771604
7.71945e-11 0.0771945
7.72285e-11 0.0772285
7.72626e-11 0.0772626
7.72967e-11 0.0772967
7.73308e-11 0.0773308
7.73649e-11 0.0773649
7.7399e-11 0.077399
7.74331e-11 0.0774331
7.74672e-11 0.0774672
7.75013e-11 0.0775013
7.75354e-11 0.0775354
7.75695e-11 0.0775695
7.76036e-11 0.0776036
7.76377e-11 0.0776377
7.76718e-11 0.0776718
7.77059e-11 0.0777059
7.774e-11 0.07774
7.77741e-11 0.0777741
7.78081e-11 0.0778081
7.78422e-11 0.0778422
7.78763e-11 0.0778763
7.79104e-11 0.0779104
7.79445e-11 0.0779445
7.79786e-11 0.0779786
7.80127e-11 0.0780127
7.80468e-11 0.0780468
7.80809e-11 0.0780809
7.8115e-11 0.078115
7.81491e-11 0.0781491
7.81832e-11 0.0781832
7.82173e-11 0.0782173
7.82514e-11 0.0782514
7.82855e-11 0.0782855
7.83196e-11 0.0783196
7.83537e-11 0.0783537
7.83877e-11 0.0783877
7.84218e-11 0.0784218
7.84559e-11 0.0784559
7.849e-11 0.07849
7.85241e-11 0.0785241
7.85582e-11 0.0785582
7.85923e-11 0.0785923
7.86264e-11 0.0786264
7.86605e-11 0.0786605
7.86946e-11 0.0786946
7.87287e-11 0.0787287
7.87628e-11 0.0787628
7.87969e-11 0.0787969
7.8831e-11 0.078831
7.88651e-11 0.0788651
7.88992e-11 0.0788992
7.89333e-11 0.0789333
7.89674e-11 0.0789674
7.90014e-11 0.0790014
7.90355e-11 0.0790355
7.90696e-11 0.0790696
7.91037e-11 0.0791037
7.91378e-11 0.0791378
7.91719e-11 0.0791719
7.9206e-11 0.079206
7.92401e-11 0.0792401
7.92742e-11 0.0792742
7.93083e-11 0.0793083
7.93424e-11 0.0793424
7.93765e-11 0.0793765
7.94106e-11 0.0794106
7.94447e-11 0.0794447
7.94788e-11 0.0794788
7.95129e-11 0.0795129
7.9547e-11 0.079547
7.9581e-11 0.079581
7.96151e-11 0.0796151
7.96492e-11 0.0796492
7.96833e-11 0.0796833
7.97174e-11 0.0797174
7.97515e-11 0.0797515
7.97856e-11 0.0797856
7.98197e-11 0.0798197
7.98538e-11 0.0798538
7.98879e-11 0.0798879
7.9922e-11 0.079922
7.99561e-11 0.0799561
7.99902e-11 0.0799902
8.00243e-11 0.0800243
8.00584e-11 0.0800584
8.00925e-11 0.0800925
8.01266e-11 0.0801266
8.01607e-11 0.0801607
8.01947e-11 0.0801947
8.02288e-11 0.0802288
8.02629e-11 0.0802629
8.0297e-11 0.080297
8.03311e-11 0.0803311
8.03641e-11 0.0803641
8.03941e-11 0.0803941
8.04242e-11 0.0804242
8.04542e-11 0.0804542
8.04842e-11 0.0804842
8.05143e-11 0.0805143
8.05443e-11 0.0805443
8.05744e-11 0.0805744
8.06044e-11 0.0806044
8.06344e-11 0.0806344
8.06645e-11 0.0806645
8.06945e-11 0.0806945
8.07245e-11 0.0807245
8.07546e-11 0.0807546
8.07846e-11 0.0807846
8.08147e-11 0.0808147
8.08447e-11 0.0808447
8.08747e-11 0.0808747
8.09048e-11 0.0809048
8.09348e-11 0.0809348
8.09648e-11 0.0809648
8.09949e-11 0.0809949
8.10249e-11 0.0810249
8.1055e-11 0.081055
8.1085e-11 0.081085
8.1115e-11 0.081115
8.11451e-11 0.0811451
8.11751e-11 0.0811751
8.12052e-11 0.0812052
8.12352e-11 0.0812352
8.12652e-11 0.0812652
8.12953e-11 0.0812953
8.13253e-11 0.0813253
8.13553e-11 0.0813553
8.13854e-11 0.0813854
8.14154e-11 0.0814154
8.14455e-11 0.0814455
8.14755e-11 0.0814755
8.15055e-11 0.0815055
8.15356e-11 0.0815356
8.15656e-11 0.0815656
8.15956e-11 0.0815956
8.16257e-11 0.0816257
8.16557e-11 0.0816557
8.16858e-11 0.0816858
8.17158e-11 0.0817158
8.17458e-11 0.0817458
8.17759e-11 0.0817759
8.18059e-11 0.0818059
8.1836e-11 0.081836
8.1866e-11 0.081866
8.1896e-11 0.081896
8.19261e-11 0.0819261
8.19561e-11 0.0819561
8.19861e-11 0.0819861
8.20162e-11 0.0820162
8.20462e-11 0.0820462
8.20763e-11 0.0820763
8.21063e-11 0.0821063
8.21363e-11 0.0821363
8.21664e-11 0.0821664
8.21964e-11 0.0821964
8.22264e-11 0.0822264
8.22565e-11 0.0822565
8.2284e-11 0.082284
8.23112e-11 0.0823112
8.23384e-11 0.0823384
8.23656e-11 0.0823656
8.23928e-11 0.0823928
8.242e-11 0.08242
8.24472e-11 0.0824472
8.24744e-11 0.0824744
8.25016e-11 0.0825016
8.25288e-11 0.0825288
8.2556e-11 0.082556
8.25832e-11 0.0825832
8.26105e-11 0.0826105
8.26377e-11 0.0826377
8.26649e-11 0.0826649
8.26921e-11 0.0826921
8.27193e-11 0.0827193
8.27465e-11 0.0827465
8.27737e-11 0.0827737
8.28009e-11 0.0828009
8.28281e-11 0.0828281
8.28553e-11 0.0828553
8.28825e-11 0.0828825
8.29097e-11 0.0829097
8.29369e-11 0.0829369
8.29641e-11 0.0829641
8.29913e-11 0.0829913
8.30185e-11 0.0830185
8.30458e-11 0.0830458
8.3073e-11 0.083073
8.31002e-11 0.0831002
8.31274e-11 0.0831274
8.31546e-11 0.0831546
8.31818e-11 0.0831818
8.3209e-11 0.083209
8.32362e-11 0.0832362
8.32634e-11 0.0832634
8.32906e-11 0.0832906
8.33178e-11 0.0833178
8.3345e-11 0.083345
8.33722e-11 0.0833722
8.33994e-11 0.0833994
8.34266e-11 0.0834266
8.34539e-11 0.0834539
8.34811e-11 0.0834811
8.35083e-11 0.0835083
8.35355e-11 0.0835355
8.35627e-11 0.0835627
8.35899e-11 0.0835899
8.36171e-11 0.0836171
8.36443e-11 0.0836443
8.36715e-11 0.0836715
8.36987e-11 0.0836987
8.37259e-11 0.0837259
8.37531e-11 0.0837531
8.37803e-11 0.0837803
8.38075e-11 0.0838075
8.38348e-11 0.0838348
8.3862e-11 0.083862
8.38892e-11 0.0838892
8.39164e-11 0.0839164
8.39436e-11 0.0839436
8.39708e-11 0.0839708
8.3998e-11 0.083998
8.40252e-11 0.0840252
8.40524e-11 0.0840524
8.40796e-11 0.0840796
8.41068e-11 0.0841068
8.4134e-11 0.084134
8.41612e-11 0.0841612
8.41885e-11 0.0841885
8.42157e-11 0.0842157
8.42429e-11 0.0842429
8.42701e-11 0.0842701
8.42973e-11 0.0842973
8.43245e-11 0.0843245
8.43517e-11 0.0843517
8.43789e-11 0.0843789
8.44061e-11 0.0844061
8.44333e-11 0.0844333
8.44605e-11 0.0844605
8.44877e-11 0.0844877
8.45149e-11 0.0845149
8.45421e-11 0.0845421
8.45694e-11 0.0845694
8.45966e-11 0.0845966
8.46238e-11 0.0846238
8.4651e-11 0.084651
8.46782e-11 0.0846782
8.47054e-11 0.0847054
8.47326e-11 0.0847326
8.47598e-11 0.0847598
8.4787e-11 0.084787
8.48142e-11 0.0848142
8.48414e-11 0.0848414
8.48686e-11 0.0848686
8.48959e-11 0.0848959
8.49231e-11 0.0849231
8.49503e-11 0.0849503
8.49775e-11 0.0849775
8.50047e-11 0.0850047
8.50319e-11 0.0850319
8.50591e-11 0.0850591
8.50863e-11 0.0850863
8.51135e-11 0.0851135
8.51407e-11 0.0851407
8.51679e-11 0.0851679
8.51951e-11 0.0851951
8.52224e-11 0.0852224
8.52496e-11 0.0852496
8.52768e-11 0.0852768
8.5304e-11 0.085304
8.53312e-11 0.0853312
8.53584e-11 0.0853584
8.53856e-11 0.0853856
8.54128e-11 0.0854128
8.544e-11 0.08544
8.54672e-11 0.0854672
8.54944e-11 0.0854944
8.55216e-11 0.0855216
8.55489e-11 0.0855489
8.55761e-11 0.0855761
8.56033e-11 0.0856033
8.56305e-11 0.0856305
8.56577e-11 0.0856577
8.56849e-11 0.0856849
8.57121e-11 0.0857121
8.57393e-11 0.0857393
8.57665e-11 0.0857665
8.57937e-11 0.0857937
8.58209e-11 0.0858209
8.58482e-11 0.0858482
8.58754e-11 0.0858754
8.59026e-11 0.0859026
8.59298e-11 0.0859298
8.5957e-11 0.085957
8.59842e-11 0.0859842
8.60114e-11 0.0860114
8.60386e-11 0.0860386
8.60658e-11 0.0860658
8.6093e-11 0.086093
8.61202e-11 0.0861202
8.61474e-11 0.0861474
8.61747e-11 0.0861747
8.62019e-11 0.0862019
8.62291e-11 0.0862291
8.62563e-11 0.0862563
8.62835e-11 0.0862835
8.63107e-11 0.0863107
8.63379e-11 0.0863379
8.63651e-11 0.0863651
8.63923e-11 0.0863923
8.64195e-11 0.0864195
8.64468e-11 0.0864468
8.6474e-11 0.086474
8.65012e-11 0.0865012
8.65284e-11 0.0865284
8.65556e-11 0.0865556
8.65828e-11 0.0865828
8.661e-11 0.08661
8.66372e-11 0.0866372
8.66644e-11 0.0866644
8.66916e-11 0.0866916
8.67188e-11 0.0867188
8.67461e-11 0.0867461
8.67733e-11 0.0867733
8.68005e-11 0.0868005
8.68277e-11 0.0868277
8.68549e-11 0.0868549
8.68821e-11 0.0868821
8.69093e-11 0.0869093
8.69365e-11 0.0869365
8.69637e-11 0.0869637
8.69909e-11 0.0869909
8.70182e-11 0.0870182
8.70454e-11 0.0870454
8.70726e-11 0.0870726
8.70998e-11 0.0870998
8.7127e-11 0.087127
8.71542e-11 0.0871542
8.71814e-11 0.0871814
8.72086e-11 0.0872086
8.72358e-11 0.0872358
8.7263e-11 0.087263
8.72903e-11 0.0872903
8.73175e-11 0.0873175
8.73447e-11 0.0873447
8.73719e-11 0.0873719
8.73991e-11 0.0873991
8.74263e-11 0.0874263
8.74535e-11 0.0874535
8.74807e-11 0.0874807
8.75079e-11 0.0875079
8.75351e-11 0.0875351
8.75624e-11 0.0875624
8.75896e-11 0.0875896
8.76168e-11 0.0876168
8.7644e-11 0.087644
8.76712e-11 0.0876712
8.76984e-11 0.0876984
8.77256e-11 0.0877256
8.77528e-11 0.0877528
8.778e-11 0.08778
8.78072e-11 0.0878072
8.78345e-11 0.0878345
8.78617e-11 0.0878617
8.78889e-11 0.0878889
8.79161e-11 0.0879161
8.79433e-11 0.0879433
8.79705e-11 0.0879705
8.79977e-11 0.0879977
8.80249e-11 0.0880249
8.80521e-11 0.0880521
8.80793e-11 0.0880793
8.81066e-11 0.0881066
8.81338e-11 0.0881338
8.8161e-11 0.088161
8.81882e-11 0.0881882
8.82154e-11 0.0882154
8.82426e-11 0.0882426
8.82698e-11 0.0882698
8.8297e-11 0.088297
8.83242e-11 0.0883242
8.83515e-11 0.0883515
8.83787e-11 0.0883787
8.84059e-11 0.0884059
8.84331e-11 0.0884331
8.84603e-11 0.0884603
8.84875e-11 0.0884875
8.85147e-11 0.0885147
8.85419e-11 0.0885419
8.85691e-11 0.0885691
8.85964e-11 0.0885964
8.86236e-11 0.0886236
8.86508e-11 0.0886508
8.8678e-11 0.088678
8.87052e-11 0.0887052
8.87324e-11 0.0887324
8.87596e-11 0.0887596
8.87868e-11 0.0887868
8.8814e-11 0.088814
8.88413e-11 0.0888413
8.88685e-11 0.0888685
8.88957e-11 0.0888957
8.89229e-11 0.0889229
8.89501e-11 0.0889501
8.89773e-11 0.0889773
8.90045e-11 0.0890045
8.90317e-11 0.0890317
8.90589e-11 0.0890589
8.90862e-11 0.0890862
8.91134e-11 0.0891134
8.91406e-11 0.0891406
8.91678e-11 0.0891678
8.9195e-11 0.089195
8.92222e-11 0.0892222
8.92494e-11 0.0892494
8.92766e-11 0.0892766
8.93039e-11 0.0893039
8.93311e-11 0.0893311
8.93583e-11 0.0893583
8.93855e-11 0.0893855
8.94127e-11 0.0894127
8.94399e-11 0.0894399
8.94671e-11 0.0894671
8.94943e-11 0.0894943
8.95215e-11 0.0895215
8.95488e-11 0.0895488
8.9576e-11 0.089576
8.96032e-11 0.0896032
8.96304e-11 0.0896304
8.96576e-11 0.0896576
8.96848e-11 0.0896848
8.9712e-11 0.089712
8.97392e-11 0.0897392
8.97665e-11 0.0897665
8.97937e-11 0.0897937
8.98209e-11 0.0898209
8.98481e-11 0.0898481
8.98753e-11 0.0898753
8.99025e-11 0.0899025
8.99297e-11 0.0899297
8.99569e-11 0.0899569
8.99841e-11 0.0899841
9.00114e-11 0.0900114
9.00386e-11 0.0900386
9.00658e-11 0.0900658
9.0093e-11 0.090093
9.01202e-11 0.0901202
9.01474e-11 0.0901474
9.01746e-11 0.0901746
9.02018e-11 0.0902018
9.02291e-11 0.0902291
9.02563e-11 0.0902563
9.02835e-11 0.0902835
9.03107e-11 0.0903107
9.03379e-11 0.0903379
9.03651e-11 0.0903651
9.03923e-11 0.0903923
9.04195e-11 0.0904195
9.04468e-11 0.0904468
9.0474e-11 0.090474
9.05012e-11 0.0905012
9.05284e-11 0.0905284
9.05556e-11 0.0905556
9.05828e-11 0.0905828
9.061e-11 0.09061
9.06372e-11 0.0906372
9.06645e-11 0.0906645
9.06917e-11 0.0906917
9.07189e-11 0.0907189
9.07461e-11 0.0907461
9.07733e-11 0.0907733
9.08005e-11 0.0908005
9.08277e-11 0.0908277
9.08549e-11 0.0908549
9.08822e-11 0.0908822
9.09094e-11 0.0909094
9.09366e-11 0.0909366
9.09638e-11 0.0909638
9.0991e-11 0.090991
9.10182e-11 0.0910182
9.10454e-11 0.0910454
9.10727e-11 0.0910727
9.10999e-11 0.0910999
9.11271e-11 0.0911271
9.11543e-11 0.0911543
9.11815e-11 0.0911815
9.12087e-11 0.0912087
9.12359e-11 0.0912359
9.12631e-11 0.0912631
9.12904e-11 0.0912904
9.13176e-11 0.0913176
9.13448e-11 0.0913448
9.1372e-11 0.091372
9.13992e-11 0.0913992
9.14264e-11 0.0914264
9.14536e-11 0.0914536
9.14809e-11 0.0914809
9.15081e-11 0.0915081
9.15353e-11 0.0915353
9.15625e-11 0.0915625
9.15897e-11 0.0915897
9.16169e-11 0.0916169
9.16441e-11 0.0916441
9.16713e-11 0.0916713
9.16986e-11 0.0916986
9.17258e-11 0.0917258
9.1753e-11 0.091753
9.17802e-11 0.0917802
9.18074e-11 0.0918074
9.18346e-11 0.0918346
9.18618e-11 0.0918618
9.18891e-11 0.0918891
9.19163e-11 0.0919163
9.19435e-11 0.0919435
9.19707e-11 0.0919707
9.19979e-11 0.0919979
9.20251e-11 0.0920251
9.20523e-11 0.0920523
9.20796e-11 0.0920796
9.21068e-11 0.0921068
9.2134e-11 0.092134
9.21612e-11 0.0921612
9.21884e-11 0.0921884
9.22156e-11 0.0922156
9.22428e-11 0.0922428
9.227e-11 0.09227
9.22973e-11 0.0922973
9.23245e-11 0.0923245
9.23517e-11 0.0923517
9.23789e-11 0.0923789
9.24061e-11 0.0924061
9.24333e-11 0.0924333
9.24605e-11 0.0924605
9.24878e-11 0.0924878
9.2515e-11 0.092515
9.25422e-11 0.0925422
9.25694e-11 0.0925694
9.25966e-11 0.0925966
9.26238e-11 0.0926238
9.2651e-11 0.092651
9.26783e-11 0.0926783
9.27055e-11 0.0927055
9.27327e-11 0.0927327
9.27599e-11 0.0927599
9.27871e-11 0.0927871
9.28143e-11 0.0928143
9.28415e-11 0.0928415
9.28688e-11 0.0928688
9.2896e-11 0.092896
9.29232e-11 0.0929232
9.29504e-11 0.0929504
9.29776e-11 0.0929776
9.30048e-11 0.0930048
9.3032e-11 0.093032
9.30593e-11 0.0930593
9.30865e-11 0.0930865
9.31137e-11 0.0931137
9.31409e-11 0.0931409
9.31681e-11 0.0931681
9.31953e-11 0.0931953
9.32226e-11 0.0932226
9.32498e-11 0.0932498
9.3277e-11 0.093277
9.33042e-11 0.0933042
9.33314e-11 0.0933314
9.33586e-11 0.0933586
9.33858e-11 0.0933858
9.34131e-11 0.0934131
9.34403e-11 0.0934403
9.34675e-11 0.0934675
9.34947e-11 0.0934947
9.35219e-11 0.0935219
9.35491e-11 0.0935491
9.35763e-11 0.0935763
9.36036e-11 0.0936036
9.36308e-11 0.0936308
9.3658e-11 0.093658
9.36852e-11 0.0936852
9.37124e-11 0.0937124
9.37396e-11 0.0937396
9.37669e-11 0.0937669
9.37941e-11 0.0937941
9.38213e-11 0.0938213
9.38485e-11 0.0938485
9.38757e-11 0.0938757
9.39029e-11 0.0939029
9.39301e-11 0.0939301
9.39574e-11 0.0939574
9.39846e-11 0.0939846
9.40118e-11 0.0940118
9.4039e-11 0.094039
9.40662e-11 0.0940662
9.40934e-11 0.0940934
9.41207e-11 0.0941207
9.41479e-11 0.0941479
9.41751e-11 0.0941751
9.42023e-11 0.0942023
9.42295e-11 0.0942295
9.42567e-11 0.0942567
9.42839e-11 0.0942839
9.43112e-11 0.0943112
9.43384e-11 0.0943384
9.43656e-11 0.0943656
9.43928e-11 0.0943928
9.442e-11 0.09442
9.44472e-11 0.0944472
9.44745e-11 0.0944745
9.45017e-11 0.0945017
9.45289e-11 0.0945289
9.45561e-11 0.0945561
9.45833e-11 0.0945833
9.46105e-11 0.0946105
9.46377e-11 0.0946377
9.4665e-11 0.094665
9.46922e-11 0.0946922
9.47194e-11 0.0947194
9.47466e-11 0.0947466
9.47738e-11 0.0947738
9.4801e-11 0.094801
9.48283e-11 0.0948283
9.48555e-11 0.0948555
9.48827e-11 0.0948827
9.49099e-11 0.0949099
9.49371e-11 0.0949371
9.49643e-11 0.0949643
9.49916e-11 0.0949916
9.50188e-11 0.0950188
9.5046e-11 0.095046
9.50732e-11 0.0950732
9.51004e-11 0.0951004
9.51276e-11 0.0951276
9.51549e-11 0.0951549
9.51821e-11 0.0951821
9.52093e-11 0.0952093
9.52365e-11 0.0952365
9.52637e-11 0.0952637
9.52909e-11 0.0952909
9.53182e-11 0.0953182
9.53454e-11 0.0953454
9.53726e-11 0.0953726
9.53998e-11 0.0953998
9.5427e-11 0.095427
9.54542e-11 0.0954542
9.54815e-11 0.0954815
9.55087e-11 0.0955087
9.55359e-11 0.0955359
9.55631e-11 0.0955631
9.55903e-11 0.0955903
9.56175e-11 0.0956175
9.56448e-11 0.0956448
9.5672e-11 0.095672
9.56992e-11 0.0956992
9.57264e-11 0.0957264
9.57536e-11 0.0957536
9.57808e-11 0.0957808
9.58081e-11 0.0958081
9.58353e-11 0.0958353
9.58625e-11 0.0958625
9.58897e-11 0.0958897
9.59169e-11 0.0959169
9.59441e-11 0.0959441
9.59714e-11 0.0959714
9.59986e-11 0.0959986
9.60258e-11 0.0960258
9.6053e-11 0.096053
9.60802e-11 0.0960802
9.61074e-11 0.0961074
9.61347e-11 0.0961347
9.61619e-11 0.0961619
9.61891e-11 0.0961891
9.62163e-11 0.0962163
9.62435e-11 0.0962435
9.62707e-11 0.0962707
9.6298e-11 0.096298
9.63252e-11 0.0963252
9.63524e-11 0.0963524
9.63796e-11 0.0963796
9.64068e-11 0.0964068
9.6434e-11 0.096434
9.64613e-11 0.0964613
9.64885e-11 0.0964885
9.65157e-11 0.0965157
9.65429e-11 0.0965429
9.65701e-11 0.0965701
9.65974e-11 0.0965974
9.66246e-11 0.0966246
9.66518e-11 0.0966518
9.6679e-11 0.096679
9.67062e-11 0.0967062
9.67334e-11 0.0967334
9.67607e-11 0.0967607
9.67879e-11 0.0967879
9.68151e-11 0.0968151
9.68423e-11 0.0968423
9.68695e-11 0.0968695
9.68967e-11 0.0968967
9.6924e-11 0.096924
9.69512e-11 0.0969512
9.69784e-11 0.0969784
9.70056e-11 0.0970056
9.70328e-11 0.0970328
9.70601e-11 0.0970601
9.70873e-11 0.0970873
9.71145e-11 0.0971145
9.71417e-11 0.0971417
9.71689e-11 0.0971689
9.71961e-11 0.0971961
9.72234e-11 0.0972234
9.72506e-11 0.0972506
9.72778e-11 0.0972778
9.7305e-11 0.097305
9.73322e-11 0.0973322
9.73594e-11 0.0973594
9.73867e-11 0.0973867
9.74139e-11 0.0974139
9.74411e-11 0.0974411
9.74683e-11 0.0974683
9.74955e-11 0.0974955
9.75228e-11 0.0975228
9.755e-11 0.09755
9.75772e-11 0.0975772
9.76044e-11 0.0976044
9.76316e-11 0.0976316
9.76588e-11 0.0976588
9.76861e-11 0.0976861
9.77133e-11 0.0977133
9.77405e-11 0.0977405
9.77677e-11 0.0977677
9.77949e-11 0.0977949
9.78222e-11 0.0978222
9.78494e-11 0.0978494
9.78766e-11 0.0978766
9.79038e-11 0.0979038
9.7931e-11 0.097931
9.79583e-11 0.0979583
9.79855e-11 0.0979855
9.80127e-11 0.0980127
9.80399e-11 0.0980399
9.80671e-11 0.0980671
9.80943e-11 0.0980943
9.81216e-11 0.0981216
9.81488e-11 0.0981488
9.8176e-11 0.098176
9.82032e-11 0.0982032
9.82304e-11 0.0982304
9.82577e-11 0.0982577
9.82849e-11 0.0982849
9.83121e-11 0.0983121
9.83393e-11 0.0983393
9.83665e-11 0.0983665
9.83938e-11 0.0983938
9.8421e-11 0.098421
9.84482e-11 0.0984482
9.84754e-11 0.0984754
9.85026e-11 0.0985026
9.85298e-11 0.0985298
9.85571e-11 0.0985571
9.85843e-11 0.0985843
9.86115e-11 0.0986115
9.86387e-11 0.0986387
9.86659e-11 0.0986659
9.86932e-11 0.0986932
9.87204e-11 0.0987204
9.87476e-11 0.0987476
9.87748e-11 0.0987748
9.8802e-11 0.098802
9.88293e-11 0.0988293
9.88565e-11 0.0988565
9.88837e-11 0.0988837
9.89109e-11 0.0989109
9.89381e-11 0.0989381
9.89654e-11 0.0989654
9.89926e-11 0.0989926
9.90198e-11 0.0990198
9.9047e-11 0.099047
9.90742e-11 0.0990742
9.91015e-11 0.0991015
9.91287e-11 0.0991287
9.91559e-11 0.0991559
9.91831e-11 0.0991831
9.92103e-11 0.0992103
9.92375e-11 0.0992375
9.92648e-11 0.0992648
9.9292e-11 0.099292
9.93192e-11 0.0993192
9.93464e-11 0.0993464
9.93736e-11 0.0993736
9.94009e-11 0.0994009
9.94281e-11 0.0994281
9.94553e-11 0.0994553
9.94825e-11 0.0994825
9.95097e-11 0.0995097
9.9537e-11 0.099537
9.95642e-11 0.0995642
9.95914e-11 0.0995914
9.96186e-11 0.0996186
9.96458e-11 0.0996458
9.96731e-11 0.0996731
9.97003e-11 0.0997003
9.97275e-11 0.0997275
9.97547e-11 0.0997547
9.97819e-11 0.0997819
9.98092e-11 0.0998092
9.98364e-11 0.0998364
9.98636e-11 0.0998636
9.98908e-11 0.0998908
9.9918e-11 0.099918
9.99453e-11 0.0999453
9.99725e-11 0.0999725
9.99997e-11 0.0999997
1.00027e-10 0.100027
1.00054e-10 0.100054
1.00081e-10 0.100081
1.00109e-10 0.100109
1.00136e-10 0.100136
1.00163e-10 0.100163
1.0019e-10 0.10019
1.00217e-10 0.100217
1.00245e-10 0.100245
1.00272e-10 0.100272
1.00299e-10 0.100299
1.00326e-10 0.100326
1.00354e-10 0.100354
1.00381e-10 0.100381
1.00408e-10 0.100408
1.00435e-10 0.100435
1.00462e-10 0.100462
1.0049e-10 0.10049
1.00517e-10 0.100517
1.00544e-10 0.100544
1.00571e-10 0.100571
1.00599e-10 0.100599
1.00626e-10 0.100626
1.00653e-10 0.100653
1.0068e-10 0.10068
1.00707e-10 0.100707
1.00735e-10 0.100735
1.00762e-10 0.100762
1.00789e-10 0.100789
1.00816e-10 0.100816
1.00844e-10 0.100844
1.00871e-10 0.100871
1.00898e-10 0.100898
1.00925e-10 0.100925
1.00952e-10 0.100952
1.0098e-10 0.10098
1.01007e-10 0.101007
1.01034e-10 0.101034
1.01061e-10 0.101061
1.01089e-10 0.101089
1.01116e-10 0.101116
1.01143e-10 0.101143
1.0117e-10 0.10117
1.01197e-10 0.101197
1.01225e-10 0.101225
1.01252e-10 0.101252
1.01279e-10 0.101279
1.01306e-10 0.101306
1.01334e-10 0.101334
1.01361e-10 0.101361
1.01388e-10 0.101388
1.01415e-10 0.101415
1.01442e-10 0.101442
1.0147e-10 0.10147
1.01497e-10 0.101497
1.01524e-10 0.101524
1.01551e-10 0.101551
1.01579e-10 0.101579
1.01606e-10 0.101606
1.01633e-10 0.101633
1.0166e-10 0.10166
1.01687e-10 0.101687
1.01715e-10 0.101715
1.01742e-10 0.101742
1.01769e-10 0.101769
1.01796e-10 0.101796
1.01824e-10 0.101824
1.01851e-10 0.101851
1.01878e-10 0.101878
1.01905e-10 0.101905
1.01932e-10 0.101932
1.0196e-10 0.10196
1.01987e-10 0.101987
1.02014e-10 0.102014
1.02041e-10 0.102041
1.02069e-10 0.102069
1.02096e-10 0.102096
1.02123e-10 0.102123
1.0215e-10 0.10215
1.02177e-10 0.102177
1.02205e-10 0.102205
1.02232e-10 0.102232
1.02259e-10 0.102259
1.02286e-10 0.102286
1.02314e-10 0.102314
1.02341e-10 0.102341
1.02368e-10 0.102368
1.02395e-10 0.102395
1.02422e-10 0.102422
1.0245e-10 0.10245
1.02477e-10 0.102477
1.02504e-10 0.102504
1.02531e-10 0.102531
1.02559e-10 0.102559
1.02586e-10 0.102586
1.02613e-10 0.102613
1.0264e-10 0.10264
1.02667e-10 0.102667
1.02695e-10 0.102695
1.02722e-10 0.102722
1.02749e-10 0.102749
1.02776e-10 0.102776
1.02804e-10 0.102804
1.02831e-10 0.102831
1.02858e-10 0.102858
1.02885e-10 0.102885
1.02912e-10 0.102912
1.0294e-10 0.10294
1.02967e-10 0.102967
1.02994e-10 0.102994
1.03021e-10 0.103021
1.03049e-10 0.103049
1.03076e-10 0.103076
1.03103e-10 0.103103
1.0313e-10 0.10313
1.03157e-10 0.103157
1.03185e-10 0.103185
1.03212e-10 0.103212
1.03239e-10 0.103239
1.03266e-10 0.103266
1.03294e-10 0.103294
1.03321e-10 0.103321
1.03348e-10 0.103348
1.03375e-10 0.103375
1.03402e-10 0.103402
1.0343e-10 0.10343
1.03457e-10 0.103457
1.03484e-10 0.103484
1.03511e-10 0.103511
1.03539e-10 0.103539
1.03566e-10 0.103566
1.03593e-10 0.103593
1.0362e-10 0.10362
1.03647e-10 0.103647
1.03675e-10 0.103675
1.03702e-10 0.103702
1.03729e-10 0.103729
1.03756e-10 0.103756
1.03784e-10 0.103784
1.03811e-10 0.103811
1.03838e-10 0.103838
1.03865e-10 0.103865
1.03892e-10 0.103892
1.0392e-10 0.10392
1.03947e-10 0.103947
1.03974e-10 0.103974
1.04001e-10 0.104001
1.04029e-10 0.104029
1.04056e-10 0.104056
1.04083e-10 0.104083
1.0411e-10 0.10411
1.04137e-10 0.104137
1.04165e-10 0.104165
1.04192e-10 0.104192
1.04219e-10 0.104219
1.04246e-10 0.104246
1.04274e-10 0.104274
1.04301e-10 0.104301
1.04328e-10 0.104328
1.04355e-10 0.104355
1.04382e-10 0.104382
1.0441e-10 0.10441
1.04437e-10 0.104437
1.04464e-10 0.104464
1.04491e-10 0.104491
1.04519e-10 0.104519
1.04546e-10 0.104546
1.04573e-10 0.104573
1.046e-10 0.1046
1.04627e-10 0.104627
1.04655e-10 0.104655
1.04682e-10 0.104682
1.04709e-10 0.104709
1.04736e-10 0.104736
1.04764e-10 0.104764
1.04791e-10 0.104791
1.04818e-10 0.104818
1.04845e-10 0.104845
1.04872e-10 0.104872
1.049e-10 0.1049
1.04927e-10 0.104927
1.04954e-10 0.104954
1.04981e-10 0.104981
1.05009e-10 0.105009
1.05036e-10 0.105036
1.05063e-10 0.105063
1.0509e-10 0.10509
1.05117e-10 0.105117
1.05145e-10 0.105145
1.05172e-10 0.105172
1.05199e-10 0.105199
1.05226e-10 0.105226
1.05254e-10 0.105254
1.05281e-10 0.105281
1.05308e-10 0.105308
1.05335e-10 0.105335
1.05363e-10 0.105363
1.0539e-10 0.10539
1.05417e-10 0.105417
1.05444e-10 0.105444
1.05471e-10 0.105471
1.05499e-10 0.105499
1.05526e-10 0.105526
1.05553e-10 0.105553
1.0558e-10 0.10558
1.05608e-10 0.105608
1.05635e-10 0.105635
1.05662e-10 0.105662
1.05689e-10 0.105689
1.05716e-10 0.105716
1.05744e-10 0.105744
1.05771e-10 0.105771
1.05798e-10 0.105798
1.05825e-10 0.105825
1.05853e-10 0.105853
1.0588e-10 0.10588
1.05907e-10 0.105907
1.05934e-10 0.105934
1.05961e-10 0.105961
1.05989e-10 0.105989
1.06016e-10 0.106016
1.06043e-10 0.106043
1.0607e-10 0.10607
1.06098e-10 0.106098
1.06125e-10 0.106125
1.06152e-10 0.106152
1.06179e-10 0.106179
1.06206e-10 0.106206
1.06234e-10 0.106234
1.06261e-10 0.106261
1.06288e-10 0.106288
1.06315e-10 0.106315
1.06343e-10 0.106343
1.0637e-10 0.10637
1.06397e-10 0.106397
1.06424e-10 0.106424
1.06452e-10 0.106452
1.06479e-10 0.106479
1.06506e-10 0.106506
1.06533e-10 0.106533
1.0656e-10 0.10656
1.06588e-10 0.106588
1.06615e-10 0.106615
1.06642e-10 0.106642
1.06669e-10 0.106669
1.06697e-10 0.106697
1.06724e-10 0.106724
1.06751e-10 0.106751
1.06778e-10 0.106778
1.06805e-10 0.106805
1.06833e-10 0.106833
1.0686e-10 0.10686
1.06887e-10 0.106887
1.06914e-10 0.106914
1.06942e-10 0.106942
1.06969e-10 0.106969
1.06996e-10 0.106996
1.07023e-10 0.107023
1.0705e-10 0.10705
1.07078e-10 0.107078
1.07105e-10 0.107105
1.07132e-10 0.107132
1.07159e-10 0.107159
1.07187e-10 0.107187
1.07214e-10 0.107214
1.07241e-10 0.107241
1.07268e-10 0.107268
1.07296e-10 0.107296
1.07323e-10 0.107323
1.0735e-10 0.10735
1.07377e-10 0.107377
1.07404e-10 0.107404
1.07432e-10 0.107432
1.07459e-10 0.107459
1.07486e-10 0.107486
1.07513e-10 0.107513
1.07541e-10 0.107541
1.07568e-10 0.107568
1.07595e-10 0.107595
1.07622e-10 0.107622
1.07649e-10 0.107649
1.07677e-10 0.107677
1.07704e-10 0.107704
1.07731e-10 0.107731
1.07758e-10 0.107758
1.07786e-10 0.107786
1.07813e-10 0.107813
1.0784e-10 0.10784
1.07867e-10 0.107867
1.07894e-10 0.107894
1.07922e-10 0.107922
1.07949e-10 0.107949
1.07976e-10 0.107976
1.08003e-10 0.108003
1.08031e-10 0.108031
1.08058e-10 0.108058
1.08085e-10 0.108085
1.08112e-10 0.108112
1.0814e-10 0.10814
1.08167e-10 0.108167
1.08194e-10 0.108194
1.08221e-10 0.108221
1.08248e-10 0.108248
1.08276e-10 0.108276
1.08303e-10 0.108303
1.0833e-10 0.10833
1.08357e-10 0.108357
1.08385e-10 0.108385
1.08412e-10 0.108412
1.08439e-10 0.108439
1.08466e-10 0.108466
1.08493e-10 0.108493
1.08521e-10 0.108521
1.08548e-10 0.108548
1.08575e-10 0.108575
1.08602e-10 0.108602
1.0863e-10 0.10863
1.08657e-10 0.108657
1.08684e-10 0.108684
1.08711e-10 0.108711
1.08739e-10 0.108739
1.08766e-10 0.108766
1.08793e-10 0.108793
1.0882e-10 0.10882
1.08847e-10 0.108847
1.08875e-10 0.108875
1.08902e-10 0.108902
1.08929e-10 0.108929
1.08956e-10 0.108956
1.08984e-10 0.108984
1.09011e-10 0.109011
1.09038e-10 0.109038
1.09065e-10 0.109065
1.09092e-10 0.109092
1.0912e-10 0.10912
1.09147e-10 0.109147
1.09174e-10 0.109174
1.09201e-10 0.109201
1.09229e-10 0.109229
1.09256e-10 0.109256
1.09283e-10 0.109283
1.0931e-10 0.10931
1.09338e-10 0.109338
1.09365e-10 0.109365
1.09392e-10 0.109392
1.09419e-10 0.109419
1.09446e-10 0.109446
1.09474e-10 0.109474
1.09501e-10 0.109501
1.09528e-10 0.109528
1.09555e-10 0.109555
1.09583e-10 0.109583
1.0961e-10 0.10961
1.09637e-10 0.109637
1.09664e-10 0.109664
1.09691e-10 0.109691
1.09719e-10 0.109719
1.09746e-10 0.109746
1.09773e-10 0.109773
1.098e-10 0.1098
1.09828e-10 0.109828
1.09855e-10 0.109855
1.09882e-10 0.109882
1.09909e-10 0.109909
1.09937e-10 0.109937
1.09964e-10 0.109964
1.09991e-10 0.109991
1.10018e-10 0.110018
1.10045e-10 0.110045
1.10073e-10 0.110073
1.101e-10 0.1101
1.10127e-10 0.110127
1.10154e-10 0.110154
1.10182e-10 0.110182
1.10209e-10 0.110209
1.10236e-10 0.110236
1.10263e-10 0.110263
1.1029e-10 0.11029
1.10318e-10 0.110318
1.10345e-10 0.110345
1.10372e-10 0.110372
1.10399e-10 0.110399
1.10427e-10 0.110427
1.10454e-10 0.110454
1.10481e-10 0.110481
1.10508e-10 0.110508
1.10536e-10 0.110536
1.10563e-10 0.110563
1.1059e-10 0.11059
1.10617e-10 0.110617
1.10644e-10 0.110644
1.10672e-10 0.110672
1.10699e-10 0.110699
1.10726e-10 0.110726
1.10753e-10 0.110753
1.10781e-10 0.110781
1.10808e-10 0.110808
1.10835e-10 0.110835
1.10862e-10 0.110862
1.1089e-10 0.11089
1.10917e-10 0.110917
1.10944e-10 0.110944
1.10971e-10 0.110971
1.10998e-10 0.110998
1.11026e-10 0.111026
1.11053e-10 0.111053
1.1108e-10 0.11108
1.11107e-10 0.111107
1.11135e-10 0.111135
1.11162e-10 0.111162
1.11189e-10 0.111189
1.11216e-10 0.111216
1.11244e-10 0.111244
1.11271e-10 0.111271
1.11298e-10 0.111298
1.11325e-10 0.111325
1.11352e-10 0.111352
1.1138e-10 0.11138
1.11407e-10 0.111407
1.11434e-10 0.111434
1.11461e-10 0.111461
1.11489e-10 0.111489
1.11516e-10 0.111516
1.11543e-10 0.111543
1.1157e-10 0.11157
1.11597e-10 0.111597
1.11625e-10 0.111625
1.11652e-10 0.111652
1.11679e-10 0.111679
1.11706e-10 0.111706
1.11734e-10 0.111734
1.11761e-10 0.111761
1.11788e-10 0.111788
1.11815e-10 0.111815
1.11843e-10 0.111843
1.1187e-10 0.11187
1.11897e-10 0.111897
1.11924e-10 0.111924
1.11951e-10 0.111951
1.11979e-10 0.111979
1.12006e-10 0.112006
1.12033e-10 0.112033
1.1206e-10 0.11206
1.12088e-10 0.112088
