-3.50914e-15 -3.50914e-06
-7.01828e-15 -7.01828e-06
-1.05274e-14 -1.05274e-05
-1.40365e-14 -1.40365e-05
-1.75456e-14 -1.75456e-05
-2.10547e-14 -2.10547e-05
-2.45638e-14 -2.45638e-05
-2.80728e-14 -2.80728e-05
-3.15818e-14 -3.15818e-05
-3.50908e-14 -3.50908e-05
-7.29561e-14 -7.29561e-05
-1.10822e-13 -0.000110822
-1.48687e-13 -0.000148687
-1.86552e-13 -0.000186552
-2.24418e-13 -0.000224418
-2.62283e-13 -0.000262283
-3.00149e-13 -0.000300149
-3.38014e-13 -0.000338014
-3.7588e-13 -0.00037588
-4.13745e-13 -0.000413745
-4.51611e-13 -0.000451611
-4.89476e-13 -0.000489476
-5.27342e-13 -0.000527342
-5.65208e-13 -0.000565208
-6.03073e-13 -0.000603073
-6.40939e-13 -0.000640939
-6.78805e-13 -0.000678805
-7.1667e-13 -0.00071667
-7.54536e-13 -0.000754536
-7.92402e-13 -0.000792402
-8.30267e-13 -0.000830267
-8.68133e-13 -0.000868133
-9.05999e-13 -0.000905999
-9.43865e-13 -0.000943865
-9.81731e-13 -0.000981731
-1.0196e-12 -0.0010196
-1.05746e-12 -0.00105746
-1.09533e-12 -0.00109533
-1.13319e-12 -0.00113319
-1.17106e-12 -0.00117106
-1.20893e-12 -0.00120893
-1.24679e-12 -0.00124679
-1.28466e-12 -0.00128466
-1.32252e-12 -0.00132252
-1.36039e-12 -0.00136039
-1.39826e-12 -0.00139826
-1.43612e-12 -0.00143612
-1.47399e-12 -0.00147399
-1.51185e-12 -0.00151185
-1.54972e-12 -0.00154972
-1.58759e-12 -0.00158759
-1.62545e-12 -0.00162545
-1.66332e-12 -0.00166332
-1.70119e-12 -0.00170119
-1.73905e-12 -0.00173905
-1.77692e-12 -0.00177692
-1.81478e-12 -0.00181478
-1.85265e-12 -0.00185265
-1.89052e-12 -0.00189052
-1.92838e-12 -0.00192838
-1.96625e-12 -0.00196625
-2.00412e-12 -0.00200412
-2.04198e-12 -0.00204198
-2.07985e-12 -0.00207985
-2.11771e-12 -0.00211771
-2.15558e-12 -0.00215558
-2.19345e-12 -0.00219345
-2.23131e-12 -0.00223131
-2.26918e-12 -0.00226918
-2.30705e-12 -0.00230705
-2.34491e-12 -0.00234491
-2.38278e-12 -0.00238278
-2.42065e-12 -0.00242065
-2.45851e-12 -0.00245851
-2.49638e-12 -0.00249638
-2.53425e-12 -0.00253425
-2.57211e-12 -0.00257211
-2.60998e-12 -0.00260998
-2.64785e-12 -0.00264785
-2.68571e-12 -0.00268571
-2.72358e-12 -0.00272358
-2.76145e-12 -0.00276145
-2.79931e-12 -0.00279931
-2.83718e-12 -0.00283718
-2.87505e-12 -0.00287505
-2.91291e-12 -0.00291291
-2.95078e-12 -0.00295078
-2.98865e-12 -0.00298865
-3.02651e-12 -0.00302651
-3.06438e-12 -0.00306438
-3.10225e-12 -0.00310225
-3.14011e-12 -0.00314011
-3.17798e-12 -0.00317798
-3.21585e-12 -0.00321585
-3.25372e-12 -0.00325372
-3.29158e-12 -0.00329158
-3.32945e-12 -0.00332945
-3.36732e-12 -0.00336732
-3.40518e-12 -0.00340518
-3.44305e-12 -0.00344305
-3.48092e-12 -0.00348092
-3.51879e-12 -0.00351879
-3.55665e-12 -0.00355665
-3.59452e-12 -0.00359452
-3.63239e-12 -0.00363239
-3.67025e-12 -0.00367025
-3.70812e-12 -0.00370812
-3.74599e-12 -0.00374599
-3.78386e-12 -0.00378386
-3.82172e-12 -0.00382172
-3.85959e-12 -0.00385959
-3.89746e-12 -0.00389746
-3.93532e-12 -0.00393532
-3.97319e-12 -0.00397319
-4.01106e-12 -0.00401106
-4.04893e-12 -0.00404893
-4.08679e-12 -0.00408679
-4.12466e-12 -0.00412466
-4.16253e-12 -0.00416253
-4.2004e-12 -0.0042004
-4.23826e-12 -0.00423826
-4.27613e-12 -0.00427613
-4.314e-12 -0.004314
-4.35187e-12 -0.00435187
-4.38973e-12 -0.00438973
-4.4276e-12 -0.0044276
-4.46547e-12 -0.00446547
-4.50334e-12 -0.00450334
-4.5412e-12 -0.0045412
-4.57907e-12 -0.00457907
-4.61694e-12 -0.00461694
-4.65481e-12 -0.00465481
-4.69268e-12 -0.00469268
-4.73054e-12 -0.00473054
-4.76841e-12 -0.00476841
-4.80628e-12 -0.00480628
-4.84415e-12 -0.00484415
-4.88201e-12 -0.00488201
-4.91988e-12 -0.00491988
-4.95775e-12 -0.00495775
-4.99562e-12 -0.00499562
-5.03349e-12 -0.00503349
-5.07135e-12 -0.00507135
-5.10922e-12 -0.00510922
-5.14709e-12 -0.00514709
-5.18496e-12 -0.00518496
-5.22283e-12 -0.00522283
-5.26069e-12 -0.00526069
-5.29856e-12 -0.00529856
-5.33643e-12 -0.00533643
-5.3743e-12 -0.0053743
-5.41217e-12 -0.00541217
-5.45003e-12 -0.00545003
-5.4879e-12 -0.0054879
-5.52577e-12 -0.00552577
-5.56364e-12 -0.00556364
-5.60151e-12 -0.00560151
-5.63938e-12 -0.00563938
-5.67724e-12 -0.00567724
-5.71511e-12 -0.00571511
-5.75298e-12 -0.00575298
-5.79085e-12 -0.00579085
-5.82872e-12 -0.00582872
-5.86658e-12 -0.00586658
-5.90445e-12 -0.00590445
-5.94232e-12 -0.00594232
-5.98019e-12 -0.00598019
-6.01806e-12 -0.00601806
-6.05593e-12 -0.00605593
-6.0938e-12 -0.0060938
-6.13166e-12 -0.00613166
-6.16953e-12 -0.00616953
-6.2074e-12 -0.0062074
-6.24527e-12 -0.00624527
-6.28314e-12 -0.00628314
-6.32101e-12 -0.00632101
-6.35887e-12 -0.00635887
-6.39674e-12 -0.00639674
-6.43461e-12 -0.00643461
-6.47248e-12 -0.00647248
-6.51035e-12 -0.00651035
-6.54822e-12 -0.00654822
-6.58609e-12 -0.00658609
-6.62396e-12 -0.00662396
-6.66182e-12 -0.00666182
-6.69969e-12 -0.00669969
-6.73756e-12 -0.00673756
-6.77543e-12 -0.00677543
-6.8133e-12 -0.0068133
-6.85117e-12 -0.00685117
-6.88904e-12 -0.00688904
-6.92691e-12 -0.00692691
-6.96477e-12 -0.00696477
-7.00264e-12 -0.00700264
-7.04051e-12 -0.00704051
-7.07838e-12 -0.00707838
-7.11625e-12 -0.00711625
-7.15412e-12 -0.00715412
-7.19199e-12 -0.00719199
-7.22986e-12 -0.00722986
-7.26773e-12 -0.00726773
-7.3056e-12 -0.0073056
-7.34346e-12 -0.00734346
-7.38133e-12 -0.00738133
-7.4192e-12 -0.0074192
-7.45707e-12 -0.00745707
-7.49494e-12 -0.00749494
-7.53281e-12 -0.00753281
-7.57068e-12 -0.00757068
-7.60855e-12 -0.00760855
-7.64642e-12 -0.00764642
-7.68429e-12 -0.00768429
-7.72216e-12 -0.00772216
-7.76003e-12 -0.00776003
-7.7979e-12 -0.0077979
-7.83576e-12 -0.00783576
-7.87363e-12 -0.00787363
-7.9115e-12 -0.0079115
-7.94937e-12 -0.00794937
-7.98724e-12 -0.00798724
-8.02511e-12 -0.00802511
-8.06298e-12 -0.00806298
-8.10085e-12 -0.00810085
-8.13872e-12 -0.00813872
-8.17659e-12 -0.00817659
-8.21446e-12 -0.00821446
-8.25233e-12 -0.00825233
-8.2902e-12 -0.0082902
-8.32807e-12 -0.00832807
-8.36594e-12 -0.00836594
-8.40381e-12 -0.00840381
-8.44168e-12 -0.00844168
-8.47955e-12 -0.00847955
-8.51742e-12 -0.00851742
-8.55529e-12 -0.00855529
-8.59316e-12 -0.00859316
-8.63103e-12 -0.00863103
-8.6689e-12 -0.0086689
-8.70676e-12 -0.00870676
-8.74463e-12 -0.00874463
-8.7825e-12 -0.0087825
-8.82037e-12 -0.00882037
-8.85824e-12 -0.00885824
-8.89611e-12 -0.00889611
-8.93398e-12 -0.00893398
-8.97185e-12 -0.00897185
-9.00972e-12 -0.00900972
-9.04759e-12 -0.00904759
-9.08546e-12 -0.00908546
-9.12333e-12 -0.00912333
-9.1612e-12 -0.0091612
-9.19907e-12 -0.00919907
-9.23694e-12 -0.00923694
-9.27481e-12 -0.00927481
-9.31268e-12 -0.00931268
-9.35055e-12 -0.00935055
-9.38842e-12 -0.00938842
-9.42629e-12 -0.00942629
-9.46416e-12 -0.00946416
-9.50203e-12 -0.00950203
-9.53991e-12 -0.00953991
-9.57778e-12 -0.00957778
-9.61565e-12 -0.00961565
-9.65352e-12 -0.00965352
-9.69139e-12 -0.00969139
-9.72926e-12 -0.00972926
-9.76713e-12 -0.00976713
-9.805e-12 -0.009805
-9.84287e-12 -0.00984287
-9.88074e-12 -0.00988074
-9.91861e-12 -0.00991861
-9.95648e-12 -0.00995648
-9.99435e-12 -0.00999435
-1.00322e-11 -0.0100322
-1.00701e-11 -0.0100701
-1.0108e-11 -0.010108
-1.01458e-11 -0.0101458
-1.01837e-11 -0.0101837
-1.02216e-11 -0.0102216
-1.02594e-11 -0.0102594
-1.02973e-11 -0.0102973
-1.03352e-11 -0.0103352
-1.03731e-11 -0.0103731
-1.04109e-11 -0.0104109
-1.04488e-11 -0.0104488
-1.04867e-11 -0.0104867
-1.05245e-11 -0.0105245
-1.05624e-11 -0.0105624
-1.06003e-11 -0.0106003
-1.06381e-11 -0.0106381
-1.0676e-11 -0.010676
-1.07139e-11 -0.0107139
-1.07518e-11 -0.0107518
-1.07896e-11 -0.0107896
-1.08275e-11 -0.0108275
-1.08654e-11 -0.0108654
-1.09032e-11 -0.0109032
-1.09411e-11 -0.0109411
-1.0979e-11 -0.010979
-1.10169e-11 -0.0110169
-1.10547e-11 -0.0110547
-1.10926e-11 -0.0110926
-1.11305e-11 -0.0111305
-1.11683e-11 -0.0111683
-1.12062e-11 -0.0112062
-1.12441e-11 -0.0112441
-1.1282e-11 -0.011282
-1.13198e-11 -0.0113198
-1.13577e-11 -0.0113577
-1.13956e-11 -0.0113956
-1.14334e-11 -0.0114334
-1.14713e-11 -0.0114713
-1.15092e-11 -0.0115092
-1.15471e-11 -0.0115471
-1.15849e-11 -0.0115849
-1.16228e-11 -0.0116228
-1.16607e-11 -0.0116607
-1.16985e-11 -0.0116985
-1.17364e-11 -0.0117364
-1.17743e-11 -0.0117743
-1.18122e-11 -0.0118122
-1.185e-11 -0.01185
-1.18879e-11 -0.0118879
-1.19258e-11 -0.0119258
-1.19636e-11 -0.0119636
-1.20015e-11 -0.0120015
-1.20394e-11 -0.0120394
-1.20773e-11 -0.0120773
-1.21151e-11 -0.0121151
-1.2153e-11 -0.012153
-1.21909e-11 -0.0121909
-1.22287e-11 -0.0122287
-1.22666e-11 -0.0122666
-1.23045e-11 -0.0123045
-1.23424e-11 -0.0123424
-1.23802e-11 -0.0123802
-1.24181e-11 -0.0124181
-1.2456e-11 -0.012456
-1.24938e-11 -0.0124938
-1.25317e-11 -0.0125317
-1.25696e-11 -0.0125696
-1.26075e-11 -0.0126075
-1.26453e-11 -0.0126453
-1.26832e-11 -0.0126832
-1.27211e-11 -0.0127211
-1.27589e-11 -0.0127589
-1.27968e-11 -0.0127968
-1.28347e-11 -0.0128347
-1.28726e-11 -0.0128726
-1.29104e-11 -0.0129104
-1.29483e-11 -0.0129483
-1.29862e-11 -0.0129862
-1.3024e-11 -0.013024
-1.30619e-11 -0.0130619
-1.30998e-11 -0.0130998
-1.31377e-11 -0.0131377
-1.31755e-11 -0.0131755
-1.32134e-11 -0.0132134
-1.32513e-11 -0.0132513
-1.32892e-11 -0.0132892
-1.3327e-11 -0.013327
-1.33649e-11 -0.0133649
-1.34028e-11 -0.0134028
-1.34406e-11 -0.0134406
-1.34785e-11 -0.0134785
-1.35164e-11 -0.0135164
-1.35543e-11 -0.0135543
-1.35921e-11 -0.0135921
-1.363e-11 -0.01363
-1.36679e-11 -0.0136679
-1.37057e-11 -0.0137057
-1.37436e-11 -0.0137436
-1.37815e-11 -0.0137815
-1.38194e-11 -0.0138194
-1.38572e-11 -0.0138572
-1.38951e-11 -0.0138951
-1.3933e-11 -0.013933
-1.39709e-11 -0.0139709
-1.40087e-11 -0.0140087
-1.40466e-11 -0.0140466
-1.40845e-11 -0.0140845
-1.41223e-11 -0.0141223
-1.41602e-11 -0.0141602
-1.41981e-11 -0.0141981
-1.4236e-11 -0.014236
-1.42738e-11 -0.0142738
-1.43117e-11 -0.0143117
-1.43496e-11 -0.0143496
-1.43875e-11 -0.0143875
-1.44253e-11 -0.0144253
-1.44632e-11 -0.0144632
-1.45011e-11 -0.0145011
-1.45389e-11 -0.0145389
-1.45768e-11 -0.0145768
-1.46147e-11 -0.0146147
-1.46526e-11 -0.0146526
-1.46904e-11 -0.0146904
-1.47283e-11 -0.0147283
-1.47662e-11 -0.0147662
-1.48041e-11 -0.0148041
-1.48419e-11 -0.0148419
-1.48798e-11 -0.0148798
-1.49177e-11 -0.0149177
-1.49555e-11 -0.0149555
-1.49934e-11 -0.0149934
-1.50313e-11 -0.0150313
-1.50692e-11 -0.0150692
-1.5107e-11 -0.015107
-1.51449e-11 -0.0151449
-1.51828e-11 -0.0151828
-1.52207e-11 -0.0152207
-1.52585e-11 -0.0152585
-1.52964e-11 -0.0152964
-1.53343e-11 -0.0153343
-1.53721e-11 -0.0153721
-1.541e-11 -0.01541
-1.54479e-11 -0.0154479
-1.54858e-11 -0.0154858
-1.55236e-11 -0.0155236
-1.55615e-11 -0.0155615
-1.55994e-11 -0.0155994
-1.56373e-11 -0.0156373
-1.56751e-11 -0.0156751
-1.5713e-11 -0.015713
-1.57509e-11 -0.0157509
-1.57888e-11 -0.0157888
-1.58266e-11 -0.0158266
-1.58645e-11 -0.0158645
-1.59024e-11 -0.0159024
-1.59402e-11 -0.0159402
-1.59781e-11 -0.0159781
-1.6016e-11 -0.016016
-1.60539e-11 -0.0160539
-1.60917e-11 -0.0160917
-1.61296e-11 -0.0161296
-1.61675e-11 -0.0161675
-1.62054e-11 -0.0162054
-1.62432e-11 -0.0162432
-1.62811e-11 -0.0162811
-1.6319e-11 -0.016319
-1.63569e-11 -0.0163569
-1.63947e-11 -0.0163947
-1.64326e-11 -0.0164326
-1.64705e-11 -0.0164705
-1.65084e-11 -0.0165084
-1.65462e-11 -0.0165462
-1.65841e-11 -0.0165841
-1.6622e-11 -0.016622
-1.66598e-11 -0.0166598
-1.66977e-11 -0.0166977
-1.67356e-11 -0.0167356
-1.67735e-11 -0.0167735
-1.68113e-11 -0.0168113
-1.68492e-11 -0.0168492
-1.68871e-11 -0.0168871
-1.6925e-11 -0.016925
-1.69628e-11 -0.0169628
-1.70007e-11 -0.0170007
-1.70386e-11 -0.0170386
-1.70765e-11 -0.0170765
-1.71143e-11 -0.0171143
-1.71522e-11 -0.0171522
-1.71901e-11 -0.0171901
-1.7228e-11 -0.017228
-1.72658e-11 -0.0172658
-1.73037e-11 -0.0173037
-1.73416e-11 -0.0173416
-1.73795e-11 -0.0173795
-1.74173e-11 -0.0174173
-1.74552e-11 -0.0174552
-1.74931e-11 -0.0174931
-1.7531e-11 -0.017531
-1.75688e-11 -0.0175688
-1.76067e-11 -0.0176067
-1.76446e-11 -0.0176446
-1.76825e-11 -0.0176825
-1.77203e-11 -0.0177203
-1.77582e-11 -0.0177582
-1.77961e-11 -0.0177961
-1.78339e-11 -0.0178339
-1.78718e-11 -0.0178718
-1.79097e-11 -0.0179097
-1.79476e-11 -0.0179476
-1.79854e-11 -0.0179854
-1.80233e-11 -0.0180233
-1.80612e-11 -0.0180612
-1.80991e-11 -0.0180991
-1.81369e-11 -0.0181369
-1.81748e-11 -0.0181748
-1.82127e-11 -0.0182127
-1.82506e-11 -0.0182506
-1.82884e-11 -0.0182884
-1.83263e-11 -0.0183263
-1.83642e-11 -0.0183642
-1.84021e-11 -0.0184021
-1.84399e-11 -0.0184399
-1.84778e-11 -0.0184778
-1.85157e-11 -0.0185157
-1.85536e-11 -0.0185536
-1.85914e-11 -0.0185914
-1.86293e-11 -0.0186293
-1.86672e-11 -0.0186672
-1.87051e-11 -0.0187051
-1.87429e-11 -0.0187429
-1.87808e-11 -0.0187808
-1.88187e-11 -0.0188187
-1.88566e-11 -0.0188566
-1.88944e-11 -0.0188944
-1.89323e-11 -0.0189323
-1.89702e-11 -0.0189702
-1.90081e-11 -0.0190081
-1.90459e-11 -0.0190459
-1.90838e-11 -0.0190838
-1.91217e-11 -0.0191217
-1.91596e-11 -0.0191596
-1.91974e-11 -0.0191974
-1.92353e-11 -0.0192353
-1.92732e-11 -0.0192732
-1.93111e-11 -0.0193111
-1.93489e-11 -0.0193489
-1.93868e-11 -0.0193868
-1.94247e-11 -0.0194247
-1.94626e-11 -0.0194626
-1.95004e-11 -0.0195004
-1.95383e-11 -0.0195383
-1.95762e-11 -0.0195762
-1.96141e-11 -0.0196141
-1.96519e-11 -0.0196519
-1.96898e-11 -0.0196898
-1.97277e-11 -0.0197277
-1.97656e-11 -0.0197656
-1.98034e-11 -0.0198034
-1.98413e-11 -0.0198413
-1.98792e-11 -0.0198792
-1.99171e-11 -0.0199171
-1.99549e-11 -0.0199549
-1.99928e-11 -0.0199928
-2.00307e-11 -0.0200307
-2.00686e-11 -0.0200686
-2.01065e-11 -0.0201065
-2.01443e-11 -0.0201443
-2.01822e-11 -0.0201822
-2.02201e-11 -0.0202201
-2.0258e-11 -0.020258
-2.02958e-11 -0.0202958
-2.03337e-11 -0.0203337
-2.03716e-11 -0.0203716
-2.04095e-11 -0.0204095
-2.04473e-11 -0.0204473
-2.04852e-11 -0.0204852
-2.05231e-11 -0.0205231
-2.0561e-11 -0.020561
-2.05988e-11 -0.0205988
-2.06367e-11 -0.0206367
-2.06746e-11 -0.0206746
-2.07125e-11 -0.0207125
-2.07503e-11 -0.0207503
-2.07882e-11 -0.0207882
-2.08261e-11 -0.0208261
-2.0864e-11 -0.020864
-2.09018e-11 -0.0209018
-2.09397e-11 -0.0209397
-2.09776e-11 -0.0209776
-2.10155e-11 -0.0210155
-2.10533e-11 -0.0210533
-2.10912e-11 -0.0210912
-2.11291e-11 -0.0211291
-2.1167e-11 -0.021167
-2.12049e-11 -0.0212049
-2.12427e-11 -0.0212427
-2.12806e-11 -0.0212806
-2.13185e-11 -0.0213185
-2.13564e-11 -0.0213564
-2.13942e-11 -0.0213942
-2.14321e-11 -0.0214321
-2.147e-11 -0.02147
-2.15079e-11 -0.0215079
-2.15457e-11 -0.0215457
-2.15836e-11 -0.0215836
-2.16215e-11 -0.0216215
-2.16594e-11 -0.0216594
-2.16972e-11 -0.0216972
-2.17351e-11 -0.0217351
-2.1773e-11 -0.021773
-2.18109e-11 -0.0218109
-2.18488e-11 -0.0218488
-2.18866e-11 -0.0218866
-2.19245e-11 -0.0219245
-2.19624e-11 -0.0219624
-2.20003e-11 -0.0220003
-2.20381e-11 -0.0220381
-2.2076e-11 -0.022076
-2.21139e-11 -0.0221139
-2.21518e-11 -0.0221518
-2.21896e-11 -0.0221896
-2.22275e-11 -0.0222275
-2.22654e-11 -0.0222654
-2.23033e-11 -0.0223033
-2.23411e-11 -0.0223411
-2.2379e-11 -0.022379
-2.24169e-11 -0.0224169
-2.24548e-11 -0.0224548
-2.24927e-11 -0.0224927
-2.25305e-11 -0.0225305
-2.25684e-11 -0.0225684
-2.26063e-11 -0.0226063
-2.26442e-11 -0.0226442
-2.2682e-11 -0.022682
-2.27199e-11 -0.0227199
-2.27578e-11 -0.0227578
-2.27957e-11 -0.0227957
-2.28335e-11 -0.0228335
-2.28714e-11 -0.0228714
-2.29093e-11 -0.0229093
-2.29472e-11 -0.0229472
-2.29851e-11 -0.0229851
-2.30229e-11 -0.0230229
-2.30608e-11 -0.0230608
-2.30987e-11 -0.0230987
-2.31366e-11 -0.0231366
-2.31744e-11 -0.0231744
-2.32123e-11 -0.0232123
-2.32502e-11 -0.0232502
-2.32881e-11 -0.0232881
-2.3326e-11 -0.023326
-2.33638e-11 -0.0233638
-2.34017e-11 -0.0234017
-2.34396e-11 -0.0234396
-2.34775e-11 -0.0234775
-2.35153e-11 -0.0235153
-2.35532e-11 -0.0235532
-2.35911e-11 -0.0235911
-2.3629e-11 -0.023629
-2.36668e-11 -0.0236668
-2.37047e-11 -0.0237047
-2.37426e-11 -0.0237426
-2.37805e-11 -0.0237805
-2.38184e-11 -0.0238184
-2.38562e-11 -0.0238562
-2.38941e-11 -0.0238941
-2.3932e-11 -0.023932
-2.39699e-11 -0.0239699
-2.40077e-11 -0.0240077
-2.40456e-11 -0.0240456
-2.40835e-11 -0.0240835
-2.41214e-11 -0.0241214
-2.41593e-11 -0.0241593
-2.41971e-11 -0.0241971
-2.4235e-11 -0.024235
-2.42729e-11 -0.0242729
-2.43108e-11 -0.0243108
-2.43486e-11 -0.0243486
-2.43865e-11 -0.0243865
-2.44244e-11 -0.0244244
-2.44623e-11 -0.0244623
-2.45002e-11 -0.0245002
-2.4538e-11 -0.024538
-2.45759e-11 -0.0245759
-2.46138e-11 -0.0246138
-2.46517e-11 -0.0246517
-2.46895e-11 -0.0246895
-2.47274e-11 -0.0247274
-2.47653e-11 -0.0247653
-2.48032e-11 -0.0248032
-2.48411e-11 -0.0248411
-2.48789e-11 -0.0248789
-2.49168e-11 -0.0249168
-2.49547e-11 -0.0249547
-2.49926e-11 -0.0249926
-2.50304e-11 -0.0250304
-2.50683e-11 -0.0250683
-2.51062e-11 -0.0251062
-2.51441e-11 -0.0251441
-2.5182e-11 -0.025182
-2.52198e-11 -0.0252198
-2.52577e-11 -0.0252577
-2.52956e-11 -0.0252956
-2.53335e-11 -0.0253335
-2.53714e-11 -0.0253714
-2.54092e-11 -0.0254092
-2.54471e-11 -0.0254471
-2.5485e-11 -0.025485
-2.55229e-11 -0.0255229
-2.55607e-11 -0.0255607
-2.55986e-11 -0.0255986
-2.56365e-11 -0.0256365
-2.56744e-11 -0.0256744
-2.57123e-11 -0.0257123
-2.57501e-11 -0.0257501
-2.5788e-11 -0.025788
-2.58259e-11 -0.0258259
-2.58638e-11 -0.0258638
-2.59017e-11 -0.0259017
-2.59395e-11 -0.0259395
-2.59774e-11 -0.0259774
-2.60153e-11 -0.0260153
-2.60532e-11 -0.0260532
-2.6091e-11 -0.026091
-2.61289e-11 -0.0261289
-2.61668e-11 -0.0261668
-2.62047e-11 -0.0262047
-2.62426e-11 -0.0262426
-2.62804e-11 -0.0262804
-2.63183e-11 -0.0263183
-2.63562e-11 -0.0263562
-2.63941e-11 -0.0263941
-2.6432e-11 -0.026432
-2.64698e-11 -0.0264698
-2.65077e-11 -0.0265077
-2.65456e-11 -0.0265456
-2.65835e-11 -0.0265835
-2.66213e-11 -0.0266213
-2.66592e-11 -0.0266592
-2.66971e-11 -0.0266971
-2.6735e-11 -0.026735
-2.67729e-11 -0.0267729
-2.68107e-11 -0.0268107
-2.68486e-11 -0.0268486
-2.68865e-11 -0.0268865
-2.69244e-11 -0.0269244
-2.69623e-11 -0.0269623
-2.70001e-11 -0.0270001
-2.7038e-11 -0.027038
-2.70759e-11 -0.0270759
-2.71138e-11 -0.0271138
-2.71517e-11 -0.0271517
-2.71895e-11 -0.0271895
-2.72274e-11 -0.0272274
-2.72653e-11 -0.0272653
-2.73032e-11 -0.0273032
-2.73411e-11 -0.0273411
-2.73789e-11 -0.0273789
-2.74168e-11 -0.0274168
-2.74547e-11 -0.0274547
-2.74926e-11 -0.0274926
-2.75304e-11 -0.0275304
-2.75683e-11 -0.0275683
-2.76062e-11 -0.0276062
-2.76441e-11 -0.0276441
-2.7682e-11 -0.027682
-2.77198e-11 -0.0277198
-2.77577e-11 -0.0277577
-2.77956e-11 -0.0277956
-2.78335e-11 -0.0278335
-2.78714e-11 -0.0278714
-2.79092e-11 -0.0279092
-2.79471e-11 -0.0279471
-2.7985e-11 -0.027985
-2.80229e-11 -0.0280229
-2.80608e-11 -0.0280608
-2.80986e-11 -0.0280986
-2.81365e-11 -0.0281365
-2.81744e-11 -0.0281744
-2.82123e-11 -0.0282123
-2.82502e-11 -0.0282502
-2.8288e-11 -0.028288
-2.83259e-11 -0.0283259
-2.83638e-11 -0.0283638
-2.84017e-11 -0.0284017
-2.84396e-11 -0.0284396
-2.84774e-11 -0.0284774
-2.85153e-11 -0.0285153
-2.85532e-11 -0.0285532
-2.85911e-11 -0.0285911
-2.8629e-11 -0.028629
-2.86668e-11 -0.0286668
-2.87047e-11 -0.0287047
-2.87426e-11 -0.0287426
-2.87805e-11 -0.0287805
-2.88184e-11 -0.0288184
-2.88562e-11 -0.0288562
-2.88941e-11 -0.0288941
-2.8932e-11 -0.028932
-2.89699e-11 -0.0289699
-2.90078e-11 -0.0290078
-2.90456e-11 -0.0290456
-2.90835e-11 -0.0290835
-2.91214e-11 -0.0291214
-2.91593e-11 -0.0291593
-2.91972e-11 -0.0291972
-2.9235e-11 -0.029235
-2.92729e-11 -0.0292729
-2.93108e-11 -0.0293108
-2.93487e-11 -0.0293487
-2.93866e-11 -0.0293866
-2.94244e-11 -0.0294244
-2.94623e-11 -0.0294623
-2.95002e-11 -0.0295002
-2.95381e-11 -0.0295381
-2.9576e-11 -0.029576
-2.96138e-11 -0.0296138
-2.96517e-11 -0.0296517
-2.96896e-11 -0.0296896
-2.97275e-11 -0.0297275
-2.97654e-11 -0.0297654
-2.98032e-11 -0.0298032
-2.98411e-11 -0.0298411
-2.9879e-11 -0.029879
-2.99169e-11 -0.0299169
-2.99548e-11 -0.0299548
-2.99927e-11 -0.0299927
-3.00305e-11 -0.0300305
-3.00684e-11 -0.0300684
-3.01063e-11 -0.0301063
-3.01442e-11 -0.0301442
-3.01821e-11 -0.0301821
-3.02199e-11 -0.0302199
-3.02578e-11 -0.0302578
-3.02957e-11 -0.0302957
-3.03336e-11 -0.0303336
-3.03715e-11 -0.0303715
-3.04093e-11 -0.0304093
-3.04472e-11 -0.0304472
-3.04851e-11 -0.0304851
-3.0523e-11 -0.030523
-3.05609e-11 -0.0305609
-3.05987e-11 -0.0305987
-3.06366e-11 -0.0306366
-3.06745e-11 -0.0306745
-3.07124e-11 -0.0307124
-3.07503e-11 -0.0307503
-3.07882e-11 -0.0307882
-3.0826e-11 -0.030826
-3.08639e-11 -0.0308639
-3.09018e-11 -0.0309018
-3.09397e-11 -0.0309397
-3.09776e-11 -0.0309776
-3.10154e-11 -0.0310154
-3.10533e-11 -0.0310533
-3.10912e-11 -0.0310912
-3.11291e-11 -0.0311291
-3.1167e-11 -0.031167
-3.12048e-11 -0.0312048
-3.12427e-11 -0.0312427
-3.12806e-11 -0.0312806
-3.13185e-11 -0.0313185
-3.13564e-11 -0.0313564
-3.13943e-11 -0.0313943
-3.14321e-11 -0.0314321
-3.147e-11 -0.03147
-3.15079e-11 -0.0315079
-3.15458e-11 -0.0315458
-3.15837e-11 -0.0315837
-3.16215e-11 -0.0316215
-3.16594e-11 -0.0316594
-3.16973e-11 -0.0316973
-3.17352e-11 -0.0317352
-3.17731e-11 -0.0317731
-3.18109e-11 -0.0318109
-3.18488e-11 -0.0318488
-3.18867e-11 -0.0318867
-3.19246e-11 -0.0319246
-3.19625e-11 -0.0319625
-3.20004e-11 -0.0320004
-3.20382e-11 -0.0320382
-3.20761e-11 -0.0320761
-3.2114e-11 -0.032114
-3.21519e-11 -0.0321519
-3.21898e-11 -0.0321898
-3.22276e-11 -0.0322276
-3.22655e-11 -0.0322655
-3.23034e-11 -0.0323034
-3.23413e-11 -0.0323413
-3.23792e-11 -0.0323792
-3.24171e-11 -0.0324171
-3.24541e-11 -0.0324541
-3.24896e-11 -0.0324896
-3.25251e-11 -0.0325251
-3.25606e-11 -0.0325606
-3.25962e-11 -0.0325962
-3.26317e-11 -0.0326317
-3.26672e-11 -0.0326672
-3.27027e-11 -0.0327027
-3.27379e-11 -0.0327379
-3.27727e-11 -0.0327727
-3.28074e-11 -0.0328074
-3.28421e-11 -0.0328421
-3.28769e-11 -0.0328769
-3.29116e-11 -0.0329116
-3.29464e-11 -0.0329464
-3.29811e-11 -0.0329811
-3.30159e-11 -0.0330159
-3.30506e-11 -0.0330506
-3.30853e-11 -0.0330853
-3.31201e-11 -0.0331201
-3.31548e-11 -0.0331548
-3.31896e-11 -0.0331896
-3.32243e-11 -0.0332243
-3.3259e-11 -0.033259
-3.32938e-11 -0.0332938
-3.33285e-11 -0.0333285
-3.33633e-11 -0.0333633
-3.3398e-11 -0.033398
-3.34327e-11 -0.0334327
-3.34675e-11 -0.0334675
-3.35022e-11 -0.0335022
-3.3537e-11 -0.033537
-3.35717e-11 -0.0335717
-3.36065e-11 -0.0336065
-3.36412e-11 -0.0336412
-3.36759e-11 -0.0336759
-3.37107e-11 -0.0337107
-3.37454e-11 -0.0337454
-3.37802e-11 -0.0337802
-3.38149e-11 -0.0338149
-3.38496e-11 -0.0338496
-3.38844e-11 -0.0338844
-3.39191e-11 -0.0339191
-3.39539e-11 -0.0339539
-3.39886e-11 -0.0339886
-3.40233e-11 -0.0340233
-3.40581e-11 -0.0340581
-3.40928e-11 -0.0340928
-3.41276e-11 -0.0341276
-3.41623e-11 -0.0341623
-3.4197e-11 -0.034197
-3.42318e-11 -0.0342318
-3.42665e-11 -0.0342665
-3.43013e-11 -0.0343013
-3.4336e-11 -0.034336
-3.43708e-11 -0.0343708
-3.44055e-11 -0.0344055
-3.44402e-11 -0.0344402
-3.4475e-11 -0.034475
-3.45097e-11 -0.0345097
-3.45445e-11 -0.0345445
-3.45792e-11 -0.0345792
-3.46139e-11 -0.0346139
-3.46487e-11 -0.0346487
-3.46834e-11 -0.0346834
-3.47182e-11 -0.0347182
-3.47529e-11 -0.0347529
-3.47876e-11 -0.0347876
-3.48224e-11 -0.0348224
-3.48571e-11 -0.0348571
-3.48919e-11 -0.0348919
-3.49266e-11 -0.0349266
-3.49614e-11 -0.0349614
-3.49961e-11 -0.0349961
-3.50308e-11 -0.0350308
-3.50656e-11 -0.0350656
-3.51003e-11 -0.0351003
-3.51351e-11 -0.0351351
-3.51698e-11 -0.0351698
-3.52045e-11 -0.0352045
-3.52393e-11 -0.0352393
-3.5274e-11 -0.035274
-3.53088e-11 -0.0353088
-3.53435e-11 -0.0353435
-3.53782e-11 -0.0353782
-3.5413e-11 -0.035413
-3.54477e-11 -0.0354477
-3.54825e-11 -0.0354825
-3.55172e-11 -0.0355172
-3.55519e-11 -0.0355519
-3.55867e-11 -0.0355867
-3.56214e-11 -0.0356214
-3.56562e-11 -0.0356562
-3.56909e-11 -0.0356909
-3.57257e-11 -0.0357257
-3.57604e-11 -0.0357604
-3.57951e-11 -0.0357951
-3.58299e-11 -0.0358299
-3.58646e-11 -0.0358646
-3.58994e-11 -0.0358994
-3.59341e-11 -0.0359341
-3.59688e-11 -0.0359688
-3.60036e-11 -0.0360036
-3.60383e-11 -0.0360383
-3.60731e-11 -0.0360731
-3.61078e-11 -0.0361078
-3.61425e-11 -0.0361425
-3.61773e-11 -0.0361773
-3.6212e-11 -0.036212
-3.62468e-11 -0.0362468
-3.62815e-11 -0.0362815
-3.63162e-11 -0.0363162
-3.6351e-11 -0.036351
-3.63857e-11 -0.0363857
-3.64205e-11 -0.0364205
-3.64552e-11 -0.0364552
-3.64899e-11 -0.0364899
-3.65247e-11 -0.0365247
-3.65594e-11 -0.0365594
-3.65942e-11 -0.0365942
-3.66289e-11 -0.0366289
-3.66637e-11 -0.0366637
-3.66984e-11 -0.0366984
-3.67331e-11 -0.0367331
-3.67679e-11 -0.0367679
-3.68026e-11 -0.0368026
-3.68374e-11 -0.0368374
-3.68721e-11 -0.0368721
-3.69068e-11 -0.0369068
-3.69416e-11 -0.0369416
-3.69763e-11 -0.0369763
-3.70111e-11 -0.0370111
-3.70458e-11 -0.0370458
-3.70805e-11 -0.0370805
-3.71153e-11 -0.0371153
-3.715e-11 -0.03715
-3.71848e-11 -0.0371848
-3.72195e-11 -0.0372195
-3.72542e-11 -0.0372542
-3.7289e-11 -0.037289
-3.73237e-11 -0.0373237
-3.73585e-11 -0.0373585
-3.73932e-11 -0.0373932
-3.7428e-11 -0.037428
-3.74627e-11 -0.0374627
-3.74974e-11 -0.0374974
-3.75322e-11 -0.0375322
-3.75669e-11 -0.0375669
-3.76017e-11 -0.0376017
-3.76364e-11 -0.0376364
-3.76711e-11 -0.0376711
-3.77059e-11 -0.0377059
-3.77406e-11 -0.0377406
-3.77754e-11 -0.0377754
-3.78101e-11 -0.0378101
-3.78448e-11 -0.0378448
-3.78796e-11 -0.0378796
-3.79143e-11 -0.0379143
-3.79491e-11 -0.0379491
-3.79838e-11 -0.0379838
-3.80185e-11 -0.0380185
-3.80533e-11 -0.0380533
-3.8088e-11 -0.038088
-3.81228e-11 -0.0381228
-3.81575e-11 -0.0381575
-3.81922e-11 -0.0381922
-3.8227e-11 -0.038227
-3.82617e-11 -0.0382617
-3.82965e-11 -0.0382965
-3.83312e-11 -0.0383312
-3.8366e-11 -0.038366
-3.84007e-11 -0.0384007
-3.84354e-11 -0.0384354
-3.84702e-11 -0.0384702
-3.85049e-11 -0.0385049
-3.85397e-11 -0.0385397
-3.85744e-11 -0.0385744
-3.86091e-11 -0.0386091
-3.86439e-11 -0.0386439
-3.86786e-11 -0.0386786
-3.87134e-11 -0.0387134
-3.87481e-11 -0.0387481
-3.87828e-11 -0.0387828
-3.88176e-11 -0.0388176
-3.88523e-11 -0.0388523
-3.88871e-11 -0.0388871
-3.89218e-11 -0.0389218
-3.89565e-11 -0.0389565
-3.89913e-11 -0.0389913
-3.9026e-11 -0.039026
-3.90608e-11 -0.0390608
-3.90955e-11 -0.0390955
-3.91302e-11 -0.0391302
-3.9165e-11 -0.039165
-3.91997e-11 -0.0391997
-3.92345e-11 -0.0392345
-3.92692e-11 -0.0392692
-3.93039e-11 -0.0393039
-3.93387e-11 -0.0393387
-3.93734e-11 -0.0393734
-3.94082e-11 -0.0394082
-3.94429e-11 -0.0394429
-3.94777e-11 -0.0394777
-3.95124e-11 -0.0395124
-3.95471e-11 -0.0395471
-3.95819e-11 -0.0395819
-3.96166e-11 -0.0396166
-3.96514e-11 -0.0396514
-3.96861e-11 -0.0396861
-3.97208e-11 -0.0397208
-3.97556e-11 -0.0397556
-3.97903e-11 -0.0397903
-3.98251e-11 -0.0398251
-3.98598e-11 -0.0398598
-3.98945e-11 -0.0398945
-3.99293e-11 -0.0399293
-3.9964e-11 -0.039964
-3.99988e-11 -0.0399988
-4.00335e-11 -0.0400335
-4.00682e-11 -0.0400682
-4.0103e-11 -0.040103
-4.01377e-11 -0.0401377
-4.01725e-11 -0.0401725
-4.02072e-11 -0.0402072
-4.02419e-11 -0.0402419
-4.02767e-11 -0.0402767
-4.03114e-11 -0.0403114
-4.03462e-11 -0.0403462
-4.03809e-11 -0.0403809
-4.04156e-11 -0.0404156
-4.04504e-11 -0.0404504
-4.04851e-11 -0.0404851
-4.05199e-11 -0.0405199
-4.05546e-11 -0.0405546
-4.05894e-11 -0.0405894
-4.06241e-11 -0.0406241
-4.06588e-11 -0.0406588
-4.06936e-11 -0.0406936
-4.07283e-11 -0.0407283
-4.07631e-11 -0.0407631
-4.07978e-11 -0.0407978
-4.08325e-11 -0.0408325
-4.08673e-11 -0.0408673
-4.0902e-11 -0.040902
-4.09368e-11 -0.0409368
-4.09715e-11 -0.0409715
-4.10062e-11 -0.0410062
-4.1041e-11 -0.041041
-4.10757e-11 -0.0410757
-4.11105e-11 -0.0411105
-4.11452e-11 -0.0411452
-4.11799e-11 -0.0411799
-4.12147e-11 -0.0412147
-4.12494e-11 -0.0412494
-4.12842e-11 -0.0412842
-4.13189e-11 -0.0413189
-4.13536e-11 -0.0413536
-4.13884e-11 -0.0413884
-4.14231e-11 -0.0414231
-4.14579e-11 -0.0414579
-4.14926e-11 -0.0414926
-4.15273e-11 -0.0415273
-4.15621e-11 -0.0415621
-4.15968e-11 -0.0415968
-4.16316e-11 -0.0416316
-4.16663e-11 -0.0416663
-4.1701e-11 -0.041701
-4.17358e-11 -0.0417358
-4.17705e-11 -0.0417705
-4.18053e-11 -0.0418053
-4.184e-11 -0.04184
-4.18747e-11 -0.0418747
-4.19095e-11 -0.0419095
-4.19442e-11 -0.0419442
-4.1979e-11 -0.041979
-4.20137e-11 -0.0420137
-4.20485e-11 -0.0420485
-4.20832e-11 -0.0420832
-4.21179e-11 -0.0421179
-4.21527e-11 -0.0421527
-4.21874e-11 -0.0421874
-4.22222e-11 -0.0422222
-4.22569e-11 -0.0422569
-4.22916e-11 -0.0422916
-4.23264e-11 -0.0423264
-4.23611e-11 -0.0423611
-4.23959e-11 -0.0423959
-4.24306e-11 -0.0424306
-4.24653e-11 -0.0424653
-4.25001e-11 -0.0425001
-4.25348e-11 -0.0425348
-4.25696e-11 -0.0425696
-4.26043e-11 -0.0426043
-4.2639e-11 -0.042639
-4.26738e-11 -0.0426738
-4.27085e-11 -0.0427085
-4.27433e-11 -0.0427433
-4.2778e-11 -0.042778
-4.28127e-11 -0.0428127
-4.28475e-11 -0.0428475
-4.28822e-11 -0.0428822
-4.2917e-11 -0.042917
-4.29517e-11 -0.0429517
-4.29864e-11 -0.0429864
-4.30212e-11 -0.0430212
-4.30559e-11 -0.0430559
-4.30907e-11 -0.0430907
-4.31254e-11 -0.0431254
-4.31601e-11 -0.0431601
-4.31949e-11 -0.0431949
-4.32296e-11 -0.0432296
-4.32644e-11 -0.0432644
-4.32991e-11 -0.0432991
-4.33338e-11 -0.0433338
-4.33686e-11 -0.0433686
-4.34033e-11 -0.0434033
-4.34381e-11 -0.0434381
-4.34728e-11 -0.0434728
-4.35075e-11 -0.0435075
-4.35423e-11 -0.0435423
-4.3577e-11 -0.043577
-4.36118e-11 -0.0436118
-4.36465e-11 -0.0436465
-4.36813e-11 -0.0436813
-4.3716e-11 -0.043716
-4.37507e-11 -0.0437507
-4.37855e-11 -0.0437855
-4.38202e-11 -0.0438202
-4.3855e-11 -0.043855
-4.38897e-11 -0.0438897
-4.39244e-11 -0.0439244
-4.39592e-11 -0.0439592
-4.39939e-11 -0.0439939
-4.40287e-11 -0.0440287
-4.40634e-11 -0.0440634
-4.40981e-11 -0.0440981
-4.41329e-11 -0.0441329
-4.41676e-11 -0.0441676
-4.42024e-11 -0.0442024
-4.42371e-11 -0.0442371
-4.42718e-11 -0.0442718
-4.43066e-11 -0.0443066
-4.43413e-11 -0.0443413
-4.43761e-11 -0.0443761
-4.44108e-11 -0.0444108
-4.44455e-11 -0.0444455
-4.44803e-11 -0.0444803
-4.4515e-11 -0.044515
-4.45498e-11 -0.0445498
-4.45845e-11 -0.0445845
-4.46192e-11 -0.0446192
-4.4654e-11 -0.044654
-4.46887e-11 -0.0446887
-4.47235e-11 -0.0447235
-4.47582e-11 -0.0447582
-4.47929e-11 -0.0447929
-4.48277e-11 -0.0448277
-4.48624e-11 -0.0448624
-4.48972e-11 -0.0448972
-4.49319e-11 -0.0449319
-4.49666e-11 -0.0449666
-4.50014e-11 -0.0450014
-4.50361e-11 -0.0450361
-4.50709e-11 -0.0450709
-4.51056e-11 -0.0451056
-4.51403e-11 -0.0451403
-4.51751e-11 -0.0451751
-4.52098e-11 -0.0452098
-4.52446e-11 -0.0452446
-4.52793e-11 -0.0452793
-4.5314e-11 -0.045314
-4.53488e-11 -0.0453488
-4.53835e-11 -0.0453835
-4.54183e-11 -0.0454183
-4.5453e-11 -0.045453
-4.54877e-11 -0.0454877
-4.55225e-11 -0.0455225
-4.55572e-11 -0.0455572
-4.5592e-11 -0.045592
-4.56267e-11 -0.0456267
-4.56614e-11 -0.0456614
-4.56962e-11 -0.0456962
-4.57309e-11 -0.0457309
-4.57657e-11 -0.0457657
-4.58004e-11 -0.0458004
-4.58351e-11 -0.0458351
-4.58699e-11 -0.0458699
-4.59046e-11 -0.0459046
-4.59394e-11 -0.0459394
-4.59741e-11 -0.0459741
-4.60088e-11 -0.0460088
-4.60436e-11 -0.0460436
-4.60783e-11 -0.0460783
-4.61131e-11 -0.0461131
-4.61478e-11 -0.0461478
-4.61825e-11 -0.0461825
-4.62173e-11 -0.0462173
-4.6252e-11 -0.046252
-4.62868e-11 -0.0462868
-4.63215e-11 -0.0463215
-4.63562e-11 -0.0463562
-4.6391e-11 -0.046391
-4.64257e-11 -0.0464257
-4.64605e-11 -0.0464605
-4.64952e-11 -0.0464952
-4.65299e-11 -0.0465299
-4.65647e-11 -0.0465647
-4.65994e-11 -0.0465994
-4.66342e-11 -0.0466342
-4.66689e-11 -0.0466689
-4.67036e-11 -0.0467036
-4.67384e-11 -0.0467384
-4.67731e-11 -0.0467731
-4.68079e-11 -0.0468079
-4.68426e-11 -0.0468426
-4.68774e-11 -0.0468774
-4.69121e-11 -0.0469121
-4.69468e-11 -0.0469468
-4.69816e-11 -0.0469816
-4.70163e-11 -0.0470163
-4.70511e-11 -0.0470511
-4.70858e-11 -0.0470858
-4.71205e-11 -0.0471205
-4.71553e-11 -0.0471553
-4.719e-11 -0.04719
-4.72248e-11 -0.0472248
-4.72595e-11 -0.0472595
-4.72942e-11 -0.0472942
-4.7329e-11 -0.047329
-4.73637e-11 -0.0473637
-4.73985e-11 -0.0473985
-4.74332e-11 -0.0474332
-4.74679e-11 -0.0474679
-4.75027e-11 -0.0475027
-4.75374e-11 -0.0475374
-4.75722e-11 -0.0475722
-4.76069e-11 -0.0476069
-4.76416e-11 -0.0476416
-4.76764e-11 -0.0476764
-4.77111e-11 -0.0477111
-4.77459e-11 -0.0477459
-4.77806e-11 -0.0477806
-4.78153e-11 -0.0478153
-4.78501e-11 -0.0478501
-4.78848e-11 -0.0478848
-4.79196e-11 -0.0479196
-4.79543e-11 -0.0479543
-4.7989e-11 -0.047989
-4.80238e-11 -0.0480238
-4.80585e-11 -0.0480585
-4.80933e-11 -0.0480933
-4.8128e-11 -0.048128
-4.81627e-11 -0.0481627
-4.81975e-11 -0.0481975
-4.82322e-11 -0.0482322
-4.8267e-11 -0.048267
-4.83017e-11 -0.0483017
-4.83364e-11 -0.0483364
-4.83712e-11 -0.0483712
-4.84059e-11 -0.0484059
-4.84407e-11 -0.0484407
-4.84754e-11 -0.0484754
-4.85101e-11 -0.0485101
-4.85449e-11 -0.0485449
-4.85796e-11 -0.0485796
-4.86144e-11 -0.0486144
-4.86491e-11 -0.0486491
-4.86838e-11 -0.0486838
-4.87186e-11 -0.0487186
-4.87533e-11 -0.0487533
-4.87881e-11 -0.0487881
-4.88228e-11 -0.0488228
-4.88575e-11 -0.0488575
-4.88923e-11 -0.0488923
-4.8927e-11 -0.048927
-4.89618e-11 -0.0489618
-4.89965e-11 -0.0489965
-4.90312e-11 -0.0490312
-4.9066e-11 -0.049066
-4.91007e-11 -0.0491007
-4.91355e-11 -0.0491355
-4.91702e-11 -0.0491702
-4.92049e-11 -0.0492049
-4.92397e-11 -0.0492397
-4.92744e-11 -0.0492744
-4.93092e-11 -0.0493092
-4.93439e-11 -0.0493439
-4.93786e-11 -0.0493786
-4.94134e-11 -0.0494134
-4.94481e-11 -0.0494481
-4.94829e-11 -0.0494829
-4.95176e-11 -0.0495176
-4.95523e-11 -0.0495523
-4.95871e-11 -0.0495871
-4.96218e-11 -0.0496218
-4.96566e-11 -0.0496566
-4.96913e-11 -0.0496913
-4.9726e-11 -0.049726
-4.97608e-11 -0.0497608
-4.97955e-11 -0.0497955
-4.98302e-11 -0.0498302
-4.9865e-11 -0.049865
-4.98997e-11 -0.0498997
-4.99345e-11 -0.0499345
-4.99692e-11 -0.0499692
-5.00039e-11 -0.0500039
-5.00387e-11 -0.0500387
-5.00734e-11 -0.0500734
-5.01082e-11 -0.0501082
-5.01429e-11 -0.0501429
-5.01776e-11 -0.0501776
-5.02124e-11 -0.0502124
-5.02471e-11 -0.0502471
-5.02819e-11 -0.0502819
-5.03166e-11 -0.0503166
-5.03513e-11 -0.0503513
-5.03861e-11 -0.0503861
-5.04208e-11 -0.0504208
-5.04556e-11 -0.0504556
-5.04903e-11 -0.0504903
-5.0525e-11 -0.050525
-5.05598e-11 -0.0505598
-5.05945e-11 -0.0505945
-5.06293e-11 -0.0506293
-5.0664e-11 -0.050664
-5.06987e-11 -0.0506987
-5.07335e-11 -0.0507335
-5.07682e-11 -0.0507682
-5.0803e-11 -0.050803
-5.08377e-11 -0.0508377
-5.08724e-11 -0.0508724
-5.09072e-11 -0.0509072
-5.09419e-11 -0.0509419
-5.09767e-11 -0.0509767
-5.10114e-11 -0.0510114
-5.10461e-11 -0.0510461
-5.10809e-11 -0.0510809
-5.11156e-11 -0.0511156
-5.11504e-11 -0.0511504
-5.11851e-11 -0.0511851
-5.12198e-11 -0.0512198
-5.12546e-11 -0.0512546
-5.12893e-11 -0.0512893
-5.13241e-11 -0.0513241
-5.13588e-11 -0.0513588
-5.13935e-11 -0.0513935
-5.14283e-11 -0.0514283
-5.1463e-11 -0.051463
-5.14978e-11 -0.0514978
-5.15325e-11 -0.0515325
-5.15672e-11 -0.0515672
-5.1602e-11 -0.051602
-5.16367e-11 -0.0516367
-5.16715e-11 -0.0516715
-5.17062e-11 -0.0517062
-5.17409e-11 -0.0517409
-5.17757e-11 -0.0517757
-5.18104e-11 -0.0518104
-5.18452e-11 -0.0518452
-5.18799e-11 -0.0518799
-5.19146e-11 -0.0519146
-5.19494e-11 -0.0519494
-5.19841e-11 -0.0519841
-5.20189e-11 -0.0520189
-5.20536e-11 -0.0520536
-5.20883e-11 -0.0520883
-5.21231e-11 -0.0521231
-5.21578e-11 -0.0521578
-5.21926e-11 -0.0521926
-5.22273e-11 -0.0522273
-5.2262e-11 -0.052262
-5.22968e-11 -0.0522968
-5.23315e-11 -0.0523315
-5.23663e-11 -0.0523663
-5.2401e-11 -0.052401
-5.24357e-11 -0.0524357
-5.24705e-11 -0.0524705
-5.25052e-11 -0.0525052
-5.254e-11 -0.05254
-5.25747e-11 -0.0525747
-5.26094e-11 -0.0526094
-5.26442e-11 -0.0526442
-5.26789e-11 -0.0526789
-5.27137e-11 -0.0527137
-5.27484e-11 -0.0527484
-5.27831e-11 -0.0527831
-5.28179e-11 -0.0528179
-5.28526e-11 -0.0528526
-5.28874e-11 -0.0528874
-5.29221e-11 -0.0529221
-5.29568e-11 -0.0529568
-5.29916e-11 -0.0529916
-5.30263e-11 -0.0530263
-5.3061e-11 -0.053061
-5.30958e-11 -0.0530958
-5.31305e-11 -0.0531305
-5.31653e-11 -0.0531653
-5.32e-11 -0.0532
-5.32347e-11 -0.0532347
-5.32695e-11 -0.0532695
-5.33042e-11 -0.0533042
-5.3339e-11 -0.053339
-5.33737e-11 -0.0533737
-5.34084e-11 -0.0534084
-5.34432e-11 -0.0534432
-5.34779e-11 -0.0534779
-5.35127e-11 -0.0535127
-5.35474e-11 -0.0535474
-5.35821e-11 -0.0535821
-5.36169e-11 -0.0536169
-5.36516e-11 -0.0536516
-5.36864e-11 -0.0536864
-5.37211e-11 -0.0537211
-5.37558e-11 -0.0537558
-5.37906e-11 -0.0537906
-5.38253e-11 -0.0538253
-5.38601e-11 -0.0538601
-5.38948e-11 -0.0538948
-5.39295e-11 -0.0539295
-5.39643e-11 -0.0539643
-5.3999e-11 -0.053999
-5.40338e-11 -0.0540338
-5.40685e-11 -0.0540685
-5.41032e-11 -0.0541032
-5.4138e-11 -0.054138
-5.41727e-11 -0.0541727
-5.42075e-11 -0.0542075
-5.42422e-11 -0.0542422
-5.42769e-11 -0.0542769
-5.43117e-11 -0.0543117
-5.43464e-11 -0.0543464
-5.43812e-11 -0.0543812
-5.44159e-11 -0.0544159
-5.44506e-11 -0.0544506
-5.44854e-11 -0.0544854
-5.45201e-11 -0.0545201
-5.45549e-11 -0.0545549
-5.45896e-11 -0.0545896
-5.46243e-11 -0.0546243
-5.46591e-11 -0.0546591
-5.46938e-11 -0.0546938
-5.47285e-11 -0.0547285
-5.47633e-11 -0.0547633
-5.4798e-11 -0.054798
-5.48328e-11 -0.0548328
-5.48675e-11 -0.0548675
-5.49022e-11 -0.0549022
-5.4937e-11 -0.054937
-5.49717e-11 -0.0549717
-5.50065e-11 -0.0550065
-5.50412e-11 -0.0550412
-5.50759e-11 -0.0550759
-5.51107e-11 -0.0551107
-5.51454e-11 -0.0551454
-5.51802e-11 -0.0551802
-5.52149e-11 -0.0552149
-5.52496e-11 -0.0552496
-5.52844e-11 -0.0552844
-5.53191e-11 -0.0553191
-5.53539e-11 -0.0553539
-5.53886e-11 -0.0553886
-5.54233e-11 -0.0554233
-5.54581e-11 -0.0554581
-5.54928e-11 -0.0554928
-5.55276e-11 -0.0555276
-5.55623e-11 -0.0555623
-5.5597e-11 -0.055597
-5.56318e-11 -0.0556318
-5.56665e-11 -0.0556665
-5.57013e-11 -0.0557013
-5.5736e-11 -0.055736
-5.57707e-11 -0.0557707
-5.58055e-11 -0.0558055
-5.58402e-11 -0.0558402
-5.5875e-11 -0.055875
-5.59097e-11 -0.0559097
-5.59444e-11 -0.0559444
-5.59792e-11 -0.0559792
-5.60139e-11 -0.0560139
-5.60487e-11 -0.0560487
-5.60834e-11 -0.0560834
-5.61181e-11 -0.0561181
-5.61529e-11 -0.0561529
-5.61876e-11 -0.0561876
-5.62223e-11 -0.0562223
-5.62571e-11 -0.0562571
-5.62918e-11 -0.0562918
-5.63266e-11 -0.0563266
-5.63613e-11 -0.0563613
-5.6396e-11 -0.056396
-5.64308e-11 -0.0564308
-5.64655e-11 -0.0564655
-5.65003e-11 -0.0565003
-5.6535e-11 -0.056535
-5.65697e-11 -0.0565697
-5.66045e-11 -0.0566045
-5.66392e-11 -0.0566392
-5.6674e-11 -0.056674
-5.67087e-11 -0.0567087
-5.67434e-11 -0.0567434
-5.67782e-11 -0.0567782
-5.68129e-11 -0.0568129
-5.68477e-11 -0.0568477
-5.68824e-11 -0.0568824
-5.69171e-11 -0.0569171
-5.69519e-11 -0.0569519
-5.69866e-11 -0.0569866
-5.70214e-11 -0.0570214
-5.70561e-11 -0.0570561
-5.70908e-11 -0.0570908
-5.71256e-11 -0.0571256
-5.71603e-11 -0.0571603
-5.71951e-11 -0.0571951
-5.72298e-11 -0.0572298
-5.72645e-11 -0.0572645
-5.72993e-11 -0.0572993
-5.7334e-11 -0.057334
-5.73687e-11 -0.0573687
-5.74035e-11 -0.0574035
-5.74382e-11 -0.0574382
-5.7473e-11 -0.057473
-5.75077e-11 -0.0575077
-5.75424e-11 -0.0575424
-5.75772e-11 -0.0575772
-5.76119e-11 -0.0576119
-5.76467e-11 -0.0576467
-5.76814e-11 -0.0576814
-5.77161e-11 -0.0577161
-5.77509e-11 -0.0577509
-5.77856e-11 -0.0577856
-5.78204e-11 -0.0578204
-5.78551e-11 -0.0578551
-5.78898e-11 -0.0578898
-5.79246e-11 -0.0579246
-5.79593e-11 -0.0579593
-5.79941e-11 -0.0579941
-5.80288e-11 -0.0580288
-5.80635e-11 -0.0580635
-5.80983e-11 -0.0580983
-5.8133e-11 -0.058133
-5.81678e-11 -0.0581678
-5.82025e-11 -0.0582025
-5.82372e-11 -0.0582372
-5.8272e-11 -0.058272
-5.83067e-11 -0.0583067
-5.83414e-11 -0.0583414
-5.83762e-11 -0.0583762
-5.84109e-11 -0.0584109
-5.84457e-11 -0.0584457
-5.84804e-11 -0.0584804
-5.85151e-11 -0.0585151
-5.85499e-11 -0.0585499
-5.85846e-11 -0.0585846
-5.86194e-11 -0.0586194
-5.86541e-11 -0.0586541
-5.86888e-11 -0.0586888
-5.87236e-11 -0.0587236
-5.87583e-11 -0.0587583
-5.87931e-11 -0.0587931
-5.88278e-11 -0.0588278
-5.88625e-11 -0.0588625
-5.88973e-11 -0.0588973
-5.8932e-11 -0.058932
-5.89668e-11 -0.0589668
-5.90015e-11 -0.0590015
-5.90362e-11 -0.0590362
-5.9071e-11 -0.059071
-5.91057e-11 -0.0591057
-5.91405e-11 -0.0591405
-5.91752e-11 -0.0591752
-5.92099e-11 -0.0592099
-5.92447e-11 -0.0592447
-5.92794e-11 -0.0592794
-5.93141e-11 -0.0593141
-5.93489e-11 -0.0593489
-5.93836e-11 -0.0593836
-5.94184e-11 -0.0594184
-5.94531e-11 -0.0594531
-5.94878e-11 -0.0594878
-5.95226e-11 -0.0595226
-5.95573e-11 -0.0595573
-5.95921e-11 -0.0595921
-5.96268e-11 -0.0596268
-5.96615e-11 -0.0596615
-5.96963e-11 -0.0596963
-5.9731e-11 -0.059731
-5.97658e-11 -0.0597658
-5.98005e-11 -0.0598005
-5.98352e-11 -0.0598352
-5.987e-11 -0.05987
-5.99047e-11 -0.0599047
-5.99395e-11 -0.0599395
-5.99742e-11 -0.0599742
-6.00089e-11 -0.0600089
-6.00437e-11 -0.0600437
-6.00784e-11 -0.0600784
-6.01131e-11 -0.0601131
-6.01479e-11 -0.0601479
-6.01826e-11 -0.0601826
-6.02174e-11 -0.0602174
-6.02521e-11 -0.0602521
-6.02868e-11 -0.0602868
-6.03216e-11 -0.0603216
-6.03563e-11 -0.0603563
-6.03911e-11 -0.0603911
-6.04258e-11 -0.0604258
-6.04605e-11 -0.0604605
-6.04953e-11 -0.0604953
-6.053e-11 -0.06053
-6.05648e-11 -0.0605648
-6.05995e-11 -0.0605995
-6.06342e-11 -0.0606342
-6.0669e-11 -0.060669
-6.07037e-11 -0.0607037
-6.07385e-11 -0.0607385
-6.07732e-11 -0.0607732
-6.08079e-11 -0.0608079
-6.08427e-11 -0.0608427
-6.08774e-11 -0.0608774
-6.09121e-11 -0.0609121
-6.09469e-11 -0.0609469
-6.09816e-11 -0.0609816
-6.10164e-11 -0.0610164
-6.10511e-11 -0.0610511
-6.10858e-11 -0.0610858
-6.11206e-11 -0.0611206
-6.11553e-11 -0.0611553
-6.11901e-11 -0.0611901
-6.12248e-11 -0.0612248
-6.12595e-11 -0.0612595
-6.12943e-11 -0.0612943
-6.1329e-11 -0.061329
-6.13638e-11 -0.0613638
-6.13985e-11 -0.0613985
-6.14332e-11 -0.0614332
-6.1468e-11 -0.061468
-6.15027e-11 -0.0615027
-6.15375e-11 -0.0615375
-6.15722e-11 -0.0615722
-6.16069e-11 -0.0616069
-6.16417e-11 -0.0616417
-6.16764e-11 -0.0616764
-6.17111e-11 -0.0617111
-6.17459e-11 -0.0617459
-6.17806e-11 -0.0617806
-6.18154e-11 -0.0618154
-6.18501e-11 -0.0618501
-6.18848e-11 -0.0618848
-6.19196e-11 -0.0619196
-6.19543e-11 -0.0619543
-6.19891e-11 -0.0619891
-6.20238e-11 -0.0620238
-6.20585e-11 -0.0620585
-6.20933e-11 -0.0620933
-6.2128e-11 -0.062128
-6.21628e-11 -0.0621628
-6.21975e-11 -0.0621975
-6.22322e-11 -0.0622322
-6.2267e-11 -0.062267
-6.23017e-11 -0.0623017
-6.23365e-11 -0.0623365
-6.23712e-11 -0.0623712
-6.24059e-11 -0.0624059
-6.24407e-11 -0.0624407
-6.24754e-11 -0.0624754
-6.25101e-11 -0.0625101
-6.25449e-11 -0.0625449
-6.25796e-11 -0.0625796
-6.26144e-11 -0.0626144
-6.26491e-11 -0.0626491
-6.26838e-11 -0.0626838
-6.27186e-11 -0.0627186
-6.27533e-11 -0.0627533
-6.27881e-11 -0.0627881
-6.28228e-11 -0.0628228
-6.28575e-11 -0.0628575
-6.28923e-11 -0.0628923
-6.2927e-11 -0.062927
-6.29618e-11 -0.0629618
-6.29965e-11 -0.0629965
-6.30312e-11 -0.0630312
-6.3066e-11 -0.063066
-6.31007e-11 -0.0631007
-6.31354e-11 -0.0631354
-6.31702e-11 -0.0631702
-6.32049e-11 -0.0632049
-6.32397e-11 -0.0632397
-6.32744e-11 -0.0632744
-6.33091e-11 -0.0633091
-6.33439e-11 -0.0633439
-6.33786e-11 -0.0633786
-6.34134e-11 -0.0634134
-6.34481e-11 -0.0634481
-6.34828e-11 -0.0634828
-6.35176e-11 -0.0635176
-6.35523e-11 -0.0635523
-6.35871e-11 -0.0635871
-6.36218e-11 -0.0636218
-6.36565e-11 -0.0636565
-6.36913e-11 -0.0636913
-6.3726e-11 -0.063726
-6.37607e-11 -0.0637607
-6.37955e-11 -0.0637955
-6.38302e-11 -0.0638302
-6.3865e-11 -0.063865
-6.38997e-11 -0.0638997
-6.39344e-11 -0.0639344
-6.39692e-11 -0.0639692
-6.40039e-11 -0.0640039
-6.40387e-11 -0.0640387
-6.40734e-11 -0.0640734
-6.41081e-11 -0.0641081
-6.41429e-11 -0.0641429
-6.41776e-11 -0.0641776
-6.42124e-11 -0.0642124
-6.42471e-11 -0.0642471
-6.42818e-11 -0.0642818
-6.43166e-11 -0.0643166
-6.43513e-11 -0.0643513
-6.4386e-11 -0.064386
-6.44208e-11 -0.0644208
-6.44555e-11 -0.0644555
-6.44903e-11 -0.0644903
-6.4525e-11 -0.064525
-6.45597e-11 -0.0645597
-6.45945e-11 -0.0645945
-6.46292e-11 -0.0646292
-6.4664e-11 -0.064664
-6.46987e-11 -0.0646987
-6.47334e-11 -0.0647334
-6.47682e-11 -0.0647682
-6.48029e-11 -0.0648029
-6.48377e-11 -0.0648377
-6.48724e-11 -0.0648724
-6.49071e-11 -0.0649071
-6.49419e-11 -0.0649419
-6.49766e-11 -0.0649766
-6.50113e-11 -0.0650113
-6.50461e-11 -0.0650461
-6.50808e-11 -0.0650808
-6.51156e-11 -0.0651156
-6.51503e-11 -0.0651503
-6.5185e-11 -0.065185
-6.52198e-11 -0.0652198
-6.52545e-11 -0.0652545
-6.52893e-11 -0.0652893
-6.5324e-11 -0.065324
-6.53587e-11 -0.0653587
-6.53935e-11 -0.0653935
-6.54282e-11 -0.0654282
-6.5463e-11 -0.065463
-6.54977e-11 -0.0654977
-6.55324e-11 -0.0655324
-6.55672e-11 -0.0655672
-6.56019e-11 -0.0656019
-6.56366e-11 -0.0656366
-6.56714e-11 -0.0656714
-6.57061e-11 -0.0657061
-6.57409e-11 -0.0657409
-6.57756e-11 -0.0657756
-6.58103e-11 -0.0658103
-6.58451e-11 -0.0658451
-6.58798e-11 -0.0658798
-6.59146e-11 -0.0659146
-6.59493e-11 -0.0659493
-6.5984e-11 -0.065984
-6.60188e-11 -0.0660188
-6.60535e-11 -0.0660535
-6.60882e-11 -0.0660882
-6.6123e-11 -0.066123
-6.61577e-11 -0.0661577
-6.61925e-11 -0.0661925
-6.62272e-11 -0.0662272
-6.62619e-11 -0.0662619
-6.62967e-11 -0.0662967
-6.63314e-11 -0.0663314
-6.63662e-11 -0.0663662
-6.64009e-11 -0.0664009
-6.64356e-11 -0.0664356
-6.64704e-11 -0.0664704
-6.65051e-11 -0.0665051
-6.65399e-11 -0.0665399
-6.65746e-11 -0.0665746
-6.66093e-11 -0.0666093
-6.66441e-11 -0.0666441
-6.66788e-11 -0.0666788
-6.67135e-11 -0.0667135
-6.67483e-11 -0.0667483
-6.6783e-11 -0.066783
-6.68178e-11 -0.0668178
-6.68525e-11 -0.0668525
-6.68872e-11 -0.0668872
-6.6922e-11 -0.066922
-6.69567e-11 -0.0669567
-6.69915e-11 -0.0669915
-6.70262e-11 -0.0670262
-6.70609e-11 -0.0670609
-6.70957e-11 -0.0670957
-6.71304e-11 -0.0671304
-6.71651e-11 -0.0671651
-6.71999e-11 -0.0671999
-6.72346e-11 -0.0672346
-6.72694e-11 -0.0672694
-6.73041e-11 -0.0673041
-6.73388e-11 -0.0673388
-6.73736e-11 -0.0673736
-6.74083e-11 -0.0674083
-6.74431e-11 -0.0674431
-6.74778e-11 -0.0674778
-6.75125e-11 -0.0675125
-6.75473e-11 -0.0675473
-6.7582e-11 -0.067582
-6.76168e-11 -0.0676168
-6.76515e-11 -0.0676515
-6.76862e-11 -0.0676862
-6.7721e-11 -0.067721
-6.77557e-11 -0.0677557
-6.77904e-11 -0.0677904
-6.78252e-11 -0.0678252
-6.78599e-11 -0.0678599
-6.78947e-11 -0.0678947
-6.79294e-11 -0.0679294
-6.79641e-11 -0.0679641
-6.79989e-11 -0.0679989
-6.80336e-11 -0.0680336
-6.80684e-11 -0.0680684
-6.81031e-11 -0.0681031
-6.81378e-11 -0.0681378
-6.81726e-11 -0.0681726
-6.82073e-11 -0.0682073
-6.8242e-11 -0.068242
-6.82768e-11 -0.0682768
-6.83115e-11 -0.0683115
-6.83463e-11 -0.0683463
-6.8381e-11 -0.068381
-6.84157e-11 -0.0684157
-6.84505e-11 -0.0684505
-6.84852e-11 -0.0684852
-6.852e-11 -0.06852
-6.85547e-11 -0.0685547
-6.85894e-11 -0.0685894
-6.86242e-11 -0.0686242
-6.86589e-11 -0.0686589
-6.86936e-11 -0.0686936
-6.87284e-11 -0.0687284
-6.87631e-11 -0.0687631
-6.87979e-11 -0.0687979
-6.88326e-11 -0.0688326
-6.88673e-11 -0.0688673
-6.89021e-11 -0.0689021
-6.89368e-11 -0.0689368
-6.89716e-11 -0.0689716
-6.90063e-11 -0.0690063
-6.9041e-11 -0.069041
-6.90758e-11 -0.0690758
-6.91105e-11 -0.0691105
-6.91452e-11 -0.0691452
-6.918e-11 -0.06918
-6.92147e-11 -0.0692147
-6.92495e-11 -0.0692495
-6.92842e-11 -0.0692842
-6.93189e-11 -0.0693189
-6.93537e-11 -0.0693537
-6.93884e-11 -0.0693884
-6.94232e-11 -0.0694232
-6.94579e-11 -0.0694579
-6.94926e-11 -0.0694926
-6.95274e-11 -0.0695274
-6.95621e-11 -0.0695621
-6.95968e-11 -0.0695968
-6.96316e-11 -0.0696316
-6.96663e-11 -0.0696663
-6.97011e-11 -0.0697011
-6.97358e-11 -0.0697358
-6.97705e-11 -0.0697705
-6.98053e-11 -0.0698053
-6.984e-11 -0.06984
-6.98748e-11 -0.0698748
-6.99095e-11 -0.0699095
-6.99442e-11 -0.0699442
-6.9979e-11 -0.069979
-7.00137e-11 -0.0700137
-7.00484e-11 -0.0700484
-7.00832e-11 -0.0700832
-7.01179e-11 -0.0701179
-7.01527e-11 -0.0701527
-7.01874e-11 -0.0701874
-7.02221e-11 -0.0702221
-7.02569e-11 -0.0702569
-7.02916e-11 -0.0702916
-7.03264e-11 -0.0703264
-7.03611e-11 -0.0703611
-7.03958e-11 -0.0703958
-7.04306e-11 -0.0704306
-7.04653e-11 -0.0704653
-7.05e-11 -0.0705
-7.05348e-11 -0.0705348
-7.05695e-11 -0.0705695
-7.06043e-11 -0.0706043
-7.0639e-11 -0.070639
-7.06737e-11 -0.0706737
-7.07085e-11 -0.0707085
-7.07432e-11 -0.0707432
-7.0778e-11 -0.070778
-7.08127e-11 -0.0708127
-7.08474e-11 -0.0708474
-7.08822e-11 -0.0708822
-7.09169e-11 -0.0709169
-7.09516e-11 -0.0709516
-7.09864e-11 -0.0709864
-7.10211e-11 -0.0710211
-7.10559e-11 -0.0710559
-7.10906e-11 -0.0710906
-7.11253e-11 -0.0711253
-7.11601e-11 -0.0711601
-7.11948e-11 -0.0711948
-7.12296e-11 -0.0712296
-7.12643e-11 -0.0712643
-7.1299e-11 -0.071299
-7.13338e-11 -0.0713338
-7.13685e-11 -0.0713685
-7.14032e-11 -0.0714032
-7.1438e-11 -0.071438
-7.14727e-11 -0.0714727
-7.15075e-11 -0.0715075
-7.15422e-11 -0.0715422
-7.15766e-11 -0.0715766
-7.16102e-11 -0.0716102
-7.16438e-11 -0.0716438
-7.16774e-11 -0.0716774
-7.1711e-11 -0.071711
-7.17446e-11 -0.0717446
-7.17782e-11 -0.0717782
-7.18118e-11 -0.0718118
-7.18454e-11 -0.0718454
-7.18789e-11 -0.0718789
-7.19125e-11 -0.0719125
-7.19461e-11 -0.0719461
-7.19797e-11 -0.0719797
-7.20133e-11 -0.0720133
-7.20469e-11 -0.0720469
-7.20805e-11 -0.0720805
-7.21141e-11 -0.0721141
-7.21477e-11 -0.0721477
-7.21813e-11 -0.0721813
-7.22149e-11 -0.0722149
-7.22485e-11 -0.0722485
-7.2282e-11 -0.072282
-7.23156e-11 -0.0723156
-7.23492e-11 -0.0723492
-7.23828e-11 -0.0723828
-7.24164e-11 -0.0724164
-7.245e-11 -0.07245
-7.24836e-11 -0.0724836
-7.25172e-11 -0.0725172
-7.25508e-11 -0.0725508
-7.25844e-11 -0.0725844
-7.2618e-11 -0.072618
-7.26516e-11 -0.0726516
-7.26852e-11 -0.0726852
-7.27187e-11 -0.0727187
-7.27523e-11 -0.0727523
-7.27859e-11 -0.0727859
-7.28195e-11 -0.0728195
-7.28531e-11 -0.0728531
-7.28867e-11 -0.0728867
-7.29203e-11 -0.0729203
-7.29539e-11 -0.0729539
-7.29875e-11 -0.0729875
-7.30211e-11 -0.0730211
-7.30547e-11 -0.0730547
-7.30883e-11 -0.0730883
-7.31218e-11 -0.0731218
-7.31554e-11 -0.0731554
-7.3189e-11 -0.073189
-7.32226e-11 -0.0732226
-7.32562e-11 -0.0732562
-7.32898e-11 -0.0732898
-7.33234e-11 -0.0733234
-7.3357e-11 -0.073357
-7.33906e-11 -0.0733906
-7.34242e-11 -0.0734242
-7.34578e-11 -0.0734578
-7.34914e-11 -0.0734914
-7.35249e-11 -0.0735249
-7.35585e-11 -0.0735585
-7.35921e-11 -0.0735921
-7.36257e-11 -0.0736257
-7.36593e-11 -0.0736593
-7.36929e-11 -0.0736929
-7.37262e-11 -0.0737262
-7.37595e-11 -0.0737595
-7.37928e-11 -0.0737928
-7.3826e-11 -0.073826
-7.38593e-11 -0.0738593
-7.38926e-11 -0.0738926
-7.39259e-11 -0.0739259
-7.39592e-11 -0.0739592
-7.39924e-11 -0.0739924
-7.40257e-11 -0.0740257
-7.4059e-11 -0.074059
-7.40923e-11 -0.0740923
-7.41255e-11 -0.0741255
-7.41588e-11 -0.0741588
-7.41921e-11 -0.0741921
-7.42254e-11 -0.0742254
-7.42586e-11 -0.0742586
-7.42919e-11 -0.0742919
-7.43252e-11 -0.0743252
-7.43585e-11 -0.0743585
-7.43918e-11 -0.0743918
-7.4425e-11 -0.074425
-7.44583e-11 -0.0744583
-7.44916e-11 -0.0744916
-7.45249e-11 -0.0745249
-7.45581e-11 -0.0745581
-7.45914e-11 -0.0745914
-7.46247e-11 -0.0746247
-7.4658e-11 -0.074658
-7.46912e-11 -0.0746912
-7.47245e-11 -0.0747245
-7.47578e-11 -0.0747578
-7.47911e-11 -0.0747911
-7.48243e-11 -0.0748243
-7.48576e-11 -0.0748576
-7.48909e-11 -0.0748909
-7.49242e-11 -0.0749242
-7.49575e-11 -0.0749575
-7.49907e-11 -0.0749907
-7.5024e-11 -0.075024
-7.50573e-11 -0.0750573
-7.50906e-11 -0.0750906
-7.51238e-11 -0.0751238
-7.51571e-11 -0.0751571
-7.51904e-11 -0.0751904
-7.52237e-11 -0.0752237
-7.52569e-11 -0.0752569
-7.52902e-11 -0.0752902
-7.53235e-11 -0.0753235
-7.53568e-11 -0.0753568
-7.539e-11 -0.07539
-7.54233e-11 -0.0754233
-7.54566e-11 -0.0754566
-7.54899e-11 -0.0754899
-7.55232e-11 -0.0755232
-7.55564e-11 -0.0755564
-7.55897e-11 -0.0755897
-7.5623e-11 -0.075623
-7.56563e-11 -0.0756563
-7.56895e-11 -0.0756895
-7.57228e-11 -0.0757228
-7.57561e-11 -0.0757561
-7.57894e-11 -0.0757894
-7.58226e-11 -0.0758226
-7.58559e-11 -0.0758559
-7.58892e-11 -0.0758892
-7.59225e-11 -0.0759225
-7.59557e-11 -0.0759557
-7.5989e-11 -0.075989
-7.60223e-11 -0.0760223
-7.60556e-11 -0.0760556
-7.60888e-11 -0.0760888
-7.61221e-11 -0.0761221
-7.61554e-11 -0.0761554
-7.61887e-11 -0.0761887
-7.6222e-11 -0.076222
-7.62552e-11 -0.0762552
-7.62885e-11 -0.0762885
-7.63218e-11 -0.0763218
-7.63551e-11 -0.0763551
-7.63883e-11 -0.0763883
-7.64216e-11 -0.0764216
-7.64549e-11 -0.0764549
-7.64882e-11 -0.0764882
-7.65214e-11 -0.0765214
-7.65547e-11 -0.0765547
-7.6588e-11 -0.076588
-7.66213e-11 -0.0766213
-7.66545e-11 -0.0766545
-7.66878e-11 -0.0766878
-7.67211e-11 -0.0767211
-7.67544e-11 -0.0767544
-7.67877e-11 -0.0767877
-7.68209e-11 -0.0768209
-7.68542e-11 -0.0768542
-7.68875e-11 -0.0768875
-7.69208e-11 -0.0769208
-7.6954e-11 -0.076954
-7.69873e-11 -0.0769873
-7.70206e-11 -0.0770206
-7.70539e-11 -0.0770539
-7.70871e-11 -0.0770871
-7.71204e-11 -0.0771204
-7.71537e-11 -0.0771537
-7.7187e-11 -0.077187
-7.72202e-11 -0.0772202
-7.72535e-11 -0.0772535
-7.72868e-11 -0.0772868
-7.73201e-11 -0.0773201
-7.73533e-11 -0.0773533
-7.73866e-11 -0.0773866
-7.74199e-11 -0.0774199
-7.74532e-11 -0.0774532
-7.74864e-11 -0.0774864
-7.75197e-11 -0.0775197
-7.7553e-11 -0.077553
-7.75863e-11 -0.0775863
-7.76196e-11 -0.0776196
-7.76528e-11 -0.0776528
-7.76861e-11 -0.0776861
-7.77194e-11 -0.0777194
-7.77527e-11 -0.0777527
-7.77859e-11 -0.0777859
-7.78192e-11 -0.0778192
-7.78525e-11 -0.0778525
-7.78858e-11 -0.0778858
-7.7919e-11 -0.077919
-7.79523e-11 -0.0779523
-7.79856e-11 -0.0779856
-7.80189e-11 -0.0780189
-7.80521e-11 -0.0780521
-7.80854e-11 -0.0780854
-7.81187e-11 -0.0781187
-7.8152e-11 -0.078152
-7.81852e-11 -0.0781852
-7.82185e-11 -0.0782185
-7.82518e-11 -0.0782518
-7.82851e-11 -0.0782851
-7.83183e-11 -0.0783183
-7.83516e-11 -0.0783516
-7.83849e-11 -0.0783849
-7.84182e-11 -0.0784182
-7.84515e-11 -0.0784515
-7.84847e-11 -0.0784847
-7.8518e-11 -0.078518
-7.85513e-11 -0.0785513
-7.85846e-11 -0.0785846
-7.86178e-11 -0.0786178
-7.86511e-11 -0.0786511
-7.86844e-11 -0.0786844
-7.87177e-11 -0.0787177
-7.87509e-11 -0.0787509
-7.87842e-11 -0.0787842
-7.88175e-11 -0.0788175
-7.88508e-11 -0.0788508
-7.8884e-11 -0.078884
-7.89173e-11 -0.0789173
-7.89506e-11 -0.0789506
-7.89839e-11 -0.0789839
-7.90171e-11 -0.0790171
-7.90504e-11 -0.0790504
-7.90837e-11 -0.0790837
-7.9117e-11 -0.079117
-7.91502e-11 -0.0791502
-7.91835e-11 -0.0791835
-7.92168e-11 -0.0792168
-7.92501e-11 -0.0792501
-7.92833e-11 -0.0792833
-7.93166e-11 -0.0793166
-7.93499e-11 -0.0793499
-7.93832e-11 -0.0793832
-7.94165e-11 -0.0794165
-7.94497e-11 -0.0794497
-7.9483e-11 -0.079483
-7.95163e-11 -0.0795163
-7.95496e-11 -0.0795496
-7.95828e-11 -0.0795828
-7.96161e-11 -0.0796161
-7.96494e-11 -0.0796494
-7.96827e-11 -0.0796827
-7.97159e-11 -0.0797159
-7.97492e-11 -0.0797492
-7.97825e-11 -0.0797825
-7.98158e-11 -0.0798158
-7.9849e-11 -0.079849
-7.98823e-11 -0.0798823
-7.99156e-11 -0.0799156
-7.99489e-11 -0.0799489
-7.99821e-11 -0.0799821
-8.00154e-11 -0.0800154
-8.00487e-11 -0.0800487
-8.0082e-11 -0.080082
-8.01152e-11 -0.0801152
-8.01485e-11 -0.0801485
-8.01818e-11 -0.0801818
-8.02151e-11 -0.0802151
-8.02483e-11 -0.0802483
-8.02816e-11 -0.0802816
-8.03149e-11 -0.0803149
-8.03482e-11 -0.0803482
-8.03814e-11 -0.0803814
-8.04147e-11 -0.0804147
-8.0448e-11 -0.080448
-8.04813e-11 -0.0804813
-8.05146e-11 -0.0805146
-8.05478e-11 -0.0805478
-8.05811e-11 -0.0805811
-8.06144e-11 -0.0806144
-8.06477e-11 -0.0806477
-8.06809e-11 -0.0806809
-8.07142e-11 -0.0807142
-8.07475e-11 -0.0807475
-8.07808e-11 -0.0807808
-8.0814e-11 -0.080814
-8.08473e-11 -0.0808473
-8.08806e-11 -0.0808806
-8.09139e-11 -0.0809139
-8.09471e-11 -0.0809471
-8.09804e-11 -0.0809804
-8.10137e-11 -0.0810137
-8.1047e-11 -0.081047
-8.10802e-11 -0.0810802
-8.11135e-11 -0.0811135
-8.11468e-11 -0.0811468
-8.11801e-11 -0.0811801
-8.12133e-11 -0.0812133
-8.12466e-11 -0.0812466
-8.12799e-11 -0.0812799
-8.13132e-11 -0.0813132
-8.13464e-11 -0.0813464
-8.13797e-11 -0.0813797
-8.1413e-11 -0.081413
-8.14463e-11 -0.0814463
-8.14795e-11 -0.0814795
-8.15128e-11 -0.0815128
-8.15461e-11 -0.0815461
-8.15794e-11 -0.0815794
-8.16126e-11 -0.0816126
-8.16459e-11 -0.0816459
-8.16792e-11 -0.0816792
-8.17125e-11 -0.0817125
-8.17457e-11 -0.0817457
-8.1779e-11 -0.081779
-8.18123e-11 -0.0818123
-8.18456e-11 -0.0818456
-8.18788e-11 -0.0818788
-8.19121e-11 -0.0819121
-8.19454e-11 -0.0819454
-8.19787e-11 -0.0819787
-8.20119e-11 -0.0820119
-8.20452e-11 -0.0820452
-8.20785e-11 -0.0820785
-8.21118e-11 -0.0821118
-8.2145e-11 -0.082145
-8.21783e-11 -0.0821783
-8.22116e-11 -0.0822116
-8.22449e-11 -0.0822449
-8.22781e-11 -0.0822781
-8.23114e-11 -0.0823114
-8.23447e-11 -0.0823447
-8.2378e-11 -0.082378
-8.24112e-11 -0.0824112
-8.24445e-11 -0.0824445
-8.24778e-11 -0.0824778
-8.25111e-11 -0.0825111
-8.25444e-11 -0.0825444
-8.25776e-11 -0.0825776
-8.26109e-11 -0.0826109
-8.26442e-11 -0.0826442
-8.26775e-11 -0.0826775
-8.27107e-11 -0.0827107
-8.2744e-11 -0.082744
-8.27773e-11 -0.0827773
-8.28106e-11 -0.0828106
-8.28438e-11 -0.0828438
-8.28771e-11 -0.0828771
-8.29104e-11 -0.0829104
-8.29437e-11 -0.0829437
-8.29769e-11 -0.0829769
-8.30102e-11 -0.0830102
-8.30435e-11 -0.0830435
-8.30768e-11 -0.0830768
-8.311e-11 -0.08311
-8.31433e-11 -0.0831433
-8.31766e-11 -0.0831766
-8.32099e-11 -0.0832099
-8.32431e-11 -0.0832431
-8.32764e-11 -0.0832764
-8.33097e-11 -0.0833097
-8.3343e-11 -0.083343
-8.33762e-11 -0.0833762
-8.34095e-11 -0.0834095
-8.34428e-11 -0.0834428
-8.34761e-11 -0.0834761
-8.35093e-11 -0.0835093
-8.35426e-11 -0.0835426
-8.35759e-11 -0.0835759
-8.36092e-11 -0.0836092
-8.36424e-11 -0.0836424
-8.36757e-11 -0.0836757
-8.3709e-11 -0.083709
-8.37423e-11 -0.0837423
-8.37755e-11 -0.0837755
-8.38088e-11 -0.0838088
-8.38421e-11 -0.0838421
-8.38754e-11 -0.0838754
-8.39086e-11 -0.0839086
-8.39419e-11 -0.0839419
-8.39752e-11 -0.0839752
-8.40085e-11 -0.0840085
-8.40417e-11 -0.0840417
-8.4075e-11 -0.084075
-8.41083e-11 -0.0841083
-8.41416e-11 -0.0841416
-8.41748e-11 -0.0841748
-8.42081e-11 -0.0842081
-8.42414e-11 -0.0842414
-8.42747e-11 -0.0842747
-8.43079e-11 -0.0843079
-8.43412e-11 -0.0843412
-8.43745e-11 -0.0843745
-8.44078e-11 -0.0844078
-8.4441e-11 -0.084441
-8.44743e-11 -0.0844743
-8.45076e-11 -0.0845076
-8.45409e-11 -0.0845409
-8.45741e-11 -0.0845741
-8.46074e-11 -0.0846074
-8.46407e-11 -0.0846407
-8.4674e-11 -0.084674
-8.47072e-11 -0.0847072
-8.47405e-11 -0.0847405
-8.47738e-11 -0.0847738
-8.48071e-11 -0.0848071
-8.48403e-11 -0.0848403
-8.48736e-11 -0.0848736
-8.49069e-11 -0.0849069
-8.49402e-11 -0.0849402
-8.49734e-11 -0.0849734
-8.50067e-11 -0.0850067
-8.504e-11 -0.08504
-8.50733e-11 -0.0850733
-8.51065e-11 -0.0851065
-8.51398e-11 -0.0851398
-8.51731e-11 -0.0851731
-8.52064e-11 -0.0852064
-8.52396e-11 -0.0852396
-8.52729e-11 -0.0852729
-8.53062e-11 -0.0853062
-8.53395e-11 -0.0853395
-8.53727e-11 -0.0853727
-8.5406e-11 -0.085406
-8.54393e-11 -0.0854393
-8.54726e-11 -0.0854726
-8.55058e-11 -0.0855058
-8.55391e-11 -0.0855391
-8.55724e-11 -0.0855724
-8.56057e-11 -0.0856057
-8.56389e-11 -0.0856389
-8.56722e-11 -0.0856722
-8.57055e-11 -0.0857055
-8.57388e-11 -0.0857388
-8.5772e-11 -0.085772
-8.58053e-11 -0.0858053
-8.58386e-11 -0.0858386
-8.58718e-11 -0.0858718
-8.59051e-11 -0.0859051
-8.59384e-11 -0.0859384
-8.59717e-11 -0.0859717
-8.60049e-11 -0.0860049
-8.60382e-11 -0.0860382
-8.60715e-11 -0.0860715
-8.61048e-11 -0.0861048
-8.6138e-11 -0.086138
-8.61713e-11 -0.0861713
-8.62046e-11 -0.0862046
-8.62379e-11 -0.0862379
-8.62711e-11 -0.0862711
-8.63044e-11 -0.0863044
-8.63377e-11 -0.0863377
-8.6371e-11 -0.086371
-8.64042e-11 -0.0864042
-8.64375e-11 -0.0864375
-8.64708e-11 -0.0864708
-8.65041e-11 -0.0865041
-8.65373e-11 -0.0865373
-8.65706e-11 -0.0865706
-8.66039e-11 -0.0866039
-8.66372e-11 -0.0866372
-8.66704e-11 -0.0866704
-8.67037e-11 -0.0867037
-8.6737e-11 -0.086737
-8.67703e-11 -0.0867703
-8.68035e-11 -0.0868035
-8.68368e-11 -0.0868368
-8.68701e-11 -0.0868701
-8.69034e-11 -0.0869034
-8.69366e-11 -0.0869366
-8.69699e-11 -0.0869699
-8.70032e-11 -0.0870032
-8.70365e-11 -0.0870365
-8.70697e-11 -0.0870697
-8.7103e-11 -0.087103
-8.71363e-11 -0.0871363
-8.71696e-11 -0.0871696
-8.72028e-11 -0.0872028
-8.72361e-11 -0.0872361
-8.72694e-11 -0.0872694
-8.73027e-11 -0.0873027
-8.73359e-11 -0.0873359
-8.73692e-11 -0.0873692
-8.74025e-11 -0.0874025
-8.74358e-11 -0.0874358
-8.7469e-11 -0.087469
-8.75023e-11 -0.0875023
-8.75356e-11 -0.0875356
-8.75689e-11 -0.0875689
-8.76021e-11 -0.0876021
-8.76354e-11 -0.0876354
-8.76687e-11 -0.0876687
-8.77019e-11 -0.0877019
-8.77352e-11 -0.0877352
-8.77685e-11 -0.0877685
-8.78018e-11 -0.0878018
-8.7835e-11 -0.087835
-8.78683e-11 -0.0878683
-8.79016e-11 -0.0879016
-8.79349e-11 -0.0879349
-8.79681e-11 -0.0879681
-8.80014e-11 -0.0880014
-8.80347e-11 -0.0880347
-8.8068e-11 -0.088068
-8.81012e-11 -0.0881012
-8.81345e-11 -0.0881345
-8.81678e-11 -0.0881678
-8.82011e-11 -0.0882011
-8.82343e-11 -0.0882343
-8.82676e-11 -0.0882676
-8.83009e-11 -0.0883009
-8.83342e-11 -0.0883342
-8.83674e-11 -0.0883674
-8.84007e-11 -0.0884007
-8.8434e-11 -0.088434
-8.84673e-11 -0.0884673
-8.85005e-11 -0.0885005
-8.85338e-11 -0.0885338
-8.85671e-11 -0.0885671
-8.86004e-11 -0.0886004
-8.86336e-11 -0.0886336
-8.86669e-11 -0.0886669
-8.87002e-11 -0.0887002
-8.87335e-11 -0.0887335
-8.87667e-11 -0.0887667
-8.88e-11 -0.0888
-8.88333e-11 -0.0888333
-8.88666e-11 -0.0888666
-8.88998e-11 -0.0888998
-8.89331e-11 -0.0889331
-8.89664e-11 -0.0889664
-8.89996e-11 -0.0889996
-8.90329e-11 -0.0890329
-8.90662e-11 -0.0890662
-8.90995e-11 -0.0890995
-8.91327e-11 -0.0891327
-8.9166e-11 -0.089166
-8.91993e-11 -0.0891993
-8.92326e-11 -0.0892326
-8.92658e-11 -0.0892658
-8.92991e-11 -0.0892991
-8.93324e-11 -0.0893324
-8.93657e-11 -0.0893657
-8.93989e-11 -0.0893989
-8.94322e-11 -0.0894322
-8.94655e-11 -0.0894655
-8.94988e-11 -0.0894988
-8.9532e-11 -0.089532
-8.95653e-11 -0.0895653
-8.95986e-11 -0.0895986
-8.96319e-11 -0.0896319
-8.96651e-11 -0.0896651
-8.96984e-11 -0.0896984
-8.97317e-11 -0.0897317
-8.9765e-11 -0.089765
-8.97982e-11 -0.0897982
-8.98315e-11 -0.0898315
-8.98648e-11 -0.0898648
-8.9898e-11 -0.089898
-8.99313e-11 -0.0899313
-8.99646e-11 -0.0899646
-8.99979e-11 -0.0899979
-9.00311e-11 -0.0900311
-9.00644e-11 -0.0900644
-9.00977e-11 -0.0900977
-9.0131e-11 -0.090131
-9.01642e-11 -0.0901642
-9.01975e-11 -0.0901975
-9.02308e-11 -0.0902308
-9.02641e-11 -0.0902641
-9.02973e-11 -0.0902973
-9.03306e-11 -0.0903306
-9.03639e-11 -0.0903639
-9.03972e-11 -0.0903972
-9.04304e-11 -0.0904304
-9.04637e-11 -0.0904637
-9.0497e-11 -0.090497
-9.05303e-11 -0.0905303
-9.05635e-11 -0.0905635
-9.05968e-11 -0.0905968
-9.06301e-11 -0.0906301
-9.06634e-11 -0.0906634
-9.06966e-11 -0.0906966
-9.07299e-11 -0.0907299
-9.07632e-11 -0.0907632
-9.07964e-11 -0.0907964
-9.08297e-11 -0.0908297
-9.0863e-11 -0.090863
-9.08963e-11 -0.0908963
-9.09295e-11 -0.0909295
-9.09628e-11 -0.0909628
-9.09961e-11 -0.0909961
-9.10294e-11 -0.0910294
-9.10626e-11 -0.0910626
-9.10959e-11 -0.0910959
-9.11292e-11 -0.0911292
-9.11625e-11 -0.0911625
-9.11957e-11 -0.0911957
-9.1229e-11 -0.091229
-9.12623e-11 -0.0912623
-9.12956e-11 -0.0912956
-9.13288e-11 -0.0913288
-9.13621e-11 -0.0913621
-9.13954e-11 -0.0913954
-9.14286e-11 -0.0914286
-9.14619e-11 -0.0914619
-9.14952e-11 -0.0914952
-9.15285e-11 -0.0915285
-9.15617e-11 -0.0915617
-9.1595e-11 -0.091595
-9.16283e-11 -0.0916283
-9.16616e-11 -0.0916616
-9.16948e-11 -0.0916948
-9.17281e-11 -0.0917281
-9.17614e-11 -0.0917614
-9.17947e-11 -0.0917947
-9.18279e-11 -0.0918279
-9.18612e-11 -0.0918612
-9.18945e-11 -0.0918945
-9.19278e-11 -0.0919278
-9.1961e-11 -0.091961
-9.19943e-11 -0.0919943
-9.20276e-11 -0.0920276
-9.20609e-11 -0.0920609
-9.20941e-11 -0.0920941
-9.21274e-11 -0.0921274
-9.21607e-11 -0.0921607
-9.21939e-11 -0.0921939
-9.22272e-11 -0.0922272
-9.22605e-11 -0.0922605
-9.22938e-11 -0.0922938
-9.2327e-11 -0.092327
-9.23603e-11 -0.0923603
-9.23936e-11 -0.0923936
-9.24269e-11 -0.0924269
-9.24601e-11 -0.0924601
-9.24934e-11 -0.0924934
-9.25267e-11 -0.0925267
-9.256e-11 -0.09256
-9.25932e-11 -0.0925932
-9.26265e-11 -0.0926265
-9.26598e-11 -0.0926598
-9.26931e-11 -0.0926931
-9.27263e-11 -0.0927263
-9.27596e-11 -0.0927596
-9.27929e-11 -0.0927929
-9.28261e-11 -0.0928261
-9.28594e-11 -0.0928594
-9.28927e-11 -0.0928927
-9.2926e-11 -0.092926
-9.29592e-11 -0.0929592
-9.29925e-11 -0.0929925
-9.30258e-11 -0.0930258
-9.30591e-11 -0.0930591
-9.30923e-11 -0.0930923
-9.31256e-11 -0.0931256
-9.31589e-11 -0.0931589
-9.31922e-11 -0.0931922
-9.32254e-11 -0.0932254
-9.32587e-11 -0.0932587
-9.3292e-11 -0.093292
-9.33252e-11 -0.0933252
-9.33585e-11 -0.0933585
-9.33918e-11 -0.0933918
-9.34251e-11 -0.0934251
-9.34583e-11 -0.0934583
-9.34916e-11 -0.0934916
-9.35249e-11 -0.0935249
-9.35582e-11 -0.0935582
-9.35914e-11 -0.0935914
-9.36247e-11 -0.0936247
-9.3658e-11 -0.093658
-9.36913e-11 -0.0936913
-9.37245e-11 -0.0937245
-9.37578e-11 -0.0937578
-9.37911e-11 -0.0937911
-9.38243e-11 -0.0938243
-9.38576e-11 -0.0938576
-9.38909e-11 -0.0938909
-9.39242e-11 -0.0939242
-9.39574e-11 -0.0939574
-9.39907e-11 -0.0939907
-9.4024e-11 -0.094024
-9.40573e-11 -0.0940573
-9.40905e-11 -0.0940905
-9.41238e-11 -0.0941238
-9.41571e-11 -0.0941571
-9.41904e-11 -0.0941904
-9.42236e-11 -0.0942236
-9.42569e-11 -0.0942569
-9.42902e-11 -0.0942902
-9.43234e-11 -0.0943234
-9.43567e-11 -0.0943567
-9.439e-11 -0.09439
-9.44233e-11 -0.0944233
-9.44565e-11 -0.0944565
-9.44898e-11 -0.0944898
-9.45231e-11 -0.0945231
-9.45564e-11 -0.0945564
-9.45896e-11 -0.0945896
-9.46229e-11 -0.0946229
-9.46562e-11 -0.0946562
-9.46895e-11 -0.0946895
-9.47227e-11 -0.0947227
-9.4756e-11 -0.094756
-9.47893e-11 -0.0947893
-9.48225e-11 -0.0948225
-9.48558e-11 -0.0948558
-9.48891e-11 -0.0948891
-9.49224e-11 -0.0949224
-9.49556e-11 -0.0949556
-9.49889e-11 -0.0949889
-9.50222e-11 -0.0950222
-9.50555e-11 -0.0950555
-9.50887e-11 -0.0950887
-9.5122e-11 -0.095122
-9.51553e-11 -0.0951553
-9.51886e-11 -0.0951886
-9.52218e-11 -0.0952218
-9.52551e-11 -0.0952551
-9.52884e-11 -0.0952884
-9.53216e-11 -0.0953216
-9.53549e-11 -0.0953549
-9.53882e-11 -0.0953882
-9.54215e-11 -0.0954215
-9.54547e-11 -0.0954547
-9.5488e-11 -0.095488
-9.55213e-11 -0.0955213
-9.55546e-11 -0.0955546
-9.55878e-11 -0.0955878
-9.56211e-11 -0.0956211
-9.56544e-11 -0.0956544
-9.56877e-11 -0.0956877
-9.57209e-11 -0.0957209
-9.57542e-11 -0.0957542
-9.57875e-11 -0.0957875
-9.58207e-11 -0.0958207
-9.5854e-11 -0.095854
-9.58873e-11 -0.0958873
-9.59206e-11 -0.0959206
-9.59538e-11 -0.0959538
-9.59871e-11 -0.0959871
-9.60204e-11 -0.0960204
-9.60537e-11 -0.0960537
-9.60869e-11 -0.0960869
-9.61202e-11 -0.0961202
-9.61535e-11 -0.0961535
-9.61867e-11 -0.0961867
-9.622e-11 -0.09622
-9.62533e-11 -0.0962533
-9.62866e-11 -0.0962866
-9.63198e-11 -0.0963198
-9.63531e-11 -0.0963531
-9.63864e-11 -0.0963864
-9.64197e-11 -0.0964197
-9.64529e-11 -0.0964529
-9.64862e-11 -0.0964862
-9.65195e-11 -0.0965195
-9.65528e-11 -0.0965528
-9.6586e-11 -0.096586
-9.66193e-11 -0.0966193
-9.66526e-11 -0.0966526
-9.66858e-11 -0.0966858
-9.67191e-11 -0.0967191
-9.67524e-11 -0.0967524
-9.67857e-11 -0.0967857
-9.68189e-11 -0.0968189
-9.68522e-11 -0.0968522
-9.68855e-11 -0.0968855
-9.69188e-11 -0.0969188
-9.6952e-11 -0.096952
-9.69853e-11 -0.0969853
-9.70186e-11 -0.0970186
-9.70518e-11 -0.0970518
-9.70851e-11 -0.0970851
-9.71184e-11 -0.0971184
-9.71517e-11 -0.0971517
-9.71849e-11 -0.0971849
-9.72182e-11 -0.0972182
-9.72515e-11 -0.0972515
-9.72848e-11 -0.0972848
-9.7318e-11 -0.097318
-9.73513e-11 -0.0973513
-9.73846e-11 -0.0973846
-9.74178e-11 -0.0974178
-9.74511e-11 -0.0974511
-9.74844e-11 -0.0974844
-9.75177e-11 -0.0975177
-9.75509e-11 -0.0975509
-9.75842e-11 -0.0975842
-9.76175e-11 -0.0976175
-9.76508e-11 -0.0976508
-9.7684e-11 -0.097684
-9.77173e-11 -0.0977173
-9.77506e-11 -0.0977506
-9.77838e-11 -0.0977838
-9.78171e-11 -0.0978171
-9.78504e-11 -0.0978504
-9.78837e-11 -0.0978837
-9.79169e-11 -0.0979169
-9.79502e-11 -0.0979502
-9.79835e-11 -0.0979835
-9.80168e-11 -0.0980168
-9.805e-11 -0.09805
-9.80833e-11 -0.0980833
-9.81166e-11 -0.0981166
-9.81498e-11 -0.0981498
-9.81831e-11 -0.0981831
-9.82164e-11 -0.0982164
-9.82497e-11 -0.0982497
-9.82829e-11 -0.0982829
-9.83162e-11 -0.0983162
-9.83495e-11 -0.0983495
-9.83828e-11 -0.0983828
-9.8416e-11 -0.098416
-9.84493e-11 -0.0984493
-9.84826e-11 -0.0984826
-9.85158e-11 -0.0985158
-9.85491e-11 -0.0985491
-9.85824e-11 -0.0985824
-9.86157e-11 -0.0986157
-9.86489e-11 -0.0986489
-9.86822e-11 -0.0986822
-9.87155e-11 -0.0987155
-9.87488e-11 -0.0987488
-9.8782e-11 -0.098782
-9.88153e-11 -0.0988153
-9.88486e-11 -0.0988486
-9.88818e-11 -0.0988818
-9.89151e-11 -0.0989151
-9.89484e-11 -0.0989484
-9.89817e-11 -0.0989817
-9.90149e-11 -0.0990149
-9.90482e-11 -0.0990482
-9.90815e-11 -0.0990815
-9.91148e-11 -0.0991148
-9.9148e-11 -0.099148
-9.91813e-11 -0.0991813
-9.92146e-11 -0.0992146
-9.92478e-11 -0.0992478
-9.92811e-11 -0.0992811
-9.93144e-11 -0.0993144
-9.93477e-11 -0.0993477
-9.93809e-11 -0.0993809
-9.94142e-11 -0.0994142
-9.94475e-11 -0.0994475
-9.94808e-11 -0.0994808
-9.9514e-11 -0.099514
-9.95473e-11 -0.0995473
-9.95806e-11 -0.0995806
-9.96138e-11 -0.0996138
-9.96471e-11 -0.0996471
-9.96804e-11 -0.0996804
-9.97137e-11 -0.0997137
-9.97469e-11 -0.0997469
-9.97802e-11 -0.0997802
-9.98135e-11 -0.0998135
-9.98467e-11 -0.0998467
-9.988e-11 -0.09988
-9.99133e-11 -0.0999133
-9.99466e-11 -0.0999466
-9.99798e-11 -0.0999798
-1.00013e-10 -0.100013
-1.00046e-10 -0.100046
-1.0008e-10 -0.10008
-1.00113e-10 -0.100113
-1.00146e-10 -0.100146
-1.00179e-10 -0.100179
-1.00213e-10 -0.100213
-1.00246e-10 -0.100246
-1.00279e-10 -0.100279
-1.00313e-10 -0.100313
-1.00346e-10 -0.100346
-1.00379e-10 -0.100379
-1.00412e-10 -0.100412
-1.00446e-10 -0.100446
-1.00479e-10 -0.100479
-1.00512e-10 -0.100512
-1.00545e-10 -0.100545
-1.00579e-10 -0.100579
-1.00612e-10 -0.100612
-1.00645e-10 -0.100645
-1.00679e-10 -0.100679
-1.00712e-10 -0.100712
-1.00745e-10 -0.100745
-1.00778e-10 -0.100778
-1.00812e-10 -0.100812
-1.00845e-10 -0.100845
-1.00878e-10 -0.100878
-1.00911e-10 -0.100911
-1.00945e-10 -0.100945
-1.00978e-10 -0.100978
-1.01011e-10 -0.101011
-1.01045e-10 -0.101045
-1.01078e-10 -0.101078
-1.01111e-10 -0.101111
-1.01144e-10 -0.101144
-1.01178e-10 -0.101178
-1.01211e-10 -0.101211
-1.01244e-10 -0.101244
-1.01277e-10 -0.101277
-1.01311e-10 -0.101311
-1.01344e-10 -0.101344
-1.01377e-10 -0.101377
-1.01411e-10 -0.101411
-1.01444e-10 -0.101444
-1.01477e-10 -0.101477
-1.0151e-10 -0.10151
-1.01544e-10 -0.101544
-1.01577e-10 -0.101577
-1.0161e-10 -0.10161
-1.01643e-10 -0.101643
-1.01677e-10 -0.101677
-1.0171e-10 -0.10171
-1.01743e-10 -0.101743
-1.01777e-10 -0.101777
-1.0181e-10 -0.10181
-1.01843e-10 -0.101843
-1.01876e-10 -0.101876
-1.0191e-10 -0.10191
-1.01943e-10 -0.101943
-1.01976e-10 -0.101976
-1.02009e-10 -0.102009
-1.02043e-10 -0.102043
-1.02076e-10 -0.102076
-1.02109e-10 -0.102109
-1.02143e-10 -0.102143
-1.02176e-10 -0.102176
-1.02209e-10 -0.102209
-1.02242e-10 -0.102242
-1.02276e-10 -0.102276
-1.02309e-10 -0.102309
-1.02342e-10 -0.102342
-1.02375e-10 -0.102375
-1.02409e-10 -0.102409
-1.02442e-10 -0.102442
-1.02475e-10 -0.102475
-1.02509e-10 -0.102509
-1.02542e-10 -0.102542
-1.02575e-10 -0.102575
-1.02608e-10 -0.102608
-1.02642e-10 -0.102642
-1.02675e-10 -0.102675
-1.02708e-10 -0.102708
-1.02741e-10 -0.102741
-1.02775e-10 -0.102775
-1.02808e-10 -0.102808
-1.02841e-10 -0.102841
-1.02875e-10 -0.102875
-1.02908e-10 -0.102908
-1.02941e-10 -0.102941
-1.02974e-10 -0.102974
-1.03008e-10 -0.103008
-1.03041e-10 -0.103041
-1.03074e-10 -0.103074
-1.03107e-10 -0.103107
-1.03141e-10 -0.103141
-1.03174e-10 -0.103174
-1.03207e-10 -0.103207
-1.03241e-10 -0.103241
-1.03274e-10 -0.103274
-1.03307e-10 -0.103307
-1.0334e-10 -0.10334
-1.03374e-10 -0.103374
-1.03407e-10 -0.103407
-1.0344e-10 -0.10344
-1.03473e-10 -0.103473
-1.03507e-10 -0.103507
-1.0354e-10 -0.10354
-1.03573e-10 -0.103573
-1.03606e-10 -0.103606
-1.0364e-10 -0.10364
-1.03673e-10 -0.103673
-1.03706e-10 -0.103706
-1.0374e-10 -0.10374
-1.03773e-10 -0.103773
-1.03806e-10 -0.103806
-1.03839e-10 -0.103839
-1.03873e-10 -0.103873
-1.03906e-10 -0.103906
-1.03939e-10 -0.103939
-1.03972e-10 -0.103972
-1.04006e-10 -0.104006
-1.04039e-10 -0.104039
-1.04072e-10 -0.104072
-1.04106e-10 -0.104106
-1.04139e-10 -0.104139
-1.04172e-10 -0.104172
-1.04205e-10 -0.104205
-1.04239e-10 -0.104239
-1.04272e-10 -0.104272
-1.04305e-10 -0.104305
-1.04338e-10 -0.104338
-1.04372e-10 -0.104372
-1.04405e-10 -0.104405
-1.04438e-10 -0.104438
-1.04472e-10 -0.104472
-1.04505e-10 -0.104505
-1.04538e-10 -0.104538
-1.04571e-10 -0.104571
-1.04605e-10 -0.104605
-1.04638e-10 -0.104638
-1.04671e-10 -0.104671
-1.04704e-10 -0.104704
-1.04738e-10 -0.104738
-1.04771e-10 -0.104771
-1.04804e-10 -0.104804
-1.04838e-10 -0.104838
-1.04871e-10 -0.104871
-1.04904e-10 -0.104904
-1.04937e-10 -0.104937
-1.04971e-10 -0.104971
-1.05004e-10 -0.105004
-1.05037e-10 -0.105037
-1.0507e-10 -0.10507
-1.05104e-10 -0.105104
-1.05137e-10 -0.105137
-1.0517e-10 -0.10517
-1.05204e-10 -0.105204
-1.05237e-10 -0.105237
-1.0527e-10 -0.10527
-1.05303e-10 -0.105303
-1.05337e-10 -0.105337
-1.0537e-10 -0.10537
-1.05403e-10 -0.105403
-1.05436e-10 -0.105436
-1.0547e-10 -0.10547
-1.05503e-10 -0.105503
-1.05536e-10 -0.105536
-1.0557e-10 -0.10557
-1.05603e-10 -0.105603
-1.05636e-10 -0.105636
-1.05669e-10 -0.105669
-1.05703e-10 -0.105703
-1.05736e-10 -0.105736
-1.05769e-10 -0.105769
-1.05802e-10 -0.105802
-1.05836e-10 -0.105836
-1.05869e-10 -0.105869
-1.05902e-10 -0.105902
-1.05936e-10 -0.105936
-1.05969e-10 -0.105969
-1.06002e-10 -0.106002
-1.06035e-10 -0.106035
-1.06069e-10 -0.106069
-1.06102e-10 -0.106102
-1.06135e-10 -0.106135
-1.06168e-10 -0.106168
-1.06202e-10 -0.106202
-1.06235e-10 -0.106235
-1.06268e-10 -0.106268
-1.06301e-10 -0.106301
-1.06335e-10 -0.106335
-1.06368e-10 -0.106368
-1.06401e-10 -0.106401
-1.06435e-10 -0.106435
-1.06468e-10 -0.106468
-1.06501e-10 -0.106501
-1.06534e-10 -0.106534
-1.06568e-10 -0.106568
-1.06601e-10 -0.106601
-1.06634e-10 -0.106634
-1.06667e-10 -0.106667
-1.06701e-10 -0.106701
-1.06734e-10 -0.106734
-1.06767e-10 -0.106767
-1.06801e-10 -0.106801
-1.06834e-10 -0.106834
-1.06867e-10 -0.106867
-1.069e-10 -0.1069
-1.06934e-10 -0.106934
-1.06967e-10 -0.106967
-1.07e-10 -0.107
-1.07033e-10 -0.107033
-1.07067e-10 -0.107067
-1.071e-10 -0.1071
-1.07133e-10 -0.107133
-1.07167e-10 -0.107167
-1.072e-10 -0.1072
-1.07233e-10 -0.107233
-1.07266e-10 -0.107266
-1.073e-10 -0.1073
-1.07333e-10 -0.107333
-1.07366e-10 -0.107366
-1.07399e-10 -0.107399
-1.07433e-10 -0.107433
-1.07466e-10 -0.107466
-1.07499e-10 -0.107499
-1.07533e-10 -0.107533
-1.07566e-10 -0.107566
-1.07599e-10 -0.107599
-1.07632e-10 -0.107632
-1.07666e-10 -0.107666
-1.07699e-10 -0.107699
-1.07732e-10 -0.107732
-1.07765e-10 -0.107765
-1.07799e-10 -0.107799
-1.07832e-10 -0.107832
-1.07865e-10 -0.107865
-1.07899e-10 -0.107899
-1.07932e-10 -0.107932
-1.07965e-10 -0.107965
-1.07998e-10 -0.107998
-1.08032e-10 -0.108032
-1.08065e-10 -0.108065
-1.08098e-10 -0.108098
-1.08131e-10 -0.108131
-1.08165e-10 -0.108165
-1.08198e-10 -0.108198
-1.08231e-10 -0.108231
-1.08264e-10 -0.108264
-1.08298e-10 -0.108298
-1.08331e-10 -0.108331
-1.08364e-10 -0.108364
-1.08398e-10 -0.108398
-1.08431e-10 -0.108431
-1.08464e-10 -0.108464
-1.08497e-10 -0.108497
-1.08531e-10 -0.108531
-1.08564e-10 -0.108564
-1.08597e-10 -0.108597
-1.0863e-10 -0.10863
-1.08664e-10 -0.108664
-1.08697e-10 -0.108697
-1.0873e-10 -0.10873
-1.08764e-10 -0.108764
-1.08797e-10 -0.108797
-1.0883e-10 -0.10883
-1.08863e-10 -0.108863
-1.08897e-10 -0.108897
-1.0893e-10 -0.10893
-1.08963e-10 -0.108963
-1.08996e-10 -0.108996
-1.0903e-10 -0.10903
-1.09063e-10 -0.109063
-1.09096e-10 -0.109096
-1.0913e-10 -0.10913
-1.09163e-10 -0.109163
-1.09196e-10 -0.109196
-1.09229e-10 -0.109229
-1.09263e-10 -0.109263
-1.09296e-10 -0.109296
-1.09329e-10 -0.109329
-1.09362e-10 -0.109362
-1.09396e-10 -0.109396
-1.09429e-10 -0.109429
-1.09462e-10 -0.109462
-1.09496e-10 -0.109496
-1.09529e-10 -0.109529
-1.09562e-10 -0.109562
-1.09595e-10 -0.109595
-1.09629e-10 -0.109629
-1.09662e-10 -0.109662
-1.09695e-10 -0.109695
-1.09728e-10 -0.109728
-1.09762e-10 -0.109762
-1.09795e-10 -0.109795
-1.09828e-10 -0.109828
-1.09862e-10 -0.109862
-1.09895e-10 -0.109895
-1.09928e-10 -0.109928
-1.09961e-10 -0.109961
-1.09995e-10 -0.109995
-1.10028e-10 -0.110028
-1.10061e-10 -0.110061
-1.10094e-10 -0.110094
-1.10128e-10 -0.110128
-1.10161e-10 -0.110161
