-2.31008e-15 -2.31008e-06
-4.62016e-15 -4.62016e-06
-6.93026e-15 -6.93026e-06
-9.24036e-15 -9.24036e-06
-1.15505e-14 -1.15505e-05
-1.38606e-14 -1.38606e-05
-1.61707e-14 -1.61707e-05
-1.84809e-14 -1.84809e-05
-2.07911e-14 -2.07911e-05
-2.31013e-14 -2.31013e-05
3.07439e-15 3.07439e-06
2.92502e-14 2.92502e-05
5.54259e-14 5.54259e-05
8.16017e-14 8.16017e-05
1.07777e-13 0.000107777
1.33953e-13 0.000133953
1.6013e-13 0.00016013
1.86305e-13 0.000186305
2.12481e-13 0.000212481
2.38657e-13 0.000238657
2.64833e-13 0.000264833
2.91009e-13 0.000291009
3.17185e-13 0.000317185
3.43361e-13 0.000343361
3.69537e-13 0.000369537
3.95713e-13 0.000395713
4.21889e-13 0.000421889
4.48066e-13 0.000448066
4.74242e-13 0.000474242
5.00418e-13 0.000500418
5.26594e-13 0.000526594
5.52771e-13 0.000552771
5.78947e-13 0.000578947
6.05123e-13 0.000605123
6.313e-13 0.0006313
6.57476e-13 0.000657476
6.83653e-13 0.000683653
7.09829e-13 0.000709829
7.36006e-13 0.000736006
7.62182e-13 0.000762182
7.88359e-13 0.000788359
8.14535e-13 0.000814535
8.40712e-13 0.000840712
8.66889e-13 0.000866889
8.93065e-13 0.000893065
9.19242e-13 0.000919242
9.45419e-13 0.000945419
9.71596e-13 0.000971596
9.97772e-13 0.000997772
1.02395e-12 0.00102395
1.05013e-12 0.00105013
1.0763e-12 0.0010763
1.10248e-12 0.00110248
1.12866e-12 0.00112866
1.15483e-12 0.00115483
1.18101e-12 0.00118101
1.20719e-12 0.00120719
1.23336e-12 0.00123336
1.25954e-12 0.00125954
1.28572e-12 0.00128572
1.3119e-12 0.0013119
1.33807e-12 0.00133807
1.36425e-12 0.00136425
1.39043e-12 0.00139043
1.41661e-12 0.00141661
1.44278e-12 0.00144278
1.46896e-12 0.00146896
1.49514e-12 0.00149514
1.52131e-12 0.00152131
1.54749e-12 0.00154749
1.57367e-12 0.00157367
1.59985e-12 0.00159985
1.62602e-12 0.00162602
1.6522e-12 0.0016522
1.67838e-12 0.00167838
1.70456e-12 0.00170456
1.73074e-12 0.00173074
1.75691e-12 0.00175691
1.78309e-12 0.00178309
1.80927e-12 0.00180927
1.83545e-12 0.00183545
1.86162e-12 0.00186162
1.8878e-12 0.0018878
1.91398e-12 0.00191398
1.94016e-12 0.00194016
1.96634e-12 0.00196634
1.99251e-12 0.00199251
2.01869e-12 0.00201869
2.04487e-12 0.00204487
2.07105e-12 0.00207105
2.09723e-12 0.00209723
2.1234e-12 0.0021234
2.14958e-12 0.00214958
2.17576e-12 0.00217576
2.20194e-12 0.00220194
2.22812e-12 0.00222812
2.25429e-12 0.00225429
2.28047e-12 0.00228047
2.30665e-12 0.00230665
2.33283e-12 0.00233283
2.35901e-12 0.00235901
2.38519e-12 0.00238519
2.41136e-12 0.00241136
2.43754e-12 0.00243754
2.46372e-12 0.00246372
2.4899e-12 0.0024899
2.51608e-12 0.00251608
2.54226e-12 0.00254226
2.56843e-12 0.00256843
2.59461e-12 0.00259461
2.62079e-12 0.00262079
2.64697e-12 0.00264697
2.67315e-12 0.00267315
2.69933e-12 0.00269933
2.72551e-12 0.00272551
2.75169e-12 0.00275169
2.77787e-12 0.00277787
2.80404e-12 0.00280404
2.83022e-12 0.00283022
2.8564e-12 0.0028564
2.88258e-12 0.00288258
2.90876e-12 0.00290876
2.93494e-12 0.00293494
2.96112e-12 0.00296112
2.9873e-12 0.0029873
3.01348e-12 0.00301348
3.03965e-12 0.00303965
3.06583e-12 0.00306583
3.09201e-12 0.00309201
3.11819e-12 0.00311819
3.14437e-12 0.00314437
3.17055e-12 0.00317055
3.19673e-12 0.00319673
3.22291e-12 0.00322291
3.24909e-12 0.00324909
3.27527e-12 0.00327527
3.30145e-12 0.00330145
3.32763e-12 0.00332763
3.35381e-12 0.00335381
3.37999e-12 0.00337999
3.40617e-12 0.00340617
3.43235e-12 0.00343235
3.45852e-12 0.00345852
3.4847e-12 0.0034847
3.51088e-12 0.00351088
3.53706e-12 0.00353706
3.56324e-12 0.00356324
3.58942e-12 0.00358942
3.6156e-12 0.0036156
3.64178e-12 0.00364178
3.66796e-12 0.00366796
3.69414e-12 0.00369414
3.72032e-12 0.00372032
3.7465e-12 0.0037465
3.77268e-12 0.00377268
3.79886e-12 0.00379886
3.82504e-12 0.00382504
3.85122e-12 0.00385122
3.8774e-12 0.0038774
3.90358e-12 0.00390358
3.92976e-12 0.00392976
3.95594e-12 0.00395594
3.98212e-12 0.00398212
4.0083e-12 0.0040083
4.03448e-12 0.00403448
4.06066e-12 0.00406066
4.08684e-12 0.00408684
4.11302e-12 0.00411302
4.1392e-12 0.0041392
4.16539e-12 0.00416539
4.19157e-12 0.00419157
4.21775e-12 0.00421775
4.24393e-12 0.00424393
4.27011e-12 0.00427011
4.29629e-12 0.00429629
4.32247e-12 0.00432247
4.34865e-12 0.00434865
4.37483e-12 0.00437483
4.40101e-12 0.00440101
4.42719e-12 0.00442719
4.45337e-12 0.00445337
4.47955e-12 0.00447955
4.50573e-12 0.00450573
4.53191e-12 0.00453191
4.55809e-12 0.00455809
4.58428e-12 0.00458428
4.61046e-12 0.00461046
4.63664e-12 0.00463664
4.66282e-12 0.00466282
4.689e-12 0.004689
4.71518e-12 0.00471518
4.74136e-12 0.00474136
4.76754e-12 0.00476754
4.79372e-12 0.00479372
4.8199e-12 0.0048199
4.84609e-12 0.00484609
4.87227e-12 0.00487227
4.89845e-12 0.00489845
4.92463e-12 0.00492463
4.95081e-12 0.00495081
4.97699e-12 0.00497699
5.00317e-12 0.00500317
5.02935e-12 0.00502935
5.05554e-12 0.00505554
5.08172e-12 0.00508172
5.1079e-12 0.0051079
5.13408e-12 0.00513408
5.16026e-12 0.00516026
5.18644e-12 0.00518644
5.21263e-12 0.00521263
5.23881e-12 0.00523881
5.26499e-12 0.00526499
5.29117e-12 0.00529117
5.31735e-12 0.00531735
5.34353e-12 0.00534353
5.36972e-12 0.00536972
5.3959e-12 0.0053959
5.42208e-12 0.00542208
5.44826e-12 0.00544826
5.47444e-12 0.00547444
5.50062e-12 0.00550062
5.52681e-12 0.00552681
5.55299e-12 0.00555299
5.57917e-12 0.00557917
5.60535e-12 0.00560535
5.63153e-12 0.00563153
5.65772e-12 0.00565772
5.6839e-12 0.0056839
5.71008e-12 0.00571008
5.73626e-12 0.00573626
5.76245e-12 0.00576245
5.78863e-12 0.00578863
5.81481e-12 0.00581481
5.84099e-12 0.00584099
5.86717e-12 0.00586717
5.89336e-12 0.00589336
5.91954e-12 0.00591954
5.94572e-12 0.00594572
5.9719e-12 0.0059719
5.99809e-12 0.00599809
6.02427e-12 0.00602427
6.05045e-12 0.00605045
6.07663e-12 0.00607663
6.10282e-12 0.00610282
6.129e-12 0.006129
6.15518e-12 0.00615518
6.18136e-12 0.00618136
6.20755e-12 0.00620755
6.23373e-12 0.00623373
6.25991e-12 0.00625991
6.2861e-12 0.0062861
6.31228e-12 0.00631228
6.33846e-12 0.00633846
6.36464e-12 0.00636464
6.39083e-12 0.00639083
6.41701e-12 0.00641701
6.44319e-12 0.00644319
6.46938e-12 0.00646938
6.49556e-12 0.00649556
6.52174e-12 0.00652174
6.54792e-12 0.00654792
6.57411e-12 0.00657411
6.60029e-12 0.00660029
6.62647e-12 0.00662647
6.65266e-12 0.00665266
6.67884e-12 0.00667884
6.70502e-12 0.00670502
6.73121e-12 0.00673121
6.75739e-12 0.00675739
6.78357e-12 0.00678357
6.80976e-12 0.00680976
6.83594e-12 0.00683594
6.86212e-12 0.00686212
6.88831e-12 0.00688831
6.91449e-12 0.00691449
6.94067e-12 0.00694067
6.96686e-12 0.00696686
6.99304e-12 0.00699304
7.01923e-12 0.00701923
7.04541e-12 0.00704541
7.07159e-12 0.00707159
7.09778e-12 0.00709778
7.12396e-12 0.00712396
7.15014e-12 0.00715014
7.17633e-12 0.00717633
7.20251e-12 0.00720251
7.2287e-12 0.0072287
7.25488e-12 0.00725488
7.28106e-12 0.00728106
7.30725e-12 0.00730725
7.33343e-12 0.00733343
7.35962e-12 0.00735962
7.3858e-12 0.0073858
7.41198e-12 0.00741198
7.43817e-12 0.00743817
7.46435e-12 0.00746435
7.49054e-12 0.00749054
7.51672e-12 0.00751672
7.5429e-12 0.0075429
7.56909e-12 0.00756909
7.59527e-12 0.00759527
7.62146e-12 0.00762146
7.64764e-12 0.00764764
7.67383e-12 0.00767383
7.70001e-12 0.00770001
7.72619e-12 0.00772619
7.75238e-12 0.00775238
7.77856e-12 0.00777856
7.80475e-12 0.00780475
7.83093e-12 0.00783093
7.85712e-12 0.00785712
7.8833e-12 0.0078833
7.90949e-12 0.00790949
7.93567e-12 0.00793567
7.96186e-12 0.00796186
7.98804e-12 0.00798804
8.01422e-12 0.00801422
8.04041e-12 0.00804041
8.06659e-12 0.00806659
8.09278e-12 0.00809278
8.11896e-12 0.00811896
8.14515e-12 0.00814515
8.17133e-12 0.00817133
8.19752e-12 0.00819752
8.2237e-12 0.0082237
8.24989e-12 0.00824989
8.27607e-12 0.00827607
8.30226e-12 0.00830226
8.32844e-12 0.00832844
8.35463e-12 0.00835463
8.38081e-12 0.00838081
8.407e-12 0.008407
8.43318e-12 0.00843318
8.45937e-12 0.00845937
8.48556e-12 0.00848556
8.51174e-12 0.00851174
8.53793e-12 0.00853793
8.56411e-12 0.00856411
8.5903e-12 0.0085903
8.61648e-12 0.00861648
8.64267e-12 0.00864267
8.66885e-12 0.00866885
8.69504e-12 0.00869504
8.72122e-12 0.00872122
8.74741e-12 0.00874741
8.7736e-12 0.0087736
8.79978e-12 0.00879978
8.82597e-12 0.00882597
8.85215e-12 0.00885215
8.87834e-12 0.00887834
8.90452e-12 0.00890452
8.93071e-12 0.00893071
8.9569e-12 0.0089569
8.98308e-12 0.00898308
9.00927e-12 0.00900927
9.03545e-12 0.00903545
9.06164e-12 0.00906164
9.08782e-12 0.00908782
9.11401e-12 0.00911401
9.1402e-12 0.0091402
9.16638e-12 0.00916638
9.19257e-12 0.00919257
9.21876e-12 0.00921876
9.24494e-12 0.00924494
9.27113e-12 0.00927113
9.29731e-12 0.00929731
9.3235e-12 0.0093235
9.34969e-12 0.00934969
9.37587e-12 0.00937587
9.40206e-12 0.00940206
9.42824e-12 0.00942824
9.45443e-12 0.00945443
9.48062e-12 0.00948062
9.5068e-12 0.0095068
9.53299e-12 0.00953299
9.55918e-12 0.00955918
9.58536e-12 0.00958536
9.61155e-12 0.00961155
9.63774e-12 0.00963774
9.66392e-12 0.00966392
9.69011e-12 0.00969011
9.7163e-12 0.0097163
9.74248e-12 0.00974248
9.76867e-12 0.00976867
9.79486e-12 0.00979486
9.82104e-12 0.00982104
9.84723e-12 0.00984723
9.87342e-12 0.00987342
9.8996e-12 0.0098996
9.92579e-12 0.00992579
9.95198e-12 0.00995198
9.97816e-12 0.00997816
1.00044e-11 0.0100044
1.00305e-11 0.0100305
1.00567e-11 0.0100567
1.00829e-11 0.0100829
1.01091e-11 0.0101091
1.01353e-11 0.0101353
1.01615e-11 0.0101615
1.01877e-11 0.0101877
1.02138e-11 0.0102138
1.024e-11 0.01024
1.02662e-11 0.0102662
1.02924e-11 0.0102924
1.03186e-11 0.0103186
1.03448e-11 0.0103448
1.0371e-11 0.010371
1.03972e-11 0.0103972
1.04233e-11 0.0104233
1.04495e-11 0.0104495
1.04757e-11 0.0104757
1.05019e-11 0.0105019
1.05281e-11 0.0105281
1.05543e-11 0.0105543
1.05805e-11 0.0105805
1.06067e-11 0.0106067
1.06328e-11 0.0106328
1.0659e-11 0.010659
1.06852e-11 0.0106852
1.07114e-11 0.0107114
1.07376e-11 0.0107376
1.07638e-11 0.0107638
1.079e-11 0.01079
1.08162e-11 0.0108162
1.08424e-11 0.0108424
1.08685e-11 0.0108685
1.08947e-11 0.0108947
1.09209e-11 0.0109209
1.09471e-11 0.0109471
1.09733e-11 0.0109733
1.09995e-11 0.0109995
1.10257e-11 0.0110257
1.10519e-11 0.0110519
1.1078e-11 0.011078
1.11042e-11 0.0111042
1.11304e-11 0.0111304
1.11566e-11 0.0111566
1.11828e-11 0.0111828
1.1209e-11 0.011209
1.12352e-11 0.0112352
1.12614e-11 0.0112614
1.12876e-11 0.0112876
1.13137e-11 0.0113137
1.13399e-11 0.0113399
1.13661e-11 0.0113661
1.13923e-11 0.0113923
1.14185e-11 0.0114185
1.14447e-11 0.0114447
1.14709e-11 0.0114709
1.14971e-11 0.0114971
1.15232e-11 0.0115232
1.15494e-11 0.0115494
1.15756e-11 0.0115756
1.16018e-11 0.0116018
1.1628e-11 0.011628
1.16542e-11 0.0116542
1.16804e-11 0.0116804
1.17066e-11 0.0117066
1.17328e-11 0.0117328
1.17589e-11 0.0117589
1.17851e-11 0.0117851
1.18113e-11 0.0118113
1.18375e-11 0.0118375
1.18637e-11 0.0118637
1.18899e-11 0.0118899
1.19161e-11 0.0119161
1.19423e-11 0.0119423
1.19685e-11 0.0119685
1.19947e-11 0.0119947
1.20208e-11 0.0120208
1.2047e-11 0.012047
1.20732e-11 0.0120732
1.20994e-11 0.0120994
1.21256e-11 0.0121256
1.21518e-11 0.0121518
1.2178e-11 0.012178
1.22042e-11 0.0122042
1.22304e-11 0.0122304
1.22565e-11 0.0122565
1.22827e-11 0.0122827
1.23089e-11 0.0123089
1.23351e-11 0.0123351
1.23613e-11 0.0123613
1.23875e-11 0.0123875
1.24137e-11 0.0124137
1.24399e-11 0.0124399
1.24661e-11 0.0124661
1.24923e-11 0.0124923
1.25184e-11 0.0125184
1.25446e-11 0.0125446
1.25708e-11 0.0125708
1.2597e-11 0.012597
1.26232e-11 0.0126232
1.26494e-11 0.0126494
1.26756e-11 0.0126756
1.27018e-11 0.0127018
1.2728e-11 0.012728
1.27542e-11 0.0127542
1.27803e-11 0.0127803
1.28065e-11 0.0128065
1.28327e-11 0.0128327
1.28589e-11 0.0128589
1.28851e-11 0.0128851
1.29113e-11 0.0129113
1.29375e-11 0.0129375
1.29637e-11 0.0129637
1.29899e-11 0.0129899
1.30161e-11 0.0130161
1.30422e-11 0.0130422
1.30684e-11 0.0130684
1.30946e-11 0.0130946
1.31208e-11 0.0131208
1.3147e-11 0.013147
1.31732e-11 0.0131732
1.31994e-11 0.0131994
1.32256e-11 0.0132256
1.32518e-11 0.0132518
1.3278e-11 0.013278
1.33042e-11 0.0133042
1.33303e-11 0.0133303
1.33565e-11 0.0133565
1.33827e-11 0.0133827
1.34089e-11 0.0134089
1.34351e-11 0.0134351
1.34613e-11 0.0134613
1.34875e-11 0.0134875
1.35137e-11 0.0135137
1.35399e-11 0.0135399
1.35661e-11 0.0135661
1.35923e-11 0.0135923
1.36184e-11 0.0136184
1.36446e-11 0.0136446
1.36708e-11 0.0136708
1.3697e-11 0.013697
1.37232e-11 0.0137232
1.37494e-11 0.0137494
1.37756e-11 0.0137756
1.38018e-11 0.0138018
1.3828e-11 0.013828
1.38542e-11 0.0138542
1.38804e-11 0.0138804
1.39065e-11 0.0139065
1.39327e-11 0.0139327
1.39589e-11 0.0139589
1.39851e-11 0.0139851
1.40113e-11 0.0140113
1.40375e-11 0.0140375
1.40637e-11 0.0140637
1.40899e-11 0.0140899
1.41161e-11 0.0141161
1.41423e-11 0.0141423
1.41685e-11 0.0141685
1.41947e-11 0.0141947
1.42208e-11 0.0142208
1.4247e-11 0.014247
1.42732e-11 0.0142732
1.42994e-11 0.0142994
1.43256e-11 0.0143256
1.43518e-11 0.0143518
1.4378e-11 0.014378
1.44042e-11 0.0144042
1.44304e-11 0.0144304
1.44566e-11 0.0144566
1.44828e-11 0.0144828
1.4509e-11 0.014509
1.45351e-11 0.0145351
1.45613e-11 0.0145613
1.45875e-11 0.0145875
1.46137e-11 0.0146137
1.46399e-11 0.0146399
1.46661e-11 0.0146661
1.46923e-11 0.0146923
1.47185e-11 0.0147185
1.47447e-11 0.0147447
1.47709e-11 0.0147709
1.47971e-11 0.0147971
1.48233e-11 0.0148233
1.48495e-11 0.0148495
1.48756e-11 0.0148756
1.49018e-11 0.0149018
1.4928e-11 0.014928
1.49542e-11 0.0149542
1.49804e-11 0.0149804
1.50066e-11 0.0150066
1.50328e-11 0.0150328
1.5059e-11 0.015059
1.50852e-11 0.0150852
1.51114e-11 0.0151114
1.51376e-11 0.0151376
1.51638e-11 0.0151638
1.519e-11 0.01519
1.52162e-11 0.0152162
1.52423e-11 0.0152423
1.52685e-11 0.0152685
1.52947e-11 0.0152947
1.53209e-11 0.0153209
1.53471e-11 0.0153471
1.53733e-11 0.0153733
1.53995e-11 0.0153995
1.54257e-11 0.0154257
1.54519e-11 0.0154519
1.54781e-11 0.0154781
1.55043e-11 0.0155043
1.55305e-11 0.0155305
1.55567e-11 0.0155567
1.55829e-11 0.0155829
1.56091e-11 0.0156091
1.56352e-11 0.0156352
1.56614e-11 0.0156614
1.56876e-11 0.0156876
1.57138e-11 0.0157138
1.574e-11 0.01574
1.57662e-11 0.0157662
1.57924e-11 0.0157924
1.58186e-11 0.0158186
1.58448e-11 0.0158448
1.5871e-11 0.015871
1.58972e-11 0.0158972
1.59234e-11 0.0159234
1.59496e-11 0.0159496
1.59758e-11 0.0159758
1.6002e-11 0.016002
1.60281e-11 0.0160281
1.60543e-11 0.0160543
1.60805e-11 0.0160805
1.61067e-11 0.0161067
1.61329e-11 0.0161329
1.61591e-11 0.0161591
1.61853e-11 0.0161853
1.62115e-11 0.0162115
1.62377e-11 0.0162377
1.62639e-11 0.0162639
1.62901e-11 0.0162901
1.63163e-11 0.0163163
1.63425e-11 0.0163425
1.63687e-11 0.0163687
1.63949e-11 0.0163949
1.64211e-11 0.0164211
1.64473e-11 0.0164473
1.64734e-11 0.0164734
1.64996e-11 0.0164996
1.65258e-11 0.0165258
1.6552e-11 0.016552
1.65782e-11 0.0165782
1.66044e-11 0.0166044
1.66306e-11 0.0166306
1.66568e-11 0.0166568
1.6683e-11 0.016683
1.67092e-11 0.0167092
1.67354e-11 0.0167354
1.67616e-11 0.0167616
1.67878e-11 0.0167878
1.6814e-11 0.016814
1.68402e-11 0.0168402
1.68664e-11 0.0168664
1.68926e-11 0.0168926
1.69188e-11 0.0169188
1.69449e-11 0.0169449
1.69711e-11 0.0169711
1.69973e-11 0.0169973
1.70235e-11 0.0170235
1.70497e-11 0.0170497
1.70759e-11 0.0170759
1.71021e-11 0.0171021
1.71283e-11 0.0171283
1.71545e-11 0.0171545
1.71807e-11 0.0171807
1.72069e-11 0.0172069
1.72331e-11 0.0172331
1.72593e-11 0.0172593
1.72855e-11 0.0172855
1.73117e-11 0.0173117
1.73379e-11 0.0173379
1.73641e-11 0.0173641
1.73903e-11 0.0173903
1.74165e-11 0.0174165
1.74427e-11 0.0174427
1.74689e-11 0.0174689
1.7495e-11 0.017495
1.75212e-11 0.0175212
1.75474e-11 0.0175474
1.75736e-11 0.0175736
1.75998e-11 0.0175998
1.7626e-11 0.017626
1.76522e-11 0.0176522
1.76784e-11 0.0176784
1.77046e-11 0.0177046
1.77308e-11 0.0177308
1.7757e-11 0.017757
1.77832e-11 0.0177832
1.78094e-11 0.0178094
1.78356e-11 0.0178356
1.78618e-11 0.0178618
1.7888e-11 0.017888
1.79142e-11 0.0179142
1.79404e-11 0.0179404
1.79666e-11 0.0179666
1.79928e-11 0.0179928
1.8019e-11 0.018019
1.80452e-11 0.0180452
1.80714e-11 0.0180714
1.80976e-11 0.0180976
1.81237e-11 0.0181237
1.81499e-11 0.0181499
1.81761e-11 0.0181761
1.82023e-11 0.0182023
1.82285e-11 0.0182285
1.82547e-11 0.0182547
1.82809e-11 0.0182809
1.83071e-11 0.0183071
1.83333e-11 0.0183333
1.83595e-11 0.0183595
1.83857e-11 0.0183857
1.84119e-11 0.0184119
1.84381e-11 0.0184381
1.84643e-11 0.0184643
1.84905e-11 0.0184905
1.85167e-11 0.0185167
1.85429e-11 0.0185429
1.85691e-11 0.0185691
1.85953e-11 0.0185953
1.86215e-11 0.0186215
1.86477e-11 0.0186477
1.86739e-11 0.0186739
1.87001e-11 0.0187001
1.87263e-11 0.0187263
1.87525e-11 0.0187525
1.87787e-11 0.0187787
1.88049e-11 0.0188049
1.88311e-11 0.0188311
1.88573e-11 0.0188573
1.88835e-11 0.0188835
1.89096e-11 0.0189096
1.89358e-11 0.0189358
1.8962e-11 0.018962
1.89882e-11 0.0189882
1.90144e-11 0.0190144
1.90406e-11 0.0190406
1.90668e-11 0.0190668
1.9093e-11 0.019093
1.91192e-11 0.0191192
1.91454e-11 0.0191454
1.91716e-11 0.0191716
1.91978e-11 0.0191978
1.9224e-11 0.019224
1.92502e-11 0.0192502
1.92764e-11 0.0192764
1.93026e-11 0.0193026
1.93288e-11 0.0193288
1.9355e-11 0.019355
1.93812e-11 0.0193812
1.94074e-11 0.0194074
1.94336e-11 0.0194336
1.94598e-11 0.0194598
1.9486e-11 0.019486
1.95122e-11 0.0195122
1.95384e-11 0.0195384
1.95646e-11 0.0195646
1.95908e-11 0.0195908
1.9617e-11 0.019617
1.96432e-11 0.0196432
1.96694e-11 0.0196694
1.96956e-11 0.0196956
1.97218e-11 0.0197218
1.9748e-11 0.019748
1.97742e-11 0.0197742
1.98004e-11 0.0198004
1.98266e-11 0.0198266
1.98528e-11 0.0198528
1.9879e-11 0.019879
1.99052e-11 0.0199052
1.99314e-11 0.0199314
1.99576e-11 0.0199576
1.99838e-11 0.0199838
2.001e-11 0.02001
2.00361e-11 0.0200361
2.00623e-11 0.0200623
2.00885e-11 0.0200885
2.01147e-11 0.0201147
2.01409e-11 0.0201409
2.01671e-11 0.0201671
2.01933e-11 0.0201933
2.02195e-11 0.0202195
2.02457e-11 0.0202457
2.02719e-11 0.0202719
2.02981e-11 0.0202981
2.03243e-11 0.0203243
2.03505e-11 0.0203505
2.03767e-11 0.0203767
2.04029e-11 0.0204029
2.04291e-11 0.0204291
2.04553e-11 0.0204553
2.04815e-11 0.0204815
2.05077e-11 0.0205077
2.05339e-11 0.0205339
2.05601e-11 0.0205601
2.05863e-11 0.0205863
2.06125e-11 0.0206125
2.06387e-11 0.0206387
2.06649e-11 0.0206649
2.06911e-11 0.0206911
2.07173e-11 0.0207173
2.07435e-11 0.0207435
2.07697e-11 0.0207697
2.07959e-11 0.0207959
2.08221e-11 0.0208221
2.08483e-11 0.0208483
2.08745e-11 0.0208745
2.09007e-11 0.0209007
2.09269e-11 0.0209269
2.09531e-11 0.0209531
2.09793e-11 0.0209793
2.10055e-11 0.0210055
2.10317e-11 0.0210317
2.10579e-11 0.0210579
2.10841e-11 0.0210841
2.11103e-11 0.0211103
2.11365e-11 0.0211365
2.11627e-11 0.0211627
2.11889e-11 0.0211889
2.12151e-11 0.0212151
2.12413e-11 0.0212413
2.12675e-11 0.0212675
2.12937e-11 0.0212937
2.13199e-11 0.0213199
2.13461e-11 0.0213461
2.13723e-11 0.0213723
2.13985e-11 0.0213985
2.14247e-11 0.0214247
2.14509e-11 0.0214509
2.14771e-11 0.0214771
2.15033e-11 0.0215033
2.15295e-11 0.0215295
2.15557e-11 0.0215557
2.15819e-11 0.0215819
2.16081e-11 0.0216081
2.16343e-11 0.0216343
2.16605e-11 0.0216605
2.16867e-11 0.0216867
2.17129e-11 0.0217129
2.17391e-11 0.0217391
2.17653e-11 0.0217653
2.17915e-11 0.0217915
2.18177e-11 0.0218177
2.18439e-11 0.0218439
2.18701e-11 0.0218701
2.18963e-11 0.0218963
2.19225e-11 0.0219225
2.19487e-11 0.0219487
2.19749e-11 0.0219749
2.20011e-11 0.0220011
2.20273e-11 0.0220273
2.20535e-11 0.0220535
2.20797e-11 0.0220797
2.21059e-11 0.0221059
2.21321e-11 0.0221321
2.21583e-11 0.0221583
2.21845e-11 0.0221845
2.22107e-11 0.0222107
2.22369e-11 0.0222369
2.22631e-11 0.0222631
2.22893e-11 0.0222893
2.23155e-11 0.0223155
2.23417e-11 0.0223417
2.23679e-11 0.0223679
2.23962e-11 0.0223962
2.24281e-11 0.0224281
2.246e-11 0.02246
2.2492e-11 0.022492
2.25239e-11 0.0225239
2.25559e-11 0.0225559
2.25878e-11 0.0225878
2.26197e-11 0.0226197
2.26527e-11 0.0226527
2.26874e-11 0.0226874
2.2722e-11 0.022722
2.27567e-11 0.0227567
2.27914e-11 0.0227914
2.2826e-11 0.022826
2.28607e-11 0.0228607
2.28954e-11 0.0228954
2.293e-11 0.02293
2.29647e-11 0.0229647
2.29993e-11 0.0229993
2.3034e-11 0.023034
2.30687e-11 0.0230687
2.31033e-11 0.0231033
2.3138e-11 0.023138
2.31727e-11 0.0231727
2.32073e-11 0.0232073
2.3242e-11 0.023242
2.32767e-11 0.0232767
2.33113e-11 0.0233113
2.3346e-11 0.023346
2.33806e-11 0.0233806
2.34153e-11 0.0234153
2.345e-11 0.02345
2.34846e-11 0.0234846
2.35193e-11 0.0235193
2.3554e-11 0.023554
2.35886e-11 0.0235886
2.36233e-11 0.0236233
2.36579e-11 0.0236579
2.36926e-11 0.0236926
2.37273e-11 0.0237273
2.37619e-11 0.0237619
2.37966e-11 0.0237966
2.38313e-11 0.0238313
2.38659e-11 0.0238659
2.39006e-11 0.0239006
2.39353e-11 0.0239353
2.39699e-11 0.0239699
2.40046e-11 0.0240046
2.40392e-11 0.0240392
2.40739e-11 0.0240739
2.41086e-11 0.0241086
2.41432e-11 0.0241432
2.41779e-11 0.0241779
2.42126e-11 0.0242126
2.42472e-11 0.0242472
2.42819e-11 0.0242819
2.43165e-11 0.0243165
2.43512e-11 0.0243512
2.43859e-11 0.0243859
2.44205e-11 0.0244205
2.44552e-11 0.0244552
2.44899e-11 0.0244899
2.45245e-11 0.0245245
2.45592e-11 0.0245592
2.45939e-11 0.0245939
2.46285e-11 0.0246285
2.46632e-11 0.0246632
2.46978e-11 0.0246978
2.47325e-11 0.0247325
2.47672e-11 0.0247672
2.48018e-11 0.0248018
2.48365e-11 0.0248365
2.48712e-11 0.0248712
2.49058e-11 0.0249058
2.49405e-11 0.0249405
2.49751e-11 0.0249751
2.50098e-11 0.0250098
2.50445e-11 0.0250445
2.50791e-11 0.0250791
2.51138e-11 0.0251138
2.51485e-11 0.0251485
2.51831e-11 0.0251831
2.52178e-11 0.0252178
2.52525e-11 0.0252525
2.52871e-11 0.0252871
2.53218e-11 0.0253218
2.53564e-11 0.0253564
2.53911e-11 0.0253911
2.54258e-11 0.0254258
2.54604e-11 0.0254604
2.54951e-11 0.0254951
2.55298e-11 0.0255298
2.55644e-11 0.0255644
2.55991e-11 0.0255991
2.56337e-11 0.0256337
2.56684e-11 0.0256684
2.57031e-11 0.0257031
2.57377e-11 0.0257377
2.57724e-11 0.0257724
2.58071e-11 0.0258071
2.58417e-11 0.0258417
2.58764e-11 0.0258764
2.5911e-11 0.025911
2.59457e-11 0.0259457
2.59804e-11 0.0259804
2.6015e-11 0.026015
2.60497e-11 0.0260497
2.60844e-11 0.0260844
2.6119e-11 0.026119
2.61537e-11 0.0261537
2.61884e-11 0.0261884
2.6223e-11 0.026223
2.62577e-11 0.0262577
2.62923e-11 0.0262923
2.6327e-11 0.026327
2.63617e-11 0.0263617
2.63963e-11 0.0263963
2.6431e-11 0.026431
2.64657e-11 0.0264657
2.65003e-11 0.0265003
2.6535e-11 0.026535
2.65696e-11 0.0265696
2.66043e-11 0.0266043
2.6639e-11 0.026639
2.66736e-11 0.0266736
2.67083e-11 0.0267083
2.6743e-11 0.026743
2.67776e-11 0.0267776
2.68123e-11 0.0268123
2.68469e-11 0.0268469
2.68816e-11 0.0268816
2.69163e-11 0.0269163
2.69509e-11 0.0269509
2.69856e-11 0.0269856
2.70203e-11 0.0270203
2.70549e-11 0.0270549
2.70896e-11 0.0270896
2.71243e-11 0.0271243
2.71589e-11 0.0271589
2.71936e-11 0.0271936
2.72282e-11 0.0272282
2.72629e-11 0.0272629
2.72976e-11 0.0272976
2.73322e-11 0.0273322
2.73669e-11 0.0273669
2.74016e-11 0.0274016
2.74362e-11 0.0274362
2.74709e-11 0.0274709
2.75055e-11 0.0275055
2.75402e-11 0.0275402
2.75749e-11 0.0275749
2.76095e-11 0.0276095
2.76442e-11 0.0276442
2.76789e-11 0.0276789
2.77135e-11 0.0277135
2.77482e-11 0.0277482
2.77828e-11 0.0277828
2.78175e-11 0.0278175
2.78522e-11 0.0278522
2.78868e-11 0.0278868
2.79215e-11 0.0279215
2.79562e-11 0.0279562
2.79908e-11 0.0279908
2.80255e-11 0.0280255
2.80601e-11 0.0280601
2.80948e-11 0.0280948
2.81295e-11 0.0281295
2.81641e-11 0.0281641
2.81988e-11 0.0281988
2.82335e-11 0.0282335
2.82681e-11 0.0282681
2.83028e-11 0.0283028
2.83374e-11 0.0283374
2.83721e-11 0.0283721
2.84068e-11 0.0284068
2.84414e-11 0.0284414
2.84761e-11 0.0284761
2.85108e-11 0.0285108
2.85454e-11 0.0285454
2.85801e-11 0.0285801
2.86147e-11 0.0286147
2.86494e-11 0.0286494
2.86841e-11 0.0286841
2.87187e-11 0.0287187
2.87534e-11 0.0287534
2.87881e-11 0.0287881
2.88227e-11 0.0288227
2.88574e-11 0.0288574
2.88921e-11 0.0288921
2.89267e-11 0.0289267
2.89614e-11 0.0289614
2.8996e-11 0.028996
2.90307e-11 0.0290307
2.90654e-11 0.0290654
2.91e-11 0.0291
2.91347e-11 0.0291347
2.91694e-11 0.0291694
2.9204e-11 0.029204
2.92387e-11 0.0292387
2.92733e-11 0.0292733
2.9308e-11 0.029308
2.93427e-11 0.0293427
2.93773e-11 0.0293773
2.9412e-11 0.029412
2.94467e-11 0.0294467
2.94813e-11 0.0294813
2.9516e-11 0.029516
2.95506e-11 0.0295506
2.95853e-11 0.0295853
2.962e-11 0.02962
2.96546e-11 0.0296546
2.96893e-11 0.0296893
2.9724e-11 0.029724
2.97586e-11 0.0297586
2.97933e-11 0.0297933
2.98279e-11 0.0298279
2.98626e-11 0.0298626
2.98973e-11 0.0298973
2.99319e-11 0.0299319
2.99666e-11 0.0299666
3.00013e-11 0.0300013
3.00359e-11 0.0300359
3.00706e-11 0.0300706
3.01052e-11 0.0301052
3.01399e-11 0.0301399
3.01746e-11 0.0301746
3.02092e-11 0.0302092
3.02439e-11 0.0302439
3.02786e-11 0.0302786
3.03132e-11 0.0303132
3.03479e-11 0.0303479
3.03825e-11 0.0303825
3.04172e-11 0.0304172
3.04519e-11 0.0304519
3.04865e-11 0.0304865
3.05212e-11 0.0305212
3.05559e-11 0.0305559
3.05905e-11 0.0305905
3.06252e-11 0.0306252
3.06598e-11 0.0306598
3.06945e-11 0.0306945
3.07292e-11 0.0307292
3.07638e-11 0.0307638
3.07985e-11 0.0307985
3.08332e-11 0.0308332
3.08678e-11 0.0308678
3.09025e-11 0.0309025
3.09371e-11 0.0309371
3.09718e-11 0.0309718
3.10065e-11 0.0310065
3.10411e-11 0.0310411
3.10758e-11 0.0310758
3.11104e-11 0.0311104
3.11451e-11 0.0311451
3.11798e-11 0.0311798
3.12144e-11 0.0312144
3.12491e-11 0.0312491
3.12838e-11 0.0312838
3.13184e-11 0.0313184
3.13531e-11 0.0313531
3.13877e-11 0.0313877
3.14224e-11 0.0314224
3.14571e-11 0.0314571
3.14917e-11 0.0314917
3.15264e-11 0.0315264
3.15611e-11 0.0315611
3.15957e-11 0.0315957
3.16304e-11 0.0316304
3.1665e-11 0.031665
3.16997e-11 0.0316997
3.17344e-11 0.0317344
3.1769e-11 0.031769
3.18037e-11 0.0318037
3.18384e-11 0.0318384
3.1873e-11 0.031873
3.19077e-11 0.0319077
3.19423e-11 0.0319423
3.1977e-11 0.031977
3.20117e-11 0.0320117
3.20463e-11 0.0320463
3.2081e-11 0.032081
3.21157e-11 0.0321157
3.21503e-11 0.0321503
3.2185e-11 0.032185
3.22196e-11 0.0322196
3.22543e-11 0.0322543
3.2289e-11 0.032289
3.23236e-11 0.0323236
3.23583e-11 0.0323583
3.2393e-11 0.032393
3.24276e-11 0.0324276
3.24623e-11 0.0324623
3.24969e-11 0.0324969
3.25316e-11 0.0325316
3.25663e-11 0.0325663
3.26009e-11 0.0326009
3.26356e-11 0.0326356
3.26703e-11 0.0326703
3.27049e-11 0.0327049
3.27396e-11 0.0327396
3.27742e-11 0.0327742
3.28089e-11 0.0328089
3.28436e-11 0.0328436
3.28782e-11 0.0328782
3.29129e-11 0.0329129
3.29475e-11 0.0329475
3.29822e-11 0.0329822
3.30169e-11 0.0330169
3.30515e-11 0.0330515
3.30862e-11 0.0330862
3.31209e-11 0.0331209
3.31555e-11 0.0331555
3.31902e-11 0.0331902
3.32248e-11 0.0332248
3.32595e-11 0.0332595
3.32942e-11 0.0332942
3.33288e-11 0.0333288
3.33635e-11 0.0333635
3.33982e-11 0.0333982
3.34328e-11 0.0334328
3.34675e-11 0.0334675
3.35021e-11 0.0335021
3.35368e-11 0.0335368
3.35715e-11 0.0335715
3.36061e-11 0.0336061
3.36408e-11 0.0336408
3.36755e-11 0.0336755
3.37101e-11 0.0337101
3.37448e-11 0.0337448
3.37794e-11 0.0337794
3.38141e-11 0.0338141
3.38488e-11 0.0338488
3.38834e-11 0.0338834
3.39181e-11 0.0339181
3.39527e-11 0.0339527
3.39874e-11 0.0339874
3.40221e-11 0.0340221
3.40567e-11 0.0340567
3.40914e-11 0.0340914
3.41261e-11 0.0341261
3.41607e-11 0.0341607
3.41954e-11 0.0341954
3.423e-11 0.03423
3.42647e-11 0.0342647
3.42994e-11 0.0342994
3.4334e-11 0.034334
3.43687e-11 0.0343687
3.44034e-11 0.0344034
3.4438e-11 0.034438
3.44727e-11 0.0344727
3.45073e-11 0.0345073
3.4542e-11 0.034542
3.45767e-11 0.0345767
3.46113e-11 0.0346113
3.4646e-11 0.034646
3.46806e-11 0.0346806
3.47153e-11 0.0347153
3.475e-11 0.03475
3.47846e-11 0.0347846
3.48193e-11 0.0348193
3.4854e-11 0.034854
3.48886e-11 0.0348886
3.49233e-11 0.0349233
3.49579e-11 0.0349579
3.49926e-11 0.0349926
3.50273e-11 0.0350273
3.50619e-11 0.0350619
3.50966e-11 0.0350966
3.51313e-11 0.0351313
3.51659e-11 0.0351659
3.52006e-11 0.0352006
3.52352e-11 0.0352352
3.52699e-11 0.0352699
3.53046e-11 0.0353046
3.53392e-11 0.0353392
3.53739e-11 0.0353739
3.54085e-11 0.0354085
3.54432e-11 0.0354432
3.54779e-11 0.0354779
3.55125e-11 0.0355125
3.55472e-11 0.0355472
3.55819e-11 0.0355819
3.56165e-11 0.0356165
3.56512e-11 0.0356512
3.56858e-11 0.0356858
3.57205e-11 0.0357205
3.57552e-11 0.0357552
3.57898e-11 0.0357898
3.58245e-11 0.0358245
3.58592e-11 0.0358592
3.58938e-11 0.0358938
3.59285e-11 0.0359285
3.59631e-11 0.0359631
3.59978e-11 0.0359978
3.60325e-11 0.0360325
3.60671e-11 0.0360671
3.61018e-11 0.0361018
3.61364e-11 0.0361364
3.61711e-11 0.0361711
3.62058e-11 0.0362058
3.62404e-11 0.0362404
3.62751e-11 0.0362751
3.63098e-11 0.0363098
3.63444e-11 0.0363444
3.63791e-11 0.0363791
3.64137e-11 0.0364137
3.64484e-11 0.0364484
3.64831e-11 0.0364831
3.65177e-11 0.0365177
3.65524e-11 0.0365524
3.6587e-11 0.036587
3.66217e-11 0.0366217
3.66564e-11 0.0366564
3.6691e-11 0.036691
3.67257e-11 0.0367257
3.67604e-11 0.0367604
3.6795e-11 0.036795
3.68297e-11 0.0368297
3.68643e-11 0.0368643
3.6899e-11 0.036899
3.69337e-11 0.0369337
3.69683e-11 0.0369683
3.7003e-11 0.037003
3.70376e-11 0.0370376
3.70723e-11 0.0370723
3.7107e-11 0.037107
3.71416e-11 0.0371416
3.71763e-11 0.0371763
3.7211e-11 0.037211
3.72456e-11 0.0372456
3.72803e-11 0.0372803
3.73149e-11 0.0373149
3.73496e-11 0.0373496
3.73843e-11 0.0373843
3.74189e-11 0.0374189
3.74536e-11 0.0374536
3.74882e-11 0.0374882
3.75229e-11 0.0375229
3.75576e-11 0.0375576
3.75922e-11 0.0375922
3.76269e-11 0.0376269
3.76616e-11 0.0376616
3.76962e-11 0.0376962
3.77309e-11 0.0377309
3.77655e-11 0.0377655
3.78002e-11 0.0378002
3.78349e-11 0.0378349
3.78695e-11 0.0378695
3.79042e-11 0.0379042
3.79388e-11 0.0379388
3.79735e-11 0.0379735
3.80082e-11 0.0380082
3.80428e-11 0.0380428
3.80775e-11 0.0380775
3.81122e-11 0.0381122
3.81468e-11 0.0381468
3.81815e-11 0.0381815
3.82161e-11 0.0382161
3.82508e-11 0.0382508
3.82855e-11 0.0382855
3.83201e-11 0.0383201
3.83548e-11 0.0383548
3.83894e-11 0.0383894
3.84241e-11 0.0384241
3.84588e-11 0.0384588
3.84934e-11 0.0384934
3.85281e-11 0.0385281
3.85628e-11 0.0385628
3.85974e-11 0.0385974
3.86321e-11 0.0386321
3.86667e-11 0.0386667
3.87014e-11 0.0387014
3.87361e-11 0.0387361
3.87707e-11 0.0387707
3.88054e-11 0.0388054
3.884e-11 0.03884
3.88747e-11 0.0388747
3.89094e-11 0.0389094
3.8944e-11 0.038944
3.89787e-11 0.0389787
3.90134e-11 0.0390134
3.9048e-11 0.039048
3.90827e-11 0.0390827
3.91173e-11 0.0391173
3.9152e-11 0.039152
3.91867e-11 0.0391867
3.92213e-11 0.0392213
3.9256e-11 0.039256
3.92906e-11 0.0392906
3.93253e-11 0.0393253
3.936e-11 0.03936
3.93946e-11 0.0393946
3.94293e-11 0.0394293
3.9464e-11 0.039464
3.94986e-11 0.0394986
3.95333e-11 0.0395333
3.95679e-11 0.0395679
3.96026e-11 0.0396026
3.96373e-11 0.0396373
3.96719e-11 0.0396719
3.97066e-11 0.0397066
3.97412e-11 0.0397412
3.97759e-11 0.0397759
3.98106e-11 0.0398106
3.98452e-11 0.0398452
3.98799e-11 0.0398799
3.99145e-11 0.0399145
3.99492e-11 0.0399492
3.99839e-11 0.0399839
4.00185e-11 0.0400185
4.00532e-11 0.0400532
4.00879e-11 0.0400879
4.01225e-11 0.0401225
4.01572e-11 0.0401572
4.01918e-11 0.0401918
4.02265e-11 0.0402265
4.02612e-11 0.0402612
4.02958e-11 0.0402958
4.03305e-11 0.0403305
4.03651e-11 0.0403651
4.03998e-11 0.0403998
4.04345e-11 0.0404345
4.04691e-11 0.0404691
4.05038e-11 0.0405038
4.05385e-11 0.0405385
4.05731e-11 0.0405731
4.06078e-11 0.0406078
4.06424e-11 0.0406424
4.06771e-11 0.0406771
4.07118e-11 0.0407118
4.07464e-11 0.0407464
4.07811e-11 0.0407811
4.08157e-11 0.0408157
4.08504e-11 0.0408504
4.08851e-11 0.0408851
4.09197e-11 0.0409197
4.09544e-11 0.0409544
4.0989e-11 0.040989
4.10237e-11 0.0410237
4.10584e-11 0.0410584
4.1093e-11 0.041093
4.11277e-11 0.0411277
4.11624e-11 0.0411624
4.1197e-11 0.041197
4.12317e-11 0.0412317
4.12663e-11 0.0412663
4.1301e-11 0.041301
4.13357e-11 0.0413357
4.13703e-11 0.0413703
4.1405e-11 0.041405
4.14396e-11 0.0414396
4.14743e-11 0.0414743
4.1509e-11 0.041509
4.15436e-11 0.0415436
4.15783e-11 0.0415783
4.16129e-11 0.0416129
4.16476e-11 0.0416476
4.16823e-11 0.0416823
4.17169e-11 0.0417169
4.17516e-11 0.0417516
4.17863e-11 0.0417863
4.18209e-11 0.0418209
4.18556e-11 0.0418556
4.18902e-11 0.0418902
4.19249e-11 0.0419249
4.19596e-11 0.0419596
4.19942e-11 0.0419942
4.20289e-11 0.0420289
4.20635e-11 0.0420635
4.20982e-11 0.0420982
4.21329e-11 0.0421329
4.21675e-11 0.0421675
4.22022e-11 0.0422022
4.22368e-11 0.0422368
4.22715e-11 0.0422715
4.23062e-11 0.0423062
4.23408e-11 0.0423408
4.23755e-11 0.0423755
4.24101e-11 0.0424101
4.24448e-11 0.0424448
4.24795e-11 0.0424795
4.25141e-11 0.0425141
4.25488e-11 0.0425488
4.25835e-11 0.0425835
4.26181e-11 0.0426181
4.26528e-11 0.0426528
4.26874e-11 0.0426874
4.27221e-11 0.0427221
4.27568e-11 0.0427568
4.27914e-11 0.0427914
4.28261e-11 0.0428261
4.28607e-11 0.0428607
4.28954e-11 0.0428954
4.29301e-11 0.0429301
4.29647e-11 0.0429647
4.29994e-11 0.0429994
4.3034e-11 0.043034
4.30687e-11 0.0430687
4.31034e-11 0.0431034
4.3138e-11 0.043138
4.31727e-11 0.0431727
4.32073e-11 0.0432073
4.3242e-11 0.043242
4.32767e-11 0.0432767
4.33113e-11 0.0433113
4.3346e-11 0.043346
4.33807e-11 0.0433807
4.34153e-11 0.0434153
4.345e-11 0.04345
4.34846e-11 0.0434846
4.35193e-11 0.0435193
4.3554e-11 0.043554
4.35886e-11 0.0435886
4.36233e-11 0.0436233
4.36579e-11 0.0436579
4.36926e-11 0.0436926
4.37273e-11 0.0437273
4.37619e-11 0.0437619
4.37966e-11 0.0437966
4.38312e-11 0.0438312
4.38659e-11 0.0438659
4.39006e-11 0.0439006
4.39352e-11 0.0439352
4.39699e-11 0.0439699
4.40045e-11 0.0440045
4.40392e-11 0.0440392
4.40739e-11 0.0440739
4.41085e-11 0.0441085
4.41432e-11 0.0441432
4.41779e-11 0.0441779
4.42125e-11 0.0442125
4.42472e-11 0.0442472
4.42818e-11 0.0442818
4.43165e-11 0.0443165
4.43512e-11 0.0443512
4.43858e-11 0.0443858
4.44205e-11 0.0444205
4.44551e-11 0.0444551
4.44898e-11 0.0444898
4.45245e-11 0.0445245
4.45591e-11 0.0445591
4.45938e-11 0.0445938
4.46284e-11 0.0446284
4.46631e-11 0.0446631
4.46978e-11 0.0446978
4.47324e-11 0.0447324
4.47671e-11 0.0447671
4.48017e-11 0.0448017
4.48364e-11 0.0448364
4.48711e-11 0.0448711
4.49057e-11 0.0449057
4.49404e-11 0.0449404
4.4975e-11 0.044975
4.50097e-11 0.0450097
4.50444e-11 0.0450444
4.5079e-11 0.045079
4.51137e-11 0.0451137
4.51484e-11 0.0451484
4.5183e-11 0.045183
4.52177e-11 0.0452177
4.52523e-11 0.0452523
4.5287e-11 0.045287
4.53217e-11 0.0453217
4.53563e-11 0.0453563
4.5391e-11 0.045391
4.54256e-11 0.0454256
4.54603e-11 0.0454603
4.5495e-11 0.045495
4.55296e-11 0.0455296
4.55643e-11 0.0455643
4.55989e-11 0.0455989
4.56336e-11 0.0456336
4.56683e-11 0.0456683
4.57029e-11 0.0457029
4.57376e-11 0.0457376
4.57722e-11 0.0457722
4.58069e-11 0.0458069
4.58416e-11 0.0458416
4.58762e-11 0.0458762
4.59109e-11 0.0459109
4.59455e-11 0.0459455
4.59802e-11 0.0459802
4.60149e-11 0.0460149
4.60495e-11 0.0460495
4.60842e-11 0.0460842
4.61188e-11 0.0461188
4.61535e-11 0.0461535
4.61882e-11 0.0461882
4.62228e-11 0.0462228
4.62575e-11 0.0462575
4.62921e-11 0.0462921
4.63268e-11 0.0463268
4.63615e-11 0.0463615
4.63961e-11 0.0463961
4.64308e-11 0.0464308
4.64655e-11 0.0464655
4.65001e-11 0.0465001
4.65348e-11 0.0465348
4.65694e-11 0.0465694
4.66041e-11 0.0466041
4.66388e-11 0.0466388
4.66734e-11 0.0466734
4.67081e-11 0.0467081
4.67427e-11 0.0467427
4.67774e-11 0.0467774
4.68121e-11 0.0468121
4.68467e-11 0.0468467
4.68814e-11 0.0468814
4.6916e-11 0.046916
4.69507e-11 0.0469507
4.69854e-11 0.0469854
4.702e-11 0.04702
4.70547e-11 0.0470547
4.70893e-11 0.0470893
4.7124e-11 0.047124
4.71587e-11 0.0471587
4.71933e-11 0.0471933
4.7228e-11 0.047228
4.72626e-11 0.0472626
4.72973e-11 0.0472973
4.7332e-11 0.047332
4.73666e-11 0.0473666
4.74013e-11 0.0474013
4.74359e-11 0.0474359
4.74706e-11 0.0474706
4.75053e-11 0.0475053
4.75399e-11 0.0475399
4.75746e-11 0.0475746
4.76092e-11 0.0476092
4.76439e-11 0.0476439
4.76786e-11 0.0476786
4.77132e-11 0.0477132
4.77479e-11 0.0477479
4.77825e-11 0.0477825
4.78172e-11 0.0478172
4.78519e-11 0.0478519
4.78865e-11 0.0478865
4.79212e-11 0.0479212
4.79558e-11 0.0479558
4.79905e-11 0.0479905
4.80252e-11 0.0480252
4.80598e-11 0.0480598
4.80945e-11 0.0480945
4.81291e-11 0.0481291
4.81638e-11 0.0481638
4.81985e-11 0.0481985
4.82331e-11 0.0482331
4.82678e-11 0.0482678
4.83025e-11 0.0483025
4.83371e-11 0.0483371
4.83718e-11 0.0483718
4.84064e-11 0.0484064
4.84411e-11 0.0484411
4.84758e-11 0.0484758
4.85104e-11 0.0485104
4.85451e-11 0.0485451
4.85797e-11 0.0485797
4.86144e-11 0.0486144
4.86491e-11 0.0486491
4.86837e-11 0.0486837
4.87184e-11 0.0487184
4.8753e-11 0.048753
4.87877e-11 0.0487877
4.88224e-11 0.0488224
4.8857e-11 0.048857
4.88917e-11 0.0488917
4.89263e-11 0.0489263
4.8961e-11 0.048961
4.89957e-11 0.0489957
4.90303e-11 0.0490303
4.9065e-11 0.049065
4.90996e-11 0.0490996
4.91343e-11 0.0491343
4.9169e-11 0.049169
4.92036e-11 0.0492036
4.92383e-11 0.0492383
4.92729e-11 0.0492729
4.93076e-11 0.0493076
4.93423e-11 0.0493423
4.93769e-11 0.0493769
4.94116e-11 0.0494116
4.94462e-11 0.0494462
4.94809e-11 0.0494809
4.95156e-11 0.0495156
4.95502e-11 0.0495502
4.95849e-11 0.0495849
4.96195e-11 0.0496195
4.96542e-11 0.0496542
4.96889e-11 0.0496889
4.97235e-11 0.0497235
4.97582e-11 0.0497582
4.97928e-11 0.0497928
4.98275e-11 0.0498275
4.98622e-11 0.0498622
4.98968e-11 0.0498968
4.99315e-11 0.0499315
4.99661e-11 0.0499661
5.00008e-11 0.0500008
5.00355e-11 0.0500355
5.00701e-11 0.0500701
5.01048e-11 0.0501048
5.01394e-11 0.0501394
5.01741e-11 0.0501741
5.02088e-11 0.0502088
5.02434e-11 0.0502434
5.02781e-11 0.0502781
5.03127e-11 0.0503127
5.03474e-11 0.0503474
5.03821e-11 0.0503821
5.04167e-11 0.0504167
5.04514e-11 0.0504514
5.0486e-11 0.050486
5.05207e-11 0.0505207
5.05554e-11 0.0505554
5.059e-11 0.05059
5.06247e-11 0.0506247
5.06593e-11 0.0506593
5.0694e-11 0.050694
5.07287e-11 0.0507287
5.07633e-11 0.0507633
5.0798e-11 0.050798
5.08326e-11 0.0508326
5.08673e-11 0.0508673
5.0902e-11 0.050902
5.09366e-11 0.0509366
5.09713e-11 0.0509713
5.10059e-11 0.0510059
5.10406e-11 0.0510406
5.10753e-11 0.0510753
5.11099e-11 0.0511099
5.11446e-11 0.0511446
5.11792e-11 0.0511792
5.12139e-11 0.0512139
5.12486e-11 0.0512486
5.12832e-11 0.0512832
5.13179e-11 0.0513179
5.13525e-11 0.0513525
5.13872e-11 0.0513872
5.14219e-11 0.0514219
5.14565e-11 0.0514565
5.14912e-11 0.0514912
5.15258e-11 0.0515258
5.15605e-11 0.0515605
5.15952e-11 0.0515952
5.16298e-11 0.0516298
5.16645e-11 0.0516645
5.16991e-11 0.0516991
5.17338e-11 0.0517338
5.17685e-11 0.0517685
5.18031e-11 0.0518031
5.18378e-11 0.0518378
5.18724e-11 0.0518724
5.19071e-11 0.0519071
5.19418e-11 0.0519418
5.19764e-11 0.0519764
5.20111e-11 0.0520111
5.20457e-11 0.0520457
5.20804e-11 0.0520804
5.21151e-11 0.0521151
5.21497e-11 0.0521497
5.21844e-11 0.0521844
5.2219e-11 0.052219
5.22537e-11 0.0522537
5.22884e-11 0.0522884
5.2323e-11 0.052323
5.23577e-11 0.0523577
5.23923e-11 0.0523923
5.2427e-11 0.052427
5.24617e-11 0.0524617
5.24963e-11 0.0524963
5.2531e-11 0.052531
5.25656e-11 0.0525656
5.26003e-11 0.0526003
5.26349e-11 0.0526349
5.26696e-11 0.0526696
5.27043e-11 0.0527043
5.27389e-11 0.0527389
5.27736e-11 0.0527736
5.28082e-11 0.0528082
5.28429e-11 0.0528429
5.28776e-11 0.0528776
5.29122e-11 0.0529122
5.29469e-11 0.0529469
5.29815e-11 0.0529815
5.30162e-11 0.0530162
5.30509e-11 0.0530509
5.30855e-11 0.0530855
5.31202e-11 0.0531202
5.31548e-11 0.0531548
5.31895e-11 0.0531895
5.32242e-11 0.0532242
5.32588e-11 0.0532588
5.32935e-11 0.0532935
5.33281e-11 0.0533281
5.33628e-11 0.0533628
5.33975e-11 0.0533975
5.34321e-11 0.0534321
5.34668e-11 0.0534668
5.35014e-11 0.0535014
5.35361e-11 0.0535361
5.35708e-11 0.0535708
5.36054e-11 0.0536054
5.36401e-11 0.0536401
5.36747e-11 0.0536747
5.37094e-11 0.0537094
5.37441e-11 0.0537441
5.37787e-11 0.0537787
5.38134e-11 0.0538134
5.3848e-11 0.053848
5.38827e-11 0.0538827
5.39174e-11 0.0539174
5.3952e-11 0.053952
5.39867e-11 0.0539867
5.40213e-11 0.0540213
5.4056e-11 0.054056
5.40907e-11 0.0540907
5.41253e-11 0.0541253
5.416e-11 0.05416
5.41946e-11 0.0541946
5.42293e-11 0.0542293
5.4264e-11 0.054264
5.42986e-11 0.0542986
5.43333e-11 0.0543333
5.43679e-11 0.0543679
5.44026e-11 0.0544026
5.44372e-11 0.0544372
5.44719e-11 0.0544719
5.45066e-11 0.0545066
5.45412e-11 0.0545412
5.45759e-11 0.0545759
5.46105e-11 0.0546105
5.46452e-11 0.0546452
5.46799e-11 0.0546799
5.47145e-11 0.0547145
5.47492e-11 0.0547492
5.47838e-11 0.0547838
5.48185e-11 0.0548185
5.48532e-11 0.0548532
5.48878e-11 0.0548878
5.49225e-11 0.0549225
5.49571e-11 0.0549571
5.49918e-11 0.0549918
5.50265e-11 0.0550265
5.50611e-11 0.0550611
5.50958e-11 0.0550958
5.51304e-11 0.0551304
5.51651e-11 0.0551651
5.51998e-11 0.0551998
5.52344e-11 0.0552344
5.52691e-11 0.0552691
5.53037e-11 0.0553037
5.53384e-11 0.0553384
5.53731e-11 0.0553731
5.54077e-11 0.0554077
5.54424e-11 0.0554424
5.5477e-11 0.055477
5.55117e-11 0.0555117
5.55464e-11 0.0555464
5.5581e-11 0.055581
5.56157e-11 0.0556157
5.56503e-11 0.0556503
5.5685e-11 0.055685
5.57196e-11 0.0557196
5.57543e-11 0.0557543
5.5789e-11 0.055789
5.58236e-11 0.0558236
5.58583e-11 0.0558583
5.58929e-11 0.0558929
5.59276e-11 0.0559276
5.59623e-11 0.0559623
5.59969e-11 0.0559969
5.60316e-11 0.0560316
5.60662e-11 0.0560662
5.61009e-11 0.0561009
5.61356e-11 0.0561356
5.61702e-11 0.0561702
5.62049e-11 0.0562049
5.62395e-11 0.0562395
5.62742e-11 0.0562742
5.63089e-11 0.0563089
5.63435e-11 0.0563435
5.63782e-11 0.0563782
5.64128e-11 0.0564128
5.64475e-11 0.0564475
5.64822e-11 0.0564822
5.65168e-11 0.0565168
5.65515e-11 0.0565515
5.65861e-11 0.0565861
5.66208e-11 0.0566208
5.66554e-11 0.0566554
5.66901e-11 0.0566901
5.67248e-11 0.0567248
5.67594e-11 0.0567594
5.67941e-11 0.0567941
5.68287e-11 0.0568287
5.68634e-11 0.0568634
5.68981e-11 0.0568981
5.69327e-11 0.0569327
5.69674e-11 0.0569674
5.7002e-11 0.057002
5.70367e-11 0.0570367
5.70714e-11 0.0570714
5.7106e-11 0.057106
5.71407e-11 0.0571407
5.71753e-11 0.0571753
5.721e-11 0.05721
5.72447e-11 0.0572447
5.72793e-11 0.0572793
5.7314e-11 0.057314
5.73486e-11 0.0573486
5.73833e-11 0.0573833
5.74179e-11 0.0574179
5.74526e-11 0.0574526
5.74873e-11 0.0574873
5.75219e-11 0.0575219
5.75566e-11 0.0575566
5.75912e-11 0.0575912
5.76259e-11 0.0576259
5.76606e-11 0.0576606
5.76952e-11 0.0576952
5.77299e-11 0.0577299
5.77645e-11 0.0577645
5.77992e-11 0.0577992
5.78339e-11 0.0578339
5.78685e-11 0.0578685
5.79032e-11 0.0579032
5.79378e-11 0.0579378
5.79725e-11 0.0579725
5.80072e-11 0.0580072
5.80418e-11 0.0580418
5.80765e-11 0.0580765
5.81111e-11 0.0581111
5.81458e-11 0.0581458
5.81804e-11 0.0581804
5.82151e-11 0.0582151
5.82498e-11 0.0582498
5.82844e-11 0.0582844
5.83191e-11 0.0583191
5.83537e-11 0.0583537
5.83884e-11 0.0583884
5.84231e-11 0.0584231
5.84577e-11 0.0584577
5.84924e-11 0.0584924
5.8527e-11 0.058527
5.85617e-11 0.0585617
5.85964e-11 0.0585964
5.8631e-11 0.058631
5.86657e-11 0.0586657
5.87003e-11 0.0587003
5.8735e-11 0.058735
5.87697e-11 0.0587697
5.88043e-11 0.0588043
5.8839e-11 0.058839
5.88736e-11 0.0588736
5.89083e-11 0.0589083
5.89429e-11 0.0589429
5.89776e-11 0.0589776
5.90123e-11 0.0590123
5.90469e-11 0.0590469
5.90816e-11 0.0590816
5.91162e-11 0.0591162
5.91509e-11 0.0591509
5.91856e-11 0.0591856
5.92202e-11 0.0592202
5.92549e-11 0.0592549
5.92895e-11 0.0592895
5.93242e-11 0.0593242
5.93589e-11 0.0593589
5.93935e-11 0.0593935
5.94282e-11 0.0594282
5.94628e-11 0.0594628
5.94975e-11 0.0594975
5.95321e-11 0.0595321
5.95668e-11 0.0595668
5.96015e-11 0.0596015
5.96361e-11 0.0596361
5.96708e-11 0.0596708
5.97054e-11 0.0597054
5.97401e-11 0.0597401
5.97748e-11 0.0597748
5.98094e-11 0.0598094
5.98441e-11 0.0598441
5.98787e-11 0.0598787
5.99134e-11 0.0599134
5.99481e-11 0.0599481
5.99827e-11 0.0599827
6.00174e-11 0.0600174
6.0052e-11 0.060052
6.00867e-11 0.0600867
6.01213e-11 0.0601213
6.0156e-11 0.060156
6.01907e-11 0.0601907
6.02253e-11 0.0602253
6.026e-11 0.06026
6.02946e-11 0.0602946
6.03293e-11 0.0603293
6.0364e-11 0.060364
6.03986e-11 0.0603986
6.04333e-11 0.0604333
6.04679e-11 0.0604679
6.05026e-11 0.0605026
6.05373e-11 0.0605373
6.05719e-11 0.0605719
6.06066e-11 0.0606066
6.06412e-11 0.0606412
6.06759e-11 0.0606759
6.07105e-11 0.0607105
6.07452e-11 0.0607452
6.07799e-11 0.0607799
6.08145e-11 0.0608145
6.08492e-11 0.0608492
6.08838e-11 0.0608838
6.09185e-11 0.0609185
6.09532e-11 0.0609532
6.09878e-11 0.0609878
6.10225e-11 0.0610225
6.10571e-11 0.0610571
6.10918e-11 0.0610918
6.11265e-11 0.0611265
6.11611e-11 0.0611611
6.11958e-11 0.0611958
6.12304e-11 0.0612304
6.12651e-11 0.0612651
6.12997e-11 0.0612997
6.13344e-11 0.0613344
6.13691e-11 0.0613691
6.14045e-11 0.0614045
6.14421e-11 0.0614421
6.14797e-11 0.0614797
6.15174e-11 0.0615174
6.1555e-11 0.061555
6.15926e-11 0.0615926
6.16302e-11 0.0616302
6.16678e-11 0.0616678
6.17054e-11 0.0617054
6.1743e-11 0.061743
6.17806e-11 0.0617806
6.18182e-11 0.0618182
6.18558e-11 0.0618558
6.18934e-11 0.0618934
6.1931e-11 0.061931
6.19686e-11 0.0619686
6.20062e-11 0.0620062
6.20438e-11 0.0620438
6.20814e-11 0.0620814
6.2119e-11 0.062119
6.21566e-11 0.0621566
6.21942e-11 0.0621942
6.22318e-11 0.0622318
6.22694e-11 0.0622694
6.2307e-11 0.062307
6.23447e-11 0.0623447
6.23823e-11 0.0623823
6.24199e-11 0.0624199
6.24575e-11 0.0624575
6.24951e-11 0.0624951
6.25327e-11 0.0625327
6.25703e-11 0.0625703
6.26079e-11 0.0626079
6.26455e-11 0.0626455
6.26831e-11 0.0626831
6.27207e-11 0.0627207
6.27583e-11 0.0627583
6.27959e-11 0.0627959
6.28335e-11 0.0628335
6.28711e-11 0.0628711
6.29087e-11 0.0629087
6.29463e-11 0.0629463
6.29839e-11 0.0629839
6.30215e-11 0.0630215
6.30591e-11 0.0630591
6.30967e-11 0.0630967
6.31343e-11 0.0631343
6.31719e-11 0.0631719
6.32095e-11 0.0632095
6.32471e-11 0.0632471
6.32847e-11 0.0632847
6.33224e-11 0.0633224
6.336e-11 0.06336
6.33976e-11 0.0633976
6.34352e-11 0.0634352
6.34728e-11 0.0634728
6.35104e-11 0.0635104
6.3548e-11 0.063548
6.35856e-11 0.0635856
6.36232e-11 0.0636232
6.36608e-11 0.0636608
6.36984e-11 0.0636984
6.3736e-11 0.063736
6.37736e-11 0.0637736
6.38121e-11 0.0638121
6.38506e-11 0.0638506
6.38892e-11 0.0638892
6.39278e-11 0.0639278
6.39664e-11 0.0639664
6.4005e-11 0.064005
6.40435e-11 0.0640435
6.40821e-11 0.0640821
6.41207e-11 0.0641207
6.41593e-11 0.0641593
6.41978e-11 0.0641978
6.42364e-11 0.0642364
6.4275e-11 0.064275
6.43136e-11 0.0643136
6.43521e-11 0.0643521
6.43907e-11 0.0643907
6.44293e-11 0.0644293
6.44679e-11 0.0644679
6.45064e-11 0.0645064
6.4545e-11 0.064545
6.45836e-11 0.0645836
6.46222e-11 0.0646222
6.46607e-11 0.0646607
6.46993e-11 0.0646993
6.47379e-11 0.0647379
6.47765e-11 0.0647765
6.4815e-11 0.064815
6.48536e-11 0.0648536
6.48922e-11 0.0648922
6.49308e-11 0.0649308
6.49693e-11 0.0649693
6.50079e-11 0.0650079
6.50465e-11 0.0650465
6.50851e-11 0.0650851
6.51236e-11 0.0651236
6.51622e-11 0.0651622
6.52008e-11 0.0652008
6.52394e-11 0.0652394
6.5278e-11 0.065278
6.53165e-11 0.0653165
6.53551e-11 0.0653551
6.53937e-11 0.0653937
6.54323e-11 0.0654323
6.54708e-11 0.0654708
6.55094e-11 0.0655094
6.5548e-11 0.065548
6.55866e-11 0.0655866
6.56251e-11 0.0656251
6.56637e-11 0.0656637
6.57023e-11 0.0657023
6.57409e-11 0.0657409
6.57794e-11 0.0657794
6.5818e-11 0.065818
6.58566e-11 0.0658566
6.58952e-11 0.0658952
6.59337e-11 0.0659337
6.59723e-11 0.0659723
6.60109e-11 0.0660109
6.60495e-11 0.0660495
6.6088e-11 0.066088
6.61266e-11 0.0661266
6.61652e-11 0.0661652
6.62038e-11 0.0662038
6.62423e-11 0.0662423
6.62809e-11 0.0662809
6.63195e-11 0.0663195
6.63581e-11 0.0663581
6.63966e-11 0.0663966
6.64352e-11 0.0664352
6.64738e-11 0.0664738
6.65124e-11 0.0665124
6.65509e-11 0.0665509
6.65895e-11 0.0665895
6.66281e-11 0.0666281
6.66666e-11 0.0666666
6.67052e-11 0.0667052
6.67438e-11 0.0667438
6.67824e-11 0.0667824
6.68209e-11 0.0668209
6.68595e-11 0.0668595
6.68981e-11 0.0668981
6.69367e-11 0.0669367
6.69752e-11 0.0669752
6.70138e-11 0.0670138
6.70524e-11 0.0670524
6.7091e-11 0.067091
6.71295e-11 0.0671295
6.71681e-11 0.0671681
6.72067e-11 0.0672067
6.72453e-11 0.0672453
6.72838e-11 0.0672838
6.73224e-11 0.0673224
6.7361e-11 0.067361
6.73996e-11 0.0673996
6.74381e-11 0.0674381
6.74767e-11 0.0674767
6.75153e-11 0.0675153
6.75539e-11 0.0675539
6.75924e-11 0.0675924
6.7631e-11 0.067631
6.76696e-11 0.0676696
6.77082e-11 0.0677082
6.77467e-11 0.0677467
6.77853e-11 0.0677853
6.78239e-11 0.0678239
6.78625e-11 0.0678625
6.7901e-11 0.067901
6.79396e-11 0.0679396
6.79782e-11 0.0679782
6.80167e-11 0.0680167
6.80553e-11 0.0680553
6.80939e-11 0.0680939
6.81325e-11 0.0681325
6.8171e-11 0.068171
6.82096e-11 0.0682096
6.82482e-11 0.0682482
6.82868e-11 0.0682868
6.83253e-11 0.0683253
6.83639e-11 0.0683639
6.84025e-11 0.0684025
6.84411e-11 0.0684411
6.84796e-11 0.0684796
6.85182e-11 0.0685182
6.85568e-11 0.0685568
6.85954e-11 0.0685954
6.86339e-11 0.0686339
6.86725e-11 0.0686725
6.87111e-11 0.0687111
6.87497e-11 0.0687497
6.87882e-11 0.0687882
6.88268e-11 0.0688268
6.88654e-11 0.0688654
6.89039e-11 0.0689039
6.89425e-11 0.0689425
6.89811e-11 0.0689811
6.90197e-11 0.0690197
6.90582e-11 0.0690582
6.90968e-11 0.0690968
6.91354e-11 0.0691354
6.9174e-11 0.069174
6.92125e-11 0.0692125
6.92511e-11 0.0692511
6.92897e-11 0.0692897
6.93283e-11 0.0693283
6.93668e-11 0.0693668
6.94054e-11 0.0694054
6.9444e-11 0.069444
6.94825e-11 0.0694825
6.95211e-11 0.0695211
6.95597e-11 0.0695597
6.95983e-11 0.0695983
6.96368e-11 0.0696368
6.96754e-11 0.0696754
6.9714e-11 0.069714
6.97526e-11 0.0697526
6.97911e-11 0.0697911
6.98297e-11 0.0698297
6.98683e-11 0.0698683
6.99068e-11 0.0699068
6.99454e-11 0.0699454
6.9984e-11 0.069984
7.00226e-11 0.0700226
7.00611e-11 0.0700611
7.00997e-11 0.0700997
7.01383e-11 0.0701383
7.01769e-11 0.0701769
7.02154e-11 0.0702154
7.0254e-11 0.070254
7.02926e-11 0.0702926
7.03312e-11 0.0703312
7.03697e-11 0.0703697
7.04083e-11 0.0704083
7.04469e-11 0.0704469
7.04854e-11 0.0704854
7.0524e-11 0.070524
7.05626e-11 0.0705626
7.06012e-11 0.0706012
7.06397e-11 0.0706397
7.06783e-11 0.0706783
7.07169e-11 0.0707169
7.07555e-11 0.0707555
7.0794e-11 0.070794
7.08326e-11 0.0708326
7.08712e-11 0.0708712
7.09097e-11 0.0709097
7.09483e-11 0.0709483
7.09869e-11 0.0709869
7.10255e-11 0.0710255
7.1064e-11 0.071064
7.11026e-11 0.0711026
7.11412e-11 0.0711412
7.11797e-11 0.0711797
7.12183e-11 0.0712183
7.12569e-11 0.0712569
7.12955e-11 0.0712955
7.1334e-11 0.071334
7.13726e-11 0.0713726
7.14112e-11 0.0714112
7.14498e-11 0.0714498
7.14883e-11 0.0714883
7.15269e-11 0.0715269
7.15655e-11 0.0715655
7.1604e-11 0.071604
7.16426e-11 0.0716426
7.16812e-11 0.0716812
7.17198e-11 0.0717198
7.17583e-11 0.0717583
7.17969e-11 0.0717969
7.18355e-11 0.0718355
7.1874e-11 0.071874
7.19126e-11 0.0719126
7.19512e-11 0.0719512
7.19898e-11 0.0719898
7.20283e-11 0.0720283
7.20669e-11 0.0720669
7.21055e-11 0.0721055
7.21441e-11 0.0721441
7.21826e-11 0.0721826
7.22212e-11 0.0722212
7.22598e-11 0.0722598
7.22983e-11 0.0722983
7.23369e-11 0.0723369
7.23755e-11 0.0723755
7.24141e-11 0.0724141
7.24526e-11 0.0724526
7.24912e-11 0.0724912
7.25298e-11 0.0725298
7.25683e-11 0.0725683
7.26069e-11 0.0726069
7.26455e-11 0.0726455
7.26841e-11 0.0726841
7.27226e-11 0.0727226
7.27612e-11 0.0727612
7.27998e-11 0.0727998
7.28383e-11 0.0728383
7.28769e-11 0.0728769
7.29155e-11 0.0729155
7.29541e-11 0.0729541
7.29926e-11 0.0729926
7.30312e-11 0.0730312
7.30698e-11 0.0730698
7.31083e-11 0.0731083
7.31469e-11 0.0731469
7.31855e-11 0.0731855
7.32241e-11 0.0732241
7.32626e-11 0.0732626
7.33012e-11 0.0733012
7.33398e-11 0.0733398
7.33783e-11 0.0733783
7.34169e-11 0.0734169
7.34555e-11 0.0734555
7.34941e-11 0.0734941
7.35326e-11 0.0735326
7.35712e-11 0.0735712
7.36098e-11 0.0736098
7.36483e-11 0.0736483
7.36869e-11 0.0736869
7.37255e-11 0.0737255
7.37641e-11 0.0737641
7.38026e-11 0.0738026
7.38412e-11 0.0738412
7.38798e-11 0.0738798
7.39183e-11 0.0739183
7.39569e-11 0.0739569
7.39955e-11 0.0739955
7.4034e-11 0.074034
7.40726e-11 0.0740726
7.41112e-11 0.0741112
7.41498e-11 0.0741498
7.41883e-11 0.0741883
7.42269e-11 0.0742269
7.42655e-11 0.0742655
7.4304e-11 0.074304
7.43426e-11 0.0743426
7.43812e-11 0.0743812
7.44198e-11 0.0744198
7.44583e-11 0.0744583
7.44969e-11 0.0744969
7.45355e-11 0.0745355
7.4574e-11 0.074574
7.46126e-11 0.0746126
7.46512e-11 0.0746512
7.46898e-11 0.0746898
7.47283e-11 0.0747283
7.47669e-11 0.0747669
7.48055e-11 0.0748055
7.4844e-11 0.074844
7.48826e-11 0.0748826
7.49212e-11 0.0749212
7.49597e-11 0.0749597
7.49983e-11 0.0749983
7.50369e-11 0.0750369
7.50755e-11 0.0750755
7.5114e-11 0.075114
7.51526e-11 0.0751526
7.51912e-11 0.0751912
7.52297e-11 0.0752297
7.52683e-11 0.0752683
7.53069e-11 0.0753069
7.53454e-11 0.0753454
7.5384e-11 0.075384
7.54226e-11 0.0754226
7.54612e-11 0.0754612
7.54997e-11 0.0754997
7.55383e-11 0.0755383
7.55769e-11 0.0755769
7.56154e-11 0.0756154
7.5654e-11 0.075654
7.56926e-11 0.0756926
7.57312e-11 0.0757312
7.57697e-11 0.0757697
7.58083e-11 0.0758083
7.58469e-11 0.0758469
7.58854e-11 0.0758854
7.5924e-11 0.075924
7.59626e-11 0.0759626
7.60011e-11 0.0760011
7.60397e-11 0.0760397
7.60783e-11 0.0760783
7.61168e-11 0.0761168
7.61554e-11 0.0761554
7.6194e-11 0.076194
7.62326e-11 0.0762326
7.62711e-11 0.0762711
7.63097e-11 0.0763097
7.63483e-11 0.0763483
7.63868e-11 0.0763868
7.64254e-11 0.0764254
7.6464e-11 0.076464
7.65025e-11 0.0765025
7.65411e-11 0.0765411
7.65797e-11 0.0765797
7.66183e-11 0.0766183
7.66568e-11 0.0766568
7.66954e-11 0.0766954
7.6734e-11 0.076734
7.67725e-11 0.0767725
7.68111e-11 0.0768111
7.68497e-11 0.0768497
7.68882e-11 0.0768882
7.69268e-11 0.0769268
7.69654e-11 0.0769654
7.7004e-11 0.077004
7.70425e-11 0.0770425
7.70811e-11 0.0770811
7.71197e-11 0.0771197
7.71582e-11 0.0771582
7.71968e-11 0.0771968
7.72354e-11 0.0772354
7.72739e-11 0.0772739
7.73125e-11 0.0773125
7.73511e-11 0.0773511
7.73896e-11 0.0773896
7.74282e-11 0.0774282
7.74668e-11 0.0774668
7.75054e-11 0.0775054
7.75439e-11 0.0775439
7.75825e-11 0.0775825
7.76211e-11 0.0776211
7.76596e-11 0.0776596
7.76982e-11 0.0776982
7.77368e-11 0.0777368
7.77753e-11 0.0777753
7.78139e-11 0.0778139
7.78525e-11 0.0778525
7.7891e-11 0.077891
7.79296e-11 0.0779296
7.79682e-11 0.0779682
7.80067e-11 0.0780067
7.80453e-11 0.0780453
7.80839e-11 0.0780839
7.81225e-11 0.0781225
7.8161e-11 0.078161
7.81996e-11 0.0781996
7.82382e-11 0.0782382
7.82767e-11 0.0782767
7.83153e-11 0.0783153
7.83539e-11 0.0783539
7.83924e-11 0.0783924
7.8431e-11 0.078431
7.84696e-11 0.0784696
7.85081e-11 0.0785081
7.85467e-11 0.0785467
7.85853e-11 0.0785853
7.86238e-11 0.0786238
7.86624e-11 0.0786624
7.8701e-11 0.078701
7.87396e-11 0.0787396
7.87781e-11 0.0787781
7.88167e-11 0.0788167
7.88553e-11 0.0788553
7.88938e-11 0.0788938
7.89324e-11 0.0789324
7.8971e-11 0.078971
7.90095e-11 0.0790095
7.90481e-11 0.0790481
7.90867e-11 0.0790867
7.91252e-11 0.0791252
7.91638e-11 0.0791638
7.92024e-11 0.0792024
7.92409e-11 0.0792409
7.92795e-11 0.0792795
7.93181e-11 0.0793181
7.93566e-11 0.0793566
7.93952e-11 0.0793952
7.94338e-11 0.0794338
7.94724e-11 0.0794724
7.95109e-11 0.0795109
7.95495e-11 0.0795495
7.95881e-11 0.0795881
7.96266e-11 0.0796266
7.96652e-11 0.0796652
7.97038e-11 0.0797038
7.97423e-11 0.0797423
7.97809e-11 0.0797809
7.98195e-11 0.0798195
7.9858e-11 0.079858
7.98966e-11 0.0798966
7.99352e-11 0.0799352
7.99737e-11 0.0799737
8.00123e-11 0.0800123
8.00509e-11 0.0800509
8.00894e-11 0.0800894
8.0128e-11 0.080128
8.01666e-11 0.0801666
8.02051e-11 0.0802051
8.02437e-11 0.0802437
8.02823e-11 0.0802823
8.03208e-11 0.0803208
8.03594e-11 0.0803594
8.0398e-11 0.080398
8.04366e-11 0.0804366
8.04751e-11 0.0804751
8.05137e-11 0.0805137
8.05523e-11 0.0805523
8.05908e-11 0.0805908
8.06294e-11 0.0806294
8.0668e-11 0.080668
8.07065e-11 0.0807065
8.07451e-11 0.0807451
8.07837e-11 0.0807837
8.08222e-11 0.0808222
8.08608e-11 0.0808608
8.08994e-11 0.0808994
8.09379e-11 0.0809379
8.09765e-11 0.0809765
8.10151e-11 0.0810151
8.10536e-11 0.0810536
8.10922e-11 0.0810922
8.11308e-11 0.0811308
8.11693e-11 0.0811693
8.12079e-11 0.0812079
8.12465e-11 0.0812465
8.1285e-11 0.081285
8.13236e-11 0.0813236
8.13622e-11 0.0813622
8.14007e-11 0.0814007
8.14393e-11 0.0814393
8.14779e-11 0.0814779
8.15164e-11 0.0815164
8.1555e-11 0.081555
8.15936e-11 0.0815936
8.16321e-11 0.0816321
8.16707e-11 0.0816707
8.17093e-11 0.0817093
8.17478e-11 0.0817478
8.17864e-11 0.0817864
8.1825e-11 0.081825
8.18635e-11 0.0818635
8.19021e-11 0.0819021
8.19407e-11 0.0819407
8.19792e-11 0.0819792
8.20178e-11 0.0820178
8.20564e-11 0.0820564
8.20949e-11 0.0820949
8.21335e-11 0.0821335
8.21721e-11 0.0821721
8.22106e-11 0.0822106
8.22492e-11 0.0822492
8.22878e-11 0.0822878
8.23263e-11 0.0823263
8.23649e-11 0.0823649
8.24035e-11 0.0824035
8.2442e-11 0.082442
8.24806e-11 0.0824806
8.25192e-11 0.0825192
8.25577e-11 0.0825577
8.25963e-11 0.0825963
8.26349e-11 0.0826349
8.26734e-11 0.0826734
8.2712e-11 0.082712
8.27506e-11 0.0827506
8.27891e-11 0.0827891
8.28277e-11 0.0828277
8.28663e-11 0.0828663
8.29048e-11 0.0829048
8.29434e-11 0.0829434
8.2982e-11 0.082982
8.30205e-11 0.0830205
8.30591e-11 0.0830591
8.30977e-11 0.0830977
8.31362e-11 0.0831362
8.31748e-11 0.0831748
8.32134e-11 0.0832134
8.32519e-11 0.0832519
8.32905e-11 0.0832905
8.33291e-11 0.0833291
8.33676e-11 0.0833676
8.34062e-11 0.0834062
8.34448e-11 0.0834448
8.34833e-11 0.0834833
8.35219e-11 0.0835219
8.35605e-11 0.0835605
8.3599e-11 0.083599
8.36376e-11 0.0836376
8.36762e-11 0.0836762
8.37147e-11 0.0837147
8.37533e-11 0.0837533
8.37919e-11 0.0837919
8.38304e-11 0.0838304
8.3869e-11 0.083869
8.39076e-11 0.0839076
8.39461e-11 0.0839461
8.39847e-11 0.0839847
8.40233e-11 0.0840233
8.40618e-11 0.0840618
8.41004e-11 0.0841004
8.4139e-11 0.084139
8.41775e-11 0.0841775
8.42161e-11 0.0842161
8.42547e-11 0.0842547
8.42932e-11 0.0842932
8.43318e-11 0.0843318
8.43704e-11 0.0843704
8.44089e-11 0.0844089
8.44475e-11 0.0844475
8.44861e-11 0.0844861
8.45246e-11 0.0845246
8.45632e-11 0.0845632
8.46017e-11 0.0846017
8.46403e-11 0.0846403
8.46789e-11 0.0846789
8.47174e-11 0.0847174
8.4756e-11 0.084756
8.47946e-11 0.0847946
8.48331e-11 0.0848331
8.48717e-11 0.0848717
8.49103e-11 0.0849103
8.49488e-11 0.0849488
8.49874e-11 0.0849874
8.5026e-11 0.085026
8.50645e-11 0.0850645
8.51031e-11 0.0851031
8.51417e-11 0.0851417
8.51802e-11 0.0851802
8.52188e-11 0.0852188
8.52574e-11 0.0852574
8.52959e-11 0.0852959
8.53345e-11 0.0853345
8.53731e-11 0.0853731
8.54116e-11 0.0854116
8.54502e-11 0.0854502
8.54888e-11 0.0854888
8.55273e-11 0.0855273
8.55659e-11 0.0855659
8.56044e-11 0.0856044
8.5643e-11 0.085643
8.56816e-11 0.0856816
8.57201e-11 0.0857201
8.57587e-11 0.0857587
8.57973e-11 0.0857973
8.58358e-11 0.0858358
8.58744e-11 0.0858744
8.5913e-11 0.085913
8.59515e-11 0.0859515
8.59901e-11 0.0859901
8.60287e-11 0.0860287
8.60672e-11 0.0860672
8.61058e-11 0.0861058
8.61444e-11 0.0861444
8.61829e-11 0.0861829
8.62215e-11 0.0862215
8.626e-11 0.08626
8.62986e-11 0.0862986
8.63372e-11 0.0863372
8.63757e-11 0.0863757
8.64143e-11 0.0864143
8.64529e-11 0.0864529
8.64914e-11 0.0864914
8.653e-11 0.08653
8.65686e-11 0.0865686
8.66071e-11 0.0866071
8.66457e-11 0.0866457
8.66843e-11 0.0866843
8.67228e-11 0.0867228
8.67614e-11 0.0867614
8.68e-11 0.0868
8.68385e-11 0.0868385
8.68771e-11 0.0868771
8.69156e-11 0.0869156
8.69542e-11 0.0869542
8.69928e-11 0.0869928
8.70313e-11 0.0870313
8.70699e-11 0.0870699
8.71085e-11 0.0871085
8.7147e-11 0.087147
8.71856e-11 0.0871856
8.72242e-11 0.0872242
8.72627e-11 0.0872627
8.73013e-11 0.0873013
8.73399e-11 0.0873399
8.73784e-11 0.0873784
8.7417e-11 0.087417
8.74555e-11 0.0874555
8.74941e-11 0.0874941
8.75327e-11 0.0875327
8.75712e-11 0.0875712
8.76098e-11 0.0876098
8.76484e-11 0.0876484
8.76869e-11 0.0876869
8.77255e-11 0.0877255
8.77641e-11 0.0877641
8.78026e-11 0.0878026
8.78412e-11 0.0878412
8.78798e-11 0.0878798
8.79183e-11 0.0879183
8.79569e-11 0.0879569
8.79954e-11 0.0879954
8.8034e-11 0.088034
8.80726e-11 0.0880726
8.81111e-11 0.0881111
8.81497e-11 0.0881497
8.81883e-11 0.0881883
8.82268e-11 0.0882268
8.82654e-11 0.0882654
8.8304e-11 0.088304
8.83425e-11 0.0883425
8.83811e-11 0.0883811
8.84196e-11 0.0884196
8.84582e-11 0.0884582
8.84968e-11 0.0884968
8.85353e-11 0.0885353
8.85739e-11 0.0885739
8.86125e-11 0.0886125
8.8651e-11 0.088651
8.86896e-11 0.0886896
8.87282e-11 0.0887282
8.87667e-11 0.0887667
8.88053e-11 0.0888053
8.88438e-11 0.0888438
8.88824e-11 0.0888824
8.8921e-11 0.088921
8.89595e-11 0.0889595
8.89981e-11 0.0889981
8.90367e-11 0.0890367
8.90752e-11 0.0890752
8.91138e-11 0.0891138
8.91524e-11 0.0891524
8.91909e-11 0.0891909
8.92295e-11 0.0892295
8.9268e-11 0.089268
8.93066e-11 0.0893066
8.93452e-11 0.0893452
8.93837e-11 0.0893837
8.94223e-11 0.0894223
8.94609e-11 0.0894609
8.94994e-11 0.0894994
8.9538e-11 0.089538
8.95765e-11 0.0895765
8.96151e-11 0.0896151
8.96537e-11 0.0896537
8.96922e-11 0.0896922
8.97308e-11 0.0897308
8.97694e-11 0.0897694
8.98079e-11 0.0898079
8.98465e-11 0.0898465
8.9885e-11 0.089885
8.99236e-11 0.0899236
8.99622e-11 0.0899622
9.00007e-11 0.0900007
9.00393e-11 0.0900393
9.00779e-11 0.0900779
9.01164e-11 0.0901164
9.0155e-11 0.090155
9.01936e-11 0.0901936
9.02321e-11 0.0902321
9.02707e-11 0.0902707
9.03092e-11 0.0903092
9.03478e-11 0.0903478
9.03864e-11 0.0903864
9.04249e-11 0.0904249
9.04635e-11 0.0904635
9.05021e-11 0.0905021
9.05406e-11 0.0905406
9.05792e-11 0.0905792
9.06177e-11 0.0906177
9.06563e-11 0.0906563
9.06949e-11 0.0906949
9.07334e-11 0.0907334
9.0772e-11 0.090772
9.08106e-11 0.0908106
9.08491e-11 0.0908491
9.08877e-11 0.0908877
9.09262e-11 0.0909262
9.09648e-11 0.0909648
9.10034e-11 0.0910034
9.10419e-11 0.0910419
9.10805e-11 0.0910805
9.11191e-11 0.0911191
9.11576e-11 0.0911576
9.11962e-11 0.0911962
9.12347e-11 0.0912347
9.12733e-11 0.0912733
9.13119e-11 0.0913119
9.13504e-11 0.0913504
9.1389e-11 0.091389
9.14276e-11 0.0914276
9.14661e-11 0.0914661
9.15047e-11 0.0915047
9.15432e-11 0.0915432
9.15818e-11 0.0915818
9.16204e-11 0.0916204
9.16589e-11 0.0916589
9.16975e-11 0.0916975
9.1736e-11 0.091736
9.17746e-11 0.0917746
9.18132e-11 0.0918132
9.18517e-11 0.0918517
9.18903e-11 0.0918903
9.19289e-11 0.0919289
9.19674e-11 0.0919674
9.2006e-11 0.092006
9.20445e-11 0.0920445
9.20831e-11 0.0920831
9.21217e-11 0.0921217
9.21602e-11 0.0921602
9.21988e-11 0.0921988
9.22374e-11 0.0922374
9.22759e-11 0.0922759
9.23145e-11 0.0923145
9.2353e-11 0.092353
9.23916e-11 0.0923916
9.24302e-11 0.0924302
9.24687e-11 0.0924687
9.25073e-11 0.0925073
9.25458e-11 0.0925458
9.25844e-11 0.0925844
9.2623e-11 0.092623
9.26615e-11 0.0926615
9.27001e-11 0.0927001
9.27387e-11 0.0927387
9.27772e-11 0.0927772
9.28158e-11 0.0928158
9.28543e-11 0.0928543
9.28929e-11 0.0928929
9.29315e-11 0.0929315
9.297e-11 0.09297
9.30086e-11 0.0930086
9.30471e-11 0.0930471
9.30857e-11 0.0930857
9.31243e-11 0.0931243
9.31628e-11 0.0931628
9.32014e-11 0.0932014
9.32399e-11 0.0932399
9.32785e-11 0.0932785
9.33171e-11 0.0933171
9.33556e-11 0.0933556
9.33942e-11 0.0933942
9.34328e-11 0.0934328
9.34713e-11 0.0934713
9.35099e-11 0.0935099
9.35484e-11 0.0935484
9.3587e-11 0.093587
9.36256e-11 0.0936256
9.36641e-11 0.0936641
9.37027e-11 0.0937027
9.37412e-11 0.0937412
9.37798e-11 0.0937798
9.38184e-11 0.0938184
9.38569e-11 0.0938569
9.38955e-11 0.0938955
9.3934e-11 0.093934
9.39726e-11 0.0939726
9.40112e-11 0.0940112
9.40497e-11 0.0940497
9.40883e-11 0.0940883
9.41269e-11 0.0941269
9.41654e-11 0.0941654
9.4204e-11 0.094204
9.42425e-11 0.0942425
9.42811e-11 0.0942811
9.43197e-11 0.0943197
9.43582e-11 0.0943582
9.43968e-11 0.0943968
9.44353e-11 0.0944353
9.44739e-11 0.0944739
9.45125e-11 0.0945125
9.4551e-11 0.094551
9.45896e-11 0.0945896
9.46281e-11 0.0946281
9.46667e-11 0.0946667
9.47053e-11 0.0947053
9.47438e-11 0.0947438
9.47824e-11 0.0947824
9.48209e-11 0.0948209
9.48595e-11 0.0948595
9.48981e-11 0.0948981
9.49366e-11 0.0949366
9.49752e-11 0.0949752
9.50137e-11 0.0950137
9.50523e-11 0.0950523
9.50909e-11 0.0950909
9.51294e-11 0.0951294
9.5168e-11 0.095168
9.52065e-11 0.0952065
9.52451e-11 0.0952451
9.52837e-11 0.0952837
9.53222e-11 0.0953222
9.53608e-11 0.0953608
9.53993e-11 0.0953993
9.54379e-11 0.0954379
9.54765e-11 0.0954765
9.5515e-11 0.095515
9.55536e-11 0.0955536
9.55921e-11 0.0955921
9.56307e-11 0.0956307
9.56693e-11 0.0956693
9.57078e-11 0.0957078
9.57464e-11 0.0957464
9.57849e-11 0.0957849
9.58235e-11 0.0958235
9.58621e-11 0.0958621
9.59006e-11 0.0959006
9.59392e-11 0.0959392
9.59777e-11 0.0959777
9.60163e-11 0.0960163
9.60549e-11 0.0960549
9.60934e-11 0.0960934
9.6132e-11 0.096132
9.61705e-11 0.0961705
9.62091e-11 0.0962091
9.62477e-11 0.0962477
9.62862e-11 0.0962862
9.63248e-11 0.0963248
9.63633e-11 0.0963633
9.64019e-11 0.0964019
9.64405e-11 0.0964405
9.6479e-11 0.096479
9.65176e-11 0.0965176
9.65561e-11 0.0965561
9.65947e-11 0.0965947
9.66333e-11 0.0966333
9.66718e-11 0.0966718
9.67104e-11 0.0967104
9.67489e-11 0.0967489
9.67875e-11 0.0967875
9.68261e-11 0.0968261
9.68646e-11 0.0968646
9.69032e-11 0.0969032
9.69417e-11 0.0969417
9.69803e-11 0.0969803
9.70189e-11 0.0970189
9.70574e-11 0.0970574
9.7096e-11 0.097096
9.71345e-11 0.0971345
9.71731e-11 0.0971731
9.72117e-11 0.0972117
9.72502e-11 0.0972502
9.72888e-11 0.0972888
9.73273e-11 0.0973273
9.73659e-11 0.0973659
9.74044e-11 0.0974044
9.7443e-11 0.097443
9.74816e-11 0.0974816
9.75201e-11 0.0975201
9.75587e-11 0.0975587
9.75972e-11 0.0975972
9.76358e-11 0.0976358
9.76744e-11 0.0976744
9.77129e-11 0.0977129
9.77515e-11 0.0977515
9.779e-11 0.09779
9.78286e-11 0.0978286
9.78672e-11 0.0978672
9.79057e-11 0.0979057
9.79443e-11 0.0979443
9.79828e-11 0.0979828
9.80214e-11 0.0980214
9.80599e-11 0.0980599
9.80985e-11 0.0980985
9.81371e-11 0.0981371
9.81756e-11 0.0981756
9.82142e-11 0.0982142
9.82527e-11 0.0982527
9.82913e-11 0.0982913
9.83299e-11 0.0983299
9.83684e-11 0.0983684
9.8407e-11 0.098407
9.84455e-11 0.0984455
9.84841e-11 0.0984841
9.85227e-11 0.0985227
9.85612e-11 0.0985612
9.85998e-11 0.0985998
9.86383e-11 0.0986383
9.86769e-11 0.0986769
9.87154e-11 0.0987154
9.8754e-11 0.098754
9.87926e-11 0.0987926
9.88311e-11 0.0988311
9.88697e-11 0.0988697
9.89082e-11 0.0989082
9.89468e-11 0.0989468
9.89854e-11 0.0989854
9.90239e-11 0.0990239
9.90625e-11 0.0990625
9.9101e-11 0.099101
9.91396e-11 0.0991396
9.91781e-11 0.0991781
9.92167e-11 0.0992167
9.92553e-11 0.0992553
9.92938e-11 0.0992938
9.93324e-11 0.0993324
9.93709e-11 0.0993709
9.94095e-11 0.0994095
9.94481e-11 0.0994481
9.94866e-11 0.0994866
9.95252e-11 0.0995252
9.95637e-11 0.0995637
9.96023e-11 0.0996023
9.96408e-11 0.0996408
9.96794e-11 0.0996794
9.9718e-11 0.099718
9.97565e-11 0.0997565
9.97951e-11 0.0997951
9.98336e-11 0.0998336
9.98722e-11 0.0998722
9.99107e-11 0.0999107
9.99493e-11 0.0999493
9.99879e-11 0.0999879
1.00026e-10 0.100026
1.00065e-10 0.100065
1.00104e-10 0.100104
1.00142e-10 0.100142
1.00181e-10 0.100181
1.00219e-10 0.100219
1.00258e-10 0.100258
1.00296e-10 0.100296
1.00335e-10 0.100335
1.00373e-10 0.100373
1.00412e-10 0.100412
1.00451e-10 0.100451
1.00489e-10 0.100489
1.00528e-10 0.100528
1.00566e-10 0.100566
1.00605e-10 0.100605
1.00643e-10 0.100643
1.00682e-10 0.100682
1.0072e-10 0.10072
1.00759e-10 0.100759
1.00798e-10 0.100798
1.00836e-10 0.100836
1.00875e-10 0.100875
1.00913e-10 0.100913
1.00952e-10 0.100952
1.0099e-10 0.10099
1.01029e-10 0.101029
1.01067e-10 0.101067
1.01106e-10 0.101106
1.01145e-10 0.101145
1.01183e-10 0.101183
1.01222e-10 0.101222
1.0126e-10 0.10126
1.01299e-10 0.101299
1.01337e-10 0.101337
1.01376e-10 0.101376
1.01414e-10 0.101414
1.01453e-10 0.101453
1.01492e-10 0.101492
1.0153e-10 0.10153
1.01569e-10 0.101569
1.01607e-10 0.101607
1.01646e-10 0.101646
1.01684e-10 0.101684
1.01723e-10 0.101723
1.01762e-10 0.101762
1.018e-10 0.1018
1.01839e-10 0.101839
1.01877e-10 0.101877
1.01916e-10 0.101916
1.01954e-10 0.101954
1.01993e-10 0.101993
1.02031e-10 0.102031
1.0207e-10 0.10207
1.02109e-10 0.102109
1.02147e-10 0.102147
1.02186e-10 0.102186
1.02224e-10 0.102224
1.02263e-10 0.102263
1.02301e-10 0.102301
1.0234e-10 0.10234
1.02378e-10 0.102378
1.02417e-10 0.102417
1.02456e-10 0.102456
1.02494e-10 0.102494
1.02533e-10 0.102533
1.02571e-10 0.102571
1.0261e-10 0.10261
1.02648e-10 0.102648
1.02687e-10 0.102687
1.02725e-10 0.102725
1.02764e-10 0.102764
1.02803e-10 0.102803
1.02841e-10 0.102841
1.0288e-10 0.10288
1.02918e-10 0.102918
1.02957e-10 0.102957
1.02995e-10 0.102995
1.03034e-10 0.103034
1.03072e-10 0.103072
1.03111e-10 0.103111
1.0315e-10 0.10315
1.03188e-10 0.103188
1.03227e-10 0.103227
1.03265e-10 0.103265
1.03304e-10 0.103304
1.03342e-10 0.103342
1.03381e-10 0.103381
1.03419e-10 0.103419
1.03458e-10 0.103458
1.03497e-10 0.103497
1.03535e-10 0.103535
1.03574e-10 0.103574
1.03612e-10 0.103612
1.03651e-10 0.103651
1.03689e-10 0.103689
1.03728e-10 0.103728
1.03766e-10 0.103766
1.03805e-10 0.103805
1.03844e-10 0.103844
1.03882e-10 0.103882
1.03921e-10 0.103921
1.03959e-10 0.103959
1.03998e-10 0.103998
1.04036e-10 0.104036
1.04075e-10 0.104075
1.04113e-10 0.104113
1.04152e-10 0.104152
1.04191e-10 0.104191
1.04229e-10 0.104229
1.04268e-10 0.104268
1.04306e-10 0.104306
1.04345e-10 0.104345
1.04383e-10 0.104383
1.04422e-10 0.104422
1.0446e-10 0.10446
1.04499e-10 0.104499
1.04538e-10 0.104538
1.04576e-10 0.104576
1.04615e-10 0.104615
1.04653e-10 0.104653
1.04692e-10 0.104692
1.0473e-10 0.10473
1.04769e-10 0.104769
1.04807e-10 0.104807
1.04846e-10 0.104846
1.04885e-10 0.104885
1.04923e-10 0.104923
1.04962e-10 0.104962
1.05e-10 0.105
1.05039e-10 0.105039
1.05077e-10 0.105077
1.05116e-10 0.105116
1.05154e-10 0.105154
1.05193e-10 0.105193
1.05232e-10 0.105232
1.0527e-10 0.10527
1.05309e-10 0.105309
1.05347e-10 0.105347
1.05386e-10 0.105386
1.05424e-10 0.105424
1.05463e-10 0.105463
1.05501e-10 0.105501
1.0554e-10 0.10554
1.05579e-10 0.105579
1.05617e-10 0.105617
1.05656e-10 0.105656
1.05694e-10 0.105694
1.05733e-10 0.105733
1.05771e-10 0.105771
1.0581e-10 0.10581
1.05848e-10 0.105848
1.05887e-10 0.105887
1.05926e-10 0.105926
1.05964e-10 0.105964
1.06003e-10 0.106003
1.06041e-10 0.106041
