5.50547e-15 5.50547e-06
1.10109e-14 1.10109e-05
1.65164e-14 1.65164e-05
2.20218e-14 2.20218e-05
2.75272e-14 2.75272e-05
3.30326e-14 3.30326e-05
3.8538e-14 3.8538e-05
4.40434e-14 4.40434e-05
4.95487e-14 4.95487e-05
5.50539e-14 5.50539e-05
1.06966e-13 0.000106966
1.58877e-13 0.000158877
2.10788e-13 0.000210788
2.627e-13 0.0002627
3.14611e-13 0.000314611
3.66522e-13 0.000366522
4.18433e-13 0.000418433
4.70345e-13 0.000470345
5.22256e-13 0.000522256
5.74167e-13 0.000574167
6.26077e-13 0.000626077
6.77988e-13 0.000677988
7.29899e-13 0.000729899
7.8181e-13 0.00078181
8.3372e-13 0.00083372
8.85631e-13 0.000885631
9.37542e-13 0.000937542
9.89452e-13 0.000989452
1.04136e-12 0.00104136
1.09327e-12 0.00109327
1.14518e-12 0.00114518
1.19709e-12 0.00119709
1.249e-12 0.001249
1.30091e-12 0.00130091
1.35282e-12 0.00135282
1.40473e-12 0.00140473
1.45664e-12 0.00145664
1.50855e-12 0.00150855
1.56046e-12 0.00156046
1.61237e-12 0.00161237
1.66428e-12 0.00166428
1.71619e-12 0.00171619
1.7681e-12 0.0017681
1.82001e-12 0.00182001
1.87192e-12 0.00187192
1.92383e-12 0.00192383
1.97574e-12 0.00197574
2.02765e-12 0.00202765
2.07956e-12 0.00207956
2.13147e-12 0.00213147
2.18337e-12 0.00218337
2.23528e-12 0.00223528
2.28719e-12 0.00228719
2.3391e-12 0.0023391
2.39101e-12 0.00239101
2.44292e-12 0.00244292
2.49483e-12 0.00249483
2.54674e-12 0.00254674
2.59864e-12 0.00259864
2.65055e-12 0.00265055
2.70246e-12 0.00270246
2.75437e-12 0.00275437
2.80628e-12 0.00280628
2.85818e-12 0.00285818
2.91009e-12 0.00291009
2.962e-12 0.002962
3.01391e-12 0.00301391
3.06582e-12 0.00306582
3.11772e-12 0.00311772
3.16963e-12 0.00316963
3.22154e-12 0.00322154
3.27345e-12 0.00327345
3.32535e-12 0.00332535
3.37726e-12 0.00337726
3.42917e-12 0.00342917
3.48108e-12 0.00348108
3.53298e-12 0.00353298
3.58489e-12 0.00358489
3.6368e-12 0.0036368
3.68871e-12 0.00368871
3.74061e-12 0.00374061
3.79252e-12 0.00379252
3.84443e-12 0.00384443
3.89633e-12 0.00389633
3.94824e-12 0.00394824
4.00015e-12 0.00400015
4.05205e-12 0.00405205
4.10396e-12 0.00410396
4.15587e-12 0.00415587
4.20777e-12 0.00420777
4.25968e-12 0.00425968
4.31158e-12 0.00431158
4.36349e-12 0.00436349
4.4154e-12 0.0044154
4.4673e-12 0.0044673
4.51921e-12 0.00451921
4.57111e-12 0.00457111
4.62302e-12 0.00462302
4.67493e-12 0.00467493
4.72683e-12 0.00472683
4.77874e-12 0.00477874
4.83064e-12 0.00483064
4.88255e-12 0.00488255
4.93445e-12 0.00493445
4.98636e-12 0.00498636
5.03827e-12 0.00503827
5.09017e-12 0.00509017
5.14208e-12 0.00514208
5.19398e-12 0.00519398
5.24589e-12 0.00524589
5.29779e-12 0.00529779
5.3497e-12 0.0053497
5.4016e-12 0.0054016
5.45351e-12 0.00545351
5.50541e-12 0.00550541
5.55731e-12 0.00555731
5.60922e-12 0.00560922
5.66112e-12 0.00566112
5.71303e-12 0.00571303
5.76493e-12 0.00576493
5.81684e-12 0.00581684
5.86874e-12 0.00586874
5.92065e-12 0.00592065
5.97255e-12 0.00597255
6.02445e-12 0.00602445
6.07636e-12 0.00607636
6.12826e-12 0.00612826
6.18017e-12 0.00618017
6.23207e-12 0.00623207
6.28397e-12 0.00628397
6.33588e-12 0.00633588
6.38778e-12 0.00638778
6.43968e-12 0.00643968
6.49159e-12 0.00649159
6.54349e-12 0.00654349
6.59539e-12 0.00659539
6.6473e-12 0.0066473
6.6992e-12 0.0066992
6.7511e-12 0.0067511
6.80301e-12 0.00680301
6.85491e-12 0.00685491
6.90681e-12 0.00690681
6.95872e-12 0.00695872
7.01062e-12 0.00701062
7.06252e-12 0.00706252
7.11442e-12 0.00711442
7.16633e-12 0.00716633
7.21823e-12 0.00721823
7.27013e-12 0.00727013
7.32203e-12 0.00732203
7.37394e-12 0.00737394
7.42584e-12 0.00742584
7.47774e-12 0.00747774
7.52964e-12 0.00752964
7.58155e-12 0.00758155
7.63345e-12 0.00763345
7.68535e-12 0.00768535
7.73725e-12 0.00773725
7.78915e-12 0.00778915
7.84106e-12 0.00784106
7.89296e-12 0.00789296
7.94486e-12 0.00794486
7.99676e-12 0.00799676
8.04866e-12 0.00804866
8.10056e-12 0.00810056
8.15247e-12 0.00815247
8.20437e-12 0.00820437
8.25627e-12 0.00825627
8.30817e-12 0.00830817
8.36007e-12 0.00836007
8.41197e-12 0.00841197
8.46387e-12 0.00846387
8.51577e-12 0.00851577
8.56767e-12 0.00856767
8.61957e-12 0.00861957
8.67148e-12 0.00867148
8.72338e-12 0.00872338
8.77528e-12 0.00877528
8.82718e-12 0.00882718
8.87908e-12 0.00887908
8.93098e-12 0.00893098
8.98288e-12 0.00898288
9.03478e-12 0.00903478
9.08668e-12 0.00908668
9.13858e-12 0.00913858
9.19048e-12 0.00919048
9.24238e-12 0.00924238
9.29428e-12 0.00929428
9.34618e-12 0.00934618
9.39808e-12 0.00939808
9.44998e-12 0.00944998
9.50188e-12 0.00950188
9.55378e-12 0.00955378
9.60568e-12 0.00960568
9.65758e-12 0.00965758
9.70948e-12 0.00970948
9.76138e-12 0.00976138
9.81328e-12 0.00981328
9.86517e-12 0.00986517
9.91707e-12 0.00991707
9.96897e-12 0.00996897
1.00209e-11 0.0100209
1.00728e-11 0.0100728
1.01247e-11 0.0101247
1.01766e-11 0.0101766
1.02285e-11 0.0102285
1.02804e-11 0.0102804
1.03323e-11 0.0103323
1.03842e-11 0.0103842
1.04361e-11 0.0104361
1.0488e-11 0.010488
1.05399e-11 0.0105399
1.05918e-11 0.0105918
1.06437e-11 0.0106437
1.06956e-11 0.0106956
1.07475e-11 0.0107475
1.07993e-11 0.0107993
1.08512e-11 0.0108512
1.09031e-11 0.0109031
1.0955e-11 0.010955
1.10069e-11 0.0110069
1.10588e-11 0.0110588
1.11107e-11 0.0111107
1.11626e-11 0.0111626
1.12145e-11 0.0112145
1.12664e-11 0.0112664
1.13183e-11 0.0113183
1.13702e-11 0.0113702
1.14221e-11 0.0114221
1.1474e-11 0.011474
1.15259e-11 0.0115259
1.15778e-11 0.0115778
1.16297e-11 0.0116297
1.16816e-11 0.0116816
1.17335e-11 0.0117335
1.17854e-11 0.0117854
1.18373e-11 0.0118373
1.18892e-11 0.0118892
1.19411e-11 0.0119411
1.1993e-11 0.011993
1.20449e-11 0.0120449
1.20968e-11 0.0120968
1.21487e-11 0.0121487
1.22006e-11 0.0122006
1.22525e-11 0.0122525
1.23044e-11 0.0123044
1.23563e-11 0.0123563
1.24082e-11 0.0124082
1.24601e-11 0.0124601
1.25119e-11 0.0125119
1.25638e-11 0.0125638
1.26157e-11 0.0126157
1.26676e-11 0.0126676
1.27195e-11 0.0127195
1.27714e-11 0.0127714
1.28233e-11 0.0128233
1.28752e-11 0.0128752
1.29271e-11 0.0129271
1.2979e-11 0.012979
1.30309e-11 0.0130309
1.30828e-11 0.0130828
1.31347e-11 0.0131347
1.31866e-11 0.0131866
1.32385e-11 0.0132385
1.32904e-11 0.0132904
1.33423e-11 0.0133423
1.33942e-11 0.0133942
1.34461e-11 0.0134461
1.3498e-11 0.013498
1.35499e-11 0.0135499
1.36017e-11 0.0136017
1.36536e-11 0.0136536
1.37055e-11 0.0137055
1.37574e-11 0.0137574
1.38093e-11 0.0138093
1.38612e-11 0.0138612
1.39131e-11 0.0139131
1.3965e-11 0.013965
1.40169e-11 0.0140169
1.40688e-11 0.0140688
1.41207e-11 0.0141207
1.41726e-11 0.0141726
1.42245e-11 0.0142245
1.42764e-11 0.0142764
1.43283e-11 0.0143283
1.43802e-11 0.0143802
1.44321e-11 0.0144321
1.44839e-11 0.0144839
1.45358e-11 0.0145358
1.45877e-11 0.0145877
1.46396e-11 0.0146396
1.46915e-11 0.0146915
1.47434e-11 0.0147434
1.47953e-11 0.0147953
1.48472e-11 0.0148472
1.48991e-11 0.0148991
1.4951e-11 0.014951
1.50029e-11 0.0150029
1.50548e-11 0.0150548
1.51067e-11 0.0151067
1.51586e-11 0.0151586
1.52104e-11 0.0152104
1.52623e-11 0.0152623
1.53142e-11 0.0153142
1.53661e-11 0.0153661
1.5418e-11 0.015418
1.54699e-11 0.0154699
1.55218e-11 0.0155218
1.55737e-11 0.0155737
1.56256e-11 0.0156256
1.56775e-11 0.0156775
1.57294e-11 0.0157294
1.57813e-11 0.0157813
1.58331e-11 0.0158331
1.5885e-11 0.015885
1.59369e-11 0.0159369
1.59888e-11 0.0159888
1.60407e-11 0.0160407
1.60926e-11 0.0160926
1.61445e-11 0.0161445
1.61964e-11 0.0161964
1.62483e-11 0.0162483
1.63002e-11 0.0163002
1.63521e-11 0.0163521
1.6404e-11 0.016404
1.64558e-11 0.0164558
1.65077e-11 0.0165077
1.65596e-11 0.0165596
1.66115e-11 0.0166115
1.66634e-11 0.0166634
1.67153e-11 0.0167153
1.67672e-11 0.0167672
1.68191e-11 0.0168191
1.6871e-11 0.016871
1.69229e-11 0.0169229
1.69748e-11 0.0169748
1.70266e-11 0.0170266
1.70785e-11 0.0170785
1.71304e-11 0.0171304
1.71823e-11 0.0171823
1.72342e-11 0.0172342
1.72861e-11 0.0172861
1.7338e-11 0.017338
1.73899e-11 0.0173899
1.74418e-11 0.0174418
1.74936e-11 0.0174936
1.75455e-11 0.0175455
1.75974e-11 0.0175974
1.76493e-11 0.0176493
1.77012e-11 0.0177012
1.77531e-11 0.0177531
1.7805e-11 0.017805
1.78569e-11 0.0178569
1.79088e-11 0.0179088
1.79607e-11 0.0179607
1.80125e-11 0.0180125
1.80644e-11 0.0180644
1.81163e-11 0.0181163
1.81682e-11 0.0181682
1.82201e-11 0.0182201
1.8272e-11 0.018272
1.83239e-11 0.0183239
1.83758e-11 0.0183758
1.84277e-11 0.0184277
1.84795e-11 0.0184795
1.85314e-11 0.0185314
1.85833e-11 0.0185833
1.86352e-11 0.0186352
1.86871e-11 0.0186871
1.8739e-11 0.018739
1.87909e-11 0.0187909
1.88428e-11 0.0188428
1.88946e-11 0.0188946
1.89465e-11 0.0189465
1.89984e-11 0.0189984
1.90503e-11 0.0190503
1.91022e-11 0.0191022
1.91541e-11 0.0191541
1.9206e-11 0.019206
1.92579e-11 0.0192579
1.93097e-11 0.0193097
1.93616e-11 0.0193616
1.94135e-11 0.0194135
1.94654e-11 0.0194654
1.95173e-11 0.0195173
1.95692e-11 0.0195692
1.96211e-11 0.0196211
1.9673e-11 0.019673
1.97248e-11 0.0197248
1.97767e-11 0.0197767
1.98286e-11 0.0198286
1.98805e-11 0.0198805
1.99324e-11 0.0199324
1.99843e-11 0.0199843
2.00362e-11 0.0200362
2.0088e-11 0.020088
2.01399e-11 0.0201399
2.01918e-11 0.0201918
2.02437e-11 0.0202437
2.02956e-11 0.0202956
2.03475e-11 0.0203475
2.03994e-11 0.0203994
2.04512e-11 0.0204512
2.05031e-11 0.0205031
2.0555e-11 0.020555
2.06069e-11 0.0206069
2.06588e-11 0.0206588
2.07107e-11 0.0207107
2.07626e-11 0.0207626
2.08144e-11 0.0208144
2.08663e-11 0.0208663
2.09182e-11 0.0209182
2.09701e-11 0.0209701
2.1022e-11 0.021022
2.10739e-11 0.0210739
2.11258e-11 0.0211258
2.11776e-11 0.0211776
2.12295e-11 0.0212295
2.12814e-11 0.0212814
2.13333e-11 0.0213333
2.13852e-11 0.0213852
2.14371e-11 0.0214371
2.1489e-11 0.021489
2.15408e-11 0.0215408
2.15927e-11 0.0215927
2.16446e-11 0.0216446
2.16965e-11 0.0216965
2.17484e-11 0.0217484
2.18003e-11 0.0218003
2.18521e-11 0.0218521
2.1904e-11 0.021904
2.19559e-11 0.0219559
2.20078e-11 0.0220078
2.20597e-11 0.0220597
2.21116e-11 0.0221116
2.21634e-11 0.0221634
2.22153e-11 0.0222153
2.22672e-11 0.0222672
2.23191e-11 0.0223191
2.2371e-11 0.022371
2.24229e-11 0.0224229
2.24747e-11 0.0224747
2.25266e-11 0.0225266
2.25785e-11 0.0225785
2.26304e-11 0.0226304
2.26823e-11 0.0226823
2.27342e-11 0.0227342
2.2786e-11 0.022786
2.28379e-11 0.0228379
2.28898e-11 0.0228898
2.29417e-11 0.0229417
2.29936e-11 0.0229936
2.30455e-11 0.0230455
2.30973e-11 0.0230973
2.31492e-11 0.0231492
2.32011e-11 0.0232011
2.3253e-11 0.023253
2.33049e-11 0.0233049
2.33568e-11 0.0233568
2.34086e-11 0.0234086
2.34605e-11 0.0234605
2.35124e-11 0.0235124
2.35643e-11 0.0235643
2.36162e-11 0.0236162
2.3668e-11 0.023668
2.37199e-11 0.0237199
2.37718e-11 0.0237718
2.38237e-11 0.0238237
2.38756e-11 0.0238756
2.39275e-11 0.0239275
2.39793e-11 0.0239793
2.40312e-11 0.0240312
2.40831e-11 0.0240831
2.4135e-11 0.024135
2.41869e-11 0.0241869
2.42387e-11 0.0242387
2.42906e-11 0.0242906
2.43425e-11 0.0243425
2.43944e-11 0.0243944
2.44463e-11 0.0244463
2.44981e-11 0.0244981
2.455e-11 0.02455
2.46019e-11 0.0246019
2.46538e-11 0.0246538
2.47057e-11 0.0247057
2.47575e-11 0.0247575
2.48094e-11 0.0248094
2.48613e-11 0.0248613
2.49132e-11 0.0249132
2.49651e-11 0.0249651
2.50169e-11 0.0250169
2.50688e-11 0.0250688
2.51207e-11 0.0251207
2.51726e-11 0.0251726
2.52245e-11 0.0252245
2.52763e-11 0.0252763
2.53282e-11 0.0253282
2.53801e-11 0.0253801
2.5432e-11 0.025432
2.54839e-11 0.0254839
2.55357e-11 0.0255357
2.55876e-11 0.0255876
2.56395e-11 0.0256395
2.56914e-11 0.0256914
2.57433e-11 0.0257433
2.57951e-11 0.0257951
2.5847e-11 0.025847
2.58989e-11 0.0258989
2.59508e-11 0.0259508
2.60027e-11 0.0260027
2.60545e-11 0.0260545
2.61064e-11 0.0261064
2.61583e-11 0.0261583
2.62102e-11 0.0262102
2.6262e-11 0.026262
2.63139e-11 0.0263139
2.63658e-11 0.0263658
2.64177e-11 0.0264177
2.64696e-11 0.0264696
2.65214e-11 0.0265214
2.65733e-11 0.0265733
2.66252e-11 0.0266252
2.66771e-11 0.0266771
2.6729e-11 0.026729
2.67808e-11 0.0267808
2.68327e-11 0.0268327
2.68846e-11 0.0268846
2.69365e-11 0.0269365
2.69883e-11 0.0269883
2.70402e-11 0.0270402
2.70921e-11 0.0270921
2.7144e-11 0.027144
2.71959e-11 0.0271959
2.72477e-11 0.0272477
2.72996e-11 0.0272996
2.73515e-11 0.0273515
2.74034e-11 0.0274034
2.74552e-11 0.0274552
2.75071e-11 0.0275071
2.7559e-11 0.027559
2.76109e-11 0.0276109
2.76627e-11 0.0276627
2.77146e-11 0.0277146
2.77665e-11 0.0277665
2.78184e-11 0.0278184
2.78703e-11 0.0278703
2.79221e-11 0.0279221
2.7974e-11 0.027974
2.80259e-11 0.0280259
2.80778e-11 0.0280778
2.81296e-11 0.0281296
2.81815e-11 0.0281815
2.82334e-11 0.0282334
2.82853e-11 0.0282853
2.83371e-11 0.0283371
2.8389e-11 0.028389
2.84409e-11 0.0284409
2.84928e-11 0.0284928
2.85446e-11 0.0285446
2.85965e-11 0.0285965
2.86484e-11 0.0286484
2.87003e-11 0.0287003
2.87521e-11 0.0287521
2.8804e-11 0.028804
2.88559e-11 0.0288559
2.89078e-11 0.0289078
2.89596e-11 0.0289596
2.90115e-11 0.0290115
2.90634e-11 0.0290634
2.91153e-11 0.0291153
2.91671e-11 0.0291671
2.9219e-11 0.029219
2.92709e-11 0.0292709
2.93228e-11 0.0293228
2.93746e-11 0.0293746
2.94265e-11 0.0294265
2.94784e-11 0.0294784
2.95303e-11 0.0295303
2.95821e-11 0.0295821
2.9634e-11 0.029634
2.96859e-11 0.0296859
2.97378e-11 0.0297378
2.97896e-11 0.0297896
2.98415e-11 0.0298415
2.98934e-11 0.0298934
2.99453e-11 0.0299453
2.99971e-11 0.0299971
3.0049e-11 0.030049
3.01009e-11 0.0301009
3.01528e-11 0.0301528
3.02046e-11 0.0302046
3.02565e-11 0.0302565
3.03084e-11 0.0303084
3.03602e-11 0.0303602
3.04121e-11 0.0304121
3.0464e-11 0.030464
3.05159e-11 0.0305159
3.05677e-11 0.0305677
3.06196e-11 0.0306196
3.06715e-11 0.0306715
3.07234e-11 0.0307234
3.07752e-11 0.0307752
3.08271e-11 0.0308271
3.0879e-11 0.030879
3.09308e-11 0.0309308
3.09827e-11 0.0309827
3.10346e-11 0.0310346
3.10865e-11 0.0310865
3.11383e-11 0.0311383
3.11902e-11 0.0311902
3.12421e-11 0.0312421
3.1294e-11 0.031294
3.13458e-11 0.0313458
3.13977e-11 0.0313977
3.14496e-11 0.0314496
3.15014e-11 0.0315014
3.15533e-11 0.0315533
3.16052e-11 0.0316052
3.16571e-11 0.0316571
3.17089e-11 0.0317089
3.17608e-11 0.0317608
3.18127e-11 0.0318127
3.18645e-11 0.0318645
3.19164e-11 0.0319164
3.19683e-11 0.0319683
3.20202e-11 0.0320202
3.2072e-11 0.032072
3.21239e-11 0.0321239
3.21758e-11 0.0321758
3.22276e-11 0.0322276
3.22795e-11 0.0322795
3.23314e-11 0.0323314
3.23833e-11 0.0323833
3.24351e-11 0.0324351
3.2487e-11 0.032487
3.25389e-11 0.0325389
3.25907e-11 0.0325907
3.26426e-11 0.0326426
3.26945e-11 0.0326945
3.27463e-11 0.0327463
3.27982e-11 0.0327982
3.28501e-11 0.0328501
3.2902e-11 0.032902
3.29538e-11 0.0329538
3.30057e-11 0.0330057
3.30576e-11 0.0330576
3.31094e-11 0.0331094
3.31613e-11 0.0331613
3.32132e-11 0.0332132
3.3265e-11 0.033265
3.33169e-11 0.0333169
3.33688e-11 0.0333688
3.34207e-11 0.0334207
3.34725e-11 0.0334725
3.35244e-11 0.0335244
3.35763e-11 0.0335763
3.36281e-11 0.0336281
3.368e-11 0.03368
3.37319e-11 0.0337319
3.37837e-11 0.0337837
3.38356e-11 0.0338356
3.38875e-11 0.0338875
3.39393e-11 0.0339393
3.39912e-11 0.0339912
3.40431e-11 0.0340431
3.4095e-11 0.034095
3.41468e-11 0.0341468
3.41987e-11 0.0341987
3.42506e-11 0.0342506
3.43024e-11 0.0343024
3.43543e-11 0.0343543
3.44062e-11 0.0344062
3.4458e-11 0.034458
3.45099e-11 0.0345099
3.45618e-11 0.0345618
3.46136e-11 0.0346136
3.46655e-11 0.0346655
3.47174e-11 0.0347174
3.47692e-11 0.0347692
3.48211e-11 0.0348211
3.4873e-11 0.034873
3.49248e-11 0.0349248
3.49767e-11 0.0349767
3.50286e-11 0.0350286
3.50804e-11 0.0350804
3.51323e-11 0.0351323
3.51842e-11 0.0351842
3.5236e-11 0.035236
3.52879e-11 0.0352879
3.53398e-11 0.0353398
3.53916e-11 0.0353916
3.54435e-11 0.0354435
3.54954e-11 0.0354954
3.55472e-11 0.0355472
3.55991e-11 0.0355991
3.5651e-11 0.035651
3.57028e-11 0.0357028
3.57547e-11 0.0357547
3.58066e-11 0.0358066
3.58584e-11 0.0358584
3.59103e-11 0.0359103
3.59622e-11 0.0359622
3.6014e-11 0.036014
3.60659e-11 0.0360659
3.61178e-11 0.0361178
3.61696e-11 0.0361696
3.62215e-11 0.0362215
3.62734e-11 0.0362734
3.63252e-11 0.0363252
3.63771e-11 0.0363771
3.6429e-11 0.036429
3.64808e-11 0.0364808
3.65327e-11 0.0365327
3.65846e-11 0.0365846
3.66364e-11 0.0366364
3.66883e-11 0.0366883
3.67402e-11 0.0367402
3.6792e-11 0.036792
3.68439e-11 0.0368439
3.68958e-11 0.0368958
3.69476e-11 0.0369476
3.69995e-11 0.0369995
3.70514e-11 0.0370514
3.71032e-11 0.0371032
3.71551e-11 0.0371551
3.72069e-11 0.0372069
3.72588e-11 0.0372588
3.73107e-11 0.0373107
3.73625e-11 0.0373625
3.74144e-11 0.0374144
3.74663e-11 0.0374663
3.75181e-11 0.0375181
3.757e-11 0.03757
3.76219e-11 0.0376219
3.76737e-11 0.0376737
3.77256e-11 0.0377256
3.77775e-11 0.0377775
3.78293e-11 0.0378293
3.78812e-11 0.0378812
3.7933e-11 0.037933
3.79849e-11 0.0379849
3.80368e-11 0.0380368
3.80886e-11 0.0380886
3.81405e-11 0.0381405
3.81924e-11 0.0381924
3.82442e-11 0.0382442
3.82961e-11 0.0382961
3.8348e-11 0.038348
3.83998e-11 0.0383998
3.84517e-11 0.0384517
3.85035e-11 0.0385035
3.85554e-11 0.0385554
3.86073e-11 0.0386073
3.86591e-11 0.0386591
3.8711e-11 0.038711
3.87629e-11 0.0387629
3.88147e-11 0.0388147
3.88666e-11 0.0388666
3.89184e-11 0.0389184
3.89703e-11 0.0389703
3.90222e-11 0.0390222
3.9074e-11 0.039074
3.91259e-11 0.0391259
3.91778e-11 0.0391778
3.92296e-11 0.0392296
3.92815e-11 0.0392815
3.93333e-11 0.0393333
3.93852e-11 0.0393852
3.94371e-11 0.0394371
3.94889e-11 0.0394889
3.95408e-11 0.0395408
3.95927e-11 0.0395927
3.96445e-11 0.0396445
3.96964e-11 0.0396964
3.97482e-11 0.0397482
3.98001e-11 0.0398001
3.9852e-11 0.039852
3.99038e-11 0.0399038
3.99557e-11 0.0399557
4.00075e-11 0.0400075
4.00594e-11 0.0400594
4.01113e-11 0.0401113
4.01631e-11 0.0401631
4.0215e-11 0.040215
4.02668e-11 0.0402668
4.03187e-11 0.0403187
4.03706e-11 0.0403706
4.04224e-11 0.0404224
4.04743e-11 0.0404743
4.05262e-11 0.0405262
4.0578e-11 0.040578
4.06299e-11 0.0406299
4.06817e-11 0.0406817
4.07336e-11 0.0407336
4.07855e-11 0.0407855
4.08373e-11 0.0408373
4.08892e-11 0.0408892
4.0941e-11 0.040941
4.09929e-11 0.0409929
4.10448e-11 0.0410448
4.10966e-11 0.0410966
4.11485e-11 0.0411485
4.12003e-11 0.0412003
4.12522e-11 0.0412522
4.1304e-11 0.041304
4.13559e-11 0.0413559
4.14078e-11 0.0414078
4.14596e-11 0.0414596
4.15115e-11 0.0415115
4.15633e-11 0.0415633
4.16152e-11 0.0416152
4.16671e-11 0.0416671
4.17189e-11 0.0417189
4.17708e-11 0.0417708
4.18226e-11 0.0418226
4.18745e-11 0.0418745
4.19264e-11 0.0419264
4.19782e-11 0.0419782
4.20301e-11 0.0420301
4.20819e-11 0.0420819
4.21338e-11 0.0421338
4.21857e-11 0.0421857
4.22375e-11 0.0422375
4.22894e-11 0.0422894
4.23412e-11 0.0423412
4.23931e-11 0.0423931
4.24449e-11 0.0424449
4.24968e-11 0.0424968
4.25487e-11 0.0425487
4.26005e-11 0.0426005
4.26524e-11 0.0426524
4.27042e-11 0.0427042
4.27561e-11 0.0427561
4.28079e-11 0.0428079
4.28598e-11 0.0428598
4.29117e-11 0.0429117
4.29635e-11 0.0429635
4.30154e-11 0.0430154
4.30672e-11 0.0430672
4.31191e-11 0.0431191
4.31709e-11 0.0431709
4.32228e-11 0.0432228
4.32747e-11 0.0432747
4.33265e-11 0.0433265
4.33784e-11 0.0433784
4.34302e-11 0.0434302
4.34821e-11 0.0434821
4.35339e-11 0.0435339
4.35858e-11 0.0435858
4.36377e-11 0.0436377
4.36895e-11 0.0436895
4.37414e-11 0.0437414
4.37932e-11 0.0437932
4.38451e-11 0.0438451
4.38969e-11 0.0438969
4.39488e-11 0.0439488
4.40007e-11 0.0440007
4.40525e-11 0.0440525
4.41044e-11 0.0441044
4.41562e-11 0.0441562
4.42081e-11 0.0442081
4.42599e-11 0.0442599
4.43118e-11 0.0443118
4.43636e-11 0.0443636
4.44155e-11 0.0444155
4.44651e-11 0.0444651
4.45107e-11 0.0445107
4.45562e-11 0.0445562
4.46018e-11 0.0446018
4.46474e-11 0.0446474
4.4693e-11 0.044693
4.47385e-11 0.0447385
4.47841e-11 0.0447841
4.48252e-11 0.0448252
4.4859e-11 0.044859
4.48927e-11 0.0448927
4.49265e-11 0.0449265
4.49603e-11 0.0449603
4.49941e-11 0.0449941
4.50278e-11 0.0450278
4.50616e-11 0.0450616
4.50954e-11 0.0450954
4.51292e-11 0.0451292
4.51629e-11 0.0451629
4.51967e-11 0.0451967
4.52305e-11 0.0452305
4.52643e-11 0.0452643
4.5298e-11 0.045298
4.53318e-11 0.0453318
4.53656e-11 0.0453656
4.53994e-11 0.0453994
4.54331e-11 0.0454331
4.54669e-11 0.0454669
4.55007e-11 0.0455007
4.55345e-11 0.0455345
4.55682e-11 0.0455682
4.5602e-11 0.045602
4.56358e-11 0.0456358
4.56696e-11 0.0456696
4.57033e-11 0.0457033
4.57371e-11 0.0457371
4.57709e-11 0.0457709
4.58047e-11 0.0458047
4.58385e-11 0.0458385
4.58722e-11 0.0458722
4.5906e-11 0.045906
4.59398e-11 0.0459398
4.59736e-11 0.0459736
4.60073e-11 0.0460073
4.60411e-11 0.0460411
4.60749e-11 0.0460749
4.61087e-11 0.0461087
4.61424e-11 0.0461424
4.61762e-11 0.0461762
4.621e-11 0.04621
4.62438e-11 0.0462438
4.62775e-11 0.0462775
4.63113e-11 0.0463113
4.63451e-11 0.0463451
4.63789e-11 0.0463789
4.64126e-11 0.0464126
4.64464e-11 0.0464464
4.64802e-11 0.0464802
4.6514e-11 0.046514
4.65477e-11 0.0465477
4.65815e-11 0.0465815
4.66153e-11 0.0466153
4.66491e-11 0.0466491
4.66828e-11 0.0466828
4.67166e-11 0.0467166
4.67504e-11 0.0467504
4.67842e-11 0.0467842
4.68179e-11 0.0468179
4.68517e-11 0.0468517
4.68855e-11 0.0468855
4.69193e-11 0.0469193
4.6953e-11 0.046953
4.69868e-11 0.0469868
4.70206e-11 0.0470206
4.70544e-11 0.0470544
4.70882e-11 0.0470882
4.71219e-11 0.0471219
4.71557e-11 0.0471557
4.71895e-11 0.0471895
4.72233e-11 0.0472233
4.7257e-11 0.047257
4.72908e-11 0.0472908
4.73246e-11 0.0473246
4.73584e-11 0.0473584
4.73921e-11 0.0473921
4.74259e-11 0.0474259
4.74597e-11 0.0474597
4.74935e-11 0.0474935
4.75272e-11 0.0475272
4.7561e-11 0.047561
4.75948e-11 0.0475948
4.76286e-11 0.0476286
4.76623e-11 0.0476623
4.76961e-11 0.0476961
4.77299e-11 0.0477299
4.77637e-11 0.0477637
4.77974e-11 0.0477974
4.78312e-11 0.0478312
4.7865e-11 0.047865
4.78988e-11 0.0478988
4.79326e-11 0.0479326
4.79663e-11 0.0479663
4.80001e-11 0.0480001
4.80339e-11 0.0480339
4.80677e-11 0.0480677
4.81014e-11 0.0481014
4.81352e-11 0.0481352
4.8169e-11 0.048169
4.82028e-11 0.0482028
4.82365e-11 0.0482365
4.82703e-11 0.0482703
4.83041e-11 0.0483041
4.83379e-11 0.0483379
4.83716e-11 0.0483716
4.84054e-11 0.0484054
4.84392e-11 0.0484392
4.8473e-11 0.048473
4.85067e-11 0.0485067
4.85405e-11 0.0485405
4.85743e-11 0.0485743
4.86081e-11 0.0486081
4.86419e-11 0.0486419
4.86756e-11 0.0486756
4.87094e-11 0.0487094
4.87432e-11 0.0487432
4.8777e-11 0.048777
4.88107e-11 0.0488107
4.88445e-11 0.0488445
4.88783e-11 0.0488783
4.89121e-11 0.0489121
4.89458e-11 0.0489458
4.89796e-11 0.0489796
4.90134e-11 0.0490134
4.90472e-11 0.0490472
4.90809e-11 0.0490809
4.91147e-11 0.0491147
4.91485e-11 0.0491485
4.91823e-11 0.0491823
4.92161e-11 0.0492161
4.92498e-11 0.0492498
4.92836e-11 0.0492836
4.93174e-11 0.0493174
4.93512e-11 0.0493512
4.93849e-11 0.0493849
4.94187e-11 0.0494187
4.94525e-11 0.0494525
4.94863e-11 0.0494863
4.952e-11 0.04952
4.95538e-11 0.0495538
4.95876e-11 0.0495876
4.96214e-11 0.0496214
4.96551e-11 0.0496551
4.96889e-11 0.0496889
4.97227e-11 0.0497227
4.97565e-11 0.0497565
4.97903e-11 0.0497903
4.9824e-11 0.049824
4.98578e-11 0.0498578
4.98916e-11 0.0498916
4.99254e-11 0.0499254
4.99591e-11 0.0499591
4.99929e-11 0.0499929
5.00267e-11 0.0500267
5.00605e-11 0.0500605
5.00942e-11 0.0500942
5.0128e-11 0.050128
5.01618e-11 0.0501618
5.01956e-11 0.0501956
5.02293e-11 0.0502293
5.02631e-11 0.0502631
5.02969e-11 0.0502969
5.03307e-11 0.0503307
5.03645e-11 0.0503645
5.03982e-11 0.0503982
5.0432e-11 0.050432
5.04658e-11 0.0504658
5.04996e-11 0.0504996
5.05333e-11 0.0505333
5.05671e-11 0.0505671
5.06009e-11 0.0506009
5.06347e-11 0.0506347
5.06684e-11 0.0506684
5.07022e-11 0.0507022
5.0736e-11 0.050736
5.07698e-11 0.0507698
5.08036e-11 0.0508036
5.08373e-11 0.0508373
5.08711e-11 0.0508711
5.09049e-11 0.0509049
5.09387e-11 0.0509387
5.09724e-11 0.0509724
5.10062e-11 0.0510062
5.104e-11 0.05104
5.10738e-11 0.0510738
5.11075e-11 0.0511075
5.11413e-11 0.0511413
5.11751e-11 0.0511751
5.12089e-11 0.0512089
5.12427e-11 0.0512427
5.12764e-11 0.0512764
5.13102e-11 0.0513102
5.1344e-11 0.051344
5.13778e-11 0.0513778
5.14115e-11 0.0514115
5.14453e-11 0.0514453
5.14791e-11 0.0514791
5.15129e-11 0.0515129
5.15466e-11 0.0515466
5.15804e-11 0.0515804
5.16142e-11 0.0516142
5.1648e-11 0.051648
5.16818e-11 0.0516818
5.17155e-11 0.0517155
5.17493e-11 0.0517493
5.17831e-11 0.0517831
5.18169e-11 0.0518169
5.18506e-11 0.0518506
5.18844e-11 0.0518844
5.19182e-11 0.0519182
5.1952e-11 0.051952
5.19857e-11 0.0519857
5.20195e-11 0.0520195
5.20533e-11 0.0520533
5.20871e-11 0.0520871
5.21209e-11 0.0521209
5.21546e-11 0.0521546
5.21884e-11 0.0521884
5.22222e-11 0.0522222
5.2256e-11 0.052256
5.22897e-11 0.0522897
5.23235e-11 0.0523235
5.23573e-11 0.0523573
5.23911e-11 0.0523911
5.24249e-11 0.0524249
5.24586e-11 0.0524586
5.24924e-11 0.0524924
5.25262e-11 0.0525262
5.256e-11 0.05256
5.25937e-11 0.0525937
5.26275e-11 0.0526275
5.26613e-11 0.0526613
5.26951e-11 0.0526951
5.27288e-11 0.0527288
5.27626e-11 0.0527626
5.27964e-11 0.0527964
5.28302e-11 0.0528302
5.2864e-11 0.052864
5.28977e-11 0.0528977
5.29315e-11 0.0529315
5.29653e-11 0.0529653
5.29991e-11 0.0529991
5.30328e-11 0.0530328
5.30666e-11 0.0530666
5.31004e-11 0.0531004
5.31342e-11 0.0531342
5.3168e-11 0.053168
5.32017e-11 0.0532017
5.32355e-11 0.0532355
5.32693e-11 0.0532693
5.33031e-11 0.0533031
5.33368e-11 0.0533368
5.33706e-11 0.0533706
5.34044e-11 0.0534044
5.34382e-11 0.0534382
5.3472e-11 0.053472
5.35057e-11 0.0535057
5.35395e-11 0.0535395
5.35733e-11 0.0535733
5.36071e-11 0.0536071
5.36408e-11 0.0536408
5.36746e-11 0.0536746
5.37084e-11 0.0537084
5.37422e-11 0.0537422
5.3776e-11 0.053776
5.38097e-11 0.0538097
5.38435e-11 0.0538435
5.38773e-11 0.0538773
5.39111e-11 0.0539111
5.39448e-11 0.0539448
5.39786e-11 0.0539786
5.40124e-11 0.0540124
5.40462e-11 0.0540462
5.408e-11 0.05408
5.41137e-11 0.0541137
5.41475e-11 0.0541475
5.41813e-11 0.0541813
5.42151e-11 0.0542151
5.42488e-11 0.0542488
5.42826e-11 0.0542826
5.43164e-11 0.0543164
5.43502e-11 0.0543502
5.4384e-11 0.054384
5.44177e-11 0.0544177
5.44515e-11 0.0544515
5.44853e-11 0.0544853
5.45191e-11 0.0545191
5.45528e-11 0.0545528
5.45866e-11 0.0545866
5.46204e-11 0.0546204
5.46542e-11 0.0546542
5.4688e-11 0.054688
5.47217e-11 0.0547217
5.47555e-11 0.0547555
5.47893e-11 0.0547893
5.48231e-11 0.0548231
5.48568e-11 0.0548568
5.48906e-11 0.0548906
5.49244e-11 0.0549244
5.49582e-11 0.0549582
5.4992e-11 0.054992
5.50257e-11 0.0550257
5.50595e-11 0.0550595
5.50933e-11 0.0550933
5.51271e-11 0.0551271
5.51608e-11 0.0551608
5.51946e-11 0.0551946
5.52284e-11 0.0552284
5.52622e-11 0.0552622
5.5296e-11 0.055296
5.53297e-11 0.0553297
5.53635e-11 0.0553635
5.53973e-11 0.0553973
5.54311e-11 0.0554311
5.54648e-11 0.0554648
5.54986e-11 0.0554986
5.55324e-11 0.0555324
5.55662e-11 0.0555662
5.56e-11 0.0556
5.56337e-11 0.0556337
5.56675e-11 0.0556675
5.57013e-11 0.0557013
5.57351e-11 0.0557351
5.57689e-11 0.0557689
5.58026e-11 0.0558026
5.58364e-11 0.0558364
5.58702e-11 0.0558702
5.5904e-11 0.055904
5.59377e-11 0.0559377
5.59715e-11 0.0559715
5.60053e-11 0.0560053
5.60391e-11 0.0560391
5.60729e-11 0.0560729
5.61066e-11 0.0561066
5.61404e-11 0.0561404
5.61742e-11 0.0561742
5.6208e-11 0.056208
5.62417e-11 0.0562417
5.62755e-11 0.0562755
5.63093e-11 0.0563093
5.63431e-11 0.0563431
5.63769e-11 0.0563769
5.64106e-11 0.0564106
5.64444e-11 0.0564444
5.64782e-11 0.0564782
5.6512e-11 0.056512
5.65458e-11 0.0565458
5.65795e-11 0.0565795
5.66133e-11 0.0566133
5.66471e-11 0.0566471
5.66809e-11 0.0566809
5.67146e-11 0.0567146
5.67484e-11 0.0567484
5.67822e-11 0.0567822
5.6816e-11 0.056816
5.68498e-11 0.0568498
5.68835e-11 0.0568835
5.69173e-11 0.0569173
5.69511e-11 0.0569511
5.69849e-11 0.0569849
5.70187e-11 0.0570187
5.70524e-11 0.0570524
5.70862e-11 0.0570862
5.712e-11 0.05712
5.71538e-11 0.0571538
5.71875e-11 0.0571875
5.72213e-11 0.0572213
5.72551e-11 0.0572551
5.72889e-11 0.0572889
5.73227e-11 0.0573227
5.73564e-11 0.0573564
5.73902e-11 0.0573902
5.7424e-11 0.057424
5.74578e-11 0.0574578
5.74916e-11 0.0574916
5.75253e-11 0.0575253
5.75591e-11 0.0575591
5.75929e-11 0.0575929
5.76267e-11 0.0576267
5.76604e-11 0.0576604
5.76942e-11 0.0576942
5.7728e-11 0.057728
5.77618e-11 0.0577618
5.77956e-11 0.0577956
5.78293e-11 0.0578293
5.78631e-11 0.0578631
5.78969e-11 0.0578969
5.79307e-11 0.0579307
5.79645e-11 0.0579645
5.79982e-11 0.0579982
5.8032e-11 0.058032
5.80658e-11 0.0580658
5.80996e-11 0.0580996
5.81334e-11 0.0581334
5.81671e-11 0.0581671
5.82009e-11 0.0582009
5.82347e-11 0.0582347
5.82685e-11 0.0582685
5.83022e-11 0.0583022
5.8336e-11 0.058336
5.83698e-11 0.0583698
5.84036e-11 0.0584036
5.84374e-11 0.0584374
5.84711e-11 0.0584711
5.85049e-11 0.0585049
5.85387e-11 0.0585387
5.85725e-11 0.0585725
5.86063e-11 0.0586063
5.864e-11 0.05864
5.86738e-11 0.0586738
5.87076e-11 0.0587076
5.87414e-11 0.0587414
5.87752e-11 0.0587752
5.88089e-11 0.0588089
5.88427e-11 0.0588427
5.88765e-11 0.0588765
5.89103e-11 0.0589103
5.8944e-11 0.058944
5.89778e-11 0.0589778
5.90116e-11 0.0590116
5.90454e-11 0.0590454
5.90792e-11 0.0590792
5.91129e-11 0.0591129
5.91467e-11 0.0591467
5.91805e-11 0.0591805
5.92143e-11 0.0592143
5.92481e-11 0.0592481
5.92818e-11 0.0592818
5.93156e-11 0.0593156
5.93494e-11 0.0593494
5.93832e-11 0.0593832
5.9417e-11 0.059417
5.94507e-11 0.0594507
5.94845e-11 0.0594845
5.95183e-11 0.0595183
5.95521e-11 0.0595521
5.95859e-11 0.0595859
5.96196e-11 0.0596196
5.96534e-11 0.0596534
5.96872e-11 0.0596872
5.9721e-11 0.059721
5.97547e-11 0.0597547
5.97885e-11 0.0597885
5.98223e-11 0.0598223
5.98561e-11 0.0598561
5.98899e-11 0.0598899
5.99236e-11 0.0599236
5.99574e-11 0.0599574
5.99912e-11 0.0599912
6.0025e-11 0.060025
6.00588e-11 0.0600588
6.00925e-11 0.0600925
6.01263e-11 0.0601263
6.01601e-11 0.0601601
6.01939e-11 0.0601939
6.02277e-11 0.0602277
6.02614e-11 0.0602614
6.02952e-11 0.0602952
6.0329e-11 0.060329
6.03628e-11 0.0603628
6.03966e-11 0.0603966
6.04303e-11 0.0604303
6.04641e-11 0.0604641
6.04979e-11 0.0604979
6.05317e-11 0.0605317
6.05655e-11 0.0605655
6.05992e-11 0.0605992
6.0633e-11 0.060633
6.06668e-11 0.0606668
6.07006e-11 0.0607006
6.07344e-11 0.0607344
6.07681e-11 0.0607681
6.08019e-11 0.0608019
6.08357e-11 0.0608357
6.08695e-11 0.0608695
6.09032e-11 0.0609032
6.0937e-11 0.060937
6.09708e-11 0.0609708
6.10046e-11 0.0610046
6.10384e-11 0.0610384
6.10721e-11 0.0610721
6.11059e-11 0.0611059
6.11397e-11 0.0611397
6.11735e-11 0.0611735
6.12073e-11 0.0612073
6.1241e-11 0.061241
6.12748e-11 0.0612748
6.13086e-11 0.0613086
6.13424e-11 0.0613424
6.13762e-11 0.0613762
6.14099e-11 0.0614099
6.14437e-11 0.0614437
6.14775e-11 0.0614775
6.15113e-11 0.0615113
6.15451e-11 0.0615451
6.15788e-11 0.0615788
6.16126e-11 0.0616126
6.16464e-11 0.0616464
6.16802e-11 0.0616802
6.1714e-11 0.061714
6.17477e-11 0.0617477
6.17815e-11 0.0617815
6.18153e-11 0.0618153
6.18491e-11 0.0618491
6.18829e-11 0.0618829
6.19166e-11 0.0619166
6.19504e-11 0.0619504
6.19842e-11 0.0619842
6.2018e-11 0.062018
6.20518e-11 0.0620518
6.20855e-11 0.0620855
6.21193e-11 0.0621193
6.21531e-11 0.0621531
6.21869e-11 0.0621869
6.22207e-11 0.0622207
6.22544e-11 0.0622544
6.22882e-11 0.0622882
6.2322e-11 0.062322
6.23558e-11 0.0623558
6.23896e-11 0.0623896
6.24233e-11 0.0624233
6.24571e-11 0.0624571
6.24909e-11 0.0624909
6.25247e-11 0.0625247
6.25585e-11 0.0625585
6.25922e-11 0.0625922
6.2626e-11 0.062626
6.26598e-11 0.0626598
6.26936e-11 0.0626936
6.27274e-11 0.0627274
6.27611e-11 0.0627611
6.27949e-11 0.0627949
6.28287e-11 0.0628287
6.28625e-11 0.0628625
6.28963e-11 0.0628963
6.293e-11 0.06293
6.29638e-11 0.0629638
6.29976e-11 0.0629976
6.30314e-11 0.0630314
6.30652e-11 0.0630652
6.30989e-11 0.0630989
6.31327e-11 0.0631327
6.31665e-11 0.0631665
6.32003e-11 0.0632003
6.32341e-11 0.0632341
6.32678e-11 0.0632678
6.33016e-11 0.0633016
6.33354e-11 0.0633354
6.33692e-11 0.0633692
6.3403e-11 0.063403
6.34367e-11 0.0634367
6.34705e-11 0.0634705
6.35043e-11 0.0635043
6.35381e-11 0.0635381
6.35719e-11 0.0635719
6.36056e-11 0.0636056
6.36394e-11 0.0636394
6.36732e-11 0.0636732
6.3707e-11 0.063707
6.37408e-11 0.0637408
6.37746e-11 0.0637746
6.38083e-11 0.0638083
6.38421e-11 0.0638421
6.38759e-11 0.0638759
6.39097e-11 0.0639097
6.39435e-11 0.0639435
6.39772e-11 0.0639772
6.4011e-11 0.064011
6.40448e-11 0.0640448
6.40786e-11 0.0640786
6.41124e-11 0.0641124
6.41461e-11 0.0641461
6.41799e-11 0.0641799
6.42137e-11 0.0642137
6.42475e-11 0.0642475
6.42813e-11 0.0642813
6.4315e-11 0.064315
6.43488e-11 0.0643488
6.43826e-11 0.0643826
6.44164e-11 0.0644164
6.44502e-11 0.0644502
6.44839e-11 0.0644839
6.45177e-11 0.0645177
6.45515e-11 0.0645515
6.45853e-11 0.0645853
6.46191e-11 0.0646191
6.46528e-11 0.0646528
6.46866e-11 0.0646866
6.47204e-11 0.0647204
6.47542e-11 0.0647542
6.4788e-11 0.064788
6.48217e-11 0.0648217
6.48555e-11 0.0648555
6.48893e-11 0.0648893
6.49231e-11 0.0649231
6.49569e-11 0.0649569
6.49907e-11 0.0649907
6.50244e-11 0.0650244
6.50582e-11 0.0650582
6.5092e-11 0.065092
6.51258e-11 0.0651258
6.51596e-11 0.0651596
6.51933e-11 0.0651933
6.52271e-11 0.0652271
6.52609e-11 0.0652609
6.52947e-11 0.0652947
6.53285e-11 0.0653285
6.53622e-11 0.0653622
6.5396e-11 0.065396
6.54298e-11 0.0654298
6.54636e-11 0.0654636
6.54974e-11 0.0654974
6.55311e-11 0.0655311
6.55649e-11 0.0655649
6.55987e-11 0.0655987
6.56325e-11 0.0656325
6.56663e-11 0.0656663
6.57e-11 0.0657
6.57338e-11 0.0657338
6.57676e-11 0.0657676
6.58014e-11 0.0658014
6.58352e-11 0.0658352
6.5869e-11 0.065869
6.59027e-11 0.0659027
6.59365e-11 0.0659365
6.59703e-11 0.0659703
6.60041e-11 0.0660041
6.60379e-11 0.0660379
6.60716e-11 0.0660716
6.61054e-11 0.0661054
6.61392e-11 0.0661392
6.6173e-11 0.066173
6.62068e-11 0.0662068
6.62405e-11 0.0662405
6.62743e-11 0.0662743
6.63081e-11 0.0663081
6.63419e-11 0.0663419
6.63757e-11 0.0663757
6.64095e-11 0.0664095
6.64432e-11 0.0664432
6.6477e-11 0.066477
6.65108e-11 0.0665108
6.65446e-11 0.0665446
6.65784e-11 0.0665784
6.66121e-11 0.0666121
6.66459e-11 0.0666459
6.66797e-11 0.0666797
6.67135e-11 0.0667135
6.67473e-11 0.0667473
6.6781e-11 0.066781
6.68148e-11 0.0668148
6.68486e-11 0.0668486
6.68824e-11 0.0668824
6.69162e-11 0.0669162
6.69499e-11 0.0669499
6.69837e-11 0.0669837
6.70175e-11 0.0670175
6.70513e-11 0.0670513
6.70851e-11 0.0670851
6.71189e-11 0.0671189
6.71526e-11 0.0671526
6.71864e-11 0.0671864
6.72202e-11 0.0672202
6.7254e-11 0.067254
6.72878e-11 0.0672878
6.73215e-11 0.0673215
6.73553e-11 0.0673553
6.73891e-11 0.0673891
6.74229e-11 0.0674229
6.74567e-11 0.0674567
6.74905e-11 0.0674905
6.75242e-11 0.0675242
6.7558e-11 0.067558
6.75918e-11 0.0675918
6.76256e-11 0.0676256
6.76594e-11 0.0676594
6.76931e-11 0.0676931
6.77269e-11 0.0677269
6.77607e-11 0.0677607
6.77945e-11 0.0677945
6.78283e-11 0.0678283
6.7862e-11 0.067862
6.78958e-11 0.0678958
6.79296e-11 0.0679296
6.79634e-11 0.0679634
6.79972e-11 0.0679972
6.8031e-11 0.068031
6.80647e-11 0.0680647
6.80985e-11 0.0680985
6.81323e-11 0.0681323
6.81661e-11 0.0681661
6.81999e-11 0.0681999
6.82336e-11 0.0682336
6.82674e-11 0.0682674
6.83012e-11 0.0683012
6.8335e-11 0.068335
6.83688e-11 0.0683688
6.84026e-11 0.0684026
6.84363e-11 0.0684363
6.84701e-11 0.0684701
6.85039e-11 0.0685039
6.85377e-11 0.0685377
6.85715e-11 0.0685715
6.86052e-11 0.0686052
6.8639e-11 0.068639
6.86728e-11 0.0686728
6.87066e-11 0.0687066
6.87404e-11 0.0687404
6.87742e-11 0.0687742
6.88079e-11 0.0688079
6.88417e-11 0.0688417
6.88755e-11 0.0688755
6.89093e-11 0.0689093
6.89431e-11 0.0689431
6.89768e-11 0.0689768
6.90106e-11 0.0690106
6.90444e-11 0.0690444
6.90782e-11 0.0690782
6.9112e-11 0.069112
6.91458e-11 0.0691458
6.91795e-11 0.0691795
6.92133e-11 0.0692133
6.92471e-11 0.0692471
6.92809e-11 0.0692809
6.93147e-11 0.0693147
6.93484e-11 0.0693484
6.93822e-11 0.0693822
6.9416e-11 0.069416
6.94498e-11 0.0694498
6.94836e-11 0.0694836
6.95174e-11 0.0695174
6.95511e-11 0.0695511
6.95849e-11 0.0695849
6.96187e-11 0.0696187
6.96525e-11 0.0696525
6.96863e-11 0.0696863
6.972e-11 0.06972
6.97538e-11 0.0697538
6.97876e-11 0.0697876
6.98214e-11 0.0698214
6.98552e-11 0.0698552
6.9889e-11 0.069889
6.99227e-11 0.0699227
6.99565e-11 0.0699565
6.99903e-11 0.0699903
7.00241e-11 0.0700241
7.00579e-11 0.0700579
7.00916e-11 0.0700916
7.01254e-11 0.0701254
7.01592e-11 0.0701592
7.0193e-11 0.070193
7.02268e-11 0.0702268
7.02606e-11 0.0702606
7.02943e-11 0.0702943
7.03281e-11 0.0703281
7.03619e-11 0.0703619
7.03957e-11 0.0703957
7.04295e-11 0.0704295
7.04633e-11 0.0704633
7.0497e-11 0.070497
7.05308e-11 0.0705308
7.05646e-11 0.0705646
7.05984e-11 0.0705984
7.06322e-11 0.0706322
7.06659e-11 0.0706659
7.06997e-11 0.0706997
7.07335e-11 0.0707335
7.07673e-11 0.0707673
7.08011e-11 0.0708011
7.08349e-11 0.0708349
7.08686e-11 0.0708686
7.09024e-11 0.0709024
7.09362e-11 0.0709362
7.097e-11 0.07097
7.10038e-11 0.0710038
7.10376e-11 0.0710376
7.10713e-11 0.0710713
7.11051e-11 0.0711051
7.11389e-11 0.0711389
7.11727e-11 0.0711727
7.12065e-11 0.0712065
7.12402e-11 0.0712402
7.1274e-11 0.071274
7.13078e-11 0.0713078
7.13416e-11 0.0713416
7.13754e-11 0.0713754
7.14092e-11 0.0714092
7.14429e-11 0.0714429
7.14767e-11 0.0714767
7.15105e-11 0.0715105
7.15443e-11 0.0715443
7.15781e-11 0.0715781
7.16119e-11 0.0716119
7.16456e-11 0.0716456
7.16794e-11 0.0716794
7.17132e-11 0.0717132
7.1747e-11 0.071747
7.17808e-11 0.0717808
7.18145e-11 0.0718145
7.18483e-11 0.0718483
7.18821e-11 0.0718821
7.19159e-11 0.0719159
7.19497e-11 0.0719497
7.19835e-11 0.0719835
7.20172e-11 0.0720172
7.2051e-11 0.072051
7.20848e-11 0.0720848
7.21186e-11 0.0721186
7.21524e-11 0.0721524
7.21862e-11 0.0721862
7.22199e-11 0.0722199
7.22537e-11 0.0722537
7.22875e-11 0.0722875
7.23213e-11 0.0723213
7.23551e-11 0.0723551
7.23889e-11 0.0723889
7.24226e-11 0.0724226
7.24564e-11 0.0724564
7.24902e-11 0.0724902
7.2524e-11 0.072524
7.25578e-11 0.0725578
7.25915e-11 0.0725915
7.26253e-11 0.0726253
7.26591e-11 0.0726591
7.26929e-11 0.0726929
7.27267e-11 0.0727267
7.27605e-11 0.0727605
7.27942e-11 0.0727942
7.2828e-11 0.072828
7.28618e-11 0.0728618
7.28956e-11 0.0728956
7.29294e-11 0.0729294
7.29632e-11 0.0729632
7.29969e-11 0.0729969
7.30307e-11 0.0730307
7.30645e-11 0.0730645
7.30983e-11 0.0730983
7.31321e-11 0.0731321
7.31659e-11 0.0731659
7.31996e-11 0.0731996
7.32334e-11 0.0732334
7.32672e-11 0.0732672
7.3301e-11 0.073301
7.33348e-11 0.0733348
7.33686e-11 0.0733686
7.34023e-11 0.0734023
7.34361e-11 0.0734361
7.34699e-11 0.0734699
7.35037e-11 0.0735037
7.35375e-11 0.0735375
7.35713e-11 0.0735713
7.3605e-11 0.073605
7.36388e-11 0.0736388
7.36726e-11 0.0736726
7.37064e-11 0.0737064
7.37402e-11 0.0737402
7.3774e-11 0.073774
7.38077e-11 0.0738077
7.38415e-11 0.0738415
7.38753e-11 0.0738753
7.39091e-11 0.0739091
7.39429e-11 0.0739429
7.39767e-11 0.0739767
7.40104e-11 0.0740104
7.40442e-11 0.0740442
7.4078e-11 0.074078
7.41118e-11 0.0741118
7.41456e-11 0.0741456
7.41794e-11 0.0741794
7.42131e-11 0.0742131
7.42469e-11 0.0742469
7.42807e-11 0.0742807
7.43145e-11 0.0743145
7.43483e-11 0.0743483
7.43821e-11 0.0743821
7.44158e-11 0.0744158
7.44496e-11 0.0744496
7.44834e-11 0.0744834
7.45172e-11 0.0745172
7.4551e-11 0.074551
7.45848e-11 0.0745848
7.46185e-11 0.0746185
7.46523e-11 0.0746523
7.46861e-11 0.0746861
7.47199e-11 0.0747199
7.47537e-11 0.0747537
7.47875e-11 0.0747875
7.48212e-11 0.0748212
7.4855e-11 0.074855
7.48888e-11 0.0748888
7.49226e-11 0.0749226
7.49564e-11 0.0749564
7.49902e-11 0.0749902
7.50239e-11 0.0750239
7.50577e-11 0.0750577
7.50915e-11 0.0750915
7.51253e-11 0.0751253
7.51591e-11 0.0751591
7.51929e-11 0.0751929
7.52266e-11 0.0752266
7.52604e-11 0.0752604
7.52942e-11 0.0752942
7.5328e-11 0.075328
7.53618e-11 0.0753618
7.53956e-11 0.0753956
7.54293e-11 0.0754293
7.54631e-11 0.0754631
7.54969e-11 0.0754969
7.55307e-11 0.0755307
7.55645e-11 0.0755645
7.55983e-11 0.0755983
7.5632e-11 0.075632
7.56658e-11 0.0756658
7.56996e-11 0.0756996
7.57334e-11 0.0757334
7.57672e-11 0.0757672
7.5801e-11 0.075801
7.58347e-11 0.0758347
7.58685e-11 0.0758685
7.59023e-11 0.0759023
7.59361e-11 0.0759361
7.59699e-11 0.0759699
7.60037e-11 0.0760037
7.60374e-11 0.0760374
7.60712e-11 0.0760712
7.6105e-11 0.076105
7.61388e-11 0.0761388
7.61726e-11 0.0761726
7.62064e-11 0.0762064
7.62401e-11 0.0762401
7.62739e-11 0.0762739
7.63077e-11 0.0763077
7.63415e-11 0.0763415
7.63753e-11 0.0763753
7.64091e-11 0.0764091
7.64428e-11 0.0764428
7.64766e-11 0.0764766
7.65104e-11 0.0765104
7.65442e-11 0.0765442
7.6578e-11 0.076578
7.66118e-11 0.0766118
7.66456e-11 0.0766456
7.66793e-11 0.0766793
7.67131e-11 0.0767131
7.67469e-11 0.0767469
7.67807e-11 0.0767807
7.68145e-11 0.0768145
7.68483e-11 0.0768483
7.6882e-11 0.076882
7.69158e-11 0.0769158
7.69496e-11 0.0769496
7.69834e-11 0.0769834
7.70172e-11 0.0770172
7.7051e-11 0.077051
7.70847e-11 0.0770847
7.71185e-11 0.0771185
7.71523e-11 0.0771523
7.71861e-11 0.0771861
7.72199e-11 0.0772199
7.72537e-11 0.0772537
7.72874e-11 0.0772874
7.73212e-11 0.0773212
7.7355e-11 0.077355
7.73888e-11 0.0773888
7.74226e-11 0.0774226
7.74564e-11 0.0774564
7.74902e-11 0.0774902
7.75239e-11 0.0775239
7.75577e-11 0.0775577
7.75915e-11 0.0775915
7.76253e-11 0.0776253
7.76591e-11 0.0776591
7.76929e-11 0.0776929
7.77266e-11 0.0777266
7.77604e-11 0.0777604
7.77942e-11 0.0777942
7.7828e-11 0.077828
7.78618e-11 0.0778618
7.78956e-11 0.0778956
7.79293e-11 0.0779293
7.79631e-11 0.0779631
7.79969e-11 0.0779969
7.80307e-11 0.0780307
7.80645e-11 0.0780645
7.80983e-11 0.0780983
7.81321e-11 0.0781321
7.81658e-11 0.0781658
7.81996e-11 0.0781996
7.82334e-11 0.0782334
7.82672e-11 0.0782672
7.8301e-11 0.078301
7.83348e-11 0.0783348
7.83685e-11 0.0783685
7.84023e-11 0.0784023
7.84361e-11 0.0784361
7.84699e-11 0.0784699
7.85037e-11 0.0785037
7.85375e-11 0.0785375
7.85712e-11 0.0785712
7.8605e-11 0.078605
7.86388e-11 0.0786388
7.86726e-11 0.0786726
7.87064e-11 0.0787064
7.87402e-11 0.0787402
7.8774e-11 0.078774
7.88077e-11 0.0788077
7.88415e-11 0.0788415
7.88753e-11 0.0788753
7.89091e-11 0.0789091
7.89429e-11 0.0789429
7.89767e-11 0.0789767
7.90104e-11 0.0790104
7.90442e-11 0.0790442
7.9078e-11 0.079078
7.91118e-11 0.0791118
7.91456e-11 0.0791456
7.91794e-11 0.0791794
7.92132e-11 0.0792132
7.92469e-11 0.0792469
7.92807e-11 0.0792807
7.93145e-11 0.0793145
7.93483e-11 0.0793483
7.93821e-11 0.0793821
7.94159e-11 0.0794159
7.94496e-11 0.0794496
7.94834e-11 0.0794834
7.95172e-11 0.0795172
7.9551e-11 0.079551
7.95848e-11 0.0795848
7.96186e-11 0.0796186
7.96524e-11 0.0796524
7.96861e-11 0.0796861
7.97199e-11 0.0797199
7.97537e-11 0.0797537
7.97875e-11 0.0797875
7.98213e-11 0.0798213
7.98551e-11 0.0798551
7.98888e-11 0.0798888
7.99226e-11 0.0799226
7.99564e-11 0.0799564
7.99902e-11 0.0799902
8.0024e-11 0.080024
8.00578e-11 0.0800578
8.00916e-11 0.0800916
8.01253e-11 0.0801253
8.01591e-11 0.0801591
8.01929e-11 0.0801929
8.02267e-11 0.0802267
8.02605e-11 0.0802605
8.02943e-11 0.0802943
8.03281e-11 0.0803281
8.03618e-11 0.0803618
8.03956e-11 0.0803956
8.04294e-11 0.0804294
8.04632e-11 0.0804632
8.0497e-11 0.080497
8.05308e-11 0.0805308
8.05645e-11 0.0805645
8.05983e-11 0.0805983
8.06321e-11 0.0806321
8.06659e-11 0.0806659
8.06997e-11 0.0806997
8.07335e-11 0.0807335
8.07673e-11 0.0807673
8.0801e-11 0.080801
8.08348e-11 0.0808348
8.08686e-11 0.0808686
8.09024e-11 0.0809024
8.09362e-11 0.0809362
8.097e-11 0.08097
8.10038e-11 0.0810038
8.10375e-11 0.0810375
8.10713e-11 0.0810713
8.11051e-11 0.0811051
8.11389e-11 0.0811389
8.11727e-11 0.0811727
8.12065e-11 0.0812065
8.12402e-11 0.0812402
8.1274e-11 0.081274
8.13078e-11 0.0813078
8.13416e-11 0.0813416
8.13754e-11 0.0813754
8.14092e-11 0.0814092
8.1443e-11 0.081443
8.14767e-11 0.0814767
8.15105e-11 0.0815105
8.15443e-11 0.0815443
8.15781e-11 0.0815781
8.16119e-11 0.0816119
8.16457e-11 0.0816457
8.16795e-11 0.0816795
8.17132e-11 0.0817132
8.1747e-11 0.081747
8.17808e-11 0.0817808
8.18146e-11 0.0818146
8.18484e-11 0.0818484
8.18822e-11 0.0818822
8.1916e-11 0.081916
8.19497e-11 0.0819497
8.19835e-11 0.0819835
8.20173e-11 0.0820173
8.20511e-11 0.0820511
8.20849e-11 0.0820849
8.21187e-11 0.0821187
8.21525e-11 0.0821525
8.21862e-11 0.0821862
8.222e-11 0.08222
8.22538e-11 0.0822538
8.22876e-11 0.0822876
8.23214e-11 0.0823214
8.23552e-11 0.0823552
8.23889e-11 0.0823889
8.24227e-11 0.0824227
8.24565e-11 0.0824565
8.24903e-11 0.0824903
8.25241e-11 0.0825241
8.25579e-11 0.0825579
8.25903e-11 0.0825903
8.2619e-11 0.082619
8.26478e-11 0.0826478
8.26766e-11 0.0826766
8.27054e-11 0.0827054
8.27341e-11 0.0827341
8.27629e-11 0.0827629
8.27917e-11 0.0827917
8.28204e-11 0.0828204
8.28492e-11 0.0828492
8.2878e-11 0.082878
8.29068e-11 0.0829068
8.29355e-11 0.0829355
8.29643e-11 0.0829643
8.29931e-11 0.0829931
8.30218e-11 0.0830218
8.30506e-11 0.0830506
8.30794e-11 0.0830794
8.31082e-11 0.0831082
8.31369e-11 0.0831369
8.31657e-11 0.0831657
8.31945e-11 0.0831945
8.32232e-11 0.0832232
8.3252e-11 0.083252
8.32808e-11 0.0832808
8.33096e-11 0.0833096
8.33383e-11 0.0833383
8.33671e-11 0.0833671
8.33959e-11 0.0833959
8.34246e-11 0.0834246
8.34534e-11 0.0834534
8.34822e-11 0.0834822
8.3511e-11 0.083511
8.35397e-11 0.0835397
8.35685e-11 0.0835685
8.35973e-11 0.0835973
8.3626e-11 0.083626
8.36548e-11 0.0836548
8.36836e-11 0.0836836
8.37124e-11 0.0837124
8.37411e-11 0.0837411
8.37699e-11 0.0837699
8.37987e-11 0.0837987
8.38275e-11 0.0838275
8.38562e-11 0.0838562
8.3885e-11 0.083885
8.39138e-11 0.0839138
8.39425e-11 0.0839425
8.39713e-11 0.0839713
8.40001e-11 0.0840001
8.40289e-11 0.0840289
8.40576e-11 0.0840576
8.40864e-11 0.0840864
8.41152e-11 0.0841152
8.41439e-11 0.0841439
8.41727e-11 0.0841727
8.42015e-11 0.0842015
8.42303e-11 0.0842303
8.4259e-11 0.084259
8.42878e-11 0.0842878
8.43166e-11 0.0843166
8.43454e-11 0.0843454
8.43741e-11 0.0843741
8.44029e-11 0.0844029
8.44287e-11 0.0844287
8.44541e-11 0.0844541
8.44795e-11 0.0844795
8.4505e-11 0.084505
8.45304e-11 0.0845304
8.45559e-11 0.0845559
8.45813e-11 0.0845813
8.46067e-11 0.0846067
8.46322e-11 0.0846322
8.46576e-11 0.0846576
8.4683e-11 0.084683
8.47085e-11 0.0847085
8.47339e-11 0.0847339
8.47593e-11 0.0847593
8.47848e-11 0.0847848
8.48102e-11 0.0848102
8.48356e-11 0.0848356
8.48611e-11 0.0848611
8.48865e-11 0.0848865
8.4912e-11 0.084912
8.49374e-11 0.0849374
8.49628e-11 0.0849628
8.49883e-11 0.0849883
8.50137e-11 0.0850137
8.50391e-11 0.0850391
8.50646e-11 0.0850646
8.509e-11 0.08509
8.51154e-11 0.0851154
8.51409e-11 0.0851409
8.51663e-11 0.0851663
8.51918e-11 0.0851918
8.52172e-11 0.0852172
8.52426e-11 0.0852426
8.52681e-11 0.0852681
8.52935e-11 0.0852935
8.53189e-11 0.0853189
8.53444e-11 0.0853444
8.53698e-11 0.0853698
8.53952e-11 0.0853952
8.54207e-11 0.0854207
8.54461e-11 0.0854461
8.54716e-11 0.0854716
8.5497e-11 0.085497
8.55224e-11 0.0855224
8.55479e-11 0.0855479
8.55733e-11 0.0855733
8.55987e-11 0.0855987
8.56242e-11 0.0856242
8.56496e-11 0.0856496
8.56751e-11 0.0856751
8.57005e-11 0.0857005
8.57259e-11 0.0857259
8.57514e-11 0.0857514
8.57768e-11 0.0857768
8.58022e-11 0.0858022
8.58277e-11 0.0858277
8.58531e-11 0.0858531
8.58786e-11 0.0858786
8.5904e-11 0.085904
8.59294e-11 0.0859294
8.59549e-11 0.0859549
8.59803e-11 0.0859803
8.60057e-11 0.0860057
8.60312e-11 0.0860312
8.60566e-11 0.0860566
8.60821e-11 0.0860821
8.61075e-11 0.0861075
8.61329e-11 0.0861329
8.61584e-11 0.0861584
8.61838e-11 0.0861838
8.62092e-11 0.0862092
8.62347e-11 0.0862347
8.62601e-11 0.0862601
8.62856e-11 0.0862856
8.6311e-11 0.086311
8.63364e-11 0.0863364
8.63619e-11 0.0863619
8.63873e-11 0.0863873
8.64128e-11 0.0864128
8.64382e-11 0.0864382
8.64636e-11 0.0864636
8.64891e-11 0.0864891
8.65145e-11 0.0865145
8.65399e-11 0.0865399
8.65654e-11 0.0865654
8.65908e-11 0.0865908
8.66163e-11 0.0866163
8.66417e-11 0.0866417
8.66671e-11 0.0866671
8.66926e-11 0.0866926
8.6718e-11 0.086718
8.67435e-11 0.0867435
8.67689e-11 0.0867689
8.67943e-11 0.0867943
8.68198e-11 0.0868198
8.68452e-11 0.0868452
8.68707e-11 0.0868707
8.68961e-11 0.0868961
8.69215e-11 0.0869215
8.6947e-11 0.086947
8.69724e-11 0.0869724
8.69978e-11 0.0869978
8.70233e-11 0.0870233
8.70487e-11 0.0870487
8.70742e-11 0.0870742
8.70996e-11 0.0870996
8.7125e-11 0.087125
8.71505e-11 0.0871505
8.71759e-11 0.0871759
8.72014e-11 0.0872014
8.72268e-11 0.0872268
8.72522e-11 0.0872522
8.72777e-11 0.0872777
8.73031e-11 0.0873031
8.73286e-11 0.0873286
8.7354e-11 0.087354
8.73794e-11 0.0873794
8.74049e-11 0.0874049
8.74303e-11 0.0874303
8.74558e-11 0.0874558
8.74812e-11 0.0874812
8.75066e-11 0.0875066
8.75321e-11 0.0875321
8.75575e-11 0.0875575
8.7583e-11 0.087583
8.76084e-11 0.0876084
8.76338e-11 0.0876338
8.76593e-11 0.0876593
8.76847e-11 0.0876847
8.77102e-11 0.0877102
8.77356e-11 0.0877356
8.7761e-11 0.087761
8.77865e-11 0.0877865
8.78119e-11 0.0878119
8.78374e-11 0.0878374
8.78628e-11 0.0878628
8.78882e-11 0.0878882
8.79137e-11 0.0879137
8.79391e-11 0.0879391
8.79646e-11 0.0879646
8.799e-11 0.08799
8.80155e-11 0.0880155
8.80409e-11 0.0880409
8.80663e-11 0.0880663
8.80918e-11 0.0880918
8.81172e-11 0.0881172
8.81427e-11 0.0881427
8.81681e-11 0.0881681
8.81935e-11 0.0881935
8.8219e-11 0.088219
8.82444e-11 0.0882444
8.82699e-11 0.0882699
8.82953e-11 0.0882953
8.83207e-11 0.0883207
8.83462e-11 0.0883462
8.83716e-11 0.0883716
8.83971e-11 0.0883971
8.84225e-11 0.0884225
8.8448e-11 0.088448
8.84734e-11 0.0884734
8.84988e-11 0.0884988
8.85243e-11 0.0885243
8.85497e-11 0.0885497
8.85752e-11 0.0885752
8.86006e-11 0.0886006
8.8626e-11 0.088626
8.86515e-11 0.0886515
8.86769e-11 0.0886769
8.87024e-11 0.0887024
8.87278e-11 0.0887278
8.87533e-11 0.0887533
8.87787e-11 0.0887787
8.88041e-11 0.0888041
8.88296e-11 0.0888296
8.8855e-11 0.088855
8.88805e-11 0.0888805
8.89059e-11 0.0889059
8.89314e-11 0.0889314
8.89568e-11 0.0889568
8.89822e-11 0.0889822
8.90077e-11 0.0890077
8.90331e-11 0.0890331
8.90586e-11 0.0890586
8.9084e-11 0.089084
8.91094e-11 0.0891094
8.91349e-11 0.0891349
8.91603e-11 0.0891603
8.91858e-11 0.0891858
8.92112e-11 0.0892112
8.92367e-11 0.0892367
8.92621e-11 0.0892621
8.92875e-11 0.0892875
8.9313e-11 0.089313
8.93384e-11 0.0893384
8.93639e-11 0.0893639
8.93893e-11 0.0893893
8.94148e-11 0.0894148
8.94402e-11 0.0894402
8.94656e-11 0.0894656
8.94911e-11 0.0894911
8.95165e-11 0.0895165
8.9542e-11 0.089542
8.95674e-11 0.0895674
8.95929e-11 0.0895929
8.96183e-11 0.0896183
8.96438e-11 0.0896438
8.96692e-11 0.0896692
8.96946e-11 0.0896946
8.97201e-11 0.0897201
8.97455e-11 0.0897455
8.9771e-11 0.089771
8.97964e-11 0.0897964
8.98219e-11 0.0898219
8.98473e-11 0.0898473
8.98727e-11 0.0898727
8.98982e-11 0.0898982
8.99236e-11 0.0899236
8.99491e-11 0.0899491
8.99745e-11 0.0899745
9e-11 0.09
9.00254e-11 0.0900254
9.00509e-11 0.0900509
9.00763e-11 0.0900763
9.01017e-11 0.0901017
9.01272e-11 0.0901272
9.01526e-11 0.0901526
9.01781e-11 0.0901781
9.02035e-11 0.0902035
9.0229e-11 0.090229
9.02544e-11 0.0902544
9.02798e-11 0.0902798
9.03053e-11 0.0903053
9.03307e-11 0.0903307
9.03562e-11 0.0903562
9.03816e-11 0.0903816
9.04071e-11 0.0904071
9.04325e-11 0.0904325
9.0458e-11 0.090458
9.04834e-11 0.0904834
9.05089e-11 0.0905089
9.05343e-11 0.0905343
9.05597e-11 0.0905597
9.05852e-11 0.0905852
9.06106e-11 0.0906106
9.06361e-11 0.0906361
9.06615e-11 0.0906615
9.0687e-11 0.090687
9.07124e-11 0.0907124
9.07379e-11 0.0907379
9.07633e-11 0.0907633
9.07887e-11 0.0907887
9.08142e-11 0.0908142
9.08396e-11 0.0908396
9.08651e-11 0.0908651
9.08905e-11 0.0908905
9.0916e-11 0.090916
9.09414e-11 0.0909414
9.09669e-11 0.0909669
9.09923e-11 0.0909923
9.10178e-11 0.0910178
9.10432e-11 0.0910432
9.10686e-11 0.0910686
9.10941e-11 0.0910941
9.11195e-11 0.0911195
9.1145e-11 0.091145
9.11704e-11 0.0911704
9.11959e-11 0.0911959
9.12213e-11 0.0912213
9.12468e-11 0.0912468
9.12722e-11 0.0912722
9.12977e-11 0.0912977
9.13231e-11 0.0913231
9.13485e-11 0.0913485
9.1374e-11 0.091374
9.13994e-11 0.0913994
9.14249e-11 0.0914249
9.14503e-11 0.0914503
9.14758e-11 0.0914758
9.15012e-11 0.0915012
9.15267e-11 0.0915267
9.15521e-11 0.0915521
9.15776e-11 0.0915776
9.1603e-11 0.091603
9.16285e-11 0.0916285
9.16539e-11 0.0916539
9.16794e-11 0.0916794
9.17048e-11 0.0917048
9.17302e-11 0.0917302
9.17557e-11 0.0917557
9.17811e-11 0.0917811
9.18066e-11 0.0918066
9.1832e-11 0.091832
9.18575e-11 0.0918575
9.18829e-11 0.0918829
9.19084e-11 0.0919084
9.19338e-11 0.0919338
9.19593e-11 0.0919593
9.19847e-11 0.0919847
9.20102e-11 0.0920102
9.20356e-11 0.0920356
9.20611e-11 0.0920611
9.20865e-11 0.0920865
9.21119e-11 0.0921119
9.21374e-11 0.0921374
9.21628e-11 0.0921628
9.21883e-11 0.0921883
9.22137e-11 0.0922137
9.22392e-11 0.0922392
9.22646e-11 0.0922646
9.22901e-11 0.0922901
9.23155e-11 0.0923155
9.2341e-11 0.092341
9.23664e-11 0.0923664
9.23919e-11 0.0923919
9.24173e-11 0.0924173
9.24428e-11 0.0924428
9.24682e-11 0.0924682
9.24937e-11 0.0924937
9.25191e-11 0.0925191
9.25446e-11 0.0925446
9.257e-11 0.09257
9.25955e-11 0.0925955
9.26209e-11 0.0926209
9.26463e-11 0.0926463
9.26718e-11 0.0926718
9.26972e-11 0.0926972
9.27227e-11 0.0927227
9.27481e-11 0.0927481
9.27736e-11 0.0927736
9.2799e-11 0.092799
9.28245e-11 0.0928245
9.28499e-11 0.0928499
9.28754e-11 0.0928754
9.29008e-11 0.0929008
9.29263e-11 0.0929263
9.29517e-11 0.0929517
9.29772e-11 0.0929772
9.30026e-11 0.0930026
9.30281e-11 0.0930281
9.30535e-11 0.0930535
9.3079e-11 0.093079
9.31044e-11 0.0931044
9.31299e-11 0.0931299
9.31553e-11 0.0931553
9.31808e-11 0.0931808
9.32062e-11 0.0932062
9.32317e-11 0.0932317
9.32571e-11 0.0932571
9.32826e-11 0.0932826
9.3308e-11 0.093308
9.33335e-11 0.0933335
9.33589e-11 0.0933589
9.33844e-11 0.0933844
9.34098e-11 0.0934098
9.34353e-11 0.0934353
9.34607e-11 0.0934607
9.34862e-11 0.0934862
9.35116e-11 0.0935116
9.35371e-11 0.0935371
9.35625e-11 0.0935625
9.3588e-11 0.093588
9.36134e-11 0.0936134
9.36389e-11 0.0936389
9.36643e-11 0.0936643
9.36898e-11 0.0936898
9.37152e-11 0.0937152
9.37406e-11 0.0937406
9.37661e-11 0.0937661
9.37915e-11 0.0937915
9.3817e-11 0.093817
9.38424e-11 0.0938424
9.38679e-11 0.0938679
9.38933e-11 0.0938933
9.39188e-11 0.0939188
9.39442e-11 0.0939442
9.39697e-11 0.0939697
9.39951e-11 0.0939951
9.40206e-11 0.0940206
9.4046e-11 0.094046
9.40715e-11 0.0940715
9.40969e-11 0.0940969
9.41224e-11 0.0941224
9.41479e-11 0.0941479
9.41733e-11 0.0941733
9.41988e-11 0.0941988
9.42242e-11 0.0942242
9.42497e-11 0.0942497
9.42751e-11 0.0942751
9.43006e-11 0.0943006
9.4326e-11 0.094326
9.43515e-11 0.0943515
9.43769e-11 0.0943769
9.44024e-11 0.0944024
9.44278e-11 0.0944278
9.44533e-11 0.0944533
9.44787e-11 0.0944787
9.45042e-11 0.0945042
9.45296e-11 0.0945296
9.45551e-11 0.0945551
9.45805e-11 0.0945805
9.4606e-11 0.094606
9.46314e-11 0.0946314
9.46569e-11 0.0946569
9.46823e-11 0.0946823
9.47078e-11 0.0947078
9.47332e-11 0.0947332
9.47587e-11 0.0947587
9.47841e-11 0.0947841
9.48096e-11 0.0948096
9.4835e-11 0.094835
9.48605e-11 0.0948605
9.48859e-11 0.0948859
9.49114e-11 0.0949114
9.49368e-11 0.0949368
9.49623e-11 0.0949623
9.49877e-11 0.0949877
9.50132e-11 0.0950132
9.50386e-11 0.0950386
9.50641e-11 0.0950641
9.50895e-11 0.0950895
9.5115e-11 0.095115
9.51404e-11 0.0951404
9.51659e-11 0.0951659
9.51913e-11 0.0951913
9.52168e-11 0.0952168
9.52423e-11 0.0952423
9.52677e-11 0.0952677
9.52932e-11 0.0952932
9.53186e-11 0.0953186
9.53441e-11 0.0953441
9.53695e-11 0.0953695
9.5395e-11 0.095395
9.54204e-11 0.0954204
9.54459e-11 0.0954459
9.54713e-11 0.0954713
9.54968e-11 0.0954968
9.55222e-11 0.0955222
9.55477e-11 0.0955477
9.55731e-11 0.0955731
9.55986e-11 0.0955986
9.5624e-11 0.095624
9.56495e-11 0.0956495
9.56749e-11 0.0956749
9.57004e-11 0.0957004
9.57258e-11 0.0957258
9.57513e-11 0.0957513
9.57768e-11 0.0957768
9.58022e-11 0.0958022
9.58277e-11 0.0958277
9.58531e-11 0.0958531
9.58786e-11 0.0958786
9.5904e-11 0.095904
9.59295e-11 0.0959295
9.59549e-11 0.0959549
9.59804e-11 0.0959804
9.60058e-11 0.0960058
9.60313e-11 0.0960313
9.60567e-11 0.0960567
9.60822e-11 0.0960822
9.61076e-11 0.0961076
9.61331e-11 0.0961331
9.61585e-11 0.0961585
9.6184e-11 0.096184
9.62095e-11 0.0962095
9.62349e-11 0.0962349
9.62604e-11 0.0962604
9.62858e-11 0.0962858
9.63113e-11 0.0963113
9.63367e-11 0.0963367
9.63622e-11 0.0963622
9.63876e-11 0.0963876
9.64131e-11 0.0964131
9.64385e-11 0.0964385
9.6464e-11 0.096464
9.64894e-11 0.0964894
9.65149e-11 0.0965149
9.65404e-11 0.0965404
9.65658e-11 0.0965658
9.65913e-11 0.0965913
9.66167e-11 0.0966167
9.66422e-11 0.0966422
9.66676e-11 0.0966676
9.66931e-11 0.0966931
9.67185e-11 0.0967185
9.6744e-11 0.096744
9.67694e-11 0.0967694
9.67949e-11 0.0967949
9.68204e-11 0.0968204
9.68458e-11 0.0968458
9.68713e-11 0.0968713
9.68967e-11 0.0968967
9.69222e-11 0.0969222
9.69476e-11 0.0969476
9.69731e-11 0.0969731
9.69985e-11 0.0969985
9.7024e-11 0.097024
9.70494e-11 0.0970494
9.70749e-11 0.0970749
9.71004e-11 0.0971004
9.71258e-11 0.0971258
9.71513e-11 0.0971513
9.71767e-11 0.0971767
9.72022e-11 0.0972022
9.72276e-11 0.0972276
9.72531e-11 0.0972531
9.72785e-11 0.0972785
9.7304e-11 0.097304
9.73294e-11 0.0973294
9.73549e-11 0.0973549
9.73804e-11 0.0973804
9.74058e-11 0.0974058
9.74313e-11 0.0974313
9.74567e-11 0.0974567
9.74822e-11 0.0974822
9.75076e-11 0.0975076
9.75331e-11 0.0975331
9.75585e-11 0.0975585
9.7584e-11 0.097584
9.76095e-11 0.0976095
9.76349e-11 0.0976349
9.76604e-11 0.0976604
9.76858e-11 0.0976858
9.77113e-11 0.0977113
9.77367e-11 0.0977367
9.77622e-11 0.0977622
9.77876e-11 0.0977876
9.78131e-11 0.0978131
9.78386e-11 0.0978386
9.7864e-11 0.097864
9.78895e-11 0.0978895
9.79149e-11 0.0979149
9.79404e-11 0.0979404
9.79658e-11 0.0979658
9.79913e-11 0.0979913
9.80168e-11 0.0980168
9.80422e-11 0.0980422
9.80677e-11 0.0980677
9.80931e-11 0.0980931
9.81186e-11 0.0981186
9.8144e-11 0.098144
9.81695e-11 0.0981695
9.81949e-11 0.0981949
9.82204e-11 0.0982204
9.82459e-11 0.0982459
9.82713e-11 0.0982713
9.82968e-11 0.0982968
9.83222e-11 0.0983222
9.83477e-11 0.0983477
9.83731e-11 0.0983731
9.83986e-11 0.0983986
9.84241e-11 0.0984241
9.84495e-11 0.0984495
9.8475e-11 0.098475
9.85004e-11 0.0985004
9.85259e-11 0.0985259
9.85513e-11 0.0985513
9.85768e-11 0.0985768
9.86023e-11 0.0986023
9.86277e-11 0.0986277
9.86532e-11 0.0986532
9.86786e-11 0.0986786
9.87041e-11 0.0987041
9.87295e-11 0.0987295
9.8755e-11 0.098755
9.87805e-11 0.0987805
9.88059e-11 0.0988059
9.88314e-11 0.0988314
9.88568e-11 0.0988568
9.88823e-11 0.0988823
9.89077e-11 0.0989077
9.89332e-11 0.0989332
9.89587e-11 0.0989587
9.89841e-11 0.0989841
9.90096e-11 0.0990096
9.9035e-11 0.099035
9.90605e-11 0.0990605
9.9086e-11 0.099086
9.91114e-11 0.0991114
9.91369e-11 0.0991369
9.91623e-11 0.0991623
9.91878e-11 0.0991878
9.92132e-11 0.0992132
9.92387e-11 0.0992387
9.92642e-11 0.0992642
9.92896e-11 0.0992896
9.93151e-11 0.0993151
9.93405e-11 0.0993405
9.9366e-11 0.099366
9.93915e-11 0.0993915
9.94169e-11 0.0994169
9.94424e-11 0.0994424
9.94678e-11 0.0994678
9.94933e-11 0.0994933
9.95187e-11 0.0995187
9.95442e-11 0.0995442
9.95697e-11 0.0995697
9.95951e-11 0.0995951
9.96206e-11 0.0996206
9.9646e-11 0.099646
9.96715e-11 0.0996715
9.9697e-11 0.099697
9.97224e-11 0.0997224
9.97479e-11 0.0997479
9.97733e-11 0.0997733
9.97988e-11 0.0997988
9.98243e-11 0.0998243
9.98497e-11 0.0998497
9.98752e-11 0.0998752
9.99006e-11 0.0999006
9.99261e-11 0.0999261
9.99515e-11 0.0999515
9.9977e-11 0.099977
1.00002e-10 0.100002
1.00028e-10 0.100028
1.00053e-10 0.100053
1.00079e-10 0.100079
1.00104e-10 0.100104
1.0013e-10 0.10013
1.00155e-10 0.100155
1.00181e-10 0.100181
1.00206e-10 0.100206
1.00232e-10 0.100232
1.00257e-10 0.100257
1.00283e-10 0.100283
1.00308e-10 0.100308
1.00333e-10 0.100333
1.00359e-10 0.100359
1.00384e-10 0.100384
1.0041e-10 0.10041
1.00435e-10 0.100435
1.00461e-10 0.100461
1.00486e-10 0.100486
1.00512e-10 0.100512
1.00537e-10 0.100537
1.00563e-10 0.100563
1.00588e-10 0.100588
1.00614e-10 0.100614
1.00639e-10 0.100639
1.00664e-10 0.100664
1.0069e-10 0.10069
1.00715e-10 0.100715
1.00741e-10 0.100741
1.00766e-10 0.100766
1.00792e-10 0.100792
1.00817e-10 0.100817
1.00843e-10 0.100843
1.00868e-10 0.100868
1.00894e-10 0.100894
1.00919e-10 0.100919
1.00944e-10 0.100944
1.0097e-10 0.10097
1.00995e-10 0.100995
1.01021e-10 0.101021
1.01046e-10 0.101046
1.01072e-10 0.101072
1.01097e-10 0.101097
1.01123e-10 0.101123
1.01148e-10 0.101148
1.01174e-10 0.101174
1.01199e-10 0.101199
1.01225e-10 0.101225
1.0125e-10 0.10125
1.01275e-10 0.101275
1.01301e-10 0.101301
1.01326e-10 0.101326
1.01352e-10 0.101352
1.01377e-10 0.101377
1.01403e-10 0.101403
1.01428e-10 0.101428
1.01454e-10 0.101454
1.01479e-10 0.101479
1.01505e-10 0.101505
1.0153e-10 0.10153
1.01556e-10 0.101556
1.01581e-10 0.101581
1.01606e-10 0.101606
1.01632e-10 0.101632
1.01657e-10 0.101657
1.01683e-10 0.101683
1.01708e-10 0.101708
1.01734e-10 0.101734
1.01759e-10 0.101759
1.01785e-10 0.101785
1.0181e-10 0.10181
1.01836e-10 0.101836
1.01861e-10 0.101861
1.01887e-10 0.101887
1.01912e-10 0.101912
1.01937e-10 0.101937
1.01963e-10 0.101963
1.01988e-10 0.101988
1.02014e-10 0.102014
1.02039e-10 0.102039
1.02065e-10 0.102065
1.0209e-10 0.10209
1.02116e-10 0.102116
1.02141e-10 0.102141
1.02167e-10 0.102167
1.02192e-10 0.102192
1.02218e-10 0.102218
1.02243e-10 0.102243
1.02269e-10 0.102269
1.02294e-10 0.102294
1.02319e-10 0.102319
1.02345e-10 0.102345
1.0237e-10 0.10237
1.02396e-10 0.102396
1.02421e-10 0.102421
1.02447e-10 0.102447
1.02472e-10 0.102472
1.02498e-10 0.102498
1.02523e-10 0.102523
1.02549e-10 0.102549
1.02574e-10 0.102574
1.026e-10 0.1026
1.02625e-10 0.102625
1.0265e-10 0.10265
1.02676e-10 0.102676
1.02701e-10 0.102701
1.02727e-10 0.102727
1.02752e-10 0.102752
1.02778e-10 0.102778
1.02803e-10 0.102803
1.02829e-10 0.102829
1.02854e-10 0.102854
1.0288e-10 0.10288
1.02905e-10 0.102905
1.02931e-10 0.102931
1.02956e-10 0.102956
1.02981e-10 0.102981
1.03007e-10 0.103007
1.03032e-10 0.103032
1.03058e-10 0.103058
1.03083e-10 0.103083
1.03109e-10 0.103109
1.03134e-10 0.103134
1.0316e-10 0.10316
1.03185e-10 0.103185
1.03211e-10 0.103211
1.03236e-10 0.103236
1.03262e-10 0.103262
1.03287e-10 0.103287
1.03313e-10 0.103313
1.03338e-10 0.103338
1.03363e-10 0.103363
1.03389e-10 0.103389
1.03414e-10 0.103414
1.0344e-10 0.10344
1.03465e-10 0.103465
1.03491e-10 0.103491
1.03516e-10 0.103516
1.03542e-10 0.103542
1.03567e-10 0.103567
1.03593e-10 0.103593
1.03618e-10 0.103618
1.03644e-10 0.103644
1.03669e-10 0.103669
1.03694e-10 0.103694
1.0372e-10 0.10372
1.03745e-10 0.103745
1.03771e-10 0.103771
1.03796e-10 0.103796
1.03822e-10 0.103822
1.03847e-10 0.103847
1.03873e-10 0.103873
1.03898e-10 0.103898
1.03924e-10 0.103924
1.03949e-10 0.103949
1.03975e-10 0.103975
1.04e-10 0.104
1.04026e-10 0.104026
1.04051e-10 0.104051
1.04076e-10 0.104076
1.04102e-10 0.104102
1.04127e-10 0.104127
1.04153e-10 0.104153
1.04178e-10 0.104178
1.04204e-10 0.104204
1.04229e-10 0.104229
1.04255e-10 0.104255
1.0428e-10 0.10428
1.04306e-10 0.104306
1.04331e-10 0.104331
1.04357e-10 0.104357
1.04382e-10 0.104382
1.04408e-10 0.104408
1.04433e-10 0.104433
1.04458e-10 0.104458
1.04484e-10 0.104484
1.04509e-10 0.104509
1.04535e-10 0.104535
1.0456e-10 0.10456
1.04586e-10 0.104586
1.04611e-10 0.104611
1.04637e-10 0.104637
1.04662e-10 0.104662
1.04688e-10 0.104688
1.04713e-10 0.104713
1.04739e-10 0.104739
1.04764e-10 0.104764
1.0479e-10 0.10479
1.04815e-10 0.104815
1.0484e-10 0.10484
1.04866e-10 0.104866
1.04891e-10 0.104891
1.04917e-10 0.104917
1.04942e-10 0.104942
1.04968e-10 0.104968
1.04993e-10 0.104993
1.05019e-10 0.105019
1.05044e-10 0.105044
1.0507e-10 0.10507
1.05095e-10 0.105095
1.05121e-10 0.105121
1.05146e-10 0.105146
1.05172e-10 0.105172
1.05197e-10 0.105197
1.05222e-10 0.105222
1.05248e-10 0.105248
1.05273e-10 0.105273
1.05299e-10 0.105299
1.05324e-10 0.105324
1.0535e-10 0.10535
1.05375e-10 0.105375
1.05401e-10 0.105401
1.05426e-10 0.105426
1.05452e-10 0.105452
1.05477e-10 0.105477
1.05503e-10 0.105503
1.05528e-10 0.105528
1.05554e-10 0.105554
1.05579e-10 0.105579
1.05604e-10 0.105604
1.0563e-10 0.10563
1.05655e-10 0.105655
1.05681e-10 0.105681
1.05706e-10 0.105706
1.05732e-10 0.105732
1.05757e-10 0.105757
1.05783e-10 0.105783
1.05808e-10 0.105808
1.05834e-10 0.105834
1.05859e-10 0.105859
1.05885e-10 0.105885
1.0591e-10 0.10591
1.05936e-10 0.105936
1.05961e-10 0.105961
1.05986e-10 0.105986
1.06012e-10 0.106012
1.06037e-10 0.106037
1.06063e-10 0.106063
1.06088e-10 0.106088
1.06114e-10 0.106114
1.06139e-10 0.106139
1.06165e-10 0.106165
1.0619e-10 0.10619
1.06216e-10 0.106216
1.06241e-10 0.106241
1.06267e-10 0.106267
1.06292e-10 0.106292
1.06318e-10 0.106318
1.06343e-10 0.106343
1.06369e-10 0.106369
1.06394e-10 0.106394
1.06419e-10 0.106419
1.06445e-10 0.106445
1.0647e-10 0.10647
1.06496e-10 0.106496
1.06521e-10 0.106521
1.06547e-10 0.106547
1.06572e-10 0.106572
1.06598e-10 0.106598
1.06623e-10 0.106623
1.06649e-10 0.106649
1.06674e-10 0.106674
1.067e-10 0.1067
1.06725e-10 0.106725
1.06751e-10 0.106751
1.06776e-10 0.106776
1.06802e-10 0.106802
1.06827e-10 0.106827
1.06852e-10 0.106852
1.06878e-10 0.106878
1.06903e-10 0.106903
1.06929e-10 0.106929
1.06954e-10 0.106954
1.0698e-10 0.10698
1.07005e-10 0.107005
1.07031e-10 0.107031
1.07056e-10 0.107056
1.07082e-10 0.107082
1.07107e-10 0.107107
1.07133e-10 0.107133
1.07158e-10 0.107158
1.07184e-10 0.107184
1.07209e-10 0.107209
1.07234e-10 0.107234
1.0726e-10 0.10726
1.07285e-10 0.107285
1.07311e-10 0.107311
1.07336e-10 0.107336
1.07362e-10 0.107362
1.07387e-10 0.107387
1.07413e-10 0.107413
1.07438e-10 0.107438
1.07464e-10 0.107464
1.07489e-10 0.107489
1.07515e-10 0.107515
1.0754e-10 0.10754
1.07566e-10 0.107566
1.07591e-10 0.107591
1.07617e-10 0.107617
1.07642e-10 0.107642
1.07668e-10 0.107668
1.07693e-10 0.107693
1.07718e-10 0.107718
1.07744e-10 0.107744
1.07769e-10 0.107769
1.07795e-10 0.107795
1.0782e-10 0.10782
1.07846e-10 0.107846
1.07871e-10 0.107871
1.07897e-10 0.107897
1.07922e-10 0.107922
1.07948e-10 0.107948
1.07973e-10 0.107973
1.07999e-10 0.107999
1.08024e-10 0.108024
1.0805e-10 0.10805
1.08075e-10 0.108075
1.08101e-10 0.108101
1.08126e-10 0.108126
1.08151e-10 0.108151
1.08177e-10 0.108177
1.08202e-10 0.108202
1.08228e-10 0.108228
1.08253e-10 0.108253
1.08279e-10 0.108279
1.08304e-10 0.108304
1.0833e-10 0.10833
1.08355e-10 0.108355
1.08381e-10 0.108381
1.08406e-10 0.108406
1.08432e-10 0.108432
1.08457e-10 0.108457
1.08483e-10 0.108483
1.08508e-10 0.108508
1.08534e-10 0.108534
1.08559e-10 0.108559
1.08584e-10 0.108584
1.0861e-10 0.10861
1.08635e-10 0.108635
1.08661e-10 0.108661
1.08686e-10 0.108686
1.08712e-10 0.108712
1.08737e-10 0.108737
1.08763e-10 0.108763
1.08788e-10 0.108788
1.08814e-10 0.108814
1.08839e-10 0.108839
1.08865e-10 0.108865
1.0889e-10 0.10889
1.08916e-10 0.108916
1.08941e-10 0.108941
1.08967e-10 0.108967
1.08992e-10 0.108992
1.09018e-10 0.109018
1.09043e-10 0.109043
1.09068e-10 0.109068
1.09094e-10 0.109094
1.09119e-10 0.109119
1.09145e-10 0.109145
1.0917e-10 0.10917
1.09196e-10 0.109196
1.09221e-10 0.109221
1.09247e-10 0.109247
1.09272e-10 0.109272
1.09298e-10 0.109298
1.09323e-10 0.109323
1.09349e-10 0.109349
1.09374e-10 0.109374
1.094e-10 0.1094
1.09425e-10 0.109425
1.09451e-10 0.109451
1.09476e-10 0.109476
1.09502e-10 0.109502
1.09527e-10 0.109527
1.09552e-10 0.109552
1.09578e-10 0.109578
1.09603e-10 0.109603
1.09629e-10 0.109629
1.09654e-10 0.109654
1.0968e-10 0.10968
1.09705e-10 0.109705
1.09731e-10 0.109731
1.09756e-10 0.109756
1.09782e-10 0.109782
1.09807e-10 0.109807
1.09833e-10 0.109833
1.09858e-10 0.109858
1.09884e-10 0.109884
1.09909e-10 0.109909
1.09935e-10 0.109935
1.0996e-10 0.10996
1.09986e-10 0.109986
1.10011e-10 0.110011
1.10036e-10 0.110036
1.10062e-10 0.110062
1.10087e-10 0.110087
1.10113e-10 0.110113
1.10138e-10 0.110138
1.10164e-10 0.110164
1.10189e-10 0.110189
1.10215e-10 0.110215
1.1024e-10 0.11024
1.10266e-10 0.110266
1.10291e-10 0.110291
1.10317e-10 0.110317
1.10342e-10 0.110342
1.10368e-10 0.110368
1.10393e-10 0.110393
1.10419e-10 0.110419
1.10444e-10 0.110444
1.1047e-10 0.11047
1.10495e-10 0.110495
1.10521e-10 0.110521
1.10546e-10 0.110546
1.10571e-10 0.110571
1.10597e-10 0.110597
1.10622e-10 0.110622
1.10648e-10 0.110648
1.10673e-10 0.110673
1.10699e-10 0.110699
1.10724e-10 0.110724
1.1075e-10 0.11075
1.10775e-10 0.110775
1.10801e-10 0.110801
1.10826e-10 0.110826
1.10852e-10 0.110852
1.10877e-10 0.110877
1.10903e-10 0.110903
1.10928e-10 0.110928
1.10954e-10 0.110954
1.10979e-10 0.110979
1.11005e-10 0.111005
1.1103e-10 0.11103
1.11056e-10 0.111056
1.11081e-10 0.111081
1.11106e-10 0.111106
1.11132e-10 0.111132
1.11157e-10 0.111157
1.11183e-10 0.111183
1.11208e-10 0.111208
1.11234e-10 0.111234
1.11259e-10 0.111259
1.11285e-10 0.111285
1.1131e-10 0.11131
1.11336e-10 0.111336
1.11361e-10 0.111361
1.11387e-10 0.111387
1.11412e-10 0.111412
1.11438e-10 0.111438
1.11463e-10 0.111463
1.11489e-10 0.111489
1.11514e-10 0.111514
1.1154e-10 0.11154
1.11565e-10 0.111565
1.11591e-10 0.111591
1.11616e-10 0.111616
1.11641e-10 0.111641
1.11667e-10 0.111667
1.11692e-10 0.111692
1.11718e-10 0.111718
1.11743e-10 0.111743
1.11769e-10 0.111769
1.11794e-10 0.111794
1.1182e-10 0.11182
1.11845e-10 0.111845
1.11871e-10 0.111871
1.11896e-10 0.111896
1.11922e-10 0.111922
1.11947e-10 0.111947
1.11973e-10 0.111973
1.11998e-10 0.111998
1.12024e-10 0.112024
1.12049e-10 0.112049
1.12075e-10 0.112075
1.121e-10 0.1121
1.12126e-10 0.112126
1.12151e-10 0.112151
1.12177e-10 0.112177
1.12202e-10 0.112202
1.12227e-10 0.112227
1.12253e-10 0.112253
1.12278e-10 0.112278
1.12304e-10 0.112304
