2.31025e-15 2.31025e-06
4.62051e-15 4.62051e-06
6.93078e-15 6.93078e-06
9.24105e-15 9.24105e-06
1.15513e-14 1.15513e-05
1.38616e-14 1.38616e-05
1.61719e-14 1.61719e-05
1.84823e-14 1.84823e-05
2.07926e-14 2.07926e-05
2.3103e-14 2.3103e-05
-3.07324e-15 -3.07324e-06
-2.92496e-14 -2.92496e-05
-5.5426e-14 -5.5426e-05
-8.16024e-14 -8.16024e-05
-1.07779e-13 -0.000107779
-1.33955e-13 -0.000133955
-1.60132e-13 -0.000160132
-1.86308e-13 -0.000186308
-2.12484e-13 -0.000212484
-2.38661e-13 -0.000238661
-2.64838e-13 -0.000264838
-2.91014e-13 -0.000291014
-3.17191e-13 -0.000317191
-3.43368e-13 -0.000343368
-3.69544e-13 -0.000369544
-3.95721e-13 -0.000395721
-4.21898e-13 -0.000421898
-4.48075e-13 -0.000448075
-4.74252e-13 -0.000474252
-5.00428e-13 -0.000500428
-5.26605e-13 -0.000526605
-5.52782e-13 -0.000552782
-5.78959e-13 -0.000578959
-6.05136e-13 -0.000605136
-6.31313e-13 -0.000631313
-6.5749e-13 -0.00065749
-6.83667e-13 -0.000683667
-7.09844e-13 -0.000709844
-7.36021e-13 -0.000736021
-7.62198e-13 -0.000762198
-7.88376e-13 -0.000788376
-8.14553e-13 -0.000814553
-8.4073e-13 -0.00084073
-8.66907e-13 -0.000866907
-8.93085e-13 -0.000893085
-9.19262e-13 -0.000919262
-9.45439e-13 -0.000945439
-9.71617e-13 -0.000971617
-9.97794e-13 -0.000997794
-1.02397e-12 -0.00102397
-1.05015e-12 -0.00105015
-1.07633e-12 -0.00107633
-1.1025e-12 -0.0011025
-1.12868e-12 -0.00112868
-1.15486e-12 -0.00115486
-1.18104e-12 -0.00118104
-1.20721e-12 -0.00120721
-1.23339e-12 -0.00123339
-1.25957e-12 -0.00125957
-1.28575e-12 -0.00128575
-1.31193e-12 -0.00131193
-1.3381e-12 -0.0013381
-1.36428e-12 -0.00136428
-1.39046e-12 -0.00139046
-1.41664e-12 -0.00141664
-1.44281e-12 -0.00144281
-1.46899e-12 -0.00146899
-1.49517e-12 -0.00149517
-1.52135e-12 -0.00152135
-1.54753e-12 -0.00154753
-1.5737e-12 -0.0015737
-1.59988e-12 -0.00159988
-1.62606e-12 -0.00162606
-1.65224e-12 -0.00165224
-1.67842e-12 -0.00167842
-1.7046e-12 -0.0017046
-1.73077e-12 -0.00173077
-1.75695e-12 -0.00175695
-1.78313e-12 -0.00178313
-1.80931e-12 -0.00180931
-1.83549e-12 -0.00183549
-1.86167e-12 -0.00186167
-1.88784e-12 -0.00188784
-1.91402e-12 -0.00191402
-1.9402e-12 -0.0019402
-1.96638e-12 -0.00196638
-1.99256e-12 -0.00199256
-2.01874e-12 -0.00201874
-2.04491e-12 -0.00204491
-2.07109e-12 -0.00207109
-2.09727e-12 -0.00209727
-2.12345e-12 -0.00212345
-2.14963e-12 -0.00214963
-2.17581e-12 -0.00217581
-2.20199e-12 -0.00220199
-2.22817e-12 -0.00222817
-2.25434e-12 -0.00225434
-2.28052e-12 -0.00228052
-2.3067e-12 -0.0023067
-2.33288e-12 -0.00233288
-2.35906e-12 -0.00235906
-2.38524e-12 -0.00238524
-2.41142e-12 -0.00241142
-2.4376e-12 -0.0024376
-2.46378e-12 -0.00246378
-2.48996e-12 -0.00248996
-2.51613e-12 -0.00251613
-2.54231e-12 -0.00254231
-2.56849e-12 -0.00256849
-2.59467e-12 -0.00259467
-2.62085e-12 -0.00262085
-2.64703e-12 -0.00264703
-2.67321e-12 -0.00267321
-2.69939e-12 -0.00269939
-2.72557e-12 -0.00272557
-2.75175e-12 -0.00275175
-2.77793e-12 -0.00277793
-2.80411e-12 -0.00280411
-2.83029e-12 -0.00283029
-2.85647e-12 -0.00285647
-2.88265e-12 -0.00288265
-2.90883e-12 -0.00290883
-2.935e-12 -0.002935
-2.96118e-12 -0.00296118
-2.98736e-12 -0.00298736
-3.01354e-12 -0.00301354
-3.03972e-12 -0.00303972
-3.0659e-12 -0.0030659
-3.09208e-12 -0.00309208
-3.11826e-12 -0.00311826
-3.14444e-12 -0.00314444
-3.17062e-12 -0.00317062
-3.1968e-12 -0.0031968
-3.22298e-12 -0.00322298
-3.24916e-12 -0.00324916
-3.27534e-12 -0.00327534
-3.30152e-12 -0.00330152
-3.3277e-12 -0.0033277
-3.35388e-12 -0.00335388
-3.38006e-12 -0.00338006
-3.40624e-12 -0.00340624
-3.43242e-12 -0.00343242
-3.4586e-12 -0.0034586
-3.48478e-12 -0.00348478
-3.51096e-12 -0.00351096
-3.53714e-12 -0.00353714
-3.56332e-12 -0.00356332
-3.5895e-12 -0.0035895
-3.61568e-12 -0.00361568
-3.64187e-12 -0.00364187
-3.66805e-12 -0.00366805
-3.69423e-12 -0.00369423
-3.72041e-12 -0.00372041
-3.74659e-12 -0.00374659
-3.77277e-12 -0.00377277
-3.79895e-12 -0.00379895
-3.82513e-12 -0.00382513
-3.85131e-12 -0.00385131
-3.87749e-12 -0.00387749
-3.90367e-12 -0.00390367
-3.92985e-12 -0.00392985
-3.95603e-12 -0.00395603
-3.98221e-12 -0.00398221
-4.00839e-12 -0.00400839
-4.03457e-12 -0.00403457
-4.06076e-12 -0.00406076
-4.08694e-12 -0.00408694
-4.11312e-12 -0.00411312
-4.1393e-12 -0.0041393
-4.16548e-12 -0.00416548
-4.19166e-12 -0.00419166
-4.21784e-12 -0.00421784
-4.24402e-12 -0.00424402
-4.2702e-12 -0.0042702
-4.29638e-12 -0.00429638
-4.32257e-12 -0.00432257
-4.34875e-12 -0.00434875
-4.37493e-12 -0.00437493
-4.40111e-12 -0.00440111
-4.42729e-12 -0.00442729
-4.45347e-12 -0.00445347
-4.47965e-12 -0.00447965
-4.50583e-12 -0.00450583
-4.53202e-12 -0.00453202
-4.5582e-12 -0.0045582
-4.58438e-12 -0.00458438
-4.61056e-12 -0.00461056
-4.63674e-12 -0.00463674
-4.66292e-12 -0.00466292
-4.68911e-12 -0.00468911
-4.71529e-12 -0.00471529
-4.74147e-12 -0.00474147
-4.76765e-12 -0.00476765
-4.79383e-12 -0.00479383
-4.82001e-12 -0.00482001
-4.8462e-12 -0.0048462
-4.87238e-12 -0.00487238
-4.89856e-12 -0.00489856
-4.92474e-12 -0.00492474
-4.95092e-12 -0.00495092
-4.9771e-12 -0.0049771
-5.00329e-12 -0.00500329
-5.02947e-12 -0.00502947
-5.05565e-12 -0.00505565
-5.08183e-12 -0.00508183
-5.10801e-12 -0.00510801
-5.1342e-12 -0.0051342
-5.16038e-12 -0.00516038
-5.18656e-12 -0.00518656
-5.21274e-12 -0.00521274
-5.23893e-12 -0.00523893
-5.26511e-12 -0.00526511
-5.29129e-12 -0.00529129
-5.31747e-12 -0.00531747
-5.34365e-12 -0.00534365
-5.36984e-12 -0.00536984
-5.39602e-12 -0.00539602
-5.4222e-12 -0.0054222
-5.44838e-12 -0.00544838
-5.47457e-12 -0.00547457
-5.50075e-12 -0.00550075
-5.52693e-12 -0.00552693
-5.55311e-12 -0.00555311
-5.5793e-12 -0.0055793
-5.60548e-12 -0.00560548
-5.63166e-12 -0.00563166
-5.65784e-12 -0.00565784
-5.68403e-12 -0.00568403
-5.71021e-12 -0.00571021
-5.73639e-12 -0.00573639
-5.76258e-12 -0.00576258
-5.78876e-12 -0.00578876
-5.81494e-12 -0.00581494
-5.84112e-12 -0.00584112
-5.86731e-12 -0.00586731
-5.89349e-12 -0.00589349
-5.91967e-12 -0.00591967
-5.94586e-12 -0.00594586
-5.97204e-12 -0.00597204
-5.99822e-12 -0.00599822
-6.02441e-12 -0.00602441
-6.05059e-12 -0.00605059
-6.07677e-12 -0.00607677
-6.10295e-12 -0.00610295
-6.12914e-12 -0.00612914
-6.15532e-12 -0.00615532
-6.1815e-12 -0.0061815
-6.20769e-12 -0.00620769
-6.23387e-12 -0.00623387
-6.26005e-12 -0.00626005
-6.28624e-12 -0.00628624
-6.31242e-12 -0.00631242
-6.3386e-12 -0.0063386
-6.36479e-12 -0.00636479
-6.39097e-12 -0.00639097
-6.41715e-12 -0.00641715
-6.44334e-12 -0.00644334
-6.46952e-12 -0.00646952
-6.49571e-12 -0.00649571
-6.52189e-12 -0.00652189
-6.54807e-12 -0.00654807
-6.57426e-12 -0.00657426
-6.60044e-12 -0.00660044
-6.62662e-12 -0.00662662
-6.65281e-12 -0.00665281
-6.67899e-12 -0.00667899
-6.70518e-12 -0.00670518
-6.73136e-12 -0.00673136
-6.75754e-12 -0.00675754
-6.78373e-12 -0.00678373
-6.80991e-12 -0.00680991
-6.8361e-12 -0.0068361
-6.86228e-12 -0.00686228
-6.88846e-12 -0.00688846
-6.91465e-12 -0.00691465
-6.94083e-12 -0.00694083
-6.96702e-12 -0.00696702
-6.9932e-12 -0.0069932
-7.01938e-12 -0.00701938
-7.04557e-12 -0.00704557
-7.07175e-12 -0.00707175
-7.09794e-12 -0.00709794
-7.12412e-12 -0.00712412
-7.15031e-12 -0.00715031
-7.17649e-12 -0.00717649
-7.20267e-12 -0.00720267
-7.22886e-12 -0.00722886
-7.25504e-12 -0.00725504
-7.28123e-12 -0.00728123
-7.30741e-12 -0.00730741
-7.3336e-12 -0.0073336
-7.35978e-12 -0.00735978
-7.38597e-12 -0.00738597
-7.41215e-12 -0.00741215
-7.43834e-12 -0.00743834
-7.46452e-12 -0.00746452
-7.4907e-12 -0.0074907
-7.51689e-12 -0.00751689
-7.54307e-12 -0.00754307
-7.56926e-12 -0.00756926
-7.59544e-12 -0.00759544
-7.62163e-12 -0.00762163
-7.64781e-12 -0.00764781
-7.674e-12 -0.007674
-7.70018e-12 -0.00770018
-7.72637e-12 -0.00772637
-7.75255e-12 -0.00775255
-7.77874e-12 -0.00777874
-7.80492e-12 -0.00780492
-7.83111e-12 -0.00783111
-7.85729e-12 -0.00785729
-7.88348e-12 -0.00788348
-7.90966e-12 -0.00790966
-7.93585e-12 -0.00793585
-7.96204e-12 -0.00796204
-7.98822e-12 -0.00798822
-8.01441e-12 -0.00801441
-8.04059e-12 -0.00804059
-8.06678e-12 -0.00806678
-8.09296e-12 -0.00809296
-8.11915e-12 -0.00811915
-8.14533e-12 -0.00814533
-8.17152e-12 -0.00817152
-8.1977e-12 -0.0081977
-8.22389e-12 -0.00822389
-8.25008e-12 -0.00825008
-8.27626e-12 -0.00827626
-8.30245e-12 -0.00830245
-8.32863e-12 -0.00832863
-8.35482e-12 -0.00835482
-8.381e-12 -0.008381
-8.40719e-12 -0.00840719
-8.43338e-12 -0.00843338
-8.45956e-12 -0.00845956
-8.48575e-12 -0.00848575
-8.51193e-12 -0.00851193
-8.53812e-12 -0.00853812
-8.5643e-12 -0.0085643
-8.59049e-12 -0.00859049
-8.61668e-12 -0.00861668
-8.64286e-12 -0.00864286
-8.66905e-12 -0.00866905
-8.69523e-12 -0.00869523
-8.72142e-12 -0.00872142
-8.74761e-12 -0.00874761
-8.77379e-12 -0.00877379
-8.79998e-12 -0.00879998
-8.82617e-12 -0.00882617
-8.85235e-12 -0.00885235
-8.87854e-12 -0.00887854
-8.90472e-12 -0.00890472
-8.93091e-12 -0.00893091
-8.9571e-12 -0.0089571
-8.98328e-12 -0.00898328
-9.00947e-12 -0.00900947
-9.03566e-12 -0.00903566
-9.06184e-12 -0.00906184
-9.08803e-12 -0.00908803
-9.11422e-12 -0.00911422
-9.1404e-12 -0.0091404
-9.16659e-12 -0.00916659
-9.19278e-12 -0.00919278
-9.21896e-12 -0.00921896
-9.24515e-12 -0.00924515
-9.27134e-12 -0.00927134
-9.29752e-12 -0.00929752
-9.32371e-12 -0.00932371
-9.3499e-12 -0.0093499
-9.37608e-12 -0.00937608
-9.40227e-12 -0.00940227
-9.42846e-12 -0.00942846
-9.45464e-12 -0.00945464
-9.48083e-12 -0.00948083
-9.50702e-12 -0.00950702
-9.53321e-12 -0.00953321
-9.55939e-12 -0.00955939
-9.58558e-12 -0.00958558
-9.61177e-12 -0.00961177
-9.63795e-12 -0.00963795
-9.66414e-12 -0.00966414
-9.69033e-12 -0.00969033
-9.71652e-12 -0.00971652
-9.7427e-12 -0.0097427
-9.76889e-12 -0.00976889
-9.79508e-12 -0.00979508
-9.82127e-12 -0.00982127
-9.84745e-12 -0.00984745
-9.87364e-12 -0.00987364
-9.89983e-12 -0.00989983
-9.92602e-12 -0.00992602
-9.9522e-12 -0.0099522
-9.97839e-12 -0.00997839
-1.00046e-11 -0.0100046
-1.00308e-11 -0.0100308
-1.0057e-11 -0.010057
-1.00831e-11 -0.0100831
-1.01093e-11 -0.0101093
-1.01355e-11 -0.0101355
-1.01617e-11 -0.0101617
-1.01879e-11 -0.0101879
-1.02141e-11 -0.0102141
-1.02403e-11 -0.0102403
-1.02665e-11 -0.0102665
-1.02926e-11 -0.0102926
-1.03188e-11 -0.0103188
-1.0345e-11 -0.010345
-1.03712e-11 -0.0103712
-1.03974e-11 -0.0103974
-1.04236e-11 -0.0104236
-1.04498e-11 -0.0104498
-1.0476e-11 -0.010476
-1.05021e-11 -0.0105021
-1.05283e-11 -0.0105283
-1.05545e-11 -0.0105545
-1.05807e-11 -0.0105807
-1.06069e-11 -0.0106069
-1.06331e-11 -0.0106331
-1.06593e-11 -0.0106593
-1.06855e-11 -0.0106855
-1.07117e-11 -0.0107117
-1.07378e-11 -0.0107378
-1.0764e-11 -0.010764
-1.07902e-11 -0.0107902
-1.08164e-11 -0.0108164
-1.08426e-11 -0.0108426
-1.08688e-11 -0.0108688
-1.0895e-11 -0.010895
-1.09212e-11 -0.0109212
-1.09474e-11 -0.0109474
-1.09735e-11 -0.0109735
-1.09997e-11 -0.0109997
-1.10259e-11 -0.0110259
-1.10521e-11 -0.0110521
-1.10783e-11 -0.0110783
-1.11045e-11 -0.0111045
-1.11307e-11 -0.0111307
-1.11569e-11 -0.0111569
-1.1183e-11 -0.011183
-1.12092e-11 -0.0112092
-1.12354e-11 -0.0112354
-1.12616e-11 -0.0112616
-1.12878e-11 -0.0112878
-1.1314e-11 -0.011314
-1.13402e-11 -0.0113402
-1.13664e-11 -0.0113664
-1.13926e-11 -0.0113926
-1.14188e-11 -0.0114188
-1.14449e-11 -0.0114449
-1.14711e-11 -0.0114711
-1.14973e-11 -0.0114973
-1.15235e-11 -0.0115235
-1.15497e-11 -0.0115497
-1.15759e-11 -0.0115759
-1.16021e-11 -0.0116021
-1.16283e-11 -0.0116283
-1.16545e-11 -0.0116545
-1.16806e-11 -0.0116806
-1.17068e-11 -0.0117068
-1.1733e-11 -0.011733
-1.17592e-11 -0.0117592
-1.17854e-11 -0.0117854
-1.18116e-11 -0.0118116
-1.18378e-11 -0.0118378
-1.1864e-11 -0.011864
-1.18902e-11 -0.0118902
-1.19164e-11 -0.0119164
-1.19425e-11 -0.0119425
-1.19687e-11 -0.0119687
-1.19949e-11 -0.0119949
-1.20211e-11 -0.0120211
-1.20473e-11 -0.0120473
-1.20735e-11 -0.0120735
-1.20997e-11 -0.0120997
-1.21259e-11 -0.0121259
-1.21521e-11 -0.0121521
-1.21783e-11 -0.0121783
-1.22044e-11 -0.0122044
-1.22306e-11 -0.0122306
-1.22568e-11 -0.0122568
-1.2283e-11 -0.012283
-1.23092e-11 -0.0123092
-1.23354e-11 -0.0123354
-1.23616e-11 -0.0123616
-1.23878e-11 -0.0123878
-1.2414e-11 -0.012414
-1.24402e-11 -0.0124402
-1.24663e-11 -0.0124663
-1.24925e-11 -0.0124925
-1.25187e-11 -0.0125187
-1.25449e-11 -0.0125449
-1.25711e-11 -0.0125711
-1.25973e-11 -0.0125973
-1.26235e-11 -0.0126235
-1.26497e-11 -0.0126497
-1.26759e-11 -0.0126759
-1.27021e-11 -0.0127021
-1.27282e-11 -0.0127282
-1.27544e-11 -0.0127544
-1.27806e-11 -0.0127806
-1.28068e-11 -0.0128068
-1.2833e-11 -0.012833
-1.28592e-11 -0.0128592
-1.28854e-11 -0.0128854
-1.29116e-11 -0.0129116
-1.29378e-11 -0.0129378
-1.2964e-11 -0.012964
-1.29902e-11 -0.0129902
-1.30163e-11 -0.0130163
-1.30425e-11 -0.0130425
-1.30687e-11 -0.0130687
-1.30949e-11 -0.0130949
-1.31211e-11 -0.0131211
-1.31473e-11 -0.0131473
-1.31735e-11 -0.0131735
-1.31997e-11 -0.0131997
-1.32259e-11 -0.0132259
-1.32521e-11 -0.0132521
-1.32783e-11 -0.0132783
-1.33044e-11 -0.0133044
-1.33306e-11 -0.0133306
-1.33568e-11 -0.0133568
-1.3383e-11 -0.013383
-1.34092e-11 -0.0134092
-1.34354e-11 -0.0134354
-1.34616e-11 -0.0134616
-1.34878e-11 -0.0134878
-1.3514e-11 -0.013514
-1.35402e-11 -0.0135402
-1.35664e-11 -0.0135664
-1.35926e-11 -0.0135926
-1.36187e-11 -0.0136187
-1.36449e-11 -0.0136449
-1.36711e-11 -0.0136711
-1.36973e-11 -0.0136973
-1.37235e-11 -0.0137235
-1.37497e-11 -0.0137497
-1.37759e-11 -0.0137759
-1.38021e-11 -0.0138021
-1.38283e-11 -0.0138283
-1.38545e-11 -0.0138545
-1.38807e-11 -0.0138807
-1.39069e-11 -0.0139069
-1.3933e-11 -0.013933
-1.39592e-11 -0.0139592
-1.39854e-11 -0.0139854
-1.40116e-11 -0.0140116
-1.40378e-11 -0.0140378
-1.4064e-11 -0.014064
-1.40902e-11 -0.0140902
-1.41164e-11 -0.0141164
-1.41426e-11 -0.0141426
-1.41688e-11 -0.0141688
-1.4195e-11 -0.014195
-1.42212e-11 -0.0142212
-1.42474e-11 -0.0142474
-1.42735e-11 -0.0142735
-1.42997e-11 -0.0142997
-1.43259e-11 -0.0143259
-1.43521e-11 -0.0143521
-1.43783e-11 -0.0143783
-1.44045e-11 -0.0144045
-1.44307e-11 -0.0144307
-1.44569e-11 -0.0144569
-1.44831e-11 -0.0144831
-1.45093e-11 -0.0145093
-1.45355e-11 -0.0145355
-1.45617e-11 -0.0145617
-1.45879e-11 -0.0145879
-1.46141e-11 -0.0146141
-1.46402e-11 -0.0146402
-1.46664e-11 -0.0146664
-1.46926e-11 -0.0146926
-1.47188e-11 -0.0147188
-1.4745e-11 -0.014745
-1.47712e-11 -0.0147712
-1.47974e-11 -0.0147974
-1.48236e-11 -0.0148236
-1.48498e-11 -0.0148498
-1.4876e-11 -0.014876
-1.49022e-11 -0.0149022
-1.49284e-11 -0.0149284
-1.49546e-11 -0.0149546
-1.49808e-11 -0.0149808
-1.50069e-11 -0.0150069
-1.50331e-11 -0.0150331
-1.50593e-11 -0.0150593
-1.50855e-11 -0.0150855
-1.51117e-11 -0.0151117
-1.51379e-11 -0.0151379
-1.51641e-11 -0.0151641
-1.51903e-11 -0.0151903
-1.52165e-11 -0.0152165
-1.52427e-11 -0.0152427
-1.52689e-11 -0.0152689
-1.52951e-11 -0.0152951
-1.53213e-11 -0.0153213
-1.53475e-11 -0.0153475
-1.53737e-11 -0.0153737
-1.53999e-11 -0.0153999
-1.5426e-11 -0.015426
-1.54522e-11 -0.0154522
-1.54784e-11 -0.0154784
-1.55046e-11 -0.0155046
-1.55308e-11 -0.0155308
-1.5557e-11 -0.015557
-1.55832e-11 -0.0155832
-1.56094e-11 -0.0156094
-1.56356e-11 -0.0156356
-1.56618e-11 -0.0156618
-1.5688e-11 -0.015688
-1.57142e-11 -0.0157142
-1.57404e-11 -0.0157404
-1.57666e-11 -0.0157666
-1.57928e-11 -0.0157928
-1.5819e-11 -0.015819
-1.58451e-11 -0.0158451
-1.58713e-11 -0.0158713
-1.58975e-11 -0.0158975
-1.59237e-11 -0.0159237
-1.59499e-11 -0.0159499
-1.59761e-11 -0.0159761
-1.60023e-11 -0.0160023
-1.60285e-11 -0.0160285
-1.60547e-11 -0.0160547
-1.60809e-11 -0.0160809
-1.61071e-11 -0.0161071
-1.61333e-11 -0.0161333
-1.61595e-11 -0.0161595
-1.61857e-11 -0.0161857
-1.62119e-11 -0.0162119
-1.62381e-11 -0.0162381
-1.62643e-11 -0.0162643
-1.62905e-11 -0.0162905
-1.63166e-11 -0.0163166
-1.63428e-11 -0.0163428
-1.6369e-11 -0.016369
-1.63952e-11 -0.0163952
-1.64214e-11 -0.0164214
-1.64476e-11 -0.0164476
-1.64738e-11 -0.0164738
-1.65e-11 -0.0165
-1.65262e-11 -0.0165262
-1.65524e-11 -0.0165524
-1.65786e-11 -0.0165786
-1.66048e-11 -0.0166048
-1.6631e-11 -0.016631
-1.66572e-11 -0.0166572
-1.66834e-11 -0.0166834
-1.67096e-11 -0.0167096
-1.67358e-11 -0.0167358
-1.6762e-11 -0.016762
-1.67882e-11 -0.0167882
-1.68144e-11 -0.0168144
-1.68405e-11 -0.0168405
-1.68667e-11 -0.0168667
-1.68929e-11 -0.0168929
-1.69191e-11 -0.0169191
-1.69453e-11 -0.0169453
-1.69715e-11 -0.0169715
-1.69977e-11 -0.0169977
-1.70239e-11 -0.0170239
-1.70501e-11 -0.0170501
-1.70763e-11 -0.0170763
-1.71025e-11 -0.0171025
-1.71287e-11 -0.0171287
-1.71549e-11 -0.0171549
-1.71811e-11 -0.0171811
-1.72073e-11 -0.0172073
-1.72335e-11 -0.0172335
-1.72597e-11 -0.0172597
-1.72859e-11 -0.0172859
-1.73121e-11 -0.0173121
-1.73383e-11 -0.0173383
-1.73645e-11 -0.0173645
-1.73907e-11 -0.0173907
-1.74169e-11 -0.0174169
-1.7443e-11 -0.017443
-1.74692e-11 -0.0174692
-1.74954e-11 -0.0174954
-1.75216e-11 -0.0175216
-1.75478e-11 -0.0175478
-1.7574e-11 -0.017574
-1.76002e-11 -0.0176002
-1.76264e-11 -0.0176264
-1.76526e-11 -0.0176526
-1.76788e-11 -0.0176788
-1.7705e-11 -0.017705
-1.77312e-11 -0.0177312
-1.77574e-11 -0.0177574
-1.77836e-11 -0.0177836
-1.78098e-11 -0.0178098
-1.7836e-11 -0.017836
-1.78622e-11 -0.0178622
-1.78884e-11 -0.0178884
-1.79146e-11 -0.0179146
-1.79408e-11 -0.0179408
-1.7967e-11 -0.017967
-1.79932e-11 -0.0179932
-1.80194e-11 -0.0180194
-1.80456e-11 -0.0180456
-1.80718e-11 -0.0180718
-1.8098e-11 -0.018098
-1.81242e-11 -0.0181242
-1.81504e-11 -0.0181504
-1.81765e-11 -0.0181765
-1.82027e-11 -0.0182027
-1.82289e-11 -0.0182289
-1.82551e-11 -0.0182551
-1.82813e-11 -0.0182813
-1.83075e-11 -0.0183075
-1.83337e-11 -0.0183337
-1.83599e-11 -0.0183599
-1.83861e-11 -0.0183861
-1.84123e-11 -0.0184123
-1.84385e-11 -0.0184385
-1.84647e-11 -0.0184647
-1.84909e-11 -0.0184909
-1.85171e-11 -0.0185171
-1.85433e-11 -0.0185433
-1.85695e-11 -0.0185695
-1.85957e-11 -0.0185957
-1.86219e-11 -0.0186219
-1.86481e-11 -0.0186481
-1.86743e-11 -0.0186743
-1.87005e-11 -0.0187005
-1.87267e-11 -0.0187267
-1.87529e-11 -0.0187529
-1.87791e-11 -0.0187791
-1.88053e-11 -0.0188053
-1.88315e-11 -0.0188315
-1.88577e-11 -0.0188577
-1.88839e-11 -0.0188839
-1.89101e-11 -0.0189101
-1.89363e-11 -0.0189363
-1.89625e-11 -0.0189625
-1.89887e-11 -0.0189887
-1.90149e-11 -0.0190149
-1.90411e-11 -0.0190411
-1.90673e-11 -0.0190673
-1.90935e-11 -0.0190935
-1.91197e-11 -0.0191197
-1.91459e-11 -0.0191459
-1.9172e-11 -0.019172
-1.91982e-11 -0.0191982
-1.92244e-11 -0.0192244
-1.92506e-11 -0.0192506
-1.92768e-11 -0.0192768
-1.9303e-11 -0.019303
-1.93292e-11 -0.0193292
-1.93554e-11 -0.0193554
-1.93816e-11 -0.0193816
-1.94078e-11 -0.0194078
-1.9434e-11 -0.019434
-1.94602e-11 -0.0194602
-1.94864e-11 -0.0194864
-1.95126e-11 -0.0195126
-1.95388e-11 -0.0195388
-1.9565e-11 -0.019565
-1.95912e-11 -0.0195912
-1.96174e-11 -0.0196174
-1.96436e-11 -0.0196436
-1.96698e-11 -0.0196698
-1.9696e-11 -0.019696
-1.97222e-11 -0.0197222
-1.97484e-11 -0.0197484
-1.97746e-11 -0.0197746
-1.98008e-11 -0.0198008
-1.9827e-11 -0.019827
-1.98532e-11 -0.0198532
-1.98794e-11 -0.0198794
-1.99056e-11 -0.0199056
-1.99318e-11 -0.0199318
-1.9958e-11 -0.019958
-1.99842e-11 -0.0199842
-2.00104e-11 -0.0200104
-2.00366e-11 -0.0200366
-2.00628e-11 -0.0200628
-2.0089e-11 -0.020089
-2.01152e-11 -0.0201152
-2.01414e-11 -0.0201414
-2.01676e-11 -0.0201676
-2.01938e-11 -0.0201938
-2.022e-11 -0.02022
-2.02462e-11 -0.0202462
-2.02724e-11 -0.0202724
-2.02986e-11 -0.0202986
-2.03248e-11 -0.0203248
-2.0351e-11 -0.020351
-2.03772e-11 -0.0203772
-2.04034e-11 -0.0204034
-2.04296e-11 -0.0204296
-2.04558e-11 -0.0204558
-2.0482e-11 -0.020482
-2.05082e-11 -0.0205082
-2.05344e-11 -0.0205344
-2.05606e-11 -0.0205606
-2.05868e-11 -0.0205868
-2.0613e-11 -0.020613
-2.06392e-11 -0.0206392
-2.06654e-11 -0.0206654
-2.06916e-11 -0.0206916
-2.07178e-11 -0.0207178
-2.0744e-11 -0.020744
-2.07702e-11 -0.0207702
-2.07964e-11 -0.0207964
-2.08226e-11 -0.0208226
-2.08488e-11 -0.0208488
-2.0875e-11 -0.020875
-2.09012e-11 -0.0209012
-2.09274e-11 -0.0209274
-2.09536e-11 -0.0209536
-2.09798e-11 -0.0209798
-2.1006e-11 -0.021006
-2.10322e-11 -0.0210322
-2.10584e-11 -0.0210584
-2.10846e-11 -0.0210846
-2.11108e-11 -0.0211108
-2.1137e-11 -0.021137
-2.11632e-11 -0.0211632
-2.11894e-11 -0.0211894
-2.12156e-11 -0.0212156
-2.12418e-11 -0.0212418
-2.1268e-11 -0.021268
-2.12942e-11 -0.0212942
-2.13204e-11 -0.0213204
-2.13466e-11 -0.0213466
-2.13728e-11 -0.0213728
-2.1399e-11 -0.021399
-2.14252e-11 -0.0214252
-2.14514e-11 -0.0214514
-2.14776e-11 -0.0214776
-2.15038e-11 -0.0215038
-2.153e-11 -0.02153
-2.15562e-11 -0.0215562
-2.15824e-11 -0.0215824
-2.16086e-11 -0.0216086
-2.16348e-11 -0.0216348
-2.1661e-11 -0.021661
-2.16872e-11 -0.0216872
-2.17134e-11 -0.0217134
-2.17396e-11 -0.0217396
-2.17658e-11 -0.0217658
-2.1792e-11 -0.021792
-2.18182e-11 -0.0218182
-2.18444e-11 -0.0218444
-2.18706e-11 -0.0218706
-2.18968e-11 -0.0218968
-2.1923e-11 -0.021923
-2.19492e-11 -0.0219492
-2.19754e-11 -0.0219754
-2.20016e-11 -0.0220016
-2.20278e-11 -0.0220278
-2.2054e-11 -0.022054
-2.20802e-11 -0.0220802
-2.21064e-11 -0.0221064
-2.21326e-11 -0.0221326
-2.21588e-11 -0.0221588
-2.2185e-11 -0.022185
-2.22112e-11 -0.0222112
-2.22374e-11 -0.0222374
-2.22636e-11 -0.0222636
-2.22898e-11 -0.0222898
-2.2316e-11 -0.022316
-2.23422e-11 -0.0223422
-2.23684e-11 -0.0223684
-2.23952e-11 -0.0223952
-2.24231e-11 -0.0224231
-2.2451e-11 -0.022451
-2.24789e-11 -0.0224789
-2.25068e-11 -0.0225068
-2.25347e-11 -0.0225347
-2.25626e-11 -0.0225626
-2.25905e-11 -0.0225905
-2.26209e-11 -0.0226209
-2.26556e-11 -0.0226556
-2.26902e-11 -0.0226902
-2.27249e-11 -0.0227249
-2.27595e-11 -0.0227595
-2.27942e-11 -0.0227942
-2.28288e-11 -0.0228288
-2.28635e-11 -0.0228635
-2.28981e-11 -0.0228981
-2.29327e-11 -0.0229327
-2.29674e-11 -0.0229674
-2.3002e-11 -0.023002
-2.30367e-11 -0.0230367
-2.30713e-11 -0.0230713
-2.3106e-11 -0.023106
-2.31406e-11 -0.0231406
-2.31753e-11 -0.0231753
-2.32099e-11 -0.0232099
-2.32446e-11 -0.0232446
-2.32792e-11 -0.0232792
-2.33139e-11 -0.0233139
-2.33485e-11 -0.0233485
-2.33831e-11 -0.0233831
-2.34178e-11 -0.0234178
-2.34524e-11 -0.0234524
-2.34871e-11 -0.0234871
-2.35217e-11 -0.0235217
-2.35564e-11 -0.0235564
-2.3591e-11 -0.023591
-2.36257e-11 -0.0236257
-2.36603e-11 -0.0236603
-2.3695e-11 -0.023695
-2.37296e-11 -0.0237296
-2.37643e-11 -0.0237643
-2.37989e-11 -0.0237989
-2.38335e-11 -0.0238335
-2.38682e-11 -0.0238682
-2.39028e-11 -0.0239028
-2.39375e-11 -0.0239375
-2.39721e-11 -0.0239721
-2.40068e-11 -0.0240068
-2.40414e-11 -0.0240414
-2.40761e-11 -0.0240761
-2.41107e-11 -0.0241107
-2.41454e-11 -0.0241454
-2.418e-11 -0.02418
-2.42147e-11 -0.0242147
-2.42493e-11 -0.0242493
-2.42839e-11 -0.0242839
-2.43186e-11 -0.0243186
-2.43532e-11 -0.0243532
-2.43879e-11 -0.0243879
-2.44225e-11 -0.0244225
-2.44572e-11 -0.0244572
-2.44918e-11 -0.0244918
-2.45265e-11 -0.0245265
-2.45611e-11 -0.0245611
-2.45958e-11 -0.0245958
-2.46304e-11 -0.0246304
-2.46651e-11 -0.0246651
-2.46997e-11 -0.0246997
-2.47343e-11 -0.0247343
-2.4769e-11 -0.024769
-2.48036e-11 -0.0248036
-2.48383e-11 -0.0248383
-2.48729e-11 -0.0248729
-2.49076e-11 -0.0249076
-2.49422e-11 -0.0249422
-2.49769e-11 -0.0249769
-2.50115e-11 -0.0250115
-2.50462e-11 -0.0250462
-2.50808e-11 -0.0250808
-2.51154e-11 -0.0251154
-2.51501e-11 -0.0251501
-2.51847e-11 -0.0251847
-2.52194e-11 -0.0252194
-2.5254e-11 -0.025254
-2.52887e-11 -0.0252887
-2.53233e-11 -0.0253233
-2.5358e-11 -0.025358
-2.53926e-11 -0.0253926
-2.54273e-11 -0.0254273
-2.54619e-11 -0.0254619
-2.54966e-11 -0.0254966
-2.55312e-11 -0.0255312
-2.55658e-11 -0.0255658
-2.56005e-11 -0.0256005
-2.56351e-11 -0.0256351
-2.56698e-11 -0.0256698
-2.57044e-11 -0.0257044
-2.57391e-11 -0.0257391
-2.57737e-11 -0.0257737
-2.58084e-11 -0.0258084
-2.5843e-11 -0.025843
-2.58777e-11 -0.0258777
-2.59123e-11 -0.0259123
-2.59469e-11 -0.0259469
-2.59816e-11 -0.0259816
-2.60162e-11 -0.0260162
-2.60509e-11 -0.0260509
-2.60855e-11 -0.0260855
-2.61202e-11 -0.0261202
-2.61548e-11 -0.0261548
-2.61895e-11 -0.0261895
-2.62241e-11 -0.0262241
-2.62588e-11 -0.0262588
-2.62934e-11 -0.0262934
-2.63281e-11 -0.0263281
-2.63627e-11 -0.0263627
-2.63973e-11 -0.0263973
-2.6432e-11 -0.026432
-2.64666e-11 -0.0264666
-2.65013e-11 -0.0265013
-2.65359e-11 -0.0265359
-2.65706e-11 -0.0265706
-2.66052e-11 -0.0266052
-2.66399e-11 -0.0266399
-2.66745e-11 -0.0266745
-2.67092e-11 -0.0267092
-2.67438e-11 -0.0267438
-2.67784e-11 -0.0267784
-2.68131e-11 -0.0268131
-2.68477e-11 -0.0268477
-2.68824e-11 -0.0268824
-2.6917e-11 -0.026917
-2.69517e-11 -0.0269517
-2.69863e-11 -0.0269863
-2.7021e-11 -0.027021
-2.70556e-11 -0.0270556
-2.70903e-11 -0.0270903
-2.71249e-11 -0.0271249
-2.71595e-11 -0.0271595
-2.71942e-11 -0.0271942
-2.72288e-11 -0.0272288
-2.72635e-11 -0.0272635
-2.72981e-11 -0.0272981
-2.73328e-11 -0.0273328
-2.73674e-11 -0.0273674
-2.74021e-11 -0.0274021
-2.74367e-11 -0.0274367
-2.74714e-11 -0.0274714
-2.7506e-11 -0.027506
-2.75406e-11 -0.0275406
-2.75753e-11 -0.0275753
-2.76099e-11 -0.0276099
-2.76446e-11 -0.0276446
-2.76792e-11 -0.0276792
-2.77139e-11 -0.0277139
-2.77485e-11 -0.0277485
-2.77832e-11 -0.0277832
-2.78178e-11 -0.0278178
-2.78525e-11 -0.0278525
-2.78871e-11 -0.0278871
-2.79218e-11 -0.0279218
-2.79564e-11 -0.0279564
-2.7991e-11 -0.027991
-2.80257e-11 -0.0280257
-2.80603e-11 -0.0280603
-2.8095e-11 -0.028095
-2.81296e-11 -0.0281296
-2.81643e-11 -0.0281643
-2.81989e-11 -0.0281989
-2.82336e-11 -0.0282336
-2.82682e-11 -0.0282682
-2.83029e-11 -0.0283029
-2.83375e-11 -0.0283375
-2.83721e-11 -0.0283721
-2.84068e-11 -0.0284068
-2.84414e-11 -0.0284414
-2.84761e-11 -0.0284761
-2.85107e-11 -0.0285107
-2.85454e-11 -0.0285454
-2.858e-11 -0.02858
-2.86147e-11 -0.0286147
-2.86493e-11 -0.0286493
-2.8684e-11 -0.028684
-2.87186e-11 -0.0287186
-2.87532e-11 -0.0287532
-2.87879e-11 -0.0287879
-2.88225e-11 -0.0288225
-2.88572e-11 -0.0288572
-2.88918e-11 -0.0288918
-2.89265e-11 -0.0289265
-2.89611e-11 -0.0289611
-2.89958e-11 -0.0289958
-2.90304e-11 -0.0290304
-2.90651e-11 -0.0290651
-2.90997e-11 -0.0290997
-2.91343e-11 -0.0291343
-2.9169e-11 -0.029169
-2.92036e-11 -0.0292036
-2.92383e-11 -0.0292383
-2.92729e-11 -0.0292729
-2.93076e-11 -0.0293076
-2.93422e-11 -0.0293422
-2.93769e-11 -0.0293769
-2.94115e-11 -0.0294115
-2.94462e-11 -0.0294462
-2.94808e-11 -0.0294808
-2.95154e-11 -0.0295154
-2.95501e-11 -0.0295501
-2.95847e-11 -0.0295847
-2.96194e-11 -0.0296194
-2.9654e-11 -0.029654
-2.96887e-11 -0.0296887
-2.97233e-11 -0.0297233
-2.9758e-11 -0.029758
-2.97926e-11 -0.0297926
-2.98272e-11 -0.0298272
-2.98619e-11 -0.0298619
-2.98965e-11 -0.0298965
-2.99312e-11 -0.0299312
-2.99658e-11 -0.0299658
-3.00005e-11 -0.0300005
-3.00351e-11 -0.0300351
-3.00698e-11 -0.0300698
-3.01044e-11 -0.0301044
-3.01391e-11 -0.0301391
-3.01737e-11 -0.0301737
-3.02083e-11 -0.0302083
-3.0243e-11 -0.030243
-3.02776e-11 -0.0302776
-3.03123e-11 -0.0303123
-3.03469e-11 -0.0303469
-3.03816e-11 -0.0303816
-3.04162e-11 -0.0304162
-3.04509e-11 -0.0304509
-3.04855e-11 -0.0304855
-3.05202e-11 -0.0305202
-3.05548e-11 -0.0305548
-3.05894e-11 -0.0305894
-3.06241e-11 -0.0306241
-3.06587e-11 -0.0306587
-3.06934e-11 -0.0306934
-3.0728e-11 -0.030728
-3.07627e-11 -0.0307627
-3.07973e-11 -0.0307973
-3.0832e-11 -0.030832
-3.08666e-11 -0.0308666
-3.09013e-11 -0.0309013
-3.09359e-11 -0.0309359
-3.09705e-11 -0.0309705
-3.10052e-11 -0.0310052
-3.10398e-11 -0.0310398
-3.10745e-11 -0.0310745
-3.11091e-11 -0.0311091
-3.11438e-11 -0.0311438
-3.11784e-11 -0.0311784
-3.12131e-11 -0.0312131
-3.12477e-11 -0.0312477
-3.12824e-11 -0.0312824
-3.1317e-11 -0.031317
-3.13516e-11 -0.0313516
-3.13863e-11 -0.0313863
-3.14209e-11 -0.0314209
-3.14556e-11 -0.0314556
-3.14902e-11 -0.0314902
-3.15249e-11 -0.0315249
-3.15595e-11 -0.0315595
-3.15942e-11 -0.0315942
-3.16288e-11 -0.0316288
-3.16634e-11 -0.0316634
-3.16981e-11 -0.0316981
-3.17327e-11 -0.0317327
-3.17674e-11 -0.0317674
-3.1802e-11 -0.031802
-3.18367e-11 -0.0318367
-3.18713e-11 -0.0318713
-3.1906e-11 -0.031906
-3.19406e-11 -0.0319406
-3.19753e-11 -0.0319753
-3.20099e-11 -0.0320099
-3.20445e-11 -0.0320445
-3.20792e-11 -0.0320792
-3.21138e-11 -0.0321138
-3.21485e-11 -0.0321485
-3.21831e-11 -0.0321831
-3.22178e-11 -0.0322178
-3.22524e-11 -0.0322524
-3.22871e-11 -0.0322871
-3.23217e-11 -0.0323217
-3.23563e-11 -0.0323563
-3.2391e-11 -0.032391
-3.24256e-11 -0.0324256
-3.24603e-11 -0.0324603
-3.24949e-11 -0.0324949
-3.25296e-11 -0.0325296
-3.25642e-11 -0.0325642
-3.25989e-11 -0.0325989
-3.26335e-11 -0.0326335
-3.26682e-11 -0.0326682
-3.27028e-11 -0.0327028
-3.27374e-11 -0.0327374
-3.27721e-11 -0.0327721
-3.28067e-11 -0.0328067
-3.28414e-11 -0.0328414
-3.2876e-11 -0.032876
-3.29107e-11 -0.0329107
-3.29453e-11 -0.0329453
-3.298e-11 -0.03298
-3.30146e-11 -0.0330146
-3.30492e-11 -0.0330492
-3.30839e-11 -0.0330839
-3.31185e-11 -0.0331185
-3.31532e-11 -0.0331532
-3.31878e-11 -0.0331878
-3.32225e-11 -0.0332225
-3.32571e-11 -0.0332571
-3.32918e-11 -0.0332918
-3.33264e-11 -0.0333264
-3.33611e-11 -0.0333611
-3.33957e-11 -0.0333957
-3.34303e-11 -0.0334303
-3.3465e-11 -0.033465
-3.34996e-11 -0.0334996
-3.35343e-11 -0.0335343
-3.35689e-11 -0.0335689
-3.36036e-11 -0.0336036
-3.36382e-11 -0.0336382
-3.36729e-11 -0.0336729
-3.37075e-11 -0.0337075
-3.37421e-11 -0.0337421
-3.37768e-11 -0.0337768
-3.38114e-11 -0.0338114
-3.38461e-11 -0.0338461
-3.38807e-11 -0.0338807
-3.39154e-11 -0.0339154
-3.395e-11 -0.03395
-3.39847e-11 -0.0339847
-3.40193e-11 -0.0340193
-3.4054e-11 -0.034054
-3.40886e-11 -0.0340886
-3.41232e-11 -0.0341232
-3.41579e-11 -0.0341579
-3.41925e-11 -0.0341925
-3.42272e-11 -0.0342272
-3.42618e-11 -0.0342618
-3.42965e-11 -0.0342965
-3.43311e-11 -0.0343311
-3.43658e-11 -0.0343658
-3.44004e-11 -0.0344004
-3.4435e-11 -0.034435
-3.44697e-11 -0.0344697
-3.45043e-11 -0.0345043
-3.4539e-11 -0.034539
-3.45736e-11 -0.0345736
-3.46083e-11 -0.0346083
-3.46429e-11 -0.0346429
-3.46776e-11 -0.0346776
-3.47122e-11 -0.0347122
-3.47468e-11 -0.0347468
-3.47815e-11 -0.0347815
-3.48161e-11 -0.0348161
-3.48508e-11 -0.0348508
-3.48854e-11 -0.0348854
-3.49201e-11 -0.0349201
-3.49547e-11 -0.0349547
-3.49894e-11 -0.0349894
-3.5024e-11 -0.035024
-3.50587e-11 -0.0350587
-3.50933e-11 -0.0350933
-3.51279e-11 -0.0351279
-3.51626e-11 -0.0351626
-3.51972e-11 -0.0351972
-3.52319e-11 -0.0352319
-3.52665e-11 -0.0352665
-3.53012e-11 -0.0353012
-3.53358e-11 -0.0353358
-3.53705e-11 -0.0353705
-3.54051e-11 -0.0354051
-3.54397e-11 -0.0354397
-3.54744e-11 -0.0354744
-3.5509e-11 -0.035509
-3.55437e-11 -0.0355437
-3.55783e-11 -0.0355783
-3.5613e-11 -0.035613
-3.56476e-11 -0.0356476
-3.56823e-11 -0.0356823
-3.57169e-11 -0.0357169
-3.57515e-11 -0.0357515
-3.57862e-11 -0.0357862
-3.58208e-11 -0.0358208
-3.58555e-11 -0.0358555
-3.58901e-11 -0.0358901
-3.59248e-11 -0.0359248
-3.59594e-11 -0.0359594
-3.59941e-11 -0.0359941
-3.60287e-11 -0.0360287
-3.60633e-11 -0.0360633
-3.6098e-11 -0.036098
-3.61326e-11 -0.0361326
-3.61673e-11 -0.0361673
-3.62019e-11 -0.0362019
-3.62366e-11 -0.0362366
-3.62712e-11 -0.0362712
-3.63059e-11 -0.0363059
-3.63405e-11 -0.0363405
-3.63751e-11 -0.0363751
-3.64098e-11 -0.0364098
-3.64444e-11 -0.0364444
-3.64791e-11 -0.0364791
-3.65137e-11 -0.0365137
-3.65484e-11 -0.0365484
-3.6583e-11 -0.036583
-3.66177e-11 -0.0366177
-3.66523e-11 -0.0366523
-3.66869e-11 -0.0366869
-3.67216e-11 -0.0367216
-3.67562e-11 -0.0367562
-3.67909e-11 -0.0367909
-3.68255e-11 -0.0368255
-3.68602e-11 -0.0368602
-3.68948e-11 -0.0368948
-3.69295e-11 -0.0369295
-3.69641e-11 -0.0369641
-3.69987e-11 -0.0369987
-3.70334e-11 -0.0370334
-3.7068e-11 -0.037068
-3.71027e-11 -0.0371027
-3.71373e-11 -0.0371373
-3.7172e-11 -0.037172
-3.72066e-11 -0.0372066
-3.72413e-11 -0.0372413
-3.72759e-11 -0.0372759
-3.73106e-11 -0.0373106
-3.73452e-11 -0.0373452
-3.73798e-11 -0.0373798
-3.74145e-11 -0.0374145
-3.74491e-11 -0.0374491
-3.74838e-11 -0.0374838
-3.75184e-11 -0.0375184
-3.75531e-11 -0.0375531
-3.75877e-11 -0.0375877
-3.76224e-11 -0.0376224
-3.7657e-11 -0.037657
-3.76916e-11 -0.0376916
-3.77263e-11 -0.0377263
-3.77609e-11 -0.0377609
-3.77956e-11 -0.0377956
-3.78302e-11 -0.0378302
-3.78649e-11 -0.0378649
-3.78995e-11 -0.0378995
-3.79342e-11 -0.0379342
-3.79688e-11 -0.0379688
-3.80034e-11 -0.0380034
-3.80381e-11 -0.0380381
-3.80727e-11 -0.0380727
-3.81074e-11 -0.0381074
-3.8142e-11 -0.038142
-3.81767e-11 -0.0381767
-3.82113e-11 -0.0382113
-3.82459e-11 -0.0382459
-3.82806e-11 -0.0382806
-3.83152e-11 -0.0383152
-3.83499e-11 -0.0383499
-3.83845e-11 -0.0383845
-3.84192e-11 -0.0384192
-3.84538e-11 -0.0384538
-3.84885e-11 -0.0384885
-3.85231e-11 -0.0385231
-3.85577e-11 -0.0385577
-3.85924e-11 -0.0385924
-3.8627e-11 -0.038627
-3.86617e-11 -0.0386617
-3.86963e-11 -0.0386963
-3.8731e-11 -0.038731
-3.87656e-11 -0.0387656
-3.88003e-11 -0.0388003
-3.88349e-11 -0.0388349
-3.88695e-11 -0.0388695
-3.89042e-11 -0.0389042
-3.89388e-11 -0.0389388
-3.89735e-11 -0.0389735
-3.90081e-11 -0.0390081
-3.90428e-11 -0.0390428
-3.90774e-11 -0.0390774
-3.91121e-11 -0.0391121
-3.91467e-11 -0.0391467
-3.91813e-11 -0.0391813
-3.9216e-11 -0.039216
-3.92506e-11 -0.0392506
-3.92853e-11 -0.0392853
-3.93199e-11 -0.0393199
-3.93546e-11 -0.0393546
-3.93892e-11 -0.0393892
-3.94239e-11 -0.0394239
-3.94585e-11 -0.0394585
-3.94931e-11 -0.0394931
-3.95278e-11 -0.0395278
-3.95624e-11 -0.0395624
-3.95971e-11 -0.0395971
-3.96317e-11 -0.0396317
-3.96664e-11 -0.0396664
-3.9701e-11 -0.039701
-3.97357e-11 -0.0397357
-3.97703e-11 -0.0397703
-3.98049e-11 -0.0398049
-3.98396e-11 -0.0398396
-3.98742e-11 -0.0398742
-3.99089e-11 -0.0399089
-3.99435e-11 -0.0399435
-3.99782e-11 -0.0399782
-4.00128e-11 -0.0400128
-4.00475e-11 -0.0400475
-4.00821e-11 -0.0400821
-4.01167e-11 -0.0401167
-4.01514e-11 -0.0401514
-4.0186e-11 -0.040186
-4.02207e-11 -0.0402207
-4.02553e-11 -0.0402553
-4.029e-11 -0.04029
-4.03246e-11 -0.0403246
-4.03592e-11 -0.0403592
-4.03939e-11 -0.0403939
-4.04285e-11 -0.0404285
-4.04632e-11 -0.0404632
-4.04978e-11 -0.0404978
-4.05325e-11 -0.0405325
-4.05671e-11 -0.0405671
-4.06018e-11 -0.0406018
-4.06364e-11 -0.0406364
-4.0671e-11 -0.040671
-4.07057e-11 -0.0407057
-4.07403e-11 -0.0407403
-4.0775e-11 -0.040775
-4.08096e-11 -0.0408096
-4.08443e-11 -0.0408443
-4.08789e-11 -0.0408789
-4.09136e-11 -0.0409136
-4.09482e-11 -0.0409482
-4.09828e-11 -0.0409828
-4.10175e-11 -0.0410175
-4.10521e-11 -0.0410521
-4.10868e-11 -0.0410868
-4.11214e-11 -0.0411214
-4.11561e-11 -0.0411561
-4.11907e-11 -0.0411907
-4.12254e-11 -0.0412254
-4.126e-11 -0.04126
-4.12946e-11 -0.0412946
-4.13293e-11 -0.0413293
-4.13639e-11 -0.0413639
-4.13986e-11 -0.0413986
-4.14332e-11 -0.0414332
-4.14679e-11 -0.0414679
-4.15025e-11 -0.0415025
-4.15371e-11 -0.0415371
-4.15718e-11 -0.0415718
-4.16064e-11 -0.0416064
-4.16411e-11 -0.0416411
-4.16757e-11 -0.0416757
-4.17104e-11 -0.0417104
-4.1745e-11 -0.041745
-4.17797e-11 -0.0417797
-4.18143e-11 -0.0418143
-4.18489e-11 -0.0418489
-4.18836e-11 -0.0418836
-4.19182e-11 -0.0419182
-4.19529e-11 -0.0419529
-4.19875e-11 -0.0419875
-4.20222e-11 -0.0420222
-4.20568e-11 -0.0420568
-4.20915e-11 -0.0420915
-4.21261e-11 -0.0421261
-4.21607e-11 -0.0421607
-4.21954e-11 -0.0421954
-4.223e-11 -0.04223
-4.22647e-11 -0.0422647
-4.22993e-11 -0.0422993
-4.2334e-11 -0.042334
-4.23686e-11 -0.0423686
-4.24032e-11 -0.0424032
-4.24379e-11 -0.0424379
-4.24725e-11 -0.0424725
-4.25072e-11 -0.0425072
-4.25418e-11 -0.0425418
-4.25765e-11 -0.0425765
-4.26111e-11 -0.0426111
-4.26458e-11 -0.0426458
-4.26804e-11 -0.0426804
-4.2715e-11 -0.042715
-4.27497e-11 -0.0427497
-4.27843e-11 -0.0427843
-4.2819e-11 -0.042819
-4.28536e-11 -0.0428536
-4.28883e-11 -0.0428883
-4.29229e-11 -0.0429229
-4.29575e-11 -0.0429575
-4.29922e-11 -0.0429922
-4.30268e-11 -0.0430268
-4.30615e-11 -0.0430615
-4.30961e-11 -0.0430961
-4.31308e-11 -0.0431308
-4.31654e-11 -0.0431654
-4.32001e-11 -0.0432001
-4.32347e-11 -0.0432347
-4.32693e-11 -0.0432693
-4.3304e-11 -0.043304
-4.33386e-11 -0.0433386
-4.33733e-11 -0.0433733
-4.34079e-11 -0.0434079
-4.34426e-11 -0.0434426
-4.34772e-11 -0.0434772
-4.35118e-11 -0.0435118
-4.35465e-11 -0.0435465
-4.35811e-11 -0.0435811
-4.36158e-11 -0.0436158
-4.36504e-11 -0.0436504
-4.36851e-11 -0.0436851
-4.37197e-11 -0.0437197
-4.37544e-11 -0.0437544
-4.3789e-11 -0.043789
-4.38236e-11 -0.0438236
-4.38583e-11 -0.0438583
-4.38929e-11 -0.0438929
-4.39276e-11 -0.0439276
-4.39622e-11 -0.0439622
-4.39969e-11 -0.0439969
-4.40315e-11 -0.0440315
-4.40661e-11 -0.0440661
-4.41008e-11 -0.0441008
-4.41354e-11 -0.0441354
-4.41701e-11 -0.0441701
-4.42047e-11 -0.0442047
-4.42394e-11 -0.0442394
-4.4274e-11 -0.044274
-4.43087e-11 -0.0443087
-4.43433e-11 -0.0443433
-4.43779e-11 -0.0443779
-4.44126e-11 -0.0444126
-4.44472e-11 -0.0444472
-4.44819e-11 -0.0444819
-4.45165e-11 -0.0445165
-4.45512e-11 -0.0445512
-4.45858e-11 -0.0445858
-4.46204e-11 -0.0446204
-4.46551e-11 -0.0446551
-4.46897e-11 -0.0446897
-4.47244e-11 -0.0447244
-4.4759e-11 -0.044759
-4.47937e-11 -0.0447937
-4.48283e-11 -0.0448283
-4.4863e-11 -0.044863
-4.48976e-11 -0.0448976
-4.49322e-11 -0.0449322
-4.49669e-11 -0.0449669
-4.50015e-11 -0.0450015
-4.50362e-11 -0.0450362
-4.50708e-11 -0.0450708
-4.51055e-11 -0.0451055
-4.51401e-11 -0.0451401
-4.51747e-11 -0.0451747
-4.52094e-11 -0.0452094
-4.5244e-11 -0.045244
-4.52787e-11 -0.0452787
-4.53133e-11 -0.0453133
-4.5348e-11 -0.045348
-4.53826e-11 -0.0453826
-4.54172e-11 -0.0454172
-4.54519e-11 -0.0454519
-4.54865e-11 -0.0454865
-4.55212e-11 -0.0455212
-4.55558e-11 -0.0455558
-4.55905e-11 -0.0455905
-4.56251e-11 -0.0456251
-4.56598e-11 -0.0456598
-4.56944e-11 -0.0456944
-4.5729e-11 -0.045729
-4.57637e-11 -0.0457637
-4.57983e-11 -0.0457983
-4.5833e-11 -0.045833
-4.58676e-11 -0.0458676
-4.59023e-11 -0.0459023
-4.59369e-11 -0.0459369
-4.59715e-11 -0.0459715
-4.60062e-11 -0.0460062
-4.60408e-11 -0.0460408
-4.60755e-11 -0.0460755
-4.61101e-11 -0.0461101
-4.61448e-11 -0.0461448
-4.61794e-11 -0.0461794
-4.6214e-11 -0.046214
-4.62487e-11 -0.0462487
-4.62833e-11 -0.0462833
-4.6318e-11 -0.046318
-4.63526e-11 -0.0463526
-4.63873e-11 -0.0463873
-4.64219e-11 -0.0464219
-4.64566e-11 -0.0464566
-4.64912e-11 -0.0464912
-4.65258e-11 -0.0465258
-4.65605e-11 -0.0465605
-4.65951e-11 -0.0465951
-4.66298e-11 -0.0466298
-4.66644e-11 -0.0466644
-4.66991e-11 -0.0466991
-4.67337e-11 -0.0467337
-4.67683e-11 -0.0467683
-4.6803e-11 -0.046803
-4.68376e-11 -0.0468376
-4.68723e-11 -0.0468723
-4.69069e-11 -0.0469069
-4.69416e-11 -0.0469416
-4.69762e-11 -0.0469762
-4.70108e-11 -0.0470108
-4.70455e-11 -0.0470455
-4.70801e-11 -0.0470801
-4.71148e-11 -0.0471148
-4.71494e-11 -0.0471494
-4.71841e-11 -0.0471841
-4.72187e-11 -0.0472187
-4.72534e-11 -0.0472534
-4.7288e-11 -0.047288
-4.73226e-11 -0.0473226
-4.73573e-11 -0.0473573
-4.73919e-11 -0.0473919
-4.74266e-11 -0.0474266
-4.74612e-11 -0.0474612
-4.74959e-11 -0.0474959
-4.75305e-11 -0.0475305
-4.75651e-11 -0.0475651
-4.75998e-11 -0.0475998
-4.76344e-11 -0.0476344
-4.76691e-11 -0.0476691
-4.77037e-11 -0.0477037
-4.77384e-11 -0.0477384
-4.7773e-11 -0.047773
-4.78076e-11 -0.0478076
-4.78423e-11 -0.0478423
-4.78769e-11 -0.0478769
-4.79116e-11 -0.0479116
-4.79462e-11 -0.0479462
-4.79809e-11 -0.0479809
-4.80155e-11 -0.0480155
-4.80501e-11 -0.0480501
-4.80848e-11 -0.0480848
-4.81194e-11 -0.0481194
-4.81541e-11 -0.0481541
-4.81887e-11 -0.0481887
-4.82234e-11 -0.0482234
-4.8258e-11 -0.048258
-4.82926e-11 -0.0482926
-4.83273e-11 -0.0483273
-4.83619e-11 -0.0483619
-4.83966e-11 -0.0483966
-4.84312e-11 -0.0484312
-4.84659e-11 -0.0484659
-4.85005e-11 -0.0485005
-4.85352e-11 -0.0485352
-4.85698e-11 -0.0485698
-4.86044e-11 -0.0486044
-4.86391e-11 -0.0486391
-4.86737e-11 -0.0486737
-4.87084e-11 -0.0487084
-4.8743e-11 -0.048743
-4.87777e-11 -0.0487777
-4.88123e-11 -0.0488123
-4.88469e-11 -0.0488469
-4.88816e-11 -0.0488816
-4.89162e-11 -0.0489162
-4.89509e-11 -0.0489509
-4.89855e-11 -0.0489855
-4.90202e-11 -0.0490202
-4.90548e-11 -0.0490548
-4.90894e-11 -0.0490894
-4.91241e-11 -0.0491241
-4.91587e-11 -0.0491587
-4.91934e-11 -0.0491934
-4.9228e-11 -0.049228
-4.92627e-11 -0.0492627
-4.92973e-11 -0.0492973
-4.93319e-11 -0.0493319
-4.93666e-11 -0.0493666
-4.94012e-11 -0.0494012
-4.94359e-11 -0.0494359
-4.94705e-11 -0.0494705
-4.95052e-11 -0.0495052
-4.95398e-11 -0.0495398
-4.95744e-11 -0.0495744
-4.96091e-11 -0.0496091
-4.96437e-11 -0.0496437
-4.96784e-11 -0.0496784
-4.9713e-11 -0.049713
-4.97477e-11 -0.0497477
-4.97823e-11 -0.0497823
-4.98169e-11 -0.0498169
-4.98516e-11 -0.0498516
-4.98862e-11 -0.0498862
-4.99209e-11 -0.0499209
-4.99555e-11 -0.0499555
-4.99902e-11 -0.0499902
-5.00248e-11 -0.0500248
-5.00594e-11 -0.0500594
-5.00941e-11 -0.0500941
-5.01287e-11 -0.0501287
-5.01634e-11 -0.0501634
-5.0198e-11 -0.050198
-5.02327e-11 -0.0502327
-5.02673e-11 -0.0502673
-5.03019e-11 -0.0503019
-5.03366e-11 -0.0503366
-5.03712e-11 -0.0503712
-5.04059e-11 -0.0504059
-5.04405e-11 -0.0504405
-5.04752e-11 -0.0504752
-5.05098e-11 -0.0505098
-5.05444e-11 -0.0505444
-5.05791e-11 -0.0505791
-5.06137e-11 -0.0506137
-5.06484e-11 -0.0506484
-5.0683e-11 -0.050683
-5.07177e-11 -0.0507177
-5.07523e-11 -0.0507523
-5.07869e-11 -0.0507869
-5.08216e-11 -0.0508216
-5.08562e-11 -0.0508562
-5.08909e-11 -0.0508909
-5.09255e-11 -0.0509255
-5.09602e-11 -0.0509602
-5.09948e-11 -0.0509948
-5.10295e-11 -0.0510295
-5.10641e-11 -0.0510641
-5.10987e-11 -0.0510987
-5.11334e-11 -0.0511334
-5.1168e-11 -0.051168
-5.12027e-11 -0.0512027
-5.12373e-11 -0.0512373
-5.1272e-11 -0.051272
-5.13066e-11 -0.0513066
-5.13412e-11 -0.0513412
-5.13759e-11 -0.0513759
-5.14105e-11 -0.0514105
-5.14452e-11 -0.0514452
-5.14798e-11 -0.0514798
-5.15145e-11 -0.0515145
-5.15491e-11 -0.0515491
-5.15837e-11 -0.0515837
-5.16184e-11 -0.0516184
-5.1653e-11 -0.051653
-5.16877e-11 -0.0516877
-5.17223e-11 -0.0517223
-5.1757e-11 -0.051757
-5.17916e-11 -0.0517916
-5.18262e-11 -0.0518262
-5.18609e-11 -0.0518609
-5.18955e-11 -0.0518955
-5.19302e-11 -0.0519302
-5.19648e-11 -0.0519648
-5.19994e-11 -0.0519994
-5.20341e-11 -0.0520341
-5.20687e-11 -0.0520687
-5.21034e-11 -0.0521034
-5.2138e-11 -0.052138
-5.21727e-11 -0.0521727
-5.22073e-11 -0.0522073
-5.22419e-11 -0.0522419
-5.22766e-11 -0.0522766
-5.23112e-11 -0.0523112
-5.23459e-11 -0.0523459
-5.23805e-11 -0.0523805
-5.24152e-11 -0.0524152
-5.24498e-11 -0.0524498
-5.24844e-11 -0.0524844
-5.25191e-11 -0.0525191
-5.25537e-11 -0.0525537
-5.25884e-11 -0.0525884
-5.2623e-11 -0.052623
-5.26577e-11 -0.0526577
-5.26923e-11 -0.0526923
-5.27269e-11 -0.0527269
-5.27616e-11 -0.0527616
-5.27962e-11 -0.0527962
-5.28309e-11 -0.0528309
-5.28655e-11 -0.0528655
-5.29002e-11 -0.0529002
-5.29348e-11 -0.0529348
-5.29694e-11 -0.0529694
-5.30041e-11 -0.0530041
-5.30387e-11 -0.0530387
-5.30734e-11 -0.0530734
-5.3108e-11 -0.053108
-5.31427e-11 -0.0531427
-5.31773e-11 -0.0531773
-5.32119e-11 -0.0532119
-5.32466e-11 -0.0532466
-5.32812e-11 -0.0532812
-5.33159e-11 -0.0533159
-5.33505e-11 -0.0533505
-5.33852e-11 -0.0533852
-5.34198e-11 -0.0534198
-5.34544e-11 -0.0534544
-5.34891e-11 -0.0534891
-5.35237e-11 -0.0535237
-5.35584e-11 -0.0535584
-5.3593e-11 -0.053593
-5.36277e-11 -0.0536277
-5.36623e-11 -0.0536623
-5.36969e-11 -0.0536969
-5.37316e-11 -0.0537316
-5.37662e-11 -0.0537662
-5.38009e-11 -0.0538009
-5.38355e-11 -0.0538355
-5.38702e-11 -0.0538702
-5.39048e-11 -0.0539048
-5.39394e-11 -0.0539394
-5.39741e-11 -0.0539741
-5.40087e-11 -0.0540087
-5.40434e-11 -0.0540434
-5.4078e-11 -0.054078
-5.41127e-11 -0.0541127
-5.41473e-11 -0.0541473
-5.41819e-11 -0.0541819
-5.42166e-11 -0.0542166
-5.42512e-11 -0.0542512
-5.42859e-11 -0.0542859
-5.43205e-11 -0.0543205
-5.43551e-11 -0.0543551
-5.43898e-11 -0.0543898
-5.44244e-11 -0.0544244
-5.44591e-11 -0.0544591
-5.44937e-11 -0.0544937
-5.45284e-11 -0.0545284
-5.4563e-11 -0.054563
-5.45976e-11 -0.0545976
-5.46323e-11 -0.0546323
-5.46669e-11 -0.0546669
-5.47016e-11 -0.0547016
-5.47362e-11 -0.0547362
-5.47709e-11 -0.0547709
-5.48055e-11 -0.0548055
-5.48401e-11 -0.0548401
-5.48748e-11 -0.0548748
-5.49094e-11 -0.0549094
-5.49441e-11 -0.0549441
-5.49787e-11 -0.0549787
-5.50134e-11 -0.0550134
-5.5048e-11 -0.055048
-5.50826e-11 -0.0550826
-5.51173e-11 -0.0551173
-5.51519e-11 -0.0551519
-5.51866e-11 -0.0551866
-5.52212e-11 -0.0552212
-5.52559e-11 -0.0552559
-5.52905e-11 -0.0552905
-5.53251e-11 -0.0553251
-5.53598e-11 -0.0553598
-5.53944e-11 -0.0553944
-5.54291e-11 -0.0554291
-5.54637e-11 -0.0554637
-5.54984e-11 -0.0554984
-5.5533e-11 -0.055533
-5.55676e-11 -0.0555676
-5.56023e-11 -0.0556023
-5.56369e-11 -0.0556369
-5.56716e-11 -0.0556716
-5.57062e-11 -0.0557062
-5.57408e-11 -0.0557408
-5.57755e-11 -0.0557755
-5.58101e-11 -0.0558101
-5.58448e-11 -0.0558448
-5.58794e-11 -0.0558794
-5.59141e-11 -0.0559141
-5.59487e-11 -0.0559487
-5.59833e-11 -0.0559833
-5.6018e-11 -0.056018
-5.60526e-11 -0.0560526
-5.60873e-11 -0.0560873
-5.61219e-11 -0.0561219
-5.61566e-11 -0.0561566
-5.61912e-11 -0.0561912
-5.62258e-11 -0.0562258
-5.62605e-11 -0.0562605
-5.62951e-11 -0.0562951
-5.63298e-11 -0.0563298
-5.63644e-11 -0.0563644
-5.63991e-11 -0.0563991
-5.64337e-11 -0.0564337
-5.64683e-11 -0.0564683
-5.6503e-11 -0.056503
-5.65376e-11 -0.0565376
-5.65723e-11 -0.0565723
-5.66069e-11 -0.0566069
-5.66415e-11 -0.0566415
-5.66762e-11 -0.0566762
-5.67108e-11 -0.0567108
-5.67455e-11 -0.0567455
-5.67801e-11 -0.0567801
-5.68148e-11 -0.0568148
-5.68494e-11 -0.0568494
-5.6884e-11 -0.056884
-5.69187e-11 -0.0569187
-5.69533e-11 -0.0569533
-5.6988e-11 -0.056988
-5.70226e-11 -0.0570226
-5.70573e-11 -0.0570573
-5.70919e-11 -0.0570919
-5.71265e-11 -0.0571265
-5.71612e-11 -0.0571612
-5.71958e-11 -0.0571958
-5.72305e-11 -0.0572305
-5.72651e-11 -0.0572651
-5.72997e-11 -0.0572997
-5.73344e-11 -0.0573344
-5.7369e-11 -0.057369
-5.74037e-11 -0.0574037
-5.74383e-11 -0.0574383
-5.7473e-11 -0.057473
-5.75076e-11 -0.0575076
-5.75422e-11 -0.0575422
-5.75769e-11 -0.0575769
-5.76115e-11 -0.0576115
-5.76462e-11 -0.0576462
-5.76808e-11 -0.0576808
-5.77155e-11 -0.0577155
-5.77501e-11 -0.0577501
-5.77847e-11 -0.0577847
-5.78194e-11 -0.0578194
-5.7854e-11 -0.057854
-5.78887e-11 -0.0578887
-5.79233e-11 -0.0579233
-5.79579e-11 -0.0579579
-5.79926e-11 -0.0579926
-5.80272e-11 -0.0580272
-5.80619e-11 -0.0580619
-5.80965e-11 -0.0580965
-5.81312e-11 -0.0581312
-5.81658e-11 -0.0581658
-5.82004e-11 -0.0582004
-5.82351e-11 -0.0582351
-5.82697e-11 -0.0582697
-5.83044e-11 -0.0583044
-5.8339e-11 -0.058339
-5.83737e-11 -0.0583737
-5.84083e-11 -0.0584083
-5.84429e-11 -0.0584429
-5.84776e-11 -0.0584776
-5.85122e-11 -0.0585122
-5.85469e-11 -0.0585469
-5.85815e-11 -0.0585815
-5.86161e-11 -0.0586161
-5.86508e-11 -0.0586508
-5.86854e-11 -0.0586854
-5.87201e-11 -0.0587201
-5.87547e-11 -0.0587547
-5.87894e-11 -0.0587894
-5.8824e-11 -0.058824
-5.88586e-11 -0.0588586
-5.88933e-11 -0.0588933
-5.89279e-11 -0.0589279
-5.89626e-11 -0.0589626
-5.89972e-11 -0.0589972
-5.90319e-11 -0.0590319
-5.90665e-11 -0.0590665
-5.91011e-11 -0.0591011
-5.91358e-11 -0.0591358
-5.91704e-11 -0.0591704
-5.92051e-11 -0.0592051
-5.92397e-11 -0.0592397
-5.92743e-11 -0.0592743
-5.9309e-11 -0.059309
-5.93436e-11 -0.0593436
-5.93783e-11 -0.0593783
-5.94129e-11 -0.0594129
-5.94476e-11 -0.0594476
-5.94822e-11 -0.0594822
-5.95168e-11 -0.0595168
-5.95515e-11 -0.0595515
-5.95861e-11 -0.0595861
-5.96208e-11 -0.0596208
-5.96554e-11 -0.0596554
-5.969e-11 -0.05969
-5.97247e-11 -0.0597247
-5.97593e-11 -0.0597593
-5.9794e-11 -0.059794
-5.98286e-11 -0.0598286
-5.98633e-11 -0.0598633
-5.98979e-11 -0.0598979
-5.99325e-11 -0.0599325
-5.99672e-11 -0.0599672
-6.00018e-11 -0.0600018
-6.00365e-11 -0.0600365
-6.00711e-11 -0.0600711
-6.01058e-11 -0.0601058
-6.01404e-11 -0.0601404
-6.0175e-11 -0.060175
-6.02097e-11 -0.0602097
-6.02443e-11 -0.0602443
-6.0279e-11 -0.060279
-6.03136e-11 -0.0603136
-6.03482e-11 -0.0603482
-6.03829e-11 -0.0603829
-6.04175e-11 -0.0604175
-6.04522e-11 -0.0604522
-6.04868e-11 -0.0604868
-6.05215e-11 -0.0605215
-6.05561e-11 -0.0605561
-6.05907e-11 -0.0605907
-6.06254e-11 -0.0606254
-6.066e-11 -0.06066
-6.06947e-11 -0.0606947
-6.07293e-11 -0.0607293
-6.07639e-11 -0.0607639
-6.07986e-11 -0.0607986
-6.08332e-11 -0.0608332
-6.08679e-11 -0.0608679
-6.09025e-11 -0.0609025
-6.09372e-11 -0.0609372
-6.09718e-11 -0.0609718
-6.10064e-11 -0.0610064
-6.10411e-11 -0.0610411
-6.10757e-11 -0.0610757
-6.11104e-11 -0.0611104
-6.1145e-11 -0.061145
-6.11796e-11 -0.0611796
-6.12143e-11 -0.0612143
-6.12489e-11 -0.0612489
-6.12836e-11 -0.0612836
-6.13182e-11 -0.0613182
-6.13534e-11 -0.0613534
-6.13901e-11 -0.0613901
-6.14269e-11 -0.0614269
-6.14636e-11 -0.0614636
-6.15003e-11 -0.0615003
-6.1537e-11 -0.061537
-6.15737e-11 -0.0615737
-6.16104e-11 -0.0616104
-6.16472e-11 -0.0616472
-6.16839e-11 -0.0616839
-6.17206e-11 -0.0617206
-6.17573e-11 -0.0617573
-6.1794e-11 -0.061794
-6.18307e-11 -0.0618307
-6.18675e-11 -0.0618675
-6.19042e-11 -0.0619042
-6.19409e-11 -0.0619409
-6.19776e-11 -0.0619776
-6.20143e-11 -0.0620143
-6.2051e-11 -0.062051
-6.20878e-11 -0.0620878
-6.21245e-11 -0.0621245
-6.21612e-11 -0.0621612
-6.21979e-11 -0.0621979
-6.22346e-11 -0.0622346
-6.22713e-11 -0.0622713
-6.23081e-11 -0.0623081
-6.23448e-11 -0.0623448
-6.23815e-11 -0.0623815
-6.24182e-11 -0.0624182
-6.24549e-11 -0.0624549
-6.24916e-11 -0.0624916
-6.25284e-11 -0.0625284
-6.25651e-11 -0.0625651
-6.26018e-11 -0.0626018
-6.26385e-11 -0.0626385
-6.26752e-11 -0.0626752
-6.27119e-11 -0.0627119
-6.27487e-11 -0.0627487
-6.27854e-11 -0.0627854
-6.28221e-11 -0.0628221
-6.28588e-11 -0.0628588
-6.28955e-11 -0.0628955
-6.29322e-11 -0.0629322
-6.29689e-11 -0.0629689
-6.30057e-11 -0.0630057
-6.30424e-11 -0.0630424
-6.30791e-11 -0.0630791
-6.31158e-11 -0.0631158
-6.31525e-11 -0.0631525
-6.31892e-11 -0.0631892
-6.3226e-11 -0.063226
-6.32627e-11 -0.0632627
-6.32994e-11 -0.0632994
-6.33361e-11 -0.0633361
-6.33728e-11 -0.0633728
-6.34095e-11 -0.0634095
-6.34463e-11 -0.0634463
-6.3483e-11 -0.063483
-6.35197e-11 -0.0635197
-6.35564e-11 -0.0635564
-6.35931e-11 -0.0635931
-6.36298e-11 -0.0636298
-6.36666e-11 -0.0636666
-6.37049e-11 -0.0637049
-6.37434e-11 -0.0637434
-6.3782e-11 -0.063782
-6.38205e-11 -0.0638205
-6.38591e-11 -0.0638591
-6.38976e-11 -0.0638976
-6.39361e-11 -0.0639361
-6.39747e-11 -0.0639747
-6.40132e-11 -0.0640132
-6.40517e-11 -0.0640517
-6.40903e-11 -0.0640903
-6.41288e-11 -0.0641288
-6.41674e-11 -0.0641674
-6.42059e-11 -0.0642059
-6.42444e-11 -0.0642444
-6.4283e-11 -0.064283
-6.43215e-11 -0.0643215
-6.436e-11 -0.06436
-6.43986e-11 -0.0643986
-6.44371e-11 -0.0644371
-6.44756e-11 -0.0644756
-6.45142e-11 -0.0645142
-6.45527e-11 -0.0645527
-6.45913e-11 -0.0645913
-6.46298e-11 -0.0646298
-6.46683e-11 -0.0646683
-6.47069e-11 -0.0647069
-6.47454e-11 -0.0647454
-6.47839e-11 -0.0647839
-6.48225e-11 -0.0648225
-6.4861e-11 -0.064861
-6.48996e-11 -0.0648996
-6.49381e-11 -0.0649381
-6.49766e-11 -0.0649766
-6.50152e-11 -0.0650152
-6.50537e-11 -0.0650537
-6.50922e-11 -0.0650922
-6.51308e-11 -0.0651308
-6.51693e-11 -0.0651693
-6.52078e-11 -0.0652078
-6.52464e-11 -0.0652464
-6.52849e-11 -0.0652849
-6.53235e-11 -0.0653235
-6.5362e-11 -0.065362
-6.54005e-11 -0.0654005
-6.54391e-11 -0.0654391
-6.54776e-11 -0.0654776
-6.55161e-11 -0.0655161
-6.55547e-11 -0.0655547
-6.55932e-11 -0.0655932
-6.56317e-11 -0.0656317
-6.56703e-11 -0.0656703
-6.57088e-11 -0.0657088
-6.57474e-11 -0.0657474
-6.57859e-11 -0.0657859
-6.58244e-11 -0.0658244
-6.5863e-11 -0.065863
-6.59015e-11 -0.0659015
-6.594e-11 -0.06594
-6.59786e-11 -0.0659786
-6.60171e-11 -0.0660171
-6.60556e-11 -0.0660556
-6.60942e-11 -0.0660942
-6.61327e-11 -0.0661327
-6.61713e-11 -0.0661713
-6.62098e-11 -0.0662098
-6.62483e-11 -0.0662483
-6.62869e-11 -0.0662869
-6.63254e-11 -0.0663254
-6.63639e-11 -0.0663639
-6.64025e-11 -0.0664025
-6.6441e-11 -0.066441
-6.64795e-11 -0.0664795
-6.65181e-11 -0.0665181
-6.65566e-11 -0.0665566
-6.65951e-11 -0.0665951
-6.66337e-11 -0.0666337
-6.66722e-11 -0.0666722
-6.67108e-11 -0.0667108
-6.67493e-11 -0.0667493
-6.67878e-11 -0.0667878
-6.68264e-11 -0.0668264
-6.68649e-11 -0.0668649
-6.69034e-11 -0.0669034
-6.6942e-11 -0.066942
-6.69805e-11 -0.0669805
-6.7019e-11 -0.067019
-6.70576e-11 -0.0670576
-6.70961e-11 -0.0670961
-6.71346e-11 -0.0671346
-6.71732e-11 -0.0671732
-6.72117e-11 -0.0672117
-6.72503e-11 -0.0672503
-6.72888e-11 -0.0672888
-6.73273e-11 -0.0673273
-6.73659e-11 -0.0673659
-6.74044e-11 -0.0674044
-6.74429e-11 -0.0674429
-6.74815e-11 -0.0674815
-6.752e-11 -0.06752
-6.75585e-11 -0.0675585
-6.75971e-11 -0.0675971
-6.76356e-11 -0.0676356
-6.76741e-11 -0.0676741
-6.77127e-11 -0.0677127
-6.77512e-11 -0.0677512
-6.77897e-11 -0.0677897
-6.78283e-11 -0.0678283
-6.78668e-11 -0.0678668
-6.79054e-11 -0.0679054
-6.79439e-11 -0.0679439
-6.79824e-11 -0.0679824
-6.8021e-11 -0.068021
-6.80595e-11 -0.0680595
-6.8098e-11 -0.068098
-6.81366e-11 -0.0681366
-6.81751e-11 -0.0681751
-6.82136e-11 -0.0682136
-6.82522e-11 -0.0682522
-6.82907e-11 -0.0682907
-6.83292e-11 -0.0683292
-6.83678e-11 -0.0683678
-6.84063e-11 -0.0684063
-6.84448e-11 -0.0684448
-6.84834e-11 -0.0684834
-6.85219e-11 -0.0685219
-6.85604e-11 -0.0685604
-6.8599e-11 -0.068599
-6.86375e-11 -0.0686375
-6.86761e-11 -0.0686761
-6.87146e-11 -0.0687146
-6.87531e-11 -0.0687531
-6.87917e-11 -0.0687917
-6.88302e-11 -0.0688302
-6.88687e-11 -0.0688687
-6.89073e-11 -0.0689073
-6.89458e-11 -0.0689458
-6.89843e-11 -0.0689843
-6.90229e-11 -0.0690229
-6.90614e-11 -0.0690614
-6.90999e-11 -0.0690999
-6.91385e-11 -0.0691385
-6.9177e-11 -0.069177
-6.92155e-11 -0.0692155
-6.92541e-11 -0.0692541
-6.92926e-11 -0.0692926
-6.93311e-11 -0.0693311
-6.93697e-11 -0.0693697
-6.94082e-11 -0.0694082
-6.94467e-11 -0.0694467
-6.94853e-11 -0.0694853
-6.95238e-11 -0.0695238
-6.95623e-11 -0.0695623
-6.96009e-11 -0.0696009
-6.96394e-11 -0.0696394
-6.9678e-11 -0.069678
-6.97165e-11 -0.0697165
-6.9755e-11 -0.069755
-6.97936e-11 -0.0697936
-6.98321e-11 -0.0698321
-6.98706e-11 -0.0698706
-6.99092e-11 -0.0699092
-6.99477e-11 -0.0699477
-6.99862e-11 -0.0699862
-7.00248e-11 -0.0700248
-7.00633e-11 -0.0700633
-7.01018e-11 -0.0701018
-7.01404e-11 -0.0701404
-7.01789e-11 -0.0701789
-7.02174e-11 -0.0702174
-7.0256e-11 -0.070256
-7.02945e-11 -0.0702945
-7.0333e-11 -0.070333
-7.03716e-11 -0.0703716
-7.04101e-11 -0.0704101
-7.04486e-11 -0.0704486
-7.04872e-11 -0.0704872
-7.05257e-11 -0.0705257
-7.05642e-11 -0.0705642
-7.06028e-11 -0.0706028
-7.06413e-11 -0.0706413
-7.06798e-11 -0.0706798
-7.07184e-11 -0.0707184
-7.07569e-11 -0.0707569
-7.07954e-11 -0.0707954
-7.0834e-11 -0.070834
-7.08725e-11 -0.0708725
-7.0911e-11 -0.070911
-7.09496e-11 -0.0709496
-7.09881e-11 -0.0709881
-7.10266e-11 -0.0710266
-7.10652e-11 -0.0710652
-7.11037e-11 -0.0711037
-7.11422e-11 -0.0711422
-7.11808e-11 -0.0711808
-7.12193e-11 -0.0712193
-7.12578e-11 -0.0712578
-7.12964e-11 -0.0712964
-7.13349e-11 -0.0713349
-7.13734e-11 -0.0713734
-7.1412e-11 -0.071412
-7.14505e-11 -0.0714505
-7.1489e-11 -0.071489
-7.15276e-11 -0.0715276
-7.15661e-11 -0.0715661
-7.16046e-11 -0.0716046
-7.16432e-11 -0.0716432
-7.16817e-11 -0.0716817
-7.17202e-11 -0.0717202
-7.17588e-11 -0.0717588
-7.17973e-11 -0.0717973
-7.18358e-11 -0.0718358
-7.18744e-11 -0.0718744
-7.19129e-11 -0.0719129
-7.19514e-11 -0.0719514
-7.199e-11 -0.07199
-7.20285e-11 -0.0720285
-7.2067e-11 -0.072067
-7.21056e-11 -0.0721056
-7.21441e-11 -0.0721441
-7.21826e-11 -0.0721826
-7.22212e-11 -0.0722212
-7.22597e-11 -0.0722597
-7.22982e-11 -0.0722982
-7.23368e-11 -0.0723368
-7.23753e-11 -0.0723753
-7.24138e-11 -0.0724138
-7.24524e-11 -0.0724524
-7.24909e-11 -0.0724909
-7.25294e-11 -0.0725294
-7.2568e-11 -0.072568
-7.26065e-11 -0.0726065
-7.2645e-11 -0.072645
-7.26836e-11 -0.0726836
-7.27221e-11 -0.0727221
-7.27606e-11 -0.0727606
-7.27992e-11 -0.0727992
-7.28377e-11 -0.0728377
-7.28762e-11 -0.0728762
-7.29148e-11 -0.0729148
-7.29533e-11 -0.0729533
-7.29918e-11 -0.0729918
-7.30304e-11 -0.0730304
-7.30689e-11 -0.0730689
-7.31074e-11 -0.0731074
-7.3146e-11 -0.073146
-7.31845e-11 -0.0731845
-7.3223e-11 -0.073223
-7.32616e-11 -0.0732616
-7.33001e-11 -0.0733001
-7.33386e-11 -0.0733386
-7.33772e-11 -0.0733772
-7.34157e-11 -0.0734157
-7.34542e-11 -0.0734542
-7.34928e-11 -0.0734928
-7.35313e-11 -0.0735313
-7.35698e-11 -0.0735698
-7.36084e-11 -0.0736084
-7.36469e-11 -0.0736469
-7.36854e-11 -0.0736854
-7.37239e-11 -0.0737239
-7.37625e-11 -0.0737625
-7.3801e-11 -0.073801
-7.38395e-11 -0.0738395
-7.38781e-11 -0.0738781
-7.39166e-11 -0.0739166
-7.39551e-11 -0.0739551
-7.39937e-11 -0.0739937
-7.40322e-11 -0.0740322
-7.40707e-11 -0.0740707
-7.41093e-11 -0.0741093
-7.41478e-11 -0.0741478
-7.41863e-11 -0.0741863
-7.42249e-11 -0.0742249
-7.42634e-11 -0.0742634
-7.43019e-11 -0.0743019
-7.43405e-11 -0.0743405
-7.4379e-11 -0.074379
-7.44175e-11 -0.0744175
-7.44561e-11 -0.0744561
-7.44946e-11 -0.0744946
-7.45331e-11 -0.0745331
-7.45717e-11 -0.0745717
-7.46102e-11 -0.0746102
-7.46487e-11 -0.0746487
-7.46873e-11 -0.0746873
-7.47258e-11 -0.0747258
-7.47643e-11 -0.0747643
-7.48028e-11 -0.0748028
-7.48414e-11 -0.0748414
-7.48799e-11 -0.0748799
-7.49184e-11 -0.0749184
-7.4957e-11 -0.074957
-7.49955e-11 -0.0749955
-7.5034e-11 -0.075034
-7.50726e-11 -0.0750726
-7.51111e-11 -0.0751111
-7.51496e-11 -0.0751496
-7.51882e-11 -0.0751882
-7.52267e-11 -0.0752267
-7.52652e-11 -0.0752652
-7.53038e-11 -0.0753038
-7.53423e-11 -0.0753423
-7.53808e-11 -0.0753808
-7.54194e-11 -0.0754194
-7.54579e-11 -0.0754579
-7.54964e-11 -0.0754964
-7.55349e-11 -0.0755349
-7.55735e-11 -0.0755735
-7.5612e-11 -0.075612
-7.56505e-11 -0.0756505
-7.56891e-11 -0.0756891
-7.57276e-11 -0.0757276
-7.57661e-11 -0.0757661
-7.58047e-11 -0.0758047
-7.58432e-11 -0.0758432
-7.58817e-11 -0.0758817
-7.59203e-11 -0.0759203
-7.59588e-11 -0.0759588
-7.59973e-11 -0.0759973
-7.60359e-11 -0.0760359
-7.60744e-11 -0.0760744
-7.61129e-11 -0.0761129
-7.61514e-11 -0.0761514
-7.619e-11 -0.07619
-7.62285e-11 -0.0762285
-7.6267e-11 -0.076267
-7.63056e-11 -0.0763056
-7.63441e-11 -0.0763441
-7.63826e-11 -0.0763826
-7.64212e-11 -0.0764212
-7.64597e-11 -0.0764597
-7.64982e-11 -0.0764982
-7.65368e-11 -0.0765368
-7.65753e-11 -0.0765753
-7.66138e-11 -0.0766138
-7.66524e-11 -0.0766524
-7.66909e-11 -0.0766909
-7.67294e-11 -0.0767294
-7.67679e-11 -0.0767679
-7.68065e-11 -0.0768065
-7.6845e-11 -0.076845
-7.68835e-11 -0.0768835
-7.69221e-11 -0.0769221
-7.69606e-11 -0.0769606
-7.69991e-11 -0.0769991
-7.70377e-11 -0.0770377
-7.70762e-11 -0.0770762
-7.71147e-11 -0.0771147
-7.71533e-11 -0.0771533
-7.71918e-11 -0.0771918
-7.72303e-11 -0.0772303
-7.72688e-11 -0.0772688
-7.73074e-11 -0.0773074
-7.73459e-11 -0.0773459
-7.73844e-11 -0.0773844
-7.7423e-11 -0.077423
-7.74615e-11 -0.0774615
-7.75e-11 -0.0775
-7.75386e-11 -0.0775386
-7.75771e-11 -0.0775771
-7.76156e-11 -0.0776156
-7.76541e-11 -0.0776541
-7.76927e-11 -0.0776927
-7.77312e-11 -0.0777312
-7.77697e-11 -0.0777697
-7.78083e-11 -0.0778083
-7.78468e-11 -0.0778468
-7.78853e-11 -0.0778853
-7.79239e-11 -0.0779239
-7.79624e-11 -0.0779624
-7.80009e-11 -0.0780009
-7.80395e-11 -0.0780395
-7.8078e-11 -0.078078
-7.81165e-11 -0.0781165
-7.8155e-11 -0.078155
-7.81936e-11 -0.0781936
-7.82321e-11 -0.0782321
-7.82706e-11 -0.0782706
-7.83092e-11 -0.0783092
-7.83477e-11 -0.0783477
-7.83862e-11 -0.0783862
-7.84248e-11 -0.0784248
-7.84633e-11 -0.0784633
-7.85018e-11 -0.0785018
-7.85403e-11 -0.0785403
-7.85789e-11 -0.0785789
-7.86174e-11 -0.0786174
-7.86559e-11 -0.0786559
-7.86945e-11 -0.0786945
-7.8733e-11 -0.078733
-7.87715e-11 -0.0787715
-7.88101e-11 -0.0788101
-7.88486e-11 -0.0788486
-7.88871e-11 -0.0788871
-7.89256e-11 -0.0789256
-7.89642e-11 -0.0789642
-7.90027e-11 -0.0790027
-7.90412e-11 -0.0790412
-7.90798e-11 -0.0790798
-7.91183e-11 -0.0791183
-7.91568e-11 -0.0791568
-7.91953e-11 -0.0791953
-7.92339e-11 -0.0792339
-7.92724e-11 -0.0792724
-7.93109e-11 -0.0793109
-7.93495e-11 -0.0793495
-7.9388e-11 -0.079388
-7.94265e-11 -0.0794265
-7.94651e-11 -0.0794651
-7.95036e-11 -0.0795036
-7.95421e-11 -0.0795421
-7.95806e-11 -0.0795806
-7.96192e-11 -0.0796192
-7.96577e-11 -0.0796577
-7.96962e-11 -0.0796962
-7.97348e-11 -0.0797348
-7.97733e-11 -0.0797733
-7.98118e-11 -0.0798118
-7.98503e-11 -0.0798503
-7.98889e-11 -0.0798889
-7.99274e-11 -0.0799274
-7.99659e-11 -0.0799659
-8.00045e-11 -0.0800045
-8.0043e-11 -0.080043
-8.00815e-11 -0.0800815
-8.01201e-11 -0.0801201
-8.01586e-11 -0.0801586
-8.01971e-11 -0.0801971
-8.02356e-11 -0.0802356
-8.02742e-11 -0.0802742
-8.03127e-11 -0.0803127
-8.03512e-11 -0.0803512
-8.03898e-11 -0.0803898
-8.04283e-11 -0.0804283
-8.04668e-11 -0.0804668
-8.05053e-11 -0.0805053
-8.05439e-11 -0.0805439
-8.05824e-11 -0.0805824
-8.06209e-11 -0.0806209
-8.06595e-11 -0.0806595
-8.0698e-11 -0.080698
-8.07365e-11 -0.0807365
-8.0775e-11 -0.080775
-8.08136e-11 -0.0808136
-8.08521e-11 -0.0808521
-8.08906e-11 -0.0808906
-8.09292e-11 -0.0809292
-8.09677e-11 -0.0809677
-8.10062e-11 -0.0810062
-8.10447e-11 -0.0810447
-8.10833e-11 -0.0810833
-8.11218e-11 -0.0811218
-8.11603e-11 -0.0811603
-8.11989e-11 -0.0811989
-8.12374e-11 -0.0812374
-8.12759e-11 -0.0812759
-8.13145e-11 -0.0813145
-8.1353e-11 -0.081353
-8.13915e-11 -0.0813915
-8.143e-11 -0.08143
-8.14686e-11 -0.0814686
-8.15071e-11 -0.0815071
-8.15456e-11 -0.0815456
-8.15842e-11 -0.0815842
-8.16227e-11 -0.0816227
-8.16612e-11 -0.0816612
-8.16997e-11 -0.0816997
-8.17383e-11 -0.0817383
-8.17768e-11 -0.0817768
-8.18153e-11 -0.0818153
-8.18538e-11 -0.0818538
-8.18924e-11 -0.0818924
-8.19309e-11 -0.0819309
-8.19694e-11 -0.0819694
-8.2008e-11 -0.082008
-8.20465e-11 -0.0820465
-8.2085e-11 -0.082085
-8.21235e-11 -0.0821235
-8.21621e-11 -0.0821621
-8.22006e-11 -0.0822006
-8.22391e-11 -0.0822391
-8.22777e-11 -0.0822777
-8.23162e-11 -0.0823162
-8.23547e-11 -0.0823547
-8.23932e-11 -0.0823932
-8.24318e-11 -0.0824318
-8.24703e-11 -0.0824703
-8.25088e-11 -0.0825088
-8.25474e-11 -0.0825474
-8.25859e-11 -0.0825859
-8.26244e-11 -0.0826244
-8.26629e-11 -0.0826629
-8.27015e-11 -0.0827015
-8.274e-11 -0.08274
-8.27785e-11 -0.0827785
-8.28171e-11 -0.0828171
-8.28556e-11 -0.0828556
-8.28941e-11 -0.0828941
-8.29326e-11 -0.0829326
-8.29712e-11 -0.0829712
-8.30097e-11 -0.0830097
-8.30482e-11 -0.0830482
-8.30867e-11 -0.0830867
-8.31253e-11 -0.0831253
-8.31638e-11 -0.0831638
-8.32023e-11 -0.0832023
-8.32409e-11 -0.0832409
-8.32794e-11 -0.0832794
-8.33179e-11 -0.0833179
-8.33564e-11 -0.0833564
-8.3395e-11 -0.083395
-8.34335e-11 -0.0834335
-8.3472e-11 -0.083472
-8.35106e-11 -0.0835106
-8.35491e-11 -0.0835491
-8.35876e-11 -0.0835876
-8.36261e-11 -0.0836261
-8.36647e-11 -0.0836647
-8.37032e-11 -0.0837032
-8.37417e-11 -0.0837417
-8.37802e-11 -0.0837802
-8.38188e-11 -0.0838188
-8.38573e-11 -0.0838573
-8.38958e-11 -0.0838958
-8.39344e-11 -0.0839344
-8.39729e-11 -0.0839729
-8.40114e-11 -0.0840114
-8.40499e-11 -0.0840499
-8.40885e-11 -0.0840885
-8.4127e-11 -0.084127
-8.41655e-11 -0.0841655
-8.4204e-11 -0.084204
-8.42426e-11 -0.0842426
-8.42811e-11 -0.0842811
-8.43196e-11 -0.0843196
-8.43582e-11 -0.0843582
-8.43967e-11 -0.0843967
-8.44352e-11 -0.0844352
-8.44737e-11 -0.0844737
-8.45123e-11 -0.0845123
-8.45508e-11 -0.0845508
-8.45893e-11 -0.0845893
-8.46278e-11 -0.0846278
-8.46664e-11 -0.0846664
-8.47049e-11 -0.0847049
-8.47434e-11 -0.0847434
-8.4782e-11 -0.084782
-8.48205e-11 -0.0848205
-8.4859e-11 -0.084859
-8.48975e-11 -0.0848975
-8.49361e-11 -0.0849361
-8.49746e-11 -0.0849746
-8.50131e-11 -0.0850131
-8.50516e-11 -0.0850516
-8.50902e-11 -0.0850902
-8.51287e-11 -0.0851287
-8.51672e-11 -0.0851672
-8.52057e-11 -0.0852057
-8.52443e-11 -0.0852443
-8.52828e-11 -0.0852828
-8.53213e-11 -0.0853213
-8.53599e-11 -0.0853599
-8.53984e-11 -0.0853984
-8.54369e-11 -0.0854369
-8.54754e-11 -0.0854754
-8.5514e-11 -0.085514
-8.55525e-11 -0.0855525
-8.5591e-11 -0.085591
-8.56295e-11 -0.0856295
-8.56681e-11 -0.0856681
-8.57066e-11 -0.0857066
-8.57451e-11 -0.0857451
-8.57836e-11 -0.0857836
-8.58222e-11 -0.0858222
-8.58607e-11 -0.0858607
-8.58992e-11 -0.0858992
-8.59377e-11 -0.0859377
-8.59763e-11 -0.0859763
-8.60148e-11 -0.0860148
-8.60533e-11 -0.0860533
-8.60919e-11 -0.0860919
-8.61304e-11 -0.0861304
-8.61689e-11 -0.0861689
-8.62074e-11 -0.0862074
-8.6246e-11 -0.086246
-8.62845e-11 -0.0862845
-8.6323e-11 -0.086323
-8.63615e-11 -0.0863615
-8.64001e-11 -0.0864001
-8.64386e-11 -0.0864386
-8.64771e-11 -0.0864771
-8.65156e-11 -0.0865156
-8.65542e-11 -0.0865542
-8.65927e-11 -0.0865927
-8.66312e-11 -0.0866312
-8.66697e-11 -0.0866697
-8.67083e-11 -0.0867083
-8.67468e-11 -0.0867468
-8.67853e-11 -0.0867853
-8.68239e-11 -0.0868239
-8.68624e-11 -0.0868624
-8.69009e-11 -0.0869009
-8.69394e-11 -0.0869394
-8.6978e-11 -0.086978
-8.70165e-11 -0.0870165
-8.7055e-11 -0.087055
-8.70935e-11 -0.0870935
-8.71321e-11 -0.0871321
-8.71706e-11 -0.0871706
-8.72091e-11 -0.0872091
-8.72476e-11 -0.0872476
-8.72862e-11 -0.0872862
-8.73247e-11 -0.0873247
-8.73632e-11 -0.0873632
-8.74017e-11 -0.0874017
-8.74403e-11 -0.0874403
-8.74788e-11 -0.0874788
-8.75173e-11 -0.0875173
-8.75558e-11 -0.0875558
-8.75944e-11 -0.0875944
-8.76329e-11 -0.0876329
-8.76714e-11 -0.0876714
-8.77099e-11 -0.0877099
-8.77485e-11 -0.0877485
-8.7787e-11 -0.087787
-8.78255e-11 -0.0878255
-8.7864e-11 -0.087864
-8.79026e-11 -0.0879026
-8.79411e-11 -0.0879411
-8.79796e-11 -0.0879796
-8.80181e-11 -0.0880181
-8.80567e-11 -0.0880567
-8.80952e-11 -0.0880952
-8.81337e-11 -0.0881337
-8.81722e-11 -0.0881722
-8.82108e-11 -0.0882108
-8.82493e-11 -0.0882493
-8.82878e-11 -0.0882878
-8.83263e-11 -0.0883263
-8.83649e-11 -0.0883649
-8.84034e-11 -0.0884034
-8.84419e-11 -0.0884419
-8.84804e-11 -0.0884804
-8.8519e-11 -0.088519
-8.85575e-11 -0.0885575
-8.8596e-11 -0.088596
-8.86345e-11 -0.0886345
-8.86731e-11 -0.0886731
-8.87116e-11 -0.0887116
-8.87501e-11 -0.0887501
-8.87886e-11 -0.0887886
-8.88272e-11 -0.0888272
-8.88657e-11 -0.0888657
-8.89042e-11 -0.0889042
-8.89427e-11 -0.0889427
-8.89813e-11 -0.0889813
-8.90198e-11 -0.0890198
-8.90583e-11 -0.0890583
-8.90968e-11 -0.0890968
-8.91354e-11 -0.0891354
-8.91739e-11 -0.0891739
-8.92124e-11 -0.0892124
-8.92509e-11 -0.0892509
-8.92895e-11 -0.0892895
-8.9328e-11 -0.089328
-8.93665e-11 -0.0893665
-8.9405e-11 -0.089405
-8.94436e-11 -0.0894436
-8.94821e-11 -0.0894821
-8.95206e-11 -0.0895206
-8.95591e-11 -0.0895591
-8.95977e-11 -0.0895977
-8.96362e-11 -0.0896362
-8.96747e-11 -0.0896747
-8.97132e-11 -0.0897132
-8.97518e-11 -0.0897518
-8.97903e-11 -0.0897903
-8.98288e-11 -0.0898288
-8.98673e-11 -0.0898673
-8.99059e-11 -0.0899059
-8.99444e-11 -0.0899444
-8.99829e-11 -0.0899829
-9.00214e-11 -0.0900214
-9.006e-11 -0.09006
-9.00985e-11 -0.0900985
-9.0137e-11 -0.090137
-9.01755e-11 -0.0901755
-9.02141e-11 -0.0902141
-9.02526e-11 -0.0902526
-9.02911e-11 -0.0902911
-9.03296e-11 -0.0903296
-9.03682e-11 -0.0903682
-9.04067e-11 -0.0904067
-9.04452e-11 -0.0904452
-9.04837e-11 -0.0904837
-9.05223e-11 -0.0905223
-9.05608e-11 -0.0905608
-9.05993e-11 -0.0905993
-9.06378e-11 -0.0906378
-9.06763e-11 -0.0906763
-9.07149e-11 -0.0907149
-9.07534e-11 -0.0907534
-9.07919e-11 -0.0907919
-9.08304e-11 -0.0908304
-9.0869e-11 -0.090869
-9.09075e-11 -0.0909075
-9.0946e-11 -0.090946
-9.09845e-11 -0.0909845
-9.10231e-11 -0.0910231
-9.10616e-11 -0.0910616
-9.11001e-11 -0.0911001
-9.11386e-11 -0.0911386
-9.11772e-11 -0.0911772
-9.12157e-11 -0.0912157
-9.12542e-11 -0.0912542
-9.12927e-11 -0.0912927
-9.13313e-11 -0.0913313
-9.13698e-11 -0.0913698
-9.14083e-11 -0.0914083
-9.14468e-11 -0.0914468
-9.14853e-11 -0.0914853
-9.15239e-11 -0.0915239
-9.15624e-11 -0.0915624
-9.16009e-11 -0.0916009
-9.16394e-11 -0.0916394
-9.1678e-11 -0.091678
-9.17165e-11 -0.0917165
-9.1755e-11 -0.091755
-9.17935e-11 -0.0917935
-9.18321e-11 -0.0918321
-9.18706e-11 -0.0918706
-9.19091e-11 -0.0919091
-9.19476e-11 -0.0919476
-9.19862e-11 -0.0919862
-9.20247e-11 -0.0920247
-9.20632e-11 -0.0920632
-9.21017e-11 -0.0921017
-9.21402e-11 -0.0921402
-9.21788e-11 -0.0921788
-9.22173e-11 -0.0922173
-9.22558e-11 -0.0922558
-9.22943e-11 -0.0922943
-9.23329e-11 -0.0923329
-9.23714e-11 -0.0923714
-9.24099e-11 -0.0924099
-9.24484e-11 -0.0924484
-9.2487e-11 -0.092487
-9.25255e-11 -0.0925255
-9.2564e-11 -0.092564
-9.26025e-11 -0.0926025
-9.26411e-11 -0.0926411
-9.26796e-11 -0.0926796
-9.27181e-11 -0.0927181
-9.27566e-11 -0.0927566
-9.27951e-11 -0.0927951
-9.28337e-11 -0.0928337
-9.28722e-11 -0.0928722
-9.29107e-11 -0.0929107
-9.29492e-11 -0.0929492
-9.29878e-11 -0.0929878
-9.30263e-11 -0.0930263
-9.30648e-11 -0.0930648
-9.31033e-11 -0.0931033
-9.31418e-11 -0.0931418
-9.31804e-11 -0.0931804
-9.32189e-11 -0.0932189
-9.32574e-11 -0.0932574
-9.32959e-11 -0.0932959
-9.33345e-11 -0.0933345
-9.3373e-11 -0.093373
-9.34115e-11 -0.0934115
-9.345e-11 -0.09345
-9.34886e-11 -0.0934886
-9.35271e-11 -0.0935271
-9.35656e-11 -0.0935656
-9.36041e-11 -0.0936041
-9.36426e-11 -0.0936426
-9.36812e-11 -0.0936812
-9.37197e-11 -0.0937197
-9.37582e-11 -0.0937582
-9.37967e-11 -0.0937967
-9.38353e-11 -0.0938353
-9.38738e-11 -0.0938738
-9.39123e-11 -0.0939123
-9.39508e-11 -0.0939508
-9.39893e-11 -0.0939893
-9.40279e-11 -0.0940279
-9.40664e-11 -0.0940664
-9.41049e-11 -0.0941049
-9.41434e-11 -0.0941434
-9.4182e-11 -0.094182
-9.42205e-11 -0.0942205
-9.4259e-11 -0.094259
-9.42975e-11 -0.0942975
-9.4336e-11 -0.094336
-9.43746e-11 -0.0943746
-9.44131e-11 -0.0944131
-9.44516e-11 -0.0944516
-9.44901e-11 -0.0944901
-9.45287e-11 -0.0945287
-9.45672e-11 -0.0945672
-9.46057e-11 -0.0946057
-9.46442e-11 -0.0946442
-9.46827e-11 -0.0946827
-9.47213e-11 -0.0947213
-9.47598e-11 -0.0947598
-9.47983e-11 -0.0947983
-9.48368e-11 -0.0948368
-9.48754e-11 -0.0948754
-9.49139e-11 -0.0949139
-9.49524e-11 -0.0949524
-9.49909e-11 -0.0949909
-9.50294e-11 -0.0950294
-9.5068e-11 -0.095068
-9.51065e-11 -0.0951065
-9.5145e-11 -0.095145
-9.51835e-11 -0.0951835
-9.52221e-11 -0.0952221
-9.52606e-11 -0.0952606
-9.52991e-11 -0.0952991
-9.53376e-11 -0.0953376
-9.53761e-11 -0.0953761
-9.54147e-11 -0.0954147
-9.54532e-11 -0.0954532
-9.54917e-11 -0.0954917
-9.55302e-11 -0.0955302
-9.55688e-11 -0.0955688
-9.56073e-11 -0.0956073
-9.56458e-11 -0.0956458
-9.56843e-11 -0.0956843
-9.57228e-11 -0.0957228
-9.57614e-11 -0.0957614
-9.57999e-11 -0.0957999
-9.58384e-11 -0.0958384
-9.58769e-11 -0.0958769
-9.59154e-11 -0.0959154
-9.5954e-11 -0.095954
-9.59925e-11 -0.0959925
-9.6031e-11 -0.096031
-9.60695e-11 -0.0960695
-9.61081e-11 -0.0961081
-9.61466e-11 -0.0961466
-9.61851e-11 -0.0961851
-9.62236e-11 -0.0962236
-9.62621e-11 -0.0962621
-9.63007e-11 -0.0963007
-9.63392e-11 -0.0963392
-9.63777e-11 -0.0963777
-9.64162e-11 -0.0964162
-9.64547e-11 -0.0964547
-9.64933e-11 -0.0964933
-9.65318e-11 -0.0965318
-9.65703e-11 -0.0965703
-9.66088e-11 -0.0966088
-9.66473e-11 -0.0966473
-9.66859e-11 -0.0966859
-9.67244e-11 -0.0967244
-9.67629e-11 -0.0967629
-9.68014e-11 -0.0968014
-9.684e-11 -0.09684
-9.68785e-11 -0.0968785
-9.6917e-11 -0.096917
-9.69555e-11 -0.0969555
-9.6994e-11 -0.096994
-9.70326e-11 -0.0970326
-9.70711e-11 -0.0970711
-9.71096e-11 -0.0971096
-9.71481e-11 -0.0971481
-9.71866e-11 -0.0971866
-9.72252e-11 -0.0972252
-9.72637e-11 -0.0972637
-9.73022e-11 -0.0973022
-9.73407e-11 -0.0973407
-9.73792e-11 -0.0973792
-9.74178e-11 -0.0974178
-9.74563e-11 -0.0974563
-9.74948e-11 -0.0974948
-9.75333e-11 -0.0975333
-9.75719e-11 -0.0975719
-9.76104e-11 -0.0976104
-9.76489e-11 -0.0976489
-9.76874e-11 -0.0976874
-9.77259e-11 -0.0977259
-9.77645e-11 -0.0977645
-9.7803e-11 -0.097803
-9.78415e-11 -0.0978415
-9.788e-11 -0.09788
-9.79185e-11 -0.0979185
-9.79571e-11 -0.0979571
-9.79956e-11 -0.0979956
-9.80341e-11 -0.0980341
-9.80726e-11 -0.0980726
-9.81111e-11 -0.0981111
-9.81497e-11 -0.0981497
-9.81882e-11 -0.0981882
-9.82267e-11 -0.0982267
-9.82652e-11 -0.0982652
-9.83037e-11 -0.0983037
-9.83423e-11 -0.0983423
-9.83808e-11 -0.0983808
-9.84193e-11 -0.0984193
-9.84578e-11 -0.0984578
-9.84963e-11 -0.0984963
-9.85349e-11 -0.0985349
-9.85734e-11 -0.0985734
-9.86119e-11 -0.0986119
-9.86504e-11 -0.0986504
-9.86889e-11 -0.0986889
-9.87275e-11 -0.0987275
-9.8766e-11 -0.098766
-9.88045e-11 -0.0988045
-9.8843e-11 -0.098843
-9.88815e-11 -0.0988815
-9.89201e-11 -0.0989201
-9.89586e-11 -0.0989586
-9.89971e-11 -0.0989971
-9.90356e-11 -0.0990356
-9.90741e-11 -0.0990741
-9.91127e-11 -0.0991127
-9.91512e-11 -0.0991512
-9.91897e-11 -0.0991897
-9.92282e-11 -0.0992282
-9.92667e-11 -0.0992667
-9.93053e-11 -0.0993053
-9.93438e-11 -0.0993438
-9.93823e-11 -0.0993823
-9.94208e-11 -0.0994208
-9.94593e-11 -0.0994593
-9.94979e-11 -0.0994979
-9.95364e-11 -0.0995364
-9.95749e-11 -0.0995749
-9.96134e-11 -0.0996134
-9.96519e-11 -0.0996519
-9.96905e-11 -0.0996905
-9.9729e-11 -0.099729
-9.97675e-11 -0.0997675
-9.9806e-11 -0.099806
-9.98445e-11 -0.0998445
-9.98831e-11 -0.0998831
-9.99216e-11 -0.0999216
-9.99601e-11 -0.0999601
-9.99986e-11 -0.0999986
-1.00037e-10 -0.100037
-1.00076e-10 -0.100076
-1.00114e-10 -0.100114
-1.00153e-10 -0.100153
-1.00191e-10 -0.100191
-1.0023e-10 -0.10023
-1.00268e-10 -0.100268
-1.00307e-10 -0.100307
-1.00345e-10 -0.100345
-1.00384e-10 -0.100384
-1.00422e-10 -0.100422
-1.00461e-10 -0.100461
-1.00499e-10 -0.100499
-1.00538e-10 -0.100538
-1.00576e-10 -0.100576
-1.00615e-10 -0.100615
-1.00653e-10 -0.100653
-1.00692e-10 -0.100692
-1.0073e-10 -0.10073
-1.00769e-10 -0.100769
-1.00808e-10 -0.100808
-1.00846e-10 -0.100846
-1.00885e-10 -0.100885
-1.00923e-10 -0.100923
-1.00962e-10 -0.100962
-1.01e-10 -0.101
-1.01039e-10 -0.101039
-1.01077e-10 -0.101077
-1.01116e-10 -0.101116
-1.01154e-10 -0.101154
-1.01193e-10 -0.101193
-1.01231e-10 -0.101231
-1.0127e-10 -0.10127
-1.01308e-10 -0.101308
-1.01347e-10 -0.101347
-1.01385e-10 -0.101385
-1.01424e-10 -0.101424
-1.01462e-10 -0.101462
-1.01501e-10 -0.101501
-1.01539e-10 -0.101539
-1.01578e-10 -0.101578
-1.01616e-10 -0.101616
-1.01655e-10 -0.101655
-1.01693e-10 -0.101693
-1.01732e-10 -0.101732
-1.0177e-10 -0.10177
-1.01809e-10 -0.101809
-1.01848e-10 -0.101848
-1.01886e-10 -0.101886
-1.01925e-10 -0.101925
-1.01963e-10 -0.101963
-1.02002e-10 -0.102002
-1.0204e-10 -0.10204
-1.02079e-10 -0.102079
-1.02117e-10 -0.102117
-1.02156e-10 -0.102156
-1.02194e-10 -0.102194
-1.02233e-10 -0.102233
-1.02271e-10 -0.102271
-1.0231e-10 -0.10231
-1.02348e-10 -0.102348
-1.02387e-10 -0.102387
-1.02425e-10 -0.102425
-1.02464e-10 -0.102464
-1.02502e-10 -0.102502
-1.02541e-10 -0.102541
-1.02579e-10 -0.102579
-1.02618e-10 -0.102618
-1.02656e-10 -0.102656
-1.02695e-10 -0.102695
-1.02733e-10 -0.102733
-1.02772e-10 -0.102772
-1.0281e-10 -0.10281
-1.02849e-10 -0.102849
-1.02888e-10 -0.102888
-1.02926e-10 -0.102926
-1.02965e-10 -0.102965
-1.03003e-10 -0.103003
-1.03042e-10 -0.103042
-1.0308e-10 -0.10308
-1.03119e-10 -0.103119
-1.03157e-10 -0.103157
-1.03196e-10 -0.103196
-1.03234e-10 -0.103234
-1.03273e-10 -0.103273
-1.03311e-10 -0.103311
-1.0335e-10 -0.10335
-1.03388e-10 -0.103388
-1.03427e-10 -0.103427
-1.03465e-10 -0.103465
-1.03504e-10 -0.103504
-1.03542e-10 -0.103542
-1.03581e-10 -0.103581
-1.03619e-10 -0.103619
-1.03658e-10 -0.103658
-1.03696e-10 -0.103696
-1.03735e-10 -0.103735
-1.03773e-10 -0.103773
-1.03812e-10 -0.103812
-1.0385e-10 -0.10385
-1.03889e-10 -0.103889
-1.03928e-10 -0.103928
-1.03966e-10 -0.103966
-1.04005e-10 -0.104005
-1.04043e-10 -0.104043
-1.04082e-10 -0.104082
-1.0412e-10 -0.10412
-1.04159e-10 -0.104159
-1.04197e-10 -0.104197
-1.04236e-10 -0.104236
-1.04274e-10 -0.104274
-1.04313e-10 -0.104313
-1.04351e-10 -0.104351
-1.0439e-10 -0.10439
-1.04428e-10 -0.104428
-1.04467e-10 -0.104467
-1.04505e-10 -0.104505
-1.04544e-10 -0.104544
-1.04582e-10 -0.104582
-1.04621e-10 -0.104621
-1.04659e-10 -0.104659
-1.04698e-10 -0.104698
-1.04736e-10 -0.104736
-1.04775e-10 -0.104775
-1.04813e-10 -0.104813
-1.04852e-10 -0.104852
-1.0489e-10 -0.10489
-1.04929e-10 -0.104929
-1.04967e-10 -0.104967
-1.05006e-10 -0.105006
-1.05045e-10 -0.105045
-1.05083e-10 -0.105083
-1.05122e-10 -0.105122
-1.0516e-10 -0.10516
-1.05199e-10 -0.105199
-1.05237e-10 -0.105237
-1.05276e-10 -0.105276
-1.05314e-10 -0.105314
-1.05353e-10 -0.105353
-1.05391e-10 -0.105391
-1.0543e-10 -0.10543
-1.05468e-10 -0.105468
-1.05507e-10 -0.105507
-1.05545e-10 -0.105545
-1.05584e-10 -0.105584
-1.05622e-10 -0.105622
-1.05661e-10 -0.105661
-1.05699e-10 -0.105699
-1.05738e-10 -0.105738
-1.05776e-10 -0.105776
-1.05815e-10 -0.105815
-1.05853e-10 -0.105853
-1.05892e-10 -0.105892
