-2.30922e-15 -2.30922e-06
-4.61843e-15 -4.61843e-06
-6.92764e-15 -6.92764e-06
-9.23684e-15 -9.23684e-06
-1.1546e-14 -1.1546e-05
-1.38552e-14 -1.38552e-05
-1.61644e-14 -1.61644e-05
-1.84735e-14 -1.84735e-05
-2.07826e-14 -2.07826e-05
-2.30917e-14 -2.30917e-05
-4.92674e-14 -4.92674e-05
-7.54432e-14 -7.54432e-05
-1.01619e-13 -0.000101619
-1.27795e-13 -0.000127795
-1.5397e-13 -0.00015397
-1.80146e-13 -0.000180146
-2.06323e-13 -0.000206323
-2.32498e-13 -0.000232498
-2.58674e-13 -0.000258674
-2.8485e-13 -0.00028485
-3.11026e-13 -0.000311026
-3.37202e-13 -0.000337202
-3.63378e-13 -0.000363378
-3.89554e-13 -0.000389554
-4.1573e-13 -0.00041573
-4.41906e-13 -0.000441906
-4.68083e-13 -0.000468083
-4.94259e-13 -0.000494259
-5.20435e-13 -0.000520435
-5.46611e-13 -0.000546611
-5.72788e-13 -0.000572788
-5.98964e-13 -0.000598964
-6.2514e-13 -0.00062514
-6.51316e-13 -0.000651316
-6.77493e-13 -0.000677493
-7.03669e-13 -0.000703669
-7.29846e-13 -0.000729846
-7.56022e-13 -0.000756022
-7.82199e-13 -0.000782199
-8.08375e-13 -0.000808375
-8.34552e-13 -0.000834552
-8.60729e-13 -0.000860729
-8.86905e-13 -0.000886905
-9.13082e-13 -0.000913082
-9.39259e-13 -0.000939259
-9.65435e-13 -0.000965435
-9.91612e-13 -0.000991612
-1.01779e-12 -0.00101779
-1.04397e-12 -0.00104397
-1.07014e-12 -0.00107014
-1.09632e-12 -0.00109632
-1.1225e-12 -0.0011225
-1.14867e-12 -0.00114867
-1.17485e-12 -0.00117485
-1.20103e-12 -0.00120103
-1.2272e-12 -0.0012272
-1.25338e-12 -0.00125338
-1.27956e-12 -0.00127956
-1.30574e-12 -0.00130574
-1.33191e-12 -0.00133191
-1.35809e-12 -0.00135809
-1.38427e-12 -0.00138427
-1.41044e-12 -0.00141044
-1.43662e-12 -0.00143662
-1.4628e-12 -0.0014628
-1.48898e-12 -0.00148898
-1.51515e-12 -0.00151515
-1.54133e-12 -0.00154133
-1.56751e-12 -0.00156751
-1.59369e-12 -0.00159369
-1.61986e-12 -0.00161986
-1.64604e-12 -0.00164604
-1.67222e-12 -0.00167222
-1.6984e-12 -0.0016984
-1.72457e-12 -0.00172457
-1.75075e-12 -0.00175075
-1.77693e-12 -0.00177693
-1.80311e-12 -0.00180311
-1.82928e-12 -0.00182928
-1.85546e-12 -0.00185546
-1.88164e-12 -0.00188164
-1.90782e-12 -0.00190782
-1.934e-12 -0.001934
-1.96017e-12 -0.00196017
-1.98635e-12 -0.00198635
-2.01253e-12 -0.00201253
-2.03871e-12 -0.00203871
-2.06488e-12 -0.00206488
-2.09106e-12 -0.00209106
-2.11724e-12 -0.00211724
-2.14342e-12 -0.00214342
-2.1696e-12 -0.0021696
-2.19578e-12 -0.00219578
-2.22195e-12 -0.00222195
-2.24813e-12 -0.00224813
-2.27431e-12 -0.00227431
-2.30049e-12 -0.00230049
-2.32667e-12 -0.00232667
-2.35284e-12 -0.00235284
-2.37902e-12 -0.00237902
-2.4052e-12 -0.0024052
-2.43138e-12 -0.00243138
-2.45756e-12 -0.00245756
-2.48374e-12 -0.00248374
-2.50991e-12 -0.00250991
-2.53609e-12 -0.00253609
-2.56227e-12 -0.00256227
-2.58845e-12 -0.00258845
-2.61463e-12 -0.00261463
-2.64081e-12 -0.00264081
-2.66699e-12 -0.00266699
-2.69316e-12 -0.00269316
-2.71934e-12 -0.00271934
-2.74552e-12 -0.00274552
-2.7717e-12 -0.0027717
-2.79788e-12 -0.00279788
-2.82406e-12 -0.00282406
-2.85024e-12 -0.00285024
-2.87642e-12 -0.00287642
-2.9026e-12 -0.0029026
-2.92877e-12 -0.00292877
-2.95495e-12 -0.00295495
-2.98113e-12 -0.00298113
-3.00731e-12 -0.00300731
-3.03349e-12 -0.00303349
-3.05967e-12 -0.00305967
-3.08585e-12 -0.00308585
-3.11203e-12 -0.00311203
-3.13821e-12 -0.00313821
-3.16439e-12 -0.00316439
-3.19057e-12 -0.00319057
-3.21674e-12 -0.00321674
-3.24292e-12 -0.00324292
-3.2691e-12 -0.0032691
-3.29528e-12 -0.00329528
-3.32146e-12 -0.00332146
-3.34764e-12 -0.00334764
-3.37382e-12 -0.00337382
-3.4e-12 -0.0034
-3.42618e-12 -0.00342618
-3.45236e-12 -0.00345236
-3.47854e-12 -0.00347854
-3.50472e-12 -0.00350472
-3.5309e-12 -0.0035309
-3.55708e-12 -0.00355708
-3.58326e-12 -0.00358326
-3.60944e-12 -0.00360944
-3.63562e-12 -0.00363562
-3.6618e-12 -0.0036618
-3.68798e-12 -0.00368798
-3.71416e-12 -0.00371416
-3.74034e-12 -0.00374034
-3.76652e-12 -0.00376652
-3.7927e-12 -0.0037927
-3.81888e-12 -0.00381888
-3.84506e-12 -0.00384506
-3.87124e-12 -0.00387124
-3.89742e-12 -0.00389742
-3.9236e-12 -0.0039236
-3.94978e-12 -0.00394978
-3.97596e-12 -0.00397596
-4.00214e-12 -0.00400214
-4.02832e-12 -0.00402832
-4.0545e-12 -0.0040545
-4.08068e-12 -0.00408068
-4.10686e-12 -0.00410686
-4.13304e-12 -0.00413304
-4.15922e-12 -0.00415922
-4.1854e-12 -0.0041854
-4.21158e-12 -0.00421158
-4.23776e-12 -0.00423776
-4.26394e-12 -0.00426394
-4.29012e-12 -0.00429012
-4.3163e-12 -0.0043163
-4.34248e-12 -0.00434248
-4.36866e-12 -0.00436866
-4.39484e-12 -0.00439484
-4.42102e-12 -0.00442102
-4.4472e-12 -0.0044472
-4.47338e-12 -0.00447338
-4.49957e-12 -0.00449957
-4.52575e-12 -0.00452575
-4.55193e-12 -0.00455193
-4.57811e-12 -0.00457811
-4.60429e-12 -0.00460429
-4.63047e-12 -0.00463047
-4.65665e-12 -0.00465665
-4.68283e-12 -0.00468283
-4.70901e-12 -0.00470901
-4.73519e-12 -0.00473519
-4.76137e-12 -0.00476137
-4.78756e-12 -0.00478756
-4.81374e-12 -0.00481374
-4.83992e-12 -0.00483992
-4.8661e-12 -0.0048661
-4.89228e-12 -0.00489228
-4.91846e-12 -0.00491846
-4.94464e-12 -0.00494464
-4.97082e-12 -0.00497082
-4.997e-12 -0.004997
-5.02319e-12 -0.00502319
-5.04937e-12 -0.00504937
-5.07555e-12 -0.00507555
-5.10173e-12 -0.00510173
-5.12791e-12 -0.00512791
-5.15409e-12 -0.00515409
-5.18027e-12 -0.00518027
-5.20646e-12 -0.00520646
-5.23264e-12 -0.00523264
-5.25882e-12 -0.00525882
-5.285e-12 -0.005285
-5.31118e-12 -0.00531118
-5.33736e-12 -0.00533736
-5.36355e-12 -0.00536355
-5.38973e-12 -0.00538973
-5.41591e-12 -0.00541591
-5.44209e-12 -0.00544209
-5.46827e-12 -0.00546827
-5.49445e-12 -0.00549445
-5.52064e-12 -0.00552064
-5.54682e-12 -0.00554682
-5.573e-12 -0.005573
-5.59918e-12 -0.00559918
-5.62536e-12 -0.00562536
-5.65155e-12 -0.00565155
-5.67773e-12 -0.00567773
-5.70391e-12 -0.00570391
-5.73009e-12 -0.00573009
-5.75627e-12 -0.00575627
-5.78246e-12 -0.00578246
-5.80864e-12 -0.00580864
-5.83482e-12 -0.00583482
-5.861e-12 -0.005861
-5.88719e-12 -0.00588719
-5.91337e-12 -0.00591337
-5.93955e-12 -0.00593955
-5.96573e-12 -0.00596573
-5.99192e-12 -0.00599192
-6.0181e-12 -0.0060181
-6.04428e-12 -0.00604428
-6.07046e-12 -0.00607046
-6.09665e-12 -0.00609665
-6.12283e-12 -0.00612283
-6.14901e-12 -0.00614901
-6.17519e-12 -0.00617519
-6.20138e-12 -0.00620138
-6.22756e-12 -0.00622756
-6.25374e-12 -0.00625374
-6.27992e-12 -0.00627992
-6.30611e-12 -0.00630611
-6.33229e-12 -0.00633229
-6.35847e-12 -0.00635847
-6.38465e-12 -0.00638465
-6.41084e-12 -0.00641084
-6.43702e-12 -0.00643702
-6.4632e-12 -0.0064632
-6.48939e-12 -0.00648939
-6.51557e-12 -0.00651557
-6.54175e-12 -0.00654175
-6.56794e-12 -0.00656794
-6.59412e-12 -0.00659412
-6.6203e-12 -0.0066203
-6.64649e-12 -0.00664649
-6.67267e-12 -0.00667267
-6.69885e-12 -0.00669885
-6.72503e-12 -0.00672503
-6.75122e-12 -0.00675122
-6.7774e-12 -0.0067774
-6.80358e-12 -0.00680358
-6.82977e-12 -0.00682977
-6.85595e-12 -0.00685595
-6.88213e-12 -0.00688213
-6.90832e-12 -0.00690832
-6.9345e-12 -0.0069345
-6.96069e-12 -0.00696069
-6.98687e-12 -0.00698687
-7.01305e-12 -0.00701305
-7.03924e-12 -0.00703924
-7.06542e-12 -0.00706542
-7.0916e-12 -0.0070916
-7.11779e-12 -0.00711779
-7.14397e-12 -0.00714397
-7.17015e-12 -0.00717015
-7.19634e-12 -0.00719634
-7.22252e-12 -0.00722252
-7.24871e-12 -0.00724871
-7.27489e-12 -0.00727489
-7.30107e-12 -0.00730107
-7.32726e-12 -0.00732726
-7.35344e-12 -0.00735344
-7.37963e-12 -0.00737963
-7.40581e-12 -0.00740581
-7.43199e-12 -0.00743199
-7.45818e-12 -0.00745818
-7.48436e-12 -0.00748436
-7.51055e-12 -0.00751055
-7.53673e-12 -0.00753673
-7.56291e-12 -0.00756291
-7.5891e-12 -0.0075891
-7.61528e-12 -0.00761528
-7.64147e-12 -0.00764147
-7.66765e-12 -0.00766765
-7.69384e-12 -0.00769384
-7.72002e-12 -0.00772002
-7.7462e-12 -0.0077462
-7.77239e-12 -0.00777239
-7.79857e-12 -0.00779857
-7.82476e-12 -0.00782476
-7.85094e-12 -0.00785094
-7.87713e-12 -0.00787713
-7.90331e-12 -0.00790331
-7.9295e-12 -0.0079295
-7.95568e-12 -0.00795568
-7.98186e-12 -0.00798186
-8.00805e-12 -0.00800805
-8.03423e-12 -0.00803423
-8.06042e-12 -0.00806042
-8.0866e-12 -0.0080866
-8.11279e-12 -0.00811279
-8.13897e-12 -0.00813897
-8.16516e-12 -0.00816516
-8.19134e-12 -0.00819134
-8.21753e-12 -0.00821753
-8.24371e-12 -0.00824371
-8.2699e-12 -0.0082699
-8.29608e-12 -0.00829608
-8.32227e-12 -0.00832227
-8.34845e-12 -0.00834845
-8.37464e-12 -0.00837464
-8.40082e-12 -0.00840082
-8.42701e-12 -0.00842701
-8.45319e-12 -0.00845319
-8.47938e-12 -0.00847938
-8.50556e-12 -0.00850556
-8.53175e-12 -0.00853175
-8.55793e-12 -0.00855793
-8.58412e-12 -0.00858412
-8.61031e-12 -0.00861031
-8.63649e-12 -0.00863649
-8.66268e-12 -0.00866268
-8.68886e-12 -0.00868886
-8.71505e-12 -0.00871505
-8.74123e-12 -0.00874123
-8.76742e-12 -0.00876742
-8.7936e-12 -0.0087936
-8.81979e-12 -0.00881979
-8.84598e-12 -0.00884598
-8.87216e-12 -0.00887216
-8.89835e-12 -0.00889835
-8.92453e-12 -0.00892453
-8.95072e-12 -0.00895072
-8.9769e-12 -0.0089769
-9.00309e-12 -0.00900309
-9.02928e-12 -0.00902928
-9.05546e-12 -0.00905546
-9.08165e-12 -0.00908165
-9.10783e-12 -0.00910783
-9.13402e-12 -0.00913402
-9.16021e-12 -0.00916021
-9.18639e-12 -0.00918639
-9.21258e-12 -0.00921258
-9.23876e-12 -0.00923876
-9.26495e-12 -0.00926495
-9.29114e-12 -0.00929114
-9.31732e-12 -0.00931732
-9.34351e-12 -0.00934351
-9.36969e-12 -0.00936969
-9.39588e-12 -0.00939588
-9.42207e-12 -0.00942207
-9.44825e-12 -0.00944825
-9.47444e-12 -0.00947444
-9.50063e-12 -0.00950063
-9.52681e-12 -0.00952681
-9.553e-12 -0.009553
-9.57918e-12 -0.00957918
-9.60537e-12 -0.00960537
-9.63156e-12 -0.00963156
-9.65774e-12 -0.00965774
-9.68393e-12 -0.00968393
-9.71012e-12 -0.00971012
-9.7363e-12 -0.0097363
-9.76249e-12 -0.00976249
-9.78868e-12 -0.00978868
-9.81486e-12 -0.00981486
-9.84105e-12 -0.00984105
-9.86724e-12 -0.00986724
-9.89342e-12 -0.00989342
-9.91961e-12 -0.00991961
-9.9458e-12 -0.0099458
-9.97199e-12 -0.00997199
-9.99817e-12 -0.00999817
-1.00244e-11 -0.0100244
-1.00505e-11 -0.0100505
-1.00767e-11 -0.0100767
-1.01029e-11 -0.0101029
-1.01291e-11 -0.0101291
-1.01553e-11 -0.0101553
-1.01815e-11 -0.0101815
-1.02077e-11 -0.0102077
-1.02339e-11 -0.0102339
-1.026e-11 -0.01026
-1.02862e-11 -0.0102862
-1.03124e-11 -0.0103124
-1.03386e-11 -0.0103386
-1.03648e-11 -0.0103648
-1.0391e-11 -0.010391
-1.04172e-11 -0.0104172
-1.04434e-11 -0.0104434
-1.04695e-11 -0.0104695
-1.04957e-11 -0.0104957
-1.05219e-11 -0.0105219
-1.05481e-11 -0.0105481
-1.05743e-11 -0.0105743
-1.06005e-11 -0.0106005
-1.06267e-11 -0.0106267
-1.06529e-11 -0.0106529
-1.0679e-11 -0.010679
-1.07052e-11 -0.0107052
-1.07314e-11 -0.0107314
-1.07576e-11 -0.0107576
-1.07838e-11 -0.0107838
-1.081e-11 -0.01081
-1.08362e-11 -0.0108362
-1.08624e-11 -0.0108624
-1.08885e-11 -0.0108885
-1.09147e-11 -0.0109147
-1.09409e-11 -0.0109409
-1.09671e-11 -0.0109671
-1.09933e-11 -0.0109933
-1.10195e-11 -0.0110195
-1.10457e-11 -0.0110457
-1.10719e-11 -0.0110719
-1.10981e-11 -0.0110981
-1.11242e-11 -0.0111242
-1.11504e-11 -0.0111504
-1.11766e-11 -0.0111766
-1.12028e-11 -0.0112028
-1.1229e-11 -0.011229
-1.12552e-11 -0.0112552
-1.12814e-11 -0.0112814
-1.13076e-11 -0.0113076
-1.13337e-11 -0.0113337
-1.13599e-11 -0.0113599
-1.13861e-11 -0.0113861
-1.14123e-11 -0.0114123
-1.14385e-11 -0.0114385
-1.14647e-11 -0.0114647
-1.14909e-11 -0.0114909
-1.15171e-11 -0.0115171
-1.15433e-11 -0.0115433
-1.15694e-11 -0.0115694
-1.15956e-11 -0.0115956
-1.16218e-11 -0.0116218
-1.1648e-11 -0.011648
-1.16742e-11 -0.0116742
-1.17004e-11 -0.0117004
-1.17266e-11 -0.0117266
-1.17528e-11 -0.0117528
-1.1779e-11 -0.011779
-1.18051e-11 -0.0118051
-1.18313e-11 -0.0118313
-1.18575e-11 -0.0118575
-1.18837e-11 -0.0118837
-1.19099e-11 -0.0119099
-1.19361e-11 -0.0119361
-1.19623e-11 -0.0119623
-1.19885e-11 -0.0119885
-1.20147e-11 -0.0120147
-1.20408e-11 -0.0120408
-1.2067e-11 -0.012067
-1.20932e-11 -0.0120932
-1.21194e-11 -0.0121194
-1.21456e-11 -0.0121456
-1.21718e-11 -0.0121718
-1.2198e-11 -0.012198
-1.22242e-11 -0.0122242
-1.22504e-11 -0.0122504
-1.22765e-11 -0.0122765
-1.23027e-11 -0.0123027
-1.23289e-11 -0.0123289
-1.23551e-11 -0.0123551
-1.23813e-11 -0.0123813
-1.24075e-11 -0.0124075
-1.24337e-11 -0.0124337
-1.24599e-11 -0.0124599
-1.24861e-11 -0.0124861
-1.25123e-11 -0.0125123
-1.25384e-11 -0.0125384
-1.25646e-11 -0.0125646
-1.25908e-11 -0.0125908
-1.2617e-11 -0.012617
-1.26432e-11 -0.0126432
-1.26694e-11 -0.0126694
-1.26956e-11 -0.0126956
-1.27218e-11 -0.0127218
-1.2748e-11 -0.012748
-1.27742e-11 -0.0127742
-1.28003e-11 -0.0128003
-1.28265e-11 -0.0128265
-1.28527e-11 -0.0128527
-1.28789e-11 -0.0128789
-1.29051e-11 -0.0129051
-1.29313e-11 -0.0129313
-1.29575e-11 -0.0129575
-1.29837e-11 -0.0129837
-1.30099e-11 -0.0130099
-1.30361e-11 -0.0130361
-1.30622e-11 -0.0130622
-1.30884e-11 -0.0130884
-1.31146e-11 -0.0131146
-1.31408e-11 -0.0131408
-1.3167e-11 -0.013167
-1.31932e-11 -0.0131932
-1.32194e-11 -0.0132194
-1.32456e-11 -0.0132456
-1.32718e-11 -0.0132718
-1.3298e-11 -0.013298
-1.33242e-11 -0.0133242
-1.33503e-11 -0.0133503
-1.33765e-11 -0.0133765
-1.34027e-11 -0.0134027
-1.34289e-11 -0.0134289
-1.34551e-11 -0.0134551
-1.34813e-11 -0.0134813
-1.35075e-11 -0.0135075
-1.35337e-11 -0.0135337
-1.35599e-11 -0.0135599
-1.35861e-11 -0.0135861
-1.36123e-11 -0.0136123
-1.36384e-11 -0.0136384
-1.36646e-11 -0.0136646
-1.36908e-11 -0.0136908
-1.3717e-11 -0.013717
-1.37432e-11 -0.0137432
-1.37694e-11 -0.0137694
-1.37956e-11 -0.0137956
-1.38218e-11 -0.0138218
-1.3848e-11 -0.013848
-1.38742e-11 -0.0138742
-1.39004e-11 -0.0139004
-1.39265e-11 -0.0139265
-1.39527e-11 -0.0139527
-1.39789e-11 -0.0139789
-1.40051e-11 -0.0140051
-1.40313e-11 -0.0140313
-1.40575e-11 -0.0140575
-1.40837e-11 -0.0140837
-1.41099e-11 -0.0141099
-1.41361e-11 -0.0141361
-1.41623e-11 -0.0141623
-1.41885e-11 -0.0141885
-1.42147e-11 -0.0142147
-1.42408e-11 -0.0142408
-1.4267e-11 -0.014267
-1.42932e-11 -0.0142932
-1.43194e-11 -0.0143194
-1.43456e-11 -0.0143456
-1.43718e-11 -0.0143718
-1.4398e-11 -0.014398
-1.44242e-11 -0.0144242
-1.44504e-11 -0.0144504
-1.44766e-11 -0.0144766
-1.45028e-11 -0.0145028
-1.4529e-11 -0.014529
-1.45552e-11 -0.0145552
-1.45813e-11 -0.0145813
-1.46075e-11 -0.0146075
-1.46337e-11 -0.0146337
-1.46599e-11 -0.0146599
-1.46861e-11 -0.0146861
-1.47123e-11 -0.0147123
-1.47385e-11 -0.0147385
-1.47647e-11 -0.0147647
-1.47909e-11 -0.0147909
-1.48171e-11 -0.0148171
-1.48433e-11 -0.0148433
-1.48695e-11 -0.0148695
-1.48957e-11 -0.0148957
-1.49218e-11 -0.0149218
-1.4948e-11 -0.014948
-1.49742e-11 -0.0149742
-1.50004e-11 -0.0150004
-1.50266e-11 -0.0150266
-1.50528e-11 -0.0150528
-1.5079e-11 -0.015079
-1.51052e-11 -0.0151052
-1.51314e-11 -0.0151314
-1.51576e-11 -0.0151576
-1.51838e-11 -0.0151838
-1.521e-11 -0.01521
-1.52362e-11 -0.0152362
-1.52623e-11 -0.0152623
-1.52885e-11 -0.0152885
-1.53147e-11 -0.0153147
-1.53409e-11 -0.0153409
-1.53671e-11 -0.0153671
-1.53933e-11 -0.0153933
-1.54195e-11 -0.0154195
-1.54457e-11 -0.0154457
-1.54719e-11 -0.0154719
-1.54981e-11 -0.0154981
-1.55243e-11 -0.0155243
-1.55505e-11 -0.0155505
-1.55767e-11 -0.0155767
-1.56029e-11 -0.0156029
-1.56291e-11 -0.0156291
-1.56552e-11 -0.0156552
-1.56814e-11 -0.0156814
-1.57076e-11 -0.0157076
-1.57338e-11 -0.0157338
-1.576e-11 -0.01576
-1.57862e-11 -0.0157862
-1.58124e-11 -0.0158124
-1.58386e-11 -0.0158386
-1.58648e-11 -0.0158648
-1.5891e-11 -0.015891
-1.59172e-11 -0.0159172
-1.59434e-11 -0.0159434
-1.59696e-11 -0.0159696
-1.59958e-11 -0.0159958
-1.6022e-11 -0.016022
-1.60481e-11 -0.0160481
-1.60743e-11 -0.0160743
-1.61005e-11 -0.0161005
-1.61267e-11 -0.0161267
-1.61529e-11 -0.0161529
-1.61791e-11 -0.0161791
-1.62053e-11 -0.0162053
-1.62315e-11 -0.0162315
-1.62577e-11 -0.0162577
-1.62839e-11 -0.0162839
-1.63101e-11 -0.0163101
-1.63363e-11 -0.0163363
-1.63625e-11 -0.0163625
-1.63887e-11 -0.0163887
-1.64149e-11 -0.0164149
-1.64411e-11 -0.0164411
-1.64673e-11 -0.0164673
-1.64934e-11 -0.0164934
-1.65196e-11 -0.0165196
-1.65458e-11 -0.0165458
-1.6572e-11 -0.016572
-1.65982e-11 -0.0165982
-1.66244e-11 -0.0166244
-1.66506e-11 -0.0166506
-1.66768e-11 -0.0166768
-1.6703e-11 -0.016703
-1.67292e-11 -0.0167292
-1.67554e-11 -0.0167554
-1.67816e-11 -0.0167816
-1.68078e-11 -0.0168078
-1.6834e-11 -0.016834
-1.68602e-11 -0.0168602
-1.68864e-11 -0.0168864
-1.69126e-11 -0.0169126
-1.69388e-11 -0.0169388
-1.69649e-11 -0.0169649
-1.69911e-11 -0.0169911
-1.70173e-11 -0.0170173
-1.70435e-11 -0.0170435
-1.70697e-11 -0.0170697
-1.70959e-11 -0.0170959
-1.71221e-11 -0.0171221
-1.71483e-11 -0.0171483
-1.71745e-11 -0.0171745
-1.72007e-11 -0.0172007
-1.72269e-11 -0.0172269
-1.72531e-11 -0.0172531
-1.72793e-11 -0.0172793
-1.73055e-11 -0.0173055
-1.73317e-11 -0.0173317
-1.73579e-11 -0.0173579
-1.73841e-11 -0.0173841
-1.74103e-11 -0.0174103
-1.74365e-11 -0.0174365
-1.74627e-11 -0.0174627
-1.74889e-11 -0.0174889
-1.7515e-11 -0.017515
-1.75412e-11 -0.0175412
-1.75674e-11 -0.0175674
-1.75936e-11 -0.0175936
-1.76198e-11 -0.0176198
-1.7646e-11 -0.017646
-1.76722e-11 -0.0176722
-1.76984e-11 -0.0176984
-1.77246e-11 -0.0177246
-1.77508e-11 -0.0177508
-1.7777e-11 -0.017777
-1.78032e-11 -0.0178032
-1.78294e-11 -0.0178294
-1.78556e-11 -0.0178556
-1.78818e-11 -0.0178818
-1.7908e-11 -0.017908
-1.79342e-11 -0.0179342
-1.79604e-11 -0.0179604
-1.79866e-11 -0.0179866
-1.80128e-11 -0.0180128
-1.8039e-11 -0.018039
-1.80652e-11 -0.0180652
-1.80914e-11 -0.0180914
-1.81176e-11 -0.0181176
-1.81437e-11 -0.0181437
-1.81699e-11 -0.0181699
-1.81961e-11 -0.0181961
-1.82223e-11 -0.0182223
-1.82485e-11 -0.0182485
-1.82747e-11 -0.0182747
-1.83009e-11 -0.0183009
-1.83271e-11 -0.0183271
-1.83533e-11 -0.0183533
-1.83795e-11 -0.0183795
-1.84057e-11 -0.0184057
-1.84319e-11 -0.0184319
-1.84581e-11 -0.0184581
-1.84843e-11 -0.0184843
-1.85105e-11 -0.0185105
-1.85367e-11 -0.0185367
-1.85629e-11 -0.0185629
-1.85891e-11 -0.0185891
-1.86153e-11 -0.0186153
-1.86415e-11 -0.0186415
-1.86677e-11 -0.0186677
-1.86939e-11 -0.0186939
-1.87201e-11 -0.0187201
-1.87463e-11 -0.0187463
-1.87725e-11 -0.0187725
-1.87987e-11 -0.0187987
-1.88249e-11 -0.0188249
-1.88511e-11 -0.0188511
-1.88773e-11 -0.0188773
-1.89034e-11 -0.0189034
-1.89296e-11 -0.0189296
-1.89558e-11 -0.0189558
-1.8982e-11 -0.018982
-1.90082e-11 -0.0190082
-1.90344e-11 -0.0190344
-1.90606e-11 -0.0190606
-1.90868e-11 -0.0190868
-1.9113e-11 -0.019113
-1.91392e-11 -0.0191392
-1.91654e-11 -0.0191654
-1.91916e-11 -0.0191916
-1.92178e-11 -0.0192178
-1.9244e-11 -0.019244
-1.92702e-11 -0.0192702
-1.92964e-11 -0.0192964
-1.93226e-11 -0.0193226
-1.93488e-11 -0.0193488
-1.9375e-11 -0.019375
-1.94012e-11 -0.0194012
-1.94274e-11 -0.0194274
-1.94536e-11 -0.0194536
-1.94798e-11 -0.0194798
-1.9506e-11 -0.019506
-1.95322e-11 -0.0195322
-1.95584e-11 -0.0195584
-1.95846e-11 -0.0195846
-1.96108e-11 -0.0196108
-1.9637e-11 -0.019637
-1.96632e-11 -0.0196632
-1.96894e-11 -0.0196894
-1.97156e-11 -0.0197156
-1.97418e-11 -0.0197418
-1.9768e-11 -0.019768
-1.97942e-11 -0.0197942
-1.98204e-11 -0.0198204
-1.98466e-11 -0.0198466
-1.98728e-11 -0.0198728
-1.9899e-11 -0.019899
-1.99252e-11 -0.0199252
-1.99514e-11 -0.0199514
-1.99776e-11 -0.0199776
-2.00037e-11 -0.0200037
-2.00299e-11 -0.0200299
-2.00561e-11 -0.0200561
-2.00823e-11 -0.0200823
-2.01085e-11 -0.0201085
-2.01347e-11 -0.0201347
-2.01609e-11 -0.0201609
-2.01871e-11 -0.0201871
-2.02133e-11 -0.0202133
-2.02395e-11 -0.0202395
-2.02657e-11 -0.0202657
-2.02919e-11 -0.0202919
-2.03181e-11 -0.0203181
-2.03443e-11 -0.0203443
-2.03705e-11 -0.0203705
-2.03967e-11 -0.0203967
-2.04229e-11 -0.0204229
-2.04491e-11 -0.0204491
-2.04753e-11 -0.0204753
-2.05015e-11 -0.0205015
-2.05277e-11 -0.0205277
-2.05539e-11 -0.0205539
-2.05801e-11 -0.0205801
-2.06063e-11 -0.0206063
-2.06325e-11 -0.0206325
-2.06587e-11 -0.0206587
-2.06849e-11 -0.0206849
-2.07111e-11 -0.0207111
-2.07373e-11 -0.0207373
-2.07635e-11 -0.0207635
-2.07897e-11 -0.0207897
-2.08159e-11 -0.0208159
-2.08421e-11 -0.0208421
-2.08683e-11 -0.0208683
-2.08945e-11 -0.0208945
-2.09207e-11 -0.0209207
-2.09469e-11 -0.0209469
-2.09731e-11 -0.0209731
-2.09993e-11 -0.0209993
-2.10255e-11 -0.0210255
-2.10517e-11 -0.0210517
-2.10779e-11 -0.0210779
-2.11041e-11 -0.0211041
-2.11303e-11 -0.0211303
-2.11565e-11 -0.0211565
-2.11827e-11 -0.0211827
-2.12089e-11 -0.0212089
-2.12351e-11 -0.0212351
-2.12613e-11 -0.0212613
-2.12875e-11 -0.0212875
-2.13137e-11 -0.0213137
-2.13399e-11 -0.0213399
-2.13661e-11 -0.0213661
-2.13923e-11 -0.0213923
-2.14185e-11 -0.0214185
-2.14447e-11 -0.0214447
-2.14709e-11 -0.0214709
-2.14971e-11 -0.0214971
-2.15233e-11 -0.0215233
-2.15495e-11 -0.0215495
-2.15757e-11 -0.0215757
-2.16019e-11 -0.0216019
-2.16281e-11 -0.0216281
-2.16543e-11 -0.0216543
-2.16805e-11 -0.0216805
-2.17067e-11 -0.0217067
-2.17329e-11 -0.0217329
-2.17591e-11 -0.0217591
-2.17853e-11 -0.0217853
-2.18115e-11 -0.0218115
-2.18377e-11 -0.0218377
-2.18639e-11 -0.0218639
-2.18901e-11 -0.0218901
-2.19163e-11 -0.0219163
-2.19425e-11 -0.0219425
-2.19687e-11 -0.0219687
-2.19949e-11 -0.0219949
-2.20211e-11 -0.0220211
-2.20473e-11 -0.0220473
-2.20735e-11 -0.0220735
-2.20997e-11 -0.0220997
-2.21259e-11 -0.0221259
-2.21521e-11 -0.0221521
-2.21783e-11 -0.0221783
-2.22045e-11 -0.0222045
-2.22307e-11 -0.0222307
-2.22569e-11 -0.0222569
-2.22831e-11 -0.0222831
-2.23093e-11 -0.0223093
-2.23355e-11 -0.0223355
-2.23617e-11 -0.0223617
-2.23879e-11 -0.0223879
-2.24141e-11 -0.0224141
-2.24424e-11 -0.0224424
-2.24743e-11 -0.0224743
-2.25062e-11 -0.0225062
-2.25382e-11 -0.0225382
-2.25701e-11 -0.0225701
-2.26021e-11 -0.0226021
-2.2634e-11 -0.022634
-2.26659e-11 -0.0226659
-2.26989e-11 -0.0226989
-2.27336e-11 -0.0227336
-2.27682e-11 -0.0227682
-2.28029e-11 -0.0228029
-2.28376e-11 -0.0228376
-2.28722e-11 -0.0228722
-2.29069e-11 -0.0229069
-2.29415e-11 -0.0229415
-2.29762e-11 -0.0229762
-2.30109e-11 -0.0230109
-2.30455e-11 -0.0230455
-2.30802e-11 -0.0230802
-2.31149e-11 -0.0231149
-2.31495e-11 -0.0231495
-2.31842e-11 -0.0231842
-2.32189e-11 -0.0232189
-2.32535e-11 -0.0232535
-2.32882e-11 -0.0232882
-2.33228e-11 -0.0233228
-2.33575e-11 -0.0233575
-2.33922e-11 -0.0233922
-2.34268e-11 -0.0234268
-2.34615e-11 -0.0234615
-2.34962e-11 -0.0234962
-2.35308e-11 -0.0235308
-2.35655e-11 -0.0235655
-2.36002e-11 -0.0236002
-2.36348e-11 -0.0236348
-2.36695e-11 -0.0236695
-2.37041e-11 -0.0237041
-2.37388e-11 -0.0237388
-2.37735e-11 -0.0237735
-2.38081e-11 -0.0238081
-2.38428e-11 -0.0238428
-2.38775e-11 -0.0238775
-2.39121e-11 -0.0239121
-2.39468e-11 -0.0239468
-2.39814e-11 -0.0239814
-2.40161e-11 -0.0240161
-2.40508e-11 -0.0240508
-2.40854e-11 -0.0240854
-2.41201e-11 -0.0241201
-2.41548e-11 -0.0241548
-2.41894e-11 -0.0241894
-2.42241e-11 -0.0242241
-2.42588e-11 -0.0242588
-2.42934e-11 -0.0242934
-2.43281e-11 -0.0243281
-2.43627e-11 -0.0243627
-2.43974e-11 -0.0243974
-2.44321e-11 -0.0244321
-2.44667e-11 -0.0244667
-2.45014e-11 -0.0245014
-2.45361e-11 -0.0245361
-2.45707e-11 -0.0245707
-2.46054e-11 -0.0246054
-2.464e-11 -0.02464
-2.46747e-11 -0.0246747
-2.47094e-11 -0.0247094
-2.4744e-11 -0.024744
-2.47787e-11 -0.0247787
-2.48134e-11 -0.0248134
-2.4848e-11 -0.024848
-2.48827e-11 -0.0248827
-2.49174e-11 -0.0249174
-2.4952e-11 -0.024952
-2.49867e-11 -0.0249867
-2.50213e-11 -0.0250213
-2.5056e-11 -0.025056
-2.50907e-11 -0.0250907
-2.51253e-11 -0.0251253
-2.516e-11 -0.02516
-2.51947e-11 -0.0251947
-2.52293e-11 -0.0252293
-2.5264e-11 -0.025264
-2.52986e-11 -0.0252986
-2.53333e-11 -0.0253333
-2.5368e-11 -0.025368
-2.54026e-11 -0.0254026
-2.54373e-11 -0.0254373
-2.5472e-11 -0.025472
-2.55066e-11 -0.0255066
-2.55413e-11 -0.0255413
-2.5576e-11 -0.025576
-2.56106e-11 -0.0256106
-2.56453e-11 -0.0256453
-2.56799e-11 -0.0256799
-2.57146e-11 -0.0257146
-2.57493e-11 -0.0257493
-2.57839e-11 -0.0257839
-2.58186e-11 -0.0258186
-2.58533e-11 -0.0258533
-2.58879e-11 -0.0258879
-2.59226e-11 -0.0259226
-2.59572e-11 -0.0259572
-2.59919e-11 -0.0259919
-2.60266e-11 -0.0260266
-2.60612e-11 -0.0260612
-2.60959e-11 -0.0260959
-2.61306e-11 -0.0261306
-2.61652e-11 -0.0261652
-2.61999e-11 -0.0261999
-2.62345e-11 -0.0262345
-2.62692e-11 -0.0262692
-2.63039e-11 -0.0263039
-2.63385e-11 -0.0263385
-2.63732e-11 -0.0263732
-2.64079e-11 -0.0264079
-2.64425e-11 -0.0264425
-2.64772e-11 -0.0264772
-2.65119e-11 -0.0265119
-2.65465e-11 -0.0265465
-2.65812e-11 -0.0265812
-2.66158e-11 -0.0266158
-2.66505e-11 -0.0266505
-2.66852e-11 -0.0266852
-2.67198e-11 -0.0267198
-2.67545e-11 -0.0267545
-2.67892e-11 -0.0267892
-2.68238e-11 -0.0268238
-2.68585e-11 -0.0268585
-2.68931e-11 -0.0268931
-2.69278e-11 -0.0269278
-2.69625e-11 -0.0269625
-2.69971e-11 -0.0269971
-2.70318e-11 -0.0270318
-2.70665e-11 -0.0270665
-2.71011e-11 -0.0271011
-2.71358e-11 -0.0271358
-2.71704e-11 -0.0271704
-2.72051e-11 -0.0272051
-2.72398e-11 -0.0272398
-2.72744e-11 -0.0272744
-2.73091e-11 -0.0273091
-2.73438e-11 -0.0273438
-2.73784e-11 -0.0273784
-2.74131e-11 -0.0274131
-2.74477e-11 -0.0274477
-2.74824e-11 -0.0274824
-2.75171e-11 -0.0275171
-2.75517e-11 -0.0275517
-2.75864e-11 -0.0275864
-2.76211e-11 -0.0276211
-2.76557e-11 -0.0276557
-2.76904e-11 -0.0276904
-2.7725e-11 -0.027725
-2.77597e-11 -0.0277597
-2.77944e-11 -0.0277944
-2.7829e-11 -0.027829
-2.78637e-11 -0.0278637
-2.78984e-11 -0.0278984
-2.7933e-11 -0.027933
-2.79677e-11 -0.0279677
-2.80024e-11 -0.0280024
-2.8037e-11 -0.028037
-2.80717e-11 -0.0280717
-2.81063e-11 -0.0281063
-2.8141e-11 -0.028141
-2.81757e-11 -0.0281757
-2.82103e-11 -0.0282103
-2.8245e-11 -0.028245
-2.82797e-11 -0.0282797
-2.83143e-11 -0.0283143
-2.8349e-11 -0.028349
-2.83836e-11 -0.0283836
-2.84183e-11 -0.0284183
-2.8453e-11 -0.028453
-2.84876e-11 -0.0284876
-2.85223e-11 -0.0285223
-2.8557e-11 -0.028557
-2.85916e-11 -0.0285916
-2.86263e-11 -0.0286263
-2.86609e-11 -0.0286609
-2.86956e-11 -0.0286956
-2.87303e-11 -0.0287303
-2.87649e-11 -0.0287649
-2.87996e-11 -0.0287996
-2.88343e-11 -0.0288343
-2.88689e-11 -0.0288689
-2.89036e-11 -0.0289036
-2.89382e-11 -0.0289382
-2.89729e-11 -0.0289729
-2.90076e-11 -0.0290076
-2.90422e-11 -0.0290422
-2.90769e-11 -0.0290769
-2.91116e-11 -0.0291116
-2.91462e-11 -0.0291462
-2.91809e-11 -0.0291809
-2.92155e-11 -0.0292155
-2.92502e-11 -0.0292502
-2.92849e-11 -0.0292849
-2.93195e-11 -0.0293195
-2.93542e-11 -0.0293542
-2.93889e-11 -0.0293889
-2.94235e-11 -0.0294235
-2.94582e-11 -0.0294582
-2.94928e-11 -0.0294928
-2.95275e-11 -0.0295275
-2.95622e-11 -0.0295622
-2.95968e-11 -0.0295968
-2.96315e-11 -0.0296315
-2.96662e-11 -0.0296662
-2.97008e-11 -0.0297008
-2.97355e-11 -0.0297355
-2.97701e-11 -0.0297701
-2.98048e-11 -0.0298048
-2.98395e-11 -0.0298395
-2.98741e-11 -0.0298741
-2.99088e-11 -0.0299088
-2.99435e-11 -0.0299435
-2.99781e-11 -0.0299781
-3.00128e-11 -0.0300128
-3.00474e-11 -0.0300474
-3.00821e-11 -0.0300821
-3.01168e-11 -0.0301168
-3.01514e-11 -0.0301514
-3.01861e-11 -0.0301861
-3.02208e-11 -0.0302208
-3.02554e-11 -0.0302554
-3.02901e-11 -0.0302901
-3.03247e-11 -0.0303247
-3.03594e-11 -0.0303594
-3.03941e-11 -0.0303941
-3.04287e-11 -0.0304287
-3.04634e-11 -0.0304634
-3.04981e-11 -0.0304981
-3.05327e-11 -0.0305327
-3.05674e-11 -0.0305674
-3.0602e-11 -0.030602
-3.06367e-11 -0.0306367
-3.06714e-11 -0.0306714
-3.0706e-11 -0.030706
-3.07407e-11 -0.0307407
-3.07754e-11 -0.0307754
-3.081e-11 -0.03081
-3.08447e-11 -0.0308447
-3.08793e-11 -0.0308793
-3.0914e-11 -0.030914
-3.09487e-11 -0.0309487
-3.09833e-11 -0.0309833
-3.1018e-11 -0.031018
-3.10527e-11 -0.0310527
-3.10873e-11 -0.0310873
-3.1122e-11 -0.031122
-3.11566e-11 -0.0311566
-3.11913e-11 -0.0311913
-3.1226e-11 -0.031226
-3.12606e-11 -0.0312606
-3.12953e-11 -0.0312953
-3.133e-11 -0.03133
-3.13646e-11 -0.0313646
-3.13993e-11 -0.0313993
-3.14339e-11 -0.0314339
-3.14686e-11 -0.0314686
-3.15033e-11 -0.0315033
-3.15379e-11 -0.0315379
-3.15726e-11 -0.0315726
-3.16073e-11 -0.0316073
-3.16419e-11 -0.0316419
-3.16766e-11 -0.0316766
-3.17112e-11 -0.0317112
-3.17459e-11 -0.0317459
-3.17806e-11 -0.0317806
-3.18152e-11 -0.0318152
-3.18499e-11 -0.0318499
-3.18845e-11 -0.0318845
-3.19192e-11 -0.0319192
-3.19539e-11 -0.0319539
-3.19885e-11 -0.0319885
-3.20232e-11 -0.0320232
-3.20579e-11 -0.0320579
-3.20925e-11 -0.0320925
-3.21272e-11 -0.0321272
-3.21618e-11 -0.0321618
-3.21965e-11 -0.0321965
-3.22312e-11 -0.0322312
-3.22658e-11 -0.0322658
-3.23005e-11 -0.0323005
-3.23352e-11 -0.0323352
-3.23698e-11 -0.0323698
-3.24045e-11 -0.0324045
-3.24391e-11 -0.0324391
-3.24738e-11 -0.0324738
-3.25085e-11 -0.0325085
-3.25431e-11 -0.0325431
-3.25778e-11 -0.0325778
-3.26125e-11 -0.0326125
-3.26471e-11 -0.0326471
-3.26818e-11 -0.0326818
-3.27164e-11 -0.0327164
-3.27511e-11 -0.0327511
-3.27858e-11 -0.0327858
-3.28204e-11 -0.0328204
-3.28551e-11 -0.0328551
-3.28898e-11 -0.0328898
-3.29244e-11 -0.0329244
-3.29591e-11 -0.0329591
-3.29937e-11 -0.0329937
-3.30284e-11 -0.0330284
-3.30631e-11 -0.0330631
-3.30977e-11 -0.0330977
-3.31324e-11 -0.0331324
-3.31671e-11 -0.0331671
-3.32017e-11 -0.0332017
-3.32364e-11 -0.0332364
-3.3271e-11 -0.033271
-3.33057e-11 -0.0333057
-3.33404e-11 -0.0333404
-3.3375e-11 -0.033375
-3.34097e-11 -0.0334097
-3.34443e-11 -0.0334443
-3.3479e-11 -0.033479
-3.35137e-11 -0.0335137
-3.35483e-11 -0.0335483
-3.3583e-11 -0.033583
-3.36177e-11 -0.0336177
-3.36523e-11 -0.0336523
-3.3687e-11 -0.033687
-3.37216e-11 -0.0337216
-3.37563e-11 -0.0337563
-3.3791e-11 -0.033791
-3.38256e-11 -0.0338256
-3.38603e-11 -0.0338603
-3.3895e-11 -0.033895
-3.39296e-11 -0.0339296
-3.39643e-11 -0.0339643
-3.39989e-11 -0.0339989
-3.40336e-11 -0.0340336
-3.40683e-11 -0.0340683
-3.41029e-11 -0.0341029
-3.41376e-11 -0.0341376
-3.41722e-11 -0.0341722
-3.42069e-11 -0.0342069
-3.42416e-11 -0.0342416
-3.42762e-11 -0.0342762
-3.43109e-11 -0.0343109
-3.43456e-11 -0.0343456
-3.43802e-11 -0.0343802
-3.44149e-11 -0.0344149
-3.44495e-11 -0.0344495
-3.44842e-11 -0.0344842
-3.45189e-11 -0.0345189
-3.45535e-11 -0.0345535
-3.45882e-11 -0.0345882
-3.46229e-11 -0.0346229
-3.46575e-11 -0.0346575
-3.46922e-11 -0.0346922
-3.47268e-11 -0.0347268
-3.47615e-11 -0.0347615
-3.47962e-11 -0.0347962
-3.48308e-11 -0.0348308
-3.48655e-11 -0.0348655
-3.49001e-11 -0.0349001
-3.49348e-11 -0.0349348
-3.49695e-11 -0.0349695
-3.50041e-11 -0.0350041
-3.50388e-11 -0.0350388
-3.50735e-11 -0.0350735
-3.51081e-11 -0.0351081
-3.51428e-11 -0.0351428
-3.51774e-11 -0.0351774
-3.52121e-11 -0.0352121
-3.52468e-11 -0.0352468
-3.52814e-11 -0.0352814
-3.53161e-11 -0.0353161
-3.53508e-11 -0.0353508
-3.53854e-11 -0.0353854
-3.54201e-11 -0.0354201
-3.54547e-11 -0.0354547
-3.54894e-11 -0.0354894
-3.55241e-11 -0.0355241
-3.55587e-11 -0.0355587
-3.55934e-11 -0.0355934
-3.5628e-11 -0.035628
-3.56627e-11 -0.0356627
-3.56974e-11 -0.0356974
-3.5732e-11 -0.035732
-3.57667e-11 -0.0357667
-3.58014e-11 -0.0358014
-3.5836e-11 -0.035836
-3.58707e-11 -0.0358707
-3.59053e-11 -0.0359053
-3.594e-11 -0.03594
-3.59747e-11 -0.0359747
-3.60093e-11 -0.0360093
-3.6044e-11 -0.036044
-3.60787e-11 -0.0360787
-3.61133e-11 -0.0361133
-3.6148e-11 -0.036148
-3.61826e-11 -0.0361826
-3.62173e-11 -0.0362173
-3.6252e-11 -0.036252
-3.62866e-11 -0.0362866
-3.63213e-11 -0.0363213
-3.63559e-11 -0.0363559
-3.63906e-11 -0.0363906
-3.64253e-11 -0.0364253
-3.64599e-11 -0.0364599
-3.64946e-11 -0.0364946
-3.65293e-11 -0.0365293
-3.65639e-11 -0.0365639
-3.65986e-11 -0.0365986
-3.66332e-11 -0.0366332
-3.66679e-11 -0.0366679
-3.67026e-11 -0.0367026
-3.67372e-11 -0.0367372
-3.67719e-11 -0.0367719
-3.68065e-11 -0.0368065
-3.68412e-11 -0.0368412
-3.68759e-11 -0.0368759
-3.69105e-11 -0.0369105
-3.69452e-11 -0.0369452
-3.69799e-11 -0.0369799
-3.70145e-11 -0.0370145
-3.70492e-11 -0.0370492
-3.70838e-11 -0.0370838
-3.71185e-11 -0.0371185
-3.71532e-11 -0.0371532
-3.71878e-11 -0.0371878
-3.72225e-11 -0.0372225
-3.72571e-11 -0.0372571
-3.72918e-11 -0.0372918
-3.73265e-11 -0.0373265
-3.73611e-11 -0.0373611
-3.73958e-11 -0.0373958
-3.74305e-11 -0.0374305
-3.74651e-11 -0.0374651
-3.74998e-11 -0.0374998
-3.75344e-11 -0.0375344
-3.75691e-11 -0.0375691
-3.76038e-11 -0.0376038
-3.76384e-11 -0.0376384
-3.76731e-11 -0.0376731
-3.77077e-11 -0.0377077
-3.77424e-11 -0.0377424
-3.77771e-11 -0.0377771
-3.78117e-11 -0.0378117
-3.78464e-11 -0.0378464
-3.78811e-11 -0.0378811
-3.79157e-11 -0.0379157
-3.79504e-11 -0.0379504
-3.7985e-11 -0.037985
-3.80197e-11 -0.0380197
-3.80544e-11 -0.0380544
-3.8089e-11 -0.038089
-3.81237e-11 -0.0381237
-3.81583e-11 -0.0381583
-3.8193e-11 -0.038193
-3.82277e-11 -0.0382277
-3.82623e-11 -0.0382623
-3.8297e-11 -0.038297
-3.83317e-11 -0.0383317
-3.83663e-11 -0.0383663
-3.8401e-11 -0.038401
-3.84356e-11 -0.0384356
-3.84703e-11 -0.0384703
-3.8505e-11 -0.038505
-3.85396e-11 -0.0385396
-3.85743e-11 -0.0385743
-3.86089e-11 -0.0386089
-3.86436e-11 -0.0386436
-3.86783e-11 -0.0386783
-3.87129e-11 -0.0387129
-3.87476e-11 -0.0387476
-3.87823e-11 -0.0387823
-3.88169e-11 -0.0388169
-3.88516e-11 -0.0388516
-3.88862e-11 -0.0388862
-3.89209e-11 -0.0389209
-3.89556e-11 -0.0389556
-3.89902e-11 -0.0389902
-3.90249e-11 -0.0390249
-3.90595e-11 -0.0390595
-3.90942e-11 -0.0390942
-3.91289e-11 -0.0391289
-3.91635e-11 -0.0391635
-3.91982e-11 -0.0391982
-3.92329e-11 -0.0392329
-3.92675e-11 -0.0392675
-3.93022e-11 -0.0393022
-3.93368e-11 -0.0393368
-3.93715e-11 -0.0393715
-3.94062e-11 -0.0394062
-3.94408e-11 -0.0394408
-3.94755e-11 -0.0394755
-3.95101e-11 -0.0395101
-3.95448e-11 -0.0395448
-3.95795e-11 -0.0395795
-3.96141e-11 -0.0396141
-3.96488e-11 -0.0396488
-3.96834e-11 -0.0396834
-3.97181e-11 -0.0397181
-3.97528e-11 -0.0397528
-3.97874e-11 -0.0397874
-3.98221e-11 -0.0398221
-3.98568e-11 -0.0398568
-3.98914e-11 -0.0398914
-3.99261e-11 -0.0399261
-3.99607e-11 -0.0399607
-3.99954e-11 -0.0399954
-4.00301e-11 -0.0400301
-4.00647e-11 -0.0400647
-4.00994e-11 -0.0400994
-4.0134e-11 -0.040134
-4.01687e-11 -0.0401687
-4.02034e-11 -0.0402034
-4.0238e-11 -0.040238
-4.02727e-11 -0.0402727
-4.03074e-11 -0.0403074
-4.0342e-11 -0.040342
-4.03767e-11 -0.0403767
-4.04113e-11 -0.0404113
-4.0446e-11 -0.040446
-4.04807e-11 -0.0404807
-4.05153e-11 -0.0405153
-4.055e-11 -0.04055
-4.05846e-11 -0.0405846
-4.06193e-11 -0.0406193
-4.0654e-11 -0.040654
-4.06886e-11 -0.0406886
-4.07233e-11 -0.0407233
-4.07579e-11 -0.0407579
-4.07926e-11 -0.0407926
-4.08273e-11 -0.0408273
-4.08619e-11 -0.0408619
-4.08966e-11 -0.0408966
-4.09313e-11 -0.0409313
-4.09659e-11 -0.0409659
-4.10006e-11 -0.0410006
-4.10352e-11 -0.0410352
-4.10699e-11 -0.0410699
-4.11046e-11 -0.0411046
-4.11392e-11 -0.0411392
-4.11739e-11 -0.0411739
-4.12085e-11 -0.0412085
-4.12432e-11 -0.0412432
-4.12779e-11 -0.0412779
-4.13125e-11 -0.0413125
-4.13472e-11 -0.0413472
-4.13818e-11 -0.0413818
-4.14165e-11 -0.0414165
-4.14512e-11 -0.0414512
-4.14858e-11 -0.0414858
-4.15205e-11 -0.0415205
-4.15552e-11 -0.0415552
-4.15898e-11 -0.0415898
-4.16245e-11 -0.0416245
-4.16591e-11 -0.0416591
-4.16938e-11 -0.0416938
-4.17285e-11 -0.0417285
-4.17631e-11 -0.0417631
-4.17978e-11 -0.0417978
-4.18324e-11 -0.0418324
-4.18671e-11 -0.0418671
-4.19018e-11 -0.0419018
-4.19364e-11 -0.0419364
-4.19711e-11 -0.0419711
-4.20057e-11 -0.0420057
-4.20404e-11 -0.0420404
-4.20751e-11 -0.0420751
-4.21097e-11 -0.0421097
-4.21444e-11 -0.0421444
-4.21791e-11 -0.0421791
-4.22137e-11 -0.0422137
-4.22484e-11 -0.0422484
-4.2283e-11 -0.042283
-4.23177e-11 -0.0423177
-4.23524e-11 -0.0423524
-4.2387e-11 -0.042387
-4.24217e-11 -0.0424217
-4.24563e-11 -0.0424563
-4.2491e-11 -0.042491
-4.25257e-11 -0.0425257
-4.25603e-11 -0.0425603
-4.2595e-11 -0.042595
-4.26296e-11 -0.0426296
-4.26643e-11 -0.0426643
-4.2699e-11 -0.042699
-4.27336e-11 -0.0427336
-4.27683e-11 -0.0427683
-4.28029e-11 -0.0428029
-4.28376e-11 -0.0428376
-4.28723e-11 -0.0428723
-4.29069e-11 -0.0429069
-4.29416e-11 -0.0429416
-4.29763e-11 -0.0429763
-4.30109e-11 -0.0430109
-4.30456e-11 -0.0430456
-4.30802e-11 -0.0430802
-4.31149e-11 -0.0431149
-4.31496e-11 -0.0431496
-4.31842e-11 -0.0431842
-4.32189e-11 -0.0432189
-4.32535e-11 -0.0432535
-4.32882e-11 -0.0432882
-4.33229e-11 -0.0433229
-4.33575e-11 -0.0433575
-4.33922e-11 -0.0433922
-4.34268e-11 -0.0434268
-4.34615e-11 -0.0434615
-4.34962e-11 -0.0434962
-4.35308e-11 -0.0435308
-4.35655e-11 -0.0435655
-4.36001e-11 -0.0436001
-4.36348e-11 -0.0436348
-4.36695e-11 -0.0436695
-4.37041e-11 -0.0437041
-4.37388e-11 -0.0437388
-4.37735e-11 -0.0437735
-4.38081e-11 -0.0438081
-4.38428e-11 -0.0438428
-4.38774e-11 -0.0438774
-4.39121e-11 -0.0439121
-4.39468e-11 -0.0439468
-4.39814e-11 -0.0439814
-4.40161e-11 -0.0440161
-4.40507e-11 -0.0440507
-4.40854e-11 -0.0440854
-4.41201e-11 -0.0441201
-4.41547e-11 -0.0441547
-4.41894e-11 -0.0441894
-4.4224e-11 -0.044224
-4.42587e-11 -0.0442587
-4.42934e-11 -0.0442934
-4.4328e-11 -0.044328
-4.43627e-11 -0.0443627
-4.43973e-11 -0.0443973
-4.4432e-11 -0.044432
-4.44667e-11 -0.0444667
-4.45013e-11 -0.0445013
-4.4536e-11 -0.044536
-4.45706e-11 -0.0445706
-4.46053e-11 -0.0446053
-4.464e-11 -0.04464
-4.46746e-11 -0.0446746
-4.47093e-11 -0.0447093
-4.4744e-11 -0.044744
-4.47786e-11 -0.0447786
-4.48133e-11 -0.0448133
-4.48479e-11 -0.0448479
-4.48826e-11 -0.0448826
-4.49173e-11 -0.0449173
-4.49519e-11 -0.0449519
-4.49866e-11 -0.0449866
-4.50212e-11 -0.0450212
-4.50559e-11 -0.0450559
-4.50906e-11 -0.0450906
-4.51252e-11 -0.0451252
-4.51599e-11 -0.0451599
-4.51945e-11 -0.0451945
-4.52292e-11 -0.0452292
-4.52639e-11 -0.0452639
-4.52985e-11 -0.0452985
-4.53332e-11 -0.0453332
-4.53678e-11 -0.0453678
-4.54025e-11 -0.0454025
-4.54372e-11 -0.0454372
-4.54718e-11 -0.0454718
-4.55065e-11 -0.0455065
-4.55411e-11 -0.0455411
-4.55758e-11 -0.0455758
-4.56105e-11 -0.0456105
-4.56451e-11 -0.0456451
-4.56798e-11 -0.0456798
-4.57145e-11 -0.0457145
-4.57491e-11 -0.0457491
-4.57838e-11 -0.0457838
-4.58184e-11 -0.0458184
-4.58531e-11 -0.0458531
-4.58878e-11 -0.0458878
-4.59224e-11 -0.0459224
-4.59571e-11 -0.0459571
-4.59917e-11 -0.0459917
-4.60264e-11 -0.0460264
-4.60611e-11 -0.0460611
-4.60957e-11 -0.0460957
-4.61304e-11 -0.0461304
-4.6165e-11 -0.046165
-4.61997e-11 -0.0461997
-4.62344e-11 -0.0462344
-4.6269e-11 -0.046269
-4.63037e-11 -0.0463037
-4.63383e-11 -0.0463383
-4.6373e-11 -0.046373
-4.64077e-11 -0.0464077
-4.64423e-11 -0.0464423
-4.6477e-11 -0.046477
-4.65116e-11 -0.0465116
-4.65463e-11 -0.0465463
-4.6581e-11 -0.046581
-4.66156e-11 -0.0466156
-4.66503e-11 -0.0466503
-4.66849e-11 -0.0466849
-4.67196e-11 -0.0467196
-4.67543e-11 -0.0467543
-4.67889e-11 -0.0467889
-4.68236e-11 -0.0468236
-4.68582e-11 -0.0468582
-4.68929e-11 -0.0468929
-4.69276e-11 -0.0469276
-4.69622e-11 -0.0469622
-4.69969e-11 -0.0469969
-4.70315e-11 -0.0470315
-4.70662e-11 -0.0470662
-4.71009e-11 -0.0471009
-4.71355e-11 -0.0471355
-4.71702e-11 -0.0471702
-4.72049e-11 -0.0472049
-4.72395e-11 -0.0472395
-4.72742e-11 -0.0472742
-4.73088e-11 -0.0473088
-4.73435e-11 -0.0473435
-4.73782e-11 -0.0473782
-4.74128e-11 -0.0474128
-4.74475e-11 -0.0474475
-4.74821e-11 -0.0474821
-4.75168e-11 -0.0475168
-4.75515e-11 -0.0475515
-4.75861e-11 -0.0475861
-4.76208e-11 -0.0476208
-4.76554e-11 -0.0476554
-4.76901e-11 -0.0476901
-4.77248e-11 -0.0477248
-4.77594e-11 -0.0477594
-4.77941e-11 -0.0477941
-4.78287e-11 -0.0478287
-4.78634e-11 -0.0478634
-4.78981e-11 -0.0478981
-4.79327e-11 -0.0479327
-4.79674e-11 -0.0479674
-4.8002e-11 -0.048002
-4.80367e-11 -0.0480367
-4.80714e-11 -0.0480714
-4.8106e-11 -0.048106
-4.81407e-11 -0.0481407
-4.81753e-11 -0.0481753
-4.821e-11 -0.04821
-4.82447e-11 -0.0482447
-4.82793e-11 -0.0482793
-4.8314e-11 -0.048314
-4.83486e-11 -0.0483486
-4.83833e-11 -0.0483833
-4.8418e-11 -0.048418
-4.84526e-11 -0.0484526
-4.84873e-11 -0.0484873
-4.85219e-11 -0.0485219
-4.85566e-11 -0.0485566
-4.85913e-11 -0.0485913
-4.86259e-11 -0.0486259
-4.86606e-11 -0.0486606
-4.86952e-11 -0.0486952
-4.87299e-11 -0.0487299
-4.87646e-11 -0.0487646
-4.87992e-11 -0.0487992
-4.88339e-11 -0.0488339
-4.88685e-11 -0.0488685
-4.89032e-11 -0.0489032
-4.89379e-11 -0.0489379
-4.89725e-11 -0.0489725
-4.90072e-11 -0.0490072
-4.90418e-11 -0.0490418
-4.90765e-11 -0.0490765
-4.91112e-11 -0.0491112
-4.91458e-11 -0.0491458
-4.91805e-11 -0.0491805
-4.92151e-11 -0.0492151
-4.92498e-11 -0.0492498
-4.92845e-11 -0.0492845
-4.93191e-11 -0.0493191
-4.93538e-11 -0.0493538
-4.93884e-11 -0.0493884
-4.94231e-11 -0.0494231
-4.94578e-11 -0.0494578
-4.94924e-11 -0.0494924
-4.95271e-11 -0.0495271
-4.95617e-11 -0.0495617
-4.95964e-11 -0.0495964
-4.96311e-11 -0.0496311
-4.96657e-11 -0.0496657
-4.97004e-11 -0.0497004
-4.9735e-11 -0.049735
-4.97697e-11 -0.0497697
-4.98044e-11 -0.0498044
-4.9839e-11 -0.049839
-4.98737e-11 -0.0498737
-4.99083e-11 -0.0499083
-4.9943e-11 -0.049943
-4.99777e-11 -0.0499777
-5.00123e-11 -0.0500123
-5.0047e-11 -0.050047
-5.00816e-11 -0.0500816
-5.01163e-11 -0.0501163
-5.0151e-11 -0.050151
-5.01856e-11 -0.0501856
-5.02203e-11 -0.0502203
-5.02549e-11 -0.0502549
-5.02896e-11 -0.0502896
-5.03243e-11 -0.0503243
-5.03589e-11 -0.0503589
-5.03936e-11 -0.0503936
-5.04282e-11 -0.0504282
-5.04629e-11 -0.0504629
-5.04976e-11 -0.0504976
-5.05322e-11 -0.0505322
-5.05669e-11 -0.0505669
-5.06015e-11 -0.0506015
-5.06362e-11 -0.0506362
-5.06709e-11 -0.0506709
-5.07055e-11 -0.0507055
-5.07402e-11 -0.0507402
-5.07748e-11 -0.0507748
-5.08095e-11 -0.0508095
-5.08442e-11 -0.0508442
-5.08788e-11 -0.0508788
-5.09135e-11 -0.0509135
-5.09481e-11 -0.0509481
-5.09828e-11 -0.0509828
-5.10175e-11 -0.0510175
-5.10521e-11 -0.0510521
-5.10868e-11 -0.0510868
-5.11214e-11 -0.0511214
-5.11561e-11 -0.0511561
-5.11908e-11 -0.0511908
-5.12254e-11 -0.0512254
-5.12601e-11 -0.0512601
-5.12947e-11 -0.0512947
-5.13294e-11 -0.0513294
-5.13641e-11 -0.0513641
-5.13987e-11 -0.0513987
-5.14334e-11 -0.0514334
-5.1468e-11 -0.051468
-5.15027e-11 -0.0515027
-5.15374e-11 -0.0515374
-5.1572e-11 -0.051572
-5.16067e-11 -0.0516067
-5.16413e-11 -0.0516413
-5.1676e-11 -0.051676
-5.17107e-11 -0.0517107
-5.17453e-11 -0.0517453
-5.178e-11 -0.05178
-5.18146e-11 -0.0518146
-5.18493e-11 -0.0518493
-5.1884e-11 -0.051884
-5.19186e-11 -0.0519186
-5.19533e-11 -0.0519533
-5.19879e-11 -0.0519879
-5.20226e-11 -0.0520226
-5.20573e-11 -0.0520573
-5.20919e-11 -0.0520919
-5.21266e-11 -0.0521266
-5.21612e-11 -0.0521612
-5.21959e-11 -0.0521959
-5.22306e-11 -0.0522306
-5.22652e-11 -0.0522652
-5.22999e-11 -0.0522999
-5.23345e-11 -0.0523345
-5.23692e-11 -0.0523692
-5.24039e-11 -0.0524039
-5.24385e-11 -0.0524385
-5.24732e-11 -0.0524732
-5.25078e-11 -0.0525078
-5.25425e-11 -0.0525425
-5.25772e-11 -0.0525772
-5.26118e-11 -0.0526118
-5.26465e-11 -0.0526465
-5.26811e-11 -0.0526811
-5.27158e-11 -0.0527158
-5.27505e-11 -0.0527505
-5.27851e-11 -0.0527851
-5.28198e-11 -0.0528198
-5.28544e-11 -0.0528544
-5.28891e-11 -0.0528891
-5.29238e-11 -0.0529238
-5.29584e-11 -0.0529584
-5.29931e-11 -0.0529931
-5.30277e-11 -0.0530277
-5.30624e-11 -0.0530624
-5.30971e-11 -0.0530971
-5.31317e-11 -0.0531317
-5.31664e-11 -0.0531664
-5.3201e-11 -0.053201
-5.32357e-11 -0.0532357
-5.32704e-11 -0.0532704
-5.3305e-11 -0.053305
-5.33397e-11 -0.0533397
-5.33743e-11 -0.0533743
-5.3409e-11 -0.053409
-5.34436e-11 -0.0534436
-5.34783e-11 -0.0534783
-5.3513e-11 -0.053513
-5.35476e-11 -0.0535476
-5.35823e-11 -0.0535823
-5.36169e-11 -0.0536169
-5.36516e-11 -0.0536516
-5.36863e-11 -0.0536863
-5.37209e-11 -0.0537209
-5.37556e-11 -0.0537556
-5.37902e-11 -0.0537902
-5.38249e-11 -0.0538249
-5.38596e-11 -0.0538596
-5.38942e-11 -0.0538942
-5.39289e-11 -0.0539289
-5.39635e-11 -0.0539635
-5.39982e-11 -0.0539982
-5.40329e-11 -0.0540329
-5.40675e-11 -0.0540675
-5.41022e-11 -0.0541022
-5.41368e-11 -0.0541368
-5.41715e-11 -0.0541715
-5.42062e-11 -0.0542062
-5.42408e-11 -0.0542408
-5.42755e-11 -0.0542755
-5.43101e-11 -0.0543101
-5.43448e-11 -0.0543448
-5.43795e-11 -0.0543795
-5.44141e-11 -0.0544141
-5.44488e-11 -0.0544488
-5.44834e-11 -0.0544834
-5.45181e-11 -0.0545181
-5.45528e-11 -0.0545528
-5.45874e-11 -0.0545874
-5.46221e-11 -0.0546221
-5.46567e-11 -0.0546567
-5.46914e-11 -0.0546914
-5.47261e-11 -0.0547261
-5.47607e-11 -0.0547607
-5.47954e-11 -0.0547954
-5.483e-11 -0.05483
-5.48647e-11 -0.0548647
-5.48994e-11 -0.0548994
-5.4934e-11 -0.054934
-5.49687e-11 -0.0549687
-5.50033e-11 -0.0550033
-5.5038e-11 -0.055038
-5.50726e-11 -0.0550726
-5.51073e-11 -0.0551073
-5.5142e-11 -0.055142
-5.51766e-11 -0.0551766
-5.52113e-11 -0.0552113
-5.52459e-11 -0.0552459
-5.52806e-11 -0.0552806
-5.53153e-11 -0.0553153
-5.53499e-11 -0.0553499
-5.53846e-11 -0.0553846
-5.54192e-11 -0.0554192
-5.54539e-11 -0.0554539
-5.54886e-11 -0.0554886
-5.55232e-11 -0.0555232
-5.55579e-11 -0.0555579
-5.55925e-11 -0.0555925
-5.56272e-11 -0.0556272
-5.56619e-11 -0.0556619
-5.56965e-11 -0.0556965
-5.57312e-11 -0.0557312
-5.57658e-11 -0.0557658
-5.58005e-11 -0.0558005
-5.58352e-11 -0.0558352
-5.58698e-11 -0.0558698
-5.59045e-11 -0.0559045
-5.59391e-11 -0.0559391
-5.59738e-11 -0.0559738
-5.60085e-11 -0.0560085
-5.60431e-11 -0.0560431
-5.60778e-11 -0.0560778
-5.61124e-11 -0.0561124
-5.61471e-11 -0.0561471
-5.61817e-11 -0.0561817
-5.62164e-11 -0.0562164
-5.62511e-11 -0.0562511
-5.62857e-11 -0.0562857
-5.63204e-11 -0.0563204
-5.6355e-11 -0.056355
-5.63897e-11 -0.0563897
-5.64244e-11 -0.0564244
-5.6459e-11 -0.056459
-5.64937e-11 -0.0564937
-5.65283e-11 -0.0565283
-5.6563e-11 -0.056563
-5.65977e-11 -0.0565977
-5.66323e-11 -0.0566323
-5.6667e-11 -0.056667
-5.67016e-11 -0.0567016
-5.67363e-11 -0.0567363
-5.6771e-11 -0.056771
-5.68056e-11 -0.0568056
-5.68403e-11 -0.0568403
-5.68749e-11 -0.0568749
-5.69096e-11 -0.0569096
-5.69442e-11 -0.0569442
-5.69789e-11 -0.0569789
-5.70136e-11 -0.0570136
-5.70482e-11 -0.0570482
-5.70829e-11 -0.0570829
-5.71175e-11 -0.0571175
-5.71522e-11 -0.0571522
-5.71869e-11 -0.0571869
-5.72215e-11 -0.0572215
-5.72562e-11 -0.0572562
-5.72908e-11 -0.0572908
-5.73255e-11 -0.0573255
-5.73602e-11 -0.0573602
-5.73948e-11 -0.0573948
-5.74295e-11 -0.0574295
-5.74641e-11 -0.0574641
-5.74988e-11 -0.0574988
-5.75335e-11 -0.0575335
-5.75681e-11 -0.0575681
-5.76028e-11 -0.0576028
-5.76374e-11 -0.0576374
-5.76721e-11 -0.0576721
-5.77068e-11 -0.0577068
-5.77414e-11 -0.0577414
-5.77761e-11 -0.0577761
-5.78107e-11 -0.0578107
-5.78454e-11 -0.0578454
-5.788e-11 -0.05788
-5.79147e-11 -0.0579147
-5.79494e-11 -0.0579494
-5.7984e-11 -0.057984
-5.80187e-11 -0.0580187
-5.80533e-11 -0.0580533
-5.8088e-11 -0.058088
-5.81227e-11 -0.0581227
-5.81573e-11 -0.0581573
-5.8192e-11 -0.058192
-5.82266e-11 -0.0582266
-5.82613e-11 -0.0582613
-5.8296e-11 -0.058296
-5.83306e-11 -0.0583306
-5.83653e-11 -0.0583653
-5.83999e-11 -0.0583999
-5.84346e-11 -0.0584346
-5.84692e-11 -0.0584692
-5.85039e-11 -0.0585039
-5.85386e-11 -0.0585386
-5.85732e-11 -0.0585732
-5.86079e-11 -0.0586079
-5.86425e-11 -0.0586425
-5.86772e-11 -0.0586772
-5.87119e-11 -0.0587119
-5.87465e-11 -0.0587465
-5.87812e-11 -0.0587812
-5.88158e-11 -0.0588158
-5.88505e-11 -0.0588505
-5.88852e-11 -0.0588852
-5.89198e-11 -0.0589198
-5.89545e-11 -0.0589545
-5.89891e-11 -0.0589891
-5.90238e-11 -0.0590238
-5.90585e-11 -0.0590585
-5.90931e-11 -0.0590931
-5.91278e-11 -0.0591278
-5.91624e-11 -0.0591624
-5.91971e-11 -0.0591971
-5.92317e-11 -0.0592317
-5.92664e-11 -0.0592664
-5.93011e-11 -0.0593011
-5.93357e-11 -0.0593357
-5.93704e-11 -0.0593704
-5.9405e-11 -0.059405
-5.94397e-11 -0.0594397
-5.94744e-11 -0.0594744
-5.9509e-11 -0.059509
-5.95437e-11 -0.0595437
-5.95783e-11 -0.0595783
-5.9613e-11 -0.059613
-5.96477e-11 -0.0596477
-5.96823e-11 -0.0596823
-5.9717e-11 -0.059717
-5.97516e-11 -0.0597516
-5.97863e-11 -0.0597863
-5.98209e-11 -0.0598209
-5.98556e-11 -0.0598556
-5.98903e-11 -0.0598903
-5.99249e-11 -0.0599249
-5.99596e-11 -0.0599596
-5.99942e-11 -0.0599942
-6.00289e-11 -0.0600289
-6.00636e-11 -0.0600636
-6.00982e-11 -0.0600982
-6.01329e-11 -0.0601329
-6.01675e-11 -0.0601675
-6.02022e-11 -0.0602022
-6.02369e-11 -0.0602369
-6.02715e-11 -0.0602715
-6.03062e-11 -0.0603062
-6.03408e-11 -0.0603408
-6.03755e-11 -0.0603755
-6.04101e-11 -0.0604101
-6.04448e-11 -0.0604448
-6.04795e-11 -0.0604795
-6.05141e-11 -0.0605141
-6.05488e-11 -0.0605488
-6.05834e-11 -0.0605834
-6.06181e-11 -0.0606181
-6.06528e-11 -0.0606528
-6.06874e-11 -0.0606874
-6.07221e-11 -0.0607221
-6.07567e-11 -0.0607567
-6.07914e-11 -0.0607914
-6.08261e-11 -0.0608261
-6.08607e-11 -0.0608607
-6.08954e-11 -0.0608954
-6.093e-11 -0.06093
-6.09647e-11 -0.0609647
-6.09993e-11 -0.0609993
-6.1034e-11 -0.061034
-6.10687e-11 -0.0610687
-6.11033e-11 -0.0611033
-6.1138e-11 -0.061138
-6.11726e-11 -0.0611726
-6.12073e-11 -0.0612073
-6.1242e-11 -0.061242
-6.12766e-11 -0.0612766
-6.13113e-11 -0.0613113
-6.13459e-11 -0.0613459
-6.13806e-11 -0.0613806
-6.14152e-11 -0.0614152
-6.14507e-11 -0.0614507
-6.14883e-11 -0.0614883
-6.15259e-11 -0.0615259
-6.15635e-11 -0.0615635
-6.16011e-11 -0.0616011
-6.16387e-11 -0.0616387
-6.16764e-11 -0.0616764
-6.1714e-11 -0.061714
-6.17516e-11 -0.0617516
-6.17892e-11 -0.0617892
-6.18268e-11 -0.0618268
-6.18644e-11 -0.0618644
-6.1902e-11 -0.061902
-6.19396e-11 -0.0619396
-6.19772e-11 -0.0619772
-6.20148e-11 -0.0620148
-6.20524e-11 -0.0620524
-6.209e-11 -0.06209
-6.21276e-11 -0.0621276
-6.21652e-11 -0.0621652
-6.22028e-11 -0.0622028
-6.22404e-11 -0.0622404
-6.2278e-11 -0.062278
-6.23156e-11 -0.0623156
-6.23532e-11 -0.0623532
-6.23908e-11 -0.0623908
-6.24284e-11 -0.0624284
-6.2466e-11 -0.062466
-6.25037e-11 -0.0625037
-6.25413e-11 -0.0625413
-6.25789e-11 -0.0625789
-6.26165e-11 -0.0626165
-6.26541e-11 -0.0626541
-6.26917e-11 -0.0626917
-6.27293e-11 -0.0627293
-6.27669e-11 -0.0627669
-6.28045e-11 -0.0628045
-6.28421e-11 -0.0628421
-6.28797e-11 -0.0628797
-6.29173e-11 -0.0629173
-6.29549e-11 -0.0629549
-6.29925e-11 -0.0629925
-6.30301e-11 -0.0630301
-6.30677e-11 -0.0630677
-6.31053e-11 -0.0631053
-6.31429e-11 -0.0631429
-6.31805e-11 -0.0631805
-6.32181e-11 -0.0632181
-6.32557e-11 -0.0632557
-6.32933e-11 -0.0632933
-6.33309e-11 -0.0633309
-6.33685e-11 -0.0633685
-6.34061e-11 -0.0634061
-6.34437e-11 -0.0634437
-6.34814e-11 -0.0634814
-6.3519e-11 -0.063519
-6.35566e-11 -0.0635566
-6.35942e-11 -0.0635942
-6.36318e-11 -0.0636318
-6.36694e-11 -0.0636694
-6.3707e-11 -0.063707
-6.37446e-11 -0.0637446
-6.37822e-11 -0.0637822
-6.38198e-11 -0.0638198
-6.38583e-11 -0.0638583
-6.38968e-11 -0.0638968
-6.39354e-11 -0.0639354
-6.3974e-11 -0.063974
-6.40126e-11 -0.0640126
-6.40511e-11 -0.0640511
-6.40897e-11 -0.0640897
-6.41283e-11 -0.0641283
-6.41669e-11 -0.0641669
-6.42054e-11 -0.0642054
-6.4244e-11 -0.064244
-6.42826e-11 -0.0642826
-6.43212e-11 -0.0643212
-6.43597e-11 -0.0643597
-6.43983e-11 -0.0643983
-6.44369e-11 -0.0644369
-6.44755e-11 -0.0644755
-6.45141e-11 -0.0645141
-6.45526e-11 -0.0645526
-6.45912e-11 -0.0645912
-6.46298e-11 -0.0646298
-6.46684e-11 -0.0646684
-6.47069e-11 -0.0647069
-6.47455e-11 -0.0647455
-6.47841e-11 -0.0647841
-6.48227e-11 -0.0648227
-6.48612e-11 -0.0648612
-6.48998e-11 -0.0648998
-6.49384e-11 -0.0649384
-6.4977e-11 -0.064977
-6.50155e-11 -0.0650155
-6.50541e-11 -0.0650541
-6.50927e-11 -0.0650927
-6.51313e-11 -0.0651313
-6.51698e-11 -0.0651698
-6.52084e-11 -0.0652084
-6.5247e-11 -0.065247
-6.52856e-11 -0.0652856
-6.53241e-11 -0.0653241
-6.53627e-11 -0.0653627
-6.54013e-11 -0.0654013
-6.54399e-11 -0.0654399
-6.54784e-11 -0.0654784
-6.5517e-11 -0.065517
-6.55556e-11 -0.0655556
-6.55942e-11 -0.0655942
-6.56327e-11 -0.0656327
-6.56713e-11 -0.0656713
-6.57099e-11 -0.0657099
-6.57485e-11 -0.0657485
-6.5787e-11 -0.065787
-6.58256e-11 -0.0658256
-6.58642e-11 -0.0658642
-6.59028e-11 -0.0659028
-6.59413e-11 -0.0659413
-6.59799e-11 -0.0659799
-6.60185e-11 -0.0660185
-6.60571e-11 -0.0660571
-6.60956e-11 -0.0660956
-6.61342e-11 -0.0661342
-6.61728e-11 -0.0661728
-6.62114e-11 -0.0662114
-6.62499e-11 -0.0662499
-6.62885e-11 -0.0662885
-6.63271e-11 -0.0663271
-6.63657e-11 -0.0663657
-6.64042e-11 -0.0664042
-6.64428e-11 -0.0664428
-6.64814e-11 -0.0664814
-6.652e-11 -0.06652
-6.65585e-11 -0.0665585
-6.65971e-11 -0.0665971
-6.66357e-11 -0.0666357
-6.66743e-11 -0.0666743
-6.67128e-11 -0.0667128
-6.67514e-11 -0.0667514
-6.679e-11 -0.06679
-6.68286e-11 -0.0668286
-6.68671e-11 -0.0668671
-6.69057e-11 -0.0669057
-6.69443e-11 -0.0669443
-6.69829e-11 -0.0669829
-6.70214e-11 -0.0670214
-6.706e-11 -0.06706
-6.70986e-11 -0.0670986
-6.71372e-11 -0.0671372
-6.71757e-11 -0.0671757
-6.72143e-11 -0.0672143
-6.72529e-11 -0.0672529
-6.72915e-11 -0.0672915
-6.733e-11 -0.06733
-6.73686e-11 -0.0673686
-6.74072e-11 -0.0674072
-6.74458e-11 -0.0674458
-6.74843e-11 -0.0674843
-6.75229e-11 -0.0675229
-6.75615e-11 -0.0675615
-6.76e-11 -0.0676
-6.76386e-11 -0.0676386
-6.76772e-11 -0.0676772
-6.77158e-11 -0.0677158
-6.77543e-11 -0.0677543
-6.77929e-11 -0.0677929
-6.78315e-11 -0.0678315
-6.78701e-11 -0.0678701
-6.79086e-11 -0.0679086
-6.79472e-11 -0.0679472
-6.79858e-11 -0.0679858
-6.80244e-11 -0.0680244
-6.80629e-11 -0.0680629
-6.81015e-11 -0.0681015
-6.81401e-11 -0.0681401
-6.81787e-11 -0.0681787
-6.82172e-11 -0.0682172
-6.82558e-11 -0.0682558
-6.82944e-11 -0.0682944
-6.8333e-11 -0.068333
-6.83715e-11 -0.0683715
-6.84101e-11 -0.0684101
-6.84487e-11 -0.0684487
-6.84872e-11 -0.0684872
-6.85258e-11 -0.0685258
-6.85644e-11 -0.0685644
-6.8603e-11 -0.068603
-6.86415e-11 -0.0686415
-6.86801e-11 -0.0686801
-6.87187e-11 -0.0687187
-6.87573e-11 -0.0687573
-6.87958e-11 -0.0687958
-6.88344e-11 -0.0688344
-6.8873e-11 -0.068873
-6.89116e-11 -0.0689116
-6.89501e-11 -0.0689501
-6.89887e-11 -0.0689887
-6.90273e-11 -0.0690273
-6.90659e-11 -0.0690659
-6.91044e-11 -0.0691044
-6.9143e-11 -0.069143
-6.91816e-11 -0.0691816
-6.92201e-11 -0.0692201
-6.92587e-11 -0.0692587
-6.92973e-11 -0.0692973
-6.93359e-11 -0.0693359
-6.93744e-11 -0.0693744
-6.9413e-11 -0.069413
-6.94516e-11 -0.0694516
-6.94902e-11 -0.0694902
-6.95287e-11 -0.0695287
-6.95673e-11 -0.0695673
-6.96059e-11 -0.0696059
-6.96445e-11 -0.0696445
-6.9683e-11 -0.069683
-6.97216e-11 -0.0697216
-6.97602e-11 -0.0697602
-6.97987e-11 -0.0697987
-6.98373e-11 -0.0698373
-6.98759e-11 -0.0698759
-6.99145e-11 -0.0699145
-6.9953e-11 -0.069953
-6.99916e-11 -0.0699916
-7.00302e-11 -0.0700302
-7.00688e-11 -0.0700688
-7.01073e-11 -0.0701073
-7.01459e-11 -0.0701459
-7.01845e-11 -0.0701845
-7.0223e-11 -0.070223
-7.02616e-11 -0.0702616
-7.03002e-11 -0.0703002
-7.03388e-11 -0.0703388
-7.03773e-11 -0.0703773
-7.04159e-11 -0.0704159
-7.04545e-11 -0.0704545
-7.04931e-11 -0.0704931
-7.05316e-11 -0.0705316
-7.05702e-11 -0.0705702
-7.06088e-11 -0.0706088
-7.06473e-11 -0.0706473
-7.06859e-11 -0.0706859
-7.07245e-11 -0.0707245
-7.07631e-11 -0.0707631
-7.08016e-11 -0.0708016
-7.08402e-11 -0.0708402
-7.08788e-11 -0.0708788
-7.09174e-11 -0.0709174
-7.09559e-11 -0.0709559
-7.09945e-11 -0.0709945
-7.10331e-11 -0.0710331
-7.10716e-11 -0.0710716
-7.11102e-11 -0.0711102
-7.11488e-11 -0.0711488
-7.11874e-11 -0.0711874
-7.12259e-11 -0.0712259
-7.12645e-11 -0.0712645
-7.13031e-11 -0.0713031
-7.13417e-11 -0.0713417
-7.13802e-11 -0.0713802
-7.14188e-11 -0.0714188
-7.14574e-11 -0.0714574
-7.14959e-11 -0.0714959
-7.15345e-11 -0.0715345
-7.15731e-11 -0.0715731
-7.16117e-11 -0.0716117
-7.16502e-11 -0.0716502
-7.16888e-11 -0.0716888
-7.17274e-11 -0.0717274
-7.17659e-11 -0.0717659
-7.18045e-11 -0.0718045
-7.18431e-11 -0.0718431
-7.18817e-11 -0.0718817
-7.19202e-11 -0.0719202
-7.19588e-11 -0.0719588
-7.19974e-11 -0.0719974
-7.20359e-11 -0.0720359
-7.20745e-11 -0.0720745
-7.21131e-11 -0.0721131
-7.21517e-11 -0.0721517
-7.21902e-11 -0.0721902
-7.22288e-11 -0.0722288
-7.22674e-11 -0.0722674
-7.2306e-11 -0.072306
-7.23445e-11 -0.0723445
-7.23831e-11 -0.0723831
-7.24217e-11 -0.0724217
-7.24602e-11 -0.0724602
-7.24988e-11 -0.0724988
-7.25374e-11 -0.0725374
-7.2576e-11 -0.072576
-7.26145e-11 -0.0726145
-7.26531e-11 -0.0726531
-7.26917e-11 -0.0726917
-7.27302e-11 -0.0727302
-7.27688e-11 -0.0727688
-7.28074e-11 -0.0728074
-7.2846e-11 -0.072846
-7.28845e-11 -0.0728845
-7.29231e-11 -0.0729231
-7.29617e-11 -0.0729617
-7.30002e-11 -0.0730002
-7.30388e-11 -0.0730388
-7.30774e-11 -0.0730774
-7.3116e-11 -0.073116
-7.31545e-11 -0.0731545
-7.31931e-11 -0.0731931
-7.32317e-11 -0.0732317
-7.32702e-11 -0.0732702
-7.33088e-11 -0.0733088
-7.33474e-11 -0.0733474
-7.3386e-11 -0.073386
-7.34245e-11 -0.0734245
-7.34631e-11 -0.0734631
-7.35017e-11 -0.0735017
-7.35402e-11 -0.0735402
-7.35788e-11 -0.0735788
-7.36174e-11 -0.0736174
-7.3656e-11 -0.073656
-7.36945e-11 -0.0736945
-7.37331e-11 -0.0737331
-7.37717e-11 -0.0737717
-7.38102e-11 -0.0738102
-7.38488e-11 -0.0738488
-7.38874e-11 -0.0738874
-7.3926e-11 -0.073926
-7.39645e-11 -0.0739645
-7.40031e-11 -0.0740031
-7.40417e-11 -0.0740417
-7.40802e-11 -0.0740802
-7.41188e-11 -0.0741188
-7.41574e-11 -0.0741574
-7.41959e-11 -0.0741959
-7.42345e-11 -0.0742345
-7.42731e-11 -0.0742731
-7.43117e-11 -0.0743117
-7.43502e-11 -0.0743502
-7.43888e-11 -0.0743888
-7.44274e-11 -0.0744274
-7.44659e-11 -0.0744659
-7.45045e-11 -0.0745045
-7.45431e-11 -0.0745431
-7.45817e-11 -0.0745817
-7.46202e-11 -0.0746202
-7.46588e-11 -0.0746588
-7.46974e-11 -0.0746974
-7.47359e-11 -0.0747359
-7.47745e-11 -0.0747745
-7.48131e-11 -0.0748131
-7.48516e-11 -0.0748516
-7.48902e-11 -0.0748902
-7.49288e-11 -0.0749288
-7.49674e-11 -0.0749674
-7.50059e-11 -0.0750059
-7.50445e-11 -0.0750445
-7.50831e-11 -0.0750831
-7.51216e-11 -0.0751216
-7.51602e-11 -0.0751602
-7.51988e-11 -0.0751988
-7.52374e-11 -0.0752374
-7.52759e-11 -0.0752759
-7.53145e-11 -0.0753145
-7.53531e-11 -0.0753531
-7.53916e-11 -0.0753916
-7.54302e-11 -0.0754302
-7.54688e-11 -0.0754688
-7.55073e-11 -0.0755073
-7.55459e-11 -0.0755459
-7.55845e-11 -0.0755845
-7.56231e-11 -0.0756231
-7.56616e-11 -0.0756616
-7.57002e-11 -0.0757002
-7.57388e-11 -0.0757388
-7.57773e-11 -0.0757773
-7.58159e-11 -0.0758159
-7.58545e-11 -0.0758545
-7.5893e-11 -0.075893
-7.59316e-11 -0.0759316
-7.59702e-11 -0.0759702
-7.60088e-11 -0.0760088
-7.60473e-11 -0.0760473
-7.60859e-11 -0.0760859
-7.61245e-11 -0.0761245
-7.6163e-11 -0.076163
-7.62016e-11 -0.0762016
-7.62402e-11 -0.0762402
-7.62787e-11 -0.0762787
-7.63173e-11 -0.0763173
-7.63559e-11 -0.0763559
-7.63945e-11 -0.0763945
-7.6433e-11 -0.076433
-7.64716e-11 -0.0764716
-7.65102e-11 -0.0765102
-7.65487e-11 -0.0765487
-7.65873e-11 -0.0765873
-7.66259e-11 -0.0766259
-7.66644e-11 -0.0766644
-7.6703e-11 -0.076703
-7.67416e-11 -0.0767416
-7.67802e-11 -0.0767802
-7.68187e-11 -0.0768187
-7.68573e-11 -0.0768573
-7.68959e-11 -0.0768959
-7.69344e-11 -0.0769344
-7.6973e-11 -0.076973
-7.70116e-11 -0.0770116
-7.70501e-11 -0.0770501
-7.70887e-11 -0.0770887
-7.71273e-11 -0.0771273
-7.71658e-11 -0.0771658
-7.72044e-11 -0.0772044
-7.7243e-11 -0.077243
-7.72816e-11 -0.0772816
-7.73201e-11 -0.0773201
-7.73587e-11 -0.0773587
-7.73973e-11 -0.0773973
-7.74358e-11 -0.0774358
-7.74744e-11 -0.0774744
-7.7513e-11 -0.077513
-7.75515e-11 -0.0775515
-7.75901e-11 -0.0775901
-7.76287e-11 -0.0776287
-7.76672e-11 -0.0776672
-7.77058e-11 -0.0777058
-7.77444e-11 -0.0777444
-7.7783e-11 -0.077783
-7.78215e-11 -0.0778215
-7.78601e-11 -0.0778601
-7.78987e-11 -0.0778987
-7.79372e-11 -0.0779372
-7.79758e-11 -0.0779758
-7.80144e-11 -0.0780144
-7.80529e-11 -0.0780529
-7.80915e-11 -0.0780915
-7.81301e-11 -0.0781301
-7.81686e-11 -0.0781686
-7.82072e-11 -0.0782072
-7.82458e-11 -0.0782458
-7.82843e-11 -0.0782843
-7.83229e-11 -0.0783229
-7.83615e-11 -0.0783615
-7.84001e-11 -0.0784001
-7.84386e-11 -0.0784386
-7.84772e-11 -0.0784772
-7.85158e-11 -0.0785158
-7.85543e-11 -0.0785543
-7.85929e-11 -0.0785929
-7.86315e-11 -0.0786315
-7.867e-11 -0.07867
-7.87086e-11 -0.0787086
-7.87472e-11 -0.0787472
-7.87857e-11 -0.0787857
-7.88243e-11 -0.0788243
-7.88629e-11 -0.0788629
-7.89014e-11 -0.0789014
-7.894e-11 -0.07894
-7.89786e-11 -0.0789786
-7.90172e-11 -0.0790172
-7.90557e-11 -0.0790557
-7.90943e-11 -0.0790943
-7.91329e-11 -0.0791329
-7.91714e-11 -0.0791714
-7.921e-11 -0.07921
-7.92486e-11 -0.0792486
-7.92871e-11 -0.0792871
-7.93257e-11 -0.0793257
-7.93643e-11 -0.0793643
-7.94028e-11 -0.0794028
-7.94414e-11 -0.0794414
-7.948e-11 -0.07948
-7.95185e-11 -0.0795185
-7.95571e-11 -0.0795571
-7.95957e-11 -0.0795957
-7.96342e-11 -0.0796342
-7.96728e-11 -0.0796728
-7.97114e-11 -0.0797114
-7.97499e-11 -0.0797499
-7.97885e-11 -0.0797885
-7.98271e-11 -0.0798271
-7.98657e-11 -0.0798657
-7.99042e-11 -0.0799042
-7.99428e-11 -0.0799428
-7.99814e-11 -0.0799814
-8.00199e-11 -0.0800199
-8.00585e-11 -0.0800585
-8.00971e-11 -0.0800971
-8.01356e-11 -0.0801356
-8.01742e-11 -0.0801742
-8.02128e-11 -0.0802128
-8.02513e-11 -0.0802513
-8.02899e-11 -0.0802899
-8.03285e-11 -0.0803285
-8.0367e-11 -0.080367
-8.04056e-11 -0.0804056
-8.04442e-11 -0.0804442
-8.04827e-11 -0.0804827
-8.05213e-11 -0.0805213
-8.05599e-11 -0.0805599
-8.05984e-11 -0.0805984
-8.0637e-11 -0.080637
-8.06756e-11 -0.0806756
-8.07141e-11 -0.0807141
-8.07527e-11 -0.0807527
-8.07913e-11 -0.0807913
-8.08298e-11 -0.0808298
-8.08684e-11 -0.0808684
-8.0907e-11 -0.080907
-8.09455e-11 -0.0809455
-8.09841e-11 -0.0809841
-8.10227e-11 -0.0810227
-8.10613e-11 -0.0810613
-8.10998e-11 -0.0810998
-8.11384e-11 -0.0811384
-8.1177e-11 -0.081177
-8.12155e-11 -0.0812155
-8.12541e-11 -0.0812541
-8.12927e-11 -0.0812927
-8.13312e-11 -0.0813312
-8.13698e-11 -0.0813698
-8.14084e-11 -0.0814084
-8.14469e-11 -0.0814469
-8.14855e-11 -0.0814855
-8.15241e-11 -0.0815241
-8.15626e-11 -0.0815626
-8.16012e-11 -0.0816012
-8.16398e-11 -0.0816398
-8.16783e-11 -0.0816783
-8.17169e-11 -0.0817169
-8.17555e-11 -0.0817555
-8.1794e-11 -0.081794
-8.18326e-11 -0.0818326
-8.18712e-11 -0.0818712
-8.19097e-11 -0.0819097
-8.19483e-11 -0.0819483
-8.19869e-11 -0.0819869
-8.20254e-11 -0.0820254
-8.2064e-11 -0.082064
-8.21026e-11 -0.0821026
-8.21411e-11 -0.0821411
-8.21797e-11 -0.0821797
-8.22183e-11 -0.0822183
-8.22568e-11 -0.0822568
-8.22954e-11 -0.0822954
-8.2334e-11 -0.082334
-8.23725e-11 -0.0823725
-8.24111e-11 -0.0824111
-8.24497e-11 -0.0824497
-8.24882e-11 -0.0824882
-8.25268e-11 -0.0825268
-8.25654e-11 -0.0825654
-8.26039e-11 -0.0826039
-8.26425e-11 -0.0826425
-8.26811e-11 -0.0826811
-8.27196e-11 -0.0827196
-8.27582e-11 -0.0827582
-8.27968e-11 -0.0827968
-8.28353e-11 -0.0828353
-8.28739e-11 -0.0828739
-8.29125e-11 -0.0829125
-8.2951e-11 -0.082951
-8.29896e-11 -0.0829896
-8.30282e-11 -0.0830282
-8.30667e-11 -0.0830667
-8.31053e-11 -0.0831053
-8.31439e-11 -0.0831439
-8.31824e-11 -0.0831824
-8.3221e-11 -0.083221
-8.32596e-11 -0.0832596
-8.32981e-11 -0.0832981
-8.33367e-11 -0.0833367
-8.33753e-11 -0.0833753
-8.34138e-11 -0.0834138
-8.34524e-11 -0.0834524
-8.3491e-11 -0.083491
-8.35295e-11 -0.0835295
-8.35681e-11 -0.0835681
-8.36067e-11 -0.0836067
-8.36452e-11 -0.0836452
-8.36838e-11 -0.0836838
-8.37224e-11 -0.0837224
-8.37609e-11 -0.0837609
-8.37995e-11 -0.0837995
-8.38381e-11 -0.0838381
-8.38766e-11 -0.0838766
-8.39152e-11 -0.0839152
-8.39538e-11 -0.0839538
-8.39923e-11 -0.0839923
-8.40309e-11 -0.0840309
-8.40694e-11 -0.0840694
-8.4108e-11 -0.084108
-8.41466e-11 -0.0841466
-8.41851e-11 -0.0841851
-8.42237e-11 -0.0842237
-8.42623e-11 -0.0842623
-8.43008e-11 -0.0843008
-8.43394e-11 -0.0843394
-8.4378e-11 -0.084378
-8.44165e-11 -0.0844165
-8.44551e-11 -0.0844551
-8.44937e-11 -0.0844937
-8.45322e-11 -0.0845322
-8.45708e-11 -0.0845708
-8.46094e-11 -0.0846094
-8.46479e-11 -0.0846479
-8.46865e-11 -0.0846865
-8.47251e-11 -0.0847251
-8.47636e-11 -0.0847636
-8.48022e-11 -0.0848022
-8.48408e-11 -0.0848408
-8.48793e-11 -0.0848793
-8.49179e-11 -0.0849179
-8.49565e-11 -0.0849565
-8.4995e-11 -0.084995
-8.50336e-11 -0.0850336
-8.50722e-11 -0.0850722
-8.51107e-11 -0.0851107
-8.51493e-11 -0.0851493
-8.51879e-11 -0.0851879
-8.52264e-11 -0.0852264
-8.5265e-11 -0.085265
-8.53035e-11 -0.0853035
-8.53421e-11 -0.0853421
-8.53807e-11 -0.0853807
-8.54192e-11 -0.0854192
-8.54578e-11 -0.0854578
-8.54964e-11 -0.0854964
-8.55349e-11 -0.0855349
-8.55735e-11 -0.0855735
-8.56121e-11 -0.0856121
-8.56506e-11 -0.0856506
-8.56892e-11 -0.0856892
-8.57278e-11 -0.0857278
-8.57663e-11 -0.0857663
-8.58049e-11 -0.0858049
-8.58435e-11 -0.0858435
-8.5882e-11 -0.085882
-8.59206e-11 -0.0859206
-8.59592e-11 -0.0859592
-8.59977e-11 -0.0859977
-8.60363e-11 -0.0860363
-8.60748e-11 -0.0860748
-8.61134e-11 -0.0861134
-8.6152e-11 -0.086152
-8.61905e-11 -0.0861905
-8.62291e-11 -0.0862291
-8.62677e-11 -0.0862677
-8.63062e-11 -0.0863062
-8.63448e-11 -0.0863448
-8.63834e-11 -0.0863834
-8.64219e-11 -0.0864219
-8.64605e-11 -0.0864605
-8.64991e-11 -0.0864991
-8.65376e-11 -0.0865376
-8.65762e-11 -0.0865762
-8.66148e-11 -0.0866148
-8.66533e-11 -0.0866533
-8.66919e-11 -0.0866919
-8.67304e-11 -0.0867304
-8.6769e-11 -0.086769
-8.68076e-11 -0.0868076
-8.68461e-11 -0.0868461
-8.68847e-11 -0.0868847
-8.69233e-11 -0.0869233
-8.69618e-11 -0.0869618
-8.70004e-11 -0.0870004
-8.7039e-11 -0.087039
-8.70775e-11 -0.0870775
-8.71161e-11 -0.0871161
-8.71547e-11 -0.0871547
-8.71932e-11 -0.0871932
-8.72318e-11 -0.0872318
-8.72703e-11 -0.0872703
-8.73089e-11 -0.0873089
-8.73475e-11 -0.0873475
-8.7386e-11 -0.087386
-8.74246e-11 -0.0874246
-8.74632e-11 -0.0874632
-8.75017e-11 -0.0875017
-8.75403e-11 -0.0875403
-8.75789e-11 -0.0875789
-8.76174e-11 -0.0876174
-8.7656e-11 -0.087656
-8.76946e-11 -0.0876946
-8.77331e-11 -0.0877331
-8.77717e-11 -0.0877717
-8.78102e-11 -0.0878102
-8.78488e-11 -0.0878488
-8.78874e-11 -0.0878874
-8.79259e-11 -0.0879259
-8.79645e-11 -0.0879645
-8.80031e-11 -0.0880031
-8.80416e-11 -0.0880416
-8.80802e-11 -0.0880802
-8.81188e-11 -0.0881188
-8.81573e-11 -0.0881573
-8.81959e-11 -0.0881959
-8.82344e-11 -0.0882344
-8.8273e-11 -0.088273
-8.83116e-11 -0.0883116
-8.83501e-11 -0.0883501
-8.83887e-11 -0.0883887
-8.84273e-11 -0.0884273
-8.84658e-11 -0.0884658
-8.85044e-11 -0.0885044
-8.8543e-11 -0.088543
-8.85815e-11 -0.0885815
-8.86201e-11 -0.0886201
-8.86586e-11 -0.0886586
-8.86972e-11 -0.0886972
-8.87358e-11 -0.0887358
-8.87743e-11 -0.0887743
-8.88129e-11 -0.0888129
-8.88515e-11 -0.0888515
-8.889e-11 -0.08889
-8.89286e-11 -0.0889286
-8.89672e-11 -0.0889672
-8.90057e-11 -0.0890057
-8.90443e-11 -0.0890443
-8.90828e-11 -0.0890828
-8.91214e-11 -0.0891214
-8.916e-11 -0.08916
-8.91985e-11 -0.0891985
-8.92371e-11 -0.0892371
-8.92757e-11 -0.0892757
-8.93142e-11 -0.0893142
-8.93528e-11 -0.0893528
-8.93914e-11 -0.0893914
-8.94299e-11 -0.0894299
-8.94685e-11 -0.0894685
-8.9507e-11 -0.089507
-8.95456e-11 -0.0895456
-8.95842e-11 -0.0895842
-8.96227e-11 -0.0896227
-8.96613e-11 -0.0896613
-8.96999e-11 -0.0896999
-8.97384e-11 -0.0897384
-8.9777e-11 -0.089777
-8.98155e-11 -0.0898155
-8.98541e-11 -0.0898541
-8.98927e-11 -0.0898927
-8.99312e-11 -0.0899312
-8.99698e-11 -0.0899698
-9.00084e-11 -0.0900084
-9.00469e-11 -0.0900469
-9.00855e-11 -0.0900855
-9.01241e-11 -0.0901241
-9.01626e-11 -0.0901626
-9.02012e-11 -0.0902012
-9.02397e-11 -0.0902397
-9.02783e-11 -0.0902783
-9.03169e-11 -0.0903169
-9.03554e-11 -0.0903554
-9.0394e-11 -0.090394
-9.04326e-11 -0.0904326
-9.04711e-11 -0.0904711
-9.05097e-11 -0.0905097
-9.05482e-11 -0.0905482
-9.05868e-11 -0.0905868
-9.06254e-11 -0.0906254
-9.06639e-11 -0.0906639
-9.07025e-11 -0.0907025
-9.07411e-11 -0.0907411
-9.07796e-11 -0.0907796
-9.08182e-11 -0.0908182
-9.08567e-11 -0.0908567
-9.08953e-11 -0.0908953
-9.09339e-11 -0.0909339
-9.09724e-11 -0.0909724
-9.1011e-11 -0.091011
-9.10496e-11 -0.0910496
-9.10881e-11 -0.0910881
-9.11267e-11 -0.0911267
-9.11652e-11 -0.0911652
-9.12038e-11 -0.0912038
-9.12424e-11 -0.0912424
-9.12809e-11 -0.0912809
-9.13195e-11 -0.0913195
-9.13581e-11 -0.0913581
-9.13966e-11 -0.0913966
-9.14352e-11 -0.0914352
-9.14737e-11 -0.0914737
-9.15123e-11 -0.0915123
-9.15509e-11 -0.0915509
-9.15894e-11 -0.0915894
-9.1628e-11 -0.091628
-9.16665e-11 -0.0916665
-9.17051e-11 -0.0917051
-9.17437e-11 -0.0917437
-9.17822e-11 -0.0917822
-9.18208e-11 -0.0918208
-9.18594e-11 -0.0918594
-9.18979e-11 -0.0918979
-9.19365e-11 -0.0919365
-9.1975e-11 -0.091975
-9.20136e-11 -0.0920136
-9.20522e-11 -0.0920522
-9.20907e-11 -0.0920907
-9.21293e-11 -0.0921293
-9.21679e-11 -0.0921679
-9.22064e-11 -0.0922064
-9.2245e-11 -0.092245
-9.22835e-11 -0.0922835
-9.23221e-11 -0.0923221
-9.23607e-11 -0.0923607
-9.23992e-11 -0.0923992
-9.24378e-11 -0.0924378
-9.24763e-11 -0.0924763
-9.25149e-11 -0.0925149
-9.25535e-11 -0.0925535
-9.2592e-11 -0.092592
-9.26306e-11 -0.0926306
-9.26692e-11 -0.0926692
-9.27077e-11 -0.0927077
-9.27463e-11 -0.0927463
-9.27848e-11 -0.0927848
-9.28234e-11 -0.0928234
-9.2862e-11 -0.092862
-9.29005e-11 -0.0929005
-9.29391e-11 -0.0929391
-9.29776e-11 -0.0929776
-9.30162e-11 -0.0930162
-9.30548e-11 -0.0930548
-9.30933e-11 -0.0930933
-9.31319e-11 -0.0931319
-9.31705e-11 -0.0931705
-9.3209e-11 -0.093209
-9.32476e-11 -0.0932476
-9.32861e-11 -0.0932861
-9.33247e-11 -0.0933247
-9.33633e-11 -0.0933633
-9.34018e-11 -0.0934018
-9.34404e-11 -0.0934404
-9.34789e-11 -0.0934789
-9.35175e-11 -0.0935175
-9.35561e-11 -0.0935561
-9.35946e-11 -0.0935946
-9.36332e-11 -0.0936332
-9.36717e-11 -0.0936717
-9.37103e-11 -0.0937103
-9.37489e-11 -0.0937489
-9.37874e-11 -0.0937874
-9.3826e-11 -0.093826
-9.38646e-11 -0.0938646
-9.39031e-11 -0.0939031
-9.39417e-11 -0.0939417
-9.39802e-11 -0.0939802
-9.40188e-11 -0.0940188
-9.40574e-11 -0.0940574
-9.40959e-11 -0.0940959
-9.41345e-11 -0.0941345
-9.4173e-11 -0.094173
-9.42116e-11 -0.0942116
-9.42502e-11 -0.0942502
-9.42887e-11 -0.0942887
-9.43273e-11 -0.0943273
-9.43658e-11 -0.0943658
-9.44044e-11 -0.0944044
-9.4443e-11 -0.094443
-9.44815e-11 -0.0944815
-9.45201e-11 -0.0945201
-9.45586e-11 -0.0945586
-9.45972e-11 -0.0945972
-9.46358e-11 -0.0946358
-9.46743e-11 -0.0946743
-9.47129e-11 -0.0947129
-9.47514e-11 -0.0947514
-9.479e-11 -0.09479
-9.48286e-11 -0.0948286
-9.48671e-11 -0.0948671
-9.49057e-11 -0.0949057
-9.49443e-11 -0.0949443
-9.49828e-11 -0.0949828
-9.50214e-11 -0.0950214
-9.50599e-11 -0.0950599
-9.50985e-11 -0.0950985
-9.51371e-11 -0.0951371
-9.51756e-11 -0.0951756
-9.52142e-11 -0.0952142
-9.52527e-11 -0.0952527
-9.52913e-11 -0.0952913
-9.53299e-11 -0.0953299
-9.53684e-11 -0.0953684
-9.5407e-11 -0.095407
-9.54455e-11 -0.0954455
-9.54841e-11 -0.0954841
-9.55227e-11 -0.0955227
-9.55612e-11 -0.0955612
-9.55998e-11 -0.0955998
-9.56383e-11 -0.0956383
-9.56769e-11 -0.0956769
-9.57155e-11 -0.0957155
-9.5754e-11 -0.095754
-9.57926e-11 -0.0957926
-9.58311e-11 -0.0958311
-9.58697e-11 -0.0958697
-9.59083e-11 -0.0959083
-9.59468e-11 -0.0959468
-9.59854e-11 -0.0959854
-9.60239e-11 -0.0960239
-9.60625e-11 -0.0960625
-9.61011e-11 -0.0961011
-9.61396e-11 -0.0961396
-9.61782e-11 -0.0961782
-9.62167e-11 -0.0962167
-9.62553e-11 -0.0962553
-9.62939e-11 -0.0962939
-9.63324e-11 -0.0963324
-9.6371e-11 -0.096371
-9.64095e-11 -0.0964095
-9.64481e-11 -0.0964481
-9.64867e-11 -0.0964867
-9.65252e-11 -0.0965252
-9.65638e-11 -0.0965638
-9.66023e-11 -0.0966023
-9.66409e-11 -0.0966409
-9.66794e-11 -0.0966794
-9.6718e-11 -0.096718
-9.67566e-11 -0.0967566
-9.67951e-11 -0.0967951
-9.68337e-11 -0.0968337
-9.68722e-11 -0.0968722
-9.69108e-11 -0.0969108
-9.69494e-11 -0.0969494
-9.69879e-11 -0.0969879
-9.70265e-11 -0.0970265
-9.7065e-11 -0.097065
-9.71036e-11 -0.0971036
-9.71422e-11 -0.0971422
-9.71807e-11 -0.0971807
-9.72193e-11 -0.0972193
-9.72578e-11 -0.0972578
-9.72964e-11 -0.0972964
-9.7335e-11 -0.097335
-9.73735e-11 -0.0973735
-9.74121e-11 -0.0974121
-9.74506e-11 -0.0974506
-9.74892e-11 -0.0974892
-9.75278e-11 -0.0975278
-9.75663e-11 -0.0975663
-9.76049e-11 -0.0976049
-9.76434e-11 -0.0976434
-9.7682e-11 -0.097682
-9.77205e-11 -0.0977205
-9.77591e-11 -0.0977591
-9.77977e-11 -0.0977977
-9.78362e-11 -0.0978362
-9.78748e-11 -0.0978748
-9.79133e-11 -0.0979133
-9.79519e-11 -0.0979519
-9.79905e-11 -0.0979905
-9.8029e-11 -0.098029
-9.80676e-11 -0.0980676
-9.81061e-11 -0.0981061
-9.81447e-11 -0.0981447
-9.81833e-11 -0.0981833
-9.82218e-11 -0.0982218
-9.82604e-11 -0.0982604
-9.82989e-11 -0.0982989
-9.83375e-11 -0.0983375
-9.8376e-11 -0.098376
-9.84146e-11 -0.0984146
-9.84532e-11 -0.0984532
-9.84917e-11 -0.0984917
-9.85303e-11 -0.0985303
-9.85688e-11 -0.0985688
-9.86074e-11 -0.0986074
-9.8646e-11 -0.098646
-9.86845e-11 -0.0986845
-9.87231e-11 -0.0987231
-9.87616e-11 -0.0987616
-9.88002e-11 -0.0988002
-9.88388e-11 -0.0988388
-9.88773e-11 -0.0988773
-9.89159e-11 -0.0989159
-9.89544e-11 -0.0989544
-9.8993e-11 -0.098993
-9.90315e-11 -0.0990315
-9.90701e-11 -0.0990701
-9.91087e-11 -0.0991087
-9.91472e-11 -0.0991472
-9.91858e-11 -0.0991858
-9.92243e-11 -0.0992243
-9.92629e-11 -0.0992629
-9.93015e-11 -0.0993015
-9.934e-11 -0.09934
-9.93786e-11 -0.0993786
-9.94171e-11 -0.0994171
-9.94557e-11 -0.0994557
-9.94942e-11 -0.0994942
-9.95328e-11 -0.0995328
-9.95714e-11 -0.0995714
-9.96099e-11 -0.0996099
-9.96485e-11 -0.0996485
-9.9687e-11 -0.099687
-9.97256e-11 -0.0997256
-9.97641e-11 -0.0997641
-9.98027e-11 -0.0998027
-9.98413e-11 -0.0998413
-9.98798e-11 -0.0998798
-9.99184e-11 -0.0999184
-9.99569e-11 -0.0999569
-9.99955e-11 -0.0999955
-1.00034e-10 -0.100034
-1.00073e-10 -0.100073
-1.00111e-10 -0.100111
-1.0015e-10 -0.10015
-1.00188e-10 -0.100188
-1.00227e-10 -0.100227
-1.00265e-10 -0.100265
-1.00304e-10 -0.100304
-1.00343e-10 -0.100343
-1.00381e-10 -0.100381
-1.0042e-10 -0.10042
-1.00458e-10 -0.100458
-1.00497e-10 -0.100497
-1.00535e-10 -0.100535
-1.00574e-10 -0.100574
-1.00612e-10 -0.100612
-1.00651e-10 -0.100651
-1.0069e-10 -0.10069
-1.00728e-10 -0.100728
-1.00767e-10 -0.100767
-1.00805e-10 -0.100805
-1.00844e-10 -0.100844
-1.00882e-10 -0.100882
-1.00921e-10 -0.100921
-1.00959e-10 -0.100959
-1.00998e-10 -0.100998
-1.01037e-10 -0.101037
-1.01075e-10 -0.101075
-1.01114e-10 -0.101114
-1.01152e-10 -0.101152
-1.01191e-10 -0.101191
-1.01229e-10 -0.101229
-1.01268e-10 -0.101268
-1.01306e-10 -0.101306
-1.01345e-10 -0.101345
-1.01384e-10 -0.101384
-1.01422e-10 -0.101422
-1.01461e-10 -0.101461
-1.01499e-10 -0.101499
-1.01538e-10 -0.101538
-1.01576e-10 -0.101576
-1.01615e-10 -0.101615
-1.01653e-10 -0.101653
-1.01692e-10 -0.101692
-1.01731e-10 -0.101731
-1.01769e-10 -0.101769
-1.01808e-10 -0.101808
-1.01846e-10 -0.101846
-1.01885e-10 -0.101885
-1.01923e-10 -0.101923
-1.01962e-10 -0.101962
-1.02e-10 -0.102
-1.02039e-10 -0.102039
-1.02078e-10 -0.102078
-1.02116e-10 -0.102116
-1.02155e-10 -0.102155
-1.02193e-10 -0.102193
-1.02232e-10 -0.102232
-1.0227e-10 -0.10227
-1.02309e-10 -0.102309
-1.02347e-10 -0.102347
-1.02386e-10 -0.102386
-1.02425e-10 -0.102425
-1.02463e-10 -0.102463
-1.02502e-10 -0.102502
-1.0254e-10 -0.10254
-1.02579e-10 -0.102579
-1.02617e-10 -0.102617
-1.02656e-10 -0.102656
-1.02694e-10 -0.102694
-1.02733e-10 -0.102733
-1.02772e-10 -0.102772
-1.0281e-10 -0.10281
-1.02849e-10 -0.102849
-1.02887e-10 -0.102887
-1.02926e-10 -0.102926
-1.02964e-10 -0.102964
-1.03003e-10 -0.103003
-1.03042e-10 -0.103042
-1.0308e-10 -0.10308
-1.03119e-10 -0.103119
-1.03157e-10 -0.103157
-1.03196e-10 -0.103196
-1.03234e-10 -0.103234
-1.03273e-10 -0.103273
-1.03311e-10 -0.103311
-1.0335e-10 -0.10335
-1.03389e-10 -0.103389
-1.03427e-10 -0.103427
-1.03466e-10 -0.103466
-1.03504e-10 -0.103504
-1.03543e-10 -0.103543
-1.03581e-10 -0.103581
-1.0362e-10 -0.10362
-1.03658e-10 -0.103658
-1.03697e-10 -0.103697
-1.03736e-10 -0.103736
-1.03774e-10 -0.103774
-1.03813e-10 -0.103813
-1.03851e-10 -0.103851
-1.0389e-10 -0.10389
-1.03928e-10 -0.103928
-1.03967e-10 -0.103967
-1.04005e-10 -0.104005
-1.04044e-10 -0.104044
-1.04083e-10 -0.104083
-1.04121e-10 -0.104121
-1.0416e-10 -0.10416
-1.04198e-10 -0.104198
-1.04237e-10 -0.104237
-1.04275e-10 -0.104275
-1.04314e-10 -0.104314
-1.04352e-10 -0.104352
-1.04391e-10 -0.104391
-1.0443e-10 -0.10443
-1.04468e-10 -0.104468
-1.04507e-10 -0.104507
-1.04545e-10 -0.104545
-1.04584e-10 -0.104584
-1.04622e-10 -0.104622
-1.04661e-10 -0.104661
-1.04699e-10 -0.104699
-1.04738e-10 -0.104738
-1.04777e-10 -0.104777
-1.04815e-10 -0.104815
-1.04854e-10 -0.104854
-1.04892e-10 -0.104892
-1.04931e-10 -0.104931
-1.04969e-10 -0.104969
-1.05008e-10 -0.105008
-1.05046e-10 -0.105046
-1.05085e-10 -0.105085
-1.05124e-10 -0.105124
-1.05162e-10 -0.105162
-1.05201e-10 -0.105201
-1.05239e-10 -0.105239
-1.05278e-10 -0.105278
-1.05316e-10 -0.105316
-1.05355e-10 -0.105355
-1.05393e-10 -0.105393
-1.05432e-10 -0.105432
-1.05471e-10 -0.105471
-1.05509e-10 -0.105509
-1.05548e-10 -0.105548
-1.05586e-10 -0.105586
-1.05625e-10 -0.105625
-1.05663e-10 -0.105663
-1.05702e-10 -0.105702
-1.0574e-10 -0.10574
-1.05779e-10 -0.105779
-1.05818e-10 -0.105818
-1.05856e-10 -0.105856
-1.05895e-10 -0.105895
-1.05933e-10 -0.105933
-1.05972e-10 -0.105972
-1.0601e-10 -0.10601
-1.06049e-10 -0.106049
-1.06087e-10 -0.106087
