4.86958e-15 4.86958e-06
9.73914e-15 9.73914e-06
1.46087e-14 1.46087e-05
1.94782e-14 1.94782e-05
2.43478e-14 2.43478e-05
2.92173e-14 2.92173e-05
3.40868e-14 3.40868e-05
3.89562e-14 3.89562e-05
4.38256e-14 4.38256e-05
4.8695e-14 4.8695e-05
9.77126e-14 9.77126e-05
1.4673e-13 0.00014673
1.95748e-13 0.000195748
2.44765e-13 0.000244765
2.93783e-13 0.000293783
3.428e-13 0.0003428
3.91817e-13 0.000391817
4.40835e-13 0.000440835
4.89852e-13 0.000489852
5.3887e-13 0.00053887
5.87887e-13 0.000587887
6.36904e-13 0.000636904
6.85922e-13 0.000685922
7.34939e-13 0.000734939
7.83956e-13 0.000783956
8.32973e-13 0.000832973
8.8199e-13 0.00088199
9.31007e-13 0.000931007
9.80024e-13 0.000980024
1.02904e-12 0.00102904
1.07806e-12 0.00107806
1.12708e-12 0.00112708
1.17609e-12 0.00117609
1.22511e-12 0.00122511
1.27413e-12 0.00127413
1.32314e-12 0.00132314
1.37216e-12 0.00137216
1.42118e-12 0.00142118
1.47019e-12 0.00147019
1.51921e-12 0.00151921
1.56823e-12 0.00156823
1.61724e-12 0.00161724
1.66626e-12 0.00166626
1.71528e-12 0.00171528
1.76429e-12 0.00176429
1.81331e-12 0.00181331
1.86233e-12 0.00186233
1.91134e-12 0.00191134
1.96036e-12 0.00196036
2.00938e-12 0.00200938
2.05839e-12 0.00205839
2.10741e-12 0.00210741
2.15643e-12 0.00215643
2.20544e-12 0.00220544
2.25446e-12 0.00225446
2.30348e-12 0.00230348
2.35249e-12 0.00235249
2.40151e-12 0.00240151
2.45052e-12 0.00245052
2.49954e-12 0.00249954
2.54856e-12 0.00254856
2.59757e-12 0.00259757
2.64659e-12 0.00264659
2.69561e-12 0.00269561
2.74462e-12 0.00274462
2.79364e-12 0.00279364
2.84265e-12 0.00284265
2.89167e-12 0.00289167
2.94069e-12 0.00294069
2.9897e-12 0.0029897
3.03872e-12 0.00303872
3.08773e-12 0.00308773
3.13675e-12 0.00313675
3.18577e-12 0.00318577
3.23478e-12 0.00323478
3.2838e-12 0.0032838
3.33281e-12 0.00333281
3.38183e-12 0.00338183
3.43084e-12 0.00343084
3.47986e-12 0.00347986
3.52888e-12 0.00352888
3.57789e-12 0.00357789
3.62691e-12 0.00362691
3.67592e-12 0.00367592
3.72494e-12 0.00372494
3.77395e-12 0.00377395
3.82297e-12 0.00382297
3.87199e-12 0.00387199
3.921e-12 0.003921
3.97002e-12 0.00397002
4.01903e-12 0.00401903
4.06805e-12 0.00406805
4.11706e-12 0.00411706
4.16608e-12 0.00416608
4.21509e-12 0.00421509
4.26411e-12 0.00426411
4.31312e-12 0.00431312
4.36214e-12 0.00436214
4.41115e-12 0.00441115
4.46017e-12 0.00446017
4.50918e-12 0.00450918
4.5582e-12 0.0045582
4.60721e-12 0.00460721
4.65623e-12 0.00465623
4.70524e-12 0.00470524
4.75426e-12 0.00475426
4.80327e-12 0.00480327
4.85229e-12 0.00485229
4.90131e-12 0.00490131
4.95032e-12 0.00495032
4.99933e-12 0.00499933
5.04835e-12 0.00504835
5.09736e-12 0.00509736
5.14638e-12 0.00514638
5.19539e-12 0.00519539
5.24441e-12 0.00524441
5.29342e-12 0.00529342
5.34244e-12 0.00534244
5.39145e-12 0.00539145
5.44047e-12 0.00544047
5.48948e-12 0.00548948
5.5385e-12 0.0055385
5.58751e-12 0.00558751
5.63653e-12 0.00563653
5.68554e-12 0.00568554
5.73455e-12 0.00573455
5.78357e-12 0.00578357
5.83258e-12 0.00583258
5.8816e-12 0.0058816
5.93061e-12 0.00593061
5.97963e-12 0.00597963
6.02864e-12 0.00602864
6.07765e-12 0.00607765
6.12667e-12 0.00612667
6.17568e-12 0.00617568
6.2247e-12 0.0062247
6.27371e-12 0.00627371
6.32273e-12 0.00632273
6.37174e-12 0.00637174
6.42075e-12 0.00642075
6.46977e-12 0.00646977
6.51878e-12 0.00651878
6.5678e-12 0.0065678
6.61681e-12 0.00661681
6.66582e-12 0.00666582
6.71484e-12 0.00671484
6.76385e-12 0.00676385
6.81287e-12 0.00681287
6.86188e-12 0.00686188
6.91089e-12 0.00691089
6.95991e-12 0.00695991
7.00892e-12 0.00700892
7.05793e-12 0.00705793
7.10695e-12 0.00710695
7.15596e-12 0.00715596
7.20498e-12 0.00720498
7.25399e-12 0.00725399
7.303e-12 0.007303
7.35202e-12 0.00735202
7.40103e-12 0.00740103
7.45004e-12 0.00745004
7.49906e-12 0.00749906
7.54807e-12 0.00754807
7.59708e-12 0.00759708
7.6461e-12 0.0076461
7.69511e-12 0.00769511
7.74412e-12 0.00774412
7.79314e-12 0.00779314
7.84215e-12 0.00784215
7.89116e-12 0.00789116
7.94018e-12 0.00794018
7.98919e-12 0.00798919
8.0382e-12 0.0080382
8.08722e-12 0.00808722
8.13623e-12 0.00813623
8.18524e-12 0.00818524
8.23426e-12 0.00823426
8.28327e-12 0.00828327
8.33228e-12 0.00833228
8.38129e-12 0.00838129
8.43031e-12 0.00843031
8.47932e-12 0.00847932
8.52833e-12 0.00852833
8.57735e-12 0.00857735
8.62636e-12 0.00862636
8.67537e-12 0.00867537
8.72438e-12 0.00872438
8.7734e-12 0.0087734
8.82241e-12 0.00882241
8.87142e-12 0.00887142
8.92044e-12 0.00892044
8.96945e-12 0.00896945
9.01846e-12 0.00901846
9.06747e-12 0.00906747
9.11649e-12 0.00911649
9.1655e-12 0.0091655
9.21451e-12 0.00921451
9.26352e-12 0.00926352
9.31254e-12 0.00931254
9.36155e-12 0.00936155
9.41056e-12 0.00941056
9.45957e-12 0.00945957
9.50859e-12 0.00950859
9.5576e-12 0.0095576
9.60661e-12 0.00960661
9.65562e-12 0.00965562
9.70464e-12 0.00970464
9.75365e-12 0.00975365
9.80266e-12 0.00980266
9.85167e-12 0.00985167
9.90068e-12 0.00990068
9.9497e-12 0.0099497
9.99871e-12 0.00999871
1.00477e-11 0.0100477
1.00967e-11 0.0100967
1.01457e-11 0.0101457
1.01948e-11 0.0101948
1.02438e-11 0.0102438
1.02928e-11 0.0102928
1.03418e-11 0.0103418
1.03908e-11 0.0103908
1.04398e-11 0.0104398
1.04888e-11 0.0104888
1.05378e-11 0.0105378
1.05869e-11 0.0105869
1.06359e-11 0.0106359
1.06849e-11 0.0106849
1.07339e-11 0.0107339
1.07829e-11 0.0107829
1.08319e-11 0.0108319
1.08809e-11 0.0108809
1.09299e-11 0.0109299
1.09789e-11 0.0109789
1.1028e-11 0.011028
1.1077e-11 0.011077
1.1126e-11 0.011126
1.1175e-11 0.011175
1.1224e-11 0.011224
1.1273e-11 0.011273
1.1322e-11 0.011322
1.1371e-11 0.011371
1.142e-11 0.01142
1.14691e-11 0.0114691
1.15181e-11 0.0115181
1.15671e-11 0.0115671
1.16161e-11 0.0116161
1.16651e-11 0.0116651
1.17141e-11 0.0117141
1.17631e-11 0.0117631
1.18121e-11 0.0118121
1.18611e-11 0.0118611
1.19102e-11 0.0119102
1.19592e-11 0.0119592
1.20082e-11 0.0120082
1.20572e-11 0.0120572
1.21062e-11 0.0121062
1.21552e-11 0.0121552
1.22042e-11 0.0122042
1.22532e-11 0.0122532
1.23022e-11 0.0123022
1.23513e-11 0.0123513
1.24003e-11 0.0124003
1.24493e-11 0.0124493
1.24983e-11 0.0124983
1.25473e-11 0.0125473
1.25963e-11 0.0125963
1.26453e-11 0.0126453
1.26943e-11 0.0126943
1.27433e-11 0.0127433
1.27924e-11 0.0127924
1.28414e-11 0.0128414
1.28904e-11 0.0128904
1.29394e-11 0.0129394
1.29884e-11 0.0129884
1.30374e-11 0.0130374
1.30864e-11 0.0130864
1.31354e-11 0.0131354
1.31844e-11 0.0131844
1.32334e-11 0.0132334
1.32825e-11 0.0132825
1.33315e-11 0.0133315
1.33805e-11 0.0133805
1.34295e-11 0.0134295
1.34785e-11 0.0134785
1.35275e-11 0.0135275
1.35765e-11 0.0135765
1.36255e-11 0.0136255
1.36745e-11 0.0136745
1.37235e-11 0.0137235
1.37726e-11 0.0137726
1.38216e-11 0.0138216
1.38706e-11 0.0138706
1.39196e-11 0.0139196
1.39686e-11 0.0139686
1.40176e-11 0.0140176
1.40666e-11 0.0140666
1.41156e-11 0.0141156
1.41646e-11 0.0141646
1.42136e-11 0.0142136
1.42627e-11 0.0142627
1.43117e-11 0.0143117
1.43607e-11 0.0143607
1.44097e-11 0.0144097
1.44587e-11 0.0144587
1.45077e-11 0.0145077
1.45567e-11 0.0145567
1.46057e-11 0.0146057
1.46547e-11 0.0146547
1.47037e-11 0.0147037
1.47528e-11 0.0147528
1.48018e-11 0.0148018
1.48508e-11 0.0148508
1.48998e-11 0.0148998
1.49488e-11 0.0149488
1.49978e-11 0.0149978
1.50468e-11 0.0150468
1.50958e-11 0.0150958
1.51448e-11 0.0151448
1.51938e-11 0.0151938
1.52428e-11 0.0152428
1.52919e-11 0.0152919
1.53409e-11 0.0153409
1.53899e-11 0.0153899
1.54389e-11 0.0154389
1.54879e-11 0.0154879
1.55369e-11 0.0155369
1.55859e-11 0.0155859
1.56349e-11 0.0156349
1.56839e-11 0.0156839
1.57329e-11 0.0157329
1.57819e-11 0.0157819
1.5831e-11 0.015831
1.588e-11 0.01588
1.5929e-11 0.015929
1.5978e-11 0.015978
1.6027e-11 0.016027
1.6076e-11 0.016076
1.6125e-11 0.016125
1.6174e-11 0.016174
1.6223e-11 0.016223
1.6272e-11 0.016272
1.6321e-11 0.016321
1.637e-11 0.01637
1.64191e-11 0.0164191
1.64681e-11 0.0164681
1.65171e-11 0.0165171
1.65661e-11 0.0165661
1.66151e-11 0.0166151
1.66641e-11 0.0166641
1.67131e-11 0.0167131
1.67621e-11 0.0167621
1.68111e-11 0.0168111
1.68601e-11 0.0168601
1.69091e-11 0.0169091
1.69581e-11 0.0169581
1.70072e-11 0.0170072
1.70562e-11 0.0170562
1.71052e-11 0.0171052
1.71542e-11 0.0171542
1.72032e-11 0.0172032
1.72522e-11 0.0172522
1.73012e-11 0.0173012
1.73502e-11 0.0173502
1.73992e-11 0.0173992
1.74482e-11 0.0174482
1.74972e-11 0.0174972
1.75462e-11 0.0175462
1.75953e-11 0.0175953
1.76443e-11 0.0176443
1.76933e-11 0.0176933
1.77423e-11 0.0177423
1.77913e-11 0.0177913
1.78403e-11 0.0178403
1.78893e-11 0.0178893
1.79383e-11 0.0179383
1.79873e-11 0.0179873
1.80363e-11 0.0180363
1.80853e-11 0.0180853
1.81343e-11 0.0181343
1.81833e-11 0.0181833
1.82324e-11 0.0182324
1.82814e-11 0.0182814
1.83304e-11 0.0183304
1.83794e-11 0.0183794
1.84284e-11 0.0184284
1.84774e-11 0.0184774
1.85264e-11 0.0185264
1.85754e-11 0.0185754
1.86244e-11 0.0186244
1.86734e-11 0.0186734
1.87224e-11 0.0187224
1.87714e-11 0.0187714
1.88204e-11 0.0188204
1.88694e-11 0.0188694
1.89185e-11 0.0189185
1.89675e-11 0.0189675
1.90165e-11 0.0190165
1.90655e-11 0.0190655
1.91145e-11 0.0191145
1.91635e-11 0.0191635
1.92125e-11 0.0192125
1.92615e-11 0.0192615
1.93105e-11 0.0193105
1.93595e-11 0.0193595
1.94085e-11 0.0194085
1.94575e-11 0.0194575
1.95065e-11 0.0195065
1.95555e-11 0.0195555
1.96046e-11 0.0196046
1.96536e-11 0.0196536
1.97026e-11 0.0197026
1.97516e-11 0.0197516
1.98006e-11 0.0198006
1.98496e-11 0.0198496
1.98986e-11 0.0198986
1.99476e-11 0.0199476
1.99966e-11 0.0199966
2.00456e-11 0.0200456
2.00946e-11 0.0200946
2.01436e-11 0.0201436
2.01926e-11 0.0201926
2.02416e-11 0.0202416
2.02906e-11 0.0202906
2.03397e-11 0.0203397
2.03887e-11 0.0203887
2.04377e-11 0.0204377
2.04867e-11 0.0204867
2.05357e-11 0.0205357
2.05847e-11 0.0205847
2.06337e-11 0.0206337
2.06827e-11 0.0206827
2.07317e-11 0.0207317
2.07807e-11 0.0207807
2.08297e-11 0.0208297
2.08787e-11 0.0208787
2.09277e-11 0.0209277
2.09767e-11 0.0209767
2.10257e-11 0.0210257
2.10747e-11 0.0210747
2.11237e-11 0.0211237
2.11728e-11 0.0211728
2.12218e-11 0.0212218
2.12708e-11 0.0212708
2.13198e-11 0.0213198
2.13688e-11 0.0213688
2.14178e-11 0.0214178
2.14668e-11 0.0214668
2.15158e-11 0.0215158
2.15648e-11 0.0215648
2.16138e-11 0.0216138
2.16628e-11 0.0216628
2.17118e-11 0.0217118
2.17608e-11 0.0217608
2.18098e-11 0.0218098
2.18588e-11 0.0218588
2.19078e-11 0.0219078
2.19568e-11 0.0219568
2.20059e-11 0.0220059
2.20549e-11 0.0220549
2.21039e-11 0.0221039
2.21529e-11 0.0221529
2.22019e-11 0.0222019
2.22509e-11 0.0222509
2.22999e-11 0.0222999
2.23489e-11 0.0223489
2.23979e-11 0.0223979
2.24469e-11 0.0224469
2.24959e-11 0.0224959
2.25449e-11 0.0225449
2.25939e-11 0.0225939
2.26429e-11 0.0226429
2.26919e-11 0.0226919
2.27409e-11 0.0227409
2.27899e-11 0.0227899
2.28389e-11 0.0228389
2.28879e-11 0.0228879
2.29369e-11 0.0229369
2.2986e-11 0.022986
2.3035e-11 0.023035
2.3084e-11 0.023084
2.3133e-11 0.023133
2.3182e-11 0.023182
2.3231e-11 0.023231
2.328e-11 0.02328
2.3329e-11 0.023329
2.3378e-11 0.023378
2.3427e-11 0.023427
2.3476e-11 0.023476
2.3525e-11 0.023525
2.3574e-11 0.023574
2.3623e-11 0.023623
2.3672e-11 0.023672
2.3721e-11 0.023721
2.377e-11 0.02377
2.3819e-11 0.023819
2.3868e-11 0.023868
2.3917e-11 0.023917
2.3966e-11 0.023966
2.40151e-11 0.0240151
2.40641e-11 0.0240641
2.41131e-11 0.0241131
2.41621e-11 0.0241621
2.42111e-11 0.0242111
2.42601e-11 0.0242601
2.43091e-11 0.0243091
2.43581e-11 0.0243581
2.44071e-11 0.0244071
2.44561e-11 0.0244561
2.45051e-11 0.0245051
2.45541e-11 0.0245541
2.46031e-11 0.0246031
2.46521e-11 0.0246521
2.47011e-11 0.0247011
2.47501e-11 0.0247501
2.47991e-11 0.0247991
2.48481e-11 0.0248481
2.48971e-11 0.0248971
2.49461e-11 0.0249461
2.49951e-11 0.0249951
2.50441e-11 0.0250441
2.50931e-11 0.0250931
2.51421e-11 0.0251421
2.51911e-11 0.0251911
2.52401e-11 0.0252401
2.52892e-11 0.0252892
2.53382e-11 0.0253382
2.53872e-11 0.0253872
2.54362e-11 0.0254362
2.54852e-11 0.0254852
2.55342e-11 0.0255342
2.55832e-11 0.0255832
2.56322e-11 0.0256322
2.56812e-11 0.0256812
2.57302e-11 0.0257302
2.57792e-11 0.0257792
2.58282e-11 0.0258282
2.58772e-11 0.0258772
2.59262e-11 0.0259262
2.59752e-11 0.0259752
2.60242e-11 0.0260242
2.60732e-11 0.0260732
2.61222e-11 0.0261222
2.61712e-11 0.0261712
2.62202e-11 0.0262202
2.62692e-11 0.0262692
2.63182e-11 0.0263182
2.63672e-11 0.0263672
2.64162e-11 0.0264162
2.64652e-11 0.0264652
2.65142e-11 0.0265142
2.65632e-11 0.0265632
2.66122e-11 0.0266122
2.66612e-11 0.0266612
2.67102e-11 0.0267102
2.67592e-11 0.0267592
2.68083e-11 0.0268083
2.68573e-11 0.0268573
2.69063e-11 0.0269063
2.69553e-11 0.0269553
2.70043e-11 0.0270043
2.70533e-11 0.0270533
2.71023e-11 0.0271023
2.71513e-11 0.0271513
2.72003e-11 0.0272003
2.72493e-11 0.0272493
2.72983e-11 0.0272983
2.73473e-11 0.0273473
2.73963e-11 0.0273963
2.74453e-11 0.0274453
2.74943e-11 0.0274943
2.75433e-11 0.0275433
2.75923e-11 0.0275923
2.76413e-11 0.0276413
2.76903e-11 0.0276903
2.77393e-11 0.0277393
2.77883e-11 0.0277883
2.78373e-11 0.0278373
2.78863e-11 0.0278863
2.79353e-11 0.0279353
2.79843e-11 0.0279843
2.80333e-11 0.0280333
2.80823e-11 0.0280823
2.81313e-11 0.0281313
2.81803e-11 0.0281803
2.82293e-11 0.0282293
2.82783e-11 0.0282783
2.83273e-11 0.0283273
2.83763e-11 0.0283763
2.84253e-11 0.0284253
2.84743e-11 0.0284743
2.85233e-11 0.0285233
2.85723e-11 0.0285723
2.86213e-11 0.0286213
2.86703e-11 0.0286703
2.87193e-11 0.0287193
2.87683e-11 0.0287683
2.88173e-11 0.0288173
2.88663e-11 0.0288663
2.89153e-11 0.0289153
2.89643e-11 0.0289643
2.90133e-11 0.0290133
2.90623e-11 0.0290623
2.91113e-11 0.0291113
2.91604e-11 0.0291604
2.92094e-11 0.0292094
2.92584e-11 0.0292584
2.93074e-11 0.0293074
2.93564e-11 0.0293564
2.94054e-11 0.0294054
2.94544e-11 0.0294544
2.95034e-11 0.0295034
2.95524e-11 0.0295524
2.96014e-11 0.0296014
2.96504e-11 0.0296504
2.96994e-11 0.0296994
2.97484e-11 0.0297484
2.97974e-11 0.0297974
2.98464e-11 0.0298464
2.98954e-11 0.0298954
2.99444e-11 0.0299444
2.99934e-11 0.0299934
3.00424e-11 0.0300424
3.00914e-11 0.0300914
3.01404e-11 0.0301404
3.01894e-11 0.0301894
3.02384e-11 0.0302384
3.02874e-11 0.0302874
3.03364e-11 0.0303364
3.03854e-11 0.0303854
3.04344e-11 0.0304344
3.04834e-11 0.0304834
3.05324e-11 0.0305324
3.05814e-11 0.0305814
3.06304e-11 0.0306304
3.06794e-11 0.0306794
3.07284e-11 0.0307284
3.07774e-11 0.0307774
3.08264e-11 0.0308264
3.08754e-11 0.0308754
3.09244e-11 0.0309244
3.09734e-11 0.0309734
3.10224e-11 0.0310224
3.10714e-11 0.0310714
3.11204e-11 0.0311204
3.11694e-11 0.0311694
3.12184e-11 0.0312184
3.12674e-11 0.0312674
3.13164e-11 0.0313164
3.13654e-11 0.0313654
3.14144e-11 0.0314144
3.14634e-11 0.0314634
3.15124e-11 0.0315124
3.15614e-11 0.0315614
3.16104e-11 0.0316104
3.16594e-11 0.0316594
3.17084e-11 0.0317084
3.17574e-11 0.0317574
3.18064e-11 0.0318064
3.18554e-11 0.0318554
3.19044e-11 0.0319044
3.19534e-11 0.0319534
3.20024e-11 0.0320024
3.20514e-11 0.0320514
3.21004e-11 0.0321004
3.21494e-11 0.0321494
3.21984e-11 0.0321984
3.22474e-11 0.0322474
3.22964e-11 0.0322964
3.23454e-11 0.0323454
3.23944e-11 0.0323944
3.24434e-11 0.0324434
3.24924e-11 0.0324924
3.25414e-11 0.0325414
3.25904e-11 0.0325904
3.26394e-11 0.0326394
3.26884e-11 0.0326884
3.27374e-11 0.0327374
3.27864e-11 0.0327864
3.28354e-11 0.0328354
3.28844e-11 0.0328844
3.29334e-11 0.0329334
3.29824e-11 0.0329824
3.30314e-11 0.0330314
3.30804e-11 0.0330804
3.31294e-11 0.0331294
3.31784e-11 0.0331784
3.32274e-11 0.0332274
3.32764e-11 0.0332764
3.33254e-11 0.0333254
3.33744e-11 0.0333744
3.34234e-11 0.0334234
3.34724e-11 0.0334724
3.35214e-11 0.0335214
3.35704e-11 0.0335704
3.36194e-11 0.0336194
3.36684e-11 0.0336684
3.37174e-11 0.0337174
3.37664e-11 0.0337664
3.38154e-11 0.0338154
3.38644e-11 0.0338644
3.39134e-11 0.0339134
3.39624e-11 0.0339624
3.40114e-11 0.0340114
3.40604e-11 0.0340604
3.41094e-11 0.0341094
3.41584e-11 0.0341584
3.42074e-11 0.0342074
3.42564e-11 0.0342564
3.43054e-11 0.0343054
3.43543e-11 0.0343543
3.44033e-11 0.0344033
3.44523e-11 0.0344523
3.45013e-11 0.0345013
3.45503e-11 0.0345503
3.45993e-11 0.0345993
3.46483e-11 0.0346483
3.46973e-11 0.0346973
3.47463e-11 0.0347463
3.47953e-11 0.0347953
3.48443e-11 0.0348443
3.48933e-11 0.0348933
3.49423e-11 0.0349423
3.49913e-11 0.0349913
3.50403e-11 0.0350403
3.50893e-11 0.0350893
3.51383e-11 0.0351383
3.51873e-11 0.0351873
3.52363e-11 0.0352363
3.52853e-11 0.0352853
3.53343e-11 0.0353343
3.53833e-11 0.0353833
3.54323e-11 0.0354323
3.54813e-11 0.0354813
3.55303e-11 0.0355303
3.55793e-11 0.0355793
3.56283e-11 0.0356283
3.56773e-11 0.0356773
3.57263e-11 0.0357263
3.57753e-11 0.0357753
3.58243e-11 0.0358243
3.58733e-11 0.0358733
3.59223e-11 0.0359223
3.59713e-11 0.0359713
3.60203e-11 0.0360203
3.60693e-11 0.0360693
3.61183e-11 0.0361183
3.61673e-11 0.0361673
3.62163e-11 0.0362163
3.62653e-11 0.0362653
3.63143e-11 0.0363143
3.63633e-11 0.0363633
3.64123e-11 0.0364123
3.64613e-11 0.0364613
3.65103e-11 0.0365103
3.65593e-11 0.0365593
3.66083e-11 0.0366083
3.66573e-11 0.0366573
3.67062e-11 0.0367062
3.67552e-11 0.0367552
3.68042e-11 0.0368042
3.68532e-11 0.0368532
3.69022e-11 0.0369022
3.69512e-11 0.0369512
3.70002e-11 0.0370002
3.70492e-11 0.0370492
3.70982e-11 0.0370982
3.71472e-11 0.0371472
3.71962e-11 0.0371962
3.72452e-11 0.0372452
3.72942e-11 0.0372942
3.73432e-11 0.0373432
3.73922e-11 0.0373922
3.74412e-11 0.0374412
3.74902e-11 0.0374902
3.75392e-11 0.0375392
3.75882e-11 0.0375882
3.76372e-11 0.0376372
3.76862e-11 0.0376862
3.77352e-11 0.0377352
3.77842e-11 0.0377842
3.78332e-11 0.0378332
3.78822e-11 0.0378822
3.79312e-11 0.0379312
3.79802e-11 0.0379802
3.80292e-11 0.0380292
3.80782e-11 0.0380782
3.81272e-11 0.0381272
3.81762e-11 0.0381762
3.82251e-11 0.0382251
3.82741e-11 0.0382741
3.83231e-11 0.0383231
3.83721e-11 0.0383721
3.84211e-11 0.0384211
3.84701e-11 0.0384701
3.85191e-11 0.0385191
3.85681e-11 0.0385681
3.86171e-11 0.0386171
3.86661e-11 0.0386661
3.87151e-11 0.0387151
3.87641e-11 0.0387641
3.88131e-11 0.0388131
3.88621e-11 0.0388621
3.89111e-11 0.0389111
3.89601e-11 0.0389601
3.90091e-11 0.0390091
3.90581e-11 0.0390581
3.91071e-11 0.0391071
3.91561e-11 0.0391561
3.92051e-11 0.0392051
3.92541e-11 0.0392541
3.93031e-11 0.0393031
3.93521e-11 0.0393521
3.94011e-11 0.0394011
3.94501e-11 0.0394501
3.9499e-11 0.039499
3.9548e-11 0.039548
3.9597e-11 0.039597
3.9646e-11 0.039646
3.9695e-11 0.039695
3.9744e-11 0.039744
3.9793e-11 0.039793
3.9842e-11 0.039842
3.9891e-11 0.039891
3.994e-11 0.03994
3.9989e-11 0.039989
4.0038e-11 0.040038
4.0087e-11 0.040087
4.0136e-11 0.040136
4.0185e-11 0.040185
4.0234e-11 0.040234
4.0283e-11 0.040283
4.0332e-11 0.040332
4.0381e-11 0.040381
4.043e-11 0.04043
4.0479e-11 0.040479
4.0528e-11 0.040528
4.05769e-11 0.0405769
4.06259e-11 0.0406259
4.06749e-11 0.0406749
4.07239e-11 0.0407239
4.07729e-11 0.0407729
4.08219e-11 0.0408219
4.08709e-11 0.0408709
4.09199e-11 0.0409199
4.09689e-11 0.0409689
4.10179e-11 0.0410179
4.10669e-11 0.0410669
4.11159e-11 0.0411159
4.11649e-11 0.0411649
4.12139e-11 0.0412139
4.12629e-11 0.0412629
4.13119e-11 0.0413119
4.13609e-11 0.0413609
4.14099e-11 0.0414099
4.14589e-11 0.0414589
4.15078e-11 0.0415078
4.15568e-11 0.0415568
4.16058e-11 0.0416058
4.16548e-11 0.0416548
4.17038e-11 0.0417038
4.17528e-11 0.0417528
4.18018e-11 0.0418018
4.18508e-11 0.0418508
4.18998e-11 0.0418998
4.19488e-11 0.0419488
4.19958e-11 0.0419958
4.20393e-11 0.0420393
4.20828e-11 0.0420828
4.21262e-11 0.0421262
4.21697e-11 0.0421697
4.22132e-11 0.0422132
4.22567e-11 0.0422567
4.23001e-11 0.0423001
4.23401e-11 0.0423401
4.23741e-11 0.0423741
4.24082e-11 0.0424082
4.24423e-11 0.0424423
4.24764e-11 0.0424764
4.25105e-11 0.0425105
4.25446e-11 0.0425446
4.25787e-11 0.0425787
4.26127e-11 0.0426127
4.26468e-11 0.0426468
4.26809e-11 0.0426809
4.2715e-11 0.042715
4.27491e-11 0.0427491
4.27832e-11 0.0427832
4.28173e-11 0.0428173
4.28513e-11 0.0428513
4.28854e-11 0.0428854
4.29195e-11 0.0429195
4.29536e-11 0.0429536
4.29877e-11 0.0429877
4.30218e-11 0.0430218
4.30559e-11 0.0430559
4.30899e-11 0.0430899
4.3124e-11 0.043124
4.31581e-11 0.0431581
4.31922e-11 0.0431922
4.32263e-11 0.0432263
4.32604e-11 0.0432604
4.32945e-11 0.0432945
4.33285e-11 0.0433285
4.33626e-11 0.0433626
4.33967e-11 0.0433967
4.34308e-11 0.0434308
4.34649e-11 0.0434649
4.3499e-11 0.043499
4.35331e-11 0.0435331
4.35671e-11 0.0435671
4.36012e-11 0.0436012
4.36353e-11 0.0436353
4.36694e-11 0.0436694
4.37035e-11 0.0437035
4.37376e-11 0.0437376
4.37717e-11 0.0437717
4.38057e-11 0.0438057
4.38398e-11 0.0438398
4.38739e-11 0.0438739
4.3908e-11 0.043908
4.39421e-11 0.0439421
4.39762e-11 0.0439762
4.40103e-11 0.0440103
4.40443e-11 0.0440443
4.40784e-11 0.0440784
4.41125e-11 0.0441125
4.41466e-11 0.0441466
4.41807e-11 0.0441807
4.42148e-11 0.0442148
4.42489e-11 0.0442489
4.4283e-11 0.044283
4.4317e-11 0.044317
4.43511e-11 0.0443511
4.43852e-11 0.0443852
4.44193e-11 0.0444193
4.44534e-11 0.0444534
4.44875e-11 0.0444875
4.45216e-11 0.0445216
4.45556e-11 0.0445556
4.45897e-11 0.0445897
4.46238e-11 0.0446238
4.46579e-11 0.0446579
4.4692e-11 0.044692
4.47261e-11 0.0447261
4.47602e-11 0.0447602
4.47942e-11 0.0447942
4.48283e-11 0.0448283
4.48624e-11 0.0448624
4.48965e-11 0.0448965
4.49306e-11 0.0449306
4.49647e-11 0.0449647
4.49988e-11 0.0449988
4.50328e-11 0.0450328
4.50669e-11 0.0450669
4.5101e-11 0.045101
4.51351e-11 0.0451351
4.51692e-11 0.0451692
4.52033e-11 0.0452033
4.52374e-11 0.0452374
4.52714e-11 0.0452714
4.53055e-11 0.0453055
4.53396e-11 0.0453396
4.53737e-11 0.0453737
4.54078e-11 0.0454078
4.54419e-11 0.0454419
4.5476e-11 0.045476
4.55101e-11 0.0455101
4.55441e-11 0.0455441
4.55782e-11 0.0455782
4.56123e-11 0.0456123
4.56464e-11 0.0456464
4.56805e-11 0.0456805
4.57146e-11 0.0457146
4.57487e-11 0.0457487
4.57827e-11 0.0457827
4.58168e-11 0.0458168
4.58509e-11 0.0458509
4.5885e-11 0.045885
4.59191e-11 0.0459191
4.59532e-11 0.0459532
4.59873e-11 0.0459873
4.60213e-11 0.0460213
4.60554e-11 0.0460554
4.60895e-11 0.0460895
4.61236e-11 0.0461236
4.61577e-11 0.0461577
4.61918e-11 0.0461918
4.62259e-11 0.0462259
4.62599e-11 0.0462599
4.6294e-11 0.046294
4.63281e-11 0.0463281
4.63622e-11 0.0463622
4.63963e-11 0.0463963
4.64304e-11 0.0464304
4.64645e-11 0.0464645
4.64986e-11 0.0464986
4.65326e-11 0.0465326
4.65667e-11 0.0465667
4.66008e-11 0.0466008
4.66349e-11 0.0466349
4.6669e-11 0.046669
4.67031e-11 0.0467031
4.67372e-11 0.0467372
4.67712e-11 0.0467712
4.68053e-11 0.0468053
4.68394e-11 0.0468394
4.68735e-11 0.0468735
4.69076e-11 0.0469076
4.69417e-11 0.0469417
4.69758e-11 0.0469758
4.70098e-11 0.0470098
4.70439e-11 0.0470439
4.7078e-11 0.047078
4.71121e-11 0.0471121
4.71462e-11 0.0471462
4.71803e-11 0.0471803
4.72144e-11 0.0472144
4.72485e-11 0.0472485
4.72825e-11 0.0472825
4.73166e-11 0.0473166
4.73507e-11 0.0473507
4.73848e-11 0.0473848
4.74189e-11 0.0474189
4.7453e-11 0.047453
4.74871e-11 0.0474871
4.75211e-11 0.0475211
4.75552e-11 0.0475552
4.75893e-11 0.0475893
4.76234e-11 0.0476234
4.76575e-11 0.0476575
4.76916e-11 0.0476916
4.77257e-11 0.0477257
4.77597e-11 0.0477597
4.77938e-11 0.0477938
4.78279e-11 0.0478279
4.7862e-11 0.047862
4.78961e-11 0.0478961
4.79302e-11 0.0479302
4.79643e-11 0.0479643
4.79984e-11 0.0479984
4.80324e-11 0.0480324
4.80665e-11 0.0480665
4.81006e-11 0.0481006
4.81347e-11 0.0481347
4.81688e-11 0.0481688
4.82029e-11 0.0482029
4.8237e-11 0.048237
4.8271e-11 0.048271
4.83051e-11 0.0483051
4.83392e-11 0.0483392
4.83733e-11 0.0483733
4.84074e-11 0.0484074
4.84415e-11 0.0484415
4.84756e-11 0.0484756
4.85097e-11 0.0485097
4.85437e-11 0.0485437
4.85778e-11 0.0485778
4.86119e-11 0.0486119
4.8646e-11 0.048646
4.86801e-11 0.0486801
4.87142e-11 0.0487142
4.87483e-11 0.0487483
4.87823e-11 0.0487823
4.88164e-11 0.0488164
4.88505e-11 0.0488505
4.88846e-11 0.0488846
4.89187e-11 0.0489187
4.89528e-11 0.0489528
4.89869e-11 0.0489869
4.90209e-11 0.0490209
4.9055e-11 0.049055
4.90891e-11 0.0490891
4.91232e-11 0.0491232
4.91573e-11 0.0491573
4.91914e-11 0.0491914
4.92255e-11 0.0492255
4.92596e-11 0.0492596
4.92936e-11 0.0492936
4.93277e-11 0.0493277
4.93618e-11 0.0493618
4.93959e-11 0.0493959
4.943e-11 0.04943
4.94641e-11 0.0494641
4.94982e-11 0.0494982
4.95322e-11 0.0495322
4.95663e-11 0.0495663
4.96004e-11 0.0496004
4.96345e-11 0.0496345
4.96686e-11 0.0496686
4.97027e-11 0.0497027
4.97368e-11 0.0497368
4.97709e-11 0.0497709
4.98049e-11 0.0498049
4.9839e-11 0.049839
4.98731e-11 0.0498731
4.99072e-11 0.0499072
4.99413e-11 0.0499413
4.99754e-11 0.0499754
5.00095e-11 0.0500095
5.00435e-11 0.0500435
5.00776e-11 0.0500776
5.01117e-11 0.0501117
5.01458e-11 0.0501458
5.01799e-11 0.0501799
5.0214e-11 0.050214
5.02481e-11 0.0502481
5.02822e-11 0.0502822
5.03162e-11 0.0503162
5.03503e-11 0.0503503
5.03844e-11 0.0503844
5.04185e-11 0.0504185
5.04526e-11 0.0504526
5.04867e-11 0.0504867
5.05208e-11 0.0505208
5.05549e-11 0.0505549
5.05889e-11 0.0505889
5.0623e-11 0.050623
5.06571e-11 0.0506571
5.06912e-11 0.0506912
5.07253e-11 0.0507253
5.07594e-11 0.0507594
5.07935e-11 0.0507935
5.08275e-11 0.0508275
5.08616e-11 0.0508616
5.08957e-11 0.0508957
5.09298e-11 0.0509298
5.09639e-11 0.0509639
5.0998e-11 0.050998
5.10321e-11 0.0510321
5.10662e-11 0.0510662
5.11002e-11 0.0511002
5.11343e-11 0.0511343
5.11684e-11 0.0511684
5.12025e-11 0.0512025
5.12366e-11 0.0512366
5.12707e-11 0.0512707
5.13048e-11 0.0513048
5.13388e-11 0.0513388
5.13729e-11 0.0513729
5.1407e-11 0.051407
5.14411e-11 0.0514411
5.14752e-11 0.0514752
5.15093e-11 0.0515093
5.15434e-11 0.0515434
5.15775e-11 0.0515775
5.16115e-11 0.0516115
5.16456e-11 0.0516456
5.16797e-11 0.0516797
5.17138e-11 0.0517138
5.17479e-11 0.0517479
5.1782e-11 0.051782
5.18161e-11 0.0518161
5.18501e-11 0.0518501
5.18842e-11 0.0518842
5.19183e-11 0.0519183
5.19524e-11 0.0519524
5.19865e-11 0.0519865
5.20206e-11 0.0520206
5.20547e-11 0.0520547
5.20888e-11 0.0520888
5.21228e-11 0.0521228
5.21569e-11 0.0521569
5.2191e-11 0.052191
5.22251e-11 0.0522251
5.22592e-11 0.0522592
5.22933e-11 0.0522933
5.23274e-11 0.0523274
5.23615e-11 0.0523615
5.23955e-11 0.0523955
5.24296e-11 0.0524296
5.24637e-11 0.0524637
5.24978e-11 0.0524978
5.25319e-11 0.0525319
5.2566e-11 0.052566
5.26001e-11 0.0526001
5.26341e-11 0.0526341
5.26682e-11 0.0526682
5.27023e-11 0.0527023
5.27364e-11 0.0527364
5.27705e-11 0.0527705
5.28046e-11 0.0528046
5.28387e-11 0.0528387
5.28728e-11 0.0528728
5.29068e-11 0.0529068
5.29409e-11 0.0529409
5.2975e-11 0.052975
5.30091e-11 0.0530091
5.30432e-11 0.0530432
5.30773e-11 0.0530773
5.31114e-11 0.0531114
5.31455e-11 0.0531455
5.31795e-11 0.0531795
5.32136e-11 0.0532136
5.32477e-11 0.0532477
5.32818e-11 0.0532818
5.33159e-11 0.0533159
5.335e-11 0.05335
5.33841e-11 0.0533841
5.34182e-11 0.0534182
5.34522e-11 0.0534522
5.34863e-11 0.0534863
5.35204e-11 0.0535204
5.35545e-11 0.0535545
5.35886e-11 0.0535886
5.36227e-11 0.0536227
5.36568e-11 0.0536568
5.36908e-11 0.0536908
5.37249e-11 0.0537249
5.3759e-11 0.053759
5.37931e-11 0.0537931
5.38272e-11 0.0538272
5.38613e-11 0.0538613
5.38954e-11 0.0538954
5.39295e-11 0.0539295
5.39635e-11 0.0539635
5.39976e-11 0.0539976
5.40317e-11 0.0540317
5.40658e-11 0.0540658
5.40999e-11 0.0540999
5.4134e-11 0.054134
5.41681e-11 0.0541681
5.42022e-11 0.0542022
5.42362e-11 0.0542362
5.42703e-11 0.0542703
5.43044e-11 0.0543044
5.43385e-11 0.0543385
5.43726e-11 0.0543726
5.44067e-11 0.0544067
5.44408e-11 0.0544408
5.44749e-11 0.0544749
5.45089e-11 0.0545089
5.4543e-11 0.054543
5.45771e-11 0.0545771
5.46112e-11 0.0546112
5.46453e-11 0.0546453
5.46794e-11 0.0546794
5.47135e-11 0.0547135
5.47476e-11 0.0547476
5.47816e-11 0.0547816
5.48157e-11 0.0548157
5.48498e-11 0.0548498
5.48839e-11 0.0548839
5.4918e-11 0.054918
5.49521e-11 0.0549521
5.49862e-11 0.0549862
5.50202e-11 0.0550202
5.50543e-11 0.0550543
5.50884e-11 0.0550884
5.51225e-11 0.0551225
5.51566e-11 0.0551566
5.51907e-11 0.0551907
5.52248e-11 0.0552248
5.52589e-11 0.0552589
5.52929e-11 0.0552929
5.5327e-11 0.055327
5.53611e-11 0.0553611
5.53952e-11 0.0553952
5.54293e-11 0.0554293
5.54634e-11 0.0554634
5.54975e-11 0.0554975
5.55316e-11 0.0555316
5.55656e-11 0.0555656
5.55997e-11 0.0555997
5.56338e-11 0.0556338
5.56679e-11 0.0556679
5.5702e-11 0.055702
5.57361e-11 0.0557361
5.57702e-11 0.0557702
5.58043e-11 0.0558043
5.58383e-11 0.0558383
5.58724e-11 0.0558724
5.59065e-11 0.0559065
5.59406e-11 0.0559406
5.59747e-11 0.0559747
5.60088e-11 0.0560088
5.60429e-11 0.0560429
5.6077e-11 0.056077
5.6111e-11 0.056111
5.61451e-11 0.0561451
5.61792e-11 0.0561792
5.62133e-11 0.0562133
5.62474e-11 0.0562474
5.62815e-11 0.0562815
5.63156e-11 0.0563156
5.63497e-11 0.0563497
5.63837e-11 0.0563837
5.64178e-11 0.0564178
5.64519e-11 0.0564519
5.6486e-11 0.056486
5.65201e-11 0.0565201
5.65542e-11 0.0565542
5.65883e-11 0.0565883
5.66224e-11 0.0566224
5.66564e-11 0.0566564
5.66905e-11 0.0566905
5.67246e-11 0.0567246
5.67587e-11 0.0567587
5.67928e-11 0.0567928
5.68269e-11 0.0568269
5.6861e-11 0.056861
5.68951e-11 0.0568951
5.69291e-11 0.0569291
5.69632e-11 0.0569632
5.69973e-11 0.0569973
5.70314e-11 0.0570314
5.70655e-11 0.0570655
5.70996e-11 0.0570996
5.71337e-11 0.0571337
5.71678e-11 0.0571678
5.72018e-11 0.0572018
5.72359e-11 0.0572359
5.727e-11 0.05727
5.73041e-11 0.0573041
5.73382e-11 0.0573382
5.73723e-11 0.0573723
5.74064e-11 0.0574064
5.74405e-11 0.0574405
5.74745e-11 0.0574745
5.75086e-11 0.0575086
5.75427e-11 0.0575427
5.75768e-11 0.0575768
5.76109e-11 0.0576109
5.7645e-11 0.057645
5.76791e-11 0.0576791
5.77132e-11 0.0577132
5.77472e-11 0.0577472
5.77813e-11 0.0577813
5.78154e-11 0.0578154
5.78495e-11 0.0578495
5.78836e-11 0.0578836
5.79177e-11 0.0579177
5.79518e-11 0.0579518
5.79859e-11 0.0579859
5.80199e-11 0.0580199
5.8054e-11 0.058054
5.80881e-11 0.0580881
5.81222e-11 0.0581222
5.81563e-11 0.0581563
5.81904e-11 0.0581904
5.82245e-11 0.0582245
5.82586e-11 0.0582586
5.82926e-11 0.0582926
5.83267e-11 0.0583267
5.83608e-11 0.0583608
5.83949e-11 0.0583949
5.8429e-11 0.058429
5.84631e-11 0.0584631
5.84972e-11 0.0584972
5.85313e-11 0.0585313
5.85653e-11 0.0585653
5.85994e-11 0.0585994
5.86335e-11 0.0586335
5.86676e-11 0.0586676
5.87017e-11 0.0587017
5.87358e-11 0.0587358
5.87699e-11 0.0587699
5.8804e-11 0.058804
5.8838e-11 0.058838
5.88721e-11 0.0588721
5.89062e-11 0.0589062
5.89403e-11 0.0589403
5.89744e-11 0.0589744
5.90085e-11 0.0590085
5.90426e-11 0.0590426
5.90767e-11 0.0590767
5.91107e-11 0.0591107
5.91448e-11 0.0591448
5.91789e-11 0.0591789
5.9213e-11 0.059213
5.92471e-11 0.0592471
5.92812e-11 0.0592812
5.93153e-11 0.0593153
5.93494e-11 0.0593494
5.93835e-11 0.0593835
5.94175e-11 0.0594175
5.94516e-11 0.0594516
5.94857e-11 0.0594857
5.95198e-11 0.0595198
5.95539e-11 0.0595539
5.9588e-11 0.059588
5.96221e-11 0.0596221
5.96562e-11 0.0596562
5.96902e-11 0.0596902
5.97243e-11 0.0597243
5.97584e-11 0.0597584
5.97925e-11 0.0597925
5.98266e-11 0.0598266
5.98607e-11 0.0598607
5.98948e-11 0.0598948
5.99289e-11 0.0599289
5.99629e-11 0.0599629
5.9997e-11 0.059997
6.00311e-11 0.0600311
6.00652e-11 0.0600652
6.00993e-11 0.0600993
6.01334e-11 0.0601334
6.01675e-11 0.0601675
6.02016e-11 0.0602016
6.02356e-11 0.0602356
6.02697e-11 0.0602697
6.03038e-11 0.0603038
6.03379e-11 0.0603379
6.0372e-11 0.060372
6.04061e-11 0.0604061
6.04402e-11 0.0604402
6.04743e-11 0.0604743
6.05083e-11 0.0605083
6.05424e-11 0.0605424
6.05765e-11 0.0605765
6.06106e-11 0.0606106
6.06447e-11 0.0606447
6.06788e-11 0.0606788
6.07129e-11 0.0607129
6.0747e-11 0.060747
6.07811e-11 0.0607811
6.08151e-11 0.0608151
6.08492e-11 0.0608492
6.08833e-11 0.0608833
6.09174e-11 0.0609174
6.09515e-11 0.0609515
6.09856e-11 0.0609856
6.10197e-11 0.0610197
6.10538e-11 0.0610538
6.10878e-11 0.0610878
6.11219e-11 0.0611219
6.1156e-11 0.061156
6.11901e-11 0.0611901
6.12242e-11 0.0612242
6.12583e-11 0.0612583
6.12924e-11 0.0612924
6.13265e-11 0.0613265
6.13605e-11 0.0613605
6.13946e-11 0.0613946
6.14287e-11 0.0614287
6.14628e-11 0.0614628
6.14969e-11 0.0614969
6.1531e-11 0.061531
6.15651e-11 0.0615651
6.15992e-11 0.0615992
6.16333e-11 0.0616333
6.16673e-11 0.0616673
6.17014e-11 0.0617014
6.17355e-11 0.0617355
6.17696e-11 0.0617696
6.18037e-11 0.0618037
6.18378e-11 0.0618378
6.18719e-11 0.0618719
6.1906e-11 0.061906
6.194e-11 0.06194
6.19741e-11 0.0619741
6.20082e-11 0.0620082
6.20423e-11 0.0620423
6.20764e-11 0.0620764
6.21105e-11 0.0621105
6.21446e-11 0.0621446
6.21787e-11 0.0621787
6.22127e-11 0.0622127
6.22468e-11 0.0622468
6.22809e-11 0.0622809
6.2315e-11 0.062315
6.23491e-11 0.0623491
6.23832e-11 0.0623832
6.24173e-11 0.0624173
6.24514e-11 0.0624514
6.24855e-11 0.0624855
6.25195e-11 0.0625195
6.25536e-11 0.0625536
6.25877e-11 0.0625877
6.26218e-11 0.0626218
6.26559e-11 0.0626559
6.269e-11 0.06269
6.27241e-11 0.0627241
6.27582e-11 0.0627582
6.27922e-11 0.0627922
6.28263e-11 0.0628263
6.28604e-11 0.0628604
6.28945e-11 0.0628945
6.29286e-11 0.0629286
6.29627e-11 0.0629627
6.29968e-11 0.0629968
6.30309e-11 0.0630309
6.3065e-11 0.063065
6.3099e-11 0.063099
6.31331e-11 0.0631331
6.31672e-11 0.0631672
6.32013e-11 0.0632013
6.32354e-11 0.0632354
6.32695e-11 0.0632695
6.33036e-11 0.0633036
6.33377e-11 0.0633377
6.33717e-11 0.0633717
6.34058e-11 0.0634058
6.34399e-11 0.0634399
6.3474e-11 0.063474
6.35081e-11 0.0635081
6.35422e-11 0.0635422
6.35763e-11 0.0635763
6.36104e-11 0.0636104
6.36444e-11 0.0636444
6.36785e-11 0.0636785
6.37126e-11 0.0637126
6.37467e-11 0.0637467
6.37808e-11 0.0637808
6.38149e-11 0.0638149
6.3849e-11 0.063849
6.38831e-11 0.0638831
6.39172e-11 0.0639172
6.39512e-11 0.0639512
6.39853e-11 0.0639853
6.40194e-11 0.0640194
6.40535e-11 0.0640535
6.40876e-11 0.0640876
6.41217e-11 0.0641217
6.41558e-11 0.0641558
6.41899e-11 0.0641899
6.4224e-11 0.064224
6.4258e-11 0.064258
6.42921e-11 0.0642921
6.43262e-11 0.0643262
6.43603e-11 0.0643603
6.43944e-11 0.0643944
6.44285e-11 0.0644285
6.44626e-11 0.0644626
6.44967e-11 0.0644967
6.45307e-11 0.0645307
6.45648e-11 0.0645648
6.45989e-11 0.0645989
6.4633e-11 0.064633
6.46671e-11 0.0646671
6.47012e-11 0.0647012
6.47353e-11 0.0647353
6.47694e-11 0.0647694
6.48035e-11 0.0648035
6.48375e-11 0.0648375
6.48716e-11 0.0648716
6.49057e-11 0.0649057
6.49398e-11 0.0649398
6.49739e-11 0.0649739
6.5008e-11 0.065008
6.50421e-11 0.0650421
6.50762e-11 0.0650762
6.51102e-11 0.0651102
6.51443e-11 0.0651443
6.51784e-11 0.0651784
6.52125e-11 0.0652125
6.52466e-11 0.0652466
6.52807e-11 0.0652807
6.53148e-11 0.0653148
6.53489e-11 0.0653489
6.5383e-11 0.065383
6.5417e-11 0.065417
6.54511e-11 0.0654511
6.54852e-11 0.0654852
6.55193e-11 0.0655193
6.55534e-11 0.0655534
6.55875e-11 0.0655875
6.56216e-11 0.0656216
6.56557e-11 0.0656557
6.56898e-11 0.0656898
6.57238e-11 0.0657238
6.57579e-11 0.0657579
6.5792e-11 0.065792
6.58261e-11 0.0658261
6.58602e-11 0.0658602
6.58943e-11 0.0658943
6.59284e-11 0.0659284
6.59625e-11 0.0659625
6.59965e-11 0.0659965
6.60306e-11 0.0660306
6.60647e-11 0.0660647
6.60988e-11 0.0660988
6.61329e-11 0.0661329
6.6167e-11 0.066167
6.62011e-11 0.0662011
6.62352e-11 0.0662352
6.62693e-11 0.0662693
6.63033e-11 0.0663033
6.63374e-11 0.0663374
6.63715e-11 0.0663715
6.64056e-11 0.0664056
6.64397e-11 0.0664397
6.64738e-11 0.0664738
6.65079e-11 0.0665079
6.6542e-11 0.066542
6.65761e-11 0.0665761
6.66101e-11 0.0666101
6.66442e-11 0.0666442
6.66783e-11 0.0666783
6.67124e-11 0.0667124
6.67465e-11 0.0667465
6.67806e-11 0.0667806
6.68147e-11 0.0668147
6.68488e-11 0.0668488
6.68828e-11 0.0668828
6.69169e-11 0.0669169
6.6951e-11 0.066951
6.69851e-11 0.0669851
6.70192e-11 0.0670192
6.70533e-11 0.0670533
6.70874e-11 0.0670874
6.71215e-11 0.0671215
6.71556e-11 0.0671556
6.71896e-11 0.0671896
6.72237e-11 0.0672237
6.72578e-11 0.0672578
6.72919e-11 0.0672919
6.7326e-11 0.067326
6.73601e-11 0.0673601
6.73942e-11 0.0673942
6.74283e-11 0.0674283
6.74624e-11 0.0674624
6.74964e-11 0.0674964
6.75305e-11 0.0675305
6.75646e-11 0.0675646
6.75987e-11 0.0675987
6.76328e-11 0.0676328
6.76669e-11 0.0676669
6.7701e-11 0.067701
6.77351e-11 0.0677351
6.77692e-11 0.0677692
6.78032e-11 0.0678032
6.78373e-11 0.0678373
6.78714e-11 0.0678714
6.79055e-11 0.0679055
6.79396e-11 0.0679396
6.79737e-11 0.0679737
6.80078e-11 0.0680078
6.80419e-11 0.0680419
6.8076e-11 0.068076
6.811e-11 0.06811
6.81441e-11 0.0681441
6.81782e-11 0.0681782
6.82123e-11 0.0682123
6.82464e-11 0.0682464
6.82805e-11 0.0682805
6.83146e-11 0.0683146
6.83487e-11 0.0683487
6.83828e-11 0.0683828
6.84168e-11 0.0684168
6.84509e-11 0.0684509
6.8485e-11 0.068485
6.85191e-11 0.0685191
6.85532e-11 0.0685532
6.85873e-11 0.0685873
6.86214e-11 0.0686214
6.86555e-11 0.0686555
6.86896e-11 0.0686896
6.87236e-11 0.0687236
6.87577e-11 0.0687577
6.87918e-11 0.0687918
6.88259e-11 0.0688259
6.886e-11 0.06886
6.88941e-11 0.0688941
6.89282e-11 0.0689282
6.89623e-11 0.0689623
6.89963e-11 0.0689963
6.90304e-11 0.0690304
6.90645e-11 0.0690645
6.90986e-11 0.0690986
6.91327e-11 0.0691327
6.91668e-11 0.0691668
6.92009e-11 0.0692009
6.9235e-11 0.069235
6.92691e-11 0.0692691
6.93031e-11 0.0693031
6.93372e-11 0.0693372
6.93713e-11 0.0693713
6.94054e-11 0.0694054
6.94395e-11 0.0694395
6.94736e-11 0.0694736
6.95077e-11 0.0695077
6.95418e-11 0.0695418
6.95759e-11 0.0695759
6.96099e-11 0.0696099
6.9644e-11 0.069644
6.96781e-11 0.0696781
6.97122e-11 0.0697122
6.97463e-11 0.0697463
6.97804e-11 0.0697804
6.98145e-11 0.0698145
6.98486e-11 0.0698486
6.98827e-11 0.0698827
6.99167e-11 0.0699167
6.99508e-11 0.0699508
6.99849e-11 0.0699849
7.0019e-11 0.070019
7.00531e-11 0.0700531
7.00872e-11 0.0700872
7.01213e-11 0.0701213
7.01554e-11 0.0701554
7.01895e-11 0.0701895
7.02236e-11 0.0702236
7.02576e-11 0.0702576
7.02917e-11 0.0702917
7.03258e-11 0.0703258
7.03599e-11 0.0703599
7.0394e-11 0.070394
7.04281e-11 0.0704281
7.04622e-11 0.0704622
7.04963e-11 0.0704963
7.05304e-11 0.0705304
7.05644e-11 0.0705644
7.05985e-11 0.0705985
7.06326e-11 0.0706326
7.06667e-11 0.0706667
7.07008e-11 0.0707008
7.07349e-11 0.0707349
7.0769e-11 0.070769
7.08031e-11 0.0708031
7.08372e-11 0.0708372
7.08712e-11 0.0708712
7.09053e-11 0.0709053
7.09394e-11 0.0709394
7.09735e-11 0.0709735
7.10076e-11 0.0710076
7.10417e-11 0.0710417
7.10758e-11 0.0710758
7.11099e-11 0.0711099
7.1144e-11 0.071144
7.1178e-11 0.071178
7.12121e-11 0.0712121
7.12462e-11 0.0712462
7.12803e-11 0.0712803
7.13144e-11 0.0713144
7.13485e-11 0.0713485
7.13826e-11 0.0713826
7.14167e-11 0.0714167
7.14508e-11 0.0714508
7.14848e-11 0.0714848
7.15189e-11 0.0715189
7.1553e-11 0.071553
7.15871e-11 0.0715871
7.16212e-11 0.0716212
7.16553e-11 0.0716553
7.16894e-11 0.0716894
7.17235e-11 0.0717235
7.17576e-11 0.0717576
7.17916e-11 0.0717916
7.18257e-11 0.0718257
7.18598e-11 0.0718598
7.18939e-11 0.0718939
7.1928e-11 0.071928
7.19621e-11 0.0719621
7.19962e-11 0.0719962
7.20303e-11 0.0720303
7.20644e-11 0.0720644
7.20984e-11 0.0720984
7.21325e-11 0.0721325
7.21666e-11 0.0721666
7.22007e-11 0.0722007
7.22348e-11 0.0722348
7.22689e-11 0.0722689
7.2303e-11 0.072303
7.23371e-11 0.0723371
7.23712e-11 0.0723712
7.24053e-11 0.0724053
7.24393e-11 0.0724393
7.24734e-11 0.0724734
7.25075e-11 0.0725075
7.25416e-11 0.0725416
7.25757e-11 0.0725757
7.26098e-11 0.0726098
7.26439e-11 0.0726439
7.2678e-11 0.072678
7.27121e-11 0.0727121
7.27461e-11 0.0727461
7.27802e-11 0.0727802
7.28143e-11 0.0728143
7.28484e-11 0.0728484
7.28825e-11 0.0728825
7.29166e-11 0.0729166
7.29507e-11 0.0729507
7.29848e-11 0.0729848
7.30189e-11 0.0730189
7.30529e-11 0.0730529
7.3087e-11 0.073087
7.31211e-11 0.0731211
7.31552e-11 0.0731552
7.31893e-11 0.0731893
7.32234e-11 0.0732234
7.32575e-11 0.0732575
7.32916e-11 0.0732916
7.33257e-11 0.0733257
7.33598e-11 0.0733598
7.33938e-11 0.0733938
7.34279e-11 0.0734279
7.3462e-11 0.073462
7.34961e-11 0.0734961
7.35302e-11 0.0735302
7.35643e-11 0.0735643
7.35984e-11 0.0735984
7.36325e-11 0.0736325
7.36666e-11 0.0736666
7.37006e-11 0.0737006
7.37347e-11 0.0737347
7.37688e-11 0.0737688
7.38029e-11 0.0738029
7.3837e-11 0.073837
7.38711e-11 0.0738711
7.39052e-11 0.0739052
7.39393e-11 0.0739393
7.39734e-11 0.0739734
7.40074e-11 0.0740074
7.40415e-11 0.0740415
7.40756e-11 0.0740756
7.41097e-11 0.0741097
7.41438e-11 0.0741438
7.41779e-11 0.0741779
7.4212e-11 0.074212
7.42461e-11 0.0742461
7.42802e-11 0.0742802
7.43143e-11 0.0743143
7.43483e-11 0.0743483
7.43824e-11 0.0743824
7.44165e-11 0.0744165
7.44506e-11 0.0744506
7.44847e-11 0.0744847
7.45188e-11 0.0745188
7.45529e-11 0.0745529
7.4587e-11 0.074587
7.46211e-11 0.0746211
7.46551e-11 0.0746551
7.46892e-11 0.0746892
7.47233e-11 0.0747233
7.47574e-11 0.0747574
7.47915e-11 0.0747915
7.48256e-11 0.0748256
7.48597e-11 0.0748597
7.48938e-11 0.0748938
7.49279e-11 0.0749279
7.4962e-11 0.074962
7.4996e-11 0.074996
7.50301e-11 0.0750301
7.50642e-11 0.0750642
7.50983e-11 0.0750983
7.51324e-11 0.0751324
7.51665e-11 0.0751665
7.52006e-11 0.0752006
7.52347e-11 0.0752347
7.52688e-11 0.0752688
7.53028e-11 0.0753028
7.53369e-11 0.0753369
7.5371e-11 0.075371
7.54051e-11 0.0754051
7.54392e-11 0.0754392
7.54733e-11 0.0754733
7.55074e-11 0.0755074
7.55415e-11 0.0755415
7.55756e-11 0.0755756
7.56097e-11 0.0756097
7.56437e-11 0.0756437
7.56778e-11 0.0756778
7.57119e-11 0.0757119
7.5746e-11 0.075746
7.57801e-11 0.0757801
7.58142e-11 0.0758142
7.58483e-11 0.0758483
7.58824e-11 0.0758824
7.59165e-11 0.0759165
7.59506e-11 0.0759506
7.59846e-11 0.0759846
7.60187e-11 0.0760187
7.60528e-11 0.0760528
7.60869e-11 0.0760869
7.6121e-11 0.076121
7.61551e-11 0.0761551
7.61892e-11 0.0761892
7.62233e-11 0.0762233
7.62574e-11 0.0762574
7.62914e-11 0.0762914
7.63255e-11 0.0763255
7.63596e-11 0.0763596
7.63937e-11 0.0763937
7.64278e-11 0.0764278
7.64619e-11 0.0764619
7.6496e-11 0.076496
7.65301e-11 0.0765301
7.65642e-11 0.0765642
7.65983e-11 0.0765983
7.66323e-11 0.0766323
7.66664e-11 0.0766664
7.67005e-11 0.0767005
7.67346e-11 0.0767346
7.67687e-11 0.0767687
7.68028e-11 0.0768028
7.68369e-11 0.0768369
7.6871e-11 0.076871
7.69051e-11 0.0769051
7.69392e-11 0.0769392
7.69732e-11 0.0769732
7.70073e-11 0.0770073
7.70414e-11 0.0770414
7.70755e-11 0.0770755
7.71096e-11 0.0771096
7.71437e-11 0.0771437
7.71778e-11 0.0771778
7.72119e-11 0.0772119
7.7246e-11 0.077246
7.728e-11 0.07728
7.73141e-11 0.0773141
7.73482e-11 0.0773482
7.73823e-11 0.0773823
7.74164e-11 0.0774164
7.74505e-11 0.0774505
7.74846e-11 0.0774846
7.75187e-11 0.0775187
7.75528e-11 0.0775528
7.75869e-11 0.0775869
7.76209e-11 0.0776209
7.7655e-11 0.077655
7.76891e-11 0.0776891
7.77232e-11 0.0777232
7.77573e-11 0.0777573
7.77914e-11 0.0777914
7.78255e-11 0.0778255
7.78596e-11 0.0778596
7.78937e-11 0.0778937
7.79278e-11 0.0779278
7.79618e-11 0.0779618
7.79959e-11 0.0779959
7.803e-11 0.07803
7.80641e-11 0.0780641
7.80982e-11 0.0780982
7.81323e-11 0.0781323
7.81664e-11 0.0781664
7.82005e-11 0.0782005
7.82346e-11 0.0782346
7.82687e-11 0.0782687
7.83027e-11 0.0783027
7.83368e-11 0.0783368
7.83709e-11 0.0783709
7.8405e-11 0.078405
7.84391e-11 0.0784391
7.84732e-11 0.0784732
7.85073e-11 0.0785073
7.85414e-11 0.0785414
7.85755e-11 0.0785755
7.86096e-11 0.0786096
7.86436e-11 0.0786436
7.86777e-11 0.0786777
7.87118e-11 0.0787118
7.87459e-11 0.0787459
7.878e-11 0.07878
7.88141e-11 0.0788141
7.88482e-11 0.0788482
7.88823e-11 0.0788823
7.89164e-11 0.0789164
7.89505e-11 0.0789505
7.89845e-11 0.0789845
7.90186e-11 0.0790186
7.90527e-11 0.0790527
7.90868e-11 0.0790868
7.91209e-11 0.0791209
7.9155e-11 0.079155
7.91891e-11 0.0791891
7.92232e-11 0.0792232
7.92573e-11 0.0792573
7.92914e-11 0.0792914
7.93254e-11 0.0793254
7.93595e-11 0.0793595
7.93936e-11 0.0793936
7.94277e-11 0.0794277
7.94618e-11 0.0794618
7.94959e-11 0.0794959
7.953e-11 0.07953
7.95641e-11 0.0795641
7.95982e-11 0.0795982
7.96323e-11 0.0796323
7.96663e-11 0.0796663
7.97004e-11 0.0797004
7.97345e-11 0.0797345
7.97686e-11 0.0797686
7.98027e-11 0.0798027
7.98368e-11 0.0798368
7.98709e-11 0.0798709
7.9905e-11 0.079905
7.99391e-11 0.0799391
7.99732e-11 0.0799732
8.00072e-11 0.0800072
8.00413e-11 0.0800413
8.00754e-11 0.0800754
8.01095e-11 0.0801095
8.01436e-11 0.0801436
8.01777e-11 0.0801777
8.02118e-11 0.0802118
8.02459e-11 0.0802459
8.028e-11 0.08028
8.03141e-11 0.0803141
8.03481e-11 0.0803481
8.03822e-11 0.0803822
8.04163e-11 0.0804163
8.04492e-11 0.0804492
8.04791e-11 0.0804791
8.0509e-11 0.080509
8.05389e-11 0.0805389
8.05688e-11 0.0805688
8.05987e-11 0.0805987
8.06285e-11 0.0806285
8.06584e-11 0.0806584
8.06883e-11 0.0806883
8.07182e-11 0.0807182
8.07481e-11 0.0807481
8.07779e-11 0.0807779
8.08078e-11 0.0808078
8.08377e-11 0.0808377
8.08676e-11 0.0808676
8.08975e-11 0.0808975
8.09273e-11 0.0809273
8.09572e-11 0.0809572
8.09871e-11 0.0809871
8.1017e-11 0.081017
8.10469e-11 0.0810469
8.10768e-11 0.0810768
8.11066e-11 0.0811066
8.11365e-11 0.0811365
8.11664e-11 0.0811664
8.11963e-11 0.0811963
8.12262e-11 0.0812262
8.1256e-11 0.081256
8.12859e-11 0.0812859
8.13158e-11 0.0813158
8.13457e-11 0.0813457
8.13756e-11 0.0813756
8.14054e-11 0.0814054
8.14353e-11 0.0814353
8.14652e-11 0.0814652
8.14951e-11 0.0814951
8.1525e-11 0.081525
8.15549e-11 0.0815549
8.15847e-11 0.0815847
8.16146e-11 0.0816146
8.16445e-11 0.0816445
8.16744e-11 0.0816744
8.17043e-11 0.0817043
8.17341e-11 0.0817341
8.1764e-11 0.081764
8.17939e-11 0.0817939
8.18238e-11 0.0818238
8.18537e-11 0.0818537
8.18836e-11 0.0818836
8.19134e-11 0.0819134
8.19433e-11 0.0819433
8.19732e-11 0.0819732
8.20031e-11 0.0820031
8.2033e-11 0.082033
8.20628e-11 0.0820628
8.20927e-11 0.0820927
8.21226e-11 0.0821226
8.21525e-11 0.0821525
8.21824e-11 0.0821824
8.22123e-11 0.0822123
8.22421e-11 0.0822421
8.2272e-11 0.082272
8.23019e-11 0.0823019
8.23318e-11 0.0823318
8.23592e-11 0.0823592
8.23864e-11 0.0823864
8.24136e-11 0.0824136
8.24408e-11 0.0824408
8.2468e-11 0.082468
8.24952e-11 0.0824952
8.25224e-11 0.0825224
8.25496e-11 0.0825496
8.25768e-11 0.0825768
8.2604e-11 0.082604
8.26312e-11 0.0826312
8.26584e-11 0.0826584
8.26856e-11 0.0826856
8.27128e-11 0.0827128
8.274e-11 0.08274
8.27672e-11 0.0827672
8.27944e-11 0.0827944
8.28216e-11 0.0828216
8.28488e-11 0.0828488
8.2876e-11 0.082876
8.29032e-11 0.0829032
8.29304e-11 0.0829304
8.29576e-11 0.0829576
8.29848e-11 0.0829848
8.3012e-11 0.083012
8.30392e-11 0.0830392
8.30664e-11 0.0830664
8.30936e-11 0.0830936
8.31208e-11 0.0831208
8.3148e-11 0.083148
8.31752e-11 0.0831752
8.32024e-11 0.0832024
8.32296e-11 0.0832296
8.32568e-11 0.0832568
8.3284e-11 0.083284
8.33112e-11 0.0833112
8.33384e-11 0.0833384
8.33656e-11 0.0833656
8.33928e-11 0.0833928
8.342e-11 0.08342
8.34472e-11 0.0834472
8.34744e-11 0.0834744
8.35016e-11 0.0835016
8.35288e-11 0.0835288
8.3556e-11 0.083556
8.35832e-11 0.0835832
8.36104e-11 0.0836104
8.36376e-11 0.0836376
8.36648e-11 0.0836648
8.3692e-11 0.083692
8.37192e-11 0.0837192
8.37464e-11 0.0837464
8.37736e-11 0.0837736
8.38008e-11 0.0838008
8.3828e-11 0.083828
8.38552e-11 0.0838552
8.38824e-11 0.0838824
8.39096e-11 0.0839096
8.39368e-11 0.0839368
8.3964e-11 0.083964
8.39912e-11 0.0839912
8.40184e-11 0.0840184
8.40456e-11 0.0840456
8.40728e-11 0.0840728
8.41e-11 0.0841
8.41272e-11 0.0841272
8.41544e-11 0.0841544
8.41816e-11 0.0841816
8.42088e-11 0.0842088
8.4236e-11 0.084236
8.42632e-11 0.0842632
8.42904e-11 0.0842904
8.43176e-11 0.0843176
8.43448e-11 0.0843448
8.4372e-11 0.084372
8.43992e-11 0.0843992
8.44264e-11 0.0844264
8.44536e-11 0.0844536
8.44808e-11 0.0844808
8.4508e-11 0.084508
8.45352e-11 0.0845352
8.45624e-11 0.0845624
8.45896e-11 0.0845896
8.46168e-11 0.0846168
8.4644e-11 0.084644
8.46712e-11 0.0846712
8.46984e-11 0.0846984
8.47256e-11 0.0847256
8.47528e-11 0.0847528
8.478e-11 0.08478
8.48072e-11 0.0848072
8.48344e-11 0.0848344
8.48616e-11 0.0848616
8.48888e-11 0.0848888
8.4916e-11 0.084916
8.49432e-11 0.0849432
8.49704e-11 0.0849704
8.49976e-11 0.0849976
8.50248e-11 0.0850248
8.5052e-11 0.085052
8.50792e-11 0.0850792
8.51064e-11 0.0851064
8.51336e-11 0.0851336
8.51608e-11 0.0851608
8.5188e-11 0.085188
8.52152e-11 0.0852152
8.52424e-11 0.0852424
8.52696e-11 0.0852696
8.52968e-11 0.0852968
8.5324e-11 0.085324
8.53512e-11 0.0853512
8.53784e-11 0.0853784
8.54056e-11 0.0854056
8.54328e-11 0.0854328
8.546e-11 0.08546
8.54872e-11 0.0854872
8.55144e-11 0.0855144
8.55416e-11 0.0855416
8.55688e-11 0.0855688
8.5596e-11 0.085596
8.56232e-11 0.0856232
8.56504e-11 0.0856504
8.56776e-11 0.0856776
8.57048e-11 0.0857048
8.5732e-11 0.085732
8.57592e-11 0.0857592
8.57864e-11 0.0857864
8.58136e-11 0.0858136
8.58408e-11 0.0858408
8.5868e-11 0.085868
8.58952e-11 0.0858952
8.59224e-11 0.0859224
8.59496e-11 0.0859496
8.59768e-11 0.0859768
8.6004e-11 0.086004
8.60312e-11 0.0860312
8.60584e-11 0.0860584
8.60856e-11 0.0860856
8.61128e-11 0.0861128
8.614e-11 0.08614
8.61672e-11 0.0861672
8.61944e-11 0.0861944
8.62216e-11 0.0862216
8.62488e-11 0.0862488
8.6276e-11 0.086276
8.63032e-11 0.0863032
8.63304e-11 0.0863304
8.63576e-11 0.0863576
8.63848e-11 0.0863848
8.6412e-11 0.086412
8.64392e-11 0.0864392
8.64664e-11 0.0864664
8.64936e-11 0.0864936
8.65208e-11 0.0865208
8.6548e-11 0.086548
8.65752e-11 0.0865752
8.66024e-11 0.0866024
8.66296e-11 0.0866296
8.66568e-11 0.0866568
8.6684e-11 0.086684
8.67112e-11 0.0867112
8.67384e-11 0.0867384
8.67656e-11 0.0867656
8.67928e-11 0.0867928
8.682e-11 0.08682
8.68472e-11 0.0868472
8.68744e-11 0.0868744
8.69016e-11 0.0869016
8.69288e-11 0.0869288
8.6956e-11 0.086956
8.69832e-11 0.0869832
8.70104e-11 0.0870104
8.70376e-11 0.0870376
8.70648e-11 0.0870648
8.7092e-11 0.087092
8.71192e-11 0.0871192
8.71464e-11 0.0871464
8.71736e-11 0.0871736
8.72009e-11 0.0872009
8.72281e-11 0.0872281
8.72553e-11 0.0872553
8.72825e-11 0.0872825
8.73097e-11 0.0873097
8.73369e-11 0.0873369
8.73641e-11 0.0873641
8.73913e-11 0.0873913
8.74185e-11 0.0874185
8.74457e-11 0.0874457
8.74729e-11 0.0874729
8.75001e-11 0.0875001
8.75273e-11 0.0875273
8.75545e-11 0.0875545
8.75817e-11 0.0875817
8.76089e-11 0.0876089
8.76361e-11 0.0876361
8.76633e-11 0.0876633
8.76905e-11 0.0876905
8.77177e-11 0.0877177
8.77449e-11 0.0877449
8.77721e-11 0.0877721
8.77993e-11 0.0877993
8.78265e-11 0.0878265
8.78537e-11 0.0878537
8.78809e-11 0.0878809
8.79081e-11 0.0879081
8.79353e-11 0.0879353
8.79625e-11 0.0879625
8.79897e-11 0.0879897
8.80169e-11 0.0880169
8.80441e-11 0.0880441
8.80713e-11 0.0880713
8.80985e-11 0.0880985
8.81257e-11 0.0881257
8.81529e-11 0.0881529
8.81801e-11 0.0881801
8.82073e-11 0.0882073
8.82345e-11 0.0882345
8.82617e-11 0.0882617
8.82889e-11 0.0882889
8.83162e-11 0.0883162
8.83434e-11 0.0883434
8.83706e-11 0.0883706
8.83978e-11 0.0883978
8.8425e-11 0.088425
8.84522e-11 0.0884522
8.84794e-11 0.0884794
8.85066e-11 0.0885066
8.85338e-11 0.0885338
8.8561e-11 0.088561
8.85882e-11 0.0885882
8.86154e-11 0.0886154
8.86426e-11 0.0886426
8.86698e-11 0.0886698
8.8697e-11 0.088697
8.87242e-11 0.0887242
8.87514e-11 0.0887514
8.87786e-11 0.0887786
8.88058e-11 0.0888058
8.8833e-11 0.088833
8.88602e-11 0.0888602
8.88874e-11 0.0888874
8.89146e-11 0.0889146
8.89418e-11 0.0889418
8.8969e-11 0.088969
8.89962e-11 0.0889962
8.90234e-11 0.0890234
8.90506e-11 0.0890506
8.90778e-11 0.0890778
8.9105e-11 0.089105
8.91322e-11 0.0891322
8.91595e-11 0.0891595
8.91867e-11 0.0891867
8.92139e-11 0.0892139
8.92411e-11 0.0892411
8.92683e-11 0.0892683
8.92955e-11 0.0892955
8.93227e-11 0.0893227
8.93499e-11 0.0893499
8.93771e-11 0.0893771
8.94043e-11 0.0894043
8.94315e-11 0.0894315
8.94587e-11 0.0894587
8.94859e-11 0.0894859
8.95131e-11 0.0895131
8.95403e-11 0.0895403
8.95675e-11 0.0895675
8.95947e-11 0.0895947
8.96219e-11 0.0896219
8.96491e-11 0.0896491
8.96763e-11 0.0896763
8.97035e-11 0.0897035
8.97307e-11 0.0897307
8.97579e-11 0.0897579
8.97851e-11 0.0897851
8.98123e-11 0.0898123
8.98395e-11 0.0898395
8.98668e-11 0.0898668
8.9894e-11 0.089894
8.99212e-11 0.0899212
8.99484e-11 0.0899484
8.99756e-11 0.0899756
9.00028e-11 0.0900028
9.003e-11 0.09003
9.00572e-11 0.0900572
9.00844e-11 0.0900844
9.01116e-11 0.0901116
9.01388e-11 0.0901388
9.0166e-11 0.090166
9.01932e-11 0.0901932
9.02204e-11 0.0902204
9.02476e-11 0.0902476
9.02748e-11 0.0902748
9.0302e-11 0.090302
9.03292e-11 0.0903292
9.03564e-11 0.0903564
9.03836e-11 0.0903836
9.04108e-11 0.0904108
9.0438e-11 0.090438
9.04652e-11 0.0904652
9.04925e-11 0.0904925
9.05197e-11 0.0905197
9.05469e-11 0.0905469
9.05741e-11 0.0905741
9.06013e-11 0.0906013
9.06285e-11 0.0906285
9.06557e-11 0.0906557
9.06829e-11 0.0906829
9.07101e-11 0.0907101
9.07373e-11 0.0907373
9.07645e-11 0.0907645
9.07917e-11 0.0907917
9.08189e-11 0.0908189
9.08461e-11 0.0908461
9.08733e-11 0.0908733
9.09005e-11 0.0909005
9.09277e-11 0.0909277
9.09549e-11 0.0909549
9.09821e-11 0.0909821
9.10093e-11 0.0910093
9.10366e-11 0.0910366
9.10638e-11 0.0910638
9.1091e-11 0.091091
9.11182e-11 0.0911182
9.11454e-11 0.0911454
9.11726e-11 0.0911726
9.11998e-11 0.0911998
9.1227e-11 0.091227
9.12542e-11 0.0912542
9.12814e-11 0.0912814
9.13086e-11 0.0913086
9.13358e-11 0.0913358
9.1363e-11 0.091363
9.13902e-11 0.0913902
9.14174e-11 0.0914174
9.14446e-11 0.0914446
9.14718e-11 0.0914718
9.1499e-11 0.091499
9.15262e-11 0.0915262
9.15535e-11 0.0915535
9.15807e-11 0.0915807
9.16079e-11 0.0916079
9.16351e-11 0.0916351
9.16623e-11 0.0916623
9.16895e-11 0.0916895
9.17167e-11 0.0917167
9.17439e-11 0.0917439
9.17711e-11 0.0917711
9.17983e-11 0.0917983
9.18255e-11 0.0918255
9.18527e-11 0.0918527
9.18799e-11 0.0918799
9.19071e-11 0.0919071
9.19343e-11 0.0919343
9.19615e-11 0.0919615
9.19887e-11 0.0919887
9.20159e-11 0.0920159
9.20432e-11 0.0920432
9.20704e-11 0.0920704
9.20976e-11 0.0920976
9.21248e-11 0.0921248
9.2152e-11 0.092152
9.21792e-11 0.0921792
9.22064e-11 0.0922064
9.22336e-11 0.0922336
9.22608e-11 0.0922608
9.2288e-11 0.092288
9.23152e-11 0.0923152
9.23424e-11 0.0923424
9.23696e-11 0.0923696
9.23968e-11 0.0923968
9.2424e-11 0.092424
9.24512e-11 0.0924512
9.24785e-11 0.0924785
9.25057e-11 0.0925057
9.25329e-11 0.0925329
9.25601e-11 0.0925601
9.25873e-11 0.0925873
9.26145e-11 0.0926145
9.26417e-11 0.0926417
9.26689e-11 0.0926689
9.26961e-11 0.0926961
9.27233e-11 0.0927233
9.27505e-11 0.0927505
9.27777e-11 0.0927777
9.28049e-11 0.0928049
9.28321e-11 0.0928321
9.28593e-11 0.0928593
9.28865e-11 0.0928865
9.29138e-11 0.0929138
9.2941e-11 0.092941
9.29682e-11 0.0929682
9.29954e-11 0.0929954
9.30226e-11 0.0930226
9.30498e-11 0.0930498
9.3077e-11 0.093077
9.31042e-11 0.0931042
9.31314e-11 0.0931314
9.31586e-11 0.0931586
9.31858e-11 0.0931858
9.3213e-11 0.093213
9.32402e-11 0.0932402
9.32674e-11 0.0932674
9.32946e-11 0.0932946
9.33219e-11 0.0933219
9.33491e-11 0.0933491
9.33763e-11 0.0933763
9.34035e-11 0.0934035
9.34307e-11 0.0934307
9.34579e-11 0.0934579
9.34851e-11 0.0934851
9.35123e-11 0.0935123
9.35395e-11 0.0935395
9.35667e-11 0.0935667
9.35939e-11 0.0935939
9.36211e-11 0.0936211
9.36483e-11 0.0936483
9.36755e-11 0.0936755
9.37028e-11 0.0937028
9.373e-11 0.09373
9.37572e-11 0.0937572
9.37844e-11 0.0937844
9.38116e-11 0.0938116
9.38388e-11 0.0938388
9.3866e-11 0.093866
9.38932e-11 0.0938932
9.39204e-11 0.0939204
9.39476e-11 0.0939476
9.39748e-11 0.0939748
9.4002e-11 0.094002
9.40292e-11 0.0940292
9.40565e-11 0.0940565
9.40837e-11 0.0940837
9.41109e-11 0.0941109
9.41381e-11 0.0941381
9.41653e-11 0.0941653
9.41925e-11 0.0941925
9.42197e-11 0.0942197
9.42469e-11 0.0942469
9.42741e-11 0.0942741
9.43013e-11 0.0943013
9.43285e-11 0.0943285
9.43557e-11 0.0943557
9.43829e-11 0.0943829
9.44102e-11 0.0944102
9.44374e-11 0.0944374
9.44646e-11 0.0944646
9.44918e-11 0.0944918
9.4519e-11 0.094519
9.45462e-11 0.0945462
9.45734e-11 0.0945734
9.46006e-11 0.0946006
9.46278e-11 0.0946278
9.4655e-11 0.094655
9.46822e-11 0.0946822
9.47094e-11 0.0947094
9.47366e-11 0.0947366
9.47639e-11 0.0947639
9.47911e-11 0.0947911
9.48183e-11 0.0948183
9.48455e-11 0.0948455
9.48727e-11 0.0948727
9.48999e-11 0.0948999
9.49271e-11 0.0949271
9.49543e-11 0.0949543
9.49815e-11 0.0949815
9.50087e-11 0.0950087
9.50359e-11 0.0950359
9.50631e-11 0.0950631
9.50904e-11 0.0950904
9.51176e-11 0.0951176
9.51448e-11 0.0951448
9.5172e-11 0.095172
9.51992e-11 0.0951992
9.52264e-11 0.0952264
9.52536e-11 0.0952536
9.52808e-11 0.0952808
9.5308e-11 0.095308
9.53352e-11 0.0953352
9.53624e-11 0.0953624
9.53896e-11 0.0953896
9.54169e-11 0.0954169
9.54441e-11 0.0954441
9.54713e-11 0.0954713
9.54985e-11 0.0954985
9.55257e-11 0.0955257
9.55529e-11 0.0955529
9.55801e-11 0.0955801
9.56073e-11 0.0956073
9.56345e-11 0.0956345
9.56617e-11 0.0956617
9.56889e-11 0.0956889
9.57162e-11 0.0957162
9.57434e-11 0.0957434
9.57706e-11 0.0957706
9.57978e-11 0.0957978
9.5825e-11 0.095825
9.58522e-11 0.0958522
9.58794e-11 0.0958794
9.59066e-11 0.0959066
9.59338e-11 0.0959338
9.5961e-11 0.095961
9.59882e-11 0.0959882
9.60155e-11 0.0960155
9.60427e-11 0.0960427
9.60699e-11 0.0960699
9.60971e-11 0.0960971
9.61243e-11 0.0961243
9.61515e-11 0.0961515
9.61787e-11 0.0961787
9.62059e-11 0.0962059
9.62331e-11 0.0962331
9.62603e-11 0.0962603
9.62875e-11 0.0962875
9.63148e-11 0.0963148
9.6342e-11 0.096342
9.63692e-11 0.0963692
9.63964e-11 0.0963964
9.64236e-11 0.0964236
9.64508e-11 0.0964508
9.6478e-11 0.096478
9.65052e-11 0.0965052
9.65324e-11 0.0965324
9.65596e-11 0.0965596
9.65868e-11 0.0965868
9.66141e-11 0.0966141
9.66413e-11 0.0966413
9.66685e-11 0.0966685
9.66957e-11 0.0966957
9.67229e-11 0.0967229
9.67501e-11 0.0967501
9.67773e-11 0.0967773
9.68045e-11 0.0968045
9.68317e-11 0.0968317
9.68589e-11 0.0968589
9.68862e-11 0.0968862
9.69134e-11 0.0969134
9.69406e-11 0.0969406
9.69678e-11 0.0969678
9.6995e-11 0.096995
9.70222e-11 0.0970222
9.70494e-11 0.0970494
9.70766e-11 0.0970766
9.71038e-11 0.0971038
9.7131e-11 0.097131
9.71583e-11 0.0971583
9.71855e-11 0.0971855
9.72127e-11 0.0972127
9.72399e-11 0.0972399
9.72671e-11 0.0972671
9.72943e-11 0.0972943
9.73215e-11 0.0973215
9.73487e-11 0.0973487
9.73759e-11 0.0973759
9.74031e-11 0.0974031
9.74304e-11 0.0974304
9.74576e-11 0.0974576
9.74848e-11 0.0974848
9.7512e-11 0.097512
9.75392e-11 0.0975392
9.75664e-11 0.0975664
9.75936e-11 0.0975936
9.76208e-11 0.0976208
9.7648e-11 0.097648
9.76752e-11 0.0976752
9.77025e-11 0.0977025
9.77297e-11 0.0977297
9.77569e-11 0.0977569
9.77841e-11 0.0977841
9.78113e-11 0.0978113
9.78385e-11 0.0978385
9.78657e-11 0.0978657
9.78929e-11 0.0978929
9.79201e-11 0.0979201
9.79474e-11 0.0979474
9.79746e-11 0.0979746
9.80018e-11 0.0980018
9.8029e-11 0.098029
9.80562e-11 0.0980562
9.80834e-11 0.0980834
9.81106e-11 0.0981106
9.81378e-11 0.0981378
9.8165e-11 0.098165
9.81923e-11 0.0981923
9.82195e-11 0.0982195
9.82467e-11 0.0982467
9.82739e-11 0.0982739
9.83011e-11 0.0983011
9.83283e-11 0.0983283
9.83555e-11 0.0983555
9.83827e-11 0.0983827
9.84099e-11 0.0984099
9.84372e-11 0.0984372
9.84644e-11 0.0984644
9.84916e-11 0.0984916
9.85188e-11 0.0985188
9.8546e-11 0.098546
9.85732e-11 0.0985732
9.86004e-11 0.0986004
9.86276e-11 0.0986276
9.86548e-11 0.0986548
9.86821e-11 0.0986821
9.87093e-11 0.0987093
9.87365e-11 0.0987365
9.87637e-11 0.0987637
9.87909e-11 0.0987909
9.88181e-11 0.0988181
9.88453e-11 0.0988453
9.88725e-11 0.0988725
9.88997e-11 0.0988997
9.8927e-11 0.098927
9.89542e-11 0.0989542
9.89814e-11 0.0989814
9.90086e-11 0.0990086
9.90358e-11 0.0990358
9.9063e-11 0.099063
9.90902e-11 0.0990902
9.91174e-11 0.0991174
9.91446e-11 0.0991446
9.91719e-11 0.0991719
9.91991e-11 0.0991991
9.92263e-11 0.0992263
9.92535e-11 0.0992535
9.92807e-11 0.0992807
9.93079e-11 0.0993079
9.93351e-11 0.0993351
9.93623e-11 0.0993623
9.93896e-11 0.0993896
9.94168e-11 0.0994168
9.9444e-11 0.099444
9.94712e-11 0.0994712
9.94984e-11 0.0994984
9.95256e-11 0.0995256
9.95528e-11 0.0995528
9.958e-11 0.09958
9.96072e-11 0.0996072
9.96345e-11 0.0996345
9.96617e-11 0.0996617
9.96889e-11 0.0996889
9.97161e-11 0.0997161
9.97433e-11 0.0997433
9.97705e-11 0.0997705
9.97977e-11 0.0997977
9.98249e-11 0.0998249
9.98522e-11 0.0998522
9.98794e-11 0.0998794
9.99066e-11 0.0999066
9.99338e-11 0.0999338
9.9961e-11 0.099961
9.99882e-11 0.0999882
1.00015e-10 0.100015
1.00043e-10 0.100043
1.0007e-10 0.10007
1.00097e-10 0.100097
1.00124e-10 0.100124
1.00151e-10 0.100151
1.00179e-10 0.100179
1.00206e-10 0.100206
1.00233e-10 0.100233
1.0026e-10 0.10026
1.00288e-10 0.100288
1.00315e-10 0.100315
1.00342e-10 0.100342
1.00369e-10 0.100369
1.00396e-10 0.100396
1.00424e-10 0.100424
1.00451e-10 0.100451
1.00478e-10 0.100478
1.00505e-10 0.100505
1.00532e-10 0.100532
1.0056e-10 0.10056
1.00587e-10 0.100587
1.00614e-10 0.100614
1.00641e-10 0.100641
1.00669e-10 0.100669
1.00696e-10 0.100696
1.00723e-10 0.100723
1.0075e-10 0.10075
1.00777e-10 0.100777
1.00805e-10 0.100805
1.00832e-10 0.100832
1.00859e-10 0.100859
1.00886e-10 0.100886
1.00913e-10 0.100913
1.00941e-10 0.100941
1.00968e-10 0.100968
1.00995e-10 0.100995
1.01022e-10 0.101022
1.0105e-10 0.10105
1.01077e-10 0.101077
1.01104e-10 0.101104
1.01131e-10 0.101131
1.01158e-10 0.101158
1.01186e-10 0.101186
1.01213e-10 0.101213
1.0124e-10 0.10124
1.01267e-10 0.101267
1.01294e-10 0.101294
1.01322e-10 0.101322
1.01349e-10 0.101349
1.01376e-10 0.101376
1.01403e-10 0.101403
1.01431e-10 0.101431
1.01458e-10 0.101458
1.01485e-10 0.101485
1.01512e-10 0.101512
1.01539e-10 0.101539
1.01567e-10 0.101567
1.01594e-10 0.101594
1.01621e-10 0.101621
1.01648e-10 0.101648
1.01675e-10 0.101675
1.01703e-10 0.101703
1.0173e-10 0.10173
1.01757e-10 0.101757
1.01784e-10 0.101784
1.01811e-10 0.101811
1.01839e-10 0.101839
1.01866e-10 0.101866
1.01893e-10 0.101893
1.0192e-10 0.10192
1.01948e-10 0.101948
1.01975e-10 0.101975
1.02002e-10 0.102002
1.02029e-10 0.102029
1.02056e-10 0.102056
1.02084e-10 0.102084
1.02111e-10 0.102111
1.02138e-10 0.102138
1.02165e-10 0.102165
1.02192e-10 0.102192
1.0222e-10 0.10222
1.02247e-10 0.102247
1.02274e-10 0.102274
1.02301e-10 0.102301
1.02329e-10 0.102329
1.02356e-10 0.102356
1.02383e-10 0.102383
1.0241e-10 0.10241
1.02437e-10 0.102437
1.02465e-10 0.102465
1.02492e-10 0.102492
1.02519e-10 0.102519
1.02546e-10 0.102546
1.02573e-10 0.102573
1.02601e-10 0.102601
1.02628e-10 0.102628
1.02655e-10 0.102655
1.02682e-10 0.102682
1.0271e-10 0.10271
1.02737e-10 0.102737
1.02764e-10 0.102764
1.02791e-10 0.102791
1.02818e-10 0.102818
1.02846e-10 0.102846
1.02873e-10 0.102873
1.029e-10 0.1029
1.02927e-10 0.102927
1.02954e-10 0.102954
1.02982e-10 0.102982
1.03009e-10 0.103009
1.03036e-10 0.103036
1.03063e-10 0.103063
1.03091e-10 0.103091
1.03118e-10 0.103118
1.03145e-10 0.103145
1.03172e-10 0.103172
1.03199e-10 0.103199
1.03227e-10 0.103227
1.03254e-10 0.103254
1.03281e-10 0.103281
1.03308e-10 0.103308
1.03336e-10 0.103336
1.03363e-10 0.103363
1.0339e-10 0.10339
1.03417e-10 0.103417
1.03444e-10 0.103444
1.03472e-10 0.103472
1.03499e-10 0.103499
1.03526e-10 0.103526
1.03553e-10 0.103553
1.0358e-10 0.10358
1.03608e-10 0.103608
1.03635e-10 0.103635
1.03662e-10 0.103662
1.03689e-10 0.103689
1.03717e-10 0.103717
1.03744e-10 0.103744
1.03771e-10 0.103771
1.03798e-10 0.103798
1.03825e-10 0.103825
1.03853e-10 0.103853
1.0388e-10 0.10388
1.03907e-10 0.103907
1.03934e-10 0.103934
1.03961e-10 0.103961
1.03989e-10 0.103989
1.04016e-10 0.104016
1.04043e-10 0.104043
1.0407e-10 0.10407
1.04098e-10 0.104098
1.04125e-10 0.104125
1.04152e-10 0.104152
1.04179e-10 0.104179
1.04206e-10 0.104206
1.04234e-10 0.104234
1.04261e-10 0.104261
1.04288e-10 0.104288
1.04315e-10 0.104315
1.04342e-10 0.104342
1.0437e-10 0.10437
1.04397e-10 0.104397
1.04424e-10 0.104424
1.04451e-10 0.104451
1.04479e-10 0.104479
1.04506e-10 0.104506
1.04533e-10 0.104533
1.0456e-10 0.10456
1.04587e-10 0.104587
1.04615e-10 0.104615
1.04642e-10 0.104642
1.04669e-10 0.104669
1.04696e-10 0.104696
1.04724e-10 0.104724
1.04751e-10 0.104751
1.04778e-10 0.104778
1.04805e-10 0.104805
1.04832e-10 0.104832
1.0486e-10 0.10486
1.04887e-10 0.104887
1.04914e-10 0.104914
1.04941e-10 0.104941
1.04968e-10 0.104968
1.04996e-10 0.104996
1.05023e-10 0.105023
1.0505e-10 0.10505
1.05077e-10 0.105077
1.05105e-10 0.105105
1.05132e-10 0.105132
1.05159e-10 0.105159
1.05186e-10 0.105186
1.05213e-10 0.105213
1.05241e-10 0.105241
1.05268e-10 0.105268
1.05295e-10 0.105295
1.05322e-10 0.105322
1.05349e-10 0.105349
1.05377e-10 0.105377
1.05404e-10 0.105404
1.05431e-10 0.105431
1.05458e-10 0.105458
1.05486e-10 0.105486
1.05513e-10 0.105513
1.0554e-10 0.10554
1.05567e-10 0.105567
1.05594e-10 0.105594
1.05622e-10 0.105622
1.05649e-10 0.105649
1.05676e-10 0.105676
1.05703e-10 0.105703
1.05731e-10 0.105731
1.05758e-10 0.105758
1.05785e-10 0.105785
1.05812e-10 0.105812
1.05839e-10 0.105839
1.05867e-10 0.105867
1.05894e-10 0.105894
1.05921e-10 0.105921
1.05948e-10 0.105948
1.05975e-10 0.105975
1.06003e-10 0.106003
1.0603e-10 0.10603
1.06057e-10 0.106057
1.06084e-10 0.106084
1.06112e-10 0.106112
1.06139e-10 0.106139
1.06166e-10 0.106166
1.06193e-10 0.106193
1.0622e-10 0.10622
1.06248e-10 0.106248
1.06275e-10 0.106275
1.06302e-10 0.106302
1.06329e-10 0.106329
1.06357e-10 0.106357
1.06384e-10 0.106384
1.06411e-10 0.106411
1.06438e-10 0.106438
1.06465e-10 0.106465
1.06493e-10 0.106493
1.0652e-10 0.10652
1.06547e-10 0.106547
1.06574e-10 0.106574
1.06601e-10 0.106601
1.06629e-10 0.106629
1.06656e-10 0.106656
1.06683e-10 0.106683
1.0671e-10 0.10671
1.06738e-10 0.106738
1.06765e-10 0.106765
1.06792e-10 0.106792
1.06819e-10 0.106819
1.06846e-10 0.106846
1.06874e-10 0.106874
1.06901e-10 0.106901
1.06928e-10 0.106928
1.06955e-10 0.106955
1.06983e-10 0.106983
1.0701e-10 0.10701
1.07037e-10 0.107037
1.07064e-10 0.107064
1.07091e-10 0.107091
1.07119e-10 0.107119
1.07146e-10 0.107146
1.07173e-10 0.107173
1.072e-10 0.1072
1.07227e-10 0.107227
1.07255e-10 0.107255
1.07282e-10 0.107282
1.07309e-10 0.107309
1.07336e-10 0.107336
1.07364e-10 0.107364
1.07391e-10 0.107391
1.07418e-10 0.107418
1.07445e-10 0.107445
1.07472e-10 0.107472
1.075e-10 0.1075
1.07527e-10 0.107527
1.07554e-10 0.107554
1.07581e-10 0.107581
1.07609e-10 0.107609
1.07636e-10 0.107636
1.07663e-10 0.107663
1.0769e-10 0.10769
1.07717e-10 0.107717
1.07745e-10 0.107745
1.07772e-10 0.107772
1.07799e-10 0.107799
1.07826e-10 0.107826
1.07854e-10 0.107854
1.07881e-10 0.107881
1.07908e-10 0.107908
1.07935e-10 0.107935
1.07962e-10 0.107962
1.0799e-10 0.10799
1.08017e-10 0.108017
1.08044e-10 0.108044
1.08071e-10 0.108071
1.08098e-10 0.108098
1.08126e-10 0.108126
1.08153e-10 0.108153
1.0818e-10 0.10818
1.08207e-10 0.108207
1.08235e-10 0.108235
1.08262e-10 0.108262
1.08289e-10 0.108289
1.08316e-10 0.108316
1.08343e-10 0.108343
1.08371e-10 0.108371
1.08398e-10 0.108398
1.08425e-10 0.108425
1.08452e-10 0.108452
1.0848e-10 0.10848
1.08507e-10 0.108507
1.08534e-10 0.108534
1.08561e-10 0.108561
1.08588e-10 0.108588
1.08616e-10 0.108616
1.08643e-10 0.108643
1.0867e-10 0.10867
1.08697e-10 0.108697
1.08725e-10 0.108725
1.08752e-10 0.108752
1.08779e-10 0.108779
1.08806e-10 0.108806
1.08833e-10 0.108833
1.08861e-10 0.108861
1.08888e-10 0.108888
1.08915e-10 0.108915
1.08942e-10 0.108942
1.08969e-10 0.108969
1.08997e-10 0.108997
1.09024e-10 0.109024
1.09051e-10 0.109051
1.09078e-10 0.109078
1.09106e-10 0.109106
1.09133e-10 0.109133
1.0916e-10 0.10916
1.09187e-10 0.109187
1.09214e-10 0.109214
1.09242e-10 0.109242
1.09269e-10 0.109269
1.09296e-10 0.109296
1.09323e-10 0.109323
1.09351e-10 0.109351
1.09378e-10 0.109378
1.09405e-10 0.109405
1.09432e-10 0.109432
1.09459e-10 0.109459
1.09487e-10 0.109487
1.09514e-10 0.109514
1.09541e-10 0.109541
1.09568e-10 0.109568
1.09596e-10 0.109596
1.09623e-10 0.109623
1.0965e-10 0.10965
1.09677e-10 0.109677
1.09704e-10 0.109704
1.09732e-10 0.109732
1.09759e-10 0.109759
1.09786e-10 0.109786
1.09813e-10 0.109813
1.09841e-10 0.109841
1.09868e-10 0.109868
1.09895e-10 0.109895
1.09922e-10 0.109922
1.09949e-10 0.109949
1.09977e-10 0.109977
1.10004e-10 0.110004
1.10031e-10 0.110031
1.10058e-10 0.110058
1.10086e-10 0.110086
1.10113e-10 0.110113
1.1014e-10 0.11014
1.10167e-10 0.110167
1.10194e-10 0.110194
1.10222e-10 0.110222
1.10249e-10 0.110249
1.10276e-10 0.110276
1.10303e-10 0.110303
1.10331e-10 0.110331
1.10358e-10 0.110358
1.10385e-10 0.110385
1.10412e-10 0.110412
1.10439e-10 0.110439
1.10467e-10 0.110467
1.10494e-10 0.110494
1.10521e-10 0.110521
1.10548e-10 0.110548
1.10575e-10 0.110575
1.10603e-10 0.110603
1.1063e-10 0.11063
1.10657e-10 0.110657
1.10684e-10 0.110684
1.10712e-10 0.110712
1.10739e-10 0.110739
1.10766e-10 0.110766
1.10793e-10 0.110793
1.1082e-10 0.11082
1.10848e-10 0.110848
1.10875e-10 0.110875
1.10902e-10 0.110902
1.10929e-10 0.110929
1.10957e-10 0.110957
1.10984e-10 0.110984
1.11011e-10 0.111011
1.11038e-10 0.111038
1.11065e-10 0.111065
1.11093e-10 0.111093
1.1112e-10 0.11112
1.11147e-10 0.111147
1.11174e-10 0.111174
1.11202e-10 0.111202
1.11229e-10 0.111229
1.11256e-10 0.111256
1.11283e-10 0.111283
1.1131e-10 0.11131
1.11338e-10 0.111338
1.11365e-10 0.111365
1.11392e-10 0.111392
1.11419e-10 0.111419
1.11447e-10 0.111447
1.11474e-10 0.111474
1.11501e-10 0.111501
1.11528e-10 0.111528
1.11555e-10 0.111555
1.11583e-10 0.111583
1.1161e-10 0.11161
1.11637e-10 0.111637
1.11664e-10 0.111664
1.11692e-10 0.111692
1.11719e-10 0.111719
1.11746e-10 0.111746
1.11773e-10 0.111773
1.118e-10 0.1118
1.11828e-10 0.111828
1.11855e-10 0.111855
1.11882e-10 0.111882
1.11909e-10 0.111909
1.11937e-10 0.111937
1.11964e-10 0.111964
1.11991e-10 0.111991
1.12018e-10 0.112018
1.12045e-10 0.112045
1.12073e-10 0.112073
1.121e-10 0.1121
1.12127e-10 0.112127
1.12154e-10 0.112154
