-4.86963e-15 -4.86963e-06
-9.73924e-15 -9.73924e-06
-1.46089e-14 -1.46089e-05
-1.94784e-14 -1.94784e-05
-2.4348e-14 -2.4348e-05
-2.92176e-14 -2.92176e-05
-3.40871e-14 -3.40871e-05
-3.89566e-14 -3.89566e-05
-4.38261e-14 -4.38261e-05
-4.86955e-14 -4.86955e-05
-9.77149e-14 -9.77149e-05
-1.46734e-13 -0.000146734
-1.95754e-13 -0.000195754
-2.44773e-13 -0.000244773
-2.93792e-13 -0.000293792
-3.42811e-13 -0.000342811
-3.9183e-13 -0.00039183
-4.4085e-13 -0.00044085
-4.89869e-13 -0.000489869
-5.38888e-13 -0.000538888
-5.87907e-13 -0.000587907
-6.36926e-13 -0.000636926
-6.85945e-13 -0.000685945
-7.34964e-13 -0.000734964
-7.83983e-13 -0.000783983
-8.33002e-13 -0.000833002
-8.82021e-13 -0.000882021
-9.3104e-13 -0.00093104
-9.80059e-13 -0.000980059
-1.02908e-12 -0.00102908
-1.0781e-12 -0.0010781
-1.12712e-12 -0.00112712
-1.17613e-12 -0.00117613
-1.22515e-12 -0.00122515
-1.27417e-12 -0.00127417
-1.32319e-12 -0.00132319
-1.37221e-12 -0.00137221
-1.42123e-12 -0.00142123
-1.47025e-12 -0.00147025
-1.51926e-12 -0.00151926
-1.56828e-12 -0.00156828
-1.6173e-12 -0.0016173
-1.66632e-12 -0.00166632
-1.71534e-12 -0.00171534
-1.76436e-12 -0.00176436
-1.81338e-12 -0.00181338
-1.86239e-12 -0.00186239
-1.91141e-12 -0.00191141
-1.96043e-12 -0.00196043
-2.00945e-12 -0.00200945
-2.05847e-12 -0.00205847
-2.10749e-12 -0.00210749
-2.1565e-12 -0.0021565
-2.20552e-12 -0.00220552
-2.25454e-12 -0.00225454
-2.30356e-12 -0.00230356
-2.35258e-12 -0.00235258
-2.40159e-12 -0.00240159
-2.45061e-12 -0.00245061
-2.49963e-12 -0.00249963
-2.54865e-12 -0.00254865
-2.59767e-12 -0.00259767
-2.64668e-12 -0.00264668
-2.6957e-12 -0.0026957
-2.74472e-12 -0.00274472
-2.79374e-12 -0.00279374
-2.84276e-12 -0.00284276
-2.89177e-12 -0.00289177
-2.94079e-12 -0.00294079
-2.98981e-12 -0.00298981
-3.03883e-12 -0.00303883
-3.08785e-12 -0.00308785
-3.13686e-12 -0.00313686
-3.18588e-12 -0.00318588
-3.2349e-12 -0.0032349
-3.28392e-12 -0.00328392
-3.33293e-12 -0.00333293
-3.38195e-12 -0.00338195
-3.43097e-12 -0.00343097
-3.47999e-12 -0.00347999
-3.529e-12 -0.003529
-3.57802e-12 -0.00357802
-3.62704e-12 -0.00362704
-3.67606e-12 -0.00367606
-3.72507e-12 -0.00372507
-3.77409e-12 -0.00377409
-3.82311e-12 -0.00382311
-3.87212e-12 -0.00387212
-3.92114e-12 -0.00392114
-3.97016e-12 -0.00397016
-4.01918e-12 -0.00401918
-4.06819e-12 -0.00406819
-4.11721e-12 -0.00411721
-4.16623e-12 -0.00416623
-4.21525e-12 -0.00421525
-4.26426e-12 -0.00426426
-4.31328e-12 -0.00431328
-4.3623e-12 -0.0043623
-4.41131e-12 -0.00441131
-4.46033e-12 -0.00446033
-4.50935e-12 -0.00450935
-4.55836e-12 -0.00455836
-4.60738e-12 -0.00460738
-4.6564e-12 -0.0046564
-4.70541e-12 -0.00470541
-4.75443e-12 -0.00475443
-4.80345e-12 -0.00480345
-4.85246e-12 -0.00485246
-4.90148e-12 -0.00490148
-4.9505e-12 -0.0049505
-4.99951e-12 -0.00499951
-5.04853e-12 -0.00504853
-5.09755e-12 -0.00509755
-5.14656e-12 -0.00514656
-5.19558e-12 -0.00519558
-5.2446e-12 -0.0052446
-5.29361e-12 -0.00529361
-5.34263e-12 -0.00534263
-5.39165e-12 -0.00539165
-5.44066e-12 -0.00544066
-5.48968e-12 -0.00548968
-5.5387e-12 -0.0055387
-5.58771e-12 -0.00558771
-5.63673e-12 -0.00563673
-5.68574e-12 -0.00568574
-5.73476e-12 -0.00573476
-5.78378e-12 -0.00578378
-5.83279e-12 -0.00583279
-5.88181e-12 -0.00588181
-5.93083e-12 -0.00593083
-5.97984e-12 -0.00597984
-6.02886e-12 -0.00602886
-6.07787e-12 -0.00607787
-6.12689e-12 -0.00612689
-6.17591e-12 -0.00617591
-6.22492e-12 -0.00622492
-6.27394e-12 -0.00627394
-6.32295e-12 -0.00632295
-6.37197e-12 -0.00637197
-6.42099e-12 -0.00642099
-6.47e-12 -0.00647
-6.51902e-12 -0.00651902
-6.56803e-12 -0.00656803
-6.61705e-12 -0.00661705
-6.66606e-12 -0.00666606
-6.71508e-12 -0.00671508
-6.7641e-12 -0.0067641
-6.81311e-12 -0.00681311
-6.86213e-12 -0.00686213
-6.91114e-12 -0.00691114
-6.96016e-12 -0.00696016
-7.00917e-12 -0.00700917
-7.05819e-12 -0.00705819
-7.1072e-12 -0.0071072
-7.15622e-12 -0.00715622
-7.20524e-12 -0.00720524
-7.25425e-12 -0.00725425
-7.30327e-12 -0.00730327
-7.35228e-12 -0.00735228
-7.4013e-12 -0.0074013
-7.45031e-12 -0.00745031
-7.49933e-12 -0.00749933
-7.54834e-12 -0.00754834
-7.59736e-12 -0.00759736
-7.64637e-12 -0.00764637
-7.69539e-12 -0.00769539
-7.7444e-12 -0.0077444
-7.79342e-12 -0.00779342
-7.84243e-12 -0.00784243
-7.89145e-12 -0.00789145
-7.94046e-12 -0.00794046
-7.98948e-12 -0.00798948
-8.03849e-12 -0.00803849
-8.08751e-12 -0.00808751
-8.13652e-12 -0.00813652
-8.18554e-12 -0.00818554
-8.23455e-12 -0.00823455
-8.28357e-12 -0.00828357
-8.33258e-12 -0.00833258
-8.3816e-12 -0.0083816
-8.43061e-12 -0.00843061
-8.47963e-12 -0.00847963
-8.52864e-12 -0.00852864
-8.57766e-12 -0.00857766
-8.62667e-12 -0.00862667
-8.67569e-12 -0.00867569
-8.7247e-12 -0.0087247
-8.77371e-12 -0.00877371
-8.82273e-12 -0.00882273
-8.87174e-12 -0.00887174
-8.92076e-12 -0.00892076
-8.96977e-12 -0.00896977
-9.01879e-12 -0.00901879
-9.0678e-12 -0.0090678
-9.11682e-12 -0.00911682
-9.16583e-12 -0.00916583
-9.21484e-12 -0.00921484
-9.26386e-12 -0.00926386
-9.31287e-12 -0.00931287
-9.36189e-12 -0.00936189
-9.4109e-12 -0.0094109
-9.45992e-12 -0.00945992
-9.50893e-12 -0.00950893
-9.55794e-12 -0.00955794
-9.60696e-12 -0.00960696
-9.65597e-12 -0.00965597
-9.70499e-12 -0.00970499
-9.754e-12 -0.009754
-9.80301e-12 -0.00980301
-9.85203e-12 -0.00985203
-9.90104e-12 -0.00990104
-9.95006e-12 -0.00995006
-9.99907e-12 -0.00999907
-1.00481e-11 -0.0100481
-1.00971e-11 -0.0100971
-1.01461e-11 -0.0101461
-1.01951e-11 -0.0101951
-1.02441e-11 -0.0102441
-1.02932e-11 -0.0102932
-1.03422e-11 -0.0103422
-1.03912e-11 -0.0103912
-1.04402e-11 -0.0104402
-1.04892e-11 -0.0104892
-1.05382e-11 -0.0105382
-1.05872e-11 -0.0105872
-1.06362e-11 -0.0106362
-1.06853e-11 -0.0106853
-1.07343e-11 -0.0107343
-1.07833e-11 -0.0107833
-1.08323e-11 -0.0108323
-1.08813e-11 -0.0108813
-1.09303e-11 -0.0109303
-1.09793e-11 -0.0109793
-1.10284e-11 -0.0110284
-1.10774e-11 -0.0110774
-1.11264e-11 -0.0111264
-1.11754e-11 -0.0111754
-1.12244e-11 -0.0112244
-1.12734e-11 -0.0112734
-1.13224e-11 -0.0113224
-1.13714e-11 -0.0113714
-1.14205e-11 -0.0114205
-1.14695e-11 -0.0114695
-1.15185e-11 -0.0115185
-1.15675e-11 -0.0115675
-1.16165e-11 -0.0116165
-1.16655e-11 -0.0116655
-1.17145e-11 -0.0117145
-1.17636e-11 -0.0117636
-1.18126e-11 -0.0118126
-1.18616e-11 -0.0118616
-1.19106e-11 -0.0119106
-1.19596e-11 -0.0119596
-1.20086e-11 -0.0120086
-1.20576e-11 -0.0120576
-1.21066e-11 -0.0121066
-1.21557e-11 -0.0121557
-1.22047e-11 -0.0122047
-1.22537e-11 -0.0122537
-1.23027e-11 -0.0123027
-1.23517e-11 -0.0123517
-1.24007e-11 -0.0124007
-1.24497e-11 -0.0124497
-1.24987e-11 -0.0124987
-1.25478e-11 -0.0125478
-1.25968e-11 -0.0125968
-1.26458e-11 -0.0126458
-1.26948e-11 -0.0126948
-1.27438e-11 -0.0127438
-1.27928e-11 -0.0127928
-1.28418e-11 -0.0128418
-1.28908e-11 -0.0128908
-1.29399e-11 -0.0129399
-1.29889e-11 -0.0129889
-1.30379e-11 -0.0130379
-1.30869e-11 -0.0130869
-1.31359e-11 -0.0131359
-1.31849e-11 -0.0131849
-1.32339e-11 -0.0132339
-1.32829e-11 -0.0132829
-1.33319e-11 -0.0133319
-1.3381e-11 -0.013381
-1.343e-11 -0.01343
-1.3479e-11 -0.013479
-1.3528e-11 -0.013528
-1.3577e-11 -0.013577
-1.3626e-11 -0.013626
-1.3675e-11 -0.013675
-1.3724e-11 -0.013724
-1.37731e-11 -0.0137731
-1.38221e-11 -0.0138221
-1.38711e-11 -0.0138711
-1.39201e-11 -0.0139201
-1.39691e-11 -0.0139691
-1.40181e-11 -0.0140181
-1.40671e-11 -0.0140671
-1.41161e-11 -0.0141161
-1.41651e-11 -0.0141651
-1.42142e-11 -0.0142142
-1.42632e-11 -0.0142632
-1.43122e-11 -0.0143122
-1.43612e-11 -0.0143612
-1.44102e-11 -0.0144102
-1.44592e-11 -0.0144592
-1.45082e-11 -0.0145082
-1.45572e-11 -0.0145572
-1.46063e-11 -0.0146063
-1.46553e-11 -0.0146553
-1.47043e-11 -0.0147043
-1.47533e-11 -0.0147533
-1.48023e-11 -0.0148023
-1.48513e-11 -0.0148513
-1.49003e-11 -0.0149003
-1.49493e-11 -0.0149493
-1.49983e-11 -0.0149983
-1.50474e-11 -0.0150474
-1.50964e-11 -0.0150964
-1.51454e-11 -0.0151454
-1.51944e-11 -0.0151944
-1.52434e-11 -0.0152434
-1.52924e-11 -0.0152924
-1.53414e-11 -0.0153414
-1.53904e-11 -0.0153904
-1.54394e-11 -0.0154394
-1.54885e-11 -0.0154885
-1.55375e-11 -0.0155375
-1.55865e-11 -0.0155865
-1.56355e-11 -0.0156355
-1.56845e-11 -0.0156845
-1.57335e-11 -0.0157335
-1.57825e-11 -0.0157825
-1.58315e-11 -0.0158315
-1.58805e-11 -0.0158805
-1.59295e-11 -0.0159295
-1.59786e-11 -0.0159786
-1.60276e-11 -0.0160276
-1.60766e-11 -0.0160766
-1.61256e-11 -0.0161256
-1.61746e-11 -0.0161746
-1.62236e-11 -0.0162236
-1.62726e-11 -0.0162726
-1.63216e-11 -0.0163216
-1.63706e-11 -0.0163706
-1.64197e-11 -0.0164197
-1.64687e-11 -0.0164687
-1.65177e-11 -0.0165177
-1.65667e-11 -0.0165667
-1.66157e-11 -0.0166157
-1.66647e-11 -0.0166647
-1.67137e-11 -0.0167137
-1.67627e-11 -0.0167627
-1.68117e-11 -0.0168117
-1.68607e-11 -0.0168607
-1.69098e-11 -0.0169098
-1.69588e-11 -0.0169588
-1.70078e-11 -0.0170078
-1.70568e-11 -0.0170568
-1.71058e-11 -0.0171058
-1.71548e-11 -0.0171548
-1.72038e-11 -0.0172038
-1.72528e-11 -0.0172528
-1.73018e-11 -0.0173018
-1.73508e-11 -0.0173508
-1.73999e-11 -0.0173999
-1.74489e-11 -0.0174489
-1.74979e-11 -0.0174979
-1.75469e-11 -0.0175469
-1.75959e-11 -0.0175959
-1.76449e-11 -0.0176449
-1.76939e-11 -0.0176939
-1.77429e-11 -0.0177429
-1.77919e-11 -0.0177919
-1.78409e-11 -0.0178409
-1.78899e-11 -0.0178899
-1.7939e-11 -0.017939
-1.7988e-11 -0.017988
-1.8037e-11 -0.018037
-1.8086e-11 -0.018086
-1.8135e-11 -0.018135
-1.8184e-11 -0.018184
-1.8233e-11 -0.018233
-1.8282e-11 -0.018282
-1.8331e-11 -0.018331
-1.838e-11 -0.01838
-1.84291e-11 -0.0184291
-1.84781e-11 -0.0184781
-1.85271e-11 -0.0185271
-1.85761e-11 -0.0185761
-1.86251e-11 -0.0186251
-1.86741e-11 -0.0186741
-1.87231e-11 -0.0187231
-1.87721e-11 -0.0187721
-1.88211e-11 -0.0188211
-1.88701e-11 -0.0188701
-1.89191e-11 -0.0189191
-1.89681e-11 -0.0189681
-1.90172e-11 -0.0190172
-1.90662e-11 -0.0190662
-1.91152e-11 -0.0191152
-1.91642e-11 -0.0191642
-1.92132e-11 -0.0192132
-1.92622e-11 -0.0192622
-1.93112e-11 -0.0193112
-1.93602e-11 -0.0193602
-1.94092e-11 -0.0194092
-1.94582e-11 -0.0194582
-1.95072e-11 -0.0195072
-1.95563e-11 -0.0195563
-1.96053e-11 -0.0196053
-1.96543e-11 -0.0196543
-1.97033e-11 -0.0197033
-1.97523e-11 -0.0197523
-1.98013e-11 -0.0198013
-1.98503e-11 -0.0198503
-1.98993e-11 -0.0198993
-1.99483e-11 -0.0199483
-1.99973e-11 -0.0199973
-2.00463e-11 -0.0200463
-2.00953e-11 -0.0200953
-2.01444e-11 -0.0201444
-2.01934e-11 -0.0201934
-2.02424e-11 -0.0202424
-2.02914e-11 -0.0202914
-2.03404e-11 -0.0203404
-2.03894e-11 -0.0203894
-2.04384e-11 -0.0204384
-2.04874e-11 -0.0204874
-2.05364e-11 -0.0205364
-2.05854e-11 -0.0205854
-2.06344e-11 -0.0206344
-2.06834e-11 -0.0206834
-2.07325e-11 -0.0207325
-2.07815e-11 -0.0207815
-2.08305e-11 -0.0208305
-2.08795e-11 -0.0208795
-2.09285e-11 -0.0209285
-2.09775e-11 -0.0209775
-2.10265e-11 -0.0210265
-2.10755e-11 -0.0210755
-2.11245e-11 -0.0211245
-2.11735e-11 -0.0211735
-2.12225e-11 -0.0212225
-2.12715e-11 -0.0212715
-2.13205e-11 -0.0213205
-2.13696e-11 -0.0213696
-2.14186e-11 -0.0214186
-2.14676e-11 -0.0214676
-2.15166e-11 -0.0215166
-2.15656e-11 -0.0215656
-2.16146e-11 -0.0216146
-2.16636e-11 -0.0216636
-2.17126e-11 -0.0217126
-2.17616e-11 -0.0217616
-2.18106e-11 -0.0218106
-2.18596e-11 -0.0218596
-2.19086e-11 -0.0219086
-2.19576e-11 -0.0219576
-2.20066e-11 -0.0220066
-2.20557e-11 -0.0220557
-2.21047e-11 -0.0221047
-2.21537e-11 -0.0221537
-2.22027e-11 -0.0222027
-2.22517e-11 -0.0222517
-2.23007e-11 -0.0223007
-2.23497e-11 -0.0223497
-2.23987e-11 -0.0223987
-2.24477e-11 -0.0224477
-2.24967e-11 -0.0224967
-2.25457e-11 -0.0225457
-2.25947e-11 -0.0225947
-2.26437e-11 -0.0226437
-2.26927e-11 -0.0226927
-2.27418e-11 -0.0227418
-2.27908e-11 -0.0227908
-2.28398e-11 -0.0228398
-2.28888e-11 -0.0228888
-2.29378e-11 -0.0229378
-2.29868e-11 -0.0229868
-2.30358e-11 -0.0230358
-2.30848e-11 -0.0230848
-2.31338e-11 -0.0231338
-2.31828e-11 -0.0231828
-2.32318e-11 -0.0232318
-2.32808e-11 -0.0232808
-2.33298e-11 -0.0233298
-2.33788e-11 -0.0233788
-2.34278e-11 -0.0234278
-2.34769e-11 -0.0234769
-2.35259e-11 -0.0235259
-2.35749e-11 -0.0235749
-2.36239e-11 -0.0236239
-2.36729e-11 -0.0236729
-2.37219e-11 -0.0237219
-2.37709e-11 -0.0237709
-2.38199e-11 -0.0238199
-2.38689e-11 -0.0238689
-2.39179e-11 -0.0239179
-2.39669e-11 -0.0239669
-2.40159e-11 -0.0240159
-2.40649e-11 -0.0240649
-2.41139e-11 -0.0241139
-2.41629e-11 -0.0241629
-2.42119e-11 -0.0242119
-2.42609e-11 -0.0242609
-2.431e-11 -0.02431
-2.4359e-11 -0.024359
-2.4408e-11 -0.024408
-2.4457e-11 -0.024457
-2.4506e-11 -0.024506
-2.4555e-11 -0.024555
-2.4604e-11 -0.024604
-2.4653e-11 -0.024653
-2.4702e-11 -0.024702
-2.4751e-11 -0.024751
-2.48e-11 -0.0248
-2.4849e-11 -0.024849
-2.4898e-11 -0.024898
-2.4947e-11 -0.024947
-2.4996e-11 -0.024996
-2.5045e-11 -0.025045
-2.5094e-11 -0.025094
-2.51431e-11 -0.0251431
-2.51921e-11 -0.0251921
-2.52411e-11 -0.0252411
-2.52901e-11 -0.0252901
-2.53391e-11 -0.0253391
-2.53881e-11 -0.0253881
-2.54371e-11 -0.0254371
-2.54861e-11 -0.0254861
-2.55351e-11 -0.0255351
-2.55841e-11 -0.0255841
-2.56331e-11 -0.0256331
-2.56821e-11 -0.0256821
-2.57311e-11 -0.0257311
-2.57801e-11 -0.0257801
-2.58291e-11 -0.0258291
-2.58781e-11 -0.0258781
-2.59271e-11 -0.0259271
-2.59761e-11 -0.0259761
-2.60251e-11 -0.0260251
-2.60742e-11 -0.0260742
-2.61232e-11 -0.0261232
-2.61722e-11 -0.0261722
-2.62212e-11 -0.0262212
-2.62702e-11 -0.0262702
-2.63192e-11 -0.0263192
-2.63682e-11 -0.0263682
-2.64172e-11 -0.0264172
-2.64662e-11 -0.0264662
-2.65152e-11 -0.0265152
-2.65642e-11 -0.0265642
-2.66132e-11 -0.0266132
-2.66622e-11 -0.0266622
-2.67112e-11 -0.0267112
-2.67602e-11 -0.0267602
-2.68092e-11 -0.0268092
-2.68582e-11 -0.0268582
-2.69072e-11 -0.0269072
-2.69562e-11 -0.0269562
-2.70052e-11 -0.0270052
-2.70542e-11 -0.0270542
-2.71032e-11 -0.0271032
-2.71523e-11 -0.0271523
-2.72013e-11 -0.0272013
-2.72503e-11 -0.0272503
-2.72993e-11 -0.0272993
-2.73483e-11 -0.0273483
-2.73973e-11 -0.0273973
-2.74463e-11 -0.0274463
-2.74953e-11 -0.0274953
-2.75443e-11 -0.0275443
-2.75933e-11 -0.0275933
-2.76423e-11 -0.0276423
-2.76913e-11 -0.0276913
-2.77403e-11 -0.0277403
-2.77893e-11 -0.0277893
-2.78383e-11 -0.0278383
-2.78873e-11 -0.0278873
-2.79363e-11 -0.0279363
-2.79853e-11 -0.0279853
-2.80343e-11 -0.0280343
-2.80833e-11 -0.0280833
-2.81323e-11 -0.0281323
-2.81813e-11 -0.0281813
-2.82303e-11 -0.0282303
-2.82793e-11 -0.0282793
-2.83283e-11 -0.0283283
-2.83774e-11 -0.0283774
-2.84264e-11 -0.0284264
-2.84754e-11 -0.0284754
-2.85244e-11 -0.0285244
-2.85734e-11 -0.0285734
-2.86224e-11 -0.0286224
-2.86714e-11 -0.0286714
-2.87204e-11 -0.0287204
-2.87694e-11 -0.0287694
-2.88184e-11 -0.0288184
-2.88674e-11 -0.0288674
-2.89164e-11 -0.0289164
-2.89654e-11 -0.0289654
-2.90144e-11 -0.0290144
-2.90634e-11 -0.0290634
-2.91124e-11 -0.0291124
-2.91614e-11 -0.0291614
-2.92104e-11 -0.0292104
-2.92594e-11 -0.0292594
-2.93084e-11 -0.0293084
-2.93574e-11 -0.0293574
-2.94064e-11 -0.0294064
-2.94554e-11 -0.0294554
-2.95044e-11 -0.0295044
-2.95534e-11 -0.0295534
-2.96024e-11 -0.0296024
-2.96514e-11 -0.0296514
-2.97004e-11 -0.0297004
-2.97494e-11 -0.0297494
-2.97984e-11 -0.0297984
-2.98474e-11 -0.0298474
-2.98965e-11 -0.0298965
-2.99455e-11 -0.0299455
-2.99945e-11 -0.0299945
-3.00435e-11 -0.0300435
-3.00925e-11 -0.0300925
-3.01415e-11 -0.0301415
-3.01905e-11 -0.0301905
-3.02395e-11 -0.0302395
-3.02885e-11 -0.0302885
-3.03375e-11 -0.0303375
-3.03865e-11 -0.0303865
-3.04355e-11 -0.0304355
-3.04845e-11 -0.0304845
-3.05335e-11 -0.0305335
-3.05825e-11 -0.0305825
-3.06315e-11 -0.0306315
-3.06805e-11 -0.0306805
-3.07295e-11 -0.0307295
-3.07785e-11 -0.0307785
-3.08275e-11 -0.0308275
-3.08765e-11 -0.0308765
-3.09255e-11 -0.0309255
-3.09745e-11 -0.0309745
-3.10235e-11 -0.0310235
-3.10725e-11 -0.0310725
-3.11215e-11 -0.0311215
-3.11705e-11 -0.0311705
-3.12195e-11 -0.0312195
-3.12685e-11 -0.0312685
-3.13175e-11 -0.0313175
-3.13665e-11 -0.0313665
-3.14155e-11 -0.0314155
-3.14645e-11 -0.0314645
-3.15135e-11 -0.0315135
-3.15625e-11 -0.0315625
-3.16115e-11 -0.0316115
-3.16605e-11 -0.0316605
-3.17095e-11 -0.0317095
-3.17585e-11 -0.0317585
-3.18075e-11 -0.0318075
-3.18565e-11 -0.0318565
-3.19055e-11 -0.0319055
-3.19545e-11 -0.0319545
-3.20035e-11 -0.0320035
-3.20525e-11 -0.0320525
-3.21015e-11 -0.0321015
-3.21506e-11 -0.0321506
-3.21996e-11 -0.0321996
-3.22486e-11 -0.0322486
-3.22976e-11 -0.0322976
-3.23466e-11 -0.0323466
-3.23956e-11 -0.0323956
-3.24446e-11 -0.0324446
-3.24936e-11 -0.0324936
-3.25426e-11 -0.0325426
-3.25916e-11 -0.0325916
-3.26406e-11 -0.0326406
-3.26896e-11 -0.0326896
-3.27386e-11 -0.0327386
-3.27876e-11 -0.0327876
-3.28366e-11 -0.0328366
-3.28856e-11 -0.0328856
-3.29346e-11 -0.0329346
-3.29836e-11 -0.0329836
-3.30326e-11 -0.0330326
-3.30816e-11 -0.0330816
-3.31306e-11 -0.0331306
-3.31796e-11 -0.0331796
-3.32286e-11 -0.0332286
-3.32776e-11 -0.0332776
-3.33266e-11 -0.0333266
-3.33756e-11 -0.0333756
-3.34246e-11 -0.0334246
-3.34736e-11 -0.0334736
-3.35226e-11 -0.0335226
-3.35716e-11 -0.0335716
-3.36206e-11 -0.0336206
-3.36696e-11 -0.0336696
-3.37186e-11 -0.0337186
-3.37676e-11 -0.0337676
-3.38166e-11 -0.0338166
-3.38656e-11 -0.0338656
-3.39146e-11 -0.0339146
-3.39636e-11 -0.0339636
-3.40126e-11 -0.0340126
-3.40616e-11 -0.0340616
-3.41106e-11 -0.0341106
-3.41596e-11 -0.0341596
-3.42086e-11 -0.0342086
-3.42576e-11 -0.0342576
-3.43066e-11 -0.0343066
-3.43556e-11 -0.0343556
-3.44046e-11 -0.0344046
-3.44536e-11 -0.0344536
-3.45026e-11 -0.0345026
-3.45516e-11 -0.0345516
-3.46006e-11 -0.0346006
-3.46496e-11 -0.0346496
-3.46986e-11 -0.0346986
-3.47476e-11 -0.0347476
-3.47966e-11 -0.0347966
-3.48456e-11 -0.0348456
-3.48946e-11 -0.0348946
-3.49436e-11 -0.0349436
-3.49926e-11 -0.0349926
-3.50416e-11 -0.0350416
-3.50906e-11 -0.0350906
-3.51396e-11 -0.0351396
-3.51886e-11 -0.0351886
-3.52376e-11 -0.0352376
-3.52866e-11 -0.0352866
-3.53356e-11 -0.0353356
-3.53846e-11 -0.0353846
-3.54336e-11 -0.0354336
-3.54826e-11 -0.0354826
-3.55316e-11 -0.0355316
-3.55806e-11 -0.0355806
-3.56296e-11 -0.0356296
-3.56786e-11 -0.0356786
-3.57276e-11 -0.0357276
-3.57766e-11 -0.0357766
-3.58256e-11 -0.0358256
-3.58746e-11 -0.0358746
-3.59236e-11 -0.0359236
-3.59726e-11 -0.0359726
-3.60216e-11 -0.0360216
-3.60706e-11 -0.0360706
-3.61196e-11 -0.0361196
-3.61686e-11 -0.0361686
-3.62176e-11 -0.0362176
-3.62666e-11 -0.0362666
-3.63156e-11 -0.0363156
-3.63646e-11 -0.0363646
-3.64136e-11 -0.0364136
-3.64626e-11 -0.0364626
-3.65116e-11 -0.0365116
-3.65606e-11 -0.0365606
-3.66096e-11 -0.0366096
-3.66586e-11 -0.0366586
-3.67076e-11 -0.0367076
-3.67566e-11 -0.0367566
-3.68056e-11 -0.0368056
-3.68546e-11 -0.0368546
-3.69036e-11 -0.0369036
-3.69526e-11 -0.0369526
-3.70016e-11 -0.0370016
-3.70506e-11 -0.0370506
-3.70996e-11 -0.0370996
-3.71486e-11 -0.0371486
-3.71976e-11 -0.0371976
-3.72466e-11 -0.0372466
-3.72956e-11 -0.0372956
-3.73446e-11 -0.0373446
-3.73936e-11 -0.0373936
-3.74426e-11 -0.0374426
-3.74916e-11 -0.0374916
-3.75406e-11 -0.0375406
-3.75896e-11 -0.0375896
-3.76386e-11 -0.0376386
-3.76876e-11 -0.0376876
-3.77365e-11 -0.0377365
-3.77855e-11 -0.0377855
-3.78345e-11 -0.0378345
-3.78835e-11 -0.0378835
-3.79325e-11 -0.0379325
-3.79815e-11 -0.0379815
-3.80305e-11 -0.0380305
-3.80795e-11 -0.0380795
-3.81285e-11 -0.0381285
-3.81775e-11 -0.0381775
-3.82265e-11 -0.0382265
-3.82755e-11 -0.0382755
-3.83245e-11 -0.0383245
-3.83735e-11 -0.0383735
-3.84225e-11 -0.0384225
-3.84715e-11 -0.0384715
-3.85205e-11 -0.0385205
-3.85695e-11 -0.0385695
-3.86185e-11 -0.0386185
-3.86675e-11 -0.0386675
-3.87165e-11 -0.0387165
-3.87655e-11 -0.0387655
-3.88145e-11 -0.0388145
-3.88635e-11 -0.0388635
-3.89125e-11 -0.0389125
-3.89615e-11 -0.0389615
-3.90105e-11 -0.0390105
-3.90595e-11 -0.0390595
-3.91085e-11 -0.0391085
-3.91575e-11 -0.0391575
-3.92065e-11 -0.0392065
-3.92555e-11 -0.0392555
-3.93045e-11 -0.0393045
-3.93535e-11 -0.0393535
-3.94025e-11 -0.0394025
-3.94515e-11 -0.0394515
-3.95005e-11 -0.0395005
-3.95495e-11 -0.0395495
-3.95985e-11 -0.0395985
-3.96475e-11 -0.0396475
-3.96965e-11 -0.0396965
-3.97455e-11 -0.0397455
-3.97945e-11 -0.0397945
-3.98435e-11 -0.0398435
-3.98925e-11 -0.0398925
-3.99415e-11 -0.0399415
-3.99904e-11 -0.0399904
-4.00394e-11 -0.0400394
-4.00884e-11 -0.0400884
-4.01374e-11 -0.0401374
-4.01864e-11 -0.0401864
-4.02354e-11 -0.0402354
-4.02844e-11 -0.0402844
-4.03334e-11 -0.0403334
-4.03824e-11 -0.0403824
-4.04314e-11 -0.0404314
-4.04804e-11 -0.0404804
-4.05294e-11 -0.0405294
-4.05784e-11 -0.0405784
-4.06274e-11 -0.0406274
-4.06764e-11 -0.0406764
-4.07254e-11 -0.0407254
-4.07744e-11 -0.0407744
-4.08234e-11 -0.0408234
-4.08724e-11 -0.0408724
-4.09214e-11 -0.0409214
-4.09704e-11 -0.0409704
-4.10194e-11 -0.0410194
-4.10684e-11 -0.0410684
-4.11174e-11 -0.0411174
-4.11664e-11 -0.0411664
-4.12154e-11 -0.0412154
-4.12644e-11 -0.0412644
-4.13134e-11 -0.0413134
-4.13624e-11 -0.0413624
-4.14114e-11 -0.0414114
-4.14604e-11 -0.0414604
-4.15093e-11 -0.0415093
-4.15583e-11 -0.0415583
-4.16073e-11 -0.0416073
-4.16563e-11 -0.0416563
-4.17053e-11 -0.0417053
-4.17543e-11 -0.0417543
-4.18033e-11 -0.0418033
-4.18523e-11 -0.0418523
-4.19013e-11 -0.0419013
-4.19503e-11 -0.0419503
-4.19976e-11 -0.0419976
-4.20418e-11 -0.0420418
-4.2086e-11 -0.042086
-4.21302e-11 -0.0421302
-4.21744e-11 -0.0421744
-4.22186e-11 -0.0422186
-4.22628e-11 -0.0422628
-4.23069e-11 -0.0423069
-4.23473e-11 -0.0423473
-4.23814e-11 -0.0423814
-4.24155e-11 -0.0424155
-4.24496e-11 -0.0424496
-4.24837e-11 -0.0424837
-4.25177e-11 -0.0425177
-4.25518e-11 -0.0425518
-4.25859e-11 -0.0425859
-4.262e-11 -0.04262
-4.26541e-11 -0.0426541
-4.26882e-11 -0.0426882
-4.27223e-11 -0.0427223
-4.27564e-11 -0.0427564
-4.27905e-11 -0.0427905
-4.28246e-11 -0.0428246
-4.28587e-11 -0.0428587
-4.28927e-11 -0.0428927
-4.29268e-11 -0.0429268
-4.29609e-11 -0.0429609
-4.2995e-11 -0.042995
-4.30291e-11 -0.0430291
-4.30632e-11 -0.0430632
-4.30973e-11 -0.0430973
-4.31314e-11 -0.0431314
-4.31655e-11 -0.0431655
-4.31996e-11 -0.0431996
-4.32336e-11 -0.0432336
-4.32677e-11 -0.0432677
-4.33018e-11 -0.0433018
-4.33359e-11 -0.0433359
-4.337e-11 -0.04337
-4.34041e-11 -0.0434041
-4.34382e-11 -0.0434382
-4.34723e-11 -0.0434723
-4.35064e-11 -0.0435064
-4.35405e-11 -0.0435405
-4.35746e-11 -0.0435746
-4.36086e-11 -0.0436086
-4.36427e-11 -0.0436427
-4.36768e-11 -0.0436768
-4.37109e-11 -0.0437109
-4.3745e-11 -0.043745
-4.37791e-11 -0.0437791
-4.38132e-11 -0.0438132
-4.38473e-11 -0.0438473
-4.38814e-11 -0.0438814
-4.39155e-11 -0.0439155
-4.39495e-11 -0.0439495
-4.39836e-11 -0.0439836
-4.40177e-11 -0.0440177
-4.40518e-11 -0.0440518
-4.40859e-11 -0.0440859
-4.412e-11 -0.04412
-4.41541e-11 -0.0441541
-4.41882e-11 -0.0441882
-4.42223e-11 -0.0442223
-4.42564e-11 -0.0442564
-4.42905e-11 -0.0442905
-4.43245e-11 -0.0443245
-4.43586e-11 -0.0443586
-4.43927e-11 -0.0443927
-4.44268e-11 -0.0444268
-4.44609e-11 -0.0444609
-4.4495e-11 -0.044495
-4.45291e-11 -0.0445291
-4.45632e-11 -0.0445632
-4.45973e-11 -0.0445973
-4.46314e-11 -0.0446314
-4.46654e-11 -0.0446654
-4.46995e-11 -0.0446995
-4.47336e-11 -0.0447336
-4.47677e-11 -0.0447677
-4.48018e-11 -0.0448018
-4.48359e-11 -0.0448359
-4.487e-11 -0.04487
-4.49041e-11 -0.0449041
-4.49382e-11 -0.0449382
-4.49723e-11 -0.0449723
-4.50064e-11 -0.0450064
-4.50404e-11 -0.0450404
-4.50745e-11 -0.0450745
-4.51086e-11 -0.0451086
-4.51427e-11 -0.0451427
-4.51768e-11 -0.0451768
-4.52109e-11 -0.0452109
-4.5245e-11 -0.045245
-4.52791e-11 -0.0452791
-4.53132e-11 -0.0453132
-4.53473e-11 -0.0453473
-4.53814e-11 -0.0453814
-4.54154e-11 -0.0454154
-4.54495e-11 -0.0454495
-4.54836e-11 -0.0454836
-4.55177e-11 -0.0455177
-4.55518e-11 -0.0455518
-4.55859e-11 -0.0455859
-4.562e-11 -0.04562
-4.56541e-11 -0.0456541
-4.56882e-11 -0.0456882
-4.57223e-11 -0.0457223
-4.57563e-11 -0.0457563
-4.57904e-11 -0.0457904
-4.58245e-11 -0.0458245
-4.58586e-11 -0.0458586
-4.58927e-11 -0.0458927
-4.59268e-11 -0.0459268
-4.59609e-11 -0.0459609
-4.5995e-11 -0.045995
-4.60291e-11 -0.0460291
-4.60632e-11 -0.0460632
-4.60973e-11 -0.0460973
-4.61313e-11 -0.0461313
-4.61654e-11 -0.0461654
-4.61995e-11 -0.0461995
-4.62336e-11 -0.0462336
-4.62677e-11 -0.0462677
-4.63018e-11 -0.0463018
-4.63359e-11 -0.0463359
-4.637e-11 -0.04637
-4.64041e-11 -0.0464041
-4.64382e-11 -0.0464382
-4.64723e-11 -0.0464723
-4.65063e-11 -0.0465063
-4.65404e-11 -0.0465404
-4.65745e-11 -0.0465745
-4.66086e-11 -0.0466086
-4.66427e-11 -0.0466427
-4.66768e-11 -0.0466768
-4.67109e-11 -0.0467109
-4.6745e-11 -0.046745
-4.67791e-11 -0.0467791
-4.68132e-11 -0.0468132
-4.68473e-11 -0.0468473
-4.68813e-11 -0.0468813
-4.69154e-11 -0.0469154
-4.69495e-11 -0.0469495
-4.69836e-11 -0.0469836
-4.70177e-11 -0.0470177
-4.70518e-11 -0.0470518
-4.70859e-11 -0.0470859
-4.712e-11 -0.04712
-4.71541e-11 -0.0471541
-4.71882e-11 -0.0471882
-4.72223e-11 -0.0472223
-4.72563e-11 -0.0472563
-4.72904e-11 -0.0472904
-4.73245e-11 -0.0473245
-4.73586e-11 -0.0473586
-4.73927e-11 -0.0473927
-4.74268e-11 -0.0474268
-4.74609e-11 -0.0474609
-4.7495e-11 -0.047495
-4.75291e-11 -0.0475291
-4.75632e-11 -0.0475632
-4.75973e-11 -0.0475973
-4.76313e-11 -0.0476313
-4.76654e-11 -0.0476654
-4.76995e-11 -0.0476995
-4.77336e-11 -0.0477336
-4.77677e-11 -0.0477677
-4.78018e-11 -0.0478018
-4.78359e-11 -0.0478359
-4.787e-11 -0.04787
-4.79041e-11 -0.0479041
-4.79382e-11 -0.0479382
-4.79723e-11 -0.0479723
-4.80063e-11 -0.0480063
-4.80404e-11 -0.0480404
-4.80745e-11 -0.0480745
-4.81086e-11 -0.0481086
-4.81427e-11 -0.0481427
-4.81768e-11 -0.0481768
-4.82109e-11 -0.0482109
-4.8245e-11 -0.048245
-4.82791e-11 -0.0482791
-4.83132e-11 -0.0483132
-4.83473e-11 -0.0483473
-4.83813e-11 -0.0483813
-4.84154e-11 -0.0484154
-4.84495e-11 -0.0484495
-4.84836e-11 -0.0484836
-4.85177e-11 -0.0485177
-4.85518e-11 -0.0485518
-4.85859e-11 -0.0485859
-4.862e-11 -0.04862
-4.86541e-11 -0.0486541
-4.86882e-11 -0.0486882
-4.87223e-11 -0.0487223
-4.87563e-11 -0.0487563
-4.87904e-11 -0.0487904
-4.88245e-11 -0.0488245
-4.88586e-11 -0.0488586
-4.88927e-11 -0.0488927
-4.89268e-11 -0.0489268
-4.89609e-11 -0.0489609
-4.8995e-11 -0.048995
-4.90291e-11 -0.0490291
-4.90632e-11 -0.0490632
-4.90973e-11 -0.0490973
-4.91313e-11 -0.0491313
-4.91654e-11 -0.0491654
-4.91995e-11 -0.0491995
-4.92336e-11 -0.0492336
-4.92677e-11 -0.0492677
-4.93018e-11 -0.0493018
-4.93359e-11 -0.0493359
-4.937e-11 -0.04937
-4.94041e-11 -0.0494041
-4.94382e-11 -0.0494382
-4.94723e-11 -0.0494723
-4.95064e-11 -0.0495064
-4.95404e-11 -0.0495404
-4.95745e-11 -0.0495745
-4.96086e-11 -0.0496086
-4.96427e-11 -0.0496427
-4.96768e-11 -0.0496768
-4.97109e-11 -0.0497109
-4.9745e-11 -0.049745
-4.97791e-11 -0.0497791
-4.98132e-11 -0.0498132
-4.98473e-11 -0.0498473
-4.98814e-11 -0.0498814
-4.99154e-11 -0.0499154
-4.99495e-11 -0.0499495
-4.99836e-11 -0.0499836
-5.00177e-11 -0.0500177
-5.00518e-11 -0.0500518
-5.00859e-11 -0.0500859
-5.012e-11 -0.05012
-5.01541e-11 -0.0501541
-5.01882e-11 -0.0501882
-5.02223e-11 -0.0502223
-5.02564e-11 -0.0502564
-5.02904e-11 -0.0502904
-5.03245e-11 -0.0503245
-5.03586e-11 -0.0503586
-5.03927e-11 -0.0503927
-5.04268e-11 -0.0504268
-5.04609e-11 -0.0504609
-5.0495e-11 -0.050495
-5.05291e-11 -0.0505291
-5.05632e-11 -0.0505632
-5.05973e-11 -0.0505973
-5.06314e-11 -0.0506314
-5.06655e-11 -0.0506655
-5.06995e-11 -0.0506995
-5.07336e-11 -0.0507336
-5.07677e-11 -0.0507677
-5.08018e-11 -0.0508018
-5.08359e-11 -0.0508359
-5.087e-11 -0.05087
-5.09041e-11 -0.0509041
-5.09382e-11 -0.0509382
-5.09723e-11 -0.0509723
-5.10064e-11 -0.0510064
-5.10405e-11 -0.0510405
-5.10745e-11 -0.0510745
-5.11086e-11 -0.0511086
-5.11427e-11 -0.0511427
-5.11768e-11 -0.0511768
-5.12109e-11 -0.0512109
-5.1245e-11 -0.051245
-5.12791e-11 -0.0512791
-5.13132e-11 -0.0513132
-5.13473e-11 -0.0513473
-5.13814e-11 -0.0513814
-5.14155e-11 -0.0514155
-5.14496e-11 -0.0514496
-5.14836e-11 -0.0514836
-5.15177e-11 -0.0515177
-5.15518e-11 -0.0515518
-5.15859e-11 -0.0515859
-5.162e-11 -0.05162
-5.16541e-11 -0.0516541
-5.16882e-11 -0.0516882
-5.17223e-11 -0.0517223
-5.17564e-11 -0.0517564
-5.17905e-11 -0.0517905
-5.18246e-11 -0.0518246
-5.18586e-11 -0.0518586
-5.18927e-11 -0.0518927
-5.19268e-11 -0.0519268
-5.19609e-11 -0.0519609
-5.1995e-11 -0.051995
-5.20291e-11 -0.0520291
-5.20632e-11 -0.0520632
-5.20973e-11 -0.0520973
-5.21314e-11 -0.0521314
-5.21655e-11 -0.0521655
-5.21996e-11 -0.0521996
-5.22337e-11 -0.0522337
-5.22677e-11 -0.0522677
-5.23018e-11 -0.0523018
-5.23359e-11 -0.0523359
-5.237e-11 -0.05237
-5.24041e-11 -0.0524041
-5.24382e-11 -0.0524382
-5.24723e-11 -0.0524723
-5.25064e-11 -0.0525064
-5.25405e-11 -0.0525405
-5.25746e-11 -0.0525746
-5.26087e-11 -0.0526087
-5.26428e-11 -0.0526428
-5.26768e-11 -0.0526768
-5.27109e-11 -0.0527109
-5.2745e-11 -0.052745
-5.27791e-11 -0.0527791
-5.28132e-11 -0.0528132
-5.28473e-11 -0.0528473
-5.28814e-11 -0.0528814
-5.29155e-11 -0.0529155
-5.29496e-11 -0.0529496
-5.29837e-11 -0.0529837
-5.30178e-11 -0.0530178
-5.30518e-11 -0.0530518
-5.30859e-11 -0.0530859
-5.312e-11 -0.05312
-5.31541e-11 -0.0531541
-5.31882e-11 -0.0531882
-5.32223e-11 -0.0532223
-5.32564e-11 -0.0532564
-5.32905e-11 -0.0532905
-5.33246e-11 -0.0533246
-5.33587e-11 -0.0533587
-5.33928e-11 -0.0533928
-5.34269e-11 -0.0534269
-5.34609e-11 -0.0534609
-5.3495e-11 -0.053495
-5.35291e-11 -0.0535291
-5.35632e-11 -0.0535632
-5.35973e-11 -0.0535973
-5.36314e-11 -0.0536314
-5.36655e-11 -0.0536655
-5.36996e-11 -0.0536996
-5.37337e-11 -0.0537337
-5.37678e-11 -0.0537678
-5.38019e-11 -0.0538019
-5.3836e-11 -0.053836
-5.387e-11 -0.05387
-5.39041e-11 -0.0539041
-5.39382e-11 -0.0539382
-5.39723e-11 -0.0539723
-5.40064e-11 -0.0540064
-5.40405e-11 -0.0540405
-5.40746e-11 -0.0540746
-5.41087e-11 -0.0541087
-5.41428e-11 -0.0541428
-5.41769e-11 -0.0541769
-5.4211e-11 -0.054211
-5.42451e-11 -0.0542451
-5.42791e-11 -0.0542791
-5.43132e-11 -0.0543132
-5.43473e-11 -0.0543473
-5.43814e-11 -0.0543814
-5.44155e-11 -0.0544155
-5.44496e-11 -0.0544496
-5.44837e-11 -0.0544837
-5.45178e-11 -0.0545178
-5.45519e-11 -0.0545519
-5.4586e-11 -0.054586
-5.46201e-11 -0.0546201
-5.46542e-11 -0.0546542
-5.46882e-11 -0.0546882
-5.47223e-11 -0.0547223
-5.47564e-11 -0.0547564
-5.47905e-11 -0.0547905
-5.48246e-11 -0.0548246
-5.48587e-11 -0.0548587
-5.48928e-11 -0.0548928
-5.49269e-11 -0.0549269
-5.4961e-11 -0.054961
-5.49951e-11 -0.0549951
-5.50292e-11 -0.0550292
-5.50633e-11 -0.0550633
-5.50973e-11 -0.0550973
-5.51314e-11 -0.0551314
-5.51655e-11 -0.0551655
-5.51996e-11 -0.0551996
-5.52337e-11 -0.0552337
-5.52678e-11 -0.0552678
-5.53019e-11 -0.0553019
-5.5336e-11 -0.055336
-5.53701e-11 -0.0553701
-5.54042e-11 -0.0554042
-5.54383e-11 -0.0554383
-5.54724e-11 -0.0554724
-5.55064e-11 -0.0555064
-5.55405e-11 -0.0555405
-5.55746e-11 -0.0555746
-5.56087e-11 -0.0556087
-5.56428e-11 -0.0556428
-5.56769e-11 -0.0556769
-5.5711e-11 -0.055711
-5.57451e-11 -0.0557451
-5.57792e-11 -0.0557792
-5.58133e-11 -0.0558133
-5.58474e-11 -0.0558474
-5.58815e-11 -0.0558815
-5.59155e-11 -0.0559155
-5.59496e-11 -0.0559496
-5.59837e-11 -0.0559837
-5.60178e-11 -0.0560178
-5.60519e-11 -0.0560519
-5.6086e-11 -0.056086
-5.61201e-11 -0.0561201
-5.61542e-11 -0.0561542
-5.61883e-11 -0.0561883
-5.62224e-11 -0.0562224
-5.62565e-11 -0.0562565
-5.62906e-11 -0.0562906
-5.63247e-11 -0.0563247
-5.63587e-11 -0.0563587
-5.63928e-11 -0.0563928
-5.64269e-11 -0.0564269
-5.6461e-11 -0.056461
-5.64951e-11 -0.0564951
-5.65292e-11 -0.0565292
-5.65633e-11 -0.0565633
-5.65974e-11 -0.0565974
-5.66315e-11 -0.0566315
-5.66656e-11 -0.0566656
-5.66997e-11 -0.0566997
-5.67338e-11 -0.0567338
-5.67678e-11 -0.0567678
-5.68019e-11 -0.0568019
-5.6836e-11 -0.056836
-5.68701e-11 -0.0568701
-5.69042e-11 -0.0569042
-5.69383e-11 -0.0569383
-5.69724e-11 -0.0569724
-5.70065e-11 -0.0570065
-5.70406e-11 -0.0570406
-5.70747e-11 -0.0570747
-5.71088e-11 -0.0571088
-5.71429e-11 -0.0571429
-5.71769e-11 -0.0571769
-5.7211e-11 -0.057211
-5.72451e-11 -0.0572451
-5.72792e-11 -0.0572792
-5.73133e-11 -0.0573133
-5.73474e-11 -0.0573474
-5.73815e-11 -0.0573815
-5.74156e-11 -0.0574156
-5.74497e-11 -0.0574497
-5.74838e-11 -0.0574838
-5.75179e-11 -0.0575179
-5.7552e-11 -0.057552
-5.75861e-11 -0.0575861
-5.76201e-11 -0.0576201
-5.76542e-11 -0.0576542
-5.76883e-11 -0.0576883
-5.77224e-11 -0.0577224
-5.77565e-11 -0.0577565
-5.77906e-11 -0.0577906
-5.78247e-11 -0.0578247
-5.78588e-11 -0.0578588
-5.78929e-11 -0.0578929
-5.7927e-11 -0.057927
-5.79611e-11 -0.0579611
-5.79952e-11 -0.0579952
-5.80292e-11 -0.0580292
-5.80633e-11 -0.0580633
-5.80974e-11 -0.0580974
-5.81315e-11 -0.0581315
-5.81656e-11 -0.0581656
-5.81997e-11 -0.0581997
-5.82338e-11 -0.0582338
-5.82679e-11 -0.0582679
-5.8302e-11 -0.058302
-5.83361e-11 -0.0583361
-5.83702e-11 -0.0583702
-5.84043e-11 -0.0584043
-5.84384e-11 -0.0584384
-5.84724e-11 -0.0584724
-5.85065e-11 -0.0585065
-5.85406e-11 -0.0585406
-5.85747e-11 -0.0585747
-5.86088e-11 -0.0586088
-5.86429e-11 -0.0586429
-5.8677e-11 -0.058677
-5.87111e-11 -0.0587111
-5.87452e-11 -0.0587452
-5.87793e-11 -0.0587793
-5.88134e-11 -0.0588134
-5.88475e-11 -0.0588475
-5.88816e-11 -0.0588816
-5.89156e-11 -0.0589156
-5.89497e-11 -0.0589497
-5.89838e-11 -0.0589838
-5.90179e-11 -0.0590179
-5.9052e-11 -0.059052
-5.90861e-11 -0.0590861
-5.91202e-11 -0.0591202
-5.91543e-11 -0.0591543
-5.91884e-11 -0.0591884
-5.92225e-11 -0.0592225
-5.92566e-11 -0.0592566
-5.92907e-11 -0.0592907
-5.93247e-11 -0.0593247
-5.93588e-11 -0.0593588
-5.93929e-11 -0.0593929
-5.9427e-11 -0.059427
-5.94611e-11 -0.0594611
-5.94952e-11 -0.0594952
-5.95293e-11 -0.0595293
-5.95634e-11 -0.0595634
-5.95975e-11 -0.0595975
-5.96316e-11 -0.0596316
-5.96657e-11 -0.0596657
-5.96998e-11 -0.0596998
-5.97339e-11 -0.0597339
-5.97679e-11 -0.0597679
-5.9802e-11 -0.059802
-5.98361e-11 -0.0598361
-5.98702e-11 -0.0598702
-5.99043e-11 -0.0599043
-5.99384e-11 -0.0599384
-5.99725e-11 -0.0599725
-6.00066e-11 -0.0600066
-6.00407e-11 -0.0600407
-6.00748e-11 -0.0600748
-6.01089e-11 -0.0601089
-6.0143e-11 -0.060143
-6.01771e-11 -0.0601771
-6.02111e-11 -0.0602111
-6.02452e-11 -0.0602452
-6.02793e-11 -0.0602793
-6.03134e-11 -0.0603134
-6.03475e-11 -0.0603475
-6.03816e-11 -0.0603816
-6.04157e-11 -0.0604157
-6.04498e-11 -0.0604498
-6.04839e-11 -0.0604839
-6.0518e-11 -0.060518
-6.05521e-11 -0.0605521
-6.05862e-11 -0.0605862
-6.06203e-11 -0.0606203
-6.06543e-11 -0.0606543
-6.06884e-11 -0.0606884
-6.07225e-11 -0.0607225
-6.07566e-11 -0.0607566
-6.07907e-11 -0.0607907
-6.08248e-11 -0.0608248
-6.08589e-11 -0.0608589
-6.0893e-11 -0.060893
-6.09271e-11 -0.0609271
-6.09612e-11 -0.0609612
-6.09953e-11 -0.0609953
-6.10294e-11 -0.0610294
-6.10635e-11 -0.0610635
-6.10975e-11 -0.0610975
-6.11316e-11 -0.0611316
-6.11657e-11 -0.0611657
-6.11998e-11 -0.0611998
-6.12339e-11 -0.0612339
-6.1268e-11 -0.061268
-6.13021e-11 -0.0613021
-6.13362e-11 -0.0613362
-6.13703e-11 -0.0613703
-6.14044e-11 -0.0614044
-6.14385e-11 -0.0614385
-6.14726e-11 -0.0614726
-6.15067e-11 -0.0615067
-6.15407e-11 -0.0615407
-6.15748e-11 -0.0615748
-6.16089e-11 -0.0616089
-6.1643e-11 -0.061643
-6.16771e-11 -0.0616771
-6.17112e-11 -0.0617112
-6.17453e-11 -0.0617453
-6.17794e-11 -0.0617794
-6.18135e-11 -0.0618135
-6.18476e-11 -0.0618476
-6.18817e-11 -0.0618817
-6.19158e-11 -0.0619158
-6.19499e-11 -0.0619499
-6.19839e-11 -0.0619839
-6.2018e-11 -0.062018
-6.20521e-11 -0.0620521
-6.20862e-11 -0.0620862
-6.21203e-11 -0.0621203
-6.21544e-11 -0.0621544
-6.21885e-11 -0.0621885
-6.22226e-11 -0.0622226
-6.22567e-11 -0.0622567
-6.22908e-11 -0.0622908
-6.23249e-11 -0.0623249
-6.2359e-11 -0.062359
-6.23931e-11 -0.0623931
-6.24272e-11 -0.0624272
-6.24612e-11 -0.0624612
-6.24953e-11 -0.0624953
-6.25294e-11 -0.0625294
-6.25635e-11 -0.0625635
-6.25976e-11 -0.0625976
-6.26317e-11 -0.0626317
-6.26658e-11 -0.0626658
-6.26999e-11 -0.0626999
-6.2734e-11 -0.062734
-6.27681e-11 -0.0627681
-6.28022e-11 -0.0628022
-6.28363e-11 -0.0628363
-6.28704e-11 -0.0628704
-6.29044e-11 -0.0629044
-6.29385e-11 -0.0629385
-6.29726e-11 -0.0629726
-6.30067e-11 -0.0630067
-6.30408e-11 -0.0630408
-6.30749e-11 -0.0630749
-6.3109e-11 -0.063109
-6.31431e-11 -0.0631431
-6.31772e-11 -0.0631772
-6.32113e-11 -0.0632113
-6.32454e-11 -0.0632454
-6.32795e-11 -0.0632795
-6.33136e-11 -0.0633136
-6.33477e-11 -0.0633477
-6.33817e-11 -0.0633817
-6.34158e-11 -0.0634158
-6.34499e-11 -0.0634499
-6.3484e-11 -0.063484
-6.35181e-11 -0.0635181
-6.35522e-11 -0.0635522
-6.35863e-11 -0.0635863
-6.36204e-11 -0.0636204
-6.36545e-11 -0.0636545
-6.36886e-11 -0.0636886
-6.37227e-11 -0.0637227
-6.37568e-11 -0.0637568
-6.37909e-11 -0.0637909
-6.38249e-11 -0.0638249
-6.3859e-11 -0.063859
-6.38931e-11 -0.0638931
-6.39272e-11 -0.0639272
-6.39613e-11 -0.0639613
-6.39954e-11 -0.0639954
-6.40295e-11 -0.0640295
-6.40636e-11 -0.0640636
-6.40977e-11 -0.0640977
-6.41318e-11 -0.0641318
-6.41659e-11 -0.0641659
-6.42e-11 -0.0642
-6.42341e-11 -0.0642341
-6.42682e-11 -0.0642682
-6.43022e-11 -0.0643022
-6.43363e-11 -0.0643363
-6.43704e-11 -0.0643704
-6.44045e-11 -0.0644045
-6.44386e-11 -0.0644386
-6.44727e-11 -0.0644727
-6.45068e-11 -0.0645068
-6.45409e-11 -0.0645409
-6.4575e-11 -0.064575
-6.46091e-11 -0.0646091
-6.46432e-11 -0.0646432
-6.46773e-11 -0.0646773
-6.47114e-11 -0.0647114
-6.47455e-11 -0.0647455
-6.47795e-11 -0.0647795
-6.48136e-11 -0.0648136
-6.48477e-11 -0.0648477
-6.48818e-11 -0.0648818
-6.49159e-11 -0.0649159
-6.495e-11 -0.06495
-6.49841e-11 -0.0649841
-6.50182e-11 -0.0650182
-6.50523e-11 -0.0650523
-6.50864e-11 -0.0650864
-6.51205e-11 -0.0651205
-6.51546e-11 -0.0651546
-6.51887e-11 -0.0651887
-6.52228e-11 -0.0652228
-6.52568e-11 -0.0652568
-6.52909e-11 -0.0652909
-6.5325e-11 -0.065325
-6.53591e-11 -0.0653591
-6.53932e-11 -0.0653932
-6.54273e-11 -0.0654273
-6.54614e-11 -0.0654614
-6.54955e-11 -0.0654955
-6.55296e-11 -0.0655296
-6.55637e-11 -0.0655637
-6.55978e-11 -0.0655978
-6.56319e-11 -0.0656319
-6.5666e-11 -0.065666
-6.57001e-11 -0.0657001
-6.57341e-11 -0.0657341
-6.57682e-11 -0.0657682
-6.58023e-11 -0.0658023
-6.58364e-11 -0.0658364
-6.58705e-11 -0.0658705
-6.59046e-11 -0.0659046
-6.59387e-11 -0.0659387
-6.59728e-11 -0.0659728
-6.60069e-11 -0.0660069
-6.6041e-11 -0.066041
-6.60751e-11 -0.0660751
-6.61092e-11 -0.0661092
-6.61433e-11 -0.0661433
-6.61774e-11 -0.0661774
-6.62114e-11 -0.0662114
-6.62455e-11 -0.0662455
-6.62796e-11 -0.0662796
-6.63137e-11 -0.0663137
-6.63478e-11 -0.0663478
-6.63819e-11 -0.0663819
-6.6416e-11 -0.066416
-6.64501e-11 -0.0664501
-6.64842e-11 -0.0664842
-6.65183e-11 -0.0665183
-6.65524e-11 -0.0665524
-6.65865e-11 -0.0665865
-6.66206e-11 -0.0666206
-6.66547e-11 -0.0666547
-6.66887e-11 -0.0666887
-6.67228e-11 -0.0667228
-6.67569e-11 -0.0667569
-6.6791e-11 -0.066791
-6.68251e-11 -0.0668251
-6.68592e-11 -0.0668592
-6.68933e-11 -0.0668933
-6.69274e-11 -0.0669274
-6.69615e-11 -0.0669615
-6.69956e-11 -0.0669956
-6.70297e-11 -0.0670297
-6.70638e-11 -0.0670638
-6.70979e-11 -0.0670979
-6.7132e-11 -0.067132
-6.7166e-11 -0.067166
-6.72001e-11 -0.0672001
-6.72342e-11 -0.0672342
-6.72683e-11 -0.0672683
-6.73024e-11 -0.0673024
-6.73365e-11 -0.0673365
-6.73706e-11 -0.0673706
-6.74047e-11 -0.0674047
-6.74388e-11 -0.0674388
-6.74729e-11 -0.0674729
-6.7507e-11 -0.067507
-6.75411e-11 -0.0675411
-6.75752e-11 -0.0675752
-6.76093e-11 -0.0676093
-6.76434e-11 -0.0676434
-6.76774e-11 -0.0676774
-6.77115e-11 -0.0677115
-6.77456e-11 -0.0677456
-6.77797e-11 -0.0677797
-6.78138e-11 -0.0678138
-6.78479e-11 -0.0678479
-6.7882e-11 -0.067882
-6.79161e-11 -0.0679161
-6.79502e-11 -0.0679502
-6.79843e-11 -0.0679843
-6.80184e-11 -0.0680184
-6.80525e-11 -0.0680525
-6.80866e-11 -0.0680866
-6.81207e-11 -0.0681207
-6.81547e-11 -0.0681547
-6.81888e-11 -0.0681888
-6.82229e-11 -0.0682229
-6.8257e-11 -0.068257
-6.82911e-11 -0.0682911
-6.83252e-11 -0.0683252
-6.83593e-11 -0.0683593
-6.83934e-11 -0.0683934
-6.84275e-11 -0.0684275
-6.84616e-11 -0.0684616
-6.84957e-11 -0.0684957
-6.85298e-11 -0.0685298
-6.85639e-11 -0.0685639
-6.8598e-11 -0.068598
-6.86321e-11 -0.0686321
-6.86661e-11 -0.0686661
-6.87002e-11 -0.0687002
-6.87343e-11 -0.0687343
-6.87684e-11 -0.0687684
-6.88025e-11 -0.0688025
-6.88366e-11 -0.0688366
-6.88707e-11 -0.0688707
-6.89048e-11 -0.0689048
-6.89389e-11 -0.0689389
-6.8973e-11 -0.068973
-6.90071e-11 -0.0690071
-6.90412e-11 -0.0690412
-6.90753e-11 -0.0690753
-6.91094e-11 -0.0691094
-6.91435e-11 -0.0691435
-6.91775e-11 -0.0691775
-6.92116e-11 -0.0692116
-6.92457e-11 -0.0692457
-6.92798e-11 -0.0692798
-6.93139e-11 -0.0693139
-6.9348e-11 -0.069348
-6.93821e-11 -0.0693821
-6.94162e-11 -0.0694162
-6.94503e-11 -0.0694503
-6.94844e-11 -0.0694844
-6.95185e-11 -0.0695185
-6.95526e-11 -0.0695526
-6.95867e-11 -0.0695867
-6.96208e-11 -0.0696208
-6.96549e-11 -0.0696549
-6.96889e-11 -0.0696889
-6.9723e-11 -0.069723
-6.97571e-11 -0.0697571
-6.97912e-11 -0.0697912
-6.98253e-11 -0.0698253
-6.98594e-11 -0.0698594
-6.98935e-11 -0.0698935
-6.99276e-11 -0.0699276
-6.99617e-11 -0.0699617
-6.99958e-11 -0.0699958
-7.00299e-11 -0.0700299
-7.0064e-11 -0.070064
-7.00981e-11 -0.0700981
-7.01322e-11 -0.0701322
-7.01663e-11 -0.0701663
-7.02003e-11 -0.0702003
-7.02344e-11 -0.0702344
-7.02685e-11 -0.0702685
-7.03026e-11 -0.0703026
-7.03367e-11 -0.0703367
-7.03708e-11 -0.0703708
-7.04049e-11 -0.0704049
-7.0439e-11 -0.070439
-7.04731e-11 -0.0704731
-7.05072e-11 -0.0705072
-7.05413e-11 -0.0705413
-7.05754e-11 -0.0705754
-7.06095e-11 -0.0706095
-7.06436e-11 -0.0706436
-7.06777e-11 -0.0706777
-7.07117e-11 -0.0707117
-7.07458e-11 -0.0707458
-7.07799e-11 -0.0707799
-7.0814e-11 -0.070814
-7.08481e-11 -0.0708481
-7.08822e-11 -0.0708822
-7.09163e-11 -0.0709163
-7.09504e-11 -0.0709504
-7.09845e-11 -0.0709845
-7.10186e-11 -0.0710186
-7.10527e-11 -0.0710527
-7.10868e-11 -0.0710868
-7.11209e-11 -0.0711209
-7.1155e-11 -0.071155
-7.11891e-11 -0.0711891
-7.12231e-11 -0.0712231
-7.12572e-11 -0.0712572
-7.12913e-11 -0.0712913
-7.13254e-11 -0.0713254
-7.13595e-11 -0.0713595
-7.13936e-11 -0.0713936
-7.14277e-11 -0.0714277
-7.14618e-11 -0.0714618
-7.14959e-11 -0.0714959
-7.153e-11 -0.07153
-7.15641e-11 -0.0715641
-7.15982e-11 -0.0715982
-7.16323e-11 -0.0716323
-7.16664e-11 -0.0716664
-7.17005e-11 -0.0717005
-7.17346e-11 -0.0717346
-7.17686e-11 -0.0717686
-7.18027e-11 -0.0718027
-7.18368e-11 -0.0718368
-7.18709e-11 -0.0718709
-7.1905e-11 -0.071905
-7.19391e-11 -0.0719391
-7.19732e-11 -0.0719732
-7.20073e-11 -0.0720073
-7.20414e-11 -0.0720414
-7.20755e-11 -0.0720755
-7.21096e-11 -0.0721096
-7.21437e-11 -0.0721437
-7.21778e-11 -0.0721778
-7.22119e-11 -0.0722119
-7.2246e-11 -0.072246
-7.228e-11 -0.07228
-7.23141e-11 -0.0723141
-7.23482e-11 -0.0723482
-7.23823e-11 -0.0723823
-7.24164e-11 -0.0724164
-7.24505e-11 -0.0724505
-7.24846e-11 -0.0724846
-7.25187e-11 -0.0725187
-7.25528e-11 -0.0725528
-7.25869e-11 -0.0725869
-7.2621e-11 -0.072621
-7.26551e-11 -0.0726551
-7.26892e-11 -0.0726892
-7.27233e-11 -0.0727233
-7.27574e-11 -0.0727574
-7.27915e-11 -0.0727915
-7.28255e-11 -0.0728255
-7.28596e-11 -0.0728596
-7.28937e-11 -0.0728937
-7.29278e-11 -0.0729278
-7.29619e-11 -0.0729619
-7.2996e-11 -0.072996
-7.30301e-11 -0.0730301
-7.30642e-11 -0.0730642
-7.30983e-11 -0.0730983
-7.31324e-11 -0.0731324
-7.31665e-11 -0.0731665
-7.32006e-11 -0.0732006
-7.32347e-11 -0.0732347
-7.32688e-11 -0.0732688
-7.33029e-11 -0.0733029
-7.3337e-11 -0.073337
-7.3371e-11 -0.073371
-7.34051e-11 -0.0734051
-7.34392e-11 -0.0734392
-7.34733e-11 -0.0734733
-7.35074e-11 -0.0735074
-7.35415e-11 -0.0735415
-7.35756e-11 -0.0735756
-7.36097e-11 -0.0736097
-7.36438e-11 -0.0736438
-7.36779e-11 -0.0736779
-7.3712e-11 -0.073712
-7.37461e-11 -0.0737461
-7.37802e-11 -0.0737802
-7.38143e-11 -0.0738143
-7.38484e-11 -0.0738484
-7.38825e-11 -0.0738825
-7.39165e-11 -0.0739165
-7.39506e-11 -0.0739506
-7.39847e-11 -0.0739847
-7.40188e-11 -0.0740188
-7.40529e-11 -0.0740529
-7.4087e-11 -0.074087
-7.41211e-11 -0.0741211
-7.41552e-11 -0.0741552
-7.41893e-11 -0.0741893
-7.42234e-11 -0.0742234
-7.42575e-11 -0.0742575
-7.42916e-11 -0.0742916
-7.43257e-11 -0.0743257
-7.43598e-11 -0.0743598
-7.43939e-11 -0.0743939
-7.4428e-11 -0.074428
-7.4462e-11 -0.074462
-7.44961e-11 -0.0744961
-7.45302e-11 -0.0745302
-7.45643e-11 -0.0745643
-7.45984e-11 -0.0745984
-7.46325e-11 -0.0746325
-7.46666e-11 -0.0746666
-7.47007e-11 -0.0747007
-7.47348e-11 -0.0747348
-7.47689e-11 -0.0747689
-7.4803e-11 -0.074803
-7.48371e-11 -0.0748371
-7.48712e-11 -0.0748712
-7.49053e-11 -0.0749053
-7.49394e-11 -0.0749394
-7.49735e-11 -0.0749735
-7.50075e-11 -0.0750075
-7.50416e-11 -0.0750416
-7.50757e-11 -0.0750757
-7.51098e-11 -0.0751098
-7.51439e-11 -0.0751439
-7.5178e-11 -0.075178
-7.52121e-11 -0.0752121
-7.52462e-11 -0.0752462
-7.52803e-11 -0.0752803
-7.53144e-11 -0.0753144
-7.53485e-11 -0.0753485
-7.53826e-11 -0.0753826
-7.54167e-11 -0.0754167
-7.54508e-11 -0.0754508
-7.54849e-11 -0.0754849
-7.5519e-11 -0.075519
-7.5553e-11 -0.075553
-7.55871e-11 -0.0755871
-7.56212e-11 -0.0756212
-7.56553e-11 -0.0756553
-7.56894e-11 -0.0756894
-7.57235e-11 -0.0757235
-7.57576e-11 -0.0757576
-7.57917e-11 -0.0757917
-7.58258e-11 -0.0758258
-7.58599e-11 -0.0758599
-7.5894e-11 -0.075894
-7.59281e-11 -0.0759281
-7.59622e-11 -0.0759622
-7.59963e-11 -0.0759963
-7.60304e-11 -0.0760304
-7.60645e-11 -0.0760645
-7.60986e-11 -0.0760986
-7.61326e-11 -0.0761326
-7.61667e-11 -0.0761667
-7.62008e-11 -0.0762008
-7.62349e-11 -0.0762349
-7.6269e-11 -0.076269
-7.63031e-11 -0.0763031
-7.63372e-11 -0.0763372
-7.63713e-11 -0.0763713
-7.64054e-11 -0.0764054
-7.64395e-11 -0.0764395
-7.64736e-11 -0.0764736
-7.65077e-11 -0.0765077
-7.65418e-11 -0.0765418
-7.65759e-11 -0.0765759
-7.661e-11 -0.07661
-7.66441e-11 -0.0766441
-7.66782e-11 -0.0766782
-7.67122e-11 -0.0767122
-7.67463e-11 -0.0767463
-7.67804e-11 -0.0767804
-7.68145e-11 -0.0768145
-7.68486e-11 -0.0768486
-7.68827e-11 -0.0768827
-7.69168e-11 -0.0769168
-7.69509e-11 -0.0769509
-7.6985e-11 -0.076985
-7.70191e-11 -0.0770191
-7.70532e-11 -0.0770532
-7.70873e-11 -0.0770873
-7.71214e-11 -0.0771214
-7.71555e-11 -0.0771555
-7.71896e-11 -0.0771896
-7.72237e-11 -0.0772237
-7.72578e-11 -0.0772578
-7.72918e-11 -0.0772918
-7.73259e-11 -0.0773259
-7.736e-11 -0.07736
-7.73941e-11 -0.0773941
-7.74282e-11 -0.0774282
-7.74623e-11 -0.0774623
-7.74964e-11 -0.0774964
-7.75305e-11 -0.0775305
-7.75646e-11 -0.0775646
-7.75987e-11 -0.0775987
-7.76328e-11 -0.0776328
-7.76669e-11 -0.0776669
-7.7701e-11 -0.077701
-7.77351e-11 -0.0777351
-7.77692e-11 -0.0777692
-7.78033e-11 -0.0778033
-7.78374e-11 -0.0778374
-7.78714e-11 -0.0778714
-7.79055e-11 -0.0779055
-7.79396e-11 -0.0779396
-7.79737e-11 -0.0779737
-7.80078e-11 -0.0780078
-7.80419e-11 -0.0780419
-7.8076e-11 -0.078076
-7.81101e-11 -0.0781101
-7.81442e-11 -0.0781442
-7.81783e-11 -0.0781783
-7.82124e-11 -0.0782124
-7.82465e-11 -0.0782465
-7.82806e-11 -0.0782806
-7.83147e-11 -0.0783147
-7.83488e-11 -0.0783488
-7.83829e-11 -0.0783829
-7.8417e-11 -0.078417
-7.8451e-11 -0.078451
-7.84851e-11 -0.0784851
-7.85192e-11 -0.0785192
-7.85533e-11 -0.0785533
-7.85874e-11 -0.0785874
-7.86215e-11 -0.0786215
-7.86556e-11 -0.0786556
-7.86897e-11 -0.0786897
-7.87238e-11 -0.0787238
-7.87579e-11 -0.0787579
-7.8792e-11 -0.078792
-7.88261e-11 -0.0788261
-7.88602e-11 -0.0788602
-7.88943e-11 -0.0788943
-7.89284e-11 -0.0789284
-7.89625e-11 -0.0789625
-7.89966e-11 -0.0789966
-7.90307e-11 -0.0790307
-7.90647e-11 -0.0790647
-7.90988e-11 -0.0790988
-7.91329e-11 -0.0791329
-7.9167e-11 -0.079167
-7.92011e-11 -0.0792011
-7.92352e-11 -0.0792352
-7.92693e-11 -0.0792693
-7.93034e-11 -0.0793034
-7.93375e-11 -0.0793375
-7.93716e-11 -0.0793716
-7.94057e-11 -0.0794057
-7.94398e-11 -0.0794398
-7.94739e-11 -0.0794739
-7.9508e-11 -0.079508
-7.95421e-11 -0.0795421
-7.95762e-11 -0.0795762
-7.96103e-11 -0.0796103
-7.96444e-11 -0.0796444
-7.96784e-11 -0.0796784
-7.97125e-11 -0.0797125
-7.97466e-11 -0.0797466
-7.97807e-11 -0.0797807
-7.98148e-11 -0.0798148
-7.98489e-11 -0.0798489
-7.9883e-11 -0.079883
-7.99171e-11 -0.0799171
-7.99512e-11 -0.0799512
-7.99853e-11 -0.0799853
-8.00194e-11 -0.0800194
-8.00535e-11 -0.0800535
-8.00876e-11 -0.0800876
-8.01217e-11 -0.0801217
-8.01558e-11 -0.0801558
-8.01899e-11 -0.0801899
-8.0224e-11 -0.080224
-8.02581e-11 -0.0802581
-8.02921e-11 -0.0802921
-8.03262e-11 -0.0803262
-8.03603e-11 -0.0803603
-8.03944e-11 -0.0803944
-8.04285e-11 -0.0804285
-8.04615e-11 -0.0804615
-8.04915e-11 -0.0804915
-8.05216e-11 -0.0805216
-8.05516e-11 -0.0805516
-8.05816e-11 -0.0805816
-8.06117e-11 -0.0806117
-8.06417e-11 -0.0806417
-8.06718e-11 -0.0806718
-8.07018e-11 -0.0807018
-8.07318e-11 -0.0807318
-8.07619e-11 -0.0807619
-8.07919e-11 -0.0807919
-8.08219e-11 -0.0808219
-8.0852e-11 -0.080852
-8.0882e-11 -0.080882
-8.09121e-11 -0.0809121
-8.09421e-11 -0.0809421
-8.09721e-11 -0.0809721
-8.10022e-11 -0.0810022
-8.10322e-11 -0.0810322
-8.10622e-11 -0.0810622
-8.10923e-11 -0.0810923
-8.11223e-11 -0.0811223
-8.11524e-11 -0.0811524
-8.11824e-11 -0.0811824
-8.12124e-11 -0.0812124
-8.12425e-11 -0.0812425
-8.12725e-11 -0.0812725
-8.13025e-11 -0.0813025
-8.13326e-11 -0.0813326
-8.13626e-11 -0.0813626
-8.13927e-11 -0.0813927
-8.14227e-11 -0.0814227
-8.14527e-11 -0.0814527
-8.14828e-11 -0.0814828
-8.15128e-11 -0.0815128
-8.15429e-11 -0.0815429
-8.15729e-11 -0.0815729
-8.16029e-11 -0.0816029
-8.1633e-11 -0.081633
-8.1663e-11 -0.081663
-8.1693e-11 -0.081693
-8.17231e-11 -0.0817231
-8.17531e-11 -0.0817531
-8.17832e-11 -0.0817832
-8.18132e-11 -0.0818132
-8.18432e-11 -0.0818432
-8.18733e-11 -0.0818733
-8.19033e-11 -0.0819033
-8.19333e-11 -0.0819333
-8.19634e-11 -0.0819634
-8.19934e-11 -0.0819934
-8.20235e-11 -0.0820235
-8.20535e-11 -0.0820535
-8.20835e-11 -0.0820835
-8.21136e-11 -0.0821136
-8.21436e-11 -0.0821436
-8.21737e-11 -0.0821737
-8.22037e-11 -0.0822037
-8.22337e-11 -0.0822337
-8.22638e-11 -0.0822638
-8.22938e-11 -0.0822938
-8.23238e-11 -0.0823238
-8.23539e-11 -0.0823539
-8.23814e-11 -0.0823814
-8.24086e-11 -0.0824086
-8.24358e-11 -0.0824358
-8.2463e-11 -0.082463
-8.24902e-11 -0.0824902
-8.25174e-11 -0.0825174
-8.25446e-11 -0.0825446
-8.25718e-11 -0.0825718
-8.2599e-11 -0.082599
-8.26262e-11 -0.0826262
-8.26534e-11 -0.0826534
-8.26806e-11 -0.0826806
-8.27078e-11 -0.0827078
-8.27351e-11 -0.0827351
-8.27623e-11 -0.0827623
-8.27895e-11 -0.0827895
-8.28167e-11 -0.0828167
-8.28439e-11 -0.0828439
-8.28711e-11 -0.0828711
-8.28983e-11 -0.0828983
-8.29255e-11 -0.0829255
-8.29527e-11 -0.0829527
-8.29799e-11 -0.0829799
-8.30071e-11 -0.0830071
-8.30343e-11 -0.0830343
-8.30615e-11 -0.0830615
-8.30887e-11 -0.0830887
-8.31159e-11 -0.0831159
-8.31431e-11 -0.0831431
-8.31704e-11 -0.0831704
-8.31976e-11 -0.0831976
-8.32248e-11 -0.0832248
-8.3252e-11 -0.083252
-8.32792e-11 -0.0832792
-8.33064e-11 -0.0833064
-8.33336e-11 -0.0833336
-8.33608e-11 -0.0833608
-8.3388e-11 -0.083388
-8.34152e-11 -0.0834152
-8.34424e-11 -0.0834424
-8.34696e-11 -0.0834696
-8.34968e-11 -0.0834968
-8.3524e-11 -0.083524
-8.35513e-11 -0.0835513
-8.35785e-11 -0.0835785
-8.36057e-11 -0.0836057
-8.36329e-11 -0.0836329
-8.36601e-11 -0.0836601
-8.36873e-11 -0.0836873
-8.37145e-11 -0.0837145
-8.37417e-11 -0.0837417
-8.37689e-11 -0.0837689
-8.37961e-11 -0.0837961
-8.38233e-11 -0.0838233
-8.38505e-11 -0.0838505
-8.38777e-11 -0.0838777
-8.39049e-11 -0.0839049
-8.39321e-11 -0.0839321
-8.39594e-11 -0.0839594
-8.39866e-11 -0.0839866
-8.40138e-11 -0.0840138
-8.4041e-11 -0.084041
-8.40682e-11 -0.0840682
-8.40954e-11 -0.0840954
-8.41226e-11 -0.0841226
-8.41498e-11 -0.0841498
-8.4177e-11 -0.084177
-8.42042e-11 -0.0842042
-8.42314e-11 -0.0842314
-8.42586e-11 -0.0842586
-8.42858e-11 -0.0842858
-8.43131e-11 -0.0843131
-8.43403e-11 -0.0843403
-8.43675e-11 -0.0843675
-8.43947e-11 -0.0843947
-8.44219e-11 -0.0844219
-8.44491e-11 -0.0844491
-8.44763e-11 -0.0844763
-8.45035e-11 -0.0845035
-8.45307e-11 -0.0845307
-8.45579e-11 -0.0845579
-8.45851e-11 -0.0845851
-8.46123e-11 -0.0846123
-8.46395e-11 -0.0846395
-8.46668e-11 -0.0846668
-8.4694e-11 -0.084694
-8.47212e-11 -0.0847212
-8.47484e-11 -0.0847484
-8.47756e-11 -0.0847756
-8.48028e-11 -0.0848028
-8.483e-11 -0.08483
-8.48572e-11 -0.0848572
-8.48844e-11 -0.0848844
-8.49116e-11 -0.0849116
-8.49388e-11 -0.0849388
-8.4966e-11 -0.084966
-8.49932e-11 -0.0849932
-8.50205e-11 -0.0850205
-8.50477e-11 -0.0850477
-8.50749e-11 -0.0850749
-8.51021e-11 -0.0851021
-8.51293e-11 -0.0851293
-8.51565e-11 -0.0851565
-8.51837e-11 -0.0851837
-8.52109e-11 -0.0852109
-8.52381e-11 -0.0852381
-8.52653e-11 -0.0852653
-8.52925e-11 -0.0852925
-8.53197e-11 -0.0853197
-8.5347e-11 -0.085347
-8.53742e-11 -0.0853742
-8.54014e-11 -0.0854014
-8.54286e-11 -0.0854286
-8.54558e-11 -0.0854558
-8.5483e-11 -0.085483
-8.55102e-11 -0.0855102
-8.55374e-11 -0.0855374
-8.55646e-11 -0.0855646
-8.55918e-11 -0.0855918
-8.5619e-11 -0.085619
-8.56462e-11 -0.0856462
-8.56735e-11 -0.0856735
-8.57007e-11 -0.0857007
-8.57279e-11 -0.0857279
-8.57551e-11 -0.0857551
-8.57823e-11 -0.0857823
-8.58095e-11 -0.0858095
-8.58367e-11 -0.0858367
-8.58639e-11 -0.0858639
-8.58911e-11 -0.0858911
-8.59183e-11 -0.0859183
-8.59455e-11 -0.0859455
-8.59728e-11 -0.0859728
-8.6e-11 -0.086
-8.60272e-11 -0.0860272
-8.60544e-11 -0.0860544
-8.60816e-11 -0.0860816
-8.61088e-11 -0.0861088
-8.6136e-11 -0.086136
-8.61632e-11 -0.0861632
-8.61904e-11 -0.0861904
-8.62176e-11 -0.0862176
-8.62448e-11 -0.0862448
-8.62721e-11 -0.0862721
-8.62993e-11 -0.0862993
-8.63265e-11 -0.0863265
-8.63537e-11 -0.0863537
-8.63809e-11 -0.0863809
-8.64081e-11 -0.0864081
-8.64353e-11 -0.0864353
-8.64625e-11 -0.0864625
-8.64897e-11 -0.0864897
-8.65169e-11 -0.0865169
-8.65441e-11 -0.0865441
-8.65714e-11 -0.0865714
-8.65986e-11 -0.0865986
-8.66258e-11 -0.0866258
-8.6653e-11 -0.086653
-8.66802e-11 -0.0866802
-8.67074e-11 -0.0867074
-8.67346e-11 -0.0867346
-8.67618e-11 -0.0867618
-8.6789e-11 -0.086789
-8.68162e-11 -0.0868162
-8.68435e-11 -0.0868435
-8.68707e-11 -0.0868707
-8.68979e-11 -0.0868979
-8.69251e-11 -0.0869251
-8.69523e-11 -0.0869523
-8.69795e-11 -0.0869795
-8.70067e-11 -0.0870067
-8.70339e-11 -0.0870339
-8.70611e-11 -0.0870611
-8.70883e-11 -0.0870883
-8.71155e-11 -0.0871155
-8.71428e-11 -0.0871428
-8.717e-11 -0.08717
-8.71972e-11 -0.0871972
-8.72244e-11 -0.0872244
-8.72516e-11 -0.0872516
-8.72788e-11 -0.0872788
-8.7306e-11 -0.087306
-8.73332e-11 -0.0873332
-8.73604e-11 -0.0873604
-8.73876e-11 -0.0873876
-8.74149e-11 -0.0874149
-8.74421e-11 -0.0874421
-8.74693e-11 -0.0874693
-8.74965e-11 -0.0874965
-8.75237e-11 -0.0875237
-8.75509e-11 -0.0875509
-8.75781e-11 -0.0875781
-8.76053e-11 -0.0876053
-8.76325e-11 -0.0876325
-8.76597e-11 -0.0876597
-8.7687e-11 -0.087687
-8.77142e-11 -0.0877142
-8.77414e-11 -0.0877414
-8.77686e-11 -0.0877686
-8.77958e-11 -0.0877958
-8.7823e-11 -0.087823
-8.78502e-11 -0.0878502
-8.78774e-11 -0.0878774
-8.79046e-11 -0.0879046
-8.79319e-11 -0.0879319
-8.79591e-11 -0.0879591
-8.79863e-11 -0.0879863
-8.80135e-11 -0.0880135
-8.80407e-11 -0.0880407
-8.80679e-11 -0.0880679
-8.80951e-11 -0.0880951
-8.81223e-11 -0.0881223
-8.81495e-11 -0.0881495
-8.81767e-11 -0.0881767
-8.8204e-11 -0.088204
-8.82312e-11 -0.0882312
-8.82584e-11 -0.0882584
-8.82856e-11 -0.0882856
-8.83128e-11 -0.0883128
-8.834e-11 -0.08834
-8.83672e-11 -0.0883672
-8.83944e-11 -0.0883944
-8.84216e-11 -0.0884216
-8.84489e-11 -0.0884489
-8.84761e-11 -0.0884761
-8.85033e-11 -0.0885033
-8.85305e-11 -0.0885305
-8.85577e-11 -0.0885577
-8.85849e-11 -0.0885849
-8.86121e-11 -0.0886121
-8.86393e-11 -0.0886393
-8.86665e-11 -0.0886665
-8.86938e-11 -0.0886938
-8.8721e-11 -0.088721
-8.87482e-11 -0.0887482
-8.87754e-11 -0.0887754
-8.88026e-11 -0.0888026
-8.88298e-11 -0.0888298
-8.8857e-11 -0.088857
-8.88842e-11 -0.0888842
-8.89114e-11 -0.0889114
-8.89387e-11 -0.0889387
-8.89659e-11 -0.0889659
-8.89931e-11 -0.0889931
-8.90203e-11 -0.0890203
-8.90475e-11 -0.0890475
-8.90747e-11 -0.0890747
-8.91019e-11 -0.0891019
-8.91291e-11 -0.0891291
-8.91563e-11 -0.0891563
-8.91836e-11 -0.0891836
-8.92108e-11 -0.0892108
-8.9238e-11 -0.089238
-8.92652e-11 -0.0892652
-8.92924e-11 -0.0892924
-8.93196e-11 -0.0893196
-8.93468e-11 -0.0893468
-8.9374e-11 -0.089374
-8.94012e-11 -0.0894012
-8.94285e-11 -0.0894285
-8.94557e-11 -0.0894557
-8.94829e-11 -0.0894829
-8.95101e-11 -0.0895101
-8.95373e-11 -0.0895373
-8.95645e-11 -0.0895645
-8.95917e-11 -0.0895917
-8.96189e-11 -0.0896189
-8.96462e-11 -0.0896462
-8.96734e-11 -0.0896734
-8.97006e-11 -0.0897006
-8.97278e-11 -0.0897278
-8.9755e-11 -0.089755
-8.97822e-11 -0.0897822
-8.98094e-11 -0.0898094
-8.98366e-11 -0.0898366
-8.98638e-11 -0.0898638
-8.98911e-11 -0.0898911
-8.99183e-11 -0.0899183
-8.99455e-11 -0.0899455
-8.99727e-11 -0.0899727
-8.99999e-11 -0.0899999
-9.00271e-11 -0.0900271
-9.00543e-11 -0.0900543
-9.00815e-11 -0.0900815
-9.01088e-11 -0.0901088
-9.0136e-11 -0.090136
-9.01632e-11 -0.0901632
-9.01904e-11 -0.0901904
-9.02176e-11 -0.0902176
-9.02448e-11 -0.0902448
-9.0272e-11 -0.090272
-9.02992e-11 -0.0902992
-9.03265e-11 -0.0903265
-9.03537e-11 -0.0903537
-9.03809e-11 -0.0903809
-9.04081e-11 -0.0904081
-9.04353e-11 -0.0904353
-9.04625e-11 -0.0904625
-9.04897e-11 -0.0904897
-9.05169e-11 -0.0905169
-9.05442e-11 -0.0905442
-9.05714e-11 -0.0905714
-9.05986e-11 -0.0905986
-9.06258e-11 -0.0906258
-9.0653e-11 -0.090653
-9.06802e-11 -0.0906802
-9.07074e-11 -0.0907074
-9.07346e-11 -0.0907346
-9.07619e-11 -0.0907619
-9.07891e-11 -0.0907891
-9.08163e-11 -0.0908163
-9.08435e-11 -0.0908435
-9.08707e-11 -0.0908707
-9.08979e-11 -0.0908979
-9.09251e-11 -0.0909251
-9.09523e-11 -0.0909523
-9.09796e-11 -0.0909796
-9.10068e-11 -0.0910068
-9.1034e-11 -0.091034
-9.10612e-11 -0.0910612
-9.10884e-11 -0.0910884
-9.11156e-11 -0.0911156
-9.11428e-11 -0.0911428
-9.117e-11 -0.09117
-9.11973e-11 -0.0911973
-9.12245e-11 -0.0912245
-9.12517e-11 -0.0912517
-9.12789e-11 -0.0912789
-9.13061e-11 -0.0913061
-9.13333e-11 -0.0913333
-9.13605e-11 -0.0913605
-9.13878e-11 -0.0913878
-9.1415e-11 -0.091415
-9.14422e-11 -0.0914422
-9.14694e-11 -0.0914694
-9.14966e-11 -0.0914966
-9.15238e-11 -0.0915238
-9.1551e-11 -0.091551
-9.15782e-11 -0.0915782
-9.16055e-11 -0.0916055
-9.16327e-11 -0.0916327
-9.16599e-11 -0.0916599
-9.16871e-11 -0.0916871
-9.17143e-11 -0.0917143
-9.17415e-11 -0.0917415
-9.17687e-11 -0.0917687
-9.1796e-11 -0.091796
-9.18232e-11 -0.0918232
-9.18504e-11 -0.0918504
-9.18776e-11 -0.0918776
-9.19048e-11 -0.0919048
-9.1932e-11 -0.091932
-9.19592e-11 -0.0919592
-9.19865e-11 -0.0919865
-9.20137e-11 -0.0920137
-9.20409e-11 -0.0920409
-9.20681e-11 -0.0920681
-9.20953e-11 -0.0920953
-9.21225e-11 -0.0921225
-9.21497e-11 -0.0921497
-9.21769e-11 -0.0921769
-9.22042e-11 -0.0922042
-9.22314e-11 -0.0922314
-9.22586e-11 -0.0922586
-9.22858e-11 -0.0922858
-9.2313e-11 -0.092313
-9.23402e-11 -0.0923402
-9.23674e-11 -0.0923674
-9.23947e-11 -0.0923947
-9.24219e-11 -0.0924219
-9.24491e-11 -0.0924491
-9.24763e-11 -0.0924763
-9.25035e-11 -0.0925035
-9.25307e-11 -0.0925307
-9.25579e-11 -0.0925579
-9.25852e-11 -0.0925852
-9.26124e-11 -0.0926124
-9.26396e-11 -0.0926396
-9.26668e-11 -0.0926668
-9.2694e-11 -0.092694
-9.27212e-11 -0.0927212
-9.27484e-11 -0.0927484
-9.27757e-11 -0.0927757
-9.28029e-11 -0.0928029
-9.28301e-11 -0.0928301
-9.28573e-11 -0.0928573
-9.28845e-11 -0.0928845
-9.29117e-11 -0.0929117
-9.29389e-11 -0.0929389
-9.29662e-11 -0.0929662
-9.29934e-11 -0.0929934
-9.30206e-11 -0.0930206
-9.30478e-11 -0.0930478
-9.3075e-11 -0.093075
-9.31022e-11 -0.0931022
-9.31294e-11 -0.0931294
-9.31567e-11 -0.0931567
-9.31839e-11 -0.0931839
-9.32111e-11 -0.0932111
-9.32383e-11 -0.0932383
-9.32655e-11 -0.0932655
-9.32927e-11 -0.0932927
-9.33199e-11 -0.0933199
-9.33472e-11 -0.0933472
-9.33744e-11 -0.0933744
-9.34016e-11 -0.0934016
-9.34288e-11 -0.0934288
-9.3456e-11 -0.093456
-9.34832e-11 -0.0934832
-9.35105e-11 -0.0935105
-9.35377e-11 -0.0935377
-9.35649e-11 -0.0935649
-9.35921e-11 -0.0935921
-9.36193e-11 -0.0936193
-9.36465e-11 -0.0936465
-9.36737e-11 -0.0936737
-9.3701e-11 -0.093701
-9.37282e-11 -0.0937282
-9.37554e-11 -0.0937554
-9.37826e-11 -0.0937826
-9.38098e-11 -0.0938098
-9.3837e-11 -0.093837
-9.38642e-11 -0.0938642
-9.38915e-11 -0.0938915
-9.39187e-11 -0.0939187
-9.39459e-11 -0.0939459
-9.39731e-11 -0.0939731
-9.40003e-11 -0.0940003
-9.40275e-11 -0.0940275
-9.40548e-11 -0.0940548
-9.4082e-11 -0.094082
-9.41092e-11 -0.0941092
-9.41364e-11 -0.0941364
-9.41636e-11 -0.0941636
-9.41908e-11 -0.0941908
-9.4218e-11 -0.094218
-9.42453e-11 -0.0942453
-9.42725e-11 -0.0942725
-9.42997e-11 -0.0942997
-9.43269e-11 -0.0943269
-9.43541e-11 -0.0943541
-9.43813e-11 -0.0943813
-9.44086e-11 -0.0944086
-9.44358e-11 -0.0944358
-9.4463e-11 -0.094463
-9.44902e-11 -0.0944902
-9.45174e-11 -0.0945174
-9.45446e-11 -0.0945446
-9.45719e-11 -0.0945719
-9.45991e-11 -0.0945991
-9.46263e-11 -0.0946263
-9.46535e-11 -0.0946535
-9.46807e-11 -0.0946807
-9.47079e-11 -0.0947079
-9.47351e-11 -0.0947351
-9.47624e-11 -0.0947624
-9.47896e-11 -0.0947896
-9.48168e-11 -0.0948168
-9.4844e-11 -0.094844
-9.48712e-11 -0.0948712
-9.48984e-11 -0.0948984
-9.49257e-11 -0.0949257
-9.49529e-11 -0.0949529
-9.49801e-11 -0.0949801
-9.50073e-11 -0.0950073
-9.50345e-11 -0.0950345
-9.50617e-11 -0.0950617
-9.5089e-11 -0.095089
-9.51162e-11 -0.0951162
-9.51434e-11 -0.0951434
-9.51706e-11 -0.0951706
-9.51978e-11 -0.0951978
-9.5225e-11 -0.095225
-9.52523e-11 -0.0952523
-9.52795e-11 -0.0952795
-9.53067e-11 -0.0953067
-9.53339e-11 -0.0953339
-9.53611e-11 -0.0953611
-9.53883e-11 -0.0953883
-9.54155e-11 -0.0954155
-9.54428e-11 -0.0954428
-9.547e-11 -0.09547
-9.54972e-11 -0.0954972
-9.55244e-11 -0.0955244
-9.55516e-11 -0.0955516
-9.55788e-11 -0.0955788
-9.56061e-11 -0.0956061
-9.56333e-11 -0.0956333
-9.56605e-11 -0.0956605
-9.56877e-11 -0.0956877
-9.57149e-11 -0.0957149
-9.57421e-11 -0.0957421
-9.57694e-11 -0.0957694
-9.57966e-11 -0.0957966
-9.58238e-11 -0.0958238
-9.5851e-11 -0.095851
-9.58782e-11 -0.0958782
-9.59054e-11 -0.0959054
-9.59327e-11 -0.0959327
-9.59599e-11 -0.0959599
-9.59871e-11 -0.0959871
-9.60143e-11 -0.0960143
-9.60415e-11 -0.0960415
-9.60688e-11 -0.0960688
-9.6096e-11 -0.096096
-9.61232e-11 -0.0961232
-9.61504e-11 -0.0961504
-9.61776e-11 -0.0961776
-9.62048e-11 -0.0962048
-9.62321e-11 -0.0962321
-9.62593e-11 -0.0962593
-9.62865e-11 -0.0962865
-9.63137e-11 -0.0963137
-9.63409e-11 -0.0963409
-9.63681e-11 -0.0963681
-9.63954e-11 -0.0963954
-9.64226e-11 -0.0964226
-9.64498e-11 -0.0964498
-9.6477e-11 -0.096477
-9.65042e-11 -0.0965042
-9.65314e-11 -0.0965314
-9.65587e-11 -0.0965587
-9.65859e-11 -0.0965859
-9.66131e-11 -0.0966131
-9.66403e-11 -0.0966403
-9.66675e-11 -0.0966675
-9.66947e-11 -0.0966947
-9.6722e-11 -0.096722
-9.67492e-11 -0.0967492
-9.67764e-11 -0.0967764
-9.68036e-11 -0.0968036
-9.68308e-11 -0.0968308
-9.68581e-11 -0.0968581
-9.68853e-11 -0.0968853
-9.69125e-11 -0.0969125
-9.69397e-11 -0.0969397
-9.69669e-11 -0.0969669
-9.69941e-11 -0.0969941
-9.70214e-11 -0.0970214
-9.70486e-11 -0.0970486
-9.70758e-11 -0.0970758
-9.7103e-11 -0.097103
-9.71302e-11 -0.0971302
-9.71574e-11 -0.0971574
-9.71847e-11 -0.0971847
-9.72119e-11 -0.0972119
-9.72391e-11 -0.0972391
-9.72663e-11 -0.0972663
-9.72935e-11 -0.0972935
-9.73208e-11 -0.0973208
-9.7348e-11 -0.097348
-9.73752e-11 -0.0973752
-9.74024e-11 -0.0974024
-9.74296e-11 -0.0974296
-9.74568e-11 -0.0974568
-9.74841e-11 -0.0974841
-9.75113e-11 -0.0975113
-9.75385e-11 -0.0975385
-9.75657e-11 -0.0975657
-9.75929e-11 -0.0975929
-9.76202e-11 -0.0976202
-9.76474e-11 -0.0976474
-9.76746e-11 -0.0976746
-9.77018e-11 -0.0977018
-9.7729e-11 -0.097729
-9.77562e-11 -0.0977562
-9.77835e-11 -0.0977835
-9.78107e-11 -0.0978107
-9.78379e-11 -0.0978379
-9.78651e-11 -0.0978651
-9.78923e-11 -0.0978923
-9.79196e-11 -0.0979196
-9.79468e-11 -0.0979468
-9.7974e-11 -0.097974
-9.80012e-11 -0.0980012
-9.80284e-11 -0.0980284
-9.80556e-11 -0.0980556
-9.80829e-11 -0.0980829
-9.81101e-11 -0.0981101
-9.81373e-11 -0.0981373
-9.81645e-11 -0.0981645
-9.81917e-11 -0.0981917
-9.8219e-11 -0.098219
-9.82462e-11 -0.0982462
-9.82734e-11 -0.0982734
-9.83006e-11 -0.0983006
-9.83278e-11 -0.0983278
-9.83551e-11 -0.0983551
-9.83823e-11 -0.0983823
-9.84095e-11 -0.0984095
-9.84367e-11 -0.0984367
-9.84639e-11 -0.0984639
-9.84911e-11 -0.0984911
-9.85184e-11 -0.0985184
-9.85456e-11 -0.0985456
-9.85728e-11 -0.0985728
-9.86e-11 -0.0986
-9.86272e-11 -0.0986272
-9.86545e-11 -0.0986545
-9.86817e-11 -0.0986817
-9.87089e-11 -0.0987089
-9.87361e-11 -0.0987361
-9.87633e-11 -0.0987633
-9.87906e-11 -0.0987906
-9.88178e-11 -0.0988178
-9.8845e-11 -0.098845
-9.88722e-11 -0.0988722
-9.88994e-11 -0.0988994
-9.89267e-11 -0.0989267
-9.89539e-11 -0.0989539
-9.89811e-11 -0.0989811
-9.90083e-11 -0.0990083
-9.90355e-11 -0.0990355
-9.90627e-11 -0.0990627
-9.909e-11 -0.09909
-9.91172e-11 -0.0991172
-9.91444e-11 -0.0991444
-9.91716e-11 -0.0991716
-9.91988e-11 -0.0991988
-9.92261e-11 -0.0992261
-9.92533e-11 -0.0992533
-9.92805e-11 -0.0992805
-9.93077e-11 -0.0993077
-9.93349e-11 -0.0993349
-9.93622e-11 -0.0993622
-9.93894e-11 -0.0993894
-9.94166e-11 -0.0994166
-9.94438e-11 -0.0994438
-9.9471e-11 -0.099471
-9.94983e-11 -0.0994983
-9.95255e-11 -0.0995255
-9.95527e-11 -0.0995527
-9.95799e-11 -0.0995799
-9.96071e-11 -0.0996071
-9.96344e-11 -0.0996344
-9.96616e-11 -0.0996616
-9.96888e-11 -0.0996888
-9.9716e-11 -0.099716
-9.97432e-11 -0.0997432
-9.97705e-11 -0.0997705
-9.97977e-11 -0.0997977
-9.98249e-11 -0.0998249
-9.98521e-11 -0.0998521
-9.98793e-11 -0.0998793
-9.99066e-11 -0.0999066
-9.99338e-11 -0.0999338
-9.9961e-11 -0.099961
-9.99882e-11 -0.0999882
-1.00015e-10 -0.100015
-1.00043e-10 -0.100043
-1.0007e-10 -0.10007
-1.00097e-10 -0.100097
-1.00124e-10 -0.100124
-1.00152e-10 -0.100152
-1.00179e-10 -0.100179
-1.00206e-10 -0.100206
-1.00233e-10 -0.100233
-1.0026e-10 -0.10026
-1.00288e-10 -0.100288
-1.00315e-10 -0.100315
-1.00342e-10 -0.100342
-1.00369e-10 -0.100369
-1.00397e-10 -0.100397
-1.00424e-10 -0.100424
-1.00451e-10 -0.100451
-1.00478e-10 -0.100478
-1.00505e-10 -0.100505
-1.00533e-10 -0.100533
-1.0056e-10 -0.10056
-1.00587e-10 -0.100587
-1.00614e-10 -0.100614
-1.00642e-10 -0.100642
-1.00669e-10 -0.100669
-1.00696e-10 -0.100696
-1.00723e-10 -0.100723
-1.0075e-10 -0.10075
-1.00778e-10 -0.100778
-1.00805e-10 -0.100805
-1.00832e-10 -0.100832
-1.00859e-10 -0.100859
-1.00886e-10 -0.100886
-1.00914e-10 -0.100914
-1.00941e-10 -0.100941
-1.00968e-10 -0.100968
-1.00995e-10 -0.100995
-1.01023e-10 -0.101023
-1.0105e-10 -0.10105
-1.01077e-10 -0.101077
-1.01104e-10 -0.101104
-1.01131e-10 -0.101131
-1.01159e-10 -0.101159
-1.01186e-10 -0.101186
-1.01213e-10 -0.101213
-1.0124e-10 -0.10124
-1.01268e-10 -0.101268
-1.01295e-10 -0.101295
-1.01322e-10 -0.101322
-1.01349e-10 -0.101349
-1.01376e-10 -0.101376
-1.01404e-10 -0.101404
-1.01431e-10 -0.101431
-1.01458e-10 -0.101458
-1.01485e-10 -0.101485
-1.01513e-10 -0.101513
-1.0154e-10 -0.10154
-1.01567e-10 -0.101567
-1.01594e-10 -0.101594
-1.01621e-10 -0.101621
-1.01649e-10 -0.101649
-1.01676e-10 -0.101676
-1.01703e-10 -0.101703
-1.0173e-10 -0.10173
-1.01758e-10 -0.101758
-1.01785e-10 -0.101785
-1.01812e-10 -0.101812
-1.01839e-10 -0.101839
-1.01866e-10 -0.101866
-1.01894e-10 -0.101894
-1.01921e-10 -0.101921
-1.01948e-10 -0.101948
-1.01975e-10 -0.101975
-1.02003e-10 -0.102003
-1.0203e-10 -0.10203
-1.02057e-10 -0.102057
-1.02084e-10 -0.102084
-1.02111e-10 -0.102111
-1.02139e-10 -0.102139
-1.02166e-10 -0.102166
-1.02193e-10 -0.102193
-1.0222e-10 -0.10222
-1.02248e-10 -0.102248
-1.02275e-10 -0.102275
-1.02302e-10 -0.102302
-1.02329e-10 -0.102329
-1.02356e-10 -0.102356
-1.02384e-10 -0.102384
-1.02411e-10 -0.102411
-1.02438e-10 -0.102438
-1.02465e-10 -0.102465
-1.02493e-10 -0.102493
-1.0252e-10 -0.10252
-1.02547e-10 -0.102547
-1.02574e-10 -0.102574
-1.02601e-10 -0.102601
-1.02629e-10 -0.102629
-1.02656e-10 -0.102656
-1.02683e-10 -0.102683
-1.0271e-10 -0.10271
-1.02738e-10 -0.102738
-1.02765e-10 -0.102765
-1.02792e-10 -0.102792
-1.02819e-10 -0.102819
-1.02846e-10 -0.102846
-1.02874e-10 -0.102874
-1.02901e-10 -0.102901
-1.02928e-10 -0.102928
-1.02955e-10 -0.102955
-1.02983e-10 -0.102983
-1.0301e-10 -0.10301
-1.03037e-10 -0.103037
-1.03064e-10 -0.103064
-1.03091e-10 -0.103091
-1.03119e-10 -0.103119
-1.03146e-10 -0.103146
-1.03173e-10 -0.103173
-1.032e-10 -0.1032
-1.03228e-10 -0.103228
-1.03255e-10 -0.103255
-1.03282e-10 -0.103282
-1.03309e-10 -0.103309
-1.03336e-10 -0.103336
-1.03364e-10 -0.103364
-1.03391e-10 -0.103391
-1.03418e-10 -0.103418
-1.03445e-10 -0.103445
-1.03473e-10 -0.103473
-1.035e-10 -0.1035
-1.03527e-10 -0.103527
-1.03554e-10 -0.103554
-1.03581e-10 -0.103581
-1.03609e-10 -0.103609
-1.03636e-10 -0.103636
-1.03663e-10 -0.103663
-1.0369e-10 -0.10369
-1.03718e-10 -0.103718
-1.03745e-10 -0.103745
-1.03772e-10 -0.103772
-1.03799e-10 -0.103799
-1.03826e-10 -0.103826
-1.03854e-10 -0.103854
-1.03881e-10 -0.103881
-1.03908e-10 -0.103908
-1.03935e-10 -0.103935
-1.03963e-10 -0.103963
-1.0399e-10 -0.10399
-1.04017e-10 -0.104017
-1.04044e-10 -0.104044
-1.04071e-10 -0.104071
-1.04099e-10 -0.104099
-1.04126e-10 -0.104126
-1.04153e-10 -0.104153
-1.0418e-10 -0.10418
-1.04208e-10 -0.104208
-1.04235e-10 -0.104235
-1.04262e-10 -0.104262
-1.04289e-10 -0.104289
-1.04316e-10 -0.104316
-1.04344e-10 -0.104344
-1.04371e-10 -0.104371
-1.04398e-10 -0.104398
-1.04425e-10 -0.104425
-1.04453e-10 -0.104453
-1.0448e-10 -0.10448
-1.04507e-10 -0.104507
-1.04534e-10 -0.104534
-1.04562e-10 -0.104562
-1.04589e-10 -0.104589
-1.04616e-10 -0.104616
-1.04643e-10 -0.104643
-1.0467e-10 -0.10467
-1.04698e-10 -0.104698
-1.04725e-10 -0.104725
-1.04752e-10 -0.104752
-1.04779e-10 -0.104779
-1.04807e-10 -0.104807
-1.04834e-10 -0.104834
-1.04861e-10 -0.104861
-1.04888e-10 -0.104888
-1.04915e-10 -0.104915
-1.04943e-10 -0.104943
-1.0497e-10 -0.10497
-1.04997e-10 -0.104997
-1.05024e-10 -0.105024
-1.05052e-10 -0.105052
-1.05079e-10 -0.105079
-1.05106e-10 -0.105106
-1.05133e-10 -0.105133
-1.0516e-10 -0.10516
-1.05188e-10 -0.105188
-1.05215e-10 -0.105215
-1.05242e-10 -0.105242
-1.05269e-10 -0.105269
-1.05297e-10 -0.105297
-1.05324e-10 -0.105324
-1.05351e-10 -0.105351
-1.05378e-10 -0.105378
-1.05405e-10 -0.105405
-1.05433e-10 -0.105433
-1.0546e-10 -0.10546
-1.05487e-10 -0.105487
-1.05514e-10 -0.105514
-1.05542e-10 -0.105542
-1.05569e-10 -0.105569
-1.05596e-10 -0.105596
-1.05623e-10 -0.105623
-1.0565e-10 -0.10565
-1.05678e-10 -0.105678
-1.05705e-10 -0.105705
-1.05732e-10 -0.105732
-1.05759e-10 -0.105759
-1.05787e-10 -0.105787
-1.05814e-10 -0.105814
-1.05841e-10 -0.105841
-1.05868e-10 -0.105868
-1.05895e-10 -0.105895
-1.05923e-10 -0.105923
-1.0595e-10 -0.10595
-1.05977e-10 -0.105977
-1.06004e-10 -0.106004
-1.06032e-10 -0.106032
-1.06059e-10 -0.106059
-1.06086e-10 -0.106086
-1.06113e-10 -0.106113
-1.06141e-10 -0.106141
-1.06168e-10 -0.106168
-1.06195e-10 -0.106195
-1.06222e-10 -0.106222
-1.06249e-10 -0.106249
-1.06277e-10 -0.106277
-1.06304e-10 -0.106304
-1.06331e-10 -0.106331
-1.06358e-10 -0.106358
-1.06386e-10 -0.106386
-1.06413e-10 -0.106413
-1.0644e-10 -0.10644
-1.06467e-10 -0.106467
-1.06494e-10 -0.106494
-1.06522e-10 -0.106522
-1.06549e-10 -0.106549
-1.06576e-10 -0.106576
-1.06603e-10 -0.106603
-1.06631e-10 -0.106631
-1.06658e-10 -0.106658
-1.06685e-10 -0.106685
-1.06712e-10 -0.106712
-1.06739e-10 -0.106739
-1.06767e-10 -0.106767
-1.06794e-10 -0.106794
-1.06821e-10 -0.106821
-1.06848e-10 -0.106848
-1.06876e-10 -0.106876
-1.06903e-10 -0.106903
-1.0693e-10 -0.10693
-1.06957e-10 -0.106957
-1.06985e-10 -0.106985
-1.07012e-10 -0.107012
-1.07039e-10 -0.107039
-1.07066e-10 -0.107066
-1.07093e-10 -0.107093
-1.07121e-10 -0.107121
-1.07148e-10 -0.107148
-1.07175e-10 -0.107175
-1.07202e-10 -0.107202
-1.0723e-10 -0.10723
-1.07257e-10 -0.107257
-1.07284e-10 -0.107284
-1.07311e-10 -0.107311
-1.07338e-10 -0.107338
-1.07366e-10 -0.107366
-1.07393e-10 -0.107393
-1.0742e-10 -0.10742
-1.07447e-10 -0.107447
-1.07475e-10 -0.107475
-1.07502e-10 -0.107502
-1.07529e-10 -0.107529
-1.07556e-10 -0.107556
-1.07583e-10 -0.107583
-1.07611e-10 -0.107611
-1.07638e-10 -0.107638
-1.07665e-10 -0.107665
-1.07692e-10 -0.107692
-1.0772e-10 -0.10772
-1.07747e-10 -0.107747
-1.07774e-10 -0.107774
-1.07801e-10 -0.107801
-1.07829e-10 -0.107829
-1.07856e-10 -0.107856
-1.07883e-10 -0.107883
-1.0791e-10 -0.10791
-1.07937e-10 -0.107937
-1.07965e-10 -0.107965
-1.07992e-10 -0.107992
-1.08019e-10 -0.108019
-1.08046e-10 -0.108046
-1.08074e-10 -0.108074
-1.08101e-10 -0.108101
-1.08128e-10 -0.108128
-1.08155e-10 -0.108155
-1.08182e-10 -0.108182
-1.0821e-10 -0.10821
-1.08237e-10 -0.108237
-1.08264e-10 -0.108264
-1.08291e-10 -0.108291
-1.08319e-10 -0.108319
-1.08346e-10 -0.108346
-1.08373e-10 -0.108373
-1.084e-10 -0.1084
-1.08428e-10 -0.108428
-1.08455e-10 -0.108455
-1.08482e-10 -0.108482
-1.08509e-10 -0.108509
-1.08536e-10 -0.108536
-1.08564e-10 -0.108564
-1.08591e-10 -0.108591
-1.08618e-10 -0.108618
-1.08645e-10 -0.108645
-1.08673e-10 -0.108673
-1.087e-10 -0.1087
-1.08727e-10 -0.108727
-1.08754e-10 -0.108754
-1.08781e-10 -0.108781
-1.08809e-10 -0.108809
-1.08836e-10 -0.108836
-1.08863e-10 -0.108863
-1.0889e-10 -0.10889
-1.08918e-10 -0.108918
-1.08945e-10 -0.108945
-1.08972e-10 -0.108972
-1.08999e-10 -0.108999
-1.09026e-10 -0.109026
-1.09054e-10 -0.109054
-1.09081e-10 -0.109081
-1.09108e-10 -0.109108
-1.09135e-10 -0.109135
-1.09163e-10 -0.109163
-1.0919e-10 -0.10919
-1.09217e-10 -0.109217
-1.09244e-10 -0.109244
-1.09272e-10 -0.109272
-1.09299e-10 -0.109299
-1.09326e-10 -0.109326
-1.09353e-10 -0.109353
-1.0938e-10 -0.10938
-1.09408e-10 -0.109408
-1.09435e-10 -0.109435
-1.09462e-10 -0.109462
-1.09489e-10 -0.109489
-1.09517e-10 -0.109517
-1.09544e-10 -0.109544
-1.09571e-10 -0.109571
-1.09598e-10 -0.109598
-1.09626e-10 -0.109626
-1.09653e-10 -0.109653
-1.0968e-10 -0.10968
-1.09707e-10 -0.109707
-1.09734e-10 -0.109734
-1.09762e-10 -0.109762
-1.09789e-10 -0.109789
-1.09816e-10 -0.109816
-1.09843e-10 -0.109843
-1.09871e-10 -0.109871
-1.09898e-10 -0.109898
-1.09925e-10 -0.109925
-1.09952e-10 -0.109952
-1.09979e-10 -0.109979
-1.10007e-10 -0.110007
-1.10034e-10 -0.110034
-1.10061e-10 -0.110061
-1.10088e-10 -0.110088
-1.10116e-10 -0.110116
-1.10143e-10 -0.110143
-1.1017e-10 -0.11017
-1.10197e-10 -0.110197
-1.10225e-10 -0.110225
-1.10252e-10 -0.110252
-1.10279e-10 -0.110279
-1.10306e-10 -0.110306
-1.10333e-10 -0.110333
-1.10361e-10 -0.110361
-1.10388e-10 -0.110388
-1.10415e-10 -0.110415
-1.10442e-10 -0.110442
-1.1047e-10 -0.11047
-1.10497e-10 -0.110497
-1.10524e-10 -0.110524
-1.10551e-10 -0.110551
-1.10578e-10 -0.110578
-1.10606e-10 -0.110606
-1.10633e-10 -0.110633
-1.1066e-10 -0.11066
-1.10687e-10 -0.110687
-1.10715e-10 -0.110715
-1.10742e-10 -0.110742
-1.10769e-10 -0.110769
-1.10796e-10 -0.110796
-1.10824e-10 -0.110824
-1.10851e-10 -0.110851
-1.10878e-10 -0.110878
-1.10905e-10 -0.110905
-1.10932e-10 -0.110932
-1.1096e-10 -0.11096
-1.10987e-10 -0.110987
-1.11014e-10 -0.111014
-1.11041e-10 -0.111041
-1.11069e-10 -0.111069
-1.11096e-10 -0.111096
-1.11123e-10 -0.111123
-1.1115e-10 -0.11115
-1.11178e-10 -0.111178
-1.11205e-10 -0.111205
-1.11232e-10 -0.111232
-1.11259e-10 -0.111259
-1.11286e-10 -0.111286
-1.11314e-10 -0.111314
-1.11341e-10 -0.111341
-1.11368e-10 -0.111368
-1.11395e-10 -0.111395
-1.11423e-10 -0.111423
-1.1145e-10 -0.11145
-1.11477e-10 -0.111477
-1.11504e-10 -0.111504
-1.11532e-10 -0.111532
-1.11559e-10 -0.111559
-1.11586e-10 -0.111586
-1.11613e-10 -0.111613
-1.1164e-10 -0.11164
-1.11668e-10 -0.111668
-1.11695e-10 -0.111695
-1.11722e-10 -0.111722
-1.11749e-10 -0.111749
-1.11777e-10 -0.111777
-1.11804e-10 -0.111804
-1.11831e-10 -0.111831
-1.11858e-10 -0.111858
-1.11885e-10 -0.111885
-1.11913e-10 -0.111913
-1.1194e-10 -0.11194
-1.11967e-10 -0.111967
-1.11994e-10 -0.111994
-1.12022e-10 -0.112022
-1.12049e-10 -0.112049
-1.12076e-10 -0.112076
-1.12103e-10 -0.112103
-1.12131e-10 -0.112131
-1.12158e-10 -0.112158
-1.12185e-10 -0.112185
