-0.308538 -8.18166e-14
-0.600576 -1.59258e-13
-0.865067 -2.29394e-13
-1.08766 -2.88421e-13
-1.24943 -3.31318e-13
-1.32548 -3.51484e-13
-1.28162 -3.39853e-13
-1.07065 -2.83909e-13
-0.626859 -1.66227e-13
0.146125 3.87486e-14
-322755 -8.55865e-08
-645498 -1.7117e-07
-968250 -2.56756e-07
-1.29098e+06 -3.42337e-07
-1.61375e+06 -4.27925e-07
-1.93649e+06 -5.13508e-07
-2.25918e+06 -5.99079e-07
-2.58196e+06 -6.84672e-07
-2.90472e+06 -7.7026e-07
-3.22743e+06 -8.55835e-07
-3.55017e+06 -9.41416e-07
-3.8729e+06 -1.027e-06
-4.19563e+06 -1.11258e-06
-4.51835e+06 -1.19815e-06
-4.84108e+06 -1.28373e-06
-5.16383e+06 -1.36932e-06
-5.48653e+06 -1.45489e-06
-5.80925e+06 -1.54047e-06
-6.13196e+06 -1.62604e-06
-6.45468e+06 -1.71162e-06
-6.77741e+06 -1.7972e-06
-7.10013e+06 -1.88278e-06
-7.42282e+06 -1.96835e-06
-7.74557e+06 -2.05393e-06
-8.06825e+06 -2.1395e-06
-8.39096e+06 -2.22507e-06
-8.71368e+06 -2.31065e-06
-9.03637e+06 -2.39622e-06
-9.35908e+06 -2.48179e-06
-9.68178e+06 -2.56737e-06
-1.00045e+07 -2.65294e-06
-1.03272e+07 -2.73851e-06
-1.06499e+07 -2.82408e-06
-1.09726e+07 -2.90965e-06
-1.12953e+07 -2.99522e-06
-1.16179e+07 -3.08079e-06
-1.19406e+07 -3.16636e-06
-1.22633e+07 -3.25192e-06
-1.2586e+07 -3.33749e-06
-1.29087e+07 -3.42306e-06
-1.32314e+07 -3.50864e-06
-1.3554e+07 -3.5942e-06
-1.38767e+07 -3.67976e-06
-1.41994e+07 -3.76532e-06
-1.45221e+07 -3.85089e-06
-1.48447e+07 -3.93646e-06
-1.51674e+07 -4.02202e-06
-1.54901e+07 -4.10759e-06
-1.58127e+07 -4.19315e-06
-1.61354e+07 -4.27871e-06
-1.64581e+07 -4.36427e-06
-1.67807e+07 -4.44983e-06
-1.71034e+07 -4.5354e-06
-1.74261e+07 -4.62096e-06
-1.77487e+07 -4.70652e-06
-1.80714e+07 -4.79208e-06
-1.8394e+07 -4.87763e-06
-1.87167e+07 -4.9632e-06
-1.90393e+07 -5.04875e-06
-1.9362e+07 -5.13431e-06
-1.96846e+07 -5.21987e-06
-2.00073e+07 -5.30543e-06
-2.03299e+07 -5.39098e-06
-2.06525e+07 -5.47654e-06
-2.09752e+07 -5.5621e-06
-2.12978e+07 -5.64765e-06
-2.16205e+07 -5.73321e-06
-2.19431e+07 -5.81876e-06
-2.22657e+07 -5.90431e-06
-2.25884e+07 -5.98987e-06
-2.2911e+07 -6.07542e-06
-2.32336e+07 -6.16097e-06
-2.35562e+07 -6.24653e-06
-2.38789e+07 -6.33208e-06
-2.42015e+07 -6.41763e-06
-2.45241e+07 -6.50318e-06
-2.48467e+07 -6.58873e-06
-2.51693e+07 -6.67428e-06
-2.54919e+07 -6.75983e-06
-2.58146e+07 -6.84538e-06
-2.61372e+07 -6.93093e-06
-2.64598e+07 -7.01647e-06
-2.67824e+07 -7.10202e-06
-2.7105e+07 -7.18757e-06
-2.74276e+07 -7.27312e-06
-2.77502e+07 -7.35867e-06
-2.80728e+07 -7.44421e-06
-2.83954e+07 -7.52975e-06
-2.87179e+07 -7.61528e-06
-2.90406e+07 -7.70084e-06
-2.93632e+07 -7.78639e-06
-2.96858e+07 -7.87193e-06
-3.00084e+07 -7.95747e-06
-3.0331e+07 -8.04301e-06
-3.06535e+07 -8.12855e-06
-3.09761e+07 -8.2141e-06
-3.12987e+07 -8.29964e-06
-3.16213e+07 -8.38518e-06
-3.19439e+07 -8.47073e-06
-3.22664e+07 -8.55626e-06
-3.2589e+07 -8.6418e-06
-3.29116e+07 -8.72733e-06
-3.32342e+07 -8.81288e-06
-3.35567e+07 -8.89841e-06
-3.38793e+07 -8.98395e-06
-3.42019e+07 -9.06948e-06
-3.45245e+07 -9.15502e-06
-3.4847e+07 -9.24056e-06
-3.51696e+07 -9.32609e-06
-3.54921e+07 -9.41163e-06
-3.58147e+07 -9.49716e-06
-3.61372e+07 -9.5827e-06
-3.64598e+07 -9.66823e-06
-3.67824e+07 -9.75376e-06
-3.71049e+07 -9.8393e-06
-3.74275e+07 -9.92483e-06
-3.775e+07 -1.00104e-05
-3.80726e+07 -1.00959e-05
-3.83951e+07 -1.01814e-05
-3.87176e+07 -1.0267e-05
-3.90402e+07 -1.03525e-05
-3.93627e+07 -1.0438e-05
-3.96853e+07 -1.05235e-05
-4.00078e+07 -1.06091e-05
-4.03303e+07 -1.06946e-05
-4.06529e+07 -1.07801e-05
-4.09754e+07 -1.08656e-05
-4.12979e+07 -1.09512e-05
-4.16204e+07 -1.10367e-05
-4.1943e+07 -1.11222e-05
-4.22655e+07 -1.12078e-05
-4.2588e+07 -1.12933e-05
-4.29105e+07 -1.13788e-05
-4.32331e+07 -1.14643e-05
-4.35556e+07 -1.15498e-05
-4.38781e+07 -1.16354e-05
-4.42006e+07 -1.17209e-05
-4.45231e+07 -1.18064e-05
-4.48456e+07 -1.18919e-05
-4.51681e+07 -1.19775e-05
-4.54906e+07 -1.2063e-05
-4.58131e+07 -1.21485e-05
-4.61356e+07 -1.2234e-05
-4.64581e+07 -1.23195e-05
-4.67806e+07 -1.24051e-05
-4.71031e+07 -1.24906e-05
-4.74256e+07 -1.25761e-05
-4.77481e+07 -1.26616e-05
-4.80706e+07 -1.27471e-05
-4.83931e+07 -1.28326e-05
-4.87156e+07 -1.29182e-05
-4.90381e+07 -1.30037e-05
-4.93606e+07 -1.30892e-05
-4.9683e+07 -1.31747e-05
-5.00055e+07 -1.32602e-05
-5.0328e+07 -1.33457e-05
-5.06505e+07 -1.34312e-05
-5.0973e+07 -1.35168e-05
-5.12954e+07 -1.36023e-05
-5.16179e+07 -1.36878e-05
-5.19404e+07 -1.37733e-05
-5.22628e+07 -1.38588e-05
-5.25853e+07 -1.39443e-05
-5.29078e+07 -1.40298e-05
-5.32302e+07 -1.41153e-05
-5.35527e+07 -1.42008e-05
-5.38752e+07 -1.42864e-05
-5.41976e+07 -1.43719e-05
-5.45201e+07 -1.44574e-05
-5.48425e+07 -1.45429e-05
-5.5165e+07 -1.46284e-05
-5.54874e+07 -1.47139e-05
-5.58099e+07 -1.47994e-05
-5.61323e+07 -1.48849e-05
-5.64548e+07 -1.49704e-05
-5.67772e+07 -1.50559e-05
-5.70997e+07 -1.51414e-05
-5.74221e+07 -1.52269e-05
-5.77446e+07 -1.53124e-05
-5.8067e+07 -1.53979e-05
-5.83894e+07 -1.54834e-05
-5.87119e+07 -1.55689e-05
-5.90343e+07 -1.56544e-05
-5.93567e+07 -1.57399e-05
-5.96791e+07 -1.58254e-05
-6.00016e+07 -1.59109e-05
-6.0324e+07 -1.59964e-05
-6.06464e+07 -1.60819e-05
-6.09688e+07 -1.61674e-05
-6.12913e+07 -1.62529e-05
-6.16137e+07 -1.63384e-05
-6.19361e+07 -1.64239e-05
-6.22585e+07 -1.65094e-05
-6.25809e+07 -1.65949e-05
-6.29033e+07 -1.66804e-05
-6.32257e+07 -1.67659e-05
-6.35482e+07 -1.68514e-05
-6.38706e+07 -1.69369e-05
-6.4193e+07 -1.70224e-05
-6.45153e+07 -1.71079e-05
-6.48378e+07 -1.71934e-05
-6.51602e+07 -1.72789e-05
-6.54826e+07 -1.73643e-05
-6.5805e+07 -1.74498e-05
-6.61274e+07 -1.75353e-05
-6.64497e+07 -1.76208e-05
-6.67721e+07 -1.77063e-05
-6.70945e+07 -1.77918e-05
-6.74169e+07 -1.78773e-05
-6.77393e+07 -1.79628e-05
-6.80617e+07 -1.80483e-05
-6.83841e+07 -1.81337e-05
-6.87064e+07 -1.82192e-05
-6.90288e+07 -1.83047e-05
-6.93512e+07 -1.83902e-05
-6.96736e+07 -1.84757e-05
-6.99959e+07 -1.85612e-05
-7.03183e+07 -1.86467e-05
-7.06407e+07 -1.87321e-05
-7.0963e+07 -1.88176e-05
-7.12854e+07 -1.89031e-05
-7.16078e+07 -1.89886e-05
-7.19302e+07 -1.90741e-05
-7.22525e+07 -1.91596e-05
-7.25748e+07 -1.9245e-05
-7.28972e+07 -1.93305e-05
-7.32196e+07 -1.9416e-05
-7.35419e+07 -1.95015e-05
-7.38643e+07 -1.9587e-05
-7.41866e+07 -1.96724e-05
-7.4509e+07 -1.97579e-05
-7.48313e+07 -1.98434e-05
-7.51537e+07 -1.99289e-05
-7.5476e+07 -2.00144e-05
-7.57983e+07 -2.00998e-05
-7.61207e+07 -2.01853e-05
-7.6443e+07 -2.02708e-05
-7.67654e+07 -2.03563e-05
-7.70877e+07 -2.04417e-05
-7.741e+07 -2.05272e-05
-7.77324e+07 -2.06127e-05
-7.80547e+07 -2.06982e-05
-7.8377e+07 -2.07836e-05
-7.86993e+07 -2.08691e-05
-7.90217e+07 -2.09546e-05
-7.9344e+07 -2.104e-05
-7.96663e+07 -2.11255e-05
-7.99886e+07 -2.1211e-05
-8.03109e+07 -2.12965e-05
-8.06333e+07 -2.13819e-05
-8.09556e+07 -2.14674e-05
-8.12779e+07 -2.15529e-05
-8.16002e+07 -2.16383e-05
-8.19225e+07 -2.17238e-05
-8.22448e+07 -2.18093e-05
-8.25671e+07 -2.18947e-05
-8.28894e+07 -2.19802e-05
-8.32117e+07 -2.20657e-05
-8.3534e+07 -2.21511e-05
-8.38563e+07 -2.22366e-05
-8.41786e+07 -2.23221e-05
-8.45009e+07 -2.24075e-05
-8.48232e+07 -2.2493e-05
-8.51455e+07 -2.25785e-05
-8.54678e+07 -2.26639e-05
-8.57901e+07 -2.27494e-05
-8.61123e+07 -2.28348e-05
-8.64346e+07 -2.29203e-05
-8.67569e+07 -2.30058e-05
-8.70792e+07 -2.30912e-05
-8.74015e+07 -2.31767e-05
-8.77237e+07 -2.32621e-05
-8.8046e+07 -2.33476e-05
-8.83683e+07 -2.34331e-05
-8.86906e+07 -2.35185e-05
-8.90128e+07 -2.3604e-05
-8.93351e+07 -2.36894e-05
-8.96574e+07 -2.37749e-05
-8.99796e+07 -2.38604e-05
-9.03019e+07 -2.39458e-05
-9.06241e+07 -2.40313e-05
-9.09464e+07 -2.41167e-05
-9.12687e+07 -2.42022e-05
-9.15909e+07 -2.42876e-05
-9.19132e+07 -2.43731e-05
-9.22354e+07 -2.44585e-05
-9.25577e+07 -2.4544e-05
-9.28799e+07 -2.46294e-05
-9.32022e+07 -2.47149e-05
-9.35244e+07 -2.48003e-05
-9.38466e+07 -2.48858e-05
-9.41689e+07 -2.49712e-05
-9.44911e+07 -2.50567e-05
-9.48134e+07 -2.51421e-05
-9.51356e+07 -2.52276e-05
-9.54578e+07 -2.5313e-05
-9.57801e+07 -2.53985e-05
-9.61023e+07 -2.54839e-05
-9.64245e+07 -2.55694e-05
-9.67468e+07 -2.56548e-05
-9.7069e+07 -2.57403e-05
-9.73912e+07 -2.58257e-05
-9.77134e+07 -2.59112e-05
-9.80356e+07 -2.59966e-05
-9.83579e+07 -2.60821e-05
-9.86801e+07 -2.61675e-05
-9.90023e+07 -2.62529e-05
-9.93245e+07 -2.63384e-05
-9.96467e+07 -2.64238e-05
-9.9969e+07 -2.65093e-05
-1.00291e+08 -2.65947e-05
-1.00613e+08 -2.66802e-05
-1.00936e+08 -2.67656e-05
-1.01258e+08 -2.6851e-05
-1.0158e+08 -2.69365e-05
-1.01902e+08 -2.70219e-05
-1.02224e+08 -2.71073e-05
-1.02547e+08 -2.71928e-05
-1.02869e+08 -2.72782e-05
-1.03191e+08 -2.73637e-05
-1.03513e+08 -2.74491e-05
-1.03835e+08 -2.75345e-05
-1.04158e+08 -2.762e-05
-1.0448e+08 -2.77054e-05
-1.04802e+08 -2.77908e-05
-1.05124e+08 -2.78763e-05
-1.05446e+08 -2.79617e-05
-1.05768e+08 -2.80471e-05
-1.06091e+08 -2.81326e-05
-1.06413e+08 -2.8218e-05
-1.06735e+08 -2.83034e-05
-1.07057e+08 -2.83889e-05
-1.07379e+08 -2.84743e-05
-1.07701e+08 -2.85597e-05
-1.08024e+08 -2.86452e-05
-1.08346e+08 -2.87306e-05
-1.08668e+08 -2.8816e-05
-1.0899e+08 -2.89015e-05
-1.09312e+08 -2.89869e-05
-1.09634e+08 -2.90723e-05
-1.09957e+08 -2.91577e-05
-1.10279e+08 -2.92432e-05
-1.10601e+08 -2.93286e-05
-1.10923e+08 -2.9414e-05
-1.11245e+08 -2.94994e-05
-1.11567e+08 -2.95849e-05
-1.11889e+08 -2.96703e-05
-1.12212e+08 -2.97557e-05
-1.12534e+08 -2.98411e-05
-1.12856e+08 -2.99266e-05
-1.13178e+08 -3.0012e-05
-1.135e+08 -3.00974e-05
-1.13822e+08 -3.01828e-05
-1.14144e+08 -3.02683e-05
-1.14467e+08 -3.03537e-05
-1.14789e+08 -3.04391e-05
-1.15111e+08 -3.05245e-05
-1.15433e+08 -3.06099e-05
-1.15755e+08 -3.06954e-05
-1.16077e+08 -3.07808e-05
-1.16399e+08 -3.08662e-05
-1.16721e+08 -3.09516e-05
-1.17044e+08 -3.1037e-05
-1.17366e+08 -3.11224e-05
-1.17688e+08 -3.12079e-05
-1.1801e+08 -3.12933e-05
-1.18332e+08 -3.13787e-05
-1.18654e+08 -3.14641e-05
-1.18976e+08 -3.15495e-05
-1.19298e+08 -3.16349e-05
-1.1962e+08 -3.17203e-05
-1.19943e+08 -3.18058e-05
-1.20265e+08 -3.18912e-05
-1.20587e+08 -3.19766e-05
-1.20909e+08 -3.2062e-05
-1.21231e+08 -3.21474e-05
-1.21553e+08 -3.22328e-05
-1.21875e+08 -3.23182e-05
-1.22197e+08 -3.24036e-05
-1.22519e+08 -3.2489e-05
-1.22841e+08 -3.25745e-05
-1.23163e+08 -3.26599e-05
-1.23485e+08 -3.27453e-05
-1.23808e+08 -3.28307e-05
-1.2413e+08 -3.29161e-05
-1.24452e+08 -3.30015e-05
-1.24774e+08 -3.30869e-05
-1.25096e+08 -3.31723e-05
-1.25418e+08 -3.32577e-05
-1.2574e+08 -3.33431e-05
-1.26062e+08 -3.34285e-05
-1.26384e+08 -3.35139e-05
-1.26706e+08 -3.35993e-05
-1.27028e+08 -3.36847e-05
-1.2735e+08 -3.37701e-05
-1.27672e+08 -3.38555e-05
-1.27994e+08 -3.39409e-05
-1.28316e+08 -3.40263e-05
-1.28639e+08 -3.41117e-05
-1.28961e+08 -3.41971e-05
-1.29283e+08 -3.42825e-05
-1.29605e+08 -3.43679e-05
-1.29927e+08 -3.44533e-05
-1.30249e+08 -3.45387e-05
-1.30571e+08 -3.46241e-05
-1.30893e+08 -3.47095e-05
-1.31215e+08 -3.47949e-05
-1.31537e+08 -3.48803e-05
-1.31859e+08 -3.49657e-05
-1.32181e+08 -3.50511e-05
-1.32503e+08 -3.51365e-05
-1.32825e+08 -3.52219e-05
-1.33147e+08 -3.53073e-05
-1.33469e+08 -3.53927e-05
-1.33791e+08 -3.54781e-05
-1.34113e+08 -3.55635e-05
-1.34435e+08 -3.56489e-05
-1.34757e+08 -3.57343e-05
-1.35079e+08 -3.58197e-05
-1.35401e+08 -3.5905e-05
-1.35723e+08 -3.59904e-05
-1.36045e+08 -3.60758e-05
-1.36367e+08 -3.61612e-05
-1.36689e+08 -3.62466e-05
-1.37011e+08 -3.6332e-05
-1.37333e+08 -3.64174e-05
-1.37655e+08 -3.65028e-05
-1.37977e+08 -3.65882e-05
-1.38299e+08 -3.66735e-05
-1.38621e+08 -3.67589e-05
-1.38943e+08 -3.68443e-05
-1.39265e+08 -3.69297e-05
-1.39587e+08 -3.70151e-05
-1.39909e+08 -3.71005e-05
-1.40231e+08 -3.71858e-05
-1.40553e+08 -3.72712e-05
-1.40875e+08 -3.73566e-05
-1.41197e+08 -3.7442e-05
-1.41519e+08 -3.75274e-05
-1.41841e+08 -3.76128e-05
-1.42163e+08 -3.76981e-05
-1.42485e+08 -3.77835e-05
-1.42807e+08 -3.78689e-05
-1.43129e+08 -3.79543e-05
-1.43451e+08 -3.80397e-05
-1.43773e+08 -3.8125e-05
-1.44095e+08 -3.82104e-05
-1.44417e+08 -3.82958e-05
-1.44739e+08 -3.83812e-05
-1.45061e+08 -3.84666e-05
-1.45383e+08 -3.85519e-05
-1.45705e+08 -3.86373e-05
-1.46027e+08 -3.87227e-05
-1.46349e+08 -3.88081e-05
-1.46671e+08 -3.88934e-05
-1.46993e+08 -3.89788e-05
-1.47315e+08 -3.90642e-05
-1.47637e+08 -3.91495e-05
-1.47959e+08 -3.92349e-05
-1.48281e+08 -3.93203e-05
-1.48602e+08 -3.94057e-05
-1.48924e+08 -3.9491e-05
-1.49246e+08 -3.95764e-05
-1.49568e+08 -3.96618e-05
-1.4989e+08 -3.97471e-05
-1.50212e+08 -3.98325e-05
-1.50534e+08 -3.99179e-05
-1.50856e+08 -4.00033e-05
-1.51178e+08 -4.00886e-05
-1.515e+08 -4.0174e-05
-1.51822e+08 -4.02594e-05
-1.52144e+08 -4.03447e-05
-1.52466e+08 -4.04301e-05
-1.52788e+08 -4.05155e-05
-1.53109e+08 -4.06008e-05
-1.53431e+08 -4.06862e-05
-1.53753e+08 -4.07715e-05
-1.54075e+08 -4.08569e-05
-1.54397e+08 -4.09423e-05
-1.54719e+08 -4.10276e-05
-1.55041e+08 -4.1113e-05
-1.55363e+08 -4.11984e-05
-1.55685e+08 -4.12837e-05
-1.56007e+08 -4.13691e-05
-1.56329e+08 -4.14544e-05
-1.56651e+08 -4.15398e-05
-1.56972e+08 -4.16252e-05
-1.57294e+08 -4.17105e-05
-1.57616e+08 -4.17959e-05
-1.57938e+08 -4.18812e-05
-1.5826e+08 -4.19666e-05
-1.58582e+08 -4.2052e-05
-1.58904e+08 -4.21373e-05
-1.59226e+08 -4.22227e-05
-1.59548e+08 -4.2308e-05
-1.59869e+08 -4.23934e-05
-1.60191e+08 -4.24787e-05
-1.60513e+08 -4.25641e-05
-1.60835e+08 -4.26494e-05
-1.61157e+08 -4.27348e-05
-1.61479e+08 -4.28202e-05
-1.61801e+08 -4.29055e-05
-1.62123e+08 -4.29909e-05
-1.62444e+08 -4.30762e-05
-1.62766e+08 -4.31616e-05
-1.63088e+08 -4.32469e-05
-1.6341e+08 -4.33323e-05
-1.63732e+08 -4.34176e-05
-1.64054e+08 -4.3503e-05
-1.64376e+08 -4.35883e-05
-1.64697e+08 -4.36737e-05
-1.65019e+08 -4.3759e-05
-1.65341e+08 -4.38444e-05
-1.65663e+08 -4.39297e-05
-1.65985e+08 -4.4015e-05
-1.66307e+08 -4.41004e-05
-1.66629e+08 -4.41857e-05
-1.6695e+08 -4.42711e-05
-1.67272e+08 -4.43564e-05
-1.67594e+08 -4.44418e-05
-1.67916e+08 -4.45271e-05
-1.68238e+08 -4.46125e-05
-1.6856e+08 -4.46978e-05
-1.68881e+08 -4.47831e-05
-1.69203e+08 -4.48685e-05
-1.69525e+08 -4.49538e-05
-1.69847e+08 -4.50392e-05
-1.70169e+08 -4.51245e-05
-1.70491e+08 -4.52099e-05
-1.70812e+08 -4.52952e-05
-1.71134e+08 -4.53805e-05
-1.71456e+08 -4.54659e-05
-1.71778e+08 -4.55512e-05
-1.721e+08 -4.56365e-05
-1.72421e+08 -4.57219e-05
-1.72743e+08 -4.58072e-05
-1.73065e+08 -4.58926e-05
-1.73387e+08 -4.59779e-05
-1.73709e+08 -4.60632e-05
-1.74031e+08 -4.61486e-05
-1.74352e+08 -4.62339e-05
-1.74674e+08 -4.63192e-05
-1.74996e+08 -4.64046e-05
-1.75318e+08 -4.64899e-05
-1.7564e+08 -4.65752e-05
-1.75961e+08 -4.66606e-05
-1.76283e+08 -4.67459e-05
-1.76605e+08 -4.68312e-05
-1.76927e+08 -4.69166e-05
-1.77249e+08 -4.70019e-05
-1.7757e+08 -4.70872e-05
-1.77892e+08 -4.71725e-05
-1.78214e+08 -4.72579e-05
-1.78536e+08 -4.73432e-05
-1.78857e+08 -4.74285e-05
-1.79179e+08 -4.75139e-05
-1.79501e+08 -4.75992e-05
-1.79823e+08 -4.76845e-05
-1.80145e+08 -4.77698e-05
-1.80466e+08 -4.78552e-05
-1.80788e+08 -4.79405e-05
-1.8111e+08 -4.80258e-05
-1.81432e+08 -4.81111e-05
-1.81753e+08 -4.81965e-05
-1.82075e+08 -4.82818e-05
-1.82397e+08 -4.83671e-05
-1.82719e+08 -4.84524e-05
-1.8304e+08 -4.85378e-05
-1.83362e+08 -4.86231e-05
-1.83684e+08 -4.87084e-05
-1.84006e+08 -4.87937e-05
-1.84327e+08 -4.8879e-05
-1.84649e+08 -4.89644e-05
-1.84971e+08 -4.90497e-05
-1.85293e+08 -4.9135e-05
-1.85614e+08 -4.92203e-05
-1.85936e+08 -4.93056e-05
-1.86258e+08 -4.93909e-05
-1.8658e+08 -4.94763e-05
-1.86901e+08 -4.95616e-05
-1.87223e+08 -4.96469e-05
-1.87545e+08 -4.97322e-05
-1.87867e+08 -4.98175e-05
-1.88188e+08 -4.99028e-05
-1.8851e+08 -4.99882e-05
-1.88832e+08 -5.00735e-05
-1.89153e+08 -5.01588e-05
-1.89475e+08 -5.02441e-05
-1.89797e+08 -5.03294e-05
-1.90119e+08 -5.04147e-05
-1.9044e+08 -5.05e-05
-1.90762e+08 -5.05853e-05
-1.91084e+08 -5.06707e-05
-1.91405e+08 -5.0756e-05
-1.91727e+08 -5.08413e-05
-1.92049e+08 -5.09266e-05
-1.92371e+08 -5.10119e-05
-1.92692e+08 -5.10972e-05
-1.93014e+08 -5.11825e-05
-1.93336e+08 -5.12678e-05
-1.93657e+08 -5.13531e-05
-1.93979e+08 -5.14384e-05
-1.94301e+08 -5.15237e-05
-1.94622e+08 -5.1609e-05
-1.94944e+08 -5.16943e-05
-1.95266e+08 -5.17796e-05
-1.95588e+08 -5.18649e-05
-1.95909e+08 -5.19502e-05
-1.96231e+08 -5.20356e-05
-1.96553e+08 -5.21209e-05
-1.96874e+08 -5.22062e-05
-1.97196e+08 -5.22915e-05
-1.97518e+08 -5.23768e-05
-1.97839e+08 -5.24621e-05
-1.98161e+08 -5.25474e-05
-1.98483e+08 -5.26327e-05
-1.98804e+08 -5.2718e-05
-1.99126e+08 -5.28033e-05
-1.99448e+08 -5.28886e-05
-1.99769e+08 -5.29739e-05
-2.00091e+08 -5.30592e-05
-2.00413e+08 -5.31445e-05
-2.00734e+08 -5.32297e-05
-2.01056e+08 -5.3315e-05
-2.01378e+08 -5.34003e-05
-2.01699e+08 -5.34856e-05
-2.02021e+08 -5.35709e-05
-2.02343e+08 -5.36562e-05
-2.02664e+08 -5.37415e-05
-2.02986e+08 -5.38268e-05
-2.03308e+08 -5.39121e-05
-2.03629e+08 -5.39974e-05
-2.03951e+08 -5.40827e-05
-2.04272e+08 -5.4168e-05
-2.04594e+08 -5.42533e-05
-2.04916e+08 -5.43386e-05
-2.05237e+08 -5.44238e-05
-2.05559e+08 -5.45091e-05
-2.05881e+08 -5.45944e-05
-2.06202e+08 -5.46797e-05
-2.06524e+08 -5.4765e-05
-2.06846e+08 -5.48503e-05
-2.07167e+08 -5.49356e-05
-2.07489e+08 -5.50209e-05
-2.0781e+08 -5.51062e-05
-2.08132e+08 -5.51914e-05
-2.08454e+08 -5.52767e-05
-2.08775e+08 -5.5362e-05
-2.09097e+08 -5.54473e-05
-2.09419e+08 -5.55326e-05
-2.0974e+08 -5.56179e-05
-2.10062e+08 -5.57031e-05
-2.10383e+08 -5.57884e-05
-2.10705e+08 -5.58737e-05
-2.11027e+08 -5.5959e-05
-2.11348e+08 -5.60443e-05
-2.1167e+08 -5.61295e-05
-2.11991e+08 -5.62148e-05
-2.12313e+08 -5.63001e-05
-2.12635e+08 -5.63854e-05
-2.12956e+08 -5.64707e-05
-2.13278e+08 -5.65559e-05
-2.13599e+08 -5.66412e-05
-2.13921e+08 -5.67265e-05
-2.14243e+08 -5.68118e-05
-2.14564e+08 -5.6897e-05
-2.14886e+08 -5.69823e-05
-2.15207e+08 -5.70676e-05
-2.15529e+08 -5.71529e-05
-2.1585e+08 -5.72382e-05
-2.16172e+08 -5.73234e-05
-2.16494e+08 -5.74087e-05
-2.16815e+08 -5.7494e-05
-2.17137e+08 -5.75792e-05
-2.17458e+08 -5.76645e-05
-2.1778e+08 -5.77498e-05
-2.18101e+08 -5.78351e-05
-2.18423e+08 -5.79203e-05
-2.18745e+08 -5.80056e-05
-2.19066e+08 -5.80909e-05
-2.19388e+08 -5.81761e-05
-2.19709e+08 -5.82614e-05
-2.20031e+08 -5.83467e-05
-2.20352e+08 -5.84319e-05
-2.20674e+08 -5.85172e-05
-2.20995e+08 -5.86025e-05
-2.21317e+08 -5.86877e-05
-2.21639e+08 -5.8773e-05
-2.2196e+08 -5.88583e-05
-2.22282e+08 -5.89435e-05
-2.22603e+08 -5.90288e-05
-2.22925e+08 -5.91141e-05
-2.23246e+08 -5.91993e-05
-2.23568e+08 -5.92846e-05
-2.23889e+08 -5.93699e-05
-2.24211e+08 -5.94551e-05
-2.24532e+08 -5.95404e-05
-2.24854e+08 -5.96256e-05
-2.25175e+08 -5.97109e-05
-2.25497e+08 -5.97962e-05
-2.25818e+08 -5.98814e-05
-2.2614e+08 -5.99667e-05
-2.26462e+08 -6.00519e-05
-2.26783e+08 -6.01372e-05
-2.27105e+08 -6.02225e-05
-2.27426e+08 -6.03077e-05
-2.27748e+08 -6.0393e-05
-2.28069e+08 -6.04782e-05
-2.28391e+08 -6.05635e-05
-2.28712e+08 -6.06487e-05
-2.29034e+08 -6.0734e-05
-2.29355e+08 -6.08193e-05
-2.29677e+08 -6.09045e-05
-2.29998e+08 -6.09898e-05
-2.3032e+08 -6.1075e-05
-2.30641e+08 -6.11603e-05
-2.30963e+08 -6.12455e-05
-2.31284e+08 -6.13308e-05
-2.31606e+08 -6.1416e-05
-2.31927e+08 -6.15013e-05
-2.32249e+08 -6.15865e-05
-2.3257e+08 -6.16718e-05
-2.32892e+08 -6.1757e-05
-2.33213e+08 -6.18423e-05
-2.33535e+08 -6.19275e-05
-2.33856e+08 -6.20128e-05
-2.34177e+08 -6.2098e-05
-2.34499e+08 -6.21833e-05
-2.3482e+08 -6.22685e-05
-2.35142e+08 -6.23538e-05
-2.35463e+08 -6.2439e-05
-2.35785e+08 -6.25243e-05
-2.36106e+08 -6.26095e-05
-2.36428e+08 -6.26948e-05
-2.36749e+08 -6.278e-05
-2.37071e+08 -6.28652e-05
-2.37392e+08 -6.29505e-05
-2.37714e+08 -6.30357e-05
-2.38035e+08 -6.3121e-05
-2.38357e+08 -6.32062e-05
-2.38678e+08 -6.32915e-05
-2.38999e+08 -6.33767e-05
-2.39321e+08 -6.34619e-05
-2.39642e+08 -6.35472e-05
-2.39964e+08 -6.36324e-05
-2.40285e+08 -6.37177e-05
-2.40607e+08 -6.38029e-05
-2.40928e+08 -6.38881e-05
-2.4125e+08 -6.39734e-05
-2.41571e+08 -6.40586e-05
-2.41892e+08 -6.41438e-05
-2.42214e+08 -6.42291e-05
-2.42535e+08 -6.43143e-05
-2.42857e+08 -6.43995e-05
-2.43178e+08 -6.44848e-05
-2.435e+08 -6.457e-05
-2.43821e+08 -6.46552e-05
-2.44142e+08 -6.47405e-05
-2.44464e+08 -6.48257e-05
-2.44785e+08 -6.4911e-05
-2.45107e+08 -6.49962e-05
-2.45428e+08 -6.50814e-05
-2.4575e+08 -6.51666e-05
-2.46071e+08 -6.52519e-05
-2.46392e+08 -6.53371e-05
-2.46714e+08 -6.54223e-05
-2.47035e+08 -6.55076e-05
-2.47357e+08 -6.55928e-05
-2.47678e+08 -6.5678e-05
-2.47999e+08 -6.57633e-05
-2.48321e+08 -6.58485e-05
-2.48642e+08 -6.59337e-05
-2.48964e+08 -6.60189e-05
-2.49285e+08 -6.61042e-05
-2.49606e+08 -6.61894e-05
-2.49928e+08 -6.62746e-05
-2.50249e+08 -6.63598e-05
-2.50571e+08 -6.64451e-05
-2.50892e+08 -6.65303e-05
-2.51213e+08 -6.66155e-05
-2.51535e+08 -6.67007e-05
-2.51856e+08 -6.6786e-05
-2.52177e+08 -6.68712e-05
-2.52499e+08 -6.69564e-05
-2.5282e+08 -6.70416e-05
-2.53142e+08 -6.71268e-05
-2.53463e+08 -6.72121e-05
-2.53784e+08 -6.72973e-05
-2.54106e+08 -6.73825e-05
-2.54427e+08 -6.74677e-05
-2.54748e+08 -6.75529e-05
-2.5507e+08 -6.76382e-05
-2.55391e+08 -6.77234e-05
-2.55713e+08 -6.78086e-05
-2.56034e+08 -6.78938e-05
-2.56355e+08 -6.7979e-05
-2.56677e+08 -6.80642e-05
-2.56998e+08 -6.81494e-05
-2.57319e+08 -6.82347e-05
-2.57641e+08 -6.83199e-05
-2.57962e+08 -6.84051e-05
-2.58283e+08 -6.84903e-05
-2.58605e+08 -6.85755e-05
-2.58926e+08 -6.86607e-05
-2.59247e+08 -6.87459e-05
-2.59569e+08 -6.88312e-05
-2.5989e+08 -6.89164e-05
-2.60211e+08 -6.90016e-05
-2.60533e+08 -6.90868e-05
-2.60854e+08 -6.9172e-05
-2.61175e+08 -6.92572e-05
-2.61497e+08 -6.93424e-05
-2.61818e+08 -6.94276e-05
-2.62139e+08 -6.95128e-05
-2.62461e+08 -6.9598e-05
-2.62782e+08 -6.96832e-05
-2.63103e+08 -6.97684e-05
-2.63425e+08 -6.98536e-05
-2.63746e+08 -6.99389e-05
-2.64067e+08 -7.00241e-05
-2.64389e+08 -7.01093e-05
-2.6471e+08 -7.01945e-05
-2.65031e+08 -7.02797e-05
-2.65353e+08 -7.03649e-05
-2.65674e+08 -7.04501e-05
-2.65995e+08 -7.05353e-05
-2.66316e+08 -7.06205e-05
-2.66638e+08 -7.07057e-05
-2.66959e+08 -7.07909e-05
-2.6728e+08 -7.08761e-05
-2.67602e+08 -7.09613e-05
-2.67923e+08 -7.10465e-05
-2.68244e+08 -7.11317e-05
-2.68566e+08 -7.12169e-05
-2.68887e+08 -7.13021e-05
-2.69208e+08 -7.13873e-05
-2.69529e+08 -7.14725e-05
-2.69851e+08 -7.15577e-05
-2.70172e+08 -7.16429e-05
-2.70493e+08 -7.17281e-05
-2.70814e+08 -7.18133e-05
-2.71136e+08 -7.18984e-05
-2.71457e+08 -7.19836e-05
-2.71778e+08 -7.20688e-05
-2.721e+08 -7.2154e-05
-2.72421e+08 -7.22392e-05
-2.72742e+08 -7.23244e-05
-2.73063e+08 -7.24096e-05
-2.73385e+08 -7.24948e-05
-2.73706e+08 -7.258e-05
-2.74027e+08 -7.26652e-05
-2.74348e+08 -7.27504e-05
-2.7467e+08 -7.28356e-05
-2.74991e+08 -7.29207e-05
-2.75312e+08 -7.30059e-05
-2.75562e+08 -7.30723e-05
-2.75685e+08 -7.31048e-05
-2.75808e+08 -7.31373e-05
-2.7593e+08 -7.31698e-05
-2.76053e+08 -7.32023e-05
-2.76175e+08 -7.32348e-05
-2.76298e+08 -7.32673e-05
-2.7642e+08 -7.32998e-05
-2.76484e+08 -7.33168e-05
-2.76453e+08 -7.33084e-05
-2.76421e+08 -7.33e-05
-2.76389e+08 -7.32916e-05
-2.76358e+08 -7.32832e-05
-2.76326e+08 -7.32747e-05
-2.76294e+08 -7.32664e-05
-2.76263e+08 -7.32579e-05
-2.76231e+08 -7.32495e-05
-2.76199e+08 -7.32411e-05
-2.76168e+08 -7.32327e-05
-2.76136e+08 -7.32243e-05
-2.76104e+08 -7.32159e-05
-2.76072e+08 -7.32075e-05
-2.76041e+08 -7.31991e-05
-2.76009e+08 -7.31907e-05
-2.75977e+08 -7.31823e-05
-2.75946e+08 -7.31739e-05
-2.75914e+08 -7.31655e-05
-2.75882e+08 -7.31571e-05
-2.75851e+08 -7.31487e-05
-2.75819e+08 -7.31403e-05
-2.75787e+08 -7.31319e-05
-2.75756e+08 -7.31235e-05
-2.75724e+08 -7.31151e-05
-2.75692e+08 -7.31067e-05
-2.75661e+08 -7.30983e-05
-2.75629e+08 -7.30899e-05
-2.75597e+08 -7.30815e-05
-2.75566e+08 -7.30731e-05
-2.75534e+08 -7.30647e-05
-2.75502e+08 -7.30563e-05
-2.75471e+08 -7.30479e-05
-2.75439e+08 -7.30395e-05
-2.75407e+08 -7.30311e-05
-2.75376e+08 -7.30227e-05
-2.75344e+08 -7.30143e-05
-2.75312e+08 -7.30059e-05
-2.75281e+08 -7.29975e-05
-2.75249e+08 -7.29891e-05
-2.75217e+08 -7.29807e-05
-2.75186e+08 -7.29723e-05
-2.75154e+08 -7.29639e-05
-2.75122e+08 -7.29556e-05
-2.75091e+08 -7.29472e-05
-2.75059e+08 -7.29388e-05
-2.75027e+08 -7.29304e-05
-2.74996e+08 -7.2922e-05
-2.74964e+08 -7.29136e-05
-2.74932e+08 -7.29052e-05
-2.74901e+08 -7.28968e-05
-2.74869e+08 -7.28884e-05
-2.74837e+08 -7.288e-05
-2.74806e+08 -7.28716e-05
-2.74774e+08 -7.28632e-05
-2.74742e+08 -7.28548e-05
-2.74711e+08 -7.28464e-05
-2.74679e+08 -7.2838e-05
-2.74647e+08 -7.28296e-05
-2.74616e+08 -7.28212e-05
-2.74584e+08 -7.28128e-05
-2.74552e+08 -7.28044e-05
-2.74521e+08 -7.2796e-05
-2.74489e+08 -7.27876e-05
-2.74457e+08 -7.27792e-05
-2.74426e+08 -7.27708e-05
-2.74394e+08 -7.27624e-05
-2.74362e+08 -7.2754e-05
-2.74331e+08 -7.27456e-05
-2.74299e+08 -7.27372e-05
-2.74267e+08 -7.27288e-05
-2.74236e+08 -7.27204e-05
-2.74204e+08 -7.27121e-05
-2.74172e+08 -7.27037e-05
-2.74141e+08 -7.26953e-05
-2.74109e+08 -7.26869e-05
-2.74077e+08 -7.26785e-05
-2.74046e+08 -7.26701e-05
-2.74014e+08 -7.26617e-05
-2.73982e+08 -7.26533e-05
-2.73951e+08 -7.26449e-05
-2.73919e+08 -7.26365e-05
-2.73887e+08 -7.26281e-05
-2.73856e+08 -7.26197e-05
-2.73824e+08 -7.26113e-05
-2.73792e+08 -7.26029e-05
-2.73761e+08 -7.25945e-05
-2.73729e+08 -7.25861e-05
-2.73697e+08 -7.25777e-05
-2.73666e+08 -7.25694e-05
-2.73634e+08 -7.2561e-05
-2.73603e+08 -7.25526e-05
-2.73571e+08 -7.25442e-05
-2.73539e+08 -7.25358e-05
-2.73508e+08 -7.25274e-05
-2.73476e+08 -7.2519e-05
-2.73444e+08 -7.25106e-05
-2.73413e+08 -7.25022e-05
-2.73381e+08 -7.24938e-05
-2.73349e+08 -7.24854e-05
-2.73318e+08 -7.2477e-05
-2.73286e+08 -7.24686e-05
-2.73254e+08 -7.24602e-05
-2.73223e+08 -7.24519e-05
-2.73191e+08 -7.24435e-05
-2.73159e+08 -7.24351e-05
-2.73128e+08 -7.24267e-05
-2.73096e+08 -7.24183e-05
-2.73065e+08 -7.24099e-05
-2.73033e+08 -7.24015e-05
-2.73001e+08 -7.23931e-05
-2.7297e+08 -7.23847e-05
-2.72938e+08 -7.23763e-05
-2.72906e+08 -7.23679e-05
-2.72875e+08 -7.23596e-05
-2.72843e+08 -7.23512e-05
-2.72811e+08 -7.23428e-05
-2.7278e+08 -7.23344e-05
-2.72748e+08 -7.2326e-05
-2.72716e+08 -7.23176e-05
-2.72685e+08 -7.23092e-05
-2.72653e+08 -7.23008e-05
-2.72622e+08 -7.22924e-05
-2.7259e+08 -7.2284e-05
-2.72558e+08 -7.22757e-05
-2.72527e+08 -7.22673e-05
-2.72495e+08 -7.22589e-05
-2.72463e+08 -7.22505e-05
-2.72432e+08 -7.22421e-05
-2.724e+08 -7.22337e-05
-2.72368e+08 -7.22253e-05
-2.72337e+08 -7.22169e-05
-2.72305e+08 -7.22085e-05
-2.72274e+08 -7.22001e-05
-2.72242e+08 -7.21918e-05
-2.7221e+08 -7.21834e-05
-2.72179e+08 -7.2175e-05
-2.72147e+08 -7.21666e-05
-2.72115e+08 -7.21582e-05
-2.72084e+08 -7.21498e-05
-2.72052e+08 -7.21414e-05
-2.7202e+08 -7.2133e-05
-2.71989e+08 -7.21247e-05
-2.71957e+08 -7.21163e-05
-2.71926e+08 -7.21079e-05
-2.71894e+08 -7.20995e-05
-2.71862e+08 -7.20911e-05
-2.71831e+08 -7.20827e-05
-2.71799e+08 -7.20743e-05
-2.71767e+08 -7.20659e-05
-2.71736e+08 -7.20576e-05
-2.71704e+08 -7.20492e-05
-2.71673e+08 -7.20408e-05
-2.71641e+08 -7.20324e-05
-2.71609e+08 -7.2024e-05
-2.71578e+08 -7.20156e-05
-2.71546e+08 -7.20072e-05
-2.71514e+08 -7.19988e-05
-2.71483e+08 -7.19905e-05
-2.71451e+08 -7.19821e-05
-2.71419e+08 -7.19737e-05
-2.71388e+08 -7.19653e-05
-2.71356e+08 -7.19569e-05
-2.71325e+08 -7.19485e-05
-2.71293e+08 -7.19402e-05
-2.71261e+08 -7.19318e-05
-2.7123e+08 -7.19234e-05
-2.71198e+08 -7.1915e-05
-2.71167e+08 -7.19066e-05
-2.71135e+08 -7.18982e-05
-2.71103e+08 -7.18898e-05
-2.71072e+08 -7.18814e-05
-2.7104e+08 -7.18731e-05
-2.71008e+08 -7.18647e-05
-2.70977e+08 -7.18563e-05
-2.70945e+08 -7.18479e-05
-2.70914e+08 -7.18395e-05
-2.70882e+08 -7.18311e-05
-2.7085e+08 -7.18228e-05
-2.70819e+08 -7.18144e-05
-2.70787e+08 -7.1806e-05
-2.70755e+08 -7.17976e-05
-2.70724e+08 -7.17892e-05
-2.70692e+08 -7.17808e-05
-2.70661e+08 -7.17725e-05
-2.70629e+08 -7.17641e-05
-2.70597e+08 -7.17557e-05
-2.70566e+08 -7.17473e-05
-2.70534e+08 -7.17389e-05
-2.70503e+08 -7.17305e-05
-2.70471e+08 -7.17222e-05
-2.70439e+08 -7.17138e-05
-2.70408e+08 -7.17054e-05
-2.70376e+08 -7.1697e-05
-2.70345e+08 -7.16886e-05
-2.70313e+08 -7.16803e-05
-2.70281e+08 -7.16719e-05
-2.7025e+08 -7.16635e-05
-2.70218e+08 -7.16551e-05
-2.70186e+08 -7.16467e-05
-2.70155e+08 -7.16383e-05
-2.70123e+08 -7.163e-05
-2.70092e+08 -7.16216e-05
-2.7006e+08 -7.16132e-05
-2.70028e+08 -7.16048e-05
-2.69997e+08 -7.15964e-05
-2.69965e+08 -7.1588e-05
-2.69934e+08 -7.15797e-05
-2.69902e+08 -7.15713e-05
-2.6987e+08 -7.15629e-05
-2.69839e+08 -7.15545e-05
-2.69807e+08 -7.15461e-05
-2.69776e+08 -7.15378e-05
-2.69744e+08 -7.15294e-05
-2.69712e+08 -7.1521e-05
-2.69681e+08 -7.15126e-05
-2.69649e+08 -7.15042e-05
-2.69618e+08 -7.14959e-05
-2.69586e+08 -7.14875e-05
-2.69554e+08 -7.14791e-05
-2.69523e+08 -7.14707e-05
-2.69491e+08 -7.14623e-05
-2.6946e+08 -7.1454e-05
-2.69428e+08 -7.14456e-05
-2.69396e+08 -7.14372e-05
-2.69365e+08 -7.14288e-05
-2.69333e+08 -7.14204e-05
-2.69302e+08 -7.14121e-05
-2.6927e+08 -7.14037e-05
-2.69238e+08 -7.13953e-05
-2.69207e+08 -7.13869e-05
-2.69175e+08 -7.13785e-05
-2.69144e+08 -7.13702e-05
-2.69112e+08 -7.13618e-05
-2.6908e+08 -7.13534e-05
-2.69049e+08 -7.1345e-05
-2.69017e+08 -7.13367e-05
-2.68986e+08 -7.13283e-05
-2.68954e+08 -7.13199e-05
-2.68922e+08 -7.13115e-05
-2.68891e+08 -7.13031e-05
-2.68859e+08 -7.12948e-05
-2.68828e+08 -7.12864e-05
-2.68796e+08 -7.1278e-05
-2.68764e+08 -7.12696e-05
-2.68733e+08 -7.12613e-05
-2.68701e+08 -7.12529e-05
-2.6867e+08 -7.12445e-05
-2.68638e+08 -7.12361e-05
-2.68607e+08 -7.12278e-05
-2.68575e+08 -7.12194e-05
-2.68543e+08 -7.1211e-05
-2.68512e+08 -7.12026e-05
-2.6848e+08 -7.11942e-05
-2.68449e+08 -7.11859e-05
-2.68417e+08 -7.11775e-05
-2.68385e+08 -7.11691e-05
-2.68354e+08 -7.11607e-05
-2.68322e+08 -7.11524e-05
-2.68291e+08 -7.1144e-05
-2.68259e+08 -7.11356e-05
-2.68227e+08 -7.11272e-05
-2.68196e+08 -7.11189e-05
-2.68164e+08 -7.11105e-05
-2.68133e+08 -7.11021e-05
-2.68101e+08 -7.10937e-05
-2.6807e+08 -7.10854e-05
-2.68038e+08 -7.1077e-05
-2.68006e+08 -7.10686e-05
-2.67975e+08 -7.10602e-05
-2.67943e+08 -7.10519e-05
-2.67912e+08 -7.10435e-05
-2.6788e+08 -7.10351e-05
-2.67848e+08 -7.10267e-05
-2.67817e+08 -7.10184e-05
-2.67785e+08 -7.101e-05
-2.67754e+08 -7.10016e-05
-2.67722e+08 -7.09932e-05
-2.67691e+08 -7.09849e-05
-2.67659e+08 -7.09765e-05
-2.67627e+08 -7.09681e-05
-2.67596e+08 -7.09597e-05
-2.67564e+08 -7.09514e-05
-2.67533e+08 -7.0943e-05
-2.67501e+08 -7.09346e-05
-2.6747e+08 -7.09263e-05
-2.67438e+08 -7.09179e-05
-2.67406e+08 -7.09095e-05
-2.67375e+08 -7.09011e-05
-2.67343e+08 -7.08928e-05
-2.67312e+08 -7.08844e-05
-2.6728e+08 -7.0876e-05
-2.67249e+08 -7.08676e-05
-2.67217e+08 -7.08593e-05
-2.67185e+08 -7.08509e-05
-2.67154e+08 -7.08425e-05
-2.67122e+08 -7.08342e-05
-2.67091e+08 -7.08258e-05
-2.67059e+08 -7.08174e-05
-2.67028e+08 -7.0809e-05
-2.66996e+08 -7.08007e-05
-2.66964e+08 -7.07923e-05
-2.66933e+08 -7.07839e-05
-2.66901e+08 -7.07756e-05
-2.6687e+08 -7.07672e-05
-2.66838e+08 -7.07588e-05
-2.66807e+08 -7.07504e-05
-2.66775e+08 -7.07421e-05
-2.66743e+08 -7.07337e-05
-2.66712e+08 -7.07253e-05
-2.6668e+08 -7.0717e-05
-2.66649e+08 -7.07086e-05
-2.66617e+08 -7.07002e-05
-2.66586e+08 -7.06918e-05
-2.66554e+08 -7.06835e-05
-2.66522e+08 -7.06751e-05
-2.66491e+08 -7.06667e-05
-2.66459e+08 -7.06584e-05
-2.66428e+08 -7.065e-05
-2.66396e+08 -7.06416e-05
-2.66365e+08 -7.06333e-05
-2.66333e+08 -7.06249e-05
-2.66301e+08 -7.06165e-05
-2.6627e+08 -7.06081e-05
-2.66238e+08 -7.05998e-05
-2.66207e+08 -7.05914e-05
-2.66175e+08 -7.0583e-05
-2.66144e+08 -7.05747e-05
-2.66112e+08 -7.05663e-05
-2.66081e+08 -7.05579e-05
-2.66049e+08 -7.05496e-05
-2.66017e+08 -7.05412e-05
-2.65986e+08 -7.05328e-05
-2.65954e+08 -7.05245e-05
-2.65923e+08 -7.05161e-05
-2.65891e+08 -7.05077e-05
-2.6586e+08 -7.04994e-05
-2.65828e+08 -7.0491e-05
-2.65797e+08 -7.04826e-05
-2.65765e+08 -7.04743e-05
-2.65733e+08 -7.04659e-05
-2.65702e+08 -7.04575e-05
-2.6567e+08 -7.04491e-05
-2.65639e+08 -7.04408e-05
-2.65607e+08 -7.04324e-05
-2.65576e+08 -7.04241e-05
-2.65544e+08 -7.04157e-05
-2.65513e+08 -7.04073e-05
-2.65481e+08 -7.03989e-05
-2.65449e+08 -7.03906e-05
-2.65418e+08 -7.03822e-05
-2.65386e+08 -7.03739e-05
-2.65355e+08 -7.03655e-05
-2.65323e+08 -7.03571e-05
-2.65292e+08 -7.03488e-05
-2.6526e+08 -7.03404e-05
-2.65229e+08 -7.0332e-05
-2.65197e+08 -7.03237e-05
-2.65166e+08 -7.03153e-05
-2.65134e+08 -7.03069e-05
-2.65102e+08 -7.02986e-05
-2.65071e+08 -7.02902e-05
-2.65039e+08 -7.02818e-05
-2.65008e+08 -7.02735e-05
-2.64976e+08 -7.02651e-05
-2.64945e+08 -7.02567e-05
-2.64913e+08 -7.02484e-05
-2.64882e+08 -7.024e-05
-2.6485e+08 -7.02316e-05
-2.64819e+08 -7.02233e-05
-2.64787e+08 -7.02149e-05
-2.64755e+08 -7.02065e-05
-2.64724e+08 -7.01982e-05
-2.64692e+08 -7.01898e-05
-2.64661e+08 -7.01815e-05
-2.64629e+08 -7.01731e-05
-2.64598e+08 -7.01647e-05
-2.64566e+08 -7.01564e-05
-2.64535e+08 -7.0148e-05
-2.64503e+08 -7.01396e-05
-2.64472e+08 -7.01313e-05
-2.6444e+08 -7.01229e-05
-2.64409e+08 -7.01145e-05
-2.64377e+08 -7.01062e-05
-2.64345e+08 -7.00978e-05
-2.64314e+08 -7.00895e-05
-2.64282e+08 -7.00811e-05
-2.64251e+08 -7.00727e-05
-2.64219e+08 -7.00644e-05
-2.64188e+08 -7.0056e-05
-2.64156e+08 -7.00476e-05
-2.64125e+08 -7.00393e-05
-2.64093e+08 -7.00309e-05
-2.64062e+08 -7.00226e-05
-2.6403e+08 -7.00142e-05
-2.63999e+08 -7.00058e-05
-2.63967e+08 -6.99975e-05
-2.63935e+08 -6.99891e-05
-2.63904e+08 -6.99807e-05
-2.63872e+08 -6.99724e-05
-2.63841e+08 -6.9964e-05
-2.63809e+08 -6.99557e-05
-2.63778e+08 -6.99473e-05
-2.63746e+08 -6.99389e-05
-2.63715e+08 -6.99306e-05
-2.63683e+08 -6.99222e-05
-2.63652e+08 -6.99139e-05
-2.6362e+08 -6.99055e-05
-2.63589e+08 -6.98971e-05
-2.63557e+08 -6.98888e-05
-2.63526e+08 -6.98804e-05
-2.63494e+08 -6.98721e-05
-2.63463e+08 -6.98637e-05
-2.63431e+08 -6.98553e-05
-2.63399e+08 -6.9847e-05
-2.63368e+08 -6.98386e-05
-2.63336e+08 -6.98303e-05
-2.63305e+08 -6.98219e-05
-2.63273e+08 -6.98135e-05
-2.63242e+08 -6.98052e-05
-2.6321e+08 -6.97968e-05
-2.63179e+08 -6.97885e-05
-2.63147e+08 -6.97801e-05
-2.63116e+08 -6.97718e-05
-2.63084e+08 -6.97634e-05
-2.63053e+08 -6.9755e-05
-2.63021e+08 -6.97467e-05
-2.6299e+08 -6.97383e-05
-2.62958e+08 -6.973e-05
-2.62927e+08 -6.97216e-05
-2.62895e+08 -6.97132e-05
-2.62864e+08 -6.97049e-05
-2.62832e+08 -6.96965e-05
-2.62801e+08 -6.96882e-05
-2.62769e+08 -6.96798e-05
-2.62738e+08 -6.96714e-05
-2.62706e+08 -6.96631e-05
-2.62675e+08 -6.96547e-05
-2.62643e+08 -6.96464e-05
-2.62611e+08 -6.9638e-05
-2.6258e+08 -6.96297e-05
-2.62548e+08 -6.96213e-05
-2.62517e+08 -6.96129e-05
-2.62485e+08 -6.96046e-05
-2.62454e+08 -6.95962e-05
-2.62422e+08 -6.95879e-05
-2.62391e+08 -6.95795e-05
-2.62359e+08 -6.95712e-05
-2.62328e+08 -6.95628e-05
-2.62296e+08 -6.95544e-05
-2.62265e+08 -6.95461e-05
-2.62233e+08 -6.95377e-05
-2.62202e+08 -6.95294e-05
-2.6217e+08 -6.9521e-05
-2.62139e+08 -6.95127e-05
-2.62107e+08 -6.95043e-05
-2.62076e+08 -6.9496e-05
-2.62044e+08 -6.94876e-05
-2.62013e+08 -6.94792e-05
-2.61981e+08 -6.94709e-05
-2.6195e+08 -6.94625e-05
-2.61918e+08 -6.94542e-05
-2.61887e+08 -6.94458e-05
-2.61855e+08 -6.94375e-05
-2.61824e+08 -6.94291e-05
-2.61792e+08 -6.94208e-05
-2.61761e+08 -6.94124e-05
-2.61729e+08 -6.94041e-05
-2.61698e+08 -6.93957e-05
-2.61666e+08 -6.93873e-05
-2.61635e+08 -6.9379e-05
-2.61603e+08 -6.93706e-05
-2.61572e+08 -6.93623e-05
-2.6154e+08 -6.93539e-05
-2.61509e+08 -6.93456e-05
-2.61477e+08 -6.93372e-05
-2.61446e+08 -6.93289e-05
-2.61414e+08 -6.93205e-05
-2.61383e+08 -6.93122e-05
-2.61351e+08 -6.93038e-05
-2.6132e+08 -6.92955e-05
-2.61288e+08 -6.92871e-05
-2.61257e+08 -6.92787e-05
-2.61225e+08 -6.92704e-05
-2.61194e+08 -6.9262e-05
-2.61162e+08 -6.92537e-05
-2.61131e+08 -6.92453e-05
-2.61099e+08 -6.9237e-05
-2.61068e+08 -6.92286e-05
-2.61036e+08 -6.92203e-05
-2.61005e+08 -6.92119e-05
-2.60973e+08 -6.92036e-05
-2.60942e+08 -6.91952e-05
-2.6091e+08 -6.91869e-05
-2.60879e+08 -6.91785e-05
-2.60847e+08 -6.91702e-05
-2.60816e+08 -6.91618e-05
-2.60784e+08 -6.91535e-05
-2.60753e+08 -6.91451e-05
-2.60721e+08 -6.91368e-05
-2.6069e+08 -6.91284e-05
-2.60658e+08 -6.91201e-05
-2.60627e+08 -6.91117e-05
-2.60595e+08 -6.91034e-05
-2.60564e+08 -6.9095e-05
-2.60532e+08 -6.90867e-05
-2.60501e+08 -6.90783e-05
-2.60469e+08 -6.907e-05
-2.60438e+08 -6.90616e-05
-2.60406e+08 -6.90533e-05
-2.60375e+08 -6.90449e-05
-2.60343e+08 -6.90366e-05
-2.60312e+08 -6.90282e-05
-2.6028e+08 -6.90199e-05
-2.60249e+08 -6.90115e-05
-2.60217e+08 -6.90032e-05
-2.60186e+08 -6.89948e-05
-2.60154e+08 -6.89865e-05
-2.60123e+08 -6.89781e-05
-2.60091e+08 -6.89698e-05
-2.6006e+08 -6.89614e-05
-2.60028e+08 -6.89531e-05
-2.59997e+08 -6.89447e-05
-2.59965e+08 -6.89364e-05
-2.59934e+08 -6.8928e-05
-2.59903e+08 -6.89197e-05
-2.59871e+08 -6.89113e-05
-2.5984e+08 -6.8903e-05
-2.59808e+08 -6.88946e-05
-2.59777e+08 -6.88863e-05
-2.59745e+08 -6.88779e-05
-2.59714e+08 -6.88696e-05
-2.59682e+08 -6.88612e-05
-2.59651e+08 -6.88529e-05
-2.59619e+08 -6.88445e-05
-2.59588e+08 -6.88362e-05
-2.59556e+08 -6.88278e-05
-2.59525e+08 -6.88195e-05
-2.59493e+08 -6.88112e-05
-2.59462e+08 -6.88028e-05
-2.5943e+08 -6.87945e-05
-2.59399e+08 -6.87861e-05
-2.59367e+08 -6.87778e-05
-2.59336e+08 -6.87694e-05
-2.59304e+08 -6.87611e-05
-2.59273e+08 -6.87527e-05
-2.59241e+08 -6.87444e-05
-2.5921e+08 -6.8736e-05
-2.59179e+08 -6.87277e-05
-2.59147e+08 -6.87193e-05
-2.59116e+08 -6.8711e-05
-2.59084e+08 -6.87026e-05
-2.59053e+08 -6.86943e-05
-2.59021e+08 -6.8686e-05
-2.5899e+08 -6.86776e-05
-2.58958e+08 -6.86693e-05
-2.58927e+08 -6.86609e-05
-2.58895e+08 -6.86526e-05
-2.58864e+08 -6.86442e-05
-2.58832e+08 -6.86359e-05
-2.58801e+08 -6.86275e-05
-2.58769e+08 -6.86192e-05
-2.58738e+08 -6.86109e-05
-2.58706e+08 -6.86025e-05
-2.58675e+08 -6.85942e-05
-2.58644e+08 -6.85858e-05
-2.58612e+08 -6.85775e-05
-2.58581e+08 -6.85691e-05
-2.58549e+08 -6.85608e-05
-2.58518e+08 -6.85524e-05
-2.58486e+08 -6.85441e-05
-2.58455e+08 -6.85358e-05
-2.58423e+08 -6.85274e-05
-2.58392e+08 -6.85191e-05
-2.5836e+08 -6.85107e-05
-2.58329e+08 -6.85024e-05
-2.58297e+08 -6.8494e-05
-2.58266e+08 -6.84857e-05
-2.58234e+08 -6.84774e-05
-2.58203e+08 -6.8469e-05
-2.58172e+08 -6.84607e-05
-2.5814e+08 -6.84523e-05
-2.58109e+08 -6.8444e-05
-2.58077e+08 -6.84356e-05
-2.58046e+08 -6.84273e-05
-2.58014e+08 -6.8419e-05
-2.57983e+08 -6.84106e-05
-2.57951e+08 -6.84023e-05
-2.5792e+08 -6.83939e-05
-2.57888e+08 -6.83856e-05
-2.57857e+08 -6.83772e-05
-2.57826e+08 -6.83689e-05
-2.57794e+08 -6.83606e-05
-2.57763e+08 -6.83522e-05
-2.57731e+08 -6.83439e-05
-2.577e+08 -6.83355e-05
-2.57668e+08 -6.83272e-05
-2.57637e+08 -6.83189e-05
-2.57605e+08 -6.83105e-05
-2.57574e+08 -6.83022e-05
-2.57542e+08 -6.82938e-05
-2.57511e+08 -6.82855e-05
-2.5748e+08 -6.82771e-05
-2.57448e+08 -6.82688e-05
-2.57417e+08 -6.82605e-05
-2.57385e+08 -6.82521e-05
-2.57354e+08 -6.82438e-05
-2.57322e+08 -6.82354e-05
-2.57291e+08 -6.82271e-05
-2.57259e+08 -6.82188e-05
-2.57228e+08 -6.82104e-05
-2.57196e+08 -6.82021e-05
-2.57165e+08 -6.81938e-05
-2.57134e+08 -6.81854e-05
-2.57102e+08 -6.81771e-05
-2.57071e+08 -6.81687e-05
-2.57039e+08 -6.81604e-05
-2.57008e+08 -6.81521e-05
-2.56976e+08 -6.81437e-05
-2.56945e+08 -6.81354e-05
-2.56913e+08 -6.8127e-05
-2.56882e+08 -6.81187e-05
-2.56851e+08 -6.81104e-05
-2.56819e+08 -6.8102e-05
-2.56788e+08 -6.80937e-05
-2.56756e+08 -6.80853e-05
-2.56725e+08 -6.8077e-05
-2.56693e+08 -6.80687e-05
-2.56662e+08 -6.80603e-05
-2.5663e+08 -6.8052e-05
-2.56599e+08 -6.80437e-05
-2.56568e+08 -6.80353e-05
-2.56536e+08 -6.8027e-05
-2.56505e+08 -6.80187e-05
-2.56473e+08 -6.80103e-05
-2.56442e+08 -6.8002e-05
-2.5641e+08 -6.79936e-05
-2.56379e+08 -6.79853e-05
-2.56347e+08 -6.7977e-05
-2.56316e+08 -6.79686e-05
-2.56285e+08 -6.79603e-05
-2.56253e+08 -6.7952e-05
-2.56222e+08 -6.79436e-05
-2.5619e+08 -6.79353e-05
-2.56159e+08 -6.79269e-05
-2.56127e+08 -6.79186e-05
-2.56096e+08 -6.79103e-05
-2.56065e+08 -6.79019e-05
-2.56033e+08 -6.78936e-05
-2.56002e+08 -6.78853e-05
-2.5597e+08 -6.78769e-05
-2.55939e+08 -6.78686e-05
-2.55907e+08 -6.78603e-05
-2.55876e+08 -6.78519e-05
-2.55845e+08 -6.78436e-05
-2.55813e+08 -6.78353e-05
-2.55782e+08 -6.78269e-05
-2.5575e+08 -6.78186e-05
-2.55719e+08 -6.78102e-05
-2.55687e+08 -6.78019e-05
-2.55656e+08 -6.77936e-05
-2.55625e+08 -6.77852e-05
-2.55593e+08 -6.77769e-05
-2.55562e+08 -6.77686e-05
-2.5553e+08 -6.77602e-05
-2.55499e+08 -6.77519e-05
-2.55467e+08 -6.77436e-05
-2.55436e+08 -6.77352e-05
-2.55404e+08 -6.77269e-05
-2.55373e+08 -6.77186e-05
-2.55342e+08 -6.77102e-05
-2.5531e+08 -6.77019e-05
-2.55279e+08 -6.76936e-05
-2.55247e+08 -6.76852e-05
-2.55216e+08 -6.76769e-05
-2.55185e+08 -6.76686e-05
-2.55153e+08 -6.76602e-05
-2.55122e+08 -6.76519e-05
-2.5509e+08 -6.76436e-05
-2.55059e+08 -6.76352e-05
-2.55027e+08 -6.76269e-05
-2.54996e+08 -6.76186e-05
-2.54965e+08 -6.76102e-05
-2.54933e+08 -6.76019e-05
-2.54902e+08 -6.75936e-05
-2.5487e+08 -6.75853e-05
-2.54839e+08 -6.75769e-05
-2.54807e+08 -6.75686e-05
-2.54776e+08 -6.75602e-05
-2.54745e+08 -6.75519e-05
-2.54713e+08 -6.75436e-05
-2.54682e+08 -6.75353e-05
-2.5465e+08 -6.75269e-05
-2.54619e+08 -6.75186e-05
-2.54588e+08 -6.75103e-05
-2.54556e+08 -6.75019e-05
-2.54525e+08 -6.74936e-05
-2.54493e+08 -6.74853e-05
-2.54462e+08 -6.74769e-05
-2.5443e+08 -6.74686e-05
-2.54399e+08 -6.74603e-05
-2.54368e+08 -6.7452e-05
-2.54336e+08 -6.74436e-05
-2.54305e+08 -6.74353e-05
-2.54273e+08 -6.7427e-05
-2.54242e+08 -6.74186e-05
-2.54211e+08 -6.74103e-05
-2.54179e+08 -6.7402e-05
-2.54148e+08 -6.73936e-05
-2.54116e+08 -6.73853e-05
-2.54085e+08 -6.7377e-05
-2.54053e+08 -6.73687e-05
-2.54022e+08 -6.73603e-05
-2.53991e+08 -6.7352e-05
-2.53959e+08 -6.73437e-05
-2.53928e+08 -6.73353e-05
-2.53896e+08 -6.7327e-05
-2.53865e+08 -6.73187e-05
-2.53834e+08 -6.73104e-05
-2.53802e+08 -6.7302e-05
-2.53771e+08 -6.72937e-05
-2.53739e+08 -6.72854e-05
-2.53708e+08 -6.7277e-05
-2.53677e+08 -6.72687e-05
-2.53645e+08 -6.72604e-05
-2.53614e+08 -6.72521e-05
-2.53582e+08 -6.72437e-05
-2.53551e+08 -6.72354e-05
-2.5352e+08 -6.72271e-05
-2.53488e+08 -6.72187e-05
-2.53457e+08 -6.72104e-05
-2.53425e+08 -6.72021e-05
-2.53394e+08 -6.71938e-05
-2.53363e+08 -6.71854e-05
-2.53331e+08 -6.71771e-05
-2.533e+08 -6.71688e-05
-2.53268e+08 -6.71605e-05
-2.53237e+08 -6.71521e-05
-2.53206e+08 -6.71438e-05
-2.53174e+08 -6.71355e-05
-2.53143e+08 -6.71272e-05
-2.53111e+08 -6.71188e-05
-2.5308e+08 -6.71105e-05
-2.53049e+08 -6.71022e-05
-2.53017e+08 -6.70938e-05
-2.52986e+08 -6.70855e-05
-2.52954e+08 -6.70772e-05
-2.52923e+08 -6.70689e-05
-2.52892e+08 -6.70605e-05
-2.5286e+08 -6.70522e-05
-2.52829e+08 -6.70439e-05
-2.52797e+08 -6.70356e-05
-2.52766e+08 -6.70272e-05
-2.52735e+08 -6.70189e-05
-2.52703e+08 -6.70106e-05
-2.52672e+08 -6.70023e-05
-2.5264e+08 -6.69939e-05
-2.52609e+08 -6.69856e-05
-2.52578e+08 -6.69773e-05
-2.52546e+08 -6.6969e-05
-2.52515e+08 -6.69606e-05
-2.52483e+08 -6.69523e-05
-2.52452e+08 -6.6944e-05
-2.52421e+08 -6.69357e-05
-2.52389e+08 -6.69273e-05
-2.52358e+08 -6.6919e-05
-2.52327e+08 -6.69107e-05
-2.52295e+08 -6.69024e-05
-2.52264e+08 -6.68941e-05
-2.52232e+08 -6.68857e-05
-2.52201e+08 -6.68774e-05
-2.5217e+08 -6.68691e-05
-2.52138e+08 -6.68608e-05
-2.52107e+08 -6.68524e-05
-2.52075e+08 -6.68441e-05
-2.52044e+08 -6.68358e-05
-2.52013e+08 -6.68275e-05
-2.51981e+08 -6.68191e-05
-2.5195e+08 -6.68108e-05
-2.51918e+08 -6.68025e-05
-2.51887e+08 -6.67942e-05
-2.51856e+08 -6.67859e-05
-2.51824e+08 -6.67775e-05
-2.51793e+08 -6.67692e-05
-2.51762e+08 -6.67609e-05
-2.5173e+08 -6.67526e-05
-2.51699e+08 -6.67443e-05
-2.51667e+08 -6.67359e-05
-2.51636e+08 -6.67276e-05
-2.51605e+08 -6.67193e-05
-2.51573e+08 -6.6711e-05
-2.51542e+08 -6.67026e-05
-2.51511e+08 -6.66943e-05
-2.51479e+08 -6.6686e-05
-2.51448e+08 -6.66777e-05
-2.51416e+08 -6.66694e-05
-2.51385e+08 -6.6661e-05
-2.51354e+08 -6.66527e-05
-2.51322e+08 -6.66444e-05
-2.51291e+08 -6.66361e-05
-2.5126e+08 -6.66278e-05
-2.51228e+08 -6.66194e-05
-2.51197e+08 -6.66111e-05
-2.51165e+08 -6.66028e-05
-2.51134e+08 -6.65945e-05
-2.51103e+08 -6.65862e-05
-2.51071e+08 -6.65778e-05
-2.5104e+08 -6.65695e-05
-2.51009e+08 -6.65612e-05
-2.50977e+08 -6.65529e-05
-2.50946e+08 -6.65446e-05
-2.50914e+08 -6.65362e-05
-2.50883e+08 -6.65279e-05
-2.50852e+08 -6.65196e-05
-2.5082e+08 -6.65113e-05
-2.50789e+08 -6.6503e-05
-2.50758e+08 -6.64947e-05
-2.50726e+08 -6.64863e-05
-2.50695e+08 -6.6478e-05
-2.50663e+08 -6.64697e-05
-2.50632e+08 -6.64614e-05
-2.50601e+08 -6.64531e-05
-2.50569e+08 -6.64447e-05
-2.50538e+08 -6.64364e-05
-2.50507e+08 -6.64281e-05
-2.50475e+08 -6.64198e-05
-2.50444e+08 -6.64115e-05
-2.50413e+08 -6.64032e-05
-2.50381e+08 -6.63948e-05
-2.5035e+08 -6.63865e-05
-2.50318e+08 -6.63782e-05
-2.50287e+08 -6.63699e-05
-2.50256e+08 -6.63616e-05
-2.50224e+08 -6.63533e-05
-2.50193e+08 -6.63449e-05
-2.50162e+08 -6.63366e-05
-2.5013e+08 -6.63283e-05
-2.50099e+08 -6.632e-05
-2.50068e+08 -6.63117e-05
-2.50036e+08 -6.63034e-05
-2.50005e+08 -6.6295e-05
-2.49973e+08 -6.62867e-05
-2.49942e+08 -6.62784e-05
-2.49911e+08 -6.62701e-05
-2.49879e+08 -6.62618e-05
-2.49848e+08 -6.62535e-05
-2.49817e+08 -6.62451e-05
-2.49785e+08 -6.62368e-05
-2.49754e+08 -6.62285e-05
-2.49723e+08 -6.62202e-05
-2.49691e+08 -6.62119e-05
-2.4966e+08 -6.62036e-05
-2.49628e+08 -6.61953e-05
-2.49597e+08 -6.61869e-05
-2.49566e+08 -6.61786e-05
-2.49534e+08 -6.61703e-05
-2.49503e+08 -6.6162e-05
-2.49472e+08 -6.61537e-05
-2.4944e+08 -6.61454e-05
-2.49409e+08 -6.61371e-05
-2.49378e+08 -6.61287e-05
-2.49346e+08 -6.61204e-05
-2.49315e+08 -6.61121e-05
-2.49284e+08 -6.61038e-05
-2.49252e+08 -6.60955e-05
-2.49221e+08 -6.60872e-05
-2.4919e+08 -6.60789e-05
-2.49158e+08 -6.60705e-05
-2.49127e+08 -6.60622e-05
-2.49095e+08 -6.60539e-05
-2.49064e+08 -6.60456e-05
-2.49033e+08 -6.60373e-05
-2.49001e+08 -6.6029e-05
-2.4897e+08 -6.60207e-05
-2.48939e+08 -6.60124e-05
-2.48907e+08 -6.6004e-05
-2.48876e+08 -6.59957e-05
-2.48845e+08 -6.59874e-05
-2.48813e+08 -6.59791e-05
-2.48782e+08 -6.59708e-05
-2.48751e+08 -6.59625e-05
-2.48719e+08 -6.59542e-05
-2.48688e+08 -6.59459e-05
-2.48657e+08 -6.59375e-05
-2.48625e+08 -6.59292e-05
-2.48594e+08 -6.59209e-05
-2.48563e+08 -6.59126e-05
-2.48531e+08 -6.59043e-05
-2.485e+08 -6.5896e-05
-2.48469e+08 -6.58877e-05
-2.48437e+08 -6.58794e-05
-2.48406e+08 -6.58711e-05
-2.48375e+08 -6.58627e-05
-2.48343e+08 -6.58544e-05
-2.48312e+08 -6.58461e-05
-2.48281e+08 -6.58378e-05
-2.48249e+08 -6.58295e-05
-2.48218e+08 -6.58212e-05
-2.48187e+08 -6.58129e-05
-2.48155e+08 -6.58046e-05
-2.48124e+08 -6.57963e-05
-2.48093e+08 -6.5788e-05
-2.48061e+08 -6.57796e-05
-2.4803e+08 -6.57713e-05
-2.47998e+08 -6.5763e-05
-2.47967e+08 -6.57547e-05
-2.47936e+08 -6.57464e-05
-2.47905e+08 -6.57381e-05
-2.47873e+08 -6.57298e-05
-2.47842e+08 -6.57215e-05
-2.47811e+08 -6.57132e-05
-2.47779e+08 -6.57049e-05
-2.47748e+08 -6.56966e-05
-2.47717e+08 -6.56882e-05
-2.47685e+08 -6.56799e-05
-2.47654e+08 -6.56716e-05
-2.47623e+08 -6.56633e-05
-2.47591e+08 -6.5655e-05
-2.4756e+08 -6.56467e-05
-2.47529e+08 -6.56384e-05
-2.47497e+08 -6.56301e-05
-2.47466e+08 -6.56218e-05
-2.47435e+08 -6.56135e-05
-2.47403e+08 -6.56052e-05
-2.47372e+08 -6.55969e-05
-2.47341e+08 -6.55886e-05
-2.47309e+08 -6.55802e-05
-2.47278e+08 -6.55719e-05
-2.47247e+08 -6.55636e-05
-2.47215e+08 -6.55553e-05
-2.47184e+08 -6.5547e-05
-2.47153e+08 -6.55387e-05
-2.47121e+08 -6.55304e-05
-2.4709e+08 -6.55221e-05
-2.47059e+08 -6.55138e-05
-2.47027e+08 -6.55055e-05
-2.46996e+08 -6.54972e-05
-2.46965e+08 -6.54889e-05
-2.46933e+08 -6.54806e-05
-2.46902e+08 -6.54723e-05
-2.46871e+08 -6.5464e-05
-2.46839e+08 -6.54556e-05
-2.46808e+08 -6.54473e-05
-2.46777e+08 -6.5439e-05
-2.46745e+08 -6.54307e-05
-2.46714e+08 -6.54224e-05
-2.46683e+08 -6.54141e-05
-2.46651e+08 -6.54058e-05
-2.4662e+08 -6.53975e-05
-2.46589e+08 -6.53892e-05
-2.46557e+08 -6.53809e-05
-2.46526e+08 -6.53726e-05
-2.46495e+08 -6.53643e-05
-2.46464e+08 -6.5356e-05
-2.46432e+08 -6.53477e-05
-2.46401e+08 -6.53394e-05
-2.4637e+08 -6.53311e-05
-2.46338e+08 -6.53228e-05
-2.46307e+08 -6.53145e-05
-2.46276e+08 -6.53062e-05
-2.46244e+08 -6.52979e-05
-2.46213e+08 -6.52896e-05
-2.46182e+08 -6.52812e-05
-2.4615e+08 -6.52729e-05
-2.46119e+08 -6.52646e-05
-2.46088e+08 -6.52563e-05
-2.46056e+08 -6.5248e-05
-2.46025e+08 -6.52397e-05
-2.45994e+08 -6.52314e-05
-2.45963e+08 -6.52231e-05
-2.45931e+08 -6.52148e-05
-2.459e+08 -6.52065e-05
-2.45869e+08 -6.51982e-05
-2.45837e+08 -6.51899e-05
-2.45806e+08 -6.51816e-05
-2.45775e+08 -6.51733e-05
-2.45743e+08 -6.5165e-05
-2.45712e+08 -6.51567e-05
-2.45681e+08 -6.51484e-05
-2.45649e+08 -6.51401e-05
-2.45618e+08 -6.51318e-05
-2.45587e+08 -6.51235e-05
-2.45556e+08 -6.51152e-05
-2.45524e+08 -6.51069e-05
-2.45493e+08 -6.50986e-05
-2.45462e+08 -6.50903e-05
-2.4543e+08 -6.5082e-05
-2.45399e+08 -6.50737e-05
-2.45368e+08 -6.50654e-05
-2.45336e+08 -6.50571e-05
-2.45305e+08 -6.50488e-05
-2.45274e+08 -6.50405e-05
-2.45242e+08 -6.50322e-05
-2.45211e+08 -6.50239e-05
-2.4518e+08 -6.50156e-05
-2.45149e+08 -6.50073e-05
-2.45117e+08 -6.4999e-05
-2.45086e+08 -6.49907e-05
-2.45055e+08 -6.49824e-05
-2.45023e+08 -6.49741e-05
-2.44992e+08 -6.49658e-05
-2.44961e+08 -6.49575e-05
-2.44929e+08 -6.49492e-05
-2.44898e+08 -6.49409e-05
-2.44867e+08 -6.49326e-05
-2.44836e+08 -6.49243e-05
-2.44804e+08 -6.4916e-05
-2.44773e+08 -6.49077e-05
-2.44742e+08 -6.48994e-05
-2.4471e+08 -6.48911e-05
-2.44679e+08 -6.48828e-05
-2.44648e+08 -6.48745e-05
-2.44617e+08 -6.48662e-05
-2.44585e+08 -6.48579e-05
-2.44554e+08 -6.48496e-05
-2.44523e+08 -6.48413e-05
-2.44491e+08 -6.4833e-05
-2.4446e+08 -6.48247e-05
-2.44429e+08 -6.48164e-05
-2.44397e+08 -6.48081e-05
-2.44366e+08 -6.47998e-05
-2.44335e+08 -6.47915e-05
-2.44304e+08 -6.47832e-05
-2.44272e+08 -6.47749e-05
-2.44241e+08 -6.47666e-05
-2.4421e+08 -6.47583e-05
-2.44178e+08 -6.475e-05
-2.44147e+08 -6.47417e-05
-2.44116e+08 -6.47334e-05
-2.44085e+08 -6.47252e-05
-2.44053e+08 -6.47169e-05
-2.44022e+08 -6.47086e-05
-2.43991e+08 -6.47003e-05
-2.43959e+08 -6.4692e-05
-2.43928e+08 -6.46837e-05
-2.43897e+08 -6.46754e-05
-2.43866e+08 -6.46671e-05
-2.43834e+08 -6.46588e-05
-2.43803e+08 -6.46505e-05
-2.43772e+08 -6.46422e-05
-2.4374e+08 -6.46339e-05
-2.43709e+08 -6.46256e-05
-2.43678e+08 -6.46173e-05
-2.43647e+08 -6.4609e-05
-2.43615e+08 -6.46007e-05
-2.43584e+08 -6.45924e-05
-2.43553e+08 -6.45841e-05
-2.43521e+08 -6.45758e-05
-2.4349e+08 -6.45675e-05
-2.43459e+08 -6.45592e-05
-2.43428e+08 -6.45509e-05
-2.43396e+08 -6.45427e-05
-2.43365e+08 -6.45344e-05
-2.43334e+08 -6.45261e-05
-2.43303e+08 -6.45178e-05
-2.43271e+08 -6.45095e-05
-2.4324e+08 -6.45012e-05
-2.43209e+08 -6.44929e-05
-2.43177e+08 -6.44846e-05
-2.43146e+08 -6.44763e-05
-2.43115e+08 -6.4468e-05
-2.43084e+08 -6.44597e-05
-2.43052e+08 -6.44514e-05
-2.43021e+08 -6.44431e-05
-2.4299e+08 -6.44348e-05
-2.42959e+08 -6.44265e-05
-2.42927e+08 -6.44182e-05
-2.42896e+08 -6.441e-05
-2.42865e+08 -6.44017e-05
-2.42833e+08 -6.43934e-05
-2.42802e+08 -6.43851e-05
-2.42771e+08 -6.43768e-05
-2.4274e+08 -6.43685e-05
-2.42708e+08 -6.43602e-05
-2.42677e+08 -6.43519e-05
-2.42646e+08 -6.43436e-05
-2.42615e+08 -6.43353e-05
-2.42583e+08 -6.4327e-05
-2.42552e+08 -6.43187e-05
-2.42521e+08 -6.43104e-05
-2.42489e+08 -6.43022e-05
-2.42458e+08 -6.42939e-05
-2.42427e+08 -6.42856e-05
-2.42396e+08 -6.42773e-05
-2.42364e+08 -6.4269e-05
-2.42333e+08 -6.42607e-05
-2.42302e+08 -6.42524e-05
-2.42271e+08 -6.42441e-05
-2.42239e+08 -6.42358e-05
-2.42208e+08 -6.42275e-05
-2.42177e+08 -6.42192e-05
-2.42146e+08 -6.4211e-05
-2.42114e+08 -6.42027e-05
-2.42083e+08 -6.41944e-05
-2.42052e+08 -6.41861e-05
-2.4202e+08 -6.41778e-05
-2.41989e+08 -6.41695e-05
-2.41958e+08 -6.41612e-05
-2.41927e+08 -6.41529e-05
-2.41895e+08 -6.41446e-05
-2.41864e+08 -6.41364e-05
-2.41833e+08 -6.41281e-05
-2.41802e+08 -6.41198e-05
-2.4177e+08 -6.41115e-05
-2.41739e+08 -6.41032e-05
-2.41708e+08 -6.40949e-05
-2.41677e+08 -6.40866e-05
-2.41645e+08 -6.40783e-05
-2.41614e+08 -6.407e-05
-2.41583e+08 -6.40618e-05
-2.41552e+08 -6.40535e-05
-2.4152e+08 -6.40452e-05
-2.41489e+08 -6.40369e-05
-2.41458e+08 -6.40286e-05
-2.41427e+08 -6.40203e-05
-2.41395e+08 -6.4012e-05
-2.41364e+08 -6.40037e-05
-2.41333e+08 -6.39955e-05
-2.4127e+08 -6.39788e-05
-2.41125e+08 -6.39403e-05
-2.4098e+08 -6.39018e-05
-2.40835e+08 -6.38633e-05
-2.40689e+08 -6.38248e-05
-2.40544e+08 -6.37863e-05
-2.40399e+08 -6.37478e-05
-2.40254e+08 -6.37093e-05
-2.40109e+08 -6.36708e-05
-2.39964e+08 -6.36324e-05
-2.39818e+08 -6.35939e-05
-2.39673e+08 -6.35554e-05
-2.39528e+08 -6.35169e-05
-2.39383e+08 -6.34784e-05
-2.39238e+08 -6.34399e-05
-2.39093e+08 -6.34014e-05
-2.38947e+08 -6.33629e-05
-2.38802e+08 -6.33244e-05
-2.38657e+08 -6.32859e-05
-2.38512e+08 -6.32475e-05
-2.38367e+08 -6.3209e-05
-2.38222e+08 -6.31705e-05
-2.38077e+08 -6.3132e-05
-2.37932e+08 -6.30935e-05
-2.37786e+08 -6.3055e-05
-2.37641e+08 -6.30165e-05
-2.37496e+08 -6.29781e-05
-2.37351e+08 -6.29396e-05
-2.37206e+08 -6.29011e-05
-2.37061e+08 -6.28626e-05
-2.36916e+08 -6.28241e-05
-2.3677e+08 -6.27856e-05
-2.36625e+08 -6.27471e-05
-2.3648e+08 -6.27087e-05
-2.36335e+08 -6.26702e-05
-2.3619e+08 -6.26317e-05
-2.36045e+08 -6.25932e-05
-2.359e+08 -6.25547e-05
-2.35755e+08 -6.25163e-05
-2.3561e+08 -6.24778e-05
-2.35464e+08 -6.24393e-05
-2.35319e+08 -6.24008e-05
-2.35174e+08 -6.23623e-05
-2.35029e+08 -6.23239e-05
-2.34884e+08 -6.22854e-05
-2.34739e+08 -6.22469e-05
-2.34594e+08 -6.22084e-05
-2.34449e+08 -6.217e-05
-2.34304e+08 -6.21315e-05
-2.34158e+08 -6.2093e-05
-2.34013e+08 -6.20545e-05
-2.33868e+08 -6.2016e-05
-2.33723e+08 -6.19776e-05
-2.33578e+08 -6.19391e-05
-2.33433e+08 -6.19006e-05
-2.33288e+08 -6.18621e-05
-2.33143e+08 -6.18237e-05
-2.32998e+08 -6.17852e-05
-2.32853e+08 -6.17467e-05
-2.32708e+08 -6.17083e-05
-2.32563e+08 -6.16698e-05
-2.32417e+08 -6.16313e-05
-2.32272e+08 -6.15928e-05
-2.32127e+08 -6.15544e-05
-2.31938e+08 -6.15041e-05
-2.31743e+08 -6.14526e-05
-2.31549e+08 -6.14011e-05
-2.31355e+08 -6.13495e-05
-2.3116e+08 -6.1298e-05
-2.30966e+08 -6.12464e-05
-2.30772e+08 -6.11949e-05
-2.30577e+08 -6.11433e-05
-2.30383e+08 -6.10918e-05
-2.30189e+08 -6.10403e-05
-2.29994e+08 -6.09887e-05
-2.298e+08 -6.09372e-05
-2.29605e+08 -6.08856e-05
-2.29411e+08 -6.08341e-05
-2.29217e+08 -6.07826e-05
-2.29022e+08 -6.0731e-05
-2.28828e+08 -6.06795e-05
-2.28634e+08 -6.0628e-05
-2.28439e+08 -6.05764e-05
-2.28245e+08 -6.05249e-05
-2.28051e+08 -6.04733e-05
-2.27856e+08 -6.04218e-05
-2.27662e+08 -6.03703e-05
-2.27468e+08 -6.03187e-05
-2.27273e+08 -6.02672e-05
-2.27079e+08 -6.02157e-05
-2.26885e+08 -6.01641e-05
-2.2669e+08 -6.01126e-05
-2.26496e+08 -6.00611e-05
-2.26302e+08 -6.00095e-05
-2.26107e+08 -5.9958e-05
-2.25913e+08 -5.99065e-05
-2.25718e+08 -5.98549e-05
-2.25524e+08 -5.98034e-05
-2.2533e+08 -5.97519e-05
-2.25135e+08 -5.97003e-05
-2.24941e+08 -5.96488e-05
-2.24747e+08 -5.95973e-05
-2.24552e+08 -5.95457e-05
-2.24358e+08 -5.94942e-05
-2.24164e+08 -5.94427e-05
-2.2397e+08 -5.93911e-05
-2.23775e+08 -5.93396e-05
-2.23581e+08 -5.92881e-05
-2.23387e+08 -5.92365e-05
-2.23192e+08 -5.9185e-05
-2.22998e+08 -5.91335e-05
-2.22804e+08 -5.90819e-05
-2.22609e+08 -5.90304e-05
-2.22415e+08 -5.89789e-05
-2.22221e+08 -5.89274e-05
-2.22026e+08 -5.88758e-05
-2.21832e+08 -5.88243e-05
-2.21638e+08 -5.87728e-05
-2.21443e+08 -5.87213e-05
-2.21249e+08 -5.86697e-05
-2.21055e+08 -5.86182e-05
-2.2086e+08 -5.85667e-05
-2.20666e+08 -5.85152e-05
-2.20472e+08 -5.84636e-05
-2.20277e+08 -5.84121e-05
-2.20083e+08 -5.83606e-05
-2.19889e+08 -5.83091e-05
-2.19695e+08 -5.82575e-05
-2.195e+08 -5.8206e-05
-2.19306e+08 -5.81545e-05
-2.19112e+08 -5.81029e-05
-2.18917e+08 -5.80514e-05
-2.18723e+08 -5.79999e-05
-2.18529e+08 -5.79484e-05
-2.18334e+08 -5.78969e-05
-2.1814e+08 -5.78453e-05
-2.17946e+08 -5.77938e-05
-2.17752e+08 -5.77423e-05
-2.17557e+08 -5.76908e-05
-2.17363e+08 -5.76393e-05
-2.17169e+08 -5.75877e-05
-2.16974e+08 -5.75362e-05
-2.1678e+08 -5.74847e-05
-2.16586e+08 -5.74332e-05
-2.16392e+08 -5.73817e-05
-2.16197e+08 -5.73301e-05
-2.16003e+08 -5.72786e-05
-2.15809e+08 -5.72271e-05
-2.15614e+08 -5.71756e-05
-2.1542e+08 -5.71241e-05
-2.15226e+08 -5.70725e-05
-2.15032e+08 -5.7021e-05
-2.14837e+08 -5.69695e-05
-2.14643e+08 -5.6918e-05
-2.14449e+08 -5.68665e-05
-2.14255e+08 -5.6815e-05
-2.1406e+08 -5.67634e-05
-2.13866e+08 -5.67119e-05
-2.13672e+08 -5.66604e-05
-2.13477e+08 -5.66089e-05
-2.13283e+08 -5.65574e-05
-2.13089e+08 -5.65059e-05
-2.12895e+08 -5.64544e-05
-2.127e+08 -5.64028e-05
-2.12506e+08 -5.63513e-05
-2.12312e+08 -5.62998e-05
-2.12118e+08 -5.62483e-05
-2.11923e+08 -5.61968e-05
-2.11729e+08 -5.61453e-05
-2.11535e+08 -5.60938e-05
-2.11341e+08 -5.60423e-05
-2.11146e+08 -5.59907e-05
-2.10952e+08 -5.59392e-05
-2.10758e+08 -5.58877e-05
-2.10564e+08 -5.58362e-05
-2.10369e+08 -5.57847e-05
-2.10175e+08 -5.57332e-05
-2.09981e+08 -5.56817e-05
-2.09787e+08 -5.56302e-05
-2.09592e+08 -5.55787e-05
-2.09398e+08 -5.55272e-05
-2.09204e+08 -5.54756e-05
-2.0901e+08 -5.54241e-05
-2.08815e+08 -5.53726e-05
-2.08621e+08 -5.53211e-05
-2.08427e+08 -5.52696e-05
-2.08233e+08 -5.52181e-05
-2.08038e+08 -5.51666e-05
-2.07844e+08 -5.51151e-05
-2.0765e+08 -5.50636e-05
-2.07456e+08 -5.50121e-05
-2.07261e+08 -5.49606e-05
-2.07067e+08 -5.49091e-05
-2.06873e+08 -5.48576e-05
-2.06679e+08 -5.48061e-05
-2.06485e+08 -5.47546e-05
-2.0629e+08 -5.47031e-05
-2.06096e+08 -5.46516e-05
-2.05902e+08 -5.46001e-05
-2.05708e+08 -5.45485e-05
-2.05513e+08 -5.44971e-05
-2.05319e+08 -5.44455e-05
-2.05125e+08 -5.4394e-05
-2.04931e+08 -5.43425e-05
-2.04737e+08 -5.4291e-05
-2.04542e+08 -5.42395e-05
-2.04348e+08 -5.4188e-05
-2.04154e+08 -5.41365e-05
-2.0396e+08 -5.4085e-05
-2.03766e+08 -5.40335e-05
-2.03571e+08 -5.3982e-05
-2.03377e+08 -5.39305e-05
-2.03183e+08 -5.3879e-05
-2.02989e+08 -5.38275e-05
-2.02794e+08 -5.3776e-05
-2.026e+08 -5.37245e-05
-2.02406e+08 -5.3673e-05
-2.02212e+08 -5.36215e-05
-2.02018e+08 -5.357e-05
-2.01823e+08 -5.35186e-05
-2.01629e+08 -5.34671e-05
-2.01435e+08 -5.34156e-05
-2.01241e+08 -5.33641e-05
-2.01047e+08 -5.33126e-05
-2.00852e+08 -5.32611e-05
-2.00658e+08 -5.32096e-05
-2.00464e+08 -5.31581e-05
-2.0027e+08 -5.31066e-05
-2.00076e+08 -5.30551e-05
-1.99881e+08 -5.30036e-05
-1.99687e+08 -5.29521e-05
-1.99493e+08 -5.29006e-05
-1.99299e+08 -5.28491e-05
-1.99105e+08 -5.27976e-05
-1.98911e+08 -5.27461e-05
-1.98716e+08 -5.26946e-05
-1.98522e+08 -5.26431e-05
-1.98328e+08 -5.25917e-05
-1.98134e+08 -5.25402e-05
-1.9794e+08 -5.24887e-05
-1.97746e+08 -5.24372e-05
-1.97551e+08 -5.23857e-05
-1.97357e+08 -5.23342e-05
-1.97163e+08 -5.22827e-05
-1.96969e+08 -5.22312e-05
-1.96775e+08 -5.21797e-05
-1.9658e+08 -5.21282e-05
-1.96386e+08 -5.20768e-05
-1.96192e+08 -5.20253e-05
-1.95998e+08 -5.19738e-05
-1.95804e+08 -5.19223e-05
-1.9561e+08 -5.18708e-05
-1.95415e+08 -5.18193e-05
-1.95221e+08 -5.17678e-05
-1.95027e+08 -5.17163e-05
-1.94833e+08 -5.16648e-05
-1.94639e+08 -5.16134e-05
-1.94445e+08 -5.15619e-05
-1.9425e+08 -5.15104e-05
-1.94056e+08 -5.14589e-05
-1.93862e+08 -5.14074e-05
-1.93668e+08 -5.13559e-05
-1.93474e+08 -5.13045e-05
-1.9328e+08 -5.1253e-05
-1.93086e+08 -5.12015e-05
-1.92891e+08 -5.115e-05
-1.92697e+08 -5.10985e-05
-1.92503e+08 -5.1047e-05
-1.92309e+08 -5.09956e-05
-1.92115e+08 -5.09441e-05
-1.91921e+08 -5.08926e-05
-1.91727e+08 -5.08411e-05
-1.91532e+08 -5.07896e-05
-1.91338e+08 -5.07381e-05
-1.91144e+08 -5.06867e-05
-1.9095e+08 -5.06352e-05
-1.90756e+08 -5.05837e-05
-1.90562e+08 -5.05322e-05
-1.90368e+08 -5.04807e-05
-1.90173e+08 -5.04293e-05
-1.89979e+08 -5.03778e-05
-1.89785e+08 -5.03263e-05
-1.89591e+08 -5.02748e-05
-1.89397e+08 -5.02233e-05
-1.89203e+08 -5.01719e-05
-1.89009e+08 -5.01204e-05
-1.88815e+08 -5.00689e-05
-1.8862e+08 -5.00174e-05
-1.88426e+08 -4.9966e-05
-1.88232e+08 -4.99145e-05
-1.88038e+08 -4.9863e-05
-1.87844e+08 -4.98115e-05
-1.8765e+08 -4.97601e-05
-1.87456e+08 -4.97086e-05
-1.87262e+08 -4.96571e-05
-1.87067e+08 -4.96056e-05
-1.86873e+08 -4.95542e-05
-1.86679e+08 -4.95027e-05
-1.86485e+08 -4.94512e-05
-1.86291e+08 -4.93997e-05
-1.86097e+08 -4.93483e-05
-1.85903e+08 -4.92968e-05
-1.85709e+08 -4.92453e-05
-1.85515e+08 -4.91938e-05
-1.8532e+08 -4.91424e-05
-1.85126e+08 -4.90909e-05
-1.84932e+08 -4.90394e-05
-1.84738e+08 -4.8988e-05
-1.84544e+08 -4.89365e-05
-1.8435e+08 -4.8885e-05
-1.84156e+08 -4.88335e-05
-1.83962e+08 -4.87821e-05
-1.83768e+08 -4.87306e-05
-1.83574e+08 -4.86791e-05
-1.83379e+08 -4.86277e-05
-1.83185e+08 -4.85762e-05
-1.82991e+08 -4.85247e-05
-1.82797e+08 -4.84733e-05
-1.82603e+08 -4.84218e-05
-1.82409e+08 -4.83703e-05
-1.82215e+08 -4.83189e-05
-1.82021e+08 -4.82674e-05
-1.81827e+08 -4.82159e-05
-1.81633e+08 -4.81645e-05
-1.81439e+08 -4.8113e-05
-1.81245e+08 -4.80615e-05
-1.8105e+08 -4.80101e-05
-1.80856e+08 -4.79586e-05
-1.80662e+08 -4.79071e-05
-1.80468e+08 -4.78557e-05
-1.80274e+08 -4.78042e-05
-1.8008e+08 -4.77527e-05
-1.79886e+08 -4.77013e-05
-1.79692e+08 -4.76498e-05
-1.79498e+08 -4.75983e-05
-1.79304e+08 -4.75469e-05
-1.7911e+08 -4.74954e-05
-1.78916e+08 -4.7444e-05
-1.78722e+08 -4.73925e-05
-1.78528e+08 -4.7341e-05
-1.78333e+08 -4.72896e-05
-1.78139e+08 -4.72381e-05
-1.77945e+08 -4.71867e-05
-1.77751e+08 -4.71352e-05
-1.77557e+08 -4.70837e-05
-1.77363e+08 -4.70323e-05
-1.77169e+08 -4.69808e-05
-1.76975e+08 -4.69294e-05
-1.76781e+08 -4.68779e-05
-1.76587e+08 -4.68264e-05
-1.76393e+08 -4.6775e-05
-1.76199e+08 -4.67235e-05
-1.76005e+08 -4.66721e-05
-1.75811e+08 -4.66206e-05
-1.75617e+08 -4.65691e-05
-1.75423e+08 -4.65177e-05
-1.75229e+08 -4.64662e-05
-1.75034e+08 -4.64148e-05
-1.7484e+08 -4.63633e-05
-1.74646e+08 -4.63119e-05
-1.74452e+08 -4.62604e-05
-1.74258e+08 -4.6209e-05
-1.74064e+08 -4.61575e-05
-1.7387e+08 -4.61061e-05
-1.73676e+08 -4.60546e-05
-1.73482e+08 -4.60031e-05
-1.73288e+08 -4.59517e-05
-1.73094e+08 -4.59002e-05
-1.729e+08 -4.58488e-05
-1.72706e+08 -4.57973e-05
-1.72512e+08 -4.57459e-05
-1.72318e+08 -4.56944e-05
-1.72124e+08 -4.5643e-05
-1.7193e+08 -4.55915e-05
-1.71736e+08 -4.55401e-05
-1.71542e+08 -4.54886e-05
-1.71348e+08 -4.54372e-05
-1.71154e+08 -4.53857e-05
-1.7096e+08 -4.53343e-05
-1.70766e+08 -4.52828e-05
-1.70572e+08 -4.52314e-05
-1.70378e+08 -4.51799e-05
-1.70184e+08 -4.51285e-05
-1.6999e+08 -4.5077e-05
-1.69796e+08 -4.50256e-05
-1.69602e+08 -4.49741e-05
-1.69408e+08 -4.49227e-05
-1.69214e+08 -4.48712e-05
-1.6902e+08 -4.48198e-05
-1.68826e+08 -4.47683e-05
-1.68632e+08 -4.47169e-05
-1.68438e+08 -4.46654e-05
-1.68244e+08 -4.4614e-05
-1.6805e+08 -4.45625e-05
-1.67856e+08 -4.45111e-05
-1.67662e+08 -4.44597e-05
-1.67468e+08 -4.44082e-05
-1.67274e+08 -4.43568e-05
-1.6708e+08 -4.43053e-05
-1.66886e+08 -4.42539e-05
-1.66692e+08 -4.42024e-05
-1.66498e+08 -4.4151e-05
-1.66304e+08 -4.40996e-05
-1.6611e+08 -4.40481e-05
-1.65916e+08 -4.39967e-05
-1.65722e+08 -4.39452e-05
-1.65528e+08 -4.38938e-05
-1.65334e+08 -4.38423e-05
-1.6514e+08 -4.37909e-05
-1.64946e+08 -4.37395e-05
-1.64752e+08 -4.3688e-05
-1.64558e+08 -4.36366e-05
-1.64364e+08 -4.35851e-05
-1.6417e+08 -4.35337e-05
-1.63976e+08 -4.34823e-05
-1.63782e+08 -4.34308e-05
-1.63588e+08 -4.33794e-05
-1.63394e+08 -4.33279e-05
-1.632e+08 -4.32765e-05
-1.63006e+08 -4.32251e-05
-1.62812e+08 -4.31736e-05
-1.62618e+08 -4.31222e-05
-1.62424e+08 -4.30708e-05
-1.6223e+08 -4.30193e-05
-1.62036e+08 -4.29679e-05
-1.61842e+08 -4.29164e-05
-1.61648e+08 -4.2865e-05
-1.61454e+08 -4.28136e-05
-1.6126e+08 -4.27621e-05
-1.61066e+08 -4.27107e-05
-1.60872e+08 -4.26593e-05
-1.60678e+08 -4.26078e-05
-1.60484e+08 -4.25564e-05
-1.6029e+08 -4.2505e-05
-1.60096e+08 -4.24535e-05
-1.59902e+08 -4.24021e-05
-1.59708e+08 -4.23507e-05
-1.59514e+08 -4.22992e-05
-1.5932e+08 -4.22478e-05
-1.59126e+08 -4.21964e-05
-1.58933e+08 -4.21449e-05
-1.58739e+08 -4.20935e-05
-1.58545e+08 -4.20421e-05
-1.58351e+08 -4.19906e-05
-1.58157e+08 -4.19392e-05
-1.57963e+08 -4.18878e-05
-1.57769e+08 -4.18364e-05
-1.57575e+08 -4.17849e-05
-1.57381e+08 -4.17335e-05
-1.57187e+08 -4.16821e-05
-1.56993e+08 -4.16306e-05
-1.56799e+08 -4.15792e-05
-1.56605e+08 -4.15278e-05
-1.56411e+08 -4.14764e-05
-1.56217e+08 -4.14249e-05
-1.56023e+08 -4.13735e-05
-1.55829e+08 -4.13221e-05
-1.55635e+08 -4.12706e-05
-1.55442e+08 -4.12192e-05
-1.55248e+08 -4.11678e-05
-1.55054e+08 -4.11164e-05
-1.5486e+08 -4.10649e-05
-1.54666e+08 -4.10135e-05
-1.54472e+08 -4.09621e-05
-1.54278e+08 -4.09107e-05
-1.54084e+08 -4.08592e-05
-1.5389e+08 -4.08078e-05
-1.53696e+08 -4.07564e-05
-1.53502e+08 -4.0705e-05
-1.53308e+08 -4.06535e-05
-1.53114e+08 -4.06021e-05
-1.5292e+08 -4.05507e-05
-1.52727e+08 -4.04993e-05
-1.52533e+08 -4.04479e-05
-1.52339e+08 -4.03964e-05
-1.52145e+08 -4.0345e-05
-1.51951e+08 -4.02936e-05
-1.51757e+08 -4.02422e-05
-1.51563e+08 -4.01908e-05
-1.51369e+08 -4.01393e-05
-1.51175e+08 -4.00879e-05
-1.50981e+08 -4.00365e-05
-1.50787e+08 -3.99851e-05
-1.50594e+08 -3.99337e-05
-1.504e+08 -3.98822e-05
-1.50206e+08 -3.98308e-05
-1.50012e+08 -3.97794e-05
-1.49818e+08 -3.9728e-05
-1.49624e+08 -3.96766e-05
-1.4943e+08 -3.96251e-05
-1.49236e+08 -3.95737e-05
-1.49042e+08 -3.95223e-05
-1.48848e+08 -3.94709e-05
-1.48655e+08 -3.94195e-05
-1.48461e+08 -3.93681e-05
-1.48267e+08 -3.93166e-05
-1.48073e+08 -3.92652e-05
-1.47879e+08 -3.92138e-05
-1.47685e+08 -3.91624e-05
-1.47491e+08 -3.9111e-05
-1.47297e+08 -3.90596e-05
-1.47103e+08 -3.90082e-05
-1.4691e+08 -3.89567e-05
-1.46716e+08 -3.89053e-05
-1.46522e+08 -3.88539e-05
-1.46328e+08 -3.88025e-05
-1.46134e+08 -3.87511e-05
-1.4594e+08 -3.86997e-05
-1.45746e+08 -3.86483e-05
-1.45552e+08 -3.85969e-05
-1.45358e+08 -3.85454e-05
-1.45165e+08 -3.8494e-05
-1.44971e+08 -3.84426e-05
-1.44777e+08 -3.83912e-05
-1.44583e+08 -3.83398e-05
-1.44389e+08 -3.82884e-05
-1.44195e+08 -3.8237e-05
-1.44001e+08 -3.81856e-05
-1.43808e+08 -3.81342e-05
-1.43614e+08 -3.80828e-05
-1.4342e+08 -3.80314e-05
-1.43226e+08 -3.79799e-05
-1.43032e+08 -3.79285e-05
-1.42838e+08 -3.78771e-05
-1.42644e+08 -3.78257e-05
-1.4245e+08 -3.77743e-05
-1.42257e+08 -3.77229e-05
-1.42063e+08 -3.76715e-05
-1.41869e+08 -3.76201e-05
-1.41675e+08 -3.75687e-05
-1.41481e+08 -3.75173e-05
-1.41287e+08 -3.74659e-05
-1.41093e+08 -3.74145e-05
-1.409e+08 -3.73631e-05
-1.40706e+08 -3.73117e-05
-1.40512e+08 -3.72603e-05
-1.40318e+08 -3.72089e-05
-1.40124e+08 -3.71575e-05
-1.3993e+08 -3.71061e-05
-1.39737e+08 -3.70547e-05
-1.39543e+08 -3.70033e-05
-1.39349e+08 -3.69519e-05
-1.39155e+08 -3.69005e-05
-1.38961e+08 -3.6849e-05
-1.38767e+08 -3.67977e-05
-1.38574e+08 -3.67462e-05
-1.3838e+08 -3.66948e-05
-1.38186e+08 -3.66435e-05
-1.37992e+08 -3.6592e-05
-1.37798e+08 -3.65406e-05
-1.37604e+08 -3.64892e-05
-1.37411e+08 -3.64379e-05
-1.37217e+08 -3.63865e-05
-1.37023e+08 -3.63351e-05
-1.36829e+08 -3.62837e-05
-1.36635e+08 -3.62323e-05
-1.36441e+08 -3.61809e-05
-1.36248e+08 -3.61295e-05
-1.36054e+08 -3.60781e-05
-1.3586e+08 -3.60267e-05
-1.35666e+08 -3.59753e-05
-1.35472e+08 -3.59239e-05
-1.35278e+08 -3.58725e-05
-1.35085e+08 -3.58211e-05
-1.34891e+08 -3.57697e-05
-1.34697e+08 -3.57183e-05
-1.34503e+08 -3.56669e-05
-1.34309e+08 -3.56155e-05
-1.34116e+08 -3.55641e-05
-1.33922e+08 -3.55127e-05
-1.33728e+08 -3.54613e-05
-1.33534e+08 -3.54099e-05
-1.3334e+08 -3.53585e-05
-1.33147e+08 -3.53071e-05
-1.32953e+08 -3.52558e-05
-1.32759e+08 -3.52044e-05
-1.32565e+08 -3.5153e-05
-1.32371e+08 -3.51016e-05
-1.32178e+08 -3.50502e-05
-1.31984e+08 -3.49988e-05
-1.3179e+08 -3.49474e-05
-1.31596e+08 -3.4896e-05
-1.31402e+08 -3.48446e-05
-1.31209e+08 -3.47932e-05
-1.31015e+08 -3.47418e-05
-1.30821e+08 -3.46905e-05
-1.30627e+08 -3.46391e-05
-1.30433e+08 -3.45877e-05
-1.3024e+08 -3.45363e-05
-1.30046e+08 -3.44849e-05
-1.29852e+08 -3.44335e-05
-1.29658e+08 -3.43821e-05
-1.29464e+08 -3.43307e-05
-1.29271e+08 -3.42794e-05
-1.29077e+08 -3.4228e-05
-1.28883e+08 -3.41766e-05
-1.28689e+08 -3.41252e-05
-1.28496e+08 -3.40738e-05
-1.28302e+08 -3.40224e-05
-1.28108e+08 -3.39711e-05
-1.27914e+08 -3.39197e-05
-1.2772e+08 -3.38683e-05
-1.27527e+08 -3.38169e-05
-1.27333e+08 -3.37655e-05
-1.27139e+08 -3.37141e-05
-1.26945e+08 -3.36627e-05
-1.26752e+08 -3.36114e-05
-1.26558e+08 -3.356e-05
-1.26364e+08 -3.35086e-05
-1.2617e+08 -3.34572e-05
-1.25977e+08 -3.34058e-05
-1.25783e+08 -3.33544e-05
-1.25589e+08 -3.33031e-05
-1.25395e+08 -3.32517e-05
-1.25201e+08 -3.32003e-05
-1.25008e+08 -3.31489e-05
-1.24814e+08 -3.30976e-05
-1.2462e+08 -3.30462e-05
-1.24426e+08 -3.29948e-05
-1.24233e+08 -3.29434e-05
-1.24039e+08 -3.2892e-05
-1.23845e+08 -3.28407e-05
-1.23651e+08 -3.27893e-05
-1.23458e+08 -3.27379e-05
-1.23264e+08 -3.26865e-05
-1.2307e+08 -3.26352e-05
-1.22876e+08 -3.25838e-05
-1.22683e+08 -3.25324e-05
-1.22489e+08 -3.2481e-05
-1.22295e+08 -3.24296e-05
-1.22101e+08 -3.23783e-05
-1.21908e+08 -3.23269e-05
-1.21714e+08 -3.22755e-05
-1.2152e+08 -3.22241e-05
-1.21327e+08 -3.21728e-05
-1.21133e+08 -3.21214e-05
-1.20939e+08 -3.207e-05
-1.20745e+08 -3.20186e-05
-1.20552e+08 -3.19673e-05
-1.20358e+08 -3.19159e-05
-1.20164e+08 -3.18645e-05
-1.1997e+08 -3.18132e-05
-1.19777e+08 -3.17618e-05
-1.19583e+08 -3.17104e-05
-1.19389e+08 -3.1659e-05
-1.19195e+08 -3.16077e-05
-1.19002e+08 -3.15563e-05
-1.18808e+08 -3.15049e-05
-1.18614e+08 -3.14536e-05
-1.18421e+08 -3.14022e-05
-1.18227e+08 -3.13508e-05
-1.18033e+08 -3.12995e-05
-1.17839e+08 -3.12481e-05
-1.17646e+08 -3.11967e-05
-1.17452e+08 -3.11453e-05
-1.17258e+08 -3.1094e-05
-1.17065e+08 -3.10426e-05
-1.16871e+08 -3.09912e-05
-1.16677e+08 -3.09399e-05
-1.16483e+08 -3.08885e-05
-1.1629e+08 -3.08371e-05
-1.16096e+08 -3.07858e-05
-1.15902e+08 -3.07344e-05
-1.15709e+08 -3.0683e-05
-1.15515e+08 -3.06317e-05
-1.15321e+08 -3.05803e-05
-1.15128e+08 -3.05289e-05
-1.14934e+08 -3.04776e-05
-1.1474e+08 -3.04262e-05
-1.14546e+08 -3.03749e-05
-1.14353e+08 -3.03235e-05
-1.14159e+08 -3.02721e-05
-1.13965e+08 -3.02208e-05
-1.13772e+08 -3.01694e-05
-1.13578e+08 -3.0118e-05
-1.13384e+08 -3.00667e-05
-1.13191e+08 -3.00153e-05
-1.12997e+08 -2.9964e-05
-1.12803e+08 -2.99126e-05
-1.12609e+08 -2.98612e-05
-1.12416e+08 -2.98099e-05
-1.12222e+08 -2.97585e-05
-1.12028e+08 -2.97071e-05
-1.11835e+08 -2.96558e-05
-1.11641e+08 -2.96044e-05
-1.11447e+08 -2.95531e-05
-1.11254e+08 -2.95017e-05
-1.1106e+08 -2.94504e-05
-1.10866e+08 -2.9399e-05
-1.10673e+08 -2.93476e-05
-1.10479e+08 -2.92963e-05
-1.10285e+08 -2.92449e-05
-1.10092e+08 -2.91936e-05
-1.09898e+08 -2.91422e-05
-1.09704e+08 -2.90909e-05
-1.09511e+08 -2.90395e-05
-1.09317e+08 -2.89881e-05
-1.09123e+08 -2.89368e-05
-1.0893e+08 -2.88854e-05
-1.08736e+08 -2.88341e-05
-1.08542e+08 -2.87827e-05
-1.08349e+08 -2.87314e-05
-1.08155e+08 -2.868e-05
-1.07961e+08 -2.86287e-05
-1.07768e+08 -2.85773e-05
-1.07574e+08 -2.85259e-05
-1.0738e+08 -2.84746e-05
-1.07187e+08 -2.84232e-05
-1.06993e+08 -2.83719e-05
-1.06799e+08 -2.83205e-05
-1.06606e+08 -2.82692e-05
-1.06412e+08 -2.82178e-05
-1.06218e+08 -2.81665e-05
-1.06025e+08 -2.81151e-05
-1.05831e+08 -2.80638e-05
-1.05637e+08 -2.80124e-05
-1.05444e+08 -2.79611e-05
-1.0525e+08 -2.79097e-05
-1.05057e+08 -2.78584e-05
-1.04863e+08 -2.7807e-05
-1.04669e+08 -2.77557e-05
-1.04476e+08 -2.77043e-05
-1.04282e+08 -2.7653e-05
-1.04088e+08 -2.76016e-05
-1.03895e+08 -2.75503e-05
-1.03701e+08 -2.74989e-05
-1.03507e+08 -2.74476e-05
-1.03314e+08 -2.73962e-05
-1.0312e+08 -2.73449e-05
-1.02927e+08 -2.72936e-05
-1.02733e+08 -2.72422e-05
-1.02539e+08 -2.71909e-05
-1.02346e+08 -2.71395e-05
-1.02152e+08 -2.70882e-05
-1.01958e+08 -2.70368e-05
-1.01765e+08 -2.69855e-05
-1.01571e+08 -2.69341e-05
-1.01378e+08 -2.68828e-05
-1.01184e+08 -2.68314e-05
-1.0099e+08 -2.67801e-05
-1.00797e+08 -2.67288e-05
-1.00603e+08 -2.66774e-05
-1.00409e+08 -2.66261e-05
-1.00216e+08 -2.65747e-05
-1.00022e+08 -2.65234e-05
-9.98286e+07 -2.64721e-05
-9.9635e+07 -2.64207e-05
-9.94414e+07 -2.63694e-05
-9.92477e+07 -2.6318e-05
-9.90541e+07 -2.62667e-05
-9.88605e+07 -2.62153e-05
-9.86669e+07 -2.6164e-05
-9.84733e+07 -2.61127e-05
-9.82797e+07 -2.60613e-05
-9.80861e+07 -2.601e-05
-9.78925e+07 -2.59587e-05
-9.76989e+07 -2.59073e-05
-9.75053e+07 -2.5856e-05
-9.73117e+07 -2.58046e-05
-9.71181e+07 -2.57533e-05
-9.69245e+07 -2.5702e-05
-9.67309e+07 -2.56506e-05
-9.65373e+07 -2.55993e-05
-9.63437e+07 -2.5548e-05
-9.61501e+07 -2.54966e-05
-9.59565e+07 -2.54453e-05
-9.5763e+07 -2.53939e-05
-9.55693e+07 -2.53426e-05
-9.53758e+07 -2.52913e-05
-9.51822e+07 -2.52399e-05
-9.49886e+07 -2.51886e-05
-9.4795e+07 -2.51373e-05
-9.46014e+07 -2.50859e-05
-9.44078e+07 -2.50346e-05
-9.42143e+07 -2.49833e-05
-9.40207e+07 -2.49319e-05
-9.38271e+07 -2.48806e-05
-9.36335e+07 -2.48293e-05
-9.344e+07 -2.47779e-05
-9.32464e+07 -2.47266e-05
-9.30528e+07 -2.46753e-05
-9.28592e+07 -2.4624e-05
-9.26657e+07 -2.45726e-05
-9.24721e+07 -2.45213e-05
-9.22785e+07 -2.447e-05
-9.20849e+07 -2.44186e-05
-9.18914e+07 -2.43673e-05
-9.16978e+07 -2.4316e-05
-9.15042e+07 -2.42646e-05
-9.13107e+07 -2.42133e-05
-9.11171e+07 -2.4162e-05
-9.09235e+07 -2.41107e-05
-9.073e+07 -2.40593e-05
-9.05364e+07 -2.4008e-05
-9.03429e+07 -2.39567e-05
-9.01493e+07 -2.39053e-05
-8.99558e+07 -2.3854e-05
-8.97622e+07 -2.38027e-05
-8.95686e+07 -2.37514e-05
-8.93751e+07 -2.37e-05
-8.91815e+07 -2.36487e-05
-8.8988e+07 -2.35974e-05
-8.87945e+07 -2.35461e-05
-8.86009e+07 -2.34947e-05
-8.84073e+07 -2.34434e-05
-8.82138e+07 -2.33921e-05
-8.80202e+07 -2.33408e-05
-8.78267e+07 -2.32895e-05
-8.76332e+07 -2.32381e-05
-8.74396e+07 -2.31868e-05
-8.72461e+07 -2.31355e-05
-8.70525e+07 -2.30842e-05
-8.6859e+07 -2.30328e-05
-8.66655e+07 -2.29815e-05
-8.64719e+07 -2.29302e-05
-8.62784e+07 -2.28789e-05
-8.60849e+07 -2.28276e-05
-8.58913e+07 -2.27762e-05
-8.56978e+07 -2.27249e-05
-8.55042e+07 -2.26736e-05
-8.53107e+07 -2.26223e-05
-8.51172e+07 -2.2571e-05
-8.49237e+07 -2.25196e-05
-8.47301e+07 -2.24683e-05
-8.45366e+07 -2.2417e-05
-8.43431e+07 -2.23657e-05
-8.41496e+07 -2.23144e-05
-8.3956e+07 -2.22631e-05
-8.37625e+07 -2.22117e-05
-8.3569e+07 -2.21604e-05
-8.33755e+07 -2.21091e-05
-8.3182e+07 -2.20578e-05
-8.29884e+07 -2.20065e-05
-8.27949e+07 -2.19552e-05
-8.26014e+07 -2.19038e-05
-8.24079e+07 -2.18525e-05
-8.22144e+07 -2.18012e-05
-8.20209e+07 -2.17499e-05
-8.18274e+07 -2.16986e-05
-8.16339e+07 -2.16473e-05
-8.14404e+07 -2.1596e-05
-8.12469e+07 -2.15446e-05
-8.10533e+07 -2.14933e-05
-8.08599e+07 -2.1442e-05
-8.06663e+07 -2.13907e-05
-8.04728e+07 -2.13394e-05
-8.02793e+07 -2.12881e-05
-8.00858e+07 -2.12368e-05
-7.98923e+07 -2.11855e-05
-7.96988e+07 -2.11341e-05
-7.95053e+07 -2.10828e-05
-7.93118e+07 -2.10315e-05
-7.91184e+07 -2.09802e-05
-7.89248e+07 -2.09289e-05
-7.87314e+07 -2.08776e-05
-7.85379e+07 -2.08263e-05
-7.83444e+07 -2.0775e-05
-7.81509e+07 -2.07237e-05
-7.79574e+07 -2.06724e-05
-7.77639e+07 -2.06211e-05
-7.75704e+07 -2.05697e-05
-7.7377e+07 -2.05184e-05
-7.71835e+07 -2.04671e-05
-7.699e+07 -2.04158e-05
-7.67965e+07 -2.03645e-05
-7.6603e+07 -2.03132e-05
-7.64095e+07 -2.02619e-05
-7.62161e+07 -2.02106e-05
-7.60226e+07 -2.01593e-05
-7.58291e+07 -2.0108e-05
-7.56356e+07 -2.00567e-05
-7.54422e+07 -2.00054e-05
-7.52487e+07 -1.99541e-05
-7.50552e+07 -1.99028e-05
-7.48617e+07 -1.98515e-05
-7.46683e+07 -1.98002e-05
-7.44748e+07 -1.97489e-05
-7.42814e+07 -1.96976e-05
-7.40879e+07 -1.96463e-05
-7.38944e+07 -1.9595e-05
-7.3701e+07 -1.95437e-05
-7.35075e+07 -1.94924e-05
-7.3314e+07 -1.94411e-05
-7.31206e+07 -1.93898e-05
-7.29271e+07 -1.93385e-05
-7.27337e+07 -1.92872e-05
-7.25402e+07 -1.92359e-05
-7.23467e+07 -1.91846e-05
-7.21533e+07 -1.91333e-05
-7.19598e+07 -1.9082e-05
-7.17664e+07 -1.90307e-05
-7.15729e+07 -1.89794e-05
-7.13795e+07 -1.89281e-05
-7.1186e+07 -1.88768e-05
-7.09926e+07 -1.88255e-05
-7.07991e+07 -1.87742e-05
-7.06057e+07 -1.87229e-05
-7.04123e+07 -1.86716e-05
-7.02188e+07 -1.86203e-05
-7.00254e+07 -1.8569e-05
-6.98319e+07 -1.85177e-05
-6.96385e+07 -1.84664e-05
-6.9445e+07 -1.84151e-05
-6.92516e+07 -1.83638e-05
-6.90582e+07 -1.83125e-05
-6.88647e+07 -1.82612e-05
-6.86713e+07 -1.82099e-05
-6.84779e+07 -1.81586e-05
-6.82844e+07 -1.81073e-05
-6.8091e+07 -1.8056e-05
-6.78976e+07 -1.80047e-05
-6.77042e+07 -1.79535e-05
-6.75107e+07 -1.79022e-05
-6.73173e+07 -1.78509e-05
-6.71239e+07 -1.77996e-05
-6.69304e+07 -1.77483e-05
-6.6737e+07 -1.7697e-05
-6.65436e+07 -1.76457e-05
-6.63502e+07 -1.75944e-05
-6.61568e+07 -1.75431e-05
-6.59633e+07 -1.74918e-05
-6.57699e+07 -1.74405e-05
-6.55765e+07 -1.73893e-05
-6.53831e+07 -1.7338e-05
-6.51897e+07 -1.72867e-05
-6.49963e+07 -1.72354e-05
-6.48029e+07 -1.71841e-05
-6.46094e+07 -1.71328e-05
-6.4416e+07 -1.70815e-05
-6.42226e+07 -1.70302e-05
-6.40292e+07 -1.6979e-05
-6.38358e+07 -1.69277e-05
-6.36424e+07 -1.68764e-05
-6.3449e+07 -1.68251e-05
-6.32556e+07 -1.67738e-05
-6.30622e+07 -1.67225e-05
-6.28688e+07 -1.66712e-05
-6.26754e+07 -1.662e-05
-6.2482e+07 -1.65687e-05
-6.22886e+07 -1.65174e-05
-6.20952e+07 -1.64661e-05
-6.19018e+07 -1.64148e-05
-6.17084e+07 -1.63635e-05
-6.1515e+07 -1.63123e-05
-6.13216e+07 -1.6261e-05
-6.11282e+07 -1.62097e-05
-6.09349e+07 -1.61584e-05
-6.07415e+07 -1.61071e-05
-6.05481e+07 -1.60558e-05
-6.03547e+07 -1.60046e-05
-6.01613e+07 -1.59533e-05
-5.99679e+07 -1.5902e-05
-5.97745e+07 -1.58507e-05
-5.95812e+07 -1.57994e-05
-5.93878e+07 -1.57482e-05
-5.91944e+07 -1.56969e-05
-5.9001e+07 -1.56456e-05
-5.88076e+07 -1.55943e-05
-5.86143e+07 -1.5543e-05
-5.84209e+07 -1.54918e-05
-5.82275e+07 -1.54405e-05
-5.80341e+07 -1.53892e-05
-5.78408e+07 -1.53379e-05
-5.76474e+07 -1.52867e-05
-5.7454e+07 -1.52354e-05
-5.72607e+07 -1.51841e-05
-5.70673e+07 -1.51328e-05
-5.68739e+07 -1.50815e-05
-5.66806e+07 -1.50303e-05
-5.64872e+07 -1.4979e-05
-5.62938e+07 -1.49277e-05
-5.61005e+07 -1.48765e-05
-5.59071e+07 -1.48252e-05
-5.57137e+07 -1.47739e-05
-5.55204e+07 -1.47226e-05
-5.5327e+07 -1.46713e-05
-5.51337e+07 -1.46201e-05
-5.49403e+07 -1.45688e-05
-5.4747e+07 -1.45175e-05
-5.45536e+07 -1.44663e-05
-5.43603e+07 -1.4415e-05
-5.41669e+07 -1.43637e-05
-5.39736e+07 -1.43124e-05
-5.37802e+07 -1.42612e-05
-5.35869e+07 -1.42099e-05
-5.33935e+07 -1.41586e-05
-5.32002e+07 -1.41074e-05
-5.30068e+07 -1.40561e-05
-5.28135e+07 -1.40048e-05
-5.26202e+07 -1.39536e-05
-5.24268e+07 -1.39023e-05
-5.22335e+07 -1.3851e-05
-5.20401e+07 -1.37997e-05
-5.18468e+07 -1.37485e-05
-5.16535e+07 -1.36972e-05
-5.14601e+07 -1.36459e-05
-5.12668e+07 -1.35947e-05
-5.10735e+07 -1.35434e-05
-5.08801e+07 -1.34921e-05
-5.06868e+07 -1.34409e-05
-5.04935e+07 -1.33896e-05
-5.03001e+07 -1.33383e-05
-5.01068e+07 -1.32871e-05
-4.99135e+07 -1.32358e-05
-4.97202e+07 -1.31845e-05
-4.95268e+07 -1.31333e-05
-4.93335e+07 -1.3082e-05
-4.91402e+07 -1.30308e-05
-4.89469e+07 -1.29795e-05
-4.87535e+07 -1.29282e-05
-4.85602e+07 -1.2877e-05
-4.83669e+07 -1.28257e-05
-4.81736e+07 -1.27744e-05
-4.79803e+07 -1.27232e-05
-4.7787e+07 -1.26719e-05
-4.75937e+07 -1.26207e-05
-4.74004e+07 -1.25694e-05
-4.7207e+07 -1.25181e-05
-4.70137e+07 -1.24669e-05
-4.68204e+07 -1.24156e-05
-4.66271e+07 -1.23643e-05
-4.64338e+07 -1.23131e-05
-4.62405e+07 -1.22618e-05
-4.60472e+07 -1.22106e-05
-4.58539e+07 -1.21593e-05
-4.56606e+07 -1.2108e-05
-4.54673e+07 -1.20568e-05
-4.5274e+07 -1.20055e-05
-4.50807e+07 -1.19543e-05
-4.48874e+07 -1.1903e-05
-4.46941e+07 -1.18518e-05
-4.45008e+07 -1.18005e-05
-4.43075e+07 -1.17492e-05
-4.41142e+07 -1.1698e-05
-4.39209e+07 -1.16467e-05
-4.37276e+07 -1.15955e-05
-4.35344e+07 -1.15442e-05
-4.33411e+07 -1.1493e-05
-4.31478e+07 -1.14417e-05
-4.29545e+07 -1.13905e-05
-4.27612e+07 -1.13392e-05
-4.25679e+07 -1.12879e-05
-4.23746e+07 -1.12367e-05
-4.21813e+07 -1.11854e-05
-4.19881e+07 -1.11342e-05
-4.17948e+07 -1.10829e-05
-4.16015e+07 -1.10317e-05
-4.14082e+07 -1.09804e-05
-4.1215e+07 -1.09292e-05
-4.10217e+07 -1.08779e-05
-4.08284e+07 -1.08267e-05
-4.06352e+07 -1.07754e-05
-4.04419e+07 -1.07242e-05
-4.02486e+07 -1.06729e-05
-4.00553e+07 -1.06217e-05
-3.98621e+07 -1.05704e-05
-3.96688e+07 -1.05192e-05
-3.94755e+07 -1.04679e-05
-3.92823e+07 -1.04167e-05
-3.9089e+07 -1.03654e-05
-3.88957e+07 -1.03142e-05
-3.87025e+07 -1.02629e-05
-3.85092e+07 -1.02117e-05
-3.8316e+07 -1.01604e-05
-3.81227e+07 -1.01092e-05
-3.79294e+07 -1.00579e-05
-3.77362e+07 -1.00067e-05
-3.75429e+07 -9.95545e-06
-3.73497e+07 -9.90421e-06
-3.71564e+07 -9.85296e-06
-3.69632e+07 -9.80171e-06
-3.67699e+07 -9.75047e-06
-3.65767e+07 -9.69923e-06
-3.63834e+07 -9.64798e-06
-3.61902e+07 -9.59674e-06
-3.59969e+07 -9.54549e-06
-3.58037e+07 -9.49425e-06
-3.56105e+07 -9.443e-06
-3.54172e+07 -9.39176e-06
-3.5224e+07 -9.34052e-06
-3.50307e+07 -9.28928e-06
-3.48375e+07 -9.23803e-06
-3.46443e+07 -9.18679e-06
-3.4451e+07 -9.13555e-06
-3.42578e+07 -9.08431e-06
-3.40645e+07 -9.03307e-06
-3.38713e+07 -8.98182e-06
-3.36781e+07 -8.93059e-06
-3.34848e+07 -8.87935e-06
-3.32916e+07 -8.82811e-06
-3.30984e+07 -8.77687e-06
-3.29052e+07 -8.72563e-06
-3.27119e+07 -8.67439e-06
-3.25187e+07 -8.62315e-06
-3.23255e+07 -8.57191e-06
-3.21322e+07 -8.52067e-06
-3.1939e+07 -8.46944e-06
-3.17458e+07 -8.4182e-06
-3.15526e+07 -8.36696e-06
-3.13594e+07 -8.31573e-06
-3.11662e+07 -8.26449e-06
-3.09729e+07 -8.21325e-06
-3.07797e+07 -8.16201e-06
-3.05865e+07 -8.11078e-06
-3.03933e+07 -8.05955e-06
-3.02001e+07 -8.0083e-06
-3.00069e+07 -7.95708e-06
-2.98137e+07 -7.90584e-06
-2.96205e+07 -7.85461e-06
-2.94272e+07 -7.80337e-06
-2.9234e+07 -7.75214e-06
-2.90408e+07 -7.70091e-06
-2.88476e+07 -7.64967e-06
-2.86544e+07 -7.59844e-06
-2.84612e+07 -7.54721e-06
-2.8268e+07 -7.49598e-06
-2.80748e+07 -7.44474e-06
-2.78816e+07 -7.39351e-06
-2.76884e+07 -7.34228e-06
-2.74952e+07 -7.29105e-06
-2.7302e+07 -7.23982e-06
-2.71088e+07 -7.18859e-06
-2.69156e+07 -7.13735e-06
-2.67224e+07 -7.08612e-06
-2.65293e+07 -7.0349e-06
-2.63361e+07 -6.98367e-06
-2.61429e+07 -6.93244e-06
-2.59497e+07 -6.88121e-06
-2.57565e+07 -6.82999e-06
-2.55633e+07 -6.77876e-06
-2.53701e+07 -6.72753e-06
-2.5177e+07 -6.6763e-06
-2.49838e+07 -6.62508e-06
-2.47906e+07 -6.57385e-06
-2.45974e+07 -6.52262e-06
-2.44042e+07 -6.4714e-06
-2.42111e+07 -6.42017e-06
-2.40179e+07 -6.36895e-06
-2.38247e+07 -6.31772e-06
-2.36315e+07 -6.26649e-06
-2.34384e+07 -6.21527e-06
-2.32452e+07 -6.16404e-06
-2.3052e+07 -6.11282e-06
-2.28588e+07 -6.0616e-06
-2.26657e+07 -6.01037e-06
-2.24725e+07 -5.95914e-06
-2.22793e+07 -5.90792e-06
-2.20862e+07 -5.8567e-06
-2.1893e+07 -5.80549e-06
-2.16999e+07 -5.75426e-06
-2.15067e+07 -5.70304e-06
-2.13135e+07 -5.65182e-06
-2.11204e+07 -5.6006e-06
-2.09272e+07 -5.54937e-06
-2.0734e+07 -5.49815e-06
-2.05409e+07 -5.44693e-06
-2.03477e+07 -5.39571e-06
-2.01546e+07 -5.34449e-06
-1.99614e+07 -5.29327e-06
-1.97683e+07 -5.24206e-06
