-1.37867 -3.57486e-13
-2.66092 -6.89969e-13
-3.81378 -9.88903e-13
-4.79384 -1.24303e-12
-5.5445 -1.43767e-12
-5.99385 -1.55419e-12
-6.04002 -1.56616e-12
-5.54556 -1.43795e-12
-4.32112 -1.12046e-12
-2.08785 -5.41373e-13
-909232 -2.35761e-07
-1.81845e+06 -4.7152e-07
-2.72767e+06 -7.07279e-07
-3.63689e+06 -9.43037e-07
-4.54612e+06 -1.1788e-06
-5.45533e+06 -1.41455e-06
-6.36451e+06 -1.6503e-06
-7.27376e+06 -1.88607e-06
-8.18298e+06 -2.12183e-06
-9.09218e+06 -2.35758e-06
-1.00014e+07 -2.59333e-06
-1.09106e+07 -2.82909e-06
-1.18198e+07 -3.06484e-06
-1.2729e+07 -3.30059e-06
-1.36382e+07 -3.53635e-06
-1.45474e+07 -3.77211e-06
-1.54566e+07 -4.00785e-06
-1.63658e+07 -4.2436e-06
-1.7275e+07 -4.47935e-06
-1.81842e+07 -4.71511e-06
-1.90933e+07 -4.95086e-06
-2.00025e+07 -5.18661e-06
-2.09117e+07 -5.42235e-06
-2.18209e+07 -5.65811e-06
-2.27301e+07 -5.89385e-06
-2.36393e+07 -6.1296e-06
-2.45484e+07 -6.36535e-06
-2.54576e+07 -6.60109e-06
-2.63668e+07 -6.83684e-06
-2.7276e+07 -7.07259e-06
-2.81851e+07 -7.30833e-06
-2.90943e+07 -7.54407e-06
-3.00034e+07 -7.77982e-06
-3.09126e+07 -8.01556e-06
-3.18218e+07 -8.2513e-06
-3.27309e+07 -8.48704e-06
-3.36401e+07 -8.72279e-06
-3.45492e+07 -8.95853e-06
-3.54584e+07 -9.19427e-06
-3.63675e+07 -9.43001e-06
-3.72767e+07 -9.66575e-06
-3.81858e+07 -9.90149e-06
-3.9095e+07 -1.01372e-05
-4.00041e+07 -1.0373e-05
-4.09133e+07 -1.06087e-05
-4.18224e+07 -1.08444e-05
-4.27315e+07 -1.10802e-05
-4.36407e+07 -1.13159e-05
-4.45498e+07 -1.15516e-05
-4.54589e+07 -1.17874e-05
-4.63681e+07 -1.20231e-05
-4.72772e+07 -1.22589e-05
-4.81863e+07 -1.24946e-05
-4.90954e+07 -1.27303e-05
-5.00046e+07 -1.29661e-05
-5.09137e+07 -1.32018e-05
-5.18228e+07 -1.34375e-05
-5.27319e+07 -1.36732e-05
-5.3641e+07 -1.3909e-05
-5.45501e+07 -1.41447e-05
-5.54592e+07 -1.43804e-05
-5.63683e+07 -1.46162e-05
-5.72774e+07 -1.48519e-05
-5.81866e+07 -1.50876e-05
-5.90956e+07 -1.53234e-05
-6.00047e+07 -1.55591e-05
-6.09139e+07 -1.57948e-05
-6.18229e+07 -1.60305e-05
-6.2732e+07 -1.62663e-05
-6.36411e+07 -1.6502e-05
-6.45502e+07 -1.67377e-05
-6.54593e+07 -1.69734e-05
-6.63684e+07 -1.72092e-05
-6.72775e+07 -1.74449e-05
-6.81866e+07 -1.76806e-05
-6.90956e+07 -1.79163e-05
-7.00047e+07 -1.8152e-05
-7.09138e+07 -1.83878e-05
-7.18229e+07 -1.86235e-05
-7.27319e+07 -1.88592e-05
-7.3641e+07 -1.90949e-05
-7.45501e+07 -1.93306e-05
-7.54591e+07 -1.95664e-05
-7.63682e+07 -1.98021e-05
-7.72773e+07 -2.00378e-05
-7.81863e+07 -2.02735e-05
-7.90954e+07 -2.05092e-05
-8.00044e+07 -2.07449e-05
-8.09134e+07 -2.09807e-05
-8.18225e+07 -2.12164e-05
-8.27316e+07 -2.14521e-05
-8.36406e+07 -2.16878e-05
-8.45497e+07 -2.19235e-05
-8.54587e+07 -2.21592e-05
-8.63678e+07 -2.23949e-05
-8.72768e+07 -2.26307e-05
-8.81859e+07 -2.28664e-05
-8.90949e+07 -2.31021e-05
-9.0004e+07 -2.33378e-05
-9.0913e+07 -2.35735e-05
-9.1822e+07 -2.38092e-05
-9.2731e+07 -2.40449e-05
-9.36401e+07 -2.42806e-05
-9.45491e+07 -2.45163e-05
-9.54581e+07 -2.4752e-05
-9.63671e+07 -2.49877e-05
-9.72761e+07 -2.52235e-05
-9.81852e+07 -2.54592e-05
-9.90942e+07 -2.56949e-05
-1.00003e+08 -2.59306e-05
-1.00912e+08 -2.61663e-05
-1.01821e+08 -2.6402e-05
-1.0273e+08 -2.66377e-05
-1.03639e+08 -2.68734e-05
-1.04548e+08 -2.71091e-05
-1.05457e+08 -2.73448e-05
-1.06366e+08 -2.75805e-05
-1.07275e+08 -2.78162e-05
-1.08184e+08 -2.80519e-05
-1.09093e+08 -2.82876e-05
-1.10002e+08 -2.85233e-05
-1.10911e+08 -2.8759e-05
-1.1182e+08 -2.89947e-05
-1.12729e+08 -2.92304e-05
-1.13638e+08 -2.94661e-05
-1.14547e+08 -2.97018e-05
-1.15456e+08 -2.99375e-05
-1.16365e+08 -3.01732e-05
-1.17274e+08 -3.04089e-05
-1.18183e+08 -3.06446e-05
-1.19092e+08 -3.08803e-05
-1.20001e+08 -3.11159e-05
-1.2091e+08 -3.13516e-05
-1.21819e+08 -3.15873e-05
-1.22728e+08 -3.1823e-05
-1.23637e+08 -3.20587e-05
-1.24546e+08 -3.22944e-05
-1.25455e+08 -3.25301e-05
-1.26364e+08 -3.27658e-05
-1.27273e+08 -3.30015e-05
-1.28182e+08 -3.32372e-05
-1.29091e+08 -3.34729e-05
-1.3e+08 -3.37085e-05
-1.30908e+08 -3.39442e-05
-1.31817e+08 -3.41799e-05
-1.32726e+08 -3.44156e-05
-1.33635e+08 -3.46513e-05
-1.34544e+08 -3.4887e-05
-1.35453e+08 -3.51227e-05
-1.36362e+08 -3.53583e-05
-1.37271e+08 -3.5594e-05
-1.3818e+08 -3.58297e-05
-1.39089e+08 -3.60654e-05
-1.39998e+08 -3.63011e-05
-1.40907e+08 -3.65368e-05
-1.41816e+08 -3.67724e-05
-1.42725e+08 -3.70081e-05
-1.43633e+08 -3.72438e-05
-1.44542e+08 -3.74795e-05
-1.45451e+08 -3.77152e-05
-1.4636e+08 -3.79508e-05
-1.47269e+08 -3.81865e-05
-1.48178e+08 -3.84222e-05
-1.49087e+08 -3.86579e-05
-1.49996e+08 -3.88935e-05
-1.50905e+08 -3.91292e-05
-1.51814e+08 -3.93649e-05
-1.52723e+08 -3.96006e-05
-1.53631e+08 -3.98363e-05
-1.5454e+08 -4.00719e-05
-1.55449e+08 -4.03076e-05
-1.56358e+08 -4.05433e-05
-1.57267e+08 -4.07789e-05
-1.58176e+08 -4.10146e-05
-1.59085e+08 -4.12503e-05
-1.59994e+08 -4.1486e-05
-1.60903e+08 -4.17216e-05
-1.61811e+08 -4.19573e-05
-1.6272e+08 -4.2193e-05
-1.63629e+08 -4.24286e-05
-1.64538e+08 -4.26643e-05
-1.65447e+08 -4.29e-05
-1.66356e+08 -4.31356e-05
-1.67265e+08 -4.33713e-05
-1.68174e+08 -4.3607e-05
-1.69082e+08 -4.38426e-05
-1.69991e+08 -4.40783e-05
-1.709e+08 -4.4314e-05
-1.71809e+08 -4.45496e-05
-1.72718e+08 -4.47853e-05
-1.73627e+08 -4.5021e-05
-1.74536e+08 -4.52566e-05
-1.75444e+08 -4.54923e-05
-1.76353e+08 -4.5728e-05
-1.77262e+08 -4.59636e-05
-1.78171e+08 -4.61993e-05
-1.7908e+08 -4.64349e-05
-1.79989e+08 -4.66706e-05
-1.80897e+08 -4.69063e-05
-1.81806e+08 -4.71419e-05
-1.82715e+08 -4.73776e-05
-1.83624e+08 -4.76132e-05
-1.84533e+08 -4.78489e-05
-1.85442e+08 -4.80845e-05
-1.8635e+08 -4.83202e-05
-1.87259e+08 -4.85559e-05
-1.88168e+08 -4.87915e-05
-1.89077e+08 -4.90272e-05
-1.89986e+08 -4.92628e-05
-1.90895e+08 -4.94985e-05
-1.91803e+08 -4.97341e-05
-1.92712e+08 -4.99698e-05
-1.93621e+08 -5.02054e-05
-1.9453e+08 -5.04411e-05
-1.95439e+08 -5.06767e-05
-1.96347e+08 -5.09124e-05
-1.97256e+08 -5.1148e-05
-1.98165e+08 -5.13837e-05
-1.99074e+08 -5.16193e-05
-1.99983e+08 -5.1855e-05
-2.00891e+08 -5.20906e-05
-2.018e+08 -5.23263e-05
-2.02709e+08 -5.25619e-05
-2.03618e+08 -5.27976e-05
-2.04527e+08 -5.30332e-05
-2.05435e+08 -5.32689e-05
-2.06344e+08 -5.35045e-05
-2.07253e+08 -5.37402e-05
-2.08162e+08 -5.39758e-05
-2.09071e+08 -5.42115e-05
-2.09979e+08 -5.44471e-05
-2.10888e+08 -5.46827e-05
-2.11797e+08 -5.49184e-05
-2.12706e+08 -5.5154e-05
-2.13614e+08 -5.53897e-05
-2.14523e+08 -5.56253e-05
-2.15432e+08 -5.58609e-05
-2.16341e+08 -5.60966e-05
-2.17249e+08 -5.63322e-05
-2.18158e+08 -5.65679e-05
-2.19067e+08 -5.68035e-05
-2.19976e+08 -5.70391e-05
-2.20884e+08 -5.72748e-05
-2.21793e+08 -5.75104e-05
-2.22702e+08 -5.77461e-05
-2.23611e+08 -5.79817e-05
-2.24519e+08 -5.82173e-05
-2.25428e+08 -5.8453e-05
-2.26337e+08 -5.86886e-05
-2.27246e+08 -5.89242e-05
-2.28154e+08 -5.91599e-05
-2.29063e+08 -5.93955e-05
-2.29972e+08 -5.96311e-05
-2.30881e+08 -5.98668e-05
-2.31789e+08 -6.01024e-05
-2.32698e+08 -6.0338e-05
-2.33607e+08 -6.05736e-05
-2.34515e+08 -6.08093e-05
-2.35424e+08 -6.10449e-05
-2.36333e+08 -6.12805e-05
-2.37242e+08 -6.15162e-05
-2.3815e+08 -6.17518e-05
-2.39059e+08 -6.19874e-05
-2.39968e+08 -6.2223e-05
-2.40877e+08 -6.24587e-05
-2.41785e+08 -6.26943e-05
-2.42694e+08 -6.29299e-05
-2.43603e+08 -6.31655e-05
-2.44511e+08 -6.34012e-05
-2.4542e+08 -6.36368e-05
-2.46329e+08 -6.38724e-05
-2.47237e+08 -6.4108e-05
-2.48146e+08 -6.43437e-05
-2.49055e+08 -6.45793e-05
-2.49963e+08 -6.48149e-05
-2.50872e+08 -6.50505e-05
-2.51781e+08 -6.52861e-05
-2.5269e+08 -6.55218e-05
-2.53598e+08 -6.57574e-05
-2.54507e+08 -6.5993e-05
-2.55416e+08 -6.62286e-05
-2.56324e+08 -6.64642e-05
-2.57233e+08 -6.66998e-05
-2.58142e+08 -6.69355e-05
-2.5905e+08 -6.71711e-05
-2.59959e+08 -6.74067e-05
-2.60868e+08 -6.76423e-05
-2.61776e+08 -6.78779e-05
-2.62685e+08 -6.81135e-05
-2.63594e+08 -6.83492e-05
-2.64502e+08 -6.85848e-05
-2.65411e+08 -6.88204e-05
-2.6632e+08 -6.9056e-05
-2.67228e+08 -6.92916e-05
-2.68137e+08 -6.95272e-05
-2.69046e+08 -6.97628e-05
-2.69954e+08 -6.99984e-05
-2.70863e+08 -7.0234e-05
-2.71771e+08 -7.04697e-05
-2.7268e+08 -7.07053e-05
-2.73589e+08 -7.09409e-05
-2.74497e+08 -7.11765e-05
-2.75406e+08 -7.14121e-05
-2.76315e+08 -7.16477e-05
-2.77223e+08 -7.18833e-05
-2.78132e+08 -7.21189e-05
-2.79041e+08 -7.23545e-05
-2.79949e+08 -7.25901e-05
-2.80858e+08 -7.28257e-05
-2.81766e+08 -7.30613e-05
-2.82675e+08 -7.32969e-05
-2.83584e+08 -7.35325e-05
-2.84492e+08 -7.37681e-05
-2.85401e+08 -7.40037e-05
-2.86309e+08 -7.42393e-05
-2.87218e+08 -7.44749e-05
-2.88127e+08 -7.47105e-05
-2.89035e+08 -7.49461e-05
-2.89944e+08 -7.51817e-05
-2.90853e+08 -7.54173e-05
-2.91761e+08 -7.56529e-05
-2.9267e+08 -7.58885e-05
-2.93578e+08 -7.61241e-05
-2.94487e+08 -7.63597e-05
-2.95395e+08 -7.65953e-05
-2.96304e+08 -7.68309e-05
-2.97213e+08 -7.70665e-05
-2.98121e+08 -7.73021e-05
-2.9903e+08 -7.75377e-05
-2.99938e+08 -7.77733e-05
-3.00847e+08 -7.80089e-05
-3.01756e+08 -7.82445e-05
-3.02664e+08 -7.848e-05
-3.03573e+08 -7.87156e-05
-3.04481e+08 -7.89512e-05
-3.0539e+08 -7.91868e-05
-3.06298e+08 -7.94224e-05
-3.07207e+08 -7.9658e-05
-3.08116e+08 -7.98936e-05
-3.09024e+08 -8.01292e-05
-3.09933e+08 -8.03648e-05
-3.10841e+08 -8.06003e-05
-3.1175e+08 -8.08359e-05
-3.12658e+08 -8.10715e-05
-3.13567e+08 -8.13071e-05
-3.14475e+08 -8.15427e-05
-3.15384e+08 -8.17783e-05
-3.16293e+08 -8.20139e-05
-3.17201e+08 -8.22494e-05
-3.1811e+08 -8.2485e-05
-3.19018e+08 -8.27206e-05
-3.19927e+08 -8.29562e-05
-3.20835e+08 -8.31918e-05
-3.21744e+08 -8.34273e-05
-3.22652e+08 -8.36629e-05
-3.23561e+08 -8.38985e-05
-3.24469e+08 -8.41341e-05
-3.25378e+08 -8.43697e-05
-3.26286e+08 -8.46052e-05
-3.27195e+08 -8.48408e-05
-3.28103e+08 -8.50764e-05
-3.29012e+08 -8.5312e-05
-3.29921e+08 -8.55476e-05
-3.30829e+08 -8.57831e-05
-3.31738e+08 -8.60187e-05
-3.32646e+08 -8.62543e-05
-3.33555e+08 -8.64899e-05
-3.34463e+08 -8.67254e-05
-3.35372e+08 -8.6961e-05
-3.3628e+08 -8.71966e-05
-3.37189e+08 -8.74321e-05
-3.38097e+08 -8.76677e-05
-3.39006e+08 -8.79033e-05
-3.39914e+08 -8.81389e-05
-3.40823e+08 -8.83744e-05
-3.41731e+08 -8.861e-05
-3.4264e+08 -8.88456e-05
-3.43548e+08 -8.90811e-05
-3.44457e+08 -8.93167e-05
-3.45365e+08 -8.95523e-05
-3.46273e+08 -8.97878e-05
-3.47182e+08 -9.00234e-05
-3.4809e+08 -9.0259e-05
-3.48999e+08 -9.04945e-05
-3.49907e+08 -9.07301e-05
-3.50816e+08 -9.09657e-05
-3.51724e+08 -9.12012e-05
-3.52633e+08 -9.14368e-05
-3.53541e+08 -9.16724e-05
-3.5445e+08 -9.19079e-05
-3.55358e+08 -9.21435e-05
-3.56267e+08 -9.23791e-05
-3.57175e+08 -9.26146e-05
-3.58084e+08 -9.28502e-05
-3.58992e+08 -9.30857e-05
-3.59901e+08 -9.33213e-05
-3.60809e+08 -9.35568e-05
-3.61717e+08 -9.37924e-05
-3.62626e+08 -9.4028e-05
-3.63534e+08 -9.42635e-05
-3.64443e+08 -9.44991e-05
-3.65351e+08 -9.47346e-05
-3.6626e+08 -9.49702e-05
-3.67168e+08 -9.52057e-05
-3.68076e+08 -9.54413e-05
-3.68985e+08 -9.56769e-05
-3.69893e+08 -9.59124e-05
-3.70802e+08 -9.6148e-05
-3.7171e+08 -9.63835e-05
-3.72619e+08 -9.66191e-05
-3.73527e+08 -9.68546e-05
-3.74435e+08 -9.70902e-05
-3.75344e+08 -9.73257e-05
-3.76252e+08 -9.75613e-05
-3.77161e+08 -9.77968e-05
-3.78069e+08 -9.80324e-05
-3.78978e+08 -9.82679e-05
-3.79886e+08 -9.85035e-05
-3.80794e+08 -9.8739e-05
-3.81703e+08 -9.89746e-05
-3.82611e+08 -9.92101e-05
-3.8352e+08 -9.94457e-05
-3.84428e+08 -9.96812e-05
-3.85336e+08 -9.99167e-05
-3.86245e+08 -0.000100152
-3.87153e+08 -0.000100388
-3.88062e+08 -0.000100623
-3.8897e+08 -0.000100859
-3.89878e+08 -0.000101094
-3.90787e+08 -0.00010133
-3.91695e+08 -0.000101566
-3.92603e+08 -0.000101801
-3.93512e+08 -0.000102037
-3.9442e+08 -0.000102272
-3.95329e+08 -0.000102508
-3.96237e+08 -0.000102743
-3.97145e+08 -0.000102979
-3.98054e+08 -0.000103214
-3.98962e+08 -0.00010345
-3.9987e+08 -0.000103685
-4.00779e+08 -0.000103921
-4.01687e+08 -0.000104156
-4.02596e+08 -0.000104392
-4.03504e+08 -0.000104628
-4.04412e+08 -0.000104863
-4.05321e+08 -0.000105099
-4.06229e+08 -0.000105334
-4.07137e+08 -0.00010557
-4.08046e+08 -0.000105805
-4.08954e+08 -0.000106041
-4.09862e+08 -0.000106276
-4.10771e+08 -0.000106512
-4.11679e+08 -0.000106747
-4.12587e+08 -0.000106983
-4.13496e+08 -0.000107218
-4.14404e+08 -0.000107454
-4.15312e+08 -0.000107689
-4.16221e+08 -0.000107925
-4.17129e+08 -0.000108161
-4.18037e+08 -0.000108396
-4.18946e+08 -0.000108632
-4.19854e+08 -0.000108867
-4.20762e+08 -0.000109103
-4.21671e+08 -0.000109338
-4.22579e+08 -0.000109574
-4.23487e+08 -0.000109809
-4.24396e+08 -0.000110045
-4.25304e+08 -0.00011028
-4.26212e+08 -0.000110516
-4.27121e+08 -0.000110751
-4.28029e+08 -0.000110987
-4.28937e+08 -0.000111222
-4.29845e+08 -0.000111458
-4.30754e+08 -0.000111693
-4.31662e+08 -0.000111929
-4.3257e+08 -0.000112164
-4.33479e+08 -0.0001124
-4.34387e+08 -0.000112635
-4.35295e+08 -0.000112871
-4.36204e+08 -0.000113106
-4.37112e+08 -0.000113342
-4.3802e+08 -0.000113578
-4.38928e+08 -0.000113813
-4.39837e+08 -0.000114049
-4.40745e+08 -0.000114284
-4.41653e+08 -0.00011452
-4.42561e+08 -0.000114755
-4.4347e+08 -0.000114991
-4.44378e+08 -0.000115226
-4.45286e+08 -0.000115462
-4.46195e+08 -0.000115697
-4.47103e+08 -0.000115933
-4.48011e+08 -0.000116168
-4.48919e+08 -0.000116404
-4.49828e+08 -0.000116639
-4.50736e+08 -0.000116875
-4.51644e+08 -0.00011711
-4.52552e+08 -0.000117346
-4.53461e+08 -0.000117581
-4.54369e+08 -0.000117817
-4.55277e+08 -0.000118052
-4.56185e+08 -0.000118288
-4.57094e+08 -0.000118523
-4.58002e+08 -0.000118759
-4.5891e+08 -0.000118994
-4.59818e+08 -0.00011923
-4.60727e+08 -0.000119465
-4.61635e+08 -0.000119701
-4.62543e+08 -0.000119936
-4.63451e+08 -0.000120172
-4.64359e+08 -0.000120407
-4.65268e+08 -0.000120643
-4.66176e+08 -0.000120878
-4.67084e+08 -0.000121114
-4.67992e+08 -0.000121349
-4.68901e+08 -0.000121585
-4.69809e+08 -0.00012182
-4.70717e+08 -0.000122056
-4.71625e+08 -0.000122291
-4.72533e+08 -0.000122527
-4.73442e+08 -0.000122762
-4.7435e+08 -0.000122998
-4.75258e+08 -0.000123233
-4.76166e+08 -0.000123469
-4.77074e+08 -0.000123704
-4.77983e+08 -0.00012394
-4.78891e+08 -0.000124175
-4.79799e+08 -0.000124411
-4.80707e+08 -0.000124646
-4.81615e+08 -0.000124882
-4.82524e+08 -0.000125117
-4.83432e+08 -0.000125353
-4.8434e+08 -0.000125588
-4.85248e+08 -0.000125824
-4.86156e+08 -0.000126059
-4.87065e+08 -0.000126295
-4.87973e+08 -0.00012653
-4.88881e+08 -0.000126766
-4.89789e+08 -0.000127001
-4.90697e+08 -0.000127237
-4.91605e+08 -0.000127472
-4.92514e+08 -0.000127708
-4.93422e+08 -0.000127943
-4.9433e+08 -0.000128178
-4.95238e+08 -0.000128414
-4.96146e+08 -0.000128649
-4.97054e+08 -0.000128885
-4.97963e+08 -0.00012912
-4.98871e+08 -0.000129356
-4.99779e+08 -0.000129591
-5.00687e+08 -0.000129827
-5.01595e+08 -0.000130062
-5.02503e+08 -0.000130298
-5.03411e+08 -0.000130533
-5.0432e+08 -0.000130769
-5.05228e+08 -0.000131004
-5.06136e+08 -0.00013124
-5.07044e+08 -0.000131475
-5.07952e+08 -0.000131711
-5.0886e+08 -0.000131946
-5.09768e+08 -0.000132182
-5.10676e+08 -0.000132417
-5.11585e+08 -0.000132653
-5.12493e+08 -0.000132888
-5.13401e+08 -0.000133124
-5.14309e+08 -0.000133359
-5.15217e+08 -0.000133594
-5.16125e+08 -0.00013383
-5.17033e+08 -0.000134065
-5.17941e+08 -0.000134301
-5.1885e+08 -0.000134536
-5.19758e+08 -0.000134772
-5.20666e+08 -0.000135007
-5.21574e+08 -0.000135243
-5.22482e+08 -0.000135478
-5.2339e+08 -0.000135714
-5.24298e+08 -0.000135949
-5.25206e+08 -0.000136185
-5.26114e+08 -0.00013642
-5.27022e+08 -0.000136656
-5.27931e+08 -0.000136891
-5.28839e+08 -0.000137127
-5.29747e+08 -0.000137362
-5.30655e+08 -0.000137597
-5.31563e+08 -0.000137833
-5.32471e+08 -0.000138068
-5.33379e+08 -0.000138304
-5.34287e+08 -0.000138539
-5.35195e+08 -0.000138775
-5.36103e+08 -0.00013901
-5.37011e+08 -0.000139246
-5.37919e+08 -0.000139481
-5.38827e+08 -0.000139717
-5.39736e+08 -0.000139952
-5.40644e+08 -0.000140188
-5.41552e+08 -0.000140423
-5.4246e+08 -0.000140658
-5.43368e+08 -0.000140894
-5.44276e+08 -0.000141129
-5.45184e+08 -0.000141365
-5.46092e+08 -0.0001416
-5.47e+08 -0.000141836
-5.47908e+08 -0.000142071
-5.48816e+08 -0.000142307
-5.49724e+08 -0.000142542
-5.50632e+08 -0.000142778
-5.5154e+08 -0.000143013
-5.52448e+08 -0.000143248
-5.53356e+08 -0.000143484
-5.54264e+08 -0.000143719
-5.55172e+08 -0.000143955
-5.5608e+08 -0.00014419
-5.56988e+08 -0.000144426
-5.57896e+08 -0.000144661
-5.58804e+08 -0.000144897
-5.59712e+08 -0.000145132
-5.6062e+08 -0.000145367
-5.61528e+08 -0.000145603
-5.62436e+08 -0.000145838
-5.63345e+08 -0.000146074
-5.64253e+08 -0.000146309
-5.65161e+08 -0.000146545
-5.66069e+08 -0.00014678
-5.66977e+08 -0.000147016
-5.67885e+08 -0.000147251
-5.68793e+08 -0.000147486
-5.69701e+08 -0.000147722
-5.70609e+08 -0.000147957
-5.71517e+08 -0.000148193
-5.72425e+08 -0.000148428
-5.73333e+08 -0.000148664
-5.74241e+08 -0.000148899
-5.75149e+08 -0.000149135
-5.76056e+08 -0.00014937
-5.76964e+08 -0.000149605
-5.77872e+08 -0.000149841
-5.7878e+08 -0.000150076
-5.79688e+08 -0.000150312
-5.80596e+08 -0.000150547
-5.81504e+08 -0.000150783
-5.82412e+08 -0.000151018
-5.8332e+08 -0.000151253
-5.84228e+08 -0.000151489
-5.85136e+08 -0.000151724
-5.86044e+08 -0.00015196
-5.86952e+08 -0.000152195
-5.8786e+08 -0.000152431
-5.88768e+08 -0.000152666
-5.89676e+08 -0.000152902
-5.90584e+08 -0.000153137
-5.91492e+08 -0.000153372
-5.924e+08 -0.000153608
-5.93308e+08 -0.000153843
-5.94216e+08 -0.000154079
-5.95124e+08 -0.000154314
-5.96032e+08 -0.00015455
-5.9694e+08 -0.000154785
-5.97848e+08 -0.00015502
-5.98756e+08 -0.000155256
-5.99663e+08 -0.000155491
-6.00571e+08 -0.000155727
-6.01479e+08 -0.000155962
-6.02387e+08 -0.000156197
-6.03295e+08 -0.000156433
-6.04203e+08 -0.000156668
-6.05111e+08 -0.000156904
-6.06019e+08 -0.000157139
-6.06927e+08 -0.000157375
-6.07835e+08 -0.00015761
-6.08743e+08 -0.000157845
-6.09651e+08 -0.000158081
-6.10559e+08 -0.000158316
-6.11466e+08 -0.000158552
-6.12374e+08 -0.000158787
-6.13282e+08 -0.000159023
-6.1419e+08 -0.000159258
-6.15098e+08 -0.000159493
-6.16006e+08 -0.000159729
-6.16914e+08 -0.000159964
-6.17822e+08 -0.0001602
-6.1873e+08 -0.000160435
-6.19638e+08 -0.00016067
-6.20545e+08 -0.000160906
-6.21453e+08 -0.000161141
-6.22361e+08 -0.000161377
-6.23269e+08 -0.000161612
-6.24177e+08 -0.000161848
-6.25085e+08 -0.000162083
-6.25993e+08 -0.000162318
-6.26901e+08 -0.000162554
-6.27808e+08 -0.000162789
-6.28716e+08 -0.000163025
-6.29624e+08 -0.00016326
-6.30532e+08 -0.000163495
-6.3144e+08 -0.000163731
-6.32348e+08 -0.000163966
-6.33256e+08 -0.000164202
-6.34164e+08 -0.000164437
-6.35071e+08 -0.000164672
-6.35979e+08 -0.000164908
-6.36887e+08 -0.000165143
-6.37795e+08 -0.000165379
-6.38703e+08 -0.000165614
-6.39611e+08 -0.000165849
-6.40519e+08 -0.000166085
-6.41426e+08 -0.00016632
-6.42334e+08 -0.000166556
-6.43242e+08 -0.000166791
-6.4415e+08 -0.000167026
-6.45058e+08 -0.000167262
-6.45966e+08 -0.000167497
-6.46873e+08 -0.000167733
-6.47781e+08 -0.000167968
-6.48689e+08 -0.000168203
-6.49597e+08 -0.000168439
-6.50505e+08 -0.000168674
-6.51413e+08 -0.00016891
-6.5232e+08 -0.000169145
-6.53228e+08 -0.00016938
-6.54136e+08 -0.000169616
-6.55044e+08 -0.000169851
-6.55952e+08 -0.000170087
-6.56859e+08 -0.000170322
-6.57767e+08 -0.000170557
-6.58675e+08 -0.000170793
-6.59583e+08 -0.000171028
-6.60491e+08 -0.000171264
-6.61398e+08 -0.000171499
-6.62306e+08 -0.000171734
-6.63214e+08 -0.00017197
-6.64122e+08 -0.000172205
-6.6503e+08 -0.00017244
-6.65937e+08 -0.000172676
-6.66845e+08 -0.000172911
-6.67753e+08 -0.000173147
-6.68661e+08 -0.000173382
-6.69569e+08 -0.000173617
-6.70476e+08 -0.000173853
-6.71384e+08 -0.000174088
-6.72292e+08 -0.000174324
-6.732e+08 -0.000174559
-6.74107e+08 -0.000174794
-6.75015e+08 -0.00017503
-6.75923e+08 -0.000175265
-6.76831e+08 -0.000175501
-6.77739e+08 -0.000175736
-6.78646e+08 -0.000175971
-6.79554e+08 -0.000176207
-6.80462e+08 -0.000176442
-6.8137e+08 -0.000176677
-6.82277e+08 -0.000176913
-6.83185e+08 -0.000177148
-6.84093e+08 -0.000177384
-6.85001e+08 -0.000177619
-6.85908e+08 -0.000177854
-6.86816e+08 -0.00017809
-6.87724e+08 -0.000178325
-6.88632e+08 -0.00017856
-6.89539e+08 -0.000178796
-6.90447e+08 -0.000179031
-6.91355e+08 -0.000179267
-6.92263e+08 -0.000179502
-6.9317e+08 -0.000179737
-6.94078e+08 -0.000179973
-6.94986e+08 -0.000180208
-6.95893e+08 -0.000180443
-6.96801e+08 -0.000180679
-6.97709e+08 -0.000180914
-6.98617e+08 -0.00018115
-6.99524e+08 -0.000181385
-7.00432e+08 -0.00018162
-7.0134e+08 -0.000181856
-7.02247e+08 -0.000182091
-7.03155e+08 -0.000182326
-7.04063e+08 -0.000182562
-7.04971e+08 -0.000182797
-7.05878e+08 -0.000183032
-7.06786e+08 -0.000183268
-7.07694e+08 -0.000183503
-7.08601e+08 -0.000183739
-7.09509e+08 -0.000183974
-7.10417e+08 -0.000184209
-7.11325e+08 -0.000184445
-7.12232e+08 -0.00018468
-7.1314e+08 -0.000184915
-7.14048e+08 -0.000185151
-7.14955e+08 -0.000185386
-7.15863e+08 -0.000185621
-7.16771e+08 -0.000185857
-7.17678e+08 -0.000186092
-7.18586e+08 -0.000186328
-7.19494e+08 -0.000186563
-7.20401e+08 -0.000186798
-7.21309e+08 -0.000187034
-7.22217e+08 -0.000187269
-7.23124e+08 -0.000187504
-7.24032e+08 -0.00018774
-7.2494e+08 -0.000187975
-7.25847e+08 -0.00018821
-7.26755e+08 -0.000188446
-7.27663e+08 -0.000188681
-7.2857e+08 -0.000188916
-7.29478e+08 -0.000189152
-7.30386e+08 -0.000189387
-7.31293e+08 -0.000189622
-7.32201e+08 -0.000189858
-7.33109e+08 -0.000190093
-7.34016e+08 -0.000190329
-7.34924e+08 -0.000190564
-7.35832e+08 -0.000190799
-7.36739e+08 -0.000191035
-7.37647e+08 -0.00019127
-7.38554e+08 -0.000191505
-7.39462e+08 -0.000191741
-7.4037e+08 -0.000191976
-7.41277e+08 -0.000192211
-7.42185e+08 -0.000192447
-7.43093e+08 -0.000192682
-7.44e+08 -0.000192917
-7.44908e+08 -0.000193153
-7.45815e+08 -0.000193388
-7.46723e+08 -0.000193623
-7.47631e+08 -0.000193859
-7.48538e+08 -0.000194094
-7.49446e+08 -0.000194329
-7.50354e+08 -0.000194565
-7.51261e+08 -0.0001948
-7.52169e+08 -0.000195035
-7.53076e+08 -0.000195271
-7.53984e+08 -0.000195506
-7.54892e+08 -0.000195741
-7.55799e+08 -0.000195977
-7.56707e+08 -0.000196212
-7.57614e+08 -0.000196447
-7.58522e+08 -0.000196683
-7.5943e+08 -0.000196918
-7.60337e+08 -0.000197153
-7.61245e+08 -0.000197389
-7.62152e+08 -0.000197624
-7.6306e+08 -0.000197859
-7.63967e+08 -0.000198095
-7.64875e+08 -0.00019833
-7.65783e+08 -0.000198565
-7.6669e+08 -0.000198801
-7.67598e+08 -0.000199036
-7.68505e+08 -0.000199271
-7.69413e+08 -0.000199507
-7.7032e+08 -0.000199742
-7.71228e+08 -0.000199977
-7.72136e+08 -0.000200213
-7.73043e+08 -0.000200448
-7.73951e+08 -0.000200683
-7.74858e+08 -0.000200919
-7.75766e+08 -0.000201154
-7.76673e+08 -0.000201389
-7.77546e+08 -0.000201616
-7.78356e+08 -0.000201826
-7.79166e+08 -0.000202036
-7.79977e+08 -0.000202246
-7.80787e+08 -0.000202456
-7.81597e+08 -0.000202666
-7.82407e+08 -0.000202876
-7.83217e+08 -0.000203086
-7.83708e+08 -0.000203213
-7.83678e+08 -0.000203206
-7.83648e+08 -0.000203198
-7.83618e+08 -0.00020319
-7.83588e+08 -0.000203182
-7.83558e+08 -0.000203175
-7.83528e+08 -0.000203167
-7.83498e+08 -0.000203159
-7.83469e+08 -0.000203151
-7.83439e+08 -0.000203144
-7.83409e+08 -0.000203136
-7.83379e+08 -0.000203128
-7.83349e+08 -0.00020312
-7.83319e+08 -0.000203113
-7.83289e+08 -0.000203105
-7.83259e+08 -0.000203097
-7.83229e+08 -0.000203089
-7.83199e+08 -0.000203082
-7.83169e+08 -0.000203074
-7.83139e+08 -0.000203066
-7.83109e+08 -0.000203058
-7.8308e+08 -0.000203051
-7.8305e+08 -0.000203043
-7.8302e+08 -0.000203035
-7.8299e+08 -0.000203027
-7.8296e+08 -0.00020302
-7.8293e+08 -0.000203012
-7.829e+08 -0.000203004
-7.8287e+08 -0.000202996
-7.8284e+08 -0.000202988
-7.8281e+08 -0.000202981
-7.8278e+08 -0.000202973
-7.8275e+08 -0.000202965
-7.82721e+08 -0.000202957
-7.82691e+08 -0.00020295
-7.82661e+08 -0.000202942
-7.82631e+08 -0.000202934
-7.82601e+08 -0.000202926
-7.82571e+08 -0.000202919
-7.82541e+08 -0.000202911
-7.82511e+08 -0.000202903
-7.82481e+08 -0.000202895
-7.82451e+08 -0.000202888
-7.82421e+08 -0.00020288
-7.82392e+08 -0.000202872
-7.82362e+08 -0.000202864
-7.82332e+08 -0.000202857
-7.82302e+08 -0.000202849
-7.82272e+08 -0.000202841
-7.82242e+08 -0.000202833
-7.82212e+08 -0.000202826
-7.82182e+08 -0.000202818
-7.82152e+08 -0.00020281
-7.82122e+08 -0.000202802
-7.82092e+08 -0.000202795
-7.82063e+08 -0.000202787
-7.82033e+08 -0.000202779
-7.82003e+08 -0.000202771
-7.81973e+08 -0.000202764
-7.81943e+08 -0.000202756
-7.81913e+08 -0.000202748
-7.81883e+08 -0.00020274
-7.81853e+08 -0.000202733
-7.81823e+08 -0.000202725
-7.81793e+08 -0.000202717
-7.81763e+08 -0.000202709
-7.81734e+08 -0.000202702
-7.81704e+08 -0.000202694
-7.81674e+08 -0.000202686
-7.81644e+08 -0.000202678
-7.81614e+08 -0.000202671
-7.81584e+08 -0.000202663
-7.81554e+08 -0.000202655
-7.81524e+08 -0.000202647
-7.81494e+08 -0.00020264
-7.81465e+08 -0.000202632
-7.81435e+08 -0.000202624
-7.81405e+08 -0.000202616
-7.81375e+08 -0.000202609
-7.81345e+08 -0.000202601
-7.81315e+08 -0.000202593
-7.81285e+08 -0.000202585
-7.81255e+08 -0.000202578
-7.81225e+08 -0.00020257
-7.81195e+08 -0.000202562
-7.81166e+08 -0.000202554
-7.81136e+08 -0.000202546
-7.81106e+08 -0.000202539
-7.81076e+08 -0.000202531
-7.81046e+08 -0.000202523
-7.81016e+08 -0.000202515
-7.80986e+08 -0.000202508
-7.80956e+08 -0.0002025
-7.80926e+08 -0.000202492
-7.80897e+08 -0.000202484
-7.80867e+08 -0.000202477
-7.80837e+08 -0.000202469
-7.80807e+08 -0.000202461
-7.80777e+08 -0.000202453
-7.80747e+08 -0.000202446
-7.80717e+08 -0.000202438
-7.80687e+08 -0.00020243
-7.80657e+08 -0.000202422
-7.80628e+08 -0.000202415
-7.80598e+08 -0.000202407
-7.80568e+08 -0.000202399
-7.80538e+08 -0.000202392
-7.80508e+08 -0.000202384
-7.80478e+08 -0.000202376
-7.80448e+08 -0.000202368
-7.80418e+08 -0.000202361
-7.80389e+08 -0.000202353
-7.80359e+08 -0.000202345
-7.80329e+08 -0.000202337
-7.80299e+08 -0.00020233
-7.80269e+08 -0.000202322
-7.80239e+08 -0.000202314
-7.80209e+08 -0.000202306
-7.80179e+08 -0.000202299
-7.80149e+08 -0.000202291
-7.8012e+08 -0.000202283
-7.8009e+08 -0.000202275
-7.8006e+08 -0.000202268
-7.8003e+08 -0.00020226
-7.8e+08 -0.000202252
-7.7997e+08 -0.000202244
-7.7994e+08 -0.000202237
-7.7991e+08 -0.000202229
-7.79881e+08 -0.000202221
-7.79851e+08 -0.000202213
-7.79821e+08 -0.000202206
-7.79791e+08 -0.000202198
-7.79761e+08 -0.00020219
-7.79731e+08 -0.000202182
-7.79701e+08 -0.000202175
-7.79671e+08 -0.000202167
-7.79642e+08 -0.000202159
-7.79612e+08 -0.000202151
-7.79582e+08 -0.000202144
-7.79552e+08 -0.000202136
-7.79522e+08 -0.000202128
-7.79492e+08 -0.00020212
-7.79462e+08 -0.000202113
-7.79433e+08 -0.000202105
-7.79403e+08 -0.000202097
-7.79373e+08 -0.000202089
-7.79343e+08 -0.000202082
-7.79313e+08 -0.000202074
-7.79283e+08 -0.000202066
-7.79253e+08 -0.000202058
-7.79223e+08 -0.000202051
-7.79194e+08 -0.000202043
-7.79164e+08 -0.000202035
-7.79134e+08 -0.000202027
-7.79104e+08 -0.00020202
-7.79074e+08 -0.000202012
-7.79044e+08 -0.000202004
-7.79014e+08 -0.000201996
-7.78985e+08 -0.000201989
-7.78955e+08 -0.000201981
-7.78925e+08 -0.000201973
-7.78895e+08 -0.000201965
-7.78865e+08 -0.000201958
-7.78835e+08 -0.00020195
-7.78805e+08 -0.000201942
-7.78776e+08 -0.000201935
-7.78746e+08 -0.000201927
-7.78716e+08 -0.000201919
-7.78686e+08 -0.000201911
-7.78656e+08 -0.000201904
-7.78626e+08 -0.000201896
-7.78596e+08 -0.000201888
-7.78567e+08 -0.00020188
-7.78537e+08 -0.000201873
-7.78507e+08 -0.000201865
-7.78477e+08 -0.000201857
-7.78447e+08 -0.000201849
-7.78417e+08 -0.000201842
-7.78387e+08 -0.000201834
-7.78358e+08 -0.000201826
-7.78328e+08 -0.000201818
-7.78298e+08 -0.000201811
-7.78268e+08 -0.000201803
-7.78238e+08 -0.000201795
-7.78208e+08 -0.000201787
-7.78179e+08 -0.00020178
-7.78149e+08 -0.000201772
-7.78119e+08 -0.000201764
-7.78089e+08 -0.000201756
-7.78059e+08 -0.000201749
-7.78029e+08 -0.000201741
-7.77999e+08 -0.000201733
-7.7797e+08 -0.000201726
-7.7794e+08 -0.000201718
-7.7791e+08 -0.00020171
-7.7788e+08 -0.000201702
-7.7785e+08 -0.000201695
-7.7782e+08 -0.000201687
-7.7779e+08 -0.000201679
-7.77761e+08 -0.000201671
-7.77731e+08 -0.000201664
-7.77701e+08 -0.000201656
-7.77671e+08 -0.000201648
-7.77641e+08 -0.00020164
-7.77611e+08 -0.000201633
-7.77582e+08 -0.000201625
-7.77552e+08 -0.000201617
-7.77522e+08 -0.000201609
-7.77492e+08 -0.000201602
-7.77462e+08 -0.000201594
-7.77432e+08 -0.000201586
-7.77403e+08 -0.000201579
-7.77373e+08 -0.000201571
-7.77343e+08 -0.000201563
-7.77313e+08 -0.000201555
-7.77283e+08 -0.000201548
-7.77253e+08 -0.00020154
-7.77223e+08 -0.000201532
-7.77194e+08 -0.000201524
-7.77164e+08 -0.000201517
-7.77134e+08 -0.000201509
-7.77104e+08 -0.000201501
-7.77074e+08 -0.000201493
-7.77045e+08 -0.000201486
-7.77015e+08 -0.000201478
-7.76985e+08 -0.00020147
-7.76955e+08 -0.000201462
-7.76925e+08 -0.000201455
-7.76895e+08 -0.000201447
-7.76866e+08 -0.000201439
-7.76836e+08 -0.000201432
-7.76806e+08 -0.000201424
-7.76776e+08 -0.000201416
-7.76746e+08 -0.000201408
-7.76716e+08 -0.000201401
-7.76687e+08 -0.000201393
-7.76657e+08 -0.000201385
-7.76627e+08 -0.000201377
-7.76597e+08 -0.00020137
-7.76567e+08 -0.000201362
-7.76537e+08 -0.000201354
-7.76508e+08 -0.000201346
-7.76478e+08 -0.000201339
-7.76448e+08 -0.000201331
-7.76418e+08 -0.000201323
-7.76388e+08 -0.000201316
-7.76358e+08 -0.000201308
-7.76329e+08 -0.0002013
-7.76299e+08 -0.000201292
-7.76269e+08 -0.000201285
-7.76239e+08 -0.000201277
-7.76209e+08 -0.000201269
-7.7618e+08 -0.000201261
-7.7615e+08 -0.000201254
-7.7612e+08 -0.000201246
-7.7609e+08 -0.000201238
-7.7606e+08 -0.00020123
-7.7603e+08 -0.000201223
-7.76001e+08 -0.000201215
-7.75971e+08 -0.000201207
-7.75941e+08 -0.0002012
-7.75911e+08 -0.000201192
-7.75881e+08 -0.000201184
-7.75852e+08 -0.000201176
-7.75822e+08 -0.000201169
-7.75792e+08 -0.000201161
-7.75762e+08 -0.000201153
-7.75732e+08 -0.000201145
-7.75702e+08 -0.000201138
-7.75673e+08 -0.00020113
-7.75643e+08 -0.000201122
-7.75613e+08 -0.000201114
-7.75583e+08 -0.000201107
-7.75553e+08 -0.000201099
-7.75524e+08 -0.000201091
-7.75494e+08 -0.000201084
-7.75464e+08 -0.000201076
-7.75434e+08 -0.000201068
-7.75404e+08 -0.00020106
-7.75375e+08 -0.000201053
-7.75345e+08 -0.000201045
-7.75315e+08 -0.000201037
-7.75285e+08 -0.000201029
-7.75255e+08 -0.000201022
-7.75226e+08 -0.000201014
-7.75196e+08 -0.000201006
-7.75166e+08 -0.000200999
-7.75136e+08 -0.000200991
-7.75106e+08 -0.000200983
-7.75076e+08 -0.000200975
-7.75047e+08 -0.000200968
-7.75017e+08 -0.00020096
-7.74987e+08 -0.000200952
-7.74957e+08 -0.000200944
-7.74927e+08 -0.000200937
-7.74898e+08 -0.000200929
-7.74868e+08 -0.000200921
-7.74838e+08 -0.000200914
-7.74808e+08 -0.000200906
-7.74778e+08 -0.000200898
-7.74749e+08 -0.00020089
-7.74719e+08 -0.000200883
-7.74689e+08 -0.000200875
-7.74659e+08 -0.000200867
-7.74629e+08 -0.000200859
-7.746e+08 -0.000200852
-7.7457e+08 -0.000200844
-7.7454e+08 -0.000200836
-7.7451e+08 -0.000200829
-7.7448e+08 -0.000200821
-7.74451e+08 -0.000200813
-7.74421e+08 -0.000200805
-7.74391e+08 -0.000200798
-7.74361e+08 -0.00020079
-7.74331e+08 -0.000200782
-7.74302e+08 -0.000200774
-7.74272e+08 -0.000200767
-7.74242e+08 -0.000200759
-7.74212e+08 -0.000200751
-7.74182e+08 -0.000200744
-7.74153e+08 -0.000200736
-7.74123e+08 -0.000200728
-7.74093e+08 -0.00020072
-7.74063e+08 -0.000200713
-7.74034e+08 -0.000200705
-7.74004e+08 -0.000200697
-7.73974e+08 -0.000200689
-7.73944e+08 -0.000200682
-7.73914e+08 -0.000200674
-7.73885e+08 -0.000200666
-7.73855e+08 -0.000200659
-7.73825e+08 -0.000200651
-7.73795e+08 -0.000200643
-7.73765e+08 -0.000200635
-7.73736e+08 -0.000200628
-7.73706e+08 -0.00020062
-7.73676e+08 -0.000200612
-7.73646e+08 -0.000200605
-7.73617e+08 -0.000200597
-7.73587e+08 -0.000200589
-7.73557e+08 -0.000200581
-7.73527e+08 -0.000200574
-7.73497e+08 -0.000200566
-7.73468e+08 -0.000200558
-7.73438e+08 -0.00020055
-7.73408e+08 -0.000200543
-7.73378e+08 -0.000200535
-7.73348e+08 -0.000200527
-7.73319e+08 -0.00020052
-7.73289e+08 -0.000200512
-7.73259e+08 -0.000200504
-7.73229e+08 -0.000200496
-7.732e+08 -0.000200489
-7.7317e+08 -0.000200481
-7.7314e+08 -0.000200473
-7.7311e+08 -0.000200466
-7.7308e+08 -0.000200458
-7.73051e+08 -0.00020045
-7.73021e+08 -0.000200442
-7.72991e+08 -0.000200435
-7.72961e+08 -0.000200427
-7.72932e+08 -0.000200419
-7.72902e+08 -0.000200411
-7.72872e+08 -0.000200404
-7.72842e+08 -0.000200396
-7.72813e+08 -0.000200388
-7.72783e+08 -0.000200381
-7.72753e+08 -0.000200373
-7.72723e+08 -0.000200365
-7.72693e+08 -0.000200357
-7.72664e+08 -0.00020035
-7.72634e+08 -0.000200342
-7.72604e+08 -0.000200334
-7.72574e+08 -0.000200327
-7.72545e+08 -0.000200319
-7.72515e+08 -0.000200311
-7.72485e+08 -0.000200303
-7.72455e+08 -0.000200296
-7.72426e+08 -0.000200288
-7.72396e+08 -0.00020028
-7.72366e+08 -0.000200273
-7.72336e+08 -0.000200265
-7.72306e+08 -0.000200257
-7.72277e+08 -0.000200249
-7.72247e+08 -0.000200242
-7.72217e+08 -0.000200234
-7.72187e+08 -0.000200226
-7.72158e+08 -0.000200219
-7.72128e+08 -0.000200211
-7.72098e+08 -0.000200203
-7.72068e+08 -0.000200195
-7.72039e+08 -0.000200188
-7.72009e+08 -0.00020018
-7.71979e+08 -0.000200172
-7.71949e+08 -0.000200164
-7.7192e+08 -0.000200157
-7.7189e+08 -0.000200149
-7.7186e+08 -0.000200141
-7.7183e+08 -0.000200134
-7.718e+08 -0.000200126
-7.71771e+08 -0.000200118
-7.71741e+08 -0.00020011
-7.71711e+08 -0.000200103
-7.71681e+08 -0.000200095
-7.71652e+08 -0.000200087
-7.71622e+08 -0.00020008
-7.71592e+08 -0.000200072
-7.71562e+08 -0.000200064
-7.71533e+08 -0.000200056
-7.71503e+08 -0.000200049
-7.71473e+08 -0.000200041
-7.71443e+08 -0.000200033
-7.71414e+08 -0.000200026
-7.71384e+08 -0.000200018
-7.71354e+08 -0.00020001
-7.71324e+08 -0.000200002
-7.71295e+08 -0.000199995
-7.71265e+08 -0.000199987
-7.71235e+08 -0.000199979
-7.71205e+08 -0.000199972
-7.71176e+08 -0.000199964
-7.71146e+08 -0.000199956
-7.71116e+08 -0.000199948
-7.71086e+08 -0.000199941
-7.71057e+08 -0.000199933
-7.71027e+08 -0.000199925
-7.70997e+08 -0.000199918
-7.70967e+08 -0.00019991
-7.70938e+08 -0.000199902
-7.70908e+08 -0.000199894
-7.70878e+08 -0.000199887
-7.70848e+08 -0.000199879
-7.70819e+08 -0.000199871
-7.70789e+08 -0.000199864
-7.70759e+08 -0.000199856
-7.70729e+08 -0.000199848
-7.707e+08 -0.00019984
-7.7067e+08 -0.000199833
-7.7064e+08 -0.000199825
-7.70611e+08 -0.000199817
-7.70581e+08 -0.00019981
-7.70551e+08 -0.000199802
-7.70521e+08 -0.000199794
-7.70492e+08 -0.000199787
-7.70462e+08 -0.000199779
-7.70432e+08 -0.000199771
-7.70402e+08 -0.000199763
-7.70373e+08 -0.000199756
-7.70343e+08 -0.000199748
-7.70313e+08 -0.00019974
-7.70283e+08 -0.000199733
-7.70254e+08 -0.000199725
-7.70224e+08 -0.000199717
-7.70194e+08 -0.000199709
-7.70164e+08 -0.000199702
-7.70135e+08 -0.000199694
-7.70105e+08 -0.000199686
-7.70075e+08 -0.000199679
-7.70046e+08 -0.000199671
-7.70016e+08 -0.000199663
-7.69986e+08 -0.000199655
-7.69956e+08 -0.000199648
-7.69927e+08 -0.00019964
-7.69897e+08 -0.000199632
-7.69867e+08 -0.000199625
-7.69837e+08 -0.000199617
-7.69808e+08 -0.000199609
-7.69778e+08 -0.000199601
-7.69748e+08 -0.000199594
-7.69718e+08 -0.000199586
-7.69689e+08 -0.000199578
-7.69659e+08 -0.000199571
-7.69629e+08 -0.000199563
-7.696e+08 -0.000199555
-7.6957e+08 -0.000199548
-7.6954e+08 -0.00019954
-7.6951e+08 -0.000199532
-7.69481e+08 -0.000199524
-7.69451e+08 -0.000199517
-7.69421e+08 -0.000199509
-7.69392e+08 -0.000199501
-7.69362e+08 -0.000199494
-7.69332e+08 -0.000199486
-7.69302e+08 -0.000199478
-7.69273e+08 -0.00019947
-7.69243e+08 -0.000199463
-7.69213e+08 -0.000199455
-7.69183e+08 -0.000199447
-7.69154e+08 -0.00019944
-7.69124e+08 -0.000199432
-7.69094e+08 -0.000199424
-7.69065e+08 -0.000199416
-7.69035e+08 -0.000199409
-7.69005e+08 -0.000199401
-7.68975e+08 -0.000199393
-7.68946e+08 -0.000199386
-7.68916e+08 -0.000199378
-7.68886e+08 -0.00019937
-7.68857e+08 -0.000199363
-7.68827e+08 -0.000199355
-7.68797e+08 -0.000199347
-7.68767e+08 -0.000199339
-7.68738e+08 -0.000199332
-7.68708e+08 -0.000199324
-7.68678e+08 -0.000199316
-7.68649e+08 -0.000199309
-7.68619e+08 -0.000199301
-7.68589e+08 -0.000199293
-7.68559e+08 -0.000199286
-7.6853e+08 -0.000199278
-7.685e+08 -0.00019927
-7.6847e+08 -0.000199262
-7.68441e+08 -0.000199255
-7.68411e+08 -0.000199247
-7.68381e+08 -0.000199239
-7.68351e+08 -0.000199232
-7.68322e+08 -0.000199224
-7.68292e+08 -0.000199216
-7.68262e+08 -0.000199208
-7.68233e+08 -0.000199201
-7.68203e+08 -0.000199193
-7.68173e+08 -0.000199185
-7.68144e+08 -0.000199178
-7.68114e+08 -0.00019917
-7.68084e+08 -0.000199162
-7.68054e+08 -0.000199155
-7.68025e+08 -0.000199147
-7.67995e+08 -0.000199139
-7.67965e+08 -0.000199131
-7.67936e+08 -0.000199124
-7.67906e+08 -0.000199116
-7.67876e+08 -0.000199108
-7.67846e+08 -0.000199101
-7.67817e+08 -0.000199093
-7.67787e+08 -0.000199085
-7.67757e+08 -0.000199078
-7.67728e+08 -0.00019907
-7.67698e+08 -0.000199062
-7.67668e+08 -0.000199054
-7.67639e+08 -0.000199047
-7.67609e+08 -0.000199039
-7.67579e+08 -0.000199031
-7.67549e+08 -0.000199024
-7.6752e+08 -0.000199016
-7.6749e+08 -0.000199008
-7.6746e+08 -0.000199001
-7.67431e+08 -0.000198993
-7.67401e+08 -0.000198985
-7.67371e+08 -0.000198977
-7.67342e+08 -0.00019897
-7.67312e+08 -0.000198962
-7.67282e+08 -0.000198954
-7.67253e+08 -0.000198947
-7.67223e+08 -0.000198939
-7.67193e+08 -0.000198931
-7.67163e+08 -0.000198924
-7.67134e+08 -0.000198916
-7.67104e+08 -0.000198908
-7.67074e+08 -0.0001989
-7.67045e+08 -0.000198893
-7.67015e+08 -0.000198885
-7.66985e+08 -0.000198877
-7.66956e+08 -0.00019887
-7.66926e+08 -0.000198862
-7.66896e+08 -0.000198854
-7.66867e+08 -0.000198847
-7.66837e+08 -0.000198839
-7.66807e+08 -0.000198831
-7.66778e+08 -0.000198823
-7.66748e+08 -0.000198816
-7.66718e+08 -0.000198808
-7.66688e+08 -0.0001988
-7.66659e+08 -0.000198793
-7.66629e+08 -0.000198785
-7.66599e+08 -0.000198777
-7.6657e+08 -0.00019877
-7.6654e+08 -0.000198762
-7.6651e+08 -0.000198754
-7.66481e+08 -0.000198746
-7.66451e+08 -0.000198739
-7.66421e+08 -0.000198731
-7.66392e+08 -0.000198723
-7.66362e+08 -0.000198716
-7.66332e+08 -0.000198708
-7.66303e+08 -0.0001987
-7.66273e+08 -0.000198693
-7.66243e+08 -0.000198685
-7.66214e+08 -0.000198677
-7.66184e+08 -0.00019867
-7.66154e+08 -0.000198662
-7.66125e+08 -0.000198654
-7.66095e+08 -0.000198646
-7.66065e+08 -0.000198639
-7.66036e+08 -0.000198631
-7.66006e+08 -0.000198623
-7.65976e+08 -0.000198616
-7.65946e+08 -0.000198608
-7.65917e+08 -0.0001986
-7.65887e+08 -0.000198593
-7.65857e+08 -0.000198585
-7.65828e+08 -0.000198577
-7.65798e+08 -0.00019857
-7.65768e+08 -0.000198562
-7.65739e+08 -0.000198554
-7.65709e+08 -0.000198546
-7.65679e+08 -0.000198539
-7.6565e+08 -0.000198531
-7.6562e+08 -0.000198523
-7.6559e+08 -0.000198516
-7.65561e+08 -0.000198508
-7.65531e+08 -0.0001985
-7.65501e+08 -0.000198493
-7.65472e+08 -0.000198485
-7.65442e+08 -0.000198477
-7.65412e+08 -0.000198469
-7.65383e+08 -0.000198462
-7.65353e+08 -0.000198454
-7.65323e+08 -0.000198446
-7.65294e+08 -0.000198439
-7.65264e+08 -0.000198431
-7.65234e+08 -0.000198423
-7.65205e+08 -0.000198416
-7.65175e+08 -0.000198408
-7.65145e+08 -0.0001984
-7.65116e+08 -0.000198393
-7.65086e+08 -0.000198385
-7.65056e+08 -0.000198377
-7.65027e+08 -0.00019837
-7.64997e+08 -0.000198362
-7.64967e+08 -0.000198354
-7.64938e+08 -0.000198346
-7.64908e+08 -0.000198339
-7.64879e+08 -0.000198331
-7.64849e+08 -0.000198323
-7.64819e+08 -0.000198316
-7.6479e+08 -0.000198308
-7.6476e+08 -0.0001983
-7.6473e+08 -0.000198293
-7.64701e+08 -0.000198285
-7.64671e+08 -0.000198277
-7.64641e+08 -0.00019827
-7.64612e+08 -0.000198262
-7.64582e+08 -0.000198254
-7.64552e+08 -0.000198246
-7.64523e+08 -0.000198239
-7.64493e+08 -0.000198231
-7.64463e+08 -0.000198223
-7.64434e+08 -0.000198216
-7.64404e+08 -0.000198208
-7.64374e+08 -0.0001982
-7.64345e+08 -0.000198193
-7.64315e+08 -0.000198185
-7.64285e+08 -0.000198177
-7.64256e+08 -0.00019817
-7.64226e+08 -0.000198162
-7.64196e+08 -0.000198154
-7.64167e+08 -0.000198147
-7.64137e+08 -0.000198139
-7.64108e+08 -0.000198131
-7.64078e+08 -0.000198123
-7.64048e+08 -0.000198116
-7.64019e+08 -0.000198108
-7.63989e+08 -0.0001981
-7.63959e+08 -0.000198093
-7.6393e+08 -0.000198085
-7.639e+08 -0.000198077
-7.6387e+08 -0.00019807
-7.63841e+08 -0.000198062
-7.63811e+08 -0.000198054
-7.63781e+08 -0.000198047
-7.63752e+08 -0.000198039
-7.63722e+08 -0.000198031
-7.63693e+08 -0.000198024
-7.63663e+08 -0.000198016
-7.63633e+08 -0.000198008
-7.63604e+08 -0.000198
-7.63574e+08 -0.000197993
-7.63544e+08 -0.000197985
-7.63515e+08 -0.000197977
-7.63485e+08 -0.00019797
-7.63455e+08 -0.000197962
-7.63426e+08 -0.000197954
-7.63396e+08 -0.000197947
-7.63366e+08 -0.000197939
-7.63337e+08 -0.000197931
-7.63307e+08 -0.000197924
-7.63278e+08 -0.000197916
-7.63248e+08 -0.000197908
-7.63218e+08 -0.000197901
-7.63189e+08 -0.000197893
-7.63159e+08 -0.000197885
-7.63129e+08 -0.000197878
-7.631e+08 -0.00019787
-7.6307e+08 -0.000197862
-7.63041e+08 -0.000197854
-7.63011e+08 -0.000197847
-7.62981e+08 -0.000197839
-7.62952e+08 -0.000197831
-7.62922e+08 -0.000197824
-7.62892e+08 -0.000197816
-7.62863e+08 -0.000197808
-7.62833e+08 -0.000197801
-7.62803e+08 -0.000197793
-7.62774e+08 -0.000197785
-7.62744e+08 -0.000197778
-7.62715e+08 -0.00019777
-7.62685e+08 -0.000197762
-7.62655e+08 -0.000197755
-7.62626e+08 -0.000197747
-7.62596e+08 -0.000197739
-7.62566e+08 -0.000197732
-7.62537e+08 -0.000197724
-7.62507e+08 -0.000197716
-7.62478e+08 -0.000197709
-7.62448e+08 -0.000197701
-7.62418e+08 -0.000197693
-7.62389e+08 -0.000197685
-7.62359e+08 -0.000197678
-7.62329e+08 -0.00019767
-7.623e+08 -0.000197662
-7.6227e+08 -0.000197655
-7.62241e+08 -0.000197647
-7.62211e+08 -0.000197639
-7.62181e+08 -0.000197632
-7.62152e+08 -0.000197624
-7.62122e+08 -0.000197616
-7.62093e+08 -0.000197609
-7.62063e+08 -0.000197601
-7.62033e+08 -0.000197593
-7.62004e+08 -0.000197586
-7.61974e+08 -0.000197578
-7.61944e+08 -0.00019757
-7.61915e+08 -0.000197563
-7.61885e+08 -0.000197555
-7.61856e+08 -0.000197547
-7.61826e+08 -0.00019754
-7.61796e+08 -0.000197532
-7.61767e+08 -0.000197524
-7.61737e+08 -0.000197517
-7.61708e+08 -0.000197509
-7.61678e+08 -0.000197501
-7.61648e+08 -0.000197493
-7.61619e+08 -0.000197486
-7.61589e+08 -0.000197478
-7.61559e+08 -0.00019747
-7.6153e+08 -0.000197463
-7.615e+08 -0.000197455
-7.61471e+08 -0.000197447
-7.61441e+08 -0.00019744
-7.61411e+08 -0.000197432
-7.61382e+08 -0.000197424
-7.61352e+08 -0.000197417
-7.61323e+08 -0.000197409
-7.61293e+08 -0.000197401
-7.61263e+08 -0.000197394
-7.61234e+08 -0.000197386
-7.61204e+08 -0.000197378
-7.61175e+08 -0.000197371
-7.61145e+08 -0.000197363
-7.61115e+08 -0.000197355
-7.61086e+08 -0.000197348
-7.61056e+08 -0.00019734
-7.61027e+08 -0.000197332
-7.60997e+08 -0.000197325
-7.60967e+08 -0.000197317
-7.60938e+08 -0.000197309
-7.60908e+08 -0.000197302
-7.60879e+08 -0.000197294
-7.60849e+08 -0.000197286
-7.60819e+08 -0.000197279
-7.6079e+08 -0.000197271
-7.6076e+08 -0.000197263
-7.60731e+08 -0.000197256
-7.60701e+08 -0.000197248
-7.60671e+08 -0.00019724
-7.60642e+08 -0.000197232
-7.60612e+08 -0.000197225
-7.60583e+08 -0.000197217
-7.60553e+08 -0.000197209
-7.60523e+08 -0.000197202
-7.60494e+08 -0.000197194
-7.60464e+08 -0.000197186
-7.60435e+08 -0.000197179
-7.60405e+08 -0.000197171
-7.60375e+08 -0.000197163
-7.60346e+08 -0.000197156
-7.60316e+08 -0.000197148
-7.60287e+08 -0.00019714
-7.60257e+08 -0.000197133
-7.60227e+08 -0.000197125
-7.60198e+08 -0.000197117
-7.60168e+08 -0.00019711
-7.60139e+08 -0.000197102
-7.60109e+08 -0.000197094
-7.60079e+08 -0.000197087
-7.6005e+08 -0.000197079
-7.6002e+08 -0.000197071
-7.59991e+08 -0.000197064
-7.59961e+08 -0.000197056
-7.59932e+08 -0.000197048
-7.59902e+08 -0.000197041
-7.59872e+08 -0.000197033
-7.59843e+08 -0.000197025
-7.59813e+08 -0.000197018
-7.59784e+08 -0.00019701
-7.59754e+08 -0.000197002
-7.59724e+08 -0.000196995
-7.59695e+08 -0.000196987
-7.59665e+08 -0.000196979
-7.59636e+08 -0.000196972
-7.59606e+08 -0.000196964
-7.59577e+08 -0.000196956
-7.59547e+08 -0.000196949
-7.59517e+08 -0.000196941
-7.59488e+08 -0.000196933
-7.59458e+08 -0.000196926
-7.59429e+08 -0.000196918
-7.59399e+08 -0.00019691
-7.5937e+08 -0.000196903
-7.5934e+08 -0.000196895
-7.5931e+08 -0.000196887
-7.59281e+08 -0.00019688
-7.59251e+08 -0.000196872
-7.59222e+08 -0.000196864
-7.59192e+08 -0.000196857
-7.59162e+08 -0.000196849
-7.59133e+08 -0.000196841
-7.59103e+08 -0.000196834
-7.59074e+08 -0.000196826
-7.59044e+08 -0.000196818
-7.59015e+08 -0.000196811
-7.58985e+08 -0.000196803
-7.58955e+08 -0.000196795
-7.58926e+08 -0.000196788
-7.58896e+08 -0.00019678
-7.58867e+08 -0.000196772
-7.58837e+08 -0.000196765
-7.58808e+08 -0.000196757
-7.58778e+08 -0.000196749
-7.58748e+08 -0.000196742
-7.58719e+08 -0.000196734
-7.58689e+08 -0.000196726
-7.5866e+08 -0.000196719
-7.5863e+08 -0.000196711
-7.58601e+08 -0.000196703
-7.58571e+08 -0.000196696
-7.58541e+08 -0.000196688
-7.58512e+08 -0.00019668
-7.58482e+08 -0.000196673
-7.58453e+08 -0.000196665
-7.58423e+08 -0.000196657
-7.58394e+08 -0.00019665
-7.58364e+08 -0.000196642
-7.58334e+08 -0.000196634
-7.58305e+08 -0.000196627
-7.58275e+08 -0.000196619
-7.58246e+08 -0.000196611
-7.58216e+08 -0.000196604
-7.58187e+08 -0.000196596
-7.58157e+08 -0.000196588
-7.58128e+08 -0.000196581
-7.58098e+08 -0.000196573
-7.58068e+08 -0.000196565
-7.58039e+08 -0.000196558
-7.58009e+08 -0.00019655
-7.5798e+08 -0.000196542
-7.5795e+08 -0.000196535
-7.57921e+08 -0.000196527
-7.57891e+08 -0.000196519
-7.57862e+08 -0.000196512
-7.57832e+08 -0.000196504
-7.57802e+08 -0.000196496
-7.57773e+08 -0.000196489
-7.57743e+08 -0.000196481
-7.57714e+08 -0.000196473
-7.57684e+08 -0.000196466
-7.57655e+08 -0.000196458
-7.57625e+08 -0.00019645
-7.57596e+08 -0.000196443
-7.57566e+08 -0.000196435
-7.57536e+08 -0.000196427
-7.57507e+08 -0.00019642
-7.57477e+08 -0.000196412
-7.57448e+08 -0.000196404
-7.57418e+08 -0.000196397
-7.57389e+08 -0.000196389
-7.57359e+08 -0.000196381
-7.5733e+08 -0.000196374
-7.573e+08 -0.000196366
-7.5727e+08 -0.000196358
-7.57241e+08 -0.000196351
-7.57211e+08 -0.000196343
-7.57182e+08 -0.000196335
-7.57152e+08 -0.000196328
-7.57123e+08 -0.00019632
-7.57093e+08 -0.000196312
-7.57064e+08 -0.000196305
-7.57034e+08 -0.000196297
-7.57005e+08 -0.000196289
-7.56975e+08 -0.000196282
-7.56945e+08 -0.000196274
-7.56916e+08 -0.000196266
-7.56886e+08 -0.000196259
-7.56857e+08 -0.000196251
-7.56827e+08 -0.000196243
-7.56798e+08 -0.000196236
-7.56768e+08 -0.000196228
-7.56739e+08 -0.00019622
-7.56709e+08 -0.000196213
-7.5668e+08 -0.000196205
-7.5665e+08 -0.000196197
-7.56621e+08 -0.00019619
-7.56591e+08 -0.000196182
-7.56561e+08 -0.000196174
-7.56532e+08 -0.000196167
-7.56502e+08 -0.000196159
-7.56473e+08 -0.000196151
-7.56443e+08 -0.000196144
-7.56414e+08 -0.000196136
-7.56384e+08 -0.000196129
-7.56355e+08 -0.000196121
-7.56325e+08 -0.000196113
-7.56296e+08 -0.000196106
-7.56266e+08 -0.000196098
-7.56237e+08 -0.00019609
-7.56207e+08 -0.000196083
-7.56177e+08 -0.000196075
-7.56148e+08 -0.000196067
-7.56118e+08 -0.00019606
-7.56089e+08 -0.000196052
-7.56059e+08 -0.000196044
-7.5603e+08 -0.000196037
-7.56e+08 -0.000196029
-7.55971e+08 -0.000196021
-7.55941e+08 -0.000196014
-7.55912e+08 -0.000196006
-7.55882e+08 -0.000195998
-7.55853e+08 -0.000195991
-7.55823e+08 -0.000195983
-7.55794e+08 -0.000195975
-7.55764e+08 -0.000195968
-7.55735e+08 -0.00019596
-7.55705e+08 -0.000195952
-7.55675e+08 -0.000195945
-7.55646e+08 -0.000195937
-7.55616e+08 -0.000195929
-7.55587e+08 -0.000195922
-7.55557e+08 -0.000195914
-7.55528e+08 -0.000195906
-7.55498e+08 -0.000195899
-7.55469e+08 -0.000195891
-7.55439e+08 -0.000195883
-7.5541e+08 -0.000195876
-7.5538e+08 -0.000195868
-7.55351e+08 -0.000195861
-7.55321e+08 -0.000195853
-7.55292e+08 -0.000195845
-7.55262e+08 -0.000195838
-7.55233e+08 -0.00019583
-7.55203e+08 -0.000195822
-7.55174e+08 -0.000195815
-7.55144e+08 -0.000195807
-7.55115e+08 -0.000195799
-7.55085e+08 -0.000195792
-7.55056e+08 -0.000195784
-7.55026e+08 -0.000195776
-7.54997e+08 -0.000195769
-7.54967e+08 -0.000195761
-7.54937e+08 -0.000195753
-7.54908e+08 -0.000195746
-7.54878e+08 -0.000195738
-7.54849e+08 -0.00019573
-7.54819e+08 -0.000195723
-7.5479e+08 -0.000195715
-7.5476e+08 -0.000195707
-7.54731e+08 -0.0001957
-7.54701e+08 -0.000195692
-7.54672e+08 -0.000195685
-7.54642e+08 -0.000195677
-7.54613e+08 -0.000195669
-7.54583e+08 -0.000195662
-7.54554e+08 -0.000195654
-7.54524e+08 -0.000195646
-7.54495e+08 -0.000195639
-7.54465e+08 -0.000195631
-7.54436e+08 -0.000195623
-7.54406e+08 -0.000195616
-7.54377e+08 -0.000195608
-7.54347e+08 -0.0001956
-7.54318e+08 -0.000195593
-7.54288e+08 -0.000195585
-7.54259e+08 -0.000195577
-7.54229e+08 -0.00019557
-7.542e+08 -0.000195562
-7.5417e+08 -0.000195554
-7.54141e+08 -0.000195547
-7.54111e+08 -0.000195539
-7.54082e+08 -0.000195531
-7.54052e+08 -0.000195524
-7.54023e+08 -0.000195516
-7.53993e+08 -0.000195509
-7.53964e+08 -0.000195501
-7.53934e+08 -0.000195493
-7.53905e+08 -0.000195486
-7.53875e+08 -0.000195478
-7.53846e+08 -0.00019547
-7.53816e+08 -0.000195463
-7.53787e+08 -0.000195455
-7.53757e+08 -0.000195447
-7.53728e+08 -0.00019544
-7.53698e+08 -0.000195432
-7.53669e+08 -0.000195424
-7.53639e+08 -0.000195417
-7.5361e+08 -0.000195409
-7.5358e+08 -0.000195401
-7.53551e+08 -0.000195394
-7.53521e+08 -0.000195386
-7.53492e+08 -0.000195379
-7.53462e+08 -0.000195371
-7.53433e+08 -0.000195363
-7.53403e+08 -0.000195356
-7.53374e+08 -0.000195348
-7.53344e+08 -0.00019534
-7.53315e+08 -0.000195333
-7.53285e+08 -0.000195325
-7.53256e+08 -0.000195317
-7.53226e+08 -0.00019531
-7.53197e+08 -0.000195302
-7.53167e+08 -0.000195294
-7.53138e+08 -0.000195287
-7.53108e+08 -0.000195279
-7.53079e+08 -0.000195271
-7.53049e+08 -0.000195264
-7.5302e+08 -0.000195256
-7.5299e+08 -0.000195249
-7.52961e+08 -0.000195241
-7.52931e+08 -0.000195233
-7.52902e+08 -0.000195226
-7.52873e+08 -0.000195218
-7.52843e+08 -0.00019521
-7.52814e+08 -0.000195203
-7.52784e+08 -0.000195195
-7.52755e+08 -0.000195187
-7.52725e+08 -0.00019518
-7.52696e+08 -0.000195172
-7.52666e+08 -0.000195164
-7.52637e+08 -0.000195157
-7.52607e+08 -0.000195149
-7.52578e+08 -0.000195141
-7.52548e+08 -0.000195134
-7.52519e+08 -0.000195126
-7.52489e+08 -0.000195119
-7.5246e+08 -0.000195111
-7.5243e+08 -0.000195103
-7.52401e+08 -0.000195096
-7.52371e+08 -0.000195088
-7.52342e+08 -0.00019508
-7.52312e+08 -0.000195073
-7.52283e+08 -0.000195065
-7.52253e+08 -0.000195057
-7.52224e+08 -0.00019505
-7.52194e+08 -0.000195042
-7.52165e+08 -0.000195034
-7.52136e+08 -0.000195027
-7.52106e+08 -0.000195019
-7.52077e+08 -0.000195012
-7.52047e+08 -0.000195004
-7.52018e+08 -0.000194996
-7.51988e+08 -0.000194989
-7.51959e+08 -0.000194981
-7.51929e+08 -0.000194973
-7.519e+08 -0.000194966
-7.5187e+08 -0.000194958
-7.51841e+08 -0.00019495
-7.51811e+08 -0.000194943
-7.51782e+08 -0.000194935
-7.51752e+08 -0.000194927
-7.51723e+08 -0.00019492
-7.51693e+08 -0.000194912
-7.51664e+08 -0.000194905
-7.51635e+08 -0.000194897
-7.51605e+08 -0.000194889
-7.51576e+08 -0.000194882
-7.51546e+08 -0.000194874
-7.51517e+08 -0.000194866
-7.51487e+08 -0.000194859
-7.51458e+08 -0.000194851
-7.51428e+08 -0.000194843
-7.51399e+08 -0.000194836
-7.51369e+08 -0.000194828
-7.5134e+08 -0.000194821
-7.5131e+08 -0.000194813
-7.51281e+08 -0.000194805
-7.51252e+08 -0.000194798
-7.51222e+08 -0.00019479
-7.51193e+08 -0.000194782
-7.51163e+08 -0.000194775
-7.51134e+08 -0.000194767
-7.51104e+08 -0.000194759
-7.51075e+08 -0.000194752
-7.51045e+08 -0.000194744
-7.51016e+08 -0.000194737
-7.50986e+08 -0.000194729
-7.50957e+08 -0.000194721
-7.50927e+08 -0.000194714
-7.50898e+08 -0.000194706
-7.50869e+08 -0.000194698
-7.50839e+08 -0.000194691
-7.5081e+08 -0.000194683
-7.5078e+08 -0.000194675
-7.50751e+08 -0.000194668
-7.50721e+08 -0.00019466
-7.50692e+08 -0.000194652
-7.50662e+08 -0.000194645
-7.50633e+08 -0.000194637
-7.50603e+08 -0.00019463
-7.50574e+08 -0.000194622
-7.50545e+08 -0.000194614
-7.50457e+08 -0.000194591
-7.50216e+08 -0.000194529
-7.49975e+08 -0.000194467
-7.49734e+08 -0.000194404
-7.49493e+08 -0.000194342
-7.49252e+08 -0.000194279
-7.49011e+08 -0.000194217
-7.4877e+08 -0.000194154
-7.48529e+08 -0.000194092
-7.48289e+08 -0.000194029
-7.48048e+08 -0.000193967
-7.47807e+08 -0.000193904
-7.47566e+08 -0.000193842
-7.47325e+08 -0.00019378
-7.47084e+08 -0.000193717
-7.46843e+08 -0.000193655
-7.46602e+08 -0.000193592
-7.46362e+08 -0.00019353
-7.46121e+08 -0.000193467
-7.4588e+08 -0.000193405
-7.45639e+08 -0.000193342
-7.45398e+08 -0.00019328
-7.45157e+08 -0.000193217
-7.44916e+08 -0.000193155
-7.44676e+08 -0.000193092
-7.44435e+08 -0.00019303
-7.44194e+08 -0.000192968
-7.43953e+08 -0.000192905
-7.43712e+08 -0.000192843
-7.43471e+08 -0.00019278
-7.4323e+08 -0.000192718
-7.42989e+08 -0.000192655
-7.42749e+08 -0.000192593
-7.42508e+08 -0.00019253
-7.42267e+08 -0.000192468
-7.42026e+08 -0.000192405
-7.41785e+08 -0.000192343
-7.41544e+08 -0.000192281
-7.41303e+08 -0.000192218
-7.41062e+08 -0.000192156
-7.40822e+08 -0.000192093
-7.40581e+08 -0.000192031
-7.4034e+08 -0.000191968
-7.40099e+08 -0.000191906
-7.39858e+08 -0.000191843
-7.39617e+08 -0.000191781
-7.39376e+08 -0.000191718
-7.39135e+08 -0.000191656
-7.38895e+08 -0.000191593
-7.38654e+08 -0.000191531
-7.38413e+08 -0.000191469
-7.38172e+08 -0.000191406
-7.37931e+08 -0.000191344
-7.3769e+08 -0.000191281
-7.37449e+08 -0.000191219
-7.37208e+08 -0.000191156
-7.36968e+08 -0.000191094
-7.36727e+08 -0.000191031
-7.36486e+08 -0.000190969
-7.36245e+08 -0.000190906
-7.36004e+08 -0.000190844
-7.35763e+08 -0.000190782
-7.35522e+08 -0.000190719
-7.35281e+08 -0.000190657
-7.34842e+08 -0.000190543
-7.3438e+08 -0.000190423
-7.33918e+08 -0.000190303
-7.33456e+08 -0.000190183
-7.32994e+08 -0.000190064
-7.32532e+08 -0.000189944
-7.3207e+08 -0.000189824
-7.31608e+08 -0.000189704
-7.31146e+08 -0.000189584
-7.30685e+08 -0.000189465
-7.30223e+08 -0.000189345
-7.29761e+08 -0.000189225
-7.29299e+08 -0.000189105
-7.28837e+08 -0.000188986
-7.28375e+08 -0.000188866
-7.27913e+08 -0.000188746
-7.27451e+08 -0.000188626
-7.26989e+08 -0.000188507
-7.26528e+08 -0.000188387
-7.26066e+08 -0.000188267
-7.25604e+08 -0.000188147
-7.25142e+08 -0.000188027
-7.2468e+08 -0.000187908
-7.24218e+08 -0.000187788
-7.23756e+08 -0.000187668
-7.23295e+08 -0.000187548
-7.22833e+08 -0.000187429
-7.22371e+08 -0.000187309
-7.21909e+08 -0.000187189
-7.21447e+08 -0.000187069
-7.20985e+08 -0.00018695
-7.20523e+08 -0.00018683
-7.20061e+08 -0.00018671
-7.196e+08 -0.00018659
-7.19138e+08 -0.000186471
-7.18676e+08 -0.000186351
-7.18214e+08 -0.000186231
-7.17752e+08 -0.000186111
-7.1729e+08 -0.000185992
-7.16829e+08 -0.000185872
-7.16367e+08 -0.000185752
-7.15905e+08 -0.000185632
-7.15443e+08 -0.000185513
-7.14981e+08 -0.000185393
-7.14519e+08 -0.000185273
-7.14057e+08 -0.000185153
-7.13596e+08 -0.000185034
-7.13134e+08 -0.000184914
-7.12672e+08 -0.000184794
-7.1221e+08 -0.000184674
-7.11748e+08 -0.000184555
-7.11287e+08 -0.000184435
-7.10825e+08 -0.000184315
-7.10363e+08 -0.000184195
-7.09901e+08 -0.000184076
-7.09439e+08 -0.000183956
-7.08977e+08 -0.000183836
-7.08516e+08 -0.000183716
-7.08054e+08 -0.000183597
-7.07592e+08 -0.000183477
-7.0713e+08 -0.000183357
-7.06668e+08 -0.000183237
-7.06207e+08 -0.000183118
-7.05745e+08 -0.000182998
-7.05283e+08 -0.000182878
-7.04821e+08 -0.000182758
-7.04359e+08 -0.000182639
-7.03898e+08 -0.000182519
-7.03436e+08 -0.000182399
-7.02974e+08 -0.000182279
-7.02512e+08 -0.00018216
-7.0205e+08 -0.00018204
-7.01589e+08 -0.00018192
-7.01127e+08 -0.0001818
-7.00665e+08 -0.000181681
-7.00203e+08 -0.000181561
-6.99741e+08 -0.000181441
-6.9928e+08 -0.000181321
-6.98818e+08 -0.000181202
-6.98356e+08 -0.000181082
-6.97894e+08 -0.000180962
-6.97433e+08 -0.000180842
-6.96971e+08 -0.000180723
-6.96509e+08 -0.000180603
-6.96047e+08 -0.000180483
-6.95586e+08 -0.000180364
-6.95124e+08 -0.000180244
-6.94662e+08 -0.000180124
-6.942e+08 -0.000180004
-6.93738e+08 -0.000179885
-6.93277e+08 -0.000179765
-6.92815e+08 -0.000179645
-6.92353e+08 -0.000179525
-6.91891e+08 -0.000179406
-6.9143e+08 -0.000179286
-6.90968e+08 -0.000179166
-6.90506e+08 -0.000179046
-6.90044e+08 -0.000178927
-6.89583e+08 -0.000178807
-6.89121e+08 -0.000178687
-6.88659e+08 -0.000178568
-6.88197e+08 -0.000178448
-6.87736e+08 -0.000178328
-6.87274e+08 -0.000178208
-6.86812e+08 -0.000178089
-6.86351e+08 -0.000177969
-6.85889e+08 -0.000177849
-6.85427e+08 -0.000177729
-6.84965e+08 -0.00017761
-6.84504e+08 -0.00017749
-6.84042e+08 -0.00017737
-6.8358e+08 -0.000177251
-6.83118e+08 -0.000177131
-6.82657e+08 -0.000177011
-6.82195e+08 -0.000176891
-6.81733e+08 -0.000176772
-6.81272e+08 -0.000176652
-6.8081e+08 -0.000176532
-6.80348e+08 -0.000176413
-6.79886e+08 -0.000176293
-6.79425e+08 -0.000176173
-6.78963e+08 -0.000176053
-6.78501e+08 -0.000175934
-6.7804e+08 -0.000175814
-6.77578e+08 -0.000175694
-6.77116e+08 -0.000175575
-6.76654e+08 -0.000175455
-6.76193e+08 -0.000175335
-6.75731e+08 -0.000175215
-6.75269e+08 -0.000175096
-6.74808e+08 -0.000174976
-6.74346e+08 -0.000174856
-6.73884e+08 -0.000174736
-6.73423e+08 -0.000174617
-6.72961e+08 -0.000174497
-6.72499e+08 -0.000174377
-6.72038e+08 -0.000174258
-6.71576e+08 -0.000174138
-6.71114e+08 -0.000174018
-6.70653e+08 -0.000173898
-6.70191e+08 -0.000173779
-6.69729e+08 -0.000173659
-6.69268e+08 -0.000173539
-6.68806e+08 -0.00017342
-6.68344e+08 -0.0001733
-6.67883e+08 -0.00017318
-6.67421e+08 -0.000173061
-6.66959e+08 -0.000172941
-6.66498e+08 -0.000172821
-6.66036e+08 -0.000172701
-6.65574e+08 -0.000172582
-6.65113e+08 -0.000172462
-6.64651e+08 -0.000172342
-6.64189e+08 -0.000172223
-6.63728e+08 -0.000172103
-6.63266e+08 -0.000171983
-6.62804e+08 -0.000171863
-6.62343e+08 -0.000171744
-6.61881e+08 -0.000171624
-6.61419e+08 -0.000171504
-6.60958e+08 -0.000171385
-6.60496e+08 -0.000171265
-6.60034e+08 -0.000171145
-6.59573e+08 -0.000171026
-6.59111e+08 -0.000170906
-6.5865e+08 -0.000170786
-6.58188e+08 -0.000170666
-6.57726e+08 -0.000170547
-6.57265e+08 -0.000170427
-6.56803e+08 -0.000170307
-6.56341e+08 -0.000170188
-6.5588e+08 -0.000170068
-6.55418e+08 -0.000169948
-6.54956e+08 -0.000169829
-6.54495e+08 -0.000169709
-6.54033e+08 -0.000169589
-6.53572e+08 -0.000169469
-6.5311e+08 -0.00016935
-6.52648e+08 -0.00016923
-6.52187e+08 -0.00016911
-6.51725e+08 -0.000168991
-6.51264e+08 -0.000168871
-6.50802e+08 -0.000168751
-6.5034e+08 -0.000168632
-6.49879e+08 -0.000168512
-6.49417e+08 -0.000168392
-6.48956e+08 -0.000168273
-6.48494e+08 -0.000168153
-6.48032e+08 -0.000168033
-6.47571e+08 -0.000167913
-6.47109e+08 -0.000167794
-6.46648e+08 -0.000167674
-6.46186e+08 -0.000167554
-6.45724e+08 -0.000167435
-6.45263e+08 -0.000167315
-6.44801e+08 -0.000167195
-6.4434e+08 -0.000167076
-6.43878e+08 -0.000166956
-6.43417e+08 -0.000166836
-6.42955e+08 -0.000166717
-6.42493e+08 -0.000166597
-6.42032e+08 -0.000166477
-6.4157e+08 -0.000166358
-6.41109e+08 -0.000166238
-6.40647e+08 -0.000166118
-6.40186e+08 -0.000165998
-6.39724e+08 -0.000165879
-6.39262e+08 -0.000165759
-6.38801e+08 -0.000165639
-6.38339e+08 -0.00016552
-6.37878e+08 -0.0001654
-6.37416e+08 -0.00016528
-6.36955e+08 -0.000165161
-6.36493e+08 -0.000165041
-6.36031e+08 -0.000164921
-6.3557e+08 -0.000164802
-6.35108e+08 -0.000164682
-6.34647e+08 -0.000164562
-6.34185e+08 -0.000164443
-6.33724e+08 -0.000164323
-6.33262e+08 -0.000164203
-6.32801e+08 -0.000164084
-6.32339e+08 -0.000163964
-6.31878e+08 -0.000163844
-6.31416e+08 -0.000163725
-6.30955e+08 -0.000163605
-6.30493e+08 -0.000163485
-6.30031e+08 -0.000163366
-6.2957e+08 -0.000163246
-6.29108e+08 -0.000163126
-6.28647e+08 -0.000163007
-6.28185e+08 -0.000162887
-6.27724e+08 -0.000162767
-6.27262e+08 -0.000162648
-6.26801e+08 -0.000162528
-6.26339e+08 -0.000162408
-6.25878e+08 -0.000162289
-6.25416e+08 -0.000162169
-6.24955e+08 -0.000162049
-6.24493e+08 -0.00016193
-6.24032e+08 -0.00016181
-6.2357e+08 -0.00016169
-6.23109e+08 -0.000161571
-6.22647e+08 -0.000161451
-6.22186e+08 -0.000161331
-6.21724e+08 -0.000161212
-6.21263e+08 -0.000161092
-6.20801e+08 -0.000160972
-6.2034e+08 -0.000160853
-6.19878e+08 -0.000160733
-6.19417e+08 -0.000160613
-6.18955e+08 -0.000160494
-6.18494e+08 -0.000160374
-6.18032e+08 -0.000160254
-6.17571e+08 -0.000160135
-6.17109e+08 -0.000160015
-6.16648e+08 -0.000159895
-6.16186e+08 -0.000159776
-6.15725e+08 -0.000159656
-6.15263e+08 -0.000159536
-6.14802e+08 -0.000159417
-6.1434e+08 -0.000159297
-6.13879e+08 -0.000159177
-6.13417e+08 -0.000159058
-6.12956e+08 -0.000158938
-6.12495e+08 -0.000158818
-6.12033e+08 -0.000158699
-6.11572e+08 -0.000158579
-6.1111e+08 -0.000158459
-6.10649e+08 -0.00015834
-6.10187e+08 -0.00015822
-6.09726e+08 -0.0001581
-6.09264e+08 -0.000157981
-6.08803e+08 -0.000157861
-6.08341e+08 -0.000157741
-6.0788e+08 -0.000157622
-6.07418e+08 -0.000157502
-6.06957e+08 -0.000157382
-6.06496e+08 -0.000157263
-6.06034e+08 -0.000157143
-6.05573e+08 -0.000157023
-6.05111e+08 -0.000156904
-6.0465e+08 -0.000156784
-6.04188e+08 -0.000156665
-6.03727e+08 -0.000156545
-6.03266e+08 -0.000156425
-6.02804e+08 -0.000156306
-6.02343e+08 -0.000156186
-6.01881e+08 -0.000156066
-6.0142e+08 -0.000155947
-6.00958e+08 -0.000155827
-6.00497e+08 -0.000155707
-6.00036e+08 -0.000155588
-5.99574e+08 -0.000155468
-5.99113e+08 -0.000155348
-5.98651e+08 -0.000155229
-5.9819e+08 -0.000155109
-5.97728e+08 -0.000154989
-5.97267e+08 -0.00015487
-5.96806e+08 -0.00015475
-5.96344e+08 -0.000154631
-5.95883e+08 -0.000154511
-5.95421e+08 -0.000154391
-5.9496e+08 -0.000154272
-5.94499e+08 -0.000154152
-5.94037e+08 -0.000154032
-5.93576e+08 -0.000153913
-5.93114e+08 -0.000153793
-5.92653e+08 -0.000153673
-5.92192e+08 -0.000153554
-5.9173e+08 -0.000153434
-5.91269e+08 -0.000153315
-5.90807e+08 -0.000153195
-5.90346e+08 -0.000153075
-5.89885e+08 -0.000152956
-5.89423e+08 -0.000152836
-5.88962e+08 -0.000152716
-5.88501e+08 -0.000152597
-5.88039e+08 -0.000152477
-5.87578e+08 -0.000152357
-5.87116e+08 -0.000152238
-5.86655e+08 -0.000152118
-5.86194e+08 -0.000151999
-5.85732e+08 -0.000151879
-5.85271e+08 -0.000151759
-5.8481e+08 -0.00015164
-5.84348e+08 -0.00015152
-5.83887e+08 -0.0001514
-5.83425e+08 -0.000151281
-5.82964e+08 -0.000151161
-5.82503e+08 -0.000151041
-5.82041e+08 -0.000150922
-5.8158e+08 -0.000150802
-5.81119e+08 -0.000150683
-5.80657e+08 -0.000150563
-5.80196e+08 -0.000150443
-5.79735e+08 -0.000150324
-5.79273e+08 -0.000150204
-5.78812e+08 -0.000150084
-5.78351e+08 -0.000149965
-5.77889e+08 -0.000149845
-5.77428e+08 -0.000149726
-5.76967e+08 -0.000149606
-5.76505e+08 -0.000149486
-5.76044e+08 -0.000149367
-5.75583e+08 -0.000149247
-5.75121e+08 -0.000149127
-5.7466e+08 -0.000149008
-5.74199e+08 -0.000148888
-5.73737e+08 -0.000148769
-5.73276e+08 -0.000148649
-5.72815e+08 -0.000148529
-5.72353e+08 -0.00014841
-5.71892e+08 -0.00014829
-5.71431e+08 -0.00014817
-5.70969e+08 -0.000148051
-5.70508e+08 -0.000147931
-5.70047e+08 -0.000147812
-5.69585e+08 -0.000147692
-5.69124e+08 -0.000147572
-5.68663e+08 -0.000147453
-5.68201e+08 -0.000147333
-5.6774e+08 -0.000147214
-5.67279e+08 -0.000147094
-5.66817e+08 -0.000146974
-5.66356e+08 -0.000146855
-5.65895e+08 -0.000146735
-5.65434e+08 -0.000146615
-5.64972e+08 -0.000146496
-5.64511e+08 -0.000146376
-5.6405e+08 -0.000146257
-5.63588e+08 -0.000146137
-5.63127e+08 -0.000146017
-5.62666e+08 -0.000145898
-5.62205e+08 -0.000145778
-5.61743e+08 -0.000145659
-5.61282e+08 -0.000145539
-5.60821e+08 -0.000145419
-5.60359e+08 -0.0001453
-5.59898e+08 -0.00014518
-5.59437e+08 -0.000145061
-5.58976e+08 -0.000144941
-5.58514e+08 -0.000144821
-5.58053e+08 -0.000144702
-5.57592e+08 -0.000144582
-5.57131e+08 -0.000144463
-5.56669e+08 -0.000144343
-5.56208e+08 -0.000144223
-5.55747e+08 -0.000144104
-5.55285e+08 -0.000143984
-5.54824e+08 -0.000143865
-5.54363e+08 -0.000143745
-5.53902e+08 -0.000143625
-5.5344e+08 -0.000143506
-5.52979e+08 -0.000143386
-5.52518e+08 -0.000143266
-5.52057e+08 -0.000143147
-5.51595e+08 -0.000143027
-5.51134e+08 -0.000142908
-5.50673e+08 -0.000142788
-5.50212e+08 -0.000142668
-5.4975e+08 -0.000142549
-5.49289e+08 -0.000142429
-5.48828e+08 -0.00014231
-5.48367e+08 -0.00014219
-5.47906e+08 -0.000142071
-5.47444e+08 -0.000141951
-5.46983e+08 -0.000141831
-5.46522e+08 -0.000141712
-5.46061e+08 -0.000141592
-5.45599e+08 -0.000141473
-5.45138e+08 -0.000141353
-5.44677e+08 -0.000141233
-5.44216e+08 -0.000141114
-5.43754e+08 -0.000140994
-5.43293e+08 -0.000140875
-5.42832e+08 -0.000140755
-5.42371e+08 -0.000140635
-5.4191e+08 -0.000140516
-5.41448e+08 -0.000140396
-5.40987e+08 -0.000140277
-5.40526e+08 -0.000140157
-5.40065e+08 -0.000140037
-5.39604e+08 -0.000139918
-5.39142e+08 -0.000139798
-5.38681e+08 -0.000139679
-5.3822e+08 -0.000139559
-5.37759e+08 -0.000139439
-5.37298e+08 -0.00013932
-5.36836e+08 -0.0001392
-5.36375e+08 -0.000139081
-5.35914e+08 -0.000138961
-5.35453e+08 -0.000138842
-5.34992e+08 -0.000138722
-5.3453e+08 -0.000138602
-5.34069e+08 -0.000138483
-5.33608e+08 -0.000138363
-5.33147e+08 -0.000138244
-5.32686e+08 -0.000138124
-5.32225e+08 -0.000138004
-5.31763e+08 -0.000137885
-5.31302e+08 -0.000137765
-5.30841e+08 -0.000137646
-5.3038e+08 -0.000137526
-5.29919e+08 -0.000137407
-5.29457e+08 -0.000137287
-5.28996e+08 -0.000137167
-5.28535e+08 -0.000137048
-5.28074e+08 -0.000136928
-5.27613e+08 -0.000136809
-5.27152e+08 -0.000136689
-5.26691e+08 -0.00013657
-5.26229e+08 -0.00013645
-5.25768e+08 -0.00013633
-5.25307e+08 -0.000136211
-5.24846e+08 -0.000136091
-5.24385e+08 -0.000135972
-5.23924e+08 -0.000135852
-5.23462e+08 -0.000135732
-5.23001e+08 -0.000135613
-5.2254e+08 -0.000135493
-5.22079e+08 -0.000135374
-5.21618e+08 -0.000135254
-5.21157e+08 -0.000135135
-5.20696e+08 -0.000135015
-5.20235e+08 -0.000134895
-5.19773e+08 -0.000134776
-5.19312e+08 -0.000134656
-5.18851e+08 -0.000134537
-5.1839e+08 -0.000134417
-5.17929e+08 -0.000134298
-5.17468e+08 -0.000134178
-5.17007e+08 -0.000134059
-5.16545e+08 -0.000133939
-5.16084e+08 -0.000133819
-5.15623e+08 -0.0001337
-5.15162e+08 -0.00013358
-5.14701e+08 -0.000133461
-5.1424e+08 -0.000133341
-5.13779e+08 -0.000133222
-5.13318e+08 -0.000133102
-5.12857e+08 -0.000132982
-5.12395e+08 -0.000132863
-5.11934e+08 -0.000132743
-5.11473e+08 -0.000132624
-5.11012e+08 -0.000132504
-5.10551e+08 -0.000132385
-5.1009e+08 -0.000132265
-5.09629e+08 -0.000132145
-5.09168e+08 -0.000132026
-5.08707e+08 -0.000131906
-5.08246e+08 -0.000131787
-5.07785e+08 -0.000131667
-5.07323e+08 -0.000131548
-5.06862e+08 -0.000131428
-5.06401e+08 -0.000131309
-5.0594e+08 -0.000131189
-5.05479e+08 -0.000131069
-5.05018e+08 -0.00013095
-5.04557e+08 -0.00013083
-5.04096e+08 -0.000130711
-5.03635e+08 -0.000130591
-5.03174e+08 -0.000130472
-5.02713e+08 -0.000130352
-5.02252e+08 -0.000130233
-5.01791e+08 -0.000130113
-5.01329e+08 -0.000129993
-5.00868e+08 -0.000129874
-5.00407e+08 -0.000129754
-4.99946e+08 -0.000129635
-4.99485e+08 -0.000129515
-4.99024e+08 -0.000129396
-4.98563e+08 -0.000129276
-4.98102e+08 -0.000129157
-4.97641e+08 -0.000129037
-4.9718e+08 -0.000128917
-4.96719e+08 -0.000128798
-4.96258e+08 -0.000128678
-4.95797e+08 -0.000128559
-4.95336e+08 -0.000128439
-4.94875e+08 -0.00012832
-4.94414e+08 -0.0001282
-4.93953e+08 -0.000128081
-4.93492e+08 -0.000127961
-4.93031e+08 -0.000127842
-4.9257e+08 -0.000127722
-4.92108e+08 -0.000127602
-4.91647e+08 -0.000127483
-4.91186e+08 -0.000127363
-4.90725e+08 -0.000127244
-4.90264e+08 -0.000127124
-4.89803e+08 -0.000127005
-4.89342e+08 -0.000126885
-4.88881e+08 -0.000126766
-4.8842e+08 -0.000126646
-4.87959e+08 -0.000126527
-4.87498e+08 -0.000126407
-4.87037e+08 -0.000126288
-4.86576e+08 -0.000126168
-4.86115e+08 -0.000126048
-4.85654e+08 -0.000125929
-4.85193e+08 -0.000125809
-4.84732e+08 -0.00012569
-4.84271e+08 -0.00012557
-4.8381e+08 -0.000125451
-4.83349e+08 -0.000125331
-4.82888e+08 -0.000125212
-4.82427e+08 -0.000125092
-4.81966e+08 -0.000124973
-4.81505e+08 -0.000124853
-4.81044e+08 -0.000124734
-4.80583e+08 -0.000124614
-4.80122e+08 -0.000124494
-4.79661e+08 -0.000124375
-4.792e+08 -0.000124255
-4.78739e+08 -0.000124136
-4.78278e+08 -0.000124016
-4.77817e+08 -0.000123897
-4.77356e+08 -0.000123777
-4.76895e+08 -0.000123658
-4.76434e+08 -0.000123538
-4.75973e+08 -0.000123419
-4.75512e+08 -0.000123299
-4.75051e+08 -0.00012318
-4.7459e+08 -0.00012306
-4.74129e+08 -0.000122941
-4.73669e+08 -0.000122821
-4.73208e+08 -0.000122702
-4.72747e+08 -0.000122582
-4.72286e+08 -0.000122462
-4.71825e+08 -0.000122343
-4.71364e+08 -0.000122223
-4.70903e+08 -0.000122104
-4.70442e+08 -0.000121984
-4.69981e+08 -0.000121865
-4.6952e+08 -0.000121745
-4.69059e+08 -0.000121626
-4.68598e+08 -0.000121506
-4.68137e+08 -0.000121387
-4.67676e+08 -0.000121267
-4.67215e+08 -0.000121148
-4.66754e+08 -0.000121028
-4.66293e+08 -0.000120909
-4.65832e+08 -0.000120789
-4.65371e+08 -0.00012067
-4.6491e+08 -0.00012055
-4.6445e+08 -0.000120431
-4.63989e+08 -0.000120311
-4.63528e+08 -0.000120192
-4.63067e+08 -0.000120072
-4.62606e+08 -0.000119953
-4.62145e+08 -0.000119833
-4.61684e+08 -0.000119713
-4.61223e+08 -0.000119594
-4.60762e+08 -0.000119474
-4.60301e+08 -0.000119355
-4.5984e+08 -0.000119235
-4.59379e+08 -0.000119116
-4.58918e+08 -0.000118996
-4.58458e+08 -0.000118877
-4.57997e+08 -0.000118757
-4.57536e+08 -0.000118638
-4.57075e+08 -0.000118518
-4.56614e+08 -0.000118399
-4.56153e+08 -0.000118279
-4.55692e+08 -0.00011816
-4.55231e+08 -0.00011804
-4.5477e+08 -0.000117921
-4.54309e+08 -0.000117801
-4.53849e+08 -0.000117682
-4.53388e+08 -0.000117562
-4.52927e+08 -0.000117443
-4.52466e+08 -0.000117323
-4.52005e+08 -0.000117204
-4.51544e+08 -0.000117084
-4.51083e+08 -0.000116965
-4.50622e+08 -0.000116845
-4.50161e+08 -0.000116726
-4.49701e+08 -0.000116606
-4.4924e+08 -0.000116487
-4.48779e+08 -0.000116367
-4.48318e+08 -0.000116248
-4.47857e+08 -0.000116128
-4.47396e+08 -0.000116009
-4.46935e+08 -0.000115889
-4.46474e+08 -0.00011577
-4.46014e+08 -0.00011565
-4.45553e+08 -0.000115531
-4.45092e+08 -0.000115411
-4.44631e+08 -0.000115292
-4.4417e+08 -0.000115172
-4.43709e+08 -0.000115053
-4.43248e+08 -0.000114933
-4.42788e+08 -0.000114814
-4.42327e+08 -0.000114694
-4.41866e+08 -0.000114575
-4.41405e+08 -0.000114455
-4.40944e+08 -0.000114336
-4.40483e+08 -0.000114216
-4.40023e+08 -0.000114097
-4.39562e+08 -0.000113977
-4.39101e+08 -0.000113858
-4.3864e+08 -0.000113738
-4.38179e+08 -0.000113619
-4.37718e+08 -0.000113499
-4.37257e+08 -0.00011338
-4.36797e+08 -0.00011326
-4.36336e+08 -0.000113141
-4.35875e+08 -0.000113021
-4.35414e+08 -0.000112902
-4.34953e+08 -0.000112782
-4.34493e+08 -0.000112663
-4.34032e+08 -0.000112543
-4.33571e+08 -0.000112424
-4.3311e+08 -0.000112304
-4.32649e+08 -0.000112185
-4.32188e+08 -0.000112065
-4.31728e+08 -0.000111946
-4.31267e+08 -0.000111826
-4.30806e+08 -0.000111707
-4.30345e+08 -0.000111587
-4.29884e+08 -0.000111468
-4.29424e+08 -0.000111348
-4.28963e+08 -0.000111229
-4.28502e+08 -0.000111109
-4.28041e+08 -0.00011099
-4.2758e+08 -0.00011087
-4.2712e+08 -0.000110751
-4.26659e+08 -0.000110632
-4.26198e+08 -0.000110512
-4.25737e+08 -0.000110393
-4.25276e+08 -0.000110273
-4.24816e+08 -0.000110154
-4.24355e+08 -0.000110034
-4.23894e+08 -0.000109915
-4.23433e+08 -0.000109795
-4.22972e+08 -0.000109676
-4.22512e+08 -0.000109556
-4.22051e+08 -0.000109437
-4.2159e+08 -0.000109317
-4.21129e+08 -0.000109198
-4.20669e+08 -0.000109078
-4.20208e+08 -0.000108959
-4.19747e+08 -0.000108839
-4.19286e+08 -0.00010872
-4.18825e+08 -0.0001086
-4.18365e+08 -0.000108481
-4.17904e+08 -0.000108361
-4.17443e+08 -0.000108242
-4.16982e+08 -0.000108122
-4.16522e+08 -0.000108003
-4.16061e+08 -0.000107884
-4.156e+08 -0.000107764
-4.15139e+08 -0.000107645
-4.14679e+08 -0.000107525
-4.14218e+08 -0.000107406
-4.13757e+08 -0.000107286
-4.13296e+08 -0.000107167
-4.12836e+08 -0.000107047
-4.12375e+08 -0.000106928
-4.11914e+08 -0.000106808
-4.11453e+08 -0.000106689
-4.10993e+08 -0.000106569
-4.10532e+08 -0.00010645
-4.10071e+08 -0.00010633
-4.0961e+08 -0.000106211
-4.0915e+08 -0.000106091
-4.08689e+08 -0.000105972
-4.08228e+08 -0.000105853
-4.07768e+08 -0.000105733
-4.07307e+08 -0.000105614
-4.06846e+08 -0.000105494
-4.06385e+08 -0.000105375
-4.05925e+08 -0.000105255
-4.05464e+08 -0.000105136
-4.05003e+08 -0.000105016
-4.04543e+08 -0.000104897
-4.04082e+08 -0.000104777
-4.03621e+08 -0.000104658
-4.0316e+08 -0.000104538
-4.027e+08 -0.000104419
-4.02239e+08 -0.0001043
-4.01778e+08 -0.00010418
-4.01318e+08 -0.000104061
-4.00857e+08 -0.000103941
-4.00396e+08 -0.000103822
-3.99935e+08 -0.000103702
-3.99475e+08 -0.000103583
-3.99014e+08 -0.000103463
-3.98553e+08 -0.000103344
-3.98093e+08 -0.000103224
-3.97632e+08 -0.000103105
-3.97171e+08 -0.000102986
-3.96711e+08 -0.000102866
-3.9625e+08 -0.000102747
-3.95789e+08 -0.000102627
-3.95329e+08 -0.000102508
-3.94868e+08 -0.000102388
-3.94407e+08 -0.000102269
-3.93946e+08 -0.000102149
-3.93486e+08 -0.00010203
-3.93025e+08 -0.00010191
-3.92564e+08 -0.000101791
-3.92104e+08 -0.000101672
-3.91643e+08 -0.000101552
-3.91182e+08 -0.000101433
-3.90722e+08 -0.000101313
-3.90261e+08 -0.000101194
-3.898e+08 -0.000101074
-3.8934e+08 -0.000100955
-3.88879e+08 -0.000100835
-3.88418e+08 -0.000100716
-3.87958e+08 -0.000100596
-3.87497e+08 -0.000100477
-3.87037e+08 -0.000100358
-3.86576e+08 -0.000100238
-3.86115e+08 -0.000100119
-3.85655e+08 -9.99993e-05
-3.85194e+08 -9.98798e-05
-3.84733e+08 -9.97604e-05
-3.84273e+08 -9.96409e-05
-3.83812e+08 -9.95215e-05
-3.83351e+08 -9.9402e-05
-3.82891e+08 -9.92826e-05
-3.8243e+08 -9.91632e-05
-3.81969e+08 -9.90437e-05
-3.81509e+08 -9.89243e-05
-3.81048e+08 -9.88048e-05
-3.80588e+08 -9.86854e-05
-3.80127e+08 -9.8566e-05
-3.79666e+08 -9.84465e-05
-3.79206e+08 -9.83271e-05
-3.78745e+08 -9.82076e-05
-3.78284e+08 -9.80882e-05
-3.77824e+08 -9.79688e-05
-3.77363e+08 -9.78493e-05
-3.76903e+08 -9.77299e-05
-3.76442e+08 -9.76104e-05
-3.75981e+08 -9.7491e-05
-3.75521e+08 -9.73716e-05
-3.7506e+08 -9.72521e-05
-3.746e+08 -9.71327e-05
-3.74139e+08 -9.70133e-05
-3.73678e+08 -9.68938e-05
-3.73218e+08 -9.67744e-05
-3.72757e+08 -9.6655e-05
-3.72297e+08 -9.65355e-05
-3.71836e+08 -9.64161e-05
-3.71375e+08 -9.62967e-05
-3.70915e+08 -9.61772e-05
-3.70454e+08 -9.60578e-05
-3.69994e+08 -9.59384e-05
-3.69533e+08 -9.5819e-05
-3.69072e+08 -9.56995e-05
-3.68612e+08 -9.55801e-05
-3.68151e+08 -9.54607e-05
-3.67691e+08 -9.53412e-05
-3.6723e+08 -9.52218e-05
-3.66769e+08 -9.51024e-05
-3.66309e+08 -9.4983e-05
-3.65848e+08 -9.48635e-05
-3.65388e+08 -9.47441e-05
-3.64927e+08 -9.46247e-05
-3.64467e+08 -9.45053e-05
-3.64006e+08 -9.43858e-05
-3.63545e+08 -9.42664e-05
-3.63085e+08 -9.4147e-05
-3.62624e+08 -9.40276e-05
-3.62164e+08 -9.39081e-05
-3.61703e+08 -9.37887e-05
-3.61243e+08 -9.36693e-05
-3.60782e+08 -9.35499e-05
-3.60322e+08 -9.34305e-05
-3.59861e+08 -9.3311e-05
-3.594e+08 -9.31916e-05
-3.5894e+08 -9.30722e-05
-3.58479e+08 -9.29528e-05
-3.58019e+08 -9.28334e-05
-3.57558e+08 -9.27139e-05
-3.57098e+08 -9.25945e-05
-3.56637e+08 -9.24751e-05
-3.56177e+08 -9.23557e-05
-3.55716e+08 -9.22363e-05
-3.55256e+08 -9.21169e-05
-3.54795e+08 -9.19974e-05
-3.54334e+08 -9.1878e-05
-3.53874e+08 -9.17586e-05
-3.53413e+08 -9.16392e-05
-3.52953e+08 -9.15198e-05
-3.52492e+08 -9.14004e-05
-3.52032e+08 -9.12809e-05
-3.51571e+08 -9.11615e-05
-3.51111e+08 -9.10421e-05
-3.5065e+08 -9.09227e-05
-3.5019e+08 -9.08033e-05
-3.49729e+08 -9.06839e-05
-3.49269e+08 -9.05645e-05
-3.48808e+08 -9.04451e-05
-3.48348e+08 -9.03257e-05
-3.47887e+08 -9.02063e-05
-3.47427e+08 -9.00868e-05
-3.46966e+08 -8.99674e-05
-3.46506e+08 -8.9848e-05
-3.46045e+08 -8.97286e-05
-3.45585e+08 -8.96092e-05
-3.45124e+08 -8.94898e-05
-3.44664e+08 -8.93704e-05
-3.44203e+08 -8.9251e-05
-3.43743e+08 -8.91316e-05
-3.43282e+08 -8.90122e-05
-3.42822e+08 -8.88928e-05
-3.42361e+08 -8.87734e-05
-3.41901e+08 -8.8654e-05
-3.4144e+08 -8.85346e-05
-3.4098e+08 -8.84152e-05
-3.40519e+08 -8.82958e-05
-3.40059e+08 -8.81763e-05
-3.39598e+08 -8.8057e-05
-3.39138e+08 -8.79376e-05
-3.38677e+08 -8.78181e-05
-3.38217e+08 -8.76987e-05
-3.37756e+08 -8.75794e-05
-3.37296e+08 -8.746e-05
-3.36835e+08 -8.73406e-05
-3.36375e+08 -8.72211e-05
-3.35914e+08 -8.71018e-05
-3.35454e+08 -8.69824e-05
-3.34994e+08 -8.6863e-05
-3.34533e+08 -8.67436e-05
-3.34073e+08 -8.66242e-05
-3.33612e+08 -8.65048e-05
-3.33152e+08 -8.63854e-05
-3.32691e+08 -8.6266e-05
-3.32231e+08 -8.61466e-05
-3.3177e+08 -8.60272e-05
-3.3131e+08 -8.59078e-05
-3.30849e+08 -8.57884e-05
-3.30389e+08 -8.5669e-05
-3.29928e+08 -8.55496e-05
-3.29468e+08 -8.54302e-05
-3.29008e+08 -8.53108e-05
-3.28547e+08 -8.51914e-05
-3.28087e+08 -8.50721e-05
-3.27626e+08 -8.49527e-05
-3.27166e+08 -8.48333e-05
-3.26705e+08 -8.47139e-05
-3.26245e+08 -8.45945e-05
-3.25785e+08 -8.44751e-05
-3.25324e+08 -8.43557e-05
-3.24864e+08 -8.42363e-05
-3.24403e+08 -8.41169e-05
-3.23943e+08 -8.39976e-05
-3.23482e+08 -8.38782e-05
-3.23022e+08 -8.37588e-05
-3.22562e+08 -8.36394e-05
-3.22101e+08 -8.352e-05
-3.21641e+08 -8.34006e-05
-3.2118e+08 -8.32812e-05
-3.2072e+08 -8.31619e-05
-3.2026e+08 -8.30425e-05
-3.19799e+08 -8.29231e-05
-3.19339e+08 -8.28037e-05
-3.18878e+08 -8.26843e-05
-3.18418e+08 -8.25649e-05
-3.17957e+08 -8.24456e-05
-3.17497e+08 -8.23262e-05
-3.17037e+08 -8.22068e-05
-3.16576e+08 -8.20874e-05
-3.16116e+08 -8.1968e-05
-3.15655e+08 -8.18487e-05
-3.15195e+08 -8.17293e-05
-3.14735e+08 -8.16099e-05
-3.14274e+08 -8.14905e-05
-3.13814e+08 -8.13712e-05
-3.13354e+08 -8.12518e-05
-3.12893e+08 -8.11324e-05
-3.12433e+08 -8.1013e-05
-3.11972e+08 -8.08937e-05
-3.11512e+08 -8.07743e-05
-3.11052e+08 -8.06549e-05
-3.10591e+08 -8.05355e-05
-3.10131e+08 -8.04162e-05
-3.09671e+08 -8.02968e-05
-3.0921e+08 -8.01774e-05
-3.0875e+08 -8.0058e-05
-3.08289e+08 -7.99387e-05
-3.07829e+08 -7.98193e-05
-3.07369e+08 -7.96999e-05
-3.06908e+08 -7.95805e-05
-3.06448e+08 -7.94612e-05
-3.05988e+08 -7.93418e-05
-3.05527e+08 -7.92224e-05
-3.05067e+08 -7.91031e-05
-3.04607e+08 -7.89837e-05
-3.04146e+08 -7.88643e-05
-3.03686e+08 -7.8745e-05
-3.03225e+08 -7.86256e-05
-3.02765e+08 -7.85062e-05
-3.02305e+08 -7.83869e-05
-3.01844e+08 -7.82675e-05
-3.01384e+08 -7.81481e-05
-3.00924e+08 -7.80288e-05
-3.00463e+08 -7.79094e-05
-3.00003e+08 -7.779e-05
-2.99543e+08 -7.76707e-05
-2.99082e+08 -7.75513e-05
-2.98622e+08 -7.74319e-05
-2.98162e+08 -7.73126e-05
-2.97701e+08 -7.71932e-05
-2.97241e+08 -7.70739e-05
-2.96781e+08 -7.69545e-05
-2.9632e+08 -7.68351e-05
-2.9586e+08 -7.67158e-05
-2.954e+08 -7.65964e-05
-2.94939e+08 -7.64771e-05
-2.94479e+08 -7.63577e-05
-2.94019e+08 -7.62383e-05
-2.93559e+08 -7.6119e-05
-2.93098e+08 -7.59996e-05
-2.92638e+08 -7.58803e-05
-2.92178e+08 -7.57609e-05
-2.91717e+08 -7.56415e-05
-2.91257e+08 -7.55222e-05
-2.90797e+08 -7.54028e-05
-2.90336e+08 -7.52835e-05
-2.89876e+08 -7.51641e-05
-2.89416e+08 -7.50448e-05
-2.88955e+08 -7.49254e-05
-2.88495e+08 -7.48061e-05
-2.88035e+08 -7.46867e-05
-2.87575e+08 -7.45674e-05
-2.87114e+08 -7.4448e-05
-2.86654e+08 -7.43287e-05
-2.86194e+08 -7.42093e-05
-2.85733e+08 -7.409e-05
-2.85273e+08 -7.39706e-05
-2.84813e+08 -7.38513e-05
-2.84353e+08 -7.37319e-05
-2.83892e+08 -7.36126e-05
-2.83432e+08 -7.34932e-05
-2.82972e+08 -7.33739e-05
-2.82511e+08 -7.32545e-05
-2.82051e+08 -7.31352e-05
-2.81591e+08 -7.30158e-05
-2.81131e+08 -7.28965e-05
-2.8067e+08 -7.27771e-05
-2.8021e+08 -7.26578e-05
-2.7975e+08 -7.25384e-05
-2.7929e+08 -7.24191e-05
-2.78829e+08 -7.22997e-05
-2.78369e+08 -7.21804e-05
-2.77909e+08 -7.20611e-05
-2.77449e+08 -7.19417e-05
-2.76988e+08 -7.18224e-05
-2.76528e+08 -7.1703e-05
-2.76068e+08 -7.15837e-05
-2.75608e+08 -7.14643e-05
-2.75147e+08 -7.1345e-05
-2.74687e+08 -7.12257e-05
-2.74227e+08 -7.11063e-05
-2.73767e+08 -7.0987e-05
-2.73306e+08 -7.08676e-05
-2.72846e+08 -7.07483e-05
-2.72386e+08 -7.0629e-05
-2.71926e+08 -7.05096e-05
-2.71465e+08 -7.03903e-05
-2.71005e+08 -7.02709e-05
-2.70545e+08 -7.01516e-05
-2.70085e+08 -7.00323e-05
-2.69624e+08 -6.99129e-05
-2.69164e+08 -6.97936e-05
-2.68704e+08 -6.96743e-05
-2.68244e+08 -6.95549e-05
-2.67784e+08 -6.94356e-05
-2.67323e+08 -6.93163e-05
-2.66863e+08 -6.91969e-05
-2.66403e+08 -6.90776e-05
-2.65943e+08 -6.89583e-05
-2.65482e+08 -6.88389e-05
-2.65022e+08 -6.87196e-05
-2.64562e+08 -6.86003e-05
-2.64102e+08 -6.84809e-05
-2.63642e+08 -6.83616e-05
-2.63181e+08 -6.82423e-05
-2.62721e+08 -6.8123e-05
-2.62261e+08 -6.80036e-05
-2.61801e+08 -6.78843e-05
-2.61341e+08 -6.7765e-05
-2.6088e+08 -6.76456e-05
-2.6042e+08 -6.75263e-05
-2.5996e+08 -6.7407e-05
-2.595e+08 -6.72877e-05
-2.5904e+08 -6.71683e-05
-2.58579e+08 -6.7049e-05
-2.58119e+08 -6.69297e-05
-2.57659e+08 -6.68104e-05
-2.57199e+08 -6.6691e-05
-2.56739e+08 -6.65717e-05
-2.56279e+08 -6.64524e-05
-2.55818e+08 -6.63331e-05
-2.55358e+08 -6.62137e-05
-2.54898e+08 -6.60944e-05
-2.54438e+08 -6.59751e-05
-2.53978e+08 -6.58558e-05
-2.53518e+08 -6.57365e-05
-2.53057e+08 -6.56171e-05
-2.52597e+08 -6.54978e-05
-2.52137e+08 -6.53785e-05
-2.51677e+08 -6.52592e-05
-2.51217e+08 -6.51399e-05
-2.50757e+08 -6.50205e-05
-2.50296e+08 -6.49012e-05
-2.49836e+08 -6.47819e-05
-2.49376e+08 -6.46626e-05
-2.48916e+08 -6.45433e-05
-2.48456e+08 -6.4424e-05
-2.47996e+08 -6.43046e-05
-2.47535e+08 -6.41853e-05
-2.47075e+08 -6.4066e-05
-2.46615e+08 -6.39467e-05
-2.46155e+08 -6.38274e-05
-2.45695e+08 -6.37081e-05
-2.45235e+08 -6.35888e-05
-2.44775e+08 -6.34694e-05
-2.44315e+08 -6.33501e-05
-2.43854e+08 -6.32308e-05
-2.43394e+08 -6.31115e-05
-2.42934e+08 -6.29922e-05
-2.42474e+08 -6.28729e-05
-2.42014e+08 -6.27536e-05
-2.41554e+08 -6.26343e-05
-2.41094e+08 -6.2515e-05
-2.40633e+08 -6.23956e-05
-2.40173e+08 -6.22763e-05
-2.39713e+08 -6.2157e-05
-2.39253e+08 -6.20377e-05
-2.38793e+08 -6.19184e-05
-2.38333e+08 -6.17991e-05
-2.37873e+08 -6.16798e-05
-2.37413e+08 -6.15605e-05
-2.36953e+08 -6.14412e-05
-2.36492e+08 -6.13219e-05
-2.36032e+08 -6.12026e-05
-2.35572e+08 -6.10833e-05
-2.35112e+08 -6.0964e-05
-2.34652e+08 -6.08447e-05
-2.34192e+08 -6.07254e-05
-2.33732e+08 -6.06061e-05
-2.33272e+08 -6.04868e-05
-2.32812e+08 -6.03675e-05
-2.32352e+08 -6.02482e-05
-2.31891e+08 -6.01289e-05
-2.31431e+08 -6.00096e-05
-2.30971e+08 -5.98903e-05
-2.30511e+08 -5.9771e-05
-2.30051e+08 -5.96517e-05
