0.0129476 3.43338e-15
0.0270883 7.18314e-15
0.0431927 1.14536e-14
0.062262 1.65103e-14
0.0856164 2.27033e-14
0.114993 3.04934e-14
0.152777 4.05125e-14
0.20226 5.36342e-14
0.268026 7.10737e-14
0.356787 9.4611e-14
-24042.4 -6.37546e-09
-48082 -1.27501e-08
-72119.8 -1.91244e-08
-96153.8 -2.54976e-08
-120188 -3.18708e-08
-144217 -3.82429e-08
-168241 -4.46134e-08
-192269 -5.0985e-08
-216294 -5.73557e-08
-240312 -6.37247e-08
-264329 -7.00935e-08
-288344 -7.64616e-08
-312357 -8.28292e-08
-336366 -8.91959e-08
-360374 -9.55621e-08
-384380 -1.01928e-07
-408381 -1.08292e-07
-432381 -1.14657e-07
-456377 -1.2102e-07
-480372 -1.27383e-07
-504365 -1.33745e-07
-528355 -1.40107e-07
-552342 -1.46467e-07
-576329 -1.52828e-07
-600309 -1.59187e-07
-624289 -1.65546e-07
-648267 -1.71904e-07
-672241 -1.78262e-07
-696214 -1.84619e-07
-720183 -1.90975e-07
-744151 -1.9733e-07
-768115 -2.03685e-07
-792077 -2.10039e-07
-816038 -2.16393e-07
-839994 -2.22746e-07
-863949 -2.29098e-07
-887901 -2.35449e-07
-911850 -2.418e-07
-935798 -2.4815e-07
-959742 -2.545e-07
-983687 -2.60849e-07
-1.00762e+06 -2.67197e-07
-1.03156e+06 -2.73544e-07
-1.0555e+06 -2.79891e-07
-1.07943e+06 -2.86238e-07
-1.10336e+06 -2.92583e-07
-1.12728e+06 -2.98928e-07
-1.15121e+06 -3.05272e-07
-1.17513e+06 -3.11616e-07
-1.19905e+06 -3.17958e-07
-1.22297e+06 -3.24301e-07
-1.24688e+06 -3.30642e-07
-1.27079e+06 -3.36983e-07
-1.2947e+06 -3.43323e-07
-1.31861e+06 -3.49663e-07
-1.34252e+06 -3.56002e-07
-1.36642e+06 -3.6234e-07
-1.39032e+06 -3.68678e-07
-1.41421e+06 -3.75014e-07
-1.43811e+06 -3.81351e-07
-1.462e+06 -3.87686e-07
-1.48589e+06 -3.94021e-07
-1.50978e+06 -4.00355e-07
-1.53366e+06 -4.06689e-07
-1.55754e+06 -4.13021e-07
-1.58142e+06 -4.19354e-07
-1.6053e+06 -4.25686e-07
-1.62917e+06 -4.32016e-07
-1.65304e+06 -4.38346e-07
-1.67692e+06 -4.44676e-07
-1.70078e+06 -4.51005e-07
-1.72465e+06 -4.57333e-07
-1.74851e+06 -4.63661e-07
-1.77237e+06 -4.69988e-07
-1.79622e+06 -4.76314e-07
-1.82008e+06 -4.82639e-07
-1.84393e+06 -4.88964e-07
-1.86778e+06 -4.95288e-07
-1.89163e+06 -5.01612e-07
-1.91547e+06 -5.07935e-07
-1.93931e+06 -5.14257e-07
-1.96315e+06 -5.20579e-07
-1.98699e+06 -5.26899e-07
-2.01082e+06 -5.3322e-07
-2.03465e+06 -5.3954e-07
-2.05849e+06 -5.45859e-07
-2.08231e+06 -5.52177e-07
-2.10613e+06 -5.58494e-07
-2.12995e+06 -5.6481e-07
-2.15377e+06 -5.71127e-07
-2.17759e+06 -5.77443e-07
-2.20141e+06 -5.83758e-07
-2.22522e+06 -5.90072e-07
-2.24903e+06 -5.96386e-07
-2.27283e+06 -6.02698e-07
-2.29664e+06 -6.09011e-07
-2.32044e+06 -6.15323e-07
-2.34424e+06 -6.21633e-07
-2.36804e+06 -6.27945e-07
-2.39183e+06 -6.34253e-07
-2.41562e+06 -6.40562e-07
-2.43941e+06 -6.4687e-07
-2.4632e+06 -6.53178e-07
-2.48698e+06 -6.59485e-07
-2.51076e+06 -6.65791e-07
-2.53454e+06 -6.72097e-07
-2.55832e+06 -6.78402e-07
-2.58209e+06 -6.84706e-07
-2.60586e+06 -6.9101e-07
-2.62963e+06 -6.97313e-07
-2.6534e+06 -7.03615e-07
-2.67716e+06 -7.09917e-07
-2.70092e+06 -7.16217e-07
-2.72468e+06 -7.22518e-07
-2.74844e+06 -7.28817e-07
-2.77219e+06 -7.35116e-07
-2.79594e+06 -7.41414e-07
-2.81969e+06 -7.47712e-07
-2.84344e+06 -7.54009e-07
-2.86718e+06 -7.60305e-07
-2.89092e+06 -7.666e-07
-2.91466e+06 -7.72896e-07
-2.9384e+06 -7.7919e-07
-2.96213e+06 -7.85484e-07
-2.98586e+06 -7.91777e-07
-3.00959e+06 -7.98069e-07
-3.03332e+06 -8.0436e-07
-3.05704e+06 -8.10652e-07
-3.08076e+06 -8.16942e-07
-3.10448e+06 -8.23232e-07
-3.1282e+06 -8.29521e-07
-3.15191e+06 -8.35808e-07
-3.17562e+06 -8.42096e-07
-3.19933e+06 -8.48384e-07
-3.22304e+06 -8.5467e-07
-3.24674e+06 -8.60955e-07
-3.27044e+06 -8.6724e-07
-3.29414e+06 -8.73524e-07
-3.31784e+06 -8.79808e-07
-3.34153e+06 -8.86091e-07
-3.36522e+06 -8.92374e-07
-3.38891e+06 -8.98655e-07
-3.4126e+06 -9.04936e-07
-3.43628e+06 -9.11216e-07
-3.45996e+06 -9.17496e-07
-3.48364e+06 -9.23775e-07
-3.50732e+06 -9.30053e-07
-3.53099e+06 -9.36331e-07
-3.55466e+06 -9.42608e-07
-3.57833e+06 -9.48884e-07
-3.602e+06 -9.5516e-07
-3.62566e+06 -9.61435e-07
-3.64932e+06 -9.6771e-07
-3.67298e+06 -9.73983e-07
-3.69664e+06 -9.80256e-07
-3.72029e+06 -9.86528e-07
-3.74394e+06 -9.928e-07
-3.76759e+06 -9.99071e-07
-3.79123e+06 -1.00534e-06
-3.81488e+06 -1.01161e-06
-3.83852e+06 -1.01788e-06
-3.86216e+06 -1.02415e-06
-3.88579e+06 -1.03042e-06
-3.90943e+06 -1.03668e-06
-3.93306e+06 -1.04295e-06
-3.95668e+06 -1.04921e-06
-3.98031e+06 -1.05548e-06
-4.00394e+06 -1.06174e-06
-4.02756e+06 -1.06801e-06
-4.05117e+06 -1.07427e-06
-4.07479e+06 -1.08053e-06
-4.0984e+06 -1.08679e-06
-4.12202e+06 -1.09306e-06
-4.14562e+06 -1.09932e-06
-4.16923e+06 -1.10558e-06
-4.19283e+06 -1.11183e-06
-4.21643e+06 -1.11809e-06
-4.24003e+06 -1.12435e-06
-4.26363e+06 -1.13061e-06
-4.28722e+06 -1.13686e-06
-4.31081e+06 -1.14312e-06
-4.3344e+06 -1.14937e-06
-4.35799e+06 -1.15563e-06
-4.38157e+06 -1.16188e-06
-4.40515e+06 -1.16814e-06
-4.42873e+06 -1.17439e-06
-4.4523e+06 -1.18064e-06
-4.47588e+06 -1.18689e-06
-4.49945e+06 -1.19314e-06
-4.52301e+06 -1.19939e-06
-4.54658e+06 -1.20564e-06
-4.57014e+06 -1.21189e-06
-4.5937e+06 -1.21814e-06
-4.61726e+06 -1.22438e-06
-4.64082e+06 -1.23063e-06
-4.66437e+06 -1.23688e-06
-4.68792e+06 -1.24312e-06
-4.71147e+06 -1.24936e-06
-4.73502e+06 -1.25561e-06
-4.75856e+06 -1.26185e-06
-4.7821e+06 -1.26809e-06
-4.80564e+06 -1.27434e-06
-4.82917e+06 -1.28058e-06
-4.85271e+06 -1.28682e-06
-4.87624e+06 -1.29306e-06
-4.89977e+06 -1.2993e-06
-4.92329e+06 -1.30553e-06
-4.94681e+06 -1.31177e-06
-4.97033e+06 -1.31801e-06
-4.99385e+06 -1.32424e-06
-5.01737e+06 -1.33048e-06
-5.04088e+06 -1.33672e-06
-5.06439e+06 -1.34295e-06
-5.0879e+06 -1.34918e-06
-5.1114e+06 -1.35542e-06
-5.1349e+06 -1.36165e-06
-5.15841e+06 -1.36788e-06
-5.1819e+06 -1.37411e-06
-5.2054e+06 -1.38034e-06
-5.22889e+06 -1.38657e-06
-5.25238e+06 -1.3928e-06
-5.27587e+06 -1.39903e-06
-5.29936e+06 -1.40526e-06
-5.32284e+06 -1.41148e-06
-5.34632e+06 -1.41771e-06
-5.3698e+06 -1.42394e-06
-5.39327e+06 -1.43016e-06
-5.41675e+06 -1.43639e-06
-5.44021e+06 -1.44261e-06
-5.46368e+06 -1.44883e-06
-5.48715e+06 -1.45505e-06
-5.51061e+06 -1.46128e-06
-5.53407e+06 -1.4675e-06
-5.55753e+06 -1.47372e-06
-5.58098e+06 -1.47994e-06
-5.60444e+06 -1.48616e-06
-5.62789e+06 -1.49238e-06
-5.65133e+06 -1.49859e-06
-5.67478e+06 -1.50481e-06
-5.69822e+06 -1.51103e-06
-5.72166e+06 -1.51724e-06
-5.7451e+06 -1.52346e-06
-5.76853e+06 -1.52967e-06
-5.79197e+06 -1.53589e-06
-5.8154e+06 -1.5421e-06
-5.83883e+06 -1.54831e-06
-5.86225e+06 -1.55452e-06
-5.88567e+06 -1.56073e-06
-5.90909e+06 -1.56694e-06
-5.93251e+06 -1.57315e-06
-5.95593e+06 -1.57936e-06
-5.97934e+06 -1.58557e-06
-6.00275e+06 -1.59178e-06
-6.02616e+06 -1.59799e-06
-6.04956e+06 -1.60419e-06
-6.07296e+06 -1.6104e-06
-6.09636e+06 -1.6166e-06
-6.11976e+06 -1.62281e-06
-6.14316e+06 -1.62901e-06
-6.16655e+06 -1.63521e-06
-6.18994e+06 -1.64142e-06
-6.21333e+06 -1.64762e-06
-6.23671e+06 -1.65382e-06
-6.26009e+06 -1.66002e-06
-6.28347e+06 -1.66622e-06
-6.30685e+06 -1.67242e-06
-6.33023e+06 -1.67862e-06
-6.3536e+06 -1.68482e-06
-6.37696e+06 -1.69101e-06
-6.40033e+06 -1.69721e-06
-6.4237e+06 -1.7034e-06
-6.44706e+06 -1.7096e-06
-6.47042e+06 -1.71579e-06
-6.49378e+06 -1.72199e-06
-6.51713e+06 -1.72818e-06
-6.54048e+06 -1.73437e-06
-6.56384e+06 -1.74057e-06
-6.58718e+06 -1.74676e-06
-6.61053e+06 -1.75295e-06
-6.63387e+06 -1.75914e-06
-6.65721e+06 -1.76533e-06
-6.68055e+06 -1.77151e-06
-6.70388e+06 -1.7777e-06
-6.72721e+06 -1.78389e-06
-6.75054e+06 -1.79008e-06
-6.77387e+06 -1.79626e-06
-6.79719e+06 -1.80245e-06
-6.82052e+06 -1.80863e-06
-6.84384e+06 -1.81481e-06
-6.86716e+06 -1.821e-06
-6.89047e+06 -1.82718e-06
-6.91378e+06 -1.83336e-06
-6.93709e+06 -1.83954e-06
-6.9604e+06 -1.84572e-06
-6.9837e+06 -1.8519e-06
-7.00701e+06 -1.85808e-06
-7.0303e+06 -1.86426e-06
-7.0536e+06 -1.87044e-06
-7.07689e+06 -1.87662e-06
-7.10019e+06 -1.88279e-06
-7.12348e+06 -1.88897e-06
-7.14676e+06 -1.89514e-06
-7.17005e+06 -1.90132e-06
-7.19333e+06 -1.90749e-06
-7.21661e+06 -1.91366e-06
-7.23989e+06 -1.91984e-06
-7.26316e+06 -1.92601e-06
-7.28643e+06 -1.93218e-06
-7.3097e+06 -1.93835e-06
-7.33297e+06 -1.94452e-06
-7.35623e+06 -1.95069e-06
-7.37949e+06 -1.95686e-06
-7.40275e+06 -1.96303e-06
-7.42601e+06 -1.96919e-06
-7.44926e+06 -1.97536e-06
-7.47252e+06 -1.98153e-06
-7.49576e+06 -1.98769e-06
-7.51901e+06 -1.99386e-06
-7.54226e+06 -2.00002e-06
-7.5655e+06 -2.00618e-06
-7.58874e+06 -2.01234e-06
-7.61197e+06 -2.01851e-06
-7.63521e+06 -2.02467e-06
-7.65844e+06 -2.03083e-06
-7.68167e+06 -2.03699e-06
-7.7049e+06 -2.04315e-06
-7.72812e+06 -2.0493e-06
-7.75134e+06 -2.05546e-06
-7.77456e+06 -2.06162e-06
-7.79778e+06 -2.06778e-06
-7.82099e+06 -2.07393e-06
-7.8442e+06 -2.08009e-06
-7.86741e+06 -2.08624e-06
-7.89062e+06 -2.0924e-06
-7.91383e+06 -2.09855e-06
-7.93703e+06 -2.1047e-06
-7.96023e+06 -2.11085e-06
-7.98342e+06 -2.117e-06
-8.00662e+06 -2.12316e-06
-8.02981e+06 -2.1293e-06
-8.053e+06 -2.13545e-06
-8.07618e+06 -2.1416e-06
-8.09937e+06 -2.14775e-06
-8.12255e+06 -2.1539e-06
-8.14573e+06 -2.16004e-06
-8.16891e+06 -2.16619e-06
-8.19208e+06 -2.17233e-06
-8.21525e+06 -2.17848e-06
-8.23842e+06 -2.18462e-06
-8.26159e+06 -2.19077e-06
-8.28475e+06 -2.19691e-06
-8.30791e+06 -2.20305e-06
-8.33107e+06 -2.20919e-06
-8.35422e+06 -2.21533e-06
-8.37738e+06 -2.22147e-06
-8.40053e+06 -2.22761e-06
-8.42368e+06 -2.23375e-06
-8.44683e+06 -2.23989e-06
-8.46997e+06 -2.24602e-06
-8.49311e+06 -2.25216e-06
-8.51625e+06 -2.2583e-06
-8.53939e+06 -2.26443e-06
-8.56252e+06 -2.27057e-06
-8.58565e+06 -2.2767e-06
-8.60878e+06 -2.28283e-06
-8.63191e+06 -2.28897e-06
-8.65503e+06 -2.2951e-06
-8.67815e+06 -2.30123e-06
-8.70127e+06 -2.30736e-06
-8.72439e+06 -2.31349e-06
-8.7475e+06 -2.31962e-06
-8.77061e+06 -2.32575e-06
-8.79372e+06 -2.33188e-06
-8.81683e+06 -2.338e-06
-8.83993e+06 -2.34413e-06
-8.86303e+06 -2.35025e-06
-8.88613e+06 -2.35638e-06
-8.90923e+06 -2.36251e-06
-8.93232e+06 -2.36863e-06
-8.95541e+06 -2.37475e-06
-8.9785e+06 -2.38087e-06
-9.00158e+06 -2.387e-06
-9.02467e+06 -2.39312e-06
-9.04775e+06 -2.39924e-06
-9.07083e+06 -2.40536e-06
-9.0939e+06 -2.41148e-06
-9.11698e+06 -2.4176e-06
-9.14005e+06 -2.42371e-06
-9.16312e+06 -2.42983e-06
-9.18618e+06 -2.43595e-06
-9.20925e+06 -2.44206e-06
-9.23231e+06 -2.44818e-06
-9.25537e+06 -2.45429e-06
-9.27842e+06 -2.46041e-06
-9.30148e+06 -2.46652e-06
-9.32453e+06 -2.47263e-06
-9.34758e+06 -2.47874e-06
-9.37062e+06 -2.48485e-06
-9.39367e+06 -2.49097e-06
-9.4167e+06 -2.49708e-06
-9.43974e+06 -2.50318e-06
-9.46278e+06 -2.50929e-06
-9.48581e+06 -2.5154e-06
-9.50884e+06 -2.52151e-06
-9.53187e+06 -2.52762e-06
-9.5549e+06 -2.53372e-06
-9.57792e+06 -2.53983e-06
-9.60094e+06 -2.54593e-06
-9.62396e+06 -2.55203e-06
-9.64698e+06 -2.55814e-06
-9.66999e+06 -2.56424e-06
-9.693e+06 -2.57034e-06
-9.71601e+06 -2.57644e-06
-9.73901e+06 -2.58254e-06
-9.76202e+06 -2.58864e-06
-9.78502e+06 -2.59474e-06
-9.80802e+06 -2.60084e-06
-9.83101e+06 -2.60694e-06
-9.85401e+06 -2.61304e-06
-9.87699e+06 -2.61913e-06
-9.89998e+06 -2.62523e-06
-9.92297e+06 -2.63132e-06
-9.94595e+06 -2.63742e-06
-9.96893e+06 -2.64351e-06
-9.99191e+06 -2.64961e-06
-1.00149e+07 -2.6557e-06
-1.00379e+07 -2.66179e-06
-1.00608e+07 -2.66788e-06
-1.00838e+07 -2.67397e-06
-1.01068e+07 -2.68006e-06
-1.01297e+07 -2.68615e-06
-1.01527e+07 -2.69224e-06
-1.01756e+07 -2.69833e-06
-1.01986e+07 -2.70442e-06
-1.02216e+07 -2.7105e-06
-1.02445e+07 -2.71659e-06
-1.02675e+07 -2.72267e-06
-1.02904e+07 -2.72876e-06
-1.03133e+07 -2.73484e-06
-1.03363e+07 -2.74092e-06
-1.03592e+07 -2.74701e-06
-1.03822e+07 -2.75309e-06
-1.04051e+07 -2.75917e-06
-1.0428e+07 -2.76525e-06
-1.04509e+07 -2.77133e-06
-1.04739e+07 -2.77741e-06
-1.04968e+07 -2.78349e-06
-1.05197e+07 -2.78957e-06
-1.05426e+07 -2.79564e-06
-1.05655e+07 -2.80172e-06
-1.05885e+07 -2.8078e-06
-1.06114e+07 -2.81387e-06
-1.06343e+07 -2.81995e-06
-1.06572e+07 -2.82602e-06
-1.06801e+07 -2.83209e-06
-1.0703e+07 -2.83817e-06
-1.07259e+07 -2.84424e-06
-1.07488e+07 -2.85031e-06
-1.07717e+07 -2.85638e-06
-1.07946e+07 -2.86245e-06
-1.08175e+07 -2.86852e-06
-1.08403e+07 -2.87459e-06
-1.08632e+07 -2.88066e-06
-1.08861e+07 -2.88672e-06
-1.0909e+07 -2.89279e-06
-1.09319e+07 -2.89885e-06
-1.09547e+07 -2.90492e-06
-1.09776e+07 -2.91098e-06
-1.10005e+07 -2.91705e-06
-1.10233e+07 -2.92311e-06
-1.10462e+07 -2.92917e-06
-1.10691e+07 -2.93524e-06
-1.10919e+07 -2.9413e-06
-1.11148e+07 -2.94736e-06
-1.11376e+07 -2.95342e-06
-1.11605e+07 -2.95948e-06
-1.11833e+07 -2.96554e-06
-1.12062e+07 -2.97159e-06
-1.1229e+07 -2.97765e-06
-1.12518e+07 -2.98371e-06
-1.12747e+07 -2.98976e-06
-1.12975e+07 -2.99582e-06
-1.13203e+07 -3.00187e-06
-1.13432e+07 -3.00793e-06
-1.1366e+07 -3.01398e-06
-1.13888e+07 -3.02003e-06
-1.14116e+07 -3.02608e-06
-1.14345e+07 -3.03214e-06
-1.14573e+07 -3.03819e-06
-1.14801e+07 -3.04424e-06
-1.15029e+07 -3.05029e-06
-1.15257e+07 -3.05633e-06
-1.15485e+07 -3.06238e-06
-1.15713e+07 -3.06843e-06
-1.15941e+07 -3.07448e-06
-1.16169e+07 -3.08052e-06
-1.16397e+07 -3.08657e-06
-1.16625e+07 -3.09261e-06
-1.16853e+07 -3.09866e-06
-1.17081e+07 -3.1047e-06
-1.17309e+07 -3.11074e-06
-1.17537e+07 -3.11678e-06
-1.17765e+07 -3.12283e-06
-1.17992e+07 -3.12887e-06
-1.1822e+07 -3.13491e-06
-1.18448e+07 -3.14094e-06
-1.18676e+07 -3.14698e-06
-1.18903e+07 -3.15302e-06
-1.19131e+07 -3.15906e-06
-1.19359e+07 -3.1651e-06
-1.19586e+07 -3.17113e-06
-1.19814e+07 -3.17717e-06
-1.20041e+07 -3.1832e-06
-1.20269e+07 -3.18924e-06
-1.20497e+07 -3.19527e-06
-1.20724e+07 -3.2013e-06
-1.20952e+07 -3.20733e-06
-1.21179e+07 -3.21336e-06
-1.21406e+07 -3.2194e-06
-1.21634e+07 -3.22542e-06
-1.21861e+07 -3.23145e-06
-1.22088e+07 -3.23748e-06
-1.22316e+07 -3.24351e-06
-1.22543e+07 -3.24954e-06
-1.2277e+07 -3.25557e-06
-1.22998e+07 -3.26159e-06
-1.23225e+07 -3.26762e-06
-1.23452e+07 -3.27364e-06
-1.23679e+07 -3.27966e-06
-1.23906e+07 -3.28569e-06
-1.24133e+07 -3.29171e-06
-1.24361e+07 -3.29773e-06
-1.24588e+07 -3.30375e-06
-1.24815e+07 -3.30977e-06
-1.25042e+07 -3.31579e-06
-1.25269e+07 -3.32181e-06
-1.25496e+07 -3.32783e-06
-1.25723e+07 -3.33385e-06
-1.2595e+07 -3.33987e-06
-1.26176e+07 -3.34588e-06
-1.26403e+07 -3.3519e-06
-1.2663e+07 -3.35792e-06
-1.26857e+07 -3.36393e-06
-1.27084e+07 -3.36994e-06
-1.27311e+07 -3.37596e-06
-1.27537e+07 -3.38197e-06
-1.27764e+07 -3.38798e-06
-1.27991e+07 -3.39399e-06
-1.28217e+07 -3.4e-06
-1.28444e+07 -3.40601e-06
-1.28671e+07 -3.41202e-06
-1.28897e+07 -3.41803e-06
-1.29124e+07 -3.42404e-06
-1.2935e+07 -3.43005e-06
-1.29577e+07 -3.43605e-06
-1.29803e+07 -3.44206e-06
-1.3003e+07 -3.44806e-06
-1.30256e+07 -3.45407e-06
-1.30483e+07 -3.46007e-06
-1.30709e+07 -3.46608e-06
-1.30935e+07 -3.47208e-06
-1.31162e+07 -3.47808e-06
-1.31388e+07 -3.48408e-06
-1.31614e+07 -3.49008e-06
-1.31841e+07 -3.49608e-06
-1.32067e+07 -3.50208e-06
-1.32293e+07 -3.50808e-06
-1.32519e+07 -3.51408e-06
-1.32745e+07 -3.52008e-06
-1.32972e+07 -3.52607e-06
-1.33198e+07 -3.53207e-06
-1.33424e+07 -3.53807e-06
-1.3365e+07 -3.54406e-06
-1.33876e+07 -3.55005e-06
-1.34102e+07 -3.55605e-06
-1.34328e+07 -3.56204e-06
-1.34554e+07 -3.56803e-06
-1.3478e+07 -3.57402e-06
-1.35006e+07 -3.58001e-06
-1.35231e+07 -3.586e-06
-1.35457e+07 -3.59199e-06
-1.35683e+07 -3.59798e-06
-1.35909e+07 -3.60397e-06
-1.36135e+07 -3.60996e-06
-1.36361e+07 -3.61594e-06
-1.36586e+07 -3.62193e-06
-1.36812e+07 -3.62791e-06
-1.37038e+07 -3.6339e-06
-1.37263e+07 -3.63988e-06
-1.37489e+07 -3.64587e-06
-1.37715e+07 -3.65185e-06
-1.3794e+07 -3.65783e-06
-1.38166e+07 -3.66381e-06
-1.38391e+07 -3.66979e-06
-1.38617e+07 -3.67577e-06
-1.38842e+07 -3.68175e-06
-1.39068e+07 -3.68773e-06
-1.39293e+07 -3.69371e-06
-1.39519e+07 -3.69969e-06
-1.39744e+07 -3.70566e-06
-1.39969e+07 -3.71164e-06
-1.40195e+07 -3.71761e-06
-1.4042e+07 -3.72359e-06
-1.40645e+07 -3.72956e-06
-1.40871e+07 -3.73554e-06
-1.41096e+07 -3.74151e-06
-1.41321e+07 -3.74748e-06
-1.41546e+07 -3.75345e-06
-1.41771e+07 -3.75942e-06
-1.41996e+07 -3.76539e-06
-1.42222e+07 -3.77136e-06
-1.42447e+07 -3.77733e-06
-1.42672e+07 -3.7833e-06
-1.42897e+07 -3.78927e-06
-1.43122e+07 -3.79523e-06
-1.43347e+07 -3.8012e-06
-1.43572e+07 -3.80716e-06
-1.43797e+07 -3.81313e-06
-1.44022e+07 -3.81909e-06
-1.44246e+07 -3.82505e-06
-1.44471e+07 -3.83102e-06
-1.44696e+07 -3.83698e-06
-1.44921e+07 -3.84294e-06
-1.45146e+07 -3.8489e-06
-1.4537e+07 -3.85486e-06
-1.45595e+07 -3.86082e-06
-1.4582e+07 -3.86678e-06
-1.46045e+07 -3.87274e-06
-1.46269e+07 -3.8787e-06
-1.46494e+07 -3.88465e-06
-1.46718e+07 -3.89061e-06
-1.46943e+07 -3.89656e-06
-1.47168e+07 -3.90252e-06
-1.47392e+07 -3.90847e-06
-1.47617e+07 -3.91443e-06
-1.47841e+07 -3.92038e-06
-1.48066e+07 -3.92633e-06
-1.4829e+07 -3.93228e-06
-1.48514e+07 -3.93823e-06
-1.48739e+07 -3.94418e-06
-1.48963e+07 -3.95013e-06
-1.49188e+07 -3.95608e-06
-1.49412e+07 -3.96203e-06
-1.49636e+07 -3.96798e-06
-1.4986e+07 -3.97392e-06
-1.50085e+07 -3.97987e-06
-1.50309e+07 -3.98581e-06
-1.50533e+07 -3.99176e-06
-1.50757e+07 -3.9977e-06
-1.50981e+07 -4.00365e-06
-1.51205e+07 -4.00959e-06
-1.51429e+07 -4.01553e-06
-1.51654e+07 -4.02147e-06
-1.51877e+07 -4.02741e-06
-1.52102e+07 -4.03335e-06
-1.52325e+07 -4.03929e-06
-1.52549e+07 -4.04523e-06
-1.52773e+07 -4.05117e-06
-1.52997e+07 -4.0571e-06
-1.53221e+07 -4.06304e-06
-1.53445e+07 -4.06898e-06
-1.53669e+07 -4.07491e-06
-1.53893e+07 -4.08085e-06
-1.54116e+07 -4.08678e-06
-1.5434e+07 -4.09272e-06
-1.54564e+07 -4.09865e-06
-1.54788e+07 -4.10458e-06
-1.55011e+07 -4.11051e-06
-1.55235e+07 -4.11644e-06
-1.55459e+07 -4.12237e-06
-1.55682e+07 -4.1283e-06
-1.55906e+07 -4.13423e-06
-1.56129e+07 -4.14016e-06
-1.56353e+07 -4.14609e-06
-1.56576e+07 -4.15201e-06
-1.568e+07 -4.15794e-06
-1.57023e+07 -4.16386e-06
-1.57247e+07 -4.16979e-06
-1.5747e+07 -4.17571e-06
-1.57693e+07 -4.18164e-06
-1.57917e+07 -4.18756e-06
-1.5814e+07 -4.19348e-06
-1.58363e+07 -4.1994e-06
-1.58587e+07 -4.20532e-06
-1.5881e+07 -4.21124e-06
-1.59033e+07 -4.21716e-06
-1.59256e+07 -4.22308e-06
-1.5948e+07 -4.229e-06
-1.59703e+07 -4.23492e-06
-1.59926e+07 -4.24083e-06
-1.60149e+07 -4.24675e-06
-1.60372e+07 -4.25266e-06
-1.60595e+07 -4.25858e-06
-1.60818e+07 -4.26449e-06
-1.61041e+07 -4.27041e-06
-1.61264e+07 -4.27632e-06
-1.61487e+07 -4.28223e-06
-1.6171e+07 -4.28814e-06
-1.61933e+07 -4.29405e-06
-1.62156e+07 -4.29996e-06
-1.62378e+07 -4.30587e-06
-1.62601e+07 -4.31178e-06
-1.62824e+07 -4.31769e-06
-1.63047e+07 -4.3236e-06
-1.6327e+07 -4.3295e-06
-1.63492e+07 -4.33541e-06
-1.63715e+07 -4.34131e-06
-1.63938e+07 -4.34722e-06
-1.6416e+07 -4.35312e-06
-1.64383e+07 -4.35903e-06
-1.64606e+07 -4.36493e-06
-1.64828e+07 -4.37083e-06
-1.65051e+07 -4.37673e-06
-1.65273e+07 -4.38263e-06
-1.65496e+07 -4.38853e-06
-1.65718e+07 -4.39443e-06
-1.65941e+07 -4.40033e-06
-1.66163e+07 -4.40623e-06
-1.66385e+07 -4.41213e-06
-1.66608e+07 -4.41802e-06
-1.6683e+07 -4.42392e-06
-1.67052e+07 -4.42982e-06
-1.67275e+07 -4.43571e-06
-1.67497e+07 -4.4416e-06
-1.67719e+07 -4.4475e-06
-1.67941e+07 -4.45339e-06
-1.68164e+07 -4.45928e-06
-1.68386e+07 -4.46517e-06
-1.68608e+07 -4.47106e-06
-1.6883e+07 -4.47695e-06
-1.69052e+07 -4.48284e-06
-1.69274e+07 -4.48873e-06
-1.69496e+07 -4.49462e-06
-1.69718e+07 -4.50051e-06
-1.6994e+07 -4.50639e-06
-1.70162e+07 -4.51228e-06
-1.70384e+07 -4.51816e-06
-1.70606e+07 -4.52405e-06
-1.70828e+07 -4.52993e-06
-1.7105e+07 -4.53582e-06
-1.71272e+07 -4.5417e-06
-1.71494e+07 -4.54758e-06
-1.71715e+07 -4.55346e-06
-1.71937e+07 -4.55934e-06
-1.72159e+07 -4.56522e-06
-1.72381e+07 -4.5711e-06
-1.72602e+07 -4.57698e-06
-1.72824e+07 -4.58286e-06
-1.73046e+07 -4.58874e-06
-1.73267e+07 -4.59462e-06
-1.73489e+07 -4.60049e-06
-1.7371e+07 -4.60637e-06
-1.73932e+07 -4.61224e-06
-1.74153e+07 -4.61811e-06
-1.74375e+07 -4.62399e-06
-1.74596e+07 -4.62986e-06
-1.74818e+07 -4.63573e-06
-1.75039e+07 -4.6416e-06
-1.75261e+07 -4.64747e-06
-1.75482e+07 -4.65334e-06
-1.75703e+07 -4.65922e-06
-1.75925e+07 -4.66508e-06
-1.76146e+07 -4.67095e-06
-1.76367e+07 -4.67682e-06
-1.76588e+07 -4.68269e-06
-1.7681e+07 -4.68855e-06
-1.77031e+07 -4.69442e-06
-1.77252e+07 -4.70028e-06
-1.77473e+07 -4.70614e-06
-1.77694e+07 -4.71201e-06
-1.77915e+07 -4.71787e-06
-1.78136e+07 -4.72374e-06
-1.78357e+07 -4.7296e-06
-1.78579e+07 -4.73546e-06
-1.788e+07 -4.74132e-06
-1.7902e+07 -4.74718e-06
-1.79241e+07 -4.75303e-06
-1.79462e+07 -4.75889e-06
-1.79683e+07 -4.76475e-06
-1.79904e+07 -4.77061e-06
-1.80125e+07 -4.77646e-06
-1.80346e+07 -4.78232e-06
-1.80566e+07 -4.78817e-06
-1.80787e+07 -4.79403e-06
-1.81008e+07 -4.79988e-06
-1.81229e+07 -4.80573e-06
-1.81449e+07 -4.81158e-06
-1.8167e+07 -4.81743e-06
-1.81891e+07 -4.82329e-06
-1.82111e+07 -4.82914e-06
-1.82332e+07 -4.83499e-06
-1.82552e+07 -4.84083e-06
-1.82773e+07 -4.84668e-06
-1.82993e+07 -4.85253e-06
-1.83214e+07 -4.85838e-06
-1.83434e+07 -4.86422e-06
-1.83655e+07 -4.87007e-06
-1.83875e+07 -4.87591e-06
-1.84096e+07 -4.88176e-06
-1.84316e+07 -4.8876e-06
-1.84536e+07 -4.89344e-06
-1.84757e+07 -4.89928e-06
-1.84977e+07 -4.90513e-06
-1.85197e+07 -4.91097e-06
-1.85417e+07 -4.91681e-06
-1.85638e+07 -4.92265e-06
-1.85858e+07 -4.92849e-06
-1.86078e+07 -4.93432e-06
-1.86298e+07 -4.94016e-06
-1.86518e+07 -4.946e-06
-1.86738e+07 -4.95183e-06
-1.86958e+07 -4.95767e-06
-1.87178e+07 -4.9635e-06
-1.87398e+07 -4.96934e-06
-1.87618e+07 -4.97517e-06
-1.87838e+07 -4.981e-06
-1.88058e+07 -4.98684e-06
-1.88278e+07 -4.99267e-06
-1.88498e+07 -4.9985e-06
-1.88718e+07 -5.00433e-06
-1.88938e+07 -5.01016e-06
-1.89158e+07 -5.01599e-06
-1.89377e+07 -5.02181e-06
-1.89597e+07 -5.02764e-06
-1.89817e+07 -5.03347e-06
-1.90037e+07 -5.03929e-06
-1.90256e+07 -5.04512e-06
-1.90476e+07 -5.05094e-06
-1.90696e+07 -5.05677e-06
-1.90915e+07 -5.06259e-06
-1.91135e+07 -5.06841e-06
-1.91354e+07 -5.07424e-06
-1.91574e+07 -5.08006e-06
-1.91793e+07 -5.08588e-06
-1.92013e+07 -5.0917e-06
-1.92232e+07 -5.09752e-06
-1.92452e+07 -5.10334e-06
-1.92671e+07 -5.10915e-06
-1.9289e+07 -5.11497e-06
-1.9311e+07 -5.12079e-06
-1.93329e+07 -5.1266e-06
-1.93548e+07 -5.13242e-06
-1.93768e+07 -5.13823e-06
-1.93987e+07 -5.14405e-06
-1.94206e+07 -5.14986e-06
-1.94425e+07 -5.15568e-06
-1.94645e+07 -5.16149e-06
-1.94864e+07 -5.1673e-06
-1.95083e+07 -5.17311e-06
-1.95302e+07 -5.17892e-06
-1.95521e+07 -5.18473e-06
-1.9574e+07 -5.19054e-06
-1.95959e+07 -5.19635e-06
-1.96178e+07 -5.20215e-06
-1.96397e+07 -5.20796e-06
-1.96593e+07 -5.21315e-06
-1.96747e+07 -5.21725e-06
-1.96902e+07 -5.22135e-06
-1.97056e+07 -5.22544e-06
-1.97211e+07 -5.22954e-06
-1.97365e+07 -5.23363e-06
-1.9752e+07 -5.23773e-06
-1.97674e+07 -5.24182e-06
-1.97754e+07 -5.24394e-06
-1.97712e+07 -5.24282e-06
-1.9767e+07 -5.2417e-06
-1.97627e+07 -5.24058e-06
-1.97585e+07 -5.23947e-06
-1.97543e+07 -5.23835e-06
-1.97501e+07 -5.23723e-06
-1.97459e+07 -5.23611e-06
-1.97417e+07 -5.235e-06
-1.97375e+07 -5.23388e-06
-1.97332e+07 -5.23277e-06
-1.9729e+07 -5.23165e-06
-1.97248e+07 -5.23053e-06
-1.97206e+07 -5.22941e-06
-1.97164e+07 -5.2283e-06
-1.97122e+07 -5.22718e-06
-1.9708e+07 -5.22606e-06
-1.97038e+07 -5.22495e-06
-1.96996e+07 -5.22383e-06
-1.96953e+07 -5.22271e-06
-1.96911e+07 -5.2216e-06
-1.96869e+07 -5.22048e-06
-1.96827e+07 -5.21937e-06
-1.96785e+07 -5.21825e-06
-1.96743e+07 -5.21713e-06
-1.96701e+07 -5.21602e-06
-1.96659e+07 -5.2149e-06
-1.96617e+07 -5.21379e-06
-1.96575e+07 -5.21267e-06
-1.96533e+07 -5.21155e-06
-1.9649e+07 -5.21044e-06
-1.96448e+07 -5.20932e-06
-1.96406e+07 -5.20821e-06
-1.96364e+07 -5.20709e-06
-1.96322e+07 -5.20598e-06
-1.9628e+07 -5.20486e-06
-1.96238e+07 -5.20375e-06
-1.96196e+07 -5.20263e-06
-1.96154e+07 -5.20152e-06
-1.96112e+07 -5.2004e-06
-1.9607e+07 -5.19929e-06
-1.96028e+07 -5.19817e-06
-1.95986e+07 -5.19705e-06
-1.95944e+07 -5.19594e-06
-1.95902e+07 -5.19483e-06
-1.9586e+07 -5.19371e-06
-1.95818e+07 -5.1926e-06
-1.95776e+07 -5.19148e-06
-1.95734e+07 -5.19037e-06
-1.95692e+07 -5.18926e-06
-1.9565e+07 -5.18814e-06
-1.95608e+07 -5.18703e-06
-1.95566e+07 -5.18591e-06
-1.95524e+07 -5.1848e-06
-1.95482e+07 -5.18368e-06
-1.9544e+07 -5.18257e-06
-1.95398e+07 -5.18146e-06
-1.95356e+07 -5.18034e-06
-1.95314e+07 -5.17923e-06
-1.95272e+07 -5.17812e-06
-1.9523e+07 -5.177e-06
-1.95188e+07 -5.17589e-06
-1.95146e+07 -5.17477e-06
-1.95104e+07 -5.17366e-06
-1.95062e+07 -5.17255e-06
-1.9502e+07 -5.17143e-06
-1.94978e+07 -5.17032e-06
-1.94936e+07 -5.16921e-06
-1.94894e+07 -5.1681e-06
-1.94852e+07 -5.16698e-06
-1.9481e+07 -5.16587e-06
-1.94768e+07 -5.16476e-06
-1.94726e+07 -5.16365e-06
-1.94684e+07 -5.16253e-06
-1.94642e+07 -5.16142e-06
-1.946e+07 -5.16031e-06
-1.94558e+07 -5.1592e-06
-1.94516e+07 -5.15808e-06
-1.94474e+07 -5.15697e-06
-1.94432e+07 -5.15586e-06
-1.9439e+07 -5.15475e-06
-1.94348e+07 -5.15363e-06
-1.94306e+07 -5.15252e-06
-1.94265e+07 -5.15141e-06
-1.94223e+07 -5.1503e-06
-1.94181e+07 -5.14919e-06
-1.94139e+07 -5.14808e-06
-1.94097e+07 -5.14696e-06
-1.94055e+07 -5.14585e-06
-1.94013e+07 -5.14474e-06
-1.93971e+07 -5.14363e-06
-1.93929e+07 -5.14252e-06
-1.93887e+07 -5.14141e-06
-1.93845e+07 -5.1403e-06
-1.93803e+07 -5.13918e-06
-1.93762e+07 -5.13807e-06
-1.9372e+07 -5.13696e-06
-1.93678e+07 -5.13585e-06
-1.93636e+07 -5.13474e-06
-1.93594e+07 -5.13363e-06
-1.93552e+07 -5.13252e-06
-1.9351e+07 -5.13141e-06
-1.93468e+07 -5.1303e-06
-1.93426e+07 -5.12919e-06
-1.93385e+07 -5.12808e-06
-1.93343e+07 -5.12697e-06
-1.93301e+07 -5.12586e-06
-1.93259e+07 -5.12475e-06
-1.93217e+07 -5.12364e-06
-1.93175e+07 -5.12252e-06
-1.93133e+07 -5.12141e-06
-1.93091e+07 -5.1203e-06
-1.9305e+07 -5.1192e-06
-1.93008e+07 -5.11808e-06
-1.92966e+07 -5.11698e-06
-1.92924e+07 -5.11587e-06
-1.92882e+07 -5.11476e-06
-1.9284e+07 -5.11365e-06
-1.92799e+07 -5.11254e-06
-1.92757e+07 -5.11143e-06
-1.92715e+07 -5.11032e-06
-1.92673e+07 -5.10921e-06
-1.92631e+07 -5.1081e-06
-1.92589e+07 -5.10699e-06
-1.92548e+07 -5.10588e-06
-1.92506e+07 -5.10477e-06
-1.92464e+07 -5.10367e-06
-1.92422e+07 -5.10256e-06
-1.9238e+07 -5.10145e-06
-1.92338e+07 -5.10034e-06
-1.92297e+07 -5.09923e-06
-1.92255e+07 -5.09812e-06
-1.92213e+07 -5.09701e-06
-1.92171e+07 -5.0959e-06
-1.9213e+07 -5.0948e-06
-1.92088e+07 -5.09369e-06
-1.92046e+07 -5.09258e-06
-1.92004e+07 -5.09147e-06
-1.91962e+07 -5.09036e-06
-1.91921e+07 -5.08925e-06
-1.91879e+07 -5.08815e-06
-1.91837e+07 -5.08704e-06
-1.91795e+07 -5.08593e-06
-1.91753e+07 -5.08482e-06
-1.91712e+07 -5.08371e-06
-1.9167e+07 -5.08261e-06
-1.91628e+07 -5.0815e-06
-1.91586e+07 -5.08039e-06
-1.91545e+07 -5.07928e-06
-1.91503e+07 -5.07818e-06
-1.91461e+07 -5.07707e-06
-1.91419e+07 -5.07596e-06
-1.91378e+07 -5.07486e-06
-1.91336e+07 -5.07375e-06
-1.91294e+07 -5.07264e-06
-1.91252e+07 -5.07154e-06
-1.91211e+07 -5.07043e-06
-1.91169e+07 -5.06932e-06
-1.91127e+07 -5.06822e-06
-1.91085e+07 -5.06711e-06
-1.91044e+07 -5.066e-06
-1.91002e+07 -5.06489e-06
-1.9096e+07 -5.06379e-06
-1.90919e+07 -5.06268e-06
-1.90877e+07 -5.06158e-06
-1.90835e+07 -5.06047e-06
-1.90793e+07 -5.05936e-06
-1.90752e+07 -5.05826e-06
-1.9071e+07 -5.05715e-06
-1.90668e+07 -5.05605e-06
-1.90627e+07 -5.05494e-06
-1.90585e+07 -5.05383e-06
-1.90543e+07 -5.05273e-06
-1.90501e+07 -5.05162e-06
-1.9046e+07 -5.05052e-06
-1.90418e+07 -5.04941e-06
-1.90376e+07 -5.0483e-06
-1.90335e+07 -5.0472e-06
-1.90293e+07 -5.0461e-06
-1.90251e+07 -5.04499e-06
-1.9021e+07 -5.04389e-06
-1.90168e+07 -5.04278e-06
-1.90126e+07 -5.04168e-06
-1.90085e+07 -5.04057e-06
-1.90043e+07 -5.03947e-06
-1.90001e+07 -5.03836e-06
-1.8996e+07 -5.03726e-06
-1.89918e+07 -5.03615e-06
-1.89876e+07 -5.03505e-06
-1.89835e+07 -5.03394e-06
-1.89793e+07 -5.03284e-06
-1.89751e+07 -5.03174e-06
-1.8971e+07 -5.03063e-06
-1.89668e+07 -5.02952e-06
-1.89627e+07 -5.02842e-06
-1.89585e+07 -5.02732e-06
-1.89543e+07 -5.02621e-06
-1.89502e+07 -5.02511e-06
-1.8946e+07 -5.024e-06
-1.89418e+07 -5.0229e-06
-1.89377e+07 -5.0218e-06
-1.89335e+07 -5.02069e-06
-1.89293e+07 -5.01959e-06
-1.89252e+07 -5.01849e-06
-1.8921e+07 -5.01738e-06
-1.89168e+07 -5.01628e-06
-1.89127e+07 -5.01517e-06
-1.89085e+07 -5.01407e-06
-1.89044e+07 -5.01297e-06
-1.89002e+07 -5.01187e-06
-1.88961e+07 -5.01076e-06
-1.88919e+07 -5.00966e-06
-1.88877e+07 -5.00856e-06
-1.88836e+07 -5.00746e-06
-1.88794e+07 -5.00635e-06
-1.88753e+07 -5.00525e-06
-1.88711e+07 -5.00414e-06
-1.88669e+07 -5.00304e-06
-1.88628e+07 -5.00194e-06
-1.88586e+07 -5.00084e-06
-1.88545e+07 -4.99973e-06
-1.88503e+07 -4.99863e-06
-1.88462e+07 -4.99753e-06
-1.8842e+07 -4.99643e-06
-1.88378e+07 -4.99532e-06
-1.88337e+07 -4.99422e-06
-1.88295e+07 -4.99312e-06
-1.88254e+07 -4.99202e-06
-1.88212e+07 -4.99092e-06
-1.88171e+07 -4.98982e-06
-1.88129e+07 -4.98872e-06
-1.88088e+07 -4.98761e-06
-1.88046e+07 -4.98651e-06
-1.88004e+07 -4.98541e-06
-1.87963e+07 -4.98431e-06
-1.87921e+07 -4.98321e-06
-1.8788e+07 -4.98211e-06
-1.87838e+07 -4.981e-06
-1.87797e+07 -4.9799e-06
-1.87755e+07 -4.9788e-06
-1.87714e+07 -4.9777e-06
-1.87672e+07 -4.9766e-06
-1.87631e+07 -4.9755e-06
-1.87589e+07 -4.9744e-06
-1.87548e+07 -4.9733e-06
-1.87506e+07 -4.9722e-06
-1.87465e+07 -4.9711e-06
-1.87423e+07 -4.97e-06
-1.87382e+07 -4.9689e-06
-1.8734e+07 -4.9678e-06
-1.87299e+07 -4.9667e-06
-1.87257e+07 -4.9656e-06
-1.87216e+07 -4.9645e-06
-1.87174e+07 -4.96339e-06
-1.87133e+07 -4.96229e-06
-1.87091e+07 -4.9612e-06
-1.8705e+07 -4.9601e-06
-1.87008e+07 -4.959e-06
-1.86967e+07 -4.9579e-06
-1.86925e+07 -4.9568e-06
-1.86884e+07 -4.9557e-06
-1.86843e+07 -4.9546e-06
-1.86801e+07 -4.9535e-06
-1.8676e+07 -4.9524e-06
-1.86718e+07 -4.9513e-06
-1.86677e+07 -4.9502e-06
-1.86635e+07 -4.9491e-06
-1.86594e+07 -4.948e-06
-1.86552e+07 -4.9469e-06
-1.86511e+07 -4.9458e-06
-1.86469e+07 -4.94471e-06
-1.86428e+07 -4.94361e-06
-1.86387e+07 -4.94251e-06
-1.86345e+07 -4.94141e-06
-1.86304e+07 -4.94031e-06
-1.86262e+07 -4.93921e-06
-1.86221e+07 -4.93811e-06
-1.86179e+07 -4.93701e-06
-1.86138e+07 -4.93592e-06
-1.86097e+07 -4.93482e-06
-1.86055e+07 -4.93372e-06
-1.86014e+07 -4.93262e-06
-1.85972e+07 -4.93152e-06
-1.85931e+07 -4.93043e-06
-1.8589e+07 -4.92933e-06
-1.85848e+07 -4.92823e-06
-1.85807e+07 -4.92713e-06
-1.85765e+07 -4.92604e-06
-1.85724e+07 -4.92494e-06
-1.85683e+07 -4.92384e-06
-1.85641e+07 -4.92274e-06
-1.856e+07 -4.92164e-06
-1.85558e+07 -4.92055e-06
-1.85517e+07 -4.91945e-06
-1.85476e+07 -4.91835e-06
-1.85434e+07 -4.91725e-06
-1.85393e+07 -4.91616e-06
-1.85352e+07 -4.91506e-06
-1.8531e+07 -4.91396e-06
-1.85269e+07 -4.91287e-06
-1.85227e+07 -4.91177e-06
-1.85186e+07 -4.91067e-06
-1.85145e+07 -4.90958e-06
-1.85103e+07 -4.90848e-06
-1.85062e+07 -4.90738e-06
-1.85021e+07 -4.90629e-06
-1.84979e+07 -4.90519e-06
-1.84938e+07 -4.90409e-06
-1.84897e+07 -4.903e-06
-1.84855e+07 -4.9019e-06
-1.84814e+07 -4.90081e-06
-1.84773e+07 -4.89971e-06
-1.84731e+07 -4.89861e-06
-1.8469e+07 -4.89752e-06
-1.84649e+07 -4.89642e-06
-1.84607e+07 -4.89533e-06
-1.84566e+07 -4.89423e-06
-1.84525e+07 -4.89314e-06
-1.84483e+07 -4.89204e-06
-1.84442e+07 -4.89094e-06
-1.84401e+07 -4.88985e-06
-1.84359e+07 -4.88875e-06
-1.84318e+07 -4.88766e-06
-1.84277e+07 -4.88656e-06
-1.84235e+07 -4.88547e-06
-1.84194e+07 -4.88437e-06
-1.84153e+07 -4.88328e-06
-1.84112e+07 -4.88218e-06
-1.8407e+07 -4.88109e-06
-1.84029e+07 -4.87999e-06
-1.83988e+07 -4.8789e-06
-1.83946e+07 -4.8778e-06
-1.83905e+07 -4.87671e-06
-1.83864e+07 -4.87561e-06
-1.83823e+07 -4.87452e-06
-1.83781e+07 -4.87343e-06
-1.8374e+07 -4.87233e-06
-1.83699e+07 -4.87124e-06
-1.83658e+07 -4.87014e-06
-1.83616e+07 -4.86905e-06
-1.83575e+07 -4.86795e-06
-1.83534e+07 -4.86686e-06
-1.83493e+07 -4.86576e-06
-1.83451e+07 -4.86467e-06
-1.8341e+07 -4.86358e-06
-1.83369e+07 -4.86249e-06
-1.83328e+07 -4.86139e-06
-1.83286e+07 -4.8603e-06
-1.83245e+07 -4.8592e-06
-1.83204e+07 -4.85811e-06
-1.83163e+07 -4.85702e-06
-1.83121e+07 -4.85592e-06
-1.8308e+07 -4.85483e-06
-1.83039e+07 -4.85374e-06
-1.82998e+07 -4.85265e-06
-1.82957e+07 -4.85155e-06
-1.82915e+07 -4.85046e-06
-1.82874e+07 -4.84937e-06
-1.82833e+07 -4.84827e-06
-1.82792e+07 -4.84718e-06
-1.82751e+07 -4.84609e-06
-1.82709e+07 -4.84499e-06
-1.82668e+07 -4.8439e-06
-1.82627e+07 -4.84281e-06
-1.82586e+07 -4.84172e-06
-1.82545e+07 -4.84063e-06
-1.82503e+07 -4.83953e-06
-1.82462e+07 -4.83844e-06
-1.82421e+07 -4.83735e-06
-1.8238e+07 -4.83626e-06
-1.82339e+07 -4.83516e-06
-1.82297e+07 -4.83407e-06
-1.82256e+07 -4.83298e-06
-1.82215e+07 -4.83189e-06
-1.82174e+07 -4.8308e-06
-1.82133e+07 -4.82971e-06
-1.82092e+07 -4.82862e-06
-1.8205e+07 -4.82752e-06
-1.82009e+07 -4.82643e-06
-1.81968e+07 -4.82534e-06
-1.81927e+07 -4.82425e-06
-1.81886e+07 -4.82316e-06
-1.81845e+07 -4.82207e-06
-1.81803e+07 -4.82097e-06
-1.81762e+07 -4.81989e-06
-1.81721e+07 -4.81879e-06
-1.8168e+07 -4.8177e-06
-1.81639e+07 -4.81661e-06
-1.81598e+07 -4.81552e-06
-1.81557e+07 -4.81443e-06
-1.81516e+07 -4.81334e-06
-1.81474e+07 -4.81225e-06
-1.81433e+07 -4.81116e-06
-1.81392e+07 -4.81007e-06
-1.81351e+07 -4.80898e-06
-1.8131e+07 -4.80789e-06
-1.81269e+07 -4.8068e-06
-1.81228e+07 -4.80571e-06
-1.81187e+07 -4.80462e-06
-1.81146e+07 -4.80353e-06
-1.81104e+07 -4.80244e-06
-1.81063e+07 -4.80135e-06
-1.81022e+07 -4.80026e-06
-1.80981e+07 -4.79917e-06
-1.8094e+07 -4.79808e-06
-1.80899e+07 -4.79699e-06
-1.80858e+07 -4.7959e-06
-1.80817e+07 -4.79481e-06
-1.80776e+07 -4.79372e-06
-1.80735e+07 -4.79263e-06
-1.80694e+07 -4.79154e-06
-1.80653e+07 -4.79045e-06
-1.80611e+07 -4.78937e-06
-1.8057e+07 -4.78828e-06
-1.80529e+07 -4.78719e-06
-1.80488e+07 -4.7861e-06
-1.80447e+07 -4.78501e-06
-1.80406e+07 -4.78392e-06
-1.80365e+07 -4.78283e-06
-1.80324e+07 -4.78174e-06
-1.80283e+07 -4.78066e-06
-1.80242e+07 -4.77957e-06
-1.80201e+07 -4.77848e-06
-1.8016e+07 -4.77739e-06
-1.80119e+07 -4.7763e-06
-1.80078e+07 -4.77522e-06
-1.80037e+07 -4.77412e-06
-1.79996e+07 -4.77304e-06
-1.79955e+07 -4.77195e-06
-1.79914e+07 -4.77086e-06
-1.79873e+07 -4.76977e-06
-1.79832e+07 -4.76869e-06
-1.79791e+07 -4.7676e-06
-1.7975e+07 -4.76651e-06
-1.79708e+07 -4.76542e-06
-1.79668e+07 -4.76434e-06
-1.79627e+07 -4.76325e-06
-1.79586e+07 -4.76216e-06
-1.79545e+07 -4.76108e-06
-1.79504e+07 -4.75999e-06
-1.79463e+07 -4.7589e-06
-1.79422e+07 -4.75782e-06
-1.79381e+07 -4.75673e-06
-1.7934e+07 -4.75564e-06
-1.79299e+07 -4.75455e-06
-1.79258e+07 -4.75347e-06
-1.79217e+07 -4.75238e-06
-1.79176e+07 -4.75129e-06
-1.79135e+07 -4.75021e-06
-1.79094e+07 -4.74912e-06
-1.79053e+07 -4.74803e-06
-1.79012e+07 -4.74695e-06
-1.78971e+07 -4.74586e-06
-1.7893e+07 -4.74477e-06
-1.78889e+07 -4.74369e-06
-1.78848e+07 -4.7426e-06
-1.78807e+07 -4.74152e-06
-1.78766e+07 -4.74043e-06
-1.78725e+07 -4.73935e-06
-1.78684e+07 -4.73826e-06
-1.78643e+07 -4.73717e-06
-1.78602e+07 -4.73609e-06
-1.78561e+07 -4.735e-06
-1.7852e+07 -4.73391e-06
-1.78479e+07 -4.73283e-06
-1.78439e+07 -4.73175e-06
-1.78398e+07 -4.73066e-06
-1.78357e+07 -4.72957e-06
-1.78316e+07 -4.72849e-06
-1.78275e+07 -4.72741e-06
-1.78234e+07 -4.72632e-06
-1.78193e+07 -4.72524e-06
-1.78152e+07 -4.72415e-06
-1.78111e+07 -4.72307e-06
-1.7807e+07 -4.72198e-06
-1.78029e+07 -4.7209e-06
-1.77989e+07 -4.71981e-06
-1.77948e+07 -4.71873e-06
-1.77907e+07 -4.71764e-06
-1.77866e+07 -4.71656e-06
-1.77825e+07 -4.71548e-06
-1.77784e+07 -4.71439e-06
-1.77743e+07 -4.7133e-06
-1.77702e+07 -4.71222e-06
-1.77661e+07 -4.71114e-06
-1.7762e+07 -4.71005e-06
-1.7758e+07 -4.70897e-06
-1.77539e+07 -4.70789e-06
-1.77498e+07 -4.7068e-06
-1.77457e+07 -4.70572e-06
-1.77416e+07 -4.70463e-06
-1.77375e+07 -4.70355e-06
-1.77334e+07 -4.70247e-06
-1.77294e+07 -4.70138e-06
-1.77253e+07 -4.7003e-06
-1.77212e+07 -4.69922e-06
-1.77171e+07 -4.69813e-06
-1.7713e+07 -4.69705e-06
-1.77089e+07 -4.69597e-06
-1.77049e+07 -4.69489e-06
-1.77008e+07 -4.6938e-06
-1.76967e+07 -4.69272e-06
-1.76926e+07 -4.69164e-06
-1.76885e+07 -4.69055e-06
-1.76844e+07 -4.68947e-06
-1.76803e+07 -4.68839e-06
-1.76763e+07 -4.68731e-06
-1.76722e+07 -4.68622e-06
-1.76681e+07 -4.68514e-06
-1.7664e+07 -4.68406e-06
-1.766e+07 -4.68298e-06
-1.76559e+07 -4.68189e-06
-1.76518e+07 -4.68081e-06
-1.76477e+07 -4.67973e-06
-1.76436e+07 -4.67865e-06
-1.76395e+07 -4.67757e-06
-1.76355e+07 -4.67648e-06
-1.76314e+07 -4.67541e-06
-1.76273e+07 -4.67432e-06
-1.76232e+07 -4.67324e-06
-1.76191e+07 -4.67216e-06
-1.76151e+07 -4.67108e-06
-1.7611e+07 -4.67e-06
-1.76069e+07 -4.66891e-06
-1.76028e+07 -4.66783e-06
-1.75988e+07 -4.66675e-06
-1.75947e+07 -4.66567e-06
-1.75906e+07 -4.66459e-06
-1.75865e+07 -4.66351e-06
-1.75825e+07 -4.66243e-06
-1.75784e+07 -4.66135e-06
-1.75743e+07 -4.66027e-06
-1.75702e+07 -4.65919e-06
-1.75662e+07 -4.65811e-06
-1.75621e+07 -4.65703e-06
-1.7558e+07 -4.65595e-06
-1.75539e+07 -4.65487e-06
-1.75499e+07 -4.65379e-06
-1.75458e+07 -4.65271e-06
-1.75417e+07 -4.65162e-06
-1.75376e+07 -4.65054e-06
-1.75336e+07 -4.64946e-06
-1.75295e+07 -4.64838e-06
-1.75254e+07 -4.6473e-06
-1.75213e+07 -4.64622e-06
-1.75173e+07 -4.64515e-06
-1.75132e+07 -4.64406e-06
-1.75091e+07 -4.64298e-06
-1.75051e+07 -4.64191e-06
-1.7501e+07 -4.64083e-06
-1.74969e+07 -4.63975e-06
-1.74928e+07 -4.63867e-06
-1.74888e+07 -4.63759e-06
-1.74847e+07 -4.63651e-06
-1.74806e+07 -4.63543e-06
-1.74766e+07 -4.63435e-06
-1.74725e+07 -4.63327e-06
-1.74684e+07 -4.63219e-06
-1.74643e+07 -4.63111e-06
-1.74603e+07 -4.63003e-06
-1.74562e+07 -4.62895e-06
-1.74522e+07 -4.62788e-06
-1.74481e+07 -4.6268e-06
-1.7444e+07 -4.62572e-06
-1.744e+07 -4.62464e-06
-1.74359e+07 -4.62356e-06
-1.74318e+07 -4.62248e-06
-1.74278e+07 -4.6214e-06
-1.74237e+07 -4.62033e-06
-1.74196e+07 -4.61925e-06
-1.74156e+07 -4.61817e-06
-1.74115e+07 -4.61709e-06
-1.74074e+07 -4.61601e-06
-1.74034e+07 -4.61494e-06
-1.73993e+07 -4.61386e-06
-1.73952e+07 -4.61278e-06
-1.73912e+07 -4.6117e-06
-1.73871e+07 -4.61063e-06
-1.7383e+07 -4.60955e-06
-1.7379e+07 -4.60847e-06
-1.73749e+07 -4.60739e-06
-1.73709e+07 -4.60632e-06
-1.73668e+07 -4.60524e-06
-1.73627e+07 -4.60416e-06
-1.73587e+07 -4.60309e-06
-1.73546e+07 -4.60201e-06
-1.73505e+07 -4.60093e-06
-1.73465e+07 -4.59985e-06
-1.73424e+07 -4.59877e-06
-1.73384e+07 -4.5977e-06
-1.73343e+07 -4.59662e-06
-1.73302e+07 -4.59555e-06
-1.73262e+07 -4.59447e-06
-1.73221e+07 -4.5934e-06
-1.73181e+07 -4.59232e-06
-1.7314e+07 -4.59124e-06
-1.73099e+07 -4.59017e-06
-1.73059e+07 -4.58909e-06
-1.73018e+07 -4.58801e-06
-1.72978e+07 -4.58694e-06
-1.72937e+07 -4.58586e-06
-1.72897e+07 -4.58479e-06
-1.72856e+07 -4.58371e-06
-1.72815e+07 -4.58263e-06
-1.72775e+07 -4.58156e-06
-1.72734e+07 -4.58048e-06
-1.72694e+07 -4.57941e-06
-1.72653e+07 -4.57833e-06
-1.72613e+07 -4.57726e-06
-1.72572e+07 -4.57618e-06
-1.72531e+07 -4.5751e-06
-1.72491e+07 -4.57403e-06
-1.7245e+07 -4.57296e-06
-1.7241e+07 -4.57188e-06
-1.72369e+07 -4.57081e-06
-1.72329e+07 -4.56973e-06
-1.72288e+07 -4.56866e-06
-1.72248e+07 -4.56758e-06
-1.72207e+07 -4.56651e-06
-1.72167e+07 -4.56543e-06
-1.72126e+07 -4.56436e-06
-1.72086e+07 -4.56329e-06
-1.72045e+07 -4.56221e-06
-1.72005e+07 -4.56113e-06
-1.71964e+07 -4.56006e-06
-1.71924e+07 -4.55898e-06
-1.71883e+07 -4.55791e-06
-1.71843e+07 -4.55684e-06
-1.71802e+07 -4.55576e-06
-1.71762e+07 -4.55469e-06
-1.71721e+07 -4.55362e-06
-1.71681e+07 -4.55254e-06
-1.7164e+07 -4.55147e-06
-1.716e+07 -4.5504e-06
-1.71559e+07 -4.54932e-06
-1.71519e+07 -4.54825e-06
-1.71478e+07 -4.54717e-06
-1.71438e+07 -4.5461e-06
-1.71397e+07 -4.54503e-06
-1.71357e+07 -4.54395e-06
-1.71316e+07 -4.54288e-06
-1.71276e+07 -4.54181e-06
-1.71235e+07 -4.54073e-06
-1.71195e+07 -4.53966e-06
-1.71154e+07 -4.53859e-06
-1.71114e+07 -4.53751e-06
-1.71073e+07 -4.53644e-06
-1.71033e+07 -4.53537e-06
-1.70993e+07 -4.5343e-06
-1.70952e+07 -4.53323e-06
-1.70912e+07 -4.53215e-06
-1.70871e+07 -4.53108e-06
-1.70831e+07 -4.53001e-06
-1.7079e+07 -4.52894e-06
-1.7075e+07 -4.52786e-06
-1.70709e+07 -4.52679e-06
-1.70669e+07 -4.52572e-06
-1.70629e+07 -4.52465e-06
-1.70588e+07 -4.52357e-06
-1.70548e+07 -4.5225e-06
-1.70507e+07 -4.52143e-06
-1.70467e+07 -4.52036e-06
-1.70427e+07 -4.51929e-06
-1.70386e+07 -4.51821e-06
-1.70346e+07 -4.51714e-06
-1.70305e+07 -4.51607e-06
-1.70265e+07 -4.515e-06
-1.70225e+07 -4.51393e-06
-1.70184e+07 -4.51286e-06
-1.70144e+07 -4.51179e-06
-1.70103e+07 -4.51072e-06
-1.70063e+07 -4.50965e-06
-1.70023e+07 -4.50858e-06
-1.69982e+07 -4.5075e-06
-1.69942e+07 -4.50643e-06
-1.69901e+07 -4.50536e-06
-1.69861e+07 -4.50429e-06
-1.69821e+07 -4.50322e-06
-1.6978e+07 -4.50215e-06
-1.6974e+07 -4.50108e-06
-1.697e+07 -4.50001e-06
-1.69659e+07 -4.49894e-06
-1.69619e+07 -4.49787e-06
-1.69578e+07 -4.4968e-06
-1.69538e+07 -4.49573e-06
-1.69498e+07 -4.49466e-06
-1.69457e+07 -4.49359e-06
-1.69417e+07 -4.49252e-06
-1.69377e+07 -4.49145e-06
-1.69336e+07 -4.49038e-06
-1.69296e+07 -4.48931e-06
-1.69256e+07 -4.48824e-06
-1.69215e+07 -4.48717e-06
-1.69175e+07 -4.4861e-06
-1.69135e+07 -4.48503e-06
-1.69094e+07 -4.48396e-06
-1.69054e+07 -4.48289e-06
-1.69014e+07 -4.48182e-06
-1.68973e+07 -4.48075e-06
-1.68933e+07 -4.47968e-06
-1.68893e+07 -4.47861e-06
-1.68852e+07 -4.47755e-06
-1.68812e+07 -4.47648e-06
-1.68772e+07 -4.47541e-06
-1.68732e+07 -4.47434e-06
-1.68691e+07 -4.47327e-06
-1.68651e+07 -4.4722e-06
-1.68611e+07 -4.47114e-06
-1.6857e+07 -4.47007e-06
-1.6853e+07 -4.469e-06
-1.6849e+07 -4.46793e-06
-1.6845e+07 -4.46686e-06
-1.68409e+07 -4.46579e-06
-1.68369e+07 -4.46473e-06
-1.68329e+07 -4.46366e-06
-1.68288e+07 -4.46259e-06
-1.68248e+07 -4.46152e-06
-1.68208e+07 -4.46045e-06
-1.68168e+07 -4.45939e-06
-1.68127e+07 -4.45832e-06
-1.68087e+07 -4.45725e-06
-1.68047e+07 -4.45618e-06
-1.68007e+07 -4.45511e-06
-1.67966e+07 -4.45405e-06
-1.67926e+07 -4.45298e-06
-1.67886e+07 -4.45191e-06
-1.67846e+07 -4.45085e-06
-1.67805e+07 -4.44978e-06
-1.67765e+07 -4.44871e-06
-1.67725e+07 -4.44765e-06
-1.67685e+07 -4.44658e-06
-1.67644e+07 -4.44551e-06
-1.67604e+07 -4.44444e-06
-1.67564e+07 -4.44338e-06
-1.67524e+07 -4.44231e-06
-1.67483e+07 -4.44124e-06
-1.67443e+07 -4.44018e-06
-1.67403e+07 -4.43911e-06
-1.67363e+07 -4.43805e-06
-1.67323e+07 -4.43698e-06
-1.67282e+07 -4.43591e-06
-1.67242e+07 -4.43485e-06
-1.67202e+07 -4.43378e-06
-1.67162e+07 -4.43271e-06
-1.67122e+07 -4.43165e-06
-1.67081e+07 -4.43058e-06
-1.67041e+07 -4.42952e-06
-1.67001e+07 -4.42845e-06
-1.66961e+07 -4.42738e-06
-1.66921e+07 -4.42632e-06
-1.6688e+07 -4.42525e-06
-1.6684e+07 -4.42419e-06
-1.668e+07 -4.42312e-06
-1.6676e+07 -4.42206e-06
-1.6672e+07 -4.42099e-06
-1.6668e+07 -4.41993e-06
-1.66639e+07 -4.41886e-06
-1.66599e+07 -4.4178e-06
-1.66559e+07 -4.41673e-06
-1.66519e+07 -4.41566e-06
-1.66479e+07 -4.4146e-06
-1.66439e+07 -4.41354e-06
-1.66398e+07 -4.41247e-06
-1.66358e+07 -4.41141e-06
-1.66318e+07 -4.41034e-06
-1.66278e+07 -4.40928e-06
-1.66238e+07 -4.40822e-06
-1.66198e+07 -4.40715e-06
-1.66158e+07 -4.40608e-06
-1.66117e+07 -4.40502e-06
-1.66077e+07 -4.40396e-06
-1.66037e+07 -4.40289e-06
-1.65997e+07 -4.40183e-06
-1.65957e+07 -4.40076e-06
-1.65917e+07 -4.3997e-06
-1.65877e+07 -4.39864e-06
-1.65837e+07 -4.39757e-06
-1.65796e+07 -4.39651e-06
-1.65756e+07 -4.39544e-06
-1.65716e+07 -4.39438e-06
-1.65676e+07 -4.39332e-06
-1.65636e+07 -4.39225e-06
-1.65596e+07 -4.39119e-06
-1.65556e+07 -4.39013e-06
-1.65516e+07 -4.38907e-06
-1.65476e+07 -4.388e-06
-1.65436e+07 -4.38694e-06
-1.65396e+07 -4.38588e-06
-1.65355e+07 -4.38481e-06
-1.65315e+07 -4.38375e-06
-1.65275e+07 -4.38269e-06
-1.65235e+07 -4.38162e-06
-1.65195e+07 -4.38056e-06
-1.65155e+07 -4.3795e-06
-1.65115e+07 -4.37844e-06
-1.65075e+07 -4.37738e-06
-1.65035e+07 -4.37632e-06
-1.64995e+07 -4.37525e-06
-1.64955e+07 -4.37419e-06
-1.64915e+07 -4.37313e-06
-1.64875e+07 -4.37207e-06
-1.64835e+07 -4.371e-06
-1.64795e+07 -4.36994e-06
-1.64755e+07 -4.36888e-06
-1.64714e+07 -4.36782e-06
-1.64674e+07 -4.36676e-06
-1.64634e+07 -4.3657e-06
-1.64594e+07 -4.36463e-06
-1.64554e+07 -4.36357e-06
-1.64514e+07 -4.36251e-06
-1.64474e+07 -4.36145e-06
-1.64434e+07 -4.36039e-06
-1.64394e+07 -4.35933e-06
-1.64354e+07 -4.35826e-06
-1.64314e+07 -4.3572e-06
-1.64274e+07 -4.35614e-06
-1.64234e+07 -4.35508e-06
-1.64194e+07 -4.35402e-06
-1.64154e+07 -4.35296e-06
-1.64114e+07 -4.3519e-06
-1.64074e+07 -4.35084e-06
-1.64034e+07 -4.34978e-06
-1.63994e+07 -4.34872e-06
-1.63954e+07 -4.34766e-06
-1.63914e+07 -4.3466e-06
-1.63874e+07 -4.34554e-06
-1.63834e+07 -4.34447e-06
-1.63794e+07 -4.34341e-06
-1.63754e+07 -4.34235e-06
-1.63714e+07 -4.34129e-06
-1.63674e+07 -4.34023e-06
-1.63634e+07 -4.33917e-06
-1.63594e+07 -4.33812e-06
-1.63554e+07 -4.33706e-06
-1.63515e+07 -4.336e-06
-1.63474e+07 -4.33494e-06
-1.63434e+07 -4.33387e-06
-1.63395e+07 -4.33282e-06
-1.63355e+07 -4.33176e-06
-1.63315e+07 -4.3307e-06
-1.63275e+07 -4.32964e-06
-1.63235e+07 -4.32858e-06
-1.63195e+07 -4.32752e-06
-1.63155e+07 -4.32646e-06
-1.63115e+07 -4.3254e-06
-1.63075e+07 -4.32434e-06
-1.63035e+07 -4.32328e-06
-1.62995e+07 -4.32222e-06
-1.62955e+07 -4.32117e-06
-1.62915e+07 -4.32011e-06
-1.62875e+07 -4.31905e-06
-1.62836e+07 -4.31799e-06
-1.62796e+07 -4.31693e-06
-1.62756e+07 -4.31587e-06
-1.62716e+07 -4.31481e-06
-1.62676e+07 -4.31376e-06
-1.62636e+07 -4.3127e-06
-1.62596e+07 -4.31164e-06
-1.62556e+07 -4.31058e-06
-1.62516e+07 -4.30952e-06
-1.62476e+07 -4.30847e-06
-1.62436e+07 -4.30741e-06
-1.62397e+07 -4.30635e-06
-1.62357e+07 -4.30529e-06
-1.62317e+07 -4.30423e-06
-1.62277e+07 -4.30318e-06
-1.62237e+07 -4.30212e-06
-1.62197e+07 -4.30106e-06
-1.62157e+07 -4.30001e-06
-1.62117e+07 -4.29895e-06
-1.62078e+07 -4.29789e-06
-1.62038e+07 -4.29684e-06
-1.61998e+07 -4.29578e-06
-1.61958e+07 -4.29472e-06
-1.61918e+07 -4.29366e-06
-1.61878e+07 -4.2926e-06
-1.61838e+07 -4.29155e-06
-1.61798e+07 -4.29049e-06
-1.61759e+07 -4.28944e-06
-1.61719e+07 -4.28838e-06
-1.61679e+07 -4.28732e-06
-1.61639e+07 -4.28627e-06
-1.61599e+07 -4.28521e-06
-1.61559e+07 -4.28415e-06
-1.6152e+07 -4.2831e-06
-1.6148e+07 -4.28204e-06
-1.6144e+07 -4.28099e-06
-1.614e+07 -4.27993e-06
-1.6136e+07 -4.27888e-06
-1.61321e+07 -4.27782e-06
-1.61281e+07 -4.27676e-06
-1.61241e+07 -4.27571e-06
-1.61201e+07 -4.27465e-06
-1.61161e+07 -4.27359e-06
-1.61121e+07 -4.27254e-06
-1.61082e+07 -4.27148e-06
-1.61042e+07 -4.27043e-06
-1.61002e+07 -4.26937e-06
-1.60962e+07 -4.26832e-06
-1.60923e+07 -4.26726e-06
-1.60883e+07 -4.26621e-06
-1.60843e+07 -4.26516e-06
-1.60803e+07 -4.2641e-06
-1.60763e+07 -4.26304e-06
-1.60723e+07 -4.26199e-06
-1.60684e+07 -4.26093e-06
-1.60644e+07 -4.25988e-06
-1.60604e+07 -4.25882e-06
-1.60565e+07 -4.25777e-06
-1.60525e+07 -4.25672e-06
-1.60485e+07 -4.25566e-06
-1.60445e+07 -4.25461e-06
-1.60405e+07 -4.25355e-06
-1.60366e+07 -4.2525e-06
-1.60326e+07 -4.25144e-06
-1.60286e+07 -4.25039e-06
-1.60246e+07 -4.24934e-06
-1.60207e+07 -4.24828e-06
-1.60167e+07 -4.24723e-06
-1.60127e+07 -4.24617e-06
-1.60088e+07 -4.24512e-06
-1.60048e+07 -4.24406e-06
-1.60008e+07 -4.24301e-06
-1.59968e+07 -4.24196e-06
-1.59929e+07 -4.24091e-06
-1.59889e+07 -4.23985e-06
-1.59849e+07 -4.2388e-06
-1.59809e+07 -4.23775e-06
-1.5977e+07 -4.23669e-06
-1.5973e+07 -4.23564e-06
-1.5969e+07 -4.23459e-06
-1.59651e+07 -4.23353e-06
-1.59611e+07 -4.23248e-06
-1.59571e+07 -4.23143e-06
-1.59531e+07 -4.23037e-06
-1.59492e+07 -4.22932e-06
-1.59452e+07 -4.22827e-06
-1.59412e+07 -4.22722e-06
-1.59373e+07 -4.22617e-06
-1.59333e+07 -4.22511e-06
-1.59293e+07 -4.22406e-06
-1.59254e+07 -4.22301e-06
-1.59214e+07 -4.22195e-06
-1.59174e+07 -4.2209e-06
-1.59135e+07 -4.21985e-06
-1.59095e+07 -4.2188e-06
-1.59055e+07 -4.21775e-06
-1.59016e+07 -4.2167e-06
-1.58976e+07 -4.21564e-06
-1.58936e+07 -4.21459e-06
-1.58896e+07 -4.21354e-06
-1.58857e+07 -4.21249e-06
-1.58817e+07 -4.21144e-06
-1.58778e+07 -4.21039e-06
-1.58738e+07 -4.20933e-06
-1.58698e+07 -4.20828e-06
-1.58659e+07 -4.20723e-06
-1.58619e+07 -4.20618e-06
-1.58579e+07 -4.20513e-06
-1.5854e+07 -4.20408e-06
-1.585e+07 -4.20302e-06
-1.5846e+07 -4.20198e-06
-1.58421e+07 -4.20092e-06
-1.58381e+07 -4.19987e-06
-1.58342e+07 -4.19882e-06
-1.58302e+07 -4.19777e-06
-1.58262e+07 -4.19672e-06
-1.58223e+07 -4.19567e-06
-1.58183e+07 -4.19462e-06
-1.58143e+07 -4.19357e-06
-1.58104e+07 -4.19252e-06
-1.58064e+07 -4.19147e-06
-1.58024e+07 -4.19042e-06
-1.57985e+07 -4.18937e-06
-1.57946e+07 -4.18832e-06
-1.57906e+07 -4.18727e-06
-1.57866e+07 -4.18622e-06
-1.57827e+07 -4.18517e-06
-1.57787e+07 -4.18412e-06
-1.57748e+07 -4.18307e-06
-1.57708e+07 -4.18202e-06
-1.57669e+07 -4.18098e-06
-1.57629e+07 -4.17993e-06
-1.57589e+07 -4.17887e-06
-1.5755e+07 -4.17783e-06
-1.5751e+07 -4.17677e-06
-1.57471e+07 -4.17573e-06
-1.57431e+07 -4.17468e-06
-1.57391e+07 -4.17363e-06
-1.57352e+07 -4.17258e-06
-1.57312e+07 -4.17153e-06
-1.57273e+07 -4.17048e-06
-1.57233e+07 -4.16943e-06
-1.57194e+07 -4.16838e-06
-1.57154e+07 -4.16734e-06
-1.57115e+07 -4.16629e-06
-1.57075e+07 -4.16524e-06
-1.57036e+07 -4.16419e-06
-1.56996e+07 -4.16314e-06
-1.56957e+07 -4.1621e-06
-1.56917e+07 -4.16104e-06
-1.56877e+07 -4.16e-06
-1.56838e+07 -4.15895e-06
-1.56798e+07 -4.1579e-06
-1.56759e+07 -4.15685e-06
-1.56719e+07 -4.1558e-06
-1.5668e+07 -4.15476e-06
-1.5664e+07 -4.15371e-06
-1.56601e+07 -4.15266e-06
-1.56561e+07 -4.15161e-06
-1.56522e+07 -4.15057e-06
-1.56482e+07 -4.14952e-06
-1.56443e+07 -4.14847e-06
-1.56403e+07 -4.14743e-06
-1.56364e+07 -4.14638e-06
-1.56324e+07 -4.14533e-06
-1.56285e+07 -4.14429e-06
-1.56245e+07 -4.14324e-06
-1.56206e+07 -4.14219e-06
-1.56166e+07 -4.14114e-06
-1.56127e+07 -4.1401e-06
-1.56087e+07 -4.13905e-06
-1.56048e+07 -4.138e-06
-1.56009e+07 -4.13696e-06
-1.55969e+07 -4.13591e-06
-1.5593e+07 -4.13486e-06
-1.5589e+07 -4.13382e-06
-1.55851e+07 -4.13277e-06
-1.55811e+07 -4.13172e-06
-1.55772e+07 -4.13068e-06
-1.55732e+07 -4.12963e-06
-1.55693e+07 -4.12859e-06
-1.55653e+07 -4.12754e-06
-1.55614e+07 -4.12649e-06
-1.55574e+07 -4.12545e-06
-1.55535e+07 -4.1244e-06
-1.55495e+07 -4.12335e-06
-1.55456e+07 -4.12231e-06
-1.55417e+07 -4.12127e-06
-1.55377e+07 -4.12022e-06
-1.55338e+07 -4.11917e-06
-1.55298e+07 -4.11813e-06
-1.55259e+07 -4.11708e-06
-1.5522e+07 -4.11604e-06
-1.5518e+07 -4.11499e-06
-1.55141e+07 -4.11395e-06
-1.55101e+07 -4.1129e-06
-1.55062e+07 -4.11186e-06
-1.55023e+07 -4.11081e-06
-1.54983e+07 -4.10977e-06
-1.54944e+07 -4.10873e-06
-1.54904e+07 -4.10768e-06
-1.54865e+07 -4.10664e-06
-1.54826e+07 -4.10559e-06
-1.54786e+07 -4.10454e-06
-1.54747e+07 -4.1035e-06
-1.54707e+07 -4.10246e-06
-1.54668e+07 -4.10141e-06
-1.54629e+07 -4.10037e-06
-1.54589e+07 -4.09933e-06
-1.5455e+07 -4.09828e-06
-1.54511e+07 -4.09724e-06
-1.54471e+07 -4.09619e-06
-1.54432e+07 -4.09515e-06
-1.54393e+07 -4.09411e-06
-1.54353e+07 -4.09306e-06
-1.54314e+07 -4.09202e-06
-1.54275e+07 -4.09098e-06
-1.54235e+07 -4.08993e-06
-1.54196e+07 -4.08889e-06
-1.54157e+07 -4.08785e-06
-1.54117e+07 -4.08681e-06
-1.54078e+07 -4.08576e-06
-1.54038e+07 -4.08471e-06
-1.53999e+07 -4.08367e-06
-1.5396e+07 -4.08263e-06
-1.5392e+07 -4.08159e-06
-1.53881e+07 -4.08055e-06
-1.53842e+07 -4.0795e-06
-1.53802e+07 -4.07846e-06
-1.53763e+07 -4.07742e-06
-1.53724e+07 -4.07638e-06
-1.53685e+07 -4.07533e-06
-1.53645e+07 -4.07429e-06
-1.53606e+07 -4.07325e-06
-1.53567e+07 -4.0722e-06
-1.53527e+07 -4.07116e-06
-1.53488e+07 -4.07012e-06
-1.53449e+07 -4.06907e-06
-1.5341e+07 -4.06804e-06
-1.5337e+07 -4.06699e-06
-1.53331e+07 -4.06595e-06
-1.53291e+07 -4.06491e-06
-1.53252e+07 -4.06387e-06
-1.53213e+07 -4.06283e-06
-1.53174e+07 -4.06178e-06
-1.53134e+07 -4.06074e-06
-1.53095e+07 -4.0597e-06
-1.53056e+07 -4.05866e-06
-1.53017e+07 -4.05762e-06
-1.52977e+07 -4.05658e-06
-1.52938e+07 -4.05554e-06
-1.52899e+07 -4.0545e-06
-1.5286e+07 -4.05345e-06
-1.5282e+07 -4.05241e-06
-1.52781e+07 -4.05137e-06
-1.52742e+07 -4.05033e-06
-1.52703e+07 -4.04929e-06
-1.52663e+07 -4.04825e-06
-1.52624e+07 -4.04721e-06
-1.52585e+07 -4.04617e-06
-1.52546e+07 -4.04513e-06
-1.52506e+07 -4.04409e-06
-1.52467e+07 -4.04305e-06
-1.52428e+07 -4.042e-06
-1.52389e+07 -4.04097e-06
-1.52349e+07 -4.03993e-06
-1.5231e+07 -4.03889e-06
-1.52253e+07 -4.03737e-06
-1.5215e+07 -4.03463e-06
-1.52046e+07 -4.03188e-06
-1.51942e+07 -4.02913e-06
-1.51839e+07 -4.02639e-06
-1.51735e+07 -4.02364e-06
-1.51632e+07 -4.02089e-06
-1.51528e+07 -4.01815e-06
-1.51424e+07 -4.0154e-06
-1.51321e+07 -4.01265e-06
-1.51218e+07 -4.00991e-06
-1.51114e+07 -4.00716e-06
-1.5101e+07 -4.00442e-06
-1.50907e+07 -4.00168e-06
-1.50803e+07 -3.99893e-06
-1.507e+07 -3.99618e-06
-1.50596e+07 -3.99344e-06
-1.50493e+07 -3.9907e-06
-1.50389e+07 -3.98795e-06
-1.50286e+07 -3.98521e-06
-1.50182e+07 -3.98246e-06
-1.50079e+07 -3.97972e-06
-1.49976e+07 -3.97698e-06
-1.49872e+07 -3.97424e-06
-1.49769e+07 -3.97149e-06
-1.49665e+07 -3.96875e-06
-1.49562e+07 -3.96601e-06
-1.49458e+07 -3.96326e-06
-1.49355e+07 -3.96052e-06
-1.49252e+07 -3.95778e-06
-1.49148e+07 -3.95504e-06
-1.49045e+07 -3.95229e-06
-1.48941e+07 -3.94955e-06
-1.48838e+07 -3.94681e-06
-1.48735e+07 -3.94407e-06
-1.48631e+07 -3.94133e-06
-1.48528e+07 -3.93859e-06
-1.48424e+07 -3.93585e-06
-1.48321e+07 -3.9331e-06
-1.48218e+07 -3.93037e-06
-1.48114e+07 -3.92763e-06
-1.48011e+07 -3.92489e-06
-1.47908e+07 -3.92214e-06
-1.47804e+07 -3.9194e-06
-1.47701e+07 -3.91667e-06
-1.47598e+07 -3.91393e-06
-1.47495e+07 -3.91119e-06
-1.47391e+07 -3.90845e-06
-1.47288e+07 -3.90571e-06
-1.47185e+07 -3.90297e-06
-1.47081e+07 -3.90023e-06
-1.46978e+07 -3.89749e-06
-1.46875e+07 -3.89476e-06
-1.46772e+07 -3.89202e-06
-1.46668e+07 -3.88928e-06
-1.46565e+07 -3.88654e-06
-1.46462e+07 -3.8838e-06
-1.46359e+07 -3.88107e-06
-1.46255e+07 -3.87833e-06
-1.46152e+07 -3.87559e-06
-1.46049e+07 -3.87285e-06
-1.45946e+07 -3.87011e-06
-1.45842e+07 -3.86738e-06
-1.45739e+07 -3.86464e-06
-1.4559e+07 -3.86068e-06
-1.45435e+07 -3.85657e-06
-1.4528e+07 -3.85247e-06
-1.45125e+07 -3.84836e-06
-1.44971e+07 -3.84426e-06
-1.44816e+07 -3.84015e-06
-1.44661e+07 -3.83605e-06
-1.44506e+07 -3.83195e-06
-1.44352e+07 -3.82785e-06
-1.44197e+07 -3.82374e-06
-1.44042e+07 -3.81964e-06
-1.43888e+07 -3.81554e-06
-1.43733e+07 -3.81144e-06
-1.43578e+07 -3.80734e-06
-1.43424e+07 -3.80323e-06
-1.43269e+07 -3.79913e-06
-1.43114e+07 -3.79504e-06
-1.4296e+07 -3.79093e-06
-1.42805e+07 -3.78683e-06
-1.4265e+07 -3.78273e-06
-1.42496e+07 -3.77863e-06
-1.42341e+07 -3.77453e-06
-1.42187e+07 -3.77043e-06
-1.42032e+07 -3.76633e-06
-1.41877e+07 -3.76223e-06
-1.41723e+07 -3.75813e-06
-1.41568e+07 -3.75403e-06
-1.41414e+07 -3.74994e-06
-1.41259e+07 -3.74584e-06
-1.41105e+07 -3.74174e-06
-1.4095e+07 -3.73765e-06
-1.40796e+07 -3.73355e-06
-1.40641e+07 -3.72945e-06
-1.40487e+07 -3.72535e-06
-1.40332e+07 -3.72126e-06
-1.40178e+07 -3.71716e-06
-1.40023e+07 -3.71306e-06
-1.39869e+07 -3.70897e-06
-1.39714e+07 -3.70487e-06
-1.3956e+07 -3.70078e-06
-1.39405e+07 -3.69668e-06
-1.39251e+07 -3.69259e-06
-1.39096e+07 -3.68849e-06
-1.38942e+07 -3.6844e-06
-1.38788e+07 -3.6803e-06
-1.38633e+07 -3.67621e-06
-1.38479e+07 -3.67212e-06
-1.38324e+07 -3.66802e-06
-1.3817e+07 -3.66393e-06
-1.38016e+07 -3.65984e-06
-1.37861e+07 -3.65574e-06
-1.37707e+07 -3.65165e-06
-1.37553e+07 -3.64756e-06
-1.37398e+07 -3.64346e-06
-1.37244e+07 -3.63938e-06
-1.3709e+07 -3.63528e-06
-1.36936e+07 -3.63119e-06
-1.36781e+07 -3.6271e-06
-1.36627e+07 -3.62301e-06
-1.36473e+07 -3.61892e-06
-1.36318e+07 -3.61482e-06
-1.36164e+07 -3.61074e-06
-1.3601e+07 -3.60665e-06
-1.35856e+07 -3.60256e-06
-1.35701e+07 -3.59846e-06
-1.35547e+07 -3.59437e-06
-1.35393e+07 -3.59028e-06
-1.35239e+07 -3.5862e-06
-1.35085e+07 -3.58211e-06
-1.34931e+07 -3.57802e-06
-1.34776e+07 -3.57393e-06
-1.34622e+07 -3.56984e-06
-1.34468e+07 -3.56576e-06
-1.34314e+07 -3.56167e-06
-1.3416e+07 -3.55758e-06
-1.34006e+07 -3.5535e-06
-1.33851e+07 -3.54941e-06
-1.33697e+07 -3.54532e-06
-1.33543e+07 -3.54123e-06
-1.33389e+07 -3.53715e-06
-1.33235e+07 -3.53306e-06
-1.33081e+07 -3.52898e-06
-1.32927e+07 -3.52489e-06
-1.32773e+07 -3.52081e-06
-1.32619e+07 -3.51672e-06
-1.32465e+07 -3.51264e-06
-1.32311e+07 -3.50855e-06
-1.32157e+07 -3.50447e-06
-1.32003e+07 -3.50039e-06
-1.31849e+07 -3.4963e-06
-1.31695e+07 -3.49222e-06
-1.31541e+07 -3.48813e-06
-1.31387e+07 -3.48405e-06
-1.31233e+07 -3.47997e-06
-1.31079e+07 -3.47588e-06
-1.30925e+07 -3.47181e-06
-1.30771e+07 -3.46772e-06
-1.30617e+07 -3.46364e-06
-1.30463e+07 -3.45956e-06
-1.30309e+07 -3.45548e-06
-1.30155e+07 -3.45139e-06
-1.30001e+07 -3.44731e-06
-1.29848e+07 -3.44323e-06
-1.29694e+07 -3.43915e-06
-1.2954e+07 -3.43507e-06
-1.29386e+07 -3.43099e-06
-1.29232e+07 -3.42691e-06
-1.29078e+07 -3.42283e-06
-1.28924e+07 -3.41875e-06
-1.28771e+07 -3.41467e-06
-1.28617e+07 -3.41059e-06
-1.28463e+07 -3.40652e-06
-1.28309e+07 -3.40244e-06
-1.28155e+07 -3.39836e-06
-1.28002e+07 -3.39428e-06
-1.27848e+07 -3.3902e-06
-1.27694e+07 -3.38613e-06
-1.2754e+07 -3.38204e-06
-1.27386e+07 -3.37797e-06
-1.27233e+07 -3.37389e-06
-1.27079e+07 -3.36981e-06
-1.26925e+07 -3.36574e-06
-1.26771e+07 -3.36166e-06
-1.26618e+07 -3.35759e-06
-1.26464e+07 -3.35351e-06
-1.2631e+07 -3.34944e-06
-1.26157e+07 -3.34536e-06
-1.26003e+07 -3.34129e-06
-1.25849e+07 -3.33721e-06
-1.25696e+07 -3.33314e-06
-1.25542e+07 -3.32907e-06
-1.25389e+07 -3.32499e-06
-1.25235e+07 -3.32091e-06
-1.25081e+07 -3.31684e-06
-1.24928e+07 -3.31277e-06
-1.24774e+07 -3.3087e-06
-1.24621e+07 -3.30463e-06
-1.24467e+07 -3.30055e-06
-1.24313e+07 -3.29648e-06
-1.2416e+07 -3.29241e-06
-1.24006e+07 -3.28834e-06
-1.23853e+07 -3.28426e-06
-1.23699e+07 -3.28019e-06
-1.23545e+07 -3.27612e-06
-1.23392e+07 -3.27205e-06
-1.23239e+07 -3.26798e-06
-1.23085e+07 -3.26391e-06
-1.22932e+07 -3.25984e-06
-1.22778e+07 -3.25577e-06
-1.22625e+07 -3.2517e-06
-1.22471e+07 -3.24763e-06
-1.22318e+07 -3.24356e-06
-1.22164e+07 -3.23949e-06
-1.22011e+07 -3.23542e-06
-1.21857e+07 -3.23135e-06
-1.21704e+07 -3.22729e-06
-1.21551e+07 -3.22322e-06
-1.21397e+07 -3.21915e-06
-1.21244e+07 -3.21508e-06
-1.2109e+07 -3.21101e-06
-1.20937e+07 -3.20695e-06
-1.20784e+07 -3.20288e-06
-1.2063e+07 -3.19881e-06
-1.20477e+07 -3.19474e-06
-1.20324e+07 -3.19068e-06
-1.2017e+07 -3.18661e-06
-1.20017e+07 -3.18255e-06
-1.19864e+07 -3.17848e-06
-1.1971e+07 -3.17442e-06
-1.19557e+07 -3.17035e-06
-1.19404e+07 -3.16629e-06
-1.1925e+07 -3.16222e-06
-1.19097e+07 -3.15816e-06
-1.18944e+07 -3.15409e-06
-1.18791e+07 -3.15003e-06
-1.18637e+07 -3.14597e-06
-1.18484e+07 -3.1419e-06
-1.18331e+07 -3.13784e-06
-1.18178e+07 -3.13378e-06
-1.18024e+07 -3.12971e-06
-1.17871e+07 -3.12565e-06
-1.17718e+07 -3.12159e-06
-1.17565e+07 -3.11753e-06
-1.17412e+07 -3.11347e-06
-1.17259e+07 -3.1094e-06
-1.17105e+07 -3.10534e-06
-1.16952e+07 -3.10128e-06
-1.16799e+07 -3.09722e-06
-1.16646e+07 -3.09316e-06
-1.16493e+07 -3.0891e-06
-1.1634e+07 -3.08504e-06
-1.16187e+07 -3.08098e-06
-1.16033e+07 -3.07692e-06
-1.1588e+07 -3.07286e-06
-1.15727e+07 -3.0688e-06
-1.15574e+07 -3.06474e-06
-1.15421e+07 -3.06068e-06
-1.15268e+07 -3.05663e-06
-1.15115e+07 -3.05257e-06
-1.14962e+07 -3.04851e-06
-1.14809e+07 -3.04445e-06
-1.14656e+07 -3.04039e-06
-1.14503e+07 -3.03633e-06
-1.1435e+07 -3.03228e-06
-1.14197e+07 -3.02822e-06
-1.14044e+07 -3.02416e-06
-1.13891e+07 -3.02011e-06
-1.13738e+07 -3.01605e-06
-1.13585e+07 -3.01199e-06
-1.13432e+07 -3.00793e-06
-1.13279e+07 -3.00388e-06
-1.13126e+07 -2.99983e-06
-1.12973e+07 -2.99577e-06
-1.12821e+07 -2.99172e-06
-1.12668e+07 -2.98766e-06
-1.12515e+07 -2.98361e-06
-1.12362e+07 -2.97956e-06
-1.12209e+07 -2.9755e-06
-1.12056e+07 -2.97145e-06
-1.11903e+07 -2.9674e-06
-1.1175e+07 -2.96334e-06
-1.11598e+07 -2.95929e-06
-1.11445e+07 -2.95523e-06
-1.11292e+07 -2.95118e-06
-1.11139e+07 -2.94713e-06
-1.10986e+07 -2.94308e-06
-1.10833e+07 -2.93903e-06
-1.10681e+07 -2.93497e-06
-1.10528e+07 -2.93092e-06
-1.10375e+07 -2.92687e-06
-1.10222e+07 -2.92282e-06
-1.1007e+07 -2.91877e-06
-1.09917e+07 -2.91472e-06
-1.09764e+07 -2.91067e-06
-1.09611e+07 -2.90662e-06
-1.09459e+07 -2.90257e-06
-1.09306e+07 -2.89852e-06
-1.09153e+07 -2.89447e-06
-1.09001e+07 -2.89042e-06
-1.08848e+07 -2.88638e-06
-1.08695e+07 -2.88232e-06
-1.08543e+07 -2.87828e-06
-1.0839e+07 -2.87423e-06
-1.08237e+07 -2.87018e-06
-1.08084e+07 -2.86613e-06
-1.07932e+07 -2.86209e-06
-1.07779e+07 -2.85804e-06
-1.07627e+07 -2.85399e-06
-1.07474e+07 -2.84994e-06
-1.07322e+07 -2.8459e-06
-1.07169e+07 -2.84185e-06
-1.07016e+07 -2.83781e-06
-1.06864e+07 -2.83376e-06
-1.06711e+07 -2.82972e-06
-1.06559e+07 -2.82567e-06
-1.06406e+07 -2.82163e-06
-1.06254e+07 -2.81758e-06
-1.06101e+07 -2.81353e-06
-1.05949e+07 -2.80949e-06
-1.05796e+07 -2.80545e-06
-1.05644e+07 -2.80141e-06
-1.05491e+07 -2.79736e-06
-1.05339e+07 -2.79331e-06
-1.05186e+07 -2.78927e-06
-1.05034e+07 -2.78523e-06
-1.04881e+07 -2.78119e-06
-1.04729e+07 -2.77715e-06
-1.04576e+07 -2.7731e-06
-1.04424e+07 -2.76906e-06
-1.04272e+07 -2.76502e-06
-1.04119e+07 -2.76098e-06
-1.03967e+07 -2.75694e-06
-1.03815e+07 -2.7529e-06
-1.03662e+07 -2.74885e-06
-1.0351e+07 -2.74482e-06
-1.03357e+07 -2.74078e-06
-1.03205e+07 -2.73673e-06
-1.03052e+07 -2.73269e-06
-1.029e+07 -2.72866e-06
-1.02748e+07 -2.72462e-06
-1.02596e+07 -2.72058e-06
-1.02443e+07 -2.71654e-06
-1.02291e+07 -2.7125e-06
-1.02139e+07 -2.70846e-06
-1.01986e+07 -2.70442e-06
-1.01834e+07 -2.70038e-06
-1.01682e+07 -2.69635e-06
-1.01529e+07 -2.69231e-06
-1.01377e+07 -2.68827e-06
-1.01225e+07 -2.68423e-06
-1.01073e+07 -2.68019e-06
-1.00921e+07 -2.67617e-06
-1.00768e+07 -2.67213e-06
-1.00616e+07 -2.66809e-06
-1.00464e+07 -2.66406e-06
-1.00312e+07 -2.66002e-06
-1.0016e+07 -2.65598e-06
-1.00007e+07 -2.65195e-06
-9.98553e+06 -2.64791e-06
-9.97031e+06 -2.64388e-06
-9.95509e+06 -2.63984e-06
-9.93988e+06 -2.63581e-06
-9.92466e+06 -2.63177e-06
-9.90945e+06 -2.62774e-06
-9.89425e+06 -2.62371e-06
-9.87903e+06 -2.61967e-06
-9.86383e+06 -2.61564e-06
-9.84862e+06 -2.61161e-06
-9.83341e+06 -2.60757e-06
-9.81819e+06 -2.60354e-06
-9.80299e+06 -2.59951e-06
-9.7878e+06 -2.59548e-06
-9.77259e+06 -2.59145e-06
-9.75737e+06 -2.58741e-06
-9.74219e+06 -2.58338e-06
-9.72699e+06 -2.57935e-06
-9.71178e+06 -2.57532e-06
-9.69661e+06 -2.5713e-06
-9.68137e+06 -2.56726e-06
-9.66619e+06 -2.56323e-06
-9.651e+06 -2.5592e-06
-9.6358e+06 -2.55517e-06
-9.6206e+06 -2.55114e-06
-9.60539e+06 -2.54711e-06
-9.59021e+06 -2.54308e-06
-9.57502e+06 -2.53906e-06
-9.55982e+06 -2.53503e-06
-9.54464e+06 -2.531e-06
-9.52945e+06 -2.52697e-06
-9.51425e+06 -2.52294e-06
-9.49907e+06 -2.51892e-06
-9.48389e+06 -2.51489e-06
-9.46869e+06 -2.51086e-06
-9.4535e+06 -2.50683e-06
-9.43833e+06 -2.50281e-06
-9.42314e+06 -2.49878e-06
-9.40796e+06 -2.49476e-06
-9.39278e+06 -2.49073e-06
-9.37759e+06 -2.4867e-06
-9.36241e+06 -2.48268e-06
-9.34725e+06 -2.47866e-06
-9.33208e+06 -2.47464e-06
-9.31688e+06 -2.47061e-06
-9.30171e+06 -2.46658e-06
-9.28652e+06 -2.46255e-06
-9.27135e+06 -2.45853e-06
-9.25616e+06 -2.4545e-06
-9.24101e+06 -2.45049e-06
-9.22583e+06 -2.44646e-06
-9.21066e+06 -2.44244e-06
-9.19549e+06 -2.43842e-06
-9.18031e+06 -2.43439e-06
-9.16516e+06 -2.43037e-06
-9.14999e+06 -2.42635e-06
-9.13482e+06 -2.42233e-06
-9.11966e+06 -2.41831e-06
-9.1045e+06 -2.41429e-06
-9.08933e+06 -2.41026e-06
-9.07417e+06 -2.40624e-06
-9.05899e+06 -2.40222e-06
-9.04385e+06 -2.3982e-06
-9.02869e+06 -2.39418e-06
-9.01352e+06 -2.39016e-06
-8.99836e+06 -2.38614e-06
-8.9832e+06 -2.38212e-06
-8.96804e+06 -2.3781e-06
-8.95289e+06 -2.37408e-06
-8.93773e+06 -2.37006e-06
-8.92258e+06 -2.36605e-06
-8.90743e+06 -2.36203e-06
-8.89226e+06 -2.35801e-06
-8.87712e+06 -2.35399e-06
-8.86197e+06 -2.34997e-06
-8.84682e+06 -2.34596e-06
-8.83167e+06 -2.34194e-06
-8.81652e+06 -2.33792e-06
-8.80138e+06 -2.33391e-06
-8.78623e+06 -2.32989e-06
-8.77108e+06 -2.32587e-06
-8.75595e+06 -2.32186e-06
-8.74079e+06 -2.31784e-06
-8.72566e+06 -2.31383e-06
-8.71051e+06 -2.30981e-06
-8.69537e+06 -2.3058e-06
-8.68023e+06 -2.30178e-06
-8.66508e+06 -2.29776e-06
-8.64994e+06 -2.29375e-06
-8.6348e+06 -2.28973e-06
-8.61968e+06 -2.28572e-06
-8.60455e+06 -2.28171e-06
-8.58939e+06 -2.27769e-06
-8.57426e+06 -2.27368e-06
-8.55915e+06 -2.26967e-06
-8.54401e+06 -2.26566e-06
-8.52887e+06 -2.26164e-06
-8.51375e+06 -2.25763e-06
-8.49861e+06 -2.25362e-06
-8.48348e+06 -2.24961e-06
-8.46836e+06 -2.2456e-06
-8.45323e+06 -2.24159e-06
-8.4381e+06 -2.23757e-06
-8.42297e+06 -2.23356e-06
-8.40785e+06 -2.22955e-06
-8.39273e+06 -2.22554e-06
-8.3776e+06 -2.22153e-06
-8.36249e+06 -2.21752e-06
-8.34736e+06 -2.21351e-06
-8.33224e+06 -2.2095e-06
-8.31712e+06 -2.20549e-06
-8.302e+06 -2.20148e-06
-8.28689e+06 -2.19748e-06
-8.27175e+06 -2.19346e-06
-8.25665e+06 -2.18946e-06
-8.24154e+06 -2.18545e-06
-8.22643e+06 -2.18144e-06
-8.21131e+06 -2.17744e-06
-8.19621e+06 -2.17343e-06
-8.18107e+06 -2.16941e-06
-8.16598e+06 -2.16541e-06
-8.15087e+06 -2.16141e-06
-8.13577e+06 -2.1574e-06
-8.12063e+06 -2.15339e-06
-8.10555e+06 -2.14939e-06
-8.09044e+06 -2.14538e-06
-8.07534e+06 -2.14138e-06
-8.06024e+06 -2.13737e-06
-8.04513e+06 -2.13337e-06
-8.03001e+06 -2.12936e-06
-8.01492e+06 -2.12536e-06
-7.99982e+06 -2.12135e-06
-7.98471e+06 -2.11735e-06
-7.96963e+06 -2.11335e-06
-7.95452e+06 -2.10934e-06
-7.93942e+06 -2.10534e-06
-7.92434e+06 -2.10134e-06
-7.90924e+06 -2.09733e-06
-7.89415e+06 -2.09333e-06
-7.87904e+06 -2.08933e-06
-7.86396e+06 -2.08533e-06
-7.84885e+06 -2.08132e-06
-7.83377e+06 -2.07732e-06
-7.81868e+06 -2.07332e-06
-7.80359e+06 -2.06932e-06
-7.7885e+06 -2.06532e-06
-7.77342e+06 -2.06132e-06
-7.75833e+06 -2.05732e-06
-7.74324e+06 -2.05331e-06
-7.72814e+06 -2.04931e-06
-7.71308e+06 -2.04532e-06
-7.698e+06 -2.04132e-06
-7.6829e+06 -2.03731e-06
-7.66784e+06 -2.03332e-06
-7.65274e+06 -2.02932e-06
-7.63767e+06 -2.02532e-06
-7.62259e+06 -2.02132e-06
-7.60752e+06 -2.01732e-06
-7.59244e+06 -2.01332e-06
-7.57736e+06 -2.00933e-06
-7.56229e+06 -2.00533e-06
-7.54722e+06 -2.00133e-06
-7.53213e+06 -1.99733e-06
-7.51707e+06 -1.99334e-06
-7.50199e+06 -1.98934e-06
-7.48691e+06 -1.98534e-06
-7.47186e+06 -1.98135e-06
-7.45679e+06 -1.97735e-06
-7.44172e+06 -1.97336e-06
-7.42666e+06 -1.96936e-06
-7.41157e+06 -1.96536e-06
-7.39652e+06 -1.96137e-06
-7.38146e+06 -1.95738e-06
-7.36639e+06 -1.95338e-06
-7.35131e+06 -1.94938e-06
-7.33625e+06 -1.94539e-06
-7.3212e+06 -1.9414e-06
-7.30615e+06 -1.93741e-06
-7.29109e+06 -1.93341e-06
-7.27603e+06 -1.92942e-06
-7.26097e+06 -1.92543e-06
-7.2459e+06 -1.92143e-06
-7.23085e+06 -1.91744e-06
-7.2158e+06 -1.91345e-06
-7.20075e+06 -1.90946e-06
-7.1857e+06 -1.90547e-06
-7.17064e+06 -1.90148e-06
-7.15559e+06 -1.89748e-06
-7.14054e+06 -1.89349e-06
-7.12549e+06 -1.8895e-06
-7.11045e+06 -1.88551e-06
-7.09538e+06 -1.88152e-06
-7.08035e+06 -1.87753e-06
-7.06531e+06 -1.87354e-06
-7.05026e+06 -1.86955e-06
-7.03521e+06 -1.86556e-06
-7.02018e+06 -1.86158e-06
-7.00513e+06 -1.85759e-06
-6.99008e+06 -1.8536e-06
-6.97504e+06 -1.84961e-06
-6.96e+06 -1.84562e-06
-6.94497e+06 -1.84163e-06
-6.92993e+06 -1.83764e-06
-6.91488e+06 -1.83365e-06
-6.89983e+06 -1.82966e-06
-6.88482e+06 -1.82568e-06
-6.86978e+06 -1.8217e-06
-6.85475e+06 -1.81771e-06
-6.83972e+06 -1.81372e-06
-6.82468e+06 -1.80974e-06
-6.80965e+06 -1.80575e-06
-6.79462e+06 -1.80176e-06
-6.7796e+06 -1.79778e-06
-6.76456e+06 -1.79379e-06
-6.74953e+06 -1.78981e-06
-6.73452e+06 -1.78583e-06
-6.71949e+06 -1.78184e-06
-6.70446e+06 -1.77786e-06
-6.68944e+06 -1.77387e-06
-6.67442e+06 -1.76989e-06
-6.6594e+06 -1.76591e-06
-6.64437e+06 -1.76192e-06
-6.62934e+06 -1.75794e-06
-6.61432e+06 -1.75395e-06
-6.59931e+06 -1.74997e-06
-6.58429e+06 -1.74599e-06
-6.56927e+06 -1.74201e-06
-6.55426e+06 -1.73803e-06
-6.53926e+06 -1.73405e-06
-6.52423e+06 -1.73006e-06
-6.50922e+06 -1.72608e-06
-6.4942e+06 -1.7221e-06
-6.47919e+06 -1.71812e-06
-6.46416e+06 -1.71413e-06
-6.44916e+06 -1.71016e-06
-6.43415e+06 -1.70618e-06
-6.41915e+06 -1.7022e-06
-6.40415e+06 -1.69822e-06
-6.38914e+06 -1.69424e-06
-6.37412e+06 -1.69026e-06
-6.35913e+06 -1.68628e-06
-6.34413e+06 -1.6823e-06
-6.32912e+06 -1.67833e-06
-6.31411e+06 -1.67435e-06
-6.29912e+06 -1.67037e-06
-6.28412e+06 -1.66639e-06
-6.26912e+06 -1.66241e-06
-6.25414e+06 -1.65844e-06
-6.23913e+06 -1.65446e-06
-6.22411e+06 -1.65048e-06
-6.20914e+06 -1.64651e-06
-6.19414e+06 -1.64253e-06
-6.17914e+06 -1.63855e-06
-6.16414e+06 -1.63458e-06
-6.14916e+06 -1.6306e-06
-6.13417e+06 -1.62663e-06
-6.11916e+06 -1.62265e-06
-6.10419e+06 -1.61868e-06
-6.0892e+06 -1.6147e-06
-6.0742e+06 -1.61073e-06
-6.05923e+06 -1.60676e-06
-6.04424e+06 -1.60278e-06
-6.02925e+06 -1.59881e-06
-6.01427e+06 -1.59483e-06
-5.99929e+06 -1.59086e-06
-5.9843e+06 -1.58689e-06
-5.96931e+06 -1.58291e-06
-5.95435e+06 -1.57894e-06
-5.93937e+06 -1.57497e-06
-5.92438e+06 -1.571e-06
-5.9094e+06 -1.56703e-06
-5.89443e+06 -1.56306e-06
-5.87945e+06 -1.55908e-06
-5.86448e+06 -1.55511e-06
-5.84951e+06 -1.55114e-06
-5.83451e+06 -1.54717e-06
-5.81956e+06 -1.5432e-06
-5.80458e+06 -1.53923e-06
-5.78961e+06 -1.53526e-06
-5.77464e+06 -1.53129e-06
-5.75967e+06 -1.52732e-06
-5.7447e+06 -1.52335e-06
-5.72974e+06 -1.51938e-06
-5.71478e+06 -1.51542e-06
-5.6998e+06 -1.51145e-06
-5.68482e+06 -1.50747e-06
-5.66986e+06 -1.50351e-06
-5.6549e+06 -1.49954e-06
-5.63994e+06 -1.49557e-06
-5.62499e+06 -1.49161e-06
-5.61003e+06 -1.48764e-06
-5.59506e+06 -1.48367e-06
-5.5801e+06 -1.4797e-06
-5.56514e+06 -1.47574e-06
-5.55019e+06 -1.47177e-06
-5.53523e+06 -1.46781e-06
-5.52028e+06 -1.46384e-06
-5.50532e+06 -1.45987e-06
-5.49037e+06 -1.45591e-06
-5.47542e+06 -1.45195e-06
-5.46047e+06 -1.44798e-06
-5.44552e+06 -1.44402e-06
-5.43058e+06 -1.44005e-06
-5.41562e+06 -1.43609e-06
-5.40067e+06 -1.43212e-06
-5.38571e+06 -1.42816e-06
-5.37077e+06 -1.4242e-06
-5.35583e+06 -1.42023e-06
-5.34088e+06 -1.41627e-06
-5.32594e+06 -1.41231e-06
-5.311e+06 -1.40835e-06
-5.29606e+06 -1.40438e-06
-5.28113e+06 -1.40042e-06
-5.26618e+06 -1.39646e-06
-5.25124e+06 -1.3925e-06
-5.2363e+06 -1.38854e-06
-5.22136e+06 -1.38458e-06
-5.20642e+06 -1.38061e-06
-5.19149e+06 -1.37665e-06
-5.17656e+06 -1.37269e-06
-5.16162e+06 -1.36873e-06
-5.14669e+06 -1.36477e-06
-5.13176e+06 -1.36081e-06
-5.11683e+06 -1.35686e-06
-5.10189e+06 -1.35289e-06
-5.08697e+06 -1.34894e-06
-5.07203e+06 -1.34498e-06
-5.05711e+06 -1.34102e-06
-5.04218e+06 -1.33706e-06
-5.02726e+06 -1.3331e-06
-5.01233e+06 -1.32914e-06
-4.99741e+06 -1.32519e-06
-4.98248e+06 -1.32123e-06
-4.96756e+06 -1.31727e-06
-4.95264e+06 -1.31332e-06
-4.93771e+06 -1.30936e-06
-4.92279e+06 -1.3054e-06
-4.90786e+06 -1.30144e-06
-4.89296e+06 -1.29749e-06
-4.87804e+06 -1.29354e-06
-4.86313e+06 -1.28958e-06
-4.84821e+06 -1.28562e-06
-4.8333e+06 -1.28167e-06
-4.81838e+06 -1.27771e-06
-4.80347e+06 -1.27376e-06
-4.78856e+06 -1.26981e-06
-4.77364e+06 -1.26585e-06
-4.75873e+06 -1.2619e-06
-4.74382e+06 -1.25794e-06
-4.72891e+06 -1.25399e-06
-4.71399e+06 -1.25003e-06
-4.6991e+06 -1.24609e-06
-4.68419e+06 -1.24213e-06
-4.66929e+06 -1.23818e-06
-4.65439e+06 -1.23423e-06
-4.63948e+06 -1.23028e-06
-4.62458e+06 -1.22632e-06
-4.60968e+06 -1.22237e-06
-4.59478e+06 -1.21842e-06
-4.57989e+06 -1.21447e-06
-4.56498e+06 -1.21052e-06
-4.55008e+06 -1.20657e-06
-4.53519e+06 -1.20262e-06
-4.52029e+06 -1.19867e-06
-4.50539e+06 -1.19472e-06
-4.4905e+06 -1.19077e-06
-4.47561e+06 -1.18682e-06
-4.46072e+06 -1.18287e-06
-4.44582e+06 -1.17892e-06
-4.43093e+06 -1.17497e-06
-4.41604e+06 -1.17102e-06
-4.40115e+06 -1.16708e-06
-4.38627e+06 -1.16313e-06
-4.37138e+06 -1.15918e-06
-4.35649e+06 -1.15523e-06
-4.3416e+06 -1.15128e-06
-4.32672e+06 -1.14734e-06
-4.31184e+06 -1.14339e-06
-4.29695e+06 -1.13944e-06
-4.28207e+06 -1.1355e-06
-4.26719e+06 -1.13155e-06
-4.25231e+06 -1.12761e-06
-4.23743e+06 -1.12366e-06
-4.22255e+06 -1.11972e-06
-4.20767e+06 -1.11577e-06
-4.19281e+06 -1.11183e-06
-4.17791e+06 -1.10788e-06
-4.16305e+06 -1.10394e-06
-4.14817e+06 -1.09999e-06
-4.13329e+06 -1.09605e-06
-4.11843e+06 -1.09211e-06
-4.10354e+06 -1.08816e-06
-4.08868e+06 -1.08422e-06
-4.07382e+06 -1.08027e-06
-4.05895e+06 -1.07633e-06
-4.04407e+06 -1.07239e-06
-4.0292e+06 -1.06844e-06
-4.01435e+06 -1.0645e-06
-3.99949e+06 -1.06056e-06
-3.98462e+06 -1.05662e-06
-3.96975e+06 -1.05268e-06
-3.95491e+06 -1.04874e-06
-3.94002e+06 -1.04479e-06
-3.92518e+06 -1.04086e-06
-3.91031e+06 -1.03692e-06
-3.89544e+06 -1.03297e-06
-3.88059e+06 -1.02904e-06
-3.86573e+06 -1.02509e-06
-3.85087e+06 -1.02116e-06
-3.83602e+06 -1.01722e-06
-3.82117e+06 -1.01328e-06
-3.80631e+06 -1.00934e-06
-3.79145e+06 -1.0054e-06
-3.77661e+06 -1.00146e-06
-3.76175e+06 -9.97523e-07
-3.7469e+06 -9.93584e-07
-3.73206e+06 -9.89649e-07
-3.71721e+06 -9.8571e-07
-3.70236e+06 -9.81774e-07
-3.68752e+06 -9.77837e-07
-3.67267e+06 -9.73901e-07
-3.65782e+06 -9.69964e-07
-3.64298e+06 -9.66028e-07
-3.62814e+06 -9.62091e-07
-3.61329e+06 -9.58156e-07
-3.59846e+06 -9.54221e-07
-3.58361e+06 -9.50285e-07
-3.56877e+06 -9.46349e-07
-3.55392e+06 -9.42412e-07
-3.53907e+06 -9.38473e-07
-3.52425e+06 -9.34542e-07
-3.50942e+06 -9.30611e-07
-3.49459e+06 -9.26678e-07
-3.47975e+06 -9.22742e-07
-3.46491e+06 -9.18809e-07
-3.45009e+06 -9.14877e-07
-3.43526e+06 -9.10944e-07
-3.42042e+06 -9.07011e-07
-3.40559e+06 -9.03078e-07
-3.39076e+06 -8.99144e-07
-3.37595e+06 -8.95217e-07
-3.36111e+06 -8.91283e-07
-3.34628e+06 -8.87351e-07
-3.33146e+06 -8.83419e-07
-3.31663e+06 -8.79487e-07
-3.30182e+06 -8.75559e-07
-3.28699e+06 -8.71628e-07
-3.27216e+06 -8.67696e-07
-3.25734e+06 -8.63766e-07
-3.24252e+06 -8.59834e-07
-3.2277e+06 -8.55905e-07
-3.21288e+06 -8.51975e-07
-3.19806e+06 -8.48046e-07
-3.18325e+06 -8.44119e-07
-3.16845e+06 -8.40193e-07
-3.1536e+06 -8.36257e-07
-3.13882e+06 -8.32336e-07
-3.12397e+06 -8.28399e-07
-3.10917e+06 -8.24475e-07
-3.09435e+06 -8.20545e-07
-3.07956e+06 -8.16623e-07
-3.06475e+06 -8.12695e-07
-3.04994e+06 -8.08768e-07
-3.03513e+06 -8.04841e-07
-3.02032e+06 -8.00915e-07
-3.00552e+06 -7.96989e-07
-2.99071e+06 -7.93062e-07
-2.97591e+06 -7.89137e-07
-2.9611e+06 -7.85211e-07
-2.9463e+06 -7.81286e-07
-2.93149e+06 -7.77359e-07
-2.91669e+06 -7.73434e-07
-2.90189e+06 -7.69509e-07
-2.88709e+06 -7.65585e-07
-2.8723e+06 -7.61663e-07
-2.8575e+06 -7.57738e-07
-2.84271e+06 -7.53815e-07
-2.8279e+06 -7.49888e-07
-2.81312e+06 -7.45969e-07
-2.79832e+06 -7.42046e-07
-2.78353e+06 -7.38123e-07
-2.76874e+06 -7.342e-07
-2.75396e+06 -7.30281e-07
-2.73915e+06 -7.26355e-07
-2.72437e+06 -7.22435e-07
-2.70958e+06 -7.18513e-07
-2.69479e+06 -7.14592e-07
-2.68001e+06 -7.10671e-07
-2.66522e+06 -7.0675e-07
-2.65043e+06 -7.02827e-07
-2.63565e+06 -6.98909e-07
-2.62085e+06 -6.94984e-07
-2.60608e+06 -6.91069e-07
-2.5913e+06 -6.87148e-07
-2.57652e+06 -6.83229e-07
-2.56174e+06 -6.7931e-07
-2.54696e+06 -6.75391e-07
-2.53219e+06 -6.71472e-07
-2.51741e+06 -6.67553e-07
-2.50263e+06 -6.63636e-07
-2.48786e+06 -6.59717e-07
-2.47308e+06 -6.558e-07
-2.45831e+06 -6.51882e-07
-2.44354e+06 -6.47965e-07
-2.42877e+06 -6.44049e-07
-2.41399e+06 -6.40129e-07
-2.39922e+06 -6.36214e-07
-2.38446e+06 -6.32299e-07
-2.36969e+06 -6.28382e-07
-2.35492e+06 -6.24466e-07
-2.34014e+06 -6.20546e-07
-2.32539e+06 -6.16635e-07
-2.3106e+06 -6.12714e-07
-2.29585e+06 -6.08802e-07
-2.2811e+06 -6.0489e-07
-2.26633e+06 -6.00974e-07
-2.25157e+06 -5.97061e-07
-2.23681e+06 -5.93147e-07
-2.22205e+06 -5.89233e-07
-2.20729e+06 -5.85319e-07
-2.19253e+06 -5.81403e-07
-2.17777e+06 -5.77489e-07
-2.16302e+06 -5.7358e-07
-2.14827e+06 -5.69667e-07
-2.13351e+06 -5.65755e-07
-2.11876e+06 -5.61843e-07
-2.10401e+06 -5.57931e-07
-2.08926e+06 -5.54019e-07
-2.07451e+06 -5.50108e-07
-2.05975e+06 -5.46194e-07
-2.04501e+06 -5.42285e-07
-2.03026e+06 -5.38374e-07
-2.01551e+06 -5.34464e-07
-2.00077e+06 -5.30554e-07
-1.986e+06 -5.26639e-07
-1.97128e+06 -5.22734e-07
-1.95652e+06 -5.1882e-07
-1.94179e+06 -5.14914e-07
-1.92705e+06 -5.11006e-07
-1.9123e+06 -5.07095e-07
-1.89756e+06 -5.03186e-07
-1.88282e+06 -4.99276e-07
-1.86809e+06 -4.95371e-07
-1.85335e+06 -4.91463e-07
-1.83862e+06 -4.87555e-07
-1.82387e+06 -4.83645e-07
-1.80915e+06 -4.79741e-07
-1.79441e+06 -4.75833e-07
-1.77968e+06 -4.71928e-07
-1.76495e+06 -4.6802e-07
-1.75022e+06 -4.64113e-07
-1.73549e+06 -4.6021e-07
-1.72076e+06 -4.56302e-07
-1.70603e+06 -4.52396e-07
-1.69129e+06 -4.48488e-07
-1.67658e+06 -4.44587e-07
-1.66184e+06 -4.40677e-07
-1.64712e+06 -4.36776e-07
-1.63239e+06 -4.32869e-07
-1.61767e+06 -4.28966e-07
-1.60295e+06 -4.25062e-07
-1.58821e+06 -4.21155e-07
-1.57351e+06 -4.17255e-07
-1.55879e+06 -4.13352e-07
-1.54407e+06 -4.0945e-07
-1.52935e+06 -4.05547e-07
-1.51464e+06 -4.01644e-07
-1.49993e+06 -3.97743e-07
-1.48521e+06 -3.93839e-07
-1.47049e+06 -3.89938e-07
-1.45577e+06 -3.86035e-07
-1.44106e+06 -3.82133e-07
-1.42634e+06 -3.78229e-07
-1.41164e+06 -3.7433e-07
-1.39693e+06 -3.70432e-07
-1.38222e+06 -3.66529e-07
-1.36751e+06 -3.6263e-07
-1.3528e+06 -3.58728e-07
-1.3381e+06 -3.54831e-07
-1.3234e+06 -3.50932e-07
-1.3087e+06 -3.47035e-07
-1.29399e+06 -3.43133e-07
-1.27926e+06 -3.39228e-07
-1.26458e+06 -3.35335e-07
-1.24988e+06 -3.31437e-07
-1.23518e+06 -3.27539e-07
-1.22049e+06 -3.23643e-07
-1.20579e+06 -3.19745e-07
-1.19109e+06 -3.15846e-07
-1.17639e+06 -3.11949e-07
-1.16169e+06 -3.08052e-07
-1.14701e+06 -3.04157e-07
-1.1323e+06 -3.00258e-07
-1.11762e+06 -2.96364e-07
-1.10292e+06 -2.92466e-07
-1.08823e+06 -2.8857e-07
-1.07353e+06 -2.84675e-07
-1.05884e+06 -2.80779e-07
-1.04414e+06 -2.76881e-07
-1.02947e+06 -2.7299e-07
-1.01478e+06 -2.69093e-07
-1.0001e+06 -2.65202e-07
-985388 -2.613e-07
-970745 -2.57417e-07
-956041 -2.53518e-07
-941358 -2.49625e-07
-926677 -2.45732e-07
-911995 -2.41838e-07
-897316 -2.37946e-07
-882647 -2.34056e-07
-867963 -2.30162e-07
-853273 -2.26267e-07
-838604 -2.22377e-07
-823916 -2.18482e-07
-809250 -2.14593e-07
-794564 -2.10699e-07
-779908 -2.06812e-07
-765237 -2.02922e-07
-750564 -1.99031e-07
-735893 -1.95141e-07
-721216 -1.91249e-07
-706549 -1.87359e-07
-691888 -1.83472e-07
-677227 -1.79584e-07
-662566 -1.75696e-07
-647890 -1.71804e-07
-633225 -1.67916e-07
-618563 -1.64027e-07
-603892 -1.60137e-07
-589239 -1.56251e-07
-574582 -1.52365e-07
-559901 -1.48472e-07
-545259 -1.44589e-07
-530596 -1.40701e-07
-515944 -1.36816e-07
-501288 -1.32929e-07
-486617 -1.29039e-07
-471958 -1.25152e-07
-457326 -1.21272e-07
-442672 -1.17386e-07
-428020 -1.135e-07
-413359 -1.09613e-07
-398719 -1.0573e-07
-384060 -1.01843e-07
-369424 -9.7962e-08
-354774 -9.40773e-08
-340139 -9.01964e-08
-325472 -8.63071e-08
-310837 -8.24262e-08
-296193 -7.85429e-08
-281550 -7.466e-08
-266908 -7.07774e-08
-252266 -6.68946e-08
-237629 -6.30133e-08
-222991 -5.91317e-08
-208349 -5.5249e-08
-193711 -5.13673e-08
-179073 -4.74856e-08
-164429 -4.36024e-08
-149799 -3.9723e-08
-135146 -3.58374e-08
-120554 -3.19678e-08
-105892 -2.808e-08
-91253.9 -2.41982e-08
-76675.3 -2.03324e-08
-62011.1 -1.64438e-08
-47382.1 -1.25646e-08
-32754.3 -8.68563e-09
-18129.1 -4.80739e-09
-3497.28 -9.27392e-10
11131.5 2.9518e-09
25739.7 6.82553e-09
40372.8 1.07059e-08
55004.1 1.45857e-08
69606 1.84578e-08
84246.4 2.234e-08
98860.1 2.62152e-08
113477 3.00913e-08
128096 3.39678e-08
142738 3.78504e-08
157329 4.17198e-08
171959 4.55993e-08
186568 4.94731e-08
201173 5.33461e-08
215799 5.72245e-08
230399 6.10962e-08
245010 6.49705e-08
259621 6.8845e-08
274230 7.2719e-08
288834 7.65917e-08
303446 8.04663e-08
318053 8.43396e-08
332682 8.82189e-08
347264 9.20858e-08
361873 9.59596e-08
376470 9.98304e-08
391059 1.03699e-07
405678 1.07576e-07
420292 1.11451e-07
434870 1.15317e-07
449478 1.1919e-07
464078 1.23062e-07
478689 1.26936e-07
493267 1.30802e-07
507885 1.34678e-07
522456 1.38542e-07
537050 1.42412e-07
551646 1.46283e-07
566235 1.50151e-07
580825 1.5402e-07
595407 1.57887e-07
610015 1.61761e-07
624581 1.65623e-07
639174 1.69493e-07
653772 1.73364e-07
668353 1.7723e-07
682955 1.81103e-07
697525 1.84966e-07
712103 1.88832e-07
726699 1.92702e-07
741268 1.96566e-07
755864 2.00436e-07
770434 2.043e-07
785017 2.08167e-07
799610 2.12037e-07
814160 2.15895e-07
828736 2.1976e-07
843312 2.23625e-07
857886 2.2749e-07
872459 2.31354e-07
887032 2.35219e-07
901603 2.39083e-07
916174 2.42947e-07
930753 2.46813e-07
945311 2.50673e-07
959879 2.54536e-07
974447 2.58399e-07
989018 2.62263e-07
1.00357e+06 2.66123e-07
1.01814e+06 2.69986e-07
1.03272e+06 2.73853e-07
1.04727e+06 2.7771e-07
1.06183e+06 2.81571e-07
1.07641e+06 2.85437e-07
1.09094e+06 2.89291e-07
1.10552e+06 2.93157e-07
1.12007e+06 2.97015e-07
1.13463e+06 3.00875e-07
1.14918e+06 3.04735e-07
1.16374e+06 3.08595e-07
1.17831e+06 3.12457e-07
1.19285e+06 3.16314e-07
1.2074e+06 3.20173e-07
1.22195e+06 3.24031e-07
1.2365e+06 3.2789e-07
1.25105e+06 3.31748e-07
1.26562e+06 3.3561e-07
1.28015e+06 3.39465e-07
1.2947e+06 3.43322e-07
1.30925e+06 3.4718e-07
1.32381e+06 3.51042e-07
1.33835e+06 3.54898e-07
1.35288e+06 3.58751e-07
1.36743e+06 3.62607e-07
1.38197e+06 3.66464e-07
1.39651e+06 3.70319e-07
1.41103e+06 3.74171e-07
1.42559e+06 3.78031e-07
1.44013e+06 3.81887e-07
1.45467e+06 3.85742e-07
1.46921e+06 3.89597e-07
1.48373e+06 3.93449e-07
1.49828e+06 3.97306e-07
1.51281e+06 4.0116e-07
1.52734e+06 4.05014e-07
1.54188e+06 4.08868e-07
1.55642e+06 4.12724e-07
1.57094e+06 4.16574e-07
1.58548e+06 4.2043e-07
1.60001e+06 4.24283e-07
1.61453e+06 4.28133e-07
1.62906e+06 4.31986e-07
1.64361e+06 4.35843e-07
1.65812e+06 4.39692e-07
1.67266e+06 4.43546e-07
1.68716e+06 4.47392e-07
1.70167e+06 4.51241e-07
1.7162e+06 4.55094e-07
1.73072e+06 4.58945e-07
1.74524e+06 4.62795e-07
1.75976e+06 4.66645e-07
1.77428e+06 4.70495e-07
1.7888e+06 4.74345e-07
1.80331e+06 4.78193e-07
1.81784e+06 4.82045e-07
1.83235e+06 4.85893e-07
1.84686e+06 4.89742e-07
1.86137e+06 4.93589e-07
