-0.0247187 -6.55477e-15
-0.0481902 -1.27788e-14
-0.0696073 -1.84581e-14
-0.0879211 -2.33145e-14
-0.101747 -2.69807e-14
-0.109263 -2.89737e-14
-0.107971 -2.86313e-14
-0.094419 -2.50376e-14
-0.0638009 -1.69184e-14
-0.00926473 -2.45678e-15
-24624.6 -6.52983e-09
-49245.9 -1.30588e-08
-73865.4 -1.95873e-08
-98481 -2.61147e-08
-123096 -3.26421e-08
-147708 -3.91684e-08
-172313 -4.56932e-08
-196923 -5.2219e-08
-221528 -5.87438e-08
-246128 -6.52669e-08
-270726 -7.17898e-08
-295322 -7.83121e-08
-319916 -8.48337e-08
-344507 -9.13546e-08
-369095 -9.78749e-08
-393683 -1.04395e-07
-418264 -1.10913e-07
-442845 -1.17431e-07
-467422 -1.23949e-07
-491998 -1.30466e-07
-516572 -1.36982e-07
-541143 -1.43498e-07
-565709 -1.50012e-07
-590277 -1.56527e-07
-614838 -1.6304e-07
-639398 -1.69553e-07
-663957 -1.76065e-07
-688511 -1.82576e-07
-713064 -1.89087e-07
-737614 -1.95597e-07
-762162 -2.02106e-07
-786706 -2.08615e-07
-811248 -2.15123e-07
-835789 -2.2163e-07
-860325 -2.28137e-07
-884859 -2.34643e-07
-909391 -2.41148e-07
-933920 -2.47652e-07
-958448 -2.54157e-07
-982972 -2.6066e-07
-1.0075e+06 -2.67163e-07
-1.03201e+06 -2.73664e-07
-1.05653e+06 -2.80165e-07
-1.08104e+06 -2.86666e-07
-1.10556e+06 -2.93166e-07
-1.13006e+06 -2.99665e-07
-1.15457e+06 -3.06163e-07
-1.17907e+06 -3.12661e-07
-1.20358e+06 -3.19158e-07
-1.22807e+06 -3.25654e-07
-1.25257e+06 -3.3215e-07
-1.27706e+06 -3.38645e-07
-1.30155e+06 -3.4514e-07
-1.32604e+06 -3.51633e-07
-1.35053e+06 -3.58126e-07
-1.37501e+06 -3.64619e-07
-1.39949e+06 -3.7111e-07
-1.42397e+06 -3.77602e-07
-1.44845e+06 -3.84092e-07
-1.47292e+06 -3.90582e-07
-1.49739e+06 -3.9707e-07
-1.52186e+06 -4.03559e-07
-1.54632e+06 -4.10046e-07
-1.57079e+06 -4.16533e-07
-1.59525e+06 -4.23019e-07
-1.6197e+06 -4.29505e-07
-1.64416e+06 -4.3599e-07
-1.66861e+06 -4.42474e-07
-1.69306e+06 -4.48957e-07
-1.71751e+06 -4.55441e-07
-1.74195e+06 -4.61922e-07
-1.76639e+06 -4.68404e-07
-1.79084e+06 -4.74885e-07
-1.81527e+06 -4.81365e-07
-1.83971e+06 -4.87844e-07
-1.86414e+06 -4.94323e-07
-1.88857e+06 -5.00801e-07
-1.91299e+06 -5.07278e-07
-1.93742e+06 -5.13755e-07
-1.96184e+06 -5.20231e-07
-1.98626e+06 -5.26707e-07
-2.01068e+06 -5.33181e-07
-2.03509e+06 -5.39655e-07
-2.0595e+06 -5.46129e-07
-2.08391e+06 -5.52601e-07
-2.10832e+06 -5.59074e-07
-2.13272e+06 -5.65544e-07
-2.15712e+06 -5.72015e-07
-2.18152e+06 -5.78484e-07
-2.20592e+06 -5.84954e-07
-2.23031e+06 -5.91423e-07
-2.2547e+06 -5.97891e-07
-2.27909e+06 -6.04358e-07
-2.30347e+06 -6.10824e-07
-2.32786e+06 -6.1729e-07
-2.35224e+06 -6.23755e-07
-2.37662e+06 -6.3022e-07
-2.40099e+06 -6.36684e-07
-2.42537e+06 -6.43148e-07
-2.44974e+06 -6.49609e-07
-2.4741e+06 -6.56071e-07
-2.49847e+06 -6.62532e-07
-2.52283e+06 -6.68993e-07
-2.54719e+06 -6.75452e-07
-2.57155e+06 -6.81911e-07
-2.5959e+06 -6.88369e-07
-2.62026e+06 -6.94827e-07
-2.64461e+06 -7.01284e-07
-2.66895e+06 -7.0774e-07
-2.6933e+06 -7.14196e-07
-2.71764e+06 -7.20651e-07
-2.74198e+06 -7.27105e-07
-2.76632e+06 -7.33559e-07
-2.79065e+06 -7.40012e-07
-2.81498e+06 -7.46464e-07
-2.83931e+06 -7.52915e-07
-2.86364e+06 -7.59366e-07
-2.88797e+06 -7.65816e-07
-2.91229e+06 -7.72266e-07
-2.93661e+06 -7.78715e-07
-2.96092e+06 -7.85163e-07
-2.98524e+06 -7.9161e-07
-3.00955e+06 -7.98057e-07
-3.03386e+06 -8.04503e-07
-3.05816e+06 -8.10949e-07
-3.08247e+06 -8.17394e-07
-3.10677e+06 -8.23837e-07
-3.13107e+06 -8.30281e-07
-3.15536e+06 -8.36724e-07
-3.17966e+06 -8.43166e-07
-3.20395e+06 -8.49607e-07
-3.22823e+06 -8.56047e-07
-3.25252e+06 -8.62487e-07
-3.27681e+06 -8.68927e-07
-3.30108e+06 -8.75365e-07
-3.32536e+06 -8.81804e-07
-3.34964e+06 -8.88241e-07
-3.37391e+06 -8.94677e-07
-3.39818e+06 -9.01113e-07
-3.42245e+06 -9.07549e-07
-3.44672e+06 -9.13983e-07
-3.47098e+06 -9.20417e-07
-3.49524e+06 -9.2685e-07
-3.51949e+06 -9.33282e-07
-3.54375e+06 -9.39714e-07
-3.568e+06 -9.46145e-07
-3.59225e+06 -9.52576e-07
-3.6165e+06 -9.59006e-07
-3.64074e+06 -9.65435e-07
-3.66499e+06 -9.71863e-07
-3.68923e+06 -9.78291e-07
-3.71346e+06 -9.84718e-07
-3.7377e+06 -9.91145e-07
-3.76193e+06 -9.9757e-07
-3.78616e+06 -1.00399e-06
-3.81039e+06 -1.01042e-06
-3.83461e+06 -1.01684e-06
-3.85883e+06 -1.02327e-06
-3.88305e+06 -1.02969e-06
-3.90727e+06 -1.03611e-06
-3.93148e+06 -1.04253e-06
-3.95569e+06 -1.04895e-06
-3.9799e+06 -1.05537e-06
-4.00411e+06 -1.06179e-06
-4.02831e+06 -1.06821e-06
-4.05251e+06 -1.07462e-06
-4.07671e+06 -1.08104e-06
-4.10091e+06 -1.08746e-06
-4.1251e+06 -1.09387e-06
-4.14929e+06 -1.10029e-06
-4.17348e+06 -1.1067e-06
-4.19767e+06 -1.11312e-06
-4.22185e+06 -1.11953e-06
-4.24603e+06 -1.12594e-06
-4.27021e+06 -1.13235e-06
-4.29438e+06 -1.13876e-06
-4.31856e+06 -1.14517e-06
-4.34273e+06 -1.15158e-06
-4.36689e+06 -1.15799e-06
-4.39106e+06 -1.1644e-06
-4.41522e+06 -1.17081e-06
-4.43938e+06 -1.17721e-06
-4.46354e+06 -1.18362e-06
-4.4877e+06 -1.19002e-06
-4.51185e+06 -1.19643e-06
-4.536e+06 -1.20283e-06
-4.56014e+06 -1.20924e-06
-4.58429e+06 -1.21564e-06
-4.60843e+06 -1.22204e-06
-4.63257e+06 -1.22844e-06
-4.65671e+06 -1.23484e-06
-4.68084e+06 -1.24124e-06
-4.70497e+06 -1.24764e-06
-4.7291e+06 -1.25404e-06
-4.75323e+06 -1.26044e-06
-4.77735e+06 -1.26684e-06
-4.80148e+06 -1.27323e-06
-4.82559e+06 -1.27963e-06
-4.84971e+06 -1.28602e-06
-4.87382e+06 -1.29242e-06
-4.89794e+06 -1.29881e-06
-4.92205e+06 -1.3052e-06
-4.94615e+06 -1.3116e-06
-4.97025e+06 -1.31799e-06
-4.99436e+06 -1.32438e-06
-5.01846e+06 -1.33077e-06
-5.04255e+06 -1.33716e-06
-5.06664e+06 -1.34355e-06
-5.09074e+06 -1.34994e-06
-5.11482e+06 -1.35632e-06
-5.13891e+06 -1.36271e-06
-5.16299e+06 -1.3691e-06
-5.18707e+06 -1.37548e-06
-5.21115e+06 -1.38187e-06
-5.23523e+06 -1.38825e-06
-5.2593e+06 -1.39463e-06
-5.28337e+06 -1.40102e-06
-5.30744e+06 -1.4074e-06
-5.3315e+06 -1.41378e-06
-5.35556e+06 -1.42016e-06
-5.37963e+06 -1.42654e-06
-5.40368e+06 -1.43292e-06
-5.42774e+06 -1.4393e-06
-5.45179e+06 -1.44568e-06
-5.47584e+06 -1.45206e-06
-5.49989e+06 -1.45843e-06
-5.52393e+06 -1.46481e-06
-5.54797e+06 -1.47118e-06
-5.57201e+06 -1.47756e-06
-5.59605e+06 -1.48393e-06
-5.62008e+06 -1.49031e-06
-5.64411e+06 -1.49668e-06
-5.66815e+06 -1.50305e-06
-5.69217e+06 -1.50942e-06
-5.7162e+06 -1.51579e-06
-5.74022e+06 -1.52216e-06
-5.76424e+06 -1.52853e-06
-5.78825e+06 -1.5349e-06
-5.81227e+06 -1.54127e-06
-5.83628e+06 -1.54764e-06
-5.86029e+06 -1.554e-06
-5.88429e+06 -1.56037e-06
-5.90829e+06 -1.56673e-06
-5.9323e+06 -1.5731e-06
-5.9563e+06 -1.57946e-06
-5.98029e+06 -1.58582e-06
-6.00428e+06 -1.59219e-06
-6.02828e+06 -1.59855e-06
-6.05226e+06 -1.60491e-06
-6.07625e+06 -1.61127e-06
-6.10023e+06 -1.61763e-06
-6.12421e+06 -1.62399e-06
-6.14819e+06 -1.63035e-06
-6.17217e+06 -1.63671e-06
-6.19614e+06 -1.64306e-06
-6.22011e+06 -1.64942e-06
-6.24408e+06 -1.65577e-06
-6.26804e+06 -1.66213e-06
-6.29201e+06 -1.66848e-06
-6.31597e+06 -1.67484e-06
-6.33993e+06 -1.68119e-06
-6.36388e+06 -1.68754e-06
-6.38783e+06 -1.69389e-06
-6.41178e+06 -1.70024e-06
-6.43573e+06 -1.70659e-06
-6.45967e+06 -1.71294e-06
-6.48362e+06 -1.71929e-06
-6.50755e+06 -1.72564e-06
-6.53149e+06 -1.73199e-06
-6.55542e+06 -1.73833e-06
-6.57936e+06 -1.74468e-06
-6.60329e+06 -1.75103e-06
-6.62721e+06 -1.75737e-06
-6.65114e+06 -1.76372e-06
-6.67506e+06 -1.77006e-06
-6.69897e+06 -1.7764e-06
-6.72289e+06 -1.78274e-06
-6.74681e+06 -1.78908e-06
-6.77072e+06 -1.79543e-06
-6.79463e+06 -1.80177e-06
-6.81853e+06 -1.8081e-06
-6.84244e+06 -1.81444e-06
-6.86634e+06 -1.82078e-06
-6.89024e+06 -1.82712e-06
-6.91413e+06 -1.83346e-06
-6.93802e+06 -1.83979e-06
-6.96191e+06 -1.84613e-06
-6.9858e+06 -1.85246e-06
-7.00969e+06 -1.85879e-06
-7.03357e+06 -1.86513e-06
-7.05745e+06 -1.87146e-06
-7.08133e+06 -1.87779e-06
-7.1052e+06 -1.88412e-06
-7.12908e+06 -1.89045e-06
-7.15295e+06 -1.89678e-06
-7.17682e+06 -1.90311e-06
-7.20068e+06 -1.90944e-06
-7.22454e+06 -1.91577e-06
-7.2484e+06 -1.9221e-06
-7.27226e+06 -1.92842e-06
-7.29612e+06 -1.93475e-06
-7.31997e+06 -1.94107e-06
-7.34382e+06 -1.9474e-06
-7.36766e+06 -1.95372e-06
-7.39151e+06 -1.96004e-06
-7.41535e+06 -1.96637e-06
-7.43919e+06 -1.97269e-06
-7.46303e+06 -1.97901e-06
-7.48686e+06 -1.98533e-06
-7.51069e+06 -1.99165e-06
-7.53452e+06 -1.99797e-06
-7.55835e+06 -2.00429e-06
-7.58217e+06 -2.0106e-06
-7.60599e+06 -2.01692e-06
-7.62981e+06 -2.02324e-06
-7.65363e+06 -2.02955e-06
-7.67744e+06 -2.03587e-06
-7.70126e+06 -2.04218e-06
-7.72506e+06 -2.04849e-06
-7.74887e+06 -2.05481e-06
-7.77267e+06 -2.06112e-06
-7.79647e+06 -2.06743e-06
-7.82027e+06 -2.07374e-06
-7.84407e+06 -2.08005e-06
-7.86786e+06 -2.08636e-06
-7.89165e+06 -2.09267e-06
-7.91544e+06 -2.09898e-06
-7.93922e+06 -2.10528e-06
-7.96301e+06 -2.11159e-06
-7.98679e+06 -2.1179e-06
-8.01056e+06 -2.1242e-06
-8.03434e+06 -2.13051e-06
-8.05811e+06 -2.13681e-06
-8.08188e+06 -2.14311e-06
-8.10565e+06 -2.14942e-06
-8.12942e+06 -2.15572e-06
-8.15318e+06 -2.16202e-06
-8.17694e+06 -2.16832e-06
-8.2007e+06 -2.17462e-06
-8.22445e+06 -2.18092e-06
-8.2482e+06 -2.18722e-06
-8.27195e+06 -2.19352e-06
-8.2957e+06 -2.19981e-06
-8.31945e+06 -2.20611e-06
-8.34319e+06 -2.21241e-06
-8.36693e+06 -2.2187e-06
-8.39066e+06 -2.22499e-06
-8.4144e+06 -2.23129e-06
-8.43813e+06 -2.23758e-06
-8.46186e+06 -2.24387e-06
-8.48558e+06 -2.25017e-06
-8.50931e+06 -2.25646e-06
-8.53303e+06 -2.26275e-06
-8.55674e+06 -2.26904e-06
-8.58047e+06 -2.27533e-06
-8.60418e+06 -2.28161e-06
-8.62789e+06 -2.2879e-06
-8.6516e+06 -2.29419e-06
-8.6753e+06 -2.30047e-06
-8.699e+06 -2.30676e-06
-8.72271e+06 -2.31304e-06
-8.74641e+06 -2.31933e-06
-8.7701e+06 -2.32561e-06
-8.79379e+06 -2.33189e-06
-8.81748e+06 -2.33818e-06
-8.84117e+06 -2.34446e-06
-8.86486e+06 -2.35074e-06
-8.88854e+06 -2.35702e-06
-8.91222e+06 -2.3633e-06
-8.9359e+06 -2.36958e-06
-8.95957e+06 -2.37585e-06
-8.98325e+06 -2.38213e-06
-9.00692e+06 -2.38841e-06
-9.03058e+06 -2.39469e-06
-9.05425e+06 -2.40096e-06
-9.07791e+06 -2.40724e-06
-9.10157e+06 -2.41351e-06
-9.12523e+06 -2.41978e-06
-9.14888e+06 -2.42606e-06
-9.17253e+06 -2.43233e-06
-9.19618e+06 -2.4386e-06
-9.21983e+06 -2.44487e-06
-9.24348e+06 -2.45114e-06
-9.26712e+06 -2.45741e-06
-9.29076e+06 -2.46368e-06
-9.31439e+06 -2.46994e-06
-9.33803e+06 -2.47621e-06
-9.36166e+06 -2.48248e-06
-9.38529e+06 -2.48874e-06
-9.40891e+06 -2.49501e-06
-9.43254e+06 -2.50127e-06
-9.45616e+06 -2.50754e-06
-9.47978e+06 -2.5138e-06
-9.50339e+06 -2.52006e-06
-9.52701e+06 -2.52633e-06
-9.55062e+06 -2.53259e-06
-9.57423e+06 -2.53885e-06
-9.59783e+06 -2.5451e-06
-9.62144e+06 -2.55137e-06
-9.64504e+06 -2.55762e-06
-9.66863e+06 -2.56388e-06
-9.69223e+06 -2.57014e-06
-9.71582e+06 -2.57639e-06
-9.73941e+06 -2.58265e-06
-9.763e+06 -2.5889e-06
-9.78659e+06 -2.59516e-06
-9.81017e+06 -2.60141e-06
-9.83375e+06 -2.60767e-06
-9.85733e+06 -2.61392e-06
-9.8809e+06 -2.62017e-06
-9.90447e+06 -2.62642e-06
-9.92805e+06 -2.63267e-06
-9.95161e+06 -2.63892e-06
-9.97518e+06 -2.64517e-06
-9.99874e+06 -2.65142e-06
-1.00223e+07 -2.65766e-06
-1.00459e+07 -2.66391e-06
-1.00694e+07 -2.67016e-06
-1.0093e+07 -2.6764e-06
-1.01165e+07 -2.68265e-06
-1.01401e+07 -2.68889e-06
-1.01636e+07 -2.69513e-06
-1.01871e+07 -2.70138e-06
-1.02107e+07 -2.70762e-06
-1.02342e+07 -2.71386e-06
-1.02578e+07 -2.7201e-06
-1.02813e+07 -2.72634e-06
-1.03048e+07 -2.73258e-06
-1.03283e+07 -2.73882e-06
-1.03519e+07 -2.74506e-06
-1.03754e+07 -2.75129e-06
-1.03989e+07 -2.75753e-06
-1.04224e+07 -2.76377e-06
-1.04459e+07 -2.77e-06
-1.04694e+07 -2.77624e-06
-1.0493e+07 -2.78247e-06
-1.05165e+07 -2.7887e-06
-1.054e+07 -2.79493e-06
-1.05635e+07 -2.80117e-06
-1.0587e+07 -2.8074e-06
-1.06105e+07 -2.81363e-06
-1.06339e+07 -2.81986e-06
-1.06574e+07 -2.82609e-06
-1.06809e+07 -2.83232e-06
-1.07044e+07 -2.83854e-06
-1.07279e+07 -2.84477e-06
-1.07514e+07 -2.851e-06
-1.07749e+07 -2.85722e-06
-1.07983e+07 -2.86345e-06
-1.08218e+07 -2.86967e-06
-1.08453e+07 -2.8759e-06
-1.08687e+07 -2.88212e-06
-1.08922e+07 -2.88834e-06
-1.09157e+07 -2.89456e-06
-1.09391e+07 -2.90078e-06
-1.09626e+07 -2.907e-06
-1.0986e+07 -2.91322e-06
-1.10095e+07 -2.91944e-06
-1.10329e+07 -2.92566e-06
-1.10564e+07 -2.93188e-06
-1.10798e+07 -2.93809e-06
-1.11033e+07 -2.94431e-06
-1.11267e+07 -2.95053e-06
-1.11501e+07 -2.95674e-06
-1.11736e+07 -2.96295e-06
-1.1197e+07 -2.96917e-06
-1.12204e+07 -2.97538e-06
-1.12439e+07 -2.98159e-06
-1.12673e+07 -2.9878e-06
-1.12907e+07 -2.99401e-06
-1.13141e+07 -3.00022e-06
-1.13375e+07 -3.00644e-06
-1.1361e+07 -3.01264e-06
-1.13844e+07 -3.01885e-06
-1.14078e+07 -3.02506e-06
-1.14312e+07 -3.03126e-06
-1.14546e+07 -3.03747e-06
-1.1478e+07 -3.04368e-06
-1.15014e+07 -3.04988e-06
-1.15248e+07 -3.05608e-06
-1.15482e+07 -3.06229e-06
-1.15716e+07 -3.06849e-06
-1.15949e+07 -3.07469e-06
-1.16183e+07 -3.08089e-06
-1.16417e+07 -3.08709e-06
-1.16651e+07 -3.09329e-06
-1.16885e+07 -3.09949e-06
-1.17119e+07 -3.10569e-06
-1.17352e+07 -3.11189e-06
-1.17586e+07 -3.11808e-06
-1.1782e+07 -3.12428e-06
-1.18053e+07 -3.13048e-06
-1.18287e+07 -3.13667e-06
-1.1852e+07 -3.14287e-06
-1.18754e+07 -3.14906e-06
-1.18988e+07 -3.15525e-06
-1.19221e+07 -3.16145e-06
-1.19455e+07 -3.16764e-06
-1.19688e+07 -3.17383e-06
-1.19921e+07 -3.18002e-06
-1.20155e+07 -3.18621e-06
-1.20388e+07 -3.1924e-06
-1.20622e+07 -3.19859e-06
-1.20855e+07 -3.20477e-06
-1.21088e+07 -3.21096e-06
-1.21322e+07 -3.21715e-06
-1.21555e+07 -3.22333e-06
-1.21788e+07 -3.22952e-06
-1.22021e+07 -3.2357e-06
-1.22254e+07 -3.24188e-06
-1.22488e+07 -3.24807e-06
-1.22721e+07 -3.25425e-06
-1.22954e+07 -3.26043e-06
-1.23187e+07 -3.26661e-06
-1.2342e+07 -3.27279e-06
-1.23653e+07 -3.27897e-06
-1.23886e+07 -3.28515e-06
-1.24119e+07 -3.29133e-06
-1.24352e+07 -3.2975e-06
-1.24585e+07 -3.30368e-06
-1.24818e+07 -3.30986e-06
-1.25051e+07 -3.31603e-06
-1.25284e+07 -3.32221e-06
-1.25516e+07 -3.32838e-06
-1.25749e+07 -3.33455e-06
-1.25982e+07 -3.34073e-06
-1.26215e+07 -3.3469e-06
-1.26447e+07 -3.35307e-06
-1.2668e+07 -3.35924e-06
-1.26913e+07 -3.36541e-06
-1.27145e+07 -3.37158e-06
-1.27378e+07 -3.37775e-06
-1.27611e+07 -3.38391e-06
-1.27843e+07 -3.39008e-06
-1.28076e+07 -3.39625e-06
-1.28308e+07 -3.40241e-06
-1.28541e+07 -3.40858e-06
-1.28773e+07 -3.41474e-06
-1.29006e+07 -3.42091e-06
-1.29238e+07 -3.42707e-06
-1.2947e+07 -3.43323e-06
-1.29703e+07 -3.4394e-06
-1.29935e+07 -3.44556e-06
-1.30167e+07 -3.45172e-06
-1.304e+07 -3.45788e-06
-1.30632e+07 -3.46403e-06
-1.30864e+07 -3.47019e-06
-1.31096e+07 -3.47635e-06
-1.31329e+07 -3.48251e-06
-1.31561e+07 -3.48866e-06
-1.31793e+07 -3.49482e-06
-1.32025e+07 -3.50097e-06
-1.32257e+07 -3.50713e-06
-1.32489e+07 -3.51328e-06
-1.32721e+07 -3.51943e-06
-1.32953e+07 -3.52559e-06
-1.33185e+07 -3.53174e-06
-1.33417e+07 -3.53789e-06
-1.33649e+07 -3.54404e-06
-1.33881e+07 -3.55019e-06
-1.34113e+07 -3.55634e-06
-1.34345e+07 -3.56248e-06
-1.34576e+07 -3.56863e-06
-1.34808e+07 -3.57478e-06
-1.3504e+07 -3.58092e-06
-1.35272e+07 -3.58707e-06
-1.35503e+07 -3.59321e-06
-1.35735e+07 -3.59936e-06
-1.35967e+07 -3.6055e-06
-1.36199e+07 -3.61164e-06
-1.3643e+07 -3.61779e-06
-1.36662e+07 -3.62393e-06
-1.36893e+07 -3.63007e-06
-1.37125e+07 -3.63621e-06
-1.37356e+07 -3.64235e-06
-1.37588e+07 -3.64849e-06
-1.37819e+07 -3.65462e-06
-1.38051e+07 -3.66076e-06
-1.38282e+07 -3.6669e-06
-1.38513e+07 -3.67303e-06
-1.38745e+07 -3.67917e-06
-1.38976e+07 -3.6853e-06
-1.39208e+07 -3.69144e-06
-1.39439e+07 -3.69757e-06
-1.3967e+07 -3.7037e-06
-1.39901e+07 -3.70983e-06
-1.40132e+07 -3.71596e-06
-1.40364e+07 -3.72209e-06
-1.40595e+07 -3.72822e-06
-1.40826e+07 -3.73435e-06
-1.41057e+07 -3.74048e-06
-1.41288e+07 -3.74661e-06
-1.41519e+07 -3.75274e-06
-1.4175e+07 -3.75886e-06
-1.41981e+07 -3.76499e-06
-1.42212e+07 -3.77111e-06
-1.42443e+07 -3.77724e-06
-1.42674e+07 -3.78336e-06
-1.42905e+07 -3.78949e-06
-1.43136e+07 -3.79561e-06
-1.43367e+07 -3.80173e-06
-1.43598e+07 -3.80785e-06
-1.43828e+07 -3.81397e-06
-1.44059e+07 -3.82009e-06
-1.4429e+07 -3.82621e-06
-1.44521e+07 -3.83232e-06
-1.44751e+07 -3.83844e-06
-1.44982e+07 -3.84456e-06
-1.45213e+07 -3.85067e-06
-1.45443e+07 -3.85679e-06
-1.45674e+07 -3.86291e-06
-1.45904e+07 -3.86902e-06
-1.46135e+07 -3.87513e-06
-1.46365e+07 -3.88124e-06
-1.46596e+07 -3.88736e-06
-1.46826e+07 -3.89347e-06
-1.47057e+07 -3.89958e-06
-1.47287e+07 -3.90569e-06
-1.47518e+07 -3.9118e-06
-1.47748e+07 -3.91791e-06
-1.47978e+07 -3.92401e-06
-1.48209e+07 -3.93012e-06
-1.48439e+07 -3.93623e-06
-1.48669e+07 -3.94233e-06
-1.48899e+07 -3.94844e-06
-1.4913e+07 -3.95454e-06
-1.4936e+07 -3.96065e-06
-1.4959e+07 -3.96675e-06
-1.4982e+07 -3.97285e-06
-1.5005e+07 -3.97895e-06
-1.5028e+07 -3.98505e-06
-1.5051e+07 -3.99116e-06
-1.5074e+07 -3.99726e-06
-1.5097e+07 -4.00335e-06
-1.512e+07 -4.00945e-06
-1.5143e+07 -4.01555e-06
-1.5166e+07 -4.02165e-06
-1.5189e+07 -4.02774e-06
-1.5212e+07 -4.03384e-06
-1.5235e+07 -4.03994e-06
-1.5258e+07 -4.04603e-06
-1.52809e+07 -4.05212e-06
-1.53039e+07 -4.05821e-06
-1.53269e+07 -4.06431e-06
-1.53499e+07 -4.0704e-06
-1.53728e+07 -4.07649e-06
-1.53958e+07 -4.08258e-06
-1.54188e+07 -4.08867e-06
-1.54417e+07 -4.09476e-06
-1.54647e+07 -4.10085e-06
-1.54876e+07 -4.10693e-06
-1.55106e+07 -4.11302e-06
-1.55335e+07 -4.11911e-06
-1.55565e+07 -4.12519e-06
-1.55794e+07 -4.13128e-06
-1.56024e+07 -4.13736e-06
-1.56253e+07 -4.14344e-06
-1.56483e+07 -4.14953e-06
-1.56712e+07 -4.15561e-06
-1.56941e+07 -4.16169e-06
-1.57171e+07 -4.16777e-06
-1.574e+07 -4.17385e-06
-1.57629e+07 -4.17993e-06
-1.57858e+07 -4.18601e-06
-1.58088e+07 -4.19209e-06
-1.58317e+07 -4.19816e-06
-1.58546e+07 -4.20424e-06
-1.58775e+07 -4.21032e-06
-1.59004e+07 -4.21639e-06
-1.59233e+07 -4.22247e-06
-1.59462e+07 -4.22854e-06
-1.59691e+07 -4.23461e-06
-1.5992e+07 -4.24068e-06
-1.60149e+07 -4.24676e-06
-1.60378e+07 -4.25283e-06
-1.60607e+07 -4.2589e-06
-1.60836e+07 -4.26497e-06
-1.61065e+07 -4.27104e-06
-1.61294e+07 -4.27711e-06
-1.61522e+07 -4.28317e-06
-1.61751e+07 -4.28924e-06
-1.6198e+07 -4.29531e-06
-1.62209e+07 -4.30137e-06
-1.62438e+07 -4.30744e-06
-1.62666e+07 -4.3135e-06
-1.62895e+07 -4.31957e-06
-1.63123e+07 -4.32563e-06
-1.63352e+07 -4.33169e-06
-1.63581e+07 -4.33775e-06
-1.63809e+07 -4.34381e-06
-1.64038e+07 -4.34987e-06
-1.64266e+07 -4.35593e-06
-1.64495e+07 -4.36199e-06
-1.64723e+07 -4.36805e-06
-1.64952e+07 -4.37411e-06
-1.6518e+07 -4.38016e-06
-1.65408e+07 -4.38622e-06
-1.65637e+07 -4.39228e-06
-1.65865e+07 -4.39833e-06
-1.66093e+07 -4.40438e-06
-1.66322e+07 -4.41044e-06
-1.6655e+07 -4.41649e-06
-1.66778e+07 -4.42254e-06
-1.67006e+07 -4.4286e-06
-1.67235e+07 -4.43465e-06
-1.67463e+07 -4.4407e-06
-1.67691e+07 -4.44674e-06
-1.67919e+07 -4.45279e-06
-1.68147e+07 -4.45884e-06
-1.68375e+07 -4.46489e-06
-1.68603e+07 -4.47094e-06
-1.68831e+07 -4.47698e-06
-1.69059e+07 -4.48302e-06
-1.69287e+07 -4.48907e-06
-1.69515e+07 -4.49511e-06
-1.69743e+07 -4.50116e-06
-1.69971e+07 -4.5072e-06
-1.70199e+07 -4.51324e-06
-1.70426e+07 -4.51928e-06
-1.70654e+07 -4.52532e-06
-1.70882e+07 -4.53136e-06
-1.7111e+07 -4.5374e-06
-1.71337e+07 -4.54344e-06
-1.71565e+07 -4.54948e-06
-1.71793e+07 -4.55552e-06
-1.7202e+07 -4.56155e-06
-1.72248e+07 -4.56759e-06
-1.72476e+07 -4.57362e-06
-1.72703e+07 -4.57966e-06
-1.72931e+07 -4.58569e-06
-1.73158e+07 -4.59172e-06
-1.73386e+07 -4.59775e-06
-1.73613e+07 -4.60379e-06
-1.73841e+07 -4.60982e-06
-1.74068e+07 -4.61585e-06
-1.74295e+07 -4.62188e-06
-1.74523e+07 -4.62791e-06
-1.7475e+07 -4.63393e-06
-1.74977e+07 -4.63996e-06
-1.75205e+07 -4.64599e-06
-1.75432e+07 -4.65201e-06
-1.75659e+07 -4.65804e-06
-1.75886e+07 -4.66406e-06
-1.76113e+07 -4.67009e-06
-1.76341e+07 -4.67611e-06
-1.76568e+07 -4.68213e-06
-1.76795e+07 -4.68816e-06
-1.77022e+07 -4.69418e-06
-1.77249e+07 -4.7002e-06
-1.77476e+07 -4.70622e-06
-1.77703e+07 -4.71224e-06
-1.7793e+07 -4.71826e-06
-1.78157e+07 -4.72428e-06
-1.78384e+07 -4.73029e-06
-1.78611e+07 -4.73631e-06
-1.78838e+07 -4.74232e-06
-1.79064e+07 -4.74834e-06
-1.79291e+07 -4.75435e-06
-1.79518e+07 -4.76037e-06
-1.79745e+07 -4.76638e-06
-1.79971e+07 -4.7724e-06
-1.80198e+07 -4.77841e-06
-1.80425e+07 -4.78442e-06
-1.80652e+07 -4.79043e-06
-1.80878e+07 -4.79644e-06
-1.81105e+07 -4.80245e-06
-1.81331e+07 -4.80846e-06
-1.81558e+07 -4.81446e-06
-1.81784e+07 -4.82047e-06
-1.82011e+07 -4.82648e-06
-1.82237e+07 -4.83248e-06
-1.82464e+07 -4.83849e-06
-1.8269e+07 -4.84449e-06
-1.82917e+07 -4.8505e-06
-1.83143e+07 -4.8565e-06
-1.83369e+07 -4.8625e-06
-1.83596e+07 -4.8685e-06
-1.83822e+07 -4.8745e-06
-1.84048e+07 -4.8805e-06
-1.84275e+07 -4.8865e-06
-1.84501e+07 -4.8925e-06
-1.84727e+07 -4.8985e-06
-1.84953e+07 -4.9045e-06
-1.85179e+07 -4.9105e-06
-1.85405e+07 -4.91649e-06
-1.85632e+07 -4.92249e-06
-1.85858e+07 -4.92848e-06
-1.86084e+07 -4.93447e-06
-1.8631e+07 -4.94047e-06
-1.86536e+07 -4.94646e-06
-1.86762e+07 -4.95245e-06
-1.86988e+07 -4.95844e-06
-1.87214e+07 -4.96444e-06
-1.87439e+07 -4.97043e-06
-1.87665e+07 -4.97642e-06
-1.87891e+07 -4.9824e-06
-1.88117e+07 -4.98839e-06
-1.88343e+07 -4.99438e-06
-1.88568e+07 -5.00036e-06
-1.88794e+07 -5.00635e-06
-1.8902e+07 -5.01234e-06
-1.89246e+07 -5.01832e-06
-1.89471e+07 -5.02431e-06
-1.89697e+07 -5.03029e-06
-1.89922e+07 -5.03627e-06
-1.90148e+07 -5.04225e-06
-1.90374e+07 -5.04823e-06
-1.90599e+07 -5.05422e-06
-1.90825e+07 -5.06019e-06
-1.9105e+07 -5.06617e-06
-1.91276e+07 -5.07215e-06
-1.91501e+07 -5.07813e-06
-1.91726e+07 -5.08411e-06
-1.91952e+07 -5.09008e-06
-1.92177e+07 -5.09606e-06
-1.92402e+07 -5.10203e-06
-1.92628e+07 -5.10801e-06
-1.92853e+07 -5.11398e-06
-1.93078e+07 -5.11996e-06
-1.93304e+07 -5.12593e-06
-1.93529e+07 -5.1319e-06
-1.93754e+07 -5.13787e-06
-1.93979e+07 -5.14384e-06
-1.94204e+07 -5.14981e-06
-1.94429e+07 -5.15578e-06
-1.94654e+07 -5.16175e-06
-1.94879e+07 -5.16771e-06
-1.95104e+07 -5.17368e-06
-1.95329e+07 -5.17965e-06
-1.95554e+07 -5.18561e-06
-1.95779e+07 -5.19158e-06
-1.96004e+07 -5.19754e-06
-1.96229e+07 -5.2035e-06
-1.96454e+07 -5.20947e-06
-1.96679e+07 -5.21543e-06
-1.96904e+07 -5.22139e-06
-1.97128e+07 -5.22735e-06
-1.97353e+07 -5.23331e-06
-1.97578e+07 -5.23927e-06
-1.97803e+07 -5.24523e-06
-1.98027e+07 -5.25119e-06
-1.98252e+07 -5.25715e-06
-1.98476e+07 -5.2631e-06
-1.98701e+07 -5.26906e-06
-1.98926e+07 -5.27501e-06
-1.9915e+07 -5.28097e-06
-1.99375e+07 -5.28692e-06
-1.99599e+07 -5.29288e-06
-1.99824e+07 -5.29883e-06
-2.00048e+07 -5.30478e-06
-2.00273e+07 -5.31073e-06
-2.00497e+07 -5.31668e-06
-2.00721e+07 -5.32263e-06
-2.00946e+07 -5.32858e-06
-2.0117e+07 -5.33453e-06
-2.01341e+07 -5.33906e-06
-2.01415e+07 -5.34104e-06
-2.0149e+07 -5.34302e-06
-2.01565e+07 -5.345e-06
-2.01639e+07 -5.34697e-06
-2.01714e+07 -5.34895e-06
-2.01789e+07 -5.35093e-06
-2.01863e+07 -5.35291e-06
-2.01895e+07 -5.35374e-06
-2.01856e+07 -5.35271e-06
-2.01817e+07 -5.35168e-06
-2.01778e+07 -5.35064e-06
-2.01739e+07 -5.34961e-06
-2.017e+07 -5.34858e-06
-2.01661e+07 -5.34755e-06
-2.01622e+07 -5.34652e-06
-2.01583e+07 -5.34549e-06
-2.01544e+07 -5.34446e-06
-2.01506e+07 -5.34343e-06
-2.01467e+07 -5.34239e-06
-2.01428e+07 -5.34136e-06
-2.01389e+07 -5.34033e-06
-2.0135e+07 -5.3393e-06
-2.01311e+07 -5.33827e-06
-2.01272e+07 -5.33724e-06
-2.01233e+07 -5.33621e-06
-2.01195e+07 -5.33518e-06
-2.01156e+07 -5.33415e-06
-2.01117e+07 -5.33312e-06
-2.01078e+07 -5.33209e-06
-2.01039e+07 -5.33106e-06
-2.01e+07 -5.33003e-06
-2.00961e+07 -5.329e-06
-2.00923e+07 -5.32797e-06
-2.00884e+07 -5.32694e-06
-2.00845e+07 -5.32591e-06
-2.00806e+07 -5.32488e-06
-2.00767e+07 -5.32385e-06
-2.00728e+07 -5.32282e-06
-2.0069e+07 -5.32179e-06
-2.00651e+07 -5.32075e-06
-2.00612e+07 -5.31973e-06
-2.00573e+07 -5.3187e-06
-2.00534e+07 -5.31767e-06
-2.00495e+07 -5.31664e-06
-2.00457e+07 -5.31561e-06
-2.00418e+07 -5.31458e-06
-2.00379e+07 -5.31355e-06
-2.0034e+07 -5.31252e-06
-2.00301e+07 -5.31149e-06
-2.00262e+07 -5.31046e-06
-2.00224e+07 -5.30943e-06
-2.00185e+07 -5.30841e-06
-2.00146e+07 -5.30737e-06
-2.00107e+07 -5.30635e-06
-2.00069e+07 -5.30532e-06
-2.0003e+07 -5.30429e-06
-1.99991e+07 -5.30326e-06
-1.99952e+07 -5.30223e-06
-1.99913e+07 -5.3012e-06
-1.99875e+07 -5.30017e-06
-1.99836e+07 -5.29915e-06
-1.99797e+07 -5.29812e-06
-1.99758e+07 -5.29709e-06
-1.99719e+07 -5.29606e-06
-1.99681e+07 -5.29503e-06
-1.99642e+07 -5.29401e-06
-1.99603e+07 -5.29298e-06
-1.99564e+07 -5.29195e-06
-1.99526e+07 -5.29092e-06
-1.99487e+07 -5.28989e-06
-1.99448e+07 -5.28886e-06
-1.99409e+07 -5.28784e-06
-1.99371e+07 -5.28681e-06
-1.99332e+07 -5.28578e-06
-1.99293e+07 -5.28476e-06
-1.99254e+07 -5.28373e-06
-1.99216e+07 -5.2827e-06
-1.99177e+07 -5.28167e-06
-1.99138e+07 -5.28064e-06
-1.99099e+07 -5.27962e-06
-1.99061e+07 -5.27859e-06
-1.99022e+07 -5.27756e-06
-1.98983e+07 -5.27654e-06
-1.98944e+07 -5.27551e-06
-1.98906e+07 -5.27449e-06
-1.98867e+07 -5.27346e-06
-1.98828e+07 -5.27243e-06
-1.9879e+07 -5.2714e-06
-1.98751e+07 -5.27038e-06
-1.98712e+07 -5.26935e-06
-1.98673e+07 -5.26833e-06
-1.98635e+07 -5.2673e-06
-1.98596e+07 -5.26627e-06
-1.98557e+07 -5.26525e-06
-1.98519e+07 -5.26422e-06
-1.9848e+07 -5.26319e-06
-1.98441e+07 -5.26217e-06
-1.98403e+07 -5.26114e-06
-1.98364e+07 -5.26011e-06
-1.98325e+07 -5.25909e-06
-1.98286e+07 -5.25806e-06
-1.98248e+07 -5.25704e-06
-1.98209e+07 -5.25601e-06
-1.9817e+07 -5.25499e-06
-1.98132e+07 -5.25396e-06
-1.98093e+07 -5.25294e-06
-1.98054e+07 -5.25191e-06
-1.98016e+07 -5.25088e-06
-1.97977e+07 -5.24986e-06
-1.97938e+07 -5.24883e-06
-1.979e+07 -5.24781e-06
-1.97861e+07 -5.24678e-06
-1.97822e+07 -5.24576e-06
-1.97784e+07 -5.24474e-06
-1.97745e+07 -5.24371e-06
-1.97707e+07 -5.24269e-06
-1.97668e+07 -5.24166e-06
-1.97629e+07 -5.24063e-06
-1.97591e+07 -5.23961e-06
-1.97552e+07 -5.23859e-06
-1.97513e+07 -5.23756e-06
-1.97475e+07 -5.23654e-06
-1.97436e+07 -5.23551e-06
-1.97397e+07 -5.23449e-06
-1.97359e+07 -5.23347e-06
-1.9732e+07 -5.23244e-06
-1.97282e+07 -5.23141e-06
-1.97243e+07 -5.23039e-06
-1.97204e+07 -5.22936e-06
-1.97166e+07 -5.22834e-06
-1.97127e+07 -5.22732e-06
-1.97089e+07 -5.2263e-06
-1.9705e+07 -5.22527e-06
-1.97011e+07 -5.22425e-06
-1.96973e+07 -5.22323e-06
-1.96934e+07 -5.2222e-06
-1.96895e+07 -5.22118e-06
-1.96857e+07 -5.22015e-06
-1.96818e+07 -5.21913e-06
-1.9678e+07 -5.21811e-06
-1.96741e+07 -5.21708e-06
-1.96703e+07 -5.21606e-06
-1.96664e+07 -5.21504e-06
-1.96625e+07 -5.21402e-06
-1.96587e+07 -5.21299e-06
-1.96548e+07 -5.21196e-06
-1.9651e+07 -5.21094e-06
-1.96471e+07 -5.20992e-06
-1.96432e+07 -5.2089e-06
-1.96394e+07 -5.20788e-06
-1.96355e+07 -5.20686e-06
-1.96317e+07 -5.20583e-06
-1.96278e+07 -5.20481e-06
-1.9624e+07 -5.20379e-06
-1.96201e+07 -5.20276e-06
-1.96163e+07 -5.20174e-06
-1.96124e+07 -5.20072e-06
-1.96085e+07 -5.1997e-06
-1.96047e+07 -5.19868e-06
-1.96008e+07 -5.19765e-06
-1.9597e+07 -5.19663e-06
-1.95931e+07 -5.19561e-06
-1.95893e+07 -5.19459e-06
-1.95854e+07 -5.19357e-06
-1.95816e+07 -5.19254e-06
-1.95777e+07 -5.19152e-06
-1.95739e+07 -5.1905e-06
-1.957e+07 -5.18948e-06
-1.95662e+07 -5.18846e-06
-1.95623e+07 -5.18744e-06
-1.95585e+07 -5.18642e-06
-1.95546e+07 -5.18539e-06
-1.95508e+07 -5.18437e-06
-1.95469e+07 -5.18335e-06
-1.95431e+07 -5.18233e-06
-1.95392e+07 -5.18131e-06
-1.95354e+07 -5.18029e-06
-1.95315e+07 -5.17927e-06
-1.95276e+07 -5.17825e-06
-1.95238e+07 -5.17723e-06
-1.952e+07 -5.17621e-06
-1.95161e+07 -5.17519e-06
-1.95123e+07 -5.17417e-06
-1.95084e+07 -5.17314e-06
-1.95046e+07 -5.17212e-06
-1.95007e+07 -5.1711e-06
-1.94969e+07 -5.17008e-06
-1.9493e+07 -5.16906e-06
-1.94892e+07 -5.16804e-06
-1.94853e+07 -5.16702e-06
-1.94815e+07 -5.166e-06
-1.94776e+07 -5.16498e-06
-1.94738e+07 -5.16396e-06
-1.94699e+07 -5.16294e-06
-1.94661e+07 -5.16192e-06
-1.94622e+07 -5.1609e-06
-1.94584e+07 -5.15988e-06
-1.94546e+07 -5.15886e-06
-1.94507e+07 -5.15785e-06
-1.94469e+07 -5.15683e-06
-1.9443e+07 -5.15581e-06
-1.94392e+07 -5.15479e-06
-1.94353e+07 -5.15377e-06
-1.94315e+07 -5.15275e-06
-1.94277e+07 -5.15173e-06
-1.94238e+07 -5.15071e-06
-1.942e+07 -5.14969e-06
-1.94161e+07 -5.14867e-06
-1.94123e+07 -5.14765e-06
-1.94084e+07 -5.14664e-06
-1.94046e+07 -5.14562e-06
-1.94007e+07 -5.14459e-06
-1.93969e+07 -5.14358e-06
-1.93931e+07 -5.14256e-06
-1.93892e+07 -5.14154e-06
-1.93854e+07 -5.14052e-06
-1.93815e+07 -5.1395e-06
-1.93777e+07 -5.13849e-06
-1.93739e+07 -5.13747e-06
-1.937e+07 -5.13645e-06
-1.93662e+07 -5.13543e-06
-1.93624e+07 -5.13441e-06
-1.93585e+07 -5.13339e-06
-1.93547e+07 -5.13238e-06
-1.93508e+07 -5.13136e-06
-1.9347e+07 -5.13034e-06
-1.93432e+07 -5.12932e-06
-1.93393e+07 -5.1283e-06
-1.93355e+07 -5.12729e-06
-1.93316e+07 -5.12627e-06
-1.93278e+07 -5.12525e-06
-1.9324e+07 -5.12423e-06
-1.93201e+07 -5.12322e-06
-1.93163e+07 -5.1222e-06
-1.93125e+07 -5.12118e-06
-1.93086e+07 -5.12017e-06
-1.93048e+07 -5.11915e-06
-1.9301e+07 -5.11813e-06
-1.92971e+07 -5.11712e-06
-1.92933e+07 -5.1161e-06
-1.92894e+07 -5.11508e-06
-1.92856e+07 -5.11406e-06
-1.92818e+07 -5.11305e-06
-1.92779e+07 -5.11203e-06
-1.92741e+07 -5.11101e-06
-1.92703e+07 -5.11e-06
-1.92664e+07 -5.10898e-06
-1.92626e+07 -5.10797e-06
-1.92588e+07 -5.10695e-06
-1.9255e+07 -5.10593e-06
-1.92511e+07 -5.10492e-06
-1.92473e+07 -5.1039e-06
-1.92435e+07 -5.10288e-06
-1.92396e+07 -5.10187e-06
-1.92358e+07 -5.10085e-06
-1.9232e+07 -5.09984e-06
-1.92281e+07 -5.09882e-06
-1.92243e+07 -5.0978e-06
-1.92205e+07 -5.09679e-06
-1.92166e+07 -5.09577e-06
-1.92128e+07 -5.09476e-06
-1.9209e+07 -5.09374e-06
-1.92052e+07 -5.09273e-06
-1.92013e+07 -5.09171e-06
-1.91975e+07 -5.0907e-06
-1.91937e+07 -5.08968e-06
-1.91898e+07 -5.08867e-06
-1.9186e+07 -5.08765e-06
-1.91822e+07 -5.08664e-06
-1.91784e+07 -5.08562e-06
-1.91745e+07 -5.08461e-06
-1.91707e+07 -5.08359e-06
-1.91669e+07 -5.08258e-06
-1.91631e+07 -5.08156e-06
-1.91592e+07 -5.08055e-06
-1.91554e+07 -5.07953e-06
-1.91516e+07 -5.07852e-06
-1.91477e+07 -5.0775e-06
-1.91439e+07 -5.07649e-06
-1.91401e+07 -5.07547e-06
-1.91363e+07 -5.07446e-06
-1.91324e+07 -5.07345e-06
-1.91286e+07 -5.07243e-06
-1.91248e+07 -5.07142e-06
-1.9121e+07 -5.0704e-06
-1.91171e+07 -5.06939e-06
-1.91133e+07 -5.06838e-06
-1.91095e+07 -5.06736e-06
-1.91057e+07 -5.06635e-06
-1.91018e+07 -5.06533e-06
-1.9098e+07 -5.06432e-06
-1.90942e+07 -5.06331e-06
-1.90904e+07 -5.0623e-06
-1.90866e+07 -5.06128e-06
-1.90827e+07 -5.06027e-06
-1.90789e+07 -5.05926e-06
-1.90751e+07 -5.05824e-06
-1.90713e+07 -5.05723e-06
-1.90675e+07 -5.05621e-06
-1.90636e+07 -5.0552e-06
-1.90598e+07 -5.05419e-06
-1.9056e+07 -5.05318e-06
-1.90522e+07 -5.05216e-06
-1.90484e+07 -5.05115e-06
-1.90445e+07 -5.05014e-06
-1.90407e+07 -5.04913e-06
-1.90369e+07 -5.04811e-06
-1.90331e+07 -5.0471e-06
-1.90293e+07 -5.04609e-06
-1.90255e+07 -5.04508e-06
-1.90216e+07 -5.04406e-06
-1.90178e+07 -5.04305e-06
-1.9014e+07 -5.04204e-06
-1.90102e+07 -5.04102e-06
-1.90064e+07 -5.04001e-06
-1.90025e+07 -5.039e-06
-1.89987e+07 -5.03799e-06
-1.89949e+07 -5.03698e-06
-1.89911e+07 -5.03597e-06
-1.89873e+07 -5.03495e-06
-1.89835e+07 -5.03394e-06
-1.89797e+07 -5.03293e-06
-1.89758e+07 -5.03192e-06
-1.8972e+07 -5.03091e-06
-1.89682e+07 -5.0299e-06
-1.89644e+07 -5.02889e-06
-1.89606e+07 -5.02787e-06
-1.89568e+07 -5.02686e-06
-1.8953e+07 -5.02585e-06
-1.89491e+07 -5.02484e-06
-1.89453e+07 -5.02383e-06
-1.89415e+07 -5.02282e-06
-1.89377e+07 -5.02181e-06
-1.89339e+07 -5.0208e-06
-1.89301e+07 -5.01979e-06
-1.89263e+07 -5.01878e-06
-1.89225e+07 -5.01776e-06
-1.89186e+07 -5.01675e-06
-1.89148e+07 -5.01574e-06
-1.8911e+07 -5.01473e-06
-1.89072e+07 -5.01372e-06
-1.89034e+07 -5.01271e-06
-1.88996e+07 -5.0117e-06
-1.88958e+07 -5.01069e-06
-1.8892e+07 -5.00968e-06
-1.88882e+07 -5.00867e-06
-1.88844e+07 -5.00766e-06
-1.88805e+07 -5.00665e-06
-1.88767e+07 -5.00564e-06
-1.88729e+07 -5.00463e-06
-1.88691e+07 -5.00362e-06
-1.88653e+07 -5.00261e-06
-1.88615e+07 -5.00161e-06
-1.88577e+07 -5.0006e-06
-1.88539e+07 -4.99959e-06
-1.88501e+07 -4.99857e-06
-1.88463e+07 -4.99756e-06
-1.88425e+07 -4.99656e-06
-1.88387e+07 -4.99555e-06
-1.88349e+07 -4.99454e-06
-1.88311e+07 -4.99353e-06
-1.88273e+07 -4.99252e-06
-1.88235e+07 -4.99151e-06
-1.88196e+07 -4.9905e-06
-1.88158e+07 -4.98949e-06
-1.8812e+07 -4.98848e-06
-1.88082e+07 -4.98748e-06
-1.88044e+07 -4.98647e-06
-1.88006e+07 -4.98546e-06
-1.87968e+07 -4.98445e-06
-1.8793e+07 -4.98344e-06
-1.87892e+07 -4.98243e-06
-1.87854e+07 -4.98142e-06
-1.87816e+07 -4.98042e-06
-1.87778e+07 -4.97941e-06
-1.8774e+07 -4.9784e-06
-1.87702e+07 -4.97739e-06
-1.87664e+07 -4.97638e-06
-1.87626e+07 -4.97537e-06
-1.87588e+07 -4.97437e-06
-1.8755e+07 -4.97336e-06
-1.87512e+07 -4.97235e-06
-1.87474e+07 -4.97134e-06
-1.87436e+07 -4.97034e-06
-1.87398e+07 -4.96933e-06
-1.8736e+07 -4.96832e-06
-1.87322e+07 -4.96731e-06
-1.87284e+07 -4.9663e-06
-1.87246e+07 -4.9653e-06
-1.87208e+07 -4.96429e-06
-1.8717e+07 -4.96328e-06
-1.87132e+07 -4.96228e-06
-1.87094e+07 -4.96127e-06
-1.87056e+07 -4.96026e-06
-1.87018e+07 -4.95925e-06
-1.8698e+07 -4.95825e-06
-1.86942e+07 -4.95724e-06
-1.86904e+07 -4.95624e-06
-1.86866e+07 -4.95523e-06
-1.86828e+07 -4.95422e-06
-1.8679e+07 -4.95322e-06
-1.86752e+07 -4.95221e-06
-1.86715e+07 -4.9512e-06
-1.86676e+07 -4.95019e-06
-1.86639e+07 -4.94919e-06
-1.86601e+07 -4.94818e-06
-1.86563e+07 -4.94718e-06
-1.86525e+07 -4.94617e-06
-1.86487e+07 -4.94516e-06
-1.86449e+07 -4.94416e-06
-1.86411e+07 -4.94315e-06
-1.86373e+07 -4.94215e-06
-1.86335e+07 -4.94114e-06
-1.86297e+07 -4.94014e-06
-1.86259e+07 -4.93913e-06
-1.86221e+07 -4.93812e-06
-1.86183e+07 -4.93712e-06
-1.86145e+07 -4.93611e-06
-1.86108e+07 -4.93511e-06
-1.8607e+07 -4.9341e-06
-1.86032e+07 -4.9331e-06
-1.85994e+07 -4.93209e-06
-1.85956e+07 -4.93108e-06
-1.85918e+07 -4.93008e-06
-1.8588e+07 -4.92907e-06
-1.85842e+07 -4.92807e-06
-1.85804e+07 -4.92707e-06
-1.85766e+07 -4.92606e-06
-1.85728e+07 -4.92506e-06
-1.85691e+07 -4.92405e-06
-1.85653e+07 -4.92305e-06
-1.85615e+07 -4.92204e-06
-1.85577e+07 -4.92104e-06
-1.85539e+07 -4.92003e-06
-1.85501e+07 -4.91903e-06
-1.85463e+07 -4.91803e-06
-1.85425e+07 -4.91702e-06
-1.85388e+07 -4.91602e-06
-1.8535e+07 -4.91501e-06
-1.85312e+07 -4.91401e-06
-1.85274e+07 -4.91301e-06
-1.85236e+07 -4.912e-06
-1.85198e+07 -4.911e-06
-1.8516e+07 -4.90999e-06
-1.85123e+07 -4.90899e-06
-1.85085e+07 -4.90799e-06
-1.85047e+07 -4.90698e-06
-1.85009e+07 -4.90598e-06
-1.84971e+07 -4.90498e-06
-1.84933e+07 -4.90398e-06
-1.84896e+07 -4.90297e-06
-1.84858e+07 -4.90196e-06
-1.8482e+07 -4.90096e-06
-1.84782e+07 -4.89996e-06
-1.84744e+07 -4.89896e-06
-1.84706e+07 -4.89795e-06
-1.84669e+07 -4.89695e-06
-1.84631e+07 -4.89595e-06
-1.84593e+07 -4.89495e-06
-1.84555e+07 -4.89394e-06
-1.84517e+07 -4.89294e-06
-1.84479e+07 -4.89194e-06
-1.84442e+07 -4.89093e-06
-1.84404e+07 -4.88993e-06
-1.84366e+07 -4.88893e-06
-1.84328e+07 -4.88793e-06
-1.8429e+07 -4.88692e-06
-1.84253e+07 -4.88592e-06
-1.84215e+07 -4.88492e-06
-1.84177e+07 -4.88392e-06
-1.84139e+07 -4.88291e-06
-1.84101e+07 -4.88191e-06
-1.84064e+07 -4.88091e-06
-1.84026e+07 -4.87991e-06
-1.83988e+07 -4.87891e-06
-1.8395e+07 -4.87791e-06
-1.83913e+07 -4.8769e-06
-1.83875e+07 -4.8759e-06
-1.83837e+07 -4.8749e-06
-1.83799e+07 -4.8739e-06
-1.83762e+07 -4.8729e-06
-1.83724e+07 -4.87189e-06
-1.83686e+07 -4.87089e-06
-1.83648e+07 -4.86989e-06
-1.8361e+07 -4.86889e-06
-1.83573e+07 -4.86789e-06
-1.83535e+07 -4.86689e-06
-1.83497e+07 -4.86589e-06
-1.8346e+07 -4.86489e-06
-1.83422e+07 -4.86389e-06
-1.83384e+07 -4.86289e-06
-1.83346e+07 -4.86189e-06
-1.83308e+07 -4.86088e-06
-1.83271e+07 -4.85988e-06
-1.83233e+07 -4.85888e-06
-1.83195e+07 -4.85788e-06
-1.83158e+07 -4.85688e-06
-1.8312e+07 -4.85588e-06
-1.83082e+07 -4.85488e-06
-1.83044e+07 -4.85388e-06
-1.83007e+07 -4.85288e-06
-1.82969e+07 -4.85188e-06
-1.82931e+07 -4.85088e-06
-1.82894e+07 -4.84988e-06
-1.82856e+07 -4.84888e-06
-1.82818e+07 -4.84788e-06
-1.8278e+07 -4.84688e-06
-1.82743e+07 -4.84588e-06
-1.82705e+07 -4.84488e-06
-1.82667e+07 -4.84388e-06
-1.8263e+07 -4.84288e-06
-1.82592e+07 -4.84188e-06
-1.82554e+07 -4.84088e-06
-1.82517e+07 -4.83989e-06
-1.82479e+07 -4.83889e-06
-1.82441e+07 -4.83789e-06
-1.82404e+07 -4.83689e-06
-1.82366e+07 -4.83589e-06
-1.82328e+07 -4.83489e-06
-1.82291e+07 -4.83389e-06
-1.82253e+07 -4.83289e-06
-1.82215e+07 -4.8319e-06
-1.82178e+07 -4.8309e-06
-1.8214e+07 -4.8299e-06
-1.82102e+07 -4.8289e-06
-1.82065e+07 -4.8279e-06
-1.82027e+07 -4.8269e-06
-1.81989e+07 -4.8259e-06
-1.81952e+07 -4.8249e-06
-1.81914e+07 -4.8239e-06
-1.81876e+07 -4.82291e-06
-1.81839e+07 -4.82191e-06
-1.81801e+07 -4.82091e-06
-1.81763e+07 -4.81991e-06
-1.81726e+07 -4.81892e-06
-1.81688e+07 -4.81792e-06
-1.81651e+07 -4.81692e-06
-1.81613e+07 -4.81592e-06
-1.81575e+07 -4.81492e-06
-1.81538e+07 -4.81393e-06
-1.815e+07 -4.81293e-06
-1.81462e+07 -4.81193e-06
-1.81425e+07 -4.81093e-06
-1.81387e+07 -4.80994e-06
-1.8135e+07 -4.80894e-06
-1.81312e+07 -4.80794e-06
-1.81274e+07 -4.80694e-06
-1.81237e+07 -4.80595e-06
-1.81199e+07 -4.80495e-06
-1.81162e+07 -4.80395e-06
-1.81124e+07 -4.80296e-06
-1.81086e+07 -4.80196e-06
-1.81049e+07 -4.80096e-06
-1.81011e+07 -4.79997e-06
-1.80974e+07 -4.79897e-06
-1.80936e+07 -4.79797e-06
-1.80898e+07 -4.79698e-06
-1.80861e+07 -4.79598e-06
-1.80823e+07 -4.79498e-06
-1.80786e+07 -4.79399e-06
-1.80748e+07 -4.79299e-06
-1.80711e+07 -4.79199e-06
-1.80673e+07 -4.791e-06
-1.80636e+07 -4.79e-06
-1.80598e+07 -4.78901e-06
-1.8056e+07 -4.78801e-06
-1.80523e+07 -4.78701e-06
-1.80485e+07 -4.78602e-06
-1.80448e+07 -4.78502e-06
-1.8041e+07 -4.78403e-06
-1.80373e+07 -4.78303e-06
-1.80335e+07 -4.78203e-06
-1.80298e+07 -4.78104e-06
-1.8026e+07 -4.78004e-06
-1.80222e+07 -4.77905e-06
-1.80185e+07 -4.77805e-06
-1.80147e+07 -4.77706e-06
-1.8011e+07 -4.77606e-06
-1.80072e+07 -4.77507e-06
-1.80035e+07 -4.77407e-06
-1.79997e+07 -4.77308e-06
-1.7996e+07 -4.77208e-06
-1.79922e+07 -4.77109e-06
-1.79885e+07 -4.77009e-06
-1.79847e+07 -4.7691e-06
-1.7981e+07 -4.7681e-06
-1.79772e+07 -4.76711e-06
-1.79735e+07 -4.76611e-06
-1.79697e+07 -4.76512e-06
-1.7966e+07 -4.76413e-06
-1.79622e+07 -4.76313e-06
-1.79585e+07 -4.76214e-06
-1.79547e+07 -4.76114e-06
-1.7951e+07 -4.76015e-06
-1.79472e+07 -4.75915e-06
-1.79435e+07 -4.75816e-06
-1.79397e+07 -4.75717e-06
-1.7936e+07 -4.75617e-06
-1.79322e+07 -4.75518e-06
-1.79285e+07 -4.75418e-06
-1.79247e+07 -4.75319e-06
-1.7921e+07 -4.7522e-06
-1.79172e+07 -4.7512e-06
-1.79135e+07 -4.75021e-06
-1.79097e+07 -4.74922e-06
-1.7906e+07 -4.74822e-06
-1.79022e+07 -4.74723e-06
-1.78985e+07 -4.74623e-06
-1.78948e+07 -4.74524e-06
-1.7891e+07 -4.74425e-06
-1.78873e+07 -4.74326e-06
-1.78835e+07 -4.74226e-06
-1.78798e+07 -4.74127e-06
-1.7876e+07 -4.74028e-06
-1.78723e+07 -4.73928e-06
-1.78685e+07 -4.73829e-06
-1.78648e+07 -4.7373e-06
-1.7861e+07 -4.73631e-06
-1.78573e+07 -4.73531e-06
-1.78536e+07 -4.73432e-06
-1.78498e+07 -4.73333e-06
-1.78461e+07 -4.73234e-06
-1.78423e+07 -4.73134e-06
-1.78386e+07 -4.73035e-06
-1.78349e+07 -4.72936e-06
-1.78311e+07 -4.72837e-06
-1.78274e+07 -4.72738e-06
-1.78236e+07 -4.72638e-06
-1.78199e+07 -4.72539e-06
-1.78162e+07 -4.7244e-06
-1.78124e+07 -4.72341e-06
-1.78087e+07 -4.72242e-06
-1.78049e+07 -4.72142e-06
-1.78012e+07 -4.72043e-06
-1.77975e+07 -4.71944e-06
-1.77937e+07 -4.71845e-06
-1.779e+07 -4.71746e-06
-1.77862e+07 -4.71647e-06
-1.77825e+07 -4.71548e-06
-1.77788e+07 -4.71448e-06
-1.7775e+07 -4.71349e-06
-1.77713e+07 -4.7125e-06
-1.77676e+07 -4.71151e-06
-1.77638e+07 -4.71052e-06
-1.77601e+07 -4.70953e-06
-1.77563e+07 -4.70854e-06
-1.77526e+07 -4.70755e-06
-1.77489e+07 -4.70656e-06
-1.77451e+07 -4.70557e-06
-1.77414e+07 -4.70458e-06
-1.77377e+07 -4.70358e-06
-1.77339e+07 -4.70259e-06
-1.77302e+07 -4.7016e-06
-1.77264e+07 -4.70061e-06
-1.77227e+07 -4.69962e-06
-1.7719e+07 -4.69863e-06
-1.77153e+07 -4.69765e-06
-1.77115e+07 -4.69665e-06
-1.77078e+07 -4.69566e-06
-1.7704e+07 -4.69467e-06
-1.77003e+07 -4.69368e-06
-1.76966e+07 -4.69269e-06
-1.76928e+07 -4.6917e-06
-1.76891e+07 -4.69071e-06
-1.76854e+07 -4.68972e-06
-1.76816e+07 -4.68873e-06
-1.76779e+07 -4.68774e-06
-1.76742e+07 -4.68676e-06
-1.76705e+07 -4.68577e-06
-1.76667e+07 -4.68478e-06
-1.7663e+07 -4.68379e-06
-1.76593e+07 -4.6828e-06
-1.76555e+07 -4.68181e-06
-1.76518e+07 -4.68082e-06
-1.76481e+07 -4.67983e-06
-1.76443e+07 -4.67884e-06
-1.76406e+07 -4.67786e-06
-1.76369e+07 -4.67686e-06
-1.76332e+07 -4.67588e-06
-1.76294e+07 -4.67489e-06
-1.76257e+07 -4.6739e-06
-1.7622e+07 -4.67291e-06
-1.76182e+07 -4.67192e-06
-1.76145e+07 -4.67093e-06
-1.76108e+07 -4.66994e-06
-1.76071e+07 -4.66896e-06
-1.76033e+07 -4.66797e-06
-1.75996e+07 -4.66698e-06
-1.75959e+07 -4.66599e-06
-1.75922e+07 -4.665e-06
-1.75884e+07 -4.66401e-06
-1.75847e+07 -4.66303e-06
-1.7581e+07 -4.66204e-06
-1.75773e+07 -4.66105e-06
-1.75735e+07 -4.66006e-06
-1.75698e+07 -4.65907e-06
-1.75661e+07 -4.65809e-06
-1.75624e+07 -4.6571e-06
-1.75586e+07 -4.65611e-06
-1.75549e+07 -4.65513e-06
-1.75512e+07 -4.65414e-06
-1.75475e+07 -4.65315e-06
-1.75438e+07 -4.65217e-06
-1.754e+07 -4.65118e-06
-1.75363e+07 -4.65019e-06
-1.75326e+07 -4.6492e-06
-1.75289e+07 -4.64822e-06
-1.75251e+07 -4.64723e-06
-1.75214e+07 -4.64624e-06
-1.75177e+07 -4.64526e-06
-1.7514e+07 -4.64427e-06
-1.75103e+07 -4.64328e-06
-1.75065e+07 -4.6423e-06
-1.75028e+07 -4.64131e-06
-1.74991e+07 -4.64033e-06
-1.74954e+07 -4.63934e-06
-1.74917e+07 -4.63835e-06
-1.74879e+07 -4.63736e-06
-1.74842e+07 -4.63638e-06
-1.74805e+07 -4.63539e-06
-1.74768e+07 -4.63441e-06
-1.74731e+07 -4.63342e-06
-1.74693e+07 -4.63244e-06
-1.74656e+07 -4.63145e-06
-1.74619e+07 -4.63046e-06
-1.74582e+07 -4.62948e-06
-1.74545e+07 -4.62849e-06
-1.74508e+07 -4.62751e-06
-1.7447e+07 -4.62652e-06
-1.74433e+07 -4.62553e-06
-1.74396e+07 -4.62455e-06
-1.74359e+07 -4.62356e-06
-1.74322e+07 -4.62258e-06
-1.74285e+07 -4.62159e-06
-1.74248e+07 -4.62061e-06
-1.7421e+07 -4.61963e-06
-1.74173e+07 -4.61864e-06
-1.74136e+07 -4.61765e-06
-1.74099e+07 -4.61667e-06
-1.74062e+07 -4.61568e-06
-1.74025e+07 -4.6147e-06
-1.73988e+07 -4.61372e-06
-1.7395e+07 -4.61273e-06
-1.73913e+07 -4.61175e-06
-1.73876e+07 -4.61076e-06
-1.73839e+07 -4.60978e-06
-1.73802e+07 -4.60879e-06
-1.73765e+07 -4.60781e-06
-1.73728e+07 -4.60682e-06
-1.7369e+07 -4.60584e-06
-1.73653e+07 -4.60485e-06
-1.73616e+07 -4.60387e-06
-1.73579e+07 -4.60289e-06
-1.73542e+07 -4.6019e-06
-1.73505e+07 -4.60092e-06
-1.73468e+07 -4.59993e-06
-1.73431e+07 -4.59895e-06
-1.73394e+07 -4.59797e-06
-1.73357e+07 -4.59698e-06
-1.73319e+07 -4.596e-06
-1.73282e+07 -4.59502e-06
-1.73245e+07 -4.59403e-06
-1.73208e+07 -4.59305e-06
-1.73171e+07 -4.59207e-06
-1.73134e+07 -4.59108e-06
-1.73097e+07 -4.5901e-06
-1.7306e+07 -4.58911e-06
-1.73023e+07 -4.58813e-06
-1.72986e+07 -4.58715e-06
-1.72949e+07 -4.58617e-06
-1.72912e+07 -4.58519e-06
-1.72874e+07 -4.5842e-06
-1.72838e+07 -4.58322e-06
-1.728e+07 -4.58224e-06
-1.72763e+07 -4.58125e-06
-1.72726e+07 -4.58027e-06
-1.72689e+07 -4.57929e-06
-1.72652e+07 -4.57831e-06
-1.72615e+07 -4.57732e-06
-1.72578e+07 -4.57634e-06
-1.72541e+07 -4.57536e-06
-1.72504e+07 -4.57438e-06
-1.72467e+07 -4.5734e-06
-1.7243e+07 -4.57242e-06
-1.72393e+07 -4.57143e-06
-1.72356e+07 -4.57045e-06
-1.72319e+07 -4.56947e-06
-1.72282e+07 -4.56848e-06
-1.72245e+07 -4.5675e-06
-1.72208e+07 -4.56652e-06
-1.72171e+07 -4.56554e-06
-1.72134e+07 -4.56456e-06
-1.72097e+07 -4.56358e-06
-1.7206e+07 -4.5626e-06
-1.72023e+07 -4.56162e-06
-1.71986e+07 -4.56063e-06
-1.71949e+07 -4.55965e-06
-1.71912e+07 -4.55867e-06
-1.71875e+07 -4.55769e-06
-1.71838e+07 -4.55671e-06
-1.71801e+07 -4.55573e-06
-1.71764e+07 -4.55475e-06
-1.71727e+07 -4.55377e-06
-1.7169e+07 -4.55279e-06
-1.71653e+07 -4.55181e-06
-1.71616e+07 -4.55083e-06
-1.71579e+07 -4.54985e-06
-1.71542e+07 -4.54887e-06
-1.71505e+07 -4.54788e-06
-1.71468e+07 -4.54691e-06
-1.71431e+07 -4.54593e-06
-1.71394e+07 -4.54494e-06
-1.71357e+07 -4.54396e-06
-1.7132e+07 -4.54299e-06
-1.71283e+07 -4.542e-06
-1.71246e+07 -4.54102e-06
-1.71209e+07 -4.54004e-06
-1.71172e+07 -4.53907e-06
-1.71135e+07 -4.53809e-06
-1.71099e+07 -4.53711e-06
-1.71061e+07 -4.53612e-06
-1.71025e+07 -4.53514e-06
-1.70988e+07 -4.53417e-06
-1.70951e+07 -4.53318e-06
-1.70914e+07 -4.5322e-06
-1.70877e+07 -4.53123e-06
-1.7084e+07 -4.53025e-06
-1.70803e+07 -4.52927e-06
-1.70766e+07 -4.52829e-06
-1.70729e+07 -4.52731e-06
-1.70692e+07 -4.52633e-06
-1.70655e+07 -4.52535e-06
-1.70618e+07 -4.52438e-06
-1.70581e+07 -4.52339e-06
-1.70545e+07 -4.52242e-06
-1.70508e+07 -4.52144e-06
-1.70471e+07 -4.52046e-06
-1.70434e+07 -4.51948e-06
-1.70397e+07 -4.5185e-06
-1.7036e+07 -4.51753e-06
-1.70323e+07 -4.51655e-06
-1.70286e+07 -4.51557e-06
-1.70249e+07 -4.51459e-06
-1.70212e+07 -4.51361e-06
-1.70176e+07 -4.51263e-06
-1.70139e+07 -4.51165e-06
-1.70102e+07 -4.51067e-06
-1.70065e+07 -4.5097e-06
-1.70028e+07 -4.50872e-06
-1.69991e+07 -4.50774e-06
-1.69954e+07 -4.50677e-06
-1.69918e+07 -4.50579e-06
-1.69881e+07 -4.50481e-06
-1.69844e+07 -4.50383e-06
-1.69807e+07 -4.50285e-06
-1.6977e+07 -4.50188e-06
-1.69733e+07 -4.5009e-06
-1.69696e+07 -4.49992e-06
-1.69659e+07 -4.49895e-06
-1.69623e+07 -4.49797e-06
-1.69586e+07 -4.49699e-06
-1.69549e+07 -4.49601e-06
-1.69512e+07 -4.49504e-06
-1.69475e+07 -4.49406e-06
-1.69438e+07 -4.49308e-06
-1.69402e+07 -4.49211e-06
-1.69365e+07 -4.49113e-06
-1.69328e+07 -4.49015e-06
-1.69291e+07 -4.48918e-06
-1.69254e+07 -4.4882e-06
-1.69217e+07 -4.48722e-06
-1.6918e+07 -4.48624e-06
-1.69144e+07 -4.48527e-06
-1.69107e+07 -4.48429e-06
-1.6907e+07 -4.48332e-06
-1.69033e+07 -4.48234e-06
-1.68996e+07 -4.48136e-06
-1.6896e+07 -4.48039e-06
-1.68923e+07 -4.47942e-06
-1.68886e+07 -4.47844e-06
-1.68849e+07 -4.47746e-06
-1.68812e+07 -4.47649e-06
-1.68776e+07 -4.47551e-06
-1.68739e+07 -4.47453e-06
-1.68702e+07 -4.47356e-06
-1.68665e+07 -4.47258e-06
-1.68629e+07 -4.47161e-06
-1.68592e+07 -4.47063e-06
-1.68555e+07 -4.46966e-06
-1.68518e+07 -4.46868e-06
-1.68481e+07 -4.46771e-06
-1.68445e+07 -4.46673e-06
-1.68408e+07 -4.46576e-06
-1.68371e+07 -4.46479e-06
-1.68334e+07 -4.46381e-06
-1.68298e+07 -4.46283e-06
-1.68261e+07 -4.46186e-06
-1.68224e+07 -4.46089e-06
-1.68187e+07 -4.45991e-06
-1.68151e+07 -4.45894e-06
-1.68114e+07 -4.45796e-06
-1.68077e+07 -4.45698e-06
-1.6804e+07 -4.45601e-06
-1.68004e+07 -4.45504e-06
-1.67967e+07 -4.45406e-06
-1.6793e+07 -4.45309e-06
-1.67893e+07 -4.45211e-06
-1.67857e+07 -4.45114e-06
-1.6782e+07 -4.45017e-06
-1.67783e+07 -4.44919e-06
-1.67746e+07 -4.44822e-06
-1.6771e+07 -4.44724e-06
-1.67673e+07 -4.44627e-06
-1.67636e+07 -4.4453e-06
-1.676e+07 -4.44432e-06
-1.67563e+07 -4.44335e-06
-1.67526e+07 -4.44238e-06
-1.6749e+07 -4.4414e-06
-1.67453e+07 -4.44043e-06
-1.67416e+07 -4.43946e-06
-1.67379e+07 -4.43848e-06
-1.67343e+07 -4.43751e-06
-1.67306e+07 -4.43654e-06
-1.67269e+07 -4.43556e-06
-1.67232e+07 -4.43459e-06
-1.67196e+07 -4.43362e-06
-1.67159e+07 -4.43264e-06
-1.67123e+07 -4.43167e-06
-1.67086e+07 -4.4307e-06
-1.67049e+07 -4.42973e-06
-1.67012e+07 -4.42875e-06
-1.66976e+07 -4.42778e-06
-1.66939e+07 -4.42681e-06
-1.66902e+07 -4.42584e-06
-1.66866e+07 -4.42486e-06
-1.66829e+07 -4.42389e-06
-1.66792e+07 -4.42292e-06
-1.66756e+07 -4.42195e-06
-1.66719e+07 -4.42098e-06
-1.66682e+07 -4.42e-06
-1.66646e+07 -4.41903e-06
-1.66609e+07 -4.41806e-06
-1.66572e+07 -4.41709e-06
-1.66536e+07 -4.41612e-06
-1.66499e+07 -4.41515e-06
-1.66463e+07 -4.41417e-06
-1.66426e+07 -4.4132e-06
-1.66389e+07 -4.41223e-06
-1.66353e+07 -4.41126e-06
-1.66316e+07 -4.41029e-06
-1.66279e+07 -4.40931e-06
-1.66243e+07 -4.40834e-06
-1.66206e+07 -4.40737e-06
-1.66169e+07 -4.4064e-06
-1.66133e+07 -4.40543e-06
-1.66096e+07 -4.40446e-06
-1.6606e+07 -4.40349e-06
-1.66023e+07 -4.40251e-06
-1.65986e+07 -4.40154e-06
-1.6595e+07 -4.40057e-06
-1.65913e+07 -4.3996e-06
-1.65876e+07 -4.39863e-06
-1.6584e+07 -4.39766e-06
-1.65803e+07 -4.39669e-06
-1.65767e+07 -4.39573e-06
-1.6573e+07 -4.39475e-06
-1.65694e+07 -4.39378e-06
-1.65657e+07 -4.39281e-06
-1.6562e+07 -4.39184e-06
-1.65584e+07 -4.39087e-06
-1.65547e+07 -4.3899e-06
-1.65511e+07 -4.38893e-06
-1.65474e+07 -4.38796e-06
-1.65437e+07 -4.38699e-06
-1.65401e+07 -4.38602e-06
-1.65364e+07 -4.38505e-06
-1.65328e+07 -4.38408e-06
-1.65291e+07 -4.38311e-06
-1.65255e+07 -4.38214e-06
-1.65218e+07 -4.38117e-06
-1.65182e+07 -4.38021e-06
-1.65145e+07 -4.37924e-06
-1.65109e+07 -4.37827e-06
-1.65072e+07 -4.3773e-06
-1.65035e+07 -4.37633e-06
-1.64999e+07 -4.37536e-06
-1.64962e+07 -4.37439e-06
-1.64926e+07 -4.37342e-06
-1.64889e+07 -4.37246e-06
-1.64853e+07 -4.37148e-06
-1.64816e+07 -4.37051e-06
-1.6478e+07 -4.36955e-06
-1.64743e+07 -4.36858e-06
-1.64707e+07 -4.36761e-06
-1.6467e+07 -4.36664e-06
-1.64633e+07 -4.36567e-06
-1.64597e+07 -4.3647e-06
-1.64561e+07 -4.36374e-06
-1.64524e+07 -4.36277e-06
-1.64487e+07 -4.3618e-06
-1.64451e+07 -4.36083e-06
-1.64414e+07 -4.35986e-06
-1.64378e+07 -4.3589e-06
-1.64342e+07 -4.35793e-06
-1.64305e+07 -4.35696e-06
-1.64268e+07 -4.35599e-06
-1.64232e+07 -4.35502e-06
-1.64195e+07 -4.35405e-06
-1.64159e+07 -4.35309e-06
-1.64122e+07 -4.35212e-06
-1.64086e+07 -4.35115e-06
-1.6405e+07 -4.35019e-06
-1.64013e+07 -4.34922e-06
-1.63977e+07 -4.34825e-06
-1.6394e+07 -4.34728e-06
-1.63904e+07 -4.34632e-06
-1.63867e+07 -4.34535e-06
-1.63831e+07 -4.34438e-06
-1.63794e+07 -4.34341e-06
-1.63758e+07 -4.34245e-06
-1.63721e+07 -4.34148e-06
-1.63685e+07 -4.34052e-06
-1.63648e+07 -4.33955e-06
-1.63612e+07 -4.33858e-06
-1.63575e+07 -4.33761e-06
-1.63539e+07 -4.33665e-06
-1.63503e+07 -4.33568e-06
-1.63466e+07 -4.33471e-06
-1.6343e+07 -4.33375e-06
-1.63393e+07 -4.33278e-06
-1.63357e+07 -4.33182e-06
-1.6332e+07 -4.33085e-06
-1.63284e+07 -4.32988e-06
-1.63247e+07 -4.32892e-06
-1.63211e+07 -4.32795e-06
-1.63175e+07 -4.32698e-06
-1.63138e+07 -4.32602e-06
-1.63102e+07 -4.32506e-06
-1.63065e+07 -4.32409e-06
-1.63029e+07 -4.32312e-06
-1.62993e+07 -4.32216e-06
-1.62956e+07 -4.32119e-06
-1.6292e+07 -4.32023e-06
-1.62883e+07 -4.31926e-06
-1.62847e+07 -4.31829e-06
-1.62811e+07 -4.31733e-06
-1.62774e+07 -4.31637e-06
-1.62738e+07 -4.3154e-06
-1.62701e+07 -4.31443e-06
-1.62665e+07 -4.31347e-06
-1.62629e+07 -4.31251e-06
-1.62592e+07 -4.31154e-06
-1.62556e+07 -4.31057e-06
-1.62519e+07 -4.30961e-06
-1.62483e+07 -4.30864e-06
-1.62447e+07 -4.30768e-06
-1.6241e+07 -4.30672e-06
-1.62374e+07 -4.30575e-06
-1.62338e+07 -4.30479e-06
-1.62301e+07 -4.30382e-06
-1.62265e+07 -4.30286e-06
-1.62228e+07 -4.30189e-06
-1.62192e+07 -4.30093e-06
-1.62156e+07 -4.29996e-06
-1.62119e+07 -4.299e-06
-1.62083e+07 -4.29804e-06
-1.62047e+07 -4.29707e-06
-1.6201e+07 -4.29611e-06
-1.61974e+07 -4.29515e-06
-1.61938e+07 -4.29418e-06
-1.61901e+07 -4.29322e-06
-1.61865e+07 -4.29226e-06
-1.61829e+07 -4.29129e-06
-1.61792e+07 -4.29033e-06
-1.61756e+07 -4.28937e-06
-1.6172e+07 -4.2884e-06
-1.61683e+07 -4.28744e-06
-1.61647e+07 -4.28648e-06
-1.61611e+07 -4.28552e-06
-1.61574e+07 -4.28455e-06
-1.61538e+07 -4.28358e-06
-1.61502e+07 -4.28262e-06
-1.61465e+07 -4.28166e-06
-1.61429e+07 -4.2807e-06
-1.61393e+07 -4.27974e-06
-1.61357e+07 -4.27877e-06
-1.6132e+07 -4.27781e-06
-1.61284e+07 -4.27685e-06
-1.61248e+07 -4.27589e-06
-1.61211e+07 -4.27492e-06
-1.61175e+07 -4.27396e-06
-1.61139e+07 -4.273e-06
-1.61102e+07 -4.27203e-06
-1.61066e+07 -4.27107e-06
-1.6103e+07 -4.27011e-06
-1.60993e+07 -4.26915e-06
-1.60957e+07 -4.26819e-06
-1.60921e+07 -4.26722e-06
-1.60885e+07 -4.26626e-06
-1.60848e+07 -4.2653e-06
-1.60812e+07 -4.26434e-06
-1.60776e+07 -4.26338e-06
-1.6074e+07 -4.26241e-06
-1.60703e+07 -4.26145e-06
-1.60667e+07 -4.26049e-06
-1.60631e+07 -4.25953e-06
-1.60595e+07 -4.25857e-06
-1.60559e+07 -4.25761e-06
-1.60522e+07 -4.25665e-06
-1.60486e+07 -4.25569e-06
-1.6045e+07 -4.25473e-06
-1.60413e+07 -4.25376e-06
-1.60377e+07 -4.2528e-06
-1.60341e+07 -4.25184e-06
-1.60305e+07 -4.25088e-06
-1.60269e+07 -4.24992e-06
-1.60232e+07 -4.24896e-06
-1.60196e+07 -4.248e-06
-1.6016e+07 -4.24704e-06
-1.60124e+07 -4.24608e-06
-1.60087e+07 -4.24512e-06
-1.60051e+07 -4.24415e-06
-1.60015e+07 -4.2432e-06
-1.59979e+07 -4.24224e-06
-1.59943e+07 -4.24128e-06
-1.59884e+07 -4.23971e-06
-1.59765e+07 -4.23657e-06
-1.59647e+07 -4.23344e-06
-1.59529e+07 -4.2303e-06
-1.5941e+07 -4.22716e-06
-1.59292e+07 -4.22402e-06
-1.59174e+07 -4.22089e-06
-1.59055e+07 -4.21775e-06
-1.58937e+07 -4.21461e-06
-1.58819e+07 -4.21147e-06
-1.58701e+07 -4.20834e-06
-1.58582e+07 -4.2052e-06
-1.58464e+07 -4.20207e-06
-1.58346e+07 -4.19893e-06
-1.58228e+07 -4.1958e-06
-1.58109e+07 -4.19266e-06
-1.57991e+07 -4.18953e-06
-1.57873e+07 -4.1864e-06
-1.57755e+07 -4.18326e-06
-1.57637e+07 -4.18013e-06
-1.57518e+07 -4.17699e-06
-1.574e+07 -4.17386e-06
-1.57282e+07 -4.17072e-06
-1.57164e+07 -4.16759e-06
-1.57046e+07 -4.16446e-06
-1.56927e+07 -4.16133e-06
-1.56809e+07 -4.15819e-06
-1.56691e+07 -4.15506e-06
-1.56573e+07 -4.15193e-06
-1.56455e+07 -4.14879e-06
-1.56337e+07 -4.14566e-06
-1.56219e+07 -4.14253e-06
-1.56101e+07 -4.1394e-06
-1.55982e+07 -4.13626e-06
-1.55864e+07 -4.13314e-06
-1.55746e+07 -4.13e-06
-1.55628e+07 -4.12687e-06
-1.5551e+07 -4.12374e-06
-1.55392e+07 -4.12061e-06
-1.55274e+07 -4.11749e-06
-1.55156e+07 -4.11435e-06
-1.55038e+07 -4.11122e-06
-1.5492e+07 -4.10809e-06
-1.54802e+07 -4.10496e-06
-1.54684e+07 -4.10183e-06
-1.54566e+07 -4.09871e-06
-1.54448e+07 -4.09558e-06
-1.5433e+07 -4.09245e-06
-1.54212e+07 -4.08932e-06
-1.54094e+07 -4.08619e-06
-1.53976e+07 -4.08307e-06
-1.53858e+07 -4.07994e-06
-1.5374e+07 -4.07681e-06
-1.53622e+07 -4.07368e-06
-1.53504e+07 -4.07055e-06
-1.53387e+07 -4.06743e-06
-1.53269e+07 -4.0643e-06
-1.53151e+07 -4.06118e-06
-1.53033e+07 -4.05805e-06
-1.52915e+07 -4.05492e-06
-1.52797e+07 -4.0518e-06
-1.52679e+07 -4.04867e-06
-1.52561e+07 -4.04555e-06
-1.52443e+07 -4.04242e-06
-1.52294e+07 -4.03846e-06
-1.52141e+07 -4.0344e-06
-1.51988e+07 -4.03035e-06
-1.51835e+07 -4.02629e-06
-1.51682e+07 -4.02224e-06
-1.51529e+07 -4.01818e-06
-1.51377e+07 -4.01413e-06
-1.51224e+07 -4.01008e-06
-1.51071e+07 -4.00602e-06
-1.50918e+07 -4.00197e-06
-1.50765e+07 -3.99791e-06
-1.50612e+07 -3.99386e-06
-1.50459e+07 -3.98981e-06
-1.50307e+07 -3.98576e-06
-1.50154e+07 -3.9817e-06
-1.50001e+07 -3.97765e-06
-1.49848e+07 -3.9736e-06
-1.49695e+07 -3.96955e-06
-1.49543e+07 -3.9655e-06
-1.4939e+07 -3.96145e-06
-1.49237e+07 -3.95739e-06
-1.49084e+07 -3.95334e-06
-1.48932e+07 -3.94929e-06
-1.48779e+07 -3.94524e-06
-1.48626e+07 -3.94119e-06
-1.48473e+07 -3.93714e-06
-1.48321e+07 -3.93309e-06
-1.48168e+07 -3.92904e-06
-1.48015e+07 -3.925e-06
-1.47863e+07 -3.92095e-06
-1.4771e+07 -3.9169e-06
-1.47557e+07 -3.91285e-06
-1.47405e+07 -3.9088e-06
-1.47252e+07 -3.90475e-06
-1.47099e+07 -3.90071e-06
-1.46947e+07 -3.89666e-06
-1.46794e+07 -3.89261e-06
-1.46641e+07 -3.88856e-06
-1.46489e+07 -3.88452e-06
-1.46336e+07 -3.88047e-06
-1.46184e+07 -3.87643e-06
-1.46031e+07 -3.87238e-06
-1.45878e+07 -3.86833e-06
-1.45726e+07 -3.86429e-06
-1.45573e+07 -3.86024e-06
-1.45421e+07 -3.85619e-06
-1.45268e+07 -3.85215e-06
-1.45116e+07 -3.8481e-06
-1.44963e+07 -3.84406e-06
-1.44811e+07 -3.84002e-06
-1.44658e+07 -3.83597e-06
-1.44506e+07 -3.83193e-06
-1.44353e+07 -3.82789e-06
-1.44201e+07 -3.82384e-06
-1.44048e+07 -3.81981e-06
-1.43896e+07 -3.81576e-06
-1.43743e+07 -3.81172e-06
-1.43591e+07 -3.80767e-06
-1.43438e+07 -3.80363e-06
-1.43286e+07 -3.79959e-06
-1.43134e+07 -3.79555e-06
-1.42981e+07 -3.79151e-06
-1.42829e+07 -3.78746e-06
-1.42676e+07 -3.78342e-06
-1.42524e+07 -3.77938e-06
-1.42372e+07 -3.77534e-06
-1.42219e+07 -3.7713e-06
-1.42067e+07 -3.76726e-06
-1.41915e+07 -3.76322e-06
-1.41762e+07 -3.75918e-06
-1.4161e+07 -3.75514e-06
-1.41458e+07 -3.7511e-06
-1.41305e+07 -3.74706e-06
-1.41153e+07 -3.74303e-06
-1.41001e+07 -3.73899e-06
-1.40848e+07 -3.73495e-06
-1.40696e+07 -3.73091e-06
-1.40544e+07 -3.72687e-06
-1.40392e+07 -3.72283e-06
-1.40239e+07 -3.7188e-06
-1.40087e+07 -3.71476e-06
-1.39935e+07 -3.71072e-06
-1.39783e+07 -3.70669e-06
-1.39631e+07 -3.70266e-06
-1.39478e+07 -3.69862e-06
-1.39326e+07 -3.69458e-06
-1.39174e+07 -3.69054e-06
-1.39022e+07 -3.68651e-06
-1.3887e+07 -3.68248e-06
-1.38717e+07 -3.67844e-06
-1.38565e+07 -3.67441e-06
-1.38413e+07 -3.67037e-06
-1.38261e+07 -3.66634e-06
-1.38109e+07 -3.6623e-06
-1.37957e+07 -3.65827e-06
-1.37805e+07 -3.65424e-06
-1.37652e+07 -3.6502e-06
-1.375e+07 -3.64617e-06
-1.37348e+07 -3.64213e-06
-1.37196e+07 -3.63811e-06
-1.37044e+07 -3.63407e-06
-1.36892e+07 -3.63003e-06
-1.3674e+07 -3.62601e-06
-1.36588e+07 -3.62197e-06
-1.36436e+07 -3.61794e-06
-1.36284e+07 -3.61391e-06
-1.36132e+07 -3.60988e-06
-1.3598e+07 -3.60585e-06
-1.35828e+07 -3.60182e-06
-1.35676e+07 -3.59779e-06
-1.35524e+07 -3.59376e-06
-1.35372e+07 -3.58973e-06
-1.3522e+07 -3.5857e-06
-1.35068e+07 -3.58167e-06
-1.34916e+07 -3.57764e-06
-1.34764e+07 -3.57361e-06
-1.34612e+07 -3.56958e-06
-1.3446e+07 -3.56555e-06
-1.34309e+07 -3.56153e-06
-1.34157e+07 -3.5575e-06
-1.34005e+07 -3.55347e-06
-1.33853e+07 -3.54944e-06
-1.33701e+07 -3.54541e-06
-1.33549e+07 -3.54139e-06
-1.33397e+07 -3.53736e-06
-1.33245e+07 -3.53333e-06
-1.33093e+07 -3.5293e-06
-1.32942e+07 -3.52528e-06
-1.3279e+07 -3.52125e-06
-1.32638e+07 -3.51723e-06
-1.32486e+07 -3.51321e-06
-1.32335e+07 -3.50918e-06
-1.32183e+07 -3.50515e-06
-1.32031e+07 -3.50113e-06
-1.31879e+07 -3.49711e-06
-1.31727e+07 -3.49308e-06
-1.31576e+07 -3.48906e-06
-1.31424e+07 -3.48503e-06
-1.31272e+07 -3.48101e-06
-1.3112e+07 -3.47698e-06
-1.30969e+07 -3.47296e-06
-1.30817e+07 -3.46894e-06
-1.30665e+07 -3.46492e-06
-1.30514e+07 -3.46089e-06
-1.30362e+07 -3.45687e-06
-1.3021e+07 -3.45285e-06
-1.30059e+07 -3.44883e-06
-1.29907e+07 -3.44481e-06
-1.29755e+07 -3.44078e-06
-1.29604e+07 -3.43677e-06
-1.29452e+07 -3.43275e-06
-1.293e+07 -3.42872e-06
-1.29149e+07 -3.42471e-06
-1.28997e+07 -3.42068e-06
-1.28846e+07 -3.41666e-06
-1.28694e+07 -3.41264e-06
-1.28542e+07 -3.40863e-06
-1.28391e+07 -3.40461e-06
-1.28239e+07 -3.40059e-06
-1.28088e+07 -3.39656e-06
-1.27936e+07 -3.39255e-06
-1.27785e+07 -3.38853e-06
-1.27633e+07 -3.38451e-06
-1.27481e+07 -3.38049e-06
-1.2733e+07 -3.37648e-06
-1.27178e+07 -3.37246e-06
-1.27027e+07 -3.36844e-06
-1.26876e+07 -3.36443e-06
-1.26724e+07 -3.36041e-06
-1.26573e+07 -3.35639e-06
-1.26421e+07 -3.35238e-06
-1.2627e+07 -3.34836e-06
-1.26118e+07 -3.34435e-06
-1.25967e+07 -3.34033e-06
-1.25816e+07 -3.33632e-06
-1.25664e+07 -3.3323e-06
-1.25513e+07 -3.32829e-06
-1.25361e+07 -3.32427e-06
-1.2521e+07 -3.32026e-06
-1.25059e+07 -3.31624e-06
-1.24907e+07 -3.31223e-06
-1.24756e+07 -3.30821e-06
-1.24605e+07 -3.3042e-06
-1.24453e+07 -3.30019e-06
-1.24302e+07 -3.29618e-06
-1.2415e+07 -3.29216e-06
-1.23999e+07 -3.28815e-06
-1.23848e+07 -3.28414e-06
-1.23696e+07 -3.28012e-06
-1.23545e+07 -3.27611e-06
-1.23394e+07 -3.2721e-06
-1.23243e+07 -3.26809e-06
-1.23092e+07 -3.26408e-06
-1.2294e+07 -3.26007e-06
-1.22789e+07 -3.25606e-06
-1.22638e+07 -3.25205e-06
-1.22487e+07 -3.24804e-06
-1.22335e+07 -3.24403e-06
-1.22184e+07 -3.24002e-06
-1.22033e+07 -3.23601e-06
-1.21882e+07 -3.232e-06
-1.21731e+07 -3.22799e-06
-1.21579e+07 -3.22398e-06
-1.21428e+07 -3.21997e-06
-1.21277e+07 -3.21596e-06
-1.21126e+07 -3.21196e-06
-1.20975e+07 -3.20795e-06
-1.20824e+07 -3.20394e-06
-1.20672e+07 -3.19993e-06
-1.20521e+07 -3.19592e-06
-1.2037e+07 -3.19192e-06
-1.20219e+07 -3.18791e-06
-1.20068e+07 -3.18391e-06
-1.19917e+07 -3.1799e-06
-1.19766e+07 -3.1759e-06
-1.19615e+07 -3.17189e-06
-1.19464e+07 -3.16788e-06
-1.19313e+07 -3.16388e-06
-1.19162e+07 -3.15987e-06
-1.19011e+07 -3.15587e-06
-1.1886e+07 -3.15187e-06
-1.18709e+07 -3.14786e-06
-1.18558e+07 -3.14385e-06
-1.18407e+07 -3.13985e-06
-1.18256e+07 -3.13585e-06
-1.18105e+07 -3.13184e-06
-1.17954e+07 -3.12784e-06
-1.17803e+07 -3.12384e-06
-1.17652e+07 -3.11983e-06
-1.17501e+07 -3.11583e-06
-1.1735e+07 -3.11183e-06
-1.17199e+07 -3.10783e-06
-1.17048e+07 -3.10383e-06
-1.16897e+07 -3.09983e-06
-1.16746e+07 -3.09583e-06
-1.16596e+07 -3.09182e-06
-1.16445e+07 -3.08782e-06
-1.16294e+07 -3.08382e-06
-1.16143e+07 -3.07982e-06
-1.15992e+07 -3.07582e-06
-1.15841e+07 -3.07182e-06
-1.1569e+07 -3.06782e-06
-1.1554e+07 -3.06382e-06
-1.15389e+07 -3.05982e-06
-1.15238e+07 -3.05582e-06
-1.15087e+07 -3.05183e-06
-1.14936e+07 -3.04783e-06
-1.14786e+07 -3.04383e-06
-1.14635e+07 -3.03983e-06
-1.14484e+07 -3.03583e-06
-1.14333e+07 -3.03183e-06
-1.14183e+07 -3.02784e-06
-1.14032e+07 -3.02384e-06
-1.13881e+07 -3.01984e-06
-1.1373e+07 -3.01585e-06
-1.1358e+07 -3.01185e-06
-1.13429e+07 -3.00785e-06
-1.13278e+07 -3.00386e-06
-1.13128e+07 -2.99986e-06
-1.12977e+07 -2.99587e-06
-1.12826e+07 -2.99187e-06
-1.12676e+07 -2.98788e-06
-1.12525e+07 -2.98388e-06
-1.12374e+07 -2.97989e-06
-1.12224e+07 -2.97589e-06
-1.12073e+07 -2.9719e-06
-1.11922e+07 -2.9679e-06
-1.11772e+07 -2.96391e-06
-1.11621e+07 -2.95992e-06
-1.11471e+07 -2.95593e-06
-1.1132e+07 -2.95193e-06
-1.1117e+07 -2.94794e-06
-1.11019e+07 -2.94395e-06
-1.10868e+07 -2.93995e-06
-1.10718e+07 -2.93596e-06
-1.10567e+07 -2.93197e-06
-1.10417e+07 -2.92798e-06
-1.10266e+07 -2.92399e-06
-1.10116e+07 -2.92e-06
-1.09965e+07 -2.916e-06
-1.09815e+07 -2.91201e-06
-1.09664e+07 -2.90802e-06
-1.09514e+07 -2.90403e-06
-1.09363e+07 -2.90004e-06
-1.09213e+07 -2.89605e-06
-1.09062e+07 -2.89206e-06
-1.08912e+07 -2.88807e-06
-1.08761e+07 -2.88408e-06
-1.08611e+07 -2.8801e-06
-1.08461e+07 -2.87611e-06
-1.0831e+07 -2.87212e-06
-1.0816e+07 -2.86814e-06
-1.0801e+07 -2.86414e-06
-1.07859e+07 -2.86015e-06
-1.07709e+07 -2.85617e-06
-1.07558e+07 -2.85218e-06
-1.07408e+07 -2.84819e-06
-1.07258e+07 -2.84421e-06
-1.07107e+07 -2.84022e-06
-1.06957e+07 -2.83624e-06
-1.06807e+07 -2.83225e-06
-1.06656e+07 -2.82826e-06
-1.06506e+07 -2.82427e-06
-1.06356e+07 -2.82029e-06
-1.06206e+07 -2.81631e-06
-1.06055e+07 -2.81232e-06
-1.05905e+07 -2.80834e-06
-1.05755e+07 -2.80435e-06
-1.05605e+07 -2.80037e-06
-1.05454e+07 -2.79638e-06
-1.05304e+07 -2.7924e-06
-1.05154e+07 -2.78842e-06
-1.05004e+07 -2.78443e-06
-1.04853e+07 -2.78045e-06
-1.04703e+07 -2.77647e-06
-1.04553e+07 -2.77249e-06
-1.04403e+07 -2.7685e-06
-1.04253e+07 -2.76453e-06
-1.04102e+07 -2.76054e-06
-1.03952e+07 -2.75656e-06
-1.03802e+07 -2.75258e-06
-1.03652e+07 -2.7486e-06
-1.03502e+07 -2.74461e-06
-1.03352e+07 -2.74063e-06
-1.03202e+07 -2.73665e-06
-1.03052e+07 -2.73267e-06
-1.02901e+07 -2.72869e-06
-1.02751e+07 -2.72471e-06
-1.02601e+07 -2.72073e-06
-1.02451e+07 -2.71675e-06
-1.02301e+07 -2.71278e-06
-1.02151e+07 -2.7088e-06
-1.02001e+07 -2.70482e-06
-1.01851e+07 -2.70084e-06
-1.01701e+07 -2.69686e-06
-1.01551e+07 -2.69288e-06
-1.01401e+07 -2.68891e-06
-1.01251e+07 -2.68493e-06
-1.01101e+07 -2.68095e-06
-1.00951e+07 -2.67697e-06
-1.00801e+07 -2.673e-06
-1.00651e+07 -2.66903e-06
-1.00501e+07 -2.66505e-06
-1.00351e+07 -2.66107e-06
-1.00201e+07 -2.65709e-06
-1.00052e+07 -2.65312e-06
-9.99014e+06 -2.64914e-06
-9.97517e+06 -2.64517e-06
-9.96017e+06 -2.64119e-06
-9.94518e+06 -2.63722e-06
-9.9302e+06 -2.63324e-06
-9.91521e+06 -2.62927e-06
-9.90023e+06 -2.62529e-06
-9.88525e+06 -2.62132e-06
-9.87026e+06 -2.61735e-06
-9.85528e+06 -2.61337e-06
-9.8403e+06 -2.6094e-06
-9.82532e+06 -2.60543e-06
-9.81033e+06 -2.60146e-06
-9.79534e+06 -2.59748e-06
-9.78038e+06 -2.59351e-06
-9.7654e+06 -2.58954e-06
-9.75042e+06 -2.58557e-06
-9.73544e+06 -2.5816e-06
-9.72046e+06 -2.57762e-06
-9.70549e+06 -2.57365e-06
-9.69052e+06 -2.56968e-06
-9.67554e+06 -2.56571e-06
-9.66057e+06 -2.56174e-06
-9.6456e+06 -2.55777e-06
-9.63061e+06 -2.5538e-06
-9.61566e+06 -2.54983e-06
-9.60069e+06 -2.54586e-06
-9.58572e+06 -2.5419e-06
-9.57076e+06 -2.53793e-06
-9.55579e+06 -2.53396e-06
-9.54083e+06 -2.52999e-06
-9.52586e+06 -2.52602e-06
-9.51089e+06 -2.52205e-06
-9.49594e+06 -2.51809e-06
-9.48097e+06 -2.51412e-06
-9.46602e+06 -2.51015e-06
-9.45105e+06 -2.50618e-06
-9.43609e+06 -2.50222e-06
-9.42114e+06 -2.49825e-06
-9.40617e+06 -2.49428e-06
-9.39121e+06 -2.49032e-06
-9.37626e+06 -2.48635e-06
-9.36131e+06 -2.48239e-06
-9.34637e+06 -2.47842e-06
-9.33139e+06 -2.47445e-06
-9.31644e+06 -2.47049e-06
-9.30151e+06 -2.46653e-06
-9.28655e+06 -2.46256e-06
-9.2716e+06 -2.4586e-06
-9.25666e+06 -2.45464e-06
-9.2417e+06 -2.45067e-06
-9.22675e+06 -2.4467e-06
-9.21181e+06 -2.44274e-06
-9.19687e+06 -2.43878e-06
-9.18192e+06 -2.43482e-06
-9.16697e+06 -2.43085e-06
-9.15204e+06 -2.42689e-06
-9.13709e+06 -2.42293e-06
-9.12215e+06 -2.41897e-06
-9.10721e+06 -2.41501e-06
-9.09228e+06 -2.41105e-06
-9.07733e+06 -2.40708e-06
-9.06239e+06 -2.40312e-06
-9.04746e+06 -2.39916e-06
-9.03253e+06 -2.3952e-06
-9.01757e+06 -2.39123e-06
-9.00265e+06 -2.38728e-06
-8.98773e+06 -2.38332e-06
-8.9728e+06 -2.37936e-06
-8.95786e+06 -2.3754e-06
-8.94294e+06 -2.37144e-06
-8.92798e+06 -2.36748e-06
-8.91308e+06 -2.36353e-06
-8.89815e+06 -2.35957e-06
-8.88323e+06 -2.35561e-06
-8.86827e+06 -2.35164e-06
-8.85338e+06 -2.34769e-06
-8.83845e+06 -2.34374e-06
-8.82352e+06 -2.33978e-06
-8.80861e+06 -2.33582e-06
-8.79368e+06 -2.33186e-06
-8.77875e+06 -2.3279e-06
-8.76384e+06 -2.32395e-06
-8.74892e+06 -2.32e-06
-8.73399e+06 -2.31604e-06
-8.71908e+06 -2.31208e-06
-8.70416e+06 -2.30813e-06
-8.68924e+06 -2.30417e-06
-8.67434e+06 -2.30022e-06
-8.65942e+06 -2.29626e-06
-8.64452e+06 -2.29231e-06
-8.6296e+06 -2.28835e-06
-8.61469e+06 -2.2844e-06
-8.59977e+06 -2.28044e-06
-8.58487e+06 -2.27649e-06
-8.56996e+06 -2.27254e-06
-8.55505e+06 -2.26858e-06
-8.54014e+06 -2.26463e-06
-8.52524e+06 -2.26068e-06
-8.51033e+06 -2.25673e-06
-8.49543e+06 -2.25278e-06
-8.48051e+06 -2.24882e-06
-8.46563e+06 -2.24487e-06
-8.45073e+06 -2.24092e-06
-8.43582e+06 -2.23697e-06
-8.42093e+06 -2.23302e-06
-8.40601e+06 -2.22907e-06
-8.39113e+06 -2.22512e-06
-8.37623e+06 -2.22117e-06
-8.36134e+06 -2.21722e-06
-8.34644e+06 -2.21327e-06
-8.33155e+06 -2.20932e-06
-8.31666e+06 -2.20537e-06
-8.30177e+06 -2.20142e-06
-8.28686e+06 -2.19747e-06
-8.27198e+06 -2.19352e-06
-8.25708e+06 -2.18957e-06
-8.24219e+06 -2.18562e-06
-8.22732e+06 -2.18168e-06
-8.21243e+06 -2.17773e-06
-8.19754e+06 -2.17378e-06
-8.18266e+06 -2.16984e-06
-8.16776e+06 -2.16589e-06
-8.15288e+06 -2.16194e-06
-8.138e+06 -2.15799e-06
-8.12312e+06 -2.15405e-06
-8.10822e+06 -2.1501e-06
-8.09334e+06 -2.14615e-06
-8.07848e+06 -2.14221e-06
-8.0636e+06 -2.13827e-06
-8.04872e+06 -2.13432e-06
-8.03384e+06 -2.13037e-06
-8.01897e+06 -2.12643e-06
-8.00408e+06 -2.12248e-06
-7.98921e+06 -2.11854e-06
-7.97434e+06 -2.1146e-06
-7.95947e+06 -2.11065e-06
-7.94461e+06 -2.10671e-06
-7.92973e+06 -2.10277e-06
-7.91485e+06 -2.09882e-06
-7.89999e+06 -2.09488e-06
-7.88512e+06 -2.09094e-06
-7.87026e+06 -2.087e-06
-7.85538e+06 -2.08305e-06
-7.84053e+06 -2.07911e-06
-7.82566e+06 -2.07517e-06
-7.81079e+06 -2.07123e-06
-7.79593e+06 -2.06729e-06
-7.78108e+06 -2.06335e-06
-7.76621e+06 -2.0594e-06
-7.75135e+06 -2.05546e-06
-7.73649e+06 -2.05152e-06
-7.72162e+06 -2.04758e-06
-7.70677e+06 -2.04364e-06
-7.69192e+06 -2.03971e-06
-7.67705e+06 -2.03576e-06
-7.66218e+06 -2.03182e-06
-7.64735e+06 -2.02789e-06
-7.6325e+06 -2.02395e-06
-7.61764e+06 -2.02001e-06
-7.60279e+06 -2.01607e-06
-7.58794e+06 -2.01213e-06
-7.57309e+06 -2.0082e-06
-7.55824e+06 -2.00426e-06
-7.5434e+06 -2.00032e-06
-7.52854e+06 -1.99638e-06
-7.51369e+06 -1.99244e-06
-7.49887e+06 -1.98851e-06
-7.48402e+06 -1.98458e-06
-7.46917e+06 -1.98064e-06
-7.45432e+06 -1.9767e-06
-7.43949e+06 -1.97277e-06
-7.42465e+06 -1.96883e-06
-7.4098e+06 -1.96489e-06
-7.39495e+06 -1.96096e-06
-7.38012e+06 -1.95702e-06
-7.36529e+06 -1.95309e-06
-7.35044e+06 -1.94915e-06
-7.33561e+06 -1.94522e-06
-7.32078e+06 -1.94129e-06
-7.30596e+06 -1.93736e-06
-7.29112e+06 -1.93342e-06
-7.27628e+06 -1.92949e-06
-7.26144e+06 -1.92555e-06
-7.24662e+06 -1.92162e-06
-7.23177e+06 -1.91768e-06
-7.21695e+06 -1.91376e-06
-7.20212e+06 -1.90982e-06
-7.1873e+06 -1.90589e-06
-7.17248e+06 -1.90196e-06
-7.15765e+06 -1.89803e-06
-7.14281e+06 -1.8941e-06
-7.128e+06 -1.89017e-06
-7.11318e+06 -1.88624e-06
-7.09836e+06 -1.88231e-06
-7.08353e+06 -1.87838e-06
-7.06871e+06 -1.87445e-06
-7.05389e+06 -1.87052e-06
-7.03908e+06 -1.86659e-06
-7.02428e+06 -1.86266e-06
-7.00945e+06 -1.85873e-06
-6.99461e+06 -1.8548e-06
-6.97982e+06 -1.85087e-06
-6.96501e+06 -1.84695e-06
-6.95019e+06 -1.84302e-06
-6.93537e+06 -1.83909e-06
-6.92057e+06 -1.83516e-06
-6.90576e+06 -1.83123e-06
-6.89093e+06 -1.8273e-06
-6.87614e+06 -1.82338e-06
-6.86133e+06 -1.81945e-06
-6.84651e+06 -1.81552e-06
-6.83172e+06 -1.8116e-06
-6.81691e+06 -1.80767e-06
-6.80211e+06 -1.80375e-06
-6.7873e+06 -1.79982e-06
-6.77251e+06 -1.7959e-06
-6.7577e+06 -1.79197e-06
-6.74289e+06 -1.78805e-06
-6.7281e+06 -1.78413e-06
-6.7133e+06 -1.7802e-06
-6.6985e+06 -1.77627e-06
-6.6837e+06 -1.77235e-06
-6.66891e+06 -1.76843e-06
-6.65411e+06 -1.7645e-06
-6.63932e+06 -1.76058e-06
-6.62453e+06 -1.75666e-06
-6.60972e+06 -1.75273e-06
-6.59494e+06 -1.74882e-06
-6.58015e+06 -1.74489e-06
-6.56536e+06 -1.74097e-06
-6.55057e+06 -1.73705e-06
-6.53578e+06 -1.73313e-06
-6.52098e+06 -1.7292e-06
-6.5062e+06 -1.72528e-06
-6.49143e+06 -1.72136e-06
-6.47664e+06 -1.71744e-06
-6.46183e+06 -1.71352e-06
-6.44705e+06 -1.7096e-06
-6.43227e+06 -1.70568e-06
-6.41749e+06 -1.70176e-06
-6.40272e+06 -1.69784e-06
-6.38794e+06 -1.69392e-06
-6.37316e+06 -1.69e-06
-6.35838e+06 -1.68608e-06
-6.3436e+06 -1.68216e-06
-6.32883e+06 -1.67825e-06
-6.31405e+06 -1.67433e-06
-6.29928e+06 -1.67041e-06
-6.2845e+06 -1.66649e-06
-6.26973e+06 -1.66258e-06
-6.25496e+06 -1.65866e-06
-6.24019e+06 -1.65474e-06
-6.22542e+06 -1.65083e-06
-6.21066e+06 -1.64691e-06
-6.19588e+06 -1.64299e-06
-6.18112e+06 -1.63908e-06
-6.16633e+06 -1.63516e-06
-6.15158e+06 -1.63125e-06
-6.13681e+06 -1.62733e-06
-6.12205e+06 -1.62341e-06
-6.10728e+06 -1.6195e-06
-6.09253e+06 -1.61559e-06
-6.07777e+06 -1.61167e-06
-6.06302e+06 -1.60776e-06
-6.04825e+06 -1.60384e-06
-6.03349e+06 -1.59993e-06
-6.01873e+06 -1.59602e-06
-6.00397e+06 -1.5921e-06
-5.98921e+06 -1.58819e-06
-5.97446e+06 -1.58428e-06
-5.95971e+06 -1.58037e-06
-5.94495e+06 -1.57645e-06
-5.9302e+06 -1.57254e-06
-5.91545e+06 -1.56863e-06
-5.9007e+06 -1.56472e-06
-5.88594e+06 -1.5608e-06
-5.8712e+06 -1.5569e-06
-5.85645e+06 -1.55298e-06
-5.84171e+06 -1.54907e-06
-5.82696e+06 -1.54516e-06
-5.81221e+06 -1.54125e-06
-5.79747e+06 -1.53734e-06
-5.78272e+06 -1.53343e-06
-5.76798e+06 -1.52952e-06
-5.75324e+06 -1.52561e-06
-5.73849e+06 -1.52171e-06
-5.72375e+06 -1.5178e-06
-5.70901e+06 -1.51389e-06
-5.69426e+06 -1.50998e-06
-5.67954e+06 -1.50607e-06
-5.6648e+06 -1.50216e-06
-5.65007e+06 -1.49826e-06
-5.63533e+06 -1.49435e-06
-5.6206e+06 -1.49044e-06
-5.60586e+06 -1.48653e-06
-5.59113e+06 -1.48263e-06
-5.5764e+06 -1.47872e-06
-5.56166e+06 -1.47481e-06
-5.54693e+06 -1.47091e-06
-5.5322e+06 -1.467e-06
-5.51747e+06 -1.4631e-06
-5.50273e+06 -1.45919e-06
-5.48803e+06 -1.45529e-06
-5.47329e+06 -1.45138e-06
-5.45858e+06 -1.44748e-06
-5.44385e+06 -1.44357e-06
-5.42913e+06 -1.43967e-06
-5.41441e+06 -1.43577e-06
-5.39969e+06 -1.43186e-06
-5.38496e+06 -1.42796e-06
-5.37025e+06 -1.42406e-06
-5.35553e+06 -1.42015e-06
-5.34081e+06 -1.41625e-06
-5.32609e+06 -1.41235e-06
-5.31138e+06 -1.40844e-06
-5.29666e+06 -1.40454e-06
-5.28195e+06 -1.40064e-06
-5.26723e+06 -1.39674e-06
-5.25252e+06 -1.39284e-06
-5.23781e+06 -1.38894e-06
-5.2231e+06 -1.38504e-06
-5.20839e+06 -1.38113e-06
-5.19368e+06 -1.37723e-06
-5.17897e+06 -1.37333e-06
-5.16426e+06 -1.36943e-06
-5.14956e+06 -1.36554e-06
-5.13484e+06 -1.36163e-06
-5.12015e+06 -1.35774e-06
-5.10545e+06 -1.35384e-06
-5.09073e+06 -1.34994e-06
-5.07604e+06 -1.34604e-06
-5.06134e+06 -1.34214e-06
-5.04664e+06 -1.33824e-06
-5.03194e+06 -1.33434e-06
-5.01724e+06 -1.33045e-06
-5.00254e+06 -1.32655e-06
-4.98786e+06 -1.32266e-06
-4.97314e+06 -1.31875e-06
-4.95846e+06 -1.31486e-06
-4.94376e+06 -1.31096e-06
-4.92906e+06 -1.30706e-06
-4.91438e+06 -1.30317e-06
-4.89967e+06 -1.29927e-06
-4.88499e+06 -1.29538e-06
-4.8703e+06 -1.29148e-06
-4.85561e+06 -1.28759e-06
-4.84091e+06 -1.28369e-06
-4.82623e+06 -1.2798e-06
-4.81155e+06 -1.2759e-06
-4.79687e+06 -1.27201e-06
-4.78218e+06 -1.26812e-06
-4.7675e+06 -1.26422e-06
-4.75283e+06 -1.26033e-06
-4.73812e+06 -1.25643e-06
-4.72346e+06 -1.25254e-06
-4.70877e+06 -1.24865e-06
-4.69408e+06 -1.24475e-06
-4.67942e+06 -1.24086e-06
-4.66473e+06 -1.23697e-06
-4.65006e+06 -1.23308e-06
-4.63539e+06 -1.22919e-06
-4.62071e+06 -1.2253e-06
-4.60604e+06 -1.22141e-06
-4.59136e+06 -1.21751e-06
-4.57669e+06 -1.21362e-06
-4.56202e+06 -1.20973e-06
-4.54734e+06 -1.20584e-06
-4.53268e+06 -1.20195e-06
-4.51801e+06 -1.19806e-06
-4.50334e+06 -1.19417e-06
-4.48868e+06 -1.19029e-06
-4.47401e+06 -1.1864e-06
-4.45935e+06 -1.18251e-06
-4.44468e+06 -1.17862e-06
-4.43002e+06 -1.17473e-06
-4.41535e+06 -1.17084e-06
-4.4007e+06 -1.16696e-06
-4.38603e+06 -1.16307e-06
-4.37137e+06 -1.15918e-06
-4.3567e+06 -1.15529e-06
-4.34203e+06 -1.1514e-06
-4.32739e+06 -1.14751e-06
-4.31274e+06 -1.14363e-06
-4.29809e+06 -1.13975e-06
-4.28343e+06 -1.13586e-06
-4.26877e+06 -1.13197e-06
-4.25412e+06 -1.12809e-06
-4.23947e+06 -1.1242e-06
-4.22482e+06 -1.12032e-06
-4.21017e+06 -1.11643e-06
-4.19551e+06 -1.11255e-06
-4.18088e+06 -1.10867e-06
-4.16622e+06 -1.10478e-06
-4.15158e+06 -1.10089e-06
-4.13693e+06 -1.09701e-06
-4.12228e+06 -1.09313e-06
-4.10765e+06 -1.08925e-06
-4.093e+06 -1.08536e-06
-4.07836e+06 -1.08148e-06
-4.06371e+06 -1.0776e-06
-4.04907e+06 -1.07371e-06
-4.03443e+06 -1.06983e-06
-4.01979e+06 -1.06595e-06
-4.00515e+06 -1.06207e-06
-3.99052e+06 -1.05819e-06
-3.9759e+06 -1.05431e-06
-3.96123e+06 -1.05042e-06
-3.94662e+06 -1.04655e-06
-3.93196e+06 -1.04266e-06
-3.91734e+06 -1.03878e-06
-3.9027e+06 -1.0349e-06
-3.88809e+06 -1.03102e-06
-3.87345e+06 -1.02714e-06
-3.85882e+06 -1.02326e-06
-3.84419e+06 -1.01938e-06
-3.82957e+06 -1.01551e-06
-3.81494e+06 -1.01163e-06
-3.80031e+06 -1.00775e-06
-3.78569e+06 -1.00387e-06
-3.77106e+06 -9.99992e-07
-3.75644e+06 -9.96115e-07
-3.74181e+06 -9.92235e-07
-3.72719e+06 -9.88358e-07
-3.71257e+06 -9.84481e-07
-3.69795e+06 -9.80604e-07
-3.68334e+06 -9.7673e-07
-3.66872e+06 -9.72852e-07
-3.6541e+06 -9.68977e-07
-3.63947e+06 -9.65098e-07
-3.62487e+06 -9.61226e-07
-3.61026e+06 -9.5735e-07
-3.59564e+06 -9.53475e-07
-3.58103e+06 -9.496e-07
-3.56643e+06 -9.45729e-07
-3.5518e+06 -9.4185e-07
-3.5372e+06 -9.37977e-07
-3.52259e+06 -9.34103e-07
-3.50798e+06 -9.30229e-07
-3.49338e+06 -9.26356e-07
-3.47877e+06 -9.22482e-07
-3.46415e+06 -9.18607e-07
-3.44956e+06 -9.14736e-07
-3.43494e+06 -9.10859e-07
-3.42035e+06 -9.06991e-07
-3.40574e+06 -9.03118e-07
-3.39114e+06 -8.99247e-07
-3.37654e+06 -8.95375e-07
-3.36194e+06 -8.91504e-07
-3.34734e+06 -8.87632e-07
-3.33274e+06 -8.83761e-07
-3.31815e+06 -8.79891e-07
-3.30355e+06 -8.7602e-07
-3.28896e+06 -8.7215e-07
-3.27436e+06 -8.68279e-07
-3.25977e+06 -8.6441e-07
-3.24518e+06 -8.60542e-07
-3.23058e+06 -8.56669e-07
-3.216e+06 -8.52802e-07
-3.20141e+06 -8.48934e-07
-3.18682e+06 -8.45064e-07
-3.17223e+06 -8.41196e-07
-3.15763e+06 -8.37324e-07
-3.14305e+06 -8.3346e-07
-3.12845e+06 -8.29587e-07
-3.11387e+06 -8.25722e-07
-3.0993e+06 -8.21857e-07
-3.08471e+06 -8.17989e-07
-3.07013e+06 -8.14123e-07
-3.05555e+06 -8.10256e-07
-3.04098e+06 -8.06391e-07
-3.02639e+06 -8.02524e-07
-3.0118e+06 -7.98655e-07
-2.99722e+06 -7.94789e-07
-2.98266e+06 -7.90927e-07
-2.96808e+06 -7.87061e-07
-2.95351e+06 -7.83197e-07
-2.93893e+06 -7.79332e-07
-2.92436e+06 -7.75468e-07
-2.90979e+06 -7.71603e-07
-2.89522e+06 -7.67739e-07
-2.88064e+06 -7.63873e-07
-2.86608e+06 -7.60012e-07
-2.85151e+06 -7.56148e-07
-2.83694e+06 -7.52286e-07
-2.82238e+06 -7.48424e-07
-2.80779e+06 -7.44555e-07
-2.79324e+06 -7.40697e-07
-2.77866e+06 -7.36832e-07
-2.76411e+06 -7.32973e-07
-2.74955e+06 -7.29112e-07
-2.73498e+06 -7.25249e-07
-2.72042e+06 -7.21387e-07
-2.70585e+06 -7.17525e-07
-2.69131e+06 -7.13667e-07
-2.67675e+06 -7.09807e-07
-2.66219e+06 -7.05946e-07
-2.64762e+06 -7.02083e-07
-2.63308e+06 -6.98227e-07
-2.61852e+06 -6.94367e-07
-2.60397e+06 -6.90508e-07
-2.58941e+06 -6.86648e-07
-2.57486e+06 -6.82789e-07
-2.56032e+06 -6.78933e-07
-2.54576e+06 -6.75072e-07
-2.53121e+06 -6.71214e-07
-2.51665e+06 -6.67353e-07
-2.50212e+06 -6.63499e-07
-2.48755e+06 -6.59637e-07
-2.47302e+06 -6.55783e-07
-2.45846e+06 -6.51924e-07
-2.44393e+06 -6.48068e-07
-2.42938e+06 -6.44211e-07
-2.41483e+06 -6.40352e-07
-2.4003e+06 -6.365e-07
-2.38576e+06 -6.32644e-07
-2.37122e+06 -6.28788e-07
-2.35668e+06 -6.24933e-07
-2.34214e+06 -6.21078e-07
-2.32761e+06 -6.17224e-07
-2.31307e+06 -6.13368e-07
-2.29853e+06 -6.09514e-07
-2.28399e+06 -6.05658e-07
-2.26946e+06 -6.01804e-07
-2.25491e+06 -5.97947e-07
-2.24039e+06 -5.94096e-07
-2.22587e+06 -5.90244e-07
-2.21133e+06 -5.86389e-07
-2.1968e+06 -5.82537e-07
-2.18227e+06 -5.78682e-07
-2.16775e+06 -5.74833e-07
-2.15322e+06 -5.70981e-07
-2.13871e+06 -5.67132e-07
-2.12417e+06 -5.63277e-07
-2.10962e+06 -5.59419e-07
-2.09512e+06 -5.55574e-07
-2.0806e+06 -5.51723e-07
-2.06608e+06 -5.47872e-07
-2.05157e+06 -5.44024e-07
-2.03704e+06 -5.40173e-07
-2.02252e+06 -5.36322e-07
-2.008e+06 -5.32472e-07
-1.99348e+06 -5.28622e-07
-1.97898e+06 -5.24775e-07
-1.96445e+06 -5.20923e-07
-1.94994e+06 -5.17077e-07
-1.93542e+06 -5.13226e-07
-1.92091e+06 -5.09377e-07
-1.90639e+06 -5.05528e-07
-1.89188e+06 -5.0168e-07
-1.87736e+06 -4.9783e-07
-1.86287e+06 -4.93986e-07
-1.84835e+06 -4.90137e-07
-1.83386e+06 -4.86293e-07
-1.81932e+06 -4.82438e-07
-1.80486e+06 -4.78603e-07
-1.79033e+06 -4.74751e-07
-1.77583e+06 -4.70905e-07
-1.76132e+06 -4.67059e-07
-1.74682e+06 -4.63213e-07
-1.73232e+06 -4.59368e-07
-1.71783e+06 -4.55525e-07
-1.70332e+06 -4.51679e-07
-1.68881e+06 -4.4783e-07
-1.67432e+06 -4.43988e-07
-1.65981e+06 -4.4014e-07
-1.64532e+06 -4.36298e-07
-1.63082e+06 -4.32452e-07
-1.61634e+06 -4.28612e-07
-1.60184e+06 -4.24769e-07
-1.58735e+06 -4.20925e-07
-1.57286e+06 -4.17082e-07
-1.55836e+06 -4.13238e-07
-1.54387e+06 -4.09396e-07
-1.52939e+06 -4.05555e-07
-1.5149e+06 -4.01715e-07
-1.50042e+06 -3.97874e-07
-1.48592e+06 -3.9403e-07
-1.47144e+06 -3.90188e-07
-1.45695e+06 -3.86347e-07
-1.44246e+06 -3.82504e-07
-1.42798e+06 -3.78666e-07
-1.41351e+06 -3.74826e-07
-1.399e+06 -3.70981e-07
-1.38454e+06 -3.67145e-07
-1.37006e+06 -3.63305e-07
-1.35558e+06 -3.59466e-07
-1.3411e+06 -3.55627e-07
-1.32661e+06 -3.51784e-07
-1.31213e+06 -3.47944e-07
-1.29768e+06 -3.44111e-07
-1.2832e+06 -3.40272e-07
-1.26872e+06 -3.36434e-07
-1.25424e+06 -3.32594e-07
-1.23978e+06 -3.28759e-07
-1.2253e+06 -3.24919e-07
-1.21084e+06 -3.21085e-07
-1.19637e+06 -3.17247e-07
-1.18191e+06 -3.13414e-07
-1.16742e+06 -3.09572e-07
-1.15297e+06 -3.05738e-07
-1.1385e+06 -3.01902e-07
-1.12404e+06 -2.98066e-07
-1.10957e+06 -2.94231e-07
-1.09511e+06 -2.90396e-07
-1.08065e+06 -2.86561e-07
-1.06619e+06 -2.82727e-07
-1.05172e+06 -2.78891e-07
-1.03726e+06 -2.75057e-07
-1.02281e+06 -2.71223e-07
-1.00834e+06 -2.67386e-07
-993888 -2.63554e-07
-979413 -2.59716e-07
-965000 -2.55894e-07
-950515 -2.52053e-07
-936054 -2.48218e-07
-921654 -2.444e-07
-907166 -2.40558e-07
-892715 -2.36726e-07
-878266 -2.32894e-07
-863819 -2.29063e-07
-849365 -2.2523e-07
-834915 -2.21399e-07
-820484 -2.17572e-07
-806028 -2.13739e-07
-791575 -2.09906e-07
-777151 -2.06081e-07
-762689 -2.02246e-07
-748254 -1.98418e-07
-733813 -1.94589e-07
-719372 -1.9076e-07
-704909 -1.86924e-07
-690494 -1.83102e-07
-676044 -1.7927e-07
-661612 -1.75443e-07
-647184 -1.71617e-07
-632737 -1.67786e-07
-618313 -1.63961e-07
-603880 -1.60134e-07
-589447 -1.56307e-07
-575015 -1.5248e-07
-560590 -1.48655e-07
-546155 -1.44827e-07
-531726 -1.41e-07
-517276 -1.37169e-07
-502871 -1.33349e-07
-488440 -1.29522e-07
-474021 -1.25699e-07
-459610 -1.21877e-07
-445168 -1.18048e-07
-430731 -1.14219e-07
-416331 -1.10401e-07
-401901 -1.06574e-07
-387479 -1.0275e-07
-373046 -9.89225e-08
-358644 -9.51035e-08
-344205 -9.12745e-08
-329810 -8.74575e-08
-315395 -8.36349e-08
-300978 -7.98118e-08
-286565 -7.59899e-08
-272152 -7.21678e-08
-257750 -6.83488e-08
-243317 -6.45217e-08
-228931 -6.07068e-08
-214514 -5.68838e-08
-200093 -5.30598e-08
-185690 -4.92403e-08
-171266 -4.54156e-08
-156874 -4.1599e-08
-142473 -3.77803e-08
-128054 -3.39568e-08
-113662 -3.01404e-08
-99244.4 -2.63172e-08
-84852.2 -2.25007e-08
-70446.2 -1.86806e-08
-56030.8 -1.4858e-08
-41657 -1.10464e-08
-27258.4 -7.22824e-09
-12861.1 -3.41045e-09
1536.02 4.07315e-10
15931.8 4.22471e-09
30326.3 8.04178e-09
44720.6 1.18588e-08
59113.8 1.56755e-08
73515.4 1.94944e-08
87895.3 2.33076e-08
102287 2.71239e-08
116678 3.09401e-08
131070 3.47565e-08
145450 3.85697e-08
159841 4.23858e-08
174245 4.62053e-08
188613 5.00155e-08
202998 5.38301e-08
217400 5.7649e-08
231756 6.14558e-08
246157 6.52748e-08
260527 6.90854e-08
274907 7.28986e-08
289287 7.67117e-08
303665 8.05244e-08
318051 8.43393e-08
332419 8.81492e-08
346795 9.19614e-08
361165 9.57721e-08
375544 9.95849e-08
389911 1.03395e-07
404300 1.0721e-07
418660 1.11018e-07
433026 1.14828e-07
447400 1.18639e-07
461787 1.22455e-07
476151 1.26263e-07
490504 1.30069e-07
504870 1.33879e-07
519236 1.37688e-07
533597 1.41497e-07
547946 1.45302e-07
562326 1.49115e-07
576688 1.52923e-07
591049 1.56732e-07
605408 1.60539e-07
619760 1.64345e-07
634125 1.68154e-07
648483 1.71961e-07
662840 1.75769e-07
677195 1.79575e-07
691562 1.83385e-07
705903 1.87188e-07
720265 1.90996e-07
734620 1.94803e-07
748962 1.98606e-07
763313 2.02412e-07
777683 2.06222e-07
792020 2.10024e-07
806377 2.13831e-07
820703 2.1763e-07
835041 2.21432e-07
849395 2.25238e-07
863739 2.29042e-07
878082 2.32845e-07
892425 2.36649e-07
906767 2.40452e-07
921105 2.44254e-07
935441 2.48056e-07
949792 2.51861e-07
964124 2.55662e-07
978461 2.59464e-07
992790 2.63263e-07
