1.82254 3.40949e-13
4.01972 7.51983e-13
6.65762 1.24546e-12
9.82116 1.83728e-12
13.6214 2.54821e-12
18.1971 3.40419e-12
23.7433 4.44174e-12
30.5239 5.7102e-12
38.8928 7.27582e-12
49.3826 9.23817e-12
-1.74262e+06 -3.25998e-07
-3.48529e+06 -6.52006e-07
-5.22797e+06 -9.78014e-07
-6.97064e+06 -1.30402e-06
-8.71331e+06 -1.63003e-06
-1.0456e+07 -1.95604e-06
-1.21987e+07 -2.28205e-06
-1.39413e+07 -2.60806e-06
-1.5684e+07 -2.93406e-06
-1.74267e+07 -3.26007e-06
-1.91694e+07 -3.58608e-06
-2.09121e+07 -3.91209e-06
-2.26547e+07 -4.2381e-06
-2.43974e+07 -4.56411e-06
-2.61401e+07 -4.89012e-06
-2.78828e+07 -5.21613e-06
-2.96255e+07 -5.54214e-06
-3.13682e+07 -5.86815e-06
-3.31108e+07 -6.19416e-06
-3.48535e+07 -6.52017e-06
-3.65962e+07 -6.84618e-06
-3.83389e+07 -7.17219e-06
-4.00816e+07 -7.4982e-06
-4.18243e+07 -7.82421e-06
-4.3567e+07 -8.15023e-06
-4.53097e+07 -8.47624e-06
-4.70524e+07 -8.80225e-06
-4.87951e+07 -9.12826e-06
-5.05377e+07 -9.45427e-06
-5.22804e+07 -9.78028e-06
-5.40231e+07 -1.01063e-05
-5.57658e+07 -1.04323e-05
-5.75085e+07 -1.07583e-05
-5.92512e+07 -1.10843e-05
-6.09939e+07 -1.14103e-05
-6.27366e+07 -1.17364e-05
-6.44793e+07 -1.20624e-05
-6.6222e+07 -1.23884e-05
-6.79647e+07 -1.27144e-05
-6.97074e+07 -1.30404e-05
-7.14501e+07 -1.33664e-05
-7.31928e+07 -1.36924e-05
-7.49355e+07 -1.40185e-05
-7.66782e+07 -1.43445e-05
-7.8421e+07 -1.46705e-05
-8.01637e+07 -1.49965e-05
-8.19064e+07 -1.53225e-05
-8.36491e+07 -1.56485e-05
-8.53918e+07 -1.59745e-05
-8.71345e+07 -1.63006e-05
-8.88772e+07 -1.66266e-05
-9.06199e+07 -1.69526e-05
-9.23626e+07 -1.72786e-05
-9.41054e+07 -1.76046e-05
-9.58481e+07 -1.79306e-05
-9.75908e+07 -1.82566e-05
-9.93335e+07 -1.85827e-05
-1.01076e+08 -1.89087e-05
-1.02819e+08 -1.92347e-05
-1.04562e+08 -1.95607e-05
-1.06304e+08 -1.98867e-05
-1.08047e+08 -2.02127e-05
-1.0979e+08 -2.05388e-05
-1.11533e+08 -2.08648e-05
-1.13275e+08 -2.11908e-05
-1.15018e+08 -2.15168e-05
-1.16761e+08 -2.18428e-05
-1.18503e+08 -2.21688e-05
-1.20246e+08 -2.24949e-05
-1.21989e+08 -2.28209e-05
-1.23732e+08 -2.31469e-05
-1.25474e+08 -2.34729e-05
-1.27217e+08 -2.37989e-05
-1.2896e+08 -2.4125e-05
-1.30703e+08 -2.4451e-05
-1.32445e+08 -2.4777e-05
-1.34188e+08 -2.5103e-05
-1.35931e+08 -2.5429e-05
-1.37673e+08 -2.57551e-05
-1.39416e+08 -2.60811e-05
-1.41159e+08 -2.64071e-05
-1.42902e+08 -2.67331e-05
-1.44644e+08 -2.70591e-05
-1.46387e+08 -2.73851e-05
-1.4813e+08 -2.77112e-05
-1.49873e+08 -2.80372e-05
-1.51615e+08 -2.83632e-05
-1.53358e+08 -2.86892e-05
-1.55101e+08 -2.90153e-05
-1.56844e+08 -2.93413e-05
-1.58586e+08 -2.96673e-05
-1.60329e+08 -2.99933e-05
-1.62072e+08 -3.03193e-05
-1.63815e+08 -3.06454e-05
-1.65557e+08 -3.09714e-05
-1.673e+08 -3.12974e-05
-1.69043e+08 -3.16234e-05
-1.70786e+08 -3.19494e-05
-1.72528e+08 -3.22755e-05
-1.74271e+08 -3.26015e-05
-1.76014e+08 -3.29275e-05
-1.77757e+08 -3.32535e-05
-1.79499e+08 -3.35796e-05
-1.81242e+08 -3.39056e-05
-1.82985e+08 -3.42316e-05
-1.84728e+08 -3.45576e-05
-1.8647e+08 -3.48837e-05
-1.88213e+08 -3.52097e-05
-1.89956e+08 -3.55357e-05
-1.91699e+08 -3.58617e-05
-1.93441e+08 -3.61877e-05
-1.95184e+08 -3.65138e-05
-1.96927e+08 -3.68398e-05
-1.9867e+08 -3.71658e-05
-2.00412e+08 -3.74918e-05
-2.02155e+08 -3.78179e-05
-2.03898e+08 -3.81439e-05
-2.05641e+08 -3.84699e-05
-2.07383e+08 -3.87959e-05
-2.09126e+08 -3.9122e-05
-2.10869e+08 -3.9448e-05
-2.12612e+08 -3.9774e-05
-2.14355e+08 -4.01e-05
-2.16097e+08 -4.04261e-05
-2.1784e+08 -4.07521e-05
-2.19583e+08 -4.10781e-05
-2.21326e+08 -4.14042e-05
-2.23068e+08 -4.17302e-05
-2.24811e+08 -4.20562e-05
-2.26554e+08 -4.23822e-05
-2.28297e+08 -4.27083e-05
-2.3004e+08 -4.30343e-05
-2.31782e+08 -4.33603e-05
-2.33525e+08 -4.36863e-05
-2.35268e+08 -4.40124e-05
-2.37011e+08 -4.43384e-05
-2.38753e+08 -4.46644e-05
-2.40496e+08 -4.49905e-05
-2.42239e+08 -4.53165e-05
-2.43982e+08 -4.56425e-05
-2.45725e+08 -4.59685e-05
-2.47467e+08 -4.62946e-05
-2.4921e+08 -4.66206e-05
-2.50953e+08 -4.69466e-05
-2.52696e+08 -4.72727e-05
-2.54438e+08 -4.75987e-05
-2.56181e+08 -4.79247e-05
-2.57924e+08 -4.82507e-05
-2.59667e+08 -4.85768e-05
-2.6141e+08 -4.89028e-05
-2.63152e+08 -4.92288e-05
-2.64895e+08 -4.95549e-05
-2.66638e+08 -4.98809e-05
-2.68381e+08 -5.02069e-05
-2.70124e+08 -5.0533e-05
-2.71866e+08 -5.0859e-05
-2.73609e+08 -5.1185e-05
-2.75352e+08 -5.1511e-05
-2.77095e+08 -5.18371e-05
-2.78838e+08 -5.21631e-05
-2.8058e+08 -5.24891e-05
-2.82323e+08 -5.28152e-05
-2.84066e+08 -5.31412e-05
-2.85809e+08 -5.34672e-05
-2.87552e+08 -5.37933e-05
-2.89294e+08 -5.41193e-05
-2.91037e+08 -5.44453e-05
-2.9278e+08 -5.47714e-05
-2.94523e+08 -5.50974e-05
-2.96266e+08 -5.54234e-05
-2.98008e+08 -5.57495e-05
-2.99751e+08 -5.60755e-05
-3.01494e+08 -5.64015e-05
-3.03237e+08 -5.67276e-05
-3.0498e+08 -5.70536e-05
-3.06722e+08 -5.73796e-05
-3.08465e+08 -5.77057e-05
-3.10208e+08 -5.80317e-05
-3.11951e+08 -5.83577e-05
-3.13694e+08 -5.86838e-05
-3.15437e+08 -5.90098e-05
-3.17179e+08 -5.93358e-05
-3.18922e+08 -5.96619e-05
-3.20665e+08 -5.99879e-05
-3.22408e+08 -6.03139e-05
-3.24151e+08 -6.064e-05
-3.25893e+08 -6.0966e-05
-3.27636e+08 -6.12921e-05
-3.29379e+08 -6.16181e-05
-3.31122e+08 -6.19441e-05
-3.32865e+08 -6.22702e-05
-3.34608e+08 -6.25962e-05
-3.3635e+08 -6.29222e-05
-3.38093e+08 -6.32483e-05
-3.39836e+08 -6.35743e-05
-3.41579e+08 -6.39003e-05
-3.43322e+08 -6.42264e-05
-3.45065e+08 -6.45524e-05
-3.46807e+08 -6.48785e-05
-3.4855e+08 -6.52045e-05
-3.50293e+08 -6.55305e-05
-3.52036e+08 -6.58566e-05
-3.53779e+08 -6.61826e-05
-3.55522e+08 -6.65086e-05
-3.57264e+08 -6.68347e-05
-3.59007e+08 -6.71607e-05
-3.6075e+08 -6.74868e-05
-3.62493e+08 -6.78128e-05
-3.64236e+08 -6.81388e-05
-3.65979e+08 -6.84649e-05
-3.67721e+08 -6.87909e-05
-3.69464e+08 -6.9117e-05
-3.71207e+08 -6.9443e-05
-3.7295e+08 -6.9769e-05
-3.74693e+08 -7.00951e-05
-3.76436e+08 -7.04211e-05
-3.78178e+08 -7.07471e-05
-3.79921e+08 -7.10732e-05
-3.81664e+08 -7.13992e-05
-3.83407e+08 -7.17253e-05
-3.8515e+08 -7.20513e-05
-3.86893e+08 -7.23774e-05
-3.88636e+08 -7.27034e-05
-3.90378e+08 -7.30294e-05
-3.92121e+08 -7.33555e-05
-3.93864e+08 -7.36815e-05
-3.95607e+08 -7.40076e-05
-3.9735e+08 -7.43336e-05
-3.99093e+08 -7.46596e-05
-4.00835e+08 -7.49857e-05
-4.02578e+08 -7.53117e-05
-4.04321e+08 -7.56378e-05
-4.06064e+08 -7.59638e-05
-4.07807e+08 -7.62899e-05
-4.0955e+08 -7.66159e-05
-4.11293e+08 -7.69419e-05
-4.13035e+08 -7.7268e-05
-4.14778e+08 -7.7594e-05
-4.16521e+08 -7.79201e-05
-4.18264e+08 -7.82461e-05
-4.20007e+08 -7.85722e-05
-4.2175e+08 -7.88982e-05
-4.23493e+08 -7.92242e-05
-4.25236e+08 -7.95503e-05
-4.26978e+08 -7.98763e-05
-4.28721e+08 -8.02024e-05
-4.30464e+08 -8.05284e-05
-4.32207e+08 -8.08545e-05
-4.3395e+08 -8.11805e-05
-4.35693e+08 -8.15066e-05
-4.37436e+08 -8.18326e-05
-4.39178e+08 -8.21586e-05
-4.40921e+08 -8.24847e-05
-4.42664e+08 -8.28107e-05
-4.44407e+08 -8.31368e-05
-4.4615e+08 -8.34628e-05
-4.47893e+08 -8.37889e-05
-4.49636e+08 -8.41149e-05
-4.51379e+08 -8.4441e-05
-4.53121e+08 -8.4767e-05
-4.54864e+08 -8.50931e-05
-4.56607e+08 -8.54191e-05
-4.5835e+08 -8.57451e-05
-4.60093e+08 -8.60712e-05
-4.61836e+08 -8.63972e-05
-4.63579e+08 -8.67233e-05
-4.65322e+08 -8.70493e-05
-4.67065e+08 -8.73754e-05
-4.68807e+08 -8.77014e-05
-4.7055e+08 -8.80275e-05
-4.72293e+08 -8.83535e-05
-4.74036e+08 -8.86796e-05
-4.75779e+08 -8.90056e-05
-4.77522e+08 -8.93317e-05
-4.79265e+08 -8.96577e-05
-4.81008e+08 -8.99838e-05
-4.82751e+08 -9.03098e-05
-4.84493e+08 -9.06359e-05
-4.86236e+08 -9.09619e-05
-4.87979e+08 -9.1288e-05
-4.89722e+08 -9.1614e-05
-4.91465e+08 -9.19401e-05
-4.93208e+08 -9.22661e-05
-4.94951e+08 -9.25922e-05
-4.96694e+08 -9.29182e-05
-4.98437e+08 -9.32443e-05
-5.0018e+08 -9.35703e-05
-5.01922e+08 -9.38964e-05
-5.03665e+08 -9.42224e-05
-5.05408e+08 -9.45485e-05
-5.07151e+08 -9.48745e-05
-5.08894e+08 -9.52006e-05
-5.10637e+08 -9.55266e-05
-5.1238e+08 -9.58527e-05
-5.14123e+08 -9.61787e-05
-5.15866e+08 -9.65048e-05
-5.17609e+08 -9.68308e-05
-5.19352e+08 -9.71569e-05
-5.21094e+08 -9.74829e-05
-5.22837e+08 -9.7809e-05
-5.2458e+08 -9.8135e-05
-5.26323e+08 -9.84611e-05
-5.28066e+08 -9.87871e-05
-5.29809e+08 -9.91132e-05
-5.31552e+08 -9.94393e-05
-5.33295e+08 -9.97653e-05
-5.35038e+08 -0.000100091
-5.36781e+08 -0.000100417
-5.38524e+08 -0.000100743
-5.40266e+08 -0.00010107
-5.42009e+08 -0.000101396
-5.43752e+08 -0.000101722
-5.45495e+08 -0.000102048
-5.47238e+08 -0.000102374
-5.48981e+08 -0.0001027
-5.50724e+08 -0.000103026
-5.52467e+08 -0.000103352
-5.5421e+08 -0.000103678
-5.55953e+08 -0.000104004
-5.57696e+08 -0.00010433
-5.59439e+08 -0.000104656
-5.61182e+08 -0.000104982
-5.62924e+08 -0.000105308
-5.64667e+08 -0.000105634
-5.6641e+08 -0.00010596
-5.68153e+08 -0.000106286
-5.69896e+08 -0.000106612
-5.71639e+08 -0.000106939
-5.73382e+08 -0.000107265
-5.75125e+08 -0.000107591
-5.76868e+08 -0.000107917
-5.78611e+08 -0.000108243
-5.80354e+08 -0.000108569
-5.82097e+08 -0.000108895
-5.8384e+08 -0.000109221
-5.85583e+08 -0.000109547
-5.87326e+08 -0.000109873
-5.89069e+08 -0.000110199
-5.90811e+08 -0.000110525
-5.92554e+08 -0.000110851
-5.94297e+08 -0.000111177
-5.9604e+08 -0.000111503
-5.97783e+08 -0.000111829
-5.99526e+08 -0.000112155
-6.01269e+08 -0.000112482
-6.03012e+08 -0.000112808
-6.04755e+08 -0.000113134
-6.06498e+08 -0.00011346
-6.08241e+08 -0.000113786
-6.09984e+08 -0.000114112
-6.11727e+08 -0.000114438
-6.1347e+08 -0.000114764
-6.15213e+08 -0.00011509
-6.16956e+08 -0.000115416
-6.18699e+08 -0.000115742
-6.20442e+08 -0.000116068
-6.22185e+08 -0.000116394
-6.23928e+08 -0.00011672
-6.2567e+08 -0.000117046
-6.27413e+08 -0.000117372
-6.29156e+08 -0.000117698
-6.30899e+08 -0.000118025
-6.32642e+08 -0.000118351
-6.34385e+08 -0.000118677
-6.36128e+08 -0.000119003
-6.37871e+08 -0.000119329
-6.39614e+08 -0.000119655
-6.41357e+08 -0.000119981
-6.431e+08 -0.000120307
-6.44843e+08 -0.000120633
-6.46586e+08 -0.000120959
-6.48329e+08 -0.000121285
-6.50072e+08 -0.000121611
-6.51815e+08 -0.000121937
-6.53558e+08 -0.000122263
-6.55301e+08 -0.000122589
-6.57044e+08 -0.000122915
-6.58787e+08 -0.000123242
-6.6053e+08 -0.000123568
-6.62273e+08 -0.000123894
-6.64016e+08 -0.00012422
-6.65759e+08 -0.000124546
-6.67502e+08 -0.000124872
-6.69245e+08 -0.000125198
-6.70988e+08 -0.000125524
-6.72731e+08 -0.00012585
-6.74474e+08 -0.000126176
-6.76217e+08 -0.000126502
-6.7796e+08 -0.000126828
-6.79703e+08 -0.000127154
-6.81446e+08 -0.00012748
-6.83189e+08 -0.000127806
-6.84932e+08 -0.000128133
-6.86675e+08 -0.000128459
-6.88418e+08 -0.000128785
-6.90161e+08 -0.000129111
-6.91904e+08 -0.000129437
-6.93647e+08 -0.000129763
-6.95389e+08 -0.000130089
-6.97132e+08 -0.000130415
-6.98875e+08 -0.000130741
-7.00618e+08 -0.000131067
-7.02361e+08 -0.000131393
-7.04104e+08 -0.000131719
-7.05847e+08 -0.000132045
-7.0759e+08 -0.000132371
-7.09333e+08 -0.000132697
-7.11076e+08 -0.000133024
-7.12819e+08 -0.00013335
-7.14562e+08 -0.000133676
-7.16305e+08 -0.000134002
-7.18048e+08 -0.000134328
-7.19791e+08 -0.000134654
-7.21534e+08 -0.00013498
-7.23277e+08 -0.000135306
-7.2502e+08 -0.000135632
-7.26763e+08 -0.000135958
-7.28506e+08 -0.000136284
-7.30249e+08 -0.00013661
-7.31992e+08 -0.000136936
-7.33735e+08 -0.000137262
-7.35478e+08 -0.000137589
-7.37222e+08 -0.000137915
-7.38965e+08 -0.000138241
-7.40708e+08 -0.000138567
-7.42451e+08 -0.000138893
-7.44194e+08 -0.000139219
-7.45937e+08 -0.000139545
-7.4768e+08 -0.000139871
-7.49423e+08 -0.000140197
-7.51166e+08 -0.000140523
-7.52909e+08 -0.000140849
-7.54652e+08 -0.000141175
-7.56395e+08 -0.000141501
-7.58138e+08 -0.000141827
-7.59881e+08 -0.000142154
-7.61624e+08 -0.00014248
-7.63367e+08 -0.000142806
-7.6511e+08 -0.000143132
-7.66853e+08 -0.000143458
-7.68596e+08 -0.000143784
-7.70339e+08 -0.00014411
-7.72082e+08 -0.000144436
-7.73825e+08 -0.000144762
-7.75568e+08 -0.000145088
-7.77311e+08 -0.000145414
-7.79054e+08 -0.00014574
-7.80797e+08 -0.000146066
-7.8254e+08 -0.000146392
-7.84283e+08 -0.000146719
-7.86026e+08 -0.000147045
-7.87769e+08 -0.000147371
-7.89512e+08 -0.000147697
-7.91255e+08 -0.000148023
-7.92998e+08 -0.000148349
-7.94741e+08 -0.000148675
-7.96484e+08 -0.000149001
-7.98227e+08 -0.000149327
-7.9997e+08 -0.000149653
-8.01713e+08 -0.000149979
-8.03456e+08 -0.000150305
-8.052e+08 -0.000150631
-8.06943e+08 -0.000150958
-8.08686e+08 -0.000151284
-8.10429e+08 -0.00015161
-8.12172e+08 -0.000151936
-8.13915e+08 -0.000152262
-8.15658e+08 -0.000152588
-8.17401e+08 -0.000152914
-8.19144e+08 -0.00015324
-8.20887e+08 -0.000153566
-8.2263e+08 -0.000153892
-8.24373e+08 -0.000154218
-8.26116e+08 -0.000154544
-8.27859e+08 -0.00015487
-8.29602e+08 -0.000155197
-8.31345e+08 -0.000155523
-8.33088e+08 -0.000155849
-8.34831e+08 -0.000156175
-8.36574e+08 -0.000156501
-8.38317e+08 -0.000156827
-8.40061e+08 -0.000157153
-8.41804e+08 -0.000157479
-8.43547e+08 -0.000157805
-8.4529e+08 -0.000158131
-8.47033e+08 -0.000158457
-8.48776e+08 -0.000158783
-8.50519e+08 -0.00015911
-8.52262e+08 -0.000159436
-8.54005e+08 -0.000159762
-8.55748e+08 -0.000160088
-8.57491e+08 -0.000160414
-8.59234e+08 -0.00016074
-8.60977e+08 -0.000161066
-8.6272e+08 -0.000161392
-8.64463e+08 -0.000161718
-8.66206e+08 -0.000162044
-8.6795e+08 -0.00016237
-8.69693e+08 -0.000162696
-8.71436e+08 -0.000163022
-8.73179e+08 -0.000163349
-8.74922e+08 -0.000163675
-8.76665e+08 -0.000164001
-8.78408e+08 -0.000164327
-8.80151e+08 -0.000164653
-8.81894e+08 -0.000164979
-8.83637e+08 -0.000165305
-8.8538e+08 -0.000165631
-8.87123e+08 -0.000165957
-8.88866e+08 -0.000166283
-8.9061e+08 -0.000166609
-8.92353e+08 -0.000166935
-8.94096e+08 -0.000167262
-8.95839e+08 -0.000167588
-8.97582e+08 -0.000167914
-8.99325e+08 -0.00016824
-9.01068e+08 -0.000168566
-9.02811e+08 -0.000168892
-9.04554e+08 -0.000169218
-9.06297e+08 -0.000169544
-9.0804e+08 -0.00016987
-9.09783e+08 -0.000170196
-9.11527e+08 -0.000170522
-9.1327e+08 -0.000170849
-9.15013e+08 -0.000171175
-9.16756e+08 -0.000171501
-9.18499e+08 -0.000171827
-9.20242e+08 -0.000172153
-9.21985e+08 -0.000172479
-9.23728e+08 -0.000172805
-9.25471e+08 -0.000173131
-9.27214e+08 -0.000173457
-9.28957e+08 -0.000173783
-9.30701e+08 -0.000174109
-9.32444e+08 -0.000174435
-9.34187e+08 -0.000174762
-9.3593e+08 -0.000175088
-9.37673e+08 -0.000175414
-9.39416e+08 -0.00017574
-9.41159e+08 -0.000176066
-9.42902e+08 -0.000176392
-9.44645e+08 -0.000176718
-9.46389e+08 -0.000177044
-9.48132e+08 -0.00017737
-9.49875e+08 -0.000177696
-9.51618e+08 -0.000178022
-9.53361e+08 -0.000178349
-9.55104e+08 -0.000178675
-9.56847e+08 -0.000179001
-9.5859e+08 -0.000179327
-9.60333e+08 -0.000179653
-9.62076e+08 -0.000179979
-9.6382e+08 -0.000180305
-9.65563e+08 -0.000180631
-9.67306e+08 -0.000180957
-9.69049e+08 -0.000181283
-9.70792e+08 -0.000181609
-9.72535e+08 -0.000181936
-9.74278e+08 -0.000182262
-9.76021e+08 -0.000182588
-9.77765e+08 -0.000182914
-9.79508e+08 -0.00018324
-9.81251e+08 -0.000183566
-9.82994e+08 -0.000183892
-9.84737e+08 -0.000184218
-9.8648e+08 -0.000184544
-9.88223e+08 -0.00018487
-9.89966e+08 -0.000185196
-9.9171e+08 -0.000185523
-9.93453e+08 -0.000185849
-9.95196e+08 -0.000186175
-9.96939e+08 -0.000186501
-9.98682e+08 -0.000186827
-1.00043e+09 -0.000187153
-1.00217e+09 -0.000187479
-1.00391e+09 -0.000187805
-1.00565e+09 -0.000188131
-1.0074e+09 -0.000188457
-1.00914e+09 -0.000188783
-1.01088e+09 -0.00018911
-1.01263e+09 -0.000189436
-1.01437e+09 -0.000189762
-1.01611e+09 -0.000190088
-1.01786e+09 -0.000190414
-1.0196e+09 -0.00019074
-1.02134e+09 -0.000191066
-1.02309e+09 -0.000191392
-1.02483e+09 -0.000191718
-1.02657e+09 -0.000192044
-1.02832e+09 -0.000192371
-1.03006e+09 -0.000192697
-1.0318e+09 -0.000193023
-1.03354e+09 -0.000193349
-1.03529e+09 -0.000193675
-1.03703e+09 -0.000194001
-1.03877e+09 -0.000194327
-1.04052e+09 -0.000194653
-1.04226e+09 -0.000194979
-1.044e+09 -0.000195305
-1.04575e+09 -0.000195631
-1.04749e+09 -0.000195958
-1.04923e+09 -0.000196284
-1.05098e+09 -0.00019661
-1.05272e+09 -0.000196936
-1.05446e+09 -0.000197262
-1.05621e+09 -0.000197588
-1.05795e+09 -0.000197914
-1.05969e+09 -0.00019824
-1.06144e+09 -0.000198566
-1.06318e+09 -0.000198892
-1.06492e+09 -0.000199219
-1.06666e+09 -0.000199545
-1.06841e+09 -0.000199871
-1.07015e+09 -0.000200197
-1.07189e+09 -0.000200523
-1.07364e+09 -0.000200849
-1.07538e+09 -0.000201175
-1.07712e+09 -0.000201501
-1.07887e+09 -0.000201827
-1.08061e+09 -0.000202153
-1.08235e+09 -0.00020248
-1.0841e+09 -0.000202806
-1.08584e+09 -0.000203132
-1.08758e+09 -0.000203458
-1.08933e+09 -0.000203784
-1.09107e+09 -0.00020411
-1.09281e+09 -0.000204436
-1.09456e+09 -0.000204762
-1.0963e+09 -0.000205088
-1.09804e+09 -0.000205414
-1.09978e+09 -0.000205741
-1.10153e+09 -0.000206067
-1.10327e+09 -0.000206393
-1.10501e+09 -0.000206719
-1.10676e+09 -0.000207045
-1.1085e+09 -0.000207371
-1.11024e+09 -0.000207697
-1.11199e+09 -0.000208023
-1.11373e+09 -0.000208349
-1.11547e+09 -0.000208676
-1.11722e+09 -0.000209002
-1.11896e+09 -0.000209328
-1.1207e+09 -0.000209654
-1.12245e+09 -0.00020998
-1.12419e+09 -0.000210306
-1.12593e+09 -0.000210632
-1.12768e+09 -0.000210958
-1.12942e+09 -0.000211284
-1.13116e+09 -0.00021161
-1.13291e+09 -0.000211937
-1.13465e+09 -0.000212263
-1.13639e+09 -0.000212589
-1.13814e+09 -0.000212915
-1.13988e+09 -0.000213241
-1.14162e+09 -0.000213567
-1.14336e+09 -0.000213893
-1.14511e+09 -0.000214219
-1.14685e+09 -0.000214545
-1.14859e+09 -0.000214872
-1.15034e+09 -0.000215198
-1.15208e+09 -0.000215524
-1.15382e+09 -0.00021585
-1.15557e+09 -0.000216176
-1.15731e+09 -0.000216502
-1.15905e+09 -0.000216828
-1.1608e+09 -0.000217154
-1.16254e+09 -0.00021748
-1.16428e+09 -0.000217806
-1.16603e+09 -0.000218133
-1.16777e+09 -0.000218459
-1.16951e+09 -0.000218785
-1.17126e+09 -0.000219111
-1.173e+09 -0.000219437
-1.17474e+09 -0.000219763
-1.17649e+09 -0.000220089
-1.17823e+09 -0.000220415
-1.17997e+09 -0.000220741
-1.18172e+09 -0.000221068
-1.18346e+09 -0.000221394
-1.1852e+09 -0.00022172
-1.18694e+09 -0.000222046
-1.18869e+09 -0.000222372
-1.19043e+09 -0.000222698
-1.19217e+09 -0.000223024
-1.19392e+09 -0.00022335
-1.19566e+09 -0.000223676
-1.1974e+09 -0.000224003
-1.19915e+09 -0.000224329
-1.20089e+09 -0.000224655
-1.20263e+09 -0.000224981
-1.20438e+09 -0.000225307
-1.20612e+09 -0.000225633
-1.20786e+09 -0.000225959
-1.20961e+09 -0.000226285
-1.21135e+09 -0.000226611
-1.21309e+09 -0.000226938
-1.21484e+09 -0.000227264
-1.21658e+09 -0.00022759
-1.21832e+09 -0.000227916
-1.22007e+09 -0.000228242
-1.22181e+09 -0.000228568
-1.22355e+09 -0.000228894
-1.2253e+09 -0.00022922
-1.22704e+09 -0.000229546
-1.22878e+09 -0.000229873
-1.23053e+09 -0.000230199
-1.23227e+09 -0.000230525
-1.23401e+09 -0.000230851
-1.23576e+09 -0.000231177
-1.2375e+09 -0.000231503
-1.23924e+09 -0.000231829
-1.24098e+09 -0.000232155
-1.24273e+09 -0.000232481
-1.24447e+09 -0.000232808
-1.24621e+09 -0.000233134
-1.24796e+09 -0.00023346
-1.2497e+09 -0.000233786
-1.25144e+09 -0.000234112
-1.25319e+09 -0.000234438
-1.25493e+09 -0.000234764
-1.25667e+09 -0.00023509
-1.25842e+09 -0.000235417
-1.26016e+09 -0.000235743
-1.2619e+09 -0.000236069
-1.26365e+09 -0.000236395
-1.26539e+09 -0.000236721
-1.26713e+09 -0.000237047
-1.26888e+09 -0.000237373
-1.27062e+09 -0.000237699
-1.27236e+09 -0.000238025
-1.27411e+09 -0.000238352
-1.27585e+09 -0.000238678
-1.27759e+09 -0.000239004
-1.27934e+09 -0.00023933
-1.28108e+09 -0.000239656
-1.28282e+09 -0.000239982
-1.28457e+09 -0.000240308
-1.28631e+09 -0.000240634
-1.28805e+09 -0.00024096
-1.2898e+09 -0.000241287
-1.29154e+09 -0.000241613
-1.29328e+09 -0.000241939
-1.29503e+09 -0.000242265
-1.29677e+09 -0.000242591
-1.29851e+09 -0.000242917
-1.30026e+09 -0.000243243
-1.302e+09 -0.000243569
-1.30374e+09 -0.000243896
-1.30549e+09 -0.000244222
-1.30723e+09 -0.000244548
-1.30897e+09 -0.000244874
-1.31072e+09 -0.0002452
-1.31246e+09 -0.000245526
-1.3142e+09 -0.000245852
-1.31595e+09 -0.000246178
-1.31769e+09 -0.000246505
-1.31943e+09 -0.000246831
-1.32117e+09 -0.000247157
-1.32292e+09 -0.000247483
-1.32466e+09 -0.000247809
-1.3264e+09 -0.000248135
-1.32815e+09 -0.000248461
-1.32989e+09 -0.000248787
-1.33163e+09 -0.000249114
-1.33338e+09 -0.00024944
-1.33512e+09 -0.000249766
-1.33686e+09 -0.000250092
-1.33861e+09 -0.000250418
-1.34035e+09 -0.000250744
-1.34209e+09 -0.00025107
-1.34384e+09 -0.000251396
-1.34558e+09 -0.000251722
-1.34732e+09 -0.000252049
-1.34907e+09 -0.000252375
-1.35081e+09 -0.000252701
-1.35255e+09 -0.000253027
-1.3543e+09 -0.000253353
-1.35604e+09 -0.000253679
-1.35778e+09 -0.000254005
-1.35953e+09 -0.000254331
-1.36127e+09 -0.000254658
-1.36301e+09 -0.000254984
-1.36476e+09 -0.00025531
-1.3665e+09 -0.000255636
-1.36824e+09 -0.000255962
-1.36999e+09 -0.000256288
-1.37173e+09 -0.000256614
-1.37347e+09 -0.00025694
-1.37522e+09 -0.000257267
-1.37696e+09 -0.000257593
-1.3787e+09 -0.000257919
-1.38045e+09 -0.000258245
-1.38219e+09 -0.000258571
-1.38393e+09 -0.000258897
-1.38568e+09 -0.000259223
-1.38742e+09 -0.000259549
-1.38916e+09 -0.000259876
-1.39091e+09 -0.000260202
-1.39265e+09 -0.000260528
-1.39439e+09 -0.000260854
-1.39614e+09 -0.00026118
-1.39788e+09 -0.000261506
-1.39962e+09 -0.000261832
-1.40137e+09 -0.000262159
-1.40311e+09 -0.000262485
-1.40485e+09 -0.000262811
-1.4066e+09 -0.000263137
-1.40834e+09 -0.000263463
-1.41008e+09 -0.000263789
-1.41183e+09 -0.000264115
-1.41357e+09 -0.000264441
-1.41531e+09 -0.000264768
-1.41706e+09 -0.000265094
-1.4188e+09 -0.00026542
-1.42054e+09 -0.000265746
-1.42229e+09 -0.000266072
-1.42403e+09 -0.000266398
-1.42577e+09 -0.000266724
-1.42752e+09 -0.00026705
-1.42926e+09 -0.000267377
-1.431e+09 -0.000267703
-1.43275e+09 -0.000268029
-1.43449e+09 -0.000268355
-1.43623e+09 -0.000268681
-1.43798e+09 -0.000269007
-1.43972e+09 -0.000269333
-1.44146e+09 -0.000269659
-1.44321e+09 -0.000269986
-1.44495e+09 -0.000270312
-1.44669e+09 -0.000270638
-1.44844e+09 -0.000270964
-1.45018e+09 -0.00027129
-1.45192e+09 -0.000271616
-1.45367e+09 -0.000271942
-1.45541e+09 -0.000272269
-1.45715e+09 -0.000272595
-1.4589e+09 -0.000272921
-1.46064e+09 -0.000273247
-1.46238e+09 -0.000273573
-1.46413e+09 -0.000273899
-1.46587e+09 -0.000274225
-1.46761e+09 -0.000274551
-1.46936e+09 -0.000274878
-1.4711e+09 -0.000275204
-1.47284e+09 -0.00027553
-1.47459e+09 -0.000275856
-1.47633e+09 -0.000276182
-1.47807e+09 -0.000276508
-1.47982e+09 -0.000276834
-1.48156e+09 -0.000277161
-1.4833e+09 -0.000277487
-1.48505e+09 -0.000277813
-1.48679e+09 -0.000278139
-1.48853e+09 -0.000278465
-1.49028e+09 -0.000278791
-1.49153e+09 -0.000279025
-1.49189e+09 -0.000279092
-1.49225e+09 -0.00027916
-1.49261e+09 -0.000279227
-1.49297e+09 -0.000279295
-1.49333e+09 -0.000279362
-1.49369e+09 -0.00027943
-1.49405e+09 -0.000279497
-1.4943e+09 -0.000279544
-1.49438e+09 -0.000279559
-1.49445e+09 -0.000279573
-1.49453e+09 -0.000279587
-1.49461e+09 -0.000279601
-1.49468e+09 -0.000279616
-1.49476e+09 -0.00027963
-1.49484e+09 -0.000279644
-1.49491e+09 -0.000279659
-1.49499e+09 -0.000279673
-1.49507e+09 -0.000279687
-1.49514e+09 -0.000279701
-1.49522e+09 -0.000279716
-1.49529e+09 -0.00027973
-1.49537e+09 -0.000279744
-1.49545e+09 -0.000279759
-1.49552e+09 -0.000279773
-1.4956e+09 -0.000279787
-1.49568e+09 -0.000279801
-1.49575e+09 -0.000279816
-1.49583e+09 -0.00027983
-1.49591e+09 -0.000279844
-1.49598e+09 -0.000279859
-1.49606e+09 -0.000279873
-1.49613e+09 -0.000279887
-1.49621e+09 -0.000279901
-1.49629e+09 -0.000279916
-1.49636e+09 -0.00027993
-1.49644e+09 -0.000279944
-1.49652e+09 -0.000279959
-1.49659e+09 -0.000279973
-1.49667e+09 -0.000279987
-1.49675e+09 -0.000280001
-1.49682e+09 -0.000280016
-1.4969e+09 -0.00028003
-1.49697e+09 -0.000280044
-1.49705e+09 -0.000280059
-1.49713e+09 -0.000280073
-1.4972e+09 -0.000280087
-1.49728e+09 -0.000280101
-1.49736e+09 -0.000280116
-1.49743e+09 -0.00028013
-1.49751e+09 -0.000280144
-1.49759e+09 -0.000280158
-1.49766e+09 -0.000280173
-1.49774e+09 -0.000280187
-1.49781e+09 -0.000280201
-1.49789e+09 -0.000280216
-1.49797e+09 -0.00028023
-1.49804e+09 -0.000280244
-1.49812e+09 -0.000280258
-1.4982e+09 -0.000280273
-1.49827e+09 -0.000280287
-1.49835e+09 -0.000280301
-1.49843e+09 -0.000280316
-1.4985e+09 -0.00028033
-1.49858e+09 -0.000280344
-1.49865e+09 -0.000280358
-1.49873e+09 -0.000280373
-1.49881e+09 -0.000280387
-1.49888e+09 -0.000280401
-1.49896e+09 -0.000280416
-1.49904e+09 -0.00028043
-1.49911e+09 -0.000280444
-1.49919e+09 -0.000280458
-1.49926e+09 -0.000280473
-1.49934e+09 -0.000280487
-1.49942e+09 -0.000280501
-1.49949e+09 -0.000280516
-1.49957e+09 -0.00028053
-1.49965e+09 -0.000280544
-1.49972e+09 -0.000280558
-1.4998e+09 -0.000280573
-1.49988e+09 -0.000280587
-1.49995e+09 -0.000280601
-1.50003e+09 -0.000280616
-1.5001e+09 -0.00028063
-1.50018e+09 -0.000280644
-1.50026e+09 -0.000280658
-1.50033e+09 -0.000280673
-1.50041e+09 -0.000280687
-1.50049e+09 -0.000280701
-1.50056e+09 -0.000280715
-1.50064e+09 -0.00028073
-1.50072e+09 -0.000280744
-1.50079e+09 -0.000280758
-1.50087e+09 -0.000280773
-1.50094e+09 -0.000280787
-1.50102e+09 -0.000280801
-1.5011e+09 -0.000280815
-1.50117e+09 -0.00028083
-1.50125e+09 -0.000280844
-1.50133e+09 -0.000280858
-1.5014e+09 -0.000280873
-1.50148e+09 -0.000280887
-1.50156e+09 -0.000280901
-1.50163e+09 -0.000280915
-1.50171e+09 -0.00028093
-1.50178e+09 -0.000280944
-1.50186e+09 -0.000280958
-1.50194e+09 -0.000280973
-1.50201e+09 -0.000280987
-1.50209e+09 -0.000281001
-1.50217e+09 -0.000281015
-1.50224e+09 -0.00028103
-1.50232e+09 -0.000281044
-1.50239e+09 -0.000281058
-1.50247e+09 -0.000281072
-1.50255e+09 -0.000281087
-1.50262e+09 -0.000281101
-1.5027e+09 -0.000281115
-1.50278e+09 -0.00028113
-1.50285e+09 -0.000281144
-1.50293e+09 -0.000281158
-1.50301e+09 -0.000281172
-1.50308e+09 -0.000281187
-1.50316e+09 -0.000281201
-1.50323e+09 -0.000281215
-1.50331e+09 -0.00028123
-1.50339e+09 -0.000281244
-1.50346e+09 -0.000281258
-1.50354e+09 -0.000281272
-1.50362e+09 -0.000281287
-1.50369e+09 -0.000281301
-1.50377e+09 -0.000281315
-1.50385e+09 -0.00028133
-1.50392e+09 -0.000281344
-1.504e+09 -0.000281358
-1.50407e+09 -0.000281372
-1.50415e+09 -0.000281387
-1.50423e+09 -0.000281401
-1.5043e+09 -0.000281415
-1.50438e+09 -0.000281429
-1.50446e+09 -0.000281444
-1.50453e+09 -0.000281458
-1.50461e+09 -0.000281472
-1.50468e+09 -0.000281487
-1.50476e+09 -0.000281501
-1.50484e+09 -0.000281515
-1.50491e+09 -0.000281529
-1.50499e+09 -0.000281544
-1.50507e+09 -0.000281558
-1.50514e+09 -0.000281572
-1.50522e+09 -0.000281587
-1.5053e+09 -0.000281601
-1.50537e+09 -0.000281615
-1.50545e+09 -0.000281629
-1.50552e+09 -0.000281644
-1.5056e+09 -0.000281658
-1.50568e+09 -0.000281672
-1.50575e+09 -0.000281686
-1.50583e+09 -0.000281701
-1.50591e+09 -0.000281715
-1.50598e+09 -0.000281729
-1.50606e+09 -0.000281744
-1.50613e+09 -0.000281758
-1.50621e+09 -0.000281772
-1.50629e+09 -0.000281786
-1.50636e+09 -0.000281801
-1.50644e+09 -0.000281815
-1.50652e+09 -0.000281829
-1.50659e+09 -0.000281843
-1.50667e+09 -0.000281858
-1.50675e+09 -0.000281872
-1.50682e+09 -0.000281886
-1.5069e+09 -0.000281901
-1.50697e+09 -0.000281915
-1.50705e+09 -0.000281929
-1.50713e+09 -0.000281943
-1.5072e+09 -0.000281958
-1.50728e+09 -0.000281972
-1.50736e+09 -0.000281986
-1.50743e+09 -0.000282001
-1.50751e+09 -0.000282015
-1.50758e+09 -0.000282029
-1.50766e+09 -0.000282043
-1.50774e+09 -0.000282058
-1.50781e+09 -0.000282072
-1.50789e+09 -0.000282086
-1.50797e+09 -0.0002821
-1.50804e+09 -0.000282115
-1.50812e+09 -0.000282129
-1.5082e+09 -0.000282143
-1.50827e+09 -0.000282158
-1.50835e+09 -0.000282172
-1.50842e+09 -0.000282186
-1.5085e+09 -0.0002822
-1.50858e+09 -0.000282215
-1.50865e+09 -0.000282229
-1.50873e+09 -0.000282243
-1.50881e+09 -0.000282257
-1.50888e+09 -0.000282272
-1.50896e+09 -0.000282286
-1.50903e+09 -0.0002823
-1.50911e+09 -0.000282315
-1.50919e+09 -0.000282329
-1.50926e+09 -0.000282343
-1.50934e+09 -0.000282357
-1.50942e+09 -0.000282372
-1.50949e+09 -0.000282386
-1.50957e+09 -0.0002824
-1.50964e+09 -0.000282415
-1.50972e+09 -0.000282429
-1.5098e+09 -0.000282443
-1.50987e+09 -0.000282457
-1.50995e+09 -0.000282472
-1.51003e+09 -0.000282486
-1.5101e+09 -0.0002825
-1.51018e+09 -0.000282514
-1.51026e+09 -0.000282529
-1.51033e+09 -0.000282543
-1.51041e+09 -0.000282557
-1.51048e+09 -0.000282572
-1.51056e+09 -0.000282586
-1.51064e+09 -0.0002826
-1.51071e+09 -0.000282614
-1.51079e+09 -0.000282629
-1.51087e+09 -0.000282643
-1.51094e+09 -0.000282657
-1.51102e+09 -0.000282671
-1.51109e+09 -0.000282686
-1.51117e+09 -0.0002827
-1.51125e+09 -0.000282714
-1.51132e+09 -0.000282729
-1.5114e+09 -0.000282743
-1.51148e+09 -0.000282757
-1.51155e+09 -0.000282771
-1.51163e+09 -0.000282786
-1.51171e+09 -0.0002828
-1.51178e+09 -0.000282814
-1.51186e+09 -0.000282828
-1.51193e+09 -0.000282843
-1.51201e+09 -0.000282857
-1.51209e+09 -0.000282871
-1.51216e+09 -0.000282886
-1.51224e+09 -0.0002829
-1.51232e+09 -0.000282914
-1.51239e+09 -0.000282928
-1.51247e+09 -0.000282943
-1.51254e+09 -0.000282957
-1.51262e+09 -0.000282971
-1.5127e+09 -0.000282985
-1.51277e+09 -0.000283
-1.51285e+09 -0.000283014
-1.51293e+09 -0.000283028
-1.513e+09 -0.000283043
-1.51308e+09 -0.000283057
-1.51315e+09 -0.000283071
-1.51323e+09 -0.000283085
-1.51331e+09 -0.0002831
-1.51338e+09 -0.000283114
-1.51346e+09 -0.000283128
-1.51354e+09 -0.000283142
-1.51361e+09 -0.000283157
-1.51369e+09 -0.000283171
-1.51377e+09 -0.000283185
-1.51384e+09 -0.0002832
-1.51392e+09 -0.000283214
-1.51399e+09 -0.000283228
-1.51407e+09 -0.000283242
-1.51415e+09 -0.000283257
-1.51422e+09 -0.000283271
-1.5143e+09 -0.000283285
-1.51438e+09 -0.000283299
-1.51445e+09 -0.000283314
-1.51453e+09 -0.000283328
-1.5146e+09 -0.000283342
-1.51468e+09 -0.000283357
-1.51476e+09 -0.000283371
-1.51483e+09 -0.000283385
-1.51491e+09 -0.000283399
-1.51499e+09 -0.000283414
-1.51506e+09 -0.000283428
-1.51514e+09 -0.000283442
-1.51521e+09 -0.000283456
-1.51529e+09 -0.000283471
-1.51537e+09 -0.000283485
-1.51544e+09 -0.000283499
-1.51552e+09 -0.000283514
-1.5156e+09 -0.000283528
-1.51567e+09 -0.000283542
-1.51575e+09 -0.000283556
-1.51582e+09 -0.000283571
-1.5159e+09 -0.000283585
-1.51598e+09 -0.000283599
-1.51605e+09 -0.000283613
-1.51613e+09 -0.000283628
-1.51621e+09 -0.000283642
-1.51628e+09 -0.000283656
-1.51636e+09 -0.00028367
-1.51643e+09 -0.000283685
-1.51651e+09 -0.000283699
-1.51659e+09 -0.000283713
-1.51666e+09 -0.000283728
-1.51674e+09 -0.000283742
-1.51682e+09 -0.000283756
-1.51689e+09 -0.00028377
-1.51697e+09 -0.000283785
-1.51705e+09 -0.000283799
-1.51712e+09 -0.000283813
-1.5172e+09 -0.000283827
-1.51727e+09 -0.000283842
-1.51735e+09 -0.000283856
-1.51743e+09 -0.00028387
-1.5175e+09 -0.000283885
-1.51758e+09 -0.000283899
-1.51766e+09 -0.000283913
-1.51773e+09 -0.000283927
-1.51781e+09 -0.000283942
-1.51788e+09 -0.000283956
-1.51796e+09 -0.00028397
-1.51804e+09 -0.000283984
-1.51811e+09 -0.000283999
-1.51819e+09 -0.000284013
-1.51827e+09 -0.000284027
-1.51834e+09 -0.000284041
-1.51842e+09 -0.000284056
-1.51849e+09 -0.00028407
-1.51857e+09 -0.000284084
-1.51865e+09 -0.000284099
-1.51872e+09 -0.000284113
-1.5188e+09 -0.000284127
-1.51888e+09 -0.000284141
-1.51895e+09 -0.000284156
-1.51903e+09 -0.00028417
-1.5191e+09 -0.000284184
-1.51918e+09 -0.000284198
-1.51926e+09 -0.000284213
-1.51933e+09 -0.000284227
-1.51941e+09 -0.000284241
-1.51949e+09 -0.000284256
-1.51956e+09 -0.00028427
-1.51964e+09 -0.000284284
-1.51971e+09 -0.000284298
-1.51979e+09 -0.000284313
-1.51987e+09 -0.000284327
-1.51994e+09 -0.000284341
-1.52002e+09 -0.000284355
-1.5201e+09 -0.00028437
-1.52017e+09 -0.000284384
-1.52025e+09 -0.000284398
-1.52032e+09 -0.000284412
-1.5204e+09 -0.000284427
-1.52048e+09 -0.000284441
-1.52055e+09 -0.000284455
-1.52063e+09 -0.00028447
-1.52071e+09 -0.000284484
-1.52078e+09 -0.000284498
-1.52086e+09 -0.000284512
-1.52094e+09 -0.000284527
-1.52101e+09 -0.000284541
-1.52109e+09 -0.000284555
-1.52116e+09 -0.000284569
-1.52124e+09 -0.000284584
-1.52132e+09 -0.000284598
-1.52139e+09 -0.000284612
-1.52147e+09 -0.000284626
-1.52155e+09 -0.000284641
-1.52162e+09 -0.000284655
-1.5217e+09 -0.000284669
-1.52177e+09 -0.000284684
-1.52185e+09 -0.000284698
-1.52193e+09 -0.000284712
-1.522e+09 -0.000284726
-1.52208e+09 -0.000284741
-1.52216e+09 -0.000284755
-1.52223e+09 -0.000284769
-1.52231e+09 -0.000284783
-1.52238e+09 -0.000284798
-1.52246e+09 -0.000284812
-1.52254e+09 -0.000284826
-1.52261e+09 -0.00028484
-1.52269e+09 -0.000284855
-1.52277e+09 -0.000284869
-1.52284e+09 -0.000284883
-1.52292e+09 -0.000284898
-1.52299e+09 -0.000284912
-1.52307e+09 -0.000284926
-1.52315e+09 -0.00028494
-1.52322e+09 -0.000284955
-1.5233e+09 -0.000284969
-1.52338e+09 -0.000284983
-1.52345e+09 -0.000284997
-1.52353e+09 -0.000285012
-1.5236e+09 -0.000285026
-1.52368e+09 -0.00028504
-1.52376e+09 -0.000285054
-1.52383e+09 -0.000285069
-1.52391e+09 -0.000285083
-1.52399e+09 -0.000285097
-1.52406e+09 -0.000285111
-1.52414e+09 -0.000285126
-1.52421e+09 -0.00028514
-1.52429e+09 -0.000285154
-1.52437e+09 -0.000285169
-1.52444e+09 -0.000285183
-1.52452e+09 -0.000285197
-1.5246e+09 -0.000285211
-1.52467e+09 -0.000285226
-1.52475e+09 -0.00028524
-1.52482e+09 -0.000285254
-1.5249e+09 -0.000285268
-1.52498e+09 -0.000285283
-1.52505e+09 -0.000285297
-1.52513e+09 -0.000285311
-1.52521e+09 -0.000285325
-1.52528e+09 -0.00028534
-1.52536e+09 -0.000285354
-1.52543e+09 -0.000285368
-1.52551e+09 -0.000285383
-1.52559e+09 -0.000285397
-1.52566e+09 -0.000285411
-1.52574e+09 -0.000285425
-1.52582e+09 -0.00028544
-1.52589e+09 -0.000285454
-1.52597e+09 -0.000285468
-1.52604e+09 -0.000285482
-1.52612e+09 -0.000285497
-1.5262e+09 -0.000285511
-1.52627e+09 -0.000285525
-1.52635e+09 -0.000285539
-1.52643e+09 -0.000285554
-1.5265e+09 -0.000285568
-1.52658e+09 -0.000285582
-1.52665e+09 -0.000285596
-1.52673e+09 -0.000285611
-1.52681e+09 -0.000285625
-1.52688e+09 -0.000285639
-1.52696e+09 -0.000285654
-1.52704e+09 -0.000285668
-1.52711e+09 -0.000285682
-1.52719e+09 -0.000285696
-1.52726e+09 -0.000285711
-1.52734e+09 -0.000285725
-1.52742e+09 -0.000285739
-1.52749e+09 -0.000285753
-1.52757e+09 -0.000285768
-1.52765e+09 -0.000285782
-1.52772e+09 -0.000285796
-1.5278e+09 -0.00028581
-1.52787e+09 -0.000285825
-1.52795e+09 -0.000285839
-1.52803e+09 -0.000285853
-1.5281e+09 -0.000285867
-1.52818e+09 -0.000285882
-1.52826e+09 -0.000285896
-1.52833e+09 -0.00028591
-1.52841e+09 -0.000285925
-1.52848e+09 -0.000285939
-1.52856e+09 -0.000285953
-1.52864e+09 -0.000285967
-1.52871e+09 -0.000285982
-1.52879e+09 -0.000285996
-1.52887e+09 -0.00028601
-1.52894e+09 -0.000286024
-1.52902e+09 -0.000286039
-1.52909e+09 -0.000286053
-1.52917e+09 -0.000286067
-1.52925e+09 -0.000286081
-1.52932e+09 -0.000286096
-1.5294e+09 -0.00028611
-1.52947e+09 -0.000286124
-1.52955e+09 -0.000286138
-1.52963e+09 -0.000286153
-1.5297e+09 -0.000286167
-1.52978e+09 -0.000286181
-1.52986e+09 -0.000286195
-1.52993e+09 -0.00028621
-1.53001e+09 -0.000286224
-1.53008e+09 -0.000286238
-1.53016e+09 -0.000286253
-1.53024e+09 -0.000286267
-1.53031e+09 -0.000286281
-1.53039e+09 -0.000286295
-1.53047e+09 -0.00028631
-1.53054e+09 -0.000286324
-1.53062e+09 -0.000286338
-1.53069e+09 -0.000286352
-1.53077e+09 -0.000286367
-1.53085e+09 -0.000286381
-1.53092e+09 -0.000286395
-1.531e+09 -0.000286409
-1.53108e+09 -0.000286424
-1.53115e+09 -0.000286438
-1.53123e+09 -0.000286452
-1.5313e+09 -0.000286466
-1.53138e+09 -0.000286481
-1.53146e+09 -0.000286495
-1.53153e+09 -0.000286509
-1.53161e+09 -0.000286523
-1.53169e+09 -0.000286538
-1.53176e+09 -0.000286552
-1.53184e+09 -0.000286566
-1.53191e+09 -0.000286581
-1.53199e+09 -0.000286595
-1.53207e+09 -0.000286609
-1.53214e+09 -0.000286623
-1.53222e+09 -0.000286638
-1.5323e+09 -0.000286652
-1.53237e+09 -0.000286666
-1.53245e+09 -0.00028668
-1.53252e+09 -0.000286695
-1.5326e+09 -0.000286709
-1.53268e+09 -0.000286723
-1.53275e+09 -0.000286737
-1.53283e+09 -0.000286752
-1.53291e+09 -0.000286766
-1.53298e+09 -0.00028678
-1.53306e+09 -0.000286794
-1.53313e+09 -0.000286809
-1.53321e+09 -0.000286823
-1.53329e+09 -0.000286837
-1.53336e+09 -0.000286851
-1.53344e+09 -0.000286866
-1.53351e+09 -0.00028688
-1.53359e+09 -0.000286894
-1.53367e+09 -0.000286908
-1.53374e+09 -0.000286923
-1.53382e+09 -0.000286937
-1.5339e+09 -0.000286951
-1.53397e+09 -0.000286965
-1.53405e+09 -0.00028698
-1.53412e+09 -0.000286994
-1.5342e+09 -0.000287008
-1.53428e+09 -0.000287023
-1.53435e+09 -0.000287037
-1.53443e+09 -0.000287051
-1.53451e+09 -0.000287065
-1.53458e+09 -0.00028708
-1.53466e+09 -0.000287094
-1.53473e+09 -0.000287108
-1.53481e+09 -0.000287122
-1.53489e+09 -0.000287137
-1.53496e+09 -0.000287151
-1.53504e+09 -0.000287165
-1.53512e+09 -0.000287179
-1.53519e+09 -0.000287194
-1.53527e+09 -0.000287208
-1.53534e+09 -0.000287222
-1.53542e+09 -0.000287236
-1.5355e+09 -0.000287251
-1.53557e+09 -0.000287265
-1.53565e+09 -0.000287279
-1.53573e+09 -0.000287293
-1.5358e+09 -0.000287308
-1.53588e+09 -0.000287322
-1.53595e+09 -0.000287336
-1.53603e+09 -0.00028735
-1.53611e+09 -0.000287365
-1.53618e+09 -0.000287379
-1.53626e+09 -0.000287393
-1.53633e+09 -0.000287407
-1.53641e+09 -0.000287422
-1.53649e+09 -0.000287436
-1.53656e+09 -0.00028745
-1.53664e+09 -0.000287464
-1.53672e+09 -0.000287479
-1.53679e+09 -0.000287493
-1.53687e+09 -0.000287507
-1.53694e+09 -0.000287522
-1.53702e+09 -0.000287536
-1.5371e+09 -0.00028755
-1.53717e+09 -0.000287564
-1.53725e+09 -0.000287579
-1.53733e+09 -0.000287593
-1.5374e+09 -0.000287607
-1.53748e+09 -0.000287621
-1.53755e+09 -0.000287636
-1.53763e+09 -0.00028765
-1.53771e+09 -0.000287664
-1.53778e+09 -0.000287678
-1.53786e+09 -0.000287693
-1.53794e+09 -0.000287707
-1.53801e+09 -0.000287721
-1.53809e+09 -0.000287735
-1.53816e+09 -0.00028775
-1.53824e+09 -0.000287764
-1.53832e+09 -0.000287778
-1.53839e+09 -0.000287792
-1.53847e+09 -0.000287807
-1.53854e+09 -0.000287821
-1.53862e+09 -0.000287835
-1.5387e+09 -0.000287849
-1.53877e+09 -0.000287864
-1.53885e+09 -0.000287878
-1.53893e+09 -0.000287892
-1.539e+09 -0.000287906
-1.53908e+09 -0.000287921
-1.53915e+09 -0.000287935
-1.53923e+09 -0.000287949
-1.53931e+09 -0.000287963
-1.53938e+09 -0.000287978
-1.53946e+09 -0.000287992
-1.53954e+09 -0.000288006
-1.53961e+09 -0.00028802
-1.53969e+09 -0.000288035
-1.53976e+09 -0.000288049
-1.53984e+09 -0.000288063
-1.53992e+09 -0.000288077
-1.53999e+09 -0.000288092
-1.54007e+09 -0.000288106
-1.54014e+09 -0.00028812
-1.54022e+09 -0.000288134
-1.5403e+09 -0.000288149
-1.54037e+09 -0.000288163
-1.54045e+09 -0.000288177
-1.54053e+09 -0.000288192
-1.5406e+09 -0.000288206
-1.54068e+09 -0.00028822
-1.54075e+09 -0.000288234
-1.54083e+09 -0.000288249
-1.54091e+09 -0.000288263
-1.54098e+09 -0.000288277
-1.54106e+09 -0.000288291
-1.54114e+09 -0.000288306
-1.54121e+09 -0.00028832
-1.54129e+09 -0.000288334
-1.54136e+09 -0.000288348
-1.54144e+09 -0.000288363
-1.54152e+09 -0.000288377
-1.54159e+09 -0.000288391
-1.54167e+09 -0.000288405
-1.54174e+09 -0.00028842
-1.54182e+09 -0.000288434
-1.5419e+09 -0.000288448
-1.54197e+09 -0.000288462
-1.54205e+09 -0.000288477
-1.54213e+09 -0.000288491
-1.5422e+09 -0.000288505
-1.54228e+09 -0.000288519
-1.54235e+09 -0.000288534
-1.54243e+09 -0.000288548
-1.54251e+09 -0.000288562
-1.54258e+09 -0.000288576
-1.54266e+09 -0.000288591
-1.54274e+09 -0.000288605
-1.54281e+09 -0.000288619
-1.54289e+09 -0.000288633
-1.54296e+09 -0.000288648
-1.54304e+09 -0.000288662
-1.54312e+09 -0.000288676
-1.54319e+09 -0.00028869
-1.54327e+09 -0.000288705
-1.54334e+09 -0.000288719
-1.54342e+09 -0.000288733
-1.5435e+09 -0.000288747
-1.54357e+09 -0.000288762
-1.54365e+09 -0.000288776
-1.54373e+09 -0.00028879
-1.5438e+09 -0.000288804
-1.54388e+09 -0.000288819
-1.54395e+09 -0.000288833
-1.54403e+09 -0.000288847
-1.54411e+09 -0.000288861
-1.54418e+09 -0.000288876
-1.54426e+09 -0.00028889
-1.54434e+09 -0.000288904
-1.54441e+09 -0.000288918
-1.54449e+09 -0.000288933
-1.54456e+09 -0.000288947
-1.54464e+09 -0.000288961
-1.54472e+09 -0.000288975
-1.54479e+09 -0.00028899
-1.54487e+09 -0.000289004
-1.54494e+09 -0.000289018
-1.54502e+09 -0.000289032
-1.5451e+09 -0.000289047
-1.54517e+09 -0.000289061
-1.54525e+09 -0.000289075
-1.54533e+09 -0.000289089
-1.5454e+09 -0.000289104
-1.54548e+09 -0.000289118
-1.54555e+09 -0.000289132
-1.54563e+09 -0.000289146
-1.54571e+09 -0.000289161
-1.54578e+09 -0.000289175
-1.54586e+09 -0.000289189
-1.54593e+09 -0.000289203
-1.54601e+09 -0.000289218
-1.54609e+09 -0.000289232
-1.54616e+09 -0.000289246
-1.54624e+09 -0.00028926
-1.54632e+09 -0.000289275
-1.54639e+09 -0.000289289
-1.54647e+09 -0.000289303
-1.54654e+09 -0.000289317
-1.54662e+09 -0.000289332
-1.5467e+09 -0.000289346
-1.54677e+09 -0.00028936
-1.54685e+09 -0.000289374
-1.54693e+09 -0.000289389
-1.547e+09 -0.000289403
-1.54708e+09 -0.000289417
-1.54715e+09 -0.000289431
-1.54723e+09 -0.000289446
-1.54731e+09 -0.00028946
-1.54738e+09 -0.000289474
-1.54746e+09 -0.000289488
-1.54753e+09 -0.000289503
-1.54761e+09 -0.000289517
-1.54769e+09 -0.000289531
-1.54776e+09 -0.000289545
-1.54784e+09 -0.00028956
-1.54792e+09 -0.000289574
-1.54799e+09 -0.000289588
-1.54807e+09 -0.000289602
-1.54814e+09 -0.000289617
-1.54822e+09 -0.000289631
-1.5483e+09 -0.000289645
-1.54837e+09 -0.000289659
-1.54845e+09 -0.000289674
-1.54852e+09 -0.000289688
-1.5486e+09 -0.000289702
-1.54868e+09 -0.000289716
-1.54875e+09 -0.000289731
-1.54883e+09 -0.000289745
-1.54891e+09 -0.000289759
-1.54898e+09 -0.000289773
-1.54906e+09 -0.000289788
-1.54913e+09 -0.000289802
-1.54921e+09 -0.000289816
-1.54929e+09 -0.00028983
-1.54936e+09 -0.000289845
-1.54944e+09 -0.000289859
-1.54951e+09 -0.000289873
-1.54959e+09 -0.000289887
-1.54967e+09 -0.000289902
-1.54974e+09 -0.000289916
-1.54982e+09 -0.00028993
-1.5499e+09 -0.000289944
-1.54997e+09 -0.000289959
-1.55005e+09 -0.000289973
-1.55012e+09 -0.000289987
-1.5502e+09 -0.000290001
-1.55028e+09 -0.000290016
-1.55035e+09 -0.00029003
-1.55043e+09 -0.000290044
-1.5505e+09 -0.000290058
-1.55058e+09 -0.000290073
-1.55066e+09 -0.000290087
-1.55073e+09 -0.000290101
-1.55081e+09 -0.000290115
-1.55089e+09 -0.00029013
-1.55096e+09 -0.000290144
-1.55104e+09 -0.000290158
-1.55111e+09 -0.000290172
-1.55119e+09 -0.000290187
-1.55127e+09 -0.000290201
-1.55134e+09 -0.000290215
-1.55142e+09 -0.000290229
-1.55149e+09 -0.000290244
-1.55157e+09 -0.000290258
-1.55165e+09 -0.000290272
-1.55172e+09 -0.000290286
-1.5518e+09 -0.000290301
-1.55188e+09 -0.000290315
-1.55195e+09 -0.000290329
-1.55203e+09 -0.000290343
-1.5521e+09 -0.000290357
-1.55218e+09 -0.000290372
-1.55226e+09 -0.000290386
-1.55233e+09 -0.0002904
-1.55241e+09 -0.000290414
-1.55248e+09 -0.000290429
-1.55256e+09 -0.000290443
-1.55264e+09 -0.000290457
-1.55271e+09 -0.000290471
-1.55279e+09 -0.000290486
-1.55287e+09 -0.0002905
-1.55294e+09 -0.000290514
-1.55302e+09 -0.000290528
-1.55309e+09 -0.000290543
-1.55317e+09 -0.000290557
-1.55325e+09 -0.000290571
-1.55332e+09 -0.000290585
-1.5534e+09 -0.0002906
-1.55347e+09 -0.000290614
-1.55355e+09 -0.000290628
-1.55363e+09 -0.000290642
-1.5537e+09 -0.000290657
-1.55378e+09 -0.000290671
-1.55386e+09 -0.000290685
-1.55393e+09 -0.000290699
-1.55401e+09 -0.000290714
-1.55408e+09 -0.000290728
-1.55416e+09 -0.000290742
-1.55424e+09 -0.000290756
-1.55431e+09 -0.000290771
-1.55439e+09 -0.000290785
-1.55446e+09 -0.000290799
-1.55454e+09 -0.000290813
-1.55462e+09 -0.000290828
-1.55469e+09 -0.000290842
-1.55477e+09 -0.000290856
-1.55485e+09 -0.00029087
-1.55492e+09 -0.000290885
-1.555e+09 -0.000290899
-1.55507e+09 -0.000290913
-1.55515e+09 -0.000290927
-1.55523e+09 -0.000290942
-1.5553e+09 -0.000290956
-1.55538e+09 -0.00029097
-1.55545e+09 -0.000290984
-1.55553e+09 -0.000290998
-1.55561e+09 -0.000291013
-1.55568e+09 -0.000291027
-1.55576e+09 -0.000291041
-1.55584e+09 -0.000291055
-1.55591e+09 -0.00029107
-1.55599e+09 -0.000291084
-1.55606e+09 -0.000291098
-1.55614e+09 -0.000291112
-1.55622e+09 -0.000291127
-1.55629e+09 -0.000291141
-1.55637e+09 -0.000291155
-1.55644e+09 -0.000291169
-1.55652e+09 -0.000291184
-1.5566e+09 -0.000291198
-1.55667e+09 -0.000291212
-1.55675e+09 -0.000291226
-1.55682e+09 -0.000291241
-1.5569e+09 -0.000291255
-1.55698e+09 -0.000291269
-1.55705e+09 -0.000291283
-1.55713e+09 -0.000291298
-1.55721e+09 -0.000291312
-1.55728e+09 -0.000291326
-1.55736e+09 -0.00029134
-1.55743e+09 -0.000291355
-1.55751e+09 -0.000291369
-1.55759e+09 -0.000291383
-1.55766e+09 -0.000291397
-1.55774e+09 -0.000291412
-1.55781e+09 -0.000291426
-1.55789e+09 -0.00029144
-1.55797e+09 -0.000291454
-1.55804e+09 -0.000291469
-1.55812e+09 -0.000291483
-1.5582e+09 -0.000291497
-1.55827e+09 -0.000291511
-1.55835e+09 -0.000291525
-1.55842e+09 -0.00029154
-1.5585e+09 -0.000291554
-1.55858e+09 -0.000291568
-1.55865e+09 -0.000291582
-1.55873e+09 -0.000291597
-1.5588e+09 -0.000291611
-1.55888e+09 -0.000291625
-1.55896e+09 -0.000291639
-1.55903e+09 -0.000291654
-1.55911e+09 -0.000291668
-1.55918e+09 -0.000291682
-1.55926e+09 -0.000291696
-1.55934e+09 -0.000291711
-1.55941e+09 -0.000291725
-1.55949e+09 -0.000291739
-1.55957e+09 -0.000291753
-1.55964e+09 -0.000291768
-1.55972e+09 -0.000291782
-1.55979e+09 -0.000291796
-1.55987e+09 -0.00029181
-1.55995e+09 -0.000291825
-1.56002e+09 -0.000291839
-1.5601e+09 -0.000291853
-1.56017e+09 -0.000291867
-1.56025e+09 -0.000291882
-1.56033e+09 -0.000291896
-1.5604e+09 -0.00029191
-1.56048e+09 -0.000291924
-1.56056e+09 -0.000291938
-1.56063e+09 -0.000291953
-1.56071e+09 -0.000291967
-1.56078e+09 -0.000291981
-1.56086e+09 -0.000291995
-1.56094e+09 -0.00029201
-1.56101e+09 -0.000292024
-1.56109e+09 -0.000292038
-1.56116e+09 -0.000292052
-1.56124e+09 -0.000292067
-1.56132e+09 -0.000292081
-1.56139e+09 -0.000292095
-1.56147e+09 -0.000292109
-1.56154e+09 -0.000292124
-1.56162e+09 -0.000292138
-1.5617e+09 -0.000292152
-1.56177e+09 -0.000292166
-1.56185e+09 -0.000292181
-1.56193e+09 -0.000292195
-1.562e+09 -0.000292209
-1.56208e+09 -0.000292223
-1.56215e+09 -0.000292238
-1.56223e+09 -0.000292252
-1.56231e+09 -0.000292266
-1.56238e+09 -0.00029228
-1.56246e+09 -0.000292294
-1.56253e+09 -0.000292309
-1.56261e+09 -0.000292323
-1.56269e+09 -0.000292337
-1.56276e+09 -0.000292351
-1.56284e+09 -0.000292366
-1.56291e+09 -0.00029238
-1.56299e+09 -0.000292394
-1.56307e+09 -0.000292408
-1.56314e+09 -0.000292423
-1.56322e+09 -0.000292437
-1.5633e+09 -0.000292451
-1.56337e+09 -0.000292465
-1.56345e+09 -0.00029248
-1.56352e+09 -0.000292494
-1.5636e+09 -0.000292508
-1.56368e+09 -0.000292522
-1.56375e+09 -0.000292537
-1.56383e+09 -0.000292551
-1.5639e+09 -0.000292565
-1.56398e+09 -0.000292579
-1.56406e+09 -0.000292593
-1.56413e+09 -0.000292608
-1.56421e+09 -0.000292622
-1.56428e+09 -0.000292636
-1.56436e+09 -0.00029265
-1.56444e+09 -0.000292665
-1.56451e+09 -0.000292679
-1.56459e+09 -0.000292693
-1.56467e+09 -0.000292707
-1.56474e+09 -0.000292722
-1.56482e+09 -0.000292736
-1.56489e+09 -0.00029275
-1.56497e+09 -0.000292764
-1.56505e+09 -0.000292779
-1.56512e+09 -0.000292793
-1.5652e+09 -0.000292807
-1.56527e+09 -0.000292821
-1.56535e+09 -0.000292836
-1.56543e+09 -0.00029285
-1.5655e+09 -0.000292864
-1.56558e+09 -0.000292878
-1.56565e+09 -0.000292892
-1.56573e+09 -0.000292907
-1.56581e+09 -0.000292921
-1.56588e+09 -0.000292935
-1.56596e+09 -0.000292949
-1.56604e+09 -0.000292964
-1.56611e+09 -0.000292978
-1.56619e+09 -0.000292992
-1.56626e+09 -0.000293006
-1.56634e+09 -0.000293021
-1.56642e+09 -0.000293035
-1.56649e+09 -0.000293049
-1.56657e+09 -0.000293063
-1.56664e+09 -0.000293078
-1.56672e+09 -0.000293092
-1.5668e+09 -0.000293106
-1.56687e+09 -0.00029312
-1.56695e+09 -0.000293134
-1.56702e+09 -0.000293149
-1.5671e+09 -0.000293163
-1.56718e+09 -0.000293177
-1.56725e+09 -0.000293191
-1.56733e+09 -0.000293206
-1.5674e+09 -0.00029322
-1.56748e+09 -0.000293234
-1.56756e+09 -0.000293248
-1.56763e+09 -0.000293263
-1.56771e+09 -0.000293277
-1.56779e+09 -0.000293291
-1.56786e+09 -0.000293305
-1.56794e+09 -0.00029332
-1.56801e+09 -0.000293334
-1.56809e+09 -0.000293348
-1.56817e+09 -0.000293362
-1.56824e+09 -0.000293376
-1.56832e+09 -0.000293391
-1.56839e+09 -0.000293405
-1.56847e+09 -0.000293419
-1.56855e+09 -0.000293433
-1.56862e+09 -0.000293448
-1.5687e+09 -0.000293462
-1.56877e+09 -0.000293476
-1.56885e+09 -0.00029349
-1.56893e+09 -0.000293505
-1.569e+09 -0.000293519
-1.56908e+09 -0.000293533
-1.56916e+09 -0.000293547
-1.56923e+09 -0.000293562
-1.56931e+09 -0.000293576
-1.56938e+09 -0.00029359
-1.56946e+09 -0.000293604
-1.56954e+09 -0.000293618
-1.56961e+09 -0.000293633
-1.56969e+09 -0.000293647
-1.56976e+09 -0.000293661
-1.56984e+09 -0.000293675
-1.56992e+09 -0.00029369
-1.56999e+09 -0.000293704
-1.57007e+09 -0.000293718
-1.57014e+09 -0.000293732
-1.57022e+09 -0.000293747
-1.5703e+09 -0.000293761
-1.57037e+09 -0.000293775
-1.57045e+09 -0.000293789
-1.57052e+09 -0.000293803
-1.5706e+09 -0.000293818
-1.57068e+09 -0.000293832
-1.57075e+09 -0.000293846
-1.57083e+09 -0.00029386
-1.57091e+09 -0.000293875
-1.57098e+09 -0.000293889
-1.57106e+09 -0.000293903
-1.57113e+09 -0.000293917
-1.57121e+09 -0.000293932
-1.57129e+09 -0.000293946
-1.57136e+09 -0.00029396
-1.57144e+09 -0.000293974
-1.57151e+09 -0.000293989
-1.57159e+09 -0.000294003
-1.57167e+09 -0.000294017
-1.57174e+09 -0.000294031
-1.57182e+09 -0.000294045
-1.57189e+09 -0.00029406
-1.57197e+09 -0.000294074
-1.57205e+09 -0.000294088
-1.57212e+09 -0.000294102
-1.5722e+09 -0.000294117
-1.57227e+09 -0.000294131
-1.57235e+09 -0.000294145
-1.57243e+09 -0.000294159
-1.5725e+09 -0.000294174
-1.57258e+09 -0.000294188
-1.57265e+09 -0.000294202
-1.57273e+09 -0.000294216
-1.57281e+09 -0.00029423
-1.57288e+09 -0.000294245
-1.57296e+09 -0.000294259
-1.57304e+09 -0.000294273
-1.57311e+09 -0.000294287
-1.57319e+09 -0.000294302
-1.57326e+09 -0.000294316
-1.57334e+09 -0.00029433
-1.57342e+09 -0.000294344
-1.57349e+09 -0.000294359
-1.57357e+09 -0.000294373
-1.57364e+09 -0.000294387
-1.57372e+09 -0.000294401
-1.5738e+09 -0.000294415
-1.57387e+09 -0.00029443
-1.57395e+09 -0.000294444
-1.57402e+09 -0.000294458
-1.5741e+09 -0.000294472
-1.57418e+09 -0.000294487
-1.57425e+09 -0.000294501
-1.57433e+09 -0.000294515
-1.5744e+09 -0.000294529
-1.57448e+09 -0.000294544
-1.57456e+09 -0.000294558
-1.57463e+09 -0.000294572
-1.57471e+09 -0.000294586
-1.57479e+09 -0.0002946
-1.57486e+09 -0.000294615
-1.57494e+09 -0.000294629
-1.57501e+09 -0.000294643
-1.57509e+09 -0.000294657
-1.57517e+09 -0.000294672
-1.57524e+09 -0.000294686
-1.57532e+09 -0.0002947
-1.57539e+09 -0.000294714
-1.57547e+09 -0.000294729
-1.57555e+09 -0.000294743
-1.57562e+09 -0.000294757
-1.5757e+09 -0.000294771
-1.57577e+09 -0.000294785
-1.57585e+09 -0.0002948
-1.57593e+09 -0.000294814
-1.576e+09 -0.000294828
-1.57608e+09 -0.000294842
-1.57615e+09 -0.000294857
-1.57623e+09 -0.000294871
-1.57631e+09 -0.000294885
-1.57638e+09 -0.000294899
-1.57646e+09 -0.000294914
-1.57653e+09 -0.000294928
-1.57661e+09 -0.000294942
-1.57669e+09 -0.000294956
-1.57676e+09 -0.00029497
-1.57684e+09 -0.000294985
-1.57691e+09 -0.000294999
-1.57699e+09 -0.000295013
-1.57707e+09 -0.000295027
-1.57714e+09 -0.000295042
-1.57722e+09 -0.000295056
-1.5773e+09 -0.00029507
-1.57737e+09 -0.000295084
-1.57745e+09 -0.000295099
-1.57752e+09 -0.000295113
-1.5776e+09 -0.000295127
-1.57768e+09 -0.000295141
-1.57775e+09 -0.000295155
-1.57783e+09 -0.00029517
-1.5779e+09 -0.000295184
-1.57798e+09 -0.000295198
-1.57806e+09 -0.000295212
-1.57813e+09 -0.000295227
-1.57821e+09 -0.000295241
-1.57828e+09 -0.000295255
-1.57836e+09 -0.000295269
-1.57844e+09 -0.000295284
-1.57851e+09 -0.000295298
-1.57859e+09 -0.000295312
-1.57866e+09 -0.000295326
-1.57874e+09 -0.00029534
-1.57882e+09 -0.000295355
-1.57889e+09 -0.000295369
-1.57897e+09 -0.000295383
-1.57904e+09 -0.000295397
-1.57912e+09 -0.000295412
-1.5792e+09 -0.000295426
-1.57927e+09 -0.00029544
-1.57935e+09 -0.000295454
-1.57942e+09 -0.000295468
-1.57932e+09 -0.00029545
-1.57876e+09 -0.000295344
-1.5782e+09 -0.000295239
-1.57764e+09 -0.000295134
-1.57708e+09 -0.000295029
-1.57651e+09 -0.000294924
-1.57595e+09 -0.000294819
-1.57539e+09 -0.000294714
-1.57483e+09 -0.000294608
-1.57427e+09 -0.000294503
-1.5737e+09 -0.000294398
-1.57314e+09 -0.000294293
-1.57258e+09 -0.000294188
-1.57202e+09 -0.000294083
-1.57146e+09 -0.000293978
-1.57089e+09 -0.000293872
-1.57033e+09 -0.000293767
-1.56977e+09 -0.000293662
-1.56921e+09 -0.000293557
-1.56864e+09 -0.000293452
-1.56808e+09 -0.000293347
-1.56752e+09 -0.000293242
-1.56696e+09 -0.000293136
-1.5664e+09 -0.000293031
-1.56583e+09 -0.000292926
-1.56527e+09 -0.000292821
-1.56471e+09 -0.000292716
-1.56415e+09 -0.000292611
-1.56359e+09 -0.000292505
-1.56302e+09 -0.0002924
-1.56246e+09 -0.000292295
-1.5619e+09 -0.00029219
-1.56134e+09 -0.000292085
-1.56078e+09 -0.00029198
-1.56021e+09 -0.000291875
-1.55965e+09 -0.000291769
-1.55909e+09 -0.000291664
-1.55853e+09 -0.000291559
-1.55796e+09 -0.000291454
-1.5574e+09 -0.000291349
-1.55684e+09 -0.000291244
-1.55628e+09 -0.000291138
-1.55572e+09 -0.000291033
-1.55515e+09 -0.000290928
-1.55459e+09 -0.000290823
-1.55403e+09 -0.000290718
-1.55347e+09 -0.000290613
-1.55291e+09 -0.000290507
-1.55234e+09 -0.000290402
-1.55178e+09 -0.000290297
-1.55122e+09 -0.000290192
-1.55066e+09 -0.000290087
-1.55009e+09 -0.000289982
-1.54953e+09 -0.000289876
-1.54897e+09 -0.000289771
-1.54841e+09 -0.000289666
-1.54785e+09 -0.000289561
-1.54728e+09 -0.000289456
-1.54672e+09 -0.000289351
-1.54616e+09 -0.000289245
-1.5456e+09 -0.00028914
-1.54504e+09 -0.000289035
-1.54447e+09 -0.00028893
-1.54391e+09 -0.000288825
-1.54323e+09 -0.000288697
-1.54253e+09 -0.000288566
-1.54183e+09 -0.000288435
-1.54113e+09 -0.000288305
-1.54043e+09 -0.000288174
-1.53973e+09 -0.000288043
-1.53904e+09 -0.000287913
-1.53834e+09 -0.000287782
-1.53764e+09 -0.000287651
-1.53694e+09 -0.000287521
-1.53624e+09 -0.00028739
-1.53554e+09 -0.000287259
-1.53485e+09 -0.000287129
-1.53415e+09 -0.000286998
-1.53345e+09 -0.000286868
-1.53275e+09 -0.000286737
-1.53205e+09 -0.000286606
-1.53135e+09 -0.000286476
-1.53065e+09 -0.000286345
-1.52996e+09 -0.000286214
-1.52926e+09 -0.000286084
-1.52856e+09 -0.000285953
-1.52786e+09 -0.000285822
-1.52716e+09 -0.000285692
-1.52646e+09 -0.000285561
-1.52577e+09 -0.00028543
-1.52507e+09 -0.0002853
-1.52437e+09 -0.000285169
-1.52367e+09 -0.000285038
-1.52297e+09 -0.000284908
-1.52227e+09 -0.000284777
-1.52158e+09 -0.000284646
-1.52088e+09 -0.000284516
-1.52018e+09 -0.000284385
-1.51948e+09 -0.000284254
-1.51878e+09 -0.000284124
-1.51808e+09 -0.000283993
-1.51738e+09 -0.000283862
-1.51669e+09 -0.000283732
-1.51599e+09 -0.000283601
-1.51529e+09 -0.00028347
-1.51459e+09 -0.00028334
-1.51389e+09 -0.000283209
-1.51319e+09 -0.000283079
-1.5125e+09 -0.000282948
-1.5118e+09 -0.000282817
-1.5111e+09 -0.000282687
-1.5104e+09 -0.000282556
-1.5097e+09 -0.000282425
-1.509e+09 -0.000282295
-1.50831e+09 -0.000282164
-1.50761e+09 -0.000282033
-1.50691e+09 -0.000281903
-1.50621e+09 -0.000281772
-1.50551e+09 -0.000281641
-1.50481e+09 -0.000281511
-1.50412e+09 -0.00028138
-1.50342e+09 -0.000281249
-1.50272e+09 -0.000281119
-1.50202e+09 -0.000280988
-1.50132e+09 -0.000280857
-1.50062e+09 -0.000280727
-1.49992e+09 -0.000280596
-1.49923e+09 -0.000280465
-1.49853e+09 -0.000280335
-1.49783e+09 -0.000280204
-1.49713e+09 -0.000280073
-1.49643e+09 -0.000279943
-1.49573e+09 -0.000279812
-1.49504e+09 -0.000279682
-1.49434e+09 -0.000279551
-1.49364e+09 -0.00027942
-1.49294e+09 -0.00027929
-1.49224e+09 -0.000279159
-1.49154e+09 -0.000279028
-1.49085e+09 -0.000278898
-1.49015e+09 -0.000278767
-1.48945e+09 -0.000278636
-1.48875e+09 -0.000278506
-1.48805e+09 -0.000278375
-1.48735e+09 -0.000278244
-1.48666e+09 -0.000278114
-1.48596e+09 -0.000277983
-1.48526e+09 -0.000277852
-1.48456e+09 -0.000277722
-1.48386e+09 -0.000277591
-1.48316e+09 -0.00027746
-1.48246e+09 -0.00027733
-1.48177e+09 -0.000277199
-1.48107e+09 -0.000277068
-1.48037e+09 -0.000276938
-1.47967e+09 -0.000276807
-1.47897e+09 -0.000276677
-1.47827e+09 -0.000276546
-1.47758e+09 -0.000276415
-1.47688e+09 -0.000276285
-1.47618e+09 -0.000276154
-1.47548e+09 -0.000276023
-1.47478e+09 -0.000275893
-1.47408e+09 -0.000275762
-1.47339e+09 -0.000275631
-1.47269e+09 -0.000275501
-1.47199e+09 -0.00027537
-1.47129e+09 -0.000275239
-1.47059e+09 -0.000275109
-1.46989e+09 -0.000274978
-1.4692e+09 -0.000274847
-1.4685e+09 -0.000274717
-1.4678e+09 -0.000274586
-1.4671e+09 -0.000274455
-1.4664e+09 -0.000274325
-1.4657e+09 -0.000274194
-1.465e+09 -0.000274064
-1.46431e+09 -0.000273933
-1.46361e+09 -0.000273802
-1.46291e+09 -0.000273672
-1.46221e+09 -0.000273541
-1.46151e+09 -0.00027341
-1.46081e+09 -0.00027328
-1.46012e+09 -0.000273149
-1.45942e+09 -0.000273018
-1.45872e+09 -0.000272888
-1.45802e+09 -0.000272757
-1.45732e+09 -0.000272626
-1.45662e+09 -0.000272496
-1.45593e+09 -0.000272365
-1.45523e+09 -0.000272234
-1.45453e+09 -0.000272104
-1.45383e+09 -0.000271973
-1.45313e+09 -0.000271842
-1.45243e+09 -0.000271712
-1.45174e+09 -0.000271581
-1.45104e+09 -0.000271451
-1.45034e+09 -0.00027132
-1.44964e+09 -0.000271189
-1.44894e+09 -0.000271059
-1.44824e+09 -0.000270928
-1.44755e+09 -0.000270797
-1.44685e+09 -0.000270667
-1.44615e+09 -0.000270536
-1.44545e+09 -0.000270405
-1.44475e+09 -0.000270275
-1.44405e+09 -0.000270144
-1.44335e+09 -0.000270013
-1.44266e+09 -0.000269883
-1.44196e+09 -0.000269752
-1.44126e+09 -0.000269621
-1.44056e+09 -0.000269491
-1.43986e+09 -0.00026936
-1.43916e+09 -0.00026923
-1.43847e+09 -0.000269099
-1.43777e+09 -0.000268968
-1.43707e+09 -0.000268838
-1.43637e+09 -0.000268707
-1.43567e+09 -0.000268576
-1.43497e+09 -0.000268446
-1.43428e+09 -0.000268315
-1.43358e+09 -0.000268184
-1.43288e+09 -0.000268054
-1.43218e+09 -0.000267923
-1.43148e+09 -0.000267792
-1.43078e+09 -0.000267662
-1.43009e+09 -0.000267531
-1.42939e+09 -0.0002674
-1.42869e+09 -0.00026727
-1.42799e+09 -0.000267139
-1.42729e+09 -0.000267009
-1.42659e+09 -0.000266878
-1.4259e+09 -0.000266747
-1.4252e+09 -0.000266617
-1.4245e+09 -0.000266486
-1.4238e+09 -0.000266355
-1.4231e+09 -0.000266225
-1.4224e+09 -0.000266094
-1.42171e+09 -0.000265963
-1.42101e+09 -0.000265833
-1.42031e+09 -0.000265702
-1.41961e+09 -0.000265571
-1.41891e+09 -0.000265441
-1.41821e+09 -0.00026531
-1.41752e+09 -0.000265179
-1.41682e+09 -0.000265049
-1.41612e+09 -0.000264918
-1.41542e+09 -0.000264788
-1.41472e+09 -0.000264657
-1.41402e+09 -0.000264526
-1.41332e+09 -0.000264396
-1.41263e+09 -0.000264265
-1.41193e+09 -0.000264134
-1.41123e+09 -0.000264004
-1.41053e+09 -0.000263873
-1.40983e+09 -0.000263742
-1.40913e+09 -0.000263612
-1.40844e+09 -0.000263481
-1.40774e+09 -0.00026335
-1.40704e+09 -0.00026322
-1.40634e+09 -0.000263089
-1.40564e+09 -0.000262958
-1.40494e+09 -0.000262828
-1.40425e+09 -0.000262697
-1.40355e+09 -0.000262567
-1.40285e+09 -0.000262436
-1.40215e+09 -0.000262305
-1.40145e+09 -0.000262175
-1.40075e+09 -0.000262044
-1.40006e+09 -0.000261913
-1.39936e+09 -0.000261783
-1.39866e+09 -0.000261652
-1.39796e+09 -0.000261521
-1.39726e+09 -0.000261391
-1.39656e+09 -0.00026126
-1.39587e+09 -0.000261129
-1.39517e+09 -0.000260999
-1.39447e+09 -0.000260868
-1.39377e+09 -0.000260738
-1.39307e+09 -0.000260607
-1.39237e+09 -0.000260476
-1.39168e+09 -0.000260346
-1.39098e+09 -0.000260215
-1.39028e+09 -0.000260084
-1.38958e+09 -0.000259954
-1.38888e+09 -0.000259823
-1.38818e+09 -0.000259692
-1.38749e+09 -0.000259562
-1.38679e+09 -0.000259431
-1.38609e+09 -0.0002593
-1.38539e+09 -0.00025917
-1.38469e+09 -0.000259039
-1.38399e+09 -0.000258909
-1.3833e+09 -0.000258778
-1.3826e+09 -0.000258647
-1.3819e+09 -0.000258517
-1.3812e+09 -0.000258386
-1.3805e+09 -0.000258255
-1.3798e+09 -0.000258125
-1.37911e+09 -0.000257994
-1.37841e+09 -0.000257863
-1.37771e+09 -0.000257733
-1.37701e+09 -0.000257602
-1.37631e+09 -0.000257471
-1.37561e+09 -0.000257341
-1.37492e+09 -0.00025721
-1.37422e+09 -0.00025708
-1.37352e+09 -0.000256949
-1.37282e+09 -0.000256818
-1.37212e+09 -0.000256688
-1.37142e+09 -0.000256557
-1.37073e+09 -0.000256426
-1.37003e+09 -0.000256296
-1.36933e+09 -0.000256165
-1.36863e+09 -0.000256034
-1.36793e+09 -0.000255904
-1.36723e+09 -0.000255773
-1.36653e+09 -0.000255642
-1.36584e+09 -0.000255512
-1.36514e+09 -0.000255381
-1.36444e+09 -0.000255251
-1.36374e+09 -0.00025512
-1.36304e+09 -0.000254989
-1.36234e+09 -0.000254859
-1.36165e+09 -0.000254728
-1.36095e+09 -0.000254597
-1.36025e+09 -0.000254467
-1.35955e+09 -0.000254336
-1.35885e+09 -0.000254205
-1.35815e+09 -0.000254075
-1.35746e+09 -0.000253944
-1.35676e+09 -0.000253813
-1.35606e+09 -0.000253683
-1.35536e+09 -0.000253552
-1.35466e+09 -0.000253422
-1.35396e+09 -0.000253291
-1.35327e+09 -0.00025316
-1.35257e+09 -0.00025303
-1.35187e+09 -0.000252899
-1.35117e+09 -0.000252768
-1.35047e+09 -0.000252638
-1.34977e+09 -0.000252507
-1.34908e+09 -0.000252376
-1.34838e+09 -0.000252246
-1.34768e+09 -0.000252115
-1.34698e+09 -0.000251984
-1.34628e+09 -0.000251854
-1.34558e+09 -0.000251723
-1.34489e+09 -0.000251593
-1.34419e+09 -0.000251462
-1.34349e+09 -0.000251331
-1.34279e+09 -0.000251201
-1.34209e+09 -0.00025107
-1.34139e+09 -0.000250939
-1.3407e+09 -0.000250809
-1.34e+09 -0.000250678
-1.3393e+09 -0.000250547
-1.3386e+09 -0.000250417
-1.3379e+09 -0.000250286
-1.3372e+09 -0.000250156
-1.33651e+09 -0.000250025
-1.33581e+09 -0.000249894
-1.33511e+09 -0.000249764
-1.33441e+09 -0.000249633
-1.33371e+09 -0.000249502
-1.33301e+09 -0.000249372
-1.33232e+09 -0.000249241
-1.33162e+09 -0.00024911
-1.33092e+09 -0.00024898
-1.33022e+09 -0.000248849
-1.32952e+09 -0.000248718
-1.32882e+09 -0.000248588
-1.32813e+09 -0.000248457
-1.32743e+09 -0.000248327
-1.32673e+09 -0.000248196
-1.32603e+09 -0.000248065
-1.32533e+09 -0.000247935
-1.32463e+09 -0.000247804
-1.32394e+09 -0.000247673
-1.32324e+09 -0.000247543
-1.32254e+09 -0.000247412
-1.32184e+09 -0.000247281
-1.32114e+09 -0.000247151
-1.32044e+09 -0.00024702
-1.31975e+09 -0.00024689
-1.31905e+09 -0.000246759
-1.31835e+09 -0.000246628
-1.31765e+09 -0.000246498
-1.31695e+09 -0.000246367
-1.31625e+09 -0.000246236
-1.31556e+09 -0.000246106
-1.31486e+09 -0.000245975
-1.31416e+09 -0.000245844
-1.31346e+09 -0.000245714
-1.31276e+09 -0.000245583
-1.31206e+09 -0.000245453
-1.31137e+09 -0.000245322
-1.31067e+09 -0.000245191
-1.30997e+09 -0.000245061
-1.30927e+09 -0.00024493
-1.30857e+09 -0.000244799
-1.30788e+09 -0.000244669
-1.30718e+09 -0.000244538
-1.30648e+09 -0.000244407
-1.30578e+09 -0.000244277
-1.30508e+09 -0.000244146
-1.30438e+09 -0.000244016
-1.30369e+09 -0.000243885
-1.30299e+09 -0.000243754
-1.30229e+09 -0.000243624
-1.30159e+09 -0.000243493
-1.30089e+09 -0.000243362
-1.30019e+09 -0.000243232
-1.2995e+09 -0.000243101
-1.2988e+09 -0.00024297
-1.2981e+09 -0.00024284
-1.2974e+09 -0.000242709
-1.2967e+09 -0.000242579
-1.296e+09 -0.000242448
-1.29531e+09 -0.000242317
-1.29461e+09 -0.000242187
-1.29391e+09 -0.000242056
-1.29321e+09 -0.000241925
-1.29251e+09 -0.000241795
-1.29181e+09 -0.000241664
-1.29112e+09 -0.000241533
-1.29042e+09 -0.000241403
-1.28972e+09 -0.000241272
-1.28902e+09 -0.000241142
-1.28832e+09 -0.000241011
-1.28762e+09 -0.00024088
-1.28693e+09 -0.00024075
-1.28623e+09 -0.000240619
-1.28553e+09 -0.000240488
-1.28483e+09 -0.000240358
-1.28413e+09 -0.000240227
-1.28343e+09 -0.000240096
-1.28274e+09 -0.000239966
-1.28204e+09 -0.000239835
-1.28134e+09 -0.000239705
-1.28064e+09 -0.000239574
-1.27994e+09 -0.000239443
-1.27924e+09 -0.000239313
-1.27855e+09 -0.000239182
-1.27785e+09 -0.000239051
-1.27715e+09 -0.000238921
-1.27645e+09 -0.00023879
-1.27575e+09 -0.000238659
-1.27505e+09 -0.000238529
-1.27436e+09 -0.000238398
-1.27366e+09 -0.000238268
-1.27296e+09 -0.000238137
-1.27226e+09 -0.000238006
-1.27156e+09 -0.000237876
-1.27086e+09 -0.000237745
-1.27017e+09 -0.000237614
-1.26947e+09 -0.000237484
-1.26877e+09 -0.000237353
-1.26807e+09 -0.000237222
-1.26737e+09 -0.000237092
-1.26667e+09 -0.000236961
-1.26598e+09 -0.000236831
-1.26528e+09 -0.0002367
-1.26458e+09 -0.000236569
-1.26388e+09 -0.000236439
-1.26318e+09 -0.000236308
-1.26248e+09 -0.000236177
-1.26179e+09 -0.000236047
-1.26109e+09 -0.000235916
-1.26039e+09 -0.000235786
-1.25969e+09 -0.000235655
-1.25899e+09 -0.000235524
-1.2583e+09 -0.000235394
-1.2576e+09 -0.000235263
-1.2569e+09 -0.000235132
-1.2562e+09 -0.000235002
-1.2555e+09 -0.000234871
-1.2548e+09 -0.00023474
-1.25411e+09 -0.00023461
-1.25341e+09 -0.000234479
-1.25271e+09 -0.000234349
-1.25201e+09 -0.000234218
-1.25131e+09 -0.000234087
-1.25061e+09 -0.000233957
-1.24992e+09 -0.000233826
-1.24922e+09 -0.000233695
-1.24852e+09 -0.000233565
-1.24782e+09 -0.000233434
-1.24712e+09 -0.000233304
-1.24642e+09 -0.000233173
-1.24573e+09 -0.000233042
-1.24503e+09 -0.000232912
-1.24433e+09 -0.000232781
-1.24363e+09 -0.00023265
-1.24293e+09 -0.00023252
-1.24223e+09 -0.000232389
-1.24154e+09 -0.000232258
-1.24084e+09 -0.000232128
-1.24014e+09 -0.000231997
-1.23944e+09 -0.000231867
-1.23874e+09 -0.000231736
-1.23804e+09 -0.000231605
-1.23735e+09 -0.000231475
-1.23665e+09 -0.000231344
-1.23595e+09 -0.000231213
-1.23525e+09 -0.000231083
-1.23455e+09 -0.000230952
-1.23385e+09 -0.000230822
-1.23316e+09 -0.000230691
-1.23246e+09 -0.00023056
-1.23176e+09 -0.00023043
-1.23106e+09 -0.000230299
-1.23036e+09 -0.000230168
-1.22967e+09 -0.000230038
-1.22897e+09 -0.000229907
-1.22827e+09 -0.000229776
-1.22757e+09 -0.000229646
-1.22687e+09 -0.000229515
-1.22617e+09 -0.000229385
-1.22548e+09 -0.000229254
-1.22478e+09 -0.000229123
-1.22408e+09 -0.000228993
-1.22338e+09 -0.000228862
-1.22268e+09 -0.000228731
-1.22198e+09 -0.000228601
-1.22129e+09 -0.00022847
-1.22059e+09 -0.00022834
-1.21989e+09 -0.000228209
-1.21919e+09 -0.000228078
-1.21849e+09 -0.000227948
-1.21779e+09 -0.000227817
-1.2171e+09 -0.000227686
-1.2164e+09 -0.000227556
-1.2157e+09 -0.000227425
-1.215e+09 -0.000227294
-1.2143e+09 -0.000227164
-1.2136e+09 -0.000227033
-1.21291e+09 -0.000226903
-1.21221e+09 -0.000226772
-1.21151e+09 -0.000226641
-1.21081e+09 -0.000226511
-1.21011e+09 -0.00022638
-1.20941e+09 -0.000226249
-1.20872e+09 -0.000226119
-1.20802e+09 -0.000225988
-1.20732e+09 -0.000225858
-1.20662e+09 -0.000225727
-1.20592e+09 -0.000225596
-1.20523e+09 -0.000225466
-1.20453e+09 -0.000225335
-1.20383e+09 -0.000225204
-1.20313e+09 -0.000225074
-1.20243e+09 -0.000224943
-1.20173e+09 -0.000224813
-1.20104e+09 -0.000224682
-1.20034e+09 -0.000224551
-1.19964e+09 -0.000224421
-1.19894e+09 -0.00022429
-1.19824e+09 -0.000224159
-1.19754e+09 -0.000224029
-1.19685e+09 -0.000223898
-1.19615e+09 -0.000223768
-1.19545e+09 -0.000223637
-1.19475e+09 -0.000223506
-1.19405e+09 -0.000223376
-1.19335e+09 -0.000223245
-1.19266e+09 -0.000223114
-1.19196e+09 -0.000222984
-1.19126e+09 -0.000222853
-1.19056e+09 -0.000222722
-1.18986e+09 -0.000222592
-1.18917e+09 -0.000222461
-1.18847e+09 -0.000222331
-1.18777e+09 -0.0002222
-1.18707e+09 -0.000222069
-1.18637e+09 -0.000221939
-1.18567e+09 -0.000221808
-1.18498e+09 -0.000221677
-1.18428e+09 -0.000221547
-1.18358e+09 -0.000221416
-1.18288e+09 -0.000221286
-1.18218e+09 -0.000221155
-1.18148e+09 -0.000221024
-1.18079e+09 -0.000220894
-1.18009e+09 -0.000220763
-1.17939e+09 -0.000220632
-1.17869e+09 -0.000220502
-1.17799e+09 -0.000220371
-1.17729e+09 -0.000220241
-1.1766e+09 -0.00022011
-1.1759e+09 -0.000219979
-1.1752e+09 -0.000219849
-1.1745e+09 -0.000219718
-1.1738e+09 -0.000219587
-1.17311e+09 -0.000219457
-1.17241e+09 -0.000219326
-1.17171e+09 -0.000219196
-1.17101e+09 -0.000219065
-1.17031e+09 -0.000218934
-1.16961e+09 -0.000218804
-1.16892e+09 -0.000218673
-1.16822e+09 -0.000218542
-1.16752e+09 -0.000218412
-1.16682e+09 -0.000218281
-1.16612e+09 -0.000218151
-1.16542e+09 -0.00021802
-1.16473e+09 -0.000217889
-1.16403e+09 -0.000217759
-1.16333e+09 -0.000217628
-1.16263e+09 -0.000217497
-1.16193e+09 -0.000217367
-1.16123e+09 -0.000217236
-1.16054e+09 -0.000217106
-1.15984e+09 -0.000216975
-1.15914e+09 -0.000216844
-1.15844e+09 -0.000216714
-1.15774e+09 -0.000216583
-1.15705e+09 -0.000216452
-1.15635e+09 -0.000216322
-1.15565e+09 -0.000216191
-1.15495e+09 -0.000216061
-1.15425e+09 -0.00021593
-1.15355e+09 -0.000215799
-1.15286e+09 -0.000215669
-1.15216e+09 -0.000215538
-1.15146e+09 -0.000215407
-1.15076e+09 -0.000215277
-1.15006e+09 -0.000215146
-1.14936e+09 -0.000215016
-1.14867e+09 -0.000214885
-1.14797e+09 -0.000214754
-1.14727e+09 -0.000214624
-1.14657e+09 -0.000214493
-1.14587e+09 -0.000214362
-1.14517e+09 -0.000214232
-1.14448e+09 -0.000214101
-1.14378e+09 -0.000213971
-1.14308e+09 -0.00021384
-1.14238e+09 -0.000213709
-1.14168e+09 -0.000213579
-1.14099e+09 -0.000213448
-1.14029e+09 -0.000213317
-1.13959e+09 -0.000213187
-1.13889e+09 -0.000213056
-1.13819e+09 -0.000212926
-1.13749e+09 -0.000212795
-1.1368e+09 -0.000212664
-1.1361e+09 -0.000212534
-1.1354e+09 -0.000212403
-1.1347e+09 -0.000212272
-1.134e+09 -0.000212142
-1.1333e+09 -0.000212011
-1.13261e+09 -0.000211881
-1.13191e+09 -0.00021175
-1.13121e+09 -0.000211619
-1.13051e+09 -0.000211489
-1.12981e+09 -0.000211358
-1.12912e+09 -0.000211228
-1.12842e+09 -0.000211097
-1.12772e+09 -0.000210966
-1.12702e+09 -0.000210836
-1.12632e+09 -0.000210705
-1.12562e+09 -0.000210574
-1.12493e+09 -0.000210444
-1.12423e+09 -0.000210313
-1.12353e+09 -0.000210183
-1.12283e+09 -0.000210052
-1.12213e+09 -0.000209921
-1.12143e+09 -0.000209791
-1.12074e+09 -0.00020966
-1.12004e+09 -0.000209529
-1.11934e+09 -0.000209399
-1.11864e+09 -0.000209268
-1.11794e+09 -0.000209138
-1.11725e+09 -0.000209007
-1.11655e+09 -0.000208876
-1.11585e+09 -0.000208746
-1.11515e+09 -0.000208615
-1.11445e+09 -0.000208484
-1.11375e+09 -0.000208354
-1.11306e+09 -0.000208223
-1.11236e+09 -0.000208093
-1.11166e+09 -0.000207962
-1.11096e+09 -0.000207831
-1.11026e+09 -0.000207701
-1.10956e+09 -0.00020757
-1.10887e+09 -0.000207439
-1.10817e+09 -0.000207309
-1.10747e+09 -0.000207178
-1.10677e+09 -0.000207048
-1.10607e+09 -0.000206917
-1.10538e+09 -0.000206786
-1.10468e+09 -0.000206656
-1.10398e+09 -0.000206525
-1.10328e+09 -0.000206395
-1.10258e+09 -0.000206264
-1.10188e+09 -0.000206133
-1.10119e+09 -0.000206003
-1.10049e+09 -0.000205872
-1.09979e+09 -0.000205741
-1.09909e+09 -0.000205611
-1.09839e+09 -0.00020548
-1.09769e+09 -0.00020535
-1.097e+09 -0.000205219
-1.0963e+09 -0.000205088
-1.0956e+09 -0.000204958
-1.0949e+09 -0.000204827
-1.0942e+09 -0.000204696
-1.09351e+09 -0.000204566
-1.09281e+09 -0.000204435
-1.09211e+09 -0.000204305
-1.09141e+09 -0.000204174
-1.09071e+09 -0.000204043
-1.09001e+09 -0.000203913
-1.08932e+09 -0.000203782
-1.08862e+09 -0.000203652
-1.08792e+09 -0.000203521
-1.08722e+09 -0.00020339
-1.08652e+09 -0.00020326
-1.08582e+09 -0.000203129
-1.08513e+09 -0.000202998
-1.08443e+09 -0.000202868
-1.08373e+09 -0.000202737
-1.08303e+09 -0.000202607
-1.08233e+09 -0.000202476
-1.08164e+09 -0.000202345
-1.08094e+09 -0.000202215
-1.08024e+09 -0.000202084
-1.07954e+09 -0.000201953
-1.07884e+09 -0.000201823
-1.07814e+09 -0.000201692
-1.07745e+09 -0.000201562
-1.07675e+09 -0.000201431
-1.07605e+09 -0.0002013
-1.07535e+09 -0.00020117
-1.07465e+09 -0.000201039
-1.07396e+09 -0.000200909
-1.07326e+09 -0.000200778
-1.07256e+09 -0.000200647
-1.07186e+09 -0.000200517
-1.07116e+09 -0.000200386
-1.07046e+09 -0.000200255
-1.06977e+09 -0.000200125
-1.06907e+09 -0.000199994
-1.06837e+09 -0.000199864
-1.06767e+09 -0.000199733
-1.06697e+09 -0.000199602
-1.06627e+09 -0.000199472
-1.06558e+09 -0.000199341
-1.06488e+09 -0.000199211
-1.06418e+09 -0.00019908
-1.06348e+09 -0.000198949
-1.06278e+09 -0.000198819
-1.06209e+09 -0.000198688
-1.06139e+09 -0.000198557
-1.06069e+09 -0.000198427
-1.05999e+09 -0.000198296
-1.05929e+09 -0.000198166
-1.05859e+09 -0.000198035
-1.0579e+09 -0.000197904
-1.0572e+09 -0.000197774
-1.0565e+09 -0.000197643
-1.0558e+09 -0.000197512
-1.0551e+09 -0.000197382
-1.05441e+09 -0.000197251
-1.05371e+09 -0.000197121
-1.05301e+09 -0.00019699
-1.05231e+09 -0.000196859
-1.05161e+09 -0.000196729
-1.05091e+09 -0.000196598
-1.05022e+09 -0.000196468
-1.04952e+09 -0.000196337
-1.04882e+09 -0.000196206
-1.04812e+09 -0.000196076
-1.04742e+09 -0.000195945
-1.04673e+09 -0.000195814
-1.04603e+09 -0.000195684
-1.04533e+09 -0.000195553
-1.04463e+09 -0.000195423
-1.04393e+09 -0.000195292
-1.04323e+09 -0.000195161
-1.04254e+09 -0.000195031
-1.04184e+09 -0.0001949
-1.04114e+09 -0.00019477
-1.04044e+09 -0.000194639
-1.03974e+09 -0.000194508
-1.03904e+09 -0.000194378
-1.03835e+09 -0.000194247
-1.03765e+09 -0.000194116
-1.03695e+09 -0.000193986
-1.03625e+09 -0.000193855
-1.03555e+09 -0.000193725
-1.03486e+09 -0.000193594
-1.03416e+09 -0.000193463
-1.03346e+09 -0.000193333
-1.03276e+09 -0.000193202
-1.03206e+09 -0.000193072
-1.03136e+09 -0.000192941
-1.03067e+09 -0.00019281
-1.02997e+09 -0.00019268
-1.02927e+09 -0.000192549
-1.02857e+09 -0.000192419
-1.02787e+09 -0.000192288
-1.02718e+09 -0.000192157
-1.02648e+09 -0.000192027
-1.02578e+09 -0.000191896
-1.02508e+09 -0.000191765
-1.02438e+09 -0.000191635
-1.02368e+09 -0.000191504
-1.02299e+09 -0.000191374
-1.02229e+09 -0.000191243
-1.02159e+09 -0.000191112
-1.02089e+09 -0.000190982
-1.02019e+09 -0.000190851
-1.0195e+09 -0.000190721
-1.0188e+09 -0.00019059
-1.0181e+09 -0.000190459
-1.0174e+09 -0.000190329
-1.0167e+09 -0.000190198
-1.016e+09 -0.000190067
-1.01531e+09 -0.000189937
-1.01461e+09 -0.000189806
-1.01391e+09 -0.000189676
-1.01321e+09 -0.000189545
-1.01251e+09 -0.000189414
-1.01182e+09 -0.000189284
-1.01112e+09 -0.000189153
-1.01042e+09 -0.000189023
-1.00972e+09 -0.000188892
-1.00902e+09 -0.000188761
-1.00832e+09 -0.000188631
-1.00763e+09 -0.0001885
-1.00693e+09 -0.000188369
-1.00623e+09 -0.000188239
-1.00553e+09 -0.000188108
-1.00483e+09 -0.000187978
-1.00414e+09 -0.000187847
-1.00344e+09 -0.000187716
-1.00274e+09 -0.000187586
-1.00204e+09 -0.000187455
-1.00134e+09 -0.000187325
-1.00064e+09 -0.000187194
-9.99946e+08 -0.000187063
-9.99248e+08 -0.000186933
-9.9855e+08 -0.000186802
-9.97852e+08 -0.000186672
-9.97153e+08 -0.000186541
-9.96455e+08 -0.00018641
-9.95757e+08 -0.00018628
-9.95059e+08 -0.000186149
-9.94361e+08 -0.000186018
-9.93662e+08 -0.000185888
-9.92964e+08 -0.000185757
-9.92266e+08 -0.000185627
-9.91568e+08 -0.000185496
-9.9087e+08 -0.000185365
-9.90172e+08 -0.000185235
-9.89473e+08 -0.000185104
-9.88775e+08 -0.000184974
-9.88077e+08 -0.000184843
-9.87379e+08 -0.000184712
-9.86681e+08 -0.000184582
-9.85982e+08 -0.000184451
-9.85284e+08 -0.000184321
-9.84586e+08 -0.00018419
-9.83888e+08 -0.000184059
-9.8319e+08 -0.000183929
-9.82492e+08 -0.000183798
-9.81793e+08 -0.000183667
-9.81095e+08 -0.000183537
-9.80397e+08 -0.000183406
-9.79699e+08 -0.000183276
-9.79001e+08 -0.000183145
-9.78303e+08 -0.000183014
-9.77604e+08 -0.000182884
-9.76906e+08 -0.000182753
-9.76208e+08 -0.000182623
-9.7551e+08 -0.000182492
-9.74812e+08 -0.000182361
-9.74114e+08 -0.000182231
-9.73415e+08 -0.0001821
-9.72717e+08 -0.00018197
-9.72019e+08 -0.000181839
-9.71321e+08 -0.000181708
-9.70623e+08 -0.000181578
-9.69924e+08 -0.000181447
-9.69226e+08 -0.000181317
-9.68528e+08 -0.000181186
-9.6783e+08 -0.000181055
-9.67132e+08 -0.000180925
-9.66434e+08 -0.000180794
-9.65735e+08 -0.000180663
-9.65037e+08 -0.000180533
-9.64339e+08 -0.000180402
-9.63641e+08 -0.000180272
-9.62943e+08 -0.000180141
-9.62245e+08 -0.00018001
-9.61546e+08 -0.00017988
-9.60848e+08 -0.000179749
-9.6015e+08 -0.000179619
-9.59452e+08 -0.000179488
-9.58754e+08 -0.000179357
-9.58056e+08 -0.000179227
-9.57357e+08 -0.000179096
-9.56659e+08 -0.000178966
-9.55961e+08 -0.000178835
-9.55263e+08 -0.000178704
-9.54565e+08 -0.000178574
-9.53867e+08 -0.000178443
-9.53168e+08 -0.000178313
-9.5247e+08 -0.000178182
-9.51772e+08 -0.000178051
-9.51074e+08 -0.000177921
-9.50376e+08 -0.00017779
-9.49678e+08 -0.000177659
-9.4898e+08 -0.000177529
-9.48281e+08 -0.000177398
-9.47583e+08 -0.000177268
-9.46885e+08 -0.000177137
-9.46187e+08 -0.000177006
-9.45489e+08 -0.000176876
-9.44791e+08 -0.000176745
-9.44092e+08 -0.000176615
-9.43394e+08 -0.000176484
-9.42696e+08 -0.000176353
-9.41998e+08 -0.000176223
-9.413e+08 -0.000176092
-9.40602e+08 -0.000175962
-9.39903e+08 -0.000175831
-9.39205e+08 -0.0001757
-9.38507e+08 -0.00017557
-9.37809e+08 -0.000175439
-9.37111e+08 -0.000175309
-9.36413e+08 -0.000175178
-9.35715e+08 -0.000175047
-9.35016e+08 -0.000174917
-9.34318e+08 -0.000174786
-9.3362e+08 -0.000174656
-9.32922e+08 -0.000174525
-9.32224e+08 -0.000174394
-9.31526e+08 -0.000174264
-9.30827e+08 -0.000174133
-9.30129e+08 -0.000174003
-9.29431e+08 -0.000173872
-9.28733e+08 -0.000173741
-9.28035e+08 -0.000173611
-9.27337e+08 -0.00017348
-9.26639e+08 -0.000173349
-9.2594e+08 -0.000173219
-9.25242e+08 -0.000173088
-9.24544e+08 -0.000172958
-9.23846e+08 -0.000172827
-9.23148e+08 -0.000172696
-9.2245e+08 -0.000172566
-9.21751e+08 -0.000172435
-9.21053e+08 -0.000172305
-9.20355e+08 -0.000172174
-9.19657e+08 -0.000172043
-9.18959e+08 -0.000171913
-9.18261e+08 -0.000171782
-9.17563e+08 -0.000171652
-9.16864e+08 -0.000171521
-9.16166e+08 -0.00017139
-9.15468e+08 -0.00017126
-9.1477e+08 -0.000171129
-9.14072e+08 -0.000170999
-9.13374e+08 -0.000170868
-9.12676e+08 -0.000170737
-9.11977e+08 -0.000170607
-9.11279e+08 -0.000170476
-9.10581e+08 -0.000170346
-9.09883e+08 -0.000170215
-9.09185e+08 -0.000170084
-9.08487e+08 -0.000169954
-9.07789e+08 -0.000169823
-9.0709e+08 -0.000169693
-9.06392e+08 -0.000169562
-9.05694e+08 -0.000169431
-9.04996e+08 -0.000169301
-9.04298e+08 -0.00016917
-9.036e+08 -0.00016904
-9.02902e+08 -0.000168909
-9.02203e+08 -0.000168778
-9.01505e+08 -0.000168648
-9.00807e+08 -0.000168517
-9.00109e+08 -0.000168387
-8.99411e+08 -0.000168256
-8.98713e+08 -0.000168125
-8.98015e+08 -0.000167995
-8.97316e+08 -0.000167864
-8.96618e+08 -0.000167734
-8.9592e+08 -0.000167603
-8.95222e+08 -0.000167472
-8.94524e+08 -0.000167342
-8.93826e+08 -0.000167211
-8.93128e+08 -0.00016708
-8.9243e+08 -0.00016695
-8.91731e+08 -0.000166819
-8.91033e+08 -0.000166689
-8.90335e+08 -0.000166558
-8.89637e+08 -0.000166427
-8.88939e+08 -0.000166297
-8.88241e+08 -0.000166166
-8.87543e+08 -0.000166036
-8.86844e+08 -0.000165905
-8.86146e+08 -0.000165774
-8.85448e+08 -0.000165644
-8.8475e+08 -0.000165513
-8.84052e+08 -0.000165383
-8.83354e+08 -0.000165252
-8.82656e+08 -0.000165121
-8.81958e+08 -0.000164991
-8.81259e+08 -0.00016486
-8.80561e+08 -0.00016473
-8.79863e+08 -0.000164599
-8.79165e+08 -0.000164468
-8.78467e+08 -0.000164338
-8.77769e+08 -0.000164207
-8.77071e+08 -0.000164077
-8.76373e+08 -0.000163946
-8.75674e+08 -0.000163815
-8.74976e+08 -0.000163685
-8.74278e+08 -0.000163554
-8.7358e+08 -0.000163424
-8.72882e+08 -0.000163293
-8.72184e+08 -0.000163162
-8.71486e+08 -0.000163032
-8.70787e+08 -0.000162901
-8.70089e+08 -0.000162771
-8.69391e+08 -0.00016264
-8.68693e+08 -0.000162509
-8.67995e+08 -0.000162379
-8.67297e+08 -0.000162248
-8.66599e+08 -0.000162118
-8.65901e+08 -0.000161987
-8.65203e+08 -0.000161856
-8.64504e+08 -0.000161726
-8.63806e+08 -0.000161595
-8.63108e+08 -0.000161465
-8.6241e+08 -0.000161334
-8.61712e+08 -0.000161203
-8.61014e+08 -0.000161073
-8.60316e+08 -0.000160942
-8.59618e+08 -0.000160812
-8.58919e+08 -0.000160681
-8.58221e+08 -0.00016055
-8.57523e+08 -0.00016042
-8.56825e+08 -0.000160289
-8.56127e+08 -0.000160159
-8.55429e+08 -0.000160028
-8.54731e+08 -0.000159897
-8.54033e+08 -0.000159767
-8.53334e+08 -0.000159636
-8.52636e+08 -0.000159506
-8.51938e+08 -0.000159375
-8.5124e+08 -0.000159244
-8.50542e+08 -0.000159114
-8.49844e+08 -0.000158983
-8.49146e+08 -0.000158853
-8.48448e+08 -0.000158722
-8.4775e+08 -0.000158591
-8.47051e+08 -0.000158461
-8.46353e+08 -0.00015833
-8.45655e+08 -0.0001582
-8.44957e+08 -0.000158069
-8.44259e+08 -0.000157938
-8.43561e+08 -0.000157808
-8.42863e+08 -0.000157677
-8.42165e+08 -0.000157547
-8.41466e+08 -0.000157416
-8.40768e+08 -0.000157285
-8.4007e+08 -0.000157155
-8.39372e+08 -0.000157024
-8.38674e+08 -0.000156894
-8.37976e+08 -0.000156763
-8.37278e+08 -0.000156632
-8.3658e+08 -0.000156502
-8.35882e+08 -0.000156371
-8.35183e+08 -0.000156241
-8.34485e+08 -0.00015611
-8.33787e+08 -0.000155979
-8.33089e+08 -0.000155849
-8.32391e+08 -0.000155718
-8.31693e+08 -0.000155588
-8.30995e+08 -0.000155457
-8.30297e+08 -0.000155326
-8.29599e+08 -0.000155196
-8.28901e+08 -0.000155065
-8.28202e+08 -0.000154935
-8.27504e+08 -0.000154804
-8.26806e+08 -0.000154673
-8.26108e+08 -0.000154543
-8.2541e+08 -0.000154412
-8.24712e+08 -0.000154282
-8.24014e+08 -0.000154151
-8.23316e+08 -0.000154021
-8.22618e+08 -0.00015389
-8.21919e+08 -0.000153759
-8.21221e+08 -0.000153629
-8.20523e+08 -0.000153498
-8.19825e+08 -0.000153368
-8.19127e+08 -0.000153237
-8.18429e+08 -0.000153106
-8.17731e+08 -0.000152976
-8.17033e+08 -0.000152845
-8.16335e+08 -0.000152715
-8.15637e+08 -0.000152584
-8.14938e+08 -0.000152453
-8.1424e+08 -0.000152323
-8.13542e+08 -0.000152192
-8.12844e+08 -0.000152062
-8.12146e+08 -0.000151931
-8.11448e+08 -0.0001518
-8.1075e+08 -0.00015167
-8.10052e+08 -0.000151539
-8.09354e+08 -0.000151409
-8.08656e+08 -0.000151278
-8.07957e+08 -0.000151147
-8.07259e+08 -0.000151017
-8.06561e+08 -0.000150886
-8.05863e+08 -0.000150756
-8.05165e+08 -0.000150625
-8.04467e+08 -0.000150494
-8.03769e+08 -0.000150364
-8.03071e+08 -0.000150233
-8.02373e+08 -0.000150103
-8.01675e+08 -0.000149972
-8.00976e+08 -0.000149841
-8.00278e+08 -0.000149711
-7.9958e+08 -0.00014958
-7.98882e+08 -0.00014945
-7.98184e+08 -0.000149319
-7.97486e+08 -0.000149188
-7.96788e+08 -0.000149058
-7.9609e+08 -0.000148927
-7.95392e+08 -0.000148797
-7.94694e+08 -0.000148666
-7.93996e+08 -0.000148535
-7.93297e+08 -0.000148405
-7.92599e+08 -0.000148274
-7.91901e+08 -0.000148144
-7.91203e+08 -0.000148013
-7.90505e+08 -0.000147883
-7.89807e+08 -0.000147752
-7.89109e+08 -0.000147621
-7.88411e+08 -0.000147491
-7.87713e+08 -0.00014736
-7.87015e+08 -0.00014723
-7.86317e+08 -0.000147099
-7.85618e+08 -0.000146968
-7.8492e+08 -0.000146838
-7.84222e+08 -0.000146707
-7.83524e+08 -0.000146577
-7.82826e+08 -0.000146446
-7.82128e+08 -0.000146315
-7.8143e+08 -0.000146185
-7.80732e+08 -0.000146054
-7.80034e+08 -0.000145924
-7.79336e+08 -0.000145793
-7.78638e+08 -0.000145662
