-1.17567 -1.55639e-13
-2.21765 -2.9358e-13
-3.08818 -4.08823e-13
-3.73767 -4.94806e-13
-4.10148 -5.42968e-13
-4.09778 -5.42478e-13
-3.61061 -4.77985e-13
-2.48361 -3.28789e-13
-0.502272 -6.64925e-14
2.65034 3.50862e-13
-1.0327e+06 -1.36713e-07
-2.0654e+06 -2.73425e-07
-3.0981e+06 -4.10137e-07
-4.13079e+06 -5.46849e-07
-5.1635e+06 -6.83562e-07
-6.19618e+06 -8.20272e-07
-7.22884e+06 -9.56979e-07
-8.26156e+06 -1.09369e-06
-9.29426e+06 -1.23041e-06
-1.03269e+07 -1.36712e-06
-1.13596e+07 -1.50383e-06
-1.23923e+07 -1.64053e-06
-1.3425e+07 -1.77724e-06
-1.44576e+07 -1.91395e-06
-1.54903e+07 -2.05066e-06
-1.6523e+07 -2.18737e-06
-1.75557e+07 -2.32408e-06
-1.85883e+07 -2.46079e-06
-1.9621e+07 -2.59749e-06
-2.06536e+07 -2.7342e-06
-2.16863e+07 -2.87091e-06
-2.2719e+07 -3.00762e-06
-2.37516e+07 -3.14432e-06
-2.47843e+07 -3.28103e-06
-2.58169e+07 -3.41773e-06
-2.68496e+07 -3.55444e-06
-2.78822e+07 -3.69115e-06
-2.89149e+07 -3.82785e-06
-2.99475e+07 -3.96456e-06
-3.09802e+07 -4.10126e-06
-3.20128e+07 -4.23797e-06
-3.30454e+07 -4.37467e-06
-3.40781e+07 -4.51137e-06
-3.51107e+07 -4.64808e-06
-3.61433e+07 -4.78478e-06
-3.7176e+07 -4.92148e-06
-3.82086e+07 -5.05819e-06
-3.92412e+07 -5.19489e-06
-4.02738e+07 -5.33159e-06
-4.13064e+07 -5.46829e-06
-4.23391e+07 -5.605e-06
-4.33717e+07 -5.7417e-06
-4.44043e+07 -5.8784e-06
-4.54369e+07 -6.01509e-06
-4.64695e+07 -6.1518e-06
-4.75021e+07 -6.2885e-06
-4.85347e+07 -6.4252e-06
-4.95673e+07 -6.5619e-06
-5.05999e+07 -6.6986e-06
-5.16325e+07 -6.8353e-06
-5.26651e+07 -6.97199e-06
-5.36977e+07 -7.10869e-06
-5.47303e+07 -7.24539e-06
-5.57629e+07 -7.38209e-06
-5.67955e+07 -7.51879e-06
-5.78281e+07 -7.65548e-06
-5.88606e+07 -7.79218e-06
-5.98932e+07 -7.92888e-06
-6.09258e+07 -8.06557e-06
-6.19584e+07 -8.20227e-06
-6.2991e+07 -8.33897e-06
-6.40235e+07 -8.47566e-06
-6.50561e+07 -8.61236e-06
-6.60887e+07 -8.74905e-06
-6.71212e+07 -8.88574e-06
-6.81538e+07 -9.02244e-06
-6.91864e+07 -9.15913e-06
-7.02189e+07 -9.29583e-06
-7.12515e+07 -9.43252e-06
-7.2284e+07 -9.56922e-06
-7.33166e+07 -9.70591e-06
-7.43491e+07 -9.8426e-06
-7.53817e+07 -9.97929e-06
-7.64142e+07 -1.0116e-05
-7.74468e+07 -1.02527e-05
-7.84793e+07 -1.03894e-05
-7.95119e+07 -1.05261e-05
-8.05444e+07 -1.06628e-05
-8.15769e+07 -1.07994e-05
-8.26095e+07 -1.09361e-05
-8.3642e+07 -1.10728e-05
-8.46745e+07 -1.12095e-05
-8.57071e+07 -1.13462e-05
-8.67396e+07 -1.14829e-05
-8.77721e+07 -1.16196e-05
-8.88047e+07 -1.17563e-05
-8.98372e+07 -1.1893e-05
-9.08697e+07 -1.20296e-05
-9.19021e+07 -1.21663e-05
-9.29347e+07 -1.2303e-05
-9.39672e+07 -1.24397e-05
-9.49997e+07 -1.25764e-05
-9.60322e+07 -1.27131e-05
-9.70647e+07 -1.28498e-05
-9.80972e+07 -1.29865e-05
-9.91297e+07 -1.31231e-05
-1.00162e+08 -1.32598e-05
-1.01195e+08 -1.33965e-05
-1.02227e+08 -1.35332e-05
-1.0326e+08 -1.36699e-05
-1.04292e+08 -1.38066e-05
-1.05325e+08 -1.39432e-05
-1.06357e+08 -1.40799e-05
-1.0739e+08 -1.42166e-05
-1.08422e+08 -1.43533e-05
-1.09455e+08 -1.449e-05
-1.10487e+08 -1.46267e-05
-1.1152e+08 -1.47634e-05
-1.12552e+08 -1.49e-05
-1.13584e+08 -1.50367e-05
-1.14617e+08 -1.51734e-05
-1.15649e+08 -1.53101e-05
-1.16682e+08 -1.54468e-05
-1.17714e+08 -1.55834e-05
-1.18747e+08 -1.57201e-05
-1.19779e+08 -1.58568e-05
-1.20812e+08 -1.59935e-05
-1.21844e+08 -1.61302e-05
-1.22877e+08 -1.62668e-05
-1.23909e+08 -1.64035e-05
-1.24942e+08 -1.65402e-05
-1.25974e+08 -1.66769e-05
-1.27006e+08 -1.68136e-05
-1.28039e+08 -1.69502e-05
-1.29071e+08 -1.70869e-05
-1.30104e+08 -1.72236e-05
-1.31136e+08 -1.73603e-05
-1.32169e+08 -1.74969e-05
-1.33201e+08 -1.76336e-05
-1.34233e+08 -1.77703e-05
-1.35266e+08 -1.7907e-05
-1.36298e+08 -1.80436e-05
-1.37331e+08 -1.81803e-05
-1.38363e+08 -1.8317e-05
-1.39396e+08 -1.84537e-05
-1.40428e+08 -1.85903e-05
-1.4146e+08 -1.8727e-05
-1.42493e+08 -1.88637e-05
-1.43525e+08 -1.90004e-05
-1.44558e+08 -1.9137e-05
-1.4559e+08 -1.92737e-05
-1.46622e+08 -1.94104e-05
-1.47655e+08 -1.95471e-05
-1.48687e+08 -1.96837e-05
-1.4972e+08 -1.98204e-05
-1.50752e+08 -1.99571e-05
-1.51784e+08 -2.00937e-05
-1.52817e+08 -2.02304e-05
-1.53849e+08 -2.03671e-05
-1.54882e+08 -2.05038e-05
-1.55914e+08 -2.06404e-05
-1.56946e+08 -2.07771e-05
-1.57979e+08 -2.09138e-05
-1.59011e+08 -2.10504e-05
-1.60043e+08 -2.11871e-05
-1.61076e+08 -2.13238e-05
-1.62108e+08 -2.14604e-05
-1.63141e+08 -2.15971e-05
-1.64173e+08 -2.17338e-05
-1.65205e+08 -2.18704e-05
-1.66238e+08 -2.20071e-05
-1.6727e+08 -2.21438e-05
-1.68302e+08 -2.22804e-05
-1.69335e+08 -2.24171e-05
-1.70367e+08 -2.25538e-05
-1.71399e+08 -2.26904e-05
-1.72432e+08 -2.28271e-05
-1.73464e+08 -2.29638e-05
-1.74496e+08 -2.31004e-05
-1.75529e+08 -2.32371e-05
-1.76561e+08 -2.33738e-05
-1.77593e+08 -2.35104e-05
-1.78626e+08 -2.36471e-05
-1.79658e+08 -2.37838e-05
-1.8069e+08 -2.39204e-05
-1.81723e+08 -2.40571e-05
-1.82755e+08 -2.41938e-05
-1.83787e+08 -2.43304e-05
-1.8482e+08 -2.44671e-05
-1.85852e+08 -2.46037e-05
-1.86884e+08 -2.47404e-05
-1.87917e+08 -2.48771e-05
-1.88949e+08 -2.50137e-05
-1.89981e+08 -2.51504e-05
-1.91014e+08 -2.52871e-05
-1.92046e+08 -2.54237e-05
-1.93078e+08 -2.55604e-05
-1.94111e+08 -2.5697e-05
-1.95143e+08 -2.58337e-05
-1.96175e+08 -2.59703e-05
-1.97207e+08 -2.6107e-05
-1.9824e+08 -2.62437e-05
-1.99272e+08 -2.63803e-05
-2.00304e+08 -2.6517e-05
-2.01337e+08 -2.66536e-05
-2.02369e+08 -2.67903e-05
-2.03401e+08 -2.6927e-05
-2.04433e+08 -2.70636e-05
-2.05466e+08 -2.72003e-05
-2.06498e+08 -2.73369e-05
-2.0753e+08 -2.74736e-05
-2.08563e+08 -2.76102e-05
-2.09595e+08 -2.77469e-05
-2.10627e+08 -2.78835e-05
-2.11659e+08 -2.80202e-05
-2.12692e+08 -2.81569e-05
-2.13724e+08 -2.82935e-05
-2.14756e+08 -2.84302e-05
-2.15788e+08 -2.85668e-05
-2.16821e+08 -2.87035e-05
-2.17853e+08 -2.88401e-05
-2.18885e+08 -2.89768e-05
-2.19917e+08 -2.91134e-05
-2.2095e+08 -2.92501e-05
-2.21982e+08 -2.93867e-05
-2.23014e+08 -2.95234e-05
-2.24046e+08 -2.966e-05
-2.25079e+08 -2.97967e-05
-2.26111e+08 -2.99333e-05
-2.27143e+08 -3.007e-05
-2.28175e+08 -3.02066e-05
-2.29208e+08 -3.03433e-05
-2.3024e+08 -3.04799e-05
-2.31272e+08 -3.06166e-05
-2.32304e+08 -3.07532e-05
-2.33336e+08 -3.08899e-05
-2.34369e+08 -3.10265e-05
-2.35401e+08 -3.11632e-05
-2.36433e+08 -3.12998e-05
-2.37465e+08 -3.14365e-05
-2.38497e+08 -3.15731e-05
-2.3953e+08 -3.17098e-05
-2.40562e+08 -3.18464e-05
-2.41594e+08 -3.19831e-05
-2.42626e+08 -3.21197e-05
-2.43659e+08 -3.22564e-05
-2.44691e+08 -3.2393e-05
-2.45723e+08 -3.25297e-05
-2.46755e+08 -3.26663e-05
-2.47787e+08 -3.2803e-05
-2.48819e+08 -3.29396e-05
-2.49852e+08 -3.30762e-05
-2.50884e+08 -3.32129e-05
-2.51916e+08 -3.33495e-05
-2.52948e+08 -3.34862e-05
-2.5398e+08 -3.36228e-05
-2.55013e+08 -3.37595e-05
-2.56045e+08 -3.38961e-05
-2.57077e+08 -3.40327e-05
-2.58109e+08 -3.41694e-05
-2.59141e+08 -3.4306e-05
-2.60173e+08 -3.44427e-05
-2.61206e+08 -3.45793e-05
-2.62238e+08 -3.4716e-05
-2.6327e+08 -3.48526e-05
-2.64302e+08 -3.49892e-05
-2.65334e+08 -3.51259e-05
-2.66366e+08 -3.52625e-05
-2.67399e+08 -3.53992e-05
-2.68431e+08 -3.55358e-05
-2.69463e+08 -3.56724e-05
-2.70495e+08 -3.58091e-05
-2.71527e+08 -3.59457e-05
-2.72559e+08 -3.60823e-05
-2.73591e+08 -3.6219e-05
-2.74624e+08 -3.63556e-05
-2.75656e+08 -3.64923e-05
-2.76688e+08 -3.66289e-05
-2.7772e+08 -3.67655e-05
-2.78752e+08 -3.69022e-05
-2.79784e+08 -3.70388e-05
-2.80816e+08 -3.71754e-05
-2.81848e+08 -3.73121e-05
-2.82881e+08 -3.74487e-05
-2.83913e+08 -3.75853e-05
-2.84945e+08 -3.7722e-05
-2.85977e+08 -3.78586e-05
-2.87009e+08 -3.79953e-05
-2.88041e+08 -3.81319e-05
-2.89073e+08 -3.82685e-05
-2.90105e+08 -3.84052e-05
-2.91137e+08 -3.85418e-05
-2.92169e+08 -3.86784e-05
-2.93202e+08 -3.88151e-05
-2.94234e+08 -3.89517e-05
-2.95266e+08 -3.90883e-05
-2.96298e+08 -3.92249e-05
-2.9733e+08 -3.93616e-05
-2.98362e+08 -3.94982e-05
-2.99394e+08 -3.96348e-05
-3.00426e+08 -3.97715e-05
-3.01458e+08 -3.99081e-05
-3.0249e+08 -4.00447e-05
-3.03522e+08 -4.01814e-05
-3.04555e+08 -4.0318e-05
-3.05587e+08 -4.04546e-05
-3.06619e+08 -4.05912e-05
-3.07651e+08 -4.07279e-05
-3.08683e+08 -4.08645e-05
-3.09715e+08 -4.10011e-05
-3.10747e+08 -4.11378e-05
-3.11779e+08 -4.12744e-05
-3.12811e+08 -4.1411e-05
-3.13843e+08 -4.15476e-05
-3.14875e+08 -4.16843e-05
-3.15907e+08 -4.18209e-05
-3.16939e+08 -4.19575e-05
-3.17971e+08 -4.20941e-05
-3.19003e+08 -4.22308e-05
-3.20035e+08 -4.23674e-05
-3.21067e+08 -4.2504e-05
-3.22099e+08 -4.26407e-05
-3.23131e+08 -4.27773e-05
-3.24163e+08 -4.29139e-05
-3.25196e+08 -4.30505e-05
-3.26228e+08 -4.31871e-05
-3.2726e+08 -4.33238e-05
-3.28292e+08 -4.34604e-05
-3.29324e+08 -4.3597e-05
-3.30356e+08 -4.37336e-05
-3.31388e+08 -4.38703e-05
-3.3242e+08 -4.40069e-05
-3.33452e+08 -4.41435e-05
-3.34484e+08 -4.42801e-05
-3.35516e+08 -4.44167e-05
-3.36548e+08 -4.45534e-05
-3.3758e+08 -4.469e-05
-3.38612e+08 -4.48266e-05
-3.39644e+08 -4.49632e-05
-3.40676e+08 -4.50998e-05
-3.41708e+08 -4.52365e-05
-3.4274e+08 -4.53731e-05
-3.43772e+08 -4.55097e-05
-3.44804e+08 -4.56463e-05
-3.45836e+08 -4.57829e-05
-3.46868e+08 -4.59196e-05
-3.479e+08 -4.60562e-05
-3.48932e+08 -4.61928e-05
-3.49964e+08 -4.63294e-05
-3.50996e+08 -4.6466e-05
-3.52028e+08 -4.66026e-05
-3.5306e+08 -4.67393e-05
-3.54092e+08 -4.68759e-05
-3.55123e+08 -4.70125e-05
-3.56155e+08 -4.71491e-05
-3.57187e+08 -4.72857e-05
-3.58219e+08 -4.74223e-05
-3.59251e+08 -4.75589e-05
-3.60283e+08 -4.76956e-05
-3.61315e+08 -4.78322e-05
-3.62347e+08 -4.79688e-05
-3.63379e+08 -4.81054e-05
-3.64411e+08 -4.8242e-05
-3.65443e+08 -4.83786e-05
-3.66475e+08 -4.85152e-05
-3.67507e+08 -4.86519e-05
-3.68539e+08 -4.87885e-05
-3.69571e+08 -4.89251e-05
-3.70603e+08 -4.90617e-05
-3.71635e+08 -4.91983e-05
-3.72667e+08 -4.93349e-05
-3.73699e+08 -4.94715e-05
-3.7473e+08 -4.96081e-05
-3.75762e+08 -4.97447e-05
-3.76794e+08 -4.98813e-05
-3.77826e+08 -5.0018e-05
-3.78858e+08 -5.01546e-05
-3.7989e+08 -5.02912e-05
-3.80922e+08 -5.04278e-05
-3.81954e+08 -5.05644e-05
-3.82986e+08 -5.0701e-05
-3.84018e+08 -5.08376e-05
-3.8505e+08 -5.09742e-05
-3.86082e+08 -5.11108e-05
-3.87113e+08 -5.12474e-05
-3.88145e+08 -5.1384e-05
-3.89177e+08 -5.15206e-05
-3.90209e+08 -5.16572e-05
-3.91241e+08 -5.17939e-05
-3.92273e+08 -5.19305e-05
-3.93305e+08 -5.20671e-05
-3.94337e+08 -5.22037e-05
-3.95369e+08 -5.23403e-05
-3.964e+08 -5.24769e-05
-3.97432e+08 -5.26135e-05
-3.98464e+08 -5.27501e-05
-3.99496e+08 -5.28867e-05
-4.00528e+08 -5.30233e-05
-4.0156e+08 -5.31599e-05
-4.02592e+08 -5.32965e-05
-4.03624e+08 -5.34331e-05
-4.04655e+08 -5.35697e-05
-4.05687e+08 -5.37063e-05
-4.06719e+08 -5.38429e-05
-4.07751e+08 -5.39795e-05
-4.08783e+08 -5.41161e-05
-4.09815e+08 -5.42527e-05
-4.10847e+08 -5.43893e-05
-4.11878e+08 -5.45259e-05
-4.1291e+08 -5.46625e-05
-4.13942e+08 -5.47991e-05
-4.14974e+08 -5.49357e-05
-4.16006e+08 -5.50723e-05
-4.17038e+08 -5.52089e-05
-4.18069e+08 -5.53455e-05
-4.19101e+08 -5.54821e-05
-4.20133e+08 -5.56187e-05
-4.21165e+08 -5.57553e-05
-4.22197e+08 -5.58919e-05
-4.23229e+08 -5.60285e-05
-4.2426e+08 -5.61651e-05
-4.25292e+08 -5.63017e-05
-4.26324e+08 -5.64383e-05
-4.27356e+08 -5.65749e-05
-4.28388e+08 -5.67115e-05
-4.2942e+08 -5.68481e-05
-4.30451e+08 -5.69847e-05
-4.31483e+08 -5.71213e-05
-4.32515e+08 -5.72578e-05
-4.33547e+08 -5.73944e-05
-4.34579e+08 -5.7531e-05
-4.3561e+08 -5.76676e-05
-4.36642e+08 -5.78042e-05
-4.37674e+08 -5.79408e-05
-4.38706e+08 -5.80774e-05
-4.39738e+08 -5.8214e-05
-4.40769e+08 -5.83506e-05
-4.41801e+08 -5.84872e-05
-4.42833e+08 -5.86238e-05
-4.43865e+08 -5.87604e-05
-4.44896e+08 -5.8897e-05
-4.45928e+08 -5.90335e-05
-4.4696e+08 -5.91701e-05
-4.47992e+08 -5.93067e-05
-4.49024e+08 -5.94433e-05
-4.50055e+08 -5.95799e-05
-4.51087e+08 -5.97165e-05
-4.52119e+08 -5.98531e-05
-4.53151e+08 -5.99897e-05
-4.54182e+08 -6.01263e-05
-4.55214e+08 -6.02628e-05
-4.56246e+08 -6.03994e-05
-4.57278e+08 -6.0536e-05
-4.58309e+08 -6.06726e-05
-4.59341e+08 -6.08092e-05
-4.60373e+08 -6.09458e-05
-4.61405e+08 -6.10824e-05
-4.62436e+08 -6.1219e-05
-4.63468e+08 -6.13555e-05
-4.645e+08 -6.14921e-05
-4.65532e+08 -6.16287e-05
-4.66563e+08 -6.17653e-05
-4.67595e+08 -6.19019e-05
-4.68627e+08 -6.20385e-05
-4.69659e+08 -6.21751e-05
-4.7069e+08 -6.23116e-05
-4.71722e+08 -6.24482e-05
-4.72754e+08 -6.25848e-05
-4.73785e+08 -6.27214e-05
-4.74817e+08 -6.2858e-05
-4.75849e+08 -6.29945e-05
-4.76881e+08 -6.31311e-05
-4.77912e+08 -6.32677e-05
-4.78944e+08 -6.34043e-05
-4.79976e+08 -6.35409e-05
-4.81007e+08 -6.36775e-05
-4.82039e+08 -6.3814e-05
-4.83071e+08 -6.39506e-05
-4.84103e+08 -6.40872e-05
-4.85134e+08 -6.42238e-05
-4.86166e+08 -6.43604e-05
-4.87198e+08 -6.44969e-05
-4.88229e+08 -6.46335e-05
-4.89261e+08 -6.47701e-05
-4.90293e+08 -6.49067e-05
-4.91324e+08 -6.50432e-05
-4.92356e+08 -6.51798e-05
-4.93388e+08 -6.53164e-05
-4.9442e+08 -6.5453e-05
-4.95451e+08 -6.55896e-05
-4.96483e+08 -6.57261e-05
-4.97515e+08 -6.58627e-05
-4.98546e+08 -6.59993e-05
-4.99578e+08 -6.61359e-05
-5.00609e+08 -6.62724e-05
-5.01641e+08 -6.6409e-05
-5.02673e+08 -6.65456e-05
-5.03704e+08 -6.66822e-05
-5.04736e+08 -6.68187e-05
-5.05768e+08 -6.69553e-05
-5.06799e+08 -6.70919e-05
-5.07831e+08 -6.72285e-05
-5.08863e+08 -6.7365e-05
-5.09894e+08 -6.75016e-05
-5.10926e+08 -6.76382e-05
-5.11958e+08 -6.77748e-05
-5.12989e+08 -6.79113e-05
-5.14021e+08 -6.80479e-05
-5.15053e+08 -6.81845e-05
-5.16084e+08 -6.8321e-05
-5.17116e+08 -6.84576e-05
-5.18147e+08 -6.85942e-05
-5.19179e+08 -6.87307e-05
-5.20211e+08 -6.88673e-05
-5.21242e+08 -6.90039e-05
-5.22274e+08 -6.91405e-05
-5.23306e+08 -6.9277e-05
-5.24337e+08 -6.94136e-05
-5.25369e+08 -6.95502e-05
-5.264e+08 -6.96867e-05
-5.27432e+08 -6.98233e-05
-5.28464e+08 -6.99599e-05
-5.29495e+08 -7.00964e-05
-5.30527e+08 -7.0233e-05
-5.31558e+08 -7.03696e-05
-5.3259e+08 -7.05061e-05
-5.33622e+08 -7.06427e-05
-5.34653e+08 -7.07793e-05
-5.35685e+08 -7.09158e-05
-5.36716e+08 -7.10524e-05
-5.37748e+08 -7.1189e-05
-5.3878e+08 -7.13255e-05
-5.39811e+08 -7.14621e-05
-5.40843e+08 -7.15987e-05
-5.41874e+08 -7.17352e-05
-5.42906e+08 -7.18718e-05
-5.43938e+08 -7.20084e-05
-5.44969e+08 -7.21449e-05
-5.46001e+08 -7.22815e-05
-5.47032e+08 -7.2418e-05
-5.48064e+08 -7.25546e-05
-5.49095e+08 -7.26912e-05
-5.50127e+08 -7.28277e-05
-5.51158e+08 -7.29643e-05
-5.5219e+08 -7.31009e-05
-5.53222e+08 -7.32374e-05
-5.54253e+08 -7.3374e-05
-5.55285e+08 -7.35105e-05
-5.56316e+08 -7.36471e-05
-5.57348e+08 -7.37837e-05
-5.58379e+08 -7.39202e-05
-5.59411e+08 -7.40568e-05
-5.60442e+08 -7.41933e-05
-5.61474e+08 -7.43299e-05
-5.62506e+08 -7.44665e-05
-5.63537e+08 -7.4603e-05
-5.64569e+08 -7.47396e-05
-5.656e+08 -7.48761e-05
-5.66632e+08 -7.50127e-05
-5.67663e+08 -7.51492e-05
-5.68695e+08 -7.52858e-05
-5.69726e+08 -7.54224e-05
-5.70758e+08 -7.55589e-05
-5.71789e+08 -7.56955e-05
-5.72821e+08 -7.5832e-05
-5.73852e+08 -7.59686e-05
-5.74884e+08 -7.61051e-05
-5.75915e+08 -7.62417e-05
-5.76947e+08 -7.63782e-05
-5.77978e+08 -7.65148e-05
-5.7901e+08 -7.66513e-05
-5.80041e+08 -7.67879e-05
-5.81073e+08 -7.69245e-05
-5.82104e+08 -7.7061e-05
-5.83136e+08 -7.71976e-05
-5.84167e+08 -7.73341e-05
-5.85199e+08 -7.74707e-05
-5.8623e+08 -7.76072e-05
-5.87262e+08 -7.77438e-05
-5.88293e+08 -7.78803e-05
-5.89325e+08 -7.80169e-05
-5.90356e+08 -7.81534e-05
-5.91388e+08 -7.829e-05
-5.92419e+08 -7.84265e-05
-5.93451e+08 -7.85631e-05
-5.94482e+08 -7.86996e-05
-5.95514e+08 -7.88362e-05
-5.96545e+08 -7.89727e-05
-5.97576e+08 -7.91093e-05
-5.98608e+08 -7.92458e-05
-5.99639e+08 -7.93824e-05
-6.00671e+08 -7.95189e-05
-6.01702e+08 -7.96555e-05
-6.02734e+08 -7.9792e-05
-6.03765e+08 -7.99286e-05
-6.04797e+08 -8.00651e-05
-6.05828e+08 -8.02017e-05
-6.0686e+08 -8.03382e-05
-6.07891e+08 -8.04747e-05
-6.08922e+08 -8.06113e-05
-6.09954e+08 -8.07478e-05
-6.10985e+08 -8.08844e-05
-6.12017e+08 -8.10209e-05
-6.13048e+08 -8.11575e-05
-6.1408e+08 -8.1294e-05
-6.15111e+08 -8.14306e-05
-6.16142e+08 -8.15671e-05
-6.17174e+08 -8.17036e-05
-6.18205e+08 -8.18402e-05
-6.19237e+08 -8.19767e-05
-6.20268e+08 -8.21133e-05
-6.213e+08 -8.22498e-05
-6.22331e+08 -8.23864e-05
-6.23362e+08 -8.25229e-05
-6.24394e+08 -8.26594e-05
-6.25425e+08 -8.2796e-05
-6.26457e+08 -8.29325e-05
-6.27488e+08 -8.30691e-05
-6.28519e+08 -8.32056e-05
-6.29551e+08 -8.33421e-05
-6.30582e+08 -8.34787e-05
-6.31614e+08 -8.36152e-05
-6.32645e+08 -8.37518e-05
-6.33676e+08 -8.38883e-05
-6.34708e+08 -8.40248e-05
-6.35739e+08 -8.41614e-05
-6.36771e+08 -8.42979e-05
-6.37802e+08 -8.44345e-05
-6.38833e+08 -8.4571e-05
-6.39865e+08 -8.47075e-05
-6.40896e+08 -8.48441e-05
-6.41927e+08 -8.49806e-05
-6.42959e+08 -8.51171e-05
-6.4399e+08 -8.52537e-05
-6.45022e+08 -8.53902e-05
-6.46053e+08 -8.55267e-05
-6.47084e+08 -8.56633e-05
-6.48116e+08 -8.57998e-05
-6.49147e+08 -8.59363e-05
-6.50178e+08 -8.60729e-05
-6.5121e+08 -8.62094e-05
-6.52241e+08 -8.6346e-05
-6.53272e+08 -8.64825e-05
-6.54304e+08 -8.6619e-05
-6.55335e+08 -8.67555e-05
-6.56366e+08 -8.68921e-05
-6.57398e+08 -8.70286e-05
-6.58429e+08 -8.71651e-05
-6.5946e+08 -8.73017e-05
-6.60492e+08 -8.74382e-05
-6.61523e+08 -8.75747e-05
-6.62554e+08 -8.77113e-05
-6.63586e+08 -8.78478e-05
-6.64617e+08 -8.79843e-05
-6.65648e+08 -8.81209e-05
-6.6668e+08 -8.82574e-05
-6.67711e+08 -8.83939e-05
-6.68742e+08 -8.85305e-05
-6.69774e+08 -8.8667e-05
-6.70805e+08 -8.88035e-05
-6.71836e+08 -8.894e-05
-6.72868e+08 -8.90766e-05
-6.73899e+08 -8.92131e-05
-6.7493e+08 -8.93496e-05
-6.75961e+08 -8.94861e-05
-6.76993e+08 -8.96227e-05
-6.78024e+08 -8.97592e-05
-6.79055e+08 -8.98957e-05
-6.80087e+08 -9.00323e-05
-6.81118e+08 -9.01688e-05
-6.82149e+08 -9.03053e-05
-6.83181e+08 -9.04418e-05
-6.84212e+08 -9.05784e-05
-6.85243e+08 -9.07149e-05
-6.86274e+08 -9.08514e-05
-6.87306e+08 -9.09879e-05
-6.88337e+08 -9.11245e-05
-6.89368e+08 -9.1261e-05
-6.90399e+08 -9.13975e-05
-6.91431e+08 -9.1534e-05
-6.92462e+08 -9.16705e-05
-6.93493e+08 -9.18071e-05
-6.94525e+08 -9.19436e-05
-6.95556e+08 -9.20801e-05
-6.96587e+08 -9.22166e-05
-6.97618e+08 -9.23532e-05
-6.9865e+08 -9.24897e-05
-6.99681e+08 -9.26262e-05
-7.00712e+08 -9.27627e-05
-7.01743e+08 -9.28992e-05
-7.02775e+08 -9.30358e-05
-7.03806e+08 -9.31723e-05
-7.04837e+08 -9.33088e-05
-7.05868e+08 -9.34453e-05
-7.069e+08 -9.35818e-05
-7.07931e+08 -9.37184e-05
-7.08962e+08 -9.38549e-05
-7.09993e+08 -9.39914e-05
-7.11024e+08 -9.41279e-05
-7.12056e+08 -9.42644e-05
-7.13087e+08 -9.44009e-05
-7.14118e+08 -9.45375e-05
-7.15149e+08 -9.4674e-05
-7.16181e+08 -9.48105e-05
-7.17212e+08 -9.4947e-05
-7.18243e+08 -9.50835e-05
-7.19274e+08 -9.522e-05
-7.20305e+08 -9.53565e-05
-7.21337e+08 -9.54931e-05
-7.22368e+08 -9.56296e-05
-7.23399e+08 -9.57661e-05
-7.2443e+08 -9.59026e-05
-7.25461e+08 -9.60391e-05
-7.26493e+08 -9.61756e-05
-7.27524e+08 -9.63121e-05
-7.28555e+08 -9.64487e-05
-7.29586e+08 -9.65852e-05
-7.30617e+08 -9.67217e-05
-7.31649e+08 -9.68582e-05
-7.3268e+08 -9.69947e-05
-7.33711e+08 -9.71312e-05
-7.34742e+08 -9.72677e-05
-7.35773e+08 -9.74042e-05
-7.36804e+08 -9.75408e-05
-7.37836e+08 -9.76773e-05
-7.38867e+08 -9.78138e-05
-7.39898e+08 -9.79503e-05
-7.40929e+08 -9.80868e-05
-7.4196e+08 -9.82233e-05
-7.42991e+08 -9.83598e-05
-7.44023e+08 -9.84963e-05
-7.45054e+08 -9.86328e-05
-7.46085e+08 -9.87693e-05
-7.47116e+08 -9.89058e-05
-7.48147e+08 -9.90423e-05
-7.49178e+08 -9.91789e-05
-7.5021e+08 -9.93154e-05
-7.51241e+08 -9.94519e-05
-7.52272e+08 -9.95884e-05
-7.53303e+08 -9.97249e-05
-7.54334e+08 -9.98614e-05
-7.55365e+08 -9.99979e-05
-7.56396e+08 -0.000100134
-7.57427e+08 -0.000100271
-7.58459e+08 -0.000100407
-7.5949e+08 -0.000100544
-7.60521e+08 -0.00010068
-7.61552e+08 -0.000100817
-7.62583e+08 -0.000100953
-7.63614e+08 -0.00010109
-7.64645e+08 -0.000101226
-7.65676e+08 -0.000101363
-7.66708e+08 -0.000101499
-7.67739e+08 -0.000101636
-7.6877e+08 -0.000101772
-7.69801e+08 -0.000101909
-7.70832e+08 -0.000102045
-7.71863e+08 -0.000102182
-7.72894e+08 -0.000102318
-7.73925e+08 -0.000102455
-7.74956e+08 -0.000102591
-7.75987e+08 -0.000102728
-7.77019e+08 -0.000102864
-7.7805e+08 -0.000103001
-7.79081e+08 -0.000103137
-7.80112e+08 -0.000103274
-7.81143e+08 -0.00010341
-7.82174e+08 -0.000103547
-7.83205e+08 -0.000103683
-7.84236e+08 -0.00010382
-7.85267e+08 -0.000103956
-7.86298e+08 -0.000104093
-7.87329e+08 -0.000104229
-7.8836e+08 -0.000104366
-7.89391e+08 -0.000104502
-7.90423e+08 -0.000104639
-7.91454e+08 -0.000104775
-7.92485e+08 -0.000104912
-7.93516e+08 -0.000105048
-7.94547e+08 -0.000105185
-7.95578e+08 -0.000105321
-7.96609e+08 -0.000105458
-7.9764e+08 -0.000105594
-7.98671e+08 -0.000105731
-7.99702e+08 -0.000105867
-8.00733e+08 -0.000106004
-8.01764e+08 -0.00010614
-8.02795e+08 -0.000106277
-8.03826e+08 -0.000106413
-8.04857e+08 -0.00010655
-8.05888e+08 -0.000106686
-8.06919e+08 -0.000106823
-8.0795e+08 -0.000106959
-8.08981e+08 -0.000107096
-8.10012e+08 -0.000107232
-8.11043e+08 -0.000107369
-8.12074e+08 -0.000107505
-8.13105e+08 -0.000107642
-8.14136e+08 -0.000107778
-8.15167e+08 -0.000107915
-8.16198e+08 -0.000108051
-8.17229e+08 -0.000108188
-8.1826e+08 -0.000108324
-8.19291e+08 -0.000108461
-8.20322e+08 -0.000108597
-8.21353e+08 -0.000108734
-8.22384e+08 -0.00010887
-8.23415e+08 -0.000109007
-8.24446e+08 -0.000109143
-8.25477e+08 -0.00010928
-8.26508e+08 -0.000109416
-8.27539e+08 -0.000109553
-8.2857e+08 -0.000109689
-8.29601e+08 -0.000109826
-8.30632e+08 -0.000109962
-8.31663e+08 -0.000110098
-8.32694e+08 -0.000110235
-8.33725e+08 -0.000110371
-8.34756e+08 -0.000110508
-8.35787e+08 -0.000110644
-8.36818e+08 -0.000110781
-8.37849e+08 -0.000110917
-8.3888e+08 -0.000111054
-8.39911e+08 -0.00011119
-8.40942e+08 -0.000111327
-8.41973e+08 -0.000111463
-8.43004e+08 -0.0001116
-8.44035e+08 -0.000111736
-8.45066e+08 -0.000111873
-8.46097e+08 -0.000112009
-8.47128e+08 -0.000112146
-8.48159e+08 -0.000112282
-8.4919e+08 -0.000112419
-8.5022e+08 -0.000112555
-8.51251e+08 -0.000112692
-8.52282e+08 -0.000112828
-8.53313e+08 -0.000112965
-8.54344e+08 -0.000113101
-8.55375e+08 -0.000113238
-8.56406e+08 -0.000113374
-8.57437e+08 -0.000113511
-8.58468e+08 -0.000113647
-8.59499e+08 -0.000113783
-8.6053e+08 -0.00011392
-8.61561e+08 -0.000114056
-8.62592e+08 -0.000114193
-8.63622e+08 -0.000114329
-8.64653e+08 -0.000114466
-8.65684e+08 -0.000114602
-8.66715e+08 -0.000114739
-8.67746e+08 -0.000114875
-8.68777e+08 -0.000115012
-8.69808e+08 -0.000115148
-8.70839e+08 -0.000115285
-8.7187e+08 -0.000115421
-8.72901e+08 -0.000115558
-8.73931e+08 -0.000115694
-8.74962e+08 -0.000115831
-8.75993e+08 -0.000115967
-8.77024e+08 -0.000116104
-8.78055e+08 -0.00011624
-8.79086e+08 -0.000116376
-8.80117e+08 -0.000116513
-8.81148e+08 -0.000116649
-8.82178e+08 -0.000116786
-8.83127e+08 -0.000116912
-8.83929e+08 -0.000117018
-8.84731e+08 -0.000117124
-8.85533e+08 -0.00011723
-8.86335e+08 -0.000117336
-8.87137e+08 -0.000117442
-8.87939e+08 -0.000117548
-8.88741e+08 -0.000117655
-8.8923e+08 -0.000117719
-8.89207e+08 -0.000117716
-8.89184e+08 -0.000117713
-8.89161e+08 -0.00011771
-8.89138e+08 -0.000117707
-8.89116e+08 -0.000117704
-8.89093e+08 -0.000117701
-8.8907e+08 -0.000117698
-8.89047e+08 -0.000117695
-8.89024e+08 -0.000117692
-8.89002e+08 -0.000117689
-8.88979e+08 -0.000117686
-8.88956e+08 -0.000117683
-8.88933e+08 -0.00011768
-8.8891e+08 -0.000117677
-8.88888e+08 -0.000117674
-8.88865e+08 -0.000117671
-8.88842e+08 -0.000117668
-8.88819e+08 -0.000117665
-8.88796e+08 -0.000117662
-8.88774e+08 -0.000117659
-8.88751e+08 -0.000117656
-8.88728e+08 -0.000117653
-8.88705e+08 -0.00011765
-8.88683e+08 -0.000117647
-8.8866e+08 -0.000117644
-8.88637e+08 -0.000117641
-8.88614e+08 -0.000117638
-8.88591e+08 -0.000117635
-8.88569e+08 -0.000117632
-8.88546e+08 -0.000117629
-8.88523e+08 -0.000117626
-8.885e+08 -0.000117623
-8.88477e+08 -0.00011762
-8.88455e+08 -0.000117617
-8.88432e+08 -0.000117614
-8.88409e+08 -0.000117611
-8.88386e+08 -0.000117608
-8.88363e+08 -0.000117605
-8.88341e+08 -0.000117602
-8.88318e+08 -0.000117599
-8.88295e+08 -0.000117596
-8.88272e+08 -0.000117593
-8.8825e+08 -0.00011759
-8.88227e+08 -0.000117587
-8.88204e+08 -0.000117584
-8.88181e+08 -0.000117581
-8.88158e+08 -0.000117578
-8.88136e+08 -0.000117575
-8.88113e+08 -0.000117571
-8.8809e+08 -0.000117568
-8.88067e+08 -0.000117565
-8.88044e+08 -0.000117562
-8.88022e+08 -0.000117559
-8.87999e+08 -0.000117556
-8.87976e+08 -0.000117553
-8.87953e+08 -0.00011755
-8.87931e+08 -0.000117547
-8.87908e+08 -0.000117544
-8.87885e+08 -0.000117541
-8.87862e+08 -0.000117538
-8.87839e+08 -0.000117535
-8.87817e+08 -0.000117532
-8.87794e+08 -0.000117529
-8.87771e+08 -0.000117526
-8.87748e+08 -0.000117523
-8.87725e+08 -0.00011752
-8.87703e+08 -0.000117517
-8.8768e+08 -0.000117514
-8.87657e+08 -0.000117511
-8.87634e+08 -0.000117508
-8.87612e+08 -0.000117505
-8.87589e+08 -0.000117502
-8.87566e+08 -0.000117499
-8.87543e+08 -0.000117496
-8.8752e+08 -0.000117493
-8.87498e+08 -0.00011749
-8.87475e+08 -0.000117487
-8.87452e+08 -0.000117484
-8.87429e+08 -0.000117481
-8.87406e+08 -0.000117478
-8.87384e+08 -0.000117475
-8.87361e+08 -0.000117472
-8.87338e+08 -0.000117469
-8.87315e+08 -0.000117466
-8.87293e+08 -0.000117463
-8.8727e+08 -0.00011746
-8.87247e+08 -0.000117457
-8.87224e+08 -0.000117454
-8.87201e+08 -0.000117451
-8.87179e+08 -0.000117448
-8.87156e+08 -0.000117445
-8.87133e+08 -0.000117442
-8.8711e+08 -0.000117439
-8.87087e+08 -0.000117436
-8.87065e+08 -0.000117433
-8.87042e+08 -0.00011743
-8.87019e+08 -0.000117427
-8.86996e+08 -0.000117424
-8.86974e+08 -0.000117421
-8.86951e+08 -0.000117418
-8.86928e+08 -0.000117415
-8.86905e+08 -0.000117412
-8.86882e+08 -0.000117409
-8.8686e+08 -0.000117406
-8.86837e+08 -0.000117403
-8.86814e+08 -0.0001174
-8.86791e+08 -0.000117397
-8.86769e+08 -0.000117394
-8.86746e+08 -0.000117391
-8.86723e+08 -0.000117387
-8.867e+08 -0.000117384
-8.86677e+08 -0.000117381
-8.86655e+08 -0.000117378
-8.86632e+08 -0.000117375
-8.86609e+08 -0.000117372
-8.86586e+08 -0.000117369
-8.86563e+08 -0.000117366
-8.86541e+08 -0.000117363
-8.86518e+08 -0.00011736
-8.86495e+08 -0.000117357
-8.86472e+08 -0.000117354
-8.8645e+08 -0.000117351
-8.86427e+08 -0.000117348
-8.86404e+08 -0.000117345
-8.86381e+08 -0.000117342
-8.86358e+08 -0.000117339
-8.86336e+08 -0.000117336
-8.86313e+08 -0.000117333
-8.8629e+08 -0.00011733
-8.86267e+08 -0.000117327
-8.86245e+08 -0.000117324
-8.86222e+08 -0.000117321
-8.86199e+08 -0.000117318
-8.86176e+08 -0.000117315
-8.86153e+08 -0.000117312
-8.86131e+08 -0.000117309
-8.86108e+08 -0.000117306
-8.86085e+08 -0.000117303
-8.86062e+08 -0.0001173
-8.8604e+08 -0.000117297
-8.86017e+08 -0.000117294
-8.85994e+08 -0.000117291
-8.85971e+08 -0.000117288
-8.85948e+08 -0.000117285
-8.85926e+08 -0.000117282
-8.85903e+08 -0.000117279
-8.8588e+08 -0.000117276
-8.85857e+08 -0.000117273
-8.85835e+08 -0.00011727
-8.85812e+08 -0.000117267
-8.85789e+08 -0.000117264
-8.85766e+08 -0.000117261
-8.85743e+08 -0.000117258
-8.85721e+08 -0.000117255
-8.85698e+08 -0.000117252
-8.85675e+08 -0.000117249
-8.85652e+08 -0.000117246
-8.8563e+08 -0.000117243
-8.85607e+08 -0.00011724
-8.85584e+08 -0.000117237
-8.85561e+08 -0.000117234
-8.85538e+08 -0.000117231
-8.85516e+08 -0.000117228
-8.85493e+08 -0.000117225
-8.8547e+08 -0.000117222
-8.85447e+08 -0.000117219
-8.85425e+08 -0.000117216
-8.85402e+08 -0.000117213
-8.85379e+08 -0.00011721
-8.85356e+08 -0.000117207
-8.85333e+08 -0.000117204
-8.85311e+08 -0.000117201
-8.85288e+08 -0.000117198
-8.85265e+08 -0.000117194
-8.85242e+08 -0.000117191
-8.8522e+08 -0.000117188
-8.85197e+08 -0.000117185
-8.85174e+08 -0.000117182
-8.85151e+08 -0.000117179
-8.85128e+08 -0.000117176
-8.85106e+08 -0.000117173
-8.85083e+08 -0.00011717
-8.8506e+08 -0.000117167
-8.85037e+08 -0.000117164
-8.85015e+08 -0.000117161
-8.84992e+08 -0.000117158
-8.84969e+08 -0.000117155
-8.84946e+08 -0.000117152
-8.84924e+08 -0.000117149
-8.84901e+08 -0.000117146
-8.84878e+08 -0.000117143
-8.84855e+08 -0.00011714
-8.84832e+08 -0.000117137
-8.8481e+08 -0.000117134
-8.84787e+08 -0.000117131
-8.84764e+08 -0.000117128
-8.84741e+08 -0.000117125
-8.84719e+08 -0.000117122
-8.84696e+08 -0.000117119
-8.84673e+08 -0.000117116
-8.8465e+08 -0.000117113
-8.84627e+08 -0.00011711
-8.84605e+08 -0.000117107
-8.84582e+08 -0.000117104
-8.84559e+08 -0.000117101
-8.84536e+08 -0.000117098
-8.84514e+08 -0.000117095
-8.84491e+08 -0.000117092
-8.84468e+08 -0.000117089
-8.84445e+08 -0.000117086
-8.84423e+08 -0.000117083
-8.844e+08 -0.00011708
-8.84377e+08 -0.000117077
-8.84354e+08 -0.000117074
-8.84331e+08 -0.000117071
-8.84309e+08 -0.000117068
-8.84286e+08 -0.000117065
-8.84263e+08 -0.000117062
-8.8424e+08 -0.000117059
-8.84218e+08 -0.000117056
-8.84195e+08 -0.000117053
-8.84172e+08 -0.00011705
-8.84149e+08 -0.000117047
-8.84126e+08 -0.000117044
-8.84104e+08 -0.000117041
-8.84081e+08 -0.000117038
-8.84058e+08 -0.000117035
-8.84035e+08 -0.000117032
-8.84013e+08 -0.000117029
-8.8399e+08 -0.000117026
-8.83967e+08 -0.000117023
-8.83944e+08 -0.00011702
-8.83922e+08 -0.000117017
-8.83899e+08 -0.000117014
-8.83876e+08 -0.000117011
-8.83853e+08 -0.000117008
-8.83831e+08 -0.000117005
-8.83808e+08 -0.000117002
-8.83785e+08 -0.000116999
-8.83762e+08 -0.000116996
-8.83739e+08 -0.000116993
-8.83717e+08 -0.00011699
-8.83694e+08 -0.000116986
-8.83671e+08 -0.000116983
-8.83648e+08 -0.00011698
-8.83626e+08 -0.000116977
-8.83603e+08 -0.000116974
-8.8358e+08 -0.000116971
-8.83557e+08 -0.000116968
-8.83535e+08 -0.000116965
-8.83512e+08 -0.000116962
-8.83489e+08 -0.000116959
-8.83466e+08 -0.000116956
-8.83443e+08 -0.000116953
-8.83421e+08 -0.00011695
-8.83398e+08 -0.000116947
-8.83375e+08 -0.000116944
-8.83352e+08 -0.000116941
-8.8333e+08 -0.000116938
-8.83307e+08 -0.000116935
-8.83284e+08 -0.000116932
-8.83261e+08 -0.000116929
-8.83239e+08 -0.000116926
-8.83216e+08 -0.000116923
-8.83193e+08 -0.00011692
-8.8317e+08 -0.000116917
-8.83147e+08 -0.000116914
-8.83125e+08 -0.000116911
-8.83102e+08 -0.000116908
-8.83079e+08 -0.000116905
-8.83056e+08 -0.000116902
-8.83034e+08 -0.000116899
-8.83011e+08 -0.000116896
-8.82988e+08 -0.000116893
-8.82965e+08 -0.00011689
-8.82943e+08 -0.000116887
-8.8292e+08 -0.000116884
-8.82897e+08 -0.000116881
-8.82874e+08 -0.000116878
-8.82852e+08 -0.000116875
-8.82829e+08 -0.000116872
-8.82806e+08 -0.000116869
-8.82783e+08 -0.000116866
-8.82761e+08 -0.000116863
-8.82738e+08 -0.00011686
-8.82715e+08 -0.000116857
-8.82692e+08 -0.000116854
-8.82669e+08 -0.000116851
-8.82647e+08 -0.000116848
-8.82624e+08 -0.000116845
-8.82601e+08 -0.000116842
-8.82578e+08 -0.000116839
-8.82556e+08 -0.000116836
-8.82533e+08 -0.000116833
-8.8251e+08 -0.00011683
-8.82487e+08 -0.000116827
-8.82465e+08 -0.000116824
-8.82442e+08 -0.000116821
-8.82419e+08 -0.000116818
-8.82396e+08 -0.000116815
-8.82374e+08 -0.000116812
-8.82351e+08 -0.000116809
-8.82328e+08 -0.000116806
-8.82305e+08 -0.000116803
-8.82282e+08 -0.0001168
-8.8226e+08 -0.000116797
-8.82237e+08 -0.000116794
-8.82214e+08 -0.000116791
-8.82191e+08 -0.000116788
-8.82169e+08 -0.000116785
-8.82146e+08 -0.000116782
-8.82123e+08 -0.000116779
-8.821e+08 -0.000116776
-8.82078e+08 -0.000116773
-8.82055e+08 -0.00011677
-8.82032e+08 -0.000116766
-8.82009e+08 -0.000116763
-8.81987e+08 -0.00011676
-8.81964e+08 -0.000116757
-8.81941e+08 -0.000116754
-8.81918e+08 -0.000116751
-8.81896e+08 -0.000116748
-8.81873e+08 -0.000116745
-8.8185e+08 -0.000116742
-8.81827e+08 -0.000116739
-8.81804e+08 -0.000116736
-8.81782e+08 -0.000116733
-8.81759e+08 -0.00011673
-8.81736e+08 -0.000116727
-8.81713e+08 -0.000116724
-8.81691e+08 -0.000116721
-8.81668e+08 -0.000116718
-8.81645e+08 -0.000116715
-8.81622e+08 -0.000116712
-8.816e+08 -0.000116709
-8.81577e+08 -0.000116706
-8.81554e+08 -0.000116703
-8.81531e+08 -0.0001167
-8.81509e+08 -0.000116697
-8.81486e+08 -0.000116694
-8.81463e+08 -0.000116691
-8.8144e+08 -0.000116688
-8.81418e+08 -0.000116685
-8.81395e+08 -0.000116682
-8.81372e+08 -0.000116679
-8.81349e+08 -0.000116676
-8.81327e+08 -0.000116673
-8.81304e+08 -0.00011667
-8.81281e+08 -0.000116667
-8.81258e+08 -0.000116664
-8.81236e+08 -0.000116661
-8.81213e+08 -0.000116658
-8.8119e+08 -0.000116655
-8.81167e+08 -0.000116652
-8.81145e+08 -0.000116649
-8.81122e+08 -0.000116646
-8.81099e+08 -0.000116643
-8.81076e+08 -0.00011664
-8.81054e+08 -0.000116637
-8.81031e+08 -0.000116634
-8.81008e+08 -0.000116631
-8.80985e+08 -0.000116628
-8.80962e+08 -0.000116625
-8.8094e+08 -0.000116622
-8.80917e+08 -0.000116619
-8.80894e+08 -0.000116616
-8.80871e+08 -0.000116613
-8.80849e+08 -0.00011661
-8.80826e+08 -0.000116607
-8.80803e+08 -0.000116604
-8.8078e+08 -0.000116601
-8.80758e+08 -0.000116598
-8.80735e+08 -0.000116595
-8.80712e+08 -0.000116592
-8.80689e+08 -0.000116589
-8.80667e+08 -0.000116586
-8.80644e+08 -0.000116583
-8.80621e+08 -0.00011658
-8.80598e+08 -0.000116577
-8.80576e+08 -0.000116574
-8.80553e+08 -0.000116571
-8.8053e+08 -0.000116568
-8.80507e+08 -0.000116565
-8.80485e+08 -0.000116562
-8.80462e+08 -0.000116559
-8.80439e+08 -0.000116556
-8.80416e+08 -0.000116553
-8.80394e+08 -0.00011655
-8.80371e+08 -0.000116547
-8.80348e+08 -0.000116544
-8.80325e+08 -0.000116541
-8.80303e+08 -0.000116538
-8.8028e+08 -0.000116535
-8.80257e+08 -0.000116532
-8.80234e+08 -0.000116529
-8.80212e+08 -0.000116525
-8.80189e+08 -0.000116522
-8.80166e+08 -0.000116519
-8.80143e+08 -0.000116516
-8.80121e+08 -0.000116513
-8.80098e+08 -0.00011651
-8.80075e+08 -0.000116507
-8.80052e+08 -0.000116504
-8.8003e+08 -0.000116501
-8.80007e+08 -0.000116498
-8.79984e+08 -0.000116495
-8.79961e+08 -0.000116492
-8.79939e+08 -0.000116489
-8.79916e+08 -0.000116486
-8.79893e+08 -0.000116483
-8.7987e+08 -0.00011648
-8.79848e+08 -0.000116477
-8.79825e+08 -0.000116474
-8.79802e+08 -0.000116471
-8.79779e+08 -0.000116468
-8.79757e+08 -0.000116465
-8.79734e+08 -0.000116462
-8.79711e+08 -0.000116459
-8.79688e+08 -0.000116456
-8.79666e+08 -0.000116453
-8.79643e+08 -0.00011645
-8.7962e+08 -0.000116447
-8.79597e+08 -0.000116444
-8.79575e+08 -0.000116441
-8.79552e+08 -0.000116438
-8.79529e+08 -0.000116435
-8.79506e+08 -0.000116432
-8.79484e+08 -0.000116429
-8.79461e+08 -0.000116426
-8.79438e+08 -0.000116423
-8.79415e+08 -0.00011642
-8.79393e+08 -0.000116417
-8.7937e+08 -0.000116414
-8.79347e+08 -0.000116411
-8.79324e+08 -0.000116408
-8.79302e+08 -0.000116405
-8.79279e+08 -0.000116402
-8.79256e+08 -0.000116399
-8.79233e+08 -0.000116396
-8.79211e+08 -0.000116393
-8.79188e+08 -0.00011639
-8.79165e+08 -0.000116387
-8.79142e+08 -0.000116384
-8.7912e+08 -0.000116381
-8.79097e+08 -0.000116378
-8.79074e+08 -0.000116375
-8.79051e+08 -0.000116372
-8.79029e+08 -0.000116369
-8.79006e+08 -0.000116366
-8.78983e+08 -0.000116363
-8.7896e+08 -0.00011636
-8.78938e+08 -0.000116357
-8.78915e+08 -0.000116354
-8.78892e+08 -0.000116351
-8.78869e+08 -0.000116348
-8.78847e+08 -0.000116345
-8.78824e+08 -0.000116342
-8.78801e+08 -0.000116339
-8.78778e+08 -0.000116336
-8.78756e+08 -0.000116333
-8.78733e+08 -0.00011633
-8.7871e+08 -0.000116327
-8.78687e+08 -0.000116324
-8.78665e+08 -0.000116321
-8.78642e+08 -0.000116318
-8.78619e+08 -0.000116315
-8.78596e+08 -0.000116312
-8.78574e+08 -0.000116309
-8.78551e+08 -0.000116306
-8.78528e+08 -0.000116303
-8.78505e+08 -0.0001163
-8.78483e+08 -0.000116297
-8.7846e+08 -0.000116294
-8.78437e+08 -0.000116291
-8.78414e+08 -0.000116288
-8.78392e+08 -0.000116285
-8.78369e+08 -0.000116282
-8.78346e+08 -0.000116279
-8.78323e+08 -0.000116276
-8.78301e+08 -0.000116273
-8.78278e+08 -0.00011627
-8.78255e+08 -0.000116267
-8.78232e+08 -0.000116263
-8.7821e+08 -0.00011626
-8.78187e+08 -0.000116257
-8.78164e+08 -0.000116254
-8.78142e+08 -0.000116251
-8.78119e+08 -0.000116248
-8.78096e+08 -0.000116245
-8.78073e+08 -0.000116242
-8.78051e+08 -0.000116239
-8.78028e+08 -0.000116236
-8.78005e+08 -0.000116233
-8.77982e+08 -0.00011623
-8.7796e+08 -0.000116227
-8.77937e+08 -0.000116224
-8.77914e+08 -0.000116221
-8.77891e+08 -0.000116218
-8.77869e+08 -0.000116215
-8.77846e+08 -0.000116212
-8.77823e+08 -0.000116209
-8.778e+08 -0.000116206
-8.77778e+08 -0.000116203
-8.77755e+08 -0.0001162
-8.77732e+08 -0.000116197
-8.77709e+08 -0.000116194
-8.77687e+08 -0.000116191
-8.77664e+08 -0.000116188
-8.77641e+08 -0.000116185
-8.77618e+08 -0.000116182
-8.77596e+08 -0.000116179
-8.77573e+08 -0.000116176
-8.7755e+08 -0.000116173
-8.77527e+08 -0.00011617
-8.77505e+08 -0.000116167
-8.77482e+08 -0.000116164
-8.77459e+08 -0.000116161
-8.77437e+08 -0.000116158
-8.77414e+08 -0.000116155
-8.77391e+08 -0.000116152
-8.77368e+08 -0.000116149
-8.77346e+08 -0.000116146
-8.77323e+08 -0.000116143
-8.773e+08 -0.00011614
-8.77277e+08 -0.000116137
-8.77255e+08 -0.000116134
-8.77232e+08 -0.000116131
-8.77209e+08 -0.000116128
-8.77186e+08 -0.000116125
-8.77164e+08 -0.000116122
-8.77141e+08 -0.000116119
-8.77118e+08 -0.000116116
-8.77095e+08 -0.000116113
-8.77073e+08 -0.00011611
-8.7705e+08 -0.000116107
-8.77027e+08 -0.000116104
-8.77004e+08 -0.000116101
-8.76982e+08 -0.000116098
-8.76959e+08 -0.000116095
-8.76936e+08 -0.000116092
-8.76913e+08 -0.000116089
-8.76891e+08 -0.000116086
-8.76868e+08 -0.000116083
-8.76845e+08 -0.00011608
-8.76823e+08 -0.000116077
-8.768e+08 -0.000116074
-8.76777e+08 -0.000116071
-8.76754e+08 -0.000116068
-8.76732e+08 -0.000116065
-8.76709e+08 -0.000116062
-8.76686e+08 -0.000116059
-8.76663e+08 -0.000116056
-8.76641e+08 -0.000116053
-8.76618e+08 -0.00011605
-8.76595e+08 -0.000116047
-8.76572e+08 -0.000116044
-8.7655e+08 -0.000116041
-8.76527e+08 -0.000116038
-8.76504e+08 -0.000116035
-8.76482e+08 -0.000116032
-8.76459e+08 -0.000116029
-8.76436e+08 -0.000116026
-8.76413e+08 -0.000116023
-8.76391e+08 -0.00011602
-8.76368e+08 -0.000116017
-8.76345e+08 -0.000116014
-8.76322e+08 -0.000116011
-8.763e+08 -0.000116008
-8.76277e+08 -0.000116005
-8.76254e+08 -0.000116002
-8.76231e+08 -0.000115999
-8.76209e+08 -0.000115996
-8.76186e+08 -0.000115993
-8.76163e+08 -0.00011599
-8.7614e+08 -0.000115987
-8.76118e+08 -0.000115984
-8.76095e+08 -0.000115981
-8.76072e+08 -0.000115978
-8.7605e+08 -0.000115975
-8.76027e+08 -0.000115971
-8.76004e+08 -0.000115968
-8.75981e+08 -0.000115965
-8.75959e+08 -0.000115962
-8.75936e+08 -0.000115959
-8.75913e+08 -0.000115956
-8.7589e+08 -0.000115953
-8.75868e+08 -0.00011595
-8.75845e+08 -0.000115947
-8.75822e+08 -0.000115944
-8.75799e+08 -0.000115941
-8.75777e+08 -0.000115938
-8.75754e+08 -0.000115935
-8.75731e+08 -0.000115932
-8.75709e+08 -0.000115929
-8.75686e+08 -0.000115926
-8.75663e+08 -0.000115923
-8.7564e+08 -0.00011592
-8.75618e+08 -0.000115917
-8.75595e+08 -0.000115914
-8.75572e+08 -0.000115911
-8.75549e+08 -0.000115908
-8.75527e+08 -0.000115905
-8.75504e+08 -0.000115902
-8.75481e+08 -0.000115899
-8.75459e+08 -0.000115896
-8.75436e+08 -0.000115893
-8.75413e+08 -0.00011589
-8.7539e+08 -0.000115887
-8.75368e+08 -0.000115884
-8.75345e+08 -0.000115881
-8.75322e+08 -0.000115878
-8.75299e+08 -0.000115875
-8.75277e+08 -0.000115872
-8.75254e+08 -0.000115869
-8.75231e+08 -0.000115866
-8.75208e+08 -0.000115863
-8.75186e+08 -0.00011586
-8.75163e+08 -0.000115857
-8.7514e+08 -0.000115854
-8.75118e+08 -0.000115851
-8.75095e+08 -0.000115848
-8.75072e+08 -0.000115845
-8.75049e+08 -0.000115842
-8.75027e+08 -0.000115839
-8.75004e+08 -0.000115836
-8.74981e+08 -0.000115833
-8.74958e+08 -0.00011583
-8.74936e+08 -0.000115827
-8.74913e+08 -0.000115824
-8.7489e+08 -0.000115821
-8.74868e+08 -0.000115818
-8.74845e+08 -0.000115815
-8.74822e+08 -0.000115812
-8.74799e+08 -0.000115809
-8.74777e+08 -0.000115806
-8.74754e+08 -0.000115803
-8.74731e+08 -0.0001158
-8.74708e+08 -0.000115797
-8.74686e+08 -0.000115794
-8.74663e+08 -0.000115791
-8.7464e+08 -0.000115788
-8.74618e+08 -0.000115785
-8.74595e+08 -0.000115782
-8.74572e+08 -0.000115779
-8.74549e+08 -0.000115776
-8.74527e+08 -0.000115773
-8.74504e+08 -0.00011577
-8.74481e+08 -0.000115767
-8.74458e+08 -0.000115764
-8.74436e+08 -0.000115761
-8.74413e+08 -0.000115758
-8.7439e+08 -0.000115755
-8.74367e+08 -0.000115752
-8.74345e+08 -0.000115749
-8.74322e+08 -0.000115746
-8.74299e+08 -0.000115743
-8.74277e+08 -0.00011574
-8.74254e+08 -0.000115737
-8.74231e+08 -0.000115734
-8.74208e+08 -0.000115731
-8.74186e+08 -0.000115728
-8.74163e+08 -0.000115725
-8.7414e+08 -0.000115722
-8.74118e+08 -0.000115719
-8.74095e+08 -0.000115716
-8.74072e+08 -0.000115713
-8.74049e+08 -0.00011571
-8.74027e+08 -0.000115707
-8.74004e+08 -0.000115704
-8.73981e+08 -0.000115701
-8.73958e+08 -0.000115698
-8.73936e+08 -0.000115695
-8.73913e+08 -0.000115692
-8.7389e+08 -0.000115689
-8.73868e+08 -0.000115686
-8.73845e+08 -0.000115683
-8.73822e+08 -0.00011568
-8.73799e+08 -0.000115677
-8.73777e+08 -0.000115674
-8.73754e+08 -0.000115671
-8.73731e+08 -0.000115668
-8.73708e+08 -0.000115665
-8.73686e+08 -0.000115662
-8.73663e+08 -0.000115659
-8.7364e+08 -0.000115656
-8.73618e+08 -0.000115653
-8.73595e+08 -0.00011565
-8.73572e+08 -0.000115647
-8.73549e+08 -0.000115644
-8.73527e+08 -0.000115641
-8.73504e+08 -0.000115638
-8.73481e+08 -0.000115635
-8.73459e+08 -0.000115631
-8.73436e+08 -0.000115628
-8.73413e+08 -0.000115625
-8.7339e+08 -0.000115622
-8.73368e+08 -0.000115619
-8.73345e+08 -0.000115616
-8.73322e+08 -0.000115613
-8.733e+08 -0.00011561
-8.73277e+08 -0.000115607
-8.73254e+08 -0.000115604
-8.73231e+08 -0.000115601
-8.73209e+08 -0.000115598
-8.73186e+08 -0.000115595
-8.73163e+08 -0.000115592
-8.7314e+08 -0.000115589
-8.73118e+08 -0.000115586
-8.73095e+08 -0.000115583
-8.73072e+08 -0.00011558
-8.7305e+08 -0.000115577
-8.73027e+08 -0.000115574
-8.73004e+08 -0.000115571
-8.72981e+08 -0.000115568
-8.72959e+08 -0.000115565
-8.72936e+08 -0.000115562
-8.72913e+08 -0.000115559
-8.7289e+08 -0.000115556
-8.72868e+08 -0.000115553
-8.72845e+08 -0.00011555
-8.72822e+08 -0.000115547
-8.728e+08 -0.000115544
-8.72777e+08 -0.000115541
-8.72754e+08 -0.000115538
-8.72731e+08 -0.000115535
-8.72709e+08 -0.000115532
-8.72686e+08 -0.000115529
-8.72663e+08 -0.000115526
-8.72641e+08 -0.000115523
-8.72618e+08 -0.00011552
-8.72595e+08 -0.000115517
-8.72572e+08 -0.000115514
-8.7255e+08 -0.000115511
-8.72527e+08 -0.000115508
-8.72504e+08 -0.000115505
-8.72482e+08 -0.000115502
-8.72459e+08 -0.000115499
-8.72436e+08 -0.000115496
-8.72413e+08 -0.000115493
-8.72391e+08 -0.00011549
-8.72368e+08 -0.000115487
-8.72345e+08 -0.000115484
-8.72323e+08 -0.000115481
-8.723e+08 -0.000115478
-8.72277e+08 -0.000115475
-8.72254e+08 -0.000115472
-8.72232e+08 -0.000115469
-8.72209e+08 -0.000115466
-8.72186e+08 -0.000115463
-8.72164e+08 -0.00011546
-8.72141e+08 -0.000115457
-8.72118e+08 -0.000115454
-8.72095e+08 -0.000115451
-8.72073e+08 -0.000115448
-8.7205e+08 -0.000115445
-8.72027e+08 -0.000115442
-8.72004e+08 -0.000115439
-8.71982e+08 -0.000115436
-8.71959e+08 -0.000115433
-8.71936e+08 -0.00011543
-8.71914e+08 -0.000115427
-8.71891e+08 -0.000115424
-8.71868e+08 -0.000115421
-8.71845e+08 -0.000115418
-8.71823e+08 -0.000115415
-8.718e+08 -0.000115412
-8.71777e+08 -0.000115409
-8.71755e+08 -0.000115406
-8.71732e+08 -0.000115403
-8.71709e+08 -0.0001154
-8.71686e+08 -0.000115397
-8.71664e+08 -0.000115394
-8.71641e+08 -0.000115391
-8.71618e+08 -0.000115388
-8.71596e+08 -0.000115385
-8.71573e+08 -0.000115382
-8.7155e+08 -0.000115379
-8.71527e+08 -0.000115376
-8.71505e+08 -0.000115373
-8.71482e+08 -0.00011537
-8.71459e+08 -0.000115367
-8.71437e+08 -0.000115364
-8.71414e+08 -0.000115361
-8.71391e+08 -0.000115358
-8.71369e+08 -0.000115355
-8.71346e+08 -0.000115352
-8.71323e+08 -0.000115349
-8.713e+08 -0.000115346
-8.71278e+08 -0.000115343
-8.71255e+08 -0.00011534
-8.71232e+08 -0.000115337
-8.71209e+08 -0.000115334
-8.71187e+08 -0.000115331
-8.71164e+08 -0.000115328
-8.71141e+08 -0.000115325
-8.71119e+08 -0.000115322
-8.71096e+08 -0.000115319
-8.71073e+08 -0.000115316
-8.71051e+08 -0.000115313
-8.71028e+08 -0.00011531
-8.71005e+08 -0.000115307
-8.70982e+08 -0.000115304
-8.7096e+08 -0.000115301
-8.70937e+08 -0.000115298
-8.70914e+08 -0.000115295
-8.70892e+08 -0.000115292
-8.70869e+08 -0.000115289
-8.70846e+08 -0.000115286
-8.70823e+08 -0.000115283
-8.70801e+08 -0.00011528
-8.70778e+08 -0.000115277
-8.70755e+08 -0.000115274
-8.70733e+08 -0.000115271
-8.7071e+08 -0.000115268
-8.70687e+08 -0.000115265
-8.70664e+08 -0.000115262
-8.70642e+08 -0.000115259
-8.70619e+08 -0.000115256
-8.70596e+08 -0.000115253
-8.70574e+08 -0.00011525
-8.70551e+08 -0.000115247
-8.70528e+08 -0.000115244
-8.70505e+08 -0.000115241
-8.70483e+08 -0.000115238
-8.7046e+08 -0.000115235
-8.70437e+08 -0.000115232
-8.70415e+08 -0.000115229
-8.70392e+08 -0.000115226
-8.70369e+08 -0.000115223
-8.70346e+08 -0.00011522
-8.70324e+08 -0.000115217
-8.70301e+08 -0.000115214
-8.70278e+08 -0.00011521
-8.70256e+08 -0.000115207
-8.70233e+08 -0.000115204
-8.7021e+08 -0.000115201
-8.70188e+08 -0.000115198
-8.70165e+08 -0.000115195
-8.70142e+08 -0.000115192
-8.70119e+08 -0.000115189
-8.70097e+08 -0.000115186
-8.70074e+08 -0.000115183
-8.70051e+08 -0.00011518
-8.70029e+08 -0.000115177
-8.70006e+08 -0.000115174
-8.69983e+08 -0.000115171
-8.6996e+08 -0.000115168
-8.69938e+08 -0.000115165
-8.69915e+08 -0.000115162
-8.69892e+08 -0.000115159
-8.6987e+08 -0.000115156
-8.69847e+08 -0.000115153
-8.69824e+08 -0.00011515
-8.69802e+08 -0.000115147
-8.69779e+08 -0.000115144
-8.69756e+08 -0.000115141
-8.69733e+08 -0.000115138
-8.69711e+08 -0.000115135
-8.69688e+08 -0.000115132
-8.69665e+08 -0.000115129
-8.69643e+08 -0.000115126
-8.6962e+08 -0.000115123
-8.69597e+08 -0.00011512
-8.69574e+08 -0.000115117
-8.69552e+08 -0.000115114
-8.69529e+08 -0.000115111
-8.69506e+08 -0.000115108
-8.69484e+08 -0.000115105
-8.69461e+08 -0.000115102
-8.69438e+08 -0.000115099
-8.69416e+08 -0.000115096
-8.69393e+08 -0.000115093
-8.6937e+08 -0.00011509
-8.69347e+08 -0.000115087
-8.69325e+08 -0.000115084
-8.69302e+08 -0.000115081
-8.69279e+08 -0.000115078
-8.69257e+08 -0.000115075
-8.69234e+08 -0.000115072
-8.69211e+08 -0.000115069
-8.69188e+08 -0.000115066
-8.69166e+08 -0.000115063
-8.69143e+08 -0.00011506
-8.6912e+08 -0.000115057
-8.69098e+08 -0.000115054
-8.69075e+08 -0.000115051
-8.69052e+08 -0.000115048
-8.6903e+08 -0.000115045
-8.69007e+08 -0.000115042
-8.68984e+08 -0.000115039
-8.68961e+08 -0.000115036
-8.68939e+08 -0.000115033
-8.68916e+08 -0.00011503
-8.68893e+08 -0.000115027
-8.68871e+08 -0.000115024
-8.68848e+08 -0.000115021
-8.68825e+08 -0.000115018
-8.68803e+08 -0.000115015
-8.6878e+08 -0.000115012
-8.68757e+08 -0.000115009
-8.68734e+08 -0.000115006
-8.68712e+08 -0.000115003
-8.68689e+08 -0.000115
-8.68666e+08 -0.000114997
-8.68644e+08 -0.000114994
-8.68621e+08 -0.000114991
-8.68598e+08 -0.000114988
-8.68576e+08 -0.000114985
-8.68553e+08 -0.000114982
-8.6853e+08 -0.000114979
-8.68507e+08 -0.000114976
-8.68485e+08 -0.000114973
-8.68462e+08 -0.00011497
-8.68439e+08 -0.000114967
-8.68417e+08 -0.000114964
-8.68394e+08 -0.000114961
-8.68371e+08 -0.000114958
-8.68349e+08 -0.000114955
-8.68326e+08 -0.000114952
-8.68303e+08 -0.000114949
-8.6828e+08 -0.000114946
-8.68258e+08 -0.000114943
-8.68235e+08 -0.00011494
-8.68212e+08 -0.000114937
-8.6819e+08 -0.000114934
-8.68167e+08 -0.000114931
-8.68144e+08 -0.000114928
-8.68122e+08 -0.000114925
-8.68099e+08 -0.000114922
-8.68076e+08 -0.000114919
-8.68053e+08 -0.000114916
-8.68031e+08 -0.000114913
-8.68008e+08 -0.00011491
-8.67985e+08 -0.000114907
-8.67963e+08 -0.000114904
-8.6794e+08 -0.000114901
-8.67917e+08 -0.000114898
-8.67895e+08 -0.000114895
-8.67872e+08 -0.000114892
-8.67849e+08 -0.000114889
-8.67826e+08 -0.000114886
-8.67804e+08 -0.000114883
-8.67781e+08 -0.00011488
-8.67758e+08 -0.000114877
-8.67736e+08 -0.000114874
-8.67713e+08 -0.000114871
-8.6769e+08 -0.000114868
-8.67668e+08 -0.000114865
-8.67645e+08 -0.000114862
-8.67622e+08 -0.000114859
-8.67599e+08 -0.000114856
-8.67577e+08 -0.000114853
-8.67554e+08 -0.00011485
-8.67531e+08 -0.000114847
-8.67509e+08 -0.000114844
-8.67486e+08 -0.000114841
-8.67463e+08 -0.000114838
-8.67441e+08 -0.000114835
-8.67418e+08 -0.000114832
-8.67395e+08 -0.000114829
-8.67373e+08 -0.000114826
-8.6735e+08 -0.000114823
-8.67327e+08 -0.00011482
-8.67304e+08 -0.000114817
-8.67282e+08 -0.000114814
-8.67259e+08 -0.000114811
-8.67236e+08 -0.000114808
-8.67214e+08 -0.000114805
-8.67191e+08 -0.000114802
-8.67168e+08 -0.000114799
-8.67146e+08 -0.000114796
-8.67123e+08 -0.000114793
-8.671e+08 -0.00011479
-8.67077e+08 -0.000114787
-8.67055e+08 -0.000114784
-8.67032e+08 -0.000114781
-8.67009e+08 -0.000114778
-8.66987e+08 -0.000114775
-8.66964e+08 -0.000114772
-8.66941e+08 -0.000114769
-8.66919e+08 -0.000114766
-8.66896e+08 -0.000114763
-8.66873e+08 -0.00011476
-8.66851e+08 -0.000114757
-8.66828e+08 -0.000114754
-8.66805e+08 -0.000114751
-8.66782e+08 -0.000114748
-8.6676e+08 -0.000114745
-8.66737e+08 -0.000114742
-8.66714e+08 -0.000114739
-8.66692e+08 -0.000114736
-8.66669e+08 -0.000114733
-8.66646e+08 -0.00011473
-8.66624e+08 -0.000114727
-8.66601e+08 -0.000114724
-8.66578e+08 -0.000114721
-8.66556e+08 -0.000114718
-8.66533e+08 -0.000114715
-8.6651e+08 -0.000114712
-8.66487e+08 -0.000114709
-8.66465e+08 -0.000114706
-8.66442e+08 -0.000114703
-8.66419e+08 -0.0001147
-8.66397e+08 -0.000114697
-8.66374e+08 -0.000114694
-8.66351e+08 -0.000114691
-8.66329e+08 -0.000114688
-8.66306e+08 -0.000114685
-8.66283e+08 -0.000114682
-8.66261e+08 -0.000114679
-8.66238e+08 -0.000114676
-8.66215e+08 -0.000114673
-8.66192e+08 -0.00011467
-8.6617e+08 -0.000114667
-8.66147e+08 -0.000114664
-8.66124e+08 -0.000114661
-8.66102e+08 -0.000114658
-8.66079e+08 -0.000114655
-8.66056e+08 -0.000114652
-8.66034e+08 -0.000114649
-8.66011e+08 -0.000114646
-8.65988e+08 -0.000114643
-8.65966e+08 -0.00011464
-8.65943e+08 -0.000114637
-8.6592e+08 -0.000114634
-8.65898e+08 -0.000114631
-8.65875e+08 -0.000114628
-8.65852e+08 -0.000114625
-8.65829e+08 -0.000114622
-8.65807e+08 -0.000114619
-8.65784e+08 -0.000114616
-8.65761e+08 -0.000114613
-8.65739e+08 -0.00011461
-8.65716e+08 -0.000114607
-8.65693e+08 -0.000114604
-8.65671e+08 -0.000114601
-8.65648e+08 -0.000114598
-8.65625e+08 -0.000114595
-8.65603e+08 -0.000114591
-8.6558e+08 -0.000114588
-8.65557e+08 -0.000114585
-8.65534e+08 -0.000114582
-8.65512e+08 -0.000114579
-8.65489e+08 -0.000114576
-8.65466e+08 -0.000114573
-8.65444e+08 -0.00011457
-8.65421e+08 -0.000114567
-8.65398e+08 -0.000114564
-8.65376e+08 -0.000114561
-8.65353e+08 -0.000114558
-8.6533e+08 -0.000114555
-8.65308e+08 -0.000114552
-8.65285e+08 -0.000114549
-8.65262e+08 -0.000114546
-8.6524e+08 -0.000114543
-8.65217e+08 -0.00011454
-8.65194e+08 -0.000114537
-8.65172e+08 -0.000114534
-8.65149e+08 -0.000114531
-8.65126e+08 -0.000114528
-8.65103e+08 -0.000114525
-8.65081e+08 -0.000114522
-8.65058e+08 -0.000114519
-8.65035e+08 -0.000114516
-8.65013e+08 -0.000114513
-8.6499e+08 -0.00011451
-8.64967e+08 -0.000114507
-8.64945e+08 -0.000114504
-8.64922e+08 -0.000114501
-8.64899e+08 -0.000114498
-8.64877e+08 -0.000114495
-8.64854e+08 -0.000114492
-8.64831e+08 -0.000114489
-8.64809e+08 -0.000114486
-8.64786e+08 -0.000114483
-8.64763e+08 -0.00011448
-8.6474e+08 -0.000114477
-8.64718e+08 -0.000114474
-8.64695e+08 -0.000114471
-8.64672e+08 -0.000114468
-8.6465e+08 -0.000114465
-8.64627e+08 -0.000114462
-8.64604e+08 -0.000114459
-8.64582e+08 -0.000114456
-8.64559e+08 -0.000114453
-8.64536e+08 -0.00011445
-8.64514e+08 -0.000114447
-8.64491e+08 -0.000114444
-8.64468e+08 -0.000114441
-8.64446e+08 -0.000114438
-8.64423e+08 -0.000114435
-8.644e+08 -0.000114432
-8.64378e+08 -0.000114429
-8.64355e+08 -0.000114426
-8.64332e+08 -0.000114423
-8.6431e+08 -0.00011442
-8.64287e+08 -0.000114417
-8.64264e+08 -0.000114414
-8.64241e+08 -0.000114411
-8.64219e+08 -0.000114408
-8.64196e+08 -0.000114405
-8.64173e+08 -0.000114402
-8.64151e+08 -0.000114399
-8.64128e+08 -0.000114396
-8.64105e+08 -0.000114393
-8.64083e+08 -0.00011439
-8.6406e+08 -0.000114387
-8.64037e+08 -0.000114384
-8.64015e+08 -0.000114381
-8.63992e+08 -0.000114378
-8.63969e+08 -0.000114375
-8.63947e+08 -0.000114372
-8.63924e+08 -0.000114369
-8.63901e+08 -0.000114366
-8.63879e+08 -0.000114363
-8.63856e+08 -0.00011436
-8.63833e+08 -0.000114357
-8.63738e+08 -0.000114345
-8.63453e+08 -0.000114307
-8.63168e+08 -0.000114269
-8.62883e+08 -0.000114231
-8.62598e+08 -0.000114194
-8.62313e+08 -0.000114156
-8.62028e+08 -0.000114118
-8.61743e+08 -0.000114081
-8.61459e+08 -0.000114043
-8.61174e+08 -0.000114005
-8.60889e+08 -0.000113967
-8.60604e+08 -0.00011393
-8.60319e+08 -0.000113892
-8.60034e+08 -0.000113854
-8.59749e+08 -0.000113817
-8.59464e+08 -0.000113779
-8.59179e+08 -0.000113741
-8.58894e+08 -0.000113703
-8.5861e+08 -0.000113666
-8.58325e+08 -0.000113628
-8.5804e+08 -0.00011359
-8.57755e+08 -0.000113553
-8.5747e+08 -0.000113515
-8.57185e+08 -0.000113477
-8.569e+08 -0.000113439
-8.56615e+08 -0.000113402
-8.5633e+08 -0.000113364
-8.56046e+08 -0.000113326
-8.55761e+08 -0.000113289
-8.55476e+08 -0.000113251
-8.55191e+08 -0.000113213
-8.54906e+08 -0.000113175
-8.54621e+08 -0.000113138
-8.54336e+08 -0.0001131
-8.54052e+08 -0.000113062
-8.53767e+08 -0.000113025
-8.53482e+08 -0.000112987
-8.53197e+08 -0.000112949
-8.52912e+08 -0.000112911
-8.52627e+08 -0.000112874
-8.52342e+08 -0.000112836
-8.52058e+08 -0.000112798
-8.51773e+08 -0.000112761
-8.51488e+08 -0.000112723
-8.51203e+08 -0.000112685
-8.50918e+08 -0.000112648
-8.50633e+08 -0.00011261
-8.50348e+08 -0.000112572
-8.50064e+08 -0.000112534
-8.49779e+08 -0.000112497
-8.49494e+08 -0.000112459
-8.49209e+08 -0.000112421
-8.48924e+08 -0.000112384
-8.48639e+08 -0.000112346
-8.48355e+08 -0.000112308
-8.4807e+08 -0.00011227
-8.47785e+08 -0.000112233
-8.475e+08 -0.000112195
-8.47215e+08 -0.000112157
-8.46931e+08 -0.00011212
-8.46646e+08 -0.000112082
-8.46361e+08 -0.000112044
-8.46076e+08 -0.000112007
-8.45791e+08 -0.000111969
-8.45305e+08 -0.000111904
-8.44795e+08 -0.000111837
-8.44286e+08 -0.00011177
-8.43777e+08 -0.000111702
-8.43268e+08 -0.000111635
-8.42759e+08 -0.000111567
-8.4225e+08 -0.0001115
-8.4174e+08 -0.000111433
-8.41231e+08 -0.000111365
-8.40722e+08 -0.000111298
-8.40213e+08 -0.00011123
-8.39704e+08 -0.000111163
-8.39195e+08 -0.000111096
-8.38686e+08 -0.000111028
-8.38176e+08 -0.000110961
-8.37667e+08 -0.000110893
-8.37158e+08 -0.000110826
-8.36649e+08 -0.000110759
-8.3614e+08 -0.000110691
-8.35631e+08 -0.000110624
-8.35122e+08 -0.000110556
-8.34612e+08 -0.000110489
-8.34103e+08 -0.000110422
-8.33594e+08 -0.000110354
-8.33085e+08 -0.000110287
-8.32576e+08 -0.000110219
-8.32067e+08 -0.000110152
-8.31558e+08 -0.000110085
-8.31048e+08 -0.000110017
-8.30539e+08 -0.00010995
-8.3003e+08 -0.000109882
-8.29521e+08 -0.000109815
-8.29012e+08 -0.000109748
-8.28503e+08 -0.00010968
-8.27994e+08 -0.000109613
-8.27485e+08 -0.000109545
-8.26976e+08 -0.000109478
-8.26466e+08 -0.000109411
-8.25957e+08 -0.000109343
-8.25448e+08 -0.000109276
-8.24939e+08 -0.000109208
-8.2443e+08 -0.000109141
-8.23921e+08 -0.000109074
-8.23412e+08 -0.000109006
-8.22903e+08 -0.000108939
-8.22394e+08 -0.000108871
-8.21884e+08 -0.000108804
-8.21375e+08 -0.000108737
-8.20866e+08 -0.000108669
-8.20357e+08 -0.000108602
-8.19848e+08 -0.000108534
-8.19339e+08 -0.000108467
-8.1883e+08 -0.0001084
-8.18321e+08 -0.000108332
-8.17812e+08 -0.000108265
-8.17303e+08 -0.000108197
-8.16794e+08 -0.00010813
-8.16284e+08 -0.000108063
-8.15775e+08 -0.000107995
-8.15266e+08 -0.000107928
-8.14757e+08 -0.00010786
-8.14248e+08 -0.000107793
-8.13739e+08 -0.000107726
-8.1323e+08 -0.000107658
-8.12721e+08 -0.000107591
-8.12212e+08 -0.000107523
-8.11703e+08 -0.000107456
-8.11194e+08 -0.000107389
-8.10685e+08 -0.000107321
-8.10176e+08 -0.000107254
-8.09666e+08 -0.000107186
-8.09157e+08 -0.000107119
-8.08648e+08 -0.000107052
-8.08139e+08 -0.000106984
-8.0763e+08 -0.000106917
-8.07121e+08 -0.00010685
-8.06612e+08 -0.000106782
-8.06103e+08 -0.000106715
-8.05594e+08 -0.000106647
-8.05085e+08 -0.00010658
-8.04576e+08 -0.000106513
-8.04067e+08 -0.000106445
-8.03558e+08 -0.000106378
-8.03049e+08 -0.00010631
-8.0254e+08 -0.000106243
-8.02031e+08 -0.000106176
-8.01522e+08 -0.000106108
-8.01013e+08 -0.000106041
-8.00504e+08 -0.000105973
-7.99994e+08 -0.000105906
-7.99485e+08 -0.000105839
-7.98976e+08 -0.000105771
-7.98467e+08 -0.000105704
-7.97958e+08 -0.000105637
-7.97449e+08 -0.000105569
-7.9694e+08 -0.000105502
-7.96431e+08 -0.000105434
-7.95922e+08 -0.000105367
-7.95413e+08 -0.0001053
-7.94904e+08 -0.000105232
-7.94395e+08 -0.000105165
-7.93886e+08 -0.000105097
-7.93377e+08 -0.00010503
-7.92868e+08 -0.000104963
-7.92359e+08 -0.000104895
-7.9185e+08 -0.000104828
-7.91341e+08 -0.00010476
-7.90832e+08 -0.000104693
-7.90323e+08 -0.000104626
-7.89814e+08 -0.000104558
-7.89305e+08 -0.000104491
-7.88796e+08 -0.000104424
-7.88287e+08 -0.000104356
-7.87778e+08 -0.000104289
-7.87269e+08 -0.000104221
-7.8676e+08 -0.000104154
-7.86251e+08 -0.000104087
-7.85742e+08 -0.000104019
-7.85233e+08 -0.000103952
-7.84724e+08 -0.000103885
-7.84215e+08 -0.000103817
-7.83706e+08 -0.00010375
-7.83197e+08 -0.000103682
-7.82688e+08 -0.000103615
-7.82179e+08 -0.000103548
-7.8167e+08 -0.00010348
-7.81161e+08 -0.000103413
-7.80652e+08 -0.000103345
-7.80143e+08 -0.000103278
-7.79634e+08 -0.000103211
-7.79125e+08 -0.000103143
-7.78616e+08 -0.000103076
-7.78107e+08 -0.000103009
-7.77598e+08 -0.000102941
-7.77089e+08 -0.000102874
-7.7658e+08 -0.000102806
-7.76071e+08 -0.000102739
-7.75562e+08 -0.000102672
-7.75053e+08 -0.000102604
-7.74544e+08 -0.000102537
-7.74035e+08 -0.00010247
-7.73526e+08 -0.000102402
-7.73018e+08 -0.000102335
-7.72509e+08 -0.000102267
-7.72e+08 -0.0001022
-7.71491e+08 -0.000102133
-7.70982e+08 -0.000102065
-7.70473e+08 -0.000101998
-7.69964e+08 -0.000101931
-7.69455e+08 -0.000101863
-7.68946e+08 -0.000101796
-7.68437e+08 -0.000101728
-7.67928e+08 -0.000101661
-7.67419e+08 -0.000101594
-7.6691e+08 -0.000101526
-7.66401e+08 -0.000101459
-7.65892e+08 -0.000101391
-7.65383e+08 -0.000101324
-7.64874e+08 -0.000101257
-7.64365e+08 -0.000101189
-7.63857e+08 -0.000101122
-7.63348e+08 -0.000101055
-7.62839e+08 -0.000100987
-7.6233e+08 -0.00010092
-7.61821e+08 -0.000100853
-7.61312e+08 -0.000100785
-7.60803e+08 -0.000100718
-7.60294e+08 -0.00010065
-7.59785e+08 -0.000100583
-7.59276e+08 -0.000100516
-7.58767e+08 -0.000100448
-7.58258e+08 -0.000100381
-7.57749e+08 -0.000100314
-7.57241e+08 -0.000100246
-7.56732e+08 -0.000100179
-7.56223e+08 -0.000100111
-7.55714e+08 -0.000100044
-7.55205e+08 -9.99767e-05
-7.54696e+08 -9.99093e-05
-7.54187e+08 -9.98419e-05
-7.53678e+08 -9.97746e-05
-7.53169e+08 -9.97072e-05
-7.5266e+08 -9.96398e-05
-7.52151e+08 -9.95724e-05
-7.51643e+08 -9.95051e-05
-7.51134e+08 -9.94377e-05
-7.50625e+08 -9.93703e-05
-7.50116e+08 -9.9303e-05
-7.49607e+08 -9.92356e-05
-7.49098e+08 -9.91682e-05
-7.48589e+08 -9.91009e-05
-7.4808e+08 -9.90335e-05
-7.47571e+08 -9.89661e-05
-7.47062e+08 -9.88987e-05
-7.46554e+08 -9.88314e-05
-7.46045e+08 -9.8764e-05
-7.45536e+08 -9.86966e-05
-7.45027e+08 -9.86293e-05
-7.44518e+08 -9.85619e-05
-7.44009e+08 -9.84945e-05
-7.435e+08 -9.84272e-05
-7.42991e+08 -9.83598e-05
-7.42483e+08 -9.82924e-05
-7.41974e+08 -9.82251e-05
-7.41465e+08 -9.81577e-05
-7.40956e+08 -9.80903e-05
-7.40447e+08 -9.8023e-05
-7.39938e+08 -9.79556e-05
-7.39429e+08 -9.78883e-05
-7.38921e+08 -9.78209e-05
-7.38412e+08 -9.77535e-05
-7.37903e+08 -9.76862e-05
-7.37394e+08 -9.76188e-05
-7.36885e+08 -9.75514e-05
-7.36376e+08 -9.74841e-05
-7.35867e+08 -9.74167e-05
-7.35359e+08 -9.73493e-05
-7.3485e+08 -9.7282e-05
-7.34341e+08 -9.72146e-05
-7.33832e+08 -9.71473e-05
-7.33323e+08 -9.70799e-05
-7.32814e+08 -9.70125e-05
-7.32305e+08 -9.69452e-05
-7.31797e+08 -9.68778e-05
-7.31288e+08 -9.68104e-05
-7.30779e+08 -9.67431e-05
-7.3027e+08 -9.66757e-05
-7.29761e+08 -9.66084e-05
-7.29252e+08 -9.6541e-05
-7.28744e+08 -9.64736e-05
-7.28235e+08 -9.64063e-05
-7.27726e+08 -9.63389e-05
-7.27217e+08 -9.62715e-05
-7.26708e+08 -9.62042e-05
-7.26199e+08 -9.61368e-05
-7.25691e+08 -9.60695e-05
-7.25182e+08 -9.60021e-05
-7.24673e+08 -9.59347e-05
-7.24164e+08 -9.58674e-05
-7.23655e+08 -9.58e-05
-7.23147e+08 -9.57327e-05
-7.22638e+08 -9.56653e-05
-7.22129e+08 -9.5598e-05
-7.2162e+08 -9.55306e-05
-7.21111e+08 -9.54632e-05
-7.20602e+08 -9.53959e-05
-7.20094e+08 -9.53285e-05
-7.19585e+08 -9.52612e-05
-7.19076e+08 -9.51938e-05
-7.18567e+08 -9.51265e-05
-7.18058e+08 -9.50591e-05
-7.1755e+08 -9.49917e-05
-7.17041e+08 -9.49244e-05
-7.16532e+08 -9.4857e-05
-7.16023e+08 -9.47897e-05
-7.15514e+08 -9.47223e-05
-7.15006e+08 -9.4655e-05
-7.14497e+08 -9.45876e-05
-7.13988e+08 -9.45202e-05
-7.13479e+08 -9.44529e-05
-7.12971e+08 -9.43855e-05
-7.12462e+08 -9.43182e-05
-7.11953e+08 -9.42508e-05
-7.11444e+08 -9.41835e-05
-7.10935e+08 -9.41161e-05
-7.10427e+08 -9.40488e-05
-7.09918e+08 -9.39814e-05
-7.09409e+08 -9.39141e-05
-7.089e+08 -9.38467e-05
-7.08392e+08 -9.37793e-05
-7.07883e+08 -9.3712e-05
-7.07374e+08 -9.36446e-05
-7.06865e+08 -9.35773e-05
-7.06356e+08 -9.35099e-05
-7.05848e+08 -9.34426e-05
-7.05339e+08 -9.33752e-05
-7.0483e+08 -9.33079e-05
-7.04321e+08 -9.32405e-05
-7.03813e+08 -9.31732e-05
-7.03304e+08 -9.31058e-05
-7.02795e+08 -9.30385e-05
-7.02286e+08 -9.29711e-05
-7.01778e+08 -9.29038e-05
-7.01269e+08 -9.28364e-05
-7.0076e+08 -9.27691e-05
-7.00251e+08 -9.27017e-05
-6.99743e+08 -9.26344e-05
-6.99234e+08 -9.2567e-05
-6.98725e+08 -9.24997e-05
-6.98216e+08 -9.24323e-05
-6.97708e+08 -9.2365e-05
-6.97199e+08 -9.22976e-05
-6.9669e+08 -9.22303e-05
-6.96181e+08 -9.21629e-05
-6.95673e+08 -9.20956e-05
-6.95164e+08 -9.20282e-05
-6.94655e+08 -9.19609e-05
-6.94146e+08 -9.18935e-05
-6.93638e+08 -9.18262e-05
-6.93129e+08 -9.17588e-05
-6.9262e+08 -9.16915e-05
-6.92112e+08 -9.16241e-05
-6.91603e+08 -9.15568e-05
-6.91094e+08 -9.14895e-05
-6.90585e+08 -9.14221e-05
-6.90077e+08 -9.13548e-05
-6.89568e+08 -9.12874e-05
-6.89059e+08 -9.12201e-05
-6.8855e+08 -9.11527e-05
-6.88042e+08 -9.10854e-05
-6.87533e+08 -9.1018e-05
-6.87024e+08 -9.09507e-05
-6.86516e+08 -9.08833e-05
-6.86007e+08 -9.0816e-05
-6.85498e+08 -9.07487e-05
-6.84989e+08 -9.06813e-05
-6.84481e+08 -9.0614e-05
-6.83972e+08 -9.05466e-05
-6.83463e+08 -9.04793e-05
-6.82955e+08 -9.04119e-05
-6.82446e+08 -9.03446e-05
-6.81937e+08 -9.02772e-05
-6.81429e+08 -9.02099e-05
-6.8092e+08 -9.01426e-05
-6.80411e+08 -9.00752e-05
-6.79903e+08 -9.00079e-05
-6.79394e+08 -8.99405e-05
-6.78885e+08 -8.98732e-05
-6.78376e+08 -8.98058e-05
-6.77868e+08 -8.97385e-05
-6.77359e+08 -8.96712e-05
-6.7685e+08 -8.96038e-05
-6.76342e+08 -8.95365e-05
-6.75833e+08 -8.94691e-05
-6.75324e+08 -8.94018e-05
-6.74816e+08 -8.93345e-05
-6.74307e+08 -8.92671e-05
-6.73798e+08 -8.91998e-05
-6.7329e+08 -8.91324e-05
-6.72781e+08 -8.90651e-05
-6.72272e+08 -8.89978e-05
-6.71764e+08 -8.89304e-05
-6.71255e+08 -8.88631e-05
-6.70746e+08 -8.87957e-05
-6.70238e+08 -8.87284e-05
-6.69729e+08 -8.86611e-05
-6.6922e+08 -8.85937e-05
-6.68712e+08 -8.85264e-05
-6.68203e+08 -8.84591e-05
-6.67694e+08 -8.83917e-05
-6.67186e+08 -8.83244e-05
-6.66677e+08 -8.8257e-05
-6.66168e+08 -8.81897e-05
-6.6566e+08 -8.81224e-05
-6.65151e+08 -8.8055e-05
-6.64642e+08 -8.79877e-05
-6.64134e+08 -8.79204e-05
-6.63625e+08 -8.7853e-05
-6.63117e+08 -8.77857e-05
-6.62608e+08 -8.77183e-05
-6.62099e+08 -8.7651e-05
-6.61591e+08 -8.75837e-05
-6.61082e+08 -8.75163e-05
-6.60573e+08 -8.7449e-05
-6.60065e+08 -8.73817e-05
-6.59556e+08 -8.73143e-05
-6.59047e+08 -8.7247e-05
-6.58539e+08 -8.71797e-05
-6.5803e+08 -8.71123e-05
-6.57522e+08 -8.7045e-05
-6.57013e+08 -8.69777e-05
-6.56504e+08 -8.69103e-05
-6.55996e+08 -8.6843e-05
-6.55487e+08 -8.67757e-05
-6.54978e+08 -8.67083e-05
-6.5447e+08 -8.6641e-05
-6.53961e+08 -8.65737e-05
-6.53453e+08 -8.65063e-05
-6.52944e+08 -8.6439e-05
-6.52435e+08 -8.63717e-05
-6.51927e+08 -8.63043e-05
-6.51418e+08 -8.6237e-05
-6.5091e+08 -8.61697e-05
-6.50401e+08 -8.61024e-05
-6.49892e+08 -8.6035e-05
-6.49384e+08 -8.59677e-05
-6.48875e+08 -8.59004e-05
-6.48367e+08 -8.5833e-05
-6.47858e+08 -8.57657e-05
-6.47349e+08 -8.56984e-05
-6.46841e+08 -8.5631e-05
-6.46332e+08 -8.55637e-05
-6.45824e+08 -8.54964e-05
-6.45315e+08 -8.54291e-05
-6.44806e+08 -8.53617e-05
-6.44298e+08 -8.52944e-05
-6.43789e+08 -8.52271e-05
-6.43281e+08 -8.51597e-05
-6.42772e+08 -8.50924e-05
-6.42263e+08 -8.50251e-05
-6.41755e+08 -8.49578e-05
-6.41246e+08 -8.48904e-05
-6.40738e+08 -8.48231e-05
-6.40229e+08 -8.47558e-05
-6.39721e+08 -8.46884e-05
-6.39212e+08 -8.46211e-05
-6.38703e+08 -8.45538e-05
-6.38195e+08 -8.44865e-05
-6.37686e+08 -8.44191e-05
-6.37178e+08 -8.43518e-05
-6.36669e+08 -8.42845e-05
-6.36161e+08 -8.42172e-05
-6.35652e+08 -8.41498e-05
-6.35143e+08 -8.40825e-05
-6.34635e+08 -8.40152e-05
-6.34126e+08 -8.39479e-05
-6.33618e+08 -8.38805e-05
-6.33109e+08 -8.38132e-05
-6.32601e+08 -8.37459e-05
-6.32092e+08 -8.36786e-05
-6.31584e+08 -8.36112e-05
-6.31075e+08 -8.35439e-05
-6.30566e+08 -8.34766e-05
-6.30058e+08 -8.34093e-05
-6.29549e+08 -8.33419e-05
-6.29041e+08 -8.32746e-05
-6.28532e+08 -8.32073e-05
-6.28024e+08 -8.314e-05
-6.27515e+08 -8.30727e-05
-6.27007e+08 -8.30053e-05
-6.26498e+08 -8.2938e-05
-6.2599e+08 -8.28707e-05
-6.25481e+08 -8.28034e-05
-6.24972e+08 -8.2736e-05
-6.24464e+08 -8.26687e-05
-6.23955e+08 -8.26014e-05
-6.23447e+08 -8.25341e-05
-6.22938e+08 -8.24668e-05
-6.2243e+08 -8.23994e-05
-6.21921e+08 -8.23321e-05
-6.21413e+08 -8.22648e-05
-6.20904e+08 -8.21975e-05
-6.20396e+08 -8.21302e-05
-6.19887e+08 -8.20628e-05
-6.19379e+08 -8.19955e-05
-6.1887e+08 -8.19282e-05
-6.18362e+08 -8.18609e-05
-6.17853e+08 -8.17936e-05
-6.17345e+08 -8.17262e-05
-6.16836e+08 -8.16589e-05
-6.16328e+08 -8.15916e-05
-6.15819e+08 -8.15243e-05
-6.15311e+08 -8.1457e-05
-6.14802e+08 -8.13897e-05
-6.14294e+08 -8.13223e-05
-6.13785e+08 -8.1255e-05
-6.13277e+08 -8.11877e-05
-6.12768e+08 -8.11204e-05
-6.1226e+08 -8.10531e-05
-6.11751e+08 -8.09858e-05
-6.11243e+08 -8.09184e-05
-6.10734e+08 -8.08511e-05
-6.10226e+08 -8.07838e-05
-6.09717e+08 -8.07165e-05
-6.09209e+08 -8.06492e-05
-6.087e+08 -8.05819e-05
-6.08192e+08 -8.05145e-05
-6.07683e+08 -8.04472e-05
-6.07175e+08 -8.03799e-05
-6.06666e+08 -8.03126e-05
-6.06158e+08 -8.02453e-05
-6.05649e+08 -8.0178e-05
-6.05141e+08 -8.01107e-05
-6.04632e+08 -8.00433e-05
-6.04124e+08 -7.9976e-05
-6.03615e+08 -7.99087e-05
-6.03107e+08 -7.98414e-05
-6.02598e+08 -7.97741e-05
-6.0209e+08 -7.97068e-05
-6.01582e+08 -7.96395e-05
-6.01073e+08 -7.95722e-05
-6.00565e+08 -7.95048e-05
-6.00056e+08 -7.94375e-05
-5.99548e+08 -7.93702e-05
-5.99039e+08 -7.93029e-05
-5.98531e+08 -7.92356e-05
-5.98022e+08 -7.91683e-05
-5.97514e+08 -7.9101e-05
-5.97005e+08 -7.90337e-05
-5.96497e+08 -7.89664e-05
-5.95989e+08 -7.8899e-05
-5.9548e+08 -7.88317e-05
-5.94972e+08 -7.87644e-05
-5.94463e+08 -7.86971e-05
-5.93955e+08 -7.86298e-05
-5.93446e+08 -7.85625e-05
-5.92938e+08 -7.84952e-05
-5.92429e+08 -7.84279e-05
-5.91921e+08 -7.83606e-05
-5.91413e+08 -7.82933e-05
-5.90904e+08 -7.8226e-05
-5.90396e+08 -7.81586e-05
-5.89887e+08 -7.80913e-05
-5.89379e+08 -7.8024e-05
-5.8887e+08 -7.79567e-05
-5.88362e+08 -7.78894e-05
-5.87854e+08 -7.78221e-05
-5.87345e+08 -7.77548e-05
-5.86837e+08 -7.76875e-05
-5.86328e+08 -7.76202e-05
-5.8582e+08 -7.75529e-05
-5.85311e+08 -7.74856e-05
-5.84803e+08 -7.74183e-05
-5.84295e+08 -7.7351e-05
-5.83786e+08 -7.72837e-05
-5.83278e+08 -7.72164e-05
-5.82769e+08 -7.7149e-05
-5.82261e+08 -7.70817e-05
-5.81753e+08 -7.70144e-05
-5.81244e+08 -7.69471e-05
-5.80736e+08 -7.68798e-05
-5.80227e+08 -7.68125e-05
-5.79719e+08 -7.67452e-05
-5.79211e+08 -7.66779e-05
-5.78702e+08 -7.66106e-05
-5.78194e+08 -7.65433e-05
-5.77685e+08 -7.6476e-05
-5.77177e+08 -7.64087e-05
-5.76669e+08 -7.63414e-05
-5.7616e+08 -7.62741e-05
-5.75652e+08 -7.62068e-05
-5.75143e+08 -7.61395e-05
-5.74635e+08 -7.60722e-05
-5.74127e+08 -7.60049e-05
-5.73618e+08 -7.59376e-05
-5.7311e+08 -7.58703e-05
-5.72601e+08 -7.5803e-05
-5.72093e+08 -7.57357e-05
-5.71585e+08 -7.56684e-05
-5.71076e+08 -7.56011e-05
-5.70568e+08 -7.55338e-05
-5.7006e+08 -7.54665e-05
-5.69551e+08 -7.53992e-05
-5.69043e+08 -7.53319e-05
-5.68534e+08 -7.52646e-05
-5.68026e+08 -7.51973e-05
-5.67518e+08 -7.513e-05
-5.67009e+08 -7.50627e-05
-5.66501e+08 -7.49954e-05
-5.65993e+08 -7.49281e-05
-5.65484e+08 -7.48608e-05
-5.64976e+08 -7.47935e-05
-5.64468e+08 -7.47262e-05
-5.63959e+08 -7.46589e-05
-5.63451e+08 -7.45916e-05
-5.62942e+08 -7.45243e-05
-5.62434e+08 -7.4457e-05
-5.61926e+08 -7.43897e-05
-5.61417e+08 -7.43224e-05
-5.60909e+08 -7.42551e-05
-5.60401e+08 -7.41878e-05
-5.59892e+08 -7.41205e-05
-5.59384e+08 -7.40532e-05
-5.58876e+08 -7.39859e-05
-5.58367e+08 -7.39186e-05
-5.57859e+08 -7.38513e-05
-5.57351e+08 -7.3784e-05
-5.56842e+08 -7.37167e-05
-5.56334e+08 -7.36494e-05
-5.55826e+08 -7.35821e-05
-5.55317e+08 -7.35149e-05
-5.54809e+08 -7.34476e-05
-5.54301e+08 -7.33803e-05
-5.53792e+08 -7.3313e-05
-5.53284e+08 -7.32457e-05
-5.52776e+08 -7.31784e-05
-5.52267e+08 -7.31111e-05
-5.51759e+08 -7.30438e-05
-5.51251e+08 -7.29765e-05
-5.50742e+08 -7.29092e-05
-5.50234e+08 -7.28419e-05
-5.49726e+08 -7.27746e-05
-5.49217e+08 -7.27073e-05
-5.48709e+08 -7.264e-05
-5.48201e+08 -7.25727e-05
-5.47693e+08 -7.25055e-05
-5.47184e+08 -7.24382e-05
-5.46676e+08 -7.23709e-05
-5.46168e+08 -7.23036e-05
-5.45659e+08 -7.22363e-05
-5.45151e+08 -7.2169e-05
-5.44643e+08 -7.21017e-05
-5.44134e+08 -7.20344e-05
-5.43626e+08 -7.19671e-05
-5.43118e+08 -7.18998e-05
-5.4261e+08 -7.18325e-05
-5.42101e+08 -7.17653e-05
-5.41593e+08 -7.1698e-05
-5.41085e+08 -7.16307e-05
-5.40576e+08 -7.15634e-05
-5.40068e+08 -7.14961e-05
-5.3956e+08 -7.14288e-05
-5.39051e+08 -7.13615e-05
-5.38543e+08 -7.12942e-05
-5.38035e+08 -7.12269e-05
-5.37527e+08 -7.11597e-05
-5.37018e+08 -7.10924e-05
-5.3651e+08 -7.10251e-05
-5.36002e+08 -7.09578e-05
-5.35494e+08 -7.08905e-05
-5.34985e+08 -7.08232e-05
-5.34477e+08 -7.07559e-05
-5.33969e+08 -7.06886e-05
-5.3346e+08 -7.06214e-05
-5.32952e+08 -7.05541e-05
-5.32444e+08 -7.04868e-05
-5.31936e+08 -7.04195e-05
-5.31427e+08 -7.03522e-05
-5.30919e+08 -7.02849e-05
-5.30411e+08 -7.02176e-05
-5.29903e+08 -7.01504e-05
-5.29394e+08 -7.00831e-05
-5.28886e+08 -7.00158e-05
-5.28378e+08 -6.99485e-05
-5.2787e+08 -6.98812e-05
-5.27361e+08 -6.98139e-05
-5.26853e+08 -6.97467e-05
-5.26345e+08 -6.96794e-05
-5.25837e+08 -6.96121e-05
-5.25328e+08 -6.95448e-05
-5.2482e+08 -6.94775e-05
-5.24312e+08 -6.94102e-05
-5.23804e+08 -6.9343e-05
-5.23295e+08 -6.92757e-05
-5.22787e+08 -6.92084e-05
-5.22279e+08 -6.91411e-05
-5.21771e+08 -6.90738e-05
-5.21262e+08 -6.90065e-05
-5.20754e+08 -6.89393e-05
-5.20246e+08 -6.8872e-05
-5.19738e+08 -6.88047e-05
-5.1923e+08 -6.87374e-05
-5.18721e+08 -6.86701e-05
-5.18213e+08 -6.86029e-05
-5.17705e+08 -6.85356e-05
-5.17197e+08 -6.84683e-05
-5.16688e+08 -6.8401e-05
-5.1618e+08 -6.83337e-05
-5.15672e+08 -6.82665e-05
-5.15164e+08 -6.81992e-05
-5.14656e+08 -6.81319e-05
-5.14147e+08 -6.80646e-05
-5.13639e+08 -6.79973e-05
-5.13131e+08 -6.79301e-05
-5.12623e+08 -6.78628e-05
-5.12114e+08 -6.77955e-05
-5.11606e+08 -6.77282e-05
-5.11098e+08 -6.7661e-05
-5.1059e+08 -6.75937e-05
-5.10082e+08 -6.75264e-05
-5.09573e+08 -6.74591e-05
-5.09065e+08 -6.73918e-05
-5.08557e+08 -6.73246e-05
-5.08049e+08 -6.72573e-05
-5.07541e+08 -6.719e-05
-5.07033e+08 -6.71227e-05
-5.06524e+08 -6.70555e-05
-5.06016e+08 -6.69882e-05
-5.05508e+08 -6.69209e-05
-5.05e+08 -6.68536e-05
-5.04492e+08 -6.67864e-05
-5.03983e+08 -6.67191e-05
-5.03475e+08 -6.66518e-05
-5.02967e+08 -6.65845e-05
-5.02459e+08 -6.65173e-05
-5.01951e+08 -6.645e-05
-5.01442e+08 -6.63827e-05
-5.00934e+08 -6.63154e-05
-5.00426e+08 -6.62482e-05
-4.99918e+08 -6.61809e-05
-4.9941e+08 -6.61136e-05
-4.98902e+08 -6.60463e-05
-4.98393e+08 -6.59791e-05
-4.97885e+08 -6.59118e-05
-4.97377e+08 -6.58445e-05
-4.96869e+08 -6.57773e-05
-4.96361e+08 -6.571e-05
-4.95853e+08 -6.56427e-05
-4.95344e+08 -6.55754e-05
-4.94836e+08 -6.55082e-05
-4.94328e+08 -6.54409e-05
-4.9382e+08 -6.53736e-05
-4.93312e+08 -6.53064e-05
-4.92804e+08 -6.52391e-05
-4.92296e+08 -6.51718e-05
-4.91787e+08 -6.51045e-05
-4.91279e+08 -6.50373e-05
-4.90771e+08 -6.497e-05
-4.90263e+08 -6.49027e-05
-4.89755e+08 -6.48355e-05
-4.89247e+08 -6.47682e-05
-4.88739e+08 -6.47009e-05
-4.8823e+08 -6.46337e-05
-4.87722e+08 -6.45664e-05
-4.87214e+08 -6.44991e-05
-4.86706e+08 -6.44318e-05
-4.86198e+08 -6.43646e-05
-4.8569e+08 -6.42973e-05
-4.85182e+08 -6.423e-05
-4.84673e+08 -6.41628e-05
-4.84165e+08 -6.40955e-05
-4.83657e+08 -6.40282e-05
-4.83149e+08 -6.3961e-05
-4.82641e+08 -6.38937e-05
-4.82133e+08 -6.38264e-05
-4.81625e+08 -6.37592e-05
-4.81117e+08 -6.36919e-05
-4.80609e+08 -6.36246e-05
-4.801e+08 -6.35574e-05
-4.79592e+08 -6.34901e-05
-4.79084e+08 -6.34228e-05
-4.78576e+08 -6.33556e-05
-4.78068e+08 -6.32883e-05
-4.7756e+08 -6.3221e-05
-4.77052e+08 -6.31538e-05
-4.76544e+08 -6.30865e-05
-4.76036e+08 -6.30193e-05
-4.75527e+08 -6.2952e-05
-4.75019e+08 -6.28847e-05
-4.74511e+08 -6.28175e-05
-4.74003e+08 -6.27502e-05
-4.73495e+08 -6.26829e-05
-4.72987e+08 -6.26157e-05
-4.72479e+08 -6.25484e-05
-4.71971e+08 -6.24811e-05
-4.71463e+08 -6.24139e-05
-4.70955e+08 -6.23466e-05
-4.70447e+08 -6.22794e-05
-4.69938e+08 -6.22121e-05
-4.6943e+08 -6.21448e-05
-4.68922e+08 -6.20776e-05
-4.68414e+08 -6.20103e-05
-4.67906e+08 -6.1943e-05
-4.67398e+08 -6.18758e-05
-4.6689e+08 -6.18085e-05
-4.66382e+08 -6.17413e-05
-4.65874e+08 -6.1674e-05
-4.65366e+08 -6.16067e-05
-4.64858e+08 -6.15395e-05
-4.6435e+08 -6.14722e-05
-4.63842e+08 -6.1405e-05
-4.63333e+08 -6.13377e-05
-4.62825e+08 -6.12704e-05
-4.62317e+08 -6.12032e-05
-4.61809e+08 -6.11359e-05
-4.61301e+08 -6.10687e-05
-4.60793e+08 -6.10014e-05
-4.60285e+08 -6.09342e-05
-4.59777e+08 -6.08669e-05
-4.59269e+08 -6.07996e-05
-4.58761e+08 -6.07324e-05
-4.58253e+08 -6.06651e-05
-4.57745e+08 -6.05979e-05
-4.57237e+08 -6.05306e-05
-4.56729e+08 -6.04633e-05
-4.56221e+08 -6.03961e-05
-4.55713e+08 -6.03288e-05
-4.55205e+08 -6.02616e-05
-4.54697e+08 -6.01943e-05
-4.54189e+08 -6.01271e-05
-4.5368e+08 -6.00598e-05
-4.53172e+08 -5.99926e-05
-4.52664e+08 -5.99253e-05
-4.52156e+08 -5.9858e-05
-4.51648e+08 -5.97908e-05
-4.5114e+08 -5.97235e-05
-4.50632e+08 -5.96563e-05
-4.50124e+08 -5.9589e-05
-4.49616e+08 -5.95218e-05
-4.49108e+08 -5.94545e-05
-4.486e+08 -5.93873e-05
-4.48092e+08 -5.932e-05
-4.47584e+08 -5.92528e-05
-4.47076e+08 -5.91855e-05
-4.46568e+08 -5.91182e-05
-4.4606e+08 -5.9051e-05
-4.45552e+08 -5.89837e-05
-4.45044e+08 -5.89165e-05
-4.44536e+08 -5.88492e-05
-4.44028e+08 -5.8782e-05
-4.4352e+08 -5.87147e-05
-4.43012e+08 -5.86475e-05
-4.42504e+08 -5.85802e-05
-4.41996e+08 -5.8513e-05
-4.41488e+08 -5.84457e-05
-4.4098e+08 -5.83785e-05
-4.40472e+08 -5.83112e-05
-4.39964e+08 -5.8244e-05
-4.39456e+08 -5.81767e-05
-4.38948e+08 -5.81095e-05
-4.3844e+08 -5.80422e-05
-4.37932e+08 -5.7975e-05
-4.37424e+08 -5.79077e-05
-4.36916e+08 -5.78405e-05
-4.36408e+08 -5.77732e-05
-4.359e+08 -5.7706e-05
-4.35392e+08 -5.76387e-05
-4.34884e+08 -5.75715e-05
-4.34376e+08 -5.75042e-05
-4.33868e+08 -5.7437e-05
-4.3336e+08 -5.73697e-05
-4.32852e+08 -5.73025e-05
-4.32344e+08 -5.72352e-05
-4.31836e+08 -5.7168e-05
-4.31328e+08 -5.71007e-05
-4.3082e+08 -5.70335e-05
-4.30312e+08 -5.69663e-05
-4.29804e+08 -5.6899e-05
-4.29296e+08 -5.68318e-05
-4.28788e+08 -5.67645e-05
-4.2828e+08 -5.66973e-05
-4.27772e+08 -5.663e-05
-4.27265e+08 -5.65628e-05
-4.26757e+08 -5.64955e-05
-4.26249e+08 -5.64283e-05
-4.25741e+08 -5.6361e-05
-4.25233e+08 -5.62938e-05
-4.24725e+08 -5.62265e-05
-4.24217e+08 -5.61593e-05
-4.23709e+08 -5.60921e-05
-4.23201e+08 -5.60248e-05
-4.22693e+08 -5.59576e-05
-4.22185e+08 -5.58903e-05
-4.21677e+08 -5.58231e-05
-4.21169e+08 -5.57558e-05
-4.20661e+08 -5.56886e-05
-4.20153e+08 -5.56214e-05
-4.19645e+08 -5.55541e-05
-4.19137e+08 -5.54869e-05
-4.18629e+08 -5.54196e-05
-4.18121e+08 -5.53524e-05
-4.17614e+08 -5.52851e-05
-4.17106e+08 -5.52179e-05
-4.16598e+08 -5.51507e-05
-4.1609e+08 -5.50834e-05
-4.15582e+08 -5.50162e-05
-4.15074e+08 -5.49489e-05
-4.14566e+08 -5.48817e-05
-4.14058e+08 -5.48145e-05
-4.1355e+08 -5.47472e-05
-4.13042e+08 -5.468e-05
-4.12534e+08 -5.46127e-05
-4.12026e+08 -5.45455e-05
-4.11518e+08 -5.44783e-05
-4.11011e+08 -5.4411e-05
-4.10503e+08 -5.43438e-05
-4.09995e+08 -5.42765e-05
-4.09487e+08 -5.42093e-05
-4.08979e+08 -5.41421e-05
-4.08471e+08 -5.40748e-05
-4.07963e+08 -5.40076e-05
-4.07455e+08 -5.39403e-05
-4.06947e+08 -5.38731e-05
-4.06439e+08 -5.38059e-05
-4.05931e+08 -5.37386e-05
-4.05424e+08 -5.36714e-05
-4.04916e+08 -5.36042e-05
-4.04408e+08 -5.35369e-05
-4.039e+08 -5.34697e-05
-4.03392e+08 -5.34024e-05
-4.02884e+08 -5.33352e-05
-4.02376e+08 -5.3268e-05
-4.01868e+08 -5.32007e-05
-4.0136e+08 -5.31335e-05
-4.00853e+08 -5.30663e-05
-4.00345e+08 -5.2999e-05
-3.99837e+08 -5.29318e-05
-3.99329e+08 -5.28646e-05
-3.98821e+08 -5.27973e-05
-3.98313e+08 -5.27301e-05
-3.97805e+08 -5.26629e-05
-3.97297e+08 -5.25956e-05
-3.9679e+08 -5.25284e-05
-3.96282e+08 -5.24612e-05
-3.95774e+08 -5.23939e-05
-3.95266e+08 -5.23267e-05
-3.94758e+08 -5.22595e-05
-3.9425e+08 -5.21922e-05
-3.93742e+08 -5.2125e-05
-3.93234e+08 -5.20578e-05
-3.92727e+08 -5.19905e-05
-3.92219e+08 -5.19233e-05
-3.91711e+08 -5.18561e-05
-3.91203e+08 -5.17888e-05
-3.90695e+08 -5.17216e-05
-3.90187e+08 -5.16544e-05
-3.89679e+08 -5.15871e-05
-3.89172e+08 -5.15199e-05
-3.88664e+08 -5.14527e-05
-3.88156e+08 -5.13854e-05
-3.87648e+08 -5.13182e-05
-3.8714e+08 -5.1251e-05
-3.86632e+08 -5.11837e-05
-3.86125e+08 -5.11165e-05
-3.85617e+08 -5.10493e-05
-3.85109e+08 -5.09821e-05
-3.84601e+08 -5.09148e-05
-3.84093e+08 -5.08476e-05
-3.83585e+08 -5.07804e-05
-3.83077e+08 -5.07131e-05
-3.8257e+08 -5.06459e-05
-3.82062e+08 -5.05787e-05
-3.81554e+08 -5.05115e-05
-3.81046e+08 -5.04442e-05
-3.80538e+08 -5.0377e-05
-3.80031e+08 -5.03098e-05
-3.79523e+08 -5.02425e-05
-3.79015e+08 -5.01753e-05
-3.78507e+08 -5.01081e-05
-3.77999e+08 -5.00409e-05
-3.77491e+08 -4.99736e-05
-3.76984e+08 -4.99064e-05
-3.76476e+08 -4.98392e-05
-3.75968e+08 -4.9772e-05
-3.7546e+08 -4.97047e-05
-3.74952e+08 -4.96375e-05
-3.74445e+08 -4.95703e-05
-3.73937e+08 -4.95031e-05
-3.73429e+08 -4.94358e-05
-3.72921e+08 -4.93686e-05
-3.72413e+08 -4.93014e-05
-3.71906e+08 -4.92342e-05
-3.71398e+08 -4.91669e-05
-3.7089e+08 -4.90997e-05
-3.70382e+08 -4.90325e-05
-3.69874e+08 -4.89653e-05
-3.69367e+08 -4.8898e-05
-3.68859e+08 -4.88308e-05
-3.68351e+08 -4.87636e-05
-3.67843e+08 -4.86964e-05
-3.67335e+08 -4.86291e-05
-3.66828e+08 -4.85619e-05
-3.6632e+08 -4.84947e-05
-3.65812e+08 -4.84275e-05
-3.65304e+08 -4.83603e-05
-3.64796e+08 -4.8293e-05
-3.64289e+08 -4.82258e-05
-3.63781e+08 -4.81586e-05
-3.63273e+08 -4.80914e-05
-3.62765e+08 -4.80241e-05
-3.62258e+08 -4.79569e-05
-3.6175e+08 -4.78897e-05
-3.61242e+08 -4.78225e-05
-3.60734e+08 -4.77553e-05
-3.60226e+08 -4.7688e-05
-3.59719e+08 -4.76208e-05
-3.59211e+08 -4.75536e-05
-3.58703e+08 -4.74864e-05
-3.58195e+08 -4.74192e-05
-3.57688e+08 -4.73519e-05
-3.5718e+08 -4.72847e-05
-3.56672e+08 -4.72175e-05
-3.56164e+08 -4.71503e-05
-3.55657e+08 -4.70831e-05
-3.55149e+08 -4.70159e-05
-3.54641e+08 -4.69486e-05
-3.54133e+08 -4.68814e-05
-3.53626e+08 -4.68142e-05
-3.53118e+08 -4.6747e-05
-3.5261e+08 -4.66798e-05
-3.52102e+08 -4.66125e-05
-3.51595e+08 -4.65453e-05
-3.51087e+08 -4.64781e-05
-3.50579e+08 -4.64109e-05
-3.50071e+08 -4.63437e-05
-3.49564e+08 -4.62765e-05
-3.49056e+08 -4.62092e-05
-3.48548e+08 -4.6142e-05
-3.4804e+08 -4.60748e-05
-3.47533e+08 -4.60076e-05
-3.47025e+08 -4.59404e-05
-3.46517e+08 -4.58732e-05
-3.4601e+08 -4.5806e-05
-3.45502e+08 -4.57387e-05
-3.44994e+08 -4.56715e-05
-3.44486e+08 -4.56043e-05
-3.43979e+08 -4.55371e-05
-3.43471e+08 -4.54699e-05
-3.42963e+08 -4.54027e-05
-3.42456e+08 -4.53355e-05
-3.41948e+08 -4.52682e-05
-3.4144e+08 -4.5201e-05
-3.40932e+08 -4.51338e-05
-3.40425e+08 -4.50666e-05
-3.39917e+08 -4.49994e-05
-3.39409e+08 -4.49322e-05
-3.38902e+08 -4.4865e-05
-3.38394e+08 -4.47978e-05
-3.37886e+08 -4.47305e-05
-3.37378e+08 -4.46633e-05
-3.36871e+08 -4.45961e-05
-3.36363e+08 -4.45289e-05
-3.35855e+08 -4.44617e-05
-3.35348e+08 -4.43945e-05
-3.3484e+08 -4.43273e-05
-3.34332e+08 -4.42601e-05
-3.33825e+08 -4.41929e-05
-3.33317e+08 -4.41257e-05
-3.32809e+08 -4.40584e-05
-3.32301e+08 -4.39912e-05
-3.31794e+08 -4.3924e-05
-3.31286e+08 -4.38568e-05
-3.30778e+08 -4.37896e-05
-3.30271e+08 -4.37224e-05
-3.29763e+08 -4.36552e-05
-3.29255e+08 -4.3588e-05
-3.28748e+08 -4.35208e-05
-3.2824e+08 -4.34536e-05
-3.27732e+08 -4.33864e-05
-3.27225e+08 -4.33192e-05
-3.26717e+08 -4.3252e-05
-3.26209e+08 -4.31847e-05
-3.25702e+08 -4.31175e-05
-3.25194e+08 -4.30503e-05
-3.24686e+08 -4.29831e-05
-3.24179e+08 -4.29159e-05
-3.23671e+08 -4.28487e-05
-3.23163e+08 -4.27815e-05
-3.22656e+08 -4.27143e-05
-3.22148e+08 -4.26471e-05
-3.2164e+08 -4.25799e-05
-3.21133e+08 -4.25127e-05
-3.20625e+08 -4.24455e-05
-3.20117e+08 -4.23783e-05
-3.1961e+08 -4.23111e-05
-3.19102e+08 -4.22439e-05
-3.18595e+08 -4.21767e-05
-3.18087e+08 -4.21095e-05
-3.17579e+08 -4.20422e-05
-3.17072e+08 -4.1975e-05
-3.16564e+08 -4.19078e-05
-3.16056e+08 -4.18406e-05
-3.15549e+08 -4.17734e-05
-3.15041e+08 -4.17062e-05
-3.14533e+08 -4.1639e-05
-3.14026e+08 -4.15718e-05
-3.13518e+08 -4.15046e-05
-3.1301e+08 -4.14374e-05
-3.12503e+08 -4.13702e-05
-3.11995e+08 -4.1303e-05
-3.11488e+08 -4.12358e-05
-3.1098e+08 -4.11686e-05
-3.10472e+08 -4.11014e-05
-3.09965e+08 -4.10342e-05
-3.09457e+08 -4.0967e-05
-3.08949e+08 -4.08998e-05
-3.08442e+08 -4.08326e-05
-3.07934e+08 -4.07654e-05
-3.07427e+08 -4.06982e-05
-3.06919e+08 -4.0631e-05
-3.06411e+08 -4.05638e-05
-3.05904e+08 -4.04966e-05
-3.05396e+08 -4.04294e-05
-3.04889e+08 -4.03622e-05
-3.04381e+08 -4.0295e-05
-3.03873e+08 -4.02278e-05
-3.03366e+08 -4.01606e-05
-3.02858e+08 -4.00934e-05
-3.02351e+08 -4.00262e-05
-3.01843e+08 -3.9959e-05
-3.01335e+08 -3.98918e-05
-3.00828e+08 -3.98246e-05
-3.0032e+08 -3.97574e-05
-2.99813e+08 -3.96902e-05
-2.99305e+08 -3.9623e-05
-2.98797e+08 -3.95558e-05
-2.9829e+08 -3.94886e-05
-2.97782e+08 -3.94215e-05
-2.97275e+08 -3.93543e-05
-2.96767e+08 -3.92871e-05
-2.96259e+08 -3.92199e-05
-2.95752e+08 -3.91527e-05
-2.95244e+08 -3.90855e-05
-2.94737e+08 -3.90183e-05
-2.94229e+08 -3.89511e-05
-2.93722e+08 -3.88839e-05
-2.93214e+08 -3.88167e-05
-2.92706e+08 -3.87495e-05
-2.92199e+08 -3.86823e-05
-2.91691e+08 -3.86151e-05
-2.91184e+08 -3.85479e-05
-2.90676e+08 -3.84807e-05
-2.90169e+08 -3.84135e-05
-2.89661e+08 -3.83463e-05
-2.89153e+08 -3.82791e-05
-2.88646e+08 -3.8212e-05
