-0.558247 -1.04433e-13
-0.577874 -1.08105e-13
0.0282032 5.27607e-15
1.37139 2.56551e-13
3.59738 6.72974e-13
6.88585 1.28816e-12
11.4901 2.1495e-12
17.7515 3.32084e-12
26.1242 4.88714e-12
37.2948 6.97686e-12
-2.42255e+06 -4.53195e-07
-4.84516e+06 -9.064e-07
-7.26776e+06 -1.3596e-06
-9.69037e+06 -1.81281e-06
-1.2113e+07 -2.26601e-06
-1.45356e+07 -2.71922e-06
-1.69583e+07 -3.17244e-06
-1.93808e+07 -3.62564e-06
-2.18034e+07 -4.07884e-06
-2.42261e+07 -4.53205e-06
-2.66487e+07 -4.98526e-06
-2.90713e+07 -5.43847e-06
-3.1494e+07 -5.89169e-06
-3.39166e+07 -6.3449e-06
-3.63393e+07 -6.79811e-06
-3.87619e+07 -7.25132e-06
-4.11846e+07 -7.70454e-06
-4.36072e+07 -8.15775e-06
-4.60299e+07 -8.61097e-06
-4.84526e+07 -9.06419e-06
-5.08752e+07 -9.5174e-06
-5.32979e+07 -9.97062e-06
-5.57206e+07 -1.04238e-05
-5.81432e+07 -1.08771e-05
-6.05659e+07 -1.13303e-05
-6.29886e+07 -1.17835e-05
-6.54113e+07 -1.22367e-05
-6.7834e+07 -1.26899e-05
-7.02567e+07 -1.31432e-05
-7.26794e+07 -1.35964e-05
-7.51021e+07 -1.40496e-05
-7.75248e+07 -1.45028e-05
-7.99475e+07 -1.49561e-05
-8.23702e+07 -1.54093e-05
-8.4793e+07 -1.58625e-05
-8.72157e+07 -1.63157e-05
-8.96384e+07 -1.6769e-05
-9.20612e+07 -1.72222e-05
-9.44839e+07 -1.76754e-05
-9.69067e+07 -1.81287e-05
-9.93294e+07 -1.85819e-05
-1.01752e+08 -1.90351e-05
-1.04175e+08 -1.94884e-05
-1.06598e+08 -1.99416e-05
-1.0902e+08 -2.03948e-05
-1.11443e+08 -2.08481e-05
-1.13866e+08 -2.13013e-05
-1.16289e+08 -2.17545e-05
-1.18711e+08 -2.22078e-05
-1.21134e+08 -2.2661e-05
-1.23557e+08 -2.31142e-05
-1.2598e+08 -2.35675e-05
-1.28403e+08 -2.40207e-05
-1.30825e+08 -2.4474e-05
-1.33248e+08 -2.49272e-05
-1.35671e+08 -2.53805e-05
-1.38094e+08 -2.58337e-05
-1.40517e+08 -2.62869e-05
-1.42939e+08 -2.67402e-05
-1.45362e+08 -2.71934e-05
-1.47785e+08 -2.76467e-05
-1.50208e+08 -2.80999e-05
-1.52631e+08 -2.85532e-05
-1.55054e+08 -2.90064e-05
-1.57476e+08 -2.94597e-05
-1.59899e+08 -2.99129e-05
-1.62322e+08 -3.03662e-05
-1.64745e+08 -3.08194e-05
-1.67168e+08 -3.12727e-05
-1.69591e+08 -3.17259e-05
-1.72014e+08 -3.21792e-05
-1.74436e+08 -3.26324e-05
-1.76859e+08 -3.30857e-05
-1.79282e+08 -3.35389e-05
-1.81705e+08 -3.39922e-05
-1.84128e+08 -3.44454e-05
-1.86551e+08 -3.48987e-05
-1.88974e+08 -3.5352e-05
-1.91397e+08 -3.58052e-05
-1.93819e+08 -3.62585e-05
-1.96242e+08 -3.67117e-05
-1.98665e+08 -3.7165e-05
-2.01088e+08 -3.76183e-05
-2.03511e+08 -3.80715e-05
-2.05934e+08 -3.85248e-05
-2.08357e+08 -3.8978e-05
-2.1078e+08 -3.94313e-05
-2.13203e+08 -3.98846e-05
-2.15626e+08 -4.03379e-05
-2.18049e+08 -4.07911e-05
-2.20472e+08 -4.12444e-05
-2.22894e+08 -4.16976e-05
-2.25317e+08 -4.21509e-05
-2.2774e+08 -4.26042e-05
-2.30163e+08 -4.30574e-05
-2.32586e+08 -4.35107e-05
-2.35009e+08 -4.3964e-05
-2.37432e+08 -4.44173e-05
-2.39855e+08 -4.48705e-05
-2.42278e+08 -4.53238e-05
-2.44701e+08 -4.57771e-05
-2.47124e+08 -4.62304e-05
-2.49547e+08 -4.66836e-05
-2.5197e+08 -4.71369e-05
-2.54393e+08 -4.75902e-05
-2.56816e+08 -4.80435e-05
-2.59239e+08 -4.84967e-05
-2.61662e+08 -4.895e-05
-2.64085e+08 -4.94033e-05
-2.66508e+08 -4.98566e-05
-2.68931e+08 -5.03099e-05
-2.71354e+08 -5.07631e-05
-2.73777e+08 -5.12164e-05
-2.762e+08 -5.16697e-05
-2.78623e+08 -5.2123e-05
-2.81046e+08 -5.25763e-05
-2.83469e+08 -5.30296e-05
-2.85892e+08 -5.34828e-05
-2.88315e+08 -5.39361e-05
-2.90738e+08 -5.43894e-05
-2.93161e+08 -5.48427e-05
-2.95584e+08 -5.5296e-05
-2.98007e+08 -5.57493e-05
-3.00431e+08 -5.62026e-05
-3.02854e+08 -5.66559e-05
-3.05277e+08 -5.71092e-05
-3.077e+08 -5.75625e-05
-3.10123e+08 -5.80157e-05
-3.12546e+08 -5.8469e-05
-3.14969e+08 -5.89223e-05
-3.17392e+08 -5.93756e-05
-3.19815e+08 -5.98289e-05
-3.22238e+08 -6.02822e-05
-3.24661e+08 -6.07355e-05
-3.27084e+08 -6.11888e-05
-3.29508e+08 -6.16421e-05
-3.31931e+08 -6.20954e-05
-3.34354e+08 -6.25487e-05
-3.36777e+08 -6.3002e-05
-3.392e+08 -6.34553e-05
-3.41623e+08 -6.39086e-05
-3.44046e+08 -6.43619e-05
-3.46469e+08 -6.48152e-05
-3.48893e+08 -6.52685e-05
-3.51316e+08 -6.57218e-05
-3.53739e+08 -6.61752e-05
-3.56162e+08 -6.66285e-05
-3.58585e+08 -6.70818e-05
-3.61008e+08 -6.75351e-05
-3.63431e+08 -6.79884e-05
-3.65855e+08 -6.84417e-05
-3.68278e+08 -6.8895e-05
-3.70701e+08 -6.93483e-05
-3.73124e+08 -6.98016e-05
-3.75547e+08 -7.02549e-05
-3.7797e+08 -7.07083e-05
-3.80394e+08 -7.11616e-05
-3.82817e+08 -7.16149e-05
-3.8524e+08 -7.20682e-05
-3.87663e+08 -7.25215e-05
-3.90086e+08 -7.29748e-05
-3.9251e+08 -7.34281e-05
-3.94933e+08 -7.38815e-05
-3.97356e+08 -7.43348e-05
-3.99779e+08 -7.47881e-05
-4.02203e+08 -7.52414e-05
-4.04626e+08 -7.56947e-05
-4.07049e+08 -7.61481e-05
-4.09472e+08 -7.66014e-05
-4.11895e+08 -7.70547e-05
-4.14319e+08 -7.7508e-05
-4.16742e+08 -7.79614e-05
-4.19165e+08 -7.84147e-05
-4.21588e+08 -7.8868e-05
-4.24012e+08 -7.93213e-05
-4.26435e+08 -7.97747e-05
-4.28858e+08 -8.0228e-05
-4.31281e+08 -8.06813e-05
-4.33705e+08 -8.11346e-05
-4.36128e+08 -8.1588e-05
-4.38551e+08 -8.20413e-05
-4.40975e+08 -8.24946e-05
-4.43398e+08 -8.2948e-05
-4.45821e+08 -8.34013e-05
-4.48244e+08 -8.38546e-05
-4.50668e+08 -8.4308e-05
-4.53091e+08 -8.47613e-05
-4.55514e+08 -8.52147e-05
-4.57938e+08 -8.5668e-05
-4.60361e+08 -8.61213e-05
-4.62784e+08 -8.65747e-05
-4.65208e+08 -8.7028e-05
-4.67631e+08 -8.74813e-05
-4.70054e+08 -8.79347e-05
-4.72478e+08 -8.8388e-05
-4.74901e+08 -8.88414e-05
-4.77324e+08 -8.92947e-05
-4.79748e+08 -8.9748e-05
-4.82171e+08 -9.02014e-05
-4.84594e+08 -9.06547e-05
-4.87018e+08 -9.11081e-05
-4.89441e+08 -9.15614e-05
-4.91864e+08 -9.20148e-05
-4.94288e+08 -9.24681e-05
-4.96711e+08 -9.29215e-05
-4.99134e+08 -9.33748e-05
-5.01558e+08 -9.38282e-05
-5.03981e+08 -9.42815e-05
-5.06405e+08 -9.47349e-05
-5.08828e+08 -9.51882e-05
-5.11251e+08 -9.56416e-05
-5.13675e+08 -9.60949e-05
-5.16098e+08 -9.65483e-05
-5.18522e+08 -9.70016e-05
-5.20945e+08 -9.7455e-05
-5.23368e+08 -9.79084e-05
-5.25792e+08 -9.83617e-05
-5.28215e+08 -9.88151e-05
-5.30639e+08 -9.92684e-05
-5.33062e+08 -9.97218e-05
-5.35486e+08 -0.000100175
-5.37909e+08 -0.000100628
-5.40332e+08 -0.000101082
-5.42756e+08 -0.000101535
-5.45179e+08 -0.000101989
-5.47603e+08 -0.000102442
-5.50026e+08 -0.000102895
-5.5245e+08 -0.000103349
-5.54873e+08 -0.000103802
-5.57297e+08 -0.000104255
-5.5972e+08 -0.000104709
-5.62144e+08 -0.000105162
-5.64567e+08 -0.000105616
-5.6699e+08 -0.000106069
-5.69414e+08 -0.000106522
-5.71837e+08 -0.000106976
-5.74261e+08 -0.000107429
-5.76684e+08 -0.000107882
-5.79108e+08 -0.000108336
-5.81531e+08 -0.000108789
-5.83955e+08 -0.000109242
-5.86379e+08 -0.000109696
-5.88802e+08 -0.000110149
-5.91225e+08 -0.000110603
-5.93649e+08 -0.000111056
-5.96073e+08 -0.000111509
-5.98496e+08 -0.000111963
-6.0092e+08 -0.000112416
-6.03343e+08 -0.000112869
-6.05767e+08 -0.000113323
-6.0819e+08 -0.000113776
-6.10614e+08 -0.00011423
-6.13037e+08 -0.000114683
-6.15461e+08 -0.000115136
-6.17884e+08 -0.00011559
-6.20308e+08 -0.000116043
-6.22732e+08 -0.000116497
-6.25155e+08 -0.00011695
-6.27579e+08 -0.000117403
-6.30002e+08 -0.000117857
-6.32426e+08 -0.00011831
-6.34849e+08 -0.000118763
-6.37273e+08 -0.000119217
-6.39697e+08 -0.00011967
-6.4212e+08 -0.000120124
-6.44544e+08 -0.000120577
-6.46967e+08 -0.00012103
-6.49391e+08 -0.000121484
-6.51815e+08 -0.000121937
-6.54238e+08 -0.000122391
-6.56662e+08 -0.000122844
-6.59086e+08 -0.000123297
-6.61509e+08 -0.000123751
-6.63933e+08 -0.000124204
-6.66356e+08 -0.000124658
-6.6878e+08 -0.000125111
-6.71204e+08 -0.000125564
-6.73627e+08 -0.000126018
-6.76051e+08 -0.000126471
-6.78475e+08 -0.000126925
-6.80898e+08 -0.000127378
-6.83322e+08 -0.000127831
-6.85746e+08 -0.000128285
-6.88169e+08 -0.000128738
-6.90593e+08 -0.000129192
-6.93017e+08 -0.000129645
-6.9544e+08 -0.000130098
-6.97864e+08 -0.000130552
-7.00288e+08 -0.000131005
-7.02711e+08 -0.000131459
-7.05135e+08 -0.000131912
-7.07559e+08 -0.000132365
-7.09983e+08 -0.000132819
-7.12406e+08 -0.000133272
-7.1483e+08 -0.000133726
-7.17254e+08 -0.000134179
-7.19677e+08 -0.000134633
-7.22101e+08 -0.000135086
-7.24525e+08 -0.000135539
-7.26949e+08 -0.000135993
-7.29372e+08 -0.000136446
-7.31796e+08 -0.0001369
-7.3422e+08 -0.000137353
-7.36644e+08 -0.000137806
-7.39067e+08 -0.00013826
-7.41491e+08 -0.000138713
-7.43915e+08 -0.000139167
-7.46339e+08 -0.00013962
-7.48762e+08 -0.000140074
-7.51186e+08 -0.000140527
-7.5361e+08 -0.00014098
-7.56034e+08 -0.000141434
-7.58457e+08 -0.000141887
-7.60881e+08 -0.000142341
-7.63305e+08 -0.000142794
-7.65729e+08 -0.000143248
-7.68153e+08 -0.000143701
-7.70576e+08 -0.000144154
-7.73e+08 -0.000144608
-7.75424e+08 -0.000145061
-7.77848e+08 -0.000145515
-7.80272e+08 -0.000145968
-7.82695e+08 -0.000146422
-7.85119e+08 -0.000146875
-7.87543e+08 -0.000147328
-7.89967e+08 -0.000147782
-7.92391e+08 -0.000148235
-7.94815e+08 -0.000148689
-7.97238e+08 -0.000149142
-7.99662e+08 -0.000149596
-8.02086e+08 -0.000150049
-8.0451e+08 -0.000150502
-8.06934e+08 -0.000150956
-8.09358e+08 -0.000151409
-8.11782e+08 -0.000151863
-8.14205e+08 -0.000152316
-8.16629e+08 -0.00015277
-8.19053e+08 -0.000153223
-8.21477e+08 -0.000153677
-8.23901e+08 -0.00015413
-8.26325e+08 -0.000154583
-8.28749e+08 -0.000155037
-8.31173e+08 -0.00015549
-8.33597e+08 -0.000155944
-8.3602e+08 -0.000156397
-8.38444e+08 -0.000156851
-8.40868e+08 -0.000157304
-8.43292e+08 -0.000157758
-8.45716e+08 -0.000158211
-8.4814e+08 -0.000158664
-8.50564e+08 -0.000159118
-8.52988e+08 -0.000159571
-8.55412e+08 -0.000160025
-8.57836e+08 -0.000160478
-8.6026e+08 -0.000160932
-8.62684e+08 -0.000161385
-8.65108e+08 -0.000161839
-8.67532e+08 -0.000162292
-8.69955e+08 -0.000162746
-8.72379e+08 -0.000163199
-8.74803e+08 -0.000163653
-8.77227e+08 -0.000164106
-8.79651e+08 -0.000164559
-8.82075e+08 -0.000165013
-8.84499e+08 -0.000165466
-8.86923e+08 -0.00016592
-8.89347e+08 -0.000166373
-8.91771e+08 -0.000166827
-8.94195e+08 -0.00016728
-8.96619e+08 -0.000167734
-8.99043e+08 -0.000168187
-9.01467e+08 -0.000168641
-9.03891e+08 -0.000169094
-9.06315e+08 -0.000169548
-9.08739e+08 -0.000170001
-9.11163e+08 -0.000170454
-9.13587e+08 -0.000170908
-9.16011e+08 -0.000171361
-9.18435e+08 -0.000171815
-9.20859e+08 -0.000172268
-9.23283e+08 -0.000172722
-9.25708e+08 -0.000173175
-9.28132e+08 -0.000173629
-9.30556e+08 -0.000174082
-9.3298e+08 -0.000174536
-9.35404e+08 -0.000174989
-9.37828e+08 -0.000175443
-9.40252e+08 -0.000175896
-9.42676e+08 -0.00017635
-9.451e+08 -0.000176803
-9.47524e+08 -0.000177257
-9.49948e+08 -0.00017771
-9.52372e+08 -0.000178164
-9.54796e+08 -0.000178617
-9.5722e+08 -0.000179071
-9.59645e+08 -0.000179524
-9.62069e+08 -0.000179978
-9.64493e+08 -0.000180431
-9.66917e+08 -0.000180884
-9.69341e+08 -0.000181338
-9.71765e+08 -0.000181791
-9.74189e+08 -0.000182245
-9.76613e+08 -0.000182698
-9.79037e+08 -0.000183152
-9.81462e+08 -0.000183605
-9.83886e+08 -0.000184059
-9.8631e+08 -0.000184512
-9.88734e+08 -0.000184966
-9.91158e+08 -0.000185419
-9.93582e+08 -0.000185873
-9.96006e+08 -0.000186326
-9.98431e+08 -0.00018678
-1.00085e+09 -0.000187233
-1.00328e+09 -0.000187687
-1.0057e+09 -0.00018814
-1.00813e+09 -0.000188594
-1.01055e+09 -0.000189047
-1.01298e+09 -0.000189501
-1.0154e+09 -0.000189954
-1.01782e+09 -0.000190408
-1.02025e+09 -0.000190861
-1.02267e+09 -0.000191315
-1.0251e+09 -0.000191768
-1.02752e+09 -0.000192222
-1.02994e+09 -0.000192675
-1.03237e+09 -0.000193129
-1.03479e+09 -0.000193582
-1.03722e+09 -0.000194036
-1.03964e+09 -0.000194489
-1.04207e+09 -0.000194943
-1.04449e+09 -0.000195396
-1.04691e+09 -0.00019585
-1.04934e+09 -0.000196303
-1.05176e+09 -0.000196757
-1.05419e+09 -0.00019721
-1.05661e+09 -0.000197664
-1.05904e+09 -0.000198117
-1.06146e+09 -0.000198571
-1.06388e+09 -0.000199025
-1.06631e+09 -0.000199478
-1.06873e+09 -0.000199932
-1.07116e+09 -0.000200385
-1.07358e+09 -0.000200839
-1.07601e+09 -0.000201292
-1.07843e+09 -0.000201746
-1.08085e+09 -0.000202199
-1.08328e+09 -0.000202653
-1.0857e+09 -0.000203106
-1.08813e+09 -0.00020356
-1.09055e+09 -0.000204013
-1.09298e+09 -0.000204467
-1.0954e+09 -0.00020492
-1.09782e+09 -0.000205374
-1.10025e+09 -0.000205827
-1.10267e+09 -0.000206281
-1.1051e+09 -0.000206734
-1.10752e+09 -0.000207188
-1.10995e+09 -0.000207641
-1.11237e+09 -0.000208095
-1.11479e+09 -0.000208548
-1.11722e+09 -0.000209002
-1.11964e+09 -0.000209456
-1.12207e+09 -0.000209909
-1.12449e+09 -0.000210363
-1.12692e+09 -0.000210816
-1.12934e+09 -0.00021127
-1.13177e+09 -0.000211723
-1.13419e+09 -0.000212177
-1.13661e+09 -0.00021263
-1.13904e+09 -0.000213084
-1.14146e+09 -0.000213537
-1.14389e+09 -0.000213991
-1.14631e+09 -0.000214444
-1.14874e+09 -0.000214898
-1.15116e+09 -0.000215352
-1.15358e+09 -0.000215805
-1.15601e+09 -0.000216259
-1.15843e+09 -0.000216712
-1.16086e+09 -0.000217166
-1.16328e+09 -0.000217619
-1.16571e+09 -0.000218073
-1.16813e+09 -0.000218526
-1.17056e+09 -0.00021898
-1.17298e+09 -0.000219433
-1.1754e+09 -0.000219887
-1.17783e+09 -0.000220341
-1.18025e+09 -0.000220794
-1.18268e+09 -0.000221248
-1.1851e+09 -0.000221701
-1.18753e+09 -0.000222155
-1.18995e+09 -0.000222608
-1.19238e+09 -0.000223062
-1.1948e+09 -0.000223515
-1.19722e+09 -0.000223969
-1.19965e+09 -0.000224422
-1.20207e+09 -0.000224876
-1.2045e+09 -0.00022533
-1.20692e+09 -0.000225783
-1.20935e+09 -0.000226237
-1.21177e+09 -0.00022669
-1.2142e+09 -0.000227144
-1.21662e+09 -0.000227597
-1.21904e+09 -0.000228051
-1.22147e+09 -0.000228505
-1.22389e+09 -0.000228958
-1.22632e+09 -0.000229412
-1.22874e+09 -0.000229865
-1.23117e+09 -0.000230319
-1.23359e+09 -0.000230772
-1.23602e+09 -0.000231226
-1.23844e+09 -0.000231679
-1.24087e+09 -0.000232133
-1.24329e+09 -0.000232587
-1.24571e+09 -0.00023304
-1.24814e+09 -0.000233494
-1.25056e+09 -0.000233947
-1.25299e+09 -0.000234401
-1.25541e+09 -0.000234854
-1.25784e+09 -0.000235308
-1.26026e+09 -0.000235762
-1.26269e+09 -0.000236215
-1.26511e+09 -0.000236669
-1.26754e+09 -0.000237122
-1.26996e+09 -0.000237576
-1.27238e+09 -0.000238029
-1.27481e+09 -0.000238483
-1.27723e+09 -0.000238937
-1.27966e+09 -0.00023939
-1.28208e+09 -0.000239844
-1.28451e+09 -0.000240297
-1.28693e+09 -0.000240751
-1.28936e+09 -0.000241205
-1.29178e+09 -0.000241658
-1.29421e+09 -0.000242112
-1.29663e+09 -0.000242565
-1.29906e+09 -0.000243019
-1.30148e+09 -0.000243472
-1.3039e+09 -0.000243926
-1.30633e+09 -0.00024438
-1.30875e+09 -0.000244833
-1.31118e+09 -0.000245287
-1.3136e+09 -0.00024574
-1.31603e+09 -0.000246194
-1.31845e+09 -0.000246648
-1.32088e+09 -0.000247101
-1.3233e+09 -0.000247555
-1.32573e+09 -0.000248008
-1.32815e+09 -0.000248462
-1.33058e+09 -0.000248916
-1.333e+09 -0.000249369
-1.33543e+09 -0.000249823
-1.33785e+09 -0.000250276
-1.34028e+09 -0.00025073
-1.3427e+09 -0.000251183
-1.34512e+09 -0.000251637
-1.34755e+09 -0.000252091
-1.34997e+09 -0.000252544
-1.3524e+09 -0.000252998
-1.35482e+09 -0.000253451
-1.35725e+09 -0.000253905
-1.35967e+09 -0.000254359
-1.3621e+09 -0.000254812
-1.36452e+09 -0.000255266
-1.36695e+09 -0.000255719
-1.36937e+09 -0.000256173
-1.3718e+09 -0.000256627
-1.37422e+09 -0.00025708
-1.37665e+09 -0.000257534
-1.37907e+09 -0.000257988
-1.3815e+09 -0.000258441
-1.38392e+09 -0.000258895
-1.38634e+09 -0.000259348
-1.38877e+09 -0.000259802
-1.39119e+09 -0.000260256
-1.39362e+09 -0.000260709
-1.39604e+09 -0.000261163
-1.39847e+09 -0.000261616
-1.40089e+09 -0.00026207
-1.40332e+09 -0.000262524
-1.40574e+09 -0.000262977
-1.40817e+09 -0.000263431
-1.41059e+09 -0.000263884
-1.41302e+09 -0.000264338
-1.41544e+09 -0.000264792
-1.41787e+09 -0.000265245
-1.42029e+09 -0.000265699
-1.42272e+09 -0.000266153
-1.42514e+09 -0.000266606
-1.42757e+09 -0.00026706
-1.42999e+09 -0.000267513
-1.43242e+09 -0.000267967
-1.43484e+09 -0.000268421
-1.43727e+09 -0.000268874
-1.43969e+09 -0.000269328
-1.44212e+09 -0.000269782
-1.44454e+09 -0.000270235
-1.44697e+09 -0.000270689
-1.44939e+09 -0.000271142
-1.45182e+09 -0.000271596
-1.45424e+09 -0.00027205
-1.45666e+09 -0.000272503
-1.45909e+09 -0.000272957
-1.46151e+09 -0.000273411
-1.46394e+09 -0.000273864
-1.46636e+09 -0.000274318
-1.46879e+09 -0.000274772
-1.47121e+09 -0.000275225
-1.47364e+09 -0.000275679
-1.47606e+09 -0.000276132
-1.47849e+09 -0.000276586
-1.48091e+09 -0.00027704
-1.48334e+09 -0.000277493
-1.48576e+09 -0.000277947
-1.48819e+09 -0.000278401
-1.49061e+09 -0.000278854
-1.49304e+09 -0.000279308
-1.49546e+09 -0.000279762
-1.49789e+09 -0.000280215
-1.50031e+09 -0.000280669
-1.50274e+09 -0.000281122
-1.50516e+09 -0.000281576
-1.50759e+09 -0.00028203
-1.51001e+09 -0.000282483
-1.51244e+09 -0.000282937
-1.51486e+09 -0.000283391
-1.51729e+09 -0.000283844
-1.51971e+09 -0.000284298
-1.52214e+09 -0.000284752
-1.52456e+09 -0.000285205
-1.52699e+09 -0.000285659
-1.52941e+09 -0.000286113
-1.53184e+09 -0.000286566
-1.53426e+09 -0.00028702
-1.53669e+09 -0.000287474
-1.53911e+09 -0.000287927
-1.54154e+09 -0.000288381
-1.54396e+09 -0.000288835
-1.54639e+09 -0.000289288
-1.54881e+09 -0.000289742
-1.55124e+09 -0.000290195
-1.55366e+09 -0.000290649
-1.55609e+09 -0.000291103
-1.55851e+09 -0.000291556
-1.56094e+09 -0.00029201
-1.56336e+09 -0.000292464
-1.56579e+09 -0.000292917
-1.56821e+09 -0.000293371
-1.57064e+09 -0.000293825
-1.57306e+09 -0.000294278
-1.57549e+09 -0.000294732
-1.57791e+09 -0.000295186
-1.58034e+09 -0.000295639
-1.58276e+09 -0.000296093
-1.58519e+09 -0.000296547
-1.58761e+09 -0.000297
-1.59004e+09 -0.000297454
-1.59246e+09 -0.000297908
-1.59489e+09 -0.000298361
-1.59731e+09 -0.000298815
-1.59974e+09 -0.000299269
-1.60216e+09 -0.000299722
-1.60459e+09 -0.000300176
-1.60701e+09 -0.00030063
-1.60944e+09 -0.000301083
-1.61186e+09 -0.000301537
-1.61429e+09 -0.000301991
-1.61672e+09 -0.000302445
-1.61914e+09 -0.000302898
-1.62157e+09 -0.000303352
-1.62399e+09 -0.000303806
-1.62642e+09 -0.000304259
-1.62884e+09 -0.000304713
-1.63127e+09 -0.000305167
-1.63369e+09 -0.00030562
-1.63612e+09 -0.000306074
-1.63854e+09 -0.000306528
-1.64097e+09 -0.000306981
-1.64339e+09 -0.000307435
-1.64582e+09 -0.000307889
-1.64824e+09 -0.000308342
-1.65067e+09 -0.000308796
-1.65309e+09 -0.00030925
-1.65552e+09 -0.000309703
-1.65794e+09 -0.000310157
-1.66037e+09 -0.000310611
-1.66279e+09 -0.000311065
-1.66522e+09 -0.000311518
-1.66764e+09 -0.000311972
-1.67007e+09 -0.000312426
-1.67249e+09 -0.000312879
-1.67492e+09 -0.000313333
-1.67734e+09 -0.000313787
-1.67977e+09 -0.00031424
-1.6822e+09 -0.000314694
-1.68462e+09 -0.000315148
-1.68705e+09 -0.000315601
-1.68947e+09 -0.000316055
-1.6919e+09 -0.000316509
-1.69432e+09 -0.000316963
-1.69675e+09 -0.000317416
-1.69917e+09 -0.00031787
-1.7016e+09 -0.000318324
-1.70402e+09 -0.000318777
-1.70645e+09 -0.000319231
-1.70887e+09 -0.000319685
-1.7113e+09 -0.000320138
-1.71372e+09 -0.000320592
-1.71615e+09 -0.000321046
-1.71857e+09 -0.0003215
-1.721e+09 -0.000321953
-1.72342e+09 -0.000322407
-1.72585e+09 -0.000322861
-1.72828e+09 -0.000323314
-1.7307e+09 -0.000323768
-1.73313e+09 -0.000324222
-1.73555e+09 -0.000324676
-1.73798e+09 -0.000325129
-1.7404e+09 -0.000325583
-1.74283e+09 -0.000326037
-1.74525e+09 -0.00032649
-1.74768e+09 -0.000326944
-1.7501e+09 -0.000327398
-1.75253e+09 -0.000327852
-1.75495e+09 -0.000328305
-1.75738e+09 -0.000328759
-1.7598e+09 -0.000329213
-1.76223e+09 -0.000329666
-1.76466e+09 -0.00033012
-1.76708e+09 -0.000330574
-1.76951e+09 -0.000331028
-1.77193e+09 -0.000331481
-1.77436e+09 -0.000331935
-1.77678e+09 -0.000332389
-1.77921e+09 -0.000332843
-1.78163e+09 -0.000333296
-1.78406e+09 -0.00033375
-1.78648e+09 -0.000334204
-1.78891e+09 -0.000334657
-1.79133e+09 -0.000335111
-1.79376e+09 -0.000335565
-1.79619e+09 -0.000336019
-1.79861e+09 -0.000336472
-1.80104e+09 -0.000336926
-1.80346e+09 -0.00033738
-1.80589e+09 -0.000337834
-1.80831e+09 -0.000338287
-1.81074e+09 -0.000338741
-1.81316e+09 -0.000339195
-1.81559e+09 -0.000339648
-1.81801e+09 -0.000340102
-1.82044e+09 -0.000340556
-1.82287e+09 -0.00034101
-1.82529e+09 -0.000341463
-1.82772e+09 -0.000341917
-1.83014e+09 -0.000342371
-1.83257e+09 -0.000342825
-1.83499e+09 -0.000343278
-1.83742e+09 -0.000343732
-1.83984e+09 -0.000344186
-1.84227e+09 -0.00034464
-1.84469e+09 -0.000345093
-1.84712e+09 -0.000345547
-1.84955e+09 -0.000346001
-1.85197e+09 -0.000346455
-1.8544e+09 -0.000346908
-1.85682e+09 -0.000347362
-1.85925e+09 -0.000347816
-1.86167e+09 -0.00034827
-1.8641e+09 -0.000348723
-1.86652e+09 -0.000349177
-1.86895e+09 -0.000349631
-1.87138e+09 -0.000350085
-1.8738e+09 -0.000350538
-1.87623e+09 -0.000350992
-1.87865e+09 -0.000351446
-1.88108e+09 -0.0003519
-1.8835e+09 -0.000352353
-1.88593e+09 -0.000352807
-1.88835e+09 -0.000353261
-1.89078e+09 -0.000353715
-1.89321e+09 -0.000354168
-1.89563e+09 -0.000354622
-1.89806e+09 -0.000355076
-1.90048e+09 -0.00035553
-1.90291e+09 -0.000355983
-1.90533e+09 -0.000356437
-1.90776e+09 -0.000356891
-1.91018e+09 -0.000357345
-1.91261e+09 -0.000357799
-1.91504e+09 -0.000358252
-1.91746e+09 -0.000358706
-1.91989e+09 -0.00035916
-1.92231e+09 -0.000359614
-1.92474e+09 -0.000360067
-1.92716e+09 -0.000360521
-1.92959e+09 -0.000360975
-1.93201e+09 -0.000361429
-1.93444e+09 -0.000361882
-1.93687e+09 -0.000362336
-1.93929e+09 -0.00036279
-1.94172e+09 -0.000363244
-1.94414e+09 -0.000363698
-1.94657e+09 -0.000364151
-1.94899e+09 -0.000364605
-1.95142e+09 -0.000365059
-1.95385e+09 -0.000365513
-1.95627e+09 -0.000365966
-1.9587e+09 -0.00036642
-1.96112e+09 -0.000366874
-1.96355e+09 -0.000367328
-1.96597e+09 -0.000367782
-1.9684e+09 -0.000368235
-1.97083e+09 -0.000368689
-1.97325e+09 -0.000369143
-1.97568e+09 -0.000369597
-1.9781e+09 -0.00037005
-1.98053e+09 -0.000370504
-1.98295e+09 -0.000370958
-1.98538e+09 -0.000371412
-1.9878e+09 -0.000371866
-1.99023e+09 -0.000372319
-1.99266e+09 -0.000372773
-1.99508e+09 -0.000373227
-1.99751e+09 -0.000373681
-1.99993e+09 -0.000374135
-2.00236e+09 -0.000374588
-2.00479e+09 -0.000375042
-2.00721e+09 -0.000375496
-2.00964e+09 -0.00037595
-2.01206e+09 -0.000376403
-2.01449e+09 -0.000376857
-2.01691e+09 -0.000377311
-2.01934e+09 -0.000377765
-2.02177e+09 -0.000378219
-2.02419e+09 -0.000378672
-2.02662e+09 -0.000379126
-2.02904e+09 -0.00037958
-2.03147e+09 -0.000380034
-2.03389e+09 -0.000380488
-2.03632e+09 -0.000380941
-2.03875e+09 -0.000381395
-2.04117e+09 -0.000381849
-2.0436e+09 -0.000382303
-2.04602e+09 -0.000382757
-2.04845e+09 -0.00038321
-2.05087e+09 -0.000383664
-2.0533e+09 -0.000384118
-2.05573e+09 -0.000384572
-2.05815e+09 -0.000385026
-2.06058e+09 -0.00038548
-2.063e+09 -0.000385933
-2.06543e+09 -0.000386387
-2.06786e+09 -0.000386841
-2.07028e+09 -0.000387295
-2.07271e+09 -0.000387749
-2.07432e+09 -0.00039375
-2.07449e+09 -0.000409715
-2.07465e+09 -0.000425682
-2.07482e+09 -0.000441648
-2.07498e+09 -0.000457615
-2.07514e+09 -0.000473582
-2.07531e+09 -0.000489549
-2.07547e+09 -0.000505516
-2.07569e+09 -0.000526829
-2.076e+09 -0.000556861
-2.0763e+09 -0.000586893
-2.07661e+09 -0.000616925
-2.07692e+09 -0.000646957
-2.07723e+09 -0.000676989
-2.07753e+09 -0.000707021
-2.07784e+09 -0.000737053
-2.07815e+09 -0.000767085
-2.07846e+09 -0.000797117
-2.07876e+09 -0.000827149
-2.07907e+09 -0.000857182
-2.07938e+09 -0.000887213
-2.07969e+09 -0.000917245
-2.08e+09 -0.000947277
-2.0803e+09 -0.000977309
-2.08061e+09 -0.00100734
-2.08092e+09 -0.00103737
-2.08123e+09 -0.0010674
-2.08153e+09 -0.00109744
-2.08184e+09 -0.00112747
-2.08215e+09 -0.0011575
-2.08246e+09 -0.00118753
-2.08276e+09 -0.00121756
-2.08307e+09 -0.0012476
-2.08338e+09 -0.00127763
-2.08369e+09 -0.00130766
-2.084e+09 -0.00133769
-2.0843e+09 -0.00136772
-2.08461e+09 -0.00139776
-2.08492e+09 -0.00142779
-2.08523e+09 -0.00145782
-2.08553e+09 -0.00148785
-2.08584e+09 -0.00151788
-2.08615e+09 -0.00154792
-2.08646e+09 -0.00157795
-2.08676e+09 -0.00160798
-2.08707e+09 -0.00163801
-2.08738e+09 -0.00166804
-2.08769e+09 -0.00169807
-2.088e+09 -0.00172811
-2.0883e+09 -0.00175814
-2.08861e+09 -0.00178817
-2.08892e+09 -0.0018182
-2.08923e+09 -0.00184823
-2.08953e+09 -0.00187827
-2.08984e+09 -0.0019083
-2.09015e+09 -0.00193833
-2.09046e+09 -0.00196836
-2.09076e+09 -0.00199839
-2.09107e+09 -0.00202843
-2.09138e+09 -0.00205846
-2.09169e+09 -0.00208849
-2.092e+09 -0.00211852
-2.0923e+09 -0.00214855
-2.09261e+09 -0.00217858
-2.09292e+09 -0.00220862
-2.09323e+09 -0.00223865
-2.09353e+09 -0.00226868
-2.09384e+09 -0.00229871
-2.09415e+09 -0.00232874
-2.09446e+09 -0.00235878
-2.09476e+09 -0.00238881
-2.09507e+09 -0.00241884
-2.09538e+09 -0.00244887
-2.09569e+09 -0.0024789
-2.096e+09 -0.00250893
-2.0963e+09 -0.00253897
-2.09661e+09 -0.002569
-2.09692e+09 -0.00259903
-2.09723e+09 -0.00262906
-2.09753e+09 -0.00265909
-2.09784e+09 -0.00268913
-2.09815e+09 -0.00271916
-2.09846e+09 -0.00274919
-2.09876e+09 -0.00277922
-2.09907e+09 -0.00280925
-2.09938e+09 -0.00283928
-2.09969e+09 -0.00286932
-2.09999e+09 -0.00289935
-2.1003e+09 -0.00292938
-2.10061e+09 -0.00295941
-2.10092e+09 -0.00298944
-2.10123e+09 -0.00301948
-2.10153e+09 -0.00304951
-2.10184e+09 -0.00307954
-2.10215e+09 -0.00310957
-2.10246e+09 -0.0031396
-2.10276e+09 -0.00316963
-2.10307e+09 -0.00319967
-2.10338e+09 -0.0032297
-2.10369e+09 -0.00325973
-2.10399e+09 -0.00328976
-2.1043e+09 -0.00331979
-2.10461e+09 -0.00334982
-2.10492e+09 -0.00337986
-2.10523e+09 -0.00340989
-2.10553e+09 -0.00343992
-2.10584e+09 -0.00346995
-2.10615e+09 -0.00349998
-2.10646e+09 -0.00353002
-2.10676e+09 -0.00356005
-2.10707e+09 -0.00359008
-2.10738e+09 -0.00362011
-2.10769e+09 -0.00365014
-2.10799e+09 -0.00368017
-2.1083e+09 -0.00371021
-2.10861e+09 -0.00374024
-2.10892e+09 -0.00377027
-2.10923e+09 -0.0038003
-2.10953e+09 -0.00383033
-2.10984e+09 -0.00386036
-2.11015e+09 -0.0038904
-2.11046e+09 -0.00392043
-2.11076e+09 -0.00395046
-2.11107e+09 -0.00398049
-2.11138e+09 -0.00401052
-2.11169e+09 -0.00404055
-2.11199e+09 -0.00407059
-2.1123e+09 -0.00410062
-2.11261e+09 -0.00413065
-2.11292e+09 -0.00416068
-2.11323e+09 -0.00419071
-2.11353e+09 -0.00422074
-2.11384e+09 -0.00425078
-2.11415e+09 -0.00428081
-2.11446e+09 -0.00431084
-2.11476e+09 -0.00434087
-2.11507e+09 -0.0043709
-2.11538e+09 -0.00440093
-2.11569e+09 -0.00443097
-2.11599e+09 -0.004461
-2.1163e+09 -0.00449103
-2.11661e+09 -0.00452106
-2.11692e+09 -0.00455109
-2.11723e+09 -0.00458112
-2.11753e+09 -0.00461116
-2.11784e+09 -0.00464119
-2.11815e+09 -0.00467122
-2.11846e+09 -0.00470125
-2.11876e+09 -0.00473128
-2.11907e+09 -0.00476131
-2.11938e+09 -0.00479135
-2.11969e+09 -0.00482138
-2.11999e+09 -0.00485141
-2.1203e+09 -0.00488144
-2.12061e+09 -0.00491147
-2.12092e+09 -0.0049415
-2.12122e+09 -0.00497154
-2.12153e+09 -0.00500157
-2.12184e+09 -0.0050316
-2.12215e+09 -0.00506163
-2.12246e+09 -0.00509166
-2.12276e+09 -0.00512169
-2.12307e+09 -0.00515173
-2.12338e+09 -0.00518176
-2.12369e+09 -0.00521179
-2.12399e+09 -0.00524182
-2.1243e+09 -0.00527185
-2.12461e+09 -0.00530188
-2.12492e+09 -0.00533192
-2.12522e+09 -0.00536195
-2.12553e+09 -0.00539198
-2.12584e+09 -0.00542201
-2.12615e+09 -0.00545204
-2.12646e+09 -0.00548207
-2.12676e+09 -0.0055121
-2.12707e+09 -0.00554214
-2.12738e+09 -0.00557217
-2.12769e+09 -0.0056022
-2.12799e+09 -0.00563223
-2.1283e+09 -0.00566226
-2.12861e+09 -0.00569229
-2.12892e+09 -0.00572233
-2.12922e+09 -0.00575236
-2.12953e+09 -0.00578239
-2.12984e+09 -0.00581242
-2.13015e+09 -0.00584245
-2.13046e+09 -0.00587248
-2.13076e+09 -0.00590251
-2.13107e+09 -0.00593255
-2.13138e+09 -0.00596258
-2.13169e+09 -0.00599261
-2.13199e+09 -0.00602264
-2.1323e+09 -0.00605267
-2.13261e+09 -0.0060827
-2.13292e+09 -0.00611274
-2.13322e+09 -0.00614277
-2.13353e+09 -0.0061728
-2.13384e+09 -0.00620283
-2.13415e+09 -0.00623286
-2.13446e+09 -0.00626289
-2.13476e+09 -0.00629292
-2.13507e+09 -0.00632296
-2.13538e+09 -0.00635299
-2.13569e+09 -0.00638302
-2.13599e+09 -0.00641305
-2.1363e+09 -0.00644308
-2.13661e+09 -0.00647311
-2.13692e+09 -0.00650315
-2.13722e+09 -0.00653318
-2.13753e+09 -0.00656321
-2.13784e+09 -0.00659324
-2.13815e+09 -0.00662327
-2.13845e+09 -0.0066533
-2.13876e+09 -0.00668333
-2.13907e+09 -0.00671337
-2.13938e+09 -0.0067434
-2.13969e+09 -0.00677343
-2.13999e+09 -0.00680346
-2.1403e+09 -0.00683349
-2.14061e+09 -0.00686352
-2.14092e+09 -0.00689355
-2.14122e+09 -0.00692359
-2.14153e+09 -0.00695362
-2.14184e+09 -0.00698365
-2.14215e+09 -0.00701368
-2.14245e+09 -0.00704371
-2.14276e+09 -0.00707374
-2.14307e+09 -0.00710377
-2.14338e+09 -0.00713381
-2.14369e+09 -0.00716384
-2.14399e+09 -0.00719387
-2.1443e+09 -0.0072239
-2.14461e+09 -0.00725393
-2.14492e+09 -0.00728396
-2.14522e+09 -0.00731399
-2.14553e+09 -0.00734403
-2.14584e+09 -0.00737406
-2.14615e+09 -0.00740409
-2.14645e+09 -0.00743412
-2.14676e+09 -0.00746415
-2.14707e+09 -0.00749418
-2.14738e+09 -0.00752421
-2.14769e+09 -0.00755425
-2.14799e+09 -0.00758428
-2.1483e+09 -0.00761431
-2.14861e+09 -0.00764434
-2.14892e+09 -0.00767437
-2.14922e+09 -0.0077044
-2.14953e+09 -0.00773443
-2.14984e+09 -0.00776447
-2.15015e+09 -0.0077945
-2.15045e+09 -0.00782453
-2.15076e+09 -0.00785456
-2.15107e+09 -0.00788459
-2.15138e+09 -0.00791462
-2.15169e+09 -0.00794465
-2.15199e+09 -0.00797469
-2.1523e+09 -0.00800472
-2.15261e+09 -0.00803475
-2.15292e+09 -0.00806478
-2.15322e+09 -0.00809481
-2.15353e+09 -0.00812484
-2.15384e+09 -0.00815487
-2.15415e+09 -0.0081849
-2.15445e+09 -0.00821494
-2.15476e+09 -0.00824497
-2.15507e+09 -0.008275
-2.15538e+09 -0.00830503
-2.15568e+09 -0.00833506
-2.15599e+09 -0.00836509
-2.1563e+09 -0.00839512
-2.15661e+09 -0.00842516
-2.15692e+09 -0.00845519
-2.15722e+09 -0.00848522
-2.15753e+09 -0.00851525
-2.15784e+09 -0.00854528
-2.15815e+09 -0.00857531
-2.15845e+09 -0.00860534
-2.15876e+09 -0.00863537
-2.15907e+09 -0.00866541
-2.15938e+09 -0.00869544
-2.15968e+09 -0.00872547
-2.15999e+09 -0.0087555
-2.1603e+09 -0.00878553
-2.16061e+09 -0.00881556
-2.16092e+09 -0.00884559
-2.16122e+09 -0.00887563
-2.16153e+09 -0.00890566
-2.16184e+09 -0.00893569
-2.16215e+09 -0.00896572
-2.16245e+09 -0.00899575
-2.16276e+09 -0.00902578
-2.16307e+09 -0.00905581
-2.16338e+09 -0.00908584
-2.16368e+09 -0.00911588
-2.16399e+09 -0.00914591
-2.1643e+09 -0.00917594
-2.16461e+09 -0.00920597
-2.16492e+09 -0.009236
-2.16522e+09 -0.00926603
-2.16553e+09 -0.00929606
-2.16584e+09 -0.00932609
-2.16615e+09 -0.00935613
-2.16645e+09 -0.00938616
-2.16676e+09 -0.00941619
-2.16707e+09 -0.00944622
-2.16738e+09 -0.00947625
-2.16768e+09 -0.00950628
-2.16799e+09 -0.00953631
-2.1683e+09 -0.00956634
-2.16861e+09 -0.00959638
-2.16892e+09 -0.00962641
-2.16922e+09 -0.00965644
-2.16953e+09 -0.00968647
-2.16984e+09 -0.0097165
-2.17015e+09 -0.00974653
-2.17045e+09 -0.00977656
-2.17076e+09 -0.00980659
-2.17107e+09 -0.00983663
-2.17138e+09 -0.00986666
-2.17168e+09 -0.00989669
-2.17199e+09 -0.00992672
-2.1723e+09 -0.00995675
-2.17261e+09 -0.00998678
-2.17291e+09 -0.0100168
-2.17322e+09 -0.0100468
-2.17353e+09 -0.0100769
-2.17384e+09 -0.0101069
-2.17415e+09 -0.0101369
-2.17445e+09 -0.010167
-2.17476e+09 -0.010197
-2.17507e+09 -0.010227
-2.17538e+09 -0.0102571
-2.17568e+09 -0.0102871
-2.17599e+09 -0.0103171
-2.1763e+09 -0.0103472
-2.17661e+09 -0.0103772
-2.17691e+09 -0.0104072
-2.17722e+09 -0.0104372
-2.17753e+09 -0.0104673
-2.17784e+09 -0.0104973
-2.17815e+09 -0.0105273
-2.17845e+09 -0.0105574
-2.17876e+09 -0.0105874
-2.17907e+09 -0.0106174
-2.17938e+09 -0.0106475
-2.17968e+09 -0.0106775
-2.17999e+09 -0.0107075
-2.1803e+09 -0.0107376
-2.18061e+09 -0.0107676
-2.18091e+09 -0.0107976
-2.18122e+09 -0.0108277
-2.18153e+09 -0.0108577
-2.18184e+09 -0.0108877
-2.18215e+09 -0.0109177
-2.18245e+09 -0.0109478
-2.18276e+09 -0.0109778
-2.18307e+09 -0.0110078
-2.18338e+09 -0.0110379
-2.18368e+09 -0.0110679
-2.18399e+09 -0.0110979
-2.1843e+09 -0.011128
-2.18461e+09 -0.011158
-2.18491e+09 -0.011188
-2.18522e+09 -0.0112181
-2.18553e+09 -0.0112481
-2.18584e+09 -0.0112781
-2.18614e+09 -0.0113082
-2.18645e+09 -0.0113382
-2.18676e+09 -0.0113682
-2.18707e+09 -0.0113982
-2.18738e+09 -0.0114283
-2.18768e+09 -0.0114583
-2.18799e+09 -0.0114883
-2.1883e+09 -0.0115184
-2.18861e+09 -0.0115484
-2.18891e+09 -0.0115784
-2.18922e+09 -0.0116085
-2.18953e+09 -0.0116385
-2.18984e+09 -0.0116685
-2.19014e+09 -0.0116986
-2.19045e+09 -0.0117286
-2.19076e+09 -0.0117586
-2.19107e+09 -0.0117886
-2.19138e+09 -0.0118187
-2.19168e+09 -0.0118487
-2.19199e+09 -0.0118787
-2.1923e+09 -0.0119088
-2.19261e+09 -0.0119388
-2.19291e+09 -0.0119688
-2.19322e+09 -0.0119989
-2.19353e+09 -0.0120289
-2.19384e+09 -0.0120589
-2.19414e+09 -0.012089
-2.19445e+09 -0.012119
-2.19476e+09 -0.012149
-2.19507e+09 -0.0121791
-2.19538e+09 -0.0122091
-2.19568e+09 -0.0122391
-2.19599e+09 -0.0122691
-2.1963e+09 -0.0122992
-2.19661e+09 -0.0123292
-2.19691e+09 -0.0123592
-2.19722e+09 -0.0123893
-2.19753e+09 -0.0124193
-2.19784e+09 -0.0124493
-2.19814e+09 -0.0124794
-2.19845e+09 -0.0125094
-2.19876e+09 -0.0125394
-2.19907e+09 -0.0125695
-2.19937e+09 -0.0125995
-2.19968e+09 -0.0126295
-2.19999e+09 -0.0126595
-2.2003e+09 -0.0126896
-2.20061e+09 -0.0127196
-2.20091e+09 -0.0127496
-2.20122e+09 -0.0127797
-2.20153e+09 -0.0128097
-2.20184e+09 -0.0128397
-2.20214e+09 -0.0128698
-2.20245e+09 -0.0128998
-2.20276e+09 -0.0129298
-2.20307e+09 -0.0129599
-2.20337e+09 -0.0129899
-2.20368e+09 -0.0130199
-2.20399e+09 -0.01305
-2.2043e+09 -0.01308
-2.20461e+09 -0.01311
-2.20491e+09 -0.01314
-2.20522e+09 -0.0131701
-2.20553e+09 -0.0132001
-2.20584e+09 -0.0132301
-2.20614e+09 -0.0132602
-2.20645e+09 -0.0132902
-2.20676e+09 -0.0133202
-2.20707e+09 -0.0133503
-2.20737e+09 -0.0133803
-2.20768e+09 -0.0134103
-2.20799e+09 -0.0134404
-2.2083e+09 -0.0134704
-2.20861e+09 -0.0135004
-2.20891e+09 -0.0135304
-2.20922e+09 -0.0135605
-2.20953e+09 -0.0135905
-2.20984e+09 -0.0136205
-2.21014e+09 -0.0136506
-2.21045e+09 -0.0136806
-2.21076e+09 -0.0137106
-2.21107e+09 -0.0137407
-2.21137e+09 -0.0137707
-2.21168e+09 -0.0138007
-2.21199e+09 -0.0138308
-2.2123e+09 -0.0138608
-2.2126e+09 -0.0138908
-2.21291e+09 -0.0139208
-2.21322e+09 -0.0139509
-2.21353e+09 -0.0139809
-2.21384e+09 -0.0140109
-2.21414e+09 -0.014041
-2.21445e+09 -0.014071
-2.21476e+09 -0.014101
-2.21507e+09 -0.0141311
-2.21537e+09 -0.0141611
-2.21568e+09 -0.0141911
-2.21599e+09 -0.0142212
-2.2163e+09 -0.0142512
-2.2166e+09 -0.0142812
-2.21691e+09 -0.0143113
-2.21722e+09 -0.0143413
-2.21753e+09 -0.0143713
-2.21784e+09 -0.0144013
-2.21814e+09 -0.0144314
-2.21845e+09 -0.0144614
-2.21876e+09 -0.0144914
-2.21907e+09 -0.0145215
-2.21937e+09 -0.0145515
-2.21968e+09 -0.0145815
-2.21999e+09 -0.0146116
-2.2203e+09 -0.0146416
-2.2206e+09 -0.0146716
-2.22091e+09 -0.0147017
-2.22122e+09 -0.0147317
-2.22153e+09 -0.0147617
-2.22184e+09 -0.0147917
-2.22214e+09 -0.0148218
-2.22245e+09 -0.0148518
-2.22276e+09 -0.0148818
-2.22307e+09 -0.0149119
-2.22337e+09 -0.0149419
-2.22368e+09 -0.0149719
-2.22399e+09 -0.015002
-2.2243e+09 -0.015032
-2.2246e+09 -0.015062
-2.22491e+09 -0.0150921
-2.22522e+09 -0.0151221
-2.22553e+09 -0.0151521
-2.22583e+09 -0.0151821
-2.22614e+09 -0.0152122
-2.22645e+09 -0.0152422
-2.22676e+09 -0.0152722
-2.22707e+09 -0.0153023
-2.22737e+09 -0.0153323
-2.22768e+09 -0.0153623
-2.22799e+09 -0.0153924
-2.2283e+09 -0.0154224
-2.2286e+09 -0.0154524
-2.22891e+09 -0.0154825
-2.22922e+09 -0.0155125
-2.22953e+09 -0.0155425
-2.22983e+09 -0.0155725
-2.23014e+09 -0.0156026
-2.23045e+09 -0.0156326
-2.23076e+09 -0.0156626
-2.23107e+09 -0.0156927
-2.23137e+09 -0.0157227
-2.23168e+09 -0.0157527
-2.23199e+09 -0.0157828
-2.2323e+09 -0.0158128
-2.2326e+09 -0.0158428
-2.23291e+09 -0.0158729
-2.23322e+09 -0.0159029
-2.23353e+09 -0.0159329
-2.23383e+09 -0.0159629
-2.23414e+09 -0.015993
-2.23445e+09 -0.016023
-2.23476e+09 -0.016053
-2.23506e+09 -0.0160831
-2.23537e+09 -0.0161131
-2.23568e+09 -0.0161431
-2.23599e+09 -0.0161732
-2.2363e+09 -0.0162032
-2.2366e+09 -0.0162332
-2.23691e+09 -0.0162633
-2.23722e+09 -0.0162933
-2.23753e+09 -0.0163233
-2.23783e+09 -0.0163533
-2.23814e+09 -0.0163834
-2.23845e+09 -0.0164134
-2.23876e+09 -0.0164434
-2.23906e+09 -0.0164735
-2.23937e+09 -0.0165035
-2.23968e+09 -0.0165335
-2.23999e+09 -0.0165636
-2.2403e+09 -0.0165936
-2.2406e+09 -0.0166236
-2.24091e+09 -0.0166536
-2.24122e+09 -0.0166837
-2.24153e+09 -0.0167137
-2.24183e+09 -0.0167437
-2.24214e+09 -0.0167738
-2.24245e+09 -0.0168038
-2.24276e+09 -0.0168338
-2.24306e+09 -0.0168639
-2.24337e+09 -0.0168939
-2.24368e+09 -0.0169239
-2.24399e+09 -0.016954
-2.2443e+09 -0.016984
-2.2446e+09 -0.017014
-2.24491e+09 -0.017044
-2.24522e+09 -0.0170741
-2.24553e+09 -0.0171041
-2.24583e+09 -0.0171341
-2.24614e+09 -0.0171642
-2.24645e+09 -0.0171942
-2.24676e+09 -0.0172242
-2.24706e+09 -0.0172543
-2.24737e+09 -0.0172843
-2.24768e+09 -0.0173143
-2.24799e+09 -0.0173444
-2.24829e+09 -0.0173744
-2.2486e+09 -0.0174044
-2.24891e+09 -0.0174344
-2.24922e+09 -0.0174645
-2.24953e+09 -0.0174945
-2.24983e+09 -0.0175245
-2.25014e+09 -0.0175546
-2.25045e+09 -0.0175846
-2.25076e+09 -0.0176146
-2.25106e+09 -0.0176447
-2.25137e+09 -0.0176747
-2.25168e+09 -0.0177047
-2.25199e+09 -0.0177348
-2.25229e+09 -0.0177648
-2.2526e+09 -0.0177948
-2.25291e+09 -0.0178248
-2.25322e+09 -0.0178549
-2.25353e+09 -0.0178849
-2.25383e+09 -0.0179149
-2.25414e+09 -0.017945
-2.25445e+09 -0.017975
-2.25476e+09 -0.018005
-2.25506e+09 -0.0180351
-2.25537e+09 -0.0180651
-2.25568e+09 -0.0180951
-2.25599e+09 -0.0181251
-2.25629e+09 -0.0181552
-2.2566e+09 -0.0181852
-2.25691e+09 -0.0182152
-2.25722e+09 -0.0182453
-2.25752e+09 -0.0182753
-2.25783e+09 -0.0183053
-2.25814e+09 -0.0183354
-2.25845e+09 -0.0183654
-2.25876e+09 -0.0183954
-2.25906e+09 -0.0184255
-2.25937e+09 -0.0184555
-2.25968e+09 -0.0184855
-2.25999e+09 -0.0185155
-2.26029e+09 -0.0185456
-2.2606e+09 -0.0185756
-2.26091e+09 -0.0186056
-2.26122e+09 -0.0186357
-2.26152e+09 -0.0186657
-2.26183e+09 -0.0186957
-2.26214e+09 -0.0187258
-2.26245e+09 -0.0187558
-2.26276e+09 -0.0187858
-2.26306e+09 -0.0188159
-2.26337e+09 -0.0188459
-2.26368e+09 -0.0188759
-2.26399e+09 -0.0189059
-2.26429e+09 -0.018936
-2.2646e+09 -0.018966
-2.26491e+09 -0.018996
-2.26522e+09 -0.0190261
-2.26552e+09 -0.0190561
-2.26583e+09 -0.0190861
-2.26614e+09 -0.0191162
-2.26645e+09 -0.0191462
-2.26675e+09 -0.0191762
-2.26706e+09 -0.0192062
-2.26737e+09 -0.0192363
-2.26768e+09 -0.0192663
-2.26799e+09 -0.0192963
-2.26829e+09 -0.0193264
-2.2686e+09 -0.0193564
-2.26891e+09 -0.0193864
-2.26922e+09 -0.0194165
-2.26952e+09 -0.0194465
-2.26983e+09 -0.0194765
-2.27014e+09 -0.0195066
-2.27045e+09 -0.0195366
-2.27075e+09 -0.0195666
-2.27106e+09 -0.0195966
-2.27137e+09 -0.0196267
-2.27168e+09 -0.0196567
-2.27199e+09 -0.0196867
-2.27229e+09 -0.0197168
-2.2726e+09 -0.0197468
-2.27291e+09 -0.0197768
-2.27322e+09 -0.0198069
-2.27352e+09 -0.0198369
-2.27383e+09 -0.0198669
-2.27414e+09 -0.0198969
-2.27445e+09 -0.019927
-2.27475e+09 -0.019957
-2.27506e+09 -0.019987
-2.27537e+09 -0.0200171
-2.27568e+09 -0.0200471
-2.27598e+09 -0.0200771
-2.27629e+09 -0.0201072
-2.2766e+09 -0.0201372
-2.27691e+09 -0.0201672
-2.27722e+09 -0.0201972
-2.27752e+09 -0.0202273
-2.27783e+09 -0.0202573
-2.27814e+09 -0.0202873
-2.27845e+09 -0.0203174
-2.27875e+09 -0.0203474
-2.27906e+09 -0.0203774
-2.27937e+09 -0.0204075
-2.27968e+09 -0.0204375
-2.27998e+09 -0.0204675
-2.28029e+09 -0.0204976
-2.2806e+09 -0.0205276
-2.28091e+09 -0.0205576
-2.28122e+09 -0.0205876
-2.28152e+09 -0.0206177
-2.28183e+09 -0.0206477
-2.28214e+09 -0.0206777
-2.28245e+09 -0.0207078
-2.28275e+09 -0.0207378
-2.28306e+09 -0.0207678
-2.28337e+09 -0.0207979
-2.28368e+09 -0.0208279
-2.28398e+09 -0.0208579
-2.28429e+09 -0.0208879
-2.2846e+09 -0.020918
-2.28491e+09 -0.020948
-2.28521e+09 -0.020978
-2.28552e+09 -0.0210081
-2.28583e+09 -0.0210381
-2.28614e+09 -0.0210681
-2.28645e+09 -0.0210982
-2.28675e+09 -0.0211282
-2.28706e+09 -0.0211582
-2.28737e+09 -0.0211883
-2.28768e+09 -0.0212183
-2.28798e+09 -0.0212483
-2.28829e+09 -0.0212783
-2.2886e+09 -0.0213084
-2.28891e+09 -0.0213384
-2.28921e+09 -0.0213684
-2.28952e+09 -0.0213985
-2.28983e+09 -0.0214285
-2.29014e+09 -0.0214585
-2.29045e+09 -0.0214886
-2.29075e+09 -0.0215186
-2.29106e+09 -0.0215486
-2.29137e+09 -0.0215786
-2.29168e+09 -0.0216087
-2.29198e+09 -0.0216387
-2.29229e+09 -0.0216687
-2.2926e+09 -0.0216988
-2.29291e+09 -0.0217288
-2.29321e+09 -0.0217588
-2.29352e+09 -0.0217889
-2.29383e+09 -0.0218189
-2.29414e+09 -0.0218489
-2.29444e+09 -0.0218789
-2.29475e+09 -0.021909
-2.29506e+09 -0.021939
-2.29537e+09 -0.021969
-2.29568e+09 -0.0219991
-2.29598e+09 -0.0220291
-2.29629e+09 -0.0220591
-2.2966e+09 -0.0220892
-2.29691e+09 -0.0221192
-2.29721e+09 -0.0221492
-2.29752e+09 -0.0221792
-2.29783e+09 -0.0222093
-2.29814e+09 -0.0222393
-2.29844e+09 -0.0222693
-2.29875e+09 -0.0222994
-2.29906e+09 -0.0223294
-2.29937e+09 -0.0223594
-2.29968e+09 -0.0223895
-2.29998e+09 -0.0224195
-2.30029e+09 -0.0224495
-2.3006e+09 -0.0224796
-2.30091e+09 -0.0225096
-2.30121e+09 -0.0225396
-2.30152e+09 -0.0225696
-2.30183e+09 -0.0225997
-2.30214e+09 -0.0226297
-2.30244e+09 -0.0226597
-2.30275e+09 -0.0226898
-2.30306e+09 -0.0227198
-2.30337e+09 -0.0227498
-2.30367e+09 -0.0227799
-2.30398e+09 -0.0228099
-2.30429e+09 -0.0228399
-2.3046e+09 -0.0228699
-2.30491e+09 -0.0229
-2.30521e+09 -0.02293
-2.30552e+09 -0.02296
-2.30583e+09 -0.0229901
-2.30614e+09 -0.0230201
-2.30644e+09 -0.0230501
-2.30675e+09 -0.0230802
-2.30706e+09 -0.0231102
-2.30737e+09 -0.0231402
-2.30767e+09 -0.0231702
-2.30798e+09 -0.0232003
-2.30829e+09 -0.0232303
-2.3086e+09 -0.0232603
-2.30891e+09 -0.0232904
-2.30921e+09 -0.0233204
-2.30952e+09 -0.0233504
-2.30983e+09 -0.0233805
-2.31014e+09 -0.0234105
-2.31044e+09 -0.0234405
-2.31075e+09 -0.0234705
-2.31106e+09 -0.0235006
-2.31137e+09 -0.0235306
-2.31167e+09 -0.0235606
-2.31198e+09 -0.0235907
-2.31229e+09 -0.0236207
-2.3126e+09 -0.0236507
-2.3129e+09 -0.0236808
-2.31321e+09 -0.0237108
-2.31352e+09 -0.0237408
-2.31383e+09 -0.0237708
-2.31414e+09 -0.0238009
-2.31444e+09 -0.0238309
-2.31475e+09 -0.0238609
-2.31506e+09 -0.023891
-2.31537e+09 -0.023921
-2.31567e+09 -0.023951
-2.31598e+09 -0.0239811
-2.31629e+09 -0.0240111
-2.3166e+09 -0.0240411
-2.3169e+09 -0.0240711
-2.31721e+09 -0.0241012
-2.31752e+09 -0.0241312
-2.31783e+09 -0.0241612
-2.31814e+09 -0.0241913
-2.31844e+09 -0.0242213
-2.31875e+09 -0.0242513
-2.31906e+09 -0.0242814
-2.31937e+09 -0.0243114
-2.31967e+09 -0.0243414
-2.31998e+09 -0.0243714
-2.32029e+09 -0.0244015
-2.3206e+09 -0.0244315
-2.3209e+09 -0.0244615
-2.32121e+09 -0.0244916
-2.32152e+09 -0.0245216
-2.32183e+09 -0.0245516
-2.32213e+09 -0.0245817
-2.32244e+09 -0.0246117
-2.32275e+09 -0.0246417
-2.32306e+09 -0.0246717
-2.32337e+09 -0.0247018
-2.32367e+09 -0.0247318
-2.32398e+09 -0.0247618
-2.32429e+09 -0.0247919
-2.3246e+09 -0.0248219
-2.3249e+09 -0.0248519
-2.32521e+09 -0.024882
-2.32552e+09 -0.024912
-2.32583e+09 -0.024942
-2.32613e+09 -0.024972
-2.32644e+09 -0.0250021
-2.32675e+09 -0.0250321
-2.32706e+09 -0.0250621
-2.32737e+09 -0.0250922
-2.32767e+09 -0.0251222
-2.32798e+09 -0.0251522
-2.32829e+09 -0.0251823
-2.3286e+09 -0.0252123
-2.3289e+09 -0.0252423
-2.32921e+09 -0.0252723
-2.32952e+09 -0.0253024
-2.32983e+09 -0.0253324
-2.33013e+09 -0.0253624
-2.33044e+09 -0.0253925
-2.33075e+09 -0.0254225
-2.33106e+09 -0.0254525
-2.33136e+09 -0.0254826
-2.33167e+09 -0.0255126
-2.33198e+09 -0.0255426
-2.33229e+09 -0.0255726
-2.3326e+09 -0.0256027
-2.3329e+09 -0.0256327
-2.33321e+09 -0.0256627
-2.33352e+09 -0.0256928
-2.33383e+09 -0.0257228
-2.33413e+09 -0.0257528
-2.33444e+09 -0.0257829
-2.33475e+09 -0.0258129
-2.33506e+09 -0.0258429
-2.33536e+09 -0.0258729
-2.33567e+09 -0.025903
-2.33598e+09 -0.025933
-2.33629e+09 -0.025963
-2.33659e+09 -0.0259931
-2.3369e+09 -0.0260231
-2.33721e+09 -0.0260531
-2.33752e+09 -0.0260832
-2.33783e+09 -0.0261132
-2.33813e+09 -0.0261432
-2.33844e+09 -0.0261732
-2.33875e+09 -0.0262033
-2.33906e+09 -0.0262333
-2.33936e+09 -0.0262633
-2.33967e+09 -0.0262934
-2.33998e+09 -0.0263234
-2.34029e+09 -0.0263534
-2.34059e+09 -0.0263835
-2.3409e+09 -0.0264135
-2.34121e+09 -0.0264435
-2.34152e+09 -0.0264735
-2.34183e+09 -0.0265036
-2.34213e+09 -0.0265336
-2.34244e+09 -0.0265636
-2.34275e+09 -0.0265937
-2.34306e+09 -0.0266237
-2.34336e+09 -0.0266537
-2.34367e+09 -0.0266838
-2.34398e+09 -0.0267138
-2.34429e+09 -0.0267438
-2.34459e+09 -0.0267738
-2.3449e+09 -0.0268039
-2.34521e+09 -0.0268339
-2.34552e+09 -0.0268639
-2.34582e+09 -0.026894
-2.34613e+09 -0.026924
-2.34644e+09 -0.026954
-2.34675e+09 -0.0269841
-2.34706e+09 -0.0270141
-2.34736e+09 -0.0270441
-2.34767e+09 -0.0270741
-2.34798e+09 -0.0271042
-2.34829e+09 -0.0271342
-2.34859e+09 -0.0271642
-2.3489e+09 -0.0271943
-2.34921e+09 -0.0272243
-2.34952e+09 -0.0272543
-2.34982e+09 -0.0272843
-2.35013e+09 -0.0273144
-2.35044e+09 -0.0273444
-2.35075e+09 -0.0273744
-2.35106e+09 -0.0274045
-2.35136e+09 -0.0274345
-2.35167e+09 -0.0274645
-2.35198e+09 -0.0274946
-2.35229e+09 -0.0275246
-2.35259e+09 -0.0275546
-2.3529e+09 -0.0275846
-2.35321e+09 -0.0276147
-2.35352e+09 -0.0276447
-2.35382e+09 -0.0276747
-2.35413e+09 -0.0277048
-2.35444e+09 -0.0277348
-2.35475e+09 -0.0277648
-2.35505e+09 -0.0277949
-2.35536e+09 -0.0278249
-2.35567e+09 -0.0278549
-2.35598e+09 -0.0278849
-2.35629e+09 -0.027915
-2.35659e+09 -0.027945
-2.3569e+09 -0.027975
-2.35721e+09 -0.0280051
-2.35752e+09 -0.0280351
-2.35782e+09 -0.0280651
-2.35813e+09 -0.0280952
-2.35844e+09 -0.0281252
-2.35875e+09 -0.0281552
-2.35905e+09 -0.0281852
-2.35936e+09 -0.0282153
-2.35967e+09 -0.0282453
-2.35998e+09 -0.0282753
-2.36028e+09 -0.0283054
-2.36059e+09 -0.0283354
-2.3609e+09 -0.0283654
-2.36121e+09 -0.0283954
-2.36152e+09 -0.0284255
-2.36182e+09 -0.0284555
-2.36213e+09 -0.0284855
-2.36244e+09 -0.0285156
-2.36275e+09 -0.0285456
-2.36305e+09 -0.0285756
-2.36336e+09 -0.0286057
-2.36367e+09 -0.0286357
-2.36398e+09 -0.0286657
-2.36428e+09 -0.0286957
-2.36459e+09 -0.0287258
-2.3649e+09 -0.0287558
-2.36521e+09 -0.0287858
-2.36552e+09 -0.0288159
-2.36582e+09 -0.0288459
-2.36613e+09 -0.0288759
-2.36644e+09 -0.028906
-2.36675e+09 -0.028936
-2.36705e+09 -0.028966
-2.36736e+09 -0.028996
-2.36767e+09 -0.0290261
-2.36798e+09 -0.0290561
-2.36828e+09 -0.0290861
-2.36859e+09 -0.0291162
-2.3689e+09 -0.0291462
-2.36921e+09 -0.0291762
-2.36951e+09 -0.0292063
-2.36982e+09 -0.0292363
-2.37013e+09 -0.0292663
-2.37044e+09 -0.0292963
-2.37075e+09 -0.0293264
-2.37105e+09 -0.0293564
-2.37136e+09 -0.0293864
-2.37167e+09 -0.0294165
-2.37198e+09 -0.0294465
-2.37228e+09 -0.0294765
-2.37259e+09 -0.0295065
-2.3729e+09 -0.0295366
-2.37321e+09 -0.0295666
-2.37351e+09 -0.0295966
-2.37382e+09 -0.0296267
-2.37413e+09 -0.0296567
-2.37444e+09 -0.0296867
-2.37474e+09 -0.0297168
-2.37505e+09 -0.0297468
-2.37536e+09 -0.0297768
-2.37567e+09 -0.0298068
-2.37598e+09 -0.0298369
-2.37628e+09 -0.0298669
-2.37659e+09 -0.0298969
-2.3769e+09 -0.029927
-2.37721e+09 -0.029957
-2.37751e+09 -0.029987
-2.37782e+09 -0.030017
-2.37813e+09 -0.0300471
-2.37844e+09 -0.0300771
-2.37874e+09 -0.0301071
-2.37905e+09 -0.0301372
-2.37936e+09 -0.0301672
-2.37967e+09 -0.0301972
-2.37998e+09 -0.0302273
-2.38028e+09 -0.0302573
-2.38059e+09 -0.0302873
-2.3809e+09 -0.0303173
-2.38121e+09 -0.0303474
-2.38151e+09 -0.0303774
-2.38182e+09 -0.0304074
-2.38213e+09 -0.0304375
-2.38244e+09 -0.0304675
-2.38274e+09 -0.0304975
-2.38305e+09 -0.0305276
-2.38336e+09 -0.0305576
-2.38367e+09 -0.0305876
-2.38397e+09 -0.0306176
-2.38428e+09 -0.0306477
-2.38459e+09 -0.0306777
-2.3849e+09 -0.0307077
-2.38521e+09 -0.0307378
-2.38551e+09 -0.0307678
-2.38582e+09 -0.0307978
-2.38613e+09 -0.0308278
-2.38644e+09 -0.0308579
-2.38674e+09 -0.0308879
-2.38705e+09 -0.0309179
-2.38736e+09 -0.030948
-2.38767e+09 -0.030978
-2.38797e+09 -0.031008
-2.38828e+09 -0.0310381
-2.38859e+09 -0.0310681
-2.3889e+09 -0.0310981
-2.3892e+09 -0.0311281
-2.38951e+09 -0.0311582
-2.38982e+09 -0.0311882
-2.39013e+09 -0.0312182
-2.39044e+09 -0.0312483
-2.39074e+09 -0.0312783
-2.39105e+09 -0.0313083
-2.39136e+09 -0.0313383
-2.39167e+09 -0.0313684
-2.39197e+09 -0.0313984
-2.39228e+09 -0.0314284
-2.39259e+09 -0.0314585
-2.3929e+09 -0.0314885
-2.3932e+09 -0.0315185
-2.39351e+09 -0.0315486
-2.39382e+09 -0.0315786
-2.39413e+09 -0.0316086
-2.39444e+09 -0.0316386
-2.39474e+09 -0.0316687
-2.39505e+09 -0.0316987
-2.39536e+09 -0.0317287
-2.39567e+09 -0.0317588
-2.39597e+09 -0.0317888
-2.39628e+09 -0.0318188
-2.39659e+09 -0.0318488
-2.3969e+09 -0.0318789
-2.3972e+09 -0.0319089
-2.39751e+09 -0.0319389
-2.39782e+09 -0.031969
-2.39813e+09 -0.031999
-2.39843e+09 -0.032029
-2.39874e+09 -0.0320591
-2.39905e+09 -0.0320891
-2.39936e+09 -0.0321191
-2.39967e+09 -0.0321491
-2.39997e+09 -0.0321792
-2.40028e+09 -0.0322092
-2.40059e+09 -0.0322392
-2.4009e+09 -0.0322693
-2.4012e+09 -0.0322993
-2.40151e+09 -0.0323293
-2.40182e+09 -0.0323593
-2.40213e+09 -0.0323894
-2.40243e+09 -0.0324194
-2.40274e+09 -0.0324494
-2.40305e+09 -0.0324795
-2.40336e+09 -0.0325095
-2.40366e+09 -0.0325395
-2.40397e+09 -0.0325696
-2.40428e+09 -0.0325996
-2.40459e+09 -0.0326296
-2.4049e+09 -0.0326596
-2.4052e+09 -0.0326897
-2.40551e+09 -0.0327197
-2.40582e+09 -0.0327497
-2.40613e+09 -0.0327798
-2.40643e+09 -0.0328098
-2.40674e+09 -0.0328398
-2.40705e+09 -0.0328698
-2.40736e+09 -0.0328999
-2.40766e+09 -0.0329299
-2.40797e+09 -0.0329599
-2.40828e+09 -0.03299
-2.40859e+09 -0.03302
-2.4089e+09 -0.03305
-2.4092e+09 -0.0330801
-2.40951e+09 -0.0331101
-2.40982e+09 -0.0331401
-2.41013e+09 -0.0331701
-2.41043e+09 -0.0332002
-2.41074e+09 -0.0332302
-2.41105e+09 -0.0332602
-2.41136e+09 -0.0332903
-2.41166e+09 -0.0333203
-2.41197e+09 -0.0333503
-2.41228e+09 -0.0333803
-2.41259e+09 -0.0334104
-2.41289e+09 -0.0334404
-2.4132e+09 -0.0334704
-2.41351e+09 -0.0335005
-2.41382e+09 -0.0335305
-2.41413e+09 -0.0335605
-2.41443e+09 -0.0335906
-2.41474e+09 -0.0336206
-2.41505e+09 -0.0336506
-2.41536e+09 -0.0336806
-2.41566e+09 -0.0337107
-2.41597e+09 -0.0337407
-2.41628e+09 -0.0337707
-2.41659e+09 -0.0338008
-2.41689e+09 -0.0338308
-2.4172e+09 -0.0338608
-2.41751e+09 -0.0338908
-2.41782e+09 -0.0339209
-2.41812e+09 -0.0339509
-2.41843e+09 -0.0339809
-2.41874e+09 -0.034011
-2.41905e+09 -0.034041
-2.41936e+09 -0.034071
-2.41941e+09 -0.0341036
-2.4188e+09 -0.034143
-2.41819e+09 -0.0341824
-2.41758e+09 -0.0342218
-2.41696e+09 -0.0342611
-2.41635e+09 -0.0343005
-2.41574e+09 -0.0343399
-2.41513e+09 -0.0343793
-2.41452e+09 -0.0344186
-2.41391e+09 -0.034458
-2.4133e+09 -0.0344974
-2.41269e+09 -0.0345367
-2.41208e+09 -0.0345761
-2.41147e+09 -0.0346155
-2.41086e+09 -0.0346549
-2.41025e+09 -0.0346942
-2.40963e+09 -0.0347336
-2.40902e+09 -0.034773
-2.40841e+09 -0.0348124
-2.4078e+09 -0.0348517
-2.40719e+09 -0.0348911
-2.40658e+09 -0.0349305
-2.40597e+09 -0.0349699
-2.40536e+09 -0.0350092
-2.40475e+09 -0.0350486
-2.40414e+09 -0.035088
-2.40353e+09 -0.0351273
-2.40292e+09 -0.0351667
-2.4023e+09 -0.0352061
-2.40169e+09 -0.0352455
-2.40108e+09 -0.0352848
-2.40047e+09 -0.0353242
-2.39986e+09 -0.0353636
-2.39925e+09 -0.035403
-2.39864e+09 -0.0354423
-2.39803e+09 -0.0354817
-2.39742e+09 -0.0355211
-2.39681e+09 -0.0355605
-2.3962e+09 -0.0355998
-2.39558e+09 -0.0356392
-2.39497e+09 -0.0356786
-2.39436e+09 -0.0357179
-2.39375e+09 -0.0357573
-2.39314e+09 -0.0357967
-2.39253e+09 -0.0358361
-2.39192e+09 -0.0358754
-2.39131e+09 -0.0359148
-2.3907e+09 -0.0359542
-2.39009e+09 -0.0359936
-2.38948e+09 -0.0360329
-2.38887e+09 -0.0360723
-2.38825e+09 -0.0361117
-2.38764e+09 -0.036151
-2.38703e+09 -0.0361904
-2.38642e+09 -0.0362298
-2.38581e+09 -0.0362692
-2.3852e+09 -0.0363085
-2.38459e+09 -0.0363479
-2.38398e+09 -0.0363873
-2.38337e+09 -0.0364267
-2.38276e+09 -0.036466
-2.38215e+09 -0.0365054
-2.38154e+09 -0.0365448
-2.38092e+09 -0.0365841
-2.38025e+09 -0.0366274
-2.37957e+09 -0.0366712
-2.3789e+09 -0.0367149
-2.37822e+09 -0.0367586
-2.37754e+09 -0.0368024
-2.37686e+09 -0.0368461
-2.37618e+09 -0.0368898
-2.3755e+09 -0.0369336
-2.37482e+09 -0.0369773
-2.37415e+09 -0.037021
-2.37347e+09 -0.0370647
-2.37279e+09 -0.0371085
-2.37211e+09 -0.0371522
-2.37143e+09 -0.0371959
-2.37075e+09 -0.0372397
-2.37008e+09 -0.0372834
-2.3694e+09 -0.0373271
-2.36872e+09 -0.0373709
-2.36804e+09 -0.0374146
-2.36736e+09 -0.0374583
-2.36668e+09 -0.0375021
-2.366e+09 -0.0375458
-2.36533e+09 -0.0375895
-2.36465e+09 -0.0376333
-2.36397e+09 -0.037677
-2.36329e+09 -0.0377207
-2.36261e+09 -0.0377644
-2.36193e+09 -0.0378082
-2.36126e+09 -0.0378519
-2.36058e+09 -0.0378956
-2.3599e+09 -0.0379394
-2.35922e+09 -0.0379831
-2.35854e+09 -0.0380268
-2.35786e+09 -0.0380706
-2.35718e+09 -0.0381143
-2.35651e+09 -0.038158
-2.35583e+09 -0.0382018
-2.35515e+09 -0.0382455
-2.35447e+09 -0.0382892
-2.35379e+09 -0.0383329
-2.35311e+09 -0.0383767
-2.35244e+09 -0.0384204
-2.35176e+09 -0.0384641
-2.35108e+09 -0.0385079
-2.3504e+09 -0.0385516
-2.34972e+09 -0.0385953
-2.34904e+09 -0.0386391
-2.34836e+09 -0.0386828
-2.34769e+09 -0.0387265
-2.34701e+09 -0.0387703
-2.34633e+09 -0.038814
-2.34565e+09 -0.0388577
-2.34497e+09 -0.0389014
-2.34429e+09 -0.0389452
-2.34362e+09 -0.0389889
-2.34294e+09 -0.0390326
-2.34226e+09 -0.0390764
-2.34158e+09 -0.0391201
-2.3409e+09 -0.0391638
-2.34022e+09 -0.0392076
-2.33954e+09 -0.0392513
-2.33887e+09 -0.039295
-2.33819e+09 -0.0393387
-2.33751e+09 -0.0393825
-2.33683e+09 -0.0394262
-2.33615e+09 -0.0394699
-2.33547e+09 -0.0395137
-2.3348e+09 -0.0395574
-2.33412e+09 -0.0396011
-2.33344e+09 -0.0396449
-2.33276e+09 -0.0396886
-2.33208e+09 -0.0397323
-2.3314e+09 -0.039776
-2.33072e+09 -0.0398198
-2.33005e+09 -0.0398635
-2.32937e+09 -0.0399072
-2.32869e+09 -0.039951
-2.32801e+09 -0.0399947
-2.32733e+09 -0.0400384
-2.32665e+09 -0.0400822
-2.32598e+09 -0.0401259
-2.3253e+09 -0.0401696
-2.32462e+09 -0.0402133
-2.32394e+09 -0.0402571
-2.32326e+09 -0.0403008
-2.32258e+09 -0.0403445
-2.3219e+09 -0.0403883
-2.32123e+09 -0.040432
-2.32055e+09 -0.0404757
-2.31987e+09 -0.0405194
-2.31919e+09 -0.0405632
-2.31851e+09 -0.0406069
-2.31783e+09 -0.0406506
-2.31716e+09 -0.0406944
-2.31648e+09 -0.0407381
-2.3158e+09 -0.0407818
-2.31512e+09 -0.0408256
-2.31444e+09 -0.0408693
-2.31376e+09 -0.040913
-2.31309e+09 -0.0409567
-2.31241e+09 -0.0410005
-2.31173e+09 -0.0410442
-2.31105e+09 -0.0410879
-2.31037e+09 -0.0411317
-2.30969e+09 -0.0411754
-2.30901e+09 -0.0412191
-2.30834e+09 -0.0412628
-2.30766e+09 -0.0413066
-2.30698e+09 -0.0413503
-2.3063e+09 -0.041394
-2.30562e+09 -0.0414378
-2.30494e+09 -0.0414815
-2.30427e+09 -0.0415252
-2.30359e+09 -0.041569
-2.30291e+09 -0.0416127
-2.30223e+09 -0.0416564
-2.30155e+09 -0.0417001
-2.30087e+09 -0.0417439
-2.30019e+09 -0.0417876
-2.29952e+09 -0.0418313
-2.29884e+09 -0.0418751
-2.29816e+09 -0.0419188
-2.29748e+09 -0.0419625
-2.2968e+09 -0.0420062
-2.29612e+09 -0.04205
-2.29545e+09 -0.0420937
-2.29477e+09 -0.0421374
-2.29409e+09 -0.0421812
-2.29341e+09 -0.0422249
-2.29273e+09 -0.0422686
-2.29205e+09 -0.0423123
-2.29138e+09 -0.0423561
-2.2907e+09 -0.0423998
-2.29002e+09 -0.0424435
-2.28934e+09 -0.0424873
-2.28866e+09 -0.042531
-2.28798e+09 -0.0425747
-2.2873e+09 -0.0426184
-2.28663e+09 -0.0426622
-2.28595e+09 -0.0427059
-2.28527e+09 -0.0427496
-2.28459e+09 -0.0427934
-2.28391e+09 -0.0428371
-2.28323e+09 -0.0428808
-2.28256e+09 -0.0429245
-2.28188e+09 -0.0429683
-2.2812e+09 -0.043012
-2.28052e+09 -0.0430557
-2.27984e+09 -0.0430995
-2.27916e+09 -0.0431432
-2.27848e+09 -0.0431869
-2.27781e+09 -0.0432306
-2.27713e+09 -0.0432744
-2.27645e+09 -0.0433181
-2.27577e+09 -0.0433618
-2.27509e+09 -0.0434055
-2.27441e+09 -0.0434493
-2.27374e+09 -0.043493
-2.27306e+09 -0.0435367
-2.27238e+09 -0.0435805
-2.2717e+09 -0.0436242
-2.27102e+09 -0.0436679
-2.27034e+09 -0.0437116
-2.26967e+09 -0.0437554
-2.26899e+09 -0.0437991
-2.26831e+09 -0.0438428
-2.26763e+09 -0.0438866
-2.26695e+09 -0.0439303
-2.26627e+09 -0.043974
-2.26559e+09 -0.0440177
-2.26492e+09 -0.0440615
-2.26424e+09 -0.0441052
-2.26356e+09 -0.0441489
-2.26288e+09 -0.0441926
-2.2622e+09 -0.0442364
-2.26152e+09 -0.0442801
-2.26085e+09 -0.0443238
-2.26017e+09 -0.0443676
-2.25949e+09 -0.0444113
-2.25881e+09 -0.044455
-2.25813e+09 -0.0444987
-2.25745e+09 -0.0445425
-2.25678e+09 -0.0445862
-2.2561e+09 -0.0446299
-2.25542e+09 -0.0446737
-2.25474e+09 -0.0447174
-2.25406e+09 -0.0447611
-2.25338e+09 -0.0448048
-2.25271e+09 -0.0448486
-2.25203e+09 -0.0448923
-2.25135e+09 -0.044936
-2.25067e+09 -0.0449797
-2.24999e+09 -0.0450235
-2.24931e+09 -0.0450672
-2.24863e+09 -0.0451109
-2.24796e+09 -0.0451547
-2.24728e+09 -0.0451984
-2.2466e+09 -0.0452421
-2.24592e+09 -0.0452858
-2.24524e+09 -0.0453296
-2.24456e+09 -0.0453733
-2.24389e+09 -0.045417
-2.24321e+09 -0.0454607
-2.24253e+09 -0.0455045
-2.24185e+09 -0.0455482
-2.24117e+09 -0.0455919
-2.24049e+09 -0.0456356
-2.23982e+09 -0.0456794
-2.23914e+09 -0.0457231
-2.23846e+09 -0.0457668
-2.23778e+09 -0.0458106
-2.2371e+09 -0.0458543
-2.23642e+09 -0.045898
-2.23574e+09 -0.0459417
-2.23507e+09 -0.0459855
-2.23439e+09 -0.0460292
-2.23371e+09 -0.0460729
-2.23303e+09 -0.0461166
-2.23235e+09 -0.0461604
-2.23167e+09 -0.0462041
-2.231e+09 -0.0462478
-2.23032e+09 -0.0462915
-2.22964e+09 -0.0463353
-2.22896e+09 -0.046379
-2.22828e+09 -0.0464227
-2.2276e+09 -0.0464665
-2.22693e+09 -0.0465102
-2.22625e+09 -0.0465539
-2.22557e+09 -0.0465976
-2.22489e+09 -0.0466414
-2.22421e+09 -0.0466851
-2.22353e+09 -0.0467288
-2.22286e+09 -0.0467725
-2.22218e+09 -0.0468163
-2.2215e+09 -0.04686
-2.22082e+09 -0.0469037
-2.22014e+09 -0.0469474
-2.21946e+09 -0.0469912
-2.21878e+09 -0.0470349
-2.21811e+09 -0.0470786
-2.21743e+09 -0.0471224
-2.21675e+09 -0.0471661
-2.21607e+09 -0.0472098
-2.21539e+09 -0.0472535
-2.21471e+09 -0.0472973
-2.21404e+09 -0.047341
-2.21336e+09 -0.0473847
-2.21268e+09 -0.0474284
-2.212e+09 -0.0474722
-2.21132e+09 -0.0475159
-2.21064e+09 -0.0475596
-2.20997e+09 -0.0476033
-2.20929e+09 -0.0476471
-2.20861e+09 -0.0476908
-2.20793e+09 -0.0477345
-2.20725e+09 -0.0477782
-2.20657e+09 -0.047822
-2.2059e+09 -0.0478657
-2.20522e+09 -0.0479094
-2.20454e+09 -0.0479531
-2.20386e+09 -0.0479969
-2.20318e+09 -0.0480406
-2.2025e+09 -0.0480843
-2.20183e+09 -0.048128
-2.20115e+09 -0.0481718
-2.20047e+09 -0.0482155
-2.19979e+09 -0.0482592
-2.19911e+09 -0.0483029
-2.19843e+09 -0.0483467
-2.19775e+09 -0.0483904
-2.19708e+09 -0.0484341
-2.1964e+09 -0.0484779
-2.19572e+09 -0.0485216
-2.19504e+09 -0.0485653
-2.19436e+09 -0.048609
-2.19368e+09 -0.0486528
-2.19301e+09 -0.0486965
-2.19233e+09 -0.0487402
-2.19165e+09 -0.0487839
-2.19097e+09 -0.0488277
-2.19029e+09 -0.0488714
-2.18961e+09 -0.0489151
-2.18894e+09 -0.0489588
-2.18826e+09 -0.0490026
-2.18758e+09 -0.0490463
-2.1869e+09 -0.04909
-2.18622e+09 -0.0491337
-2.18554e+09 -0.0491775
-2.18487e+09 -0.0492212
-2.18419e+09 -0.0492649
-2.18351e+09 -0.0493086
-2.18283e+09 -0.0493524
-2.18215e+09 -0.0493961
-2.18147e+09 -0.0494398
-2.1808e+09 -0.0494835
-2.18012e+09 -0.0495273
-2.17944e+09 -0.049571
-2.17876e+09 -0.0496147
-2.17808e+09 -0.0496584
-2.1774e+09 -0.0497022
-2.17673e+09 -0.0497459
-2.17605e+09 -0.0497896
-2.17537e+09 -0.0498333
-2.17469e+09 -0.0498771
-2.17401e+09 -0.0499208
-2.17333e+09 -0.0499645
-2.17265e+09 -0.0500082
-2.17198e+09 -0.050052
-2.1713e+09 -0.0500957
-2.17062e+09 -0.0501394
-2.16994e+09 -0.0501831
-2.16926e+09 -0.0502269
-2.16858e+09 -0.0502706
-2.16791e+09 -0.0503143
-2.16723e+09 -0.050358
-2.16655e+09 -0.0504017
-2.16587e+09 -0.0504455
-2.16519e+09 -0.0504892
-2.16451e+09 -0.0505329
-2.16384e+09 -0.0505766
-2.16316e+09 -0.0506204
-2.16248e+09 -0.0506641
-2.1618e+09 -0.0507078
-2.16112e+09 -0.0507515
-2.16044e+09 -0.0507953
-2.15977e+09 -0.050839
-2.15909e+09 -0.0508827
-2.15841e+09 -0.0509264
-2.15773e+09 -0.0509702
-2.15705e+09 -0.0510139
-2.15637e+09 -0.0510576
-2.1557e+09 -0.0511013
-2.15502e+09 -0.0511451
-2.15434e+09 -0.0511888
-2.15366e+09 -0.0512325
-2.15298e+09 -0.0512762
-2.1523e+09 -0.05132
-2.15163e+09 -0.0513637
-2.15095e+09 -0.0514074
-2.15027e+09 -0.0514511
-2.14959e+09 -0.0514949
-2.14891e+09 -0.0515386
-2.14823e+09 -0.0515823
-2.14756e+09 -0.051626
-2.14688e+09 -0.0516697
-2.1462e+09 -0.0517135
-2.14552e+09 -0.0517572
-2.14484e+09 -0.0518009
-2.14416e+09 -0.0518446
-2.14349e+09 -0.0518884
-2.14281e+09 -0.0519321
-2.14213e+09 -0.0519758
-2.14145e+09 -0.0520195
-2.14077e+09 -0.0520633
-2.14009e+09 -0.052107
-2.13942e+09 -0.0521507
-2.13874e+09 -0.0521944
-2.13806e+09 -0.0522382
-2.13738e+09 -0.0522819
-2.1367e+09 -0.0523256
-2.13602e+09 -0.0523693
-2.13534e+09 -0.0524131
-2.13467e+09 -0.0524568
-2.13399e+09 -0.0525005
-2.13331e+09 -0.0525442
-2.13263e+09 -0.0525879
-2.13195e+09 -0.0526317
-2.13127e+09 -0.0526754
-2.1306e+09 -0.0527191
-2.12992e+09 -0.0527628
-2.12924e+09 -0.0528066
-2.12856e+09 -0.0528503
-2.12788e+09 -0.052894
-2.1272e+09 -0.0529377
-2.12653e+09 -0.0529815
-2.12585e+09 -0.0530252
-2.12517e+09 -0.0530689
-2.12449e+09 -0.0531126
-2.12381e+09 -0.0531563
-2.12313e+09 -0.0532001
-2.12246e+09 -0.0532438
-2.12178e+09 -0.0532875
-2.1211e+09 -0.0533312
-2.12042e+09 -0.053375
-2.11974e+09 -0.0534187
-2.11906e+09 -0.0534624
-2.11839e+09 -0.0535061
-2.11771e+09 -0.0535499
-2.11703e+09 -0.0535936
-2.11635e+09 -0.0536373
-2.11567e+09 -0.053681
-2.11499e+09 -0.0537247
-2.11432e+09 -0.0537685
-2.11364e+09 -0.0538122
-2.11296e+09 -0.0538559
-2.11228e+09 -0.0538996
-2.1116e+09 -0.0539434
-2.11092e+09 -0.0539871
-2.11025e+09 -0.0540308
-2.10957e+09 -0.0540745
-2.10889e+09 -0.0541182
-2.10821e+09 -0.054162
-2.10753e+09 -0.0542057
-2.10685e+09 -0.0542494
-2.10618e+09 -0.0542931
-2.1055e+09 -0.0543369
-2.10482e+09 -0.0543806
-2.10414e+09 -0.0544243
-2.10346e+09 -0.054468
-2.10278e+09 -0.0545118
-2.10211e+09 -0.0545555
-2.10143e+09 -0.0545992
-2.10075e+09 -0.0546429
-2.10007e+09 -0.0546866
-2.09939e+09 -0.0547304
-2.09871e+09 -0.0547741
-2.09804e+09 -0.0548178
-2.09736e+09 -0.0548615
-2.09668e+09 -0.0549053
-2.096e+09 -0.054949
-2.09532e+09 -0.0549927
-2.09464e+09 -0.0550364
-2.09397e+09 -0.0550801
-2.09329e+09 -0.0551239
-2.09261e+09 -0.0551676
-2.09193e+09 -0.0552113
-2.09125e+09 -0.055255
-2.09057e+09 -0.0552988
-2.0899e+09 -0.0553425
-2.08922e+09 -0.0553862
-2.08854e+09 -0.0554299
-2.08786e+09 -0.0554736
-2.08718e+09 -0.0555174
-2.0865e+09 -0.0555611
-2.08583e+09 -0.0556048
-2.08515e+09 -0.0556485
-2.08447e+09 -0.0556922
-2.08379e+09 -0.055736
-2.08311e+09 -0.0557797
-2.08243e+09 -0.0558234
-2.08176e+09 -0.0558671
-2.08108e+09 -0.0559109
-2.0804e+09 -0.0559546
-2.07972e+09 -0.0559983
-2.07904e+09 -0.056042
-2.07836e+09 -0.0560857
-2.07769e+09 -0.0561295
-2.07701e+09 -0.0561732
-2.07633e+09 -0.0562169
-2.07565e+09 -0.0562606
-2.07497e+09 -0.0563043
-2.07429e+09 -0.0563481
-2.07362e+09 -0.0563918
-2.07294e+09 -0.0564355
-2.07226e+09 -0.0564792
-2.07158e+09 -0.056523
-2.0709e+09 -0.0565667
-2.07022e+09 -0.0566104
-2.06955e+09 -0.0566541
-2.06887e+09 -0.0566978
-2.06819e+09 -0.0567416
-2.06751e+09 -0.0567853
-2.06683e+09 -0.056829
-2.06615e+09 -0.0568727
-2.06548e+09 -0.0569164
-2.0648e+09 -0.0569602
-2.06412e+09 -0.0570039
-2.06344e+09 -0.0570476
-2.06276e+09 -0.0570913
-2.06208e+09 -0.0571351
-2.06141e+09 -0.0571788
-2.06073e+09 -0.0572225
-2.06005e+09 -0.0572662
-2.05937e+09 -0.0573099
-2.05869e+09 -0.0573537
-2.05801e+09 -0.0573974
-2.05734e+09 -0.0574411
-2.05666e+09 -0.0574848
-2.05598e+09 -0.0575285
-2.0553e+09 -0.0575723
-2.05462e+09 -0.057616
-2.05395e+09 -0.0576597
-2.05327e+09 -0.0577034
-2.05259e+09 -0.0577471
-2.05191e+09 -0.0577909
-2.05123e+09 -0.0578346
-2.05055e+09 -0.0578783
-2.04988e+09 -0.057922
-2.0492e+09 -0.0579657
-2.04852e+09 -0.0580095
-2.04784e+09 -0.0580532
-2.04716e+09 -0.0580969
-2.04648e+09 -0.0581406
-2.04581e+09 -0.0581844
-2.04513e+09 -0.0582281
-2.04445e+09 -0.0582718
-2.04377e+09 -0.0583155
-2.04309e+09 -0.0583592
-2.04241e+09 -0.058403
-2.04174e+09 -0.0584467
-2.04106e+09 -0.0584904
-2.04038e+09 -0.0585341
-2.0397e+09 -0.0585778
-2.03902e+09 -0.0586216
-2.03834e+09 -0.0586653
-2.03767e+09 -0.058709
-2.03699e+09 -0.0587527
-2.03631e+09 -0.0587964
-2.03563e+09 -0.0588402
-2.03495e+09 -0.0588839
-2.03427e+09 -0.0589276
-2.0336e+09 -0.0589713
-2.03292e+09 -0.059015
-2.03224e+09 -0.0590588
-2.03156e+09 -0.0591025
-2.03088e+09 -0.0591462
-2.0302e+09 -0.0591899
-2.02953e+09 -0.0592336
-2.02885e+09 -0.0592774
-2.02817e+09 -0.0593211
-2.02749e+09 -0.0593648
-2.02681e+09 -0.0594085
-2.02613e+09 -0.0594522
-2.02546e+09 -0.059496
-2.02478e+09 -0.0595397
-2.0241e+09 -0.0595834
-2.02342e+09 -0.0596271
-2.02274e+09 -0.0596708
-2.02206e+09 -0.0597146
-2.02139e+09 -0.0597583
-2.02071e+09 -0.059802
-2.02003e+09 -0.0598457
-2.01935e+09 -0.0598894
-2.01867e+09 -0.0599332
-2.018e+09 -0.0599769
-2.01732e+09 -0.0600206
-2.01664e+09 -0.0600643
-2.01596e+09 -0.060108
-2.01528e+09 -0.0601518
-2.0146e+09 -0.0601955
-2.01393e+09 -0.0602392
-2.01325e+09 -0.0602829
-2.01257e+09 -0.0603266
-2.01189e+09 -0.0603703
-2.01121e+09 -0.0604141
-2.01053e+09 -0.0604578
-2.00986e+09 -0.0605015
-2.00918e+09 -0.0605452
-2.0085e+09 -0.0605889
-2.00782e+09 -0.0606327
-2.00714e+09 -0.0606764
-2.00646e+09 -0.0607201
-2.00579e+09 -0.0607638
-2.00511e+09 -0.0608075
-2.00443e+09 -0.0608513
-2.00375e+09 -0.060895
-2.00307e+09 -0.0609387
-2.00239e+09 -0.0609824
-2.00172e+09 -0.0610261
-2.00104e+09 -0.0610699
-2.00036e+09 -0.0611136
-1.99968e+09 -0.0611573
-1.999e+09 -0.061201
-1.99832e+09 -0.0612447
-1.99765e+09 -0.0612885
-1.99697e+09 -0.0613322
-1.99629e+09 -0.0613759
-1.99561e+09 -0.0614196
-1.99493e+09 -0.0614633
-1.99426e+09 -0.061507
-1.99358e+09 -0.0615508
-1.9929e+09 -0.0615945
-1.99222e+09 -0.0616382
-1.99154e+09 -0.0616819
-1.99086e+09 -0.0617256
-1.99019e+09 -0.0617694
-1.98951e+09 -0.0618131
-1.98883e+09 -0.0618568
-1.98815e+09 -0.0619005
-1.98747e+09 -0.0619442
-1.98679e+09 -0.061988
-1.98612e+09 -0.0620317
-1.98544e+09 -0.0620754
-1.98476e+09 -0.0621191
-1.98408e+09 -0.0621628
-1.9834e+09 -0.0622065
-1.98272e+09 -0.0622503
-1.98205e+09 -0.062294
-1.98137e+09 -0.0623377
-1.98069e+09 -0.0623814
-1.98001e+09 -0.0624251
-1.97933e+09 -0.0624689
-1.97865e+09 -0.0625126
-1.97798e+09 -0.0625563
-1.9773e+09 -0.0626
-1.97662e+09 -0.0626437
-1.97594e+09 -0.0626874
-1.97526e+09 -0.0627312
-1.97459e+09 -0.0627749
-1.97391e+09 -0.0628186
-1.97323e+09 -0.0628623
-1.97255e+09 -0.062906
-1.97187e+09 -0.0629498
-1.97119e+09 -0.0629935
-1.97052e+09 -0.0630372
-1.96984e+09 -0.0630809
-1.96916e+09 -0.0631246
-1.96848e+09 -0.0631683
-1.9678e+09 -0.0632121
-1.96712e+09 -0.0632558
-1.96645e+09 -0.0632995
-1.96577e+09 -0.0633432
-1.96509e+09 -0.0633869
-1.96441e+09 -0.0634307
-1.96373e+09 -0.0634744
-1.96305e+09 -0.0635181
-1.96238e+09 -0.0635618
-1.9617e+09 -0.0636055
-1.96102e+09 -0.0636492
-1.96034e+09 -0.063693
-1.95966e+09 -0.0637367
-1.95898e+09 -0.0637804
-1.95831e+09 -0.0638241
-1.95763e+09 -0.0638678
-1.95695e+09 -0.0639115
-1.95627e+09 -0.0639553
-1.95559e+09 -0.063999
-1.95492e+09 -0.0640427
-1.95424e+09 -0.0640864
-1.95356e+09 -0.0641301
-1.95288e+09 -0.0641739
-1.9522e+09 -0.0642176
-1.95152e+09 -0.0642613
-1.95085e+09 -0.064305
-1.95017e+09 -0.0643487
-1.94949e+09 -0.0643924
-1.94881e+09 -0.0644362
-1.94813e+09 -0.0644799
-1.94745e+09 -0.0645236
-1.94678e+09 -0.0645673
-1.9461e+09 -0.064611
-1.94542e+09 -0.0646547
-1.94474e+09 -0.0646985
-1.94406e+09 -0.0647422
-1.94339e+09 -0.0647859
-1.94271e+09 -0.0648296
-1.94203e+09 -0.0648733
-1.94135e+09 -0.064917
-1.94067e+09 -0.0649608
-1.93999e+09 -0.0650045
-1.93932e+09 -0.0650482
-1.93864e+09 -0.0650919
-1.93796e+09 -0.0651356
-1.93728e+09 -0.0651793
-1.9366e+09 -0.0652231
-1.93592e+09 -0.0652668
-1.93525e+09 -0.0653105
-1.93457e+09 -0.0653542
-1.93389e+09 -0.0653979
-1.93321e+09 -0.0654416
-1.93253e+09 -0.0654854
-1.93185e+09 -0.0655291
-1.93118e+09 -0.0655728
-1.9305e+09 -0.0656165
-1.92982e+09 -0.0656602
-1.92914e+09 -0.0657039
-1.92846e+09 -0.0657477
-1.92779e+09 -0.0657914
-1.92711e+09 -0.0658351
-1.92643e+09 -0.0658788
-1.92575e+09 -0.0659225
-1.92507e+09 -0.0659662
-1.92439e+09 -0.06601
-1.92372e+09 -0.0660537
-1.92304e+09 -0.0660974
-1.92236e+09 -0.0661411
-1.92168e+09 -0.0661848
-1.921e+09 -0.0662285
-1.92032e+09 -0.0662723
-1.91965e+09 -0.066316
-1.91897e+09 -0.0663597
-1.91829e+09 -0.0664034
-1.91761e+09 -0.0664471
-1.91693e+09 -0.0664908
-1.91626e+09 -0.0665346
-1.91558e+09 -0.0665783
-1.9149e+09 -0.066622
-1.91422e+09 -0.0666657
-1.91354e+09 -0.0667094
-1.91286e+09 -0.0667531
-1.91219e+09 -0.0667969
-1.91151e+09 -0.0668406
-1.91083e+09 -0.0668843
-1.91015e+09 -0.066928
-1.90947e+09 -0.0669717
-1.90879e+09 -0.0670154
-1.90812e+09 -0.0670592
-1.90744e+09 -0.0671029
-1.90676e+09 -0.0671466
-1.90608e+09 -0.0671903
-1.9054e+09 -0.067234
-1.90473e+09 -0.0672777
-1.90405e+09 -0.0673215
-1.90337e+09 -0.0673652
-1.90269e+09 -0.0674089
-1.90201e+09 -0.0674526
-1.90133e+09 -0.0674963
-1.90066e+09 -0.06754
-1.89998e+09 -0.0675837
-1.8993e+09 -0.0676275
-1.89862e+09 -0.0676712
-1.89794e+09 -0.0677149
-1.89726e+09 -0.0677586
-1.89659e+09 -0.0678023
-1.89591e+09 -0.067846
-1.89523e+09 -0.0678898
-1.89455e+09 -0.0679335
-1.89387e+09 -0.0679772
-1.8932e+09 -0.0680209
-1.89252e+09 -0.0680646
-1.89184e+09 -0.0681083
-1.89116e+09 -0.068152
-1.89048e+09 -0.0681958
-1.8898e+09 -0.0682395
-1.88913e+09 -0.0682832
-1.88845e+09 -0.0683269
-1.88777e+09 -0.0683706
-1.88709e+09 -0.0684143
-1.88641e+09 -0.0684581
-1.88573e+09 -0.0685018
-1.88506e+09 -0.0685455
-1.88438e+09 -0.0685892
-1.8837e+09 -0.0686329
-1.88302e+09 -0.0686766
-1.88234e+09 -0.0687203
-1.88167e+09 -0.0687641
-1.88099e+09 -0.0688078
-1.88031e+09 -0.0688515
-1.87963e+09 -0.0688952
-1.87895e+09 -0.0689389
-1.87827e+09 -0.0689826
-1.8776e+09 -0.0690264
-1.87692e+09 -0.0690701
-1.87624e+09 -0.0691138
-1.87556e+09 -0.0691575
-1.87488e+09 -0.0692012
-1.8742e+09 -0.0692449
-1.87353e+09 -0.0692886
-1.87285e+09 -0.0693324
-1.87217e+09 -0.0693761
-1.87149e+09 -0.0694198
-1.87081e+09 -0.0694635
-1.87014e+09 -0.0695072
-1.86946e+09 -0.0695509
-1.86878e+09 -0.0695946
-1.8681e+09 -0.0696384
-1.86742e+09 -0.0696821
-1.86674e+09 -0.0697258
-1.86607e+09 -0.0697695
-1.86539e+09 -0.0698132
-1.86471e+09 -0.0698569
-1.86403e+09 -0.0699006
-1.86335e+09 -0.0699444
-1.86268e+09 -0.0699881
-1.862e+09 -0.0700318
-1.86132e+09 -0.0700755
-1.86064e+09 -0.0701192
-1.85996e+09 -0.0701629
-1.85928e+09 -0.0702066
-1.85861e+09 -0.0702504
-1.85793e+09 -0.0702941
-1.85725e+09 -0.0703378
-1.85657e+09 -0.0703815
-1.85589e+09 -0.0704252
-1.85521e+09 -0.0704689
-1.85454e+09 -0.0705126
-1.85386e+09 -0.0705564
-1.85318e+09 -0.0706001
-1.8525e+09 -0.0706438
-1.85182e+09 -0.0706875
-1.85115e+09 -0.0707312
-1.85047e+09 -0.0707749
-1.84979e+09 -0.0708186
-1.84911e+09 -0.0708624
-1.84843e+09 -0.0709061
-1.84775e+09 -0.0709498
-1.84708e+09 -0.0709935
-1.8464e+09 -0.0710372
-1.84572e+09 -0.0710809
-1.84504e+09 -0.0711246
-1.84436e+09 -0.0711684
-1.84369e+09 -0.0712121
-1.84301e+09 -0.0712558
-1.84233e+09 -0.0712995
-1.84165e+09 -0.0713432
-1.84097e+09 -0.0713869
-1.84029e+09 -0.0714306
-1.83962e+09 -0.0714744
-1.83894e+09 -0.0715181
-1.83826e+09 -0.0715618
-1.83758e+09 -0.0716055
-1.8369e+09 -0.0716492
-1.83623e+09 -0.0716929
-1.83555e+09 -0.0717366
-1.83487e+09 -0.0717804
-1.83419e+09 -0.0718241
-1.83351e+09 -0.0718678
-1.83283e+09 -0.0719115
-1.83216e+09 -0.0719552
-1.83148e+09 -0.0719989
-1.8308e+09 -0.0720426
-1.83012e+09 -0.0720863
-1.82944e+09 -0.0721301
-1.82876e+09 -0.0721738
-1.82809e+09 -0.0722175
-1.82741e+09 -0.0722612
-1.82673e+09 -0.0723049
-1.82605e+09 -0.0723486
-1.82537e+09 -0.0723923
-1.8247e+09 -0.0724361
-1.82402e+09 -0.0724798
-1.82334e+09 -0.0725235
-1.82266e+09 -0.0725672
-1.82198e+09 -0.0726109
-1.8213e+09 -0.0726546
-1.82063e+09 -0.0726983
-1.81995e+09 -0.072742
-1.81927e+09 -0.0727858
-1.81859e+09 -0.0728295
-1.81791e+09 -0.0728732
-1.81724e+09 -0.0729169
-1.81656e+09 -0.0729606
-1.81588e+09 -0.0730043
-1.8152e+09 -0.073048
-1.81452e+09 -0.0730917
-1.81384e+09 -0.0731355
-1.81317e+09 -0.0731792
-1.81249e+09 -0.0732229
-1.81181e+09 -0.0732666
-1.81113e+09 -0.0733103
-1.81045e+09 -0.073354
-1.80978e+09 -0.0733977
-1.8091e+09 -0.0734415
-1.80842e+09 -0.0734852
-1.80774e+09 -0.0735289
-1.80706e+09 -0.0735726
-1.80638e+09 -0.0736163
-1.80571e+09 -0.07366
-1.80503e+09 -0.0737037
-1.80435e+09 -0.0737474
-1.80367e+09 -0.0737912
-1.80299e+09 -0.0738349
-1.80232e+09 -0.0738786
-1.80164e+09 -0.0739223
-1.80096e+09 -0.073966
-1.80028e+09 -0.0740097
-1.7996e+09 -0.0740534
-1.79892e+09 -0.0740971
-1.79825e+09 -0.0741409
-1.79757e+09 -0.0741846
-1.79689e+09 -0.0742283
-1.79621e+09 -0.074272
-1.79553e+09 -0.0743157
-1.79486e+09 -0.0743594
-1.79418e+09 -0.0744031
-1.7935e+09 -0.0744468
-1.79282e+09 -0.0744905
-1.79214e+09 -0.0745343
-1.79146e+09 -0.074578
-1.79079e+09 -0.0746217
-1.79011e+09 -0.0746654
-1.78943e+09 -0.0747091
-1.78875e+09 -0.0747528
-1.78807e+09 -0.0747965
-1.7874e+09 -0.0748402
-1.78672e+09 -0.074884
-1.78604e+09 -0.0749277
-1.78536e+09 -0.0749714
-1.78468e+09 -0.0750151
-1.784e+09 -0.0750588
-1.78333e+09 -0.0751025
-1.78265e+09 -0.0751462
-1.78197e+09 -0.0751899
-1.78129e+09 -0.0752337
-1.78061e+09 -0.0752774
-1.77994e+09 -0.0753211
-1.77926e+09 -0.0753648
-1.77858e+09 -0.0754085
-1.7779e+09 -0.0754522
-1.77722e+09 -0.0754959
-1.77654e+09 -0.0755396
-1.77587e+09 -0.0755833
-1.77519e+09 -0.0756271
-1.77451e+09 -0.0756708
-1.77383e+09 -0.0757145
-1.77315e+09 -0.0757582
-1.77248e+09 -0.0758019
-1.7718e+09 -0.0758456
-1.77112e+09 -0.0758893
-1.77044e+09 -0.075933
-1.76976e+09 -0.0759768
-1.76909e+09 -0.0760205
-1.76841e+09 -0.0760642
-1.76773e+09 -0.0761079
-1.76705e+09 -0.0761516
-1.76637e+09 -0.0761953
-1.76569e+09 -0.076239
-1.76502e+09 -0.0762827
-1.76434e+09 -0.0763264
-1.76366e+09 -0.0763702
-1.76298e+09 -0.0764139
-1.7623e+09 -0.0764576
-1.76163e+09 -0.0765013
-1.76095e+09 -0.076545
-1.76027e+09 -0.0765887
-1.75959e+09 -0.0766324
-1.75891e+09 -0.0766761
-1.75823e+09 -0.0767198
-1.75756e+09 -0.0767636
-1.75688e+09 -0.0768073
-1.7562e+09 -0.076851
-1.75552e+09 -0.0768947
-1.75484e+09 -0.0769384
-1.75417e+09 -0.0769821
-1.75349e+09 -0.0770258
-1.75281e+09 -0.0770695
-1.75213e+09 -0.0771132
-1.75145e+09 -0.077157
-1.75077e+09 -0.0772007
-1.7501e+09 -0.0772444
-1.74942e+09 -0.0772881
-1.74874e+09 -0.0773318
-1.74806e+09 -0.0773755
-1.74738e+09 -0.0774192
-1.74671e+09 -0.0774629
-1.74603e+09 -0.0775066
-1.74535e+09 -0.0775503
-1.74467e+09 -0.0775941
-1.74399e+09 -0.0776378
-1.74331e+09 -0.0776815
-1.74264e+09 -0.0777252
-1.74196e+09 -0.0777689
-1.74128e+09 -0.0778126
-1.7406e+09 -0.0778563
-1.73992e+09 -0.0779
-1.73925e+09 -0.0779437
-1.73857e+09 -0.0779875
-1.73789e+09 -0.0780312
-1.73721e+09 -0.0780749
-1.73653e+09 -0.0781186
-1.73586e+09 -0.0781623
-1.73518e+09 -0.078206
-1.7345e+09 -0.0782497
-1.73382e+09 -0.0782934
-1.73314e+09 -0.0783371
-1.73246e+09 -0.0783808
-1.73179e+09 -0.0784246
-1.73111e+09 -0.0784683
-1.73043e+09 -0.078512
-1.72975e+09 -0.0785557
-1.72907e+09 -0.0785994
-1.7284e+09 -0.0786431
-1.72772e+09 -0.0786868
-1.72704e+09 -0.0787305
-1.72636e+09 -0.0787742
-1.72568e+09 -0.0788179
-1.72501e+09 -0.0788617
-1.72433e+09 -0.0789054
-1.72365e+09 -0.0789491
-1.72297e+09 -0.0789928
-1.72229e+09 -0.0790365
-1.72161e+09 -0.0790802
-1.72094e+09 -0.0791239
-1.72026e+09 -0.0791676
-1.71958e+09 -0.0792113
-1.7189e+09 -0.079255
-1.71822e+09 -0.0792988
-1.71755e+09 -0.0793425
-1.71687e+09 -0.0793862
-1.71619e+09 -0.0794299
-1.71551e+09 -0.0794736
-1.71483e+09 -0.0795173
-1.71415e+09 -0.079561
-1.71348e+09 -0.0796047
-1.7128e+09 -0.0796484
-1.71212e+09 -0.0796921
-1.71144e+09 -0.0797359
-1.71076e+09 -0.0797796
-1.71009e+09 -0.0798233
-1.70941e+09 -0.079867
-1.70873e+09 -0.0799107
-1.70805e+09 -0.0799544
-1.70737e+09 -0.0799981
-1.7067e+09 -0.0800418
-1.70602e+09 -0.0800855
-1.70534e+09 -0.0801292
-1.70466e+09 -0.0801729
-1.70398e+09 -0.0802167
-1.7033e+09 -0.0802604
-1.70263e+09 -0.0803041
-1.70195e+09 -0.0803478
-1.70127e+09 -0.0803915
-1.70059e+09 -0.0804352
-1.69991e+09 -0.0804789
-1.69924e+09 -0.0805226
-1.69856e+09 -0.0805663
-1.69788e+09 -0.08061
-1.6972e+09 -0.0806537
-1.69652e+09 -0.0806975
-1.69585e+09 -0.0807412
-1.69517e+09 -0.0807849
-1.69449e+09 -0.0808286
-1.69381e+09 -0.0808723
-1.69313e+09 -0.080916
-1.69245e+09 -0.0809597
-1.69178e+09 -0.0810034
-1.6911e+09 -0.0810471
-1.69042e+09 -0.0810908
-1.68974e+09 -0.0811345
-1.68906e+09 -0.0811783
-1.68839e+09 -0.081222
-1.68771e+09 -0.0812657
-1.68703e+09 -0.0813094
-1.68635e+09 -0.0813531
-1.68567e+09 -0.0813968
-1.685e+09 -0.0814405
-1.68432e+09 -0.0814842
-1.68364e+09 -0.0815279
-1.68296e+09 -0.0815716
-1.68228e+09 -0.0816153
-1.6816e+09 -0.081659
-1.68093e+09 -0.0817028
-1.68025e+09 -0.0817465
-1.67957e+09 -0.0817902
-1.67889e+09 -0.0818339
-1.67821e+09 -0.0818776
-1.67754e+09 -0.0819213
-1.67686e+09 -0.081965
-1.67618e+09 -0.0820087
-1.6755e+09 -0.0820524
-1.67482e+09 -0.0820961
-1.67415e+09 -0.0821398
-1.67347e+09 -0.0821835
-1.67279e+09 -0.0822273
-1.67211e+09 -0.082271
-1.67143e+09 -0.0823147
-1.67075e+09 -0.0823584
-1.67008e+09 -0.0824021
-1.6694e+09 -0.0824458
-1.66872e+09 -0.0824895
-1.66804e+09 -0.0825332
-1.66736e+09 -0.0825769
-1.66669e+09 -0.0826206
-1.66601e+09 -0.0826643
-1.66533e+09 -0.082708
-1.66465e+09 -0.0827518
-1.66397e+09 -0.0827955
-1.6633e+09 -0.0828392
-1.66262e+09 -0.0828829
-1.66194e+09 -0.0829266
-1.66126e+09 -0.0829703
-1.66058e+09 -0.083014
-1.6599e+09 -0.0830577
-1.65923e+09 -0.0831014
-1.65855e+09 -0.0831451
-1.65787e+09 -0.0831888
-1.65719e+09 -0.0832325
-1.65651e+09 -0.0832762
-1.65584e+09 -0.08332
-1.65516e+09 -0.0833637
-1.65448e+09 -0.0834074
-1.6538e+09 -0.0834511
-1.65312e+09 -0.0834948
-1.65245e+09 -0.0835385
-1.65177e+09 -0.0835822
-1.65109e+09 -0.0836259
-1.65041e+09 -0.0836696
-1.64973e+09 -0.0837133
-1.64906e+09 -0.083757
-1.64838e+09 -0.0838007
-1.6477e+09 -0.0838444
-1.64702e+09 -0.0838882
-1.64634e+09 -0.0839319
-1.64566e+09 -0.0839756
-1.64499e+09 -0.0840193
-1.64431e+09 -0.084063
-1.64363e+09 -0.0841067
-1.64295e+09 -0.0841504
-1.64227e+09 -0.0841941
-1.6416e+09 -0.0842378
-1.64092e+09 -0.0842815
-1.64024e+09 -0.0843252
-1.63956e+09 -0.0843689
-1.63888e+09 -0.0844126
-1.63821e+09 -0.0844563
-1.63753e+09 -0.0845001
