1.8513 3.46329e-13
4.24623 7.94356e-13
7.27188 1.36038e-12
11.0397 2.06523e-12
15.6953 2.93618e-12
21.4185 4.00683e-12
28.4626 5.32459e-12
37.1689 6.95331e-12
47.9916 8.97795e-12
61.6173 1.1527e-11
-2.42261e+06 -4.53206e-07
-4.8453e+06 -9.06427e-07
-7.26798e+06 -1.35965e-06
-9.69068e+06 -1.81287e-06
-1.21134e+07 -2.26609e-06
-1.45361e+07 -2.71931e-06
-1.69588e+07 -3.17254e-06
-1.93815e+07 -3.62576e-06
-2.18041e+07 -4.07898e-06
-2.42269e+07 -4.53221e-06
-2.66496e+07 -4.98543e-06
-2.90723e+07 -5.43866e-06
-3.1495e+07 -5.89189e-06
-3.39178e+07 -6.34512e-06
-3.63405e+07 -6.79834e-06
-3.87632e+07 -7.25157e-06
-4.1186e+07 -7.7048e-06
-4.36087e+07 -8.15803e-06
-4.60315e+07 -8.61127e-06
-4.84542e+07 -9.0645e-06
-5.0877e+07 -9.51773e-06
-5.32997e+07 -9.97096e-06
-5.57225e+07 -1.04242e-05
-5.81452e+07 -1.08774e-05
-6.0568e+07 -1.13307e-05
-6.29908e+07 -1.17839e-05
-6.54135e+07 -1.22371e-05
-6.78364e+07 -1.26904e-05
-7.02591e+07 -1.31436e-05
-7.26819e+07 -1.35969e-05
-7.51047e+07 -1.40501e-05
-7.75275e+07 -1.45033e-05
-7.99503e+07 -1.49566e-05
-8.23731e+07 -1.54098e-05
-8.47959e+07 -1.58631e-05
-8.72187e+07 -1.63163e-05
-8.96415e+07 -1.67696e-05
-9.20644e+07 -1.72228e-05
-9.44872e+07 -1.7676e-05
-9.691e+07 -1.81293e-05
-9.93328e+07 -1.85825e-05
-1.01756e+08 -1.90358e-05
-1.04179e+08 -1.9489e-05
-1.06601e+08 -1.99423e-05
-1.09024e+08 -2.03955e-05
-1.11447e+08 -2.08488e-05
-1.1387e+08 -2.1302e-05
-1.16293e+08 -2.17553e-05
-1.18716e+08 -2.22085e-05
-1.21138e+08 -2.26618e-05
-1.23561e+08 -2.3115e-05
-1.25984e+08 -2.35683e-05
-1.28407e+08 -2.40216e-05
-1.3083e+08 -2.44748e-05
-1.33253e+08 -2.49281e-05
-1.35676e+08 -2.53813e-05
-1.38099e+08 -2.58346e-05
-1.40522e+08 -2.62878e-05
-1.42944e+08 -2.67411e-05
-1.45367e+08 -2.71944e-05
-1.4779e+08 -2.76476e-05
-1.50213e+08 -2.81009e-05
-1.52636e+08 -2.85542e-05
-1.55059e+08 -2.90074e-05
-1.57482e+08 -2.94607e-05
-1.59905e+08 -2.99139e-05
-1.62328e+08 -3.03672e-05
-1.64751e+08 -3.08205e-05
-1.67174e+08 -3.12737e-05
-1.69597e+08 -3.1727e-05
-1.72019e+08 -3.21803e-05
-1.74442e+08 -3.26336e-05
-1.76865e+08 -3.30868e-05
-1.79288e+08 -3.35401e-05
-1.81711e+08 -3.39934e-05
-1.84134e+08 -3.44466e-05
-1.86557e+08 -3.48999e-05
-1.8898e+08 -3.53532e-05
-1.91403e+08 -3.58065e-05
-1.93826e+08 -3.62597e-05
-1.96249e+08 -3.6713e-05
-1.98672e+08 -3.71663e-05
-2.01095e+08 -3.76196e-05
-2.03518e+08 -3.80728e-05
-2.05941e+08 -3.85261e-05
-2.08364e+08 -3.89794e-05
-2.10787e+08 -3.94327e-05
-2.1321e+08 -3.9886e-05
-2.15633e+08 -4.03392e-05
-2.18056e+08 -4.07925e-05
-2.20479e+08 -4.12458e-05
-2.22902e+08 -4.16991e-05
-2.25325e+08 -4.21524e-05
-2.27748e+08 -4.26057e-05
-2.30171e+08 -4.30589e-05
-2.32594e+08 -4.35122e-05
-2.35017e+08 -4.39655e-05
-2.3744e+08 -4.44188e-05
-2.39863e+08 -4.48721e-05
-2.42287e+08 -4.53254e-05
-2.4471e+08 -4.57787e-05
-2.47133e+08 -4.6232e-05
-2.49556e+08 -4.66852e-05
-2.51979e+08 -4.71385e-05
-2.54402e+08 -4.75918e-05
-2.56825e+08 -4.80451e-05
-2.59248e+08 -4.84984e-05
-2.61671e+08 -4.89517e-05
-2.64094e+08 -4.9405e-05
-2.66517e+08 -4.98583e-05
-2.6894e+08 -5.03116e-05
-2.71363e+08 -5.07649e-05
-2.73787e+08 -5.12182e-05
-2.7621e+08 -5.16715e-05
-2.78633e+08 -5.21248e-05
-2.81056e+08 -5.25781e-05
-2.83479e+08 -5.30314e-05
-2.85902e+08 -5.34847e-05
-2.88325e+08 -5.3938e-05
-2.90748e+08 -5.43913e-05
-2.93172e+08 -5.48446e-05
-2.95595e+08 -5.52979e-05
-2.98018e+08 -5.57512e-05
-3.00441e+08 -5.62045e-05
-3.02864e+08 -5.66578e-05
-3.05287e+08 -5.71111e-05
-3.0771e+08 -5.75645e-05
-3.10134e+08 -5.80178e-05
-3.12557e+08 -5.84711e-05
-3.1498e+08 -5.89244e-05
-3.17403e+08 -5.93777e-05
-3.19826e+08 -5.9831e-05
-3.22249e+08 -6.02843e-05
-3.24673e+08 -6.07376e-05
-3.27096e+08 -6.11909e-05
-3.29519e+08 -6.16443e-05
-3.31942e+08 -6.20976e-05
-3.34365e+08 -6.25509e-05
-3.36789e+08 -6.30042e-05
-3.39212e+08 -6.34575e-05
-3.41635e+08 -6.39108e-05
-3.44058e+08 -6.43642e-05
-3.46481e+08 -6.48175e-05
-3.48905e+08 -6.52708e-05
-3.51328e+08 -6.57241e-05
-3.53751e+08 -6.61774e-05
-3.56174e+08 -6.66308e-05
-3.58598e+08 -6.70841e-05
-3.61021e+08 -6.75374e-05
-3.63444e+08 -6.79907e-05
-3.65867e+08 -6.84441e-05
-3.68291e+08 -6.88974e-05
-3.70714e+08 -6.93507e-05
-3.73137e+08 -6.9804e-05
-3.7556e+08 -7.02574e-05
-3.77984e+08 -7.07107e-05
-3.80407e+08 -7.1164e-05
-3.8283e+08 -7.16174e-05
-3.85253e+08 -7.20707e-05
-3.87677e+08 -7.2524e-05
-3.901e+08 -7.29774e-05
-3.92523e+08 -7.34307e-05
-3.94947e+08 -7.3884e-05
-3.9737e+08 -7.43374e-05
-3.99793e+08 -7.47907e-05
-4.02216e+08 -7.5244e-05
-4.0464e+08 -7.56974e-05
-4.07063e+08 -7.61507e-05
-4.09486e+08 -7.6604e-05
-4.1191e+08 -7.70574e-05
-4.14333e+08 -7.75107e-05
-4.16756e+08 -7.79641e-05
-4.1918e+08 -7.84174e-05
-4.21603e+08 -7.88707e-05
-4.24026e+08 -7.93241e-05
-4.2645e+08 -7.97774e-05
-4.28873e+08 -8.02308e-05
-4.31296e+08 -8.06841e-05
-4.3372e+08 -8.11375e-05
-4.36143e+08 -8.15908e-05
-4.38566e+08 -8.20442e-05
-4.4099e+08 -8.24975e-05
-4.43413e+08 -8.29508e-05
-4.45837e+08 -8.34042e-05
-4.4826e+08 -8.38575e-05
-4.50683e+08 -8.43109e-05
-4.53107e+08 -8.47642e-05
-4.5553e+08 -8.52176e-05
-4.57953e+08 -8.56709e-05
-4.60377e+08 -8.61243e-05
-4.628e+08 -8.65777e-05
-4.65224e+08 -8.7031e-05
-4.67647e+08 -8.74844e-05
-4.70071e+08 -8.79377e-05
-4.72494e+08 -8.83911e-05
-4.74917e+08 -8.88444e-05
-4.77341e+08 -8.92978e-05
-4.79764e+08 -8.97512e-05
-4.82188e+08 -9.02045e-05
-4.84611e+08 -9.06579e-05
-4.87034e+08 -9.11112e-05
-4.89458e+08 -9.15646e-05
-4.91881e+08 -9.2018e-05
-4.94305e+08 -9.24713e-05
-4.96728e+08 -9.29247e-05
-4.99152e+08 -9.3378e-05
-5.01575e+08 -9.38314e-05
-5.03999e+08 -9.42848e-05
-5.06422e+08 -9.47381e-05
-5.08846e+08 -9.51915e-05
-5.11269e+08 -9.56449e-05
-5.13693e+08 -9.60982e-05
-5.16116e+08 -9.65516e-05
-5.1854e+08 -9.7005e-05
-5.20963e+08 -9.74584e-05
-5.23387e+08 -9.79117e-05
-5.2581e+08 -9.83651e-05
-5.28234e+08 -9.88185e-05
-5.30657e+08 -9.92718e-05
-5.33081e+08 -9.97252e-05
-5.35504e+08 -0.000100179
-5.37928e+08 -0.000100632
-5.40351e+08 -0.000101085
-5.42775e+08 -0.000101539
-5.45198e+08 -0.000101992
-5.47622e+08 -0.000102445
-5.50045e+08 -0.000102899
-5.52469e+08 -0.000103352
-5.54892e+08 -0.000103806
-5.57316e+08 -0.000104259
-5.59739e+08 -0.000104712
-5.62163e+08 -0.000105166
-5.64586e+08 -0.000105619
-5.6701e+08 -0.000106073
-5.69434e+08 -0.000106526
-5.71857e+08 -0.000106979
-5.74281e+08 -0.000107433
-5.76704e+08 -0.000107886
-5.79128e+08 -0.000108339
-5.81552e+08 -0.000108793
-5.83975e+08 -0.000109246
-5.86399e+08 -0.0001097
-5.88822e+08 -0.000110153
-5.91246e+08 -0.000110606
-5.9367e+08 -0.00011106
-5.96093e+08 -0.000111513
-5.98517e+08 -0.000111967
-6.0094e+08 -0.00011242
-6.03364e+08 -0.000112873
-6.05788e+08 -0.000113327
-6.08211e+08 -0.00011378
-6.10635e+08 -0.000114234
-6.13058e+08 -0.000114687
-6.15482e+08 -0.00011514
-6.17906e+08 -0.000115594
-6.20329e+08 -0.000116047
-6.22753e+08 -0.000116501
-6.25177e+08 -0.000116954
-6.276e+08 -0.000117407
-6.30024e+08 -0.000117861
-6.32448e+08 -0.000118314
-6.34871e+08 -0.000118768
-6.37295e+08 -0.000119221
-6.39719e+08 -0.000119674
-6.42142e+08 -0.000120128
-6.44566e+08 -0.000120581
-6.4699e+08 -0.000121035
-6.49413e+08 -0.000121488
-6.51837e+08 -0.000121941
-6.54261e+08 -0.000122395
-6.56685e+08 -0.000122848
-6.59108e+08 -0.000123302
-6.61532e+08 -0.000123755
-6.63956e+08 -0.000124208
-6.66379e+08 -0.000124662
-6.68803e+08 -0.000125115
-6.71227e+08 -0.000125569
-6.73651e+08 -0.000126022
-6.76074e+08 -0.000126476
-6.78498e+08 -0.000126929
-6.80922e+08 -0.000127382
-6.83346e+08 -0.000127836
-6.85769e+08 -0.000128289
-6.88193e+08 -0.000128743
-6.90617e+08 -0.000129196
-6.93041e+08 -0.00012965
-6.95464e+08 -0.000130103
-6.97888e+08 -0.000130556
-7.00312e+08 -0.00013101
-7.02736e+08 -0.000131463
-7.05159e+08 -0.000131917
-7.07583e+08 -0.00013237
-7.10007e+08 -0.000132823
-7.12431e+08 -0.000133277
-7.14855e+08 -0.00013373
-7.17278e+08 -0.000134184
-7.19702e+08 -0.000134637
-7.22126e+08 -0.000135091
-7.2455e+08 -0.000135544
-7.26974e+08 -0.000135997
-7.29397e+08 -0.000136451
-7.31821e+08 -0.000136904
-7.34245e+08 -0.000137358
-7.36669e+08 -0.000137811
-7.39093e+08 -0.000138265
-7.41517e+08 -0.000138718
-7.4394e+08 -0.000139172
-7.46364e+08 -0.000139625
-7.48788e+08 -0.000140078
-7.51212e+08 -0.000140532
-7.53636e+08 -0.000140985
-7.5606e+08 -0.000141439
-7.58484e+08 -0.000141892
-7.60907e+08 -0.000142346
-7.63331e+08 -0.000142799
-7.65755e+08 -0.000143252
-7.68179e+08 -0.000143706
-7.70603e+08 -0.000144159
-7.73027e+08 -0.000144613
-7.75451e+08 -0.000145066
-7.77875e+08 -0.00014552
-7.80298e+08 -0.000145973
-7.82722e+08 -0.000146427
-7.85146e+08 -0.00014688
-7.8757e+08 -0.000147333
-7.89994e+08 -0.000147787
-7.92418e+08 -0.00014824
-7.94842e+08 -0.000148694
-7.97266e+08 -0.000149147
-7.9969e+08 -0.000149601
-8.02114e+08 -0.000150054
-8.04538e+08 -0.000150508
-8.06962e+08 -0.000150961
-8.09386e+08 -0.000151415
-8.11809e+08 -0.000151868
-8.14233e+08 -0.000152321
-8.16657e+08 -0.000152775
-8.19081e+08 -0.000153228
-8.21505e+08 -0.000153682
-8.23929e+08 -0.000154135
-8.26353e+08 -0.000154589
-8.28777e+08 -0.000155042
-8.31201e+08 -0.000155496
-8.33625e+08 -0.000155949
-8.36049e+08 -0.000156403
-8.38473e+08 -0.000156856
-8.40897e+08 -0.00015731
-8.43321e+08 -0.000157763
-8.45745e+08 -0.000158216
-8.48169e+08 -0.00015867
-8.50593e+08 -0.000159123
-8.53017e+08 -0.000159577
-8.55441e+08 -0.00016003
-8.57865e+08 -0.000160484
-8.60289e+08 -0.000160937
-8.62713e+08 -0.000161391
-8.65137e+08 -0.000161844
-8.67561e+08 -0.000162298
-8.69985e+08 -0.000162751
-8.72409e+08 -0.000163205
-8.74833e+08 -0.000163658
-8.77257e+08 -0.000164112
-8.79682e+08 -0.000164565
-8.82106e+08 -0.000165019
-8.8453e+08 -0.000165472
-8.86954e+08 -0.000165926
-8.89378e+08 -0.000166379
-8.91802e+08 -0.000166832
-8.94226e+08 -0.000167286
-8.9665e+08 -0.000167739
-8.99074e+08 -0.000168193
-9.01498e+08 -0.000168646
-9.03922e+08 -0.0001691
-9.06346e+08 -0.000169553
-9.0877e+08 -0.000170007
-9.11195e+08 -0.00017046
-9.13619e+08 -0.000170914
-9.16043e+08 -0.000171367
-9.18467e+08 -0.000171821
-9.20891e+08 -0.000172274
-9.23315e+08 -0.000172728
-9.25739e+08 -0.000173181
-9.28163e+08 -0.000173635
-9.30588e+08 -0.000174088
-9.33012e+08 -0.000174542
-9.35436e+08 -0.000174995
-9.3786e+08 -0.000175449
-9.40284e+08 -0.000175902
-9.42708e+08 -0.000176356
-9.45132e+08 -0.000176809
-9.47557e+08 -0.000177263
-9.49981e+08 -0.000177716
-9.52405e+08 -0.00017817
-9.54829e+08 -0.000178623
-9.57253e+08 -0.000179077
-9.59677e+08 -0.00017953
-9.62102e+08 -0.000179984
-9.64526e+08 -0.000180437
-9.6695e+08 -0.000180891
-9.69374e+08 -0.000181344
-9.71798e+08 -0.000181798
-9.74223e+08 -0.000182251
-9.76647e+08 -0.000182705
-9.79071e+08 -0.000183158
-9.81495e+08 -0.000183612
-9.83919e+08 -0.000184065
-9.86344e+08 -0.000184519
-9.88768e+08 -0.000184972
-9.91192e+08 -0.000185426
-9.93616e+08 -0.000185879
-9.96041e+08 -0.000186333
-9.98465e+08 -0.000186786
-1.00089e+09 -0.00018724
-1.00331e+09 -0.000187693
-1.00574e+09 -0.000188147
-1.00816e+09 -0.0001886
-1.01059e+09 -0.000189054
-1.01301e+09 -0.000189507
-1.01543e+09 -0.000189961
-1.01786e+09 -0.000190414
-1.02028e+09 -0.000190868
-1.02271e+09 -0.000191321
-1.02513e+09 -0.000191775
-1.02756e+09 -0.000192228
-1.02998e+09 -0.000192682
-1.0324e+09 -0.000193136
-1.03483e+09 -0.000193589
-1.03725e+09 -0.000194043
-1.03968e+09 -0.000194496
-1.0421e+09 -0.00019495
-1.04453e+09 -0.000195403
-1.04695e+09 -0.000195857
-1.04937e+09 -0.00019631
-1.0518e+09 -0.000196764
-1.05422e+09 -0.000197217
-1.05665e+09 -0.000197671
-1.05907e+09 -0.000198124
-1.0615e+09 -0.000198578
-1.06392e+09 -0.000199031
-1.06635e+09 -0.000199485
-1.06877e+09 -0.000199938
-1.07119e+09 -0.000200392
-1.07362e+09 -0.000200845
-1.07604e+09 -0.000201299
-1.07847e+09 -0.000201753
-1.08089e+09 -0.000202206
-1.08332e+09 -0.00020266
-1.08574e+09 -0.000203113
-1.08816e+09 -0.000203567
-1.09059e+09 -0.00020402
-1.09301e+09 -0.000204474
-1.09544e+09 -0.000204927
-1.09786e+09 -0.000205381
-1.10029e+09 -0.000205834
-1.10271e+09 -0.000206288
-1.10514e+09 -0.000206741
-1.10756e+09 -0.000207195
-1.10998e+09 -0.000207649
-1.11241e+09 -0.000208102
-1.11483e+09 -0.000208556
-1.11726e+09 -0.000209009
-1.11968e+09 -0.000209463
-1.12211e+09 -0.000209916
-1.12453e+09 -0.00021037
-1.12695e+09 -0.000210823
-1.12938e+09 -0.000211277
-1.1318e+09 -0.00021173
-1.13423e+09 -0.000212184
-1.13665e+09 -0.000212638
-1.13908e+09 -0.000213091
-1.1415e+09 -0.000213545
-1.14393e+09 -0.000213998
-1.14635e+09 -0.000214452
-1.14878e+09 -0.000214905
-1.1512e+09 -0.000215359
-1.15362e+09 -0.000215812
-1.15605e+09 -0.000216266
-1.15847e+09 -0.00021672
-1.1609e+09 -0.000217173
-1.16332e+09 -0.000217627
-1.16575e+09 -0.00021808
-1.16817e+09 -0.000218534
-1.1706e+09 -0.000218987
-1.17302e+09 -0.000219441
-1.17544e+09 -0.000219894
-1.17787e+09 -0.000220348
-1.18029e+09 -0.000220802
-1.18272e+09 -0.000221255
-1.18514e+09 -0.000221709
-1.18757e+09 -0.000222162
-1.18999e+09 -0.000222616
-1.19242e+09 -0.000223069
-1.19484e+09 -0.000223523
-1.19727e+09 -0.000223977
-1.19969e+09 -0.00022443
-1.20211e+09 -0.000224884
-1.20454e+09 -0.000225337
-1.20696e+09 -0.000225791
-1.20939e+09 -0.000226244
-1.21181e+09 -0.000226698
-1.21424e+09 -0.000227152
-1.21666e+09 -0.000227605
-1.21909e+09 -0.000228059
-1.22151e+09 -0.000228512
-1.22394e+09 -0.000228966
-1.22636e+09 -0.000229419
-1.22878e+09 -0.000229873
-1.23121e+09 -0.000230327
-1.23363e+09 -0.00023078
-1.23606e+09 -0.000231234
-1.23848e+09 -0.000231687
-1.24091e+09 -0.000232141
-1.24333e+09 -0.000232595
-1.24576e+09 -0.000233048
-1.24818e+09 -0.000233502
-1.25061e+09 -0.000233955
-1.25303e+09 -0.000234409
-1.25546e+09 -0.000234862
-1.25788e+09 -0.000235316
-1.26031e+09 -0.00023577
-1.26273e+09 -0.000236223
-1.26515e+09 -0.000236677
-1.26758e+09 -0.00023713
-1.27e+09 -0.000237584
-1.27243e+09 -0.000238038
-1.27485e+09 -0.000238491
-1.27728e+09 -0.000238945
-1.2797e+09 -0.000239398
-1.28213e+09 -0.000239852
-1.28455e+09 -0.000240306
-1.28698e+09 -0.000240759
-1.2894e+09 -0.000241213
-1.29183e+09 -0.000241666
-1.29425e+09 -0.00024212
-1.29668e+09 -0.000242574
-1.2991e+09 -0.000243027
-1.30152e+09 -0.000243481
-1.30395e+09 -0.000243934
-1.30637e+09 -0.000244388
-1.3088e+09 -0.000244842
-1.31122e+09 -0.000245295
-1.31365e+09 -0.000245749
-1.31607e+09 -0.000246202
-1.3185e+09 -0.000246656
-1.32092e+09 -0.00024711
-1.32335e+09 -0.000247563
-1.32577e+09 -0.000248017
-1.3282e+09 -0.00024847
-1.33062e+09 -0.000248924
-1.33305e+09 -0.000249378
-1.33547e+09 -0.000249831
-1.3379e+09 -0.000250285
-1.34032e+09 -0.000250738
-1.34275e+09 -0.000251192
-1.34517e+09 -0.000251646
-1.3476e+09 -0.000252099
-1.35002e+09 -0.000252553
-1.35244e+09 -0.000253006
-1.35487e+09 -0.00025346
-1.35729e+09 -0.000253914
-1.35972e+09 -0.000254367
-1.36214e+09 -0.000254821
-1.36457e+09 -0.000255275
-1.36699e+09 -0.000255728
-1.36942e+09 -0.000256182
-1.37184e+09 -0.000256635
-1.37427e+09 -0.000257089
-1.37669e+09 -0.000257543
-1.37912e+09 -0.000257996
-1.38154e+09 -0.00025845
-1.38397e+09 -0.000258904
-1.38639e+09 -0.000259357
-1.38882e+09 -0.000259811
-1.39124e+09 -0.000260264
-1.39367e+09 -0.000260718
-1.39609e+09 -0.000261172
-1.39852e+09 -0.000261625
-1.40094e+09 -0.000262079
-1.40337e+09 -0.000262533
-1.40579e+09 -0.000262986
-1.40822e+09 -0.00026344
-1.41064e+09 -0.000263893
-1.41307e+09 -0.000264347
-1.41549e+09 -0.000264801
-1.41792e+09 -0.000265254
-1.42034e+09 -0.000265708
-1.42277e+09 -0.000266162
-1.42519e+09 -0.000266615
-1.42762e+09 -0.000267069
-1.43004e+09 -0.000267523
-1.43246e+09 -0.000267976
-1.43489e+09 -0.00026843
-1.43731e+09 -0.000268883
-1.43974e+09 -0.000269337
-1.44216e+09 -0.000269791
-1.44459e+09 -0.000270244
-1.44701e+09 -0.000270698
-1.44944e+09 -0.000271152
-1.45186e+09 -0.000271605
-1.45429e+09 -0.000272059
-1.45671e+09 -0.000272513
-1.45914e+09 -0.000272966
-1.46156e+09 -0.00027342
-1.46399e+09 -0.000273874
-1.46641e+09 -0.000274327
-1.46884e+09 -0.000274781
-1.47126e+09 -0.000275234
-1.47369e+09 -0.000275688
-1.47611e+09 -0.000276142
-1.47854e+09 -0.000276595
-1.48096e+09 -0.000277049
-1.48339e+09 -0.000277503
-1.48581e+09 -0.000277956
-1.48824e+09 -0.00027841
-1.49066e+09 -0.000278864
-1.49309e+09 -0.000279317
-1.49551e+09 -0.000279771
-1.49794e+09 -0.000280225
-1.50036e+09 -0.000280678
-1.50279e+09 -0.000281132
-1.50521e+09 -0.000281586
-1.50764e+09 -0.000282039
-1.51006e+09 -0.000282493
-1.51249e+09 -0.000282947
-1.51491e+09 -0.0002834
-1.51734e+09 -0.000283854
-1.51976e+09 -0.000284308
-1.52219e+09 -0.000284761
-1.52461e+09 -0.000285215
-1.52704e+09 -0.000285669
-1.52946e+09 -0.000286122
-1.53189e+09 -0.000286576
-1.53432e+09 -0.00028703
-1.53674e+09 -0.000287483
-1.53917e+09 -0.000287937
-1.54159e+09 -0.000288391
-1.54402e+09 -0.000288844
-1.54644e+09 -0.000289298
-1.54887e+09 -0.000289752
-1.55129e+09 -0.000290205
-1.55372e+09 -0.000290659
-1.55614e+09 -0.000291113
-1.55857e+09 -0.000291566
-1.56099e+09 -0.00029202
-1.56342e+09 -0.000292474
-1.56584e+09 -0.000292927
-1.56827e+09 -0.000293381
-1.57069e+09 -0.000293835
-1.57312e+09 -0.000294288
-1.57554e+09 -0.000294742
-1.57797e+09 -0.000295196
-1.58039e+09 -0.000295649
-1.58282e+09 -0.000296103
-1.58524e+09 -0.000296557
-1.58767e+09 -0.000297011
-1.59009e+09 -0.000297464
-1.59252e+09 -0.000297918
-1.59494e+09 -0.000298372
-1.59737e+09 -0.000298825
-1.59979e+09 -0.000299279
-1.60222e+09 -0.000299733
-1.60464e+09 -0.000300186
-1.60707e+09 -0.00030064
-1.60949e+09 -0.000301094
-1.61192e+09 -0.000301547
-1.61434e+09 -0.000302001
-1.61677e+09 -0.000302455
-1.6192e+09 -0.000302908
-1.62162e+09 -0.000303362
-1.62405e+09 -0.000303816
-1.62647e+09 -0.00030427
-1.6289e+09 -0.000304723
-1.63132e+09 -0.000305177
-1.63375e+09 -0.000305631
-1.63617e+09 -0.000306084
-1.6386e+09 -0.000306538
-1.64102e+09 -0.000306992
-1.64345e+09 -0.000307445
-1.64587e+09 -0.000307899
-1.6483e+09 -0.000308353
-1.65072e+09 -0.000308807
-1.65315e+09 -0.00030926
-1.65557e+09 -0.000309714
-1.658e+09 -0.000310168
-1.66042e+09 -0.000310621
-1.66285e+09 -0.000311075
-1.66528e+09 -0.000311529
-1.6677e+09 -0.000311982
-1.67013e+09 -0.000312436
-1.67255e+09 -0.00031289
-1.67498e+09 -0.000313344
-1.6774e+09 -0.000313797
-1.67983e+09 -0.000314251
-1.68225e+09 -0.000314705
-1.68468e+09 -0.000315158
-1.6871e+09 -0.000315612
-1.68953e+09 -0.000316066
-1.69195e+09 -0.00031652
-1.69438e+09 -0.000316973
-1.6968e+09 -0.000317427
-1.69923e+09 -0.000317881
-1.70165e+09 -0.000318334
-1.70408e+09 -0.000318788
-1.70651e+09 -0.000319242
-1.70893e+09 -0.000319696
-1.71136e+09 -0.000320149
-1.71378e+09 -0.000320603
-1.71621e+09 -0.000321057
-1.71863e+09 -0.000321511
-1.72106e+09 -0.000321964
-1.72348e+09 -0.000322418
-1.72591e+09 -0.000322872
-1.72833e+09 -0.000323325
-1.73076e+09 -0.000323779
-1.73318e+09 -0.000324233
-1.73561e+09 -0.000324687
-1.73804e+09 -0.00032514
-1.74046e+09 -0.000325594
-1.74289e+09 -0.000326048
-1.74531e+09 -0.000326501
-1.74774e+09 -0.000326955
-1.75016e+09 -0.000327409
-1.75259e+09 -0.000327863
-1.75501e+09 -0.000328316
-1.75744e+09 -0.00032877
-1.75986e+09 -0.000329224
-1.76229e+09 -0.000329678
-1.76472e+09 -0.000330131
-1.76714e+09 -0.000330585
-1.76957e+09 -0.000331039
-1.77199e+09 -0.000331493
-1.77442e+09 -0.000331946
-1.77684e+09 -0.0003324
-1.77927e+09 -0.000332854
-1.78169e+09 -0.000333308
-1.78412e+09 -0.000333761
-1.78654e+09 -0.000334215
-1.78897e+09 -0.000334669
-1.7914e+09 -0.000335122
-1.79382e+09 -0.000335576
-1.79625e+09 -0.00033603
-1.79867e+09 -0.000336484
-1.8011e+09 -0.000336937
-1.80352e+09 -0.000337391
-1.80595e+09 -0.000337845
-1.80837e+09 -0.000338299
-1.8108e+09 -0.000338752
-1.81322e+09 -0.000339206
-1.81565e+09 -0.00033966
-1.81808e+09 -0.000340114
-1.8205e+09 -0.000340567
-1.82293e+09 -0.000341021
-1.82535e+09 -0.000341475
-1.82778e+09 -0.000341929
-1.8302e+09 -0.000342382
-1.83263e+09 -0.000342836
-1.83505e+09 -0.00034329
-1.83748e+09 -0.000343744
-1.83991e+09 -0.000344198
-1.84233e+09 -0.000344651
-1.84476e+09 -0.000345105
-1.84718e+09 -0.000345559
-1.84961e+09 -0.000346013
-1.85203e+09 -0.000346466
-1.85446e+09 -0.00034692
-1.85688e+09 -0.000347374
-1.85931e+09 -0.000347828
-1.86174e+09 -0.000348281
-1.86416e+09 -0.000348735
-1.86659e+09 -0.000349189
-1.86901e+09 -0.000349643
-1.87144e+09 -0.000350096
-1.87386e+09 -0.00035055
-1.87629e+09 -0.000351004
-1.87872e+09 -0.000351458
-1.88114e+09 -0.000351912
-1.88357e+09 -0.000352365
-1.88599e+09 -0.000352819
-1.88842e+09 -0.000353273
-1.89084e+09 -0.000353727
-1.89327e+09 -0.00035418
-1.89569e+09 -0.000354634
-1.89812e+09 -0.000355088
-1.90055e+09 -0.000355542
-1.90297e+09 -0.000355995
-1.9054e+09 -0.000356449
-1.90782e+09 -0.000356903
-1.91025e+09 -0.000357357
-1.91267e+09 -0.000357811
-1.9151e+09 -0.000358264
-1.91753e+09 -0.000358718
-1.91995e+09 -0.000359172
-1.92238e+09 -0.000359626
-1.9248e+09 -0.00036008
-1.92723e+09 -0.000360533
-1.92965e+09 -0.000360987
-1.93208e+09 -0.000361441
-1.93451e+09 -0.000361895
-1.93693e+09 -0.000362348
-1.93936e+09 -0.000362802
-1.94178e+09 -0.000363256
-1.94421e+09 -0.00036371
-1.94663e+09 -0.000364164
-1.94906e+09 -0.000364617
-1.95149e+09 -0.000365071
-1.95391e+09 -0.000365525
-1.95634e+09 -0.000365979
-1.95876e+09 -0.000366433
-1.96119e+09 -0.000366886
-1.96361e+09 -0.00036734
-1.96604e+09 -0.000367794
-1.96847e+09 -0.000368248
-1.97089e+09 -0.000368702
-1.97332e+09 -0.000369155
-1.97574e+09 -0.000369609
-1.97817e+09 -0.000370063
-1.98059e+09 -0.000370517
-1.98302e+09 -0.000370971
-1.98545e+09 -0.000371424
-1.98787e+09 -0.000371878
-1.9903e+09 -0.000372332
-1.99272e+09 -0.000372786
-1.99515e+09 -0.00037324
-1.99758e+09 -0.000373693
-2e+09 -0.000374147
-2.00243e+09 -0.000374601
-2.00485e+09 -0.000375055
-2.00728e+09 -0.000375509
-2.0097e+09 -0.000375962
-2.01213e+09 -0.000376416
-2.01456e+09 -0.00037687
-2.01698e+09 -0.000377324
-2.01941e+09 -0.000377778
-2.02183e+09 -0.000378231
-2.02426e+09 -0.000378685
-2.02669e+09 -0.000379139
-2.02911e+09 -0.000379593
-2.03154e+09 -0.000380047
-2.03396e+09 -0.0003805
-2.03639e+09 -0.000380954
-2.03881e+09 -0.000381408
-2.04124e+09 -0.000381862
-2.04367e+09 -0.000382316
-2.04609e+09 -0.00038277
-2.04852e+09 -0.000383223
-2.05094e+09 -0.000383677
-2.05337e+09 -0.000384131
-2.0558e+09 -0.000384585
-2.05822e+09 -0.000385039
-2.06065e+09 -0.000385492
-2.06307e+09 -0.000385946
-2.0655e+09 -0.0003864
-2.06793e+09 -0.000386854
-2.07035e+09 -0.000387308
-2.07278e+09 -0.000387762
-2.07602e+09 -0.000388368
-2.08072e+09 -0.000389248
-2.08542e+09 -0.000390127
-2.09013e+09 -0.000391007
-2.09483e+09 -0.000391887
-2.09953e+09 -0.000392767
-2.10424e+09 -0.000393647
-2.10894e+09 -0.000394526
-2.11198e+09 -0.000406466
-2.1123e+09 -0.000436438
-2.11263e+09 -0.00046641
-2.11295e+09 -0.000496382
-2.11328e+09 -0.000526354
-2.11361e+09 -0.000556326
-2.11393e+09 -0.000586298
-2.11426e+09 -0.00061627
-2.11458e+09 -0.000646242
-2.11491e+09 -0.000676214
-2.11523e+09 -0.000706186
-2.11556e+09 -0.000736159
-2.11588e+09 -0.000766131
-2.11621e+09 -0.000796103
-2.11654e+09 -0.000826075
-2.11686e+09 -0.000856047
-2.11719e+09 -0.000886019
-2.11751e+09 -0.000915991
-2.11784e+09 -0.000945963
-2.11816e+09 -0.000975935
-2.11849e+09 -0.00100591
-2.11882e+09 -0.00103588
-2.11914e+09 -0.00106585
-2.11947e+09 -0.00109582
-2.11979e+09 -0.0011258
-2.12012e+09 -0.00115577
-2.12044e+09 -0.00118574
-2.12077e+09 -0.00121571
-2.12109e+09 -0.00124568
-2.12142e+09 -0.00127566
-2.12175e+09 -0.00130563
-2.12207e+09 -0.0013356
-2.1224e+09 -0.00136557
-2.12272e+09 -0.00139554
-2.12305e+09 -0.00142552
-2.12337e+09 -0.00145549
-2.1237e+09 -0.00148546
-2.12403e+09 -0.00151543
-2.12435e+09 -0.0015454
-2.12468e+09 -0.00157538
-2.125e+09 -0.00160535
-2.12533e+09 -0.00163532
-2.12565e+09 -0.00166529
-2.12598e+09 -0.00169526
-2.12631e+09 -0.00172524
-2.12663e+09 -0.00175521
-2.12696e+09 -0.00178518
-2.12728e+09 -0.00181515
-2.12761e+09 -0.00184512
-2.12793e+09 -0.0018751
-2.12826e+09 -0.00190507
-2.12858e+09 -0.00193504
-2.12891e+09 -0.00196501
-2.12924e+09 -0.00199498
-2.12956e+09 -0.00202496
-2.12989e+09 -0.00205493
-2.13021e+09 -0.0020849
-2.13054e+09 -0.00211487
-2.13086e+09 -0.00214484
-2.13119e+09 -0.00217482
-2.13152e+09 -0.00220479
-2.13184e+09 -0.00223476
-2.13217e+09 -0.00226473
-2.13249e+09 -0.0022947
-2.13282e+09 -0.00232468
-2.13314e+09 -0.00235465
-2.13347e+09 -0.00238462
-2.13379e+09 -0.00241459
-2.13412e+09 -0.00244456
-2.13445e+09 -0.00247454
-2.13477e+09 -0.00250451
-2.1351e+09 -0.00253448
-2.13542e+09 -0.00256445
-2.13575e+09 -0.00259442
-2.13607e+09 -0.00262439
-2.1364e+09 -0.00265437
-2.13673e+09 -0.00268434
-2.13705e+09 -0.00271431
-2.13738e+09 -0.00274428
-2.1377e+09 -0.00277425
-2.13803e+09 -0.00280423
-2.13835e+09 -0.0028342
-2.13868e+09 -0.00286417
-2.13901e+09 -0.00289414
-2.13933e+09 -0.00292411
-2.13966e+09 -0.00295409
-2.13998e+09 -0.00298406
-2.14031e+09 -0.00301403
-2.14063e+09 -0.003044
-2.14096e+09 -0.00307397
-2.14128e+09 -0.00310395
-2.14161e+09 -0.00313392
-2.14194e+09 -0.00316389
-2.14226e+09 -0.00319386
-2.14259e+09 -0.00322383
-2.14291e+09 -0.0032538
-2.14324e+09 -0.00328378
-2.14356e+09 -0.00331375
-2.14389e+09 -0.00334372
-2.14422e+09 -0.00337369
-2.14454e+09 -0.00340366
-2.14487e+09 -0.00343364
-2.14519e+09 -0.00346361
-2.14552e+09 -0.00349358
-2.14584e+09 -0.00352355
-2.14617e+09 -0.00355352
-2.14649e+09 -0.0035835
-2.14682e+09 -0.00361347
-2.14715e+09 -0.00364344
-2.14747e+09 -0.00367341
-2.1478e+09 -0.00370338
-2.14812e+09 -0.00373335
-2.14845e+09 -0.00376333
-2.14877e+09 -0.0037933
-2.1491e+09 -0.00382327
-2.14943e+09 -0.00385324
-2.14975e+09 -0.00388321
-2.15008e+09 -0.00391319
-2.1504e+09 -0.00394316
-2.15073e+09 -0.00397313
-2.15105e+09 -0.0040031
-2.15138e+09 -0.00403307
-2.15171e+09 -0.00406305
-2.15203e+09 -0.00409302
-2.15236e+09 -0.00412299
-2.15268e+09 -0.00415296
-2.15301e+09 -0.00418293
-2.15333e+09 -0.0042129
-2.15366e+09 -0.00424288
-2.15398e+09 -0.00427285
-2.15431e+09 -0.00430282
-2.15464e+09 -0.00433279
-2.15496e+09 -0.00436276
-2.15529e+09 -0.00439273
-2.15561e+09 -0.00442271
-2.15594e+09 -0.00445268
-2.15626e+09 -0.00448265
-2.15659e+09 -0.00451262
-2.15692e+09 -0.00454259
-2.15724e+09 -0.00457257
-2.15757e+09 -0.00460254
-2.15789e+09 -0.00463251
-2.15822e+09 -0.00466248
-2.15854e+09 -0.00469245
-2.15887e+09 -0.00472242
-2.15919e+09 -0.0047524
-2.15952e+09 -0.00478237
-2.15985e+09 -0.00481234
-2.16017e+09 -0.00484231
-2.1605e+09 -0.00487228
-2.16082e+09 -0.00490226
-2.16115e+09 -0.00493223
-2.16147e+09 -0.0049622
-2.1618e+09 -0.00499217
-2.16213e+09 -0.00502214
-2.16245e+09 -0.00505211
-2.16278e+09 -0.00508209
-2.1631e+09 -0.00511206
-2.16343e+09 -0.00514203
-2.16375e+09 -0.005172
-2.16408e+09 -0.00520197
-2.1644e+09 -0.00523194
-2.16473e+09 -0.00526192
-2.16506e+09 -0.00529189
-2.16538e+09 -0.00532186
-2.16571e+09 -0.00535183
-2.16603e+09 -0.0053818
-2.16636e+09 -0.00541177
-2.16668e+09 -0.00544175
-2.16701e+09 -0.00547172
-2.16734e+09 -0.00550169
-2.16766e+09 -0.00553166
-2.16799e+09 -0.00556163
-2.16831e+09 -0.0055916
-2.16864e+09 -0.00562158
-2.16896e+09 -0.00565155
-2.16929e+09 -0.00568152
-2.16962e+09 -0.00571149
-2.16994e+09 -0.00574146
-2.17027e+09 -0.00577144
-2.17059e+09 -0.00580141
-2.17092e+09 -0.00583138
-2.17124e+09 -0.00586135
-2.17157e+09 -0.00589132
-2.17189e+09 -0.00592129
-2.17222e+09 -0.00595126
-2.17255e+09 -0.00598124
-2.17287e+09 -0.00601121
-2.1732e+09 -0.00604118
-2.17352e+09 -0.00607115
-2.17385e+09 -0.00610112
-2.17417e+09 -0.0061311
-2.1745e+09 -0.00616107
-2.17483e+09 -0.00619104
-2.17515e+09 -0.00622101
-2.17548e+09 -0.00625098
-2.1758e+09 -0.00628095
-2.17613e+09 -0.00631093
-2.17645e+09 -0.0063409
-2.17678e+09 -0.00637087
-2.1771e+09 -0.00640084
-2.17743e+09 -0.00643081
-2.17776e+09 -0.00646078
-2.17808e+09 -0.00649076
-2.17841e+09 -0.00652073
-2.17873e+09 -0.0065507
-2.17906e+09 -0.00658067
-2.17938e+09 -0.00661064
-2.17971e+09 -0.00664061
-2.18004e+09 -0.00667058
-2.18036e+09 -0.00670056
-2.18069e+09 -0.00673053
-2.18101e+09 -0.0067605
-2.18134e+09 -0.00679047
-2.18166e+09 -0.00682044
-2.18199e+09 -0.00685041
-2.18231e+09 -0.00688039
-2.18264e+09 -0.00691036
-2.18297e+09 -0.00694033
-2.18329e+09 -0.0069703
-2.18362e+09 -0.00700027
-2.18394e+09 -0.00703024
-2.18427e+09 -0.00706022
-2.18459e+09 -0.00709019
-2.18492e+09 -0.00712016
-2.18525e+09 -0.00715013
-2.18557e+09 -0.0071801
-2.1859e+09 -0.00721007
-2.18622e+09 -0.00724005
-2.18655e+09 -0.00727002
-2.18687e+09 -0.00729999
-2.1872e+09 -0.00732996
-2.18753e+09 -0.00735993
-2.18785e+09 -0.0073899
-2.18818e+09 -0.00741987
-2.1885e+09 -0.00744985
-2.18883e+09 -0.00747982
-2.18915e+09 -0.00750979
-2.18948e+09 -0.00753976
-2.1898e+09 -0.00756973
-2.19013e+09 -0.0075997
-2.19046e+09 -0.00762968
-2.19078e+09 -0.00765965
-2.19111e+09 -0.00768962
-2.19143e+09 -0.00771959
-2.19176e+09 -0.00774956
-2.19208e+09 -0.00777953
-2.19241e+09 -0.0078095
-2.19274e+09 -0.00783948
-2.19306e+09 -0.00786945
-2.19339e+09 -0.00789942
-2.19371e+09 -0.00792939
-2.19404e+09 -0.00795936
-2.19436e+09 -0.00798933
-2.19469e+09 -0.00801931
-2.19501e+09 -0.00804928
-2.19534e+09 -0.00807925
-2.19567e+09 -0.00810922
-2.19599e+09 -0.00813919
-2.19632e+09 -0.00816916
-2.19664e+09 -0.00819913
-2.19697e+09 -0.00822911
-2.19729e+09 -0.00825908
-2.19762e+09 -0.00828905
-2.19795e+09 -0.00831902
-2.19827e+09 -0.00834899
-2.1986e+09 -0.00837896
-2.19892e+09 -0.00840894
-2.19925e+09 -0.00843891
-2.19957e+09 -0.00846888
-2.1999e+09 -0.00849885
-2.20022e+09 -0.00852882
-2.20055e+09 -0.00855879
-2.20088e+09 -0.00858876
-2.2012e+09 -0.00861873
-2.20153e+09 -0.00864871
-2.20185e+09 -0.00867868
-2.20218e+09 -0.00870865
-2.2025e+09 -0.00873862
-2.20283e+09 -0.00876859
-2.20316e+09 -0.00879856
-2.20348e+09 -0.00882854
-2.20381e+09 -0.00885851
-2.20413e+09 -0.00888848
-2.20446e+09 -0.00891845
-2.20478e+09 -0.00894842
-2.20511e+09 -0.00897839
-2.20543e+09 -0.00900836
-2.20576e+09 -0.00903834
-2.20609e+09 -0.00906831
-2.20641e+09 -0.00909828
-2.20674e+09 -0.00912825
-2.20706e+09 -0.00915822
-2.20739e+09 -0.00918819
-2.20771e+09 -0.00921816
-2.20804e+09 -0.00924814
-2.20837e+09 -0.00927811
-2.20869e+09 -0.00930808
-2.20902e+09 -0.00933805
-2.20934e+09 -0.00936802
-2.20967e+09 -0.00939799
-2.20999e+09 -0.00942796
-2.21032e+09 -0.00945794
-2.21065e+09 -0.00948791
-2.21097e+09 -0.00951788
-2.2113e+09 -0.00954785
-2.21162e+09 -0.00957782
-2.21195e+09 -0.00960779
-2.21227e+09 -0.00963776
-2.2126e+09 -0.00966774
-2.21292e+09 -0.00969771
-2.21325e+09 -0.00972768
-2.21358e+09 -0.00975765
-2.2139e+09 -0.00978762
-2.21423e+09 -0.00981759
-2.21455e+09 -0.00984756
-2.21488e+09 -0.00987754
-2.2152e+09 -0.00990751
-2.21553e+09 -0.00993748
-2.21586e+09 -0.00996745
-2.21618e+09 -0.00999742
-2.21651e+09 -0.0100274
-2.21683e+09 -0.0100574
-2.21716e+09 -0.0100873
-2.21748e+09 -0.0101173
-2.21781e+09 -0.0101473
-2.21813e+09 -0.0101772
-2.21846e+09 -0.0102072
-2.21879e+09 -0.0102372
-2.21911e+09 -0.0102672
-2.21944e+09 -0.0102971
-2.21976e+09 -0.0103271
-2.22009e+09 -0.0103571
-2.22041e+09 -0.010387
-2.22074e+09 -0.010417
-2.22107e+09 -0.010447
-2.22139e+09 -0.010477
-2.22172e+09 -0.0105069
-2.22204e+09 -0.0105369
-2.22237e+09 -0.0105669
-2.22269e+09 -0.0105968
-2.22302e+09 -0.0106268
-2.22334e+09 -0.0106568
-2.22367e+09 -0.0106868
-2.224e+09 -0.0107167
-2.22432e+09 -0.0107467
-2.22465e+09 -0.0107767
-2.22497e+09 -0.0108066
-2.2253e+09 -0.0108366
-2.22562e+09 -0.0108666
-2.22595e+09 -0.0108966
-2.22628e+09 -0.0109265
-2.2266e+09 -0.0109565
-2.22693e+09 -0.0109865
-2.22725e+09 -0.0110164
-2.22758e+09 -0.0110464
-2.2279e+09 -0.0110764
-2.22823e+09 -0.0111064
-2.22855e+09 -0.0111363
-2.22888e+09 -0.0111663
-2.22921e+09 -0.0111963
-2.22953e+09 -0.0112262
-2.22986e+09 -0.0112562
-2.23018e+09 -0.0112862
-2.23051e+09 -0.0113162
-2.23083e+09 -0.0113461
-2.23116e+09 -0.0113761
-2.23149e+09 -0.0114061
-2.23181e+09 -0.011436
-2.23214e+09 -0.011466
-2.23246e+09 -0.011496
-2.23279e+09 -0.011526
-2.23311e+09 -0.0115559
-2.23344e+09 -0.0115859
-2.23376e+09 -0.0116159
-2.23409e+09 -0.0116458
-2.23442e+09 -0.0116758
-2.23474e+09 -0.0117058
-2.23507e+09 -0.0117358
-2.23539e+09 -0.0117657
-2.23572e+09 -0.0117957
-2.23604e+09 -0.0118257
-2.23637e+09 -0.0118556
-2.2367e+09 -0.0118856
-2.23702e+09 -0.0119156
-2.23735e+09 -0.0119456
-2.23767e+09 -0.0119755
-2.238e+09 -0.0120055
-2.23832e+09 -0.0120355
-2.23865e+09 -0.0120654
-2.23898e+09 -0.0120954
-2.2393e+09 -0.0121254
-2.23963e+09 -0.0121554
-2.23995e+09 -0.0121853
-2.24028e+09 -0.0122153
-2.2406e+09 -0.0122453
-2.24093e+09 -0.0122752
-2.24125e+09 -0.0123052
-2.24158e+09 -0.0123352
-2.24191e+09 -0.0123652
-2.24223e+09 -0.0123951
-2.24256e+09 -0.0124251
-2.24288e+09 -0.0124551
-2.24321e+09 -0.012485
-2.24353e+09 -0.012515
-2.24386e+09 -0.012545
-2.24419e+09 -0.0125749
-2.24451e+09 -0.0126049
-2.24484e+09 -0.0126349
-2.24516e+09 -0.0126649
-2.24549e+09 -0.0126948
-2.24581e+09 -0.0127248
-2.24614e+09 -0.0127548
-2.24646e+09 -0.0127847
-2.24679e+09 -0.0128147
-2.24712e+09 -0.0128447
-2.24744e+09 -0.0128747
-2.24777e+09 -0.0129046
-2.24809e+09 -0.0129346
-2.24842e+09 -0.0129646
-2.24874e+09 -0.0129945
-2.24907e+09 -0.0130245
-2.2494e+09 -0.0130545
-2.24972e+09 -0.0130845
-2.25005e+09 -0.0131144
-2.25037e+09 -0.0131444
-2.2507e+09 -0.0131744
-2.25102e+09 -0.0132043
-2.25135e+09 -0.0132343
-2.25167e+09 -0.0132643
-2.252e+09 -0.0132943
-2.25233e+09 -0.0133242
-2.25265e+09 -0.0133542
-2.25298e+09 -0.0133842
-2.2533e+09 -0.0134141
-2.25363e+09 -0.0134441
-2.25395e+09 -0.0134741
-2.25428e+09 -0.0135041
-2.25461e+09 -0.013534
-2.25493e+09 -0.013564
-2.25526e+09 -0.013594
-2.25558e+09 -0.0136239
-2.25591e+09 -0.0136539
-2.25623e+09 -0.0136839
-2.25656e+09 -0.0137139
-2.25688e+09 -0.0137438
-2.25721e+09 -0.0137738
-2.25754e+09 -0.0138038
-2.25786e+09 -0.0138337
-2.25819e+09 -0.0138637
-2.25851e+09 -0.0138937
-2.25884e+09 -0.0139236
-2.25916e+09 -0.0139536
-2.25949e+09 -0.0139836
-2.25982e+09 -0.0140136
-2.26014e+09 -0.0140435
-2.26047e+09 -0.0140735
-2.26079e+09 -0.0141035
-2.26112e+09 -0.0141334
-2.26144e+09 -0.0141634
-2.26177e+09 -0.0141934
-2.26209e+09 -0.0142234
-2.26242e+09 -0.0142533
-2.26275e+09 -0.0142833
-2.26307e+09 -0.0143133
-2.2634e+09 -0.0143432
-2.26372e+09 -0.0143732
-2.26405e+09 -0.0144032
-2.26437e+09 -0.0144332
-2.2647e+09 -0.0144631
-2.26503e+09 -0.0144931
-2.26535e+09 -0.0145231
-2.26568e+09 -0.014553
-2.266e+09 -0.014583
-2.26633e+09 -0.014613
-2.26665e+09 -0.014643
-2.26698e+09 -0.0146729
-2.2673e+09 -0.0147029
-2.26763e+09 -0.0147329
-2.26796e+09 -0.0147628
-2.26828e+09 -0.0147928
-2.26861e+09 -0.0148228
-2.26893e+09 -0.0148528
-2.26926e+09 -0.0148827
-2.26958e+09 -0.0149127
-2.26991e+09 -0.0149427
-2.27024e+09 -0.0149726
-2.27056e+09 -0.0150026
-2.27089e+09 -0.0150326
-2.27121e+09 -0.0150625
-2.27154e+09 -0.0150925
-2.27186e+09 -0.0151225
-2.27219e+09 -0.0151525
-2.27251e+09 -0.0151824
-2.27284e+09 -0.0152124
-2.27317e+09 -0.0152424
-2.27349e+09 -0.0152723
-2.27382e+09 -0.0153023
-2.27414e+09 -0.0153323
-2.27447e+09 -0.0153623
-2.27479e+09 -0.0153922
-2.27512e+09 -0.0154222
-2.27545e+09 -0.0154522
-2.27577e+09 -0.0154821
-2.2761e+09 -0.0155121
-2.27642e+09 -0.0155421
-2.27675e+09 -0.0155721
-2.27707e+09 -0.015602
-2.2774e+09 -0.015632
-2.27773e+09 -0.015662
-2.27805e+09 -0.0156919
-2.27838e+09 -0.0157219
-2.2787e+09 -0.0157519
-2.27903e+09 -0.0157819
-2.27935e+09 -0.0158118
-2.27968e+09 -0.0158418
-2.28e+09 -0.0158718
-2.28033e+09 -0.0159017
-2.28066e+09 -0.0159317
-2.28098e+09 -0.0159617
-2.28131e+09 -0.0159916
-2.28163e+09 -0.0160216
-2.28196e+09 -0.0160516
-2.28228e+09 -0.0160816
-2.28261e+09 -0.0161115
-2.28294e+09 -0.0161415
-2.28326e+09 -0.0161715
-2.28359e+09 -0.0162014
-2.28391e+09 -0.0162314
-2.28424e+09 -0.0162614
-2.28456e+09 -0.0162914
-2.28489e+09 -0.0163213
-2.28521e+09 -0.0163513
-2.28554e+09 -0.0163813
-2.28587e+09 -0.0164112
-2.28619e+09 -0.0164412
-2.28652e+09 -0.0164712
-2.28684e+09 -0.0165012
-2.28717e+09 -0.0165311
-2.28749e+09 -0.0165611
-2.28782e+09 -0.0165911
-2.28815e+09 -0.016621
-2.28847e+09 -0.016651
-2.2888e+09 -0.016681
-2.28912e+09 -0.0167109
-2.28945e+09 -0.0167409
-2.28977e+09 -0.0167709
-2.2901e+09 -0.0168009
-2.29042e+09 -0.0168308
-2.29075e+09 -0.0168608
-2.29108e+09 -0.0168908
-2.2914e+09 -0.0169207
-2.29173e+09 -0.0169507
-2.29205e+09 -0.0169807
-2.29238e+09 -0.0170107
-2.2927e+09 -0.0170406
-2.29303e+09 -0.0170706
-2.29336e+09 -0.0171006
-2.29368e+09 -0.0171305
-2.29401e+09 -0.0171605
-2.29433e+09 -0.0171905
-2.29466e+09 -0.0172205
-2.29498e+09 -0.0172504
-2.29531e+09 -0.0172804
-2.29563e+09 -0.0173104
-2.29596e+09 -0.0173403
-2.29629e+09 -0.0173703
-2.29661e+09 -0.0174003
-2.29694e+09 -0.0174302
-2.29726e+09 -0.0174602
-2.29759e+09 -0.0174902
-2.29791e+09 -0.0175202
-2.29824e+09 -0.0175501
-2.29857e+09 -0.0175801
-2.29889e+09 -0.0176101
-2.29922e+09 -0.01764
-2.29954e+09 -0.01767
-2.29987e+09 -0.0177
-2.30019e+09 -0.01773
-2.30052e+09 -0.0177599
-2.30084e+09 -0.0177899
-2.30117e+09 -0.0178199
-2.3015e+09 -0.0178498
-2.30182e+09 -0.0178798
-2.30215e+09 -0.0179098
-2.30247e+09 -0.0179398
-2.3028e+09 -0.0179697
-2.30312e+09 -0.0179997
-2.30345e+09 -0.0180297
-2.30378e+09 -0.0180596
-2.3041e+09 -0.0180896
-2.30443e+09 -0.0181196
-2.30475e+09 -0.0181495
-2.30508e+09 -0.0181795
-2.3054e+09 -0.0182095
-2.30573e+09 -0.0182395
-2.30605e+09 -0.0182694
-2.30638e+09 -0.0182994
-2.30671e+09 -0.0183294
-2.30703e+09 -0.0183593
-2.30736e+09 -0.0183893
-2.30768e+09 -0.0184193
-2.30801e+09 -0.0184493
-2.30833e+09 -0.0184792
-2.30866e+09 -0.0185092
-2.30899e+09 -0.0185392
-2.30931e+09 -0.0185691
-2.30964e+09 -0.0185991
-2.30996e+09 -0.0186291
-2.31029e+09 -0.018659
-2.31061e+09 -0.018689
-2.31094e+09 -0.018719
-2.31126e+09 -0.018749
-2.31159e+09 -0.0187789
-2.31192e+09 -0.0188089
-2.31224e+09 -0.0188389
-2.31257e+09 -0.0188688
-2.31289e+09 -0.0188988
-2.31322e+09 -0.0189288
-2.31354e+09 -0.0189588
-2.31387e+09 -0.0189887
-2.3142e+09 -0.0190187
-2.31452e+09 -0.0190487
-2.31485e+09 -0.0190786
-2.31517e+09 -0.0191086
-2.3155e+09 -0.0191386
-2.31582e+09 -0.0191686
-2.31615e+09 -0.0191985
-2.31647e+09 -0.0192285
-2.3168e+09 -0.0192585
-2.31713e+09 -0.0192884
-2.31745e+09 -0.0193184
-2.31778e+09 -0.0193484
-2.3181e+09 -0.0193783
-2.31843e+09 -0.0194083
-2.31875e+09 -0.0194383
-2.31908e+09 -0.0194683
-2.31941e+09 -0.0194982
-2.31973e+09 -0.0195282
-2.32006e+09 -0.0195582
-2.32038e+09 -0.0195881
-2.32071e+09 -0.0196181
-2.32103e+09 -0.0196481
-2.32136e+09 -0.0196781
-2.32168e+09 -0.019708
-2.32201e+09 -0.019738
-2.32234e+09 -0.019768
-2.32266e+09 -0.0197979
-2.32299e+09 -0.0198279
-2.32331e+09 -0.0198579
-2.32364e+09 -0.0198878
-2.32396e+09 -0.0199178
-2.32429e+09 -0.0199478
-2.32462e+09 -0.0199778
-2.32494e+09 -0.0200077
-2.32527e+09 -0.0200377
-2.32559e+09 -0.0200677
-2.32592e+09 -0.0200976
-2.32624e+09 -0.0201276
-2.32657e+09 -0.0201576
-2.32689e+09 -0.0201876
-2.32722e+09 -0.0202175
-2.32755e+09 -0.0202475
-2.32787e+09 -0.0202775
-2.3282e+09 -0.0203074
-2.32852e+09 -0.0203374
-2.32885e+09 -0.0203674
-2.32917e+09 -0.0203973
-2.3295e+09 -0.0204273
-2.32983e+09 -0.0204573
-2.33015e+09 -0.0204873
-2.33048e+09 -0.0205172
-2.3308e+09 -0.0205472
-2.33113e+09 -0.0205772
-2.33145e+09 -0.0206071
-2.33178e+09 -0.0206371
-2.3321e+09 -0.0206671
-2.33243e+09 -0.0206971
-2.33276e+09 -0.020727
-2.33308e+09 -0.020757
-2.33341e+09 -0.020787
-2.33373e+09 -0.0208169
-2.33406e+09 -0.0208469
-2.33438e+09 -0.0208769
-2.33471e+09 -0.0209068
-2.33504e+09 -0.0209368
-2.33536e+09 -0.0209668
-2.33569e+09 -0.0209968
-2.33601e+09 -0.0210267
-2.33634e+09 -0.0210567
-2.33666e+09 -0.0210867
-2.33699e+09 -0.0211166
-2.33731e+09 -0.0211466
-2.33764e+09 -0.0211766
-2.33797e+09 -0.0212066
-2.33829e+09 -0.0212365
-2.33862e+09 -0.0212665
-2.33894e+09 -0.0212965
-2.33927e+09 -0.0213264
-2.33959e+09 -0.0213564
-2.33992e+09 -0.0213864
-2.34025e+09 -0.0214163
-2.34057e+09 -0.0214463
-2.3409e+09 -0.0214763
-2.34122e+09 -0.0215063
-2.34155e+09 -0.0215362
-2.34187e+09 -0.0215662
-2.3422e+09 -0.0215962
-2.34252e+09 -0.0216261
-2.34285e+09 -0.0216561
-2.34318e+09 -0.0216861
-2.3435e+09 -0.021716
-2.34383e+09 -0.021746
-2.34415e+09 -0.021776
-2.34448e+09 -0.021806
-2.3448e+09 -0.0218359
-2.34513e+09 -0.0218659
-2.34546e+09 -0.0218959
-2.34578e+09 -0.0219258
-2.34611e+09 -0.0219558
-2.34643e+09 -0.0219858
-2.34676e+09 -0.0220158
-2.34708e+09 -0.0220457
-2.34741e+09 -0.0220757
-2.34773e+09 -0.0221057
-2.34806e+09 -0.0221356
-2.34839e+09 -0.0221656
-2.34871e+09 -0.0221956
-2.34904e+09 -0.0222255
-2.34936e+09 -0.0222555
-2.34969e+09 -0.0222855
-2.35001e+09 -0.0223155
-2.35034e+09 -0.0223454
-2.35067e+09 -0.0223754
-2.35099e+09 -0.0224054
-2.35132e+09 -0.0224353
-2.35164e+09 -0.0224653
-2.35197e+09 -0.0224953
-2.35229e+09 -0.0225253
-2.35262e+09 -0.0225552
-2.35294e+09 -0.0225852
-2.35327e+09 -0.0226152
-2.3536e+09 -0.0226451
-2.35392e+09 -0.0226751
-2.35425e+09 -0.0227051
-2.35457e+09 -0.022735
-2.3549e+09 -0.022765
-2.35522e+09 -0.022795
-2.35555e+09 -0.022825
-2.35588e+09 -0.0228549
-2.3562e+09 -0.0228849
-2.35653e+09 -0.0229149
-2.35685e+09 -0.0229448
-2.35718e+09 -0.0229748
-2.3575e+09 -0.0230048
-2.35783e+09 -0.0230347
-2.35815e+09 -0.0230647
-2.35848e+09 -0.0230947
-2.35881e+09 -0.0231247
-2.35913e+09 -0.0231546
-2.35946e+09 -0.0231846
-2.35978e+09 -0.0232146
-2.36011e+09 -0.0232445
-2.36043e+09 -0.0232745
-2.36076e+09 -0.0233045
-2.36109e+09 -0.0233345
-2.36141e+09 -0.0233644
-2.36174e+09 -0.0233944
-2.36206e+09 -0.0234244
-2.36239e+09 -0.0234543
-2.36271e+09 -0.0234843
-2.36304e+09 -0.0235143
-2.36336e+09 -0.0235442
-2.36369e+09 -0.0235742
-2.36402e+09 -0.0236042
-2.36434e+09 -0.0236342
-2.36467e+09 -0.0236641
-2.36499e+09 -0.0236941
-2.36532e+09 -0.0237241
-2.36564e+09 -0.023754
-2.36597e+09 -0.023784
-2.36629e+09 -0.023814
-2.36662e+09 -0.0238439
-2.36695e+09 -0.0238739
-2.36727e+09 -0.0239039
-2.3676e+09 -0.0239339
-2.36792e+09 -0.0239638
-2.36825e+09 -0.0239938
-2.36857e+09 -0.0240238
-2.3689e+09 -0.0240537
-2.36923e+09 -0.0240837
-2.36955e+09 -0.0241137
-2.36988e+09 -0.0241436
-2.3702e+09 -0.0241736
-2.37053e+09 -0.0242036
-2.37085e+09 -0.0242336
-2.37118e+09 -0.0242635
-2.3715e+09 -0.0242935
-2.37183e+09 -0.0243235
-2.37216e+09 -0.0243534
-2.37248e+09 -0.0243834
-2.37281e+09 -0.0244134
-2.37313e+09 -0.0244434
-2.37346e+09 -0.0244733
-2.37378e+09 -0.0245033
-2.37411e+09 -0.0245333
-2.37444e+09 -0.0245632
-2.37476e+09 -0.0245932
-2.37509e+09 -0.0246232
-2.37541e+09 -0.0246531
-2.37574e+09 -0.0246831
-2.37606e+09 -0.0247131
-2.37639e+09 -0.0247431
-2.37671e+09 -0.024773
-2.37704e+09 -0.024803
-2.37737e+09 -0.024833
-2.37769e+09 -0.0248629
-2.37802e+09 -0.0248929
-2.37834e+09 -0.0249229
-2.37867e+09 -0.0249528
-2.37899e+09 -0.0249828
-2.37932e+09 -0.0250128
-2.37965e+09 -0.0250428
-2.37997e+09 -0.0250727
-2.3803e+09 -0.0251027
-2.38062e+09 -0.0251327
-2.38095e+09 -0.0251626
-2.38127e+09 -0.0251926
-2.3816e+09 -0.0252226
-2.38192e+09 -0.0252525
-2.38225e+09 -0.0252825
-2.38258e+09 -0.0253125
-2.3829e+09 -0.0253425
-2.38323e+09 -0.0253724
-2.38355e+09 -0.0254024
-2.38388e+09 -0.0254324
-2.3842e+09 -0.0254623
-2.38453e+09 -0.0254923
-2.38486e+09 -0.0255223
-2.38518e+09 -0.0255522
-2.38551e+09 -0.0255822
-2.38583e+09 -0.0256122
-2.38616e+09 -0.0256422
-2.38648e+09 -0.0256721
-2.38681e+09 -0.0257021
-2.38713e+09 -0.0257321
-2.38746e+09 -0.025762
-2.38779e+09 -0.025792
-2.38811e+09 -0.025822
-2.38844e+09 -0.025852
-2.38876e+09 -0.0258819
-2.38909e+09 -0.0259119
-2.38941e+09 -0.0259419
-2.38974e+09 -0.0259718
-2.39007e+09 -0.0260018
-2.39039e+09 -0.0260318
-2.39072e+09 -0.0260617
-2.39104e+09 -0.0260917
-2.39137e+09 -0.0261217
-2.39169e+09 -0.0261517
-2.39202e+09 -0.0261816
-2.39234e+09 -0.0262116
-2.39267e+09 -0.0262416
-2.393e+09 -0.0262715
-2.39332e+09 -0.0263015
-2.39365e+09 -0.0263315
-2.39397e+09 -0.0263614
-2.3943e+09 -0.0263914
-2.39462e+09 -0.0264214
-2.39495e+09 -0.0264514
-2.39528e+09 -0.0264813
-2.3956e+09 -0.0265113
-2.39593e+09 -0.0265413
-2.39625e+09 -0.0265712
-2.39658e+09 -0.0266012
-2.3969e+09 -0.0266312
-2.39723e+09 -0.0266611
-2.39755e+09 -0.0266911
-2.39788e+09 -0.0267211
-2.39821e+09 -0.0267511
-2.39853e+09 -0.026781
-2.39886e+09 -0.026811
-2.39918e+09 -0.026841
-2.39951e+09 -0.0268709
-2.39983e+09 -0.0269009
-2.40016e+09 -0.0269309
-2.40049e+09 -0.0269608
-2.40081e+09 -0.0269908
-2.40114e+09 -0.0270208
-2.40146e+09 -0.0270508
-2.40179e+09 -0.0270807
-2.40211e+09 -0.0271107
-2.40244e+09 -0.0271407
-2.40276e+09 -0.0271706
-2.40309e+09 -0.0272006
-2.40342e+09 -0.0272306
-2.40374e+09 -0.0272605
-2.40407e+09 -0.0272905
-2.40439e+09 -0.0273205
-2.40472e+09 -0.0273505
-2.40504e+09 -0.0273804
-2.40537e+09 -0.0274104
-2.40569e+09 -0.0274404
-2.40602e+09 -0.0274703
-2.40635e+09 -0.0275003
-2.40667e+09 -0.0275303
-2.407e+09 -0.0275602
-2.40732e+09 -0.0275902
-2.40765e+09 -0.0276202
-2.40797e+09 -0.0276502
-2.4083e+09 -0.0276801
-2.40863e+09 -0.0277101
-2.40895e+09 -0.0277401
-2.40928e+09 -0.02777
-2.4096e+09 -0.0278
-2.40993e+09 -0.02783
-2.41025e+09 -0.0278599
-2.41058e+09 -0.0278899
-2.4109e+09 -0.0279199
-2.41123e+09 -0.0279499
-2.41156e+09 -0.0279798
-2.41188e+09 -0.0280098
-2.41221e+09 -0.0280398
-2.41253e+09 -0.0280697
-2.41286e+09 -0.0280997
-2.41318e+09 -0.0281297
-2.41351e+09 -0.0281596
-2.41384e+09 -0.0281896
-2.41416e+09 -0.0282196
-2.41449e+09 -0.0282496
-2.41481e+09 -0.0282795
-2.41514e+09 -0.0283095
-2.41546e+09 -0.0283395
-2.41579e+09 -0.0283694
-2.41611e+09 -0.0283994
-2.41644e+09 -0.0284294
-2.41677e+09 -0.0284593
-2.41709e+09 -0.0284893
-2.41742e+09 -0.0285193
-2.41774e+09 -0.0285493
-2.41807e+09 -0.0285792
-2.41839e+09 -0.0286092
-2.41872e+09 -0.0286392
-2.41905e+09 -0.0286691
-2.41937e+09 -0.0286991
-2.4197e+09 -0.0287291
-2.42002e+09 -0.028759
-2.42035e+09 -0.028789
-2.42067e+09 -0.028819
-2.421e+09 -0.028849
-2.42132e+09 -0.0288789
-2.42165e+09 -0.0289089
-2.42198e+09 -0.0289389
-2.4223e+09 -0.0289688
-2.42263e+09 -0.0289988
-2.42295e+09 -0.0290288
-2.42328e+09 -0.0290587
-2.4236e+09 -0.0290887
-2.42393e+09 -0.0291187
-2.42426e+09 -0.0291487
-2.42458e+09 -0.0291786
-2.42491e+09 -0.0292086
-2.42523e+09 -0.0292386
-2.42556e+09 -0.0292685
-2.42588e+09 -0.0292985
-2.42621e+09 -0.0293285
-2.42653e+09 -0.0293584
-2.42686e+09 -0.0293884
-2.42719e+09 -0.0294184
-2.42751e+09 -0.0294484
-2.42784e+09 -0.0294783
-2.42816e+09 -0.0295083
-2.42849e+09 -0.0295383
-2.42881e+09 -0.0295682
-2.42914e+09 -0.0295982
-2.42947e+09 -0.0296282
-2.42979e+09 -0.0296581
-2.43012e+09 -0.0296881
-2.43044e+09 -0.0297181
-2.43077e+09 -0.0297481
-2.43109e+09 -0.029778
-2.43142e+09 -0.029808
-2.43174e+09 -0.029838
-2.43207e+09 -0.0298679
-2.4324e+09 -0.0298979
-2.43272e+09 -0.0299279
-2.43305e+09 -0.0299578
-2.43337e+09 -0.0299878
-2.4337e+09 -0.0300178
-2.43402e+09 -0.0300477
-2.43435e+09 -0.0300777
-2.43467e+09 -0.0301077
-2.435e+09 -0.0301377
-2.43533e+09 -0.0301676
-2.43565e+09 -0.0301976
-2.43598e+09 -0.0302276
-2.4363e+09 -0.0302575
-2.43663e+09 -0.0302875
-2.43695e+09 -0.0303175
-2.43728e+09 -0.0303474
-2.43761e+09 -0.0303774
-2.43793e+09 -0.0304074
-2.43826e+09 -0.0304374
-2.43858e+09 -0.0304673
-2.43891e+09 -0.0304973
-2.43923e+09 -0.0305273
-2.43956e+09 -0.0305572
-2.43988e+09 -0.0305872
-2.44021e+09 -0.0306172
-2.44054e+09 -0.0306471
-2.44086e+09 -0.0306771
-2.44119e+09 -0.0307071
-2.44151e+09 -0.0307371
-2.44184e+09 -0.030767
-2.44216e+09 -0.030797
-2.44249e+09 -0.030827
-2.44282e+09 -0.0308569
-2.44314e+09 -0.0308869
-2.44347e+09 -0.0309169
-2.44379e+09 -0.0309468
-2.44412e+09 -0.0309768
-2.44444e+09 -0.0310068
-2.44477e+09 -0.0310368
-2.44509e+09 -0.0310667
-2.44542e+09 -0.0310967
-2.44575e+09 -0.0311267
-2.44607e+09 -0.0311566
-2.4464e+09 -0.0311866
-2.44672e+09 -0.0312166
-2.44705e+09 -0.0312465
-2.44737e+09 -0.0312765
-2.4477e+09 -0.0313065
-2.44803e+09 -0.0313364
-2.44835e+09 -0.0313664
-2.44868e+09 -0.0313964
-2.449e+09 -0.0314264
-2.44933e+09 -0.0314563
-2.44965e+09 -0.0314863
-2.44998e+09 -0.0315163
-2.4503e+09 -0.0315462
-2.45063e+09 -0.0315762
-2.45096e+09 -0.0316062
-2.45128e+09 -0.0316361
-2.45161e+09 -0.0316661
-2.45193e+09 -0.0316961
-2.45226e+09 -0.0317261
-2.45258e+09 -0.031756
-2.45291e+09 -0.031786
-2.45324e+09 -0.031816
-2.45356e+09 -0.0318459
-2.45389e+09 -0.0318759
-2.45421e+09 -0.0319059
-2.45454e+09 -0.0319358
-2.45486e+09 -0.0319658
-2.45519e+09 -0.0319958
-2.45551e+09 -0.0320258
-2.45584e+09 -0.0320557
-2.45617e+09 -0.0320857
-2.45649e+09 -0.0321157
-2.45682e+09 -0.0321456
-2.45714e+09 -0.0321756
-2.45747e+09 -0.0322056
-2.45779e+09 -0.0322355
-2.45812e+09 -0.0322655
-2.45844e+09 -0.0322955
-2.45877e+09 -0.0323254
-2.4591e+09 -0.0323554
-2.45942e+09 -0.0323854
-2.45975e+09 -0.0324154
-2.46007e+09 -0.0324453
-2.4604e+09 -0.0324753
-2.46072e+09 -0.0325053
-2.46105e+09 -0.0325352
-2.46138e+09 -0.0325652
-2.4617e+09 -0.0325952
-2.46203e+09 -0.0326251
-2.46235e+09 -0.0326551
-2.46268e+09 -0.0326851
-2.463e+09 -0.0327151
-2.46333e+09 -0.032745
-2.46365e+09 -0.032775
-2.46398e+09 -0.032805
-2.46431e+09 -0.0328349
-2.46463e+09 -0.0328649
-2.46496e+09 -0.0328949
-2.46528e+09 -0.0329248
-2.46561e+09 -0.0329548
-2.46593e+09 -0.0329848
-2.46626e+09 -0.0330148
-2.46659e+09 -0.0330447
-2.46691e+09 -0.0330747
-2.46724e+09 -0.0331047
-2.46756e+09 -0.0331346
-2.46789e+09 -0.0331646
-2.46821e+09 -0.0331946
-2.46854e+09 -0.0332245
-2.46886e+09 -0.0332545
-2.46919e+09 -0.0332845
-2.46952e+09 -0.0333144
-2.46984e+09 -0.0333444
-2.47017e+09 -0.0333744
-2.47049e+09 -0.0334044
-2.47082e+09 -0.0334343
-2.47114e+09 -0.0334643
-2.47147e+09 -0.0334943
-2.4718e+09 -0.0335242
-2.47212e+09 -0.0335542
-2.47245e+09 -0.0335842
-2.47277e+09 -0.0336141
-2.4731e+09 -0.0336441
-2.47342e+09 -0.0336741
-2.47375e+09 -0.0337041
-2.47407e+09 -0.033734
-2.4744e+09 -0.033764
-2.47473e+09 -0.033794
-2.47505e+09 -0.0338239
-2.47538e+09 -0.0338539
-2.4757e+09 -0.0338839
-2.47605e+09 -0.0339155
-2.47644e+09 -0.0339516
-2.47683e+09 -0.0339876
-2.47722e+09 -0.0340237
-2.47761e+09 -0.0340597
-2.478e+09 -0.0340958
-2.4784e+09 -0.0341318
-2.47879e+09 -0.0341678
-2.47918e+09 -0.0342039
-2.47957e+09 -0.0342399
-2.47996e+09 -0.034276
-2.48035e+09 -0.034312
-2.48075e+09 -0.0343481
-2.48114e+09 -0.0343841
-2.48153e+09 -0.0344202
-2.48192e+09 -0.0344562
-2.48231e+09 -0.0344923
-2.4827e+09 -0.0345283
-2.4831e+09 -0.0345643
-2.48349e+09 -0.0346004
-2.48388e+09 -0.0346364
-2.48427e+09 -0.0346725
-2.48466e+09 -0.0347085
-2.48505e+09 -0.0347446
-2.48545e+09 -0.0347806
-2.48584e+09 -0.0348167
-2.48623e+09 -0.0348527
-2.48662e+09 -0.0348888
-2.48701e+09 -0.0349248
-2.4874e+09 -0.0349608
-2.4878e+09 -0.0349969
-2.48819e+09 -0.0350329
-2.48858e+09 -0.035069
-2.48897e+09 -0.035105
-2.48936e+09 -0.0351411
-2.48975e+09 -0.0351771
-2.49014e+09 -0.0352132
-2.49054e+09 -0.0352492
-2.49093e+09 -0.0352853
-2.49132e+09 -0.0353213
-2.49171e+09 -0.0353573
-2.4921e+09 -0.0353934
-2.49249e+09 -0.0354294
-2.49289e+09 -0.0354655
-2.49328e+09 -0.0355015
-2.49367e+09 -0.0355376
-2.49406e+09 -0.0355736
-2.49445e+09 -0.0356097
-2.49484e+09 -0.0356457
-2.49524e+09 -0.0356818
-2.49563e+09 -0.0357178
-2.49602e+09 -0.0357538
-2.49641e+09 -0.0357899
-2.4968e+09 -0.0358259
-2.49719e+09 -0.035862
-2.49759e+09 -0.035898
-2.49798e+09 -0.0359341
-2.49837e+09 -0.0359701
-2.49876e+09 -0.0360062
-2.49915e+09 -0.0360422
-2.49954e+09 -0.0360783
-2.49994e+09 -0.0361143
-2.50033e+09 -0.0361503
-2.50072e+09 -0.0361864
-2.50019e+09 -0.0362292
-2.49955e+09 -0.0362728
-2.49891e+09 -0.0363164
-2.49828e+09 -0.03636
-2.49764e+09 -0.0364036
-2.497e+09 -0.0364472
-2.49637e+09 -0.0364908
-2.49573e+09 -0.0365344
-2.4951e+09 -0.036578
-2.49446e+09 -0.0366215
-2.49382e+09 -0.0366651
-2.49319e+09 -0.0367087
-2.49255e+09 -0.0367523
-2.49191e+09 -0.0367959
-2.49128e+09 -0.0368395
-2.49064e+09 -0.0368831
-2.49001e+09 -0.0369267
-2.48937e+09 -0.0369703
-2.48873e+09 -0.0370139
-2.4881e+09 -0.0370575
-2.48746e+09 -0.037101
-2.48682e+09 -0.0371446
-2.48619e+09 -0.0371882
-2.48555e+09 -0.0372318
-2.48492e+09 -0.0372754
-2.48428e+09 -0.037319
-2.48364e+09 -0.0373626
-2.48301e+09 -0.0374062
-2.48237e+09 -0.0374498
-2.48173e+09 -0.0374934
-2.4811e+09 -0.037537
-2.48046e+09 -0.0375805
-2.47983e+09 -0.0376241
-2.47919e+09 -0.0376677
-2.47855e+09 -0.0377113
-2.47792e+09 -0.0377549
-2.47728e+09 -0.0377985
-2.47664e+09 -0.0378421
-2.47601e+09 -0.0378857
-2.47537e+09 -0.0379293
-2.47474e+09 -0.0379729
-2.4741e+09 -0.0380165
-2.47346e+09 -0.03806
-2.47283e+09 -0.0381036
-2.47219e+09 -0.0381472
-2.47155e+09 -0.0381908
-2.47092e+09 -0.0382344
-2.47028e+09 -0.038278
-2.46965e+09 -0.0383216
-2.46901e+09 -0.0383652
-2.46837e+09 -0.0384088
-2.46774e+09 -0.0384524
-2.4671e+09 -0.0384959
-2.46646e+09 -0.0385395
-2.46583e+09 -0.0385831
-2.46519e+09 -0.0386267
-2.46456e+09 -0.0386703
-2.46392e+09 -0.0387139
-2.46328e+09 -0.0387575
-2.46265e+09 -0.0388011
-2.46201e+09 -0.0388447
-2.46137e+09 -0.0388883
-2.46074e+09 -0.0389318
-2.4601e+09 -0.0389754
-2.45947e+09 -0.039019
-2.45883e+09 -0.0390626
-2.45819e+09 -0.0391062
-2.45756e+09 -0.0391498
-2.45692e+09 -0.0391934
-2.45628e+09 -0.039237
-2.45565e+09 -0.0392806
-2.45501e+09 -0.0393242
-2.45438e+09 -0.0393677
-2.45374e+09 -0.0394113
-2.4531e+09 -0.0394549
-2.45247e+09 -0.0394985
-2.45183e+09 -0.0395421
-2.45119e+09 -0.0395857
-2.45056e+09 -0.0396293
-2.44992e+09 -0.0396729
-2.44929e+09 -0.0397165
-2.44865e+09 -0.0397601
-2.44801e+09 -0.0398036
-2.44738e+09 -0.0398472
-2.44674e+09 -0.0398908
-2.4461e+09 -0.0399344
-2.44547e+09 -0.039978
-2.44483e+09 -0.0400216
-2.4442e+09 -0.0400652
-2.44356e+09 -0.0401088
-2.44292e+09 -0.0401524
-2.44229e+09 -0.0401959
-2.44165e+09 -0.0402395
-2.44101e+09 -0.0402831
-2.44038e+09 -0.0403267
-2.43974e+09 -0.0403703
-2.43911e+09 -0.0404139
-2.43847e+09 -0.0404575
-2.43783e+09 -0.0405011
-2.4372e+09 -0.0405447
-2.43656e+09 -0.0405882
-2.43592e+09 -0.0406318
-2.43529e+09 -0.0406754
-2.43465e+09 -0.040719
-2.43402e+09 -0.0407626
-2.43338e+09 -0.0408062
-2.43274e+09 -0.0408498
-2.43211e+09 -0.0408934
-2.43147e+09 -0.040937
-2.43083e+09 -0.0409806
-2.4302e+09 -0.0410241
-2.42956e+09 -0.0410677
-2.42893e+09 -0.0411113
-2.42829e+09 -0.0411549
-2.42765e+09 -0.0411985
-2.42702e+09 -0.0412421
-2.42638e+09 -0.0412857
-2.42574e+09 -0.0413293
-2.42511e+09 -0.0413729
-2.42447e+09 -0.0414164
-2.42384e+09 -0.04146
-2.4232e+09 -0.0415036
-2.42256e+09 -0.0415472
-2.42193e+09 -0.0415908
-2.42129e+09 -0.0416344
-2.42065e+09 -0.041678
-2.42002e+09 -0.0417216
-2.41938e+09 -0.0417651
-2.41875e+09 -0.0418087
-2.41811e+09 -0.0418523
-2.41747e+09 -0.0418959
-2.41684e+09 -0.0419395
-2.4162e+09 -0.0419831
-2.41556e+09 -0.0420267
-2.41493e+09 -0.0420703
-2.41429e+09 -0.0421139
-2.41366e+09 -0.0421574
-2.41302e+09 -0.042201
-2.41238e+09 -0.0422446
-2.41175e+09 -0.0422882
-2.41111e+09 -0.0423318
-2.41047e+09 -0.0423754
-2.40984e+09 -0.042419
-2.4092e+09 -0.0424626
-2.40857e+09 -0.0425062
-2.40793e+09 -0.0425497
-2.40729e+09 -0.0425933
-2.40666e+09 -0.0426369
-2.40602e+09 -0.0426805
-2.40538e+09 -0.0427241
-2.40475e+09 -0.0427677
-2.40411e+09 -0.0428113
-2.40348e+09 -0.0428549
-2.40284e+09 -0.0428984
-2.4022e+09 -0.042942
-2.40157e+09 -0.0429856
-2.40093e+09 -0.0430292
-2.4003e+09 -0.0430728
-2.39966e+09 -0.0431164
-2.39902e+09 -0.04316
-2.39839e+09 -0.0432036
-2.39775e+09 -0.0432471
-2.39711e+09 -0.0432907
-2.39648e+09 -0.0433343
-2.39584e+09 -0.0433779
-2.39521e+09 -0.0434215
-2.39457e+09 -0.0434651
-2.39393e+09 -0.0435087
-2.3933e+09 -0.0435523
-2.39266e+09 -0.0435958
-2.39202e+09 -0.0436394
-2.39139e+09 -0.043683
-2.39075e+09 -0.0437266
-2.39012e+09 -0.0437702
-2.38948e+09 -0.0438138
-2.38884e+09 -0.0438574
-2.38821e+09 -0.043901
-2.38757e+09 -0.0439445
-2.38693e+09 -0.0439881
-2.3863e+09 -0.0440317
-2.38566e+09 -0.0440753
-2.38503e+09 -0.0441189
-2.38439e+09 -0.0441625
-2.38375e+09 -0.0442061
-2.38312e+09 -0.0442497
-2.38248e+09 -0.0442932
-2.38184e+09 -0.0443368
-2.38121e+09 -0.0443804
-2.38057e+09 -0.044424
-2.37994e+09 -0.0444676
-2.3793e+09 -0.0445112
-2.37866e+09 -0.0445548
-2.37803e+09 -0.0445984
-2.37739e+09 -0.0446419
-2.37676e+09 -0.0446855
-2.37612e+09 -0.0447291
-2.37548e+09 -0.0447727
-2.37485e+09 -0.0448163
-2.37421e+09 -0.0448599
-2.37357e+09 -0.0449035
-2.37294e+09 -0.0449471
-2.3723e+09 -0.0449906
-2.37167e+09 -0.0450342
-2.37103e+09 -0.0450778
-2.37039e+09 -0.0451214
-2.36976e+09 -0.045165
-2.36912e+09 -0.0452086
-2.36848e+09 -0.0452522
-2.36785e+09 -0.0452958
-2.36721e+09 -0.0453393
-2.36658e+09 -0.0453829
-2.36594e+09 -0.0454265
-2.3653e+09 -0.0454701
-2.36467e+09 -0.0455137
-2.36403e+09 -0.0455573
-2.36339e+09 -0.0456009
-2.36276e+09 -0.0456444
-2.36212e+09 -0.045688
-2.36149e+09 -0.0457316
-2.36085e+09 -0.0457752
-2.36021e+09 -0.0458188
-2.35958e+09 -0.0458624
-2.35894e+09 -0.045906
-2.35831e+09 -0.0459496
-2.35767e+09 -0.0459931
-2.35703e+09 -0.0460367
-2.3564e+09 -0.0460803
-2.35576e+09 -0.0461239
-2.35512e+09 -0.0461675
-2.35449e+09 -0.0462111
-2.35385e+09 -0.0462547
-2.35322e+09 -0.0462982
-2.35258e+09 -0.0463418
-2.35194e+09 -0.0463854
-2.35131e+09 -0.046429
-2.35067e+09 -0.0464726
-2.35003e+09 -0.0465162
-2.3494e+09 -0.0465598
-2.34876e+09 -0.0466033
-2.34813e+09 -0.0466469
-2.34749e+09 -0.0466905
-2.34685e+09 -0.0467341
-2.34622e+09 -0.0467777
-2.34558e+09 -0.0468213
-2.34494e+09 -0.0468649
-2.34431e+09 -0.0469084
-2.34367e+09 -0.046952
-2.34304e+09 -0.0469956
-2.3424e+09 -0.0470392
-2.34176e+09 -0.0470828
-2.34113e+09 -0.0471264
-2.34049e+09 -0.04717
-2.33986e+09 -0.0472135
-2.33922e+09 -0.0472571
-2.33858e+09 -0.0473007
-2.33795e+09 -0.0473443
-2.33731e+09 -0.0473879
-2.33667e+09 -0.0474315
-2.33604e+09 -0.0474751
-2.3354e+09 -0.0475186
-2.33477e+09 -0.0475622
-2.33413e+09 -0.0476058
-2.33349e+09 -0.0476494
-2.33286e+09 -0.047693
-2.33222e+09 -0.0477366
-2.33158e+09 -0.0477802
-2.33095e+09 -0.0478237
-2.33031e+09 -0.0478673
-2.32968e+09 -0.0479109
-2.32904e+09 -0.0479545
-2.3284e+09 -0.0479981
-2.32777e+09 -0.0480417
-2.32713e+09 -0.0480853
-2.3265e+09 -0.0481288
-2.32586e+09 -0.0481724
-2.32522e+09 -0.048216
-2.32459e+09 -0.0482596
-2.32395e+09 -0.0483032
-2.32331e+09 -0.0483468
-2.32268e+09 -0.0483904
-2.32204e+09 -0.0484339
-2.32141e+09 -0.0484775
-2.32077e+09 -0.0485211
-2.32013e+09 -0.0485647
-2.3195e+09 -0.0486083
-2.31886e+09 -0.0486519
-2.31823e+09 -0.0486955
-2.31759e+09 -0.048739
-2.31695e+09 -0.0487826
-2.31632e+09 -0.0488262
-2.31568e+09 -0.0488698
-2.31504e+09 -0.0489134
-2.31441e+09 -0.048957
-2.31377e+09 -0.0490006
-2.31314e+09 -0.0490441
-2.3125e+09 -0.0490877
-2.31186e+09 -0.0491313
-2.31123e+09 -0.0491749
-2.31059e+09 -0.0492185
-2.30995e+09 -0.0492621
-2.30932e+09 -0.0493056
-2.30868e+09 -0.0493492
-2.30805e+09 -0.0493928
-2.30741e+09 -0.0494364
-2.30677e+09 -0.04948
-2.30614e+09 -0.0495236
-2.3055e+09 -0.0495672
-2.30487e+09 -0.0496107
-2.30423e+09 -0.0496543
-2.30359e+09 -0.0496979
-2.30296e+09 -0.0497415
-2.30232e+09 -0.0497851
-2.30168e+09 -0.0498287
-2.30105e+09 -0.0498722
-2.30041e+09 -0.0499158
-2.29978e+09 -0.0499594
-2.29914e+09 -0.050003
-2.2985e+09 -0.0500466
-2.29787e+09 -0.0500902
-2.29723e+09 -0.0501338
-2.2966e+09 -0.0501773
-2.29596e+09 -0.0502209
-2.29532e+09 -0.0502645
-2.29469e+09 -0.0503081
-2.29405e+09 -0.0503517
-2.29341e+09 -0.0503953
-2.29278e+09 -0.0504388
-2.29214e+09 -0.0504824
-2.29151e+09 -0.050526
-2.29087e+09 -0.0505696
-2.29023e+09 -0.0506132
-2.2896e+09 -0.0506568
-2.28896e+09 -0.0507003
-2.28832e+09 -0.0507439
-2.28769e+09 -0.0507875
-2.28705e+09 -0.0508311
-2.28642e+09 -0.0508747
-2.28578e+09 -0.0509183
-2.28514e+09 -0.0509619
-2.28451e+09 -0.0510054
-2.28387e+09 -0.051049
-2.28324e+09 -0.0510926
-2.2826e+09 -0.0511362
-2.28196e+09 -0.0511798
-2.28133e+09 -0.0512234
-2.28069e+09 -0.0512669
-2.28005e+09 -0.0513105
-2.27942e+09 -0.0513541
-2.27878e+09 -0.0513977
-2.27815e+09 -0.0514413
-2.27751e+09 -0.0514849
-2.27687e+09 -0.0515284
-2.27624e+09 -0.051572
-2.2756e+09 -0.0516156
-2.27497e+09 -0.0516592
-2.27433e+09 -0.0517028
-2.27369e+09 -0.0517464
-2.27306e+09 -0.0517899
-2.27242e+09 -0.0518335
-2.27178e+09 -0.0518771
-2.27115e+09 -0.0519207
-2.27051e+09 -0.0519643
-2.26988e+09 -0.0520079
-2.26924e+09 -0.0520514
-2.2686e+09 -0.052095
-2.26797e+09 -0.0521386
-2.26733e+09 -0.0521822
-2.2667e+09 -0.0522258
-2.26606e+09 -0.0522694
-2.26542e+09 -0.0523129
-2.26479e+09 -0.0523565
-2.26415e+09 -0.0524001
-2.26351e+09 -0.0524437
-2.26288e+09 -0.0524873
-2.26224e+09 -0.0525309
-2.26161e+09 -0.0525744
-2.26097e+09 -0.052618
-2.26033e+09 -0.0526616
-2.2597e+09 -0.0527052
-2.25906e+09 -0.0527488
-2.25843e+09 -0.0527924
-2.25779e+09 -0.0528359
-2.25715e+09 -0.0528795
-2.25652e+09 -0.0529231
-2.25588e+09 -0.0529667
-2.25524e+09 -0.0530103
-2.25461e+09 -0.0530539
-2.25397e+09 -0.0530974
-2.25334e+09 -0.053141
-2.2527e+09 -0.0531846
-2.25206e+09 -0.0532282
-2.25143e+09 -0.0532718
-2.25079e+09 -0.0533154
-2.25016e+09 -0.0533589
-2.24952e+09 -0.0534025
-2.24888e+09 -0.0534461
-2.24825e+09 -0.0534897
-2.24761e+09 -0.0535333
-2.24697e+09 -0.0535769
-2.24634e+09 -0.0536204
-2.2457e+09 -0.053664
-2.24507e+09 -0.0537076
-2.24443e+09 -0.0537512
-2.24379e+09 -0.0537948
-2.24316e+09 -0.0538383
-2.24252e+09 -0.0538819
-2.24189e+09 -0.0539255
-2.24125e+09 -0.0539691
-2.24061e+09 -0.0540127
-2.23998e+09 -0.0540563
-2.23934e+09 -0.0540998
-2.2387e+09 -0.0541434
-2.23807e+09 -0.054187
-2.23743e+09 -0.0542306
-2.2368e+09 -0.0542742
-2.23616e+09 -0.0543178
-2.23552e+09 -0.0543613
-2.23489e+09 -0.0544049
-2.23425e+09 -0.0544485
-2.23362e+09 -0.0544921
-2.23298e+09 -0.0545357
-2.23234e+09 -0.0545792
-2.23171e+09 -0.0546228
-2.23107e+09 -0.0546664
-2.23044e+09 -0.05471
-2.2298e+09 -0.0547536
-2.22916e+09 -0.0547972
-2.22853e+09 -0.0548407
-2.22789e+09 -0.0548843
-2.22725e+09 -0.0549279
-2.22662e+09 -0.0549715
-2.22598e+09 -0.0550151
-2.22535e+09 -0.0550586
-2.22471e+09 -0.0551022
-2.22407e+09 -0.0551458
-2.22344e+09 -0.0551894
-2.2228e+09 -0.055233
-2.22217e+09 -0.0552766
-2.22153e+09 -0.0553201
-2.22089e+09 -0.0553637
-2.22026e+09 -0.0554073
-2.21962e+09 -0.0554509
-2.21898e+09 -0.0554945
-2.21835e+09 -0.055538
-2.21771e+09 -0.0555816
-2.21708e+09 -0.0556252
-2.21644e+09 -0.0556688
-2.2158e+09 -0.0557124
-2.21517e+09 -0.055756
-2.21453e+09 -0.0557995
-2.2139e+09 -0.0558431
-2.21326e+09 -0.0558867
-2.21262e+09 -0.0559303
-2.21199e+09 -0.0559739
-2.21135e+09 -0.0560174
-2.21071e+09 -0.056061
-2.21008e+09 -0.0561046
-2.20944e+09 -0.0561482
-2.20881e+09 -0.0561918
-2.20817e+09 -0.0562354
-2.20753e+09 -0.0562789
-2.2069e+09 -0.0563225
-2.20626e+09 -0.0563661
-2.20563e+09 -0.0564097
-2.20499e+09 -0.0564533
-2.20435e+09 -0.0564968
-2.20372e+09 -0.0565404
-2.20308e+09 -0.056584
-2.20245e+09 -0.0566276
-2.20181e+09 -0.0566712
-2.20117e+09 -0.0567147
-2.20054e+09 -0.0567583
-2.1999e+09 -0.0568019
-2.19926e+09 -0.0568455
-2.19863e+09 -0.0568891
-2.19799e+09 -0.0569327
-2.19736e+09 -0.0569762
-2.19672e+09 -0.0570198
-2.19608e+09 -0.0570634
-2.19545e+09 -0.057107
-2.19481e+09 -0.0571506
-2.19418e+09 -0.0571941
-2.19354e+09 -0.0572377
-2.1929e+09 -0.0572813
-2.19227e+09 -0.0573249
-2.19163e+09 -0.0573685
-2.191e+09 -0.057412
-2.19036e+09 -0.0574556
-2.18972e+09 -0.0574992
-2.18909e+09 -0.0575428
-2.18845e+09 -0.0575864
-2.18781e+09 -0.0576299
-2.18718e+09 -0.0576735
-2.18654e+09 -0.0577171
-2.18591e+09 -0.0577607
-2.18527e+09 -0.0578043
-2.18463e+09 -0.0578478
-2.184e+09 -0.0578914
-2.18336e+09 -0.057935
-2.18273e+09 -0.0579786
-2.18209e+09 -0.0580222
-2.18145e+09 -0.0580657
-2.18082e+09 -0.0581093
-2.18018e+09 -0.0581529
-2.17955e+09 -0.0581965
-2.17891e+09 -0.0582401
-2.17827e+09 -0.0582837
-2.17764e+09 -0.0583272
-2.177e+09 -0.0583708
-2.17636e+09 -0.0584144
-2.17573e+09 -0.058458
-2.17509e+09 -0.0585016
-2.17446e+09 -0.0585451
-2.17382e+09 -0.0585887
-2.17318e+09 -0.0586323
-2.17255e+09 -0.0586759
-2.17191e+09 -0.0587195
-2.17128e+09 -0.058763
-2.17064e+09 -0.0588066
-2.17e+09 -0.0588502
-2.16937e+09 -0.0588938
-2.16873e+09 -0.0589374
-2.1681e+09 -0.0589809
-2.16746e+09 -0.0590245
-2.16682e+09 -0.0590681
-2.16619e+09 -0.0591117
-2.16555e+09 -0.0591553
-2.16491e+09 -0.0591988
-2.16428e+09 -0.0592424
-2.16364e+09 -0.059286
-2.16301e+09 -0.0593296
-2.16237e+09 -0.0593732
-2.16173e+09 -0.0594167
-2.1611e+09 -0.0594603
-2.16046e+09 -0.0595039
-2.15983e+09 -0.0595475
-2.15919e+09 -0.0595911
-2.15855e+09 -0.0596346
-2.15792e+09 -0.0596782
-2.15728e+09 -0.0597218
-2.15665e+09 -0.0597654
-2.15601e+09 -0.0598089
-2.15537e+09 -0.0598525
-2.15474e+09 -0.0598961
-2.1541e+09 -0.0599397
-2.15346e+09 -0.0599833
-2.15283e+09 -0.0600268
-2.15219e+09 -0.0600704
-2.15156e+09 -0.060114
-2.15092e+09 -0.0601576
-2.15028e+09 -0.0602012
-2.14965e+09 -0.0602447
-2.14901e+09 -0.0602883
-2.14838e+09 -0.0603319
-2.14774e+09 -0.0603755
-2.1471e+09 -0.0604191
-2.14647e+09 -0.0604626
-2.14583e+09 -0.0605062
-2.1452e+09 -0.0605498
-2.14456e+09 -0.0605934
-2.14392e+09 -0.060637
-2.14329e+09 -0.0606805
-2.14265e+09 -0.0607241
-2.14202e+09 -0.0607677
-2.14138e+09 -0.0608113
-2.14074e+09 -0.0608549
-2.14011e+09 -0.0608984
-2.13947e+09 -0.060942
-2.13883e+09 -0.0609856
-2.1382e+09 -0.0610292
-2.13756e+09 -0.0610727
-2.13693e+09 -0.0611163
-2.13629e+09 -0.0611599
-2.13565e+09 -0.0612035
-2.13502e+09 -0.0612471
-2.13438e+09 -0.0612906
-2.13375e+09 -0.0613342
-2.13311e+09 -0.0613778
-2.13247e+09 -0.0614214
-2.13184e+09 -0.061465
-2.1312e+09 -0.0615085
-2.13057e+09 -0.0615521
-2.12993e+09 -0.0615957
-2.12929e+09 -0.0616393
-2.12866e+09 -0.0616828
-2.12802e+09 -0.0617264
-2.12738e+09 -0.06177
-2.12675e+09 -0.0618136
-2.12611e+09 -0.0618572
-2.12548e+09 -0.0619007
-2.12484e+09 -0.0619443
-2.1242e+09 -0.0619879
-2.12357e+09 -0.0620315
-2.12293e+09 -0.0620751
-2.1223e+09 -0.0621186
-2.12166e+09 -0.0621622
-2.12102e+09 -0.0622058
-2.12039e+09 -0.0622494
-2.11975e+09 -0.0622929
-2.11912e+09 -0.0623365
-2.11848e+09 -0.0623801
-2.11784e+09 -0.0624237
-2.11721e+09 -0.0624673
-2.11657e+09 -0.0625108
-2.11594e+09 -0.0625544
-2.1153e+09 -0.062598
-2.11466e+09 -0.0626416
-2.11403e+09 -0.0626852
-2.11339e+09 -0.0627287
-2.11276e+09 -0.0627723
-2.11212e+09 -0.0628159
-2.11148e+09 -0.0628595
-2.11085e+09 -0.062903
-2.11021e+09 -0.0629466
-2.10957e+09 -0.0629902
-2.10894e+09 -0.0630338
-2.1083e+09 -0.0630774
-2.10767e+09 -0.0631209
-2.10703e+09 -0.0631645
-2.10639e+09 -0.0632081
-2.10576e+09 -0.0632517
-2.10512e+09 -0.0632952
-2.10449e+09 -0.0633388
-2.10385e+09 -0.0633824
-2.10321e+09 -0.063426
-2.10258e+09 -0.0634696
-2.10194e+09 -0.0635131
-2.10131e+09 -0.0635567
-2.10067e+09 -0.0636003
-2.10003e+09 -0.0636439
-2.0994e+09 -0.0636874
-2.09876e+09 -0.063731
-2.09813e+09 -0.0637746
-2.09749e+09 -0.0638182
-2.09685e+09 -0.0638618
-2.09622e+09 -0.0639053
-2.09558e+09 -0.0639489
-2.09495e+09 -0.0639925
-2.09431e+09 -0.0640361
-2.09367e+09 -0.0640796
-2.09304e+09 -0.0641232
-2.0924e+09 -0.0641668
-2.09176e+09 -0.0642104
-2.09113e+09 -0.0642539
-2.09049e+09 -0.0642975
-2.08986e+09 -0.0643411
-2.08922e+09 -0.0643847
-2.08858e+09 -0.0644283
-2.08795e+09 -0.0644718
-2.08731e+09 -0.0645154
-2.08668e+09 -0.064559
-2.08604e+09 -0.0646026
-2.0854e+09 -0.0646461
-2.08477e+09 -0.0646897
-2.08413e+09 -0.0647333
-2.0835e+09 -0.0647769
-2.08286e+09 -0.0648205
-2.08222e+09 -0.064864
-2.08159e+09 -0.0649076
-2.08095e+09 -0.0649512
-2.08032e+09 -0.0649948
-2.07968e+09 -0.0650383
-2.07904e+09 -0.0650819
-2.07841e+09 -0.0651255
-2.07777e+09 -0.0651691
-2.07714e+09 -0.0652126
-2.0765e+09 -0.0652562
-2.07586e+09 -0.0652998
-2.07523e+09 -0.0653434
-2.07459e+09 -0.065387
-2.07395e+09 -0.0654305
-2.07332e+09 -0.0654741
-2.07268e+09 -0.0655177
-2.07205e+09 -0.0655613
-2.07141e+09 -0.0656048
-2.07077e+09 -0.0656484
-2.07014e+09 -0.065692
-2.0695e+09 -0.0657356
-2.06887e+09 -0.0657791
-2.06823e+09 -0.0658227
-2.06759e+09 -0.0658663
-2.06696e+09 -0.0659099
-2.06632e+09 -0.0659534
-2.06569e+09 -0.065997
-2.06505e+09 -0.0660406
-2.06441e+09 -0.0660842
-2.06378e+09 -0.0661278
-2.06314e+09 -0.0661713
-2.06251e+09 -0.0662149
-2.06187e+09 -0.0662585
-2.06123e+09 -0.0663021
-2.0606e+09 -0.0663456
-2.05996e+09 -0.0663892
-2.05933e+09 -0.0664328
-2.05869e+09 -0.0664764
-2.05805e+09 -0.0665199
-2.05742e+09 -0.0665635
-2.05678e+09 -0.0666071
-2.05615e+09 -0.0666507
-2.05551e+09 -0.0666942
-2.05487e+09 -0.0667378
-2.05424e+09 -0.0667814
-2.0536e+09 -0.066825
-2.05297e+09 -0.0668685
-2.05233e+09 -0.0669121
-2.05169e+09 -0.0669557
-2.05106e+09 -0.0669993
-2.05042e+09 -0.0670429
-2.04978e+09 -0.0670864
-2.04915e+09 -0.06713
-2.04851e+09 -0.0671736
-2.04788e+09 -0.0672172
-2.04724e+09 -0.0672607
-2.0466e+09 -0.0673043
-2.04597e+09 -0.0673479
-2.04533e+09 -0.0673915
-2.0447e+09 -0.067435
-2.04406e+09 -0.0674786
-2.04342e+09 -0.0675222
-2.04279e+09 -0.0675658
-2.04215e+09 -0.0676093
-2.04152e+09 -0.0676529
-2.04088e+09 -0.0676965
-2.04024e+09 -0.0677401
-2.03961e+09 -0.0677836
-2.03897e+09 -0.0678272
-2.03834e+09 -0.0678708
-2.0377e+09 -0.0679144
-2.03706e+09 -0.0679579
-2.03643e+09 -0.0680015
-2.03579e+09 -0.0680451
-2.03516e+09 -0.0680887
-2.03452e+09 -0.0681322
-2.03388e+09 -0.0681758
-2.03325e+09 -0.0682194
-2.03261e+09 -0.068263
-2.03198e+09 -0.0683065
-2.03134e+09 -0.0683501
-2.0307e+09 -0.0683937
-2.03007e+09 -0.0684373
-2.02943e+09 -0.0684808
-2.0288e+09 -0.0685244
-2.02816e+09 -0.068568
-2.02752e+09 -0.0686116
-2.02689e+09 -0.0686551
-2.02625e+09 -0.0686987
-2.02562e+09 -0.0687423
-2.02498e+09 -0.0687859
-2.02434e+09 -0.0688294
-2.02371e+09 -0.068873
-2.02307e+09 -0.0689166
-2.02244e+09 -0.0689602
-2.0218e+09 -0.0690037
-2.02116e+09 -0.0690473
-2.02053e+09 -0.0690909
-2.01989e+09 -0.0691345
-2.01926e+09 -0.069178
-2.01862e+09 -0.0692216
-2.01798e+09 -0.0692652
-2.01735e+09 -0.0693088
-2.01671e+09 -0.0693523
-2.01607e+09 -0.0693959
-2.01544e+09 -0.0694395
-2.0148e+09 -0.0694831
-2.01417e+09 -0.0695266
-2.01353e+09 -0.0695702
-2.01289e+09 -0.0696138
-2.01226e+09 -0.0696574
-2.01162e+09 -0.0697009
-2.01099e+09 -0.0697445
-2.01035e+09 -0.0697881
-2.00971e+09 -0.0698317
-2.00908e+09 -0.0698752
-2.00844e+09 -0.0699188
-2.00781e+09 -0.0699624
-2.00717e+09 -0.070006
-2.00653e+09 -0.0700495
-2.0059e+09 -0.0700931
-2.00526e+09 -0.0701367
-2.00463e+09 -0.0701803
-2.00399e+09 -0.0702238
-2.00335e+09 -0.0702674
-2.00272e+09 -0.070311
-2.00208e+09 -0.0703546
-2.00145e+09 -0.0703981
-2.00081e+09 -0.0704417
-2.00017e+09 -0.0704853
-1.99954e+09 -0.0705289
-1.9989e+09 -0.0705724
-1.99827e+09 -0.070616
-1.99763e+09 -0.0706596
-1.99699e+09 -0.0707032
-1.99636e+09 -0.0707467
-1.99572e+09 -0.0707903
-1.99509e+09 -0.0708339
-1.99445e+09 -0.0708774
-1.99381e+09 -0.070921
-1.99318e+09 -0.0709646
-1.99254e+09 -0.0710082
-1.99191e+09 -0.0710517
-1.99127e+09 -0.0710953
-1.99063e+09 -0.0711389
-1.99e+09 -0.0711825
-1.98936e+09 -0.071226
-1.98873e+09 -0.0712696
-1.98809e+09 -0.0713132
-1.98745e+09 -0.0713568
-1.98682e+09 -0.0714003
-1.98618e+09 -0.0714439
-1.98555e+09 -0.0714875
-1.98491e+09 -0.0715311
-1.98427e+09 -0.0715746
-1.98364e+09 -0.0716182
-1.983e+09 -0.0716618
-1.98237e+09 -0.0717054
-1.98173e+09 -0.0717489
-1.98109e+09 -0.0717925
-1.98046e+09 -0.0718361
-1.97982e+09 -0.0718796
-1.97919e+09 -0.0719232
-1.97855e+09 -0.0719668
-1.97791e+09 -0.0720104
-1.97728e+09 -0.0720539
-1.97664e+09 -0.0720975
-1.97601e+09 -0.0721411
-1.97537e+09 -0.0721847
-1.97473e+09 -0.0722282
-1.9741e+09 -0.0722718
-1.97346e+09 -0.0723154
-1.97283e+09 -0.072359
-1.97219e+09 -0.0724025
-1.97155e+09 -0.0724461
-1.97092e+09 -0.0724897
-1.97028e+09 -0.0725332
-1.96965e+09 -0.0725768
-1.96901e+09 -0.0726204
-1.96837e+09 -0.072664
-1.96774e+09 -0.0727075
-1.9671e+09 -0.0727511
-1.96647e+09 -0.0727947
-1.96583e+09 -0.0728383
-1.96519e+09 -0.0728818
-1.96456e+09 -0.0729254
-1.96392e+09 -0.072969
-1.96329e+09 -0.0730126
-1.96265e+09 -0.0730561
-1.96201e+09 -0.0730997
-1.96138e+09 -0.0731433
-1.96074e+09 -0.0731868
-1.96011e+09 -0.0732304
-1.95947e+09 -0.073274
-1.95883e+09 -0.0733176
-1.9582e+09 -0.0733611
-1.95756e+09 -0.0734047
-1.95693e+09 -0.0734483
-1.95629e+09 -0.0734919
-1.95565e+09 -0.0735354
-1.95502e+09 -0.073579
-1.95438e+09 -0.0736226
-1.95375e+09 -0.0736661
-1.95311e+09 -0.0737097
-1.95247e+09 -0.0737533
-1.95184e+09 -0.0737969
-1.9512e+09 -0.0738404
-1.95057e+09 -0.073884
-1.94993e+09 -0.0739276
-1.94929e+09 -0.0739711
-1.94866e+09 -0.0740147
-1.94802e+09 -0.0740583
-1.94739e+09 -0.0741019
-1.94675e+09 -0.0741454
-1.94611e+09 -0.074189
-1.94548e+09 -0.0742326
-1.94484e+09 -0.0742762
-1.94421e+09 -0.0743197
-1.94357e+09 -0.0743633
-1.94293e+09 -0.0744069
-1.9423e+09 -0.0744504
-1.94166e+09 -0.074494
-1.94103e+09 -0.0745376
-1.94039e+09 -0.0745812
-1.93975e+09 -0.0746247
-1.93912e+09 -0.0746683
-1.93848e+09 -0.0747119
-1.93785e+09 -0.0747555
-1.93721e+09 -0.074799
-1.93657e+09 -0.0748426
-1.93594e+09 -0.0748862
-1.9353e+09 -0.0749297
-1.93467e+09 -0.0749733
-1.93403e+09 -0.0750169
-1.93339e+09 -0.0750605
-1.93276e+09 -0.075104
-1.93212e+09 -0.0751476
-1.93149e+09 -0.0751912
-1.93085e+09 -0.0752347
-1.93021e+09 -0.0752783
-1.92958e+09 -0.0753219
-1.92894e+09 -0.0753655
-1.92831e+09 -0.075409
-1.92767e+09 -0.0754526
-1.92703e+09 -0.0754962
-1.9264e+09 -0.0755397
-1.92576e+09 -0.0755833
-1.92513e+09 -0.0756269
-1.92449e+09 -0.0756705
-1.92385e+09 -0.075714
-1.92322e+09 -0.0757576
-1.92258e+09 -0.0758012
-1.92195e+09 -0.0758447
-1.92131e+09 -0.0758883
-1.92067e+09 -0.0759319
-1.92004e+09 -0.0759755
-1.9194e+09 -0.076019
-1.91877e+09 -0.0760626
-1.91813e+09 -0.0761062
-1.91749e+09 -0.0761497
-1.91686e+09 -0.0761933
-1.91622e+09 -0.0762369
-1.91559e+09 -0.0762805
-1.91495e+09 -0.076324
-1.91431e+09 -0.0763676
-1.91368e+09 -0.0764112
-1.91304e+09 -0.0764547
-1.91241e+09 -0.0764983
-1.91177e+09 -0.0765419
-1.91113e+09 -0.0765855
-1.9105e+09 -0.076629
-1.90986e+09 -0.0766726
-1.90923e+09 -0.0767162
-1.90859e+09 -0.0767597
-1.90795e+09 -0.0768033
-1.90732e+09 -0.0768469
-1.90668e+09 -0.0768905
-1.90605e+09 -0.076934
-1.90541e+09 -0.0769776
-1.90477e+09 -0.0770212
-1.90414e+09 -0.0770647
-1.9035e+09 -0.0771083
-1.90287e+09 -0.0771519
-1.90223e+09 -0.0771955
-1.90159e+09 -0.077239
-1.90096e+09 -0.0772826
-1.90032e+09 -0.0773262
-1.89969e+09 -0.0773697
-1.89905e+09 -0.0774133
-1.89841e+09 -0.0774569
-1.89778e+09 -0.0775004
-1.89714e+09 -0.077544
-1.89651e+09 -0.0775876
-1.89587e+09 -0.0776312
-1.89523e+09 -0.0776747
-1.8946e+09 -0.0777183
-1.89396e+09 -0.0777619
-1.89333e+09 -0.0778054
-1.89269e+09 -0.077849
-1.89206e+09 -0.0778926
-1.89142e+09 -0.0779362
-1.89078e+09 -0.0779797
-1.89015e+09 -0.0780233
-1.88951e+09 -0.0780669
-1.88888e+09 -0.0781104
-1.88824e+09 -0.078154
-1.8876e+09 -0.0781976
-1.88697e+09 -0.0782411
-1.88633e+09 -0.0782847
-1.8857e+09 -0.0783283
-1.88506e+09 -0.0783719
-1.88442e+09 -0.0784154
-1.88379e+09 -0.078459
-1.88315e+09 -0.0785026
-1.88252e+09 -0.0785461
-1.88188e+09 -0.0785897
-1.88124e+09 -0.0786333
-1.88061e+09 -0.0786768
-1.87997e+09 -0.0787204
-1.87934e+09 -0.078764
-1.8787e+09 -0.0788076
-1.87806e+09 -0.0788511
-1.87743e+09 -0.0788947
-1.87679e+09 -0.0789383
-1.87616e+09 -0.0789818
-1.87552e+09 -0.0790254
-1.87488e+09 -0.079069
-1.87425e+09 -0.0791125
-1.87361e+09 -0.0791561
-1.87298e+09 -0.0791997
-1.87234e+09 -0.0792433
-1.8717e+09 -0.0792868
-1.87107e+09 -0.0793304
-1.87043e+09 -0.079374
-1.8698e+09 -0.0794175
-1.86916e+09 -0.0794611
-1.86852e+09 -0.0795047
-1.86789e+09 -0.0795482
-1.86725e+09 -0.0795918
-1.86662e+09 -0.0796354
-1.86598e+09 -0.079679
-1.86534e+09 -0.0797225
-1.86471e+09 -0.0797661
-1.86407e+09 -0.0798097
-1.86344e+09 -0.0798532
-1.8628e+09 -0.0798968
-1.86216e+09 -0.0799404
-1.86153e+09 -0.0799839
-1.86089e+09 -0.0800275
-1.86026e+09 -0.0800711
-1.85962e+09 -0.0801147
-1.85899e+09 -0.0801582
-1.85835e+09 -0.0802018
-1.85771e+09 -0.0802454
-1.85708e+09 -0.0802889
-1.85644e+09 -0.0803325
-1.85581e+09 -0.0803761
-1.85517e+09 -0.0804196
-1.85453e+09 -0.0804632
-1.8539e+09 -0.0805068
-1.85326e+09 -0.0805503
-1.85263e+09 -0.0805939
-1.85199e+09 -0.0806375
-1.85135e+09 -0.0806811
-1.85072e+09 -0.0807246
-1.85008e+09 -0.0807682
-1.84945e+09 -0.0808118
-1.84881e+09 -0.0808553
-1.84817e+09 -0.0808989
-1.84754e+09 -0.0809425
-1.8469e+09 -0.080986
-1.84627e+09 -0.0810296
-1.84563e+09 -0.0810732
-1.84499e+09 -0.0811167
-1.84436e+09 -0.0811603
-1.84372e+09 -0.0812039
-1.84309e+09 -0.0812474
-1.84245e+09 -0.081291
-1.84181e+09 -0.0813346
-1.84118e+09 -0.0813782
-1.84054e+09 -0.0814217
-1.83991e+09 -0.0814653
-1.83927e+09 -0.0815089
-1.83863e+09 -0.0815524
-1.838e+09 -0.081596
-1.83736e+09 -0.0816396
-1.83673e+09 -0.0816831
-1.83609e+09 -0.0817267
-1.83546e+09 -0.0817703
-1.83482e+09 -0.0818138
-1.83418e+09 -0.0818574
-1.83355e+09 -0.081901
-1.83291e+09 -0.0819445
-1.83228e+09 -0.0819881
-1.83164e+09 -0.0820317
-1.831e+09 -0.0820753
-1.83037e+09 -0.0821188
-1.82973e+09 -0.0821624
-1.8291e+09 -0.082206
-1.82846e+09 -0.0822495
-1.82782e+09 -0.0822931
-1.82719e+09 -0.0823367
-1.82655e+09 -0.0823802
-1.82592e+09 -0.0824238
-1.82528e+09 -0.0824674
-1.82464e+09 -0.0825109
-1.82401e+09 -0.0825545
-1.82337e+09 -0.0825981
-1.82274e+09 -0.0826416
-1.8221e+09 -0.0826852
-1.82146e+09 -0.0827288
-1.82083e+09 -0.0827723
-1.82019e+09 -0.0828159
-1.81956e+09 -0.0828595
-1.81892e+09 -0.082903
-1.81828e+09 -0.0829466
-1.81765e+09 -0.0829902
-1.81701e+09 -0.0830338
-1.81638e+09 -0.0830773
-1.81574e+09 -0.0831209
-1.81511e+09 -0.0831645
-1.81447e+09 -0.083208
-1.81383e+09 -0.0832516
-1.8132e+09 -0.0832952
-1.81256e+09 -0.0833387
-1.81193e+09 -0.0833823
-1.81129e+09 -0.0834259
-1.81065e+09 -0.0834694
-1.81002e+09 -0.083513
-1.80938e+09 -0.0835566
-1.80875e+09 -0.0836001
-1.80811e+09 -0.0836437
-1.80747e+09 -0.0836873
-1.80684e+09 -0.0837308
-1.8062e+09 -0.0837744
-1.80557e+09 -0.083818
-1.80493e+09 -0.0838615
-1.80429e+09 -0.0839051
-1.80366e+09 -0.0839487
