-0.418171 -1.08431e-13
-0.811076 -2.1031e-13
-1.16514 -3.02117e-13
-1.46267 -3.79267e-13
-1.68041 -4.35726e-13
-1.78794 -4.63607e-13
-1.74324 -4.52019e-13
-1.48858 -3.85985e-13
-0.943713 -2.44702e-13
0.00914291 2.37073e-15
-393343 -1.01993e-07
-786672 -2.03982e-07
-1.18001e+06 -3.05973e-07
-1.57333e+06 -4.07959e-07
-1.96667e+06 -5.09952e-07
-2.35999e+06 -6.11939e-07
-2.75326e+06 -7.13913e-07
-3.14662e+06 -8.15909e-07
-3.53995e+06 -9.17901e-07
-3.93324e+06 -1.01988e-06
-4.32654e+06 -1.12186e-06
-4.71984e+06 -1.22384e-06
-5.11314e+06 -1.32582e-06
-5.50643e+06 -1.4278e-06
-5.89972e+06 -1.52978e-06
-6.29303e+06 -1.63177e-06
-6.6863e+06 -1.73374e-06
-7.07958e+06 -1.83572e-06
-7.47284e+06 -1.93769e-06
-7.86612e+06 -2.03966e-06
-8.2594e+06 -2.14164e-06
-8.65267e+06 -2.24362e-06
-9.04592e+06 -2.34558e-06
-9.43921e+06 -2.44756e-06
-9.83243e+06 -2.54953e-06
-1.02257e+07 -2.6515e-06
-1.0619e+07 -2.75347e-06
-1.10122e+07 -2.85543e-06
-1.14054e+07 -2.9574e-06
-1.17987e+07 -3.05937e-06
-1.21919e+07 -3.16133e-06
-1.25851e+07 -3.2633e-06
-1.29784e+07 -3.36526e-06
-1.33716e+07 -3.46722e-06
-1.37648e+07 -3.56918e-06
-1.4158e+07 -3.67114e-06
-1.45513e+07 -3.7731e-06
-1.49445e+07 -3.87506e-06
-1.53377e+07 -3.97702e-06
-1.57309e+07 -4.07898e-06
-1.61241e+07 -4.18094e-06
-1.65173e+07 -4.28289e-06
-1.69105e+07 -4.38484e-06
-1.73037e+07 -4.48679e-06
-1.76969e+07 -4.58875e-06
-1.809e+07 -4.6907e-06
-1.84832e+07 -4.79265e-06
-1.88764e+07 -4.8946e-06
-1.92696e+07 -4.99655e-06
-1.96627e+07 -5.0985e-06
-2.00559e+07 -5.20044e-06
-2.04491e+07 -5.30239e-06
-2.08422e+07 -5.40434e-06
-2.12354e+07 -5.50628e-06
-2.16285e+07 -5.60822e-06
-2.20217e+07 -5.71017e-06
-2.24148e+07 -5.81211e-06
-2.2808e+07 -5.91405e-06
-2.32011e+07 -6.01599e-06
-2.35943e+07 -6.11793e-06
-2.39874e+07 -6.21987e-06
-2.43805e+07 -6.32181e-06
-2.47736e+07 -6.42374e-06
-2.51668e+07 -6.52568e-06
-2.55599e+07 -6.62761e-06
-2.5953e+07 -6.72954e-06
-2.63461e+07 -6.83148e-06
-2.67392e+07 -6.93341e-06
-2.71323e+07 -7.03534e-06
-2.75254e+07 -7.13727e-06
-2.79185e+07 -7.2392e-06
-2.83116e+07 -7.34113e-06
-2.87047e+07 -7.44306e-06
-2.90978e+07 -7.54498e-06
-2.94909e+07 -7.64691e-06
-2.9884e+07 -7.74884e-06
-3.0277e+07 -7.85076e-06
-3.06701e+07 -7.95268e-06
-3.10632e+07 -8.0546e-06
-3.14562e+07 -8.15653e-06
-3.18493e+07 -8.25845e-06
-3.22424e+07 -8.36036e-06
-3.26354e+07 -8.46228e-06
-3.30285e+07 -8.5642e-06
-3.34215e+07 -8.66612e-06
-3.38146e+07 -8.76804e-06
-3.42076e+07 -8.86995e-06
-3.46007e+07 -8.97186e-06
-3.49936e+07 -9.07376e-06
-3.53867e+07 -9.17569e-06
-3.57798e+07 -9.2776e-06
-3.61728e+07 -9.37951e-06
-3.65658e+07 -9.48142e-06
-3.69588e+07 -9.58333e-06
-3.73518e+07 -9.68524e-06
-3.77449e+07 -9.78715e-06
-3.81379e+07 -9.88905e-06
-3.85309e+07 -9.99096e-06
-3.89239e+07 -1.00929e-05
-3.93169e+07 -1.01948e-05
-3.97099e+07 -1.02967e-05
-4.01028e+07 -1.03986e-05
-4.04959e+07 -1.05005e-05
-4.08888e+07 -1.06024e-05
-4.12818e+07 -1.07043e-05
-4.16748e+07 -1.08062e-05
-4.20678e+07 -1.09081e-05
-4.24608e+07 -1.101e-05
-4.28537e+07 -1.11119e-05
-4.32467e+07 -1.12138e-05
-4.36396e+07 -1.13156e-05
-4.40326e+07 -1.14175e-05
-4.44255e+07 -1.15194e-05
-4.48185e+07 -1.16213e-05
-4.52114e+07 -1.17232e-05
-4.56044e+07 -1.18251e-05
-4.59973e+07 -1.1927e-05
-4.63903e+07 -1.20289e-05
-4.67832e+07 -1.21308e-05
-4.71761e+07 -1.22326e-05
-4.7569e+07 -1.23345e-05
-4.7962e+07 -1.24364e-05
-4.83549e+07 -1.25383e-05
-4.87478e+07 -1.26402e-05
-4.91407e+07 -1.27421e-05
-4.95336e+07 -1.28439e-05
-4.99265e+07 -1.29458e-05
-5.03194e+07 -1.30477e-05
-5.07123e+07 -1.31496e-05
-5.11052e+07 -1.32515e-05
-5.14981e+07 -1.33533e-05
-5.1891e+07 -1.34552e-05
-5.22839e+07 -1.35571e-05
-5.26768e+07 -1.3659e-05
-5.30696e+07 -1.37608e-05
-5.34625e+07 -1.38627e-05
-5.38554e+07 -1.39646e-05
-5.42483e+07 -1.40664e-05
-5.46411e+07 -1.41683e-05
-5.5034e+07 -1.42702e-05
-5.54268e+07 -1.4372e-05
-5.58197e+07 -1.44739e-05
-5.62125e+07 -1.45758e-05
-5.66054e+07 -1.46776e-05
-5.69982e+07 -1.47795e-05
-5.73911e+07 -1.48814e-05
-5.77839e+07 -1.49832e-05
-5.81767e+07 -1.50851e-05
-5.85696e+07 -1.51869e-05
-5.89624e+07 -1.52888e-05
-5.93552e+07 -1.53907e-05
-5.9748e+07 -1.54925e-05
-6.01409e+07 -1.55944e-05
-6.05337e+07 -1.56962e-05
-6.09265e+07 -1.57981e-05
-6.13193e+07 -1.58999e-05
-6.17121e+07 -1.60018e-05
-6.21049e+07 -1.61036e-05
-6.24977e+07 -1.62055e-05
-6.28905e+07 -1.63073e-05
-6.32833e+07 -1.64092e-05
-6.3676e+07 -1.6511e-05
-6.40688e+07 -1.66129e-05
-6.44616e+07 -1.67147e-05
-6.48544e+07 -1.68166e-05
-6.52471e+07 -1.69184e-05
-6.56399e+07 -1.70203e-05
-6.60327e+07 -1.71221e-05
-6.64254e+07 -1.72239e-05
-6.68182e+07 -1.73258e-05
-6.7211e+07 -1.74276e-05
-6.76037e+07 -1.75295e-05
-6.79965e+07 -1.76313e-05
-6.83892e+07 -1.77331e-05
-6.87819e+07 -1.7835e-05
-6.91747e+07 -1.79368e-05
-6.95674e+07 -1.80387e-05
-6.99601e+07 -1.81405e-05
-7.03529e+07 -1.82423e-05
-7.07456e+07 -1.83441e-05
-7.11383e+07 -1.8446e-05
-7.1531e+07 -1.85478e-05
-7.19237e+07 -1.86496e-05
-7.23164e+07 -1.87515e-05
-7.27091e+07 -1.88533e-05
-7.31018e+07 -1.89551e-05
-7.34946e+07 -1.9057e-05
-7.38872e+07 -1.91588e-05
-7.42799e+07 -1.92606e-05
-7.46726e+07 -1.93624e-05
-7.50653e+07 -1.94642e-05
-7.5458e+07 -1.95661e-05
-7.58507e+07 -1.96679e-05
-7.62433e+07 -1.97697e-05
-7.6636e+07 -1.98715e-05
-7.70287e+07 -1.99733e-05
-7.74213e+07 -2.00752e-05
-7.7814e+07 -2.0177e-05
-7.82067e+07 -2.02788e-05
-7.85993e+07 -2.03806e-05
-7.8992e+07 -2.04824e-05
-7.93846e+07 -2.05842e-05
-7.97773e+07 -2.0686e-05
-8.01699e+07 -2.07879e-05
-8.05625e+07 -2.08897e-05
-8.09552e+07 -2.09915e-05
-8.13478e+07 -2.10933e-05
-8.17404e+07 -2.11951e-05
-8.2133e+07 -2.12969e-05
-8.25257e+07 -2.13987e-05
-8.29183e+07 -2.15005e-05
-8.33109e+07 -2.16023e-05
-8.37035e+07 -2.17041e-05
-8.40961e+07 -2.18059e-05
-8.44887e+07 -2.19077e-05
-8.48813e+07 -2.20095e-05
-8.52739e+07 -2.21113e-05
-8.56665e+07 -2.22131e-05
-8.60591e+07 -2.23149e-05
-8.64517e+07 -2.24167e-05
-8.68443e+07 -2.25185e-05
-8.72368e+07 -2.26203e-05
-8.76294e+07 -2.27221e-05
-8.8022e+07 -2.28239e-05
-8.84145e+07 -2.29257e-05
-8.88071e+07 -2.30275e-05
-8.91997e+07 -2.31293e-05
-8.95922e+07 -2.3231e-05
-8.99848e+07 -2.33328e-05
-9.03773e+07 -2.34346e-05
-9.07699e+07 -2.35364e-05
-9.11624e+07 -2.36382e-05
-9.1555e+07 -2.374e-05
-9.19475e+07 -2.38418e-05
-9.234e+07 -2.39435e-05
-9.27326e+07 -2.40453e-05
-9.31251e+07 -2.41471e-05
-9.35176e+07 -2.42489e-05
-9.39101e+07 -2.43507e-05
-9.43027e+07 -2.44524e-05
-9.46952e+07 -2.45542e-05
-9.50877e+07 -2.4656e-05
-9.54802e+07 -2.47578e-05
-9.58727e+07 -2.48595e-05
-9.62652e+07 -2.49613e-05
-9.66577e+07 -2.50631e-05
-9.70502e+07 -2.51649e-05
-9.74427e+07 -2.52666e-05
-9.78352e+07 -2.53684e-05
-9.82276e+07 -2.54702e-05
-9.86201e+07 -2.55719e-05
-9.90126e+07 -2.56737e-05
-9.9405e+07 -2.57755e-05
-9.97975e+07 -2.58772e-05
-1.0019e+08 -2.5979e-05
-1.00582e+08 -2.60808e-05
-1.00975e+08 -2.61825e-05
-1.01367e+08 -2.62843e-05
-1.0176e+08 -2.63861e-05
-1.02152e+08 -2.64878e-05
-1.02545e+08 -2.65896e-05
-1.02937e+08 -2.66913e-05
-1.0333e+08 -2.67931e-05
-1.03722e+08 -2.68949e-05
-1.04114e+08 -2.69966e-05
-1.04507e+08 -2.70984e-05
-1.04899e+08 -2.72001e-05
-1.05292e+08 -2.73019e-05
-1.05684e+08 -2.74036e-05
-1.06077e+08 -2.75054e-05
-1.06469e+08 -2.76071e-05
-1.06861e+08 -2.77089e-05
-1.07254e+08 -2.78106e-05
-1.07646e+08 -2.79124e-05
-1.08039e+08 -2.80141e-05
-1.08431e+08 -2.81159e-05
-1.08823e+08 -2.82176e-05
-1.09216e+08 -2.83194e-05
-1.09608e+08 -2.84211e-05
-1.1e+08 -2.85228e-05
-1.10393e+08 -2.86246e-05
-1.10785e+08 -2.87263e-05
-1.11178e+08 -2.88281e-05
-1.1157e+08 -2.89298e-05
-1.11962e+08 -2.90315e-05
-1.12355e+08 -2.91333e-05
-1.12747e+08 -2.9235e-05
-1.13139e+08 -2.93368e-05
-1.13532e+08 -2.94385e-05
-1.13924e+08 -2.95402e-05
-1.14316e+08 -2.9642e-05
-1.14709e+08 -2.97437e-05
-1.15101e+08 -2.98454e-05
-1.15493e+08 -2.99472e-05
-1.15886e+08 -3.00489e-05
-1.16278e+08 -3.01506e-05
-1.1667e+08 -3.02523e-05
-1.17063e+08 -3.03541e-05
-1.17455e+08 -3.04558e-05
-1.17847e+08 -3.05575e-05
-1.1824e+08 -3.06592e-05
-1.18632e+08 -3.0761e-05
-1.19024e+08 -3.08627e-05
-1.19417e+08 -3.09644e-05
-1.19809e+08 -3.10661e-05
-1.20201e+08 -3.11678e-05
-1.20593e+08 -3.12696e-05
-1.20986e+08 -3.13713e-05
-1.21378e+08 -3.1473e-05
-1.2177e+08 -3.15747e-05
-1.22163e+08 -3.16764e-05
-1.22555e+08 -3.17781e-05
-1.22947e+08 -3.18799e-05
-1.23339e+08 -3.19816e-05
-1.23732e+08 -3.20833e-05
-1.24124e+08 -3.2185e-05
-1.24516e+08 -3.22867e-05
-1.24908e+08 -3.23884e-05
-1.25301e+08 -3.24901e-05
-1.25693e+08 -3.25918e-05
-1.26085e+08 -3.26935e-05
-1.26477e+08 -3.27952e-05
-1.2687e+08 -3.28969e-05
-1.27262e+08 -3.29986e-05
-1.27654e+08 -3.31003e-05
-1.28046e+08 -3.3202e-05
-1.28438e+08 -3.33037e-05
-1.28831e+08 -3.34054e-05
-1.29223e+08 -3.35071e-05
-1.29615e+08 -3.36088e-05
-1.30007e+08 -3.37105e-05
-1.30399e+08 -3.38122e-05
-1.30792e+08 -3.39139e-05
-1.31184e+08 -3.40156e-05
-1.31576e+08 -3.41173e-05
-1.31968e+08 -3.4219e-05
-1.3236e+08 -3.43207e-05
-1.32753e+08 -3.44224e-05
-1.33145e+08 -3.45241e-05
-1.33537e+08 -3.46258e-05
-1.33929e+08 -3.47275e-05
-1.34321e+08 -3.48292e-05
-1.34713e+08 -3.49308e-05
-1.35106e+08 -3.50325e-05
-1.35498e+08 -3.51342e-05
-1.3589e+08 -3.52359e-05
-1.36282e+08 -3.53376e-05
-1.36674e+08 -3.54393e-05
-1.37066e+08 -3.55409e-05
-1.37458e+08 -3.56426e-05
-1.37851e+08 -3.57443e-05
-1.38243e+08 -3.5846e-05
-1.38635e+08 -3.59477e-05
-1.39027e+08 -3.60493e-05
-1.39419e+08 -3.6151e-05
-1.39811e+08 -3.62527e-05
-1.40203e+08 -3.63544e-05
-1.40595e+08 -3.6456e-05
-1.40988e+08 -3.65577e-05
-1.4138e+08 -3.66594e-05
-1.41772e+08 -3.6761e-05
-1.42164e+08 -3.68627e-05
-1.42556e+08 -3.69644e-05
-1.42948e+08 -3.7066e-05
-1.4334e+08 -3.71677e-05
-1.43732e+08 -3.72694e-05
-1.44124e+08 -3.7371e-05
-1.44516e+08 -3.74727e-05
-1.44908e+08 -3.75744e-05
-1.453e+08 -3.7676e-05
-1.45693e+08 -3.77777e-05
-1.46085e+08 -3.78794e-05
-1.46477e+08 -3.7981e-05
-1.46869e+08 -3.80827e-05
-1.47261e+08 -3.81843e-05
-1.47653e+08 -3.8286e-05
-1.48045e+08 -3.83876e-05
-1.48437e+08 -3.84893e-05
-1.48829e+08 -3.8591e-05
-1.49221e+08 -3.86926e-05
-1.49613e+08 -3.87943e-05
-1.50005e+08 -3.88959e-05
-1.50397e+08 -3.89976e-05
-1.50789e+08 -3.90992e-05
-1.51181e+08 -3.92009e-05
-1.51573e+08 -3.93025e-05
-1.51965e+08 -3.94042e-05
-1.52357e+08 -3.95058e-05
-1.52749e+08 -3.96075e-05
-1.53141e+08 -3.97091e-05
-1.53533e+08 -3.98107e-05
-1.53925e+08 -3.99124e-05
-1.54317e+08 -4.0014e-05
-1.54709e+08 -4.01157e-05
-1.55101e+08 -4.02173e-05
-1.55493e+08 -4.03189e-05
-1.55885e+08 -4.04206e-05
-1.56277e+08 -4.05222e-05
-1.56669e+08 -4.06239e-05
-1.57061e+08 -4.07255e-05
-1.57453e+08 -4.08271e-05
-1.57845e+08 -4.09288e-05
-1.58237e+08 -4.10304e-05
-1.58629e+08 -4.1132e-05
-1.59021e+08 -4.12337e-05
-1.59413e+08 -4.13353e-05
-1.59805e+08 -4.14369e-05
-1.60197e+08 -4.15385e-05
-1.60588e+08 -4.16402e-05
-1.6098e+08 -4.17418e-05
-1.61372e+08 -4.18434e-05
-1.61764e+08 -4.19451e-05
-1.62156e+08 -4.20467e-05
-1.62548e+08 -4.21483e-05
-1.6294e+08 -4.22499e-05
-1.63332e+08 -4.23515e-05
-1.63724e+08 -4.24532e-05
-1.64116e+08 -4.25548e-05
-1.64508e+08 -4.26564e-05
-1.64899e+08 -4.2758e-05
-1.65291e+08 -4.28596e-05
-1.65683e+08 -4.29613e-05
-1.66075e+08 -4.30629e-05
-1.66467e+08 -4.31645e-05
-1.66859e+08 -4.32661e-05
-1.67251e+08 -4.33677e-05
-1.67643e+08 -4.34693e-05
-1.68035e+08 -4.35709e-05
-1.68426e+08 -4.36725e-05
-1.68818e+08 -4.37741e-05
-1.6921e+08 -4.38758e-05
-1.69602e+08 -4.39774e-05
-1.69994e+08 -4.4079e-05
-1.70386e+08 -4.41806e-05
-1.70778e+08 -4.42822e-05
-1.71169e+08 -4.43838e-05
-1.71561e+08 -4.44854e-05
-1.71953e+08 -4.4587e-05
-1.72345e+08 -4.46886e-05
-1.72737e+08 -4.47902e-05
-1.73129e+08 -4.48918e-05
-1.7352e+08 -4.49934e-05
-1.73912e+08 -4.5095e-05
-1.74304e+08 -4.51966e-05
-1.74696e+08 -4.52982e-05
-1.75088e+08 -4.53998e-05
-1.75479e+08 -4.55014e-05
-1.75871e+08 -4.5603e-05
-1.76263e+08 -4.57045e-05
-1.76655e+08 -4.58061e-05
-1.77047e+08 -4.59077e-05
-1.77438e+08 -4.60093e-05
-1.7783e+08 -4.61109e-05
-1.78222e+08 -4.62125e-05
-1.78614e+08 -4.63141e-05
-1.79005e+08 -4.64157e-05
-1.79397e+08 -4.65172e-05
-1.79789e+08 -4.66188e-05
-1.80181e+08 -4.67204e-05
-1.80573e+08 -4.6822e-05
-1.80964e+08 -4.69236e-05
-1.81356e+08 -4.70252e-05
-1.81748e+08 -4.71267e-05
-1.8214e+08 -4.72283e-05
-1.82531e+08 -4.73299e-05
-1.82923e+08 -4.74315e-05
-1.83315e+08 -4.7533e-05
-1.83706e+08 -4.76346e-05
-1.84098e+08 -4.77362e-05
-1.8449e+08 -4.78378e-05
-1.84882e+08 -4.79393e-05
-1.85273e+08 -4.80409e-05
-1.85665e+08 -4.81425e-05
-1.86057e+08 -4.82441e-05
-1.86448e+08 -4.83456e-05
-1.8684e+08 -4.84472e-05
-1.87232e+08 -4.85488e-05
-1.87624e+08 -4.86503e-05
-1.88015e+08 -4.87519e-05
-1.88407e+08 -4.88534e-05
-1.88799e+08 -4.8955e-05
-1.8919e+08 -4.90566e-05
-1.89582e+08 -4.91581e-05
-1.89974e+08 -4.92597e-05
-1.90365e+08 -4.93613e-05
-1.90757e+08 -4.94628e-05
-1.91149e+08 -4.95644e-05
-1.9154e+08 -4.96659e-05
-1.91932e+08 -4.97675e-05
-1.92324e+08 -4.9869e-05
-1.92715e+08 -4.99706e-05
-1.93107e+08 -5.00721e-05
-1.93499e+08 -5.01737e-05
-1.9389e+08 -5.02753e-05
-1.94282e+08 -5.03768e-05
-1.94674e+08 -5.04784e-05
-1.95065e+08 -5.05799e-05
-1.95457e+08 -5.06814e-05
-1.95848e+08 -5.0783e-05
-1.9624e+08 -5.08845e-05
-1.96632e+08 -5.09861e-05
-1.97023e+08 -5.10876e-05
-1.97415e+08 -5.11892e-05
-1.97806e+08 -5.12907e-05
-1.98198e+08 -5.13923e-05
-1.9859e+08 -5.14938e-05
-1.98981e+08 -5.15953e-05
-1.99373e+08 -5.16969e-05
-1.99764e+08 -5.17984e-05
-2.00156e+08 -5.19e-05
-2.00548e+08 -5.20015e-05
-2.00939e+08 -5.2103e-05
-2.01331e+08 -5.22046e-05
-2.01722e+08 -5.23061e-05
-2.02114e+08 -5.24076e-05
-2.02506e+08 -5.25092e-05
-2.02897e+08 -5.26107e-05
-2.03289e+08 -5.27122e-05
-2.0368e+08 -5.28138e-05
-2.04072e+08 -5.29153e-05
-2.04463e+08 -5.30168e-05
-2.04855e+08 -5.31183e-05
-2.05246e+08 -5.32199e-05
-2.05638e+08 -5.33214e-05
-2.06029e+08 -5.34229e-05
-2.06421e+08 -5.35244e-05
-2.06812e+08 -5.3626e-05
-2.07204e+08 -5.37275e-05
-2.07596e+08 -5.3829e-05
-2.07987e+08 -5.39305e-05
-2.08379e+08 -5.4032e-05
-2.0877e+08 -5.41336e-05
-2.09162e+08 -5.42351e-05
-2.09553e+08 -5.43366e-05
-2.09945e+08 -5.44381e-05
-2.10336e+08 -5.45396e-05
-2.10728e+08 -5.46411e-05
-2.11119e+08 -5.47426e-05
-2.11511e+08 -5.48441e-05
-2.11902e+08 -5.49457e-05
-2.12294e+08 -5.50472e-05
-2.12685e+08 -5.51487e-05
-2.13076e+08 -5.52502e-05
-2.13468e+08 -5.53517e-05
-2.13859e+08 -5.54532e-05
-2.14251e+08 -5.55547e-05
-2.14642e+08 -5.56562e-05
-2.15034e+08 -5.57577e-05
-2.15425e+08 -5.58592e-05
-2.15817e+08 -5.59607e-05
-2.16208e+08 -5.60622e-05
-2.166e+08 -5.61637e-05
-2.16991e+08 -5.62652e-05
-2.17382e+08 -5.63667e-05
-2.17774e+08 -5.64682e-05
-2.18165e+08 -5.65697e-05
-2.18557e+08 -5.66712e-05
-2.18948e+08 -5.67727e-05
-2.1934e+08 -5.68742e-05
-2.19731e+08 -5.69757e-05
-2.20122e+08 -5.70772e-05
-2.20514e+08 -5.71787e-05
-2.20905e+08 -5.72802e-05
-2.21297e+08 -5.73816e-05
-2.21688e+08 -5.74831e-05
-2.22079e+08 -5.75846e-05
-2.22471e+08 -5.76861e-05
-2.22862e+08 -5.77876e-05
-2.23254e+08 -5.78891e-05
-2.23645e+08 -5.79906e-05
-2.24036e+08 -5.8092e-05
-2.24428e+08 -5.81935e-05
-2.24819e+08 -5.8295e-05
-2.2521e+08 -5.83965e-05
-2.25602e+08 -5.8498e-05
-2.25993e+08 -5.85994e-05
-2.26384e+08 -5.87009e-05
-2.26776e+08 -5.88024e-05
-2.27167e+08 -5.89039e-05
-2.27559e+08 -5.90053e-05
-2.2795e+08 -5.91068e-05
-2.28341e+08 -5.92083e-05
-2.28733e+08 -5.93098e-05
-2.29124e+08 -5.94112e-05
-2.29515e+08 -5.95127e-05
-2.29907e+08 -5.96142e-05
-2.30298e+08 -5.97156e-05
-2.30689e+08 -5.98171e-05
-2.3108e+08 -5.99186e-05
-2.31472e+08 -6.002e-05
-2.31863e+08 -6.01215e-05
-2.32254e+08 -6.0223e-05
-2.32646e+08 -6.03244e-05
-2.33037e+08 -6.04259e-05
-2.33428e+08 -6.05274e-05
-2.3382e+08 -6.06288e-05
-2.34211e+08 -6.07303e-05
-2.34602e+08 -6.08317e-05
-2.34993e+08 -6.09332e-05
-2.35385e+08 -6.10347e-05
-2.35776e+08 -6.11361e-05
-2.36167e+08 -6.12376e-05
-2.36559e+08 -6.1339e-05
-2.3695e+08 -6.14405e-05
-2.37341e+08 -6.15419e-05
-2.37732e+08 -6.16434e-05
-2.38124e+08 -6.17448e-05
-2.38515e+08 -6.18463e-05
-2.38906e+08 -6.19477e-05
-2.39297e+08 -6.20492e-05
-2.39688e+08 -6.21506e-05
-2.4008e+08 -6.22521e-05
-2.40471e+08 -6.23535e-05
-2.40862e+08 -6.2455e-05
-2.41253e+08 -6.25564e-05
-2.41645e+08 -6.26578e-05
-2.42036e+08 -6.27593e-05
-2.42427e+08 -6.28607e-05
-2.42818e+08 -6.29622e-05
-2.4321e+08 -6.30636e-05
-2.43601e+08 -6.3165e-05
-2.43992e+08 -6.32665e-05
-2.44383e+08 -6.33679e-05
-2.44774e+08 -6.34694e-05
-2.45165e+08 -6.35708e-05
-2.45557e+08 -6.36722e-05
-2.45948e+08 -6.37737e-05
-2.46339e+08 -6.38751e-05
-2.4673e+08 -6.39765e-05
-2.47121e+08 -6.4078e-05
-2.47513e+08 -6.41794e-05
-2.47904e+08 -6.42808e-05
-2.48295e+08 -6.43822e-05
-2.48686e+08 -6.44837e-05
-2.49077e+08 -6.45851e-05
-2.49468e+08 -6.46865e-05
-2.49859e+08 -6.47879e-05
-2.50251e+08 -6.48894e-05
-2.50642e+08 -6.49908e-05
-2.51033e+08 -6.50922e-05
-2.51424e+08 -6.51936e-05
-2.51815e+08 -6.5295e-05
-2.52206e+08 -6.53965e-05
-2.52597e+08 -6.54979e-05
-2.52989e+08 -6.55993e-05
-2.5338e+08 -6.57007e-05
-2.53771e+08 -6.58021e-05
-2.54162e+08 -6.59035e-05
-2.54553e+08 -6.60049e-05
-2.54944e+08 -6.61064e-05
-2.55335e+08 -6.62078e-05
-2.55726e+08 -6.63092e-05
-2.56117e+08 -6.64106e-05
-2.56508e+08 -6.6512e-05
-2.569e+08 -6.66134e-05
-2.57291e+08 -6.67148e-05
-2.57682e+08 -6.68162e-05
-2.58073e+08 -6.69176e-05
-2.58464e+08 -6.7019e-05
-2.58855e+08 -6.71204e-05
-2.59246e+08 -6.72218e-05
-2.59637e+08 -6.73232e-05
-2.60028e+08 -6.74246e-05
-2.60419e+08 -6.7526e-05
-2.6081e+08 -6.76274e-05
-2.61201e+08 -6.77288e-05
-2.61592e+08 -6.78302e-05
-2.61983e+08 -6.79316e-05
-2.62374e+08 -6.8033e-05
-2.62765e+08 -6.81344e-05
-2.63156e+08 -6.82358e-05
-2.63548e+08 -6.83372e-05
-2.63939e+08 -6.84386e-05
-2.6433e+08 -6.854e-05
-2.64721e+08 -6.86414e-05
-2.65112e+08 -6.87428e-05
-2.65503e+08 -6.88442e-05
-2.65894e+08 -6.89455e-05
-2.66285e+08 -6.90469e-05
-2.66676e+08 -6.91483e-05
-2.67067e+08 -6.92497e-05
-2.67458e+08 -6.93511e-05
-2.67849e+08 -6.94525e-05
-2.6824e+08 -6.95538e-05
-2.68631e+08 -6.96552e-05
-2.69022e+08 -6.97566e-05
-2.69413e+08 -6.9858e-05
-2.69804e+08 -6.99594e-05
-2.70194e+08 -7.00607e-05
-2.70585e+08 -7.01621e-05
-2.70976e+08 -7.02635e-05
-2.71367e+08 -7.03649e-05
-2.71758e+08 -7.04662e-05
-2.72149e+08 -7.05676e-05
-2.7254e+08 -7.0669e-05
-2.72931e+08 -7.07704e-05
-2.73322e+08 -7.08717e-05
-2.73713e+08 -7.09731e-05
-2.74104e+08 -7.10745e-05
-2.74495e+08 -7.11758e-05
-2.74886e+08 -7.12772e-05
-2.75277e+08 -7.13786e-05
-2.75668e+08 -7.14799e-05
-2.76059e+08 -7.15813e-05
-2.7645e+08 -7.16827e-05
-2.7684e+08 -7.1784e-05
-2.77231e+08 -7.18854e-05
-2.77622e+08 -7.19867e-05
-2.78013e+08 -7.20881e-05
-2.78404e+08 -7.21895e-05
-2.78795e+08 -7.22908e-05
-2.79186e+08 -7.23922e-05
-2.79577e+08 -7.24935e-05
-2.79968e+08 -7.25949e-05
-2.80358e+08 -7.26962e-05
-2.80749e+08 -7.27976e-05
-2.8114e+08 -7.28989e-05
-2.81531e+08 -7.30003e-05
-2.81922e+08 -7.31016e-05
-2.82313e+08 -7.3203e-05
-2.82704e+08 -7.33043e-05
-2.83095e+08 -7.34057e-05
-2.83485e+08 -7.3507e-05
-2.83876e+08 -7.36084e-05
-2.84267e+08 -7.37097e-05
-2.84658e+08 -7.38111e-05
-2.85049e+08 -7.39124e-05
-2.8544e+08 -7.40138e-05
-2.8583e+08 -7.41151e-05
-2.86221e+08 -7.42164e-05
-2.86612e+08 -7.43178e-05
-2.87003e+08 -7.44191e-05
-2.87394e+08 -7.45205e-05
-2.87785e+08 -7.46218e-05
-2.88175e+08 -7.47231e-05
-2.88566e+08 -7.48245e-05
-2.88957e+08 -7.49258e-05
-2.89348e+08 -7.50271e-05
-2.89739e+08 -7.51285e-05
-2.90129e+08 -7.52298e-05
-2.9052e+08 -7.53311e-05
-2.90911e+08 -7.54325e-05
-2.91302e+08 -7.55338e-05
-2.91692e+08 -7.56351e-05
-2.92083e+08 -7.57364e-05
-2.92474e+08 -7.58378e-05
-2.92865e+08 -7.59391e-05
-2.93256e+08 -7.60404e-05
-2.93646e+08 -7.61417e-05
-2.94037e+08 -7.62431e-05
-2.94428e+08 -7.63444e-05
-2.94819e+08 -7.64457e-05
-2.95209e+08 -7.6547e-05
-2.956e+08 -7.66484e-05
-2.95991e+08 -7.67497e-05
-2.96382e+08 -7.6851e-05
-2.96772e+08 -7.69523e-05
-2.97163e+08 -7.70536e-05
-2.97554e+08 -7.71549e-05
-2.97944e+08 -7.72562e-05
-2.98335e+08 -7.73576e-05
-2.98726e+08 -7.74589e-05
-2.99117e+08 -7.75602e-05
-2.99507e+08 -7.76615e-05
-2.99898e+08 -7.77628e-05
-3.00289e+08 -7.78641e-05
-3.00679e+08 -7.79654e-05
-3.0107e+08 -7.80667e-05
-3.01461e+08 -7.8168e-05
-3.01852e+08 -7.82693e-05
-3.02242e+08 -7.83706e-05
-3.02633e+08 -7.84719e-05
-3.03024e+08 -7.85732e-05
-3.03414e+08 -7.86745e-05
-3.03805e+08 -7.87758e-05
-3.04196e+08 -7.88771e-05
-3.04586e+08 -7.89784e-05
-3.04977e+08 -7.90797e-05
-3.05368e+08 -7.9181e-05
-3.05758e+08 -7.92823e-05
-3.06149e+08 -7.93836e-05
-3.0654e+08 -7.94849e-05
-3.0693e+08 -7.95862e-05
-3.07321e+08 -7.96875e-05
-3.07711e+08 -7.97888e-05
-3.08102e+08 -7.98901e-05
-3.08493e+08 -7.99914e-05
-3.08883e+08 -8.00927e-05
-3.09274e+08 -8.0194e-05
-3.09665e+08 -8.02952e-05
-3.10055e+08 -8.03965e-05
-3.10446e+08 -8.04978e-05
-3.10836e+08 -8.05991e-05
-3.11227e+08 -8.07004e-05
-3.11618e+08 -8.08017e-05
-3.12008e+08 -8.0903e-05
-3.12399e+08 -8.10042e-05
-3.12789e+08 -8.11055e-05
-3.1318e+08 -8.12068e-05
-3.13571e+08 -8.13081e-05
-3.13961e+08 -8.14093e-05
-3.14352e+08 -8.15106e-05
-3.14742e+08 -8.16119e-05
-3.15133e+08 -8.17132e-05
-3.15524e+08 -8.18144e-05
-3.15914e+08 -8.19157e-05
-3.16305e+08 -8.2017e-05
-3.16695e+08 -8.21183e-05
-3.17086e+08 -8.22195e-05
-3.17476e+08 -8.23208e-05
-3.17867e+08 -8.24221e-05
-3.18257e+08 -8.25233e-05
-3.18648e+08 -8.26246e-05
-3.19038e+08 -8.27259e-05
-3.19429e+08 -8.28271e-05
-3.1982e+08 -8.29284e-05
-3.2021e+08 -8.30297e-05
-3.20601e+08 -8.31309e-05
-3.20991e+08 -8.32322e-05
-3.21382e+08 -8.33334e-05
-3.21772e+08 -8.34347e-05
-3.22163e+08 -8.3536e-05
-3.22553e+08 -8.36372e-05
-3.22944e+08 -8.37385e-05
-3.23334e+08 -8.38397e-05
-3.23725e+08 -8.3941e-05
-3.24115e+08 -8.40422e-05
-3.24506e+08 -8.41435e-05
-3.24896e+08 -8.42447e-05
-3.25287e+08 -8.4346e-05
-3.25677e+08 -8.44472e-05
-3.26068e+08 -8.45485e-05
-3.26458e+08 -8.46497e-05
-3.26849e+08 -8.4751e-05
-3.27239e+08 -8.48522e-05
-3.27629e+08 -8.49535e-05
-3.2802e+08 -8.50547e-05
-3.2841e+08 -8.5156e-05
-3.28801e+08 -8.52572e-05
-3.29191e+08 -8.53585e-05
-3.29582e+08 -8.54597e-05
-3.29972e+08 -8.55609e-05
-3.30363e+08 -8.56622e-05
-3.30753e+08 -8.57634e-05
-3.31143e+08 -8.58647e-05
-3.31534e+08 -8.59659e-05
-3.31924e+08 -8.60671e-05
-3.32315e+08 -8.61684e-05
-3.32705e+08 -8.62696e-05
-3.33096e+08 -8.63708e-05
-3.33486e+08 -8.64721e-05
-3.33876e+08 -8.65733e-05
-3.34267e+08 -8.66745e-05
-3.34657e+08 -8.67758e-05
-3.35048e+08 -8.6877e-05
-3.35364e+08 -8.69591e-05
-3.35549e+08 -8.70069e-05
-3.35733e+08 -8.70548e-05
-3.35918e+08 -8.71026e-05
-3.36102e+08 -8.71504e-05
-3.36287e+08 -8.71982e-05
-3.36471e+08 -8.72461e-05
-3.36655e+08 -8.72939e-05
-3.36756e+08 -8.73201e-05
-3.36721e+08 -8.73109e-05
-3.36686e+08 -8.73017e-05
-3.3665e+08 -8.72925e-05
-3.36615e+08 -8.72834e-05
-3.36579e+08 -8.72742e-05
-3.36544e+08 -8.7265e-05
-3.36509e+08 -8.72559e-05
-3.36473e+08 -8.72467e-05
-3.36438e+08 -8.72375e-05
-3.36403e+08 -8.72284e-05
-3.36367e+08 -8.72192e-05
-3.36332e+08 -8.721e-05
-3.36297e+08 -8.72009e-05
-3.36261e+08 -8.71917e-05
-3.36226e+08 -8.71825e-05
-3.36191e+08 -8.71734e-05
-3.36155e+08 -8.71642e-05
-3.3612e+08 -8.7155e-05
-3.36084e+08 -8.71459e-05
-3.36049e+08 -8.71367e-05
-3.36014e+08 -8.71275e-05
-3.35978e+08 -8.71184e-05
-3.35943e+08 -8.71092e-05
-3.35908e+08 -8.71e-05
-3.35872e+08 -8.70909e-05
-3.35837e+08 -8.70817e-05
-3.35802e+08 -8.70725e-05
-3.35766e+08 -8.70634e-05
-3.35731e+08 -8.70542e-05
-3.35696e+08 -8.7045e-05
-3.3566e+08 -8.70359e-05
-3.35625e+08 -8.70267e-05
-3.3559e+08 -8.70175e-05
-3.35554e+08 -8.70084e-05
-3.35519e+08 -8.69992e-05
-3.35484e+08 -8.699e-05
-3.35448e+08 -8.69809e-05
-3.35413e+08 -8.69717e-05
-3.35377e+08 -8.69625e-05
-3.35342e+08 -8.69534e-05
-3.35307e+08 -8.69442e-05
-3.35271e+08 -8.6935e-05
-3.35236e+08 -8.69259e-05
-3.35201e+08 -8.69167e-05
-3.35165e+08 -8.69075e-05
-3.3513e+08 -8.68984e-05
-3.35095e+08 -8.68892e-05
-3.35059e+08 -8.688e-05
-3.35024e+08 -8.68709e-05
-3.34989e+08 -8.68617e-05
-3.34953e+08 -8.68525e-05
-3.34918e+08 -8.68434e-05
-3.34883e+08 -8.68342e-05
-3.34847e+08 -8.68251e-05
-3.34812e+08 -8.68159e-05
-3.34777e+08 -8.68067e-05
-3.34741e+08 -8.67976e-05
-3.34706e+08 -8.67884e-05
-3.34671e+08 -8.67792e-05
-3.34635e+08 -8.67701e-05
-3.346e+08 -8.67609e-05
-3.34565e+08 -8.67517e-05
-3.34529e+08 -8.67426e-05
-3.34494e+08 -8.67334e-05
-3.34459e+08 -8.67242e-05
-3.34423e+08 -8.67151e-05
-3.34388e+08 -8.67059e-05
-3.34353e+08 -8.66968e-05
-3.34317e+08 -8.66876e-05
-3.34282e+08 -8.66784e-05
-3.34246e+08 -8.66693e-05
-3.34211e+08 -8.66601e-05
-3.34176e+08 -8.66509e-05
-3.3414e+08 -8.66418e-05
-3.34105e+08 -8.66326e-05
-3.3407e+08 -8.66234e-05
-3.34034e+08 -8.66143e-05
-3.33999e+08 -8.66051e-05
-3.33964e+08 -8.6596e-05
-3.33928e+08 -8.65868e-05
-3.33893e+08 -8.65776e-05
-3.33858e+08 -8.65685e-05
-3.33822e+08 -8.65593e-05
-3.33787e+08 -8.65501e-05
-3.33752e+08 -8.6541e-05
-3.33716e+08 -8.65318e-05
-3.33681e+08 -8.65227e-05
-3.33646e+08 -8.65135e-05
-3.3361e+08 -8.65043e-05
-3.33575e+08 -8.64952e-05
-3.3354e+08 -8.6486e-05
-3.33504e+08 -8.64769e-05
-3.33469e+08 -8.64677e-05
-3.33434e+08 -8.64585e-05
-3.33398e+08 -8.64494e-05
-3.33363e+08 -8.64402e-05
-3.33328e+08 -8.6431e-05
-3.33292e+08 -8.64219e-05
-3.33257e+08 -8.64127e-05
-3.33222e+08 -8.64036e-05
-3.33186e+08 -8.63944e-05
-3.33151e+08 -8.63852e-05
-3.33116e+08 -8.63761e-05
-3.3308e+08 -8.63669e-05
-3.33045e+08 -8.63578e-05
-3.3301e+08 -8.63486e-05
-3.32974e+08 -8.63394e-05
-3.32939e+08 -8.63303e-05
-3.32904e+08 -8.63211e-05
-3.32868e+08 -8.63119e-05
-3.32833e+08 -8.63028e-05
-3.32798e+08 -8.62936e-05
-3.32762e+08 -8.62845e-05
-3.32727e+08 -8.62753e-05
-3.32692e+08 -8.62661e-05
-3.32657e+08 -8.6257e-05
-3.32621e+08 -8.62478e-05
-3.32586e+08 -8.62387e-05
-3.32551e+08 -8.62295e-05
-3.32515e+08 -8.62204e-05
-3.3248e+08 -8.62112e-05
-3.32445e+08 -8.6202e-05
-3.32409e+08 -8.61929e-05
-3.32374e+08 -8.61837e-05
-3.32339e+08 -8.61746e-05
-3.32303e+08 -8.61654e-05
-3.32268e+08 -8.61562e-05
-3.32233e+08 -8.61471e-05
-3.32197e+08 -8.61379e-05
-3.32162e+08 -8.61288e-05
-3.32127e+08 -8.61196e-05
-3.32091e+08 -8.61104e-05
-3.32056e+08 -8.61013e-05
-3.32021e+08 -8.60921e-05
-3.31985e+08 -8.6083e-05
-3.3195e+08 -8.60738e-05
-3.31915e+08 -8.60646e-05
-3.31879e+08 -8.60555e-05
-3.31844e+08 -8.60463e-05
-3.31809e+08 -8.60372e-05
-3.31773e+08 -8.6028e-05
-3.31738e+08 -8.60189e-05
-3.31703e+08 -8.60097e-05
-3.31667e+08 -8.60005e-05
-3.31632e+08 -8.59914e-05
-3.31597e+08 -8.59822e-05
-3.31562e+08 -8.59731e-05
-3.31526e+08 -8.59639e-05
-3.31491e+08 -8.59547e-05
-3.31456e+08 -8.59456e-05
-3.3142e+08 -8.59364e-05
-3.31385e+08 -8.59273e-05
-3.3135e+08 -8.59181e-05
-3.31314e+08 -8.5909e-05
-3.31279e+08 -8.58998e-05
-3.31244e+08 -8.58906e-05
-3.31208e+08 -8.58815e-05
-3.31173e+08 -8.58723e-05
-3.31138e+08 -8.58632e-05
-3.31102e+08 -8.5854e-05
-3.31067e+08 -8.58449e-05
-3.31032e+08 -8.58357e-05
-3.30996e+08 -8.58265e-05
-3.30961e+08 -8.58174e-05
-3.30926e+08 -8.58082e-05
-3.30891e+08 -8.57991e-05
-3.30855e+08 -8.57899e-05
-3.3082e+08 -8.57808e-05
-3.30785e+08 -8.57716e-05
-3.30749e+08 -8.57625e-05
-3.30714e+08 -8.57533e-05
-3.30679e+08 -8.57441e-05
-3.30643e+08 -8.5735e-05
-3.30608e+08 -8.57258e-05
-3.30573e+08 -8.57167e-05
-3.30537e+08 -8.57075e-05
-3.30502e+08 -8.56984e-05
-3.30467e+08 -8.56892e-05
-3.30432e+08 -8.56801e-05
-3.30396e+08 -8.56709e-05
-3.30361e+08 -8.56617e-05
-3.30326e+08 -8.56526e-05
-3.3029e+08 -8.56434e-05
-3.30255e+08 -8.56343e-05
-3.3022e+08 -8.56251e-05
-3.30184e+08 -8.5616e-05
-3.30149e+08 -8.56068e-05
-3.30114e+08 -8.55977e-05
-3.30078e+08 -8.55885e-05
-3.30043e+08 -8.55793e-05
-3.30008e+08 -8.55702e-05
-3.29973e+08 -8.5561e-05
-3.29937e+08 -8.55519e-05
-3.29902e+08 -8.55427e-05
-3.29867e+08 -8.55336e-05
-3.29831e+08 -8.55244e-05
-3.29796e+08 -8.55153e-05
-3.29761e+08 -8.55061e-05
-3.29725e+08 -8.5497e-05
-3.2969e+08 -8.54878e-05
-3.29655e+08 -8.54787e-05
-3.2962e+08 -8.54695e-05
-3.29584e+08 -8.54603e-05
-3.29549e+08 -8.54512e-05
-3.29514e+08 -8.5442e-05
-3.29478e+08 -8.54329e-05
-3.29443e+08 -8.54237e-05
-3.29408e+08 -8.54146e-05
-3.29372e+08 -8.54054e-05
-3.29337e+08 -8.53963e-05
-3.29302e+08 -8.53871e-05
-3.29266e+08 -8.5378e-05
-3.29231e+08 -8.53688e-05
-3.29196e+08 -8.53597e-05
-3.29161e+08 -8.53505e-05
-3.29125e+08 -8.53413e-05
-3.2909e+08 -8.53322e-05
-3.29055e+08 -8.5323e-05
-3.29019e+08 -8.53139e-05
-3.28984e+08 -8.53047e-05
-3.28949e+08 -8.52956e-05
-3.28913e+08 -8.52864e-05
-3.28878e+08 -8.52773e-05
-3.28843e+08 -8.52681e-05
-3.28808e+08 -8.5259e-05
-3.28772e+08 -8.52498e-05
-3.28737e+08 -8.52407e-05
-3.28702e+08 -8.52315e-05
-3.28666e+08 -8.52224e-05
-3.28631e+08 -8.52132e-05
-3.28596e+08 -8.52041e-05
-3.28561e+08 -8.51949e-05
-3.28525e+08 -8.51858e-05
-3.2849e+08 -8.51766e-05
-3.28455e+08 -8.51675e-05
-3.28419e+08 -8.51583e-05
-3.28384e+08 -8.51492e-05
-3.28349e+08 -8.514e-05
-3.28314e+08 -8.51309e-05
-3.28278e+08 -8.51217e-05
-3.28243e+08 -8.51126e-05
-3.28208e+08 -8.51034e-05
-3.28172e+08 -8.50943e-05
-3.28137e+08 -8.50851e-05
-3.28102e+08 -8.5076e-05
-3.28066e+08 -8.50668e-05
-3.28031e+08 -8.50577e-05
-3.27996e+08 -8.50485e-05
-3.27961e+08 -8.50394e-05
-3.27925e+08 -8.50302e-05
-3.2789e+08 -8.50211e-05
-3.27855e+08 -8.50119e-05
-3.27819e+08 -8.50028e-05
-3.27784e+08 -8.49936e-05
-3.27749e+08 -8.49845e-05
-3.27714e+08 -8.49753e-05
-3.27678e+08 -8.49662e-05
-3.27643e+08 -8.4957e-05
-3.27608e+08 -8.49479e-05
-3.27572e+08 -8.49387e-05
-3.27537e+08 -8.49296e-05
-3.27502e+08 -8.49204e-05
-3.27467e+08 -8.49113e-05
-3.27431e+08 -8.49021e-05
-3.27396e+08 -8.4893e-05
-3.27361e+08 -8.48838e-05
-3.27325e+08 -8.48747e-05
-3.2729e+08 -8.48655e-05
-3.27255e+08 -8.48564e-05
-3.2722e+08 -8.48472e-05
-3.27184e+08 -8.48381e-05
-3.27149e+08 -8.48289e-05
-3.27114e+08 -8.48198e-05
-3.27079e+08 -8.48106e-05
-3.27043e+08 -8.48015e-05
-3.27008e+08 -8.47923e-05
-3.26973e+08 -8.47832e-05
-3.26937e+08 -8.4774e-05
-3.26902e+08 -8.47649e-05
-3.26867e+08 -8.47557e-05
-3.26832e+08 -8.47466e-05
-3.26796e+08 -8.47374e-05
-3.26761e+08 -8.47283e-05
-3.26726e+08 -8.47192e-05
-3.2669e+08 -8.471e-05
-3.26655e+08 -8.47009e-05
-3.2662e+08 -8.46917e-05
-3.26585e+08 -8.46826e-05
-3.26549e+08 -8.46734e-05
-3.26514e+08 -8.46643e-05
-3.26479e+08 -8.46551e-05
-3.26443e+08 -8.4646e-05
-3.26408e+08 -8.46368e-05
-3.26373e+08 -8.46277e-05
-3.26338e+08 -8.46185e-05
-3.26302e+08 -8.46094e-05
-3.26267e+08 -8.46002e-05
-3.26232e+08 -8.45911e-05
-3.26197e+08 -8.45819e-05
-3.26161e+08 -8.45728e-05
-3.26126e+08 -8.45636e-05
-3.26091e+08 -8.45545e-05
-3.26055e+08 -8.45454e-05
-3.2602e+08 -8.45362e-05
-3.25985e+08 -8.45271e-05
-3.2595e+08 -8.45179e-05
-3.25914e+08 -8.45088e-05
-3.25879e+08 -8.44996e-05
-3.25844e+08 -8.44905e-05
-3.25809e+08 -8.44813e-05
-3.25773e+08 -8.44722e-05
-3.25738e+08 -8.4463e-05
-3.25703e+08 -8.44539e-05
-3.25667e+08 -8.44447e-05
-3.25632e+08 -8.44356e-05
-3.25597e+08 -8.44265e-05
-3.25562e+08 -8.44173e-05
-3.25526e+08 -8.44082e-05
-3.25491e+08 -8.4399e-05
-3.25456e+08 -8.43899e-05
-3.25421e+08 -8.43807e-05
-3.25385e+08 -8.43716e-05
-3.2535e+08 -8.43624e-05
-3.25315e+08 -8.43533e-05
-3.2528e+08 -8.43442e-05
-3.25244e+08 -8.4335e-05
-3.25209e+08 -8.43259e-05
-3.25174e+08 -8.43167e-05
-3.25138e+08 -8.43076e-05
-3.25103e+08 -8.42984e-05
-3.25068e+08 -8.42893e-05
-3.25033e+08 -8.42801e-05
-3.24997e+08 -8.4271e-05
-3.24962e+08 -8.42619e-05
-3.24927e+08 -8.42527e-05
-3.24892e+08 -8.42436e-05
-3.24856e+08 -8.42344e-05
-3.24821e+08 -8.42253e-05
-3.24786e+08 -8.42161e-05
-3.24751e+08 -8.4207e-05
-3.24715e+08 -8.41979e-05
-3.2468e+08 -8.41887e-05
-3.24645e+08 -8.41796e-05
-3.24609e+08 -8.41704e-05
-3.24574e+08 -8.41613e-05
-3.24539e+08 -8.41521e-05
-3.24504e+08 -8.4143e-05
-3.24468e+08 -8.41338e-05
-3.24433e+08 -8.41247e-05
-3.24398e+08 -8.41156e-05
-3.24363e+08 -8.41064e-05
-3.24327e+08 -8.40973e-05
-3.24292e+08 -8.40881e-05
-3.24257e+08 -8.4079e-05
-3.24222e+08 -8.40699e-05
-3.24186e+08 -8.40607e-05
-3.24151e+08 -8.40516e-05
-3.24116e+08 -8.40424e-05
-3.24081e+08 -8.40333e-05
-3.24045e+08 -8.40241e-05
-3.2401e+08 -8.4015e-05
-3.23975e+08 -8.40059e-05
-3.2394e+08 -8.39967e-05
-3.23904e+08 -8.39876e-05
-3.23869e+08 -8.39784e-05
-3.23834e+08 -8.39693e-05
-3.23799e+08 -8.39601e-05
-3.23763e+08 -8.3951e-05
-3.23728e+08 -8.39419e-05
-3.23693e+08 -8.39327e-05
-3.23658e+08 -8.39236e-05
-3.23622e+08 -8.39144e-05
-3.23587e+08 -8.39053e-05
-3.23552e+08 -8.38962e-05
-3.23517e+08 -8.3887e-05
-3.23481e+08 -8.38779e-05
-3.23446e+08 -8.38687e-05
-3.23411e+08 -8.38596e-05
-3.23376e+08 -8.38505e-05
-3.2334e+08 -8.38413e-05
-3.23305e+08 -8.38322e-05
-3.2327e+08 -8.3823e-05
-3.23235e+08 -8.38139e-05
-3.23199e+08 -8.38048e-05
-3.23164e+08 -8.37956e-05
-3.23129e+08 -8.37865e-05
-3.23094e+08 -8.37773e-05
-3.23058e+08 -8.37682e-05
-3.23023e+08 -8.37591e-05
-3.22988e+08 -8.37499e-05
-3.22953e+08 -8.37408e-05
-3.22917e+08 -8.37316e-05
-3.22882e+08 -8.37225e-05
-3.22847e+08 -8.37133e-05
-3.22812e+08 -8.37042e-05
-3.22776e+08 -8.36951e-05
-3.22741e+08 -8.36859e-05
-3.22706e+08 -8.36768e-05
-3.22671e+08 -8.36677e-05
-3.22635e+08 -8.36585e-05
-3.226e+08 -8.36494e-05
-3.22565e+08 -8.36402e-05
-3.2253e+08 -8.36311e-05
-3.22494e+08 -8.3622e-05
-3.22459e+08 -8.36128e-05
-3.22424e+08 -8.36037e-05
-3.22389e+08 -8.35945e-05
-3.22353e+08 -8.35854e-05
-3.22318e+08 -8.35763e-05
-3.22283e+08 -8.35671e-05
-3.22248e+08 -8.3558e-05
-3.22212e+08 -8.35489e-05
-3.22177e+08 -8.35397e-05
-3.22142e+08 -8.35306e-05
-3.22107e+08 -8.35214e-05
-3.22071e+08 -8.35123e-05
-3.22036e+08 -8.35032e-05
-3.22001e+08 -8.3494e-05
-3.21966e+08 -8.34849e-05
-3.2193e+08 -8.34758e-05
-3.21895e+08 -8.34666e-05
-3.2186e+08 -8.34575e-05
-3.21825e+08 -8.34483e-05
-3.2179e+08 -8.34392e-05
-3.21754e+08 -8.34301e-05
-3.21719e+08 -8.34209e-05
-3.21684e+08 -8.34118e-05
-3.21649e+08 -8.34027e-05
-3.21613e+08 -8.33935e-05
-3.21578e+08 -8.33844e-05
-3.21543e+08 -8.33752e-05
-3.21508e+08 -8.33661e-05
-3.21472e+08 -8.3357e-05
-3.21437e+08 -8.33478e-05
-3.21402e+08 -8.33387e-05
-3.21367e+08 -8.33296e-05
-3.21331e+08 -8.33204e-05
-3.21296e+08 -8.33113e-05
-3.21261e+08 -8.33022e-05
-3.21226e+08 -8.3293e-05
-3.21191e+08 -8.32839e-05
-3.21155e+08 -8.32747e-05
-3.2112e+08 -8.32656e-05
-3.21085e+08 -8.32565e-05
-3.2105e+08 -8.32473e-05
-3.21014e+08 -8.32382e-05
-3.20979e+08 -8.32291e-05
-3.20944e+08 -8.32199e-05
-3.20909e+08 -8.32108e-05
-3.20873e+08 -8.32017e-05
-3.20838e+08 -8.31925e-05
-3.20803e+08 -8.31834e-05
-3.20768e+08 -8.31743e-05
-3.20732e+08 -8.31651e-05
-3.20697e+08 -8.3156e-05
-3.20662e+08 -8.31469e-05
-3.20627e+08 -8.31377e-05
-3.20592e+08 -8.31286e-05
-3.20556e+08 -8.31194e-05
-3.20521e+08 -8.31103e-05
-3.20486e+08 -8.31012e-05
-3.20451e+08 -8.3092e-05
-3.20415e+08 -8.30829e-05
-3.2038e+08 -8.30738e-05
-3.20345e+08 -8.30646e-05
-3.2031e+08 -8.30555e-05
-3.20275e+08 -8.30464e-05
-3.20239e+08 -8.30372e-05
-3.20204e+08 -8.30281e-05
-3.20169e+08 -8.3019e-05
-3.20134e+08 -8.30098e-05
-3.20098e+08 -8.30007e-05
-3.20063e+08 -8.29916e-05
-3.20028e+08 -8.29824e-05
-3.19993e+08 -8.29733e-05
-3.19958e+08 -8.29642e-05
-3.19922e+08 -8.2955e-05
-3.19887e+08 -8.29459e-05
-3.19852e+08 -8.29368e-05
-3.19817e+08 -8.29276e-05
-3.19781e+08 -8.29185e-05
-3.19746e+08 -8.29094e-05
-3.19711e+08 -8.29002e-05
-3.19676e+08 -8.28911e-05
-3.19641e+08 -8.2882e-05
-3.19605e+08 -8.28728e-05
-3.1957e+08 -8.28637e-05
-3.19535e+08 -8.28546e-05
-3.195e+08 -8.28454e-05
-3.19464e+08 -8.28363e-05
-3.19429e+08 -8.28272e-05
-3.19394e+08 -8.2818e-05
-3.19359e+08 -8.28089e-05
-3.19324e+08 -8.27998e-05
-3.19288e+08 -8.27906e-05
-3.19253e+08 -8.27815e-05
-3.19218e+08 -8.27724e-05
-3.19183e+08 -8.27633e-05
-3.19147e+08 -8.27541e-05
-3.19112e+08 -8.2745e-05
-3.19077e+08 -8.27359e-05
-3.19042e+08 -8.27267e-05
-3.19007e+08 -8.27176e-05
-3.18971e+08 -8.27085e-05
-3.18936e+08 -8.26993e-05
-3.18901e+08 -8.26902e-05
-3.18866e+08 -8.26811e-05
-3.1883e+08 -8.26719e-05
-3.18795e+08 -8.26628e-05
-3.1876e+08 -8.26537e-05
-3.18725e+08 -8.26445e-05
-3.1869e+08 -8.26354e-05
-3.18654e+08 -8.26263e-05
-3.18619e+08 -8.26172e-05
-3.18584e+08 -8.2608e-05
-3.18549e+08 -8.25989e-05
-3.18514e+08 -8.25898e-05
-3.18478e+08 -8.25806e-05
-3.18443e+08 -8.25715e-05
-3.18408e+08 -8.25624e-05
-3.18373e+08 -8.25532e-05
-3.18338e+08 -8.25441e-05
-3.18302e+08 -8.2535e-05
-3.18267e+08 -8.25259e-05
-3.18232e+08 -8.25167e-05
-3.18197e+08 -8.25076e-05
-3.18161e+08 -8.24985e-05
-3.18126e+08 -8.24893e-05
-3.18091e+08 -8.24802e-05
-3.18056e+08 -8.24711e-05
-3.18021e+08 -8.24619e-05
-3.17985e+08 -8.24528e-05
-3.1795e+08 -8.24437e-05
-3.17915e+08 -8.24346e-05
-3.1788e+08 -8.24254e-05
-3.17845e+08 -8.24163e-05
-3.17809e+08 -8.24072e-05
-3.17774e+08 -8.2398e-05
-3.17739e+08 -8.23889e-05
-3.17704e+08 -8.23798e-05
-3.17669e+08 -8.23707e-05
-3.17633e+08 -8.23615e-05
-3.17598e+08 -8.23524e-05
-3.17563e+08 -8.23433e-05
-3.17528e+08 -8.23341e-05
-3.17493e+08 -8.2325e-05
-3.17457e+08 -8.23159e-05
-3.17422e+08 -8.23068e-05
-3.17387e+08 -8.22976e-05
-3.17352e+08 -8.22885e-05
-3.17317e+08 -8.22794e-05
-3.17281e+08 -8.22703e-05
-3.17246e+08 -8.22611e-05
-3.17211e+08 -8.2252e-05
-3.17176e+08 -8.22429e-05
-3.17141e+08 -8.22337e-05
-3.17105e+08 -8.22246e-05
-3.1707e+08 -8.22155e-05
-3.17035e+08 -8.22064e-05
-3.17e+08 -8.21972e-05
-3.16965e+08 -8.21881e-05
-3.16929e+08 -8.2179e-05
-3.16894e+08 -8.21698e-05
-3.16859e+08 -8.21607e-05
-3.16824e+08 -8.21516e-05
-3.16789e+08 -8.21425e-05
-3.16753e+08 -8.21333e-05
-3.16718e+08 -8.21242e-05
-3.16683e+08 -8.21151e-05
-3.16648e+08 -8.2106e-05
-3.16613e+08 -8.20968e-05
-3.16577e+08 -8.20877e-05
-3.16542e+08 -8.20786e-05
-3.16507e+08 -8.20695e-05
-3.16472e+08 -8.20603e-05
-3.16437e+08 -8.20512e-05
-3.16401e+08 -8.20421e-05
-3.16366e+08 -8.20329e-05
-3.16331e+08 -8.20238e-05
-3.16296e+08 -8.20147e-05
-3.16261e+08 -8.20056e-05
-3.16225e+08 -8.19964e-05
-3.1619e+08 -8.19873e-05
-3.16155e+08 -8.19782e-05
-3.1612e+08 -8.19691e-05
-3.16085e+08 -8.19599e-05
-3.16049e+08 -8.19508e-05
-3.16014e+08 -8.19417e-05
-3.15979e+08 -8.19326e-05
-3.15944e+08 -8.19234e-05
-3.15909e+08 -8.19143e-05
-3.15873e+08 -8.19052e-05
-3.15838e+08 -8.18961e-05
-3.15803e+08 -8.18869e-05
-3.15768e+08 -8.18778e-05
-3.15733e+08 -8.18687e-05
-3.15698e+08 -8.18596e-05
-3.15662e+08 -8.18505e-05
-3.15627e+08 -8.18413e-05
-3.15592e+08 -8.18322e-05
-3.15557e+08 -8.18231e-05
-3.15522e+08 -8.18139e-05
-3.15486e+08 -8.18048e-05
-3.15451e+08 -8.17957e-05
-3.15416e+08 -8.17866e-05
-3.15381e+08 -8.17775e-05
-3.15346e+08 -8.17683e-05
-3.1531e+08 -8.17592e-05
-3.15275e+08 -8.17501e-05
-3.1524e+08 -8.1741e-05
-3.15205e+08 -8.17318e-05
-3.1517e+08 -8.17227e-05
-3.15135e+08 -8.17136e-05
-3.15099e+08 -8.17045e-05
-3.15064e+08 -8.16953e-05
-3.15029e+08 -8.16862e-05
-3.14994e+08 -8.16771e-05
-3.14959e+08 -8.1668e-05
-3.14923e+08 -8.16589e-05
-3.14888e+08 -8.16497e-05
-3.14853e+08 -8.16406e-05
-3.14818e+08 -8.16315e-05
-3.14783e+08 -8.16224e-05
-3.14748e+08 -8.16132e-05
-3.14712e+08 -8.16041e-05
-3.14677e+08 -8.1595e-05
-3.14642e+08 -8.15859e-05
-3.14607e+08 -8.15768e-05
-3.14572e+08 -8.15676e-05
-3.14536e+08 -8.15585e-05
-3.14501e+08 -8.15494e-05
-3.14466e+08 -8.15403e-05
-3.14431e+08 -8.15311e-05
-3.14396e+08 -8.1522e-05
-3.14361e+08 -8.15129e-05
-3.14325e+08 -8.15038e-05
-3.1429e+08 -8.14947e-05
-3.14255e+08 -8.14855e-05
-3.1422e+08 -8.14764e-05
-3.14185e+08 -8.14673e-05
-3.1415e+08 -8.14582e-05
-3.14114e+08 -8.1449e-05
-3.14079e+08 -8.14399e-05
-3.14044e+08 -8.14308e-05
-3.14009e+08 -8.14217e-05
-3.13974e+08 -8.14126e-05
-3.13938e+08 -8.14034e-05
-3.13903e+08 -8.13943e-05
-3.13868e+08 -8.13852e-05
-3.13833e+08 -8.13761e-05
-3.13798e+08 -8.1367e-05
-3.13763e+08 -8.13578e-05
-3.13727e+08 -8.13487e-05
-3.13692e+08 -8.13396e-05
-3.13657e+08 -8.13305e-05
-3.13622e+08 -8.13214e-05
-3.13587e+08 -8.13122e-05
-3.13552e+08 -8.13031e-05
-3.13516e+08 -8.1294e-05
-3.13481e+08 -8.12849e-05
-3.13446e+08 -8.12758e-05
-3.13411e+08 -8.12666e-05
-3.13376e+08 -8.12575e-05
-3.13341e+08 -8.12484e-05
-3.13305e+08 -8.12393e-05
-3.1327e+08 -8.12302e-05
-3.13235e+08 -8.1221e-05
-3.132e+08 -8.12119e-05
-3.13165e+08 -8.12028e-05
-3.1313e+08 -8.11937e-05
-3.13094e+08 -8.11846e-05
-3.13059e+08 -8.11754e-05
-3.13024e+08 -8.11663e-05
-3.12989e+08 -8.11572e-05
-3.12954e+08 -8.11481e-05
-3.12919e+08 -8.1139e-05
-3.12883e+08 -8.11299e-05
-3.12848e+08 -8.11207e-05
-3.12813e+08 -8.11116e-05
-3.12778e+08 -8.11025e-05
-3.12743e+08 -8.10934e-05
-3.12708e+08 -8.10843e-05
-3.12672e+08 -8.10751e-05
-3.12637e+08 -8.1066e-05
-3.12602e+08 -8.10569e-05
-3.12567e+08 -8.10478e-05
-3.12532e+08 -8.10387e-05
-3.12497e+08 -8.10296e-05
-3.12461e+08 -8.10204e-05
-3.12426e+08 -8.10113e-05
-3.12391e+08 -8.10022e-05
-3.12356e+08 -8.09931e-05
-3.12321e+08 -8.0984e-05
-3.12286e+08 -8.09749e-05
-3.1225e+08 -8.09657e-05
-3.12215e+08 -8.09566e-05
-3.1218e+08 -8.09475e-05
-3.12145e+08 -8.09384e-05
-3.1211e+08 -8.09293e-05
-3.12075e+08 -8.09202e-05
-3.12039e+08 -8.0911e-05
-3.12004e+08 -8.09019e-05
-3.11969e+08 -8.08928e-05
-3.11934e+08 -8.08837e-05
-3.11899e+08 -8.08746e-05
-3.11864e+08 -8.08655e-05
-3.11828e+08 -8.08563e-05
-3.11793e+08 -8.08472e-05
-3.11758e+08 -8.08381e-05
-3.11723e+08 -8.0829e-05
-3.11688e+08 -8.08199e-05
-3.11653e+08 -8.08108e-05
-3.11618e+08 -8.08016e-05
-3.11582e+08 -8.07925e-05
-3.11547e+08 -8.07834e-05
-3.11512e+08 -8.07743e-05
-3.11477e+08 -8.07652e-05
-3.11442e+08 -8.07561e-05
-3.11407e+08 -8.07469e-05
-3.11371e+08 -8.07378e-05
-3.11336e+08 -8.07287e-05
-3.11301e+08 -8.07196e-05
-3.11266e+08 -8.07105e-05
-3.11231e+08 -8.07014e-05
-3.11196e+08 -8.06923e-05
-3.11161e+08 -8.06831e-05
-3.11125e+08 -8.0674e-05
-3.1109e+08 -8.06649e-05
-3.11055e+08 -8.06558e-05
-3.1102e+08 -8.06467e-05
-3.10985e+08 -8.06376e-05
-3.1095e+08 -8.06284e-05
-3.10914e+08 -8.06193e-05
-3.10879e+08 -8.06102e-05
-3.10844e+08 -8.06011e-05
-3.10809e+08 -8.0592e-05
-3.10774e+08 -8.05829e-05
-3.10739e+08 -8.05738e-05
-3.10704e+08 -8.05647e-05
-3.10668e+08 -8.05555e-05
-3.10633e+08 -8.05464e-05
-3.10598e+08 -8.05373e-05
-3.10563e+08 -8.05282e-05
-3.10528e+08 -8.05191e-05
-3.10493e+08 -8.051e-05
-3.10458e+08 -8.05009e-05
-3.10422e+08 -8.04917e-05
-3.10387e+08 -8.04826e-05
-3.10352e+08 -8.04735e-05
-3.10317e+08 -8.04644e-05
-3.10282e+08 -8.04553e-05
-3.10247e+08 -8.04462e-05
-3.10212e+08 -8.04371e-05
-3.10176e+08 -8.0428e-05
-3.10141e+08 -8.04188e-05
-3.10106e+08 -8.04097e-05
-3.10071e+08 -8.04006e-05
-3.10036e+08 -8.03915e-05
-3.10001e+08 -8.03824e-05
-3.09966e+08 -8.03733e-05
-3.0993e+08 -8.03642e-05
-3.09895e+08 -8.03551e-05
-3.0986e+08 -8.03459e-05
-3.09825e+08 -8.03368e-05
-3.0979e+08 -8.03277e-05
-3.09755e+08 -8.03186e-05
-3.0972e+08 -8.03095e-05
-3.09684e+08 -8.03004e-05
-3.09649e+08 -8.02913e-05
-3.09614e+08 -8.02822e-05
-3.09579e+08 -8.0273e-05
-3.09544e+08 -8.02639e-05
-3.09509e+08 -8.02548e-05
-3.09474e+08 -8.02457e-05
-3.09438e+08 -8.02366e-05
-3.09403e+08 -8.02275e-05
-3.09368e+08 -8.02184e-05
-3.09333e+08 -8.02093e-05
-3.09298e+08 -8.02002e-05
-3.09263e+08 -8.0191e-05
-3.09228e+08 -8.01819e-05
-3.09192e+08 -8.01728e-05
-3.09157e+08 -8.01637e-05
-3.09122e+08 -8.01546e-05
-3.09087e+08 -8.01455e-05
-3.09052e+08 -8.01364e-05
-3.09017e+08 -8.01273e-05
-3.08982e+08 -8.01182e-05
-3.08947e+08 -8.01091e-05
-3.08911e+08 -8.00999e-05
-3.08876e+08 -8.00908e-05
-3.08841e+08 -8.00817e-05
-3.08806e+08 -8.00726e-05
-3.08771e+08 -8.00635e-05
-3.08736e+08 -8.00544e-05
-3.08701e+08 -8.00453e-05
-3.08665e+08 -8.00362e-05
-3.0863e+08 -8.00271e-05
-3.08595e+08 -8.0018e-05
-3.0856e+08 -8.00088e-05
-3.08525e+08 -7.99997e-05
-3.0849e+08 -7.99906e-05
-3.08455e+08 -7.99815e-05
-3.0842e+08 -7.99724e-05
-3.08384e+08 -7.99633e-05
-3.08349e+08 -7.99542e-05
-3.08314e+08 -7.99451e-05
-3.08279e+08 -7.9936e-05
-3.08244e+08 -7.99269e-05
-3.08209e+08 -7.99178e-05
-3.08174e+08 -7.99086e-05
-3.08138e+08 -7.98995e-05
-3.08103e+08 -7.98904e-05
-3.08068e+08 -7.98813e-05
-3.08033e+08 -7.98722e-05
-3.07998e+08 -7.98631e-05
-3.07963e+08 -7.9854e-05
-3.07928e+08 -7.98449e-05
-3.07893e+08 -7.98358e-05
-3.07857e+08 -7.98267e-05
-3.07822e+08 -7.98176e-05
-3.07787e+08 -7.98084e-05
-3.07752e+08 -7.97993e-05
-3.07717e+08 -7.97902e-05
-3.07682e+08 -7.97811e-05
-3.07647e+08 -7.9772e-05
-3.07612e+08 -7.97629e-05
-3.07576e+08 -7.97538e-05
-3.07541e+08 -7.97447e-05
-3.07506e+08 -7.97356e-05
-3.07471e+08 -7.97265e-05
-3.07436e+08 -7.97174e-05
-3.07401e+08 -7.97083e-05
-3.07366e+08 -7.96992e-05
-3.07331e+08 -7.96901e-05
-3.07296e+08 -7.96809e-05
-3.0726e+08 -7.96718e-05
-3.07225e+08 -7.96627e-05
-3.0719e+08 -7.96536e-05
-3.07155e+08 -7.96445e-05
-3.0712e+08 -7.96354e-05
-3.07085e+08 -7.96263e-05
-3.0705e+08 -7.96172e-05
-3.07015e+08 -7.96081e-05
-3.06979e+08 -7.9599e-05
-3.06944e+08 -7.95899e-05
-3.06909e+08 -7.95808e-05
-3.06874e+08 -7.95717e-05
-3.06839e+08 -7.95626e-05
-3.06804e+08 -7.95535e-05
-3.06769e+08 -7.95444e-05
-3.06734e+08 -7.95353e-05
-3.06699e+08 -7.95261e-05
-3.06663e+08 -7.9517e-05
-3.06628e+08 -7.95079e-05
-3.06593e+08 -7.94988e-05
-3.06558e+08 -7.94897e-05
-3.06523e+08 -7.94806e-05
-3.06488e+08 -7.94715e-05
-3.06453e+08 -7.94624e-05
-3.06418e+08 -7.94533e-05
-3.06382e+08 -7.94442e-05
-3.06347e+08 -7.94351e-05
-3.06312e+08 -7.9426e-05
-3.06277e+08 -7.94169e-05
-3.06242e+08 -7.94078e-05
-3.06207e+08 -7.93987e-05
-3.06172e+08 -7.93896e-05
-3.06137e+08 -7.93805e-05
-3.06102e+08 -7.93714e-05
-3.06066e+08 -7.93623e-05
-3.06031e+08 -7.93532e-05
-3.05996e+08 -7.93441e-05
-3.05961e+08 -7.93349e-05
-3.05926e+08 -7.93258e-05
-3.05891e+08 -7.93167e-05
-3.05856e+08 -7.93076e-05
-3.05821e+08 -7.92985e-05
-3.05786e+08 -7.92894e-05
-3.0575e+08 -7.92803e-05
-3.05715e+08 -7.92712e-05
-3.0568e+08 -7.92621e-05
-3.05645e+08 -7.9253e-05
-3.0561e+08 -7.92439e-05
-3.05575e+08 -7.92348e-05
-3.0554e+08 -7.92257e-05
-3.05505e+08 -7.92166e-05
-3.0547e+08 -7.92075e-05
-3.05435e+08 -7.91984e-05
-3.05399e+08 -7.91893e-05
-3.05364e+08 -7.91802e-05
-3.05329e+08 -7.91711e-05
-3.05294e+08 -7.9162e-05
-3.05259e+08 -7.91529e-05
-3.05224e+08 -7.91438e-05
-3.05189e+08 -7.91347e-05
-3.05154e+08 -7.91256e-05
-3.05119e+08 -7.91165e-05
-3.05083e+08 -7.91074e-05
-3.05048e+08 -7.90983e-05
-3.05013e+08 -7.90892e-05
-3.04978e+08 -7.90801e-05
-3.04943e+08 -7.9071e-05
-3.04908e+08 -7.90619e-05
-3.04873e+08 -7.90528e-05
-3.04838e+08 -7.90437e-05
-3.04803e+08 -7.90346e-05
-3.04768e+08 -7.90255e-05
-3.04732e+08 -7.90164e-05
-3.04697e+08 -7.90073e-05
-3.04662e+08 -7.89981e-05
-3.04627e+08 -7.89891e-05
-3.04592e+08 -7.89799e-05
-3.04557e+08 -7.89709e-05
-3.04522e+08 -7.89617e-05
-3.04487e+08 -7.89526e-05
-3.04452e+08 -7.89435e-05
-3.04417e+08 -7.89344e-05
-3.04381e+08 -7.89253e-05
-3.04346e+08 -7.89162e-05
-3.04311e+08 -7.89071e-05
-3.04276e+08 -7.8898e-05
-3.04241e+08 -7.88889e-05
-3.04206e+08 -7.88798e-05
-3.04171e+08 -7.88707e-05
-3.04136e+08 -7.88616e-05
-3.04101e+08 -7.88525e-05
-3.04066e+08 -7.88434e-05
-3.04031e+08 -7.88343e-05
-3.03995e+08 -7.88252e-05
-3.0396e+08 -7.88161e-05
-3.03925e+08 -7.8807e-05
-3.0389e+08 -7.87979e-05
-3.03855e+08 -7.87888e-05
-3.0382e+08 -7.87797e-05
-3.03785e+08 -7.87706e-05
-3.0375e+08 -7.87615e-05
-3.03715e+08 -7.87524e-05
-3.0368e+08 -7.87433e-05
-3.03645e+08 -7.87342e-05
-3.03609e+08 -7.87251e-05
-3.03574e+08 -7.8716e-05
-3.03539e+08 -7.8707e-05
-3.03504e+08 -7.86979e-05
-3.03469e+08 -7.86888e-05
-3.03434e+08 -7.86797e-05
-3.03399e+08 -7.86706e-05
-3.03364e+08 -7.86615e-05
-3.03329e+08 -7.86524e-05
-3.03294e+08 -7.86433e-05
-3.03259e+08 -7.86342e-05
-3.03223e+08 -7.86251e-05
-3.03188e+08 -7.8616e-05
-3.03153e+08 -7.86069e-05
-3.03118e+08 -7.85978e-05
-3.03083e+08 -7.85887e-05
-3.03048e+08 -7.85796e-05
-3.03013e+08 -7.85705e-05
-3.02978e+08 -7.85614e-05
-3.02943e+08 -7.85523e-05
-3.02908e+08 -7.85432e-05
-3.02873e+08 -7.85341e-05
-3.02837e+08 -7.8525e-05
-3.02802e+08 -7.85159e-05
-3.02767e+08 -7.85068e-05
-3.02732e+08 -7.84977e-05
-3.02697e+08 -7.84886e-05
-3.02662e+08 -7.84795e-05
-3.02627e+08 -7.84704e-05
-3.02592e+08 -7.84613e-05
-3.02557e+08 -7.84522e-05
-3.02522e+08 -7.84431e-05
-3.02487e+08 -7.8434e-05
-3.02452e+08 -7.84249e-05
-3.02416e+08 -7.84158e-05
-3.02381e+08 -7.84067e-05
-3.02346e+08 -7.83976e-05
-3.02311e+08 -7.83885e-05
-3.02276e+08 -7.83794e-05
-3.02241e+08 -7.83703e-05
-3.02206e+08 -7.83612e-05
-3.02171e+08 -7.83522e-05
-3.02136e+08 -7.83431e-05
-3.02101e+08 -7.8334e-05
-3.02066e+08 -7.83249e-05
-3.02031e+08 -7.83158e-05
-3.01996e+08 -7.83067e-05
-3.0196e+08 -7.82976e-05
-3.01925e+08 -7.82885e-05
-3.0189e+08 -7.82794e-05
-3.01855e+08 -7.82703e-05
-3.0182e+08 -7.82612e-05
-3.01785e+08 -7.82521e-05
-3.0175e+08 -7.8243e-05
-3.01715e+08 -7.82339e-05
-3.0168e+08 -7.82248e-05
-3.01645e+08 -7.82157e-05
-3.0161e+08 -7.82066e-05
-3.01575e+08 -7.81975e-05
-3.0154e+08 -7.81884e-05
-3.01504e+08 -7.81793e-05
-3.01469e+08 -7.81702e-05
-3.01434e+08 -7.81612e-05
-3.01399e+08 -7.81521e-05
-3.01364e+08 -7.8143e-05
-3.01329e+08 -7.81339e-05
-3.01294e+08 -7.81248e-05
-3.01259e+08 -7.81157e-05
-3.01224e+08 -7.81066e-05
-3.01189e+08 -7.80975e-05
-3.01154e+08 -7.80884e-05
-3.01119e+08 -7.80793e-05
-3.01084e+08 -7.80702e-05
-3.01049e+08 -7.80611e-05
-3.01013e+08 -7.8052e-05
-3.00978e+08 -7.80429e-05
-3.00943e+08 -7.80338e-05
-3.00908e+08 -7.80247e-05
-3.00873e+08 -7.80157e-05
-3.00838e+08 -7.80066e-05
-3.00803e+08 -7.79975e-05
-3.00768e+08 -7.79884e-05
-3.00733e+08 -7.79793e-05
-3.00698e+08 -7.79702e-05
-3.00663e+08 -7.79611e-05
-3.00628e+08 -7.7952e-05
-3.00593e+08 -7.79429e-05
-3.00558e+08 -7.79338e-05
-3.00523e+08 -7.79247e-05
-3.00487e+08 -7.79156e-05
-3.00452e+08 -7.79065e-05
-3.00417e+08 -7.78974e-05
-3.00382e+08 -7.78884e-05
-3.00347e+08 -7.78793e-05
-3.00312e+08 -7.78702e-05
-3.00277e+08 -7.78611e-05
-3.00242e+08 -7.7852e-05
-3.00207e+08 -7.78429e-05
-3.00172e+08 -7.78338e-05
-3.00137e+08 -7.78247e-05
-3.00102e+08 -7.78156e-05
-3.00067e+08 -7.78065e-05
-3.00032e+08 -7.77974e-05
-2.99997e+08 -7.77883e-05
-2.99962e+08 -7.77793e-05
-2.99926e+08 -7.77702e-05
-2.99891e+08 -7.77611e-05
-2.99856e+08 -7.7752e-05
-2.99821e+08 -7.77429e-05
-2.99786e+08 -7.77338e-05
-2.99751e+08 -7.77247e-05
-2.99716e+08 -7.77156e-05
-2.99681e+08 -7.77065e-05
-2.99646e+08 -7.76974e-05
-2.99611e+08 -7.76883e-05
-2.99576e+08 -7.76793e-05
-2.99541e+08 -7.76702e-05
-2.99506e+08 -7.76611e-05
-2.99471e+08 -7.7652e-05
-2.99436e+08 -7.76429e-05
-2.99401e+08 -7.76338e-05
-2.99365e+08 -7.76247e-05
-2.9933e+08 -7.76156e-05
-2.99295e+08 -7.76065e-05
-2.9926e+08 -7.75974e-05
-2.99225e+08 -7.75884e-05
-2.9919e+08 -7.75793e-05
-2.99155e+08 -7.75702e-05
-2.9912e+08 -7.75611e-05
-2.99085e+08 -7.7552e-05
-2.9905e+08 -7.75429e-05
-2.99015e+08 -7.75338e-05
-2.9898e+08 -7.75247e-05
-2.98945e+08 -7.75156e-05
-2.9891e+08 -7.75065e-05
-2.98875e+08 -7.74975e-05
-2.9884e+08 -7.74884e-05
-2.98805e+08 -7.74793e-05
-2.9877e+08 -7.74702e-05
-2.98735e+08 -7.74611e-05
-2.98699e+08 -7.7452e-05
-2.98664e+08 -7.74429e-05
-2.98629e+08 -7.74338e-05
-2.98594e+08 -7.74248e-05
-2.98559e+08 -7.74157e-05
-2.98524e+08 -7.74066e-05
-2.98489e+08 -7.73975e-05
-2.98454e+08 -7.73884e-05
-2.98419e+08 -7.73793e-05
-2.98384e+08 -7.73702e-05
-2.98349e+08 -7.73611e-05
-2.98314e+08 -7.7352e-05
-2.98279e+08 -7.7343e-05
-2.98244e+08 -7.73339e-05
-2.98209e+08 -7.73248e-05
-2.98174e+08 -7.73157e-05
-2.98139e+08 -7.73066e-05
-2.98104e+08 -7.72975e-05
-2.98069e+08 -7.72884e-05
-2.98034e+08 -7.72793e-05
-2.97999e+08 -7.72703e-05
-2.97963e+08 -7.72612e-05
-2.97928e+08 -7.72521e-05
-2.97893e+08 -7.7243e-05
-2.97858e+08 -7.72339e-05
-2.97823e+08 -7.72248e-05
-2.97788e+08 -7.72157e-05
-2.97753e+08 -7.72067e-05
-2.97718e+08 -7.71976e-05
-2.97683e+08 -7.71885e-05
-2.97648e+08 -7.71794e-05
-2.97613e+08 -7.71703e-05
-2.97578e+08 -7.71612e-05
-2.97543e+08 -7.71521e-05
-2.97508e+08 -7.7143e-05
-2.97473e+08 -7.7134e-05
-2.97438e+08 -7.71249e-05
-2.97367e+08 -7.71064e-05
-2.97201e+08 -7.70635e-05
-2.97036e+08 -7.70206e-05
-2.9687e+08 -7.69778e-05
-2.96705e+08 -7.69349e-05
-2.9654e+08 -7.6892e-05
-2.96374e+08 -7.68491e-05
-2.96209e+08 -7.68062e-05
-2.96043e+08 -7.67633e-05
-2.95878e+08 -7.67204e-05
-2.95713e+08 -7.66776e-05
-2.95547e+08 -7.66347e-05
-2.95382e+08 -7.65918e-05
-2.95217e+08 -7.65489e-05
-2.95051e+08 -7.6506e-05
-2.94886e+08 -7.64631e-05
-2.9472e+08 -7.64202e-05
-2.94555e+08 -7.63774e-05
-2.9439e+08 -7.63345e-05
-2.94224e+08 -7.62916e-05
-2.94059e+08 -7.62487e-05
-2.93893e+08 -7.62058e-05
-2.93728e+08 -7.6163e-05
-2.93563e+08 -7.61201e-05
-2.93397e+08 -7.60772e-05
-2.93232e+08 -7.60343e-05
-2.93067e+08 -7.59914e-05
-2.92901e+08 -7.59485e-05
-2.92736e+08 -7.59057e-05
-2.9257e+08 -7.58628e-05
-2.92405e+08 -7.58199e-05
-2.9224e+08 -7.5777e-05
-2.92074e+08 -7.57342e-05
-2.91909e+08 -7.56913e-05
-2.91744e+08 -7.56484e-05
-2.91578e+08 -7.56055e-05
-2.91413e+08 -7.55626e-05
-2.91248e+08 -7.55198e-05
-2.91082e+08 -7.54769e-05
-2.90917e+08 -7.5434e-05
-2.90752e+08 -7.53911e-05
-2.90586e+08 -7.53482e-05
-2.90421e+08 -7.53054e-05
-2.90256e+08 -7.52625e-05
-2.9009e+08 -7.52196e-05
-2.89925e+08 -7.51768e-05
-2.89759e+08 -7.51339e-05
-2.89594e+08 -7.5091e-05
-2.89429e+08 -7.50481e-05
-2.89263e+08 -7.50053e-05
-2.89098e+08 -7.49624e-05
-2.88933e+08 -7.49195e-05
-2.88767e+08 -7.48766e-05
-2.88602e+08 -7.48338e-05
-2.88437e+08 -7.47909e-05
-2.88271e+08 -7.4748e-05
-2.88106e+08 -7.47052e-05
-2.87941e+08 -7.46623e-05
-2.87775e+08 -7.46194e-05
-2.8761e+08 -7.45765e-05
-2.87445e+08 -7.45337e-05
-2.87279e+08 -7.44908e-05
-2.87114e+08 -7.44479e-05
-2.86949e+08 -7.44051e-05
-2.86724e+08 -7.43468e-05
-2.86492e+08 -7.42867e-05
-2.86261e+08 -7.42267e-05
-2.86029e+08 -7.41667e-05
-2.85798e+08 -7.41067e-05
-2.85566e+08 -7.40467e-05
-2.85335e+08 -7.39866e-05
-2.85104e+08 -7.39266e-05
-2.84872e+08 -7.38666e-05
-2.84641e+08 -7.38066e-05
-2.84409e+08 -7.37466e-05
-2.84178e+08 -7.36865e-05
-2.83946e+08 -7.36265e-05
-2.83715e+08 -7.35665e-05
-2.83483e+08 -7.35065e-05
-2.83252e+08 -7.34465e-05
-2.8302e+08 -7.33865e-05
-2.82789e+08 -7.33264e-05
-2.82557e+08 -7.32664e-05
-2.82326e+08 -7.32064e-05
-2.82095e+08 -7.31464e-05
-2.81863e+08 -7.30864e-05
-2.81632e+08 -7.30264e-05
-2.814e+08 -7.29664e-05
-2.81169e+08 -7.29063e-05
-2.80937e+08 -7.28463e-05
-2.80706e+08 -7.27863e-05
-2.80474e+08 -7.27263e-05
-2.80243e+08 -7.26663e-05
-2.80012e+08 -7.26063e-05
-2.7978e+08 -7.25463e-05
-2.79549e+08 -7.24863e-05
-2.79317e+08 -7.24263e-05
-2.79086e+08 -7.23662e-05
-2.78854e+08 -7.23062e-05
-2.78623e+08 -7.22462e-05
-2.78392e+08 -7.21862e-05
-2.7816e+08 -7.21262e-05
-2.77929e+08 -7.20662e-05
-2.77697e+08 -7.20062e-05
-2.77466e+08 -7.19462e-05
-2.77234e+08 -7.18862e-05
-2.77003e+08 -7.18262e-05
-2.76772e+08 -7.17662e-05
-2.7654e+08 -7.17062e-05
-2.76309e+08 -7.16462e-05
-2.76077e+08 -7.15862e-05
-2.75846e+08 -7.15262e-05
-2.75615e+08 -7.14662e-05
-2.75383e+08 -7.14061e-05
-2.75152e+08 -7.13461e-05
-2.7492e+08 -7.12861e-05
-2.74689e+08 -7.12261e-05
-2.74458e+08 -7.11661e-05
-2.74226e+08 -7.11061e-05
-2.73995e+08 -7.10461e-05
-2.73763e+08 -7.09861e-05
-2.73532e+08 -7.09261e-05
-2.73301e+08 -7.08661e-05
-2.73069e+08 -7.08061e-05
-2.72838e+08 -7.07461e-05
-2.72606e+08 -7.06861e-05
-2.72375e+08 -7.06261e-05
-2.72144e+08 -7.05661e-05
-2.71912e+08 -7.05061e-05
-2.71681e+08 -7.04461e-05
-2.71449e+08 -7.03861e-05
-2.71218e+08 -7.03262e-05
-2.70987e+08 -7.02662e-05
-2.70755e+08 -7.02062e-05
-2.70524e+08 -7.01462e-05
-2.70293e+08 -7.00862e-05
-2.70061e+08 -7.00262e-05
-2.6983e+08 -6.99662e-05
-2.69598e+08 -6.99062e-05
-2.69367e+08 -6.98462e-05
-2.69136e+08 -6.97862e-05
-2.68904e+08 -6.97262e-05
-2.68673e+08 -6.96662e-05
-2.68442e+08 -6.96062e-05
-2.6821e+08 -6.95462e-05
-2.67979e+08 -6.94862e-05
-2.67748e+08 -6.94263e-05
-2.67516e+08 -6.93663e-05
-2.67285e+08 -6.93063e-05
-2.67053e+08 -6.92463e-05
-2.66822e+08 -6.91863e-05
-2.66591e+08 -6.91263e-05
-2.66359e+08 -6.90663e-05
-2.66128e+08 -6.90063e-05
-2.65897e+08 -6.89463e-05
-2.65665e+08 -6.88864e-05
-2.65434e+08 -6.88264e-05
-2.65203e+08 -6.87664e-05
-2.64971e+08 -6.87064e-05
-2.6474e+08 -6.86464e-05
-2.64509e+08 -6.85864e-05
-2.64277e+08 -6.85264e-05
-2.64046e+08 -6.84665e-05
-2.63815e+08 -6.84065e-05
-2.63583e+08 -6.83465e-05
-2.63352e+08 -6.82865e-05
-2.63121e+08 -6.82265e-05
-2.62889e+08 -6.81665e-05
-2.62658e+08 -6.81066e-05
-2.62427e+08 -6.80466e-05
-2.62195e+08 -6.79866e-05
-2.61964e+08 -6.79266e-05
-2.61733e+08 -6.78666e-05
-2.61501e+08 -6.78067e-05
-2.6127e+08 -6.77467e-05
-2.61039e+08 -6.76867e-05
-2.60807e+08 -6.76267e-05
-2.60576e+08 -6.75667e-05
-2.60345e+08 -6.75068e-05
-2.60114e+08 -6.74468e-05
-2.59882e+08 -6.73868e-05
-2.59651e+08 -6.73268e-05
-2.5942e+08 -6.72668e-05
-2.59188e+08 -6.72069e-05
-2.58957e+08 -6.71469e-05
-2.58726e+08 -6.70869e-05
-2.58494e+08 -6.70269e-05
-2.58263e+08 -6.6967e-05
-2.58032e+08 -6.6907e-05
-2.57801e+08 -6.6847e-05
-2.57569e+08 -6.6787e-05
-2.57338e+08 -6.67271e-05
-2.57107e+08 -6.66671e-05
-2.56875e+08 -6.66071e-05
-2.56644e+08 -6.65472e-05
-2.56413e+08 -6.64872e-05
-2.56182e+08 -6.64272e-05
-2.5595e+08 -6.63672e-05
-2.55719e+08 -6.63073e-05
-2.55488e+08 -6.62473e-05
-2.55256e+08 -6.61873e-05
-2.55025e+08 -6.61274e-05
-2.54794e+08 -6.60674e-05
-2.54563e+08 -6.60074e-05
-2.54331e+08 -6.59475e-05
-2.541e+08 -6.58875e-05
-2.53869e+08 -6.58275e-05
-2.53637e+08 -6.57676e-05
-2.53406e+08 -6.57076e-05
-2.53175e+08 -6.56476e-05
-2.52944e+08 -6.55877e-05
-2.52712e+08 -6.55277e-05
-2.52481e+08 -6.54677e-05
-2.5225e+08 -6.54078e-05
-2.52019e+08 -6.53478e-05
-2.51787e+08 -6.52878e-05
-2.51556e+08 -6.52279e-05
-2.51325e+08 -6.51679e-05
-2.51094e+08 -6.51079e-05
-2.50862e+08 -6.5048e-05
-2.50631e+08 -6.4988e-05
-2.504e+08 -6.49281e-05
-2.50169e+08 -6.48681e-05
-2.49937e+08 -6.48081e-05
-2.49706e+08 -6.47482e-05
-2.49475e+08 -6.46882e-05
-2.49244e+08 -6.46283e-05
-2.49012e+08 -6.45683e-05
-2.48781e+08 -6.45083e-05
-2.4855e+08 -6.44484e-05
-2.48319e+08 -6.43884e-05
-2.48088e+08 -6.43285e-05
-2.47856e+08 -6.42685e-05
-2.47625e+08 -6.42085e-05
-2.47394e+08 -6.41486e-05
-2.47163e+08 -6.40886e-05
-2.46931e+08 -6.40287e-05
-2.467e+08 -6.39687e-05
-2.46469e+08 -6.39088e-05
-2.46238e+08 -6.38488e-05
-2.46006e+08 -6.37889e-05
-2.45775e+08 -6.37289e-05
-2.45544e+08 -6.36689e-05
-2.45313e+08 -6.3609e-05
-2.45082e+08 -6.3549e-05
-2.4485e+08 -6.34891e-05
-2.44619e+08 -6.34291e-05
-2.44388e+08 -6.33692e-05
-2.44157e+08 -6.33092e-05
-2.43926e+08 -6.32493e-05
-2.43694e+08 -6.31893e-05
-2.43463e+08 -6.31294e-05
-2.43232e+08 -6.30694e-05
-2.43001e+08 -6.30095e-05
-2.4277e+08 -6.29495e-05
-2.42538e+08 -6.28896e-05
-2.42307e+08 -6.28296e-05
-2.42076e+08 -6.27697e-05
-2.41845e+08 -6.27097e-05
-2.41614e+08 -6.26498e-05
-2.41382e+08 -6.25899e-05
-2.41151e+08 -6.25299e-05
-2.4092e+08 -6.247e-05
-2.40689e+08 -6.241e-05
-2.40458e+08 -6.23501e-05
-2.40227e+08 -6.22901e-05
-2.39995e+08 -6.22302e-05
-2.39764e+08 -6.21702e-05
-2.39533e+08 -6.21103e-05
-2.39302e+08 -6.20503e-05
-2.39071e+08 -6.19904e-05
-2.38839e+08 -6.19305e-05
-2.38608e+08 -6.18705e-05
-2.38377e+08 -6.18106e-05
-2.38146e+08 -6.17506e-05
-2.37915e+08 -6.16907e-05
-2.37684e+08 -6.16308e-05
-2.37452e+08 -6.15708e-05
-2.37221e+08 -6.15109e-05
-2.3699e+08 -6.14509e-05
-2.36759e+08 -6.1391e-05
-2.36528e+08 -6.13311e-05
-2.36297e+08 -6.12711e-05
-2.36065e+08 -6.12112e-05
-2.35834e+08 -6.11513e-05
-2.35603e+08 -6.10913e-05
-2.35372e+08 -6.10314e-05
-2.35141e+08 -6.09714e-05
-2.3491e+08 -6.09115e-05
-2.34679e+08 -6.08516e-05
-2.34447e+08 -6.07916e-05
-2.34216e+08 -6.07317e-05
-2.33985e+08 -6.06718e-05
-2.33754e+08 -6.06118e-05
-2.33523e+08 -6.05519e-05
-2.33292e+08 -6.0492e-05
-2.33061e+08 -6.0432e-05
-2.3283e+08 -6.03721e-05
-2.32598e+08 -6.03122e-05
-2.32367e+08 -6.02522e-05
-2.32136e+08 -6.01923e-05
-2.31905e+08 -6.01324e-05
-2.31674e+08 -6.00724e-05
-2.31443e+08 -6.00125e-05
-2.31212e+08 -5.99526e-05
-2.30981e+08 -5.98927e-05
-2.30749e+08 -5.98327e-05
-2.30518e+08 -5.97728e-05
-2.30287e+08 -5.97129e-05
-2.30056e+08 -5.96529e-05
-2.29825e+08 -5.9593e-05
-2.29594e+08 -5.95331e-05
-2.29363e+08 -5.94732e-05
-2.29132e+08 -5.94132e-05
-2.289e+08 -5.93533e-05
-2.28669e+08 -5.92934e-05
-2.28438e+08 -5.92335e-05
-2.28207e+08 -5.91735e-05
-2.27976e+08 -5.91136e-05
-2.27745e+08 -5.90537e-05
-2.27514e+08 -5.89938e-05
-2.27283e+08 -5.89338e-05
-2.27052e+08 -5.88739e-05
-2.26821e+08 -5.8814e-05
-2.26589e+08 -5.87541e-05
-2.26358e+08 -5.86942e-05
-2.26127e+08 -5.86342e-05
-2.25896e+08 -5.85743e-05
-2.25665e+08 -5.85144e-05
-2.25434e+08 -5.84545e-05
-2.25203e+08 -5.83945e-05
-2.24972e+08 -5.83346e-05
-2.24741e+08 -5.82747e-05
-2.2451e+08 -5.82148e-05
-2.24279e+08 -5.81549e-05
-2.24048e+08 -5.8095e-05
-2.23816e+08 -5.8035e-05
-2.23585e+08 -5.79751e-05
-2.23354e+08 -5.79152e-05
-2.23123e+08 -5.78553e-05
-2.22892e+08 -5.77954e-05
-2.22661e+08 -5.77355e-05
-2.2243e+08 -5.76755e-05
-2.22199e+08 -5.76156e-05
-2.21968e+08 -5.75557e-05
-2.21737e+08 -5.74958e-05
-2.21506e+08 -5.74359e-05
-2.21275e+08 -5.7376e-05
-2.21044e+08 -5.73161e-05
-2.20813e+08 -5.72561e-05
-2.20582e+08 -5.71962e-05
-2.2035e+08 -5.71363e-05
-2.20119e+08 -5.70764e-05
-2.19888e+08 -5.70165e-05
-2.19657e+08 -5.69566e-05
-2.19426e+08 -5.68967e-05
-2.19195e+08 -5.68368e-05
-2.18964e+08 -5.67769e-05
-2.18733e+08 -5.6717e-05
-2.18502e+08 -5.6657e-05
-2.18271e+08 -5.65971e-05
-2.1804e+08 -5.65372e-05
-2.17809e+08 -5.64773e-05
-2.17578e+08 -5.64174e-05
-2.17347e+08 -5.63575e-05
-2.17116e+08 -5.62976e-05
-2.16885e+08 -5.62377e-05
-2.16654e+08 -5.61778e-05
-2.16423e+08 -5.61179e-05
-2.16192e+08 -5.6058e-05
-2.15961e+08 -5.59981e-05
-2.1573e+08 -5.59382e-05
-2.15499e+08 -5.58783e-05
-2.15268e+08 -5.58184e-05
-2.15037e+08 -5.57585e-05
-2.14806e+08 -5.56986e-05
-2.14575e+08 -5.56387e-05
-2.14344e+08 -5.55788e-05
-2.14113e+08 -5.55189e-05
-2.13882e+08 -5.5459e-05
-2.13651e+08 -5.53991e-05
-2.1342e+08 -5.53392e-05
-2.13189e+08 -5.52793e-05
-2.12958e+08 -5.52194e-05
-2.12727e+08 -5.51595e-05
-2.12496e+08 -5.50996e-05
-2.12265e+08 -5.50397e-05
-2.12034e+08 -5.49798e-05
-2.11803e+08 -5.49199e-05
-2.11572e+08 -5.486e-05
-2.11341e+08 -5.48001e-05
-2.1111e+08 -5.47402e-05
-2.10879e+08 -5.46803e-05
-2.10648e+08 -5.46204e-05
-2.10417e+08 -5.45605e-05
-2.10186e+08 -5.45006e-05
-2.09955e+08 -5.44407e-05
-2.09724e+08 -5.43808e-05
-2.09493e+08 -5.43209e-05
-2.09262e+08 -5.4261e-05
-2.09031e+08 -5.42011e-05
-2.088e+08 -5.41412e-05
-2.08569e+08 -5.40814e-05
-2.08338e+08 -5.40215e-05
-2.08107e+08 -5.39616e-05
-2.07876e+08 -5.39017e-05
-2.07645e+08 -5.38418e-05
-2.07414e+08 -5.37819e-05
-2.07183e+08 -5.3722e-05
-2.06952e+08 -5.36621e-05
-2.06721e+08 -5.36022e-05
-2.0649e+08 -5.35423e-05
-2.06259e+08 -5.34825e-05
-2.06028e+08 -5.34226e-05
-2.05797e+08 -5.33627e-05
-2.05566e+08 -5.33028e-05
-2.05335e+08 -5.32429e-05
-2.05104e+08 -5.3183e-05
-2.04873e+08 -5.31231e-05
-2.04642e+08 -5.30633e-05
-2.04411e+08 -5.30034e-05
-2.0418e+08 -5.29435e-05
-2.0395e+08 -5.28836e-05
-2.03719e+08 -5.28237e-05
-2.03488e+08 -5.27638e-05
-2.03257e+08 -5.27039e-05
-2.03026e+08 -5.26441e-05
-2.02795e+08 -5.25842e-05
-2.02564e+08 -5.25243e-05
-2.02333e+08 -5.24644e-05
-2.02102e+08 -5.24045e-05
-2.01871e+08 -5.23447e-05
-2.0164e+08 -5.22848e-05
-2.01409e+08 -5.22249e-05
-2.01178e+08 -5.2165e-05
-2.00947e+08 -5.21051e-05
-2.00716e+08 -5.20453e-05
-2.00486e+08 -5.19854e-05
-2.00255e+08 -5.19255e-05
-2.00024e+08 -5.18656e-05
-1.99793e+08 -5.18058e-05
-1.99562e+08 -5.17459e-05
-1.99331e+08 -5.1686e-05
-1.991e+08 -5.16261e-05
-1.98869e+08 -5.15662e-05
-1.98638e+08 -5.15064e-05
-1.98407e+08 -5.14465e-05
-1.98176e+08 -5.13866e-05
-1.97945e+08 -5.13267e-05
-1.97715e+08 -5.12669e-05
-1.97484e+08 -5.1207e-05
-1.97253e+08 -5.11471e-05
-1.97022e+08 -5.10873e-05
-1.96791e+08 -5.10274e-05
-1.9656e+08 -5.09675e-05
-1.96329e+08 -5.09076e-05
-1.96098e+08 -5.08478e-05
-1.95867e+08 -5.07879e-05
-1.95636e+08 -5.0728e-05
-1.95406e+08 -5.06682e-05
-1.95175e+08 -5.06083e-05
-1.94944e+08 -5.05484e-05
-1.94713e+08 -5.04886e-05
-1.94482e+08 -5.04287e-05
-1.94251e+08 -5.03688e-05
-1.9402e+08 -5.0309e-05
-1.93789e+08 -5.02491e-05
-1.93558e+08 -5.01892e-05
-1.93328e+08 -5.01294e-05
-1.93097e+08 -5.00695e-05
-1.92866e+08 -5.00096e-05
-1.92635e+08 -4.99497e-05
-1.92404e+08 -4.98899e-05
-1.92173e+08 -4.983e-05
-1.91942e+08 -4.97702e-05
-1.91711e+08 -4.97103e-05
-1.91481e+08 -4.96504e-05
-1.9125e+08 -4.95906e-05
-1.91019e+08 -4.95307e-05
-1.90788e+08 -4.94708e-05
-1.90557e+08 -4.9411e-05
-1.90326e+08 -4.93511e-05
-1.90095e+08 -4.92913e-05
-1.89865e+08 -4.92314e-05
-1.89634e+08 -4.91715e-05
-1.89403e+08 -4.91117e-05
-1.89172e+08 -4.90518e-05
-1.88941e+08 -4.8992e-05
-1.8871e+08 -4.89321e-05
-1.88479e+08 -4.88722e-05
-1.88249e+08 -4.88124e-05
-1.88018e+08 -4.87525e-05
-1.87787e+08 -4.86927e-05
-1.87556e+08 -4.86328e-05
-1.87325e+08 -4.8573e-05
-1.87094e+08 -4.85131e-05
-1.86864e+08 -4.84532e-05
-1.86633e+08 -4.83934e-05
-1.86402e+08 -4.83335e-05
-1.86171e+08 -4.82737e-05
-1.8594e+08 -4.82138e-05
-1.85709e+08 -4.8154e-05
-1.85479e+08 -4.80941e-05
-1.85248e+08 -4.80343e-05
-1.85017e+08 -4.79744e-05
-1.84786e+08 -4.79146e-05
-1.84555e+08 -4.78547e-05
-1.84324e+08 -4.77949e-05
-1.84094e+08 -4.7735e-05
-1.83863e+08 -4.76752e-05
-1.83632e+08 -4.76153e-05
-1.83401e+08 -4.75555e-05
-1.8317e+08 -4.74956e-05
-1.8294e+08 -4.74358e-05
-1.82709e+08 -4.73759e-05
-1.82478e+08 -4.73161e-05
-1.82247e+08 -4.72562e-05
-1.82016e+08 -4.71964e-05
-1.81786e+08 -4.71365e-05
-1.81555e+08 -4.70767e-05
-1.81324e+08 -4.70168e-05
-1.81093e+08 -4.6957e-05
-1.80862e+08 -4.68971e-05
-1.80632e+08 -4.68373e-05
-1.80401e+08 -4.67775e-05
-1.8017e+08 -4.67176e-05
-1.79939e+08 -4.66578e-05
-1.79708e+08 -4.65979e-05
-1.79478e+08 -4.65381e-05
-1.79247e+08 -4.64782e-05
-1.79016e+08 -4.64184e-05
-1.78785e+08 -4.63586e-05
-1.78554e+08 -4.62987e-05
-1.78324e+08 -4.62389e-05
-1.78093e+08 -4.6179e-05
-1.77862e+08 -4.61192e-05
-1.77631e+08 -4.60593e-05
-1.77401e+08 -4.59995e-05
-1.7717e+08 -4.59397e-05
-1.76939e+08 -4.58798e-05
-1.76708e+08 -4.582e-05
-1.76477e+08 -4.57602e-05
-1.76247e+08 -4.57003e-05
-1.76016e+08 -4.56405e-05
-1.75785e+08 -4.55806e-05
-1.75554e+08 -4.55208e-05
-1.75324e+08 -4.5461e-05
-1.75093e+08 -4.54011e-05
-1.74862e+08 -4.53413e-05
-1.74631e+08 -4.52815e-05
-1.74401e+08 -4.52216e-05
-1.7417e+08 -4.51618e-05
-1.73939e+08 -4.5102e-05
-1.73708e+08 -4.50421e-05
-1.73478e+08 -4.49823e-05
-1.73247e+08 -4.49225e-05
-1.73016e+08 -4.48626e-05
-1.72785e+08 -4.48028e-05
-1.72555e+08 -4.4743e-05
-1.72324e+08 -4.46831e-05
-1.72093e+08 -4.46233e-05
-1.71862e+08 -4.45635e-05
-1.71632e+08 -4.45036e-05
-1.71401e+08 -4.44438e-05
-1.7117e+08 -4.4384e-05
-1.70939e+08 -4.43242e-05
-1.70709e+08 -4.42643e-05
-1.70478e+08 -4.42045e-05
-1.70247e+08 -4.41447e-05
-1.70016e+08 -4.40848e-05
-1.69786e+08 -4.4025e-05
-1.69555e+08 -4.39652e-05
-1.69324e+08 -4.39054e-05
-1.69094e+08 -4.38455e-05
-1.68863e+08 -4.37857e-05
-1.68632e+08 -4.37259e-05
-1.68401e+08 -4.36661e-05
-1.68171e+08 -4.36062e-05
-1.6794e+08 -4.35464e-05
-1.67709e+08 -4.34866e-05
-1.67479e+08 -4.34268e-05
-1.67248e+08 -4.33669e-05
-1.67017e+08 -4.33071e-05
-1.66786e+08 -4.32473e-05
-1.66556e+08 -4.31875e-05
-1.66325e+08 -4.31277e-05
-1.66094e+08 -4.30678e-05
-1.65864e+08 -4.3008e-05
-1.65633e+08 -4.29482e-05
-1.65402e+08 -4.28884e-05
-1.65172e+08 -4.28286e-05
-1.64941e+08 -4.27687e-05
-1.6471e+08 -4.27089e-05
-1.64479e+08 -4.26491e-05
-1.64249e+08 -4.25893e-05
-1.64018e+08 -4.25295e-05
-1.63787e+08 -4.24696e-05
-1.63557e+08 -4.24098e-05
-1.63326e+08 -4.235e-05
-1.63095e+08 -4.22902e-05
-1.62865e+08 -4.22304e-05
-1.62634e+08 -4.21706e-05
-1.62403e+08 -4.21108e-05
-1.62173e+08 -4.20509e-05
-1.61942e+08 -4.19911e-05
-1.61711e+08 -4.19313e-05
-1.61481e+08 -4.18715e-05
-1.6125e+08 -4.18117e-05
-1.61019e+08 -4.17519e-05
-1.60789e+08 -4.16921e-05
-1.60558e+08 -4.16323e-05
-1.60327e+08 -4.15724e-05
-1.60097e+08 -4.15126e-05
-1.59866e+08 -4.14528e-05
-1.59635e+08 -4.1393e-05
-1.59405e+08 -4.13332e-05
-1.59174e+08 -4.12734e-05
-1.58943e+08 -4.12136e-05
-1.58713e+08 -4.11538e-05
-1.58482e+08 -4.1094e-05
-1.58251e+08 -4.10342e-05
-1.58021e+08 -4.09743e-05
-1.5779e+08 -4.09145e-05
-1.57559e+08 -4.08547e-05
-1.57329e+08 -4.07949e-05
-1.57098e+08 -4.07351e-05
-1.56867e+08 -4.06753e-05
-1.56637e+08 -4.06155e-05
-1.56406e+08 -4.05557e-05
-1.56175e+08 -4.04959e-05
-1.55945e+08 -4.04361e-05
-1.55714e+08 -4.03763e-05
-1.55484e+08 -4.03165e-05
-1.55253e+08 -4.02567e-05
-1.55022e+08 -4.01969e-05
-1.54792e+08 -4.01371e-05
-1.54561e+08 -4.00773e-05
-1.5433e+08 -4.00175e-05
-1.541e+08 -3.99577e-05
-1.53869e+08 -3.98979e-05
-1.53639e+08 -3.98381e-05
-1.53408e+08 -3.97783e-05
-1.53177e+08 -3.97185e-05
-1.52947e+08 -3.96587e-05
-1.52716e+08 -3.95989e-05
-1.52485e+08 -3.95391e-05
-1.52255e+08 -3.94793e-05
-1.52024e+08 -3.94195e-05
-1.51794e+08 -3.93597e-05
-1.51563e+08 -3.92999e-05
-1.51332e+08 -3.92401e-05
-1.51102e+08 -3.91803e-05
-1.50871e+08 -3.91205e-05
-1.50641e+08 -3.90607e-05
-1.5041e+08 -3.90009e-05
-1.50179e+08 -3.89411e-05
-1.49949e+08 -3.88813e-05
-1.49718e+08 -3.88216e-05
-1.49488e+08 -3.87618e-05
-1.49257e+08 -3.8702e-05
-1.49026e+08 -3.86422e-05
-1.48796e+08 -3.85824e-05
-1.48565e+08 -3.85226e-05
-1.48335e+08 -3.84628e-05
-1.48104e+08 -3.8403e-05
-1.47873e+08 -3.83432e-05
-1.47643e+08 -3.82834e-05
-1.47412e+08 -3.82236e-05
-1.47182e+08 -3.81638e-05
-1.46951e+08 -3.81041e-05
-1.46721e+08 -3.80443e-05
-1.4649e+08 -3.79845e-05
-1.46259e+08 -3.79247e-05
-1.46029e+08 -3.78649e-05
-1.45798e+08 -3.78051e-05
-1.45568e+08 -3.77453e-05
-1.45337e+08 -3.76855e-05
-1.45107e+08 -3.76258e-05
-1.44876e+08 -3.7566e-05
-1.44645e+08 -3.75062e-05
-1.44415e+08 -3.74464e-05
-1.44184e+08 -3.73866e-05
-1.43954e+08 -3.73268e-05
-1.43723e+08 -3.72671e-05
-1.43493e+08 -3.72073e-05
-1.43262e+08 -3.71475e-05
-1.43032e+08 -3.70877e-05
-1.42801e+08 -3.70279e-05
-1.4257e+08 -3.69681e-05
-1.4234e+08 -3.69084e-05
-1.42109e+08 -3.68486e-05
-1.41879e+08 -3.67888e-05
-1.41648e+08 -3.6729e-05
-1.41418e+08 -3.66692e-05
-1.41187e+08 -3.66095e-05
-1.40957e+08 -3.65497e-05
-1.40726e+08 -3.64899e-05
-1.40496e+08 -3.64301e-05
-1.40265e+08 -3.63704e-05
-1.40034e+08 -3.63106e-05
-1.39804e+08 -3.62508e-05
-1.39573e+08 -3.6191e-05
-1.39343e+08 -3.61312e-05
-1.39112e+08 -3.60715e-05
-1.38882e+08 -3.60117e-05
-1.38651e+08 -3.59519e-05
-1.38421e+08 -3.58921e-05
-1.3819e+08 -3.58324e-05
-1.3796e+08 -3.57726e-05
-1.37729e+08 -3.57128e-05
-1.37499e+08 -3.56531e-05
-1.37268e+08 -3.55933e-05
-1.37038e+08 -3.55335e-05
-1.36807e+08 -3.54737e-05
-1.36577e+08 -3.5414e-05
-1.36346e+08 -3.53542e-05
-1.36116e+08 -3.52944e-05
-1.35885e+08 -3.52347e-05
-1.35655e+08 -3.51749e-05
-1.35424e+08 -3.51151e-05
-1.35194e+08 -3.50553e-05
-1.34963e+08 -3.49956e-05
-1.34733e+08 -3.49358e-05
-1.34502e+08 -3.4876e-05
-1.34272e+08 -3.48163e-05
-1.34041e+08 -3.47565e-05
-1.33811e+08 -3.46967e-05
-1.3358e+08 -3.4637e-05
-1.3335e+08 -3.45772e-05
-1.33119e+08 -3.45174e-05
-1.32889e+08 -3.44577e-05
-1.32658e+08 -3.43979e-05
-1.32428e+08 -3.43381e-05
-1.32197e+08 -3.42784e-05
-1.31967e+08 -3.42186e-05
-1.31736e+08 -3.41589e-05
-1.31506e+08 -3.40991e-05
-1.31275e+08 -3.40393e-05
-1.31045e+08 -3.39796e-05
-1.30814e+08 -3.39198e-05
-1.30584e+08 -3.386e-05
-1.30353e+08 -3.38003e-05
-1.30123e+08 -3.37405e-05
-1.29892e+08 -3.36808e-05
-1.29662e+08 -3.3621e-05
-1.29431e+08 -3.35612e-05
-1.29201e+08 -3.35015e-05
-1.28971e+08 -3.34417e-05
-1.2874e+08 -3.3382e-05
-1.2851e+08 -3.33222e-05
-1.28279e+08 -3.32625e-05
-1.28049e+08 -3.32027e-05
-1.27818e+08 -3.31429e-05
-1.27588e+08 -3.30832e-05
-1.27357e+08 -3.30234e-05
-1.27127e+08 -3.29637e-05
-1.26896e+08 -3.29039e-05
-1.26666e+08 -3.28442e-05
-1.26436e+08 -3.27844e-05
-1.26205e+08 -3.27247e-05
-1.25975e+08 -3.26649e-05
-1.25744e+08 -3.26051e-05
-1.25514e+08 -3.25454e-05
-1.25283e+08 -3.24856e-05
-1.25053e+08 -3.24259e-05
-1.24822e+08 -3.23661e-05
-1.24592e+08 -3.23064e-05
-1.24362e+08 -3.22466e-05
-1.24131e+08 -3.21869e-05
-1.23901e+08 -3.21271e-05
-1.2367e+08 -3.20674e-05
-1.2344e+08 -3.20076e-05
-1.23209e+08 -3.19479e-05
-1.22979e+08 -3.18881e-05
-1.22749e+08 -3.18284e-05
-1.22518e+08 -3.17686e-05
-1.22288e+08 -3.17089e-05
-1.22057e+08 -3.16492e-05
-1.21827e+08 -3.15894e-05
-1.21596e+08 -3.15297e-05
-1.21366e+08 -3.14699e-05
-1.21136e+08 -3.14102e-05
-1.20905e+08 -3.13504e-05
-1.20675e+08 -3.12907e-05
-1.20444e+08 -3.12309e-05
-1.20214e+08 -3.11712e-05
-1.19984e+08 -3.11114e-05
-1.19753e+08 -3.10517e-05
-1.19523e+08 -3.0992e-05
-1.19292e+08 -3.09322e-05
-1.19062e+08 -3.08725e-05
-1.18832e+08 -3.08127e-05
-1.18601e+08 -3.0753e-05
-1.18371e+08 -3.06933e-05
-1.1814e+08 -3.06335e-05
-1.1791e+08 -3.05738e-05
-1.1768e+08 -3.0514e-05
-1.17449e+08 -3.04543e-05
-1.17219e+08 -3.03946e-05
-1.16988e+08 -3.03348e-05
-1.16758e+08 -3.02751e-05
-1.16528e+08 -3.02153e-05
-1.16297e+08 -3.01556e-05
-1.16067e+08 -3.00959e-05
-1.15837e+08 -3.00361e-05
-1.15606e+08 -2.99764e-05
-1.15376e+08 -2.99167e-05
-1.15145e+08 -2.98569e-05
-1.14915e+08 -2.97972e-05
-1.14685e+08 -2.97375e-05
-1.14454e+08 -2.96777e-05
-1.14224e+08 -2.9618e-05
-1.13994e+08 -2.95582e-05
-1.13763e+08 -2.94985e-05
-1.13533e+08 -2.94388e-05
-1.13303e+08 -2.93791e-05
-1.13072e+08 -2.93193e-05
-1.12842e+08 -2.92596e-05
-1.12611e+08 -2.91999e-05
-1.12381e+08 -2.91401e-05
-1.12151e+08 -2.90804e-05
-1.1192e+08 -2.90207e-05
-1.1169e+08 -2.89609e-05
-1.1146e+08 -2.89012e-05
-1.11229e+08 -2.88415e-05
-1.10999e+08 -2.87817e-05
-1.10769e+08 -2.8722e-05
-1.10538e+08 -2.86623e-05
-1.10308e+08 -2.86026e-05
-1.10078e+08 -2.85428e-05
-1.09847e+08 -2.84831e-05
-1.09617e+08 -2.84234e-05
-1.09387e+08 -2.83637e-05
-1.09156e+08 -2.83039e-05
-1.08926e+08 -2.82442e-05
-1.08696e+08 -2.81845e-05
-1.08465e+08 -2.81248e-05
-1.08235e+08 -2.8065e-05
-1.08005e+08 -2.80053e-05
-1.07774e+08 -2.79456e-05
-1.07544e+08 -2.78859e-05
-1.07314e+08 -2.78261e-05
-1.07083e+08 -2.77664e-05
-1.06853e+08 -2.77067e-05
-1.06623e+08 -2.7647e-05
-1.06392e+08 -2.75873e-05
-1.06162e+08 -2.75275e-05
-1.05932e+08 -2.74678e-05
-1.05701e+08 -2.74081e-05
-1.05471e+08 -2.73484e-05
-1.05241e+08 -2.72887e-05
-1.0501e+08 -2.72289e-05
-1.0478e+08 -2.71692e-05
-1.0455e+08 -2.71095e-05
-1.0432e+08 -2.70498e-05
-1.04089e+08 -2.69901e-05
-1.03859e+08 -2.69304e-05
-1.03629e+08 -2.68706e-05
-1.03398e+08 -2.68109e-05
-1.03168e+08 -2.67512e-05
-1.02938e+08 -2.66915e-05
-1.02707e+08 -2.66318e-05
-1.02477e+08 -2.65721e-05
-1.02247e+08 -2.65124e-05
-1.02017e+08 -2.64526e-05
-1.01786e+08 -2.63929e-05
-1.01556e+08 -2.63332e-05
-1.01326e+08 -2.62735e-05
-1.01095e+08 -2.62138e-05
-1.00865e+08 -2.61541e-05
-1.00635e+08 -2.60944e-05
-1.00405e+08 -2.60347e-05
-1.00174e+08 -2.59749e-05
-9.9944e+07 -2.59152e-05
-9.97138e+07 -2.58555e-05
-9.94835e+07 -2.57958e-05
-9.92532e+07 -2.57361e-05
-9.9023e+07 -2.56764e-05
-9.87927e+07 -2.56167e-05
-9.85624e+07 -2.5557e-05
-9.83322e+07 -2.54973e-05
-9.81019e+07 -2.54376e-05
-9.78716e+07 -2.53779e-05
-9.76414e+07 -2.53182e-05
-9.74111e+07 -2.52585e-05
-9.71808e+07 -2.51987e-05
-9.69506e+07 -2.5139e-05
-9.67203e+07 -2.50793e-05
-9.64901e+07 -2.50196e-05
-9.62598e+07 -2.49599e-05
-9.60296e+07 -2.49002e-05
-9.57993e+07 -2.48405e-05
-9.55691e+07 -2.47808e-05
-9.53389e+07 -2.47211e-05
-9.51086e+07 -2.46614e-05
-9.48784e+07 -2.46017e-05
-9.46481e+07 -2.4542e-05
-9.44179e+07 -2.44823e-05
-9.41876e+07 -2.44226e-05
-9.39574e+07 -2.43629e-05
-9.37272e+07 -2.43032e-05
-9.34969e+07 -2.42435e-05
-9.32667e+07 -2.41838e-05
-9.30365e+07 -2.41241e-05
-9.28062e+07 -2.40644e-05
-9.2576e+07 -2.40047e-05
-9.23458e+07 -2.3945e-05
-9.21155e+07 -2.38853e-05
-9.18853e+07 -2.38256e-05
-9.16551e+07 -2.37659e-05
-9.14249e+07 -2.37062e-05
-9.11947e+07 -2.36465e-05
-9.09644e+07 -2.35868e-05
-9.07342e+07 -2.35272e-05
-9.0504e+07 -2.34675e-05
-9.02738e+07 -2.34078e-05
-9.00436e+07 -2.33481e-05
-8.98134e+07 -2.32884e-05
-8.95832e+07 -2.32287e-05
-8.9353e+07 -2.3169e-05
-8.91227e+07 -2.31093e-05
-8.88926e+07 -2.30496e-05
-8.86624e+07 -2.29899e-05
-8.84321e+07 -2.29302e-05
-8.82019e+07 -2.28705e-05
-8.79718e+07 -2.28109e-05
-8.77416e+07 -2.27512e-05
-8.75114e+07 -2.26915e-05
-8.72812e+07 -2.26318e-05
-8.7051e+07 -2.25721e-05
-8.68208e+07 -2.25124e-05
-8.65906e+07 -2.24527e-05
-8.63604e+07 -2.2393e-05
-8.61302e+07 -2.23333e-05
-8.59e+07 -2.22737e-05
-8.56699e+07 -2.2214e-05
-8.54397e+07 -2.21543e-05
-8.52095e+07 -2.20946e-05
-8.49793e+07 -2.20349e-05
-8.47491e+07 -2.19752e-05
-8.4519e+07 -2.19156e-05
-8.42888e+07 -2.18559e-05
-8.40586e+07 -2.17962e-05
-8.38284e+07 -2.17365e-05
-8.35983e+07 -2.16768e-05
-8.33681e+07 -2.16171e-05
-8.31379e+07 -2.15575e-05
-8.29078e+07 -2.14978e-05
-8.26776e+07 -2.14381e-05
-8.24474e+07 -2.13784e-05
-8.22173e+07 -2.13187e-05
-8.19871e+07 -2.12591e-05
-8.1757e+07 -2.11994e-05
-8.15268e+07 -2.11397e-05
-8.12967e+07 -2.108e-05
-8.10665e+07 -2.10203e-05
-8.08363e+07 -2.09607e-05
-8.06062e+07 -2.0901e-05
-8.0376e+07 -2.08413e-05
-8.01459e+07 -2.07816e-05
-7.99157e+07 -2.07219e-05
-7.96856e+07 -2.06623e-05
-7.94555e+07 -2.06026e-05
-7.92253e+07 -2.05429e-05
-7.89952e+07 -2.04832e-05
-7.8765e+07 -2.04236e-05
-7.85349e+07 -2.03639e-05
-7.83048e+07 -2.03042e-05
-7.80746e+07 -2.02446e-05
-7.78445e+07 -2.01849e-05
-7.76144e+07 -2.01252e-05
-7.73842e+07 -2.00655e-05
-7.71541e+07 -2.00059e-05
-7.6924e+07 -1.99462e-05
-7.66939e+07 -1.98865e-05
-7.64637e+07 -1.98269e-05
-7.62336e+07 -1.97672e-05
-7.60035e+07 -1.97075e-05
-7.57734e+07 -1.96478e-05
-7.55433e+07 -1.95882e-05
-7.53131e+07 -1.95285e-05
-7.5083e+07 -1.94688e-05
-7.48529e+07 -1.94092e-05
-7.46228e+07 -1.93495e-05
-7.43927e+07 -1.92898e-05
-7.41626e+07 -1.92302e-05
-7.39325e+07 -1.91705e-05
-7.37024e+07 -1.91108e-05
-7.34723e+07 -1.90512e-05
-7.32422e+07 -1.89915e-05
-7.30121e+07 -1.89318e-05
-7.2782e+07 -1.88722e-05
-7.25519e+07 -1.88125e-05
-7.23217e+07 -1.87528e-05
-7.20917e+07 -1.86932e-05
-7.18616e+07 -1.86335e-05
-7.16315e+07 -1.85739e-05
-7.14014e+07 -1.85142e-05
-7.11713e+07 -1.84545e-05
-7.09412e+07 -1.83949e-05
-7.07111e+07 -1.83352e-05
-7.0481e+07 -1.82756e-05
-7.0251e+07 -1.82159e-05
-7.00209e+07 -1.81562e-05
-6.97908e+07 -1.80966e-05
-6.95607e+07 -1.80369e-05
-6.93306e+07 -1.79773e-05
-6.91006e+07 -1.79176e-05
-6.88705e+07 -1.78579e-05
-6.86404e+07 -1.77983e-05
-6.84103e+07 -1.77386e-05
-6.81803e+07 -1.7679e-05
-6.79502e+07 -1.76193e-05
-6.77201e+07 -1.75597e-05
-6.74901e+07 -1.75e-05
-6.726e+07 -1.74403e-05
-6.70299e+07 -1.73807e-05
-6.67999e+07 -1.7321e-05
-6.65698e+07 -1.72614e-05
-6.63398e+07 -1.72017e-05
-6.61097e+07 -1.71421e-05
-6.58796e+07 -1.70824e-05
-6.56496e+07 -1.70228e-05
-6.54195e+07 -1.69631e-05
-6.51895e+07 -1.69035e-05
-6.49594e+07 -1.68438e-05
-6.47294e+07 -1.67842e-05
-6.44993e+07 -1.67245e-05
-6.42693e+07 -1.66649e-05
-6.40393e+07 -1.66052e-05
-6.38092e+07 -1.65456e-05
-6.35792e+07 -1.64859e-05
-6.33492e+07 -1.64263e-05
-6.31191e+07 -1.63666e-05
-6.28891e+07 -1.6307e-05
-6.2659e+07 -1.62473e-05
-6.2429e+07 -1.61877e-05
-6.2199e+07 -1.6128e-05
-6.19689e+07 -1.60684e-05
-6.17389e+07 -1.60087e-05
-6.15089e+07 -1.59491e-05
-6.12788e+07 -1.58894e-05
-6.10488e+07 -1.58298e-05
-6.08188e+07 -1.57702e-05
-6.05888e+07 -1.57105e-05
-6.03588e+07 -1.56509e-05
-6.01287e+07 -1.55912e-05
-5.98987e+07 -1.55316e-05
-5.96687e+07 -1.54719e-05
-5.94387e+07 -1.54123e-05
-5.92087e+07 -1.53527e-05
-5.89787e+07 -1.5293e-05
-5.87487e+07 -1.52334e-05
-5.85187e+07 -1.51737e-05
-5.82887e+07 -1.51141e-05
-5.80587e+07 -1.50545e-05
-5.78287e+07 -1.49948e-05
-5.75987e+07 -1.49352e-05
-5.73686e+07 -1.48755e-05
-5.71387e+07 -1.48159e-05
-5.69086e+07 -1.47563e-05
-5.66786e+07 -1.46966e-05
-5.64487e+07 -1.4637e-05
-5.62187e+07 -1.45774e-05
-5.59887e+07 -1.45177e-05
-5.57587e+07 -1.44581e-05
-5.55287e+07 -1.43985e-05
-5.52987e+07 -1.43388e-05
-5.50687e+07 -1.42792e-05
-5.48387e+07 -1.42195e-05
-5.46088e+07 -1.41599e-05
-5.43788e+07 -1.41003e-05
-5.41488e+07 -1.40406e-05
-5.39188e+07 -1.3981e-05
-5.36888e+07 -1.39214e-05
-5.34589e+07 -1.38617e-05
-5.32289e+07 -1.38021e-05
-5.29989e+07 -1.37425e-05
-5.27689e+07 -1.36829e-05
-5.2539e+07 -1.36232e-05
-5.2309e+07 -1.35636e-05
-5.2079e+07 -1.3504e-05
-5.18491e+07 -1.34443e-05
-5.16191e+07 -1.33847e-05
-5.13892e+07 -1.33251e-05
-5.11592e+07 -1.32655e-05
-5.09292e+07 -1.32058e-05
-5.06993e+07 -1.31462e-05
-5.04693e+07 -1.30866e-05
-5.02394e+07 -1.30269e-05
-5.00094e+07 -1.29673e-05
-4.97795e+07 -1.29077e-05
-4.95495e+07 -1.28481e-05
-4.93196e+07 -1.27884e-05
-4.90896e+07 -1.27288e-05
-4.88597e+07 -1.26692e-05
-4.86297e+07 -1.26096e-05
-4.83998e+07 -1.25499e-05
-4.81699e+07 -1.24903e-05
-4.79399e+07 -1.24307e-05
-4.771e+07 -1.23711e-05
-4.748e+07 -1.23115e-05
-4.72501e+07 -1.22518e-05
-4.70202e+07 -1.21922e-05
-4.67902e+07 -1.21326e-05
-4.65603e+07 -1.2073e-05
-4.63304e+07 -1.20133e-05
-4.61004e+07 -1.19537e-05
-4.58705e+07 -1.18941e-05
-4.56406e+07 -1.18345e-05
-4.54107e+07 -1.17749e-05
-4.51808e+07 -1.17153e-05
-4.49509e+07 -1.16556e-05
-4.47209e+07 -1.1596e-05
-4.4491e+07 -1.15364e-05
-4.42611e+07 -1.14768e-05
-4.40312e+07 -1.14172e-05
-4.38013e+07 -1.13576e-05
-4.35714e+07 -1.12979e-05
-4.33414e+07 -1.12383e-05
-4.31115e+07 -1.11787e-05
-4.28816e+07 -1.11191e-05
-4.26517e+07 -1.10595e-05
-4.24218e+07 -1.09999e-05
-4.21919e+07 -1.09403e-05
-4.1962e+07 -1.08806e-05
-4.17321e+07 -1.0821e-05
-4.15022e+07 -1.07614e-05
-4.12723e+07 -1.07018e-05
-4.10424e+07 -1.06422e-05
-4.08125e+07 -1.05826e-05
-4.05826e+07 -1.0523e-05
-4.03528e+07 -1.04634e-05
-4.01229e+07 -1.04038e-05
-3.9893e+07 -1.03441e-05
-3.96631e+07 -1.02845e-05
-3.94332e+07 -1.02249e-05
-3.92033e+07 -1.01653e-05
-3.89734e+07 -1.01057e-05
-3.87436e+07 -1.00461e-05
-3.85137e+07 -9.9865e-06
-3.82838e+07 -9.9269e-06
-3.80539e+07 -9.86729e-06
-3.78241e+07 -9.80768e-06
-3.75942e+07 -9.74807e-06
-3.73643e+07 -9.68847e-06
-3.71344e+07 -9.62887e-06
-3.69046e+07 -9.56927e-06
-3.66747e+07 -9.50966e-06
-3.64449e+07 -9.45006e-06
-3.6215e+07 -9.39046e-06
-3.59851e+07 -9.33085e-06
-3.57553e+07 -9.27125e-06
-3.55254e+07 -9.21165e-06
-3.52955e+07 -9.15204e-06
-3.50657e+07 -9.09244e-06
-3.48358e+07 -9.03285e-06
-3.4606e+07 -8.97325e-06
-3.43761e+07 -8.91365e-06
-3.41463e+07 -8.85405e-06
