0.675679 8.94487e-14
1.49266 1.97603e-13
2.48868 3.2946e-13
3.71331 4.91581e-13
5.23117 6.92521e-13
7.12404 9.43105e-13
9.50782 1.25868e-12
12.5388 1.65993e-12
16.4314 2.17524e-12
21.5023 2.84655e-12
-1.03239e+06 -1.36671e-07
-2.06479e+06 -2.73344e-07
-3.09719e+06 -4.10016e-07
-4.12958e+06 -5.46689e-07
-5.16199e+06 -6.83362e-07
-6.19437e+06 -8.20033e-07
-7.22674e+06 -9.56701e-07
-8.25916e+06 -1.09338e-06
-9.29156e+06 -1.23005e-06
-1.03239e+07 -1.36672e-06
-1.13563e+07 -1.50339e-06
-1.23887e+07 -1.64006e-06
-1.34211e+07 -1.77673e-06
-1.44535e+07 -1.9134e-06
-1.54858e+07 -2.05007e-06
-1.65182e+07 -2.18674e-06
-1.75506e+07 -2.32341e-06
-1.85829e+07 -2.46008e-06
-1.96153e+07 -2.59674e-06
-2.06477e+07 -2.73341e-06
-2.168e+07 -2.87008e-06
-2.27124e+07 -3.00675e-06
-2.37448e+07 -3.14341e-06
-2.47771e+07 -3.28008e-06
-2.58095e+07 -3.41675e-06
-2.68418e+07 -3.55341e-06
-2.78742e+07 -3.69008e-06
-2.89065e+07 -3.82675e-06
-2.99389e+07 -3.96341e-06
-3.09712e+07 -4.10008e-06
-3.20036e+07 -4.23674e-06
-3.30359e+07 -4.37341e-06
-3.40682e+07 -4.51007e-06
-3.51006e+07 -4.64674e-06
-3.61329e+07 -4.7834e-06
-3.71652e+07 -4.92006e-06
-3.81976e+07 -5.05673e-06
-3.92299e+07 -5.19339e-06
-4.02622e+07 -5.33005e-06
-4.12945e+07 -5.46671e-06
-4.23269e+07 -5.60338e-06
-4.33592e+07 -5.74004e-06
-4.43915e+07 -5.8767e-06
-4.54238e+07 -6.01336e-06
-4.64561e+07 -6.15002e-06
-4.74884e+07 -6.28668e-06
-4.85207e+07 -6.42334e-06
-4.9553e+07 -6.56e-06
-5.05853e+07 -6.69666e-06
-5.16176e+07 -6.83332e-06
-5.26499e+07 -6.96998e-06
-5.36822e+07 -7.10664e-06
-5.47145e+07 -7.2433e-06
-5.57468e+07 -7.37996e-06
-5.67791e+07 -7.51662e-06
-5.78114e+07 -7.65327e-06
-5.88437e+07 -7.78993e-06
-5.9876e+07 -7.92659e-06
-6.09082e+07 -8.06325e-06
-6.19405e+07 -8.1999e-06
-6.29728e+07 -8.33656e-06
-6.40051e+07 -8.47321e-06
-6.50373e+07 -8.60987e-06
-6.60696e+07 -8.74653e-06
-6.71019e+07 -8.88318e-06
-6.81341e+07 -9.01984e-06
-6.91664e+07 -9.15649e-06
-7.01987e+07 -9.29315e-06
-7.12309e+07 -9.4298e-06
-7.22632e+07 -9.56645e-06
-7.32954e+07 -9.70311e-06
-7.43277e+07 -9.83976e-06
-7.53599e+07 -9.97641e-06
-7.63922e+07 -1.01131e-05
-7.74244e+07 -1.02497e-05
-7.84567e+07 -1.03864e-05
-7.94889e+07 -1.0523e-05
-8.05212e+07 -1.06597e-05
-8.15534e+07 -1.07963e-05
-8.25856e+07 -1.0933e-05
-8.36179e+07 -1.10696e-05
-8.46501e+07 -1.12063e-05
-8.56823e+07 -1.13429e-05
-8.67146e+07 -1.14796e-05
-8.77468e+07 -1.16162e-05
-8.8779e+07 -1.17529e-05
-8.98112e+07 -1.18895e-05
-9.08435e+07 -1.20262e-05
-9.18756e+07 -1.21628e-05
-9.29079e+07 -1.22995e-05
-9.39401e+07 -1.24361e-05
-9.49723e+07 -1.25728e-05
-9.60045e+07 -1.27094e-05
-9.70367e+07 -1.28461e-05
-9.80689e+07 -1.29827e-05
-9.91011e+07 -1.31194e-05
-1.00133e+08 -1.3256e-05
-1.01166e+08 -1.33926e-05
-1.02198e+08 -1.35293e-05
-1.0323e+08 -1.36659e-05
-1.04262e+08 -1.38026e-05
-1.05294e+08 -1.39392e-05
-1.06327e+08 -1.40759e-05
-1.07359e+08 -1.42125e-05
-1.08391e+08 -1.43492e-05
-1.09423e+08 -1.44858e-05
-1.10455e+08 -1.46224e-05
-1.11487e+08 -1.47591e-05
-1.1252e+08 -1.48957e-05
-1.13552e+08 -1.50324e-05
-1.14584e+08 -1.5169e-05
-1.15616e+08 -1.53057e-05
-1.16648e+08 -1.54423e-05
-1.1768e+08 -1.55789e-05
-1.18713e+08 -1.57156e-05
-1.19745e+08 -1.58522e-05
-1.20777e+08 -1.59889e-05
-1.21809e+08 -1.61255e-05
-1.22841e+08 -1.62621e-05
-1.23873e+08 -1.63988e-05
-1.24905e+08 -1.65354e-05
-1.25938e+08 -1.66721e-05
-1.2697e+08 -1.68087e-05
-1.28002e+08 -1.69453e-05
-1.29034e+08 -1.7082e-05
-1.30066e+08 -1.72186e-05
-1.31098e+08 -1.73553e-05
-1.3213e+08 -1.74919e-05
-1.33163e+08 -1.76285e-05
-1.34195e+08 -1.77652e-05
-1.35227e+08 -1.79018e-05
-1.36259e+08 -1.80384e-05
-1.37291e+08 -1.81751e-05
-1.38323e+08 -1.83117e-05
-1.39355e+08 -1.84483e-05
-1.40387e+08 -1.8585e-05
-1.4142e+08 -1.87216e-05
-1.42452e+08 -1.88583e-05
-1.43484e+08 -1.89949e-05
-1.44516e+08 -1.91315e-05
-1.45548e+08 -1.92682e-05
-1.4658e+08 -1.94048e-05
-1.47612e+08 -1.95414e-05
-1.48644e+08 -1.96781e-05
-1.49676e+08 -1.98147e-05
-1.50708e+08 -1.99513e-05
-1.51741e+08 -2.0088e-05
-1.52773e+08 -2.02246e-05
-1.53805e+08 -2.03612e-05
-1.54837e+08 -2.04978e-05
-1.55869e+08 -2.06345e-05
-1.56901e+08 -2.07711e-05
-1.57933e+08 -2.09077e-05
-1.58965e+08 -2.10444e-05
-1.59997e+08 -2.1181e-05
-1.61029e+08 -2.13176e-05
-1.62061e+08 -2.14543e-05
-1.63093e+08 -2.15909e-05
-1.64126e+08 -2.17275e-05
-1.65158e+08 -2.18641e-05
-1.6619e+08 -2.20008e-05
-1.67222e+08 -2.21374e-05
-1.68254e+08 -2.2274e-05
-1.69286e+08 -2.24107e-05
-1.70318e+08 -2.25473e-05
-1.7135e+08 -2.26839e-05
-1.72382e+08 -2.28205e-05
-1.73414e+08 -2.29572e-05
-1.74446e+08 -2.30938e-05
-1.75478e+08 -2.32304e-05
-1.7651e+08 -2.3367e-05
-1.77542e+08 -2.35037e-05
-1.78574e+08 -2.36403e-05
-1.79606e+08 -2.37769e-05
-1.80638e+08 -2.39135e-05
-1.8167e+08 -2.40502e-05
-1.82702e+08 -2.41868e-05
-1.83734e+08 -2.43234e-05
-1.84766e+08 -2.446e-05
-1.85798e+08 -2.45966e-05
-1.8683e+08 -2.47333e-05
-1.87862e+08 -2.48699e-05
-1.88895e+08 -2.50065e-05
-1.89927e+08 -2.51431e-05
-1.90959e+08 -2.52798e-05
-1.91991e+08 -2.54164e-05
-1.93023e+08 -2.5553e-05
-1.94055e+08 -2.56896e-05
-1.95087e+08 -2.58262e-05
-1.96119e+08 -2.59629e-05
-1.97151e+08 -2.60995e-05
-1.98183e+08 -2.62361e-05
-1.99215e+08 -2.63727e-05
-2.00247e+08 -2.65093e-05
-2.01279e+08 -2.6646e-05
-2.02311e+08 -2.67826e-05
-2.03343e+08 -2.69192e-05
-2.04374e+08 -2.70558e-05
-2.05406e+08 -2.71924e-05
-2.06438e+08 -2.7329e-05
-2.0747e+08 -2.74657e-05
-2.08502e+08 -2.76023e-05
-2.09534e+08 -2.77389e-05
-2.10566e+08 -2.78755e-05
-2.11598e+08 -2.80121e-05
-2.1263e+08 -2.81487e-05
-2.13662e+08 -2.82854e-05
-2.14694e+08 -2.8422e-05
-2.15726e+08 -2.85586e-05
-2.16758e+08 -2.86952e-05
-2.1779e+08 -2.88318e-05
-2.18822e+08 -2.89684e-05
-2.19854e+08 -2.9105e-05
-2.20886e+08 -2.92417e-05
-2.21918e+08 -2.93783e-05
-2.2295e+08 -2.95149e-05
-2.23982e+08 -2.96515e-05
-2.25014e+08 -2.97881e-05
-2.26046e+08 -2.99247e-05
-2.27078e+08 -3.00613e-05
-2.2811e+08 -3.01979e-05
-2.29141e+08 -3.03345e-05
-2.30173e+08 -3.04712e-05
-2.31205e+08 -3.06078e-05
-2.32237e+08 -3.07444e-05
-2.33269e+08 -3.0881e-05
-2.34301e+08 -3.10176e-05
-2.35333e+08 -3.11542e-05
-2.36365e+08 -3.12908e-05
-2.37397e+08 -3.14274e-05
-2.38429e+08 -3.1564e-05
-2.39461e+08 -3.17006e-05
-2.40493e+08 -3.18372e-05
-2.41524e+08 -3.19739e-05
-2.42556e+08 -3.21105e-05
-2.43588e+08 -3.22471e-05
-2.4462e+08 -3.23837e-05
-2.45652e+08 -3.25203e-05
-2.46684e+08 -3.26569e-05
-2.47716e+08 -3.27935e-05
-2.48748e+08 -3.29301e-05
-2.4978e+08 -3.30667e-05
-2.50812e+08 -3.32033e-05
-2.51843e+08 -3.33399e-05
-2.52875e+08 -3.34765e-05
-2.53907e+08 -3.36131e-05
-2.54939e+08 -3.37497e-05
-2.55971e+08 -3.38863e-05
-2.57003e+08 -3.40229e-05
-2.58035e+08 -3.41595e-05
-2.59067e+08 -3.42961e-05
-2.60098e+08 -3.44327e-05
-2.6113e+08 -3.45693e-05
-2.62162e+08 -3.47059e-05
-2.63194e+08 -3.48425e-05
-2.64226e+08 -3.49791e-05
-2.65258e+08 -3.51157e-05
-2.6629e+08 -3.52523e-05
-2.67321e+08 -3.53889e-05
-2.68353e+08 -3.55255e-05
-2.69385e+08 -3.56621e-05
-2.70417e+08 -3.57987e-05
-2.71449e+08 -3.59353e-05
-2.72481e+08 -3.60719e-05
-2.73513e+08 -3.62085e-05
-2.74544e+08 -3.63451e-05
-2.75576e+08 -3.64817e-05
-2.76608e+08 -3.66183e-05
-2.7764e+08 -3.67549e-05
-2.78672e+08 -3.68915e-05
-2.79704e+08 -3.70281e-05
-2.80735e+08 -3.71647e-05
-2.81767e+08 -3.73013e-05
-2.82799e+08 -3.74379e-05
-2.83831e+08 -3.75745e-05
-2.84863e+08 -3.77111e-05
-2.85894e+08 -3.78477e-05
-2.86926e+08 -3.79843e-05
-2.87958e+08 -3.81209e-05
-2.8899e+08 -3.82575e-05
-2.90022e+08 -3.83941e-05
-2.91053e+08 -3.85307e-05
-2.92085e+08 -3.86673e-05
-2.93117e+08 -3.88039e-05
-2.94149e+08 -3.89405e-05
-2.95181e+08 -3.9077e-05
-2.96212e+08 -3.92136e-05
-2.97244e+08 -3.93502e-05
-2.98276e+08 -3.94868e-05
-2.99308e+08 -3.96234e-05
-3.0034e+08 -3.976e-05
-3.01371e+08 -3.98966e-05
-3.02403e+08 -4.00332e-05
-3.03435e+08 -4.01698e-05
-3.04467e+08 -4.03064e-05
-3.05498e+08 -4.0443e-05
-3.0653e+08 -4.05795e-05
-3.07562e+08 -4.07161e-05
-3.08594e+08 -4.08527e-05
-3.09626e+08 -4.09893e-05
-3.10657e+08 -4.11259e-05
-3.11689e+08 -4.12625e-05
-3.12721e+08 -4.13991e-05
-3.13753e+08 -4.15357e-05
-3.14784e+08 -4.16723e-05
-3.15816e+08 -4.18088e-05
-3.16848e+08 -4.19454e-05
-3.1788e+08 -4.2082e-05
-3.18911e+08 -4.22186e-05
-3.19943e+08 -4.23552e-05
-3.20975e+08 -4.24918e-05
-3.22007e+08 -4.26284e-05
-3.23038e+08 -4.27649e-05
-3.2407e+08 -4.29015e-05
-3.25102e+08 -4.30381e-05
-3.26134e+08 -4.31747e-05
-3.27165e+08 -4.33113e-05
-3.28197e+08 -4.34479e-05
-3.29229e+08 -4.35844e-05
-3.3026e+08 -4.3721e-05
-3.31292e+08 -4.38576e-05
-3.32324e+08 -4.39942e-05
-3.33356e+08 -4.41308e-05
-3.34387e+08 -4.42674e-05
-3.35419e+08 -4.44039e-05
-3.36451e+08 -4.45405e-05
-3.37482e+08 -4.46771e-05
-3.38514e+08 -4.48137e-05
-3.39546e+08 -4.49503e-05
-3.40578e+08 -4.50868e-05
-3.41609e+08 -4.52234e-05
-3.42641e+08 -4.536e-05
-3.43673e+08 -4.54966e-05
-3.44704e+08 -4.56332e-05
-3.45736e+08 -4.57697e-05
-3.46768e+08 -4.59063e-05
-3.47799e+08 -4.60429e-05
-3.48831e+08 -4.61795e-05
-3.49863e+08 -4.63161e-05
-3.50894e+08 -4.64526e-05
-3.51926e+08 -4.65892e-05
-3.52958e+08 -4.67258e-05
-3.53989e+08 -4.68624e-05
-3.55021e+08 -4.69989e-05
-3.56053e+08 -4.71355e-05
-3.57084e+08 -4.72721e-05
-3.58116e+08 -4.74087e-05
-3.59148e+08 -4.75452e-05
-3.60179e+08 -4.76818e-05
-3.61211e+08 -4.78184e-05
-3.62243e+08 -4.7955e-05
-3.63274e+08 -4.80915e-05
-3.64306e+08 -4.82281e-05
-3.65338e+08 -4.83647e-05
-3.66369e+08 -4.85013e-05
-3.67401e+08 -4.86378e-05
-3.68433e+08 -4.87744e-05
-3.69464e+08 -4.8911e-05
-3.70496e+08 -4.90475e-05
-3.71528e+08 -4.91841e-05
-3.72559e+08 -4.93207e-05
-3.73591e+08 -4.94573e-05
-3.74622e+08 -4.95938e-05
-3.75654e+08 -4.97304e-05
-3.76686e+08 -4.9867e-05
-3.77717e+08 -5.00035e-05
-3.78749e+08 -5.01401e-05
-3.79781e+08 -5.02767e-05
-3.80812e+08 -5.04132e-05
-3.81844e+08 -5.05498e-05
-3.82875e+08 -5.06864e-05
-3.83907e+08 -5.0823e-05
-3.84939e+08 -5.09595e-05
-3.8597e+08 -5.10961e-05
-3.87002e+08 -5.12327e-05
-3.88033e+08 -5.13692e-05
-3.89065e+08 -5.15058e-05
-3.90097e+08 -5.16424e-05
-3.91128e+08 -5.17789e-05
-3.9216e+08 -5.19155e-05
-3.93191e+08 -5.20521e-05
-3.94223e+08 -5.21886e-05
-3.95255e+08 -5.23252e-05
-3.96286e+08 -5.24617e-05
-3.97318e+08 -5.25983e-05
-3.98349e+08 -5.27349e-05
-3.99381e+08 -5.28714e-05
-4.00412e+08 -5.3008e-05
-4.01444e+08 -5.31446e-05
-4.02476e+08 -5.32811e-05
-4.03507e+08 -5.34177e-05
-4.04539e+08 -5.35543e-05
-4.0557e+08 -5.36908e-05
-4.06602e+08 -5.38274e-05
-4.07633e+08 -5.39639e-05
-4.08665e+08 -5.41005e-05
-4.09697e+08 -5.42371e-05
-4.10728e+08 -5.43736e-05
-4.1176e+08 -5.45102e-05
-4.12791e+08 -5.46467e-05
-4.13823e+08 -5.47833e-05
-4.14854e+08 -5.49199e-05
-4.15886e+08 -5.50564e-05
-4.16917e+08 -5.5193e-05
-4.17949e+08 -5.53295e-05
-4.1898e+08 -5.54661e-05
-4.20012e+08 -5.56027e-05
-4.21044e+08 -5.57392e-05
-4.22075e+08 -5.58758e-05
-4.23107e+08 -5.60123e-05
-4.24138e+08 -5.61489e-05
-4.2517e+08 -5.62855e-05
-4.26201e+08 -5.6422e-05
-4.27233e+08 -5.65586e-05
-4.28264e+08 -5.66951e-05
-4.29296e+08 -5.68317e-05
-4.30327e+08 -5.69682e-05
-4.31359e+08 -5.71048e-05
-4.3239e+08 -5.72413e-05
-4.33422e+08 -5.73779e-05
-4.34453e+08 -5.75144e-05
-4.35485e+08 -5.7651e-05
-4.36516e+08 -5.77876e-05
-4.37548e+08 -5.79241e-05
-4.38579e+08 -5.80607e-05
-4.39611e+08 -5.81972e-05
-4.40642e+08 -5.83338e-05
-4.41674e+08 -5.84703e-05
-4.42705e+08 -5.86069e-05
-4.43737e+08 -5.87434e-05
-4.44768e+08 -5.888e-05
-4.458e+08 -5.90165e-05
-4.46831e+08 -5.91531e-05
-4.47863e+08 -5.92896e-05
-4.48894e+08 -5.94262e-05
-4.49926e+08 -5.95627e-05
-4.50957e+08 -5.96993e-05
-4.51989e+08 -5.98358e-05
-4.5302e+08 -5.99724e-05
-4.54052e+08 -6.01089e-05
-4.55083e+08 -6.02455e-05
-4.56114e+08 -6.0382e-05
-4.57146e+08 -6.05186e-05
-4.58177e+08 -6.06551e-05
-4.59209e+08 -6.07917e-05
-4.6024e+08 -6.09282e-05
-4.61272e+08 -6.10648e-05
-4.62303e+08 -6.12013e-05
-4.63335e+08 -6.13379e-05
-4.64366e+08 -6.14744e-05
-4.65397e+08 -6.16109e-05
-4.66429e+08 -6.17475e-05
-4.6746e+08 -6.1884e-05
-4.68492e+08 -6.20206e-05
-4.69523e+08 -6.21571e-05
-4.70555e+08 -6.22937e-05
-4.71586e+08 -6.24302e-05
-4.72617e+08 -6.25668e-05
-4.73649e+08 -6.27033e-05
-4.7468e+08 -6.28398e-05
-4.75712e+08 -6.29764e-05
-4.76743e+08 -6.31129e-05
-4.77775e+08 -6.32495e-05
-4.78806e+08 -6.3386e-05
-4.79837e+08 -6.35226e-05
-4.80869e+08 -6.36591e-05
-4.819e+08 -6.37956e-05
-4.82932e+08 -6.39322e-05
-4.83963e+08 -6.40687e-05
-4.84994e+08 -6.42053e-05
-4.86026e+08 -6.43418e-05
-4.87057e+08 -6.44783e-05
-4.88089e+08 -6.46149e-05
-4.8912e+08 -6.47514e-05
-4.90151e+08 -6.4888e-05
-4.91183e+08 -6.50245e-05
-4.92214e+08 -6.5161e-05
-4.93246e+08 -6.52976e-05
-4.94277e+08 -6.54341e-05
-4.95308e+08 -6.55707e-05
-4.9634e+08 -6.57072e-05
-4.97371e+08 -6.58437e-05
-4.98402e+08 -6.59803e-05
-4.99434e+08 -6.61168e-05
-5.00465e+08 -6.62533e-05
-5.01497e+08 -6.63899e-05
-5.02528e+08 -6.65264e-05
-5.03559e+08 -6.66629e-05
-5.04591e+08 -6.67995e-05
-5.05622e+08 -6.6936e-05
-5.06653e+08 -6.70725e-05
-5.07685e+08 -6.72091e-05
-5.08716e+08 -6.73456e-05
-5.09747e+08 -6.74821e-05
-5.10779e+08 -6.76187e-05
-5.1181e+08 -6.77552e-05
-5.12841e+08 -6.78917e-05
-5.13873e+08 -6.80283e-05
-5.14904e+08 -6.81648e-05
-5.15935e+08 -6.83013e-05
-5.16967e+08 -6.84379e-05
-5.17998e+08 -6.85744e-05
-5.19029e+08 -6.87109e-05
-5.20061e+08 -6.88475e-05
-5.21092e+08 -6.8984e-05
-5.22123e+08 -6.91205e-05
-5.23155e+08 -6.92571e-05
-5.24186e+08 -6.93936e-05
-5.25217e+08 -6.95301e-05
-5.26249e+08 -6.96666e-05
-5.2728e+08 -6.98032e-05
-5.28311e+08 -6.99397e-05
-5.29343e+08 -7.00762e-05
-5.30374e+08 -7.02128e-05
-5.31405e+08 -7.03493e-05
-5.32437e+08 -7.04858e-05
-5.33468e+08 -7.06223e-05
-5.34499e+08 -7.07589e-05
-5.3553e+08 -7.08954e-05
-5.36562e+08 -7.10319e-05
-5.37593e+08 -7.11684e-05
-5.38624e+08 -7.1305e-05
-5.39656e+08 -7.14415e-05
-5.40687e+08 -7.1578e-05
-5.41718e+08 -7.17145e-05
-5.42749e+08 -7.18511e-05
-5.43781e+08 -7.19876e-05
-5.44812e+08 -7.21241e-05
-5.45843e+08 -7.22606e-05
-5.46875e+08 -7.23972e-05
-5.47906e+08 -7.25337e-05
-5.48937e+08 -7.26702e-05
-5.49968e+08 -7.28067e-05
-5.51e+08 -7.29433e-05
-5.52031e+08 -7.30798e-05
-5.53062e+08 -7.32163e-05
-5.54093e+08 -7.33528e-05
-5.55125e+08 -7.34893e-05
-5.56156e+08 -7.36259e-05
-5.57187e+08 -7.37624e-05
-5.58218e+08 -7.38989e-05
-5.5925e+08 -7.40354e-05
-5.60281e+08 -7.41719e-05
-5.61312e+08 -7.43085e-05
-5.62343e+08 -7.4445e-05
-5.63375e+08 -7.45815e-05
-5.64406e+08 -7.4718e-05
-5.65437e+08 -7.48545e-05
-5.66468e+08 -7.49911e-05
-5.675e+08 -7.51276e-05
-5.68531e+08 -7.52641e-05
-5.69562e+08 -7.54006e-05
-5.70593e+08 -7.55371e-05
-5.71624e+08 -7.56736e-05
-5.72656e+08 -7.58102e-05
-5.73687e+08 -7.59467e-05
-5.74718e+08 -7.60832e-05
-5.75749e+08 -7.62197e-05
-5.7678e+08 -7.63562e-05
-5.77812e+08 -7.64927e-05
-5.78843e+08 -7.66292e-05
-5.79874e+08 -7.67658e-05
-5.80905e+08 -7.69023e-05
-5.81937e+08 -7.70388e-05
-5.82968e+08 -7.71753e-05
-5.83999e+08 -7.73118e-05
-5.8503e+08 -7.74483e-05
-5.86061e+08 -7.75848e-05
-5.87092e+08 -7.77214e-05
-5.88124e+08 -7.78579e-05
-5.89155e+08 -7.79944e-05
-5.90186e+08 -7.81309e-05
-5.91217e+08 -7.82674e-05
-5.92248e+08 -7.84039e-05
-5.9328e+08 -7.85404e-05
-5.94311e+08 -7.86769e-05
-5.95342e+08 -7.88134e-05
-5.96373e+08 -7.895e-05
-5.97404e+08 -7.90865e-05
-5.98435e+08 -7.9223e-05
-5.99467e+08 -7.93595e-05
-6.00498e+08 -7.9496e-05
-6.01529e+08 -7.96325e-05
-6.0256e+08 -7.9769e-05
-6.03591e+08 -7.99055e-05
-6.04622e+08 -8.0042e-05
-6.05653e+08 -8.01785e-05
-6.06685e+08 -8.0315e-05
-6.07716e+08 -8.04515e-05
-6.08747e+08 -8.0588e-05
-6.09778e+08 -8.07246e-05
-6.10809e+08 -8.08611e-05
-6.1184e+08 -8.09976e-05
-6.12871e+08 -8.11341e-05
-6.13903e+08 -8.12706e-05
-6.14934e+08 -8.14071e-05
-6.15965e+08 -8.15436e-05
-6.16996e+08 -8.16801e-05
-6.18027e+08 -8.18166e-05
-6.19058e+08 -8.19531e-05
-6.20089e+08 -8.20896e-05
-6.2112e+08 -8.22261e-05
-6.22152e+08 -8.23626e-05
-6.23183e+08 -8.24991e-05
-6.24214e+08 -8.26356e-05
-6.25245e+08 -8.27721e-05
-6.26276e+08 -8.29086e-05
-6.27307e+08 -8.30451e-05
-6.28338e+08 -8.31816e-05
-6.29369e+08 -8.33181e-05
-6.304e+08 -8.34546e-05
-6.31432e+08 -8.35911e-05
-6.32463e+08 -8.37276e-05
-6.33494e+08 -8.38641e-05
-6.34525e+08 -8.40006e-05
-6.35556e+08 -8.41371e-05
-6.36587e+08 -8.42736e-05
-6.37618e+08 -8.44101e-05
-6.38649e+08 -8.45466e-05
-6.3968e+08 -8.46831e-05
-6.40711e+08 -8.48196e-05
-6.41742e+08 -8.49561e-05
-6.42773e+08 -8.50926e-05
-6.43805e+08 -8.52291e-05
-6.44836e+08 -8.53656e-05
-6.45867e+08 -8.55021e-05
-6.46898e+08 -8.56386e-05
-6.47929e+08 -8.57751e-05
-6.4896e+08 -8.59116e-05
-6.49991e+08 -8.60481e-05
-6.51022e+08 -8.61846e-05
-6.52053e+08 -8.63211e-05
-6.53084e+08 -8.64576e-05
-6.54115e+08 -8.6594e-05
-6.55146e+08 -8.67305e-05
-6.56177e+08 -8.6867e-05
-6.57208e+08 -8.70035e-05
-6.58239e+08 -8.714e-05
-6.5927e+08 -8.72765e-05
-6.60301e+08 -8.7413e-05
-6.61332e+08 -8.75495e-05
-6.62363e+08 -8.7686e-05
-6.63394e+08 -8.78225e-05
-6.64425e+08 -8.7959e-05
-6.65457e+08 -8.80955e-05
-6.66488e+08 -8.8232e-05
-6.67519e+08 -8.83684e-05
-6.6855e+08 -8.85049e-05
-6.69581e+08 -8.86414e-05
-6.70612e+08 -8.87779e-05
-6.71643e+08 -8.89144e-05
-6.72674e+08 -8.90509e-05
-6.73705e+08 -8.91874e-05
-6.74736e+08 -8.93239e-05
-6.75767e+08 -8.94604e-05
-6.76798e+08 -8.95968e-05
-6.77829e+08 -8.97333e-05
-6.7886e+08 -8.98698e-05
-6.79891e+08 -9.00063e-05
-6.80922e+08 -9.01428e-05
-6.81953e+08 -9.02793e-05
-6.82984e+08 -9.04158e-05
-6.84015e+08 -9.05522e-05
-6.85046e+08 -9.06887e-05
-6.86077e+08 -9.08252e-05
-6.87108e+08 -9.09617e-05
-6.88138e+08 -9.10982e-05
-6.89169e+08 -9.12347e-05
-6.902e+08 -9.13712e-05
-6.91231e+08 -9.15076e-05
-6.92262e+08 -9.16441e-05
-6.93293e+08 -9.17806e-05
-6.94324e+08 -9.19171e-05
-6.95355e+08 -9.20536e-05
-6.96386e+08 -9.219e-05
-6.97417e+08 -9.23265e-05
-6.98448e+08 -9.2463e-05
-6.99479e+08 -9.25995e-05
-7.0051e+08 -9.2736e-05
-7.01541e+08 -9.28725e-05
-7.02572e+08 -9.30089e-05
-7.03603e+08 -9.31454e-05
-7.04634e+08 -9.32819e-05
-7.05665e+08 -9.34184e-05
-7.06696e+08 -9.35549e-05
-7.07727e+08 -9.36913e-05
-7.08758e+08 -9.38278e-05
-7.09789e+08 -9.39643e-05
-7.10819e+08 -9.41008e-05
-7.1185e+08 -9.42372e-05
-7.12881e+08 -9.43737e-05
-7.13912e+08 -9.45102e-05
-7.14943e+08 -9.46467e-05
-7.15974e+08 -9.47832e-05
-7.17005e+08 -9.49196e-05
-7.18036e+08 -9.50561e-05
-7.19067e+08 -9.51926e-05
-7.20098e+08 -9.53291e-05
-7.21129e+08 -9.54655e-05
-7.2216e+08 -9.5602e-05
-7.2319e+08 -9.57385e-05
-7.24221e+08 -9.5875e-05
-7.25252e+08 -9.60114e-05
-7.26283e+08 -9.61479e-05
-7.27314e+08 -9.62844e-05
-7.28345e+08 -9.64209e-05
-7.29376e+08 -9.65573e-05
-7.30407e+08 -9.66938e-05
-7.31438e+08 -9.68303e-05
-7.32469e+08 -9.69667e-05
-7.33499e+08 -9.71032e-05
-7.3453e+08 -9.72397e-05
-7.35561e+08 -9.73762e-05
-7.36592e+08 -9.75126e-05
-7.37623e+08 -9.76491e-05
-7.38654e+08 -9.77856e-05
-7.39685e+08 -9.7922e-05
-7.40716e+08 -9.80585e-05
-7.41746e+08 -9.8195e-05
-7.42777e+08 -9.83315e-05
-7.43808e+08 -9.84679e-05
-7.44839e+08 -9.86044e-05
-7.4587e+08 -9.87409e-05
-7.46901e+08 -9.88773e-05
-7.47932e+08 -9.90138e-05
-7.48962e+08 -9.91503e-05
-7.49993e+08 -9.92867e-05
-7.51024e+08 -9.94232e-05
-7.52055e+08 -9.95597e-05
-7.53086e+08 -9.96961e-05
-7.54117e+08 -9.98326e-05
-7.55147e+08 -9.99691e-05
-7.56178e+08 -0.000100106
-7.57209e+08 -0.000100242
-7.5824e+08 -0.000100378
-7.59271e+08 -0.000100515
-7.60302e+08 -0.000100651
-7.61332e+08 -0.000100788
-7.62363e+08 -0.000100924
-7.63394e+08 -0.000101061
-7.64425e+08 -0.000101197
-7.65456e+08 -0.000101334
-7.66487e+08 -0.00010147
-7.67517e+08 -0.000101607
-7.68548e+08 -0.000101743
-7.69579e+08 -0.00010188
-7.7061e+08 -0.000102016
-7.71641e+08 -0.000102152
-7.72671e+08 -0.000102289
-7.73702e+08 -0.000102425
-7.74733e+08 -0.000102562
-7.75764e+08 -0.000102698
-7.76795e+08 -0.000102835
-7.77825e+08 -0.000102971
-7.78856e+08 -0.000103108
-7.79887e+08 -0.000103244
-7.80918e+08 -0.000103381
-7.81948e+08 -0.000103517
-7.82979e+08 -0.000103654
-7.8401e+08 -0.00010379
-7.85041e+08 -0.000103926
-7.86072e+08 -0.000104063
-7.87102e+08 -0.000104199
-7.88133e+08 -0.000104336
-7.89164e+08 -0.000104472
-7.90195e+08 -0.000104609
-7.91225e+08 -0.000104745
-7.92256e+08 -0.000104882
-7.93287e+08 -0.000105018
-7.94318e+08 -0.000105155
-7.95348e+08 -0.000105291
-7.96379e+08 -0.000105427
-7.9741e+08 -0.000105564
-7.98441e+08 -0.0001057
-7.99471e+08 -0.000105837
-8.00502e+08 -0.000105973
-8.01533e+08 -0.00010611
-8.02564e+08 -0.000106246
-8.03594e+08 -0.000106383
-8.04625e+08 -0.000106519
-8.05656e+08 -0.000106656
-8.06687e+08 -0.000106792
-8.07717e+08 -0.000106928
-8.08748e+08 -0.000107065
-8.09779e+08 -0.000107201
-8.1081e+08 -0.000107338
-8.1184e+08 -0.000107474
-8.12871e+08 -0.000107611
-8.13902e+08 -0.000107747
-8.14932e+08 -0.000107884
-8.15963e+08 -0.00010802
-8.16994e+08 -0.000108157
-8.18025e+08 -0.000108293
-8.19055e+08 -0.000108429
-8.20086e+08 -0.000108566
-8.21117e+08 -0.000108702
-8.22147e+08 -0.000108839
-8.23178e+08 -0.000108975
-8.24209e+08 -0.000109112
-8.25239e+08 -0.000109248
-8.2627e+08 -0.000109385
-8.27301e+08 -0.000109521
-8.28331e+08 -0.000109657
-8.29362e+08 -0.000109794
-8.30393e+08 -0.00010993
-8.31424e+08 -0.000110067
-8.32454e+08 -0.000110203
-8.33485e+08 -0.00011034
-8.34516e+08 -0.000110476
-8.35546e+08 -0.000110613
-8.36577e+08 -0.000110749
-8.37608e+08 -0.000110885
-8.38638e+08 -0.000111022
-8.39669e+08 -0.000111158
-8.407e+08 -0.000111295
-8.4173e+08 -0.000111431
-8.42761e+08 -0.000111568
-8.43791e+08 -0.000111704
-8.44822e+08 -0.000111841
-8.45853e+08 -0.000111977
-8.46883e+08 -0.000112113
-8.47914e+08 -0.00011225
-8.48945e+08 -0.000112386
-8.49975e+08 -0.000112523
-8.51006e+08 -0.000112659
-8.52037e+08 -0.000112796
-8.53067e+08 -0.000112932
-8.54098e+08 -0.000113068
-8.55129e+08 -0.000113205
-8.56159e+08 -0.000113341
-8.5719e+08 -0.000113478
-8.5822e+08 -0.000113614
-8.59251e+08 -0.000113751
-8.60282e+08 -0.000113887
-8.61312e+08 -0.000114024
-8.62343e+08 -0.00011416
-8.63374e+08 -0.000114296
-8.64404e+08 -0.000114433
-8.65435e+08 -0.000114569
-8.66465e+08 -0.000114706
-8.67496e+08 -0.000114842
-8.68527e+08 -0.000114979
-8.69557e+08 -0.000115115
-8.70588e+08 -0.000115251
-8.71618e+08 -0.000115388
-8.72649e+08 -0.000115524
-8.7368e+08 -0.000115661
-8.7471e+08 -0.000115797
-8.75741e+08 -0.000115934
-8.76771e+08 -0.00011607
-8.77802e+08 -0.000116206
-8.78832e+08 -0.000116343
-8.79863e+08 -0.000116479
-8.80894e+08 -0.000116616
-8.81924e+08 -0.000116752
-8.82795e+08 -0.000116868
-8.83379e+08 -0.000116945
-8.83963e+08 -0.000117022
-8.84548e+08 -0.0001171
-8.85132e+08 -0.000117177
-8.85716e+08 -0.000117254
-8.863e+08 -0.000117331
-8.86884e+08 -0.000117409
-8.87237e+08 -0.000117456
-8.87213e+08 -0.000117452
-8.87189e+08 -0.000117449
-8.87165e+08 -0.000117446
-8.87141e+08 -0.000117443
-8.87117e+08 -0.00011744
-8.87093e+08 -0.000117436
-8.87069e+08 -0.000117433
-8.87045e+08 -0.00011743
-8.87021e+08 -0.000117427
-8.86997e+08 -0.000117424
-8.86973e+08 -0.000117421
-8.86949e+08 -0.000117417
-8.86925e+08 -0.000117414
-8.86901e+08 -0.000117411
-8.86876e+08 -0.000117408
-8.86852e+08 -0.000117405
-8.86828e+08 -0.000117401
-8.86804e+08 -0.000117398
-8.8678e+08 -0.000117395
-8.86756e+08 -0.000117392
-8.86732e+08 -0.000117389
-8.86708e+08 -0.000117386
-8.86684e+08 -0.000117382
-8.8666e+08 -0.000117379
-8.86636e+08 -0.000117376
-8.86612e+08 -0.000117373
-8.86588e+08 -0.00011737
-8.86564e+08 -0.000117366
-8.8654e+08 -0.000117363
-8.86516e+08 -0.00011736
-8.86492e+08 -0.000117357
-8.86468e+08 -0.000117354
-8.86444e+08 -0.000117351
-8.8642e+08 -0.000117347
-8.86396e+08 -0.000117344
-8.86372e+08 -0.000117341
-8.86348e+08 -0.000117338
-8.86324e+08 -0.000117335
-8.863e+08 -0.000117331
-8.86276e+08 -0.000117328
-8.86251e+08 -0.000117325
-8.86227e+08 -0.000117322
-8.86203e+08 -0.000117319
-8.86179e+08 -0.000117316
-8.86155e+08 -0.000117312
-8.86131e+08 -0.000117309
-8.86107e+08 -0.000117306
-8.86083e+08 -0.000117303
-8.86059e+08 -0.0001173
-8.86035e+08 -0.000117296
-8.86011e+08 -0.000117293
-8.85987e+08 -0.00011729
-8.85963e+08 -0.000117287
-8.85939e+08 -0.000117284
-8.85915e+08 -0.000117281
-8.85891e+08 -0.000117277
-8.85867e+08 -0.000117274
-8.85843e+08 -0.000117271
-8.85819e+08 -0.000117268
-8.85795e+08 -0.000117265
-8.85771e+08 -0.000117261
-8.85747e+08 -0.000117258
-8.85723e+08 -0.000117255
-8.85699e+08 -0.000117252
-8.85675e+08 -0.000117249
-8.85651e+08 -0.000117246
-8.85627e+08 -0.000117242
-8.85603e+08 -0.000117239
-8.85578e+08 -0.000117236
-8.85554e+08 -0.000117233
-8.8553e+08 -0.00011723
-8.85506e+08 -0.000117226
-8.85482e+08 -0.000117223
-8.85458e+08 -0.00011722
-8.85434e+08 -0.000117217
-8.8541e+08 -0.000117214
-8.85386e+08 -0.000117211
-8.85362e+08 -0.000117207
-8.85338e+08 -0.000117204
-8.85314e+08 -0.000117201
-8.8529e+08 -0.000117198
-8.85266e+08 -0.000117195
-8.85242e+08 -0.000117191
-8.85218e+08 -0.000117188
-8.85194e+08 -0.000117185
-8.8517e+08 -0.000117182
-8.85146e+08 -0.000117179
-8.85122e+08 -0.000117176
-8.85098e+08 -0.000117172
-8.85074e+08 -0.000117169
-8.8505e+08 -0.000117166
-8.85026e+08 -0.000117163
-8.85002e+08 -0.00011716
-8.84978e+08 -0.000117156
-8.84954e+08 -0.000117153
-8.8493e+08 -0.00011715
-8.84906e+08 -0.000117147
-8.84882e+08 -0.000117144
-8.84858e+08 -0.000117141
-8.84833e+08 -0.000117137
-8.84809e+08 -0.000117134
-8.84785e+08 -0.000117131
-8.84761e+08 -0.000117128
-8.84737e+08 -0.000117125
-8.84713e+08 -0.000117121
-8.84689e+08 -0.000117118
-8.84665e+08 -0.000117115
-8.84641e+08 -0.000117112
-8.84617e+08 -0.000117109
-8.84593e+08 -0.000117106
-8.84569e+08 -0.000117102
-8.84545e+08 -0.000117099
-8.84521e+08 -0.000117096
-8.84497e+08 -0.000117093
-8.84473e+08 -0.00011709
-8.84449e+08 -0.000117086
-8.84425e+08 -0.000117083
-8.84401e+08 -0.00011708
-8.84377e+08 -0.000117077
-8.84353e+08 -0.000117074
-8.84329e+08 -0.000117071
-8.84305e+08 -0.000117067
-8.84281e+08 -0.000117064
-8.84257e+08 -0.000117061
-8.84233e+08 -0.000117058
-8.84209e+08 -0.000117055
-8.84185e+08 -0.000117051
-8.84161e+08 -0.000117048
-8.84137e+08 -0.000117045
-8.84113e+08 -0.000117042
-8.84089e+08 -0.000117039
-8.84065e+08 -0.000117036
-8.84041e+08 -0.000117032
-8.84016e+08 -0.000117029
-8.83992e+08 -0.000117026
-8.83968e+08 -0.000117023
-8.83944e+08 -0.00011702
-8.8392e+08 -0.000117016
-8.83896e+08 -0.000117013
-8.83872e+08 -0.00011701
-8.83848e+08 -0.000117007
-8.83824e+08 -0.000117004
-8.838e+08 -0.000117001
-8.83776e+08 -0.000116997
-8.83752e+08 -0.000116994
-8.83728e+08 -0.000116991
-8.83704e+08 -0.000116988
-8.8368e+08 -0.000116985
-8.83656e+08 -0.000116981
-8.83632e+08 -0.000116978
-8.83608e+08 -0.000116975
-8.83584e+08 -0.000116972
-8.8356e+08 -0.000116969
-8.83536e+08 -0.000116966
-8.83512e+08 -0.000116962
-8.83488e+08 -0.000116959
-8.83464e+08 -0.000116956
-8.8344e+08 -0.000116953
-8.83416e+08 -0.00011695
-8.83392e+08 -0.000116946
-8.83368e+08 -0.000116943
-8.83344e+08 -0.00011694
-8.8332e+08 -0.000116937
-8.83296e+08 -0.000116934
-8.83272e+08 -0.000116931
-8.83248e+08 -0.000116927
-8.83224e+08 -0.000116924
-8.832e+08 -0.000116921
-8.83176e+08 -0.000116918
-8.83152e+08 -0.000116915
-8.83128e+08 -0.000116912
-8.83103e+08 -0.000116908
-8.83079e+08 -0.000116905
-8.83055e+08 -0.000116902
-8.83031e+08 -0.000116899
-8.83007e+08 -0.000116896
-8.82983e+08 -0.000116892
-8.82959e+08 -0.000116889
-8.82935e+08 -0.000116886
-8.82911e+08 -0.000116883
-8.82887e+08 -0.00011688
-8.82863e+08 -0.000116877
-8.82839e+08 -0.000116873
-8.82815e+08 -0.00011687
-8.82791e+08 -0.000116867
-8.82767e+08 -0.000116864
-8.82743e+08 -0.000116861
-8.82719e+08 -0.000116857
-8.82695e+08 -0.000116854
-8.82671e+08 -0.000116851
-8.82647e+08 -0.000116848
-8.82623e+08 -0.000116845
-8.82599e+08 -0.000116842
-8.82575e+08 -0.000116838
-8.82551e+08 -0.000116835
-8.82527e+08 -0.000116832
-8.82503e+08 -0.000116829
-8.82479e+08 -0.000116826
-8.82455e+08 -0.000116822
-8.82431e+08 -0.000116819
-8.82407e+08 -0.000116816
-8.82383e+08 -0.000116813
-8.82359e+08 -0.00011681
-8.82335e+08 -0.000116807
-8.82311e+08 -0.000116803
-8.82287e+08 -0.0001168
-8.82263e+08 -0.000116797
-8.82239e+08 -0.000116794
-8.82215e+08 -0.000116791
-8.82191e+08 -0.000116787
-8.82167e+08 -0.000116784
-8.82143e+08 -0.000116781
-8.82119e+08 -0.000116778
-8.82095e+08 -0.000116775
-8.82071e+08 -0.000116772
-8.82047e+08 -0.000116768
-8.82022e+08 -0.000116765
-8.81998e+08 -0.000116762
-8.81974e+08 -0.000116759
-8.8195e+08 -0.000116756
-8.81926e+08 -0.000116753
-8.81902e+08 -0.000116749
-8.81878e+08 -0.000116746
-8.81854e+08 -0.000116743
-8.8183e+08 -0.00011674
-8.81806e+08 -0.000116737
-8.81782e+08 -0.000116733
-8.81758e+08 -0.00011673
-8.81734e+08 -0.000116727
-8.8171e+08 -0.000116724
-8.81686e+08 -0.000116721
-8.81662e+08 -0.000116718
-8.81638e+08 -0.000116714
-8.81614e+08 -0.000116711
-8.8159e+08 -0.000116708
-8.81566e+08 -0.000116705
-8.81542e+08 -0.000116702
-8.81518e+08 -0.000116698
-8.81494e+08 -0.000116695
-8.8147e+08 -0.000116692
-8.81446e+08 -0.000116689
-8.81422e+08 -0.000116686
-8.81398e+08 -0.000116683
-8.81374e+08 -0.000116679
-8.8135e+08 -0.000116676
-8.81326e+08 -0.000116673
-8.81302e+08 -0.00011667
-8.81278e+08 -0.000116667
-8.81254e+08 -0.000116663
-8.8123e+08 -0.00011666
-8.81206e+08 -0.000116657
-8.81182e+08 -0.000116654
-8.81158e+08 -0.000116651
-8.81134e+08 -0.000116648
-8.8111e+08 -0.000116644
-8.81086e+08 -0.000116641
-8.81062e+08 -0.000116638
-8.81038e+08 -0.000116635
-8.81014e+08 -0.000116632
-8.8099e+08 -0.000116629
-8.80966e+08 -0.000116625
-8.80942e+08 -0.000116622
-8.80918e+08 -0.000116619
-8.80894e+08 -0.000116616
-8.8087e+08 -0.000116613
-8.80846e+08 -0.000116609
-8.80822e+08 -0.000116606
-8.80798e+08 -0.000116603
-8.80774e+08 -0.0001166
-8.8075e+08 -0.000116597
-8.80726e+08 -0.000116594
-8.80702e+08 -0.00011659
-8.80678e+08 -0.000116587
-8.80654e+08 -0.000116584
-8.8063e+08 -0.000116581
-8.80606e+08 -0.000116578
-8.80582e+08 -0.000116574
-8.80558e+08 -0.000116571
-8.80533e+08 -0.000116568
-8.80509e+08 -0.000116565
-8.80485e+08 -0.000116562
-8.80461e+08 -0.000116559
-8.80437e+08 -0.000116555
-8.80413e+08 -0.000116552
-8.80389e+08 -0.000116549
-8.80365e+08 -0.000116546
-8.80341e+08 -0.000116543
-8.80317e+08 -0.000116539
-8.80293e+08 -0.000116536
-8.80269e+08 -0.000116533
-8.80245e+08 -0.00011653
-8.80221e+08 -0.000116527
-8.80197e+08 -0.000116524
-8.80173e+08 -0.00011652
-8.80149e+08 -0.000116517
-8.80125e+08 -0.000116514
-8.80101e+08 -0.000116511
-8.80077e+08 -0.000116508
-8.80053e+08 -0.000116505
-8.80029e+08 -0.000116501
-8.80005e+08 -0.000116498
-8.79981e+08 -0.000116495
-8.79957e+08 -0.000116492
-8.79933e+08 -0.000116489
-8.79909e+08 -0.000116485
-8.79885e+08 -0.000116482
-8.79861e+08 -0.000116479
-8.79837e+08 -0.000116476
-8.79813e+08 -0.000116473
-8.79789e+08 -0.00011647
-8.79765e+08 -0.000116466
-8.79741e+08 -0.000116463
-8.79717e+08 -0.00011646
-8.79693e+08 -0.000116457
-8.79669e+08 -0.000116454
-8.79645e+08 -0.00011645
-8.79621e+08 -0.000116447
-8.79597e+08 -0.000116444
-8.79573e+08 -0.000116441
-8.79549e+08 -0.000116438
-8.79525e+08 -0.000116435
-8.79501e+08 -0.000116431
-8.79477e+08 -0.000116428
-8.79453e+08 -0.000116425
-8.79429e+08 -0.000116422
-8.79405e+08 -0.000116419
-8.79381e+08 -0.000116416
-8.79357e+08 -0.000116412
-8.79333e+08 -0.000116409
-8.79309e+08 -0.000116406
-8.79285e+08 -0.000116403
-8.79261e+08 -0.0001164
-8.79237e+08 -0.000116396
-8.79213e+08 -0.000116393
-8.79189e+08 -0.00011639
-8.79165e+08 -0.000116387
-8.79141e+08 -0.000116384
-8.79117e+08 -0.000116381
-8.79093e+08 -0.000116377
-8.79069e+08 -0.000116374
-8.79045e+08 -0.000116371
-8.79021e+08 -0.000116368
-8.78997e+08 -0.000116365
-8.78973e+08 -0.000116361
-8.78949e+08 -0.000116358
-8.78925e+08 -0.000116355
-8.78901e+08 -0.000116352
-8.78877e+08 -0.000116349
-8.78853e+08 -0.000116346
-8.78829e+08 -0.000116342
-8.78805e+08 -0.000116339
-8.78781e+08 -0.000116336
-8.78757e+08 -0.000116333
-8.78733e+08 -0.00011633
-8.78709e+08 -0.000116327
-8.78685e+08 -0.000116323
-8.78661e+08 -0.00011632
-8.78637e+08 -0.000116317
-8.78613e+08 -0.000116314
-8.78589e+08 -0.000116311
-8.78565e+08 -0.000116307
-8.78541e+08 -0.000116304
-8.78517e+08 -0.000116301
-8.78493e+08 -0.000116298
-8.78469e+08 -0.000116295
-8.78445e+08 -0.000116292
-8.78421e+08 -0.000116288
-8.78397e+08 -0.000116285
-8.78373e+08 -0.000116282
-8.78349e+08 -0.000116279
-8.78325e+08 -0.000116276
-8.78301e+08 -0.000116273
-8.78277e+08 -0.000116269
-8.78253e+08 -0.000116266
-8.78229e+08 -0.000116263
-8.78205e+08 -0.00011626
-8.78181e+08 -0.000116257
-8.78157e+08 -0.000116253
-8.78133e+08 -0.00011625
-8.78109e+08 -0.000116247
-8.78085e+08 -0.000116244
-8.78061e+08 -0.000116241
-8.78037e+08 -0.000116238
-8.78013e+08 -0.000116234
-8.77989e+08 -0.000116231
-8.77965e+08 -0.000116228
-8.77941e+08 -0.000116225
-8.77917e+08 -0.000116222
-8.77893e+08 -0.000116218
-8.77869e+08 -0.000116215
-8.77845e+08 -0.000116212
-8.77821e+08 -0.000116209
-8.77797e+08 -0.000116206
-8.77773e+08 -0.000116203
-8.77749e+08 -0.000116199
-8.77725e+08 -0.000116196
-8.77701e+08 -0.000116193
-8.77677e+08 -0.00011619
-8.77653e+08 -0.000116187
-8.77629e+08 -0.000116184
-8.77605e+08 -0.00011618
-8.77581e+08 -0.000116177
-8.77557e+08 -0.000116174
-8.77533e+08 -0.000116171
-8.77509e+08 -0.000116168
-8.77485e+08 -0.000116164
-8.77461e+08 -0.000116161
-8.77437e+08 -0.000116158
-8.77413e+08 -0.000116155
-8.77389e+08 -0.000116152
-8.77365e+08 -0.000116149
-8.77341e+08 -0.000116145
-8.77317e+08 -0.000116142
-8.77293e+08 -0.000116139
-8.77269e+08 -0.000116136
-8.77245e+08 -0.000116133
-8.77221e+08 -0.00011613
-8.77197e+08 -0.000116126
-8.77173e+08 -0.000116123
-8.77149e+08 -0.00011612
-8.77125e+08 -0.000116117
-8.77101e+08 -0.000116114
-8.77077e+08 -0.00011611
-8.77053e+08 -0.000116107
-8.77029e+08 -0.000116104
-8.77005e+08 -0.000116101
-8.76981e+08 -0.000116098
-8.76957e+08 -0.000116095
-8.76933e+08 -0.000116091
-8.76909e+08 -0.000116088
-8.76885e+08 -0.000116085
-8.76861e+08 -0.000116082
-8.76837e+08 -0.000116079
-8.76813e+08 -0.000116076
-8.76789e+08 -0.000116072
-8.76765e+08 -0.000116069
-8.76741e+08 -0.000116066
-8.76717e+08 -0.000116063
-8.76693e+08 -0.00011606
-8.76669e+08 -0.000116056
-8.76645e+08 -0.000116053
-8.76621e+08 -0.00011605
-8.76597e+08 -0.000116047
-8.76573e+08 -0.000116044
-8.76549e+08 -0.000116041
-8.76525e+08 -0.000116037
-8.76501e+08 -0.000116034
-8.76477e+08 -0.000116031
-8.76453e+08 -0.000116028
-8.76429e+08 -0.000116025
-8.76405e+08 -0.000116022
-8.76381e+08 -0.000116018
-8.76357e+08 -0.000116015
-8.76333e+08 -0.000116012
-8.76309e+08 -0.000116009
-8.76285e+08 -0.000116006
-8.76261e+08 -0.000116002
-8.76237e+08 -0.000115999
-8.76213e+08 -0.000115996
-8.76189e+08 -0.000115993
-8.76165e+08 -0.00011599
-8.76141e+08 -0.000115987
-8.76117e+08 -0.000115983
-8.76093e+08 -0.00011598
-8.76069e+08 -0.000115977
-8.76045e+08 -0.000115974
-8.76021e+08 -0.000115971
-8.75997e+08 -0.000115968
-8.75973e+08 -0.000115964
-8.75949e+08 -0.000115961
-8.75925e+08 -0.000115958
-8.75901e+08 -0.000115955
-8.75877e+08 -0.000115952
-8.75853e+08 -0.000115948
-8.75829e+08 -0.000115945
-8.75805e+08 -0.000115942
-8.75781e+08 -0.000115939
-8.75757e+08 -0.000115936
-8.75733e+08 -0.000115933
-8.75709e+08 -0.000115929
-8.75685e+08 -0.000115926
-8.75661e+08 -0.000115923
-8.75637e+08 -0.00011592
-8.75613e+08 -0.000115917
-8.75589e+08 -0.000115914
-8.75565e+08 -0.00011591
-8.75541e+08 -0.000115907
-8.75517e+08 -0.000115904
-8.75493e+08 -0.000115901
-8.75469e+08 -0.000115898
-8.75445e+08 -0.000115894
-8.75421e+08 -0.000115891
-8.75397e+08 -0.000115888
-8.75373e+08 -0.000115885
-8.75349e+08 -0.000115882
-8.75325e+08 -0.000115879
-8.75301e+08 -0.000115875
-8.75277e+08 -0.000115872
-8.75253e+08 -0.000115869
-8.75229e+08 -0.000115866
-8.75205e+08 -0.000115863
-8.75181e+08 -0.00011586
-8.75157e+08 -0.000115856
-8.75133e+08 -0.000115853
-8.75109e+08 -0.00011585
-8.75085e+08 -0.000115847
-8.75061e+08 -0.000115844
-8.75037e+08 -0.00011584
-8.75013e+08 -0.000115837
-8.74989e+08 -0.000115834
-8.74965e+08 -0.000115831
-8.74941e+08 -0.000115828
-8.74917e+08 -0.000115825
-8.74893e+08 -0.000115821
-8.74869e+08 -0.000115818
-8.74845e+08 -0.000115815
-8.74821e+08 -0.000115812
-8.74797e+08 -0.000115809
-8.74773e+08 -0.000115806
-8.74749e+08 -0.000115802
-8.74725e+08 -0.000115799
-8.74701e+08 -0.000115796
-8.74677e+08 -0.000115793
-8.74653e+08 -0.00011579
-8.74629e+08 -0.000115786
-8.74605e+08 -0.000115783
-8.74581e+08 -0.00011578
-8.74557e+08 -0.000115777
-8.74533e+08 -0.000115774
-8.74509e+08 -0.000115771
-8.74485e+08 -0.000115767
-8.74461e+08 -0.000115764
-8.74437e+08 -0.000115761
-8.74413e+08 -0.000115758
-8.74389e+08 -0.000115755
-8.74365e+08 -0.000115752
-8.74341e+08 -0.000115748
-8.74317e+08 -0.000115745
-8.74293e+08 -0.000115742
-8.74269e+08 -0.000115739
-8.74245e+08 -0.000115736
-8.74221e+08 -0.000115732
-8.74197e+08 -0.000115729
-8.74173e+08 -0.000115726
-8.74149e+08 -0.000115723
-8.74125e+08 -0.00011572
-8.74101e+08 -0.000115717
-8.74077e+08 -0.000115713
-8.74053e+08 -0.00011571
-8.74029e+08 -0.000115707
-8.74005e+08 -0.000115704
-8.73981e+08 -0.000115701
-8.73957e+08 -0.000115698
-8.73933e+08 -0.000115694
-8.73909e+08 -0.000115691
-8.73885e+08 -0.000115688
-8.73861e+08 -0.000115685
-8.73838e+08 -0.000115682
-8.73814e+08 -0.000115678
-8.7379e+08 -0.000115675
-8.73766e+08 -0.000115672
-8.73742e+08 -0.000115669
-8.73718e+08 -0.000115666
-8.73694e+08 -0.000115663
-8.7367e+08 -0.000115659
-8.73646e+08 -0.000115656
-8.73622e+08 -0.000115653
-8.73598e+08 -0.00011565
-8.73574e+08 -0.000115647
-8.7355e+08 -0.000115644
-8.73526e+08 -0.00011564
-8.73502e+08 -0.000115637
-8.73478e+08 -0.000115634
-8.73454e+08 -0.000115631
-8.7343e+08 -0.000115628
-8.73406e+08 -0.000115625
-8.73382e+08 -0.000115621
-8.73358e+08 -0.000115618
-8.73334e+08 -0.000115615
-8.7331e+08 -0.000115612
-8.73286e+08 -0.000115609
-8.73262e+08 -0.000115605
-8.73238e+08 -0.000115602
-8.73214e+08 -0.000115599
-8.7319e+08 -0.000115596
-8.73166e+08 -0.000115593
-8.73142e+08 -0.00011559
-8.73118e+08 -0.000115586
-8.73094e+08 -0.000115583
-8.7307e+08 -0.00011558
-8.73046e+08 -0.000115577
-8.73022e+08 -0.000115574
-8.72998e+08 -0.000115571
-8.72974e+08 -0.000115567
-8.7295e+08 -0.000115564
-8.72926e+08 -0.000115561
-8.72902e+08 -0.000115558
-8.72878e+08 -0.000115555
-8.72854e+08 -0.000115551
-8.7283e+08 -0.000115548
-8.72806e+08 -0.000115545
-8.72782e+08 -0.000115542
-8.72758e+08 -0.000115539
-8.72734e+08 -0.000115536
-8.7271e+08 -0.000115532
-8.72686e+08 -0.000115529
-8.72662e+08 -0.000115526
-8.72638e+08 -0.000115523
-8.72614e+08 -0.00011552
-8.7259e+08 -0.000115517
-8.72566e+08 -0.000115513
-8.72542e+08 -0.00011551
-8.72518e+08 -0.000115507
-8.72494e+08 -0.000115504
-8.7247e+08 -0.000115501
-8.72446e+08 -0.000115498
-8.72423e+08 -0.000115494
-8.72399e+08 -0.000115491
-8.72375e+08 -0.000115488
-8.72351e+08 -0.000115485
-8.72327e+08 -0.000115482
-8.72303e+08 -0.000115478
-8.72279e+08 -0.000115475
-8.72255e+08 -0.000115472
-8.72231e+08 -0.000115469
-8.72207e+08 -0.000115466
-8.72183e+08 -0.000115463
-8.72159e+08 -0.000115459
-8.72135e+08 -0.000115456
-8.72111e+08 -0.000115453
-8.72087e+08 -0.00011545
-8.72063e+08 -0.000115447
-8.72039e+08 -0.000115444
-8.72015e+08 -0.00011544
-8.71991e+08 -0.000115437
-8.71967e+08 -0.000115434
-8.71943e+08 -0.000115431
-8.71919e+08 -0.000115428
-8.71895e+08 -0.000115425
-8.71871e+08 -0.000115421
-8.71847e+08 -0.000115418
-8.71823e+08 -0.000115415
-8.71799e+08 -0.000115412
-8.71775e+08 -0.000115409
-8.71751e+08 -0.000115405
-8.71727e+08 -0.000115402
-8.71703e+08 -0.000115399
-8.71679e+08 -0.000115396
-8.71655e+08 -0.000115393
-8.71631e+08 -0.00011539
-8.71607e+08 -0.000115386
-8.71583e+08 -0.000115383
-8.71559e+08 -0.00011538
-8.71535e+08 -0.000115377
-8.71511e+08 -0.000115374
-8.71487e+08 -0.000115371
-8.71463e+08 -0.000115367
-8.71439e+08 -0.000115364
-8.71415e+08 -0.000115361
-8.71391e+08 -0.000115358
-8.71367e+08 -0.000115355
-8.71343e+08 -0.000115351
-8.71319e+08 -0.000115348
-8.71296e+08 -0.000115345
-8.71272e+08 -0.000115342
-8.71248e+08 -0.000115339
-8.71224e+08 -0.000115336
-8.712e+08 -0.000115332
-8.71176e+08 -0.000115329
-8.71152e+08 -0.000115326
-8.71128e+08 -0.000115323
-8.71104e+08 -0.00011532
-8.7108e+08 -0.000115317
-8.71056e+08 -0.000115313
-8.71032e+08 -0.00011531
-8.71008e+08 -0.000115307
-8.70984e+08 -0.000115304
-8.7096e+08 -0.000115301
-8.70936e+08 -0.000115298
-8.70912e+08 -0.000115294
-8.70888e+08 -0.000115291
-8.70864e+08 -0.000115288
-8.7084e+08 -0.000115285
-8.70816e+08 -0.000115282
-8.70792e+08 -0.000115278
-8.70768e+08 -0.000115275
-8.70744e+08 -0.000115272
-8.7072e+08 -0.000115269
-8.70696e+08 -0.000115266
-8.70672e+08 -0.000115263
-8.70648e+08 -0.000115259
-8.70624e+08 -0.000115256
-8.706e+08 -0.000115253
-8.70576e+08 -0.00011525
-8.70552e+08 -0.000115247
-8.70528e+08 -0.000115244
-8.70504e+08 -0.00011524
-8.7048e+08 -0.000115237
-8.70456e+08 -0.000115234
-8.70432e+08 -0.000115231
-8.70408e+08 -0.000115228
-8.70384e+08 -0.000115225
-8.70361e+08 -0.000115221
-8.70337e+08 -0.000115218
-8.70313e+08 -0.000115215
-8.70289e+08 -0.000115212
-8.70265e+08 -0.000115209
-8.70241e+08 -0.000115206
-8.70217e+08 -0.000115202
-8.70193e+08 -0.000115199
-8.70169e+08 -0.000115196
-8.70145e+08 -0.000115193
-8.70121e+08 -0.00011519
-8.70097e+08 -0.000115186
-8.70073e+08 -0.000115183
-8.70049e+08 -0.00011518
-8.70025e+08 -0.000115177
-8.70001e+08 -0.000115174
-8.69977e+08 -0.000115171
-8.69953e+08 -0.000115167
-8.69929e+08 -0.000115164
-8.69905e+08 -0.000115161
-8.69881e+08 -0.000115158
-8.69857e+08 -0.000115155
-8.69833e+08 -0.000115152
-8.69809e+08 -0.000115148
-8.69785e+08 -0.000115145
-8.69761e+08 -0.000115142
-8.69737e+08 -0.000115139
-8.69713e+08 -0.000115136
-8.69689e+08 -0.000115133
-8.69665e+08 -0.000115129
-8.69641e+08 -0.000115126
-8.69617e+08 -0.000115123
-8.69593e+08 -0.00011512
-8.69569e+08 -0.000115117
-8.69546e+08 -0.000115113
-8.69522e+08 -0.00011511
-8.69498e+08 -0.000115107
-8.69474e+08 -0.000115104
-8.6945e+08 -0.000115101
-8.69426e+08 -0.000115098
-8.69402e+08 -0.000115094
-8.69378e+08 -0.000115091
-8.69354e+08 -0.000115088
-8.6933e+08 -0.000115085
-8.69306e+08 -0.000115082
-8.69282e+08 -0.000115079
-8.69258e+08 -0.000115075
-8.69234e+08 -0.000115072
-8.6921e+08 -0.000115069
-8.69186e+08 -0.000115066
-8.69162e+08 -0.000115063
-8.69138e+08 -0.00011506
-8.69114e+08 -0.000115056
-8.6909e+08 -0.000115053
-8.69066e+08 -0.00011505
-8.69042e+08 -0.000115047
-8.69018e+08 -0.000115044
-8.68994e+08 -0.000115041
-8.6897e+08 -0.000115037
-8.68946e+08 -0.000115034
-8.68922e+08 -0.000115031
-8.68898e+08 -0.000115028
-8.68874e+08 -0.000115025
-8.6885e+08 -0.000115021
-8.68826e+08 -0.000115018
-8.68802e+08 -0.000115015
-8.68779e+08 -0.000115012
-8.68755e+08 -0.000115009
-8.68731e+08 -0.000115006
-8.68707e+08 -0.000115002
-8.68683e+08 -0.000114999
-8.68659e+08 -0.000114996
-8.68635e+08 -0.000114993
-8.68611e+08 -0.00011499
-8.68587e+08 -0.000114987
-8.68563e+08 -0.000114983
-8.68539e+08 -0.00011498
-8.68515e+08 -0.000114977
-8.68491e+08 -0.000114974
-8.68467e+08 -0.000114971
-8.68443e+08 -0.000114968
-8.68419e+08 -0.000114964
-8.68395e+08 -0.000114961
-8.68371e+08 -0.000114958
-8.68347e+08 -0.000114955
-8.68323e+08 -0.000114952
-8.68299e+08 -0.000114948
-8.68275e+08 -0.000114945
-8.68251e+08 -0.000114942
-8.68227e+08 -0.000114939
-8.68203e+08 -0.000114936
-8.68179e+08 -0.000114933
-8.68155e+08 -0.000114929
-8.68132e+08 -0.000114926
-8.68108e+08 -0.000114923
-8.68084e+08 -0.00011492
-8.6806e+08 -0.000114917
-8.68036e+08 -0.000114914
-8.68012e+08 -0.00011491
-8.67988e+08 -0.000114907
-8.67964e+08 -0.000114904
-8.6794e+08 -0.000114901
-8.67916e+08 -0.000114898
-8.67892e+08 -0.000114895
-8.67868e+08 -0.000114891
-8.67844e+08 -0.000114888
-8.6782e+08 -0.000114885
-8.67796e+08 -0.000114882
-8.67772e+08 -0.000114879
-8.67748e+08 -0.000114876
-8.67724e+08 -0.000114872
-8.677e+08 -0.000114869
-8.67676e+08 -0.000114866
-8.67652e+08 -0.000114863
-8.67628e+08 -0.00011486
-8.67604e+08 -0.000114857
-8.6758e+08 -0.000114853
-8.67556e+08 -0.00011485
-8.67532e+08 -0.000114847
-8.67509e+08 -0.000114844
-8.67485e+08 -0.000114841
-8.67461e+08 -0.000114837
-8.67437e+08 -0.000114834
-8.67413e+08 -0.000114831
-8.67389e+08 -0.000114828
-8.67365e+08 -0.000114825
-8.67341e+08 -0.000114822
-8.67317e+08 -0.000114818
-8.67293e+08 -0.000114815
-8.67269e+08 -0.000114812
-8.67245e+08 -0.000114809
-8.67221e+08 -0.000114806
-8.67197e+08 -0.000114803
-8.67173e+08 -0.000114799
-8.67149e+08 -0.000114796
-8.67125e+08 -0.000114793
-8.67101e+08 -0.00011479
-8.67077e+08 -0.000114787
-8.67053e+08 -0.000114784
-8.67029e+08 -0.00011478
-8.67005e+08 -0.000114777
-8.66981e+08 -0.000114774
-8.66957e+08 -0.000114771
-8.66933e+08 -0.000114768
-8.6691e+08 -0.000114765
-8.66886e+08 -0.000114761
-8.66862e+08 -0.000114758
-8.66838e+08 -0.000114755
-8.66814e+08 -0.000114752
-8.6679e+08 -0.000114749
-8.66766e+08 -0.000114745
-8.66742e+08 -0.000114742
-8.66718e+08 -0.000114739
-8.66694e+08 -0.000114736
-8.6667e+08 -0.000114733
-8.66646e+08 -0.00011473
-8.66622e+08 -0.000114726
-8.66598e+08 -0.000114723
-8.66574e+08 -0.00011472
-8.6655e+08 -0.000114717
-8.66526e+08 -0.000114714
-8.66502e+08 -0.000114711
-8.66478e+08 -0.000114707
-8.66454e+08 -0.000114704
-8.6643e+08 -0.000114701
-8.66406e+08 -0.000114698
-8.66382e+08 -0.000114695
-8.66359e+08 -0.000114692
-8.66335e+08 -0.000114688
-8.66311e+08 -0.000114685
-8.66287e+08 -0.000114682
-8.66263e+08 -0.000114679
-8.66239e+08 -0.000114676
-8.66215e+08 -0.000114673
-8.66191e+08 -0.000114669
-8.66167e+08 -0.000114666
-8.66143e+08 -0.000114663
-8.66119e+08 -0.00011466
-8.66095e+08 -0.000114657
-8.66071e+08 -0.000114654
-8.66047e+08 -0.00011465
-8.66023e+08 -0.000114647
-8.65999e+08 -0.000114644
-8.65975e+08 -0.000114641
-8.65951e+08 -0.000114638
-8.65927e+08 -0.000114634
-8.65903e+08 -0.000114631
-8.65879e+08 -0.000114628
-8.65855e+08 -0.000114625
-8.65831e+08 -0.000114622
-8.65808e+08 -0.000114619
-8.65784e+08 -0.000114615
-8.6576e+08 -0.000114612
-8.65736e+08 -0.000114609
-8.65712e+08 -0.000114606
-8.65688e+08 -0.000114603
-8.65664e+08 -0.0001146
-8.6564e+08 -0.000114596
-8.65616e+08 -0.000114593
-8.65592e+08 -0.00011459
-8.65568e+08 -0.000114587
-8.65544e+08 -0.000114584
-8.6552e+08 -0.000114581
-8.65496e+08 -0.000114577
-8.65472e+08 -0.000114574
-8.65448e+08 -0.000114571
-8.65424e+08 -0.000114568
-8.654e+08 -0.000114565
-8.65376e+08 -0.000114562
-8.65352e+08 -0.000114558
-8.65328e+08 -0.000114555
-8.65305e+08 -0.000114552
-8.65281e+08 -0.000114549
-8.65257e+08 -0.000114546
-8.65233e+08 -0.000114543
-8.65209e+08 -0.000114539
-8.65185e+08 -0.000114536
-8.65161e+08 -0.000114533
-8.65137e+08 -0.00011453
-8.65113e+08 -0.000114527
-8.65089e+08 -0.000114524
-8.65065e+08 -0.00011452
-8.65041e+08 -0.000114517
-8.65017e+08 -0.000114514
-8.64993e+08 -0.000114511
-8.64969e+08 -0.000114508
-8.64945e+08 -0.000114504
-8.64921e+08 -0.000114501
-8.64897e+08 -0.000114498
-8.64873e+08 -0.000114495
-8.64849e+08 -0.000114492
-8.64826e+08 -0.000114489
-8.64802e+08 -0.000114485
-8.64778e+08 -0.000114482
-8.64754e+08 -0.000114479
-8.6473e+08 -0.000114476
-8.64706e+08 -0.000114473
-8.64682e+08 -0.00011447
-8.64658e+08 -0.000114466
-8.64634e+08 -0.000114463
-8.6461e+08 -0.00011446
-8.64586e+08 -0.000114457
-8.64562e+08 -0.000114454
-8.64538e+08 -0.000114451
-8.64514e+08 -0.000114447
-8.6449e+08 -0.000114444
-8.64466e+08 -0.000114441
-8.64442e+08 -0.000114438
-8.64418e+08 -0.000114435
-8.64394e+08 -0.000114432
-8.64371e+08 -0.000114428
-8.64347e+08 -0.000114425
-8.64323e+08 -0.000114422
-8.64299e+08 -0.000114419
-8.64275e+08 -0.000114416
-8.64251e+08 -0.000114413
-8.64227e+08 -0.000114409
-8.64203e+08 -0.000114406
-8.64179e+08 -0.000114403
-8.64155e+08 -0.0001144
-8.64131e+08 -0.000114397
-8.64107e+08 -0.000114394
-8.64083e+08 -0.00011439
-8.64059e+08 -0.000114387
-8.64035e+08 -0.000114384
-8.64011e+08 -0.000114381
-8.63987e+08 -0.000114378
-8.63963e+08 -0.000114375
-8.63939e+08 -0.000114371
-8.63916e+08 -0.000114368
-8.63892e+08 -0.000114365
-8.63868e+08 -0.000114362
-8.63844e+08 -0.000114359
-8.6382e+08 -0.000114355
-8.63796e+08 -0.000114352
-8.63772e+08 -0.000114349
-8.63748e+08 -0.000114346
-8.63724e+08 -0.000114343
-8.637e+08 -0.00011434
-8.63676e+08 -0.000114336
-8.63652e+08 -0.000114333
-8.63628e+08 -0.00011433
-8.63604e+08 -0.000114327
-8.6358e+08 -0.000114324
-8.63556e+08 -0.000114321
-8.63532e+08 -0.000114317
-8.63508e+08 -0.000114314
-8.63485e+08 -0.000114311
-8.63461e+08 -0.000114308
-8.63437e+08 -0.000114305
-8.63413e+08 -0.000114302
-8.63389e+08 -0.000114298
-8.63365e+08 -0.000114295
-8.63341e+08 -0.000114292
-8.63317e+08 -0.000114289
-8.63293e+08 -0.000114286
-8.63269e+08 -0.000114283
-8.63245e+08 -0.000114279
-8.63221e+08 -0.000114276
-8.63197e+08 -0.000114273
-8.63173e+08 -0.00011427
-8.63149e+08 -0.000114267
-8.63125e+08 -0.000114264
-8.63101e+08 -0.00011426
-8.63077e+08 -0.000114257
-8.63054e+08 -0.000114254
-8.6303e+08 -0.000114251
-8.63006e+08 -0.000114248
-8.62982e+08 -0.000114245
-8.62958e+08 -0.000114241
-8.62934e+08 -0.000114238
-8.6291e+08 -0.000114235
-8.62886e+08 -0.000114232
-8.62862e+08 -0.000114229
-8.62838e+08 -0.000114226
-8.62814e+08 -0.000114222
-8.6279e+08 -0.000114219
-8.62766e+08 -0.000114216
-8.62742e+08 -0.000114213
-8.62718e+08 -0.00011421
-8.62694e+08 -0.000114207
-8.6267e+08 -0.000114203
-8.62647e+08 -0.0001142
-8.62623e+08 -0.000114197
-8.62599e+08 -0.000114194
-8.62575e+08 -0.000114191
-8.62551e+08 -0.000114187
-8.62527e+08 -0.000114184
-8.62503e+08 -0.000114181
-8.62479e+08 -0.000114178
-8.62455e+08 -0.000114175
-8.62431e+08 -0.000114172
-8.62407e+08 -0.000114168
-8.62383e+08 -0.000114165
-8.62359e+08 -0.000114162
-8.62335e+08 -0.000114159
-8.62311e+08 -0.000114156
-8.62287e+08 -0.000114153
-8.62263e+08 -0.000114149
-8.6224e+08 -0.000114146
-8.62216e+08 -0.000114143
-8.62192e+08 -0.00011414
-8.62168e+08 -0.000114137
-8.62144e+08 -0.000114134
-8.6212e+08 -0.00011413
-8.62096e+08 -0.000114127
-8.62072e+08 -0.000114124
-8.62048e+08 -0.000114121
-8.62024e+08 -0.000114118
-8.62e+08 -0.000114115
-8.61976e+08 -0.000114111
-8.61952e+08 -0.000114108
-8.61928e+08 -0.000114105
-8.61904e+08 -0.000114102
-8.6188e+08 -0.000114099
-8.61857e+08 -0.000114096
-8.61833e+08 -0.000114092
-8.61809e+08 -0.000114089
-8.61785e+08 -0.000114086
-8.61761e+08 -0.000114083
-8.61737e+08 -0.00011408
-8.61713e+08 -0.000114077
-8.61689e+08 -0.000114073
-8.61665e+08 -0.00011407
-8.61641e+08 -0.000114067
-8.61617e+08 -0.000114064
-8.61593e+08 -0.000114061
-8.61569e+08 -0.000114058
-8.61545e+08 -0.000114054
-8.61521e+08 -0.000114051
-8.61497e+08 -0.000114048
-8.61473e+08 -0.000114045
-8.6145e+08 -0.000114042
-8.61426e+08 -0.000114039
-8.61402e+08 -0.000114035
-8.61378e+08 -0.000114032
-8.61354e+08 -0.000114029
-8.6133e+08 -0.000114026
-8.61306e+08 -0.000114023
-8.61282e+08 -0.00011402
-8.61258e+08 -0.000114016
-8.61234e+08 -0.000114013
-8.6121e+08 -0.00011401
-8.61186e+08 -0.000114007
-8.61162e+08 -0.000114004
-8.61138e+08 -0.000114001
-8.61114e+08 -0.000113997
-8.61091e+08 -0.000113994
-8.61067e+08 -0.000113991
-8.61043e+08 -0.000113988
-8.61019e+08 -0.000113985
-8.60995e+08 -0.000113982
-8.60971e+08 -0.000113978
-8.60947e+08 -0.000113975
-8.60923e+08 -0.000113972
-8.60899e+08 -0.000113969
-8.60875e+08 -0.000113966
-8.60851e+08 -0.000113962
-8.60827e+08 -0.000113959
-8.60803e+08 -0.000113956
-8.60779e+08 -0.000113953
-8.60755e+08 -0.00011395
-8.60732e+08 -0.000113947
-8.60708e+08 -0.000113943
-8.60684e+08 -0.00011394
-8.6066e+08 -0.000113937
-8.60636e+08 -0.000113934
-8.60612e+08 -0.000113931
-8.60588e+08 -0.000113928
-8.60564e+08 -0.000113924
-8.6054e+08 -0.000113921
-8.60516e+08 -0.000113918
-8.60492e+08 -0.000113915
-8.60468e+08 -0.000113912
-8.60444e+08 -0.000113909
-8.60334e+08 -0.000113894
-8.6e+08 -0.00011385
-8.59666e+08 -0.000113806
-8.59332e+08 -0.000113761
-8.58998e+08 -0.000113717
-8.58664e+08 -0.000113673
-8.5833e+08 -0.000113629
-8.57996e+08 -0.000113585
-8.57662e+08 -0.00011354
-8.57328e+08 -0.000113496
-8.56994e+08 -0.000113452
-8.5666e+08 -0.000113408
-8.56326e+08 -0.000113363
-8.55991e+08 -0.000113319
-8.55657e+08 -0.000113275
-8.55323e+08 -0.000113231
-8.54989e+08 -0.000113186
-8.54655e+08 -0.000113142
-8.54321e+08 -0.000113098
-8.53987e+08 -0.000113054
-8.53653e+08 -0.00011301
-8.53319e+08 -0.000112965
-8.52985e+08 -0.000112921
-8.52651e+08 -0.000112877
-8.52317e+08 -0.000112833
-8.51983e+08 -0.000112788
-8.51649e+08 -0.000112744
-8.51315e+08 -0.0001127
-8.50981e+08 -0.000112656
-8.50646e+08 -0.000112612
-8.50312e+08 -0.000112567
-8.49978e+08 -0.000112523
-8.49644e+08 -0.000112479
-8.4931e+08 -0.000112435
-8.48976e+08 -0.00011239
-8.48642e+08 -0.000112346
-8.48308e+08 -0.000112302
-8.47974e+08 -0.000112258
-8.4764e+08 -0.000112214
-8.47306e+08 -0.000112169
-8.46972e+08 -0.000112125
-8.46638e+08 -0.000112081
-8.46304e+08 -0.000112037
-8.4597e+08 -0.000111992
-8.45636e+08 -0.000111948
-8.45302e+08 -0.000111904
-8.44968e+08 -0.00011186
-8.44633e+08 -0.000111816
-8.44299e+08 -0.000111771
-8.43965e+08 -0.000111727
-8.43631e+08 -0.000111683
-8.43297e+08 -0.000111639
-8.42963e+08 -0.000111594
-8.42629e+08 -0.00011155
-8.42295e+08 -0.000111506
-8.41961e+08 -0.000111462
-8.41627e+08 -0.000111418
-8.41293e+08 -0.000111373
-8.40959e+08 -0.000111329
-8.40625e+08 -0.000111285
-8.40291e+08 -0.000111241
-8.39957e+08 -0.000111196
-8.39623e+08 -0.000111152
-8.39289e+08 -0.000111108
-8.38795e+08 -0.000111043
-8.38283e+08 -0.000110975
-8.37772e+08 -0.000110907
-8.3726e+08 -0.000110839
-8.36748e+08 -0.000110772
-8.36237e+08 -0.000110704
-8.35725e+08 -0.000110636
-8.35213e+08 -0.000110568
-8.34702e+08 -0.000110501
-8.3419e+08 -0.000110433
-8.33678e+08 -0.000110365
-8.33167e+08 -0.000110298
-8.32655e+08 -0.00011023
-8.32144e+08 -0.000110162
-8.31632e+08 -0.000110094
-8.3112e+08 -0.000110027
-8.30609e+08 -0.000109959
-8.30097e+08 -0.000109891
-8.29585e+08 -0.000109823
-8.29074e+08 -0.000109756
-8.28562e+08 -0.000109688
-8.2805e+08 -0.00010962
-8.27539e+08 -0.000109552
-8.27027e+08 -0.000109485
-8.26516e+08 -0.000109417
-8.26004e+08 -0.000109349
-8.25492e+08 -0.000109282
-8.24981e+08 -0.000109214
-8.24469e+08 -0.000109146
-8.23957e+08 -0.000109078
-8.23446e+08 -0.000109011
-8.22934e+08 -0.000108943
-8.22423e+08 -0.000108875
-8.21911e+08 -0.000108807
-8.21399e+08 -0.00010874
-8.20888e+08 -0.000108672
-8.20376e+08 -0.000108604
-8.19865e+08 -0.000108537
-8.19353e+08 -0.000108469
-8.18841e+08 -0.000108401
-8.1833e+08 -0.000108333
-8.17818e+08 -0.000108266
-8.17307e+08 -0.000108198
-8.16795e+08 -0.00010813
-8.16283e+08 -0.000108062
-8.15772e+08 -0.000107995
-8.1526e+08 -0.000107927
-8.14749e+08 -0.000107859
-8.14237e+08 -0.000107792
-8.13725e+08 -0.000107724
-8.13214e+08 -0.000107656
-8.12702e+08 -0.000107588
-8.12191e+08 -0.000107521
-8.11679e+08 -0.000107453
-8.11168e+08 -0.000107385
-8.10656e+08 -0.000107317
-8.10144e+08 -0.00010725
-8.09633e+08 -0.000107182
-8.09121e+08 -0.000107114
-8.0861e+08 -0.000107047
-8.08098e+08 -0.000106979
-8.07587e+08 -0.000106911
-8.07075e+08 -0.000106843
-8.06563e+08 -0.000106776
-8.06052e+08 -0.000106708
-8.0554e+08 -0.00010664
-8.05029e+08 -0.000106573
-8.04517e+08 -0.000106505
-8.04006e+08 -0.000106437
-8.03494e+08 -0.000106369
-8.02982e+08 -0.000106302
-8.02471e+08 -0.000106234
-8.01959e+08 -0.000106166
-8.01448e+08 -0.000106098
-8.00936e+08 -0.000106031
-8.00425e+08 -0.000105963
-7.99913e+08 -0.000105895
-7.99402e+08 -0.000105828
-7.9889e+08 -0.00010576
-7.98379e+08 -0.000105692
-7.97867e+08 -0.000105624
-7.97355e+08 -0.000105557
-7.96844e+08 -0.000105489
-7.96332e+08 -0.000105421
-7.95821e+08 -0.000105354
-7.95309e+08 -0.000105286
-7.94798e+08 -0.000105218
-7.94286e+08 -0.00010515
-7.93775e+08 -0.000105083
-7.93263e+08 -0.000105015
-7.92752e+08 -0.000104947
-7.9224e+08 -0.00010488
-7.91729e+08 -0.000104812
-7.91217e+08 -0.000104744
-7.90706e+08 -0.000104676
-7.90194e+08 -0.000104609
-7.89683e+08 -0.000104541
-7.89171e+08 -0.000104473
-7.88659e+08 -0.000104406
-7.88148e+08 -0.000104338
-7.87636e+08 -0.00010427
-7.87125e+08 -0.000104202
-7.86613e+08 -0.000104135
-7.86102e+08 -0.000104067
-7.8559e+08 -0.000103999
-7.85079e+08 -0.000103931
-7.84567e+08 -0.000103864
-7.84056e+08 -0.000103796
-7.83544e+08 -0.000103728
-7.83033e+08 -0.000103661
-7.82521e+08 -0.000103593
-7.8201e+08 -0.000103525
-7.81498e+08 -0.000103458
-7.80987e+08 -0.00010339
-7.80475e+08 -0.000103322
-7.79964e+08 -0.000103254
-7.79452e+08 -0.000103187
-7.78941e+08 -0.000103119
-7.7843e+08 -0.000103051
-7.77918e+08 -0.000102984
-7.77407e+08 -0.000102916
-7.76895e+08 -0.000102848
-7.76384e+08 -0.00010278
-7.75872e+08 -0.000102713
-7.75361e+08 -0.000102645
-7.74849e+08 -0.000102577
-7.74338e+08 -0.00010251
-7.73826e+08 -0.000102442
-7.73315e+08 -0.000102374
-7.72803e+08 -0.000102306
-7.72292e+08 -0.000102239
-7.7178e+08 -0.000102171
-7.71269e+08 -0.000102103
-7.70757e+08 -0.000102036
-7.70246e+08 -0.000101968
-7.69734e+08 -0.0001019
-7.69223e+08 -0.000101832
-7.68712e+08 -0.000101765
-7.682e+08 -0.000101697
-7.67689e+08 -0.000101629
-7.67177e+08 -0.000101562
-7.66666e+08 -0.000101494
-7.66154e+08 -0.000101426
-7.65643e+08 -0.000101358
-7.65131e+08 -0.000101291
-7.6462e+08 -0.000101223
-7.64108e+08 -0.000101155
-7.63597e+08 -0.000101088
-7.63086e+08 -0.00010102
-7.62574e+08 -0.000100952
-7.62063e+08 -0.000100885
-7.61551e+08 -0.000100817
-7.6104e+08 -0.000100749
-7.60528e+08 -0.000100681
-7.60017e+08 -0.000100614
-7.59506e+08 -0.000100546
-7.58994e+08 -0.000100478
-7.58483e+08 -0.000100411
-7.57971e+08 -0.000100343
-7.5746e+08 -0.000100275
-7.56948e+08 -0.000100207
-7.56437e+08 -0.00010014
-7.55926e+08 -0.000100072
-7.55414e+08 -0.000100004
-7.54903e+08 -9.99367e-05
-7.54391e+08 -9.9869e-05
-7.5388e+08 -9.98013e-05
-7.53368e+08 -9.97336e-05
-7.52857e+08 -9.96659e-05
-7.52346e+08 -9.95981e-05
-7.51834e+08 -9.95304e-05
-7.51323e+08 -9.94627e-05
-7.50811e+08 -9.9395e-05
-7.503e+08 -9.93273e-05
-7.49789e+08 -9.92596e-05
-7.49277e+08 -9.91919e-05
-7.48766e+08 -9.91242e-05
-7.48254e+08 -9.90565e-05
-7.47743e+08 -9.89888e-05
-7.47232e+08 -9.89211e-05
-7.4672e+08 -9.88534e-05
-7.46209e+08 -9.87857e-05
-7.45697e+08 -9.8718e-05
-7.45186e+08 -9.86503e-05
-7.44675e+08 -9.85826e-05
-7.44163e+08 -9.85149e-05
-7.43652e+08 -9.84472e-05
-7.4314e+08 -9.83795e-05
-7.42629e+08 -9.83118e-05
-7.42118e+08 -9.82441e-05
-7.41606e+08 -9.81764e-05
-7.41095e+08 -9.81087e-05
-7.40584e+08 -9.8041e-05
-7.40072e+08 -9.79733e-05
-7.39561e+08 -9.79056e-05
-7.39049e+08 -9.78379e-05
-7.38538e+08 -9.77703e-05
-7.38027e+08 -9.77026e-05
-7.37515e+08 -9.76349e-05
-7.37004e+08 -9.75672e-05
-7.36493e+08 -9.74995e-05
-7.35981e+08 -9.74318e-05
-7.3547e+08 -9.73641e-05
-7.34958e+08 -9.72964e-05
-7.34447e+08 -9.72287e-05
-7.33936e+08 -9.7161e-05
-7.33424e+08 -9.70933e-05
-7.32913e+08 -9.70256e-05
-7.32402e+08 -9.69579e-05
-7.3189e+08 -9.68902e-05
-7.31379e+08 -9.68225e-05
-7.30868e+08 -9.67548e-05
-7.30356e+08 -9.66871e-05
-7.29845e+08 -9.66194e-05
-7.29334e+08 -9.65517e-05
-7.28822e+08 -9.6484e-05
-7.28311e+08 -9.64163e-05
-7.278e+08 -9.63486e-05
-7.27288e+08 -9.6281e-05
-7.26777e+08 -9.62133e-05
-7.26266e+08 -9.61456e-05
-7.25754e+08 -9.60779e-05
-7.25243e+08 -9.60102e-05
-7.24732e+08 -9.59425e-05
-7.2422e+08 -9.58748e-05
-7.23709e+08 -9.58071e-05
-7.23198e+08 -9.57394e-05
-7.22686e+08 -9.56717e-05
-7.22175e+08 -9.5604e-05
-7.21664e+08 -9.55363e-05
-7.21152e+08 -9.54687e-05
-7.20641e+08 -9.5401e-05
-7.2013e+08 -9.53333e-05
-7.19618e+08 -9.52656e-05
-7.19107e+08 -9.51979e-05
-7.18596e+08 -9.51302e-05
-7.18084e+08 -9.50625e-05
-7.17573e+08 -9.49948e-05
-7.17062e+08 -9.49271e-05
-7.1655e+08 -9.48594e-05
-7.16039e+08 -9.47918e-05
-7.15528e+08 -9.47241e-05
-7.15016e+08 -9.46564e-05
-7.14505e+08 -9.45887e-05
-7.13994e+08 -9.4521e-05
-7.13483e+08 -9.44533e-05
-7.12971e+08 -9.43856e-05
-7.1246e+08 -9.43179e-05
-7.11949e+08 -9.42503e-05
-7.11437e+08 -9.41826e-05
-7.10926e+08 -9.41149e-05
-7.10415e+08 -9.40472e-05
-7.09903e+08 -9.39795e-05
-7.09392e+08 -9.39118e-05
-7.08881e+08 -9.38441e-05
-7.0837e+08 -9.37764e-05
-7.07858e+08 -9.37088e-05
-7.07347e+08 -9.36411e-05
-7.06836e+08 -9.35734e-05
-7.06324e+08 -9.35057e-05
-7.05813e+08 -9.3438e-05
-7.05302e+08 -9.33703e-05
-7.04791e+08 -9.33026e-05
-7.04279e+08 -9.3235e-05
-7.03768e+08 -9.31673e-05
-7.03257e+08 -9.30996e-05
-7.02746e+08 -9.30319e-05
-7.02234e+08 -9.29642e-05
-7.01723e+08 -9.28965e-05
-7.01212e+08 -9.28289e-05
-7.007e+08 -9.27612e-05
-7.00189e+08 -9.26935e-05
-6.99678e+08 -9.26258e-05
-6.99167e+08 -9.25581e-05
-6.98655e+08 -9.24905e-05
-6.98144e+08 -9.24228e-05
-6.97633e+08 -9.23551e-05
-6.97122e+08 -9.22874e-05
-6.9661e+08 -9.22197e-05
-6.96099e+08 -9.2152e-05
-6.95588e+08 -9.20844e-05
-6.95077e+08 -9.20167e-05
-6.94565e+08 -9.1949e-05
-6.94054e+08 -9.18813e-05
-6.93543e+08 -9.18136e-05
-6.93032e+08 -9.1746e-05
-6.9252e+08 -9.16783e-05
-6.92009e+08 -9.16106e-05
-6.91498e+08 -9.15429e-05
-6.90987e+08 -9.14752e-05
-6.90475e+08 -9.14076e-05
-6.89964e+08 -9.13399e-05
-6.89453e+08 -9.12722e-05
-6.88942e+08 -9.12045e-05
-6.88431e+08 -9.11368e-05
-6.87919e+08 -9.10692e-05
-6.87408e+08 -9.10015e-05
-6.86897e+08 -9.09338e-05
-6.86386e+08 -9.08661e-05
-6.85874e+08 -9.07985e-05
-6.85363e+08 -9.07308e-05
-6.84852e+08 -9.06631e-05
-6.84341e+08 -9.05954e-05
-6.8383e+08 -9.05277e-05
-6.83318e+08 -9.04601e-05
-6.82807e+08 -9.03924e-05
-6.82296e+08 -9.03247e-05
-6.81785e+08 -9.0257e-05
-6.81273e+08 -9.01894e-05
-6.80762e+08 -9.01217e-05
-6.80251e+08 -9.0054e-05
-6.7974e+08 -8.99863e-05
-6.79229e+08 -8.99187e-05
-6.78717e+08 -8.9851e-05
-6.78206e+08 -8.97833e-05
-6.77695e+08 -8.97156e-05
-6.77184e+08 -8.9648e-05
-6.76673e+08 -8.95803e-05
-6.76161e+08 -8.95126e-05
-6.7565e+08 -8.94449e-05
-6.75139e+08 -8.93773e-05
-6.74628e+08 -8.93096e-05
-6.74117e+08 -8.92419e-05
-6.73605e+08 -8.91743e-05
-6.73094e+08 -8.91066e-05
-6.72583e+08 -8.90389e-05
-6.72072e+08 -8.89712e-05
-6.71561e+08 -8.89036e-05
-6.7105e+08 -8.88359e-05
-6.70538e+08 -8.87682e-05
-6.70027e+08 -8.87005e-05
-6.69516e+08 -8.86329e-05
-6.69005e+08 -8.85652e-05
-6.68494e+08 -8.84975e-05
-6.67982e+08 -8.84299e-05
-6.67471e+08 -8.83622e-05
-6.6696e+08 -8.82945e-05
-6.66449e+08 -8.82269e-05
-6.65938e+08 -8.81592e-05
-6.65427e+08 -8.80915e-05
-6.64916e+08 -8.80238e-05
-6.64404e+08 -8.79562e-05
-6.63893e+08 -8.78885e-05
-6.63382e+08 -8.78208e-05
-6.62871e+08 -8.77532e-05
-6.6236e+08 -8.76855e-05
-6.61849e+08 -8.76178e-05
-6.61337e+08 -8.75502e-05
-6.60826e+08 -8.74825e-05
-6.60315e+08 -8.74148e-05
-6.59804e+08 -8.73472e-05
-6.59293e+08 -8.72795e-05
-6.58782e+08 -8.72118e-05
-6.58271e+08 -8.71442e-05
-6.57759e+08 -8.70765e-05
-6.57248e+08 -8.70088e-05
-6.56737e+08 -8.69412e-05
-6.56226e+08 -8.68735e-05
-6.55715e+08 -8.68058e-05
-6.55204e+08 -8.67382e-05
-6.54693e+08 -8.66705e-05
-6.54181e+08 -8.66028e-05
-6.5367e+08 -8.65352e-05
-6.53159e+08 -8.64675e-05
-6.52648e+08 -8.63998e-05
-6.52137e+08 -8.63322e-05
-6.51626e+08 -8.62645e-05
-6.51115e+08 -8.61968e-05
-6.50604e+08 -8.61292e-05
-6.50092e+08 -8.60615e-05
-6.49581e+08 -8.59938e-05
-6.4907e+08 -8.59262e-05
-6.48559e+08 -8.58585e-05
-6.48048e+08 -8.57909e-05
-6.47537e+08 -8.57232e-05
-6.47026e+08 -8.56555e-05
-6.46515e+08 -8.55879e-05
-6.46003e+08 -8.55202e-05
-6.45492e+08 -8.54525e-05
-6.44981e+08 -8.53849e-05
-6.4447e+08 -8.53172e-05
-6.43959e+08 -8.52496e-05
-6.43448e+08 -8.51819e-05
-6.42937e+08 -8.51142e-05
-6.42426e+08 -8.50466e-05
-6.41915e+08 -8.49789e-05
-6.41404e+08 -8.49112e-05
-6.40892e+08 -8.48436e-05
-6.40381e+08 -8.47759e-05
-6.3987e+08 -8.47083e-05
-6.39359e+08 -8.46406e-05
-6.38848e+08 -8.45729e-05
-6.38337e+08 -8.45053e-05
-6.37826e+08 -8.44376e-05
-6.37315e+08 -8.437e-05
-6.36804e+08 -8.43023e-05
-6.36293e+08 -8.42347e-05
-6.35782e+08 -8.4167e-05
-6.3527e+08 -8.40993e-05
-6.34759e+08 -8.40317e-05
-6.34248e+08 -8.3964e-05
-6.33737e+08 -8.38964e-05
-6.33226e+08 -8.38287e-05
-6.32715e+08 -8.3761e-05
-6.32204e+08 -8.36934e-05
-6.31693e+08 -8.36257e-05
-6.31182e+08 -8.35581e-05
-6.30671e+08 -8.34904e-05
-6.3016e+08 -8.34228e-05
-6.29649e+08 -8.33551e-05
-6.29138e+08 -8.32874e-05
-6.28627e+08 -8.32198e-05
-6.28116e+08 -8.31521e-05
-6.27604e+08 -8.30845e-05
-6.27093e+08 -8.30168e-05
-6.26582e+08 -8.29492e-05
-6.26071e+08 -8.28815e-05
-6.2556e+08 -8.28139e-05
-6.25049e+08 -8.27462e-05
-6.24538e+08 -8.26785e-05
-6.24027e+08 -8.26109e-05
-6.23516e+08 -8.25432e-05
-6.23005e+08 -8.24756e-05
-6.22494e+08 -8.24079e-05
-6.21983e+08 -8.23403e-05
-6.21472e+08 -8.22726e-05
-6.20961e+08 -8.2205e-05
-6.2045e+08 -8.21373e-05
-6.19939e+08 -8.20697e-05
-6.19428e+08 -8.2002e-05
-6.18917e+08 -8.19344e-05
-6.18406e+08 -8.18667e-05
-6.17895e+08 -8.17991e-05
-6.17384e+08 -8.17314e-05
-6.16873e+08 -8.16638e-05
-6.16362e+08 -8.15961e-05
-6.15851e+08 -8.15285e-05
-6.1534e+08 -8.14608e-05
-6.14829e+08 -8.13932e-05
-6.14318e+08 -8.13255e-05
-6.13806e+08 -8.12579e-05
-6.13295e+08 -8.11902e-05
-6.12784e+08 -8.11225e-05
-6.12273e+08 -8.10549e-05
-6.11762e+08 -8.09872e-05
-6.11251e+08 -8.09196e-05
-6.1074e+08 -8.08519e-05
-6.10229e+08 -8.07843e-05
-6.09718e+08 -8.07167e-05
-6.09207e+08 -8.0649e-05
-6.08696e+08 -8.05814e-05
-6.08185e+08 -8.05137e-05
-6.07674e+08 -8.04461e-05
-6.07163e+08 -8.03784e-05
-6.06652e+08 -8.03108e-05
-6.06141e+08 -8.02431e-05
-6.0563e+08 -8.01755e-05
-6.05119e+08 -8.01078e-05
-6.04608e+08 -8.00402e-05
-6.04097e+08 -7.99725e-05
-6.03586e+08 -7.99049e-05
-6.03075e+08 -7.98372e-05
-6.02564e+08 -7.97696e-05
-6.02053e+08 -7.97019e-05
-6.01542e+08 -7.96343e-05
-6.01031e+08 -7.95667e-05
-6.00521e+08 -7.9499e-05
-6.0001e+08 -7.94314e-05
-5.99499e+08 -7.93637e-05
-5.98988e+08 -7.92961e-05
-5.98477e+08 -7.92284e-05
-5.97966e+08 -7.91608e-05
-5.97455e+08 -7.90931e-05
-5.96944e+08 -7.90255e-05
-5.96433e+08 -7.89579e-05
-5.95922e+08 -7.88902e-05
-5.95411e+08 -7.88226e-05
-5.949e+08 -7.87549e-05
-5.94389e+08 -7.86873e-05
-5.93878e+08 -7.86196e-05
-5.93367e+08 -7.8552e-05
-5.92856e+08 -7.84843e-05
-5.92345e+08 -7.84167e-05
-5.91834e+08 -7.83491e-05
-5.91323e+08 -7.82814e-05
-5.90812e+08 -7.82138e-05
-5.90301e+08 -7.81461e-05
-5.8979e+08 -7.80785e-05
-5.89279e+08 -7.80109e-05
-5.88768e+08 -7.79432e-05
-5.88257e+08 -7.78756e-05
-5.87746e+08 -7.78079e-05
-5.87236e+08 -7.77403e-05
-5.86725e+08 -7.76727e-05
-5.86214e+08 -7.7605e-05
-5.85703e+08 -7.75374e-05
-5.85192e+08 -7.74697e-05
-5.84681e+08 -7.74021e-05
-5.8417e+08 -7.73345e-05
-5.83659e+08 -7.72668e-05
-5.83148e+08 -7.71992e-05
-5.82637e+08 -7.71315e-05
-5.82126e+08 -7.70639e-05
-5.81615e+08 -7.69963e-05
-5.81104e+08 -7.69286e-05
-5.80593e+08 -7.6861e-05
-5.80082e+08 -7.67934e-05
-5.79572e+08 -7.67257e-05
-5.79061e+08 -7.66581e-05
-5.7855e+08 -7.65904e-05
-5.78039e+08 -7.65228e-05
-5.77528e+08 -7.64552e-05
-5.77017e+08 -7.63875e-05
-5.76506e+08 -7.63199e-05
-5.75995e+08 -7.62523e-05
-5.75484e+08 -7.61846e-05
-5.74973e+08 -7.6117e-05
-5.74462e+08 -7.60493e-05
-5.73952e+08 -7.59817e-05
-5.73441e+08 -7.59141e-05
-5.7293e+08 -7.58464e-05
-5.72419e+08 -7.57788e-05
-5.71908e+08 -7.57112e-05
-5.71397e+08 -7.56435e-05
-5.70886e+08 -7.55759e-05
-5.70375e+08 -7.55083e-05
-5.69864e+08 -7.54406e-05
-5.69353e+08 -7.5373e-05
-5.68843e+08 -7.53054e-05
-5.68332e+08 -7.52377e-05
-5.67821e+08 -7.51701e-05
-5.6731e+08 -7.51025e-05
-5.66799e+08 -7.50348e-05
-5.66288e+08 -7.49672e-05
-5.65777e+08 -7.48996e-05
-5.65266e+08 -7.48319e-05
-5.64756e+08 -7.47643e-05
-5.64245e+08 -7.46967e-05
-5.63734e+08 -7.4629e-05
-5.63223e+08 -7.45614e-05
-5.62712e+08 -7.44938e-05
-5.62201e+08 -7.44262e-05
-5.6169e+08 -7.43585e-05
-5.61179e+08 -7.42909e-05
-5.60669e+08 -7.42233e-05
-5.60158e+08 -7.41556e-05
-5.59647e+08 -7.4088e-05
-5.59136e+08 -7.40204e-05
-5.58625e+08 -7.39527e-05
-5.58114e+08 -7.38851e-05
-5.57603e+08 -7.38175e-05
-5.57092e+08 -7.37499e-05
-5.56582e+08 -7.36822e-05
-5.56071e+08 -7.36146e-05
-5.5556e+08 -7.3547e-05
-5.55049e+08 -7.34793e-05
-5.54538e+08 -7.34117e-05
-5.54027e+08 -7.33441e-05
-5.53517e+08 -7.32765e-05
-5.53006e+08 -7.32088e-05
-5.52495e+08 -7.31412e-05
-5.51984e+08 -7.30736e-05
-5.51473e+08 -7.30059e-05
-5.50962e+08 -7.29383e-05
-5.50451e+08 -7.28707e-05
-5.49941e+08 -7.28031e-05
-5.4943e+08 -7.27354e-05
-5.48919e+08 -7.26678e-05
-5.48408e+08 -7.26002e-05
-5.47897e+08 -7.25326e-05
-5.47386e+08 -7.24649e-05
-5.46876e+08 -7.23973e-05
-5.46365e+08 -7.23297e-05
-5.45854e+08 -7.22621e-05
-5.45343e+08 -7.21944e-05
-5.44832e+08 -7.21268e-05
-5.44322e+08 -7.20592e-05
-5.43811e+08 -7.19916e-05
-5.433e+08 -7.19239e-05
-5.42789e+08 -7.18563e-05
-5.42278e+08 -7.17887e-05
-5.41767e+08 -7.17211e-05
-5.41257e+08 -7.16534e-05
-5.40746e+08 -7.15858e-05
-5.40235e+08 -7.15182e-05
-5.39724e+08 -7.14506e-05
-5.39213e+08 -7.1383e-05
-5.38703e+08 -7.13153e-05
-5.38192e+08 -7.12477e-05
-5.37681e+08 -7.11801e-05
-5.3717e+08 -7.11125e-05
-5.36659e+08 -7.10449e-05
-5.36149e+08 -7.09772e-05
-5.35638e+08 -7.09096e-05
-5.35127e+08 -7.0842e-05
-5.34616e+08 -7.07744e-05
-5.34105e+08 -7.07067e-05
-5.33595e+08 -7.06391e-05
-5.33084e+08 -7.05715e-05
-5.32573e+08 -7.05039e-05
-5.32062e+08 -7.04363e-05
-5.31552e+08 -7.03686e-05
-5.31041e+08 -7.0301e-05
-5.3053e+08 -7.02334e-05
-5.30019e+08 -7.01658e-05
-5.29508e+08 -7.00982e-05
-5.28998e+08 -7.00306e-05
-5.28487e+08 -6.99629e-05
-5.27976e+08 -6.98953e-05
-5.27465e+08 -6.98277e-05
-5.26954e+08 -6.97601e-05
-5.26444e+08 -6.96925e-05
-5.25933e+08 -6.96248e-05
-5.25422e+08 -6.95572e-05
-5.24911e+08 -6.94896e-05
-5.24401e+08 -6.9422e-05
-5.2389e+08 -6.93544e-05
-5.23379e+08 -6.92868e-05
-5.22868e+08 -6.92191e-05
-5.22358e+08 -6.91515e-05
-5.21847e+08 -6.90839e-05
-5.21336e+08 -6.90163e-05
-5.20825e+08 -6.89487e-05
-5.20315e+08 -6.88811e-05
-5.19804e+08 -6.88135e-05
-5.19293e+08 -6.87458e-05
-5.18782e+08 -6.86782e-05
-5.18272e+08 -6.86106e-05
-5.17761e+08 -6.8543e-05
-5.1725e+08 -6.84754e-05
-5.16739e+08 -6.84078e-05
-5.16229e+08 -6.83402e-05
-5.15718e+08 -6.82725e-05
-5.15207e+08 -6.82049e-05
-5.14696e+08 -6.81373e-05
-5.14186e+08 -6.80697e-05
-5.13675e+08 -6.80021e-05
-5.13164e+08 -6.79345e-05
-5.12653e+08 -6.78669e-05
-5.12143e+08 -6.77993e-05
-5.11632e+08 -6.77316e-05
-5.11121e+08 -6.7664e-05
-5.10611e+08 -6.75964e-05
-5.101e+08 -6.75288e-05
-5.09589e+08 -6.74612e-05
-5.09078e+08 -6.73936e-05
-5.08568e+08 -6.7326e-05
-5.08057e+08 -6.72584e-05
-5.07546e+08 -6.71908e-05
-5.07036e+08 -6.71231e-05
-5.06525e+08 -6.70555e-05
-5.06014e+08 -6.69879e-05
-5.05503e+08 -6.69203e-05
-5.04993e+08 -6.68527e-05
-5.04482e+08 -6.67851e-05
-5.03971e+08 -6.67175e-05
-5.03461e+08 -6.66499e-05
-5.0295e+08 -6.65823e-05
-5.02439e+08 -6.65147e-05
-5.01929e+08 -6.64471e-05
-5.01418e+08 -6.63794e-05
-5.00907e+08 -6.63118e-05
-5.00396e+08 -6.62442e-05
-4.99886e+08 -6.61766e-05
-4.99375e+08 -6.6109e-05
-4.98864e+08 -6.60414e-05
-4.98354e+08 -6.59738e-05
-4.97843e+08 -6.59062e-05
-4.97332e+08 -6.58386e-05
-4.96822e+08 -6.5771e-05
-4.96311e+08 -6.57034e-05
-4.958e+08 -6.56358e-05
-4.9529e+08 -6.55682e-05
-4.94779e+08 -6.55006e-05
-4.94268e+08 -6.5433e-05
-4.93758e+08 -6.53653e-05
-4.93247e+08 -6.52977e-05
-4.92736e+08 -6.52301e-05
-4.92225e+08 -6.51625e-05
-4.91715e+08 -6.50949e-05
-4.91204e+08 -6.50273e-05
-4.90693e+08 -6.49597e-05
-4.90183e+08 -6.48921e-05
-4.89672e+08 -6.48245e-05
-4.89162e+08 -6.47569e-05
-4.88651e+08 -6.46893e-05
-4.8814e+08 -6.46217e-05
-4.8763e+08 -6.45541e-05
-4.87119e+08 -6.44865e-05
-4.86608e+08 -6.44189e-05
-4.86098e+08 -6.43513e-05
-4.85587e+08 -6.42837e-05
-4.85076e+08 -6.42161e-05
-4.84566e+08 -6.41485e-05
-4.84055e+08 -6.40809e-05
-4.83544e+08 -6.40133e-05
-4.83034e+08 -6.39457e-05
-4.82523e+08 -6.38781e-05
-4.82012e+08 -6.38105e-05
-4.81502e+08 -6.37429e-05
-4.80991e+08 -6.36753e-05
-4.8048e+08 -6.36077e-05
-4.7997e+08 -6.35401e-05
-4.79459e+08 -6.34725e-05
-4.78949e+08 -6.34049e-05
-4.78438e+08 -6.33373e-05
-4.77927e+08 -6.32697e-05
-4.77417e+08 -6.32021e-05
-4.76906e+08 -6.31345e-05
-4.76395e+08 -6.30669e-05
-4.75885e+08 -6.29993e-05
-4.75374e+08 -6.29317e-05
-4.74864e+08 -6.28641e-05
-4.74353e+08 -6.27965e-05
-4.73842e+08 -6.27289e-05
-4.73332e+08 -6.26613e-05
-4.72821e+08 -6.25937e-05
-4.7231e+08 -6.25261e-05
-4.718e+08 -6.24585e-05
-4.71289e+08 -6.23909e-05
-4.70779e+08 -6.23233e-05
-4.70268e+08 -6.22557e-05
-4.69757e+08 -6.21881e-05
-4.69247e+08 -6.21205e-05
-4.68736e+08 -6.20529e-05
-4.68226e+08 -6.19853e-05
-4.67715e+08 -6.19177e-05
-4.67204e+08 -6.18501e-05
-4.66694e+08 -6.17826e-05
-4.66183e+08 -6.1715e-05
-4.65673e+08 -6.16474e-05
-4.65162e+08 -6.15798e-05
-4.64651e+08 -6.15122e-05
-4.64141e+08 -6.14446e-05
-4.6363e+08 -6.1377e-05
-4.6312e+08 -6.13094e-05
-4.62609e+08 -6.12418e-05
-4.62098e+08 -6.11742e-05
-4.61588e+08 -6.11066e-05
-4.61077e+08 -6.1039e-05
-4.60567e+08 -6.09714e-05
-4.60056e+08 -6.09038e-05
-4.59546e+08 -6.08362e-05
-4.59035e+08 -6.07687e-05
-4.58524e+08 -6.07011e-05
-4.58014e+08 -6.06335e-05
-4.57503e+08 -6.05659e-05
-4.56993e+08 -6.04983e-05
-4.56482e+08 -6.04307e-05
-4.55971e+08 -6.03631e-05
-4.55461e+08 -6.02955e-05
-4.5495e+08 -6.02279e-05
-4.5444e+08 -6.01603e-05
-4.53929e+08 -6.00927e-05
-4.53419e+08 -6.00252e-05
-4.52908e+08 -5.99576e-05
-4.52398e+08 -5.989e-05
-4.51887e+08 -5.98224e-05
-4.51376e+08 -5.97548e-05
-4.50866e+08 -5.96872e-05
-4.50355e+08 -5.96196e-05
-4.49845e+08 -5.9552e-05
-4.49334e+08 -5.94844e-05
-4.48824e+08 -5.94169e-05
-4.48313e+08 -5.93493e-05
-4.47803e+08 -5.92817e-05
-4.47292e+08 -5.92141e-05
-4.46782e+08 -5.91465e-05
-4.46271e+08 -5.90789e-05
-4.4576e+08 -5.90113e-05
-4.4525e+08 -5.89437e-05
-4.44739e+08 -5.88762e-05
-4.44229e+08 -5.88086e-05
-4.43718e+08 -5.8741e-05
-4.43208e+08 -5.86734e-05
-4.42697e+08 -5.86058e-05
-4.42187e+08 -5.85382e-05
-4.41676e+08 -5.84706e-05
-4.41166e+08 -5.84031e-05
-4.40655e+08 -5.83355e-05
-4.40145e+08 -5.82679e-05
-4.39634e+08 -5.82003e-05
-4.39124e+08 -5.81327e-05
-4.38613e+08 -5.80651e-05
-4.38103e+08 -5.79975e-05
-4.37592e+08 -5.793e-05
-4.37081e+08 -5.78624e-05
-4.36571e+08 -5.77948e-05
-4.3606e+08 -5.77272e-05
-4.3555e+08 -5.76596e-05
-4.35039e+08 -5.7592e-05
-4.34529e+08 -5.75245e-05
-4.34018e+08 -5.74569e-05
-4.33508e+08 -5.73893e-05
-4.32997e+08 -5.73217e-05
-4.32487e+08 -5.72541e-05
-4.31976e+08 -5.71865e-05
-4.31466e+08 -5.7119e-05
-4.30955e+08 -5.70514e-05
-4.30445e+08 -5.69838e-05
-4.29934e+08 -5.69162e-05
-4.29424e+08 -5.68486e-05
-4.28913e+08 -5.67811e-05
-4.28403e+08 -5.67135e-05
-4.27892e+08 -5.66459e-05
-4.27382e+08 -5.65783e-05
-4.26871e+08 -5.65107e-05
-4.26361e+08 -5.64432e-05
-4.25851e+08 -5.63756e-05
-4.2534e+08 -5.6308e-05
-4.2483e+08 -5.62404e-05
-4.24319e+08 -5.61728e-05
-4.23809e+08 -5.61053e-05
-4.23298e+08 -5.60377e-05
-4.22788e+08 -5.59701e-05
-4.22277e+08 -5.59025e-05
-4.21767e+08 -5.5835e-05
-4.21256e+08 -5.57674e-05
-4.20746e+08 -5.56998e-05
-4.20235e+08 -5.56322e-05
-4.19725e+08 -5.55646e-05
-4.19214e+08 -5.54971e-05
-4.18704e+08 -5.54295e-05
-4.18193e+08 -5.53619e-05
-4.17683e+08 -5.52943e-05
-4.17173e+08 -5.52268e-05
-4.16662e+08 -5.51592e-05
-4.16152e+08 -5.50916e-05
-4.15641e+08 -5.5024e-05
-4.15131e+08 -5.49565e-05
-4.1462e+08 -5.48889e-05
-4.1411e+08 -5.48213e-05
-4.13599e+08 -5.47537e-05
-4.13089e+08 -5.46862e-05
-4.12578e+08 -5.46186e-05
-4.12068e+08 -5.4551e-05
-4.11558e+08 -5.44834e-05
-4.11047e+08 -5.44159e-05
-4.10537e+08 -5.43483e-05
-4.10026e+08 -5.42807e-05
-4.09516e+08 -5.42131e-05
-4.09005e+08 -5.41456e-05
-4.08495e+08 -5.4078e-05
-4.07985e+08 -5.40104e-05
-4.07474e+08 -5.39428e-05
-4.06964e+08 -5.38753e-05
-4.06453e+08 -5.38077e-05
-4.05943e+08 -5.37401e-05
-4.05432e+08 -5.36726e-05
-4.04922e+08 -5.3605e-05
-4.04412e+08 -5.35374e-05
-4.03901e+08 -5.34698e-05
-4.03391e+08 -5.34023e-05
-4.0288e+08 -5.33347e-05
-4.0237e+08 -5.32671e-05
-4.01859e+08 -5.31996e-05
-4.01349e+08 -5.3132e-05
-4.00839e+08 -5.30644e-05
-4.00328e+08 -5.29969e-05
-3.99818e+08 -5.29293e-05
-3.99307e+08 -5.28617e-05
-3.98797e+08 -5.27941e-05
-3.98287e+08 -5.27266e-05
-3.97776e+08 -5.2659e-05
-3.97266e+08 -5.25914e-05
-3.96755e+08 -5.25239e-05
-3.96245e+08 -5.24563e-05
-3.95735e+08 -5.23887e-05
-3.95224e+08 -5.23212e-05
-3.94714e+08 -5.22536e-05
-3.94203e+08 -5.2186e-05
-3.93693e+08 -5.21185e-05
-3.93183e+08 -5.20509e-05
-3.92672e+08 -5.19833e-05
-3.92162e+08 -5.19158e-05
-3.91651e+08 -5.18482e-05
-3.91141e+08 -5.17806e-05
-3.90631e+08 -5.17131e-05
-3.9012e+08 -5.16455e-05
-3.8961e+08 -5.15779e-05
-3.891e+08 -5.15104e-05
-3.88589e+08 -5.14428e-05
-3.88079e+08 -5.13752e-05
-3.87568e+08 -5.13077e-05
-3.87058e+08 -5.12401e-05
-3.86548e+08 -5.11725e-05
-3.86037e+08 -5.1105e-05
-3.85527e+08 -5.10374e-05
-3.85017e+08 -5.09698e-05
-3.84506e+08 -5.09023e-05
-3.83996e+08 -5.08347e-05
-3.83486e+08 -5.07672e-05
-3.82975e+08 -5.06996e-05
-3.82465e+08 -5.0632e-05
-3.81954e+08 -5.05645e-05
-3.81444e+08 -5.04969e-05
-3.80934e+08 -5.04293e-05
-3.80423e+08 -5.03618e-05
-3.79913e+08 -5.02942e-05
-3.79403e+08 -5.02267e-05
-3.78892e+08 -5.01591e-05
-3.78382e+08 -5.00915e-05
-3.77872e+08 -5.0024e-05
-3.77361e+08 -4.99564e-05
-3.76851e+08 -4.98888e-05
-3.76341e+08 -4.98213e-05
-3.7583e+08 -4.97537e-05
-3.7532e+08 -4.96862e-05
-3.7481e+08 -4.96186e-05
-3.74299e+08 -4.9551e-05
-3.73789e+08 -4.94835e-05
-3.73279e+08 -4.94159e-05
-3.72768e+08 -4.93484e-05
-3.72258e+08 -4.92808e-05
-3.71748e+08 -4.92132e-05
-3.71237e+08 -4.91457e-05
-3.70727e+08 -4.90781e-05
-3.70217e+08 -4.90106e-05
-3.69706e+08 -4.8943e-05
-3.69196e+08 -4.88755e-05
-3.68686e+08 -4.88079e-05
-3.68175e+08 -4.87403e-05
-3.67665e+08 -4.86728e-05
-3.67155e+08 -4.86052e-05
-3.66644e+08 -4.85377e-05
-3.66134e+08 -4.84701e-05
-3.65624e+08 -4.84026e-05
-3.65113e+08 -4.8335e-05
-3.64603e+08 -4.82674e-05
-3.64093e+08 -4.81999e-05
-3.63583e+08 -4.81323e-05
-3.63072e+08 -4.80648e-05
-3.62562e+08 -4.79972e-05
-3.62052e+08 -4.79297e-05
-3.61541e+08 -4.78621e-05
-3.61031e+08 -4.77946e-05
-3.60521e+08 -4.7727e-05
-3.6001e+08 -4.76594e-05
-3.595e+08 -4.75919e-05
-3.5899e+08 -4.75243e-05
-3.5848e+08 -4.74568e-05
-3.57969e+08 -4.73892e-05
-3.57459e+08 -4.73217e-05
-3.56949e+08 -4.72541e-05
-3.56438e+08 -4.71866e-05
-3.55928e+08 -4.7119e-05
-3.55418e+08 -4.70515e-05
-3.54908e+08 -4.69839e-05
-3.54397e+08 -4.69163e-05
-3.53887e+08 -4.68488e-05
-3.53377e+08 -4.67812e-05
-3.52866e+08 -4.67137e-05
-3.52356e+08 -4.66461e-05
-3.51846e+08 -4.65786e-05
-3.51336e+08 -4.6511e-05
-3.50825e+08 -4.64435e-05
-3.50315e+08 -4.63759e-05
-3.49805e+08 -4.63084e-05
-3.49295e+08 -4.62408e-05
-3.48784e+08 -4.61733e-05
-3.48274e+08 -4.61057e-05
-3.47764e+08 -4.60382e-05
-3.47253e+08 -4.59706e-05
-3.46743e+08 -4.59031e-05
-3.46233e+08 -4.58355e-05
-3.45723e+08 -4.5768e-05
-3.45212e+08 -4.57004e-05
-3.44702e+08 -4.56329e-05
-3.44192e+08 -4.55653e-05
-3.43682e+08 -4.54978e-05
-3.43171e+08 -4.54302e-05
-3.42661e+08 -4.53627e-05
-3.42151e+08 -4.52951e-05
-3.41641e+08 -4.52276e-05
-3.41131e+08 -4.51601e-05
-3.4062e+08 -4.50925e-05
-3.4011e+08 -4.5025e-05
-3.396e+08 -4.49574e-05
-3.3909e+08 -4.48899e-05
-3.38579e+08 -4.48223e-05
-3.38069e+08 -4.47548e-05
-3.37559e+08 -4.46872e-05
-3.37049e+08 -4.46197e-05
-3.36538e+08 -4.45521e-05
-3.36028e+08 -4.44846e-05
-3.35518e+08 -4.4417e-05
-3.35008e+08 -4.43495e-05
-3.34497e+08 -4.4282e-05
-3.33987e+08 -4.42144e-05
-3.33477e+08 -4.41469e-05
-3.32967e+08 -4.40793e-05
-3.32457e+08 -4.40118e-05
-3.31946e+08 -4.39442e-05
-3.31436e+08 -4.38767e-05
-3.30926e+08 -4.38091e-05
-3.30416e+08 -4.37416e-05
-3.29906e+08 -4.36741e-05
-3.29395e+08 -4.36065e-05
-3.28885e+08 -4.3539e-05
-3.28375e+08 -4.34714e-05
-3.27865e+08 -4.34039e-05
-3.27355e+08 -4.33363e-05
-3.26844e+08 -4.32688e-05
-3.26334e+08 -4.32013e-05
-3.25824e+08 -4.31337e-05
-3.25314e+08 -4.30662e-05
-3.24804e+08 -4.29986e-05
-3.24293e+08 -4.29311e-05
-3.23783e+08 -4.28635e-05
-3.23273e+08 -4.2796e-05
-3.22763e+08 -4.27285e-05
-3.22253e+08 -4.26609e-05
-3.21742e+08 -4.25934e-05
-3.21232e+08 -4.25258e-05
-3.20722e+08 -4.24583e-05
-3.20212e+08 -4.23908e-05
-3.19702e+08 -4.23232e-05
-3.19191e+08 -4.22557e-05
-3.18681e+08 -4.21881e-05
-3.18171e+08 -4.21206e-05
-3.17661e+08 -4.20531e-05
-3.17151e+08 -4.19855e-05
-3.16641e+08 -4.1918e-05
-3.1613e+08 -4.18505e-05
-3.1562e+08 -4.17829e-05
-3.1511e+08 -4.17154e-05
-3.146e+08 -4.16478e-05
-3.1409e+08 -4.15803e-05
-3.1358e+08 -4.15128e-05
-3.13069e+08 -4.14452e-05
-3.12559e+08 -4.13777e-05
-3.12049e+08 -4.13102e-05
-3.11539e+08 -4.12426e-05
-3.11029e+08 -4.11751e-05
-3.10519e+08 -4.11076e-05
-3.10009e+08 -4.104e-05
-3.09498e+08 -4.09725e-05
-3.08988e+08 -4.09049e-05
-3.08478e+08 -4.08374e-05
-3.07968e+08 -4.07699e-05
-3.07458e+08 -4.07023e-05
-3.06948e+08 -4.06348e-05
-3.06437e+08 -4.05673e-05
-3.05927e+08 -4.04997e-05
-3.05417e+08 -4.04322e-05
-3.04907e+08 -4.03647e-05
-3.04397e+08 -4.02971e-05
-3.03887e+08 -4.02296e-05
-3.03377e+08 -4.01621e-05
-3.02867e+08 -4.00945e-05
-3.02356e+08 -4.0027e-05
-3.01846e+08 -3.99595e-05
-3.01336e+08 -3.98919e-05
-3.00826e+08 -3.98244e-05
-3.00316e+08 -3.97569e-05
-2.99806e+08 -3.96893e-05
-2.99296e+08 -3.96218e-05
-2.98786e+08 -3.95543e-05
-2.98275e+08 -3.94867e-05
-2.97765e+08 -3.94192e-05
-2.97255e+08 -3.93517e-05
-2.96745e+08 -3.92842e-05
-2.96235e+08 -3.92166e-05
-2.95725e+08 -3.91491e-05
-2.95215e+08 -3.90816e-05
-2.94705e+08 -3.9014e-05
-2.94195e+08 -3.89465e-05
-2.93684e+08 -3.8879e-05
-2.93174e+08 -3.88114e-05
-2.92664e+08 -3.87439e-05
-2.92154e+08 -3.86764e-05
-2.91644e+08 -3.86089e-05
-2.91134e+08 -3.85413e-05
-2.90624e+08 -3.84738e-05
-2.90114e+08 -3.84063e-05
-2.89604e+08 -3.83387e-05
-2.89094e+08 -3.82712e-05
-2.88583e+08 -3.82037e-05
-2.88073e+08 -3.81362e-05
-2.87563e+08 -3.80686e-05
-2.87053e+08 -3.80011e-05
-2.86543e+08 -3.79336e-05
-2.86033e+08 -3.7866e-05
-2.85523e+08 -3.77985e-05
-2.85013e+08 -3.7731e-05
-2.84503e+08 -3.76635e-05
-2.83993e+08 -3.75959e-05
-2.83483e+08 -3.75284e-05
-2.82973e+08 -3.74609e-05
-2.82462e+08 -3.73934e-05
-2.81952e+08 -3.73258e-05
-2.81442e+08 -3.72583e-05
-2.80932e+08 -3.71908e-05
-2.80422e+08 -3.71233e-05
-2.79912e+08 -3.70557e-05
-2.79402e+08 -3.69882e-05
