-0.65476 -1.22488e-13
-0.926897 -1.73398e-13
-0.750319 -1.40365e-13
-0.0400935 -7.50042e-15
1.3149 2.45983e-13
3.45333 6.46027e-13
6.57042 1.22915e-12
10.93 2.04472e-12
16.8863 3.15897e-12
24.9715 4.6715e-12
-1.7428e+06 -3.26031e-07
-3.48562e+06 -6.52067e-07
-5.22845e+06 -9.78103e-07
-6.97127e+06 -1.30414e-06
-8.7141e+06 -1.63018e-06
-1.04569e+07 -1.95621e-06
-1.21998e+07 -2.28225e-06
-1.39426e+07 -2.60829e-06
-1.56854e+07 -2.93432e-06
-1.74282e+07 -3.26036e-06
-1.91711e+07 -3.5864e-06
-2.09139e+07 -3.91244e-06
-2.26567e+07 -4.23847e-06
-2.43996e+07 -4.56451e-06
-2.61424e+07 -4.89055e-06
-2.78852e+07 -5.21659e-06
-2.96281e+07 -5.54263e-06
-3.13709e+07 -5.86867e-06
-3.31138e+07 -6.1947e-06
-3.48566e+07 -6.52074e-06
-3.65994e+07 -6.84678e-06
-3.83423e+07 -7.17282e-06
-4.00851e+07 -7.49886e-06
-4.18279e+07 -7.8249e-06
-4.35708e+07 -8.15094e-06
-4.53136e+07 -8.47698e-06
-4.70565e+07 -8.80302e-06
-4.87993e+07 -9.12906e-06
-5.05422e+07 -9.4551e-06
-5.2285e+07 -9.78114e-06
-5.40279e+07 -1.01072e-05
-5.57707e+07 -1.04332e-05
-5.75136e+07 -1.07593e-05
-5.92564e+07 -1.10853e-05
-6.09993e+07 -1.14113e-05
-6.27421e+07 -1.17374e-05
-6.4485e+07 -1.20634e-05
-6.62278e+07 -1.23895e-05
-6.79707e+07 -1.27155e-05
-6.97135e+07 -1.30415e-05
-7.14564e+07 -1.33676e-05
-7.31992e+07 -1.36936e-05
-7.49421e+07 -1.40197e-05
-7.66849e+07 -1.43457e-05
-7.84278e+07 -1.46718e-05
-8.01707e+07 -1.49978e-05
-8.19135e+07 -1.53238e-05
-8.36564e+07 -1.56499e-05
-8.53992e+07 -1.59759e-05
-8.71421e+07 -1.6302e-05
-8.8885e+07 -1.6628e-05
-9.06278e+07 -1.69541e-05
-9.23707e+07 -1.72801e-05
-9.41136e+07 -1.76061e-05
-9.58564e+07 -1.79322e-05
-9.75993e+07 -1.82582e-05
-9.93422e+07 -1.85843e-05
-1.01085e+08 -1.89103e-05
-1.02828e+08 -1.92364e-05
-1.04571e+08 -1.95624e-05
-1.06314e+08 -1.98885e-05
-1.08056e+08 -2.02145e-05
-1.09799e+08 -2.05405e-05
-1.11542e+08 -2.08666e-05
-1.13285e+08 -2.11926e-05
-1.15028e+08 -2.15187e-05
-1.16771e+08 -2.18447e-05
-1.18514e+08 -2.21708e-05
-1.20257e+08 -2.24968e-05
-1.21999e+08 -2.28229e-05
-1.23742e+08 -2.31489e-05
-1.25485e+08 -2.3475e-05
-1.27228e+08 -2.3801e-05
-1.28971e+08 -2.41271e-05
-1.30714e+08 -2.44531e-05
-1.32457e+08 -2.47791e-05
-1.342e+08 -2.51052e-05
-1.35943e+08 -2.54312e-05
-1.37685e+08 -2.57573e-05
-1.39428e+08 -2.60833e-05
-1.41171e+08 -2.64094e-05
-1.42914e+08 -2.67354e-05
-1.44657e+08 -2.70615e-05
-1.464e+08 -2.73875e-05
-1.48143e+08 -2.77136e-05
-1.49886e+08 -2.80396e-05
-1.51629e+08 -2.83657e-05
-1.53371e+08 -2.86917e-05
-1.55114e+08 -2.90178e-05
-1.56857e+08 -2.93438e-05
-1.586e+08 -2.96699e-05
-1.60343e+08 -2.99959e-05
-1.62086e+08 -3.0322e-05
-1.63829e+08 -3.0648e-05
-1.65572e+08 -3.09741e-05
-1.67315e+08 -3.13001e-05
-1.69057e+08 -3.16262e-05
-1.708e+08 -3.19522e-05
-1.72543e+08 -3.22783e-05
-1.74286e+08 -3.26043e-05
-1.76029e+08 -3.29304e-05
-1.77772e+08 -3.32564e-05
-1.79515e+08 -3.35825e-05
-1.81258e+08 -3.39085e-05
-1.83001e+08 -3.42346e-05
-1.84744e+08 -3.45606e-05
-1.86487e+08 -3.48867e-05
-1.88229e+08 -3.52127e-05
-1.89972e+08 -3.55388e-05
-1.91715e+08 -3.58648e-05
-1.93458e+08 -3.61909e-05
-1.95201e+08 -3.65169e-05
-1.96944e+08 -3.6843e-05
-1.98687e+08 -3.7169e-05
-2.0043e+08 -3.74951e-05
-2.02173e+08 -3.78212e-05
-2.03916e+08 -3.81472e-05
-2.05659e+08 -3.84733e-05
-2.07401e+08 -3.87993e-05
-2.09144e+08 -3.91254e-05
-2.10887e+08 -3.94514e-05
-2.1263e+08 -3.97775e-05
-2.14373e+08 -4.01035e-05
-2.16116e+08 -4.04296e-05
-2.17859e+08 -4.07556e-05
-2.19602e+08 -4.10817e-05
-2.21345e+08 -4.14077e-05
-2.23088e+08 -4.17338e-05
-2.24831e+08 -4.20599e-05
-2.26574e+08 -4.23859e-05
-2.28317e+08 -4.2712e-05
-2.30059e+08 -4.3038e-05
-2.31802e+08 -4.33641e-05
-2.33545e+08 -4.36901e-05
-2.35288e+08 -4.40162e-05
-2.37031e+08 -4.43422e-05
-2.38774e+08 -4.46683e-05
-2.40517e+08 -4.49944e-05
-2.4226e+08 -4.53204e-05
-2.44003e+08 -4.56465e-05
-2.45746e+08 -4.59725e-05
-2.47489e+08 -4.62986e-05
-2.49232e+08 -4.66246e-05
-2.50975e+08 -4.69507e-05
-2.52718e+08 -4.72767e-05
-2.5446e+08 -4.76028e-05
-2.56203e+08 -4.79289e-05
-2.57946e+08 -4.82549e-05
-2.59689e+08 -4.8581e-05
-2.61432e+08 -4.8907e-05
-2.63175e+08 -4.92331e-05
-2.64918e+08 -4.95592e-05
-2.66661e+08 -4.98852e-05
-2.68404e+08 -5.02113e-05
-2.70147e+08 -5.05373e-05
-2.7189e+08 -5.08634e-05
-2.73633e+08 -5.11894e-05
-2.75376e+08 -5.15155e-05
-2.77119e+08 -5.18416e-05
-2.78862e+08 -5.21676e-05
-2.80605e+08 -5.24937e-05
-2.82348e+08 -5.28197e-05
-2.84091e+08 -5.31458e-05
-2.85834e+08 -5.34719e-05
-2.87576e+08 -5.37979e-05
-2.89319e+08 -5.4124e-05
-2.91062e+08 -5.445e-05
-2.92805e+08 -5.47761e-05
-2.94548e+08 -5.51022e-05
-2.96291e+08 -5.54282e-05
-2.98034e+08 -5.57543e-05
-2.99777e+08 -5.60803e-05
-3.0152e+08 -5.64064e-05
-3.03263e+08 -5.67325e-05
-3.05006e+08 -5.70585e-05
-3.06749e+08 -5.73846e-05
-3.08492e+08 -5.77107e-05
-3.10235e+08 -5.80367e-05
-3.11978e+08 -5.83628e-05
-3.13721e+08 -5.86888e-05
-3.15464e+08 -5.90149e-05
-3.17207e+08 -5.9341e-05
-3.1895e+08 -5.9667e-05
-3.20693e+08 -5.99931e-05
-3.22436e+08 -6.03192e-05
-3.24179e+08 -6.06452e-05
-3.25922e+08 -6.09713e-05
-3.27665e+08 -6.12973e-05
-3.29408e+08 -6.16234e-05
-3.31151e+08 -6.19495e-05
-3.32893e+08 -6.22755e-05
-3.34636e+08 -6.26016e-05
-3.36379e+08 -6.29277e-05
-3.38122e+08 -6.32537e-05
-3.39865e+08 -6.35798e-05
-3.41608e+08 -6.39059e-05
-3.43351e+08 -6.42319e-05
-3.45094e+08 -6.4558e-05
-3.46837e+08 -6.48841e-05
-3.4858e+08 -6.52101e-05
-3.50323e+08 -6.55362e-05
-3.52066e+08 -6.58623e-05
-3.53809e+08 -6.61883e-05
-3.55552e+08 -6.65144e-05
-3.57295e+08 -6.68405e-05
-3.59038e+08 -6.71665e-05
-3.60781e+08 -6.74926e-05
-3.62524e+08 -6.78187e-05
-3.64267e+08 -6.81447e-05
-3.6601e+08 -6.84708e-05
-3.67753e+08 -6.87969e-05
-3.69496e+08 -6.91229e-05
-3.71239e+08 -6.9449e-05
-3.72982e+08 -6.97751e-05
-3.74725e+08 -7.01011e-05
-3.76468e+08 -7.04272e-05
-3.78211e+08 -7.07533e-05
-3.79954e+08 -7.10793e-05
-3.81697e+08 -7.14054e-05
-3.8344e+08 -7.17315e-05
-3.85183e+08 -7.20575e-05
-3.86926e+08 -7.23836e-05
-3.88669e+08 -7.27097e-05
-3.90412e+08 -7.30357e-05
-3.92155e+08 -7.33618e-05
-3.93898e+08 -7.36879e-05
-3.95641e+08 -7.40139e-05
-3.97384e+08 -7.434e-05
-3.99127e+08 -7.46661e-05
-4.0087e+08 -7.49922e-05
-4.02613e+08 -7.53182e-05
-4.04356e+08 -7.56443e-05
-4.06099e+08 -7.59704e-05
-4.07842e+08 -7.62964e-05
-4.09585e+08 -7.66225e-05
-4.11328e+08 -7.69486e-05
-4.13071e+08 -7.72746e-05
-4.14814e+08 -7.76007e-05
-4.16557e+08 -7.79268e-05
-4.183e+08 -7.82529e-05
-4.20043e+08 -7.85789e-05
-4.21786e+08 -7.8905e-05
-4.23529e+08 -7.92311e-05
-4.25272e+08 -7.95571e-05
-4.27015e+08 -7.98832e-05
-4.28758e+08 -8.02093e-05
-4.30501e+08 -8.05354e-05
-4.32244e+08 -8.08614e-05
-4.33987e+08 -8.11875e-05
-4.3573e+08 -8.15136e-05
-4.37473e+08 -8.18396e-05
-4.39216e+08 -8.21657e-05
-4.40959e+08 -8.24918e-05
-4.42702e+08 -8.28179e-05
-4.44445e+08 -8.31439e-05
-4.46188e+08 -8.347e-05
-4.47931e+08 -8.37961e-05
-4.49674e+08 -8.41222e-05
-4.51418e+08 -8.44482e-05
-4.53161e+08 -8.47743e-05
-4.54904e+08 -8.51004e-05
-4.56647e+08 -8.54265e-05
-4.5839e+08 -8.57525e-05
-4.60133e+08 -8.60786e-05
-4.61876e+08 -8.64047e-05
-4.63619e+08 -8.67308e-05
-4.65362e+08 -8.70568e-05
-4.67105e+08 -8.73829e-05
-4.68848e+08 -8.7709e-05
-4.70591e+08 -8.80351e-05
-4.72334e+08 -8.83611e-05
-4.74077e+08 -8.86872e-05
-4.7582e+08 -8.90133e-05
-4.77563e+08 -8.93394e-05
-4.79306e+08 -8.96654e-05
-4.81049e+08 -8.99915e-05
-4.82792e+08 -9.03176e-05
-4.84535e+08 -9.06437e-05
-4.86278e+08 -9.09697e-05
-4.88021e+08 -9.12958e-05
-4.89764e+08 -9.16219e-05
-4.91507e+08 -9.1948e-05
-4.9325e+08 -9.22741e-05
-4.94993e+08 -9.26001e-05
-4.96736e+08 -9.29262e-05
-4.9848e+08 -9.32523e-05
-5.00223e+08 -9.35784e-05
-5.01966e+08 -9.39044e-05
-5.03709e+08 -9.42305e-05
-5.05452e+08 -9.45566e-05
-5.07195e+08 -9.48827e-05
-5.08938e+08 -9.52088e-05
-5.10681e+08 -9.55348e-05
-5.12424e+08 -9.58609e-05
-5.14167e+08 -9.6187e-05
-5.1591e+08 -9.65131e-05
-5.17653e+08 -9.68392e-05
-5.19396e+08 -9.71652e-05
-5.21139e+08 -9.74913e-05
-5.22882e+08 -9.78174e-05
-5.24625e+08 -9.81435e-05
-5.26368e+08 -9.84696e-05
-5.28111e+08 -9.87956e-05
-5.29855e+08 -9.91217e-05
-5.31598e+08 -9.94478e-05
-5.33341e+08 -9.97739e-05
-5.35084e+08 -0.0001001
-5.36827e+08 -0.000100426
-5.3857e+08 -0.000100752
-5.40313e+08 -0.000101078
-5.42056e+08 -0.000101404
-5.43799e+08 -0.00010173
-5.45542e+08 -0.000102056
-5.47285e+08 -0.000102383
-5.49028e+08 -0.000102709
-5.50771e+08 -0.000103035
-5.52514e+08 -0.000103361
-5.54257e+08 -0.000103687
-5.56001e+08 -0.000104013
-5.57744e+08 -0.000104339
-5.59487e+08 -0.000104665
-5.6123e+08 -0.000104991
-5.62973e+08 -0.000105317
-5.64716e+08 -0.000105643
-5.66459e+08 -0.000105969
-5.68202e+08 -0.000106296
-5.69945e+08 -0.000106622
-5.71688e+08 -0.000106948
-5.73431e+08 -0.000107274
-5.75174e+08 -0.0001076
-5.76917e+08 -0.000107926
-5.78661e+08 -0.000108252
-5.80404e+08 -0.000108578
-5.82147e+08 -0.000108904
-5.8389e+08 -0.00010923
-5.85633e+08 -0.000109556
-5.87376e+08 -0.000109882
-5.89119e+08 -0.000110209
-5.90862e+08 -0.000110535
-5.92605e+08 -0.000110861
-5.94348e+08 -0.000111187
-5.96091e+08 -0.000111513
-5.97835e+08 -0.000111839
-5.99578e+08 -0.000112165
-6.01321e+08 -0.000112491
-6.03064e+08 -0.000112817
-6.04807e+08 -0.000113143
-6.0655e+08 -0.000113469
-6.08293e+08 -0.000113796
-6.10036e+08 -0.000114122
-6.11779e+08 -0.000114448
-6.13522e+08 -0.000114774
-6.15266e+08 -0.0001151
-6.17009e+08 -0.000115426
-6.18752e+08 -0.000115752
-6.20495e+08 -0.000116078
-6.22238e+08 -0.000116404
-6.23981e+08 -0.00011673
-6.25724e+08 -0.000117056
-6.27467e+08 -0.000117382
-6.2921e+08 -0.000117709
-6.30953e+08 -0.000118035
-6.32697e+08 -0.000118361
-6.3444e+08 -0.000118687
-6.36183e+08 -0.000119013
-6.37926e+08 -0.000119339
-6.39669e+08 -0.000119665
-6.41412e+08 -0.000119991
-6.43155e+08 -0.000120317
-6.44898e+08 -0.000120643
-6.46641e+08 -0.000120969
-6.48385e+08 -0.000121296
-6.50128e+08 -0.000121622
-6.51871e+08 -0.000121948
-6.53614e+08 -0.000122274
-6.55357e+08 -0.0001226
-6.571e+08 -0.000122926
-6.58843e+08 -0.000123252
-6.60586e+08 -0.000123578
-6.6233e+08 -0.000123904
-6.64073e+08 -0.00012423
-6.65816e+08 -0.000124556
-6.67559e+08 -0.000124883
-6.69302e+08 -0.000125209
-6.71045e+08 -0.000125535
-6.72788e+08 -0.000125861
-6.74531e+08 -0.000126187
-6.76275e+08 -0.000126513
-6.78018e+08 -0.000126839
-6.79761e+08 -0.000127165
-6.81504e+08 -0.000127491
-6.83247e+08 -0.000127817
-6.8499e+08 -0.000128143
-6.86733e+08 -0.00012847
-6.88476e+08 -0.000128796
-6.9022e+08 -0.000129122
-6.91963e+08 -0.000129448
-6.93706e+08 -0.000129774
-6.95449e+08 -0.0001301
-6.97192e+08 -0.000130426
-6.98935e+08 -0.000130752
-7.00678e+08 -0.000131078
-7.02422e+08 -0.000131404
-7.04165e+08 -0.000131731
-7.05908e+08 -0.000132057
-7.07651e+08 -0.000132383
-7.09394e+08 -0.000132709
-7.11137e+08 -0.000133035
-7.1288e+08 -0.000133361
-7.14624e+08 -0.000133687
-7.16367e+08 -0.000134013
-7.1811e+08 -0.000134339
-7.19853e+08 -0.000134665
-7.21596e+08 -0.000134991
-7.23339e+08 -0.000135318
-7.25082e+08 -0.000135644
-7.26826e+08 -0.00013597
-7.28569e+08 -0.000136296
-7.30312e+08 -0.000136622
-7.32055e+08 -0.000136948
-7.33798e+08 -0.000137274
-7.35541e+08 -0.0001376
-7.37285e+08 -0.000137926
-7.39028e+08 -0.000138252
-7.40771e+08 -0.000138579
-7.42514e+08 -0.000138905
-7.44257e+08 -0.000139231
-7.46e+08 -0.000139557
-7.47743e+08 -0.000139883
-7.49487e+08 -0.000140209
-7.5123e+08 -0.000140535
-7.52973e+08 -0.000140861
-7.54716e+08 -0.000141187
-7.56459e+08 -0.000141513
-7.58202e+08 -0.00014184
-7.59946e+08 -0.000142166
-7.61689e+08 -0.000142492
-7.63432e+08 -0.000142818
-7.65175e+08 -0.000143144
-7.66918e+08 -0.00014347
-7.68661e+08 -0.000143796
-7.70405e+08 -0.000144122
-7.72148e+08 -0.000144448
-7.73891e+08 -0.000144774
-7.75634e+08 -0.000145101
-7.77377e+08 -0.000145427
-7.79121e+08 -0.000145753
-7.80864e+08 -0.000146079
-7.82607e+08 -0.000146405
-7.8435e+08 -0.000146731
-7.86093e+08 -0.000147057
-7.87836e+08 -0.000147383
-7.8958e+08 -0.000147709
-7.91323e+08 -0.000148035
-7.93066e+08 -0.000148362
-7.94809e+08 -0.000148688
-7.96552e+08 -0.000149014
-7.98295e+08 -0.00014934
-8.00039e+08 -0.000149666
-8.01782e+08 -0.000149992
-8.03525e+08 -0.000150318
-8.05268e+08 -0.000150644
-8.07011e+08 -0.00015097
-8.08755e+08 -0.000151297
-8.10498e+08 -0.000151623
-8.12241e+08 -0.000151949
-8.13984e+08 -0.000152275
-8.15727e+08 -0.000152601
-8.17471e+08 -0.000152927
-8.19214e+08 -0.000153253
-8.20957e+08 -0.000153579
-8.227e+08 -0.000153905
-8.24443e+08 -0.000154231
-8.26187e+08 -0.000154558
-8.2793e+08 -0.000154884
-8.29673e+08 -0.00015521
-8.31416e+08 -0.000155536
-8.33159e+08 -0.000155862
-8.34903e+08 -0.000156188
-8.36646e+08 -0.000156514
-8.38389e+08 -0.00015684
-8.40132e+08 -0.000157166
-8.41875e+08 -0.000157493
-8.43619e+08 -0.000157819
-8.45362e+08 -0.000158145
-8.47105e+08 -0.000158471
-8.48848e+08 -0.000158797
-8.50591e+08 -0.000159123
-8.52335e+08 -0.000159449
-8.54078e+08 -0.000159775
-8.55821e+08 -0.000160101
-8.57564e+08 -0.000160428
-8.59307e+08 -0.000160754
-8.61051e+08 -0.00016108
-8.62794e+08 -0.000161406
-8.64537e+08 -0.000161732
-8.6628e+08 -0.000162058
-8.68023e+08 -0.000162384
-8.69767e+08 -0.00016271
-8.7151e+08 -0.000163036
-8.73253e+08 -0.000163362
-8.74996e+08 -0.000163689
-8.7674e+08 -0.000164015
-8.78483e+08 -0.000164341
-8.80226e+08 -0.000164667
-8.81969e+08 -0.000164993
-8.83712e+08 -0.000165319
-8.85456e+08 -0.000165645
-8.87199e+08 -0.000165971
-8.88942e+08 -0.000166297
-8.90685e+08 -0.000166624
-8.92429e+08 -0.00016695
-8.94172e+08 -0.000167276
-8.95915e+08 -0.000167602
-8.97658e+08 -0.000167928
-8.99401e+08 -0.000168254
-9.01145e+08 -0.00016858
-9.02888e+08 -0.000168906
-9.04631e+08 -0.000169232
-9.06374e+08 -0.000169559
-9.08118e+08 -0.000169885
-9.09861e+08 -0.000170211
-9.11604e+08 -0.000170537
-9.13347e+08 -0.000170863
-9.15091e+08 -0.000171189
-9.16834e+08 -0.000171515
-9.18577e+08 -0.000171841
-9.2032e+08 -0.000172168
-9.22064e+08 -0.000172494
-9.23807e+08 -0.00017282
-9.2555e+08 -0.000173146
-9.27293e+08 -0.000173472
-9.29036e+08 -0.000173798
-9.3078e+08 -0.000174124
-9.32523e+08 -0.00017445
-9.34266e+08 -0.000174776
-9.36009e+08 -0.000175103
-9.37753e+08 -0.000175429
-9.39496e+08 -0.000175755
-9.41239e+08 -0.000176081
-9.42982e+08 -0.000176407
-9.44726e+08 -0.000176733
-9.46469e+08 -0.000177059
-9.48212e+08 -0.000177385
-9.49955e+08 -0.000177711
-9.51699e+08 -0.000178038
-9.53442e+08 -0.000178364
-9.55185e+08 -0.00017869
-9.56928e+08 -0.000179016
-9.58672e+08 -0.000179342
-9.60415e+08 -0.000179668
-9.62158e+08 -0.000179994
-9.63902e+08 -0.00018032
-9.65645e+08 -0.000180647
-9.67388e+08 -0.000180973
-9.69131e+08 -0.000181299
-9.70875e+08 -0.000181625
-9.72618e+08 -0.000181951
-9.74361e+08 -0.000182277
-9.76104e+08 -0.000182603
-9.77848e+08 -0.000182929
-9.79591e+08 -0.000183255
-9.81334e+08 -0.000183582
-9.83077e+08 -0.000183908
-9.84821e+08 -0.000184234
-9.86564e+08 -0.00018456
-9.88307e+08 -0.000184886
-9.9005e+08 -0.000185212
-9.91794e+08 -0.000185538
-9.93537e+08 -0.000185864
-9.9528e+08 -0.000186191
-9.97024e+08 -0.000186517
-9.98767e+08 -0.000186843
-1.00051e+09 -0.000187169
-1.00225e+09 -0.000187495
-1.004e+09 -0.000187821
-1.00574e+09 -0.000188147
-1.00748e+09 -0.000188473
-1.00923e+09 -0.0001888
-1.01097e+09 -0.000189126
-1.01271e+09 -0.000189452
-1.01446e+09 -0.000189778
-1.0162e+09 -0.000190104
-1.01794e+09 -0.00019043
-1.01969e+09 -0.000190756
-1.02143e+09 -0.000191082
-1.02317e+09 -0.000191408
-1.02492e+09 -0.000191735
-1.02666e+09 -0.000192061
-1.0284e+09 -0.000192387
-1.03015e+09 -0.000192713
-1.03189e+09 -0.000193039
-1.03363e+09 -0.000193365
-1.03538e+09 -0.000193691
-1.03712e+09 -0.000194017
-1.03886e+09 -0.000194344
-1.04061e+09 -0.00019467
-1.04235e+09 -0.000194996
-1.04409e+09 -0.000195322
-1.04584e+09 -0.000195648
-1.04758e+09 -0.000195974
-1.04932e+09 -0.0001963
-1.05107e+09 -0.000196626
-1.05281e+09 -0.000196953
-1.05455e+09 -0.000197279
-1.0563e+09 -0.000197605
-1.05804e+09 -0.000197931
-1.05978e+09 -0.000198257
-1.06153e+09 -0.000198583
-1.06327e+09 -0.000198909
-1.06501e+09 -0.000199235
-1.06676e+09 -0.000199562
-1.0685e+09 -0.000199888
-1.07024e+09 -0.000200214
-1.07199e+09 -0.00020054
-1.07373e+09 -0.000200866
-1.07547e+09 -0.000201192
-1.07722e+09 -0.000201518
-1.07896e+09 -0.000201844
-1.0807e+09 -0.000202171
-1.08244e+09 -0.000202497
-1.08419e+09 -0.000202823
-1.08593e+09 -0.000203149
-1.08767e+09 -0.000203475
-1.08942e+09 -0.000203801
-1.09116e+09 -0.000204127
-1.0929e+09 -0.000204453
-1.09465e+09 -0.00020478
-1.09639e+09 -0.000205106
-1.09813e+09 -0.000205432
-1.09988e+09 -0.000205758
-1.10162e+09 -0.000206084
-1.10336e+09 -0.00020641
-1.10511e+09 -0.000206736
-1.10685e+09 -0.000207063
-1.10859e+09 -0.000207389
-1.11034e+09 -0.000207715
-1.11208e+09 -0.000208041
-1.11382e+09 -0.000208367
-1.11557e+09 -0.000208693
-1.11731e+09 -0.000209019
-1.11905e+09 -0.000209345
-1.1208e+09 -0.000209672
-1.12254e+09 -0.000209998
-1.12428e+09 -0.000210324
-1.12603e+09 -0.00021065
-1.12777e+09 -0.000210976
-1.12951e+09 -0.000211302
-1.13126e+09 -0.000211628
-1.133e+09 -0.000211954
-1.13474e+09 -0.000212281
-1.13649e+09 -0.000212607
-1.13823e+09 -0.000212933
-1.13997e+09 -0.000213259
-1.14172e+09 -0.000213585
-1.14346e+09 -0.000213911
-1.1452e+09 -0.000214237
-1.14695e+09 -0.000214564
-1.14869e+09 -0.00021489
-1.15043e+09 -0.000215216
-1.15218e+09 -0.000215542
-1.15392e+09 -0.000215868
-1.15566e+09 -0.000216194
-1.15741e+09 -0.00021652
-1.15915e+09 -0.000216846
-1.16089e+09 -0.000217173
-1.16264e+09 -0.000217499
-1.16438e+09 -0.000217825
-1.16612e+09 -0.000218151
-1.16787e+09 -0.000218477
-1.16961e+09 -0.000218803
-1.17135e+09 -0.000219129
-1.1731e+09 -0.000219456
-1.17484e+09 -0.000219782
-1.17658e+09 -0.000220108
-1.17833e+09 -0.000220434
-1.18007e+09 -0.00022076
-1.18182e+09 -0.000221086
-1.18356e+09 -0.000221412
-1.1853e+09 -0.000221739
-1.18705e+09 -0.000222065
-1.18879e+09 -0.000222391
-1.19053e+09 -0.000222717
-1.19228e+09 -0.000223043
-1.19402e+09 -0.000223369
-1.19576e+09 -0.000223695
-1.19751e+09 -0.000224021
-1.19925e+09 -0.000224348
-1.20099e+09 -0.000224674
-1.20274e+09 -0.000225
-1.20448e+09 -0.000225326
-1.20622e+09 -0.000225652
-1.20797e+09 -0.000225978
-1.20971e+09 -0.000226304
-1.21145e+09 -0.000226631
-1.2132e+09 -0.000226957
-1.21494e+09 -0.000227283
-1.21668e+09 -0.000227609
-1.21843e+09 -0.000227935
-1.22017e+09 -0.000228261
-1.22191e+09 -0.000228587
-1.22366e+09 -0.000228914
-1.2254e+09 -0.00022924
-1.22714e+09 -0.000229566
-1.22889e+09 -0.000229892
-1.23063e+09 -0.000230218
-1.23237e+09 -0.000230544
-1.23412e+09 -0.00023087
-1.23586e+09 -0.000231197
-1.2376e+09 -0.000231523
-1.23935e+09 -0.000231849
-1.24109e+09 -0.000232175
-1.24283e+09 -0.000232501
-1.24458e+09 -0.000232827
-1.24632e+09 -0.000233153
-1.24806e+09 -0.00023348
-1.24981e+09 -0.000233806
-1.25155e+09 -0.000234132
-1.25329e+09 -0.000234458
-1.25504e+09 -0.000234784
-1.25678e+09 -0.00023511
-1.25852e+09 -0.000235436
-1.26027e+09 -0.000235763
-1.26201e+09 -0.000236089
-1.26375e+09 -0.000236415
-1.2655e+09 -0.000236741
-1.26724e+09 -0.000237067
-1.26898e+09 -0.000237393
-1.27073e+09 -0.000237719
-1.27247e+09 -0.000238046
-1.27421e+09 -0.000238372
-1.27596e+09 -0.000238698
-1.2777e+09 -0.000239024
-1.27944e+09 -0.00023935
-1.28119e+09 -0.000239676
-1.28293e+09 -0.000240002
-1.28467e+09 -0.000240329
-1.28642e+09 -0.000240655
-1.28816e+09 -0.000240981
-1.2899e+09 -0.000241307
-1.29165e+09 -0.000241633
-1.29339e+09 -0.000241959
-1.29513e+09 -0.000242285
-1.29688e+09 -0.000242612
-1.29862e+09 -0.000242938
-1.30037e+09 -0.000243264
-1.30211e+09 -0.00024359
-1.30385e+09 -0.000243916
-1.3056e+09 -0.000244242
-1.30734e+09 -0.000244568
-1.30908e+09 -0.000244895
-1.31083e+09 -0.000245221
-1.31257e+09 -0.000245547
-1.31431e+09 -0.000245873
-1.31606e+09 -0.000246199
-1.3178e+09 -0.000246525
-1.31954e+09 -0.000246851
-1.32129e+09 -0.000247178
-1.32303e+09 -0.000247504
-1.32477e+09 -0.00024783
-1.32652e+09 -0.000248156
-1.32826e+09 -0.000248482
-1.33e+09 -0.000248808
-1.33175e+09 -0.000249134
-1.33349e+09 -0.000249461
-1.33523e+09 -0.000249787
-1.33698e+09 -0.000250113
-1.33872e+09 -0.000250439
-1.34046e+09 -0.000250765
-1.34221e+09 -0.000251091
-1.34395e+09 -0.000251418
-1.34569e+09 -0.000251744
-1.34744e+09 -0.00025207
-1.34918e+09 -0.000252396
-1.35092e+09 -0.000252722
-1.35267e+09 -0.000253048
-1.35441e+09 -0.000253374
-1.35615e+09 -0.000253701
-1.3579e+09 -0.000254027
-1.35964e+09 -0.000254353
-1.36139e+09 -0.000254679
-1.36313e+09 -0.000255005
-1.36487e+09 -0.000255331
-1.36662e+09 -0.000255657
-1.36836e+09 -0.000255984
-1.3701e+09 -0.00025631
-1.37185e+09 -0.000256636
-1.37359e+09 -0.000256962
-1.37533e+09 -0.000257288
-1.37708e+09 -0.000257614
-1.37882e+09 -0.000257941
-1.38056e+09 -0.000258267
-1.38231e+09 -0.000258593
-1.38405e+09 -0.000258919
-1.38579e+09 -0.000259245
-1.38754e+09 -0.000259571
-1.38928e+09 -0.000259897
-1.39102e+09 -0.000260224
-1.39277e+09 -0.00026055
-1.39451e+09 -0.000260876
-1.39625e+09 -0.000261202
-1.398e+09 -0.000261528
-1.39974e+09 -0.000261854
-1.40148e+09 -0.000262181
-1.40323e+09 -0.000262507
-1.40497e+09 -0.000262833
-1.40671e+09 -0.000263159
-1.40846e+09 -0.000263485
-1.4102e+09 -0.000263811
-1.41195e+09 -0.000264137
-1.41369e+09 -0.000264464
-1.41543e+09 -0.00026479
-1.41718e+09 -0.000265116
-1.41892e+09 -0.000265442
-1.42066e+09 -0.000265768
-1.42241e+09 -0.000266094
-1.42415e+09 -0.000266421
-1.42589e+09 -0.000266747
-1.42764e+09 -0.000267073
-1.42938e+09 -0.000267399
-1.43112e+09 -0.000267725
-1.43287e+09 -0.000268051
-1.43461e+09 -0.000268377
-1.43635e+09 -0.000268704
-1.4381e+09 -0.00026903
-1.43984e+09 -0.000269356
-1.44158e+09 -0.000269682
-1.44333e+09 -0.000270008
-1.44507e+09 -0.000270334
-1.44681e+09 -0.000270661
-1.44856e+09 -0.000270987
-1.4503e+09 -0.000271313
-1.45204e+09 -0.000271639
-1.45379e+09 -0.000271965
-1.45553e+09 -0.000272291
-1.45728e+09 -0.000272618
-1.45902e+09 -0.000272944
-1.46076e+09 -0.00027327
-1.46251e+09 -0.000273596
-1.46425e+09 -0.000273922
-1.46599e+09 -0.000274248
-1.46774e+09 -0.000274575
-1.46948e+09 -0.000274901
-1.47122e+09 -0.000275227
-1.47297e+09 -0.000275553
-1.47471e+09 -0.000275879
-1.47645e+09 -0.000276205
-1.4782e+09 -0.000276531
-1.47994e+09 -0.000276858
-1.48168e+09 -0.000277184
-1.48343e+09 -0.00027751
-1.48517e+09 -0.000277836
-1.48691e+09 -0.000278162
-1.48866e+09 -0.000278488
-1.4904e+09 -0.000278815
-1.49208e+09 -0.000279128
-1.49363e+09 -0.000279418
-1.49517e+09 -0.000279708
-1.49672e+09 -0.000279997
-1.49827e+09 -0.000280287
-1.49982e+09 -0.000280577
-1.50137e+09 -0.000280867
-1.50292e+09 -0.000281157
-1.50391e+09 -0.000281342
-1.50399e+09 -0.000281358
-1.50408e+09 -0.000281373
-1.50416e+09 -0.000281388
-1.50424e+09 -0.000281403
-1.50432e+09 -0.000281418
-1.5044e+09 -0.000281433
-1.50448e+09 -0.000281448
-1.50456e+09 -0.000281464
-1.50464e+09 -0.000281479
-1.50472e+09 -0.000281494
-1.5048e+09 -0.000281509
-1.50489e+09 -0.000281524
-1.50497e+09 -0.000281539
-1.50505e+09 -0.000281555
-1.50513e+09 -0.00028157
-1.50521e+09 -0.000281585
-1.50529e+09 -0.0002816
-1.50537e+09 -0.000281615
-1.50545e+09 -0.00028163
-1.50553e+09 -0.000281645
-1.50561e+09 -0.000281661
-1.5057e+09 -0.000281676
-1.50578e+09 -0.000281691
-1.50586e+09 -0.000281706
-1.50594e+09 -0.000281721
-1.50602e+09 -0.000281736
-1.5061e+09 -0.000281752
-1.50618e+09 -0.000281767
-1.50626e+09 -0.000281782
-1.50634e+09 -0.000281797
-1.50642e+09 -0.000281812
-1.50651e+09 -0.000281827
-1.50659e+09 -0.000281842
-1.50667e+09 -0.000281858
-1.50675e+09 -0.000281873
-1.50683e+09 -0.000281888
-1.50691e+09 -0.000281903
-1.50699e+09 -0.000281918
-1.50707e+09 -0.000281933
-1.50715e+09 -0.000281949
-1.50723e+09 -0.000281964
-1.50732e+09 -0.000281979
-1.5074e+09 -0.000281994
-1.50748e+09 -0.000282009
-1.50756e+09 -0.000282024
-1.50764e+09 -0.000282039
-1.50772e+09 -0.000282055
-1.5078e+09 -0.00028207
-1.50788e+09 -0.000282085
-1.50796e+09 -0.0002821
-1.50804e+09 -0.000282115
-1.50813e+09 -0.00028213
-1.50821e+09 -0.000282145
-1.50829e+09 -0.000282161
-1.50837e+09 -0.000282176
-1.50845e+09 -0.000282191
-1.50853e+09 -0.000282206
-1.50861e+09 -0.000282221
-1.50869e+09 -0.000282236
-1.50877e+09 -0.000282252
-1.50885e+09 -0.000282267
-1.50894e+09 -0.000282282
-1.50902e+09 -0.000282297
-1.5091e+09 -0.000282312
-1.50918e+09 -0.000282327
-1.50926e+09 -0.000282342
-1.50934e+09 -0.000282358
-1.50942e+09 -0.000282373
-1.5095e+09 -0.000282388
-1.50958e+09 -0.000282403
-1.50966e+09 -0.000282418
-1.50975e+09 -0.000282433
-1.50983e+09 -0.000282449
-1.50991e+09 -0.000282464
-1.50999e+09 -0.000282479
-1.51007e+09 -0.000282494
-1.51015e+09 -0.000282509
-1.51023e+09 -0.000282524
-1.51031e+09 -0.000282539
-1.51039e+09 -0.000282555
-1.51047e+09 -0.00028257
-1.51056e+09 -0.000282585
-1.51064e+09 -0.0002826
-1.51072e+09 -0.000282615
-1.5108e+09 -0.00028263
-1.51088e+09 -0.000282646
-1.51096e+09 -0.000282661
-1.51104e+09 -0.000282676
-1.51112e+09 -0.000282691
-1.5112e+09 -0.000282706
-1.51128e+09 -0.000282721
-1.51137e+09 -0.000282736
-1.51145e+09 -0.000282752
-1.51153e+09 -0.000282767
-1.51161e+09 -0.000282782
-1.51169e+09 -0.000282797
-1.51177e+09 -0.000282812
-1.51185e+09 -0.000282827
-1.51193e+09 -0.000282842
-1.51201e+09 -0.000282858
-1.51209e+09 -0.000282873
-1.51218e+09 -0.000282888
-1.51226e+09 -0.000282903
-1.51234e+09 -0.000282918
-1.51242e+09 -0.000282933
-1.5125e+09 -0.000282949
-1.51258e+09 -0.000282964
-1.51266e+09 -0.000282979
-1.51274e+09 -0.000282994
-1.51282e+09 -0.000283009
-1.5129e+09 -0.000283024
-1.51299e+09 -0.000283039
-1.51307e+09 -0.000283055
-1.51315e+09 -0.00028307
-1.51323e+09 -0.000283085
-1.51331e+09 -0.0002831
-1.51339e+09 -0.000283115
-1.51347e+09 -0.00028313
-1.51355e+09 -0.000283145
-1.51363e+09 -0.000283161
-1.51371e+09 -0.000283176
-1.5138e+09 -0.000283191
-1.51388e+09 -0.000283206
-1.51396e+09 -0.000283221
-1.51404e+09 -0.000283236
-1.51412e+09 -0.000283252
-1.5142e+09 -0.000283267
-1.51428e+09 -0.000283282
-1.51436e+09 -0.000283297
-1.51444e+09 -0.000283312
-1.51452e+09 -0.000283327
-1.51461e+09 -0.000283342
-1.51469e+09 -0.000283358
-1.51477e+09 -0.000283373
-1.51485e+09 -0.000283388
-1.51493e+09 -0.000283403
-1.51501e+09 -0.000283418
-1.51509e+09 -0.000283433
-1.51517e+09 -0.000283448
-1.51525e+09 -0.000283464
-1.51533e+09 -0.000283479
-1.51541e+09 -0.000283494
-1.5155e+09 -0.000283509
-1.51558e+09 -0.000283524
-1.51566e+09 -0.000283539
-1.51574e+09 -0.000283555
-1.51582e+09 -0.00028357
-1.5159e+09 -0.000283585
-1.51598e+09 -0.0002836
-1.51606e+09 -0.000283615
-1.51614e+09 -0.00028363
-1.51622e+09 -0.000283645
-1.51631e+09 -0.000283661
-1.51639e+09 -0.000283676
-1.51647e+09 -0.000283691
-1.51655e+09 -0.000283706
-1.51663e+09 -0.000283721
-1.51671e+09 -0.000283736
-1.51679e+09 -0.000283751
-1.51687e+09 -0.000283767
-1.51695e+09 -0.000283782
-1.51703e+09 -0.000283797
-1.51712e+09 -0.000283812
-1.5172e+09 -0.000283827
-1.51728e+09 -0.000283842
-1.51736e+09 -0.000283858
-1.51744e+09 -0.000283873
-1.51752e+09 -0.000283888
-1.5176e+09 -0.000283903
-1.51768e+09 -0.000283918
-1.51776e+09 -0.000283933
-1.51784e+09 -0.000283948
-1.51793e+09 -0.000283964
-1.51801e+09 -0.000283979
-1.51809e+09 -0.000283994
-1.51817e+09 -0.000284009
-1.51825e+09 -0.000284024
-1.51833e+09 -0.000284039
-1.51841e+09 -0.000284054
-1.51849e+09 -0.00028407
-1.51857e+09 -0.000284085
-1.51865e+09 -0.0002841
-1.51873e+09 -0.000284115
-1.51882e+09 -0.00028413
-1.5189e+09 -0.000284145
-1.51898e+09 -0.00028416
-1.51906e+09 -0.000284176
-1.51914e+09 -0.000284191
-1.51922e+09 -0.000284206
-1.5193e+09 -0.000284221
-1.51938e+09 -0.000284236
-1.51946e+09 -0.000284251
-1.51954e+09 -0.000284266
-1.51963e+09 -0.000284282
-1.51971e+09 -0.000284297
-1.51979e+09 -0.000284312
-1.51987e+09 -0.000284327
-1.51995e+09 -0.000284342
-1.52003e+09 -0.000284357
-1.52011e+09 -0.000284373
-1.52019e+09 -0.000284388
-1.52027e+09 -0.000284403
-1.52035e+09 -0.000284418
-1.52044e+09 -0.000284433
-1.52052e+09 -0.000284448
-1.5206e+09 -0.000284463
-1.52068e+09 -0.000284479
-1.52076e+09 -0.000284494
-1.52084e+09 -0.000284509
-1.52092e+09 -0.000284524
-1.521e+09 -0.000284539
-1.52108e+09 -0.000284554
-1.52116e+09 -0.000284569
-1.52124e+09 -0.000284585
-1.52133e+09 -0.0002846
-1.52141e+09 -0.000284615
-1.52149e+09 -0.00028463
-1.52157e+09 -0.000284645
-1.52165e+09 -0.00028466
-1.52173e+09 -0.000284675
-1.52181e+09 -0.000284691
-1.52189e+09 -0.000284706
-1.52197e+09 -0.000284721
-1.52205e+09 -0.000284736
-1.52214e+09 -0.000284751
-1.52222e+09 -0.000284766
-1.5223e+09 -0.000284781
-1.52238e+09 -0.000284797
-1.52246e+09 -0.000284812
-1.52254e+09 -0.000284827
-1.52262e+09 -0.000284842
-1.5227e+09 -0.000284857
-1.52278e+09 -0.000284872
-1.52286e+09 -0.000284887
-1.52295e+09 -0.000284903
-1.52303e+09 -0.000284918
-1.52311e+09 -0.000284933
-1.52319e+09 -0.000284948
-1.52327e+09 -0.000284963
-1.52335e+09 -0.000284978
-1.52343e+09 -0.000284994
-1.52351e+09 -0.000285009
-1.52359e+09 -0.000285024
-1.52367e+09 -0.000285039
-1.52375e+09 -0.000285054
-1.52384e+09 -0.000285069
-1.52392e+09 -0.000285084
-1.524e+09 -0.0002851
-1.52408e+09 -0.000285115
-1.52416e+09 -0.00028513
-1.52424e+09 -0.000285145
-1.52432e+09 -0.00028516
-1.5244e+09 -0.000285175
-1.52448e+09 -0.00028519
-1.52456e+09 -0.000285206
-1.52465e+09 -0.000285221
-1.52473e+09 -0.000285236
-1.52481e+09 -0.000285251
-1.52489e+09 -0.000285266
-1.52497e+09 -0.000285281
-1.52505e+09 -0.000285296
-1.52513e+09 -0.000285312
-1.52521e+09 -0.000285327
-1.52529e+09 -0.000285342
-1.52537e+09 -0.000285357
-1.52545e+09 -0.000285372
-1.52554e+09 -0.000285387
-1.52562e+09 -0.000285402
-1.5257e+09 -0.000285418
-1.52578e+09 -0.000285433
-1.52586e+09 -0.000285448
-1.52594e+09 -0.000285463
-1.52602e+09 -0.000285478
-1.5261e+09 -0.000285493
-1.52618e+09 -0.000285508
-1.52626e+09 -0.000285524
-1.52635e+09 -0.000285539
-1.52643e+09 -0.000285554
-1.52651e+09 -0.000285569
-1.52659e+09 -0.000285584
-1.52667e+09 -0.000285599
-1.52675e+09 -0.000285614
-1.52683e+09 -0.00028563
-1.52691e+09 -0.000285645
-1.52699e+09 -0.00028566
-1.52707e+09 -0.000285675
-1.52715e+09 -0.00028569
-1.52724e+09 -0.000285705
-1.52732e+09 -0.00028572
-1.5274e+09 -0.000285736
-1.52748e+09 -0.000285751
-1.52756e+09 -0.000285766
-1.52764e+09 -0.000285781
-1.52772e+09 -0.000285796
-1.5278e+09 -0.000285811
-1.52788e+09 -0.000285826
-1.52796e+09 -0.000285842
-1.52805e+09 -0.000285857
-1.52813e+09 -0.000285872
-1.52821e+09 -0.000285887
-1.52829e+09 -0.000285902
-1.52837e+09 -0.000285917
-1.52845e+09 -0.000285932
-1.52853e+09 -0.000285948
-1.52861e+09 -0.000285963
-1.52869e+09 -0.000285978
-1.52877e+09 -0.000285993
-1.52885e+09 -0.000286008
-1.52894e+09 -0.000286023
-1.52902e+09 -0.000286038
-1.5291e+09 -0.000286054
-1.52918e+09 -0.000286069
-1.52926e+09 -0.000286084
-1.52934e+09 -0.000286099
-1.52942e+09 -0.000286114
-1.5295e+09 -0.000286129
-1.52958e+09 -0.000286144
-1.52966e+09 -0.00028616
-1.52975e+09 -0.000286175
-1.52983e+09 -0.00028619
-1.52991e+09 -0.000286205
-1.52999e+09 -0.00028622
-1.53007e+09 -0.000286235
-1.53015e+09 -0.00028625
-1.53023e+09 -0.000286266
-1.53031e+09 -0.000286281
-1.53039e+09 -0.000286296
-1.53047e+09 -0.000286311
-1.53055e+09 -0.000286326
-1.53064e+09 -0.000286341
-1.53072e+09 -0.000286356
-1.5308e+09 -0.000286372
-1.53088e+09 -0.000286387
-1.53096e+09 -0.000286402
-1.53104e+09 -0.000286417
-1.53112e+09 -0.000286432
-1.5312e+09 -0.000286447
-1.53128e+09 -0.000286462
-1.53136e+09 -0.000286478
-1.53145e+09 -0.000286493
-1.53153e+09 -0.000286508
-1.53161e+09 -0.000286523
-1.53169e+09 -0.000286538
-1.53177e+09 -0.000286553
-1.53185e+09 -0.000286568
-1.53193e+09 -0.000286584
-1.53201e+09 -0.000286599
-1.53209e+09 -0.000286614
-1.53217e+09 -0.000286629
-1.53225e+09 -0.000286644
-1.53234e+09 -0.000286659
-1.53242e+09 -0.000286674
-1.5325e+09 -0.00028669
-1.53258e+09 -0.000286705
-1.53266e+09 -0.00028672
-1.53274e+09 -0.000286735
-1.53282e+09 -0.00028675
-1.5329e+09 -0.000286765
-1.53298e+09 -0.00028678
-1.53306e+09 -0.000286796
-1.53314e+09 -0.000286811
-1.53323e+09 -0.000286826
-1.53331e+09 -0.000286841
-1.53339e+09 -0.000286856
-1.53347e+09 -0.000286871
-1.53355e+09 -0.000286886
-1.53363e+09 -0.000286902
-1.53371e+09 -0.000286917
-1.53379e+09 -0.000286932
-1.53387e+09 -0.000286947
-1.53395e+09 -0.000286962
-1.53404e+09 -0.000286977
-1.53412e+09 -0.000286992
-1.5342e+09 -0.000287008
-1.53428e+09 -0.000287023
-1.53436e+09 -0.000287038
-1.53444e+09 -0.000287053
-1.53452e+09 -0.000287068
-1.5346e+09 -0.000287083
-1.53468e+09 -0.000287098
-1.53476e+09 -0.000287114
-1.53484e+09 -0.000287129
-1.53493e+09 -0.000287144
-1.53501e+09 -0.000287159
-1.53509e+09 -0.000287174
-1.53517e+09 -0.000287189
-1.53525e+09 -0.000287204
-1.53533e+09 -0.00028722
-1.53541e+09 -0.000287235
-1.53549e+09 -0.00028725
-1.53557e+09 -0.000287265
-1.53565e+09 -0.00028728
-1.53573e+09 -0.000287295
-1.53582e+09 -0.00028731
-1.5359e+09 -0.000287325
-1.53598e+09 -0.000287341
-1.53606e+09 -0.000287356
-1.53614e+09 -0.000287371
-1.53622e+09 -0.000287386
-1.5363e+09 -0.000287401
-1.53638e+09 -0.000287416
-1.53646e+09 -0.000287431
-1.53654e+09 -0.000287447
-1.53662e+09 -0.000287462
-1.53671e+09 -0.000287477
-1.53679e+09 -0.000287492
-1.53687e+09 -0.000287507
-1.53695e+09 -0.000287522
-1.53703e+09 -0.000287537
-1.53711e+09 -0.000287553
-1.53719e+09 -0.000287568
-1.53727e+09 -0.000287583
-1.53735e+09 -0.000287598
-1.53743e+09 -0.000287613
-1.53752e+09 -0.000287628
-1.5376e+09 -0.000287643
-1.53768e+09 -0.000287659
-1.53776e+09 -0.000287674
-1.53784e+09 -0.000287689
-1.53792e+09 -0.000287704
-1.538e+09 -0.000287719
-1.53808e+09 -0.000287734
-1.53816e+09 -0.000287749
-1.53824e+09 -0.000287765
-1.53832e+09 -0.00028778
-1.53841e+09 -0.000287795
-1.53849e+09 -0.00028781
-1.53857e+09 -0.000287825
-1.53865e+09 -0.00028784
-1.53873e+09 -0.000287855
-1.53881e+09 -0.00028787
-1.53889e+09 -0.000287886
-1.53897e+09 -0.000287901
-1.53905e+09 -0.000287916
-1.53913e+09 -0.000287931
-1.53921e+09 -0.000287946
-1.5393e+09 -0.000287961
-1.53938e+09 -0.000287976
-1.53946e+09 -0.000287992
-1.53954e+09 -0.000288007
-1.53962e+09 -0.000288022
-1.5397e+09 -0.000288037
-1.53978e+09 -0.000288052
-1.53986e+09 -0.000288067
-1.53994e+09 -0.000288082
-1.54002e+09 -0.000288098
-1.5401e+09 -0.000288113
-1.54019e+09 -0.000288128
-1.54027e+09 -0.000288143
-1.54035e+09 -0.000288158
-1.54043e+09 -0.000288173
-1.54051e+09 -0.000288188
-1.54059e+09 -0.000288204
-1.54067e+09 -0.000288219
-1.54075e+09 -0.000288234
-1.54083e+09 -0.000288249
-1.54091e+09 -0.000288264
-1.54099e+09 -0.000288279
-1.54108e+09 -0.000288294
-1.54116e+09 -0.000288309
-1.54124e+09 -0.000288325
-1.54132e+09 -0.00028834
-1.5414e+09 -0.000288355
-1.54148e+09 -0.00028837
-1.54156e+09 -0.000288385
-1.54164e+09 -0.0002884
-1.54172e+09 -0.000288415
-1.5418e+09 -0.000288431
-1.54188e+09 -0.000288446
-1.54197e+09 -0.000288461
-1.54205e+09 -0.000288476
-1.54213e+09 -0.000288491
-1.54221e+09 -0.000288506
-1.54229e+09 -0.000288521
-1.54237e+09 -0.000288537
-1.54245e+09 -0.000288552
-1.54253e+09 -0.000288567
-1.54261e+09 -0.000288582
-1.54269e+09 -0.000288597
-1.54277e+09 -0.000288612
-1.54286e+09 -0.000288627
-1.54294e+09 -0.000288643
-1.54302e+09 -0.000288658
-1.5431e+09 -0.000288673
-1.54318e+09 -0.000288688
-1.54326e+09 -0.000288703
-1.54334e+09 -0.000288718
-1.54342e+09 -0.000288733
-1.5435e+09 -0.000288748
-1.54358e+09 -0.000288764
-1.54366e+09 -0.000288779
-1.54375e+09 -0.000288794
-1.54383e+09 -0.000288809
-1.54391e+09 -0.000288824
-1.54399e+09 -0.000288839
-1.54407e+09 -0.000288854
-1.54415e+09 -0.00028887
-1.54423e+09 -0.000288885
-1.54431e+09 -0.0002889
-1.54439e+09 -0.000288915
-1.54447e+09 -0.00028893
-1.54455e+09 -0.000288945
-1.54464e+09 -0.00028896
-1.54472e+09 -0.000288975
-1.5448e+09 -0.000288991
-1.54488e+09 -0.000289006
-1.54496e+09 -0.000289021
-1.54504e+09 -0.000289036
-1.54512e+09 -0.000289051
-1.5452e+09 -0.000289066
-1.54528e+09 -0.000289081
-1.54536e+09 -0.000289097
-1.54544e+09 -0.000289112
-1.54553e+09 -0.000289127
-1.54561e+09 -0.000289142
-1.54569e+09 -0.000289157
-1.54577e+09 -0.000289172
-1.54585e+09 -0.000289187
-1.54593e+09 -0.000289203
-1.54601e+09 -0.000289218
-1.54609e+09 -0.000289233
-1.54617e+09 -0.000289248
-1.54625e+09 -0.000289263
-1.54633e+09 -0.000289278
-1.54642e+09 -0.000289293
-1.5465e+09 -0.000289308
-1.54658e+09 -0.000289324
-1.54666e+09 -0.000289339
-1.54674e+09 -0.000289354
-1.54682e+09 -0.000289369
-1.5469e+09 -0.000289384
-1.54698e+09 -0.000289399
-1.54706e+09 -0.000289414
-1.54714e+09 -0.00028943
-1.54722e+09 -0.000289445
-1.54731e+09 -0.00028946
-1.54739e+09 -0.000289475
-1.54747e+09 -0.00028949
-1.54755e+09 -0.000289505
-1.54763e+09 -0.00028952
-1.54771e+09 -0.000289535
-1.54779e+09 -0.000289551
-1.54787e+09 -0.000289566
-1.54795e+09 -0.000289581
-1.54803e+09 -0.000289596
-1.54811e+09 -0.000289611
-1.5482e+09 -0.000289626
-1.54828e+09 -0.000289641
-1.54836e+09 -0.000289657
-1.54844e+09 -0.000289672
-1.54852e+09 -0.000289687
-1.5486e+09 -0.000289702
-1.54868e+09 -0.000289717
-1.54876e+09 -0.000289732
-1.54884e+09 -0.000289747
-1.54892e+09 -0.000289763
-1.549e+09 -0.000289778
-1.54909e+09 -0.000289793
-1.54917e+09 -0.000289808
-1.54925e+09 -0.000289823
-1.54933e+09 -0.000289838
-1.54941e+09 -0.000289853
-1.54949e+09 -0.000289868
-1.54957e+09 -0.000289884
-1.54965e+09 -0.000289899
-1.54973e+09 -0.000289914
-1.54981e+09 -0.000289929
-1.54989e+09 -0.000289944
-1.54998e+09 -0.000289959
-1.55006e+09 -0.000289974
-1.55014e+09 -0.00028999
-1.55022e+09 -0.000290005
-1.5503e+09 -0.00029002
-1.55038e+09 -0.000290035
-1.55046e+09 -0.00029005
-1.55054e+09 -0.000290065
-1.55062e+09 -0.00029008
-1.5507e+09 -0.000290095
-1.55078e+09 -0.000290111
-1.55087e+09 -0.000290126
-1.55095e+09 -0.000290141
-1.55103e+09 -0.000290156
-1.55111e+09 -0.000290171
-1.55119e+09 -0.000290186
-1.55127e+09 -0.000290201
-1.55135e+09 -0.000290217
-1.55143e+09 -0.000290232
-1.55151e+09 -0.000290247
-1.55159e+09 -0.000290262
-1.55167e+09 -0.000290277
-1.55175e+09 -0.000290292
-1.55184e+09 -0.000290307
-1.55192e+09 -0.000290322
-1.552e+09 -0.000290338
-1.55208e+09 -0.000290353
-1.55216e+09 -0.000290368
-1.55224e+09 -0.000290383
-1.55232e+09 -0.000290398
-1.5524e+09 -0.000290413
-1.55248e+09 -0.000290428
-1.55256e+09 -0.000290443
-1.55264e+09 -0.000290459
-1.55273e+09 -0.000290474
-1.55281e+09 -0.000290489
-1.55289e+09 -0.000290504
-1.55297e+09 -0.000290519
-1.55305e+09 -0.000290534
-1.55313e+09 -0.000290549
-1.55321e+09 -0.000290565
-1.55329e+09 -0.00029058
-1.55337e+09 -0.000290595
-1.55345e+09 -0.00029061
-1.55353e+09 -0.000290625
-1.55362e+09 -0.00029064
-1.5537e+09 -0.000290655
-1.55378e+09 -0.00029067
-1.55386e+09 -0.000290686
-1.55394e+09 -0.000290701
-1.55402e+09 -0.000290716
-1.5541e+09 -0.000290731
-1.55418e+09 -0.000290746
-1.55426e+09 -0.000290761
-1.55434e+09 -0.000290776
-1.55442e+09 -0.000290792
-1.55451e+09 -0.000290807
-1.55459e+09 -0.000290822
-1.55467e+09 -0.000290837
-1.55475e+09 -0.000290852
-1.55483e+09 -0.000290867
-1.55491e+09 -0.000290882
-1.55499e+09 -0.000290897
-1.55507e+09 -0.000290913
-1.55515e+09 -0.000290928
-1.55523e+09 -0.000290943
-1.55531e+09 -0.000290958
-1.55539e+09 -0.000290973
-1.55548e+09 -0.000290988
-1.55556e+09 -0.000291003
-1.55564e+09 -0.000291018
-1.55572e+09 -0.000291034
-1.5558e+09 -0.000291049
-1.55588e+09 -0.000291064
-1.55596e+09 -0.000291079
-1.55604e+09 -0.000291094
-1.55612e+09 -0.000291109
-1.5562e+09 -0.000291124
-1.55628e+09 -0.00029114
-1.55637e+09 -0.000291155
-1.55645e+09 -0.00029117
-1.55653e+09 -0.000291185
-1.55661e+09 -0.0002912
-1.55669e+09 -0.000291215
-1.55677e+09 -0.00029123
-1.55685e+09 -0.000291245
-1.55693e+09 -0.000291261
-1.55701e+09 -0.000291276
-1.55709e+09 -0.000291291
-1.55717e+09 -0.000291306
-1.55725e+09 -0.000291321
-1.55734e+09 -0.000291336
-1.55742e+09 -0.000291351
-1.5575e+09 -0.000291366
-1.55758e+09 -0.000291382
-1.55766e+09 -0.000291397
-1.55774e+09 -0.000291412
-1.55782e+09 -0.000291427
-1.5579e+09 -0.000291442
-1.55798e+09 -0.000291457
-1.55806e+09 -0.000291472
-1.55814e+09 -0.000291488
-1.55823e+09 -0.000291503
-1.55831e+09 -0.000291518
-1.55839e+09 -0.000291533
-1.55847e+09 -0.000291548
-1.55855e+09 -0.000291563
-1.55863e+09 -0.000291578
-1.55871e+09 -0.000291593
-1.55879e+09 -0.000291609
-1.55887e+09 -0.000291624
-1.55895e+09 -0.000291639
-1.55903e+09 -0.000291654
-1.55912e+09 -0.000291669
-1.5592e+09 -0.000291684
-1.55928e+09 -0.000291699
-1.55936e+09 -0.000291714
-1.55944e+09 -0.00029173
-1.55952e+09 -0.000291745
-1.5596e+09 -0.00029176
-1.55968e+09 -0.000291775
-1.55976e+09 -0.00029179
-1.55984e+09 -0.000291805
-1.55992e+09 -0.00029182
-1.56e+09 -0.000291835
-1.56009e+09 -0.000291851
-1.56017e+09 -0.000291866
-1.56025e+09 -0.000291881
-1.56033e+09 -0.000291896
-1.56041e+09 -0.000291911
-1.56049e+09 -0.000291926
-1.56057e+09 -0.000291941
-1.56065e+09 -0.000291957
-1.56073e+09 -0.000291972
-1.56081e+09 -0.000291987
-1.56089e+09 -0.000292002
-1.56098e+09 -0.000292017
-1.56106e+09 -0.000292032
-1.56114e+09 -0.000292047
-1.56122e+09 -0.000292062
-1.5613e+09 -0.000292078
-1.56138e+09 -0.000292093
-1.56146e+09 -0.000292108
-1.56154e+09 -0.000292123
-1.56162e+09 -0.000292138
-1.5617e+09 -0.000292153
-1.56178e+09 -0.000292168
-1.56186e+09 -0.000292183
-1.56195e+09 -0.000292199
-1.56203e+09 -0.000292214
-1.56211e+09 -0.000292229
-1.56219e+09 -0.000292244
-1.56227e+09 -0.000292259
-1.56235e+09 -0.000292274
-1.56243e+09 -0.000292289
-1.56251e+09 -0.000292304
-1.56259e+09 -0.00029232
-1.56267e+09 -0.000292335
-1.56275e+09 -0.00029235
-1.56283e+09 -0.000292365
-1.56292e+09 -0.00029238
-1.563e+09 -0.000292395
-1.56308e+09 -0.00029241
-1.56316e+09 -0.000292425
-1.56324e+09 -0.000292441
-1.56332e+09 -0.000292456
-1.5634e+09 -0.000292471
-1.56348e+09 -0.000292486
-1.56356e+09 -0.000292501
-1.56364e+09 -0.000292516
-1.56372e+09 -0.000292531
-1.56381e+09 -0.000292546
-1.56389e+09 -0.000292562
-1.56397e+09 -0.000292577
-1.56405e+09 -0.000292592
-1.56413e+09 -0.000292607
-1.56421e+09 -0.000292622
-1.56429e+09 -0.000292637
-1.56437e+09 -0.000292652
-1.56445e+09 -0.000292667
-1.56453e+09 -0.000292683
-1.56461e+09 -0.000292698
-1.56469e+09 -0.000292713
-1.56478e+09 -0.000292728
-1.56486e+09 -0.000292743
-1.56494e+09 -0.000292758
-1.56502e+09 -0.000292773
-1.5651e+09 -0.000292789
-1.56518e+09 -0.000292804
-1.56526e+09 -0.000292819
-1.56534e+09 -0.000292834
-1.56542e+09 -0.000292849
-1.5655e+09 -0.000292864
-1.56558e+09 -0.000292879
-1.56567e+09 -0.000292894
-1.56575e+09 -0.00029291
-1.56583e+09 -0.000292925
-1.56591e+09 -0.00029294
-1.56599e+09 -0.000292955
-1.56607e+09 -0.00029297
-1.56615e+09 -0.000292985
-1.56623e+09 -0.000293
-1.56631e+09 -0.000293015
-1.56639e+09 -0.000293031
-1.56647e+09 -0.000293046
-1.56655e+09 -0.000293061
-1.56664e+09 -0.000293076
-1.56672e+09 -0.000293091
-1.5668e+09 -0.000293106
-1.56688e+09 -0.000293121
-1.56696e+09 -0.000293136
-1.56704e+09 -0.000293152
-1.56712e+09 -0.000293167
-1.5672e+09 -0.000293182
-1.56728e+09 -0.000293197
-1.56736e+09 -0.000293212
-1.56744e+09 -0.000293227
-1.56752e+09 -0.000293242
-1.56761e+09 -0.000293257
-1.56769e+09 -0.000293273
-1.56777e+09 -0.000293288
-1.56785e+09 -0.000293303
-1.56793e+09 -0.000293318
-1.56801e+09 -0.000293333
-1.56809e+09 -0.000293348
-1.56817e+09 -0.000293363
-1.56825e+09 -0.000293378
-1.56833e+09 -0.000293394
-1.56841e+09 -0.000293409
-1.56849e+09 -0.000293424
-1.56858e+09 -0.000293439
-1.56866e+09 -0.000293454
-1.56874e+09 -0.000293469
-1.56882e+09 -0.000293484
-1.5689e+09 -0.000293499
-1.56898e+09 -0.000293515
-1.56906e+09 -0.00029353
-1.56914e+09 -0.000293545
-1.56922e+09 -0.00029356
-1.5693e+09 -0.000293575
-1.56938e+09 -0.00029359
-1.56947e+09 -0.000293605
-1.56955e+09 -0.00029362
-1.56963e+09 -0.000293636
-1.56971e+09 -0.000293651
-1.56979e+09 -0.000293666
-1.56987e+09 -0.000293681
-1.56995e+09 -0.000293696
-1.57003e+09 -0.000293711
-1.57011e+09 -0.000293726
-1.57019e+09 -0.000293741
-1.57027e+09 -0.000293757
-1.57035e+09 -0.000293772
-1.57044e+09 -0.000293787
-1.57052e+09 -0.000293802
-1.5706e+09 -0.000293817
-1.57068e+09 -0.000293832
-1.57076e+09 -0.000293847
-1.57084e+09 -0.000293862
-1.57092e+09 -0.000293878
-1.571e+09 -0.000293893
-1.57108e+09 -0.000293908
-1.57116e+09 -0.000293923
-1.57124e+09 -0.000293938
-1.57132e+09 -0.000293953
-1.57141e+09 -0.000293968
-1.57149e+09 -0.000293983
-1.57157e+09 -0.000293998
-1.57165e+09 -0.000294014
-1.57173e+09 -0.000294029
-1.57181e+09 -0.000294044
-1.57189e+09 -0.000294059
-1.57197e+09 -0.000294074
-1.57205e+09 -0.000294089
-1.57213e+09 -0.000294104
-1.57221e+09 -0.000294119
-1.57229e+09 -0.000294135
-1.57238e+09 -0.00029415
-1.57246e+09 -0.000294165
-1.57254e+09 -0.00029418
-1.57262e+09 -0.000294195
-1.5727e+09 -0.00029421
-1.57278e+09 -0.000294225
-1.57286e+09 -0.00029424
-1.57294e+09 -0.000294256
-1.57302e+09 -0.000294271
-1.5731e+09 -0.000294286
-1.57318e+09 -0.000294301
-1.57326e+09 -0.000294316
-1.57335e+09 -0.000294331
-1.57343e+09 -0.000294346
-1.57351e+09 -0.000294361
-1.57359e+09 -0.000294377
-1.57367e+09 -0.000294392
-1.57375e+09 -0.000294407
-1.57383e+09 -0.000294422
-1.57391e+09 -0.000294437
-1.57399e+09 -0.000294452
-1.57407e+09 -0.000294467
-1.57415e+09 -0.000294482
-1.57423e+09 -0.000294498
-1.57432e+09 -0.000294513
-1.5744e+09 -0.000294528
-1.57448e+09 -0.000294543
-1.57456e+09 -0.000294558
-1.57464e+09 -0.000294573
-1.57472e+09 -0.000294588
-1.5748e+09 -0.000294603
-1.57488e+09 -0.000294619
-1.57496e+09 -0.000294634
-1.57504e+09 -0.000294649
-1.57512e+09 -0.000294664
-1.5752e+09 -0.000294679
-1.57529e+09 -0.000294694
-1.57537e+09 -0.000294709
-1.57545e+09 -0.000294724
-1.57553e+09 -0.000294739
-1.57561e+09 -0.000294755
-1.57569e+09 -0.00029477
-1.57577e+09 -0.000294785
-1.57585e+09 -0.0002948
-1.57593e+09 -0.000294815
-1.57601e+09 -0.00029483
-1.57609e+09 -0.000294845
-1.57617e+09 -0.00029486
-1.57626e+09 -0.000294876
-1.57634e+09 -0.000294891
-1.57642e+09 -0.000294906
-1.5765e+09 -0.000294921
-1.57658e+09 -0.000294936
-1.57666e+09 -0.000294951
-1.57674e+09 -0.000294966
-1.57682e+09 -0.000294981
-1.5769e+09 -0.000294997
-1.57698e+09 -0.000295012
-1.57706e+09 -0.000295027
-1.57714e+09 -0.000295042
-1.57723e+09 -0.000295057
-1.57731e+09 -0.000295072
-1.57739e+09 -0.000295087
-1.57747e+09 -0.000295102
-1.57755e+09 -0.000295118
-1.57763e+09 -0.000295133
-1.57771e+09 -0.000295148
-1.57779e+09 -0.000295163
-1.57787e+09 -0.000295178
-1.57795e+09 -0.000295193
-1.57803e+09 -0.000295208
-1.57811e+09 -0.000295223
-1.5782e+09 -0.000295238
-1.57828e+09 -0.000295254
-1.57836e+09 -0.000295269
-1.57844e+09 -0.000295284
-1.57852e+09 -0.000295299
-1.5786e+09 -0.000295314
-1.57868e+09 -0.000295329
-1.57876e+09 -0.000295344
-1.57884e+09 -0.000295359
-1.57892e+09 -0.000295375
-1.579e+09 -0.00029539
-1.57908e+09 -0.000295405
-1.57917e+09 -0.00029542
-1.57925e+09 -0.000295435
-1.57933e+09 -0.00029545
-1.57941e+09 -0.000295465
-1.57949e+09 -0.00029548
-1.57957e+09 -0.000295496
-1.57965e+09 -0.000295511
-1.57973e+09 -0.000295526
-1.57981e+09 -0.000295541
-1.57989e+09 -0.000295556
-1.57997e+09 -0.000295571
-1.58005e+09 -0.000295586
-1.58014e+09 -0.000295601
-1.58022e+09 -0.000295616
-1.5803e+09 -0.000295632
-1.58038e+09 -0.000295647
-1.58046e+09 -0.000295662
-1.58054e+09 -0.000295677
-1.58062e+09 -0.000295692
-1.5807e+09 -0.000295707
-1.58078e+09 -0.000295722
-1.58086e+09 -0.000295737
-1.58094e+09 -0.000295753
-1.58102e+09 -0.000295768
-1.5811e+09 -0.000295783
-1.58119e+09 -0.000295798
-1.58127e+09 -0.000295813
-1.58135e+09 -0.000295828
-1.58143e+09 -0.000295843
-1.58151e+09 -0.000295858
-1.58159e+09 -0.000295873
-1.58167e+09 -0.000295889
-1.58175e+09 -0.000295904
-1.58183e+09 -0.000295919
-1.58191e+09 -0.000295934
-1.58199e+09 -0.000295949
-1.58207e+09 -0.000295964
-1.58216e+09 -0.000295979
-1.58224e+09 -0.000295994
-1.58232e+09 -0.00029601
-1.5824e+09 -0.000296025
-1.58248e+09 -0.00029604
-1.58256e+09 -0.000296055
-1.58264e+09 -0.00029607
-1.58272e+09 -0.000296085
-1.5828e+09 -0.0002961
-1.58288e+09 -0.000296115
-1.58296e+09 -0.00029613
-1.58304e+09 -0.000296146
-1.58313e+09 -0.000296161
-1.58321e+09 -0.000296176
-1.58329e+09 -0.000296191
-1.58337e+09 -0.000296206
-1.58345e+09 -0.000296221
-1.58353e+09 -0.000296236
-1.58361e+09 -0.000296251
-1.58369e+09 -0.000296267
-1.58377e+09 -0.000296282
-1.58385e+09 -0.000296297
-1.58393e+09 -0.000296312
-1.58401e+09 -0.000296327
-1.5841e+09 -0.000296342
-1.58418e+09 -0.000296357
-1.58426e+09 -0.000296372
-1.58434e+09 -0.000296387
-1.58442e+09 -0.000296403
-1.5845e+09 -0.000296418
-1.58458e+09 -0.000296433
-1.58466e+09 -0.000296448
-1.58474e+09 -0.000296463
-1.58482e+09 -0.000296478
-1.5849e+09 -0.000296493
-1.58498e+09 -0.000296508
-1.58506e+09 -0.000296524
-1.58515e+09 -0.000296539
-1.58523e+09 -0.000296554
-1.58531e+09 -0.000296569
-1.58539e+09 -0.000296584
-1.58547e+09 -0.000296599
-1.58555e+09 -0.000296614
-1.58563e+09 -0.000296629
-1.58571e+09 -0.000296644
-1.58579e+09 -0.00029666
-1.58587e+09 -0.000296675
-1.58595e+09 -0.00029669
-1.58603e+09 -0.000296705
-1.58612e+09 -0.00029672
-1.5862e+09 -0.000296735
-1.58628e+09 -0.00029675
-1.58636e+09 -0.000296765
-1.58644e+09 -0.000296781
-1.58652e+09 -0.000296796
-1.5866e+09 -0.000296811
-1.58668e+09 -0.000296826
-1.58676e+09 -0.000296841
-1.58684e+09 -0.000296856
-1.58692e+09 -0.000296871
-1.587e+09 -0.000296886
-1.58708e+09 -0.000296901
-1.58717e+09 -0.000296917
-1.58725e+09 -0.000296932
-1.58733e+09 -0.000296947
-1.58741e+09 -0.000296962
-1.58749e+09 -0.000296977
-1.58757e+09 -0.000296992
-1.58765e+09 -0.000297007
-1.58773e+09 -0.000297022
-1.58781e+09 -0.000297038
-1.58789e+09 -0.000297053
-1.58797e+09 -0.000297068
-1.58805e+09 -0.000297083
-1.58814e+09 -0.000297098
-1.58822e+09 -0.000297113
-1.5883e+09 -0.000297128
-1.58838e+09 -0.000297143
-1.58846e+09 -0.000297158
-1.58854e+09 -0.000297174
-1.58862e+09 -0.000297189
-1.5887e+09 -0.000297204
-1.58878e+09 -0.000297219
-1.58886e+09 -0.000297234
-1.58894e+09 -0.000297249
-1.58902e+09 -0.000297264
-1.5891e+09 -0.000297279
-1.58919e+09 -0.000297294
-1.58927e+09 -0.00029731
-1.58935e+09 -0.000297325
-1.58943e+09 -0.00029734
-1.58951e+09 -0.000297355
-1.58959e+09 -0.00029737
-1.58967e+09 -0.000297385
-1.58975e+09 -0.0002974
-1.58983e+09 -0.000297415
-1.58991e+09 -0.000297431
-1.58999e+09 -0.000297446
-1.59007e+09 -0.000297461
-1.59016e+09 -0.000297476
-1.59024e+09 -0.000297491
-1.59032e+09 -0.000297506
-1.5904e+09 -0.000297521
-1.59048e+09 -0.000297536
-1.59056e+09 -0.000297551
-1.59064e+09 -0.000297567
-1.59072e+09 -0.000297582
-1.5908e+09 -0.000297597
-1.59088e+09 -0.000297612
-1.59096e+09 -0.000297627
-1.59104e+09 -0.000297642
-1.59112e+09 -0.000297657
-1.59121e+09 -0.000297672
-1.59129e+09 -0.000297687
-1.59137e+09 -0.000297703
-1.59145e+09 -0.000297718
-1.59153e+09 -0.000297733
-1.59161e+09 -0.000297748
-1.59169e+09 -0.000297763
-1.59177e+09 -0.000297778
-1.59185e+09 -0.000297793
-1.59193e+09 -0.000297808
-1.59201e+09 -0.000297823
-1.59209e+09 -0.000297839
-1.59218e+09 -0.000297854
-1.59226e+09 -0.000297869
-1.59234e+09 -0.000297884
-1.59242e+09 -0.000297899
-1.5925e+09 -0.000297914
-1.59258e+09 -0.000297929
-1.59266e+09 -0.000297944
-1.59274e+09 -0.000297959
-1.59282e+09 -0.000297975
-1.5929e+09 -0.00029799
-1.59298e+09 -0.000298005
-1.59306e+09 -0.00029802
-1.59314e+09 -0.000298035
-1.59323e+09 -0.00029805
-1.59331e+09 -0.000298065
-1.59339e+09 -0.00029808
-1.59347e+09 -0.000298096
-1.59355e+09 -0.000298111
-1.59363e+09 -0.000298126
-1.59371e+09 -0.000298141
-1.59379e+09 -0.000298156
-1.59387e+09 -0.000298171
-1.59395e+09 -0.000298186
-1.59403e+09 -0.000298201
-1.59411e+09 -0.000298216
-1.59419e+09 -0.000298232
-1.59428e+09 -0.000298247
-1.59425e+09 -0.000298242
-1.59395e+09 -0.000298186
-1.59366e+09 -0.000298131
-1.59336e+09 -0.000298075
-1.59306e+09 -0.00029802
-1.59276e+09 -0.000297964
-1.59247e+09 -0.000297908
-1.59217e+09 -0.000297853
-1.59187e+09 -0.000297797
-1.59157e+09 -0.000297741
-1.59128e+09 -0.000297686
-1.59098e+09 -0.00029763
-1.59068e+09 -0.000297574
-1.59038e+09 -0.000297519
-1.59009e+09 -0.000297463
-1.58979e+09 -0.000297407
-1.58949e+09 -0.000297352
-1.58919e+09 -0.000297296
-1.5889e+09 -0.00029724
-1.5886e+09 -0.000297185
-1.5883e+09 -0.000297129
-1.588e+09 -0.000297073
-1.58771e+09 -0.000297018
-1.58741e+09 -0.000296962
-1.58711e+09 -0.000296906
-1.58681e+09 -0.000296851
-1.58652e+09 -0.000296795
-1.58622e+09 -0.000296739
-1.58592e+09 -0.000296684
-1.58562e+09 -0.000296628
-1.58533e+09 -0.000296573
-1.58503e+09 -0.000296517
-1.58473e+09 -0.000296461
-1.58443e+09 -0.000296406
-1.58414e+09 -0.00029635
-1.58384e+09 -0.000296294
-1.58354e+09 -0.000296239
-1.58324e+09 -0.000296183
-1.58295e+09 -0.000296127
-1.58265e+09 -0.000296072
-1.58235e+09 -0.000296016
-1.58205e+09 -0.00029596
-1.58176e+09 -0.000295905
-1.58146e+09 -0.000295849
-1.58116e+09 -0.000295793
-1.58086e+09 -0.000295738
-1.58057e+09 -0.000295682
-1.58027e+09 -0.000295627
-1.57997e+09 -0.000295571
-1.57967e+09 -0.000295515
-1.57938e+09 -0.00029546
-1.57908e+09 -0.000295404
-1.57878e+09 -0.000295348
-1.57848e+09 -0.000295293
-1.57819e+09 -0.000295237
-1.57789e+09 -0.000295181
-1.57759e+09 -0.000295126
-1.5773e+09 -0.00029507
-1.577e+09 -0.000295014
-1.5767e+09 -0.000294959
-1.5764e+09 -0.000294903
-1.57611e+09 -0.000294848
-1.57581e+09 -0.000294792
-1.57551e+09 -0.000294736
-1.57486e+09 -0.000294615
-1.57418e+09 -0.000294486
-1.57349e+09 -0.000294358
-1.5728e+09 -0.000294229
-1.57211e+09 -0.000294101
-1.57143e+09 -0.000293972
-1.57074e+09 -0.000293844
-1.57005e+09 -0.000293715
-1.56936e+09 -0.000293586
-1.56868e+09 -0.000293458
-1.56799e+09 -0.000293329
-1.5673e+09 -0.000293201
-1.56662e+09 -0.000293072
-1.56593e+09 -0.000292944
-1.56524e+09 -0.000292815
-1.56455e+09 -0.000292686
-1.56387e+09 -0.000292558
-1.56318e+09 -0.000292429
-1.56249e+09 -0.000292301
-1.5618e+09 -0.000292172
-1.56112e+09 -0.000292044
-1.56043e+09 -0.000291915
-1.55974e+09 -0.000291787
-1.55906e+09 -0.000291658
-1.55837e+09 -0.000291529
-1.55768e+09 -0.000291401
-1.55699e+09 -0.000291272
-1.55631e+09 -0.000291144
-1.55562e+09 -0.000291015
-1.55493e+09 -0.000290887
-1.55425e+09 -0.000290758
-1.55356e+09 -0.000290629
-1.55287e+09 -0.000290501
-1.55218e+09 -0.000290372
-1.5515e+09 -0.000290244
-1.55081e+09 -0.000290115
-1.55012e+09 -0.000289987
-1.54943e+09 -0.000289858
-1.54875e+09 -0.00028973
-1.54806e+09 -0.000289601
-1.54737e+09 -0.000289472
-1.54669e+09 -0.000289344
-1.546e+09 -0.000289215
-1.54531e+09 -0.000289087
-1.54462e+09 -0.000288958
-1.54394e+09 -0.00028883
-1.54325e+09 -0.000288701
-1.54256e+09 -0.000288572
-1.54187e+09 -0.000288444
-1.54119e+09 -0.000288315
-1.5405e+09 -0.000288187
-1.53981e+09 -0.000288058
-1.53913e+09 -0.00028793
-1.53844e+09 -0.000287801
-1.53775e+09 -0.000287672
-1.53706e+09 -0.000287544
-1.53638e+09 -0.000287415
-1.53569e+09 -0.000287287
-1.535e+09 -0.000287158
-1.53432e+09 -0.00028703
-1.53363e+09 -0.000286901
-1.53294e+09 -0.000286773
-1.53225e+09 -0.000286644
-1.53157e+09 -0.000286515
-1.53088e+09 -0.000286387
-1.53019e+09 -0.000286258
-1.5295e+09 -0.00028613
-1.52882e+09 -0.000286001
-1.52813e+09 -0.000285873
-1.52744e+09 -0.000285744
-1.52676e+09 -0.000285616
-1.52607e+09 -0.000285487
-1.52538e+09 -0.000285358
-1.52469e+09 -0.00028523
-1.52401e+09 -0.000285101
-1.52332e+09 -0.000284973
-1.52263e+09 -0.000284844
-1.52195e+09 -0.000284716
-1.52126e+09 -0.000284587
-1.52057e+09 -0.000284458
-1.51988e+09 -0.00028433
-1.5192e+09 -0.000284201
-1.51851e+09 -0.000284073
-1.51782e+09 -0.000283944
-1.51713e+09 -0.000283816
-1.51645e+09 -0.000283687
-1.51576e+09 -0.000283559
-1.51507e+09 -0.00028343
-1.51439e+09 -0.000283301
-1.5137e+09 -0.000283173
-1.51301e+09 -0.000283044
-1.51232e+09 -0.000282916
-1.51164e+09 -0.000282787
-1.51095e+09 -0.000282659
-1.51026e+09 -0.00028253
-1.50958e+09 -0.000282402
-1.50889e+09 -0.000282273
-1.5082e+09 -0.000282144
-1.50751e+09 -0.000282016
-1.50683e+09 -0.000281887
-1.50614e+09 -0.000281759
-1.50545e+09 -0.00028163
-1.50477e+09 -0.000281502
-1.50408e+09 -0.000281373
-1.50339e+09 -0.000281244
-1.5027e+09 -0.000281116
-1.50202e+09 -0.000280987
-1.50133e+09 -0.000280859
-1.50064e+09 -0.00028073
-1.49995e+09 -0.000280602
-1.49927e+09 -0.000280473
-1.49858e+09 -0.000280345
-1.49789e+09 -0.000280216
-1.49721e+09 -0.000280087
-1.49652e+09 -0.000279959
-1.49583e+09 -0.00027983
-1.49514e+09 -0.000279702
-1.49446e+09 -0.000279573
-1.49377e+09 -0.000279445
-1.49308e+09 -0.000279316
-1.4924e+09 -0.000279188
-1.49171e+09 -0.000279059
-1.49102e+09 -0.00027893
-1.49033e+09 -0.000278802
-1.48965e+09 -0.000278673
-1.48896e+09 -0.000278545
-1.48827e+09 -0.000278416
-1.48759e+09 -0.000278288
-1.4869e+09 -0.000278159
-1.48621e+09 -0.000278031
-1.48552e+09 -0.000277902
-1.48484e+09 -0.000277773
-1.48415e+09 -0.000277645
-1.48346e+09 -0.000277516
-1.48277e+09 -0.000277388
-1.48209e+09 -0.000277259
-1.4814e+09 -0.000277131
-1.48071e+09 -0.000277002
-1.48003e+09 -0.000276874
-1.47934e+09 -0.000276745
-1.47865e+09 -0.000276616
-1.47796e+09 -0.000276488
-1.47728e+09 -0.000276359
-1.47659e+09 -0.000276231
-1.4759e+09 -0.000276102
-1.47522e+09 -0.000275974
-1.47453e+09 -0.000275845
-1.47384e+09 -0.000275717
-1.47315e+09 -0.000275588
-1.47247e+09 -0.000275459
-1.47178e+09 -0.000275331
-1.47109e+09 -0.000275202
-1.47041e+09 -0.000275074
-1.46972e+09 -0.000274945
-1.46903e+09 -0.000274817
-1.46834e+09 -0.000274688
-1.46766e+09 -0.00027456
-1.46697e+09 -0.000274431
-1.46628e+09 -0.000274303
-1.4656e+09 -0.000274174
-1.46491e+09 -0.000274045
-1.46422e+09 -0.000273917
-1.46353e+09 -0.000273788
-1.46285e+09 -0.00027366
-1.46216e+09 -0.000273531
-1.46147e+09 -0.000273403
-1.46078e+09 -0.000273274
-1.4601e+09 -0.000273146
-1.45941e+09 -0.000273017
-1.45872e+09 -0.000272888
-1.45804e+09 -0.00027276
-1.45735e+09 -0.000272631
-1.45666e+09 -0.000272503
-1.45597e+09 -0.000272374
-1.45529e+09 -0.000272246
-1.4546e+09 -0.000272117
-1.45391e+09 -0.000271989
-1.45323e+09 -0.00027186
-1.45254e+09 -0.000271731
-1.45185e+09 -0.000271603
-1.45116e+09 -0.000271474
-1.45048e+09 -0.000271346
-1.44979e+09 -0.000271217
-1.4491e+09 -0.000271089
-1.44842e+09 -0.00027096
-1.44773e+09 -0.000270832
-1.44704e+09 -0.000270703
-1.44635e+09 -0.000270575
-1.44567e+09 -0.000270446
-1.44498e+09 -0.000270317
-1.44429e+09 -0.000270189
-1.44361e+09 -0.00027006
-1.44292e+09 -0.000269932
-1.44223e+09 -0.000269803
-1.44154e+09 -0.000269675
-1.44086e+09 -0.000269546
-1.44017e+09 -0.000269418
-1.43948e+09 -0.000269289
-1.4388e+09 -0.00026916
-1.43811e+09 -0.000269032
-1.43742e+09 -0.000268903
-1.43673e+09 -0.000268775
-1.43605e+09 -0.000268646
-1.43536e+09 -0.000268518
-1.43467e+09 -0.000268389
-1.43399e+09 -0.000268261
-1.4333e+09 -0.000268132
-1.43261e+09 -0.000268004
-1.43192e+09 -0.000267875
-1.43124e+09 -0.000267746
-1.43055e+09 -0.000267618
-1.42986e+09 -0.000267489
-1.42918e+09 -0.000267361
-1.42849e+09 -0.000267232
-1.4278e+09 -0.000267104
-1.42711e+09 -0.000266975
-1.42643e+09 -0.000266847
-1.42574e+09 -0.000266718
-1.42505e+09 -0.00026659
-1.42437e+09 -0.000266461
-1.42368e+09 -0.000266332
-1.42299e+09 -0.000266204
-1.4223e+09 -0.000266075
-1.42162e+09 -0.000265947
-1.42093e+09 -0.000265818
-1.42024e+09 -0.00026569
-1.41956e+09 -0.000265561
-1.41887e+09 -0.000265433
-1.41818e+09 -0.000265304
-1.41749e+09 -0.000265176
-1.41681e+09 -0.000265047
-1.41612e+09 -0.000264918
-1.41543e+09 -0.00026479
-1.41475e+09 -0.000264661
-1.41406e+09 -0.000264533
-1.41337e+09 -0.000264404
-1.41268e+09 -0.000264276
-1.412e+09 -0.000264147
-1.41131e+09 -0.000264019
-1.41062e+09 -0.00026389
-1.40994e+09 -0.000263762
-1.40925e+09 -0.000263633
-1.40856e+09 -0.000263504
-1.40787e+09 -0.000263376
-1.40719e+09 -0.000263247
-1.4065e+09 -0.000263119
-1.40581e+09 -0.00026299
-1.40513e+09 -0.000262862
-1.40444e+09 -0.000262733
-1.40375e+09 -0.000262605
-1.40306e+09 -0.000262476
-1.40238e+09 -0.000262348
-1.40169e+09 -0.000262219
-1.401e+09 -0.00026209
-1.40032e+09 -0.000261962
-1.39963e+09 -0.000261833
-1.39894e+09 -0.000261705
-1.39825e+09 -0.000261576
-1.39757e+09 -0.000261448
-1.39688e+09 -0.000261319
-1.39619e+09 -0.000261191
-1.39551e+09 -0.000261062
-1.39482e+09 -0.000260934
-1.39413e+09 -0.000260805
-1.39344e+09 -0.000260676
-1.39276e+09 -0.000260548
-1.39207e+09 -0.000260419
-1.39138e+09 -0.000260291
-1.3907e+09 -0.000260162
-1.39001e+09 -0.000260034
-1.38932e+09 -0.000259905
-1.38863e+09 -0.000259777
-1.38795e+09 -0.000259648
-1.38726e+09 -0.00025952
-1.38657e+09 -0.000259391
-1.38589e+09 -0.000259262
-1.3852e+09 -0.000259134
-1.38451e+09 -0.000259005
-1.38382e+09 -0.000258877
-1.38314e+09 -0.000258748
-1.38245e+09 -0.00025862
-1.38176e+09 -0.000258491
-1.38108e+09 -0.000258363
-1.38039e+09 -0.000258234
-1.3797e+09 -0.000258106
-1.37901e+09 -0.000257977
-1.37833e+09 -0.000257849
-1.37764e+09 -0.00025772
-1.37695e+09 -0.000257591
-1.37627e+09 -0.000257463
-1.37558e+09 -0.000257334
-1.37489e+09 -0.000257206
-1.3742e+09 -0.000257077
-1.37352e+09 -0.000256949
-1.37283e+09 -0.00025682
-1.37214e+09 -0.000256692
-1.37146e+09 -0.000256563
-1.37077e+09 -0.000256435
-1.37008e+09 -0.000256306
-1.3694e+09 -0.000256178
-1.36871e+09 -0.000256049
-1.36802e+09 -0.00025592
-1.36733e+09 -0.000255792
-1.36665e+09 -0.000255663
-1.36596e+09 -0.000255535
-1.36527e+09 -0.000255406
-1.36459e+09 -0.000255278
-1.3639e+09 -0.000255149
-1.36321e+09 -0.000255021
-1.36252e+09 -0.000254892
-1.36184e+09 -0.000254764
-1.36115e+09 -0.000254635
-1.36046e+09 -0.000254506
-1.35978e+09 -0.000254378
-1.35909e+09 -0.000254249
-1.3584e+09 -0.000254121
-1.35771e+09 -0.000253992
-1.35703e+09 -0.000253864
-1.35634e+09 -0.000253735
-1.35565e+09 -0.000253607
-1.35497e+09 -0.000253478
-1.35428e+09 -0.00025335
-1.35359e+09 -0.000253221
-1.3529e+09 -0.000253093
-1.35222e+09 -0.000252964
-1.35153e+09 -0.000252835
-1.35084e+09 -0.000252707
-1.35016e+09 -0.000252578
-1.34947e+09 -0.00025245
-1.34878e+09 -0.000252321
-1.3481e+09 -0.000252193
-1.34741e+09 -0.000252064
-1.34672e+09 -0.000251936
-1.34603e+09 -0.000251807
-1.34535e+09 -0.000251679
-1.34466e+09 -0.00025155
-1.34397e+09 -0.000251422
-1.34329e+09 -0.000251293
-1.3426e+09 -0.000251165
-1.34191e+09 -0.000251036
-1.34122e+09 -0.000250907
-1.34054e+09 -0.000250779
-1.33985e+09 -0.00025065
-1.33916e+09 -0.000250522
-1.33848e+09 -0.000250393
-1.33779e+09 -0.000250265
-1.3371e+09 -0.000250136
-1.33641e+09 -0.000250008
-1.33573e+09 -0.000249879
-1.33504e+09 -0.000249751
-1.33435e+09 -0.000249622
-1.33367e+09 -0.000249494
-1.33298e+09 -0.000249365
-1.33229e+09 -0.000249236
-1.3316e+09 -0.000249108
-1.33092e+09 -0.000248979
-1.33023e+09 -0.000248851
-1.32954e+09 -0.000248722
-1.32886e+09 -0.000248594
-1.32817e+09 -0.000248465
-1.32748e+09 -0.000248337
-1.3268e+09 -0.000248208
-1.32611e+09 -0.00024808
-1.32542e+09 -0.000247951
-1.32473e+09 -0.000247823
-1.32405e+09 -0.000247694
-1.32336e+09 -0.000247566
-1.32267e+09 -0.000247437
-1.32199e+09 -0.000247308
-1.3213e+09 -0.00024718
-1.32061e+09 -0.000247051
-1.31992e+09 -0.000246923
-1.31924e+09 -0.000246794
-1.31855e+09 -0.000246666
-1.31786e+09 -0.000246537
-1.31718e+09 -0.000246409
-1.31649e+09 -0.00024628
-1.3158e+09 -0.000246152
-1.31512e+09 -0.000246023
-1.31443e+09 -0.000245895
-1.31374e+09 -0.000245766
-1.31305e+09 -0.000245638
-1.31237e+09 -0.000245509
-1.31168e+09 -0.00024538
-1.31099e+09 -0.000245252
-1.31031e+09 -0.000245123
-1.30962e+09 -0.000244995
-1.30893e+09 -0.000244866
-1.30824e+09 -0.000244738
-1.30756e+09 -0.000244609
-1.30687e+09 -0.000244481
-1.30618e+09 -0.000244352
-1.3055e+09 -0.000244224
-1.30481e+09 -0.000244095
-1.30412e+09 -0.000243967
-1.30344e+09 -0.000243838
-1.30275e+09 -0.00024371
-1.30206e+09 -0.000243581
-1.30137e+09 -0.000243453
-1.30069e+09 -0.000243324
-1.3e+09 -0.000243195
-1.29931e+09 -0.000243067
-1.29863e+09 -0.000242938
-1.29794e+09 -0.00024281
-1.29725e+09 -0.000242681
-1.29656e+09 -0.000242553
-1.29588e+09 -0.000242424
-1.29519e+09 -0.000242296
-1.2945e+09 -0.000242167
-1.29382e+09 -0.000242039
-1.29313e+09 -0.00024191
-1.29244e+09 -0.000241782
-1.29176e+09 -0.000241653
-1.29107e+09 -0.000241525
-1.29038e+09 -0.000241396
-1.28969e+09 -0.000241268
-1.28901e+09 -0.000241139
-1.28832e+09 -0.00024101
-1.28763e+09 -0.000240882
-1.28695e+09 -0.000240753
-1.28626e+09 -0.000240625
-1.28557e+09 -0.000240496
-1.28488e+09 -0.000240368
-1.2842e+09 -0.000240239
-1.28351e+09 -0.000240111
-1.28282e+09 -0.000239982
-1.28214e+09 -0.000239854
-1.28145e+09 -0.000239725
-1.28076e+09 -0.000239597
-1.28008e+09 -0.000239468
-1.27939e+09 -0.00023934
-1.2787e+09 -0.000239211
-1.27801e+09 -0.000239083
-1.27733e+09 -0.000238954
-1.27664e+09 -0.000238825
-1.27595e+09 -0.000238697
-1.27527e+09 -0.000238568
-1.27458e+09 -0.00023844
-1.27389e+09 -0.000238311
-1.2732e+09 -0.000238183
-1.27252e+09 -0.000238054
-1.27183e+09 -0.000237926
-1.27114e+09 -0.000237797
-1.27046e+09 -0.000237669
-1.26977e+09 -0.00023754
-1.26908e+09 -0.000237412
-1.2684e+09 -0.000237283
-1.26771e+09 -0.000237155
-1.26702e+09 -0.000237026
-1.26633e+09 -0.000236898
-1.26565e+09 -0.000236769
-1.26496e+09 -0.000236641
-1.26427e+09 -0.000236512
-1.26359e+09 -0.000236383
-1.2629e+09 -0.000236255
-1.26221e+09 -0.000236126
-1.26153e+09 -0.000235998
-1.26084e+09 -0.000235869
-1.26015e+09 -0.000235741
-1.25946e+09 -0.000235612
-1.25878e+09 -0.000235484
-1.25809e+09 -0.000235355
-1.2574e+09 -0.000235227
-1.25672e+09 -0.000235098
-1.25603e+09 -0.00023497
-1.25534e+09 -0.000234841
-1.25465e+09 -0.000234713
-1.25397e+09 -0.000234584
-1.25328e+09 -0.000234456
-1.25259e+09 -0.000234327
-1.25191e+09 -0.000234199
-1.25122e+09 -0.00023407
-1.25053e+09 -0.000233942
-1.24985e+09 -0.000233813
-1.24916e+09 -0.000233684
-1.24847e+09 -0.000233556
-1.24778e+09 -0.000233427
-1.2471e+09 -0.000233299
-1.24641e+09 -0.00023317
-1.24572e+09 -0.000233042
-1.24504e+09 -0.000232913
-1.24435e+09 -0.000232785
-1.24366e+09 -0.000232656
-1.24298e+09 -0.000232528
-1.24229e+09 -0.000232399
-1.2416e+09 -0.000232271
-1.24091e+09 -0.000232142
-1.24023e+09 -0.000232014
-1.23954e+09 -0.000231885
-1.23885e+09 -0.000231757
-1.23817e+09 -0.000231628
-1.23748e+09 -0.0002315
-1.23679e+09 -0.000231371
-1.23611e+09 -0.000231243
-1.23542e+09 -0.000231114
-1.23473e+09 -0.000230985
-1.23404e+09 -0.000230857
-1.23336e+09 -0.000230728
-1.23267e+09 -0.0002306
-1.23198e+09 -0.000230471
-1.2313e+09 -0.000230343
-1.23061e+09 -0.000230214
-1.22992e+09 -0.000230086
-1.22924e+09 -0.000229957
-1.22855e+09 -0.000229829
-1.22786e+09 -0.0002297
-1.22717e+09 -0.000229572
-1.22649e+09 -0.000229443
-1.2258e+09 -0.000229315
-1.22511e+09 -0.000229186
-1.22443e+09 -0.000229058
-1.22374e+09 -0.000228929
-1.22305e+09 -0.000228801
-1.22237e+09 -0.000228672
-1.22168e+09 -0.000228544
-1.22099e+09 -0.000228415
-1.2203e+09 -0.000228287
-1.21962e+09 -0.000228158
-1.21893e+09 -0.00022803
-1.21824e+09 -0.000227901
-1.21756e+09 -0.000227772
-1.21687e+09 -0.000227644
-1.21618e+09 -0.000227515
-1.2155e+09 -0.000227387
-1.21481e+09 -0.000227258
-1.21412e+09 -0.00022713
-1.21343e+09 -0.000227001
-1.21275e+09 -0.000226873
-1.21206e+09 -0.000226744
-1.21137e+09 -0.000226616
-1.21069e+09 -0.000226487
-1.21e+09 -0.000226359
-1.20931e+09 -0.00022623
-1.20863e+09 -0.000226102
-1.20794e+09 -0.000225973
-1.20725e+09 -0.000225845
-1.20656e+09 -0.000225716
-1.20588e+09 -0.000225588
-1.20519e+09 -0.000225459
-1.2045e+09 -0.000225331
-1.20382e+09 -0.000225202
-1.20313e+09 -0.000225074
-1.20244e+09 -0.000224945
-1.20176e+09 -0.000224817
-1.20107e+09 -0.000224688
-1.20038e+09 -0.00022456
-1.19969e+09 -0.000224431
-1.19901e+09 -0.000224302
-1.19832e+09 -0.000224174
-1.19763e+09 -0.000224045
-1.19695e+09 -0.000223917
-1.19626e+09 -0.000223788
-1.19557e+09 -0.00022366
-1.19489e+09 -0.000223531
-1.1942e+09 -0.000223403
-1.19351e+09 -0.000223274
-1.19282e+09 -0.000223146
-1.19214e+09 -0.000223017
-1.19145e+09 -0.000222889
-1.19076e+09 -0.00022276
-1.19008e+09 -0.000222632
-1.18939e+09 -0.000222503
-1.1887e+09 -0.000222375
-1.18802e+09 -0.000222246
-1.18733e+09 -0.000222118
-1.18664e+09 -0.000221989
-1.18595e+09 -0.000221861
-1.18527e+09 -0.000221732
-1.18458e+09 -0.000221604
-1.18389e+09 -0.000221475
-1.18321e+09 -0.000221347
-1.18252e+09 -0.000221218
-1.18183e+09 -0.00022109
-1.18115e+09 -0.000220961
-1.18046e+09 -0.000220833
-1.17977e+09 -0.000220704
-1.17909e+09 -0.000220576
-1.1784e+09 -0.000220447
-1.17771e+09 -0.000220318
-1.17702e+09 -0.00022019
-1.17634e+09 -0.000220061
-1.17565e+09 -0.000219933
-1.17496e+09 -0.000219804
-1.17428e+09 -0.000219676
-1.17359e+09 -0.000219547
-1.1729e+09 -0.000219419
-1.17222e+09 -0.00021929
-1.17153e+09 -0.000219162
-1.17084e+09 -0.000219033
-1.17015e+09 -0.000218905
-1.16947e+09 -0.000218776
-1.16878e+09 -0.000218648
-1.16809e+09 -0.000218519
-1.16741e+09 -0.000218391
-1.16672e+09 -0.000218262
-1.16603e+09 -0.000218134
-1.16535e+09 -0.000218005
-1.16466e+09 -0.000217877
-1.16397e+09 -0.000217748
-1.16328e+09 -0.00021762
-1.1626e+09 -0.000217491
-1.16191e+09 -0.000217363
-1.16122e+09 -0.000217234
-1.16054e+09 -0.000217106
-1.15985e+09 -0.000216977
-1.15916e+09 -0.000216849
-1.15848e+09 -0.00021672
-1.15779e+09 -0.000216592
-1.1571e+09 -0.000216463
-1.15642e+09 -0.000216335
-1.15573e+09 -0.000216206
-1.15504e+09 -0.000216078
-1.15435e+09 -0.000215949
-1.15367e+09 -0.000215821
-1.15298e+09 -0.000215692
-1.15229e+09 -0.000215564
-1.15161e+09 -0.000215435
-1.15092e+09 -0.000215307
-1.15023e+09 -0.000215178
-1.14955e+09 -0.000215049
-1.14886e+09 -0.000214921
-1.14817e+09 -0.000214792
-1.14748e+09 -0.000214664
-1.1468e+09 -0.000214535
-1.14611e+09 -0.000214407
-1.14542e+09 -0.000214278
-1.14474e+09 -0.00021415
-1.14405e+09 -0.000214021
-1.14336e+09 -0.000213893
-1.14268e+09 -0.000213764
-1.14199e+09 -0.000213636
-1.1413e+09 -0.000213507
-1.14062e+09 -0.000213379
-1.13993e+09 -0.00021325
-1.13924e+09 -0.000213122
-1.13855e+09 -0.000212993
-1.13787e+09 -0.000212865
-1.13718e+09 -0.000212736
-1.13649e+09 -0.000212608
-1.13581e+09 -0.000212479
-1.13512e+09 -0.000212351
-1.13443e+09 -0.000212222
-1.13375e+09 -0.000212094
-1.13306e+09 -0.000211965
-1.13237e+09 -0.000211837
-1.13169e+09 -0.000211708
-1.131e+09 -0.00021158
-1.13031e+09 -0.000211451
-1.12962e+09 -0.000211323
-1.12894e+09 -0.000211194
-1.12825e+09 -0.000211066
-1.12756e+09 -0.000210937
-1.12688e+09 -0.000210809
-1.12619e+09 -0.00021068
-1.1255e+09 -0.000210552
-1.12482e+09 -0.000210423
-1.12413e+09 -0.000210295
-1.12344e+09 -0.000210166
-1.12275e+09 -0.000210038
-1.12207e+09 -0.000209909
-1.12138e+09 -0.000209781
-1.12069e+09 -0.000209652
-1.12001e+09 -0.000209524
-1.11932e+09 -0.000209395
-1.11863e+09 -0.000209267
-1.11795e+09 -0.000209138
-1.11726e+09 -0.00020901
-1.11657e+09 -0.000208881
-1.11589e+09 -0.000208753
-1.1152e+09 -0.000208624
-1.11451e+09 -0.000208496
-1.11382e+09 -0.000208367
-1.11314e+09 -0.000208239
-1.11245e+09 -0.00020811
-1.11176e+09 -0.000207982
-1.11108e+09 -0.000207853
-1.11039e+09 -0.000207725
-1.1097e+09 -0.000207596
-1.10902e+09 -0.000207468
-1.10833e+09 -0.000207339
-1.10764e+09 -0.000207211
-1.10696e+09 -0.000207082
-1.10627e+09 -0.000206954
-1.10558e+09 -0.000206825
-1.10489e+09 -0.000206697
-1.10421e+09 -0.000206568
-1.10352e+09 -0.00020644
-1.10283e+09 -0.000206311
-1.10215e+09 -0.000206183
-1.10146e+09 -0.000206054
-1.10077e+09 -0.000205925
-1.10009e+09 -0.000205797
-1.0994e+09 -0.000205668
-1.09871e+09 -0.00020554
-1.09803e+09 -0.000205411
-1.09734e+09 -0.000205283
-1.09665e+09 -0.000205154
-1.09596e+09 -0.000205026
-1.09528e+09 -0.000204897
-1.09459e+09 -0.000204769
-1.0939e+09 -0.00020464
-1.09322e+09 -0.000204512
-1.09253e+09 -0.000204383
-1.09184e+09 -0.000204255
-1.09116e+09 -0.000204126
-1.09047e+09 -0.000203998
-1.08978e+09 -0.000203869
-1.0891e+09 -0.000203741
-1.08841e+09 -0.000203612
-1.08772e+09 -0.000203484
-1.08704e+09 -0.000203355
-1.08635e+09 -0.000203227
-1.08566e+09 -0.000203098
-1.08497e+09 -0.00020297
-1.08429e+09 -0.000202841
-1.0836e+09 -0.000202713
-1.08291e+09 -0.000202584
-1.08223e+09 -0.000202456
-1.08154e+09 -0.000202327
-1.08085e+09 -0.000202199
-1.08017e+09 -0.00020207
-1.07948e+09 -0.000201942
-1.07879e+09 -0.000201813
-1.07811e+09 -0.000201685
-1.07742e+09 -0.000201556
-1.07673e+09 -0.000201428
-1.07604e+09 -0.000201299
-1.07536e+09 -0.000201171
-1.07467e+09 -0.000201042
-1.07398e+09 -0.000200914
-1.0733e+09 -0.000200785
-1.07261e+09 -0.000200657
-1.07192e+09 -0.000200528
-1.07124e+09 -0.0002004
-1.07055e+09 -0.000200271
-1.06986e+09 -0.000200143
-1.06918e+09 -0.000200014
-1.06849e+09 -0.000199886
-1.0678e+09 -0.000199757
-1.06712e+09 -0.000199629
-1.06643e+09 -0.0001995
-1.06574e+09 -0.000199372
-1.06505e+09 -0.000199243
-1.06437e+09 -0.000199115
-1.06368e+09 -0.000198986
-1.06299e+09 -0.000198858
-1.06231e+09 -0.000198729
-1.06162e+09 -0.000198601
-1.06093e+09 -0.000198472
-1.06025e+09 -0.000198344
-1.05956e+09 -0.000198215
-1.05887e+09 -0.000198087
-1.05819e+09 -0.000197958
-1.0575e+09 -0.00019783
-1.05681e+09 -0.000197701
-1.05612e+09 -0.000197573
-1.05544e+09 -0.000197444
-1.05475e+09 -0.000197316
-1.05406e+09 -0.000197187
-1.05338e+09 -0.000197059
-1.05269e+09 -0.00019693
-1.052e+09 -0.000196802
-1.05132e+09 -0.000196673
-1.05063e+09 -0.000196545
-1.04994e+09 -0.000196416
-1.04926e+09 -0.000196288
-1.04857e+09 -0.000196159
-1.04788e+09 -0.000196031
-1.0472e+09 -0.000195902
-1.04651e+09 -0.000195774
-1.04582e+09 -0.000195645
-1.04513e+09 -0.000195517
-1.04445e+09 -0.000195388
-1.04376e+09 -0.00019526
-1.04307e+09 -0.000195132
-1.04239e+09 -0.000195003
-1.0417e+09 -0.000194875
-1.04101e+09 -0.000194746
-1.04033e+09 -0.000194618
-1.03964e+09 -0.000194489
-1.03895e+09 -0.000194361
-1.03827e+09 -0.000194232
-1.03758e+09 -0.000194104
-1.03689e+09 -0.000193975
-1.03621e+09 -0.000193847
-1.03552e+09 -0.000193718
-1.03483e+09 -0.00019359
-1.03414e+09 -0.000193461
-1.03346e+09 -0.000193333
-1.03277e+09 -0.000193204
-1.03208e+09 -0.000193076
-1.0314e+09 -0.000192947
-1.03071e+09 -0.000192819
-1.03002e+09 -0.00019269
-1.02934e+09 -0.000192562
-1.02865e+09 -0.000192433
-1.02796e+09 -0.000192305
-1.02728e+09 -0.000192176
-1.02659e+09 -0.000192048
-1.0259e+09 -0.000191919
-1.02522e+09 -0.000191791
-1.02453e+09 -0.000191662
-1.02384e+09 -0.000191534
-1.02316e+09 -0.000191405
-1.02247e+09 -0.000191277
-1.02178e+09 -0.000191148
-1.02109e+09 -0.00019102
-1.02041e+09 -0.000190891
-1.01972e+09 -0.000190763
-1.01903e+09 -0.000190634
-1.01835e+09 -0.000190506
-1.01766e+09 -0.000190377
-1.01697e+09 -0.000190249
-1.01629e+09 -0.00019012
-1.0156e+09 -0.000189992
-1.01491e+09 -0.000189863
-1.01423e+09 -0.000189735
-1.01354e+09 -0.000189606
-1.01285e+09 -0.000189478
-1.01217e+09 -0.000189349
-1.01148e+09 -0.000189221
-1.01079e+09 -0.000189092
-1.0101e+09 -0.000188964
-1.00942e+09 -0.000188835
-1.00873e+09 -0.000188707
-1.00804e+09 -0.000188578
-1.00736e+09 -0.00018845
-1.00667e+09 -0.000188321
-1.00598e+09 -0.000188193
-1.0053e+09 -0.000188064
-1.00461e+09 -0.000187936
-1.00392e+09 -0.000187807
-1.00324e+09 -0.000187679
-1.00255e+09 -0.00018755
-1.00186e+09 -0.000187422
-1.00118e+09 -0.000187293
-1.00049e+09 -0.000187165
-9.99802e+08 -0.000187036
-9.99115e+08 -0.000186908
-9.98428e+08 -0.000186779
-9.97742e+08 -0.000186651
-9.97055e+08 -0.000186522
-9.96368e+08 -0.000186394
-9.95681e+08 -0.000186265
-9.94994e+08 -0.000186137
-9.94307e+08 -0.000186009
-9.9362e+08 -0.00018588
-9.92934e+08 -0.000185752
-9.92247e+08 -0.000185623
-9.9156e+08 -0.000185495
-9.90873e+08 -0.000185366
-9.90186e+08 -0.000185238
-9.89499e+08 -0.000185109
-9.88813e+08 -0.000184981
-9.88126e+08 -0.000184852
-9.87439e+08 -0.000184724
-9.86752e+08 -0.000184595
-9.86065e+08 -0.000184467
-9.85378e+08 -0.000184338
-9.84692e+08 -0.00018421
-9.84005e+08 -0.000184081
-9.83318e+08 -0.000183953
-9.82631e+08 -0.000183824
-9.81944e+08 -0.000183696
-9.81257e+08 -0.000183567
-9.80571e+08 -0.000183439
-9.79884e+08 -0.00018331
-9.79197e+08 -0.000183182
-9.7851e+08 -0.000183053
-9.77823e+08 -0.000182925
-9.77136e+08 -0.000182796
-9.7645e+08 -0.000182668
-9.75763e+08 -0.000182539
-9.75076e+08 -0.000182411
-9.74389e+08 -0.000182282
-9.73702e+08 -0.000182154
-9.73016e+08 -0.000182025
-9.72329e+08 -0.000181897
-9.71642e+08 -0.000181768
-9.70955e+08 -0.00018164
-9.70268e+08 -0.000181511
-9.69581e+08 -0.000181383
-9.68895e+08 -0.000181254
-9.68208e+08 -0.000181126
-9.67521e+08 -0.000180997
-9.66834e+08 -0.000180869
-9.66147e+08 -0.000180741
-9.6546e+08 -0.000180612
-9.64774e+08 -0.000180484
-9.64087e+08 -0.000180355
-9.634e+08 -0.000180227
-9.62713e+08 -0.000180098
-9.62026e+08 -0.00017997
-9.6134e+08 -0.000179841
-9.60653e+08 -0.000179713
-9.59966e+08 -0.000179584
-9.59279e+08 -0.000179456
-9.58592e+08 -0.000179327
-9.57905e+08 -0.000179199
-9.57219e+08 -0.00017907
-9.56532e+08 -0.000178942
-9.55845e+08 -0.000178813
-9.55158e+08 -0.000178685
-9.54471e+08 -0.000178556
-9.53785e+08 -0.000178428
-9.53098e+08 -0.000178299
-9.52411e+08 -0.000178171
-9.51724e+08 -0.000178042
-9.51037e+08 -0.000177914
-9.50351e+08 -0.000177785
-9.49664e+08 -0.000177657
-9.48977e+08 -0.000177528
-9.4829e+08 -0.0001774
-9.47603e+08 -0.000177271
-9.46917e+08 -0.000177143
-9.4623e+08 -0.000177014
-9.45543e+08 -0.000176886
-9.44856e+08 -0.000176758
-9.44169e+08 -0.000176629
-9.43483e+08 -0.000176501
-9.42796e+08 -0.000176372
-9.42109e+08 -0.000176244
-9.41422e+08 -0.000176115
-9.40735e+08 -0.000175987
-9.40049e+08 -0.000175858
-9.39362e+08 -0.00017573
-9.38675e+08 -0.000175601
-9.37988e+08 -0.000175473
-9.37301e+08 -0.000175344
-9.36615e+08 -0.000175216
-9.35928e+08 -0.000175087
-9.35241e+08 -0.000174959
-9.34554e+08 -0.00017483
-9.33867e+08 -0.000174702
-9.33181e+08 -0.000174573
-9.32494e+08 -0.000174445
-9.31807e+08 -0.000174316
-9.3112e+08 -0.000174188
-9.30433e+08 -0.000174059
-9.29747e+08 -0.000173931
-9.2906e+08 -0.000173802
-9.28373e+08 -0.000173674
-9.27686e+08 -0.000173545
-9.26999e+08 -0.000173417
-9.26313e+08 -0.000173289
-9.25626e+08 -0.00017316
-9.24939e+08 -0.000173032
-9.24252e+08 -0.000172903
-9.23565e+08 -0.000172775
-9.22879e+08 -0.000172646
-9.22192e+08 -0.000172518
-9.21505e+08 -0.000172389
-9.20818e+08 -0.000172261
-9.20131e+08 -0.000172132
-9.19445e+08 -0.000172004
-9.18758e+08 -0.000171875
-9.18071e+08 -0.000171747
-9.17384e+08 -0.000171618
-9.16698e+08 -0.00017149
-9.16011e+08 -0.000171361
-9.15324e+08 -0.000171233
-9.14637e+08 -0.000171104
-9.1395e+08 -0.000170976
-9.13264e+08 -0.000170847
-9.12577e+08 -0.000170719
-9.1189e+08 -0.00017059
-9.11203e+08 -0.000170462
-9.10517e+08 -0.000170333
-9.0983e+08 -0.000170205
-9.09143e+08 -0.000170077
-9.08456e+08 -0.000169948
-9.07769e+08 -0.00016982
-9.07083e+08 -0.000169691
-9.06396e+08 -0.000169563
-9.05709e+08 -0.000169434
-9.05022e+08 -0.000169306
-9.04336e+08 -0.000169177
-9.03649e+08 -0.000169049
-9.02962e+08 -0.00016892
-9.02275e+08 -0.000168792
-9.01588e+08 -0.000168663
-9.00902e+08 -0.000168535
-9.00215e+08 -0.000168406
-8.99528e+08 -0.000168278
-8.98841e+08 -0.000168149
-8.98155e+08 -0.000168021
-8.97468e+08 -0.000167892
-8.96781e+08 -0.000167764
-8.96094e+08 -0.000167635
-8.95407e+08 -0.000167507
-8.94721e+08 -0.000167379
-8.94034e+08 -0.00016725
-8.93347e+08 -0.000167122
-8.9266e+08 -0.000166993
-8.91974e+08 -0.000166865
-8.91287e+08 -0.000166736
-8.906e+08 -0.000166608
-8.89913e+08 -0.000166479
-8.89227e+08 -0.000166351
-8.8854e+08 -0.000166222
-8.87853e+08 -0.000166094
-8.87166e+08 -0.000165965
-8.8648e+08 -0.000165837
-8.85793e+08 -0.000165708
-8.85106e+08 -0.00016558
-8.84419e+08 -0.000165451
-8.83732e+08 -0.000165323
-8.83046e+08 -0.000165194
-8.82359e+08 -0.000165066
-8.81672e+08 -0.000164937
-8.80985e+08 -0.000164809
-8.80299e+08 -0.000164681
-8.79612e+08 -0.000164552
-8.78925e+08 -0.000164424
-8.78238e+08 -0.000164295
-8.77552e+08 -0.000164167
-8.76865e+08 -0.000164038
-8.76178e+08 -0.00016391
-8.75491e+08 -0.000163781
-8.74805e+08 -0.000163653
-8.74118e+08 -0.000163524
-8.73431e+08 -0.000163396
-8.72744e+08 -0.000163267
-8.72058e+08 -0.000163139
-8.71371e+08 -0.00016301
-8.70684e+08 -0.000162882
-8.69997e+08 -0.000162753
-8.69311e+08 -0.000162625
-8.68624e+08 -0.000162496
-8.67937e+08 -0.000162368
-8.6725e+08 -0.00016224
-8.66564e+08 -0.000162111
-8.65877e+08 -0.000161983
-8.6519e+08 -0.000161854
-8.64503e+08 -0.000161726
-8.63817e+08 -0.000161597
-8.6313e+08 -0.000161469
-8.62443e+08 -0.00016134
-8.61756e+08 -0.000161212
-8.6107e+08 -0.000161083
-8.60383e+08 -0.000160955
-8.59696e+08 -0.000160826
-8.59009e+08 -0.000160698
-8.58323e+08 -0.000160569
-8.57636e+08 -0.000160441
-8.56949e+08 -0.000160312
-8.56262e+08 -0.000160184
-8.55576e+08 -0.000160056
-8.54889e+08 -0.000159927
-8.54202e+08 -0.000159799
-8.53516e+08 -0.00015967
-8.52829e+08 -0.000159542
-8.52142e+08 -0.000159413
-8.51455e+08 -0.000159285
-8.50769e+08 -0.000159156
-8.50082e+08 -0.000159028
-8.49395e+08 -0.000158899
-8.48708e+08 -0.000158771
-8.48022e+08 -0.000158642
-8.47335e+08 -0.000158514
-8.46648e+08 -0.000158385
-8.45961e+08 -0.000158257
-8.45275e+08 -0.000158128
-8.44588e+08 -0.000158
-8.43901e+08 -0.000157872
-8.43214e+08 -0.000157743
-8.42528e+08 -0.000157615
-8.41841e+08 -0.000157486
-8.41154e+08 -0.000157358
-8.40468e+08 -0.000157229
-8.39781e+08 -0.000157101
-8.39094e+08 -0.000156972
-8.38407e+08 -0.000156844
-8.37721e+08 -0.000156715
-8.37034e+08 -0.000156587
-8.36347e+08 -0.000156458
-8.3566e+08 -0.00015633
-8.34974e+08 -0.000156201
-8.34287e+08 -0.000156073
-8.336e+08 -0.000155944
-8.32914e+08 -0.000155816
-8.32227e+08 -0.000155688
-8.3154e+08 -0.000155559
-8.30853e+08 -0.000155431
-8.30167e+08 -0.000155302
-8.2948e+08 -0.000155174
-8.28793e+08 -0.000155045
-8.28107e+08 -0.000154917
-8.2742e+08 -0.000154788
-8.26733e+08 -0.00015466
-8.26046e+08 -0.000154531
-8.2536e+08 -0.000154403
-8.24673e+08 -0.000154274
-8.23986e+08 -0.000154146
-8.23299e+08 -0.000154017
-8.22613e+08 -0.000153889
