0.747425 1.93805e-13
1.59111 4.12571e-13
2.56404 6.64848e-13
3.70964 9.61901e-13
5.08456 1.31841e-12
6.76074 1.75304e-12
8.8401 2.29222e-12
11.4602 2.97159e-12
14.8104 3.8403e-12
19.1698 4.97069e-12
-909474 -2.35824e-07
-1.81896e+06 -4.71651e-07
-2.72844e+06 -7.07479e-07
-3.63792e+06 -9.43304e-07
-4.54742e+06 -1.17913e-06
-5.45689e+06 -1.41496e-06
-6.36633e+06 -1.65077e-06
-7.27585e+06 -1.88661e-06
-8.18534e+06 -2.12244e-06
-9.09479e+06 -2.35826e-06
-1.00043e+07 -2.59408e-06
-1.09137e+07 -2.8299e-06
-1.18232e+07 -3.06573e-06
-1.27327e+07 -3.30155e-06
-1.36421e+07 -3.53737e-06
-1.45516e+07 -3.77319e-06
-1.5461e+07 -4.00901e-06
-1.63705e+07 -4.24483e-06
-1.72799e+07 -4.48065e-06
-1.81894e+07 -4.71647e-06
-1.90989e+07 -4.95229e-06
-2.00083e+07 -5.18811e-06
-2.09177e+07 -5.42392e-06
-2.18272e+07 -5.65974e-06
-2.27366e+07 -5.89555e-06
-2.36461e+07 -6.13137e-06
-2.45555e+07 -6.36719e-06
-2.5465e+07 -6.603e-06
-2.63744e+07 -6.83881e-06
-2.72838e+07 -7.07463e-06
-2.81933e+07 -7.31044e-06
-2.91027e+07 -7.54625e-06
-3.00121e+07 -7.78206e-06
-3.09216e+07 -8.01788e-06
-3.1831e+07 -8.25369e-06
-3.27404e+07 -8.4895e-06
-3.36498e+07 -8.72531e-06
-3.45592e+07 -8.96112e-06
-3.54686e+07 -9.19693e-06
-3.6378e+07 -9.43273e-06
-3.72875e+07 -9.66855e-06
-3.81969e+07 -9.90435e-06
-3.91063e+07 -1.01402e-05
-4.00157e+07 -1.0376e-05
-4.09251e+07 -1.06118e-05
-4.18345e+07 -1.08476e-05
-4.27439e+07 -1.10834e-05
-4.36533e+07 -1.13192e-05
-4.45627e+07 -1.1555e-05
-4.54721e+07 -1.17908e-05
-4.63815e+07 -1.20266e-05
-4.72909e+07 -1.22624e-05
-4.82002e+07 -1.24982e-05
-4.91096e+07 -1.2734e-05
-5.0019e+07 -1.29698e-05
-5.09284e+07 -1.32056e-05
-5.18378e+07 -1.34414e-05
-5.27472e+07 -1.36772e-05
-5.36565e+07 -1.3913e-05
-5.45659e+07 -1.41488e-05
-5.54753e+07 -1.43846e-05
-5.63846e+07 -1.46204e-05
-5.7294e+07 -1.48562e-05
-5.82034e+07 -1.5092e-05
-5.91127e+07 -1.53278e-05
-6.00221e+07 -1.55636e-05
-6.09315e+07 -1.57994e-05
-6.18408e+07 -1.60352e-05
-6.27502e+07 -1.6271e-05
-6.36595e+07 -1.65068e-05
-6.45689e+07 -1.67425e-05
-6.54782e+07 -1.69783e-05
-6.63876e+07 -1.72141e-05
-6.72969e+07 -1.74499e-05
-6.82063e+07 -1.76857e-05
-6.91156e+07 -1.79215e-05
-7.0025e+07 -1.81573e-05
-7.09343e+07 -1.83931e-05
-7.18436e+07 -1.86289e-05
-7.2753e+07 -1.88647e-05
-7.36623e+07 -1.91004e-05
-7.45716e+07 -1.93362e-05
-7.5481e+07 -1.9572e-05
-7.63903e+07 -1.98078e-05
-7.72996e+07 -2.00436e-05
-7.8209e+07 -2.02794e-05
-7.91183e+07 -2.05152e-05
-8.00276e+07 -2.07509e-05
-8.09368e+07 -2.09867e-05
-8.18462e+07 -2.12225e-05
-8.27555e+07 -2.14583e-05
-8.36648e+07 -2.16941e-05
-8.45741e+07 -2.19299e-05
-8.54834e+07 -2.21656e-05
-8.63927e+07 -2.24014e-05
-8.73021e+07 -2.26372e-05
-8.82113e+07 -2.2873e-05
-8.91207e+07 -2.31088e-05
-9.003e+07 -2.33445e-05
-9.09392e+07 -2.35803e-05
-9.18485e+07 -2.38161e-05
-9.27578e+07 -2.40519e-05
-9.36671e+07 -2.42877e-05
-9.45764e+07 -2.45234e-05
-9.54857e+07 -2.47592e-05
-9.6395e+07 -2.4995e-05
-9.73043e+07 -2.52307e-05
-9.82136e+07 -2.54665e-05
-9.91228e+07 -2.57023e-05
-1.00032e+08 -2.59381e-05
-1.00941e+08 -2.61738e-05
-1.01851e+08 -2.64096e-05
-1.0276e+08 -2.66454e-05
-1.03669e+08 -2.68812e-05
-1.04578e+08 -2.71169e-05
-1.05488e+08 -2.73527e-05
-1.06397e+08 -2.75885e-05
-1.07306e+08 -2.78242e-05
-1.08215e+08 -2.806e-05
-1.09125e+08 -2.82958e-05
-1.10034e+08 -2.85315e-05
-1.10943e+08 -2.87673e-05
-1.11852e+08 -2.90031e-05
-1.12762e+08 -2.92388e-05
-1.13671e+08 -2.94746e-05
-1.1458e+08 -2.97104e-05
-1.15489e+08 -2.99461e-05
-1.16399e+08 -3.01819e-05
-1.17308e+08 -3.04177e-05
-1.18217e+08 -3.06534e-05
-1.19126e+08 -3.08892e-05
-1.20036e+08 -3.11249e-05
-1.20945e+08 -3.13607e-05
-1.21854e+08 -3.15965e-05
-1.22763e+08 -3.18322e-05
-1.23673e+08 -3.2068e-05
-1.24582e+08 -3.23037e-05
-1.25491e+08 -3.25395e-05
-1.264e+08 -3.27753e-05
-1.27309e+08 -3.3011e-05
-1.28219e+08 -3.32468e-05
-1.29128e+08 -3.34825e-05
-1.30037e+08 -3.37183e-05
-1.30946e+08 -3.3954e-05
-1.31855e+08 -3.41898e-05
-1.32765e+08 -3.44255e-05
-1.33674e+08 -3.46613e-05
-1.34583e+08 -3.48971e-05
-1.35492e+08 -3.51328e-05
-1.36401e+08 -3.53686e-05
-1.37311e+08 -3.56043e-05
-1.3822e+08 -3.58401e-05
-1.39129e+08 -3.60758e-05
-1.40038e+08 -3.63116e-05
-1.40947e+08 -3.65473e-05
-1.41857e+08 -3.67831e-05
-1.42766e+08 -3.70188e-05
-1.43675e+08 -3.72546e-05
-1.44584e+08 -3.74903e-05
-1.45493e+08 -3.77261e-05
-1.46403e+08 -3.79618e-05
-1.47312e+08 -3.81975e-05
-1.48221e+08 -3.84333e-05
-1.4913e+08 -3.8669e-05
-1.50039e+08 -3.89048e-05
-1.50948e+08 -3.91405e-05
-1.51858e+08 -3.93763e-05
-1.52767e+08 -3.9612e-05
-1.53676e+08 -3.98478e-05
-1.54585e+08 -4.00835e-05
-1.55494e+08 -4.03192e-05
-1.56403e+08 -4.0555e-05
-1.57312e+08 -4.07907e-05
-1.58222e+08 -4.10265e-05
-1.59131e+08 -4.12622e-05
-1.6004e+08 -4.14979e-05
-1.60949e+08 -4.17337e-05
-1.61858e+08 -4.19694e-05
-1.62767e+08 -4.22052e-05
-1.63676e+08 -4.24409e-05
-1.64586e+08 -4.26766e-05
-1.65495e+08 -4.29124e-05
-1.66404e+08 -4.31481e-05
-1.67313e+08 -4.33838e-05
-1.68222e+08 -4.36196e-05
-1.69131e+08 -4.38553e-05
-1.7004e+08 -4.4091e-05
-1.70949e+08 -4.43268e-05
-1.71859e+08 -4.45625e-05
-1.72768e+08 -4.47982e-05
-1.73677e+08 -4.5034e-05
-1.74586e+08 -4.52697e-05
-1.75495e+08 -4.55054e-05
-1.76404e+08 -4.57412e-05
-1.77313e+08 -4.59769e-05
-1.78222e+08 -4.62126e-05
-1.79131e+08 -4.64483e-05
-1.80041e+08 -4.66841e-05
-1.8095e+08 -4.69198e-05
-1.81859e+08 -4.71555e-05
-1.82768e+08 -4.73913e-05
-1.83677e+08 -4.7627e-05
-1.84586e+08 -4.78627e-05
-1.85495e+08 -4.80984e-05
-1.86404e+08 -4.83342e-05
-1.87313e+08 -4.85699e-05
-1.88222e+08 -4.88056e-05
-1.89132e+08 -4.90413e-05
-1.90041e+08 -4.9277e-05
-1.9095e+08 -4.95128e-05
-1.91859e+08 -4.97485e-05
-1.92768e+08 -4.99842e-05
-1.93677e+08 -5.02199e-05
-1.94586e+08 -5.04556e-05
-1.95495e+08 -5.06914e-05
-1.96404e+08 -5.09271e-05
-1.97313e+08 -5.11628e-05
-1.98222e+08 -5.13985e-05
-1.99131e+08 -5.16342e-05
-2.0004e+08 -5.187e-05
-2.00949e+08 -5.21057e-05
-2.01858e+08 -5.23414e-05
-2.02768e+08 -5.25771e-05
-2.03677e+08 -5.28128e-05
-2.04586e+08 -5.30485e-05
-2.05495e+08 -5.32842e-05
-2.06404e+08 -5.352e-05
-2.07313e+08 -5.37557e-05
-2.08222e+08 -5.39914e-05
-2.09131e+08 -5.42271e-05
-2.1004e+08 -5.44628e-05
-2.10949e+08 -5.46985e-05
-2.11858e+08 -5.49342e-05
-2.12767e+08 -5.51699e-05
-2.13676e+08 -5.54056e-05
-2.14585e+08 -5.56414e-05
-2.15494e+08 -5.58771e-05
-2.16403e+08 -5.61128e-05
-2.17312e+08 -5.63485e-05
-2.18221e+08 -5.65842e-05
-2.1913e+08 -5.68199e-05
-2.20039e+08 -5.70556e-05
-2.20948e+08 -5.72913e-05
-2.21857e+08 -5.7527e-05
-2.22766e+08 -5.77627e-05
-2.23675e+08 -5.79984e-05
-2.24584e+08 -5.82341e-05
-2.25493e+08 -5.84698e-05
-2.26402e+08 -5.87055e-05
-2.27311e+08 -5.89412e-05
-2.2822e+08 -5.91769e-05
-2.29129e+08 -5.94126e-05
-2.30038e+08 -5.96483e-05
-2.30947e+08 -5.9884e-05
-2.31856e+08 -6.01197e-05
-2.32765e+08 -6.03554e-05
-2.33674e+08 -6.05911e-05
-2.34583e+08 -6.08268e-05
-2.35492e+08 -6.10625e-05
-2.36401e+08 -6.12982e-05
-2.3731e+08 -6.15339e-05
-2.38219e+08 -6.17696e-05
-2.39128e+08 -6.20053e-05
-2.40037e+08 -6.2241e-05
-2.40946e+08 -6.24767e-05
-2.41855e+08 -6.27124e-05
-2.42764e+08 -6.29481e-05
-2.43673e+08 -6.31837e-05
-2.44582e+08 -6.34194e-05
-2.45491e+08 -6.36551e-05
-2.464e+08 -6.38908e-05
-2.47309e+08 -6.41265e-05
-2.48218e+08 -6.43622e-05
-2.49127e+08 -6.45979e-05
-2.50036e+08 -6.48336e-05
-2.50944e+08 -6.50693e-05
-2.51853e+08 -6.5305e-05
-2.52762e+08 -6.55406e-05
-2.53671e+08 -6.57763e-05
-2.5458e+08 -6.6012e-05
-2.55489e+08 -6.62477e-05
-2.56398e+08 -6.64834e-05
-2.57307e+08 -6.67191e-05
-2.58216e+08 -6.69548e-05
-2.59125e+08 -6.71904e-05
-2.60034e+08 -6.74261e-05
-2.60943e+08 -6.76618e-05
-2.61852e+08 -6.78975e-05
-2.62761e+08 -6.81332e-05
-2.6367e+08 -6.83688e-05
-2.64578e+08 -6.86045e-05
-2.65487e+08 -6.88402e-05
-2.66396e+08 -6.90759e-05
-2.67305e+08 -6.93116e-05
-2.68214e+08 -6.95472e-05
-2.69123e+08 -6.97829e-05
-2.70032e+08 -7.00186e-05
-2.70941e+08 -7.02543e-05
-2.7185e+08 -7.04899e-05
-2.72759e+08 -7.07256e-05
-2.73668e+08 -7.09613e-05
-2.74576e+08 -7.1197e-05
-2.75485e+08 -7.14327e-05
-2.76394e+08 -7.16683e-05
-2.77303e+08 -7.1904e-05
-2.78212e+08 -7.21397e-05
-2.79121e+08 -7.23753e-05
-2.8003e+08 -7.2611e-05
-2.80939e+08 -7.28467e-05
-2.81848e+08 -7.30824e-05
-2.82756e+08 -7.3318e-05
-2.83665e+08 -7.35537e-05
-2.84574e+08 -7.37894e-05
-2.85483e+08 -7.4025e-05
-2.86392e+08 -7.42607e-05
-2.87301e+08 -7.44964e-05
-2.8821e+08 -7.4732e-05
-2.89119e+08 -7.49677e-05
-2.90027e+08 -7.52034e-05
-2.90936e+08 -7.5439e-05
-2.91845e+08 -7.56747e-05
-2.92754e+08 -7.59104e-05
-2.93663e+08 -7.6146e-05
-2.94572e+08 -7.63817e-05
-2.95481e+08 -7.66174e-05
-2.96389e+08 -7.6853e-05
-2.97298e+08 -7.70887e-05
-2.98207e+08 -7.73243e-05
-2.99116e+08 -7.756e-05
-3.00025e+08 -7.77957e-05
-3.00934e+08 -7.80313e-05
-3.01842e+08 -7.8267e-05
-3.02751e+08 -7.85026e-05
-3.0366e+08 -7.87383e-05
-3.04569e+08 -7.8974e-05
-3.05478e+08 -7.92096e-05
-3.06387e+08 -7.94453e-05
-3.07295e+08 -7.96809e-05
-3.08204e+08 -7.99166e-05
-3.09113e+08 -8.01522e-05
-3.10022e+08 -8.03879e-05
-3.10931e+08 -8.06235e-05
-3.1184e+08 -8.08592e-05
-3.12748e+08 -8.10949e-05
-3.13657e+08 -8.13305e-05
-3.14566e+08 -8.15662e-05
-3.15475e+08 -8.18018e-05
-3.16384e+08 -8.20375e-05
-3.17292e+08 -8.22731e-05
-3.18201e+08 -8.25088e-05
-3.1911e+08 -8.27444e-05
-3.20019e+08 -8.29801e-05
-3.20928e+08 -8.32157e-05
-3.21836e+08 -8.34514e-05
-3.22745e+08 -8.3687e-05
-3.23654e+08 -8.39226e-05
-3.24563e+08 -8.41583e-05
-3.25472e+08 -8.43939e-05
-3.2638e+08 -8.46296e-05
-3.27289e+08 -8.48652e-05
-3.28198e+08 -8.51009e-05
-3.29107e+08 -8.53365e-05
-3.30015e+08 -8.55722e-05
-3.30924e+08 -8.58078e-05
-3.31833e+08 -8.60435e-05
-3.32742e+08 -8.62791e-05
-3.33651e+08 -8.65147e-05
-3.34559e+08 -8.67504e-05
-3.35468e+08 -8.6986e-05
-3.36377e+08 -8.72217e-05
-3.37286e+08 -8.74573e-05
-3.38194e+08 -8.76929e-05
-3.39103e+08 -8.79286e-05
-3.40012e+08 -8.81642e-05
-3.40921e+08 -8.83998e-05
-3.41829e+08 -8.86355e-05
-3.42738e+08 -8.88711e-05
-3.43647e+08 -8.91068e-05
-3.44556e+08 -8.93424e-05
-3.45464e+08 -8.9578e-05
-3.46373e+08 -8.98137e-05
-3.47282e+08 -9.00493e-05
-3.48191e+08 -9.02849e-05
-3.49099e+08 -9.05206e-05
-3.50008e+08 -9.07562e-05
-3.50917e+08 -9.09918e-05
-3.51825e+08 -9.12275e-05
-3.52734e+08 -9.14631e-05
-3.53643e+08 -9.16987e-05
-3.54552e+08 -9.19343e-05
-3.5546e+08 -9.217e-05
-3.56369e+08 -9.24056e-05
-3.57278e+08 -9.26412e-05
-3.58187e+08 -9.28769e-05
-3.59095e+08 -9.31125e-05
-3.60004e+08 -9.33481e-05
-3.60913e+08 -9.35837e-05
-3.61821e+08 -9.38194e-05
-3.6273e+08 -9.4055e-05
-3.63639e+08 -9.42906e-05
-3.64547e+08 -9.45262e-05
-3.65456e+08 -9.47619e-05
-3.66365e+08 -9.49975e-05
-3.67274e+08 -9.52331e-05
-3.68182e+08 -9.54687e-05
-3.69091e+08 -9.57044e-05
-3.7e+08 -9.594e-05
-3.70908e+08 -9.61756e-05
-3.71817e+08 -9.64112e-05
-3.72726e+08 -9.66468e-05
-3.73634e+08 -9.68825e-05
-3.74543e+08 -9.71181e-05
-3.75452e+08 -9.73537e-05
-3.7636e+08 -9.75893e-05
-3.77269e+08 -9.78249e-05
-3.78178e+08 -9.80605e-05
-3.79086e+08 -9.82962e-05
-3.79995e+08 -9.85318e-05
-3.80904e+08 -9.87674e-05
-3.81812e+08 -9.9003e-05
-3.82721e+08 -9.92386e-05
-3.8363e+08 -9.94742e-05
-3.84538e+08 -9.97098e-05
-3.85447e+08 -9.99455e-05
-3.86356e+08 -0.000100181
-3.87264e+08 -0.000100417
-3.88173e+08 -0.000100652
-3.89082e+08 -0.000100888
-3.8999e+08 -0.000101124
-3.90899e+08 -0.000101359
-3.91808e+08 -0.000101595
-3.92716e+08 -0.00010183
-3.93625e+08 -0.000102066
-3.94534e+08 -0.000102302
-3.95442e+08 -0.000102537
-3.96351e+08 -0.000102773
-3.97259e+08 -0.000103008
-3.98168e+08 -0.000103244
-3.99077e+08 -0.00010348
-3.99985e+08 -0.000103715
-4.00894e+08 -0.000103951
-4.01803e+08 -0.000104186
-4.02711e+08 -0.000104422
-4.0362e+08 -0.000104658
-4.04528e+08 -0.000104893
-4.05437e+08 -0.000105129
-4.06346e+08 -0.000105364
-4.07254e+08 -0.0001056
-4.08163e+08 -0.000105836
-4.09071e+08 -0.000106071
-4.0998e+08 -0.000106307
-4.10889e+08 -0.000106542
-4.11797e+08 -0.000106778
-4.12706e+08 -0.000107014
-4.13614e+08 -0.000107249
-4.14523e+08 -0.000107485
-4.15432e+08 -0.00010772
-4.1634e+08 -0.000107956
-4.17249e+08 -0.000108192
-4.18157e+08 -0.000108427
-4.19066e+08 -0.000108663
-4.19975e+08 -0.000108898
-4.20883e+08 -0.000109134
-4.21792e+08 -0.00010937
-4.227e+08 -0.000109605
-4.23609e+08 -0.000109841
-4.24517e+08 -0.000110076
-4.25426e+08 -0.000110312
-4.26335e+08 -0.000110547
-4.27243e+08 -0.000110783
-4.28152e+08 -0.000111019
-4.2906e+08 -0.000111254
-4.29969e+08 -0.00011149
-4.30877e+08 -0.000111725
-4.31786e+08 -0.000111961
-4.32695e+08 -0.000112197
-4.33603e+08 -0.000112432
-4.34512e+08 -0.000112668
-4.3542e+08 -0.000112903
-4.36329e+08 -0.000113139
-4.37237e+08 -0.000113375
-4.38146e+08 -0.00011361
-4.39054e+08 -0.000113846
-4.39963e+08 -0.000114081
-4.40871e+08 -0.000114317
-4.4178e+08 -0.000114552
-4.42688e+08 -0.000114788
-4.43597e+08 -0.000115024
-4.44506e+08 -0.000115259
-4.45414e+08 -0.000115495
-4.46323e+08 -0.00011573
-4.47231e+08 -0.000115966
-4.4814e+08 -0.000116201
-4.49048e+08 -0.000116437
-4.49957e+08 -0.000116673
-4.50865e+08 -0.000116908
-4.51774e+08 -0.000117144
-4.52682e+08 -0.000117379
-4.53591e+08 -0.000117615
-4.54499e+08 -0.00011785
-4.55408e+08 -0.000118086
-4.56316e+08 -0.000118322
-4.57225e+08 -0.000118557
-4.58133e+08 -0.000118793
-4.59042e+08 -0.000119028
-4.5995e+08 -0.000119264
-4.60859e+08 -0.000119499
-4.61767e+08 -0.000119735
-4.62676e+08 -0.000119971
-4.63584e+08 -0.000120206
-4.64493e+08 -0.000120442
-4.65401e+08 -0.000120677
-4.6631e+08 -0.000120913
-4.67218e+08 -0.000121148
-4.68127e+08 -0.000121384
-4.69035e+08 -0.00012162
-4.69944e+08 -0.000121855
-4.70852e+08 -0.000122091
-4.7176e+08 -0.000122326
-4.72669e+08 -0.000122562
-4.73577e+08 -0.000122797
-4.74486e+08 -0.000123033
-4.75394e+08 -0.000123269
-4.76303e+08 -0.000123504
-4.77211e+08 -0.00012374
-4.7812e+08 -0.000123975
-4.79028e+08 -0.000124211
-4.79937e+08 -0.000124446
-4.80845e+08 -0.000124682
-4.81753e+08 -0.000124917
-4.82662e+08 -0.000125153
-4.8357e+08 -0.000125389
-4.84479e+08 -0.000125624
-4.85387e+08 -0.00012586
-4.86296e+08 -0.000126095
-4.87204e+08 -0.000126331
-4.88113e+08 -0.000126566
-4.89021e+08 -0.000126802
-4.89929e+08 -0.000127037
-4.90838e+08 -0.000127273
-4.91746e+08 -0.000127509
-4.92655e+08 -0.000127744
-4.93563e+08 -0.00012798
-4.94472e+08 -0.000128215
-4.9538e+08 -0.000128451
-4.96288e+08 -0.000128686
-4.97197e+08 -0.000128922
-4.98105e+08 -0.000129157
-4.99014e+08 -0.000129393
-4.99922e+08 -0.000129629
-5.0083e+08 -0.000129864
-5.01739e+08 -0.0001301
-5.02647e+08 -0.000130335
-5.03556e+08 -0.000130571
-5.04464e+08 -0.000130806
-5.05372e+08 -0.000131042
-5.06281e+08 -0.000131277
-5.07189e+08 -0.000131513
-5.08098e+08 -0.000131748
-5.09006e+08 -0.000131984
-5.09914e+08 -0.00013222
-5.10823e+08 -0.000132455
-5.11731e+08 -0.000132691
-5.1264e+08 -0.000132926
-5.13548e+08 -0.000133162
-5.14456e+08 -0.000133397
-5.15365e+08 -0.000133633
-5.16273e+08 -0.000133868
-5.17181e+08 -0.000134104
-5.1809e+08 -0.000134339
-5.18998e+08 -0.000134575
-5.19907e+08 -0.00013481
-5.20815e+08 -0.000135046
-5.21723e+08 -0.000135282
-5.22632e+08 -0.000135517
-5.2354e+08 -0.000135753
-5.24448e+08 -0.000135988
-5.25357e+08 -0.000136224
-5.26265e+08 -0.000136459
-5.27173e+08 -0.000136695
-5.28082e+08 -0.00013693
-5.2899e+08 -0.000137166
-5.29898e+08 -0.000137401
-5.30807e+08 -0.000137637
-5.31715e+08 -0.000137872
-5.32623e+08 -0.000138108
-5.33532e+08 -0.000138343
-5.3444e+08 -0.000138579
-5.35348e+08 -0.000138814
-5.36257e+08 -0.00013905
-5.37165e+08 -0.000139286
-5.38073e+08 -0.000139521
-5.38982e+08 -0.000139757
-5.3989e+08 -0.000139992
-5.40798e+08 -0.000140228
-5.41707e+08 -0.000140463
-5.42615e+08 -0.000140699
-5.43523e+08 -0.000140934
-5.44432e+08 -0.00014117
-5.4534e+08 -0.000141405
-5.46248e+08 -0.000141641
-5.47157e+08 -0.000141876
-5.48065e+08 -0.000142112
-5.48973e+08 -0.000142347
-5.49881e+08 -0.000142583
-5.5079e+08 -0.000142818
-5.51698e+08 -0.000143054
-5.52606e+08 -0.000143289
-5.53515e+08 -0.000143525
-5.54423e+08 -0.00014376
-5.55331e+08 -0.000143996
-5.56239e+08 -0.000144231
-5.57148e+08 -0.000144467
-5.58056e+08 -0.000144703
-5.58964e+08 -0.000144938
-5.59873e+08 -0.000145174
-5.60781e+08 -0.000145409
-5.61689e+08 -0.000145645
-5.62597e+08 -0.00014588
-5.63506e+08 -0.000146116
-5.64414e+08 -0.000146351
-5.65322e+08 -0.000146587
-5.6623e+08 -0.000146822
-5.67139e+08 -0.000147058
-5.68047e+08 -0.000147293
-5.68955e+08 -0.000147529
-5.69864e+08 -0.000147764
-5.70772e+08 -0.000148
-5.7168e+08 -0.000148235
-5.72588e+08 -0.000148471
-5.73497e+08 -0.000148706
-5.74405e+08 -0.000148942
-5.75313e+08 -0.000149177
-5.76221e+08 -0.000149413
-5.7713e+08 -0.000149648
-5.78038e+08 -0.000149884
-5.78946e+08 -0.000150119
-5.79854e+08 -0.000150355
-5.80762e+08 -0.00015059
-5.81671e+08 -0.000150826
-5.82579e+08 -0.000151061
-5.83487e+08 -0.000151297
-5.84395e+08 -0.000151532
-5.85304e+08 -0.000151768
-5.86212e+08 -0.000152003
-5.8712e+08 -0.000152239
-5.88028e+08 -0.000152474
-5.88936e+08 -0.00015271
-5.89845e+08 -0.000152945
-5.90753e+08 -0.000153181
-5.91661e+08 -0.000153416
-5.92569e+08 -0.000153652
-5.93478e+08 -0.000153887
-5.94386e+08 -0.000154123
-5.95294e+08 -0.000154358
-5.96202e+08 -0.000154594
-5.9711e+08 -0.000154829
-5.98018e+08 -0.000155065
-5.98927e+08 -0.0001553
-5.99835e+08 -0.000155536
-6.00743e+08 -0.000155771
-6.01651e+08 -0.000156007
-6.02559e+08 -0.000156242
-6.03468e+08 -0.000156478
-6.04376e+08 -0.000156713
-6.05284e+08 -0.000156949
-6.06192e+08 -0.000157184
-6.071e+08 -0.00015742
-6.08009e+08 -0.000157655
-6.08917e+08 -0.000157891
-6.09825e+08 -0.000158126
-6.10733e+08 -0.000158362
-6.11641e+08 -0.000158597
-6.12549e+08 -0.000158832
-6.13458e+08 -0.000159068
-6.14366e+08 -0.000159303
-6.15274e+08 -0.000159539
-6.16182e+08 -0.000159774
-6.1709e+08 -0.00016001
-6.17998e+08 -0.000160245
-6.18906e+08 -0.000160481
-6.19815e+08 -0.000160716
-6.20723e+08 -0.000160952
-6.21631e+08 -0.000161187
-6.22539e+08 -0.000161423
-6.23447e+08 -0.000161658
-6.24355e+08 -0.000161894
-6.25263e+08 -0.000162129
-6.26172e+08 -0.000162365
-6.2708e+08 -0.0001626
-6.27988e+08 -0.000162836
-6.28896e+08 -0.000163071
-6.29804e+08 -0.000163307
-6.30712e+08 -0.000163542
-6.3162e+08 -0.000163778
-6.32528e+08 -0.000164013
-6.33437e+08 -0.000164248
-6.34345e+08 -0.000164484
-6.35253e+08 -0.000164719
-6.36161e+08 -0.000164955
-6.37069e+08 -0.00016519
-6.37977e+08 -0.000165426
-6.38885e+08 -0.000165661
-6.39793e+08 -0.000165897
-6.40701e+08 -0.000166132
-6.4161e+08 -0.000166368
-6.42518e+08 -0.000166603
-6.43426e+08 -0.000166839
-6.44334e+08 -0.000167074
-6.45242e+08 -0.00016731
-6.4615e+08 -0.000167545
-6.47058e+08 -0.000167781
-6.47966e+08 -0.000168016
-6.48874e+08 -0.000168251
-6.49782e+08 -0.000168487
-6.5069e+08 -0.000168722
-6.51599e+08 -0.000168958
-6.52507e+08 -0.000169193
-6.53415e+08 -0.000169429
-6.54323e+08 -0.000169664
-6.55231e+08 -0.0001699
-6.56139e+08 -0.000170135
-6.57047e+08 -0.000170371
-6.57955e+08 -0.000170606
-6.58863e+08 -0.000170842
-6.59771e+08 -0.000171077
-6.60679e+08 -0.000171312
-6.61587e+08 -0.000171548
-6.62495e+08 -0.000171783
-6.63403e+08 -0.000172019
-6.64311e+08 -0.000172254
-6.65219e+08 -0.00017249
-6.66128e+08 -0.000172725
-6.67036e+08 -0.000172961
-6.67944e+08 -0.000173196
-6.68852e+08 -0.000173432
-6.6976e+08 -0.000173667
-6.70668e+08 -0.000173902
-6.71576e+08 -0.000174138
-6.72484e+08 -0.000174373
-6.73392e+08 -0.000174609
-6.743e+08 -0.000174844
-6.75208e+08 -0.00017508
-6.76116e+08 -0.000175315
-6.77024e+08 -0.000175551
-6.77932e+08 -0.000175786
-6.7884e+08 -0.000176021
-6.79748e+08 -0.000176257
-6.80656e+08 -0.000176492
-6.81564e+08 -0.000176728
-6.82472e+08 -0.000176963
-6.8338e+08 -0.000177199
-6.84288e+08 -0.000177434
-6.85196e+08 -0.00017767
-6.86104e+08 -0.000177905
-6.87012e+08 -0.00017814
-6.8792e+08 -0.000178376
-6.88828e+08 -0.000178611
-6.89736e+08 -0.000178847
-6.90644e+08 -0.000179082
-6.91552e+08 -0.000179318
-6.9246e+08 -0.000179553
-6.93368e+08 -0.000179789
-6.94276e+08 -0.000180024
-6.95184e+08 -0.000180259
-6.96092e+08 -0.000180495
-6.97e+08 -0.00018073
-6.97908e+08 -0.000180966
-6.98816e+08 -0.000181201
-6.99724e+08 -0.000181437
-7.00632e+08 -0.000181672
-7.0154e+08 -0.000181907
-7.02448e+08 -0.000182143
-7.03356e+08 -0.000182378
-7.04264e+08 -0.000182614
-7.05172e+08 -0.000182849
-7.0608e+08 -0.000183085
-7.06988e+08 -0.00018332
-7.07896e+08 -0.000183556
-7.08803e+08 -0.000183791
-7.09711e+08 -0.000184026
-7.10619e+08 -0.000184262
-7.11527e+08 -0.000184497
-7.12435e+08 -0.000184733
-7.13343e+08 -0.000184968
-7.14251e+08 -0.000185204
-7.15159e+08 -0.000185439
-7.16067e+08 -0.000185674
-7.16975e+08 -0.00018591
-7.17883e+08 -0.000186145
-7.18791e+08 -0.000186381
-7.19699e+08 -0.000186616
-7.20607e+08 -0.000186851
-7.21515e+08 -0.000187087
-7.22423e+08 -0.000187322
-7.2333e+08 -0.000187558
-7.24238e+08 -0.000187793
-7.25146e+08 -0.000188029
-7.26054e+08 -0.000188264
-7.26962e+08 -0.000188499
-7.2787e+08 -0.000188735
-7.28778e+08 -0.00018897
-7.29686e+08 -0.000189206
-7.30594e+08 -0.000189441
-7.31502e+08 -0.000189677
-7.3241e+08 -0.000189912
-7.33318e+08 -0.000190147
-7.34225e+08 -0.000190383
-7.35133e+08 -0.000190618
-7.36041e+08 -0.000190854
-7.36949e+08 -0.000191089
-7.37857e+08 -0.000191324
-7.38765e+08 -0.00019156
-7.39673e+08 -0.000191795
-7.40581e+08 -0.000192031
-7.41489e+08 -0.000192266
-7.42396e+08 -0.000192502
-7.43304e+08 -0.000192737
-7.44212e+08 -0.000192972
-7.4512e+08 -0.000193208
-7.46028e+08 -0.000193443
-7.46936e+08 -0.000193679
-7.47844e+08 -0.000193914
-7.48752e+08 -0.000194149
-7.49659e+08 -0.000194385
-7.50567e+08 -0.00019462
-7.51475e+08 -0.000194856
-7.52383e+08 -0.000195091
-7.53291e+08 -0.000195326
-7.54199e+08 -0.000195562
-7.55107e+08 -0.000195797
-7.56014e+08 -0.000196033
-7.56922e+08 -0.000196268
-7.5783e+08 -0.000196503
-7.58738e+08 -0.000196739
-7.59646e+08 -0.000196974
-7.60554e+08 -0.00019721
-7.61461e+08 -0.000197445
-7.62369e+08 -0.00019768
-7.63277e+08 -0.000197916
-7.64185e+08 -0.000198151
-7.65093e+08 -0.000198387
-7.66001e+08 -0.000198622
-7.66908e+08 -0.000198857
-7.67816e+08 -0.000199093
-7.68724e+08 -0.000199328
-7.69632e+08 -0.000199564
-7.7054e+08 -0.000199799
-7.71448e+08 -0.000200034
-7.72355e+08 -0.00020027
-7.73263e+08 -0.000200505
-7.74171e+08 -0.000200741
-7.75079e+08 -0.000200976
-7.75987e+08 -0.000201211
-7.76894e+08 -0.000201447
-7.77641e+08 -0.00020164
-7.78098e+08 -0.000201759
-7.78556e+08 -0.000201877
-7.79013e+08 -0.000201996
-7.7947e+08 -0.000202115
-7.79927e+08 -0.000202233
-7.80384e+08 -0.000202352
-7.80842e+08 -0.00020247
-7.81113e+08 -0.000202541
-7.81082e+08 -0.000202533
-7.81051e+08 -0.000202524
-7.8102e+08 -0.000202516
-7.80989e+08 -0.000202508
-7.80957e+08 -0.0002025
-7.80926e+08 -0.000202492
-7.80895e+08 -0.000202484
-7.80864e+08 -0.000202476
-7.80833e+08 -0.000202468
-7.80802e+08 -0.00020246
-7.80771e+08 -0.000202452
-7.8074e+08 -0.000202444
-7.80708e+08 -0.000202436
-7.80677e+08 -0.000202428
-7.80646e+08 -0.00020242
-7.80615e+08 -0.000202411
-7.80584e+08 -0.000202403
-7.80553e+08 -0.000202395
-7.80522e+08 -0.000202387
-7.80491e+08 -0.000202379
-7.80459e+08 -0.000202371
-7.80428e+08 -0.000202363
-7.80397e+08 -0.000202355
-7.80366e+08 -0.000202347
-7.80335e+08 -0.000202339
-7.80304e+08 -0.000202331
-7.80273e+08 -0.000202323
-7.80242e+08 -0.000202315
-7.8021e+08 -0.000202307
-7.80179e+08 -0.000202299
-7.80148e+08 -0.00020229
-7.80117e+08 -0.000202282
-7.80086e+08 -0.000202274
-7.80055e+08 -0.000202266
-7.80024e+08 -0.000202258
-7.79993e+08 -0.00020225
-7.79961e+08 -0.000202242
-7.7993e+08 -0.000202234
-7.79899e+08 -0.000202226
-7.79868e+08 -0.000202218
-7.79837e+08 -0.00020221
-7.79806e+08 -0.000202202
-7.79775e+08 -0.000202194
-7.79744e+08 -0.000202186
-7.79713e+08 -0.000202177
-7.79681e+08 -0.000202169
-7.7965e+08 -0.000202161
-7.79619e+08 -0.000202153
-7.79588e+08 -0.000202145
-7.79557e+08 -0.000202137
-7.79526e+08 -0.000202129
-7.79495e+08 -0.000202121
-7.79464e+08 -0.000202113
-7.79433e+08 -0.000202105
-7.79401e+08 -0.000202097
-7.7937e+08 -0.000202089
-7.79339e+08 -0.000202081
-7.79308e+08 -0.000202073
-7.79277e+08 -0.000202065
-7.79246e+08 -0.000202056
-7.79215e+08 -0.000202048
-7.79184e+08 -0.00020204
-7.79153e+08 -0.000202032
-7.79121e+08 -0.000202024
-7.7909e+08 -0.000202016
-7.79059e+08 -0.000202008
-7.79028e+08 -0.000202
-7.78997e+08 -0.000201992
-7.78966e+08 -0.000201984
-7.78935e+08 -0.000201976
-7.78904e+08 -0.000201968
-7.78873e+08 -0.00020196
-7.78842e+08 -0.000201952
-7.7881e+08 -0.000201944
-7.78779e+08 -0.000201936
-7.78748e+08 -0.000201927
-7.78717e+08 -0.000201919
-7.78686e+08 -0.000201911
-7.78655e+08 -0.000201903
-7.78624e+08 -0.000201895
-7.78593e+08 -0.000201887
-7.78562e+08 -0.000201879
-7.78531e+08 -0.000201871
-7.78499e+08 -0.000201863
-7.78468e+08 -0.000201855
-7.78437e+08 -0.000201847
-7.78406e+08 -0.000201839
-7.78375e+08 -0.000201831
-7.78344e+08 -0.000201823
-7.78313e+08 -0.000201815
-7.78282e+08 -0.000201807
-7.78251e+08 -0.000201798
-7.7822e+08 -0.00020179
-7.78189e+08 -0.000201782
-7.78157e+08 -0.000201774
-7.78126e+08 -0.000201766
-7.78095e+08 -0.000201758
-7.78064e+08 -0.00020175
-7.78033e+08 -0.000201742
-7.78002e+08 -0.000201734
-7.77971e+08 -0.000201726
-7.7794e+08 -0.000201718
-7.77909e+08 -0.00020171
-7.77878e+08 -0.000201702
-7.77847e+08 -0.000201694
-7.77816e+08 -0.000201686
-7.77784e+08 -0.000201678
-7.77753e+08 -0.000201669
-7.77722e+08 -0.000201661
-7.77691e+08 -0.000201653
-7.7766e+08 -0.000201645
-7.77629e+08 -0.000201637
-7.77598e+08 -0.000201629
-7.77567e+08 -0.000201621
-7.77536e+08 -0.000201613
-7.77505e+08 -0.000201605
-7.77474e+08 -0.000201597
-7.77443e+08 -0.000201589
-7.77411e+08 -0.000201581
-7.7738e+08 -0.000201573
-7.77349e+08 -0.000201565
-7.77318e+08 -0.000201557
-7.77287e+08 -0.000201549
-7.77256e+08 -0.000201541
-7.77225e+08 -0.000201532
-7.77194e+08 -0.000201524
-7.77163e+08 -0.000201516
-7.77132e+08 -0.000201508
-7.77101e+08 -0.0002015
-7.7707e+08 -0.000201492
-7.77039e+08 -0.000201484
-7.77007e+08 -0.000201476
-7.76976e+08 -0.000201468
-7.76945e+08 -0.00020146
-7.76914e+08 -0.000201452
-7.76883e+08 -0.000201444
-7.76852e+08 -0.000201436
-7.76821e+08 -0.000201428
-7.7679e+08 -0.00020142
-7.76759e+08 -0.000201412
-7.76728e+08 -0.000201404
-7.76697e+08 -0.000201395
-7.76666e+08 -0.000201387
-7.76635e+08 -0.000201379
-7.76604e+08 -0.000201371
-7.76572e+08 -0.000201363
-7.76541e+08 -0.000201355
-7.7651e+08 -0.000201347
-7.76479e+08 -0.000201339
-7.76448e+08 -0.000201331
-7.76417e+08 -0.000201323
-7.76386e+08 -0.000201315
-7.76355e+08 -0.000201307
-7.76324e+08 -0.000201299
-7.76293e+08 -0.000201291
-7.76262e+08 -0.000201283
-7.76231e+08 -0.000201275
-7.762e+08 -0.000201267
-7.76169e+08 -0.000201259
-7.76138e+08 -0.000201251
-7.76107e+08 -0.000201242
-7.76075e+08 -0.000201234
-7.76044e+08 -0.000201226
-7.76013e+08 -0.000201218
-7.75982e+08 -0.00020121
-7.75951e+08 -0.000201202
-7.7592e+08 -0.000201194
-7.75889e+08 -0.000201186
-7.75858e+08 -0.000201178
-7.75827e+08 -0.00020117
-7.75796e+08 -0.000201162
-7.75765e+08 -0.000201154
-7.75734e+08 -0.000201146
-7.75703e+08 -0.000201138
-7.75672e+08 -0.00020113
-7.75641e+08 -0.000201122
-7.7561e+08 -0.000201114
-7.75579e+08 -0.000201106
-7.75548e+08 -0.000201098
-7.75516e+08 -0.000201089
-7.75485e+08 -0.000201081
-7.75454e+08 -0.000201073
-7.75423e+08 -0.000201065
-7.75392e+08 -0.000201057
-7.75361e+08 -0.000201049
-7.7533e+08 -0.000201041
-7.75299e+08 -0.000201033
-7.75268e+08 -0.000201025
-7.75237e+08 -0.000201017
-7.75206e+08 -0.000201009
-7.75175e+08 -0.000201001
-7.75144e+08 -0.000200993
-7.75113e+08 -0.000200985
-7.75082e+08 -0.000200977
-7.75051e+08 -0.000200969
-7.7502e+08 -0.000200961
-7.74989e+08 -0.000200953
-7.74958e+08 -0.000200945
-7.74927e+08 -0.000200936
-7.74896e+08 -0.000200928
-7.74864e+08 -0.00020092
-7.74833e+08 -0.000200912
-7.74802e+08 -0.000200904
-7.74771e+08 -0.000200896
-7.7474e+08 -0.000200888
-7.74709e+08 -0.00020088
-7.74678e+08 -0.000200872
-7.74647e+08 -0.000200864
-7.74616e+08 -0.000200856
-7.74585e+08 -0.000200848
-7.74554e+08 -0.00020084
-7.74523e+08 -0.000200832
-7.74492e+08 -0.000200824
-7.74461e+08 -0.000200816
-7.7443e+08 -0.000200808
-7.74399e+08 -0.0002008
-7.74368e+08 -0.000200792
-7.74337e+08 -0.000200784
-7.74306e+08 -0.000200776
-7.74275e+08 -0.000200767
-7.74244e+08 -0.000200759
-7.74213e+08 -0.000200751
-7.74182e+08 -0.000200743
-7.74151e+08 -0.000200735
-7.7412e+08 -0.000200727
-7.74089e+08 -0.000200719
-7.74058e+08 -0.000200711
-7.74026e+08 -0.000200703
-7.73995e+08 -0.000200695
-7.73964e+08 -0.000200687
-7.73933e+08 -0.000200679
-7.73902e+08 -0.000200671
-7.73871e+08 -0.000200663
-7.7384e+08 -0.000200655
-7.73809e+08 -0.000200647
-7.73778e+08 -0.000200639
-7.73747e+08 -0.000200631
-7.73716e+08 -0.000200623
-7.73685e+08 -0.000200615
-7.73654e+08 -0.000200607
-7.73623e+08 -0.000200599
-7.73592e+08 -0.00020059
-7.73561e+08 -0.000200582
-7.7353e+08 -0.000200574
-7.73499e+08 -0.000200566
-7.73468e+08 -0.000200558
-7.73437e+08 -0.00020055
-7.73406e+08 -0.000200542
-7.73375e+08 -0.000200534
-7.73344e+08 -0.000200526
-7.73313e+08 -0.000200518
-7.73282e+08 -0.00020051
-7.73251e+08 -0.000200502
-7.7322e+08 -0.000200494
-7.73189e+08 -0.000200486
-7.73158e+08 -0.000200478
-7.73127e+08 -0.00020047
-7.73096e+08 -0.000200462
-7.73065e+08 -0.000200454
-7.73034e+08 -0.000200446
-7.73003e+08 -0.000200438
-7.72972e+08 -0.00020043
-7.72941e+08 -0.000200422
-7.7291e+08 -0.000200414
-7.72879e+08 -0.000200405
-7.72848e+08 -0.000200397
-7.72817e+08 -0.000200389
-7.72786e+08 -0.000200381
-7.72755e+08 -0.000200373
-7.72724e+08 -0.000200365
-7.72693e+08 -0.000200357
-7.72662e+08 -0.000200349
-7.72631e+08 -0.000200341
-7.726e+08 -0.000200333
-7.72569e+08 -0.000200325
-7.72538e+08 -0.000200317
-7.72507e+08 -0.000200309
-7.72476e+08 -0.000200301
-7.72445e+08 -0.000200293
-7.72414e+08 -0.000200285
-7.72383e+08 -0.000200277
-7.72352e+08 -0.000200269
-7.72321e+08 -0.000200261
-7.7229e+08 -0.000200253
-7.72259e+08 -0.000200245
-7.72228e+08 -0.000200237
-7.72197e+08 -0.000200229
-7.72165e+08 -0.000200221
-7.72134e+08 -0.000200213
-7.72103e+08 -0.000200204
-7.72072e+08 -0.000200196
-7.72041e+08 -0.000200188
-7.7201e+08 -0.00020018
-7.71979e+08 -0.000200172
-7.71948e+08 -0.000200164
-7.71917e+08 -0.000200156
-7.71886e+08 -0.000200148
-7.71855e+08 -0.00020014
-7.71824e+08 -0.000200132
-7.71793e+08 -0.000200124
-7.71762e+08 -0.000200116
-7.71732e+08 -0.000200108
-7.717e+08 -0.0002001
-7.7167e+08 -0.000200092
-7.71638e+08 -0.000200084
-7.71608e+08 -0.000200076
-7.71577e+08 -0.000200068
-7.71546e+08 -0.00020006
-7.71515e+08 -0.000200052
-7.71484e+08 -0.000200044
-7.71453e+08 -0.000200036
-7.71422e+08 -0.000200028
-7.71391e+08 -0.00020002
-7.7136e+08 -0.000200012
-7.71329e+08 -0.000200004
-7.71298e+08 -0.000199996
-7.71267e+08 -0.000199987
-7.71236e+08 -0.000199979
-7.71205e+08 -0.000199971
-7.71174e+08 -0.000199963
-7.71143e+08 -0.000199955
-7.71112e+08 -0.000199947
-7.71081e+08 -0.000199939
-7.7105e+08 -0.000199931
-7.71019e+08 -0.000199923
-7.70988e+08 -0.000199915
-7.70957e+08 -0.000199907
-7.70926e+08 -0.000199899
-7.70895e+08 -0.000199891
-7.70864e+08 -0.000199883
-7.70833e+08 -0.000199875
-7.70802e+08 -0.000199867
-7.70771e+08 -0.000199859
-7.7074e+08 -0.000199851
-7.70709e+08 -0.000199843
-7.70678e+08 -0.000199835
-7.70647e+08 -0.000199827
-7.70616e+08 -0.000199819
-7.70585e+08 -0.000199811
-7.70554e+08 -0.000199803
-7.70523e+08 -0.000199795
-7.70492e+08 -0.000199787
-7.70461e+08 -0.000199779
-7.7043e+08 -0.000199771
-7.70399e+08 -0.000199763
-7.70368e+08 -0.000199754
-7.70337e+08 -0.000199746
-7.70306e+08 -0.000199738
-7.70275e+08 -0.00019973
-7.70244e+08 -0.000199722
-7.70213e+08 -0.000199714
-7.70182e+08 -0.000199706
-7.70151e+08 -0.000199698
-7.7012e+08 -0.00019969
-7.70089e+08 -0.000199682
-7.70058e+08 -0.000199674
-7.70027e+08 -0.000199666
-7.69996e+08 -0.000199658
-7.69965e+08 -0.00019965
-7.69934e+08 -0.000199642
-7.69903e+08 -0.000199634
-7.69873e+08 -0.000199626
-7.69842e+08 -0.000199618
-7.69811e+08 -0.00019961
-7.6978e+08 -0.000199602
-7.69749e+08 -0.000199594
-7.69718e+08 -0.000199586
-7.69687e+08 -0.000199578
-7.69656e+08 -0.00019957
-7.69625e+08 -0.000199562
-7.69594e+08 -0.000199554
-7.69563e+08 -0.000199546
-7.69532e+08 -0.000199538
-7.69501e+08 -0.00019953
-7.6947e+08 -0.000199522
-7.69439e+08 -0.000199514
-7.69408e+08 -0.000199506
-7.69377e+08 -0.000199498
-7.69346e+08 -0.000199489
-7.69315e+08 -0.000199481
-7.69284e+08 -0.000199473
-7.69253e+08 -0.000199465
-7.69222e+08 -0.000199457
-7.69191e+08 -0.000199449
-7.6916e+08 -0.000199441
-7.69129e+08 -0.000199433
-7.69098e+08 -0.000199425
-7.69067e+08 -0.000199417
-7.69036e+08 -0.000199409
-7.69006e+08 -0.000199401
-7.68975e+08 -0.000199393
-7.68944e+08 -0.000199385
-7.68913e+08 -0.000199377
-7.68882e+08 -0.000199369
-7.68851e+08 -0.000199361
-7.6882e+08 -0.000199353
-7.68789e+08 -0.000199345
-7.68758e+08 -0.000199337
-7.68727e+08 -0.000199329
-7.68696e+08 -0.000199321
-7.68665e+08 -0.000199313
-7.68634e+08 -0.000199305
-7.68603e+08 -0.000199297
-7.68572e+08 -0.000199289
-7.68541e+08 -0.000199281
-7.6851e+08 -0.000199273
-7.68479e+08 -0.000199265
-7.68448e+08 -0.000199257
-7.68417e+08 -0.000199249
-7.68386e+08 -0.000199241
-7.68356e+08 -0.000199233
-7.68325e+08 -0.000199225
-7.68294e+08 -0.000199217
-7.68263e+08 -0.000199209
-7.68232e+08 -0.000199201
-7.68201e+08 -0.000199193
-7.6817e+08 -0.000199184
-7.68139e+08 -0.000199176
-7.68108e+08 -0.000199168
-7.68077e+08 -0.00019916
-7.68046e+08 -0.000199152
-7.68015e+08 -0.000199144
-7.67984e+08 -0.000199136
-7.67953e+08 -0.000199128
-7.67922e+08 -0.00019912
-7.67891e+08 -0.000199112
-7.6786e+08 -0.000199104
-7.67829e+08 -0.000199096
-7.67799e+08 -0.000199088
-7.67768e+08 -0.00019908
-7.67737e+08 -0.000199072
-7.67706e+08 -0.000199064
-7.67675e+08 -0.000199056
-7.67644e+08 -0.000199048
-7.67613e+08 -0.00019904
-7.67582e+08 -0.000199032
-7.67551e+08 -0.000199024
-7.6752e+08 -0.000199016
-7.67489e+08 -0.000199008
-7.67458e+08 -0.000199
-7.67427e+08 -0.000198992
-7.67396e+08 -0.000198984
-7.67365e+08 -0.000198976
-7.67335e+08 -0.000198968
-7.67304e+08 -0.00019896
-7.67273e+08 -0.000198952
-7.67242e+08 -0.000198944
-7.67211e+08 -0.000198936
-7.6718e+08 -0.000198928
-7.67149e+08 -0.00019892
-7.67118e+08 -0.000198912
-7.67087e+08 -0.000198904
-7.67056e+08 -0.000198896
-7.67025e+08 -0.000198888
-7.66994e+08 -0.00019888
-7.66963e+08 -0.000198872
-7.66932e+08 -0.000198864
-7.66901e+08 -0.000198856
-7.66871e+08 -0.000198848
-7.6684e+08 -0.00019884
-7.66809e+08 -0.000198832
-7.66778e+08 -0.000198824
-7.66747e+08 -0.000198816
-7.66716e+08 -0.000198807
-7.66685e+08 -0.000198799
-7.66654e+08 -0.000198791
-7.66623e+08 -0.000198783
-7.66592e+08 -0.000198775
-7.66561e+08 -0.000198767
-7.6653e+08 -0.000198759
-7.66499e+08 -0.000198751
-7.66469e+08 -0.000198743
-7.66438e+08 -0.000198735
-7.66407e+08 -0.000198727
-7.66376e+08 -0.000198719
-7.66345e+08 -0.000198711
-7.66314e+08 -0.000198703
-7.66283e+08 -0.000198695
-7.66252e+08 -0.000198687
-7.66221e+08 -0.000198679
-7.6619e+08 -0.000198671
-7.66159e+08 -0.000198663
-7.66128e+08 -0.000198655
-7.66098e+08 -0.000198647
-7.66067e+08 -0.000198639
-7.66036e+08 -0.000198631
-7.66005e+08 -0.000198623
-7.65974e+08 -0.000198615
-7.65943e+08 -0.000198607
-7.65912e+08 -0.000198599
-7.65881e+08 -0.000198591
-7.6585e+08 -0.000198583
-7.65819e+08 -0.000198575
-7.65788e+08 -0.000198567
-7.65758e+08 -0.000198559
-7.65727e+08 -0.000198551
-7.65696e+08 -0.000198543
-7.65665e+08 -0.000198535
-7.65634e+08 -0.000198527
-7.65603e+08 -0.000198519
-7.65572e+08 -0.000198511
-7.65541e+08 -0.000198503
-7.6551e+08 -0.000198495
-7.65479e+08 -0.000198487
-7.65448e+08 -0.000198479
-7.65418e+08 -0.000198471
-7.65387e+08 -0.000198463
-7.65356e+08 -0.000198455
-7.65325e+08 -0.000198447
-7.65294e+08 -0.000198439
-7.65263e+08 -0.000198431
-7.65232e+08 -0.000198423
-7.65201e+08 -0.000198415
-7.6517e+08 -0.000198407
-7.65139e+08 -0.000198399
-7.65109e+08 -0.000198391
-7.65078e+08 -0.000198383
-7.65047e+08 -0.000198375
-7.65016e+08 -0.000198367
-7.64985e+08 -0.000198359
-7.64954e+08 -0.000198351
-7.64923e+08 -0.000198343
-7.64892e+08 -0.000198335
-7.64861e+08 -0.000198327
-7.6483e+08 -0.000198319
-7.648e+08 -0.000198311
-7.64769e+08 -0.000198303
-7.64738e+08 -0.000198295
-7.64707e+08 -0.000198287
-7.64676e+08 -0.000198279
-7.64645e+08 -0.000198271
-7.64614e+08 -0.000198263
-7.64583e+08 -0.000198255
-7.64552e+08 -0.000198246
-7.64521e+08 -0.000198238
-7.64491e+08 -0.00019823
-7.6446e+08 -0.000198222
-7.64429e+08 -0.000198214
-7.64398e+08 -0.000198206
-7.64367e+08 -0.000198198
-7.64336e+08 -0.00019819
-7.64305e+08 -0.000198182
-7.64274e+08 -0.000198174
-7.64243e+08 -0.000198166
-7.64213e+08 -0.000198158
-7.64182e+08 -0.00019815
-7.64151e+08 -0.000198142
-7.6412e+08 -0.000198134
-7.64089e+08 -0.000198126
-7.64058e+08 -0.000198118
-7.64027e+08 -0.00019811
-7.63996e+08 -0.000198102
-7.63966e+08 -0.000198094
-7.63935e+08 -0.000198086
-7.63904e+08 -0.000198078
-7.63873e+08 -0.00019807
-7.63842e+08 -0.000198062
-7.63811e+08 -0.000198054
-7.6378e+08 -0.000198046
-7.63749e+08 -0.000198038
-7.63718e+08 -0.00019803
-7.63688e+08 -0.000198022
-7.63657e+08 -0.000198014
-7.63626e+08 -0.000198006
-7.63595e+08 -0.000197998
-7.63564e+08 -0.00019799
-7.63533e+08 -0.000197982
-7.63502e+08 -0.000197974
-7.63471e+08 -0.000197966
-7.63441e+08 -0.000197958
-7.6341e+08 -0.00019795
-7.63379e+08 -0.000197942
-7.63348e+08 -0.000197934
-7.63317e+08 -0.000197926
-7.63286e+08 -0.000197918
-7.63255e+08 -0.00019791
-7.63224e+08 -0.000197902
-7.63194e+08 -0.000197894
-7.63163e+08 -0.000197886
-7.63132e+08 -0.000197878
-7.63101e+08 -0.00019787
-7.6307e+08 -0.000197862
-7.63039e+08 -0.000197854
-7.63008e+08 -0.000197846
-7.62977e+08 -0.000197838
-7.62947e+08 -0.00019783
-7.62916e+08 -0.000197822
-7.62885e+08 -0.000197814
-7.62854e+08 -0.000197806
-7.62823e+08 -0.000197798
-7.62792e+08 -0.00019779
-7.62761e+08 -0.000197782
-7.62731e+08 -0.000197774
-7.627e+08 -0.000197766
-7.62669e+08 -0.000197758
-7.62638e+08 -0.00019775
-7.62607e+08 -0.000197742
-7.62576e+08 -0.000197734
-7.62545e+08 -0.000197726
-7.62514e+08 -0.000197718
-7.62484e+08 -0.00019771
-7.62453e+08 -0.000197702
-7.62422e+08 -0.000197694
-7.62391e+08 -0.000197686
-7.6236e+08 -0.000197678
-7.62329e+08 -0.00019767
-7.62298e+08 -0.000197662
-7.62268e+08 -0.000197654
-7.62237e+08 -0.000197646
-7.62206e+08 -0.000197638
-7.62175e+08 -0.00019763
-7.62144e+08 -0.000197622
-7.62113e+08 -0.000197614
-7.62082e+08 -0.000197606
-7.62052e+08 -0.000197598
-7.62021e+08 -0.00019759
-7.6199e+08 -0.000197582
-7.61959e+08 -0.000197574
-7.61928e+08 -0.000197566
-7.61897e+08 -0.000197558
-7.61866e+08 -0.00019755
-7.61836e+08 -0.000197542
-7.61805e+08 -0.000197534
-7.61774e+08 -0.000197526
-7.61743e+08 -0.000197518
-7.61712e+08 -0.00019751
-7.61681e+08 -0.000197502
-7.61651e+08 -0.000197494
-7.6162e+08 -0.000197486
-7.61589e+08 -0.000197478
-7.61558e+08 -0.00019747
-7.61527e+08 -0.000197462
-7.61496e+08 -0.000197454
-7.61465e+08 -0.000197446
-7.61435e+08 -0.000197438
-7.61404e+08 -0.00019743
-7.61373e+08 -0.000197422
-7.61342e+08 -0.000197414
-7.61311e+08 -0.000197406
-7.6128e+08 -0.000197398
-7.6125e+08 -0.00019739
-7.61219e+08 -0.000197382
-7.61188e+08 -0.000197374
-7.61157e+08 -0.000197366
-7.61126e+08 -0.000197358
-7.61095e+08 -0.00019735
-7.61064e+08 -0.000197342
-7.61034e+08 -0.000197334
-7.61003e+08 -0.000197326
-7.60972e+08 -0.000197318
-7.60941e+08 -0.00019731
-7.6091e+08 -0.000197302
-7.60879e+08 -0.000197294
-7.60849e+08 -0.000197286
-7.60818e+08 -0.000197278
-7.60787e+08 -0.00019727
-7.60756e+08 -0.000197262
-7.60725e+08 -0.000197254
-7.60694e+08 -0.000197246
-7.60664e+08 -0.000197238
-7.60633e+08 -0.00019723
-7.60602e+08 -0.000197222
-7.60571e+08 -0.000197214
-7.6054e+08 -0.000197206
-7.60509e+08 -0.000197198
-7.60479e+08 -0.00019719
-7.60448e+08 -0.000197182
-7.60417e+08 -0.000197174
-7.60386e+08 -0.000197166
-7.60355e+08 -0.000197158
-7.60324e+08 -0.00019715
-7.60294e+08 -0.000197142
-7.60263e+08 -0.000197134
-7.60232e+08 -0.000197126
-7.60201e+08 -0.000197118
-7.6017e+08 -0.00019711
-7.60139e+08 -0.000197102
-7.60109e+08 -0.000197094
-7.60078e+08 -0.000197086
-7.60047e+08 -0.000197078
-7.60016e+08 -0.00019707
-7.59985e+08 -0.000197062
-7.59954e+08 -0.000197054
-7.59924e+08 -0.000197046
-7.59893e+08 -0.000197038
-7.59862e+08 -0.00019703
-7.59831e+08 -0.000197022
-7.598e+08 -0.000197014
-7.5977e+08 -0.000197006
-7.59739e+08 -0.000196998
-7.59708e+08 -0.00019699
-7.59677e+08 -0.000196982
-7.59646e+08 -0.000196974
-7.59615e+08 -0.000196966
-7.59585e+08 -0.000196958
-7.59554e+08 -0.00019695
-7.59523e+08 -0.000196942
-7.59492e+08 -0.000196934
-7.59461e+08 -0.000196926
-7.59431e+08 -0.000196918
-7.594e+08 -0.00019691
-7.59369e+08 -0.000196902
-7.59338e+08 -0.000196894
-7.59307e+08 -0.000196886
-7.59276e+08 -0.000196878
-7.59246e+08 -0.00019687
-7.59215e+08 -0.000196862
-7.59184e+08 -0.000196854
-7.59153e+08 -0.000196846
-7.59122e+08 -0.000196839
-7.59092e+08 -0.000196831
-7.59061e+08 -0.000196823
-7.5903e+08 -0.000196815
-7.58999e+08 -0.000196807
-7.58968e+08 -0.000196799
-7.58937e+08 -0.000196791
-7.58907e+08 -0.000196783
-7.58876e+08 -0.000196775
-7.58845e+08 -0.000196767
-7.58814e+08 -0.000196759
-7.58783e+08 -0.000196751
-7.58753e+08 -0.000196743
-7.58722e+08 -0.000196735
-7.58691e+08 -0.000196727
-7.5866e+08 -0.000196719
-7.58629e+08 -0.000196711
-7.58599e+08 -0.000196703
-7.58568e+08 -0.000196695
-7.58537e+08 -0.000196687
-7.58506e+08 -0.000196679
-7.58475e+08 -0.000196671
-7.58445e+08 -0.000196663
-7.58414e+08 -0.000196655
-7.58383e+08 -0.000196647
-7.58352e+08 -0.000196639
-7.58321e+08 -0.000196631
-7.58291e+08 -0.000196623
-7.5826e+08 -0.000196615
-7.58229e+08 -0.000196607
-7.58198e+08 -0.000196599
-7.58167e+08 -0.000196591
-7.58137e+08 -0.000196583
-7.58106e+08 -0.000196575
-7.58075e+08 -0.000196567
-7.58044e+08 -0.000196559
-7.58013e+08 -0.000196551
-7.57983e+08 -0.000196543
-7.57952e+08 -0.000196535
-7.57921e+08 -0.000196527
-7.5789e+08 -0.000196519
-7.57859e+08 -0.000196511
-7.57829e+08 -0.000196503
-7.57798e+08 -0.000196495
-7.57767e+08 -0.000196487
-7.57736e+08 -0.000196479
-7.57705e+08 -0.000196471
-7.57675e+08 -0.000196463
-7.57644e+08 -0.000196455
-7.57613e+08 -0.000196447
-7.57582e+08 -0.000196439
-7.57551e+08 -0.000196431
-7.57521e+08 -0.000196423
-7.5749e+08 -0.000196415
-7.57459e+08 -0.000196407
-7.57428e+08 -0.000196399
-7.57398e+08 -0.000196391
-7.57367e+08 -0.000196383
-7.57336e+08 -0.000196375
-7.57305e+08 -0.000196367
-7.57274e+08 -0.000196359
-7.57244e+08 -0.000196351
-7.57213e+08 -0.000196343
-7.57182e+08 -0.000196335
-7.57151e+08 -0.000196327
-7.57121e+08 -0.000196319
-7.5709e+08 -0.000196311
-7.57059e+08 -0.000196303
-7.57028e+08 -0.000196295
-7.56997e+08 -0.000196287
-7.56967e+08 -0.00019628
-7.56936e+08 -0.000196272
-7.56905e+08 -0.000196264
-7.56874e+08 -0.000196256
-7.56843e+08 -0.000196248
-7.56813e+08 -0.00019624
-7.56782e+08 -0.000196232
-7.56751e+08 -0.000196224
-7.5672e+08 -0.000196216
-7.5669e+08 -0.000196208
-7.56659e+08 -0.0001962
-7.56628e+08 -0.000196192
-7.56597e+08 -0.000196184
-7.56566e+08 -0.000196176
-7.56536e+08 -0.000196168
-7.56505e+08 -0.00019616
-7.56474e+08 -0.000196152
-7.56443e+08 -0.000196144
-7.56413e+08 -0.000196136
-7.56382e+08 -0.000196128
-7.56351e+08 -0.00019612
-7.5632e+08 -0.000196112
-7.56289e+08 -0.000196104
-7.56259e+08 -0.000196096
-7.56228e+08 -0.000196088
-7.56197e+08 -0.00019608
-7.56166e+08 -0.000196072
-7.56136e+08 -0.000196064
-7.56105e+08 -0.000196056
-7.56074e+08 -0.000196048
-7.56043e+08 -0.00019604
-7.56013e+08 -0.000196032
-7.55982e+08 -0.000196024
-7.55951e+08 -0.000196016
-7.5592e+08 -0.000196008
-7.5589e+08 -0.000196
-7.55859e+08 -0.000195992
-7.55828e+08 -0.000195984
-7.55797e+08 -0.000195976
-7.55766e+08 -0.000195968
-7.55736e+08 -0.00019596
-7.55705e+08 -0.000195952
-7.55674e+08 -0.000195944
-7.55643e+08 -0.000195936
-7.55613e+08 -0.000195928
-7.55582e+08 -0.00019592
-7.55551e+08 -0.000195912
-7.5552e+08 -0.000195905
-7.5549e+08 -0.000195897
-7.55459e+08 -0.000195889
-7.55428e+08 -0.000195881
-7.55397e+08 -0.000195873
-7.55367e+08 -0.000195865
-7.55336e+08 -0.000195857
-7.55305e+08 -0.000195849
-7.55274e+08 -0.000195841
-7.55244e+08 -0.000195833
-7.55213e+08 -0.000195825
-7.55182e+08 -0.000195817
-7.55151e+08 -0.000195809
-7.5512e+08 -0.000195801
-7.5509e+08 -0.000195793
-7.55059e+08 -0.000195785
-7.55028e+08 -0.000195777
-7.54997e+08 -0.000195769
-7.54967e+08 -0.000195761
-7.54936e+08 -0.000195753
-7.54905e+08 -0.000195745
-7.54874e+08 -0.000195737
-7.54844e+08 -0.000195729
-7.54813e+08 -0.000195721
-7.54782e+08 -0.000195713
-7.54751e+08 -0.000195705
-7.54721e+08 -0.000195697
-7.5469e+08 -0.000195689
-7.54659e+08 -0.000195681
-7.54629e+08 -0.000195673
-7.54598e+08 -0.000195665
-7.54567e+08 -0.000195657
-7.54536e+08 -0.000195649
-7.54506e+08 -0.000195641
-7.54475e+08 -0.000195633
-7.54444e+08 -0.000195625
-7.54413e+08 -0.000195617
-7.54383e+08 -0.000195609
-7.54352e+08 -0.000195602
-7.54321e+08 -0.000195594
-7.5429e+08 -0.000195586
-7.5426e+08 -0.000195578
-7.54229e+08 -0.00019557
-7.54198e+08 -0.000195562
-7.54167e+08 -0.000195554
-7.54137e+08 -0.000195546
-7.54106e+08 -0.000195538
-7.54075e+08 -0.00019553
-7.54044e+08 -0.000195522
-7.54014e+08 -0.000195514
-7.53983e+08 -0.000195506
-7.53952e+08 -0.000195498
-7.53921e+08 -0.00019549
-7.53891e+08 -0.000195482
-7.5386e+08 -0.000195474
-7.53829e+08 -0.000195466
-7.53798e+08 -0.000195458
-7.53768e+08 -0.00019545
-7.53737e+08 -0.000195442
-7.53706e+08 -0.000195434
-7.53676e+08 -0.000195426
-7.53645e+08 -0.000195418
-7.53614e+08 -0.00019541
-7.53583e+08 -0.000195402
-7.53553e+08 -0.000195394
-7.53522e+08 -0.000195386
-7.53491e+08 -0.000195378
-7.5346e+08 -0.00019537
-7.5343e+08 -0.000195362
-7.53399e+08 -0.000195354
-7.53368e+08 -0.000195346
-7.53338e+08 -0.000195339
-7.53307e+08 -0.000195331
-7.53276e+08 -0.000195323
-7.53245e+08 -0.000195315
-7.53215e+08 -0.000195307
-7.53184e+08 -0.000195299
-7.53153e+08 -0.000195291
-7.53122e+08 -0.000195283
-7.53092e+08 -0.000195275
-7.53061e+08 -0.000195267
-7.5303e+08 -0.000195259
-7.53e+08 -0.000195251
-7.52969e+08 -0.000195243
-7.52938e+08 -0.000195235
-7.52907e+08 -0.000195227
-7.52877e+08 -0.000195219
-7.52846e+08 -0.000195211
-7.52815e+08 -0.000195203
-7.52784e+08 -0.000195195
-7.52754e+08 -0.000195187
-7.52723e+08 -0.000195179
-7.52692e+08 -0.000195171
-7.52662e+08 -0.000195163
-7.52631e+08 -0.000195155
-7.526e+08 -0.000195147
-7.52569e+08 -0.000195139
-7.52539e+08 -0.000195131
-7.52508e+08 -0.000195123
-7.52477e+08 -0.000195115
-7.52447e+08 -0.000195107
-7.52416e+08 -0.0001951
-7.52385e+08 -0.000195092
-7.52354e+08 -0.000195084
-7.52324e+08 -0.000195076
-7.52293e+08 -0.000195068
-7.52262e+08 -0.00019506
-7.52232e+08 -0.000195052
-7.52201e+08 -0.000195044
-7.5217e+08 -0.000195036
-7.52139e+08 -0.000195028
-7.52109e+08 -0.00019502
-7.52078e+08 -0.000195012
-7.52047e+08 -0.000195004
-7.52017e+08 -0.000194996
-7.51986e+08 -0.000194988
-7.51955e+08 -0.00019498
-7.51925e+08 -0.000194972
-7.51894e+08 -0.000194964
-7.51863e+08 -0.000194956
-7.51832e+08 -0.000194948
-7.51802e+08 -0.00019494
-7.51771e+08 -0.000194932
-7.5174e+08 -0.000194924
-7.5171e+08 -0.000194916
-7.51679e+08 -0.000194908
-7.51648e+08 -0.0001949
-7.51617e+08 -0.000194892
-7.51587e+08 -0.000194885
-7.51556e+08 -0.000194877
-7.51525e+08 -0.000194869
-7.51495e+08 -0.000194861
-7.51464e+08 -0.000194853
-7.51433e+08 -0.000194845
-7.51403e+08 -0.000194837
-7.51372e+08 -0.000194829
-7.51341e+08 -0.000194821
-7.5131e+08 -0.000194813
-7.5128e+08 -0.000194805
-7.51249e+08 -0.000194797
-7.51218e+08 -0.000194789
-7.51188e+08 -0.000194781
-7.51157e+08 -0.000194773
-7.51126e+08 -0.000194765
-7.51096e+08 -0.000194757
-7.51065e+08 -0.000194749
-7.51034e+08 -0.000194741
-7.51003e+08 -0.000194733
-7.50973e+08 -0.000194725
-7.50942e+08 -0.000194717
-7.50911e+08 -0.000194709
-7.50881e+08 -0.000194701
-7.5085e+08 -0.000194694
-7.50819e+08 -0.000194686
-7.50789e+08 -0.000194678
-7.50758e+08 -0.00019467
-7.50727e+08 -0.000194662
-7.50697e+08 -0.000194654
-7.50666e+08 -0.000194646
-7.50635e+08 -0.000194638
-7.50605e+08 -0.00019463
-7.50574e+08 -0.000194622
-7.50543e+08 -0.000194614
-7.50512e+08 -0.000194606
-7.50482e+08 -0.000194598
-7.50451e+08 -0.00019459
-7.5042e+08 -0.000194582
-7.5039e+08 -0.000194574
-7.50359e+08 -0.000194566
-7.50328e+08 -0.000194558
-7.50298e+08 -0.00019455
-7.50267e+08 -0.000194542
-7.50236e+08 -0.000194534
-7.50206e+08 -0.000194526
-7.50175e+08 -0.000194518
-7.50144e+08 -0.00019451
-7.50114e+08 -0.000194503
-7.50083e+08 -0.000194495
-7.50052e+08 -0.000194487
-7.50022e+08 -0.000194479
-7.49991e+08 -0.000194471
-7.4996e+08 -0.000194463
-7.49929e+08 -0.000194455
-7.49899e+08 -0.000194447
-7.49868e+08 -0.000194439
-7.49837e+08 -0.000194431
-7.49807e+08 -0.000194423
-7.49776e+08 -0.000194415
-7.49745e+08 -0.000194407
-7.49715e+08 -0.000194399
-7.49684e+08 -0.000194391
-7.49653e+08 -0.000194383
-7.49623e+08 -0.000194375
-7.49592e+08 -0.000194367
-7.49561e+08 -0.000194359
-7.49531e+08 -0.000194351
-7.495e+08 -0.000194343
-7.49469e+08 -0.000194336
-7.49439e+08 -0.000194328
-7.49408e+08 -0.00019432
-7.49377e+08 -0.000194312
-7.49347e+08 -0.000194304
-7.49316e+08 -0.000194296
-7.49285e+08 -0.000194288
-7.49255e+08 -0.00019428
-7.49224e+08 -0.000194272
-7.49193e+08 -0.000194264
-7.49163e+08 -0.000194256
-7.49132e+08 -0.000194248
-7.49101e+08 -0.00019424
-7.49071e+08 -0.000194232
-7.4904e+08 -0.000194224
-7.49009e+08 -0.000194216
-7.48979e+08 -0.000194208
-7.48948e+08 -0.0001942
-7.48917e+08 -0.000194192
-7.48887e+08 -0.000194184
-7.48856e+08 -0.000194176
-7.48825e+08 -0.000194169
-7.48795e+08 -0.000194161
-7.48764e+08 -0.000194153
-7.48733e+08 -0.000194145
-7.48703e+08 -0.000194137
-7.48672e+08 -0.000194129
-7.48641e+08 -0.000194121
-7.48611e+08 -0.000194113
-7.4858e+08 -0.000194105
-7.48549e+08 -0.000194097
-7.48519e+08 -0.000194089
-7.48488e+08 -0.000194081
-7.48457e+08 -0.000194073
-7.48427e+08 -0.000194065
-7.48396e+08 -0.000194057
-7.48366e+08 -0.000194049
-7.48335e+08 -0.000194041
-7.48304e+08 -0.000194033
-7.48274e+08 -0.000194025
-7.48243e+08 -0.000194017
-7.48212e+08 -0.00019401
-7.48182e+08 -0.000194002
-7.48151e+08 -0.000193994
-7.4812e+08 -0.000193986
-7.4809e+08 -0.000193978
-7.48059e+08 -0.00019397
-7.48028e+08 -0.000193962
-7.47998e+08 -0.000193954
-7.47967e+08 -0.000193946
-7.47936e+08 -0.000193938
-7.47906e+08 -0.00019393
-7.47875e+08 -0.000193922
-7.47844e+08 -0.000193914
-7.47814e+08 -0.000193906
-7.47783e+08 -0.000193898
-7.47752e+08 -0.00019389
-7.47722e+08 -0.000193882
-7.47691e+08 -0.000193874
-7.47661e+08 -0.000193866
-7.4763e+08 -0.000193859
-7.47599e+08 -0.000193851
-7.47569e+08 -0.000193843
-7.47538e+08 -0.000193835
-7.47507e+08 -0.000193827
-7.47477e+08 -0.000193819
-7.47446e+08 -0.000193811
-7.47415e+08 -0.000193803
-7.47385e+08 -0.000193795
-7.47354e+08 -0.000193787
-7.47323e+08 -0.000193779
-7.47293e+08 -0.000193771
-7.47262e+08 -0.000193763
-7.47232e+08 -0.000193755
-7.47201e+08 -0.000193747
-7.4717e+08 -0.000193739
-7.4714e+08 -0.000193731
-7.47109e+08 -0.000193723
-7.47078e+08 -0.000193716
-7.47048e+08 -0.000193708
-7.47017e+08 -0.0001937
-7.46986e+08 -0.000193692
-7.46956e+08 -0.000193684
-7.46925e+08 -0.000193676
-7.46895e+08 -0.000193668
-7.46864e+08 -0.00019366
-7.46833e+08 -0.000193652
-7.46803e+08 -0.000193644
-7.46772e+08 -0.000193636
-7.46741e+08 -0.000193628
-7.46711e+08 -0.00019362
-7.4668e+08 -0.000193612
-7.4665e+08 -0.000193604
-7.46619e+08 -0.000193596
-7.46509e+08 -0.000193568
-7.46191e+08 -0.000193485
-7.45873e+08 -0.000193403
-7.45556e+08 -0.000193321
-7.45238e+08 -0.000193238
-7.4492e+08 -0.000193156
-7.44603e+08 -0.000193074
-7.44285e+08 -0.000192991
-7.43967e+08 -0.000192909
-7.4365e+08 -0.000192827
-7.43332e+08 -0.000192744
-7.43015e+08 -0.000192662
-7.42697e+08 -0.000192579
-7.42379e+08 -0.000192497
-7.42062e+08 -0.000192415
-7.41744e+08 -0.000192332
-7.41426e+08 -0.00019225
-7.41109e+08 -0.000192168
-7.40791e+08 -0.000192085
-7.40474e+08 -0.000192003
-7.40156e+08 -0.000191921
-7.39838e+08 -0.000191838
-7.39521e+08 -0.000191756
-7.39203e+08 -0.000191673
-7.38886e+08 -0.000191591
-7.38568e+08 -0.000191509
-7.3825e+08 -0.000191426
-7.37933e+08 -0.000191344
-7.37615e+08 -0.000191262
-7.37298e+08 -0.000191179
-7.3698e+08 -0.000191097
-7.36662e+08 -0.000191015
-7.36345e+08 -0.000190932
-7.36027e+08 -0.00019085
-7.3571e+08 -0.000190768
-7.35392e+08 -0.000190685
-7.35074e+08 -0.000190603
-7.34757e+08 -0.000190521
-7.34439e+08 -0.000190438
-7.34122e+08 -0.000190356
-7.33804e+08 -0.000190274
-7.33486e+08 -0.000190191
-7.33169e+08 -0.000190109
-7.32851e+08 -0.000190026
-7.32534e+08 -0.000189944
-7.32216e+08 -0.000189862
-7.31899e+08 -0.000189779
-7.31581e+08 -0.000189697
-7.31263e+08 -0.000189615
-7.30946e+08 -0.000189532
-7.30628e+08 -0.00018945
-7.30311e+08 -0.000189368
-7.29993e+08 -0.000189285
-7.29676e+08 -0.000189203
-7.29358e+08 -0.000189121
-7.29041e+08 -0.000189038
-7.28723e+08 -0.000188956
-7.28406e+08 -0.000188874
-7.28088e+08 -0.000188791
-7.2777e+08 -0.000188709
-7.27453e+08 -0.000188627
-7.27135e+08 -0.000188544
-7.26818e+08 -0.000188462
-7.265e+08 -0.00018838
-7.2605e+08 -0.000188263
-7.25585e+08 -0.000188142
-7.2512e+08 -0.000188022
-7.24655e+08 -0.000187901
-7.2419e+08 -0.000187781
-7.23726e+08 -0.00018766
-7.23261e+08 -0.00018754
-7.22796e+08 -0.000187419
-7.22331e+08 -0.000187299
-7.21866e+08 -0.000187178
-7.21401e+08 -0.000187057
-7.20936e+08 -0.000186937
-7.20471e+08 -0.000186816
-7.20006e+08 -0.000186696
-7.19541e+08 -0.000186575
-7.19076e+08 -0.000186455
-7.18612e+08 -0.000186334
-7.18147e+08 -0.000186214
-7.17682e+08 -0.000186093
-7.17217e+08 -0.000185973
-7.16752e+08 -0.000185852
-7.16287e+08 -0.000185731
-7.15822e+08 -0.000185611
-7.15357e+08 -0.00018549
-7.14892e+08 -0.00018537
-7.14428e+08 -0.000185249
-7.13963e+08 -0.000185129
-7.13498e+08 -0.000185008
-7.13033e+08 -0.000184888
-7.12568e+08 -0.000184767
-7.12103e+08 -0.000184647
-7.11638e+08 -0.000184526
-7.11173e+08 -0.000184405
-7.10709e+08 -0.000184285
-7.10244e+08 -0.000184164
-7.09779e+08 -0.000184044
-7.09314e+08 -0.000183923
-7.08849e+08 -0.000183803
-7.08384e+08 -0.000183682
-7.07919e+08 -0.000183562
-7.07455e+08 -0.000183441
-7.0699e+08 -0.000183321
-7.06525e+08 -0.0001832
-7.0606e+08 -0.00018308
-7.05595e+08 -0.000182959
-7.0513e+08 -0.000182838
-7.04665e+08 -0.000182718
-7.04201e+08 -0.000182597
-7.03736e+08 -0.000182477
-7.03271e+08 -0.000182356
-7.02806e+08 -0.000182236
-7.02341e+08 -0.000182115
-7.01876e+08 -0.000181995
-7.01412e+08 -0.000181874
-7.00947e+08 -0.000181754
-7.00482e+08 -0.000181633
-7.00017e+08 -0.000181513
-6.99552e+08 -0.000181392
-6.99087e+08 -0.000181272
-6.98623e+08 -0.000181151
-6.98158e+08 -0.000181031
-6.97693e+08 -0.00018091
-6.97228e+08 -0.000180789
-6.96763e+08 -0.000180669
-6.96299e+08 -0.000180548
-6.95834e+08 -0.000180428
-6.95369e+08 -0.000180307
-6.94904e+08 -0.000180187
-6.94439e+08 -0.000180066
-6.93974e+08 -0.000179946
-6.9351e+08 -0.000179825
-6.93045e+08 -0.000179705
-6.9258e+08 -0.000179584
-6.92115e+08 -0.000179464
-6.9165e+08 -0.000179343
-6.91186e+08 -0.000179223
-6.90721e+08 -0.000179102
-6.90256e+08 -0.000178982
-6.89791e+08 -0.000178861
-6.89326e+08 -0.000178741
-6.88862e+08 -0.00017862
-6.88397e+08 -0.0001785
-6.87932e+08 -0.000178379
-6.87467e+08 -0.000178259
-6.87003e+08 -0.000178138
-6.86538e+08 -0.000178018
-6.86073e+08 -0.000177897
-6.85608e+08 -0.000177776
-6.85143e+08 -0.000177656
-6.84679e+08 -0.000177535
-6.84214e+08 -0.000177415
-6.83749e+08 -0.000177294
-6.83284e+08 -0.000177174
-6.8282e+08 -0.000177053
-6.82355e+08 -0.000176933
-6.8189e+08 -0.000176812
-6.81425e+08 -0.000176692
-6.80961e+08 -0.000176571
-6.80496e+08 -0.000176451
-6.80031e+08 -0.00017633
-6.79566e+08 -0.00017621
-6.79102e+08 -0.000176089
-6.78637e+08 -0.000175969
-6.78172e+08 -0.000175848
-6.77707e+08 -0.000175728
-6.77243e+08 -0.000175607
-6.76778e+08 -0.000175487
-6.76313e+08 -0.000175366
-6.75848e+08 -0.000175246
-6.75384e+08 -0.000175125
-6.74919e+08 -0.000175005
-6.74454e+08 -0.000174884
-6.73989e+08 -0.000174764
-6.73525e+08 -0.000174643
-6.7306e+08 -0.000174523
-6.72595e+08 -0.000174402
-6.72131e+08 -0.000174282
-6.71666e+08 -0.000174161
-6.71201e+08 -0.000174041
-6.70736e+08 -0.00017392
-6.70272e+08 -0.0001738
-6.69807e+08 -0.000173679
-6.69342e+08 -0.000173559
-6.68878e+08 -0.000173438
-6.68413e+08 -0.000173318
-6.67948e+08 -0.000173197
-6.67483e+08 -0.000173077
-6.67019e+08 -0.000172956
-6.66554e+08 -0.000172836
-6.66089e+08 -0.000172715
-6.65625e+08 -0.000172595
-6.6516e+08 -0.000172474
-6.64695e+08 -0.000172354
-6.64231e+08 -0.000172233
-6.63766e+08 -0.000172113
-6.63301e+08 -0.000171992
-6.62836e+08 -0.000171872
-6.62372e+08 -0.000171751
-6.61907e+08 -0.000171631
-6.61442e+08 -0.00017151
-6.60978e+08 -0.00017139
-6.60513e+08 -0.000171269
-6.60048e+08 -0.000171149
-6.59584e+08 -0.000171028
-6.59119e+08 -0.000170908
-6.58654e+08 -0.000170787
-6.5819e+08 -0.000170667
-6.57725e+08 -0.000170546
-6.5726e+08 -0.000170426
-6.56796e+08 -0.000170305
-6.56331e+08 -0.000170185
-6.55866e+08 -0.000170064
-6.55402e+08 -0.000169944
-6.54937e+08 -0.000169824
-6.54472e+08 -0.000169703
-6.54008e+08 -0.000169583
-6.53543e+08 -0.000169462
-6.53078e+08 -0.000169342
-6.52614e+08 -0.000169221
-6.52149e+08 -0.000169101
-6.51684e+08 -0.00016898
-6.5122e+08 -0.00016886
-6.50755e+08 -0.000168739
-6.5029e+08 -0.000168619
-6.49826e+08 -0.000168498
-6.49361e+08 -0.000168378
-6.48897e+08 -0.000168257
-6.48432e+08 -0.000168137
-6.47967e+08 -0.000168016
-6.47503e+08 -0.000167896
-6.47038e+08 -0.000167775
-6.46573e+08 -0.000167655
-6.46109e+08 -0.000167534
-6.45644e+08 -0.000167414
-6.4518e+08 -0.000167293
-6.44715e+08 -0.000167173
-6.4425e+08 -0.000167052
-6.43786e+08 -0.000166932
-6.43321e+08 -0.000166812
-6.42856e+08 -0.000166691
-6.42392e+08 -0.000166571
-6.41927e+08 -0.00016645
-6.41463e+08 -0.00016633
-6.40998e+08 -0.000166209
-6.40533e+08 -0.000166089
-6.40069e+08 -0.000165968
-6.39604e+08 -0.000165848
-6.3914e+08 -0.000165727
-6.38675e+08 -0.000165607
-6.3821e+08 -0.000165486
-6.37746e+08 -0.000165366
-6.37281e+08 -0.000165245
-6.36817e+08 -0.000165125
-6.36352e+08 -0.000165004
-6.35887e+08 -0.000164884
-6.35423e+08 -0.000164764
-6.34958e+08 -0.000164643
-6.34494e+08 -0.000164523
-6.34029e+08 -0.000164402
-6.33565e+08 -0.000164282
-6.331e+08 -0.000164161
-6.32635e+08 -0.000164041
-6.32171e+08 -0.00016392
-6.31706e+08 -0.0001638
-6.31242e+08 -0.000163679
-6.30777e+08 -0.000163559
-6.30313e+08 -0.000163438
-6.29848e+08 -0.000163318
-6.29383e+08 -0.000163198
-6.28919e+08 -0.000163077
-6.28454e+08 -0.000162957
-6.2799e+08 -0.000162836
-6.27525e+08 -0.000162716
-6.27061e+08 -0.000162595
-6.26596e+08 -0.000162475
-6.26132e+08 -0.000162354
-6.25667e+08 -0.000162234
-6.25202e+08 -0.000162113
-6.24738e+08 -0.000161993
-6.24273e+08 -0.000161872
-6.23809e+08 -0.000161752
-6.23344e+08 -0.000161632
-6.2288e+08 -0.000161511
-6.22415e+08 -0.000161391
-6.21951e+08 -0.00016127
-6.21486e+08 -0.00016115
-6.21022e+08 -0.000161029
-6.20557e+08 -0.000160909
-6.20093e+08 -0.000160788
-6.19628e+08 -0.000160668
-6.19163e+08 -0.000160548
-6.18699e+08 -0.000160427
-6.18234e+08 -0.000160307
-6.1777e+08 -0.000160186
-6.17305e+08 -0.000160066
-6.16841e+08 -0.000159945
-6.16376e+08 -0.000159825
-6.15912e+08 -0.000159704
-6.15447e+08 -0.000159584
-6.14983e+08 -0.000159463
-6.14518e+08 -0.000159343
-6.14054e+08 -0.000159223
-6.13589e+08 -0.000159102
-6.13125e+08 -0.000158982
-6.1266e+08 -0.000158861
-6.12196e+08 -0.000158741
-6.11731e+08 -0.00015862
-6.11267e+08 -0.0001585
-6.10802e+08 -0.000158379
-6.10338e+08 -0.000158259
-6.09873e+08 -0.000158139
-6.09409e+08 -0.000158018
-6.08944e+08 -0.000157898
-6.0848e+08 -0.000157777
-6.08015e+08 -0.000157657
-6.07551e+08 -0.000157536
-6.07086e+08 -0.000157416
-6.06622e+08 -0.000157296
-6.06157e+08 -0.000157175
-6.05693e+08 -0.000157055
-6.05229e+08 -0.000156934
-6.04764e+08 -0.000156814
-6.043e+08 -0.000156693
-6.03835e+08 -0.000156573
-6.03371e+08 -0.000156452
-6.02906e+08 -0.000156332
-6.02442e+08 -0.000156212
-6.01977e+08 -0.000156091
-6.01513e+08 -0.000155971
-6.01048e+08 -0.00015585
-6.00584e+08 -0.00015573
-6.00119e+08 -0.000155609
-5.99655e+08 -0.000155489
-5.99191e+08 -0.000155369
-5.98726e+08 -0.000155248
-5.98262e+08 -0.000155128
-5.97797e+08 -0.000155007
-5.97333e+08 -0.000154887
-5.96868e+08 -0.000154766
-5.96404e+08 -0.000154646
-5.95939e+08 -0.000154526
-5.95475e+08 -0.000154405
-5.95011e+08 -0.000154285
-5.94546e+08 -0.000154164
-5.94082e+08 -0.000154044
-5.93617e+08 -0.000153923
-5.93153e+08 -0.000153803
-5.92688e+08 -0.000153683
-5.92224e+08 -0.000153562
-5.9176e+08 -0.000153442
-5.91295e+08 -0.000153321
-5.90831e+08 -0.000153201
-5.90366e+08 -0.00015308
-5.89902e+08 -0.00015296
-5.89437e+08 -0.00015284
-5.88973e+08 -0.000152719
-5.88509e+08 -0.000152599
-5.88044e+08 -0.000152478
-5.8758e+08 -0.000152358
-5.87115e+08 -0.000152238
-5.86651e+08 -0.000152117
-5.86187e+08 -0.000151997
-5.85722e+08 -0.000151876
-5.85258e+08 -0.000151756
-5.84793e+08 -0.000151635
-5.84329e+08 -0.000151515
-5.83865e+08 -0.000151395
-5.834e+08 -0.000151274
-5.82936e+08 -0.000151154
-5.82471e+08 -0.000151033
-5.82007e+08 -0.000150913
-5.81543e+08 -0.000150793
-5.81078e+08 -0.000150672
-5.80614e+08 -0.000150552
-5.8015e+08 -0.000150431
-5.79685e+08 -0.000150311
-5.79221e+08 -0.00015019
-5.78756e+08 -0.00015007
-5.78292e+08 -0.00014995
-5.77828e+08 -0.000149829
-5.77363e+08 -0.000149709
-5.76899e+08 -0.000149588
-5.76435e+08 -0.000149468
-5.7597e+08 -0.000149348
-5.75506e+08 -0.000149227
-5.75042e+08 -0.000149107
-5.74577e+08 -0.000148986
-5.74113e+08 -0.000148866
-5.73648e+08 -0.000148746
-5.73184e+08 -0.000148625
-5.7272e+08 -0.000148505
-5.72255e+08 -0.000148384
-5.71791e+08 -0.000148264
-5.71327e+08 -0.000148144
-5.70862e+08 -0.000148023
-5.70398e+08 -0.000147903
-5.69934e+08 -0.000147782
-5.69469e+08 -0.000147662
-5.69005e+08 -0.000147542
-5.68541e+08 -0.000147421
-5.68076e+08 -0.000147301
-5.67612e+08 -0.00014718
-5.67148e+08 -0.00014706
-5.66683e+08 -0.00014694
-5.66219e+08 -0.000146819
-5.65755e+08 -0.000146699
-5.6529e+08 -0.000146578
-5.64826e+08 -0.000146458
-5.64362e+08 -0.000146338
-5.63897e+08 -0.000146217
-5.63433e+08 -0.000146097
-5.62969e+08 -0.000145976
-5.62504e+08 -0.000145856
-5.6204e+08 -0.000145736
-5.61576e+08 -0.000145615
-5.61112e+08 -0.000145495
-5.60647e+08 -0.000145374
-5.60183e+08 -0.000145254
-5.59719e+08 -0.000145134
-5.59254e+08 -0.000145013
-5.5879e+08 -0.000144893
-5.58326e+08 -0.000144772
-5.57861e+08 -0.000144652
-5.57397e+08 -0.000144532
-5.56933e+08 -0.000144411
-5.56469e+08 -0.000144291
-5.56004e+08 -0.00014417
-5.5554e+08 -0.00014405
-5.55076e+08 -0.00014393
-5.54611e+08 -0.000143809
-5.54147e+08 -0.000143689
-5.53683e+08 -0.000143569
-5.53219e+08 -0.000143448
-5.52754e+08 -0.000143328
-5.5229e+08 -0.000143207
-5.51826e+08 -0.000143087
-5.51361e+08 -0.000142967
-5.50897e+08 -0.000142846
-5.50433e+08 -0.000142726
-5.49969e+08 -0.000142605
-5.49504e+08 -0.000142485
-5.4904e+08 -0.000142365
-5.48576e+08 -0.000142244
-5.48112e+08 -0.000142124
-5.47647e+08 -0.000142004
-5.47183e+08 -0.000141883
-5.46719e+08 -0.000141763
-5.46255e+08 -0.000141642
-5.4579e+08 -0.000141522
-5.45326e+08 -0.000141402
-5.44862e+08 -0.000141281
-5.44398e+08 -0.000141161
-5.43933e+08 -0.000141041
-5.43469e+08 -0.00014092
-5.43005e+08 -0.0001408
-5.42541e+08 -0.000140679
-5.42076e+08 -0.000140559
-5.41612e+08 -0.000140439
-5.41148e+08 -0.000140318
-5.40684e+08 -0.000140198
-5.4022e+08 -0.000140078
-5.39755e+08 -0.000139957
-5.39291e+08 -0.000139837
-5.38827e+08 -0.000139716
-5.38363e+08 -0.000139596
-5.37898e+08 -0.000139476
-5.37434e+08 -0.000139355
-5.3697e+08 -0.000139235
-5.36506e+08 -0.000139115
-5.36042e+08 -0.000138994
-5.35577e+08 -0.000138874
-5.35113e+08 -0.000138753
-5.34649e+08 -0.000138633
-5.34185e+08 -0.000138513
-5.33721e+08 -0.000138392
-5.33256e+08 -0.000138272
-5.32792e+08 -0.000138152
-5.32328e+08 -0.000138031
-5.31864e+08 -0.000137911
-5.31399e+08 -0.000137791
-5.30935e+08 -0.00013767
-5.30471e+08 -0.00013755
-5.30007e+08 -0.000137429
-5.29543e+08 -0.000137309
-5.29079e+08 -0.000137189
-5.28614e+08 -0.000137068
-5.2815e+08 -0.000136948
-5.27686e+08 -0.000136828
-5.27222e+08 -0.000136707
-5.26758e+08 -0.000136587
-5.26293e+08 -0.000136467
-5.25829e+08 -0.000136346
-5.25365e+08 -0.000136226
-5.24901e+08 -0.000136105
-5.24437e+08 -0.000135985
-5.23973e+08 -0.000135865
-5.23508e+08 -0.000135744
-5.23044e+08 -0.000135624
-5.2258e+08 -0.000135504
-5.22116e+08 -0.000135383
-5.21652e+08 -0.000135263
-5.21188e+08 -0.000135143
-5.20723e+08 -0.000135022
-5.20259e+08 -0.000134902
-5.19795e+08 -0.000134782
-5.19331e+08 -0.000134661
-5.18867e+08 -0.000134541
-5.18403e+08 -0.000134421
-5.17939e+08 -0.0001343
-5.17474e+08 -0.00013418
-5.1701e+08 -0.000134059
-5.16546e+08 -0.000133939
-5.16082e+08 -0.000133819
-5.15618e+08 -0.000133698
-5.15154e+08 -0.000133578
-5.1469e+08 -0.000133458
-5.14225e+08 -0.000133337
-5.13761e+08 -0.000133217
-5.13297e+08 -0.000133097
-5.12833e+08 -0.000132976
-5.12369e+08 -0.000132856
-5.11905e+08 -0.000132736
-5.11441e+08 -0.000132615
-5.10977e+08 -0.000132495
-5.10512e+08 -0.000132375
-5.10048e+08 -0.000132254
-5.09584e+08 -0.000132134
-5.0912e+08 -0.000132014
-5.08656e+08 -0.000131893
-5.08192e+08 -0.000131773
-5.07728e+08 -0.000131653
-5.07264e+08 -0.000131532
-5.068e+08 -0.000131412
-5.06336e+08 -0.000131292
-5.05871e+08 -0.000131171
-5.05407e+08 -0.000131051
-5.04943e+08 -0.00013093
-5.04479e+08 -0.00013081
-5.04015e+08 -0.00013069
-5.03551e+08 -0.000130569
-5.03087e+08 -0.000130449
-5.02623e+08 -0.000130329
-5.02159e+08 -0.000130208
-5.01695e+08 -0.000130088
-5.01231e+08 -0.000129968
-5.00766e+08 -0.000129847
-5.00302e+08 -0.000129727
-4.99838e+08 -0.000129607
-4.99374e+08 -0.000129486
-4.9891e+08 -0.000129366
-4.98446e+08 -0.000129246
-4.97982e+08 -0.000129125
-4.97518e+08 -0.000129005
-4.97054e+08 -0.000128885
-4.9659e+08 -0.000128764
-4.96126e+08 -0.000128644
-4.95662e+08 -0.000128524
-4.95198e+08 -0.000128403
-4.94734e+08 -0.000128283
-4.94269e+08 -0.000128163
-4.93805e+08 -0.000128042
-4.93341e+08 -0.000127922
-4.92877e+08 -0.000127802
-4.92413e+08 -0.000127682
-4.91949e+08 -0.000127561
-4.91485e+08 -0.000127441
-4.91021e+08 -0.000127321
-4.90557e+08 -0.0001272
-4.90093e+08 -0.00012708
-4.89629e+08 -0.00012696
-4.89165e+08 -0.000126839
-4.88701e+08 -0.000126719
-4.88237e+08 -0.000126599
-4.87773e+08 -0.000126478
-4.87309e+08 -0.000126358
-4.86845e+08 -0.000126238
-4.86381e+08 -0.000126117
-4.85917e+08 -0.000125997
-4.85453e+08 -0.000125877
-4.84989e+08 -0.000125756
-4.84525e+08 -0.000125636
-4.84061e+08 -0.000125516
-4.83597e+08 -0.000125395
-4.83133e+08 -0.000125275
-4.82669e+08 -0.000125155
-4.82205e+08 -0.000125034
-4.81741e+08 -0.000124914
-4.81277e+08 -0.000124794
-4.80813e+08 -0.000124673
-4.80349e+08 -0.000124553
-4.79885e+08 -0.000124433
-4.79421e+08 -0.000124313
-4.78957e+08 -0.000124192
-4.78493e+08 -0.000124072
-4.78029e+08 -0.000123952
-4.77565e+08 -0.000123831
-4.77101e+08 -0.000123711
-4.76637e+08 -0.000123591
-4.76173e+08 -0.00012347
-4.75709e+08 -0.00012335
-4.75245e+08 -0.00012323
-4.74781e+08 -0.000123109
-4.74317e+08 -0.000122989
-4.73853e+08 -0.000122869
-4.73389e+08 -0.000122749
-4.72925e+08 -0.000122628
-4.72461e+08 -0.000122508
-4.71997e+08 -0.000122388
-4.71533e+08 -0.000122267
-4.71069e+08 -0.000122147
-4.70605e+08 -0.000122027
-4.70141e+08 -0.000121906
-4.69677e+08 -0.000121786
-4.69213e+08 -0.000121666
-4.68749e+08 -0.000121545
-4.68285e+08 -0.000121425
-4.67821e+08 -0.000121305
-4.67357e+08 -0.000121185
-4.66893e+08 -0.000121064
-4.66429e+08 -0.000120944
-4.65965e+08 -0.000120824
-4.65501e+08 -0.000120703
-4.65037e+08 -0.000120583
-4.64574e+08 -0.000120463
-4.6411e+08 -0.000120342
-4.63646e+08 -0.000120222
-4.63182e+08 -0.000120102
-4.62718e+08 -0.000119982
-4.62254e+08 -0.000119861
-4.6179e+08 -0.000119741
-4.61326e+08 -0.000119621
-4.60862e+08 -0.0001195
-4.60398e+08 -0.00011938
-4.59934e+08 -0.00011926
-4.5947e+08 -0.000119139
-4.59006e+08 -0.000119019
-4.58542e+08 -0.000118899
-4.58078e+08 -0.000118779
-4.57615e+08 -0.000118658
-4.57151e+08 -0.000118538
-4.56687e+08 -0.000118418
-4.56223e+08 -0.000118297
-4.55759e+08 -0.000118177
-4.55295e+08 -0.000118057
-4.54831e+08 -0.000117937
-4.54367e+08 -0.000117816
-4.53903e+08 -0.000117696
-4.53439e+08 -0.000117576
-4.52975e+08 -0.000117455
-4.52512e+08 -0.000117335
-4.52048e+08 -0.000117215
-4.51584e+08 -0.000117095
-4.5112e+08 -0.000116974
-4.50656e+08 -0.000116854
-4.50192e+08 -0.000116734
-4.49728e+08 -0.000116613
-4.49264e+08 -0.000116493
-4.488e+08 -0.000116373
-4.48337e+08 -0.000116253
-4.47873e+08 -0.000116132
-4.47409e+08 -0.000116012
-4.46945e+08 -0.000115892
-4.46481e+08 -0.000115771
-4.46017e+08 -0.000115651
-4.45553e+08 -0.000115531
-4.45089e+08 -0.000115411
-4.44626e+08 -0.00011529
-4.44162e+08 -0.00011517
-4.43698e+08 -0.00011505
-4.43234e+08 -0.000114929
-4.4277e+08 -0.000114809
-4.42306e+08 -0.000114689
-4.41842e+08 -0.000114569
-4.41379e+08 -0.000114448
-4.40915e+08 -0.000114328
-4.40451e+08 -0.000114208
-4.39987e+08 -0.000114087
-4.39523e+08 -0.000113967
-4.39059e+08 -0.000113847
-4.38595e+08 -0.000113727
-4.38132e+08 -0.000113606
-4.37668e+08 -0.000113486
-4.37204e+08 -0.000113366
-4.3674e+08 -0.000113246
-4.36276e+08 -0.000113125
-4.35812e+08 -0.000113005
-4.35349e+08 -0.000112885
-4.34885e+08 -0.000112764
-4.34421e+08 -0.000112644
-4.33957e+08 -0.000112524
-4.33493e+08 -0.000112404
-4.33029e+08 -0.000112283
-4.32566e+08 -0.000112163
-4.32102e+08 -0.000112043
-4.31638e+08 -0.000111923
-4.31174e+08 -0.000111802
-4.3071e+08 -0.000111682
-4.30246e+08 -0.000111562
-4.29783e+08 -0.000111442
-4.29319e+08 -0.000111321
-4.28855e+08 -0.000111201
-4.28391e+08 -0.000111081
-4.27927e+08 -0.00011096
-4.27464e+08 -0.00011084
-4.27e+08 -0.00011072
-4.26536e+08 -0.0001106
-4.26072e+08 -0.000110479
-4.25608e+08 -0.000110359
-4.25145e+08 -0.000110239
-4.24681e+08 -0.000110119
-4.24217e+08 -0.000109998
-4.23753e+08 -0.000109878
-4.23289e+08 -0.000109758
-4.22826e+08 -0.000109638
-4.22362e+08 -0.000109517
-4.21898e+08 -0.000109397
-4.21434e+08 -0.000109277
-4.2097e+08 -0.000109157
-4.20507e+08 -0.000109036
-4.20043e+08 -0.000108916
-4.19579e+08 -0.000108796
-4.19115e+08 -0.000108676
-4.18652e+08 -0.000108555
-4.18188e+08 -0.000108435
-4.17724e+08 -0.000108315
-4.1726e+08 -0.000108195
-4.16797e+08 -0.000108074
-4.16333e+08 -0.000107954
-4.15869e+08 -0.000107834
-4.15405e+08 -0.000107714
-4.14942e+08 -0.000107593
-4.14478e+08 -0.000107473
-4.14014e+08 -0.000107353
-4.1355e+08 -0.000107233
-4.13087e+08 -0.000107112
-4.12623e+08 -0.000106992
-4.12159e+08 -0.000106872
-4.11695e+08 -0.000106752
-4.11232e+08 -0.000106631
-4.10768e+08 -0.000106511
-4.10304e+08 -0.000106391
-4.0984e+08 -0.000106271
-4.09377e+08 -0.00010615
-4.08913e+08 -0.00010603
-4.08449e+08 -0.00010591
-4.07985e+08 -0.00010579
-4.07522e+08 -0.000105669
-4.07058e+08 -0.000105549
-4.06594e+08 -0.000105429
-4.0613e+08 -0.000105309
-4.05667e+08 -0.000105188
-4.05203e+08 -0.000105068
-4.04739e+08 -0.000104948
-4.04276e+08 -0.000104828
-4.03812e+08 -0.000104707
-4.03348e+08 -0.000104587
-4.02884e+08 -0.000104467
-4.02421e+08 -0.000104347
-4.01957e+08 -0.000104226
-4.01493e+08 -0.000104106
-4.0103e+08 -0.000103986
-4.00566e+08 -0.000103866
-4.00102e+08 -0.000103745
-3.99638e+08 -0.000103625
-3.99175e+08 -0.000103505
-3.98711e+08 -0.000103385
-3.98247e+08 -0.000103265
-3.97784e+08 -0.000103144
-3.9732e+08 -0.000103024
-3.96856e+08 -0.000102904
-3.96393e+08 -0.000102784
-3.95929e+08 -0.000102663
-3.95465e+08 -0.000102543
-3.95002e+08 -0.000102423
-3.94538e+08 -0.000102303
-3.94074e+08 -0.000102182
-3.93611e+08 -0.000102062
-3.93147e+08 -0.000101942
-3.92683e+08 -0.000101822
-3.9222e+08 -0.000101702
-3.91756e+08 -0.000101581
-3.91292e+08 -0.000101461
-3.90828e+08 -0.000101341
-3.90365e+08 -0.000101221
-3.89901e+08 -0.0001011
-3.89438e+08 -0.00010098
-3.88974e+08 -0.00010086
-3.8851e+08 -0.00010074
-3.88047e+08 -0.000100619
-3.87583e+08 -0.000100499
-3.87119e+08 -0.000100379
-3.86656e+08 -0.000100259
-3.86192e+08 -0.000100139
-3.85728e+08 -0.000100018
-3.85265e+08 -9.98981e-05
-3.84801e+08 -9.97779e-05
-3.84337e+08 -9.96577e-05
-3.83874e+08 -9.95375e-05
-3.8341e+08 -9.94173e-05
-3.82946e+08 -9.9297e-05
-3.82483e+08 -9.91768e-05
-3.82019e+08 -9.90566e-05
-3.81556e+08 -9.89364e-05
-3.81092e+08 -9.88162e-05
-3.80628e+08 -9.86959e-05
-3.80165e+08 -9.85757e-05
-3.79701e+08 -9.84555e-05
-3.79237e+08 -9.83353e-05
-3.78774e+08 -9.82151e-05
-3.7831e+08 -9.80949e-05
-3.77847e+08 -9.79746e-05
-3.77383e+08 -9.78544e-05
-3.76919e+08 -9.77342e-05
-3.76456e+08 -9.7614e-05
-3.75992e+08 -9.74938e-05
-3.75528e+08 -9.73736e-05
-3.75065e+08 -9.72534e-05
-3.74601e+08 -9.71331e-05
-3.74138e+08 -9.70129e-05
-3.73674e+08 -9.68927e-05
-3.7321e+08 -9.67725e-05
-3.72747e+08 -9.66523e-05
-3.72283e+08 -9.65321e-05
-3.7182e+08 -9.64119e-05
-3.71356e+08 -9.62917e-05
-3.70892e+08 -9.61715e-05
-3.70429e+08 -9.60513e-05
-3.69965e+08 -9.59311e-05
-3.69502e+08 -9.58108e-05
-3.69038e+08 -9.56906e-05
-3.68575e+08 -9.55704e-05
-3.68111e+08 -9.54502e-05
-3.67647e+08 -9.533e-05
-3.67184e+08 -9.52098e-05
-3.6672e+08 -9.50896e-05
-3.66257e+08 -9.49694e-05
-3.65793e+08 -9.48492e-05
-3.65329e+08 -9.4729e-05
-3.64866e+08 -9.46088e-05
-3.64402e+08 -9.44886e-05
-3.63939e+08 -9.43684e-05
-3.63475e+08 -9.42482e-05
-3.63012e+08 -9.4128e-05
-3.62548e+08 -9.40078e-05
-3.62085e+08 -9.38876e-05
-3.61621e+08 -9.37674e-05
-3.61157e+08 -9.36472e-05
-3.60694e+08 -9.3527e-05
-3.6023e+08 -9.34068e-05
-3.59767e+08 -9.32866e-05
-3.59303e+08 -9.31664e-05
-3.5884e+08 -9.30462e-05
-3.58376e+08 -9.2926e-05
-3.57913e+08 -9.28058e-05
-3.57449e+08 -9.26856e-05
-3.56985e+08 -9.25654e-05
-3.56522e+08 -9.24452e-05
-3.56058e+08 -9.2325e-05
-3.55595e+08 -9.22048e-05
-3.55131e+08 -9.20847e-05
-3.54668e+08 -9.19645e-05
-3.54204e+08 -9.18443e-05
-3.53741e+08 -9.17241e-05
-3.53277e+08 -9.16039e-05
-3.52814e+08 -9.14837e-05
-3.5235e+08 -9.13635e-05
-3.51887e+08 -9.12433e-05
-3.51423e+08 -9.11231e-05
-3.5096e+08 -9.10029e-05
-3.50496e+08 -9.08827e-05
-3.50033e+08 -9.07626e-05
-3.49569e+08 -9.06424e-05
-3.49106e+08 -9.05222e-05
-3.48642e+08 -9.0402e-05
-3.48179e+08 -9.02818e-05
-3.47715e+08 -9.01616e-05
-3.47252e+08 -9.00414e-05
-3.46788e+08 -8.99213e-05
-3.46325e+08 -8.98011e-05
-3.45861e+08 -8.96809e-05
-3.45398e+08 -8.95607e-05
-3.44934e+08 -8.94405e-05
-3.44471e+08 -8.93203e-05
-3.44007e+08 -8.92002e-05
-3.43544e+08 -8.908e-05
-3.4308e+08 -8.89598e-05
-3.42617e+08 -8.88396e-05
-3.42153e+08 -8.87194e-05
-3.4169e+08 -8.85993e-05
-3.41226e+08 -8.84791e-05
-3.40763e+08 -8.83589e-05
-3.40299e+08 -8.82387e-05
-3.39836e+08 -8.81185e-05
-3.39372e+08 -8.79984e-05
-3.38909e+08 -8.78782e-05
-3.38445e+08 -8.7758e-05
-3.37982e+08 -8.76378e-05
-3.37518e+08 -8.75177e-05
-3.37055e+08 -8.73975e-05
-3.36591e+08 -8.72773e-05
-3.36128e+08 -8.71571e-05
-3.35665e+08 -8.7037e-05
-3.35201e+08 -8.69168e-05
-3.34738e+08 -8.67966e-05
-3.34274e+08 -8.66764e-05
-3.33811e+08 -8.65563e-05
-3.33347e+08 -8.64361e-05
-3.32884e+08 -8.63159e-05
-3.3242e+08 -8.61957e-05
-3.31957e+08 -8.60756e-05
-3.31493e+08 -8.59554e-05
-3.3103e+08 -8.58352e-05
-3.30567e+08 -8.57151e-05
-3.30103e+08 -8.55949e-05
-3.2964e+08 -8.54747e-05
-3.29176e+08 -8.53546e-05
-3.28713e+08 -8.52344e-05
-3.28249e+08 -8.51142e-05
-3.27786e+08 -8.49941e-05
-3.27322e+08 -8.48739e-05
-3.26859e+08 -8.47537e-05
-3.26396e+08 -8.46336e-05
-3.25932e+08 -8.45134e-05
-3.25469e+08 -8.43932e-05
-3.25005e+08 -8.42731e-05
-3.24542e+08 -8.41529e-05
-3.24079e+08 -8.40328e-05
-3.23615e+08 -8.39126e-05
-3.23152e+08 -8.37924e-05
-3.22688e+08 -8.36723e-05
-3.22225e+08 -8.35521e-05
-3.21762e+08 -8.34319e-05
-3.21298e+08 -8.33118e-05
-3.20835e+08 -8.31916e-05
-3.20371e+08 -8.30715e-05
-3.19908e+08 -8.29513e-05
-3.19445e+08 -8.28312e-05
-3.18981e+08 -8.2711e-05
-3.18518e+08 -8.25908e-05
-3.18054e+08 -8.24707e-05
-3.17591e+08 -8.23505e-05
-3.17128e+08 -8.22304e-05
-3.16664e+08 -8.21102e-05
-3.16201e+08 -8.19901e-05
-3.15737e+08 -8.18699e-05
-3.15274e+08 -8.17497e-05
-3.14811e+08 -8.16296e-05
-3.14347e+08 -8.15094e-05
-3.13884e+08 -8.13893e-05
-3.1342e+08 -8.12691e-05
-3.12957e+08 -8.1149e-05
-3.12494e+08 -8.10288e-05
-3.1203e+08 -8.09087e-05
-3.11567e+08 -8.07885e-05
-3.11104e+08 -8.06684e-05
-3.1064e+08 -8.05482e-05
-3.10177e+08 -8.04281e-05
-3.09714e+08 -8.03079e-05
-3.0925e+08 -8.01878e-05
-3.08787e+08 -8.00676e-05
-3.08323e+08 -7.99475e-05
-3.0786e+08 -7.98273e-05
-3.07397e+08 -7.97072e-05
-3.06933e+08 -7.9587e-05
-3.0647e+08 -7.94669e-05
-3.06007e+08 -7.93468e-05
-3.05543e+08 -7.92266e-05
-3.0508e+08 -7.91065e-05
-3.04617e+08 -7.89863e-05
-3.04153e+08 -7.88662e-05
-3.0369e+08 -7.8746e-05
-3.03227e+08 -7.86259e-05
-3.02763e+08 -7.85058e-05
-3.023e+08 -7.83856e-05
-3.01837e+08 -7.82655e-05
-3.01373e+08 -7.81453e-05
-3.0091e+08 -7.80252e-05
-3.00447e+08 -7.79051e-05
-2.99983e+08 -7.77849e-05
-2.9952e+08 -7.76648e-05
-2.99057e+08 -7.75446e-05
-2.98593e+08 -7.74245e-05
-2.9813e+08 -7.73044e-05
-2.97667e+08 -7.71842e-05
-2.97203e+08 -7.70641e-05
-2.9674e+08 -7.6944e-05
-2.96277e+08 -7.68238e-05
-2.95813e+08 -7.67037e-05
-2.9535e+08 -7.65835e-05
-2.94887e+08 -7.64634e-05
-2.94424e+08 -7.63433e-05
-2.9396e+08 -7.62231e-05
-2.93497e+08 -7.6103e-05
-2.93034e+08 -7.59829e-05
-2.9257e+08 -7.58627e-05
-2.92107e+08 -7.57426e-05
-2.91644e+08 -7.56225e-05
-2.9118e+08 -7.55024e-05
-2.90717e+08 -7.53822e-05
-2.90254e+08 -7.52621e-05
-2.89791e+08 -7.5142e-05
-2.89327e+08 -7.50218e-05
-2.88864e+08 -7.49017e-05
-2.88401e+08 -7.47816e-05
-2.87937e+08 -7.46615e-05
-2.87474e+08 -7.45413e-05
-2.87011e+08 -7.44212e-05
-2.86548e+08 -7.43011e-05
-2.86084e+08 -7.41809e-05
-2.85621e+08 -7.40608e-05
-2.85158e+08 -7.39407e-05
-2.84695e+08 -7.38206e-05
-2.84231e+08 -7.37004e-05
-2.83768e+08 -7.35803e-05
-2.83305e+08 -7.34602e-05
-2.82842e+08 -7.33401e-05
-2.82378e+08 -7.322e-05
-2.81915e+08 -7.30998e-05
-2.81452e+08 -7.29797e-05
-2.80988e+08 -7.28596e-05
-2.80525e+08 -7.27395e-05
-2.80062e+08 -7.26194e-05
-2.79599e+08 -7.24992e-05
-2.79135e+08 -7.23791e-05
-2.78672e+08 -7.2259e-05
-2.78209e+08 -7.21389e-05
-2.77746e+08 -7.20188e-05
-2.77282e+08 -7.18986e-05
-2.76819e+08 -7.17785e-05
-2.76356e+08 -7.16584e-05
-2.75893e+08 -7.15383e-05
-2.7543e+08 -7.14182e-05
-2.74966e+08 -7.12981e-05
-2.74503e+08 -7.11779e-05
-2.7404e+08 -7.10578e-05
-2.73577e+08 -7.09377e-05
-2.73113e+08 -7.08176e-05
-2.7265e+08 -7.06975e-05
-2.72187e+08 -7.05774e-05
-2.71724e+08 -7.04573e-05
-2.71261e+08 -7.03372e-05
-2.70797e+08 -7.02171e-05
-2.70334e+08 -7.00969e-05
-2.69871e+08 -6.99768e-05
-2.69408e+08 -6.98567e-05
-2.68944e+08 -6.97366e-05
-2.68481e+08 -6.96165e-05
-2.68018e+08 -6.94964e-05
-2.67555e+08 -6.93763e-05
-2.67092e+08 -6.92562e-05
-2.66628e+08 -6.91361e-05
-2.66165e+08 -6.9016e-05
-2.65702e+08 -6.88959e-05
-2.65239e+08 -6.87758e-05
-2.64776e+08 -6.86557e-05
-2.64312e+08 -6.85356e-05
-2.63849e+08 -6.84154e-05
-2.63386e+08 -6.82953e-05
-2.62923e+08 -6.81752e-05
-2.6246e+08 -6.80551e-05
-2.61997e+08 -6.7935e-05
-2.61533e+08 -6.78149e-05
-2.6107e+08 -6.76948e-05
-2.60607e+08 -6.75747e-05
-2.60144e+08 -6.74546e-05
-2.59681e+08 -6.73345e-05
-2.59217e+08 -6.72144e-05
-2.58754e+08 -6.70943e-05
-2.58291e+08 -6.69742e-05
-2.57828e+08 -6.68541e-05
-2.57365e+08 -6.6734e-05
-2.56902e+08 -6.66139e-05
-2.56438e+08 -6.64938e-05
-2.55975e+08 -6.63737e-05
-2.55512e+08 -6.62536e-05
-2.55049e+08 -6.61336e-05
-2.54586e+08 -6.60135e-05
-2.54123e+08 -6.58934e-05
-2.5366e+08 -6.57733e-05
-2.53196e+08 -6.56532e-05
-2.52733e+08 -6.55331e-05
-2.5227e+08 -6.5413e-05
-2.51807e+08 -6.52929e-05
-2.51344e+08 -6.51728e-05
-2.50881e+08 -6.50527e-05
-2.50418e+08 -6.49326e-05
-2.49954e+08 -6.48125e-05
-2.49491e+08 -6.46924e-05
-2.49028e+08 -6.45724e-05
-2.48565e+08 -6.44523e-05
-2.48102e+08 -6.43322e-05
-2.47639e+08 -6.42121e-05
-2.47176e+08 -6.4092e-05
-2.46712e+08 -6.39719e-05
-2.46249e+08 -6.38518e-05
-2.45786e+08 -6.37318e-05
-2.45323e+08 -6.36117e-05
-2.4486e+08 -6.34916e-05
-2.44397e+08 -6.33715e-05
-2.43934e+08 -6.32514e-05
-2.43471e+08 -6.31313e-05
-2.43008e+08 -6.30112e-05
-2.42544e+08 -6.28912e-05
-2.42081e+08 -6.27711e-05
-2.41618e+08 -6.2651e-05
-2.41155e+08 -6.25309e-05
-2.40692e+08 -6.24108e-05
-2.40229e+08 -6.22907e-05
-2.39766e+08 -6.21707e-05
-2.39303e+08 -6.20506e-05
-2.3884e+08 -6.19305e-05
-2.38377e+08 -6.18104e-05
-2.37913e+08 -6.16903e-05
-2.3745e+08 -6.15703e-05
-2.36987e+08 -6.14502e-05
-2.36524e+08 -6.13301e-05
-2.36061e+08 -6.121e-05
-2.35598e+08 -6.109e-05
-2.35135e+08 -6.09699e-05
-2.34672e+08 -6.08498e-05
-2.34209e+08 -6.07297e-05
-2.33746e+08 -6.06097e-05
-2.33283e+08 -6.04896e-05
-2.3282e+08 -6.03695e-05
-2.32356e+08 -6.02494e-05
-2.31893e+08 -6.01294e-05
-2.3143e+08 -6.00093e-05
-2.30967e+08 -5.98892e-05
-2.30504e+08 -5.97692e-05
-2.30041e+08 -5.96491e-05
-2.29578e+08 -5.9529e-05
-2.29115e+08 -5.94089e-05
-2.28652e+08 -5.92889e-05
-2.28189e+08 -5.91688e-05
-2.27726e+08 -5.90487e-05
-2.27263e+08 -5.89287e-05
-2.268e+08 -5.88086e-05
-2.26337e+08 -5.86885e-05
-2.25874e+08 -5.85685e-05
-2.25411e+08 -5.84484e-05
-2.24948e+08 -5.83283e-05
-2.24484e+08 -5.82083e-05
-2.24021e+08 -5.80882e-05
-2.23558e+08 -5.79681e-05
-2.23095e+08 -5.78481e-05
-2.22632e+08 -5.7728e-05
-2.22169e+08 -5.76079e-05
-2.21706e+08 -5.74879e-05
-2.21243e+08 -5.73678e-05
-2.2078e+08 -5.72478e-05
-2.20317e+08 -5.71277e-05
-2.19854e+08 -5.70076e-05
-2.19391e+08 -5.68876e-05
-2.18928e+08 -5.67675e-05
-2.18465e+08 -5.66475e-05
-2.18002e+08 -5.65274e-05
