0.161796 4.29043e-14
0.339504 9.00279e-14
0.544193 1.44306e-13
0.790242 2.09553e-13
1.09662 2.90796e-13
1.48827 3.94653e-13
1.99945 5.30205e-13
2.67747 7.09997e-13
3.58815 9.51488e-13
4.82803 1.28027e-12
-323100 -8.5678e-08
-646193 -1.71354e-07
-969294 -2.57033e-07
-1.29238e+06 -3.42706e-07
-1.61549e+06 -4.28388e-07
-1.93858e+06 -5.14063e-07
-2.26163e+06 -5.99727e-07
-2.58475e+06 -6.85412e-07
-2.90786e+06 -7.71093e-07
-3.23092e+06 -8.56761e-07
-3.55401e+06 -9.42434e-07
-3.87709e+06 -1.02811e-06
-4.20017e+06 -1.11378e-06
-4.52324e+06 -1.19945e-06
-4.84632e+06 -1.28512e-06
-5.16941e+06 -1.3708e-06
-5.49247e+06 -1.45647e-06
-5.81554e+06 -1.54214e-06
-6.1386e+06 -1.6278e-06
-6.46166e+06 -1.71347e-06
-6.78474e+06 -1.79914e-06
-7.10781e+06 -1.88481e-06
-7.43085e+06 -1.97048e-06
-7.75394e+06 -2.05615e-06
-8.07697e+06 -2.14181e-06
-8.40004e+06 -2.22748e-06
-8.7231e+06 -2.31315e-06
-9.04614e+06 -2.39881e-06
-9.36919e+06 -2.48448e-06
-9.69225e+06 -2.57014e-06
-1.00153e+07 -2.65581e-06
-1.03383e+07 -2.74147e-06
-1.06614e+07 -2.82713e-06
-1.09844e+07 -2.9128e-06
-1.13075e+07 -2.99846e-06
-1.16305e+07 -3.08412e-06
-1.19535e+07 -3.16978e-06
-1.22766e+07 -3.25544e-06
-1.25996e+07 -3.3411e-06
-1.29226e+07 -3.42676e-06
-1.32457e+07 -3.51243e-06
-1.35687e+07 -3.59808e-06
-1.38917e+07 -3.68374e-06
-1.42147e+07 -3.76939e-06
-1.45378e+07 -3.85505e-06
-1.48608e+07 -3.94071e-06
-1.51838e+07 -4.02637e-06
-1.55068e+07 -4.11202e-06
-1.58298e+07 -4.19768e-06
-1.61528e+07 -4.28333e-06
-1.64759e+07 -4.36899e-06
-1.67989e+07 -4.45464e-06
-1.71219e+07 -4.54029e-06
-1.74449e+07 -4.62595e-06
-1.77679e+07 -4.7116e-06
-1.80909e+07 -4.79725e-06
-1.84139e+07 -4.8829e-06
-1.87369e+07 -4.96856e-06
-1.90599e+07 -5.05421e-06
-1.93829e+07 -5.13986e-06
-1.97059e+07 -5.22551e-06
-2.00289e+07 -5.31116e-06
-2.03519e+07 -5.3968e-06
-2.06748e+07 -5.48245e-06
-2.09978e+07 -5.5681e-06
-2.13208e+07 -5.65375e-06
-2.16438e+07 -5.7394e-06
-2.19668e+07 -5.82504e-06
-2.22897e+07 -5.91068e-06
-2.26127e+07 -5.99633e-06
-2.29357e+07 -6.08198e-06
-2.32587e+07 -6.16762e-06
-2.35817e+07 -6.25327e-06
-2.39046e+07 -6.33891e-06
-2.42276e+07 -6.42455e-06
-2.45506e+07 -6.5102e-06
-2.48735e+07 -6.59584e-06
-2.51965e+07 -6.68148e-06
-2.55194e+07 -6.76712e-06
-2.58424e+07 -6.85276e-06
-2.61654e+07 -6.9384e-06
-2.64883e+07 -7.02404e-06
-2.68113e+07 -7.10968e-06
-2.71342e+07 -7.19532e-06
-2.74572e+07 -7.28096e-06
-2.77802e+07 -7.3666e-06
-2.81031e+07 -7.45224e-06
-2.8426e+07 -7.53787e-06
-2.87489e+07 -7.62349e-06
-2.90719e+07 -7.70914e-06
-2.93948e+07 -7.79478e-06
-2.97178e+07 -7.88041e-06
-3.00407e+07 -7.96605e-06
-3.03637e+07 -8.05168e-06
-3.06866e+07 -8.13731e-06
-3.10095e+07 -8.22295e-06
-3.13324e+07 -8.30858e-06
-3.16554e+07 -8.39422e-06
-3.19783e+07 -8.47986e-06
-3.23012e+07 -8.56548e-06
-3.26241e+07 -8.65111e-06
-3.2947e+07 -8.73673e-06
-3.327e+07 -8.82238e-06
-3.35929e+07 -8.908e-06
-3.39158e+07 -8.99362e-06
-3.42387e+07 -9.07925e-06
-3.45616e+07 -9.16489e-06
-3.48846e+07 -9.25052e-06
-3.52074e+07 -9.33614e-06
-3.55304e+07 -9.42177e-06
-3.58533e+07 -9.50739e-06
-3.61762e+07 -9.59302e-06
-3.64991e+07 -9.67864e-06
-3.6822e+07 -9.76427e-06
-3.71449e+07 -9.84989e-06
-3.74677e+07 -9.93551e-06
-3.77906e+07 -1.00211e-05
-3.81135e+07 -1.01068e-05
-3.84364e+07 -1.01924e-05
-3.87593e+07 -1.0278e-05
-3.90822e+07 -1.03636e-05
-3.94051e+07 -1.04492e-05
-3.9728e+07 -1.05349e-05
-4.00508e+07 -1.06205e-05
-4.03737e+07 -1.07061e-05
-4.06966e+07 -1.07917e-05
-4.10195e+07 -1.08773e-05
-4.13424e+07 -1.0963e-05
-4.16652e+07 -1.10486e-05
-4.19881e+07 -1.11342e-05
-4.2311e+07 -1.12198e-05
-4.26338e+07 -1.13054e-05
-4.29567e+07 -1.1391e-05
-4.32796e+07 -1.14767e-05
-4.36024e+07 -1.15623e-05
-4.39253e+07 -1.16479e-05
-4.42481e+07 -1.17335e-05
-4.4571e+07 -1.18191e-05
-4.48938e+07 -1.19047e-05
-4.52167e+07 -1.19903e-05
-4.55395e+07 -1.2076e-05
-4.58624e+07 -1.21616e-05
-4.61852e+07 -1.22472e-05
-4.65081e+07 -1.23328e-05
-4.68309e+07 -1.24184e-05
-4.71538e+07 -1.2504e-05
-4.74766e+07 -1.25896e-05
-4.77994e+07 -1.26752e-05
-4.81223e+07 -1.27608e-05
-4.84451e+07 -1.28464e-05
-4.87679e+07 -1.2932e-05
-4.90908e+07 -1.30176e-05
-4.94136e+07 -1.31033e-05
-4.97364e+07 -1.31889e-05
-5.00593e+07 -1.32745e-05
-5.03821e+07 -1.33601e-05
-5.07049e+07 -1.34457e-05
-5.10277e+07 -1.35313e-05
-5.13505e+07 -1.36169e-05
-5.16734e+07 -1.37025e-05
-5.19962e+07 -1.37881e-05
-5.2319e+07 -1.38737e-05
-5.26418e+07 -1.39593e-05
-5.29646e+07 -1.40449e-05
-5.32874e+07 -1.41305e-05
-5.36102e+07 -1.42161e-05
-5.3933e+07 -1.43017e-05
-5.42558e+07 -1.43873e-05
-5.45786e+07 -1.44729e-05
-5.49014e+07 -1.45585e-05
-5.52242e+07 -1.46441e-05
-5.5547e+07 -1.47297e-05
-5.58698e+07 -1.48153e-05
-5.61926e+07 -1.49009e-05
-5.65153e+07 -1.49865e-05
-5.68382e+07 -1.50721e-05
-5.7161e+07 -1.51577e-05
-5.74837e+07 -1.52433e-05
-5.78065e+07 -1.53289e-05
-5.81293e+07 -1.54144e-05
-5.84521e+07 -1.55e-05
-5.87748e+07 -1.55856e-05
-5.90976e+07 -1.56712e-05
-5.94204e+07 -1.57568e-05
-5.97432e+07 -1.58424e-05
-6.00659e+07 -1.5928e-05
-6.03887e+07 -1.60136e-05
-6.07115e+07 -1.60992e-05
-6.10342e+07 -1.61848e-05
-6.1357e+07 -1.62703e-05
-6.16798e+07 -1.63559e-05
-6.20025e+07 -1.64415e-05
-6.23253e+07 -1.65271e-05
-6.2648e+07 -1.66127e-05
-6.29708e+07 -1.66983e-05
-6.32935e+07 -1.67839e-05
-6.36163e+07 -1.68695e-05
-6.3939e+07 -1.6955e-05
-6.42618e+07 -1.70406e-05
-6.45845e+07 -1.71262e-05
-6.49073e+07 -1.72118e-05
-6.523e+07 -1.72974e-05
-6.55528e+07 -1.7383e-05
-6.58755e+07 -1.74685e-05
-6.61982e+07 -1.75541e-05
-6.6521e+07 -1.76397e-05
-6.68437e+07 -1.77253e-05
-6.71664e+07 -1.78109e-05
-6.74891e+07 -1.78964e-05
-6.78119e+07 -1.7982e-05
-6.81346e+07 -1.80676e-05
-6.84573e+07 -1.81532e-05
-6.878e+07 -1.82388e-05
-6.91027e+07 -1.83243e-05
-6.94255e+07 -1.84099e-05
-6.97482e+07 -1.84955e-05
-7.00709e+07 -1.85811e-05
-7.03936e+07 -1.86666e-05
-7.07163e+07 -1.87522e-05
-7.1039e+07 -1.88378e-05
-7.13617e+07 -1.89234e-05
-7.16844e+07 -1.90089e-05
-7.20072e+07 -1.90945e-05
-7.23299e+07 -1.91801e-05
-7.26525e+07 -1.92656e-05
-7.29753e+07 -1.93512e-05
-7.3298e+07 -1.94368e-05
-7.36206e+07 -1.95224e-05
-7.39433e+07 -1.96079e-05
-7.4266e+07 -1.96935e-05
-7.45887e+07 -1.97791e-05
-7.49114e+07 -1.98646e-05
-7.52341e+07 -1.99502e-05
-7.55568e+07 -2.00358e-05
-7.58795e+07 -2.01213e-05
-7.62021e+07 -2.02069e-05
-7.65248e+07 -2.02925e-05
-7.68475e+07 -2.0378e-05
-7.71702e+07 -2.04636e-05
-7.74928e+07 -2.05492e-05
-7.78155e+07 -2.06347e-05
-7.81382e+07 -2.07203e-05
-7.84608e+07 -2.08059e-05
-7.87835e+07 -2.08914e-05
-7.91062e+07 -2.0977e-05
-7.94288e+07 -2.10625e-05
-7.97515e+07 -2.11481e-05
-8.00742e+07 -2.12337e-05
-8.03968e+07 -2.13192e-05
-8.07195e+07 -2.14048e-05
-8.10421e+07 -2.14903e-05
-8.13648e+07 -2.15759e-05
-8.16874e+07 -2.16615e-05
-8.20101e+07 -2.1747e-05
-8.23327e+07 -2.18326e-05
-8.26554e+07 -2.19181e-05
-8.2978e+07 -2.20037e-05
-8.33006e+07 -2.20893e-05
-8.36233e+07 -2.21748e-05
-8.39459e+07 -2.22604e-05
-8.42686e+07 -2.23459e-05
-8.45912e+07 -2.24315e-05
-8.49138e+07 -2.2517e-05
-8.52364e+07 -2.26026e-05
-8.55591e+07 -2.26881e-05
-8.58817e+07 -2.27737e-05
-8.62043e+07 -2.28592e-05
-8.65269e+07 -2.29448e-05
-8.68496e+07 -2.30303e-05
-8.71722e+07 -2.31159e-05
-8.74948e+07 -2.32014e-05
-8.78174e+07 -2.3287e-05
-8.814e+07 -2.33725e-05
-8.84626e+07 -2.34581e-05
-8.87853e+07 -2.35436e-05
-8.91079e+07 -2.36292e-05
-8.94305e+07 -2.37147e-05
-8.97531e+07 -2.38003e-05
-9.00757e+07 -2.38858e-05
-9.03983e+07 -2.39714e-05
-9.07209e+07 -2.40569e-05
-9.10435e+07 -2.41425e-05
-9.13661e+07 -2.4228e-05
-9.16887e+07 -2.43135e-05
-9.20113e+07 -2.43991e-05
-9.23338e+07 -2.44846e-05
-9.26564e+07 -2.45702e-05
-9.2979e+07 -2.46557e-05
-9.33016e+07 -2.47413e-05
-9.36242e+07 -2.48268e-05
-9.39468e+07 -2.49123e-05
-9.42693e+07 -2.49979e-05
-9.45919e+07 -2.50834e-05
-9.49145e+07 -2.5169e-05
-9.52371e+07 -2.52545e-05
-9.55597e+07 -2.534e-05
-9.58822e+07 -2.54256e-05
-9.62048e+07 -2.55111e-05
-9.65274e+07 -2.55966e-05
-9.68499e+07 -2.56822e-05
-9.71725e+07 -2.57677e-05
-9.74951e+07 -2.58533e-05
-9.78176e+07 -2.59388e-05
-9.81402e+07 -2.60243e-05
-9.84627e+07 -2.61099e-05
-9.87853e+07 -2.61954e-05
-9.91078e+07 -2.62809e-05
-9.94304e+07 -2.63665e-05
-9.97529e+07 -2.6452e-05
-1.00075e+08 -2.65375e-05
-1.00398e+08 -2.66231e-05
-1.00721e+08 -2.67086e-05
-1.01043e+08 -2.67941e-05
-1.01366e+08 -2.68796e-05
-1.01688e+08 -2.69652e-05
-1.02011e+08 -2.70507e-05
-1.02333e+08 -2.71362e-05
-1.02656e+08 -2.72218e-05
-1.02978e+08 -2.73073e-05
-1.03301e+08 -2.73928e-05
-1.03623e+08 -2.74783e-05
-1.03946e+08 -2.75639e-05
-1.04268e+08 -2.76494e-05
-1.04591e+08 -2.77349e-05
-1.04913e+08 -2.78204e-05
-1.05236e+08 -2.7906e-05
-1.05559e+08 -2.79915e-05
-1.05881e+08 -2.8077e-05
-1.06204e+08 -2.81625e-05
-1.06526e+08 -2.82481e-05
-1.06849e+08 -2.83336e-05
-1.07171e+08 -2.84191e-05
-1.07494e+08 -2.85046e-05
-1.07816e+08 -2.85901e-05
-1.08139e+08 -2.86757e-05
-1.08461e+08 -2.87612e-05
-1.08784e+08 -2.88467e-05
-1.09106e+08 -2.89322e-05
-1.09429e+08 -2.90177e-05
-1.09751e+08 -2.91032e-05
-1.10074e+08 -2.91888e-05
-1.10396e+08 -2.92743e-05
-1.10719e+08 -2.93598e-05
-1.11041e+08 -2.94453e-05
-1.11364e+08 -2.95308e-05
-1.11686e+08 -2.96163e-05
-1.12008e+08 -2.97019e-05
-1.12331e+08 -2.97874e-05
-1.12653e+08 -2.98729e-05
-1.12976e+08 -2.99584e-05
-1.13298e+08 -3.00439e-05
-1.13621e+08 -3.01294e-05
-1.13943e+08 -3.02149e-05
-1.14266e+08 -3.03004e-05
-1.14588e+08 -3.0386e-05
-1.14911e+08 -3.04715e-05
-1.15233e+08 -3.0557e-05
-1.15556e+08 -3.06425e-05
-1.15878e+08 -3.0728e-05
-1.16201e+08 -3.08135e-05
-1.16523e+08 -3.0899e-05
-1.16845e+08 -3.09845e-05
-1.17168e+08 -3.107e-05
-1.1749e+08 -3.11555e-05
-1.17813e+08 -3.1241e-05
-1.18135e+08 -3.13265e-05
-1.18458e+08 -3.1412e-05
-1.1878e+08 -3.14975e-05
-1.19103e+08 -3.1583e-05
-1.19425e+08 -3.16685e-05
-1.19747e+08 -3.1754e-05
-1.2007e+08 -3.18396e-05
-1.20392e+08 -3.1925e-05
-1.20715e+08 -3.20106e-05
-1.21037e+08 -3.20961e-05
-1.2136e+08 -3.21816e-05
-1.21682e+08 -3.22671e-05
-1.22005e+08 -3.23526e-05
-1.22327e+08 -3.2438e-05
-1.22649e+08 -3.25235e-05
-1.22972e+08 -3.2609e-05
-1.23294e+08 -3.26945e-05
-1.23617e+08 -3.278e-05
-1.23939e+08 -3.28655e-05
-1.24261e+08 -3.2951e-05
-1.24584e+08 -3.30365e-05
-1.24906e+08 -3.3122e-05
-1.25229e+08 -3.32075e-05
-1.25551e+08 -3.3293e-05
-1.25873e+08 -3.33785e-05
-1.26196e+08 -3.3464e-05
-1.26518e+08 -3.35495e-05
-1.26841e+08 -3.3635e-05
-1.27163e+08 -3.37205e-05
-1.27485e+08 -3.3806e-05
-1.27808e+08 -3.38915e-05
-1.2813e+08 -3.39769e-05
-1.28453e+08 -3.40624e-05
-1.28775e+08 -3.41479e-05
-1.29097e+08 -3.42334e-05
-1.2942e+08 -3.43189e-05
-1.29742e+08 -3.44044e-05
-1.30065e+08 -3.44899e-05
-1.30387e+08 -3.45754e-05
-1.30709e+08 -3.46609e-05
-1.31032e+08 -3.47463e-05
-1.31354e+08 -3.48318e-05
-1.31676e+08 -3.49173e-05
-1.31999e+08 -3.50028e-05
-1.32321e+08 -3.50883e-05
-1.32644e+08 -3.51738e-05
-1.32966e+08 -3.52592e-05
-1.33288e+08 -3.53447e-05
-1.33611e+08 -3.54302e-05
-1.33933e+08 -3.55157e-05
-1.34255e+08 -3.56012e-05
-1.34578e+08 -3.56867e-05
-1.349e+08 -3.57721e-05
-1.35222e+08 -3.58576e-05
-1.35545e+08 -3.59431e-05
-1.35867e+08 -3.60286e-05
-1.36189e+08 -3.61141e-05
-1.36512e+08 -3.61995e-05
-1.36834e+08 -3.6285e-05
-1.37156e+08 -3.63705e-05
-1.37479e+08 -3.6456e-05
-1.37801e+08 -3.65414e-05
-1.38123e+08 -3.66269e-05
-1.38446e+08 -3.67124e-05
-1.38768e+08 -3.67979e-05
-1.3909e+08 -3.68833e-05
-1.39413e+08 -3.69688e-05
-1.39735e+08 -3.70543e-05
-1.40057e+08 -3.71398e-05
-1.4038e+08 -3.72252e-05
-1.40702e+08 -3.73107e-05
-1.41024e+08 -3.73962e-05
-1.41347e+08 -3.74816e-05
-1.41669e+08 -3.75671e-05
-1.41991e+08 -3.76526e-05
-1.42314e+08 -3.7738e-05
-1.42636e+08 -3.78235e-05
-1.42958e+08 -3.7909e-05
-1.43281e+08 -3.79944e-05
-1.43603e+08 -3.80799e-05
-1.43925e+08 -3.81654e-05
-1.44248e+08 -3.82509e-05
-1.4457e+08 -3.83363e-05
-1.44892e+08 -3.84218e-05
-1.45214e+08 -3.85072e-05
-1.45537e+08 -3.85927e-05
-1.45859e+08 -3.86782e-05
-1.46181e+08 -3.87636e-05
-1.46504e+08 -3.88491e-05
-1.46826e+08 -3.89346e-05
-1.47148e+08 -3.902e-05
-1.4747e+08 -3.91055e-05
-1.47793e+08 -3.91909e-05
-1.48115e+08 -3.92764e-05
-1.48437e+08 -3.93619e-05
-1.4876e+08 -3.94473e-05
-1.49082e+08 -3.95328e-05
-1.49404e+08 -3.96182e-05
-1.49726e+08 -3.97037e-05
-1.50049e+08 -3.97892e-05
-1.50371e+08 -3.98746e-05
-1.50693e+08 -3.99601e-05
-1.51015e+08 -4.00455e-05
-1.51338e+08 -4.0131e-05
-1.5166e+08 -4.02164e-05
-1.51982e+08 -4.03019e-05
-1.52305e+08 -4.03874e-05
-1.52627e+08 -4.04728e-05
-1.52949e+08 -4.05583e-05
-1.53271e+08 -4.06437e-05
-1.53594e+08 -4.07292e-05
-1.53916e+08 -4.08146e-05
-1.54238e+08 -4.09001e-05
-1.5456e+08 -4.09855e-05
-1.54882e+08 -4.1071e-05
-1.55205e+08 -4.11564e-05
-1.55527e+08 -4.12419e-05
-1.55849e+08 -4.13273e-05
-1.56171e+08 -4.14128e-05
-1.56494e+08 -4.14982e-05
-1.56816e+08 -4.15837e-05
-1.57138e+08 -4.16691e-05
-1.5746e+08 -4.17546e-05
-1.57783e+08 -4.184e-05
-1.58105e+08 -4.19255e-05
-1.58427e+08 -4.20109e-05
-1.58749e+08 -4.20963e-05
-1.59071e+08 -4.21818e-05
-1.59394e+08 -4.22672e-05
-1.59716e+08 -4.23527e-05
-1.60038e+08 -4.24381e-05
-1.6036e+08 -4.25236e-05
-1.60683e+08 -4.2609e-05
-1.61005e+08 -4.26944e-05
-1.61327e+08 -4.27799e-05
-1.61649e+08 -4.28653e-05
-1.61971e+08 -4.29508e-05
-1.62294e+08 -4.30362e-05
-1.62616e+08 -4.31217e-05
-1.62938e+08 -4.32071e-05
-1.6326e+08 -4.32925e-05
-1.63582e+08 -4.3378e-05
-1.63905e+08 -4.34634e-05
-1.64227e+08 -4.35488e-05
-1.64549e+08 -4.36343e-05
-1.64871e+08 -4.37197e-05
-1.65193e+08 -4.38051e-05
-1.65515e+08 -4.38906e-05
-1.65838e+08 -4.3976e-05
-1.6616e+08 -4.40615e-05
-1.66482e+08 -4.41469e-05
-1.66804e+08 -4.42323e-05
-1.67126e+08 -4.43178e-05
-1.67449e+08 -4.44032e-05
-1.67771e+08 -4.44886e-05
-1.68093e+08 -4.4574e-05
-1.68415e+08 -4.46595e-05
-1.68737e+08 -4.47449e-05
-1.69059e+08 -4.48303e-05
-1.69382e+08 -4.49158e-05
-1.69704e+08 -4.50012e-05
-1.70026e+08 -4.50866e-05
-1.70348e+08 -4.51721e-05
-1.7067e+08 -4.52575e-05
-1.70992e+08 -4.53429e-05
-1.71314e+08 -4.54283e-05
-1.71637e+08 -4.55138e-05
-1.71959e+08 -4.55992e-05
-1.72281e+08 -4.56846e-05
-1.72603e+08 -4.577e-05
-1.72925e+08 -4.58555e-05
-1.73247e+08 -4.59409e-05
-1.7357e+08 -4.60263e-05
-1.73892e+08 -4.61117e-05
-1.74214e+08 -4.61972e-05
-1.74536e+08 -4.62826e-05
-1.74858e+08 -4.6368e-05
-1.7518e+08 -4.64534e-05
-1.75502e+08 -4.65388e-05
-1.75824e+08 -4.66243e-05
-1.76147e+08 -4.67097e-05
-1.76469e+08 -4.67951e-05
-1.76791e+08 -4.68805e-05
-1.77113e+08 -4.69659e-05
-1.77435e+08 -4.70514e-05
-1.77757e+08 -4.71368e-05
-1.78079e+08 -4.72222e-05
-1.78401e+08 -4.73076e-05
-1.78723e+08 -4.7393e-05
-1.79046e+08 -4.74784e-05
-1.79368e+08 -4.75638e-05
-1.7969e+08 -4.76493e-05
-1.80012e+08 -4.77347e-05
-1.80334e+08 -4.78201e-05
-1.80656e+08 -4.79055e-05
-1.80978e+08 -4.79909e-05
-1.813e+08 -4.80763e-05
-1.81622e+08 -4.81617e-05
-1.81944e+08 -4.82471e-05
-1.82267e+08 -4.83326e-05
-1.82589e+08 -4.8418e-05
-1.82911e+08 -4.85034e-05
-1.83233e+08 -4.85888e-05
-1.83555e+08 -4.86742e-05
-1.83877e+08 -4.87596e-05
-1.84199e+08 -4.8845e-05
-1.84521e+08 -4.89304e-05
-1.84843e+08 -4.90158e-05
-1.85165e+08 -4.91012e-05
-1.85487e+08 -4.91866e-05
-1.85809e+08 -4.9272e-05
-1.86132e+08 -4.93574e-05
-1.86454e+08 -4.94428e-05
-1.86776e+08 -4.95282e-05
-1.87098e+08 -4.96137e-05
-1.8742e+08 -4.96991e-05
-1.87742e+08 -4.97845e-05
-1.88064e+08 -4.98699e-05
-1.88386e+08 -4.99553e-05
-1.88708e+08 -5.00407e-05
-1.8903e+08 -5.01261e-05
-1.89352e+08 -5.02115e-05
-1.89674e+08 -5.02969e-05
-1.89996e+08 -5.03823e-05
-1.90318e+08 -5.04677e-05
-1.9064e+08 -5.05531e-05
-1.90962e+08 -5.06385e-05
-1.91284e+08 -5.07238e-05
-1.91606e+08 -5.08092e-05
-1.91928e+08 -5.08946e-05
-1.9225e+08 -5.098e-05
-1.92573e+08 -5.10654e-05
-1.92895e+08 -5.11508e-05
-1.93217e+08 -5.12362e-05
-1.93539e+08 -5.13216e-05
-1.93861e+08 -5.1407e-05
-1.94183e+08 -5.14924e-05
-1.94505e+08 -5.15778e-05
-1.94827e+08 -5.16632e-05
-1.95149e+08 -5.17486e-05
-1.95471e+08 -5.1834e-05
-1.95793e+08 -5.19194e-05
-1.96115e+08 -5.20047e-05
-1.96437e+08 -5.20901e-05
-1.96759e+08 -5.21755e-05
-1.97081e+08 -5.22609e-05
-1.97403e+08 -5.23463e-05
-1.97725e+08 -5.24317e-05
-1.98047e+08 -5.25171e-05
-1.98369e+08 -5.26025e-05
-1.98691e+08 -5.26879e-05
-1.99013e+08 -5.27732e-05
-1.99335e+08 -5.28586e-05
-1.99657e+08 -5.2944e-05
-1.99979e+08 -5.30294e-05
-2.00301e+08 -5.31148e-05
-2.00623e+08 -5.32002e-05
-2.00945e+08 -5.32855e-05
-2.01267e+08 -5.33709e-05
-2.01589e+08 -5.34563e-05
-2.01911e+08 -5.35417e-05
-2.02233e+08 -5.36271e-05
-2.02555e+08 -5.37125e-05
-2.02877e+08 -5.37978e-05
-2.03199e+08 -5.38832e-05
-2.03521e+08 -5.39686e-05
-2.03843e+08 -5.4054e-05
-2.04165e+08 -5.41393e-05
-2.04486e+08 -5.42247e-05
-2.04808e+08 -5.43101e-05
-2.0513e+08 -5.43955e-05
-2.05452e+08 -5.44808e-05
-2.05774e+08 -5.45662e-05
-2.06096e+08 -5.46516e-05
-2.06418e+08 -5.4737e-05
-2.0674e+08 -5.48223e-05
-2.07062e+08 -5.49077e-05
-2.07384e+08 -5.49931e-05
-2.07706e+08 -5.50785e-05
-2.08028e+08 -5.51639e-05
-2.0835e+08 -5.52492e-05
-2.08672e+08 -5.53346e-05
-2.08994e+08 -5.542e-05
-2.09316e+08 -5.55053e-05
-2.09638e+08 -5.55907e-05
-2.0996e+08 -5.56761e-05
-2.10282e+08 -5.57614e-05
-2.10604e+08 -5.58468e-05
-2.10925e+08 -5.59322e-05
-2.11247e+08 -5.60175e-05
-2.11569e+08 -5.61029e-05
-2.11891e+08 -5.61883e-05
-2.12213e+08 -5.62736e-05
-2.12535e+08 -5.6359e-05
-2.12857e+08 -5.64444e-05
-2.13179e+08 -5.65297e-05
-2.13501e+08 -5.66151e-05
-2.13823e+08 -5.67005e-05
-2.14145e+08 -5.67858e-05
-2.14467e+08 -5.68712e-05
-2.14788e+08 -5.69566e-05
-2.1511e+08 -5.70419e-05
-2.15432e+08 -5.71273e-05
-2.15754e+08 -5.72126e-05
-2.16076e+08 -5.7298e-05
-2.16398e+08 -5.73834e-05
-2.1672e+08 -5.74687e-05
-2.17042e+08 -5.75541e-05
-2.17364e+08 -5.76394e-05
-2.17686e+08 -5.77248e-05
-2.18007e+08 -5.78101e-05
-2.18329e+08 -5.78955e-05
-2.18651e+08 -5.79809e-05
-2.18973e+08 -5.80662e-05
-2.19295e+08 -5.81516e-05
-2.19617e+08 -5.82369e-05
-2.19939e+08 -5.83223e-05
-2.20261e+08 -5.84076e-05
-2.20583e+08 -5.8493e-05
-2.20904e+08 -5.85783e-05
-2.21226e+08 -5.86637e-05
-2.21548e+08 -5.87491e-05
-2.2187e+08 -5.88344e-05
-2.22192e+08 -5.89198e-05
-2.22514e+08 -5.90051e-05
-2.22836e+08 -5.90905e-05
-2.23157e+08 -5.91758e-05
-2.23479e+08 -5.92612e-05
-2.23801e+08 -5.93465e-05
-2.24123e+08 -5.94319e-05
-2.24445e+08 -5.95172e-05
-2.24767e+08 -5.96025e-05
-2.25089e+08 -5.96879e-05
-2.2541e+08 -5.97732e-05
-2.25732e+08 -5.98586e-05
-2.26054e+08 -5.99439e-05
-2.26376e+08 -6.00293e-05
-2.26698e+08 -6.01146e-05
-2.2702e+08 -6.02e-05
-2.27342e+08 -6.02853e-05
-2.27663e+08 -6.03707e-05
-2.27985e+08 -6.0456e-05
-2.28307e+08 -6.05413e-05
-2.28629e+08 -6.06267e-05
-2.28951e+08 -6.0712e-05
-2.29273e+08 -6.07974e-05
-2.29594e+08 -6.08827e-05
-2.29916e+08 -6.0968e-05
-2.30238e+08 -6.10534e-05
-2.3056e+08 -6.11387e-05
-2.30882e+08 -6.12241e-05
-2.31203e+08 -6.13094e-05
-2.31525e+08 -6.13947e-05
-2.31847e+08 -6.14801e-05
-2.32169e+08 -6.15654e-05
-2.32491e+08 -6.16507e-05
-2.32813e+08 -6.17361e-05
-2.33134e+08 -6.18214e-05
-2.33456e+08 -6.19068e-05
-2.33778e+08 -6.19921e-05
-2.341e+08 -6.20774e-05
-2.34422e+08 -6.21628e-05
-2.34743e+08 -6.22481e-05
-2.35065e+08 -6.23334e-05
-2.35387e+08 -6.24188e-05
-2.35709e+08 -6.25041e-05
-2.36031e+08 -6.25894e-05
-2.36352e+08 -6.26747e-05
-2.36674e+08 -6.27601e-05
-2.36996e+08 -6.28454e-05
-2.37318e+08 -6.29307e-05
-2.37639e+08 -6.30161e-05
-2.37961e+08 -6.31014e-05
-2.38283e+08 -6.31867e-05
-2.38605e+08 -6.3272e-05
-2.38927e+08 -6.33574e-05
-2.39248e+08 -6.34427e-05
-2.3957e+08 -6.3528e-05
-2.39892e+08 -6.36133e-05
-2.40214e+08 -6.36987e-05
-2.40535e+08 -6.3784e-05
-2.40857e+08 -6.38693e-05
-2.41179e+08 -6.39546e-05
-2.41501e+08 -6.404e-05
-2.41822e+08 -6.41253e-05
-2.42144e+08 -6.42106e-05
-2.42466e+08 -6.42959e-05
-2.42788e+08 -6.43813e-05
-2.43109e+08 -6.44666e-05
-2.43431e+08 -6.45519e-05
-2.43753e+08 -6.46372e-05
-2.44075e+08 -6.47225e-05
-2.44396e+08 -6.48079e-05
-2.44718e+08 -6.48932e-05
-2.4504e+08 -6.49785e-05
-2.45362e+08 -6.50638e-05
-2.45683e+08 -6.51491e-05
-2.46005e+08 -6.52344e-05
-2.46327e+08 -6.53198e-05
-2.46649e+08 -6.54051e-05
-2.4697e+08 -6.54904e-05
-2.47292e+08 -6.55757e-05
-2.47614e+08 -6.5661e-05
-2.47936e+08 -6.57463e-05
-2.48257e+08 -6.58316e-05
-2.48579e+08 -6.5917e-05
-2.48901e+08 -6.60023e-05
-2.49222e+08 -6.60876e-05
-2.49544e+08 -6.61729e-05
-2.49866e+08 -6.62582e-05
-2.50188e+08 -6.63435e-05
-2.50509e+08 -6.64288e-05
-2.50831e+08 -6.65141e-05
-2.51153e+08 -6.65994e-05
-2.51474e+08 -6.66847e-05
-2.51796e+08 -6.67701e-05
-2.52118e+08 -6.68554e-05
-2.5244e+08 -6.69407e-05
-2.52761e+08 -6.7026e-05
-2.53083e+08 -6.71113e-05
-2.53405e+08 -6.71966e-05
-2.53726e+08 -6.72819e-05
-2.54048e+08 -6.73672e-05
-2.5437e+08 -6.74525e-05
-2.54691e+08 -6.75378e-05
-2.55013e+08 -6.76231e-05
-2.55335e+08 -6.77084e-05
-2.55656e+08 -6.77937e-05
-2.55978e+08 -6.7879e-05
-2.563e+08 -6.79643e-05
-2.56621e+08 -6.80496e-05
-2.56943e+08 -6.81349e-05
-2.57265e+08 -6.82202e-05
-2.57586e+08 -6.83055e-05
-2.57908e+08 -6.83908e-05
-2.5823e+08 -6.84761e-05
-2.58551e+08 -6.85614e-05
-2.58873e+08 -6.86467e-05
-2.59195e+08 -6.8732e-05
-2.59516e+08 -6.88173e-05
-2.59838e+08 -6.89026e-05
-2.6016e+08 -6.89879e-05
-2.60481e+08 -6.90732e-05
-2.60803e+08 -6.91585e-05
-2.61125e+08 -6.92438e-05
-2.61446e+08 -6.93291e-05
-2.61768e+08 -6.94144e-05
-2.6209e+08 -6.94996e-05
-2.62411e+08 -6.95849e-05
-2.62733e+08 -6.96702e-05
-2.63055e+08 -6.97555e-05
-2.63376e+08 -6.98408e-05
-2.63698e+08 -6.99261e-05
-2.6402e+08 -7.00114e-05
-2.64341e+08 -7.00967e-05
-2.64663e+08 -7.0182e-05
-2.64984e+08 -7.02673e-05
-2.65306e+08 -7.03525e-05
-2.65628e+08 -7.04378e-05
-2.65949e+08 -7.05231e-05
-2.66271e+08 -7.06084e-05
-2.66593e+08 -7.06937e-05
-2.66914e+08 -7.0779e-05
-2.67236e+08 -7.08643e-05
-2.67557e+08 -7.09495e-05
-2.67879e+08 -7.10348e-05
-2.68201e+08 -7.11201e-05
-2.68522e+08 -7.12054e-05
-2.68844e+08 -7.12907e-05
-2.69165e+08 -7.1376e-05
-2.69487e+08 -7.14612e-05
-2.69809e+08 -7.15465e-05
-2.7013e+08 -7.16318e-05
-2.70452e+08 -7.17171e-05
-2.70773e+08 -7.18024e-05
-2.71095e+08 -7.18876e-05
-2.71417e+08 -7.19729e-05
-2.71738e+08 -7.20582e-05
-2.7206e+08 -7.21435e-05
-2.72381e+08 -7.22288e-05
-2.72703e+08 -7.2314e-05
-2.73025e+08 -7.23993e-05
-2.73346e+08 -7.24846e-05
-2.73668e+08 -7.25699e-05
-2.73989e+08 -7.26551e-05
-2.74311e+08 -7.27404e-05
-2.74632e+08 -7.28257e-05
-2.74954e+08 -7.2911e-05
-2.75276e+08 -7.29962e-05
-2.75597e+08 -7.30815e-05
-2.75887e+08 -7.31584e-05
-2.7612e+08 -7.32203e-05
-2.76354e+08 -7.32821e-05
-2.76587e+08 -7.3344e-05
-2.7682e+08 -7.34058e-05
-2.77053e+08 -7.34677e-05
-2.77287e+08 -7.35295e-05
-2.7752e+08 -7.35914e-05
-2.77653e+08 -7.36266e-05
-2.77622e+08 -7.36184e-05
-2.77591e+08 -7.36102e-05
-2.7756e+08 -7.36019e-05
-2.77529e+08 -7.35937e-05
-2.77498e+08 -7.35855e-05
-2.77467e+08 -7.35773e-05
-2.77436e+08 -7.35691e-05
-2.77405e+08 -7.35608e-05
-2.77374e+08 -7.35526e-05
-2.77343e+08 -7.35444e-05
-2.77312e+08 -7.35362e-05
-2.77281e+08 -7.35279e-05
-2.7725e+08 -7.35197e-05
-2.77219e+08 -7.35115e-05
-2.77188e+08 -7.35033e-05
-2.77157e+08 -7.34951e-05
-2.77126e+08 -7.34868e-05
-2.77095e+08 -7.34786e-05
-2.77064e+08 -7.34704e-05
-2.77033e+08 -7.34622e-05
-2.77002e+08 -7.3454e-05
-2.76971e+08 -7.34457e-05
-2.7694e+08 -7.34375e-05
-2.76909e+08 -7.34293e-05
-2.76878e+08 -7.34211e-05
-2.76847e+08 -7.34129e-05
-2.76816e+08 -7.34046e-05
-2.76785e+08 -7.33964e-05
-2.76754e+08 -7.33882e-05
-2.76723e+08 -7.338e-05
-2.76692e+08 -7.33718e-05
-2.76661e+08 -7.33635e-05
-2.7663e+08 -7.33553e-05
-2.76599e+08 -7.33471e-05
-2.76568e+08 -7.33389e-05
-2.76537e+08 -7.33307e-05
-2.76506e+08 -7.33224e-05
-2.76475e+08 -7.33142e-05
-2.76444e+08 -7.3306e-05
-2.76413e+08 -7.32978e-05
-2.76382e+08 -7.32896e-05
-2.76351e+08 -7.32813e-05
-2.7632e+08 -7.32731e-05
-2.76289e+08 -7.32649e-05
-2.76258e+08 -7.32567e-05
-2.76227e+08 -7.32485e-05
-2.76196e+08 -7.32402e-05
-2.76165e+08 -7.3232e-05
-2.76134e+08 -7.32238e-05
-2.76103e+08 -7.32156e-05
-2.76072e+08 -7.32074e-05
-2.76041e+08 -7.31992e-05
-2.7601e+08 -7.31909e-05
-2.75979e+08 -7.31827e-05
-2.75948e+08 -7.31745e-05
-2.75917e+08 -7.31663e-05
-2.75886e+08 -7.31581e-05
-2.75855e+08 -7.31499e-05
-2.75824e+08 -7.31416e-05
-2.75793e+08 -7.31334e-05
-2.75762e+08 -7.31252e-05
-2.75731e+08 -7.3117e-05
-2.757e+08 -7.31088e-05
-2.75669e+08 -7.31006e-05
-2.75638e+08 -7.30923e-05
-2.75607e+08 -7.30841e-05
-2.75576e+08 -7.30759e-05
-2.75545e+08 -7.30677e-05
-2.75514e+08 -7.30595e-05
-2.75483e+08 -7.30513e-05
-2.75452e+08 -7.3043e-05
-2.75421e+08 -7.30348e-05
-2.7539e+08 -7.30266e-05
-2.75359e+08 -7.30184e-05
-2.75328e+08 -7.30102e-05
-2.75297e+08 -7.3002e-05
-2.75266e+08 -7.29937e-05
-2.75235e+08 -7.29855e-05
-2.75204e+08 -7.29773e-05
-2.75173e+08 -7.29691e-05
-2.75142e+08 -7.29609e-05
-2.75111e+08 -7.29527e-05
-2.7508e+08 -7.29445e-05
-2.75049e+08 -7.29362e-05
-2.75018e+08 -7.2928e-05
-2.74987e+08 -7.29198e-05
-2.74956e+08 -7.29116e-05
-2.74925e+08 -7.29034e-05
-2.74895e+08 -7.28952e-05
-2.74864e+08 -7.2887e-05
-2.74833e+08 -7.28787e-05
-2.74802e+08 -7.28705e-05
-2.74771e+08 -7.28623e-05
-2.7474e+08 -7.28541e-05
-2.74709e+08 -7.28459e-05
-2.74678e+08 -7.28377e-05
-2.74647e+08 -7.28295e-05
-2.74616e+08 -7.28213e-05
-2.74585e+08 -7.2813e-05
-2.74554e+08 -7.28048e-05
-2.74523e+08 -7.27966e-05
-2.74492e+08 -7.27884e-05
-2.74461e+08 -7.27802e-05
-2.7443e+08 -7.2772e-05
-2.74399e+08 -7.27638e-05
-2.74368e+08 -7.27555e-05
-2.74337e+08 -7.27473e-05
-2.74306e+08 -7.27391e-05
-2.74275e+08 -7.27309e-05
-2.74244e+08 -7.27227e-05
-2.74213e+08 -7.27145e-05
-2.74182e+08 -7.27063e-05
-2.74151e+08 -7.26981e-05
-2.7412e+08 -7.26898e-05
-2.74089e+08 -7.26816e-05
-2.74058e+08 -7.26734e-05
-2.74027e+08 -7.26652e-05
-2.73996e+08 -7.2657e-05
-2.73965e+08 -7.26488e-05
-2.73934e+08 -7.26406e-05
-2.73903e+08 -7.26324e-05
-2.73872e+08 -7.26242e-05
-2.73842e+08 -7.26159e-05
-2.73811e+08 -7.26077e-05
-2.7378e+08 -7.25995e-05
-2.73749e+08 -7.25913e-05
-2.73718e+08 -7.25831e-05
-2.73687e+08 -7.25749e-05
-2.73656e+08 -7.25667e-05
-2.73625e+08 -7.25585e-05
-2.73594e+08 -7.25503e-05
-2.73563e+08 -7.2542e-05
-2.73532e+08 -7.25338e-05
-2.73501e+08 -7.25256e-05
-2.7347e+08 -7.25174e-05
-2.73439e+08 -7.25092e-05
-2.73408e+08 -7.2501e-05
-2.73377e+08 -7.24928e-05
-2.73346e+08 -7.24846e-05
-2.73315e+08 -7.24764e-05
-2.73284e+08 -7.24682e-05
-2.73253e+08 -7.246e-05
-2.73222e+08 -7.24517e-05
-2.73191e+08 -7.24435e-05
-2.7316e+08 -7.24353e-05
-2.73129e+08 -7.24271e-05
-2.73098e+08 -7.24189e-05
-2.73068e+08 -7.24107e-05
-2.73037e+08 -7.24025e-05
-2.73006e+08 -7.23943e-05
-2.72975e+08 -7.23861e-05
-2.72944e+08 -7.23779e-05
-2.72913e+08 -7.23697e-05
-2.72882e+08 -7.23614e-05
-2.72851e+08 -7.23532e-05
-2.7282e+08 -7.2345e-05
-2.72789e+08 -7.23368e-05
-2.72758e+08 -7.23286e-05
-2.72727e+08 -7.23204e-05
-2.72696e+08 -7.23122e-05
-2.72665e+08 -7.2304e-05
-2.72634e+08 -7.22958e-05
-2.72603e+08 -7.22876e-05
-2.72572e+08 -7.22794e-05
-2.72541e+08 -7.22712e-05
-2.7251e+08 -7.2263e-05
-2.72479e+08 -7.22548e-05
-2.72448e+08 -7.22465e-05
-2.72418e+08 -7.22383e-05
-2.72387e+08 -7.22301e-05
-2.72356e+08 -7.22219e-05
-2.72325e+08 -7.22137e-05
-2.72294e+08 -7.22055e-05
-2.72263e+08 -7.21973e-05
-2.72232e+08 -7.21891e-05
-2.72201e+08 -7.21809e-05
-2.7217e+08 -7.21727e-05
-2.72139e+08 -7.21645e-05
-2.72108e+08 -7.21563e-05
-2.72077e+08 -7.21481e-05
-2.72046e+08 -7.21399e-05
-2.72015e+08 -7.21317e-05
-2.71984e+08 -7.21235e-05
-2.71953e+08 -7.21153e-05
-2.71922e+08 -7.2107e-05
-2.71891e+08 -7.20988e-05
-2.71861e+08 -7.20906e-05
-2.7183e+08 -7.20824e-05
-2.71799e+08 -7.20742e-05
-2.71768e+08 -7.2066e-05
-2.71737e+08 -7.20578e-05
-2.71706e+08 -7.20496e-05
-2.71675e+08 -7.20414e-05
-2.71644e+08 -7.20332e-05
-2.71613e+08 -7.2025e-05
-2.71582e+08 -7.20168e-05
-2.71551e+08 -7.20086e-05
-2.7152e+08 -7.20004e-05
-2.71489e+08 -7.19922e-05
-2.71458e+08 -7.1984e-05
-2.71427e+08 -7.19758e-05
-2.71396e+08 -7.19676e-05
-2.71366e+08 -7.19594e-05
-2.71335e+08 -7.19512e-05
-2.71304e+08 -7.1943e-05
-2.71273e+08 -7.19348e-05
-2.71242e+08 -7.19265e-05
-2.71211e+08 -7.19184e-05
-2.7118e+08 -7.19101e-05
-2.71149e+08 -7.19019e-05
-2.71118e+08 -7.18937e-05
-2.71087e+08 -7.18855e-05
-2.71056e+08 -7.18773e-05
-2.71025e+08 -7.18691e-05
-2.70994e+08 -7.18609e-05
-2.70963e+08 -7.18527e-05
-2.70932e+08 -7.18445e-05
-2.70901e+08 -7.18363e-05
-2.70871e+08 -7.18281e-05
-2.7084e+08 -7.18199e-05
-2.70809e+08 -7.18117e-05
-2.70778e+08 -7.18035e-05
-2.70747e+08 -7.17953e-05
-2.70716e+08 -7.17871e-05
-2.70685e+08 -7.17789e-05
-2.70654e+08 -7.17707e-05
-2.70623e+08 -7.17625e-05
-2.70592e+08 -7.17543e-05
-2.70561e+08 -7.17461e-05
-2.7053e+08 -7.17379e-05
-2.70499e+08 -7.17297e-05
-2.70469e+08 -7.17215e-05
-2.70438e+08 -7.17133e-05
-2.70407e+08 -7.17051e-05
-2.70376e+08 -7.16969e-05
-2.70345e+08 -7.16887e-05
-2.70314e+08 -7.16805e-05
-2.70283e+08 -7.16723e-05
-2.70252e+08 -7.16641e-05
-2.70221e+08 -7.16559e-05
-2.7019e+08 -7.16477e-05
-2.70159e+08 -7.16395e-05
-2.70128e+08 -7.16313e-05
-2.70097e+08 -7.16231e-05
-2.70066e+08 -7.16149e-05
-2.70036e+08 -7.16067e-05
-2.70005e+08 -7.15985e-05
-2.69974e+08 -7.15903e-05
-2.69943e+08 -7.15821e-05
-2.69912e+08 -7.15739e-05
-2.69881e+08 -7.15657e-05
-2.6985e+08 -7.15575e-05
-2.69819e+08 -7.15493e-05
-2.69788e+08 -7.15411e-05
-2.69757e+08 -7.15329e-05
-2.69726e+08 -7.15247e-05
-2.69695e+08 -7.15165e-05
-2.69665e+08 -7.15083e-05
-2.69634e+08 -7.15001e-05
-2.69603e+08 -7.14919e-05
-2.69572e+08 -7.14837e-05
-2.69541e+08 -7.14755e-05
-2.6951e+08 -7.14673e-05
-2.69479e+08 -7.14591e-05
-2.69448e+08 -7.14509e-05
-2.69417e+08 -7.14427e-05
-2.69386e+08 -7.14345e-05
-2.69355e+08 -7.14263e-05
-2.69324e+08 -7.14181e-05
-2.69294e+08 -7.14099e-05
-2.69263e+08 -7.14017e-05
-2.69232e+08 -7.13935e-05
-2.69201e+08 -7.13854e-05
-2.6917e+08 -7.13772e-05
-2.69139e+08 -7.1369e-05
-2.69108e+08 -7.13608e-05
-2.69077e+08 -7.13526e-05
-2.69046e+08 -7.13444e-05
-2.69015e+08 -7.13362e-05
-2.68984e+08 -7.1328e-05
-2.68954e+08 -7.13198e-05
-2.68923e+08 -7.13116e-05
-2.68892e+08 -7.13034e-05
-2.68861e+08 -7.12952e-05
-2.6883e+08 -7.1287e-05
-2.68799e+08 -7.12788e-05
-2.68768e+08 -7.12706e-05
-2.68737e+08 -7.12624e-05
-2.68706e+08 -7.12542e-05
-2.68675e+08 -7.1246e-05
-2.68644e+08 -7.12378e-05
-2.68614e+08 -7.12296e-05
-2.68583e+08 -7.12214e-05
-2.68552e+08 -7.12132e-05
-2.68521e+08 -7.1205e-05
-2.6849e+08 -7.11968e-05
-2.68459e+08 -7.11887e-05
-2.68428e+08 -7.11805e-05
-2.68397e+08 -7.11723e-05
-2.68366e+08 -7.11641e-05
-2.68335e+08 -7.11559e-05
-2.68305e+08 -7.11477e-05
-2.68274e+08 -7.11395e-05
-2.68243e+08 -7.11313e-05
-2.68212e+08 -7.11231e-05
-2.68181e+08 -7.11149e-05
-2.6815e+08 -7.11067e-05
-2.68119e+08 -7.10985e-05
-2.68088e+08 -7.10903e-05
-2.68057e+08 -7.10821e-05
-2.68026e+08 -7.10739e-05
-2.67996e+08 -7.10657e-05
-2.67965e+08 -7.10575e-05
-2.67934e+08 -7.10494e-05
-2.67903e+08 -7.10412e-05
-2.67872e+08 -7.1033e-05
-2.67841e+08 -7.10248e-05
-2.6781e+08 -7.10166e-05
-2.67779e+08 -7.10084e-05
-2.67748e+08 -7.10002e-05
-2.67717e+08 -7.0992e-05
-2.67687e+08 -7.09838e-05
-2.67656e+08 -7.09756e-05
-2.67625e+08 -7.09674e-05
-2.67594e+08 -7.09592e-05
-2.67563e+08 -7.0951e-05
-2.67532e+08 -7.09429e-05
-2.67501e+08 -7.09347e-05
-2.6747e+08 -7.09265e-05
-2.67439e+08 -7.09183e-05
-2.67409e+08 -7.09101e-05
-2.67378e+08 -7.09019e-05
-2.67347e+08 -7.08937e-05
-2.67316e+08 -7.08855e-05
-2.67285e+08 -7.08773e-05
-2.67254e+08 -7.08691e-05
-2.67223e+08 -7.08609e-05
-2.67192e+08 -7.08527e-05
-2.67161e+08 -7.08446e-05
-2.67131e+08 -7.08364e-05
-2.671e+08 -7.08282e-05
-2.67069e+08 -7.082e-05
-2.67038e+08 -7.08118e-05
-2.67007e+08 -7.08036e-05
-2.66976e+08 -7.07954e-05
-2.66945e+08 -7.07872e-05
-2.66914e+08 -7.0779e-05
-2.66883e+08 -7.07708e-05
-2.66853e+08 -7.07627e-05
-2.66822e+08 -7.07545e-05
-2.66791e+08 -7.07463e-05
-2.6676e+08 -7.07381e-05
-2.66729e+08 -7.07299e-05
-2.66698e+08 -7.07217e-05
-2.66667e+08 -7.07135e-05
-2.66636e+08 -7.07053e-05
-2.66606e+08 -7.06971e-05
-2.66575e+08 -7.06889e-05
-2.66544e+08 -7.06808e-05
-2.66513e+08 -7.06726e-05
-2.66482e+08 -7.06644e-05
-2.66451e+08 -7.06562e-05
-2.6642e+08 -7.0648e-05
-2.66389e+08 -7.06398e-05
-2.66358e+08 -7.06316e-05
-2.66328e+08 -7.06234e-05
-2.66297e+08 -7.06152e-05
-2.66266e+08 -7.06071e-05
-2.66235e+08 -7.05989e-05
-2.66204e+08 -7.05907e-05
-2.66173e+08 -7.05825e-05
-2.66142e+08 -7.05743e-05
-2.66111e+08 -7.05661e-05
-2.66081e+08 -7.05579e-05
-2.6605e+08 -7.05497e-05
-2.66019e+08 -7.05416e-05
-2.65988e+08 -7.05334e-05
-2.65957e+08 -7.05252e-05
-2.65926e+08 -7.0517e-05
-2.65895e+08 -7.05088e-05
-2.65864e+08 -7.05006e-05
-2.65834e+08 -7.04924e-05
-2.65803e+08 -7.04842e-05
-2.65772e+08 -7.04761e-05
-2.65741e+08 -7.04679e-05
-2.6571e+08 -7.04597e-05
-2.65679e+08 -7.04515e-05
-2.65648e+08 -7.04433e-05
-2.65617e+08 -7.04351e-05
-2.65587e+08 -7.04269e-05
-2.65556e+08 -7.04188e-05
-2.65525e+08 -7.04106e-05
-2.65494e+08 -7.04024e-05
-2.65463e+08 -7.03942e-05
-2.65432e+08 -7.0386e-05
-2.65401e+08 -7.03778e-05
-2.65371e+08 -7.03696e-05
-2.6534e+08 -7.03615e-05
-2.65309e+08 -7.03533e-05
-2.65278e+08 -7.03451e-05
-2.65247e+08 -7.03369e-05
-2.65216e+08 -7.03287e-05
-2.65185e+08 -7.03205e-05
-2.65154e+08 -7.03124e-05
-2.65124e+08 -7.03042e-05
-2.65093e+08 -7.0296e-05
-2.65062e+08 -7.02878e-05
-2.65031e+08 -7.02796e-05
-2.65e+08 -7.02714e-05
-2.64969e+08 -7.02632e-05
-2.64938e+08 -7.02551e-05
-2.64908e+08 -7.02469e-05
-2.64877e+08 -7.02387e-05
-2.64846e+08 -7.02305e-05
-2.64815e+08 -7.02223e-05
-2.64784e+08 -7.02141e-05
-2.64753e+08 -7.0206e-05
-2.64722e+08 -7.01978e-05
-2.64692e+08 -7.01896e-05
-2.64661e+08 -7.01814e-05
-2.6463e+08 -7.01732e-05
-2.64599e+08 -7.0165e-05
-2.64568e+08 -7.01569e-05
-2.64537e+08 -7.01487e-05
-2.64506e+08 -7.01405e-05
-2.64475e+08 -7.01323e-05
-2.64445e+08 -7.01241e-05
-2.64414e+08 -7.01159e-05
-2.64383e+08 -7.01078e-05
-2.64352e+08 -7.00996e-05
-2.64321e+08 -7.00914e-05
-2.6429e+08 -7.00832e-05
-2.64259e+08 -7.0075e-05
-2.64229e+08 -7.00668e-05
-2.64198e+08 -7.00587e-05
-2.64167e+08 -7.00505e-05
-2.64136e+08 -7.00423e-05
-2.64105e+08 -7.00341e-05
-2.64074e+08 -7.00259e-05
-2.64044e+08 -7.00178e-05
-2.64013e+08 -7.00096e-05
-2.63982e+08 -7.00014e-05
-2.63951e+08 -6.99932e-05
-2.6392e+08 -6.9985e-05
-2.63889e+08 -6.99769e-05
-2.63858e+08 -6.99687e-05
-2.63828e+08 -6.99605e-05
-2.63797e+08 -6.99523e-05
-2.63766e+08 -6.99441e-05
-2.63735e+08 -6.9936e-05
-2.63704e+08 -6.99278e-05
-2.63673e+08 -6.99196e-05
-2.63642e+08 -6.99114e-05
-2.63612e+08 -6.99032e-05
-2.63581e+08 -6.9895e-05
-2.6355e+08 -6.98869e-05
-2.63519e+08 -6.98787e-05
-2.63488e+08 -6.98705e-05
-2.63457e+08 -6.98623e-05
-2.63427e+08 -6.98542e-05
-2.63396e+08 -6.9846e-05
-2.63365e+08 -6.98378e-05
-2.63334e+08 -6.98296e-05
-2.63303e+08 -6.98214e-05
-2.63272e+08 -6.98133e-05
-2.63241e+08 -6.98051e-05
-2.63211e+08 -6.97969e-05
-2.6318e+08 -6.97887e-05
-2.63149e+08 -6.97805e-05
-2.63118e+08 -6.97724e-05
-2.63087e+08 -6.97642e-05
-2.63056e+08 -6.9756e-05
-2.63026e+08 -6.97478e-05
-2.62995e+08 -6.97396e-05
-2.62964e+08 -6.97315e-05
-2.62933e+08 -6.97233e-05
-2.62902e+08 -6.97151e-05
-2.62871e+08 -6.97069e-05
-2.62841e+08 -6.96988e-05
-2.6281e+08 -6.96906e-05
-2.62779e+08 -6.96824e-05
-2.62748e+08 -6.96742e-05
-2.62717e+08 -6.9666e-05
-2.62686e+08 -6.96579e-05
-2.62655e+08 -6.96497e-05
-2.62625e+08 -6.96415e-05
-2.62594e+08 -6.96333e-05
-2.62563e+08 -6.96252e-05
-2.62532e+08 -6.9617e-05
-2.62501e+08 -6.96088e-05
-2.6247e+08 -6.96006e-05
-2.6244e+08 -6.95925e-05
-2.62409e+08 -6.95843e-05
-2.62378e+08 -6.95761e-05
-2.62347e+08 -6.95679e-05
-2.62316e+08 -6.95597e-05
-2.62285e+08 -6.95516e-05
-2.62255e+08 -6.95434e-05
-2.62224e+08 -6.95352e-05
-2.62193e+08 -6.9527e-05
-2.62162e+08 -6.95189e-05
-2.62131e+08 -6.95107e-05
-2.621e+08 -6.95025e-05
-2.6207e+08 -6.94943e-05
-2.62039e+08 -6.94862e-05
-2.62008e+08 -6.9478e-05
-2.61977e+08 -6.94698e-05
-2.61946e+08 -6.94616e-05
-2.61916e+08 -6.94535e-05
-2.61885e+08 -6.94453e-05
-2.61854e+08 -6.94371e-05
-2.61823e+08 -6.94289e-05
-2.61792e+08 -6.94208e-05
-2.61761e+08 -6.94126e-05
-2.61731e+08 -6.94044e-05
-2.617e+08 -6.93962e-05
-2.61669e+08 -6.93881e-05
-2.61638e+08 -6.93799e-05
-2.61607e+08 -6.93717e-05
-2.61576e+08 -6.93635e-05
-2.61546e+08 -6.93554e-05
-2.61515e+08 -6.93472e-05
-2.61484e+08 -6.9339e-05
-2.61453e+08 -6.93309e-05
-2.61422e+08 -6.93227e-05
-2.61391e+08 -6.93145e-05
-2.61361e+08 -6.93063e-05
-2.6133e+08 -6.92982e-05
-2.61299e+08 -6.929e-05
-2.61268e+08 -6.92818e-05
-2.61237e+08 -6.92736e-05
-2.61207e+08 -6.92655e-05
-2.61176e+08 -6.92573e-05
-2.61145e+08 -6.92491e-05
-2.61114e+08 -6.9241e-05
-2.61083e+08 -6.92328e-05
-2.61052e+08 -6.92246e-05
-2.61022e+08 -6.92164e-05
-2.60991e+08 -6.92083e-05
-2.6096e+08 -6.92001e-05
-2.60929e+08 -6.91919e-05
-2.60898e+08 -6.91837e-05
-2.60868e+08 -6.91756e-05
-2.60837e+08 -6.91674e-05
-2.60806e+08 -6.91592e-05
-2.60775e+08 -6.91511e-05
-2.60744e+08 -6.91429e-05
-2.60713e+08 -6.91347e-05
-2.60683e+08 -6.91265e-05
-2.60652e+08 -6.91184e-05
-2.60621e+08 -6.91102e-05
-2.6059e+08 -6.9102e-05
-2.60559e+08 -6.90939e-05
-2.60529e+08 -6.90857e-05
-2.60498e+08 -6.90775e-05
-2.60467e+08 -6.90694e-05
-2.60436e+08 -6.90612e-05
-2.60405e+08 -6.9053e-05
-2.60375e+08 -6.90448e-05
-2.60344e+08 -6.90367e-05
-2.60313e+08 -6.90285e-05
-2.60282e+08 -6.90203e-05
-2.60251e+08 -6.90122e-05
-2.60221e+08 -6.9004e-05
-2.6019e+08 -6.89958e-05
-2.60159e+08 -6.89876e-05
-2.60128e+08 -6.89795e-05
-2.60097e+08 -6.89713e-05
-2.60066e+08 -6.89631e-05
-2.60036e+08 -6.8955e-05
-2.60005e+08 -6.89468e-05
-2.59974e+08 -6.89386e-05
-2.59943e+08 -6.89305e-05
-2.59912e+08 -6.89223e-05
-2.59882e+08 -6.89141e-05
-2.59851e+08 -6.8906e-05
-2.5982e+08 -6.88978e-05
-2.59789e+08 -6.88896e-05
-2.59758e+08 -6.88815e-05
-2.59728e+08 -6.88733e-05
-2.59697e+08 -6.88651e-05
-2.59666e+08 -6.88569e-05
-2.59635e+08 -6.88488e-05
-2.59604e+08 -6.88406e-05
-2.59574e+08 -6.88324e-05
-2.59543e+08 -6.88243e-05
-2.59512e+08 -6.88161e-05
-2.59481e+08 -6.88079e-05
-2.5945e+08 -6.87998e-05
-2.5942e+08 -6.87916e-05
-2.59389e+08 -6.87834e-05
-2.59358e+08 -6.87753e-05
-2.59327e+08 -6.87671e-05
-2.59296e+08 -6.87589e-05
-2.59266e+08 -6.87508e-05
-2.59235e+08 -6.87426e-05
-2.59204e+08 -6.87344e-05
-2.59173e+08 -6.87263e-05
-2.59142e+08 -6.87181e-05
-2.59112e+08 -6.87099e-05
-2.59081e+08 -6.87018e-05
-2.5905e+08 -6.86936e-05
-2.59019e+08 -6.86854e-05
-2.58988e+08 -6.86773e-05
-2.58958e+08 -6.86691e-05
-2.58927e+08 -6.86609e-05
-2.58896e+08 -6.86528e-05
-2.58865e+08 -6.86446e-05
-2.58834e+08 -6.86364e-05
-2.58804e+08 -6.86283e-05
-2.58773e+08 -6.86201e-05
-2.58742e+08 -6.86119e-05
-2.58711e+08 -6.86038e-05
-2.5868e+08 -6.85956e-05
-2.5865e+08 -6.85875e-05
-2.58619e+08 -6.85793e-05
-2.58588e+08 -6.85711e-05
-2.58557e+08 -6.8563e-05
-2.58527e+08 -6.85548e-05
-2.58496e+08 -6.85466e-05
-2.58465e+08 -6.85385e-05
-2.58434e+08 -6.85303e-05
-2.58403e+08 -6.85221e-05
-2.58373e+08 -6.8514e-05
-2.58342e+08 -6.85058e-05
-2.58311e+08 -6.84976e-05
-2.5828e+08 -6.84895e-05
-2.58249e+08 -6.84813e-05
-2.58219e+08 -6.84732e-05
-2.58188e+08 -6.8465e-05
-2.58157e+08 -6.84568e-05
-2.58126e+08 -6.84487e-05
-2.58096e+08 -6.84405e-05
-2.58065e+08 -6.84323e-05
-2.58034e+08 -6.84242e-05
-2.58003e+08 -6.8416e-05
-2.57972e+08 -6.84078e-05
-2.57942e+08 -6.83997e-05
-2.57911e+08 -6.83915e-05
-2.5788e+08 -6.83834e-05
-2.57849e+08 -6.83752e-05
-2.57818e+08 -6.8367e-05
-2.57788e+08 -6.83589e-05
-2.57757e+08 -6.83507e-05
-2.57726e+08 -6.83425e-05
-2.57695e+08 -6.83344e-05
-2.57665e+08 -6.83262e-05
-2.57634e+08 -6.83181e-05
-2.57603e+08 -6.83099e-05
-2.57572e+08 -6.83017e-05
-2.57541e+08 -6.82936e-05
-2.57511e+08 -6.82854e-05
-2.5748e+08 -6.82772e-05
-2.57449e+08 -6.82691e-05
-2.57418e+08 -6.82609e-05
-2.57388e+08 -6.82528e-05
-2.57357e+08 -6.82446e-05
-2.57326e+08 -6.82364e-05
-2.57295e+08 -6.82283e-05
-2.57264e+08 -6.82201e-05
-2.57234e+08 -6.8212e-05
-2.57203e+08 -6.82038e-05
-2.57172e+08 -6.81956e-05
-2.57141e+08 -6.81875e-05
-2.57111e+08 -6.81793e-05
-2.5708e+08 -6.81712e-05
-2.57049e+08 -6.8163e-05
-2.57018e+08 -6.81548e-05
-2.56988e+08 -6.81467e-05
-2.56957e+08 -6.81385e-05
-2.56926e+08 -6.81304e-05
-2.56895e+08 -6.81222e-05
-2.56864e+08 -6.8114e-05
-2.56834e+08 -6.81059e-05
-2.56803e+08 -6.80977e-05
-2.56772e+08 -6.80896e-05
-2.56741e+08 -6.80814e-05
-2.56711e+08 -6.80732e-05
-2.5668e+08 -6.80651e-05
-2.56649e+08 -6.80569e-05
-2.56618e+08 -6.80488e-05
-2.56587e+08 -6.80406e-05
-2.56557e+08 -6.80324e-05
-2.56526e+08 -6.80243e-05
-2.56495e+08 -6.80161e-05
-2.56464e+08 -6.8008e-05
-2.56434e+08 -6.79998e-05
-2.56403e+08 -6.79916e-05
-2.56372e+08 -6.79835e-05
-2.56341e+08 -6.79753e-05
-2.56311e+08 -6.79672e-05
-2.5628e+08 -6.7959e-05
-2.56249e+08 -6.79509e-05
-2.56218e+08 -6.79427e-05
-2.56188e+08 -6.79345e-05
-2.56157e+08 -6.79264e-05
-2.56126e+08 -6.79182e-05
-2.56095e+08 -6.79101e-05
-2.56065e+08 -6.79019e-05
-2.56034e+08 -6.78938e-05
-2.56003e+08 -6.78856e-05
-2.55972e+08 -6.78774e-05
-2.55941e+08 -6.78693e-05
-2.55911e+08 -6.78611e-05
-2.5588e+08 -6.7853e-05
-2.55849e+08 -6.78448e-05
-2.55818e+08 -6.78367e-05
-2.55788e+08 -6.78285e-05
-2.55757e+08 -6.78204e-05
-2.55726e+08 -6.78122e-05
-2.55695e+08 -6.7804e-05
-2.55665e+08 -6.77959e-05
-2.55634e+08 -6.77877e-05
-2.55603e+08 -6.77796e-05
-2.55572e+08 -6.77714e-05
-2.55542e+08 -6.77633e-05
-2.55511e+08 -6.77551e-05
-2.5548e+08 -6.77469e-05
-2.55449e+08 -6.77388e-05
-2.55419e+08 -6.77306e-05
-2.55388e+08 -6.77225e-05
-2.55357e+08 -6.77143e-05
-2.55326e+08 -6.77062e-05
-2.55296e+08 -6.7698e-05
-2.55265e+08 -6.76899e-05
-2.55234e+08 -6.76817e-05
-2.55203e+08 -6.76736e-05
-2.55173e+08 -6.76654e-05
-2.55142e+08 -6.76572e-05
-2.55111e+08 -6.76491e-05
-2.5508e+08 -6.76409e-05
-2.5505e+08 -6.76328e-05
-2.55019e+08 -6.76246e-05
-2.54988e+08 -6.76165e-05
-2.54957e+08 -6.76083e-05
-2.54927e+08 -6.76002e-05
-2.54896e+08 -6.7592e-05
-2.54865e+08 -6.75839e-05
-2.54834e+08 -6.75757e-05
-2.54804e+08 -6.75676e-05
-2.54773e+08 -6.75594e-05
-2.54742e+08 -6.75512e-05
-2.54711e+08 -6.75431e-05
-2.54681e+08 -6.75349e-05
-2.5465e+08 -6.75268e-05
-2.54619e+08 -6.75186e-05
-2.54588e+08 -6.75105e-05
-2.54558e+08 -6.75023e-05
-2.54527e+08 -6.74942e-05
-2.54496e+08 -6.7486e-05
-2.54465e+08 -6.74779e-05
-2.54435e+08 -6.74697e-05
-2.54404e+08 -6.74616e-05
-2.54373e+08 -6.74534e-05
-2.54342e+08 -6.74453e-05
-2.54312e+08 -6.74371e-05
-2.54281e+08 -6.7429e-05
-2.5425e+08 -6.74208e-05
-2.54219e+08 -6.74127e-05
-2.54189e+08 -6.74045e-05
-2.54158e+08 -6.73964e-05
-2.54127e+08 -6.73882e-05
-2.54096e+08 -6.738e-05
-2.54066e+08 -6.73719e-05
-2.54035e+08 -6.73637e-05
-2.54004e+08 -6.73556e-05
-2.53974e+08 -6.73474e-05
-2.53943e+08 -6.73393e-05
-2.53912e+08 -6.73311e-05
-2.53881e+08 -6.7323e-05
-2.53851e+08 -6.73148e-05
-2.5382e+08 -6.73067e-05
-2.53789e+08 -6.72985e-05
-2.53758e+08 -6.72904e-05
-2.53728e+08 -6.72822e-05
-2.53697e+08 -6.72741e-05
-2.53666e+08 -6.72659e-05
-2.53635e+08 -6.72578e-05
-2.53605e+08 -6.72496e-05
-2.53574e+08 -6.72415e-05
-2.53543e+08 -6.72333e-05
-2.53512e+08 -6.72252e-05
-2.53482e+08 -6.7217e-05
-2.53451e+08 -6.72089e-05
-2.5342e+08 -6.72007e-05
-2.5339e+08 -6.71926e-05
-2.53359e+08 -6.71845e-05
-2.53328e+08 -6.71763e-05
-2.53297e+08 -6.71682e-05
-2.53267e+08 -6.716e-05
-2.53236e+08 -6.71519e-05
-2.53205e+08 -6.71437e-05
-2.53174e+08 -6.71356e-05
-2.53144e+08 -6.71274e-05
-2.53113e+08 -6.71193e-05
-2.53082e+08 -6.71111e-05
-2.53052e+08 -6.7103e-05
-2.53021e+08 -6.70948e-05
-2.5299e+08 -6.70867e-05
-2.52959e+08 -6.70785e-05
-2.52929e+08 -6.70704e-05
-2.52898e+08 -6.70622e-05
-2.52867e+08 -6.70541e-05
-2.52836e+08 -6.70459e-05
-2.52806e+08 -6.70378e-05
-2.52775e+08 -6.70296e-05
-2.52744e+08 -6.70215e-05
-2.52714e+08 -6.70133e-05
-2.52683e+08 -6.70052e-05
-2.52652e+08 -6.6997e-05
-2.52621e+08 -6.69889e-05
-2.52591e+08 -6.69807e-05
-2.5256e+08 -6.69726e-05
-2.52529e+08 -6.69645e-05
-2.52499e+08 -6.69563e-05
-2.52468e+08 -6.69482e-05
-2.52437e+08 -6.694e-05
-2.52406e+08 -6.69319e-05
-2.52376e+08 -6.69237e-05
-2.52345e+08 -6.69156e-05
-2.52314e+08 -6.69074e-05
-2.52283e+08 -6.68993e-05
-2.52253e+08 -6.68911e-05
-2.52222e+08 -6.6883e-05
-2.52191e+08 -6.68749e-05
-2.52161e+08 -6.68667e-05
-2.5213e+08 -6.68586e-05
-2.52099e+08 -6.68504e-05
-2.52068e+08 -6.68423e-05
-2.52038e+08 -6.68341e-05
-2.52007e+08 -6.6826e-05
-2.51976e+08 -6.68178e-05
-2.51946e+08 -6.68097e-05
-2.51915e+08 -6.68015e-05
-2.51884e+08 -6.67934e-05
-2.51853e+08 -6.67853e-05
-2.51823e+08 -6.67771e-05
-2.51792e+08 -6.6769e-05
-2.51761e+08 -6.67608e-05
-2.51731e+08 -6.67527e-05
-2.517e+08 -6.67445e-05
-2.51669e+08 -6.67364e-05
-2.51638e+08 -6.67283e-05
-2.51608e+08 -6.67201e-05
-2.51577e+08 -6.6712e-05
-2.51546e+08 -6.67038e-05
-2.51516e+08 -6.66957e-05
-2.51485e+08 -6.66875e-05
-2.51454e+08 -6.66794e-05
-2.51424e+08 -6.66712e-05
-2.51393e+08 -6.66631e-05
-2.51362e+08 -6.6655e-05
-2.51331e+08 -6.66468e-05
-2.51301e+08 -6.66387e-05
-2.5127e+08 -6.66305e-05
-2.51239e+08 -6.66224e-05
-2.51209e+08 -6.66142e-05
-2.51178e+08 -6.66061e-05
-2.51147e+08 -6.6598e-05
-2.51116e+08 -6.65898e-05
-2.51086e+08 -6.65817e-05
-2.51055e+08 -6.65735e-05
-2.51024e+08 -6.65654e-05
-2.50994e+08 -6.65572e-05
-2.50963e+08 -6.65491e-05
-2.50932e+08 -6.6541e-05
-2.50902e+08 -6.65328e-05
-2.50871e+08 -6.65247e-05
-2.5084e+08 -6.65165e-05
-2.50809e+08 -6.65084e-05
-2.50779e+08 -6.65003e-05
-2.50748e+08 -6.64921e-05
-2.50717e+08 -6.6484e-05
-2.50687e+08 -6.64758e-05
-2.50656e+08 -6.64677e-05
-2.50625e+08 -6.64596e-05
-2.50594e+08 -6.64514e-05
-2.50564e+08 -6.64433e-05
-2.50533e+08 -6.64351e-05
-2.50502e+08 -6.6427e-05
-2.50472e+08 -6.64189e-05
-2.50441e+08 -6.64107e-05
-2.5041e+08 -6.64026e-05
-2.5038e+08 -6.63944e-05
-2.50349e+08 -6.63863e-05
-2.50318e+08 -6.63782e-05
-2.50288e+08 -6.637e-05
-2.50257e+08 -6.63619e-05
-2.50226e+08 -6.63537e-05
-2.50195e+08 -6.63456e-05
-2.50165e+08 -6.63375e-05
-2.50134e+08 -6.63293e-05
-2.50103e+08 -6.63212e-05
-2.50073e+08 -6.6313e-05
-2.50042e+08 -6.63049e-05
-2.50011e+08 -6.62968e-05
-2.49981e+08 -6.62886e-05
-2.4995e+08 -6.62805e-05
-2.49919e+08 -6.62723e-05
-2.49889e+08 -6.62642e-05
-2.49858e+08 -6.62561e-05
-2.49827e+08 -6.62479e-05
-2.49796e+08 -6.62398e-05
-2.49766e+08 -6.62317e-05
-2.49735e+08 -6.62235e-05
-2.49704e+08 -6.62154e-05
-2.49674e+08 -6.62072e-05
-2.49643e+08 -6.61991e-05
-2.49612e+08 -6.6191e-05
-2.49582e+08 -6.61828e-05
-2.49551e+08 -6.61747e-05
-2.4952e+08 -6.61666e-05
-2.4949e+08 -6.61584e-05
-2.49459e+08 -6.61503e-05
-2.49428e+08 -6.61421e-05
-2.49398e+08 -6.6134e-05
-2.49367e+08 -6.61259e-05
-2.49336e+08 -6.61177e-05
-2.49305e+08 -6.61096e-05
-2.49275e+08 -6.61015e-05
-2.49244e+08 -6.60933e-05
-2.49213e+08 -6.60852e-05
-2.49183e+08 -6.6077e-05
-2.49152e+08 -6.60689e-05
-2.49121e+08 -6.60608e-05
-2.49091e+08 -6.60526e-05
-2.4906e+08 -6.60445e-05
-2.49029e+08 -6.60364e-05
-2.48999e+08 -6.60282e-05
-2.48968e+08 -6.60201e-05
-2.48937e+08 -6.6012e-05
-2.48907e+08 -6.60038e-05
-2.48876e+08 -6.59957e-05
-2.48845e+08 -6.59876e-05
-2.48815e+08 -6.59794e-05
-2.48784e+08 -6.59713e-05
-2.48753e+08 -6.59632e-05
-2.48723e+08 -6.5955e-05
-2.48692e+08 -6.59469e-05
-2.48661e+08 -6.59387e-05
-2.4863e+08 -6.59306e-05
-2.486e+08 -6.59225e-05
-2.48569e+08 -6.59143e-05
-2.48538e+08 -6.59062e-05
-2.48508e+08 -6.58981e-05
-2.48477e+08 -6.58899e-05
-2.48446e+08 -6.58818e-05
-2.48416e+08 -6.58737e-05
-2.48385e+08 -6.58655e-05
-2.48354e+08 -6.58574e-05
-2.48324e+08 -6.58493e-05
-2.48293e+08 -6.58411e-05
-2.48262e+08 -6.5833e-05
-2.48232e+08 -6.58249e-05
-2.48201e+08 -6.58167e-05
-2.4817e+08 -6.58086e-05
-2.4814e+08 -6.58005e-05
-2.48109e+08 -6.57923e-05
-2.48078e+08 -6.57842e-05
-2.48048e+08 -6.57761e-05
-2.48017e+08 -6.57679e-05
-2.47986e+08 -6.57598e-05
-2.47956e+08 -6.57517e-05
-2.47925e+08 -6.57435e-05
-2.47894e+08 -6.57354e-05
-2.47864e+08 -6.57273e-05
-2.47833e+08 -6.57191e-05
-2.47802e+08 -6.5711e-05
-2.47772e+08 -6.57029e-05
-2.47741e+08 -6.56947e-05
-2.4771e+08 -6.56866e-05
-2.4768e+08 -6.56785e-05
-2.47649e+08 -6.56704e-05
-2.47618e+08 -6.56622e-05
-2.47588e+08 -6.56541e-05
-2.47557e+08 -6.5646e-05
-2.47526e+08 -6.56378e-05
-2.47496e+08 -6.56297e-05
-2.47465e+08 -6.56216e-05
-2.47434e+08 -6.56134e-05
-2.47404e+08 -6.56053e-05
-2.47373e+08 -6.55972e-05
-2.47342e+08 -6.5589e-05
-2.47312e+08 -6.55809e-05
-2.47281e+08 -6.55728e-05
-2.4725e+08 -6.55646e-05
-2.4722e+08 -6.55565e-05
-2.47189e+08 -6.55484e-05
-2.47158e+08 -6.55403e-05
-2.47128e+08 -6.55321e-05
-2.47097e+08 -6.5524e-05
-2.47066e+08 -6.55159e-05
-2.47036e+08 -6.55077e-05
-2.47005e+08 -6.54996e-05
-2.46974e+08 -6.54915e-05
-2.46944e+08 -6.54834e-05
-2.46913e+08 -6.54752e-05
-2.46883e+08 -6.54671e-05
-2.46852e+08 -6.5459e-05
-2.46821e+08 -6.54508e-05
-2.46791e+08 -6.54427e-05
-2.4676e+08 -6.54346e-05
-2.46729e+08 -6.54264e-05
-2.46699e+08 -6.54183e-05
-2.46668e+08 -6.54102e-05
-2.46637e+08 -6.54021e-05
-2.46607e+08 -6.53939e-05
-2.46576e+08 -6.53858e-05
-2.46545e+08 -6.53777e-05
-2.46515e+08 -6.53695e-05
-2.46484e+08 -6.53614e-05
-2.46453e+08 -6.53533e-05
-2.46423e+08 -6.53452e-05
-2.46392e+08 -6.5337e-05
-2.46361e+08 -6.53289e-05
-2.46331e+08 -6.53208e-05
-2.463e+08 -6.53126e-05
-2.46269e+08 -6.53045e-05
-2.46239e+08 -6.52964e-05
-2.46208e+08 -6.52883e-05
-2.46178e+08 -6.52801e-05
-2.46147e+08 -6.5272e-05
-2.46116e+08 -6.52639e-05
-2.46086e+08 -6.52558e-05
-2.46055e+08 -6.52476e-05
-2.46024e+08 -6.52395e-05
-2.45994e+08 -6.52314e-05
-2.45963e+08 -6.52233e-05
-2.45932e+08 -6.52151e-05
-2.45902e+08 -6.5207e-05
-2.45871e+08 -6.51989e-05
-2.4584e+08 -6.51907e-05
-2.4581e+08 -6.51826e-05
-2.45779e+08 -6.51745e-05
-2.45748e+08 -6.51664e-05
-2.45718e+08 -6.51582e-05
-2.45687e+08 -6.51501e-05
-2.45657e+08 -6.5142e-05
-2.45626e+08 -6.51339e-05
-2.45595e+08 -6.51257e-05
-2.45565e+08 -6.51176e-05
-2.45534e+08 -6.51095e-05
-2.45503e+08 -6.51014e-05
-2.45473e+08 -6.50932e-05
-2.45442e+08 -6.50851e-05
-2.45411e+08 -6.5077e-05
-2.45381e+08 -6.50689e-05
-2.4535e+08 -6.50607e-05
-2.4532e+08 -6.50526e-05
-2.45289e+08 -6.50445e-05
-2.45258e+08 -6.50364e-05
-2.45228e+08 -6.50282e-05
-2.45197e+08 -6.50201e-05
-2.45166e+08 -6.5012e-05
-2.45136e+08 -6.50039e-05
-2.45105e+08 -6.49957e-05
-2.45074e+08 -6.49876e-05
-2.45044e+08 -6.49795e-05
-2.45013e+08 -6.49714e-05
-2.44982e+08 -6.49632e-05
-2.44952e+08 -6.49551e-05
-2.44921e+08 -6.4947e-05
-2.44891e+08 -6.49389e-05
-2.4486e+08 -6.49308e-05
-2.44829e+08 -6.49226e-05
-2.44799e+08 -6.49145e-05
-2.44768e+08 -6.49064e-05
-2.44737e+08 -6.48983e-05
-2.44707e+08 -6.48901e-05
-2.44676e+08 -6.4882e-05
-2.44646e+08 -6.48739e-05
-2.44615e+08 -6.48658e-05
-2.44584e+08 -6.48577e-05
-2.44554e+08 -6.48495e-05
-2.44523e+08 -6.48414e-05
-2.44492e+08 -6.48333e-05
-2.44462e+08 -6.48252e-05
-2.44431e+08 -6.4817e-05
-2.444e+08 -6.48089e-05
-2.4437e+08 -6.48008e-05
-2.44339e+08 -6.47927e-05
-2.44309e+08 -6.47846e-05
-2.44278e+08 -6.47764e-05
-2.44247e+08 -6.47683e-05
-2.44217e+08 -6.47602e-05
-2.44186e+08 -6.47521e-05
-2.44156e+08 -6.4744e-05
-2.44125e+08 -6.47358e-05
-2.44094e+08 -6.47277e-05
-2.44064e+08 -6.47196e-05
-2.44033e+08 -6.47115e-05
-2.44002e+08 -6.47033e-05
-2.43972e+08 -6.46952e-05
-2.43941e+08 -6.46871e-05
-2.4391e+08 -6.4679e-05
-2.4388e+08 -6.46709e-05
-2.43849e+08 -6.46627e-05
-2.43819e+08 -6.46546e-05
-2.43788e+08 -6.46465e-05
-2.43757e+08 -6.46384e-05
-2.43727e+08 -6.46303e-05
-2.43696e+08 -6.46221e-05
-2.43666e+08 -6.4614e-05
-2.43635e+08 -6.46059e-05
-2.43604e+08 -6.45978e-05
-2.43574e+08 -6.45897e-05
-2.43543e+08 -6.45816e-05
-2.43512e+08 -6.45734e-05
-2.43482e+08 -6.45653e-05
-2.43451e+08 -6.45572e-05
-2.43421e+08 -6.45491e-05
-2.4339e+08 -6.4541e-05
-2.43359e+08 -6.45328e-05
-2.43329e+08 -6.45247e-05
-2.43298e+08 -6.45166e-05
-2.43268e+08 -6.45085e-05
-2.43237e+08 -6.45004e-05
-2.43181e+08 -6.44856e-05
-2.4306e+08 -6.44535e-05
-2.42939e+08 -6.44214e-05
-2.42818e+08 -6.43893e-05
-2.42697e+08 -6.43572e-05
-2.42576e+08 -6.43251e-05
-2.42455e+08 -6.4293e-05
-2.42334e+08 -6.42608e-05
-2.42213e+08 -6.42287e-05
-2.42091e+08 -6.41966e-05
-2.4197e+08 -6.41645e-05
-2.41849e+08 -6.41324e-05
-2.41728e+08 -6.41003e-05
-2.41607e+08 -6.40682e-05
-2.41486e+08 -6.40361e-05
-2.41365e+08 -6.4004e-05
-2.41244e+08 -6.39719e-05
-2.41123e+08 -6.39398e-05
-2.41002e+08 -6.39077e-05
-2.40881e+08 -6.38756e-05
-2.4076e+08 -6.38435e-05
-2.40639e+08 -6.38114e-05
-2.40518e+08 -6.37793e-05
-2.40397e+08 -6.37472e-05
-2.40275e+08 -6.37151e-05
-2.40154e+08 -6.3683e-05
-2.40033e+08 -6.36509e-05
-2.39912e+08 -6.36188e-05
-2.39791e+08 -6.35866e-05
-2.3967e+08 -6.35545e-05
-2.39549e+08 -6.35224e-05
-2.39428e+08 -6.34903e-05
-2.39307e+08 -6.34582e-05
-2.39186e+08 -6.34261e-05
-2.39065e+08 -6.3394e-05
-2.38944e+08 -6.33619e-05
-2.38823e+08 -6.33298e-05
-2.38702e+08 -6.32977e-05
-2.38581e+08 -6.32656e-05
-2.3846e+08 -6.32335e-05
-2.38338e+08 -6.32014e-05
-2.38217e+08 -6.31693e-05
-2.38096e+08 -6.31372e-05
-2.37975e+08 -6.31051e-05
-2.37854e+08 -6.3073e-05
-2.37733e+08 -6.30409e-05
-2.37612e+08 -6.30088e-05
-2.37491e+08 -6.29767e-05
-2.3737e+08 -6.29446e-05
-2.37249e+08 -6.29125e-05
-2.37128e+08 -6.28804e-05
-2.37007e+08 -6.28483e-05
-2.36886e+08 -6.28162e-05
-2.36765e+08 -6.27841e-05
-2.36644e+08 -6.2752e-05
-2.36523e+08 -6.27199e-05
-2.36402e+08 -6.26878e-05
-2.36281e+08 -6.26557e-05
-2.3616e+08 -6.26236e-05
-2.36038e+08 -6.25915e-05
-2.35917e+08 -6.25594e-05
-2.35796e+08 -6.25273e-05
-2.35675e+08 -6.24952e-05
-2.35554e+08 -6.24631e-05
-2.35368e+08 -6.24138e-05
-2.35175e+08 -6.23626e-05
-2.34982e+08 -6.23113e-05
-2.34789e+08 -6.22601e-05
-2.34596e+08 -6.22089e-05
-2.34402e+08 -6.21576e-05
-2.34209e+08 -6.21064e-05
-2.34016e+08 -6.20552e-05
-2.33823e+08 -6.2004e-05
-2.3363e+08 -6.19527e-05
-2.33436e+08 -6.19015e-05
-2.33243e+08 -6.18503e-05
-2.3305e+08 -6.1799e-05
-2.32857e+08 -6.17478e-05
-2.32664e+08 -6.16966e-05
-2.3247e+08 -6.16453e-05
-2.32277e+08 -6.15941e-05
-2.32084e+08 -6.15429e-05
-2.31891e+08 -6.14917e-05
-2.31698e+08 -6.14404e-05
-2.31504e+08 -6.13892e-05
-2.31311e+08 -6.1338e-05
-2.31118e+08 -6.12867e-05
-2.30925e+08 -6.12355e-05
-2.30732e+08 -6.11843e-05
-2.30538e+08 -6.11331e-05
-2.30345e+08 -6.10818e-05
-2.30152e+08 -6.10306e-05
-2.29959e+08 -6.09794e-05
-2.29766e+08 -6.09282e-05
-2.29573e+08 -6.08769e-05
-2.29379e+08 -6.08257e-05
-2.29186e+08 -6.07745e-05
-2.28993e+08 -6.07233e-05
-2.288e+08 -6.0672e-05
-2.28607e+08 -6.06208e-05
-2.28414e+08 -6.05696e-05
-2.2822e+08 -6.05184e-05
-2.28027e+08 -6.04671e-05
-2.27834e+08 -6.04159e-05
-2.27641e+08 -6.03647e-05
-2.27448e+08 -6.03135e-05
-2.27255e+08 -6.02622e-05
-2.27061e+08 -6.0211e-05
-2.26868e+08 -6.01598e-05
-2.26675e+08 -6.01086e-05
-2.26482e+08 -6.00574e-05
-2.26289e+08 -6.00061e-05
-2.26096e+08 -5.99549e-05
-2.25902e+08 -5.99037e-05
-2.25709e+08 -5.98525e-05
-2.25516e+08 -5.98013e-05
-2.25323e+08 -5.975e-05
-2.2513e+08 -5.96988e-05
-2.24937e+08 -5.96476e-05
-2.24744e+08 -5.95964e-05
-2.2455e+08 -5.95452e-05
-2.24357e+08 -5.94939e-05
-2.24164e+08 -5.94427e-05
-2.23971e+08 -5.93915e-05
-2.23778e+08 -5.93403e-05
-2.23585e+08 -5.92891e-05
-2.23392e+08 -5.92379e-05
-2.23198e+08 -5.91866e-05
-2.23005e+08 -5.91354e-05
-2.22812e+08 -5.90842e-05
-2.22619e+08 -5.9033e-05
-2.22426e+08 -5.89818e-05
-2.22233e+08 -5.89306e-05
-2.2204e+08 -5.88794e-05
-2.21846e+08 -5.88281e-05
-2.21653e+08 -5.87769e-05
-2.2146e+08 -5.87257e-05
-2.21267e+08 -5.86745e-05
-2.21074e+08 -5.86233e-05
-2.20881e+08 -5.85721e-05
-2.20688e+08 -5.85209e-05
-2.20495e+08 -5.84696e-05
-2.20301e+08 -5.84184e-05
-2.20108e+08 -5.83672e-05
-2.19915e+08 -5.8316e-05
-2.19722e+08 -5.82648e-05
-2.19529e+08 -5.82136e-05
-2.19336e+08 -5.81624e-05
-2.19143e+08 -5.81112e-05
-2.1895e+08 -5.806e-05
-2.18756e+08 -5.80088e-05
-2.18563e+08 -5.79575e-05
-2.1837e+08 -5.79063e-05
-2.18177e+08 -5.78551e-05
-2.17984e+08 -5.78039e-05
-2.17791e+08 -5.77527e-05
-2.17598e+08 -5.77015e-05
-2.17405e+08 -5.76503e-05
-2.17212e+08 -5.75991e-05
-2.17018e+08 -5.75479e-05
-2.16825e+08 -5.74967e-05
-2.16632e+08 -5.74455e-05
-2.16439e+08 -5.73943e-05
-2.16246e+08 -5.73431e-05
-2.16053e+08 -5.72918e-05
-2.1586e+08 -5.72406e-05
-2.15667e+08 -5.71894e-05
-2.15474e+08 -5.71382e-05
-2.1528e+08 -5.7087e-05
-2.15087e+08 -5.70358e-05
-2.14894e+08 -5.69846e-05
-2.14701e+08 -5.69334e-05
-2.14508e+08 -5.68822e-05
-2.14315e+08 -5.6831e-05
-2.14122e+08 -5.67798e-05
-2.13929e+08 -5.67286e-05
-2.13736e+08 -5.66774e-05
-2.13543e+08 -5.66262e-05
-2.1335e+08 -5.6575e-05
-2.13157e+08 -5.65238e-05
-2.12963e+08 -5.64726e-05
-2.1277e+08 -5.64214e-05
-2.12577e+08 -5.63702e-05
-2.12384e+08 -5.6319e-05
-2.12191e+08 -5.62678e-05
-2.11998e+08 -5.62166e-05
-2.11805e+08 -5.61654e-05
-2.11612e+08 -5.61142e-05
-2.11419e+08 -5.6063e-05
-2.11226e+08 -5.60118e-05
-2.11033e+08 -5.59606e-05
-2.1084e+08 -5.59094e-05
-2.10646e+08 -5.58582e-05
-2.10453e+08 -5.5807e-05
-2.1026e+08 -5.57558e-05
-2.10067e+08 -5.57046e-05
-2.09874e+08 -5.56534e-05
-2.09681e+08 -5.56022e-05
-2.09488e+08 -5.5551e-05
-2.09295e+08 -5.54998e-05
-2.09102e+08 -5.54486e-05
-2.08909e+08 -5.53974e-05
-2.08716e+08 -5.53462e-05
-2.08523e+08 -5.5295e-05
-2.0833e+08 -5.52438e-05
-2.08137e+08 -5.51927e-05
-2.07944e+08 -5.51415e-05
-2.07751e+08 -5.50903e-05
-2.07558e+08 -5.50391e-05
-2.07364e+08 -5.49879e-05
-2.07171e+08 -5.49367e-05
-2.06978e+08 -5.48855e-05
-2.06785e+08 -5.48343e-05
-2.06592e+08 -5.47831e-05
-2.06399e+08 -5.47319e-05
-2.06206e+08 -5.46807e-05
-2.06013e+08 -5.46295e-05
-2.0582e+08 -5.45783e-05
-2.05627e+08 -5.45272e-05
-2.05434e+08 -5.4476e-05
-2.05241e+08 -5.44248e-05
-2.05048e+08 -5.43736e-05
-2.04855e+08 -5.43224e-05
-2.04662e+08 -5.42712e-05
-2.04469e+08 -5.422e-05
-2.04276e+08 -5.41688e-05
-2.04083e+08 -5.41176e-05
-2.0389e+08 -5.40664e-05
-2.03697e+08 -5.40153e-05
-2.03504e+08 -5.39641e-05
-2.03311e+08 -5.39129e-05
-2.03118e+08 -5.38617e-05
-2.02925e+08 -5.38105e-05
-2.02731e+08 -5.37593e-05
-2.02538e+08 -5.37082e-05
-2.02345e+08 -5.3657e-05
-2.02152e+08 -5.36058e-05
-2.01959e+08 -5.35546e-05
-2.01766e+08 -5.35034e-05
-2.01573e+08 -5.34522e-05
-2.0138e+08 -5.3401e-05
-2.01187e+08 -5.33499e-05
-2.00994e+08 -5.32987e-05
-2.00801e+08 -5.32475e-05
-2.00608e+08 -5.31963e-05
-2.00415e+08 -5.31451e-05
-2.00222e+08 -5.30939e-05
-2.00029e+08 -5.30428e-05
-1.99836e+08 -5.29916e-05
-1.99643e+08 -5.29404e-05
-1.9945e+08 -5.28892e-05
-1.99257e+08 -5.2838e-05
-1.99064e+08 -5.27868e-05
-1.98871e+08 -5.27357e-05
-1.98678e+08 -5.26845e-05
-1.98485e+08 -5.26333e-05
-1.98292e+08 -5.25821e-05
-1.98099e+08 -5.25309e-05
-1.97906e+08 -5.24798e-05
-1.97713e+08 -5.24286e-05
-1.9752e+08 -5.23774e-05
-1.97327e+08 -5.23262e-05
-1.97134e+08 -5.22751e-05
-1.96941e+08 -5.22239e-05
-1.96748e+08 -5.21727e-05
-1.96555e+08 -5.21215e-05
-1.96362e+08 -5.20703e-05
-1.96169e+08 -5.20192e-05
-1.95976e+08 -5.1968e-05
-1.95783e+08 -5.19168e-05
-1.9559e+08 -5.18656e-05
-1.95397e+08 -5.18145e-05
-1.95204e+08 -5.17633e-05
-1.95011e+08 -5.17121e-05
-1.94818e+08 -5.16609e-05
-1.94625e+08 -5.16098e-05
-1.94432e+08 -5.15586e-05
-1.94239e+08 -5.15074e-05
-1.94046e+08 -5.14562e-05
-1.93853e+08 -5.14051e-05
-1.9366e+08 -5.13539e-05
-1.93467e+08 -5.13027e-05
-1.93274e+08 -5.12516e-05
-1.93081e+08 -5.12004e-05
-1.92888e+08 -5.11492e-05
-1.92695e+08 -5.1098e-05
-1.92502e+08 -5.10469e-05
-1.9231e+08 -5.09957e-05
-1.92117e+08 -5.09445e-05
-1.91924e+08 -5.08934e-05
-1.91731e+08 -5.08422e-05
-1.91538e+08 -5.0791e-05
-1.91345e+08 -5.07398e-05
-1.91152e+08 -5.06887e-05
-1.90959e+08 -5.06375e-05
-1.90766e+08 -5.05863e-05
-1.90573e+08 -5.05352e-05
-1.9038e+08 -5.0484e-05
-1.90187e+08 -5.04328e-05
-1.89994e+08 -5.03817e-05
-1.89801e+08 -5.03305e-05
-1.89608e+08 -5.02793e-05
-1.89415e+08 -5.02282e-05
-1.89222e+08 -5.0177e-05
-1.89029e+08 -5.01258e-05
-1.88836e+08 -5.00747e-05
-1.88643e+08 -5.00235e-05
-1.8845e+08 -4.99723e-05
-1.88257e+08 -4.99212e-05
-1.88064e+08 -4.987e-05
-1.87872e+08 -4.98188e-05
-1.87679e+08 -4.97677e-05
-1.87486e+08 -4.97165e-05
-1.87293e+08 -4.96653e-05
-1.871e+08 -4.96142e-05
-1.86907e+08 -4.9563e-05
-1.86714e+08 -4.95119e-05
-1.86521e+08 -4.94607e-05
-1.86328e+08 -4.94095e-05
-1.86135e+08 -4.93584e-05
-1.85942e+08 -4.93072e-05
-1.85749e+08 -4.9256e-05
-1.85556e+08 -4.92049e-05
-1.85363e+08 -4.91537e-05
-1.8517e+08 -4.91026e-05
-1.84977e+08 -4.90514e-05
-1.84784e+08 -4.90002e-05
-1.84592e+08 -4.89491e-05
-1.84399e+08 -4.88979e-05
-1.84206e+08 -4.88468e-05
-1.84013e+08 -4.87956e-05
-1.8382e+08 -4.87445e-05
-1.83627e+08 -4.86933e-05
-1.83434e+08 -4.86421e-05
-1.83241e+08 -4.8591e-05
-1.83048e+08 -4.85398e-05
-1.82855e+08 -4.84887e-05
-1.82662e+08 -4.84375e-05
-1.82469e+08 -4.83864e-05
-1.82277e+08 -4.83352e-05
-1.82084e+08 -4.8284e-05
-1.81891e+08 -4.82329e-05
-1.81698e+08 -4.81817e-05
-1.81505e+08 -4.81306e-05
-1.81312e+08 -4.80794e-05
-1.81119e+08 -4.80283e-05
-1.80926e+08 -4.79771e-05
-1.80733e+08 -4.7926e-05
-1.8054e+08 -4.78748e-05
-1.80347e+08 -4.78236e-05
-1.80155e+08 -4.77725e-05
-1.79962e+08 -4.77213e-05
-1.79769e+08 -4.76702e-05
-1.79576e+08 -4.7619e-05
-1.79383e+08 -4.75679e-05
-1.7919e+08 -4.75167e-05
-1.78997e+08 -4.74656e-05
-1.78804e+08 -4.74144e-05
-1.78611e+08 -4.73633e-05
-1.78418e+08 -4.73121e-05
-1.78226e+08 -4.7261e-05
-1.78033e+08 -4.72098e-05
-1.7784e+08 -4.71587e-05
-1.77647e+08 -4.71075e-05
-1.77454e+08 -4.70564e-05
-1.77261e+08 -4.70052e-05
-1.77068e+08 -4.69541e-05
-1.76875e+08 -4.69029e-05
-1.76682e+08 -4.68518e-05
-1.7649e+08 -4.68006e-05
-1.76297e+08 -4.67495e-05
-1.76104e+08 -4.66983e-05
-1.75911e+08 -4.66472e-05
-1.75718e+08 -4.6596e-05
-1.75525e+08 -4.65449e-05
-1.75332e+08 -4.64938e-05
-1.75139e+08 -4.64426e-05
-1.74947e+08 -4.63915e-05
-1.74754e+08 -4.63403e-05
-1.74561e+08 -4.62892e-05
-1.74368e+08 -4.6238e-05
-1.74175e+08 -4.61869e-05
-1.73982e+08 -4.61357e-05
-1.73789e+08 -4.60846e-05
-1.73596e+08 -4.60335e-05
-1.73404e+08 -4.59823e-05
-1.73211e+08 -4.59312e-05
-1.73018e+08 -4.588e-05
-1.72825e+08 -4.58289e-05
-1.72632e+08 -4.57777e-05
-1.72439e+08 -4.57266e-05
-1.72246e+08 -4.56755e-05
-1.72054e+08 -4.56243e-05
-1.71861e+08 -4.55732e-05
-1.71668e+08 -4.5522e-05
-1.71475e+08 -4.54709e-05
-1.71282e+08 -4.54198e-05
-1.71089e+08 -4.53686e-05
-1.70896e+08 -4.53175e-05
-1.70704e+08 -4.52663e-05
-1.70511e+08 -4.52152e-05
-1.70318e+08 -4.51641e-05
-1.70125e+08 -4.51129e-05
-1.69932e+08 -4.50618e-05
-1.69739e+08 -4.50106e-05
-1.69547e+08 -4.49595e-05
-1.69354e+08 -4.49084e-05
-1.69161e+08 -4.48572e-05
-1.68968e+08 -4.48061e-05
-1.68775e+08 -4.4755e-05
-1.68582e+08 -4.47038e-05
-1.68389e+08 -4.46527e-05
-1.68197e+08 -4.46015e-05
-1.68004e+08 -4.45504e-05
-1.67811e+08 -4.44993e-05
-1.67618e+08 -4.44481e-05
-1.67425e+08 -4.4397e-05
-1.67232e+08 -4.43459e-05
-1.6704e+08 -4.42947e-05
-1.66847e+08 -4.42436e-05
-1.66654e+08 -4.41925e-05
-1.66461e+08 -4.41413e-05
-1.66268e+08 -4.40902e-05
-1.66075e+08 -4.40391e-05
-1.65883e+08 -4.39879e-05
-1.6569e+08 -4.39368e-05
-1.65497e+08 -4.38857e-05
-1.65304e+08 -4.38345e-05
-1.65111e+08 -4.37834e-05
-1.64919e+08 -4.37323e-05
-1.64726e+08 -4.36812e-05
-1.64533e+08 -4.363e-05
-1.6434e+08 -4.35789e-05
-1.64147e+08 -4.35278e-05
-1.63954e+08 -4.34766e-05
-1.63762e+08 -4.34255e-05
-1.63569e+08 -4.33744e-05
-1.63376e+08 -4.33232e-05
-1.63183e+08 -4.32721e-05
-1.6299e+08 -4.3221e-05
-1.62798e+08 -4.31699e-05
-1.62605e+08 -4.31187e-05
-1.62412e+08 -4.30676e-05
-1.62219e+08 -4.30165e-05
-1.62026e+08 -4.29654e-05
-1.61834e+08 -4.29142e-05
-1.61641e+08 -4.28631e-05
-1.61448e+08 -4.2812e-05
-1.61255e+08 -4.27609e-05
-1.61062e+08 -4.27097e-05
-1.6087e+08 -4.26586e-05
-1.60677e+08 -4.26075e-05
-1.60484e+08 -4.25564e-05
-1.60291e+08 -4.25052e-05
-1.60098e+08 -4.24541e-05
-1.59906e+08 -4.2403e-05
-1.59713e+08 -4.23519e-05
-1.5952e+08 -4.23007e-05
-1.59327e+08 -4.22496e-05
-1.59134e+08 -4.21985e-05
-1.58942e+08 -4.21474e-05
-1.58749e+08 -4.20962e-05
-1.58556e+08 -4.20451e-05
-1.58363e+08 -4.1994e-05
-1.58171e+08 -4.19429e-05
-1.57978e+08 -4.18918e-05
-1.57785e+08 -4.18406e-05
-1.57592e+08 -4.17895e-05
-1.57399e+08 -4.17384e-05
-1.57207e+08 -4.16873e-05
-1.57014e+08 -4.16362e-05
-1.56821e+08 -4.1585e-05
-1.56628e+08 -4.15339e-05
-1.56436e+08 -4.14828e-05
-1.56243e+08 -4.14317e-05
-1.5605e+08 -4.13806e-05
-1.55857e+08 -4.13295e-05
-1.55664e+08 -4.12783e-05
-1.55472e+08 -4.12272e-05
-1.55279e+08 -4.11761e-05
-1.55086e+08 -4.1125e-05
-1.54893e+08 -4.10739e-05
-1.54701e+08 -4.10228e-05
-1.54508e+08 -4.09716e-05
-1.54315e+08 -4.09205e-05
-1.54122e+08 -4.08694e-05
-1.5393e+08 -4.08183e-05
-1.53737e+08 -4.07672e-05
-1.53544e+08 -4.07161e-05
-1.53351e+08 -4.0665e-05
-1.53159e+08 -4.06138e-05
-1.52966e+08 -4.05627e-05
-1.52773e+08 -4.05116e-05
-1.5258e+08 -4.04605e-05
-1.52388e+08 -4.04094e-05
-1.52195e+08 -4.03583e-05
-1.52002e+08 -4.03072e-05
-1.51809e+08 -4.0256e-05
-1.51617e+08 -4.02049e-05
-1.51424e+08 -4.01538e-05
-1.51231e+08 -4.01027e-05
-1.51038e+08 -4.00516e-05
-1.50846e+08 -4.00005e-05
-1.50653e+08 -3.99494e-05
-1.5046e+08 -3.98983e-05
-1.50267e+08 -3.98472e-05
-1.50075e+08 -3.97961e-05
-1.49882e+08 -3.97449e-05
-1.49689e+08 -3.96938e-05
-1.49496e+08 -3.96427e-05
-1.49304e+08 -3.95916e-05
-1.49111e+08 -3.95405e-05
-1.48918e+08 -3.94894e-05
-1.48726e+08 -3.94383e-05
-1.48533e+08 -3.93872e-05
-1.4834e+08 -3.93361e-05
-1.48147e+08 -3.9285e-05
-1.47955e+08 -3.92339e-05
-1.47762e+08 -3.91828e-05
-1.47569e+08 -3.91317e-05
-1.47376e+08 -3.90806e-05
-1.47184e+08 -3.90295e-05
-1.46991e+08 -3.89784e-05
-1.46798e+08 -3.89272e-05
-1.46606e+08 -3.88761e-05
-1.46413e+08 -3.8825e-05
-1.4622e+08 -3.87739e-05
-1.46027e+08 -3.87228e-05
-1.45835e+08 -3.86717e-05
-1.45642e+08 -3.86206e-05
-1.45449e+08 -3.85695e-05
-1.45257e+08 -3.85184e-05
-1.45064e+08 -3.84673e-05
-1.44871e+08 -3.84162e-05
-1.44678e+08 -3.83651e-05
-1.44486e+08 -3.8314e-05
-1.44293e+08 -3.82629e-05
-1.441e+08 -3.82118e-05
-1.43908e+08 -3.81607e-05
-1.43715e+08 -3.81096e-05
-1.43522e+08 -3.80585e-05
-1.4333e+08 -3.80074e-05
-1.43137e+08 -3.79563e-05
-1.42944e+08 -3.79052e-05
-1.42751e+08 -3.78541e-05
-1.42559e+08 -3.7803e-05
-1.42366e+08 -3.77519e-05
-1.42173e+08 -3.77008e-05
-1.41981e+08 -3.76497e-05
-1.41788e+08 -3.75986e-05
-1.41595e+08 -3.75475e-05
-1.41403e+08 -3.74964e-05
-1.4121e+08 -3.74453e-05
-1.41017e+08 -3.73942e-05
-1.40825e+08 -3.73432e-05
-1.40632e+08 -3.72921e-05
-1.40439e+08 -3.7241e-05
-1.40246e+08 -3.71899e-05
-1.40054e+08 -3.71388e-05
-1.39861e+08 -3.70877e-05
-1.39668e+08 -3.70366e-05
-1.39476e+08 -3.69855e-05
-1.39283e+08 -3.69344e-05
-1.3909e+08 -3.68833e-05
-1.38898e+08 -3.68322e-05
-1.38705e+08 -3.67811e-05
-1.38512e+08 -3.673e-05
-1.3832e+08 -3.66789e-05
-1.38127e+08 -3.66278e-05
-1.37934e+08 -3.65767e-05
-1.37742e+08 -3.65257e-05
-1.37549e+08 -3.64746e-05
-1.37356e+08 -3.64235e-05
-1.37164e+08 -3.63724e-05
-1.36971e+08 -3.63213e-05
-1.36778e+08 -3.62702e-05
-1.36586e+08 -3.62191e-05
-1.36393e+08 -3.6168e-05
-1.362e+08 -3.61169e-05
-1.36008e+08 -3.60659e-05
-1.35815e+08 -3.60148e-05
-1.35622e+08 -3.59637e-05
-1.3543e+08 -3.59126e-05
-1.35237e+08 -3.58615e-05
-1.35044e+08 -3.58104e-05
-1.34852e+08 -3.57593e-05
-1.34659e+08 -3.57082e-05
-1.34466e+08 -3.56572e-05
-1.34274e+08 -3.56061e-05
-1.34081e+08 -3.5555e-05
-1.33889e+08 -3.55039e-05
-1.33696e+08 -3.54528e-05
-1.33503e+08 -3.54017e-05
-1.33311e+08 -3.53506e-05
-1.33118e+08 -3.52996e-05
-1.32925e+08 -3.52485e-05
-1.32733e+08 -3.51974e-05
-1.3254e+08 -3.51463e-05
-1.32347e+08 -3.50952e-05
-1.32155e+08 -3.50441e-05
-1.31962e+08 -3.49931e-05
-1.31769e+08 -3.4942e-05
-1.31577e+08 -3.48909e-05
-1.31384e+08 -3.48398e-05
-1.31192e+08 -3.47887e-05
-1.30999e+08 -3.47376e-05
-1.30806e+08 -3.46866e-05
-1.30614e+08 -3.46355e-05
-1.30421e+08 -3.45844e-05
-1.30228e+08 -3.45333e-05
-1.30036e+08 -3.44822e-05
-1.29843e+08 -3.44312e-05
-1.29651e+08 -3.43801e-05
-1.29458e+08 -3.4329e-05
-1.29265e+08 -3.42779e-05
-1.29073e+08 -3.42269e-05
-1.2888e+08 -3.41758e-05
-1.28687e+08 -3.41247e-05
-1.28495e+08 -3.40736e-05
-1.28302e+08 -3.40225e-05
-1.2811e+08 -3.39715e-05
-1.27917e+08 -3.39204e-05
-1.27724e+08 -3.38693e-05
-1.27532e+08 -3.38182e-05
-1.27339e+08 -3.37672e-05
-1.27147e+08 -3.37161e-05
-1.26954e+08 -3.3665e-05
-1.26761e+08 -3.36139e-05
-1.26569e+08 -3.35629e-05
-1.26376e+08 -3.35118e-05
-1.26183e+08 -3.34607e-05
-1.25991e+08 -3.34096e-05
-1.25798e+08 -3.33586e-05
-1.25606e+08 -3.33075e-05
-1.25413e+08 -3.32564e-05
-1.2522e+08 -3.32053e-05
-1.25028e+08 -3.31543e-05
-1.24835e+08 -3.31032e-05
-1.24643e+08 -3.30521e-05
-1.2445e+08 -3.30011e-05
-1.24257e+08 -3.295e-05
-1.24065e+08 -3.28989e-05
-1.23872e+08 -3.28478e-05
-1.2368e+08 -3.27968e-05
-1.23487e+08 -3.27457e-05
-1.23295e+08 -3.26946e-05
-1.23102e+08 -3.26436e-05
-1.22909e+08 -3.25925e-05
-1.22717e+08 -3.25414e-05
-1.22524e+08 -3.24904e-05
-1.22332e+08 -3.24393e-05
-1.22139e+08 -3.23882e-05
-1.21946e+08 -3.23372e-05
-1.21754e+08 -3.22861e-05
-1.21561e+08 -3.2235e-05
-1.21369e+08 -3.2184e-05
-1.21176e+08 -3.21329e-05
-1.20984e+08 -3.20818e-05
-1.20791e+08 -3.20307e-05
-1.20598e+08 -3.19797e-05
-1.20406e+08 -3.19286e-05
-1.20213e+08 -3.18776e-05
-1.20021e+08 -3.18265e-05
-1.19828e+08 -3.17754e-05
-1.19636e+08 -3.17244e-05
-1.19443e+08 -3.16733e-05
-1.1925e+08 -3.16222e-05
-1.19058e+08 -3.15712e-05
-1.18865e+08 -3.15201e-05
-1.18673e+08 -3.1469e-05
-1.1848e+08 -3.1418e-05
-1.18288e+08 -3.13669e-05
-1.18095e+08 -3.13159e-05
-1.17902e+08 -3.12648e-05
-1.1771e+08 -3.12137e-05
-1.17517e+08 -3.11627e-05
-1.17325e+08 -3.11116e-05
-1.17132e+08 -3.10606e-05
-1.1694e+08 -3.10095e-05
-1.16747e+08 -3.09584e-05
-1.16555e+08 -3.09074e-05
-1.16362e+08 -3.08563e-05
-1.16169e+08 -3.08052e-05
-1.15977e+08 -3.07542e-05
-1.15784e+08 -3.07031e-05
-1.15592e+08 -3.06521e-05
-1.15399e+08 -3.0601e-05
-1.15207e+08 -3.055e-05
-1.15014e+08 -3.04989e-05
-1.14822e+08 -3.04478e-05
-1.14629e+08 -3.03968e-05
-1.14437e+08 -3.03457e-05
-1.14244e+08 -3.02947e-05
-1.14052e+08 -3.02436e-05
-1.13859e+08 -3.01926e-05
-1.13666e+08 -3.01415e-05
-1.13474e+08 -3.00904e-05
-1.13281e+08 -3.00394e-05
-1.13089e+08 -2.99883e-05
-1.12896e+08 -2.99373e-05
-1.12704e+08 -2.98862e-05
-1.12511e+08 -2.98352e-05
-1.12319e+08 -2.97841e-05
-1.12126e+08 -2.97331e-05
-1.11934e+08 -2.9682e-05
-1.11741e+08 -2.9631e-05
-1.11549e+08 -2.95799e-05
-1.11356e+08 -2.95289e-05
-1.11164e+08 -2.94778e-05
-1.10971e+08 -2.94267e-05
-1.10779e+08 -2.93757e-05
-1.10586e+08 -2.93246e-05
-1.10393e+08 -2.92736e-05
-1.10201e+08 -2.92225e-05
-1.10008e+08 -2.91715e-05
-1.09816e+08 -2.91204e-05
-1.09623e+08 -2.90694e-05
-1.09431e+08 -2.90183e-05
-1.09238e+08 -2.89673e-05
-1.09046e+08 -2.89163e-05
-1.08853e+08 -2.88652e-05
-1.08661e+08 -2.88142e-05
-1.08468e+08 -2.87631e-05
-1.08276e+08 -2.87121e-05
-1.08083e+08 -2.8661e-05
-1.07891e+08 -2.861e-05
-1.07698e+08 -2.85589e-05
-1.07506e+08 -2.85079e-05
-1.07313e+08 -2.84568e-05
-1.07121e+08 -2.84058e-05
-1.06928e+08 -2.83547e-05
-1.06736e+08 -2.83037e-05
-1.06543e+08 -2.82526e-05
-1.06351e+08 -2.82016e-05
-1.06158e+08 -2.81505e-05
-1.05966e+08 -2.80995e-05
-1.05773e+08 -2.80485e-05
-1.05581e+08 -2.79974e-05
-1.05388e+08 -2.79464e-05
-1.05196e+08 -2.78953e-05
-1.05003e+08 -2.78443e-05
-1.04811e+08 -2.77932e-05
-1.04618e+08 -2.77422e-05
-1.04426e+08 -2.76912e-05
-1.04233e+08 -2.76401e-05
-1.04041e+08 -2.75891e-05
-1.03849e+08 -2.7538e-05
-1.03656e+08 -2.7487e-05
-1.03464e+08 -2.7436e-05
-1.03271e+08 -2.73849e-05
-1.03079e+08 -2.73339e-05
-1.02886e+08 -2.72828e-05
-1.02694e+08 -2.72318e-05
-1.02501e+08 -2.71808e-05
-1.02309e+08 -2.71297e-05
-1.02116e+08 -2.70787e-05
-1.01924e+08 -2.70276e-05
-1.01731e+08 -2.69766e-05
-1.01539e+08 -2.69256e-05
-1.01346e+08 -2.68745e-05
-1.01154e+08 -2.68235e-05
-1.00961e+08 -2.67724e-05
-1.00769e+08 -2.67214e-05
-1.00576e+08 -2.66704e-05
-1.00384e+08 -2.66193e-05
-1.00192e+08 -2.65683e-05
-9.99991e+07 -2.65173e-05
-9.98066e+07 -2.64662e-05
-9.96142e+07 -2.64152e-05
-9.94217e+07 -2.63642e-05
-9.92293e+07 -2.63131e-05
-9.90368e+07 -2.62621e-05
-9.88444e+07 -2.62111e-05
-9.86519e+07 -2.616e-05
-9.84594e+07 -2.6109e-05
-9.8267e+07 -2.6058e-05
-9.80745e+07 -2.60069e-05
-9.78821e+07 -2.59559e-05
-9.76897e+07 -2.59049e-05
-9.74972e+07 -2.58538e-05
-9.73048e+07 -2.58028e-05
-9.71123e+07 -2.57518e-05
-9.69199e+07 -2.57007e-05
-9.67274e+07 -2.56497e-05
-9.6535e+07 -2.55987e-05
-9.63426e+07 -2.55476e-05
-9.61501e+07 -2.54966e-05
-9.59577e+07 -2.54456e-05
-9.57652e+07 -2.53946e-05
-9.55728e+07 -2.53435e-05
-9.53804e+07 -2.52925e-05
-9.51879e+07 -2.52415e-05
-9.49955e+07 -2.51904e-05
-9.48031e+07 -2.51394e-05
-9.46106e+07 -2.50884e-05
-9.44182e+07 -2.50374e-05
-9.42258e+07 -2.49863e-05
-9.40334e+07 -2.49353e-05
-9.38409e+07 -2.48843e-05
-9.36485e+07 -2.48332e-05
-9.34561e+07 -2.47822e-05
-9.32636e+07 -2.47312e-05
-9.30712e+07 -2.46802e-05
-9.28788e+07 -2.46291e-05
-9.26864e+07 -2.45781e-05
-9.2494e+07 -2.45271e-05
-9.23015e+07 -2.44761e-05
-9.21092e+07 -2.44251e-05
-9.19167e+07 -2.4374e-05
-9.17243e+07 -2.4323e-05
-9.15319e+07 -2.4272e-05
-9.13395e+07 -2.4221e-05
-9.11471e+07 -2.41699e-05
-9.09547e+07 -2.41189e-05
-9.07623e+07 -2.40679e-05
-9.05698e+07 -2.40169e-05
-9.03775e+07 -2.39658e-05
-9.0185e+07 -2.39148e-05
-8.99926e+07 -2.38638e-05
-8.98002e+07 -2.38128e-05
-8.96078e+07 -2.37618e-05
-8.94154e+07 -2.37107e-05
-8.9223e+07 -2.36597e-05
-8.90306e+07 -2.36087e-05
-8.88382e+07 -2.35577e-05
-8.86458e+07 -2.35067e-05
-8.84534e+07 -2.34556e-05
-8.8261e+07 -2.34046e-05
-8.80686e+07 -2.33536e-05
-8.78762e+07 -2.33026e-05
-8.76839e+07 -2.32516e-05
-8.74915e+07 -2.32006e-05
-8.72991e+07 -2.31495e-05
-8.71067e+07 -2.30985e-05
-8.69143e+07 -2.30475e-05
-8.67219e+07 -2.29965e-05
-8.65295e+07 -2.29455e-05
-8.63371e+07 -2.28945e-05
-8.61448e+07 -2.28434e-05
-8.59524e+07 -2.27924e-05
-8.576e+07 -2.27414e-05
-8.55676e+07 -2.26904e-05
-8.53752e+07 -2.26394e-05
-8.51829e+07 -2.25884e-05
-8.49905e+07 -2.25374e-05
-8.47981e+07 -2.24863e-05
-8.46057e+07 -2.24353e-05
-8.44133e+07 -2.23843e-05
-8.4221e+07 -2.23333e-05
-8.40286e+07 -2.22823e-05
-8.38362e+07 -2.22313e-05
-8.36439e+07 -2.21803e-05
-8.34515e+07 -2.21293e-05
-8.32591e+07 -2.20782e-05
-8.30668e+07 -2.20272e-05
-8.28744e+07 -2.19762e-05
-8.2682e+07 -2.19252e-05
-8.24897e+07 -2.18742e-05
-8.22973e+07 -2.18232e-05
-8.21049e+07 -2.17722e-05
-8.19126e+07 -2.17212e-05
-8.17202e+07 -2.16702e-05
-8.15279e+07 -2.16192e-05
-8.13355e+07 -2.15681e-05
-8.11432e+07 -2.15171e-05
-8.09508e+07 -2.14661e-05
-8.07584e+07 -2.14151e-05
-8.05661e+07 -2.13641e-05
-8.03737e+07 -2.13131e-05
-8.01814e+07 -2.12621e-05
-7.9989e+07 -2.12111e-05
-7.97967e+07 -2.11601e-05
-7.96043e+07 -2.11091e-05
-7.9412e+07 -2.10581e-05
-7.92196e+07 -2.10071e-05
-7.90273e+07 -2.09561e-05
-7.8835e+07 -2.09051e-05
-7.86426e+07 -2.08541e-05
-7.84503e+07 -2.08031e-05
-7.82579e+07 -2.07521e-05
-7.80656e+07 -2.07011e-05
-7.78733e+07 -2.065e-05
-7.76809e+07 -2.0599e-05
-7.74886e+07 -2.0548e-05
-7.72963e+07 -2.0497e-05
-7.71039e+07 -2.0446e-05
-7.69116e+07 -2.0395e-05
-7.67193e+07 -2.0344e-05
-7.65269e+07 -2.0293e-05
-7.63346e+07 -2.0242e-05
-7.61423e+07 -2.0191e-05
-7.59499e+07 -2.014e-05
-7.57576e+07 -2.0089e-05
-7.55653e+07 -2.0038e-05
-7.5373e+07 -1.9987e-05
-7.51806e+07 -1.9936e-05
-7.49883e+07 -1.9885e-05
-7.4796e+07 -1.9834e-05
-7.46037e+07 -1.9783e-05
-7.44114e+07 -1.9732e-05
-7.4219e+07 -1.9681e-05
-7.40267e+07 -1.963e-05
-7.38344e+07 -1.9579e-05
-7.36421e+07 -1.9528e-05
-7.34498e+07 -1.94771e-05
-7.32575e+07 -1.94261e-05
-7.30652e+07 -1.93751e-05
-7.28728e+07 -1.93241e-05
-7.26805e+07 -1.92731e-05
-7.24882e+07 -1.92221e-05
-7.22959e+07 -1.91711e-05
-7.21036e+07 -1.91201e-05
-7.19113e+07 -1.90691e-05
-7.1719e+07 -1.90181e-05
-7.15267e+07 -1.89671e-05
-7.13344e+07 -1.89161e-05
-7.11421e+07 -1.88651e-05
-7.09498e+07 -1.88141e-05
-7.07575e+07 -1.87631e-05
-7.05652e+07 -1.87121e-05
-7.03729e+07 -1.86611e-05
-7.01806e+07 -1.86102e-05
-6.99883e+07 -1.85592e-05
-6.9796e+07 -1.85082e-05
-6.96037e+07 -1.84572e-05
-6.94115e+07 -1.84062e-05
-6.92192e+07 -1.83552e-05
-6.90269e+07 -1.83042e-05
-6.88346e+07 -1.82532e-05
-6.86423e+07 -1.82022e-05
-6.845e+07 -1.81512e-05
-6.82577e+07 -1.81002e-05
-6.80655e+07 -1.80493e-05
-6.78732e+07 -1.79983e-05
-6.76809e+07 -1.79473e-05
-6.74886e+07 -1.78963e-05
-6.72963e+07 -1.78453e-05
-6.7104e+07 -1.77943e-05
-6.69118e+07 -1.77433e-05
-6.67195e+07 -1.76923e-05
-6.65272e+07 -1.76414e-05
-6.63349e+07 -1.75904e-05
-6.61427e+07 -1.75394e-05
-6.59504e+07 -1.74884e-05
-6.57581e+07 -1.74374e-05
-6.55659e+07 -1.73864e-05
-6.53736e+07 -1.73354e-05
-6.51813e+07 -1.72845e-05
-6.49891e+07 -1.72335e-05
-6.47968e+07 -1.71825e-05
-6.46045e+07 -1.71315e-05
-6.44123e+07 -1.70805e-05
-6.422e+07 -1.70295e-05
-6.40278e+07 -1.69786e-05
-6.38355e+07 -1.69276e-05
-6.36432e+07 -1.68766e-05
-6.3451e+07 -1.68256e-05
-6.32587e+07 -1.67746e-05
-6.30665e+07 -1.67237e-05
-6.28742e+07 -1.66727e-05
-6.26819e+07 -1.66217e-05
-6.24897e+07 -1.65707e-05
-6.22974e+07 -1.65197e-05
-6.21052e+07 -1.64688e-05
-6.19129e+07 -1.64178e-05
-6.17207e+07 -1.63668e-05
-6.15284e+07 -1.63158e-05
-6.13362e+07 -1.62648e-05
-6.1144e+07 -1.62139e-05
-6.09517e+07 -1.61629e-05
-6.07595e+07 -1.61119e-05
-6.05672e+07 -1.60609e-05
-6.0375e+07 -1.60099e-05
-6.01827e+07 -1.5959e-05
-5.99905e+07 -1.5908e-05
-5.97983e+07 -1.5857e-05
-5.9606e+07 -1.5806e-05
-5.94138e+07 -1.57551e-05
-5.92216e+07 -1.57041e-05
-5.90293e+07 -1.56531e-05
-5.88371e+07 -1.56021e-05
-5.86449e+07 -1.55512e-05
-5.84526e+07 -1.55002e-05
-5.82604e+07 -1.54492e-05
-5.80682e+07 -1.53982e-05
-5.7876e+07 -1.53473e-05
-5.76837e+07 -1.52963e-05
-5.74915e+07 -1.52453e-05
-5.72993e+07 -1.51943e-05
-5.71071e+07 -1.51434e-05
-5.69148e+07 -1.50924e-05
-5.67226e+07 -1.50414e-05
-5.65304e+07 -1.49905e-05
-5.63381e+07 -1.49395e-05
-5.6146e+07 -1.48885e-05
-5.59537e+07 -1.48375e-05
-5.57615e+07 -1.47866e-05
-5.55693e+07 -1.47356e-05
-5.53771e+07 -1.46846e-05
-5.51849e+07 -1.46337e-05
-5.49927e+07 -1.45827e-05
-5.48005e+07 -1.45317e-05
-5.46083e+07 -1.44807e-05
-5.4416e+07 -1.44298e-05
-5.42238e+07 -1.43788e-05
-5.40316e+07 -1.43278e-05
-5.38394e+07 -1.42769e-05
-5.36472e+07 -1.42259e-05
-5.3455e+07 -1.41749e-05
-5.32628e+07 -1.4124e-05
-5.30706e+07 -1.4073e-05
-5.28784e+07 -1.4022e-05
-5.26862e+07 -1.39711e-05
-5.2494e+07 -1.39201e-05
-5.23018e+07 -1.38691e-05
-5.21096e+07 -1.38182e-05
-5.19174e+07 -1.37672e-05
-5.17252e+07 -1.37162e-05
-5.15331e+07 -1.36653e-05
-5.13409e+07 -1.36143e-05
-5.11487e+07 -1.35634e-05
-5.09565e+07 -1.35124e-05
-5.07643e+07 -1.34614e-05
-5.05721e+07 -1.34105e-05
-5.03799e+07 -1.33595e-05
-5.01877e+07 -1.33085e-05
-4.99956e+07 -1.32576e-05
-4.98034e+07 -1.32066e-05
-4.96112e+07 -1.31557e-05
-4.9419e+07 -1.31047e-05
-4.92268e+07 -1.30537e-05
-4.90347e+07 -1.30028e-05
-4.88425e+07 -1.29518e-05
-4.86503e+07 -1.29009e-05
-4.84581e+07 -1.28499e-05
-4.8266e+07 -1.27989e-05
-4.80738e+07 -1.2748e-05
-4.78816e+07 -1.2697e-05
-4.76894e+07 -1.26461e-05
-4.74973e+07 -1.25951e-05
-4.73051e+07 -1.25441e-05
-4.71129e+07 -1.24932e-05
-4.69208e+07 -1.24422e-05
-4.67286e+07 -1.23913e-05
-4.65364e+07 -1.23403e-05
-4.63443e+07 -1.22893e-05
-4.61521e+07 -1.22384e-05
-4.596e+07 -1.21874e-05
-4.57678e+07 -1.21365e-05
-4.55756e+07 -1.20855e-05
-4.53835e+07 -1.20346e-05
-4.51913e+07 -1.19836e-05
-4.49992e+07 -1.19327e-05
-4.4807e+07 -1.18817e-05
-4.46148e+07 -1.18307e-05
-4.44227e+07 -1.17798e-05
-4.42306e+07 -1.17288e-05
-4.40384e+07 -1.16779e-05
-4.38463e+07 -1.16269e-05
-4.36541e+07 -1.1576e-05
-4.34619e+07 -1.1525e-05
-4.32698e+07 -1.14741e-05
-4.30777e+07 -1.14231e-05
-4.28855e+07 -1.13722e-05
-4.26934e+07 -1.13212e-05
-4.25012e+07 -1.12703e-05
-4.23091e+07 -1.12193e-05
-4.2117e+07 -1.11684e-05
-4.19248e+07 -1.11174e-05
-4.17327e+07 -1.10665e-05
-4.15405e+07 -1.10155e-05
-4.13484e+07 -1.09646e-05
-4.11563e+07 -1.09136e-05
-4.09641e+07 -1.08627e-05
-4.0772e+07 -1.08117e-05
-4.05799e+07 -1.07608e-05
-4.03878e+07 -1.07098e-05
-4.01956e+07 -1.06589e-05
-4.00035e+07 -1.06079e-05
-3.98114e+07 -1.0557e-05
-3.96192e+07 -1.0506e-05
-3.94271e+07 -1.04551e-05
-3.9235e+07 -1.04041e-05
-3.90429e+07 -1.03532e-05
-3.88508e+07 -1.03023e-05
-3.86586e+07 -1.02513e-05
-3.84665e+07 -1.02004e-05
-3.82744e+07 -1.01494e-05
-3.80823e+07 -1.00985e-05
-3.78902e+07 -1.00475e-05
-3.7698e+07 -9.99658e-06
-3.75059e+07 -9.94564e-06
-3.73138e+07 -9.89469e-06
-3.71217e+07 -9.84375e-06
-3.69296e+07 -9.79281e-06
-3.67375e+07 -9.74186e-06
-3.65454e+07 -9.69092e-06
-3.63533e+07 -9.63998e-06
-3.61612e+07 -9.58904e-06
-3.59691e+07 -9.5381e-06
-3.5777e+07 -9.48716e-06
-3.55848e+07 -9.43621e-06
-3.53927e+07 -9.38527e-06
-3.52007e+07 -9.33434e-06
-3.50085e+07 -9.28339e-06
-3.48164e+07 -9.23245e-06
-3.46243e+07 -9.18151e-06
-3.44322e+07 -9.13057e-06
-3.42402e+07 -9.07963e-06
-3.40481e+07 -9.0287e-06
-3.3856e+07 -8.97776e-06
-3.36639e+07 -8.92682e-06
-3.34718e+07 -8.87588e-06
-3.32797e+07 -8.82494e-06
-3.30876e+07 -8.77401e-06
-3.28955e+07 -8.72307e-06
-3.27034e+07 -8.67213e-06
-3.25113e+07 -8.6212e-06
-3.23192e+07 -8.57026e-06
-3.21272e+07 -8.51932e-06
-3.19351e+07 -8.46839e-06
-3.1743e+07 -8.41745e-06
-3.15509e+07 -8.36651e-06
-3.13588e+07 -8.31558e-06
-3.11668e+07 -8.26465e-06
-3.09747e+07 -8.21371e-06
-3.07826e+07 -8.16278e-06
-3.05905e+07 -8.11185e-06
-3.03985e+07 -8.06092e-06
-3.02064e+07 -8.00998e-06
-3.00143e+07 -7.95905e-06
-2.98222e+07 -7.90811e-06
-2.96302e+07 -7.85718e-06
-2.94381e+07 -7.80625e-06
-2.9246e+07 -7.75532e-06
-2.9054e+07 -7.70439e-06
-2.88619e+07 -7.65346e-06
-2.86698e+07 -7.60253e-06
-2.84778e+07 -7.55159e-06
-2.82857e+07 -7.50066e-06
-2.80936e+07 -7.44973e-06
-2.79016e+07 -7.3988e-06
-2.77095e+07 -7.34787e-06
-2.75175e+07 -7.29694e-06
-2.73254e+07 -7.24601e-06
-2.71333e+07 -7.19508e-06
-2.69413e+07 -7.14415e-06
-2.67492e+07 -7.09323e-06
-2.65572e+07 -7.04231e-06
-2.63651e+07 -6.99138e-06
-2.61731e+07 -6.94045e-06
-2.5981e+07 -6.88952e-06
-2.5789e+07 -6.8386e-06
-2.55969e+07 -6.78767e-06
-2.54049e+07 -6.73674e-06
-2.52128e+07 -6.68582e-06
-2.50208e+07 -6.63489e-06
-2.48288e+07 -6.58397e-06
-2.46367e+07 -6.53304e-06
-2.44447e+07 -6.48212e-06
