1.50419 1.9913e-13
3.32848 4.40636e-13
5.53451 7.32678e-13
8.20162 1.08576e-12
11.4336 1.51362e-12
15.3603 2.03344e-12
20.1644 2.66943e-12
26.0931 3.4543e-12
33.4788 4.43205e-12
42.8205 5.66873e-12
-1.62032e+06 -2.14503e-07
-3.24067e+06 -4.29012e-07
-4.86103e+06 -6.4352e-07
-6.48139e+06 -8.58029e-07
-8.10175e+06 -1.07254e-06
-9.72211e+06 -1.28705e-06
-1.13425e+07 -1.50156e-06
-1.29628e+07 -1.71606e-06
-1.45832e+07 -1.93057e-06
-1.62035e+07 -2.14508e-06
-1.78239e+07 -2.35959e-06
-1.94443e+07 -2.5741e-06
-2.10646e+07 -2.78861e-06
-2.2685e+07 -3.00312e-06
-2.43053e+07 -3.21762e-06
-2.59257e+07 -3.43213e-06
-2.7546e+07 -3.64664e-06
-2.91664e+07 -3.86115e-06
-3.07867e+07 -4.07566e-06
-3.24071e+07 -4.29017e-06
-3.40275e+07 -4.50467e-06
-3.56478e+07 -4.71918e-06
-3.72682e+07 -4.93369e-06
-3.88885e+07 -5.1482e-06
-4.05089e+07 -5.36271e-06
-4.21292e+07 -5.57722e-06
-4.37496e+07 -5.79172e-06
-4.53699e+07 -6.00623e-06
-4.69903e+07 -6.22074e-06
-4.86107e+07 -6.43525e-06
-5.0231e+07 -6.64976e-06
-5.18514e+07 -6.86427e-06
-5.34717e+07 -7.07877e-06
-5.50921e+07 -7.29328e-06
-5.67124e+07 -7.50779e-06
-5.83328e+07 -7.7223e-06
-5.99531e+07 -7.93681e-06
-6.15735e+07 -8.15131e-06
-6.31938e+07 -8.36582e-06
-6.48142e+07 -8.58033e-06
-6.64345e+07 -8.79484e-06
-6.80549e+07 -9.00935e-06
-6.96753e+07 -9.22385e-06
-7.12956e+07 -9.43836e-06
-7.2916e+07 -9.65287e-06
-7.45363e+07 -9.86738e-06
-7.61567e+07 -1.00819e-05
-7.7777e+07 -1.02964e-05
-7.93974e+07 -1.05109e-05
-8.10177e+07 -1.07254e-05
-8.26381e+07 -1.09399e-05
-8.42584e+07 -1.11544e-05
-8.58788e+07 -1.13689e-05
-8.74991e+07 -1.15834e-05
-8.91195e+07 -1.17979e-05
-9.07398e+07 -1.20125e-05
-9.23602e+07 -1.2227e-05
-9.39805e+07 -1.24415e-05
-9.56009e+07 -1.2656e-05
-9.72212e+07 -1.28705e-05
-9.88416e+07 -1.3085e-05
-1.00462e+08 -1.32995e-05
-1.02082e+08 -1.3514e-05
-1.03703e+08 -1.37285e-05
-1.05323e+08 -1.3943e-05
-1.06943e+08 -1.41575e-05
-1.08564e+08 -1.4372e-05
-1.10184e+08 -1.45865e-05
-1.11804e+08 -1.48011e-05
-1.13425e+08 -1.50156e-05
-1.15045e+08 -1.52301e-05
-1.16665e+08 -1.54446e-05
-1.18286e+08 -1.56591e-05
-1.19906e+08 -1.58736e-05
-1.21526e+08 -1.60881e-05
-1.23147e+08 -1.63026e-05
-1.24767e+08 -1.65171e-05
-1.26388e+08 -1.67316e-05
-1.28008e+08 -1.69461e-05
-1.29628e+08 -1.71606e-05
-1.31249e+08 -1.73751e-05
-1.32869e+08 -1.75897e-05
-1.34489e+08 -1.78042e-05
-1.3611e+08 -1.80187e-05
-1.3773e+08 -1.82332e-05
-1.3935e+08 -1.84477e-05
-1.40971e+08 -1.86622e-05
-1.42591e+08 -1.88767e-05
-1.44211e+08 -1.90912e-05
-1.45832e+08 -1.93057e-05
-1.47452e+08 -1.95202e-05
-1.49072e+08 -1.97347e-05
-1.50693e+08 -1.99492e-05
-1.52313e+08 -2.01637e-05
-1.53933e+08 -2.03782e-05
-1.55554e+08 -2.05928e-05
-1.57174e+08 -2.08073e-05
-1.58794e+08 -2.10218e-05
-1.60415e+08 -2.12363e-05
-1.62035e+08 -2.14508e-05
-1.63655e+08 -2.16653e-05
-1.65276e+08 -2.18798e-05
-1.66896e+08 -2.20943e-05
-1.68517e+08 -2.23088e-05
-1.70137e+08 -2.25233e-05
-1.71757e+08 -2.27378e-05
-1.73378e+08 -2.29523e-05
-1.74998e+08 -2.31668e-05
-1.76618e+08 -2.33813e-05
-1.78239e+08 -2.35958e-05
-1.79859e+08 -2.38104e-05
-1.81479e+08 -2.40249e-05
-1.831e+08 -2.42394e-05
-1.8472e+08 -2.44539e-05
-1.8634e+08 -2.46684e-05
-1.87961e+08 -2.48829e-05
-1.89581e+08 -2.50974e-05
-1.91201e+08 -2.53119e-05
-1.92822e+08 -2.55264e-05
-1.94442e+08 -2.57409e-05
-1.96062e+08 -2.59554e-05
-1.97683e+08 -2.61699e-05
-1.99303e+08 -2.63844e-05
-2.00923e+08 -2.65989e-05
-2.02544e+08 -2.68134e-05
-2.04164e+08 -2.7028e-05
-2.05784e+08 -2.72425e-05
-2.07405e+08 -2.7457e-05
-2.09025e+08 -2.76715e-05
-2.10645e+08 -2.7886e-05
-2.12266e+08 -2.81005e-05
-2.13886e+08 -2.8315e-05
-2.15506e+08 -2.85295e-05
-2.17127e+08 -2.8744e-05
-2.18747e+08 -2.89585e-05
-2.20367e+08 -2.9173e-05
-2.21988e+08 -2.93875e-05
-2.23608e+08 -2.9602e-05
-2.25229e+08 -2.98165e-05
-2.26849e+08 -3.0031e-05
-2.28469e+08 -3.02456e-05
-2.3009e+08 -3.04601e-05
-2.3171e+08 -3.06746e-05
-2.3333e+08 -3.08891e-05
-2.34951e+08 -3.11036e-05
-2.36571e+08 -3.13181e-05
-2.38191e+08 -3.15326e-05
-2.39812e+08 -3.17471e-05
-2.41432e+08 -3.19616e-05
-2.43052e+08 -3.21761e-05
-2.44673e+08 -3.23906e-05
-2.46293e+08 -3.26051e-05
-2.47913e+08 -3.28196e-05
-2.49534e+08 -3.30341e-05
-2.51154e+08 -3.32486e-05
-2.52774e+08 -3.34631e-05
-2.54395e+08 -3.36776e-05
-2.56015e+08 -3.38922e-05
-2.57635e+08 -3.41067e-05
-2.59256e+08 -3.43212e-05
-2.60876e+08 -3.45357e-05
-2.62496e+08 -3.47502e-05
-2.64117e+08 -3.49647e-05
-2.65737e+08 -3.51792e-05
-2.67357e+08 -3.53937e-05
-2.68978e+08 -3.56082e-05
-2.70598e+08 -3.58227e-05
-2.72218e+08 -3.60372e-05
-2.73839e+08 -3.62517e-05
-2.75459e+08 -3.64662e-05
-2.77079e+08 -3.66807e-05
-2.787e+08 -3.68952e-05
-2.8032e+08 -3.71097e-05
-2.8194e+08 -3.73242e-05
-2.83561e+08 -3.75388e-05
-2.85181e+08 -3.77533e-05
-2.86801e+08 -3.79678e-05
-2.88422e+08 -3.81823e-05
-2.90042e+08 -3.83968e-05
-2.91662e+08 -3.86113e-05
-2.93283e+08 -3.88258e-05
-2.94903e+08 -3.90403e-05
-2.96523e+08 -3.92548e-05
-2.98144e+08 -3.94693e-05
-2.99764e+08 -3.96838e-05
-3.01384e+08 -3.98983e-05
-3.03005e+08 -4.01128e-05
-3.04625e+08 -4.03273e-05
-3.06245e+08 -4.05418e-05
-3.07866e+08 -4.07563e-05
-3.09486e+08 -4.09708e-05
-3.11106e+08 -4.11853e-05
-3.12727e+08 -4.13999e-05
-3.14347e+08 -4.16144e-05
-3.15967e+08 -4.18289e-05
-3.17588e+08 -4.20434e-05
-3.19208e+08 -4.22579e-05
-3.20828e+08 -4.24724e-05
-3.22449e+08 -4.26869e-05
-3.24069e+08 -4.29014e-05
-3.25689e+08 -4.31159e-05
-3.2731e+08 -4.33304e-05
-3.2893e+08 -4.35449e-05
-3.3055e+08 -4.37594e-05
-3.32171e+08 -4.39739e-05
-3.33791e+08 -4.41884e-05
-3.35411e+08 -4.44029e-05
-3.37032e+08 -4.46174e-05
-3.38652e+08 -4.48319e-05
-3.40272e+08 -4.50464e-05
-3.41893e+08 -4.52609e-05
-3.43513e+08 -4.54754e-05
-3.45133e+08 -4.569e-05
-3.46754e+08 -4.59045e-05
-3.48374e+08 -4.6119e-05
-3.49994e+08 -4.63335e-05
-3.51615e+08 -4.6548e-05
-3.53235e+08 -4.67625e-05
-3.54855e+08 -4.6977e-05
-3.56476e+08 -4.71915e-05
-3.58096e+08 -4.7406e-05
-3.59716e+08 -4.76205e-05
-3.61337e+08 -4.7835e-05
-3.62957e+08 -4.80495e-05
-3.64577e+08 -4.8264e-05
-3.66198e+08 -4.84785e-05
-3.67818e+08 -4.8693e-05
-3.69438e+08 -4.89075e-05
-3.71059e+08 -4.9122e-05
-3.72679e+08 -4.93365e-05
-3.74299e+08 -4.9551e-05
-3.7592e+08 -4.97655e-05
-3.7754e+08 -4.998e-05
-3.7916e+08 -5.01946e-05
-3.80781e+08 -5.04091e-05
-3.82401e+08 -5.06236e-05
-3.84021e+08 -5.08381e-05
-3.85641e+08 -5.10526e-05
-3.87262e+08 -5.12671e-05
-3.88882e+08 -5.14816e-05
-3.90502e+08 -5.16961e-05
-3.92123e+08 -5.19106e-05
-3.93743e+08 -5.21251e-05
-3.95363e+08 -5.23396e-05
-3.96984e+08 -5.25541e-05
-3.98604e+08 -5.27686e-05
-4.00224e+08 -5.29831e-05
-4.01845e+08 -5.31976e-05
-4.03465e+08 -5.34121e-05
-4.05085e+08 -5.36266e-05
-4.06706e+08 -5.38411e-05
-4.08326e+08 -5.40556e-05
-4.09946e+08 -5.42701e-05
-4.11567e+08 -5.44846e-05
-4.13187e+08 -5.46991e-05
-4.14807e+08 -5.49136e-05
-4.16428e+08 -5.51282e-05
-4.18048e+08 -5.53427e-05
-4.19668e+08 -5.55572e-05
-4.21289e+08 -5.57717e-05
-4.22909e+08 -5.59862e-05
-4.24529e+08 -5.62007e-05
-4.2615e+08 -5.64152e-05
-4.2777e+08 -5.66297e-05
-4.2939e+08 -5.68442e-05
-4.31011e+08 -5.70587e-05
-4.32631e+08 -5.72732e-05
-4.34251e+08 -5.74877e-05
-4.35872e+08 -5.77022e-05
-4.37492e+08 -5.79167e-05
-4.39112e+08 -5.81312e-05
-4.40732e+08 -5.83457e-05
-4.42353e+08 -5.85602e-05
-4.43973e+08 -5.87747e-05
-4.45593e+08 -5.89892e-05
-4.47214e+08 -5.92037e-05
-4.48834e+08 -5.94182e-05
-4.50454e+08 -5.96327e-05
-4.52075e+08 -5.98472e-05
-4.53695e+08 -6.00617e-05
-4.55315e+08 -6.02762e-05
-4.56936e+08 -6.04907e-05
-4.58556e+08 -6.07053e-05
-4.60176e+08 -6.09198e-05
-4.61797e+08 -6.11343e-05
-4.63417e+08 -6.13488e-05
-4.65037e+08 -6.15633e-05
-4.66658e+08 -6.17778e-05
-4.68278e+08 -6.19923e-05
-4.69898e+08 -6.22068e-05
-4.71519e+08 -6.24213e-05
-4.73139e+08 -6.26358e-05
-4.74759e+08 -6.28503e-05
-4.7638e+08 -6.30648e-05
-4.78e+08 -6.32793e-05
-4.7962e+08 -6.34938e-05
-4.8124e+08 -6.37083e-05
-4.82861e+08 -6.39228e-05
-4.84481e+08 -6.41373e-05
-4.86101e+08 -6.43518e-05
-4.87722e+08 -6.45663e-05
-4.89342e+08 -6.47808e-05
-4.90962e+08 -6.49953e-05
-4.92583e+08 -6.52098e-05
-4.94203e+08 -6.54243e-05
-4.95823e+08 -6.56388e-05
-4.97444e+08 -6.58533e-05
-4.99064e+08 -6.60678e-05
-5.00684e+08 -6.62823e-05
-5.02305e+08 -6.64968e-05
-5.03925e+08 -6.67113e-05
-5.05545e+08 -6.69259e-05
-5.07166e+08 -6.71404e-05
-5.08786e+08 -6.73549e-05
-5.10406e+08 -6.75694e-05
-5.12027e+08 -6.77839e-05
-5.13647e+08 -6.79984e-05
-5.15267e+08 -6.82129e-05
-5.16887e+08 -6.84274e-05
-5.18508e+08 -6.86419e-05
-5.20128e+08 -6.88564e-05
-5.21748e+08 -6.90709e-05
-5.23369e+08 -6.92854e-05
-5.24989e+08 -6.94999e-05
-5.26609e+08 -6.97144e-05
-5.2823e+08 -6.99289e-05
-5.2985e+08 -7.01434e-05
-5.3147e+08 -7.03579e-05
-5.33091e+08 -7.05724e-05
-5.34711e+08 -7.07869e-05
-5.36331e+08 -7.10014e-05
-5.37952e+08 -7.12159e-05
-5.39572e+08 -7.14304e-05
-5.41192e+08 -7.16449e-05
-5.42812e+08 -7.18594e-05
-5.44433e+08 -7.20739e-05
-5.46053e+08 -7.22884e-05
-5.47673e+08 -7.25029e-05
-5.49294e+08 -7.27174e-05
-5.50914e+08 -7.29319e-05
-5.52534e+08 -7.31464e-05
-5.54155e+08 -7.33609e-05
-5.55775e+08 -7.35754e-05
-5.57395e+08 -7.37899e-05
-5.59016e+08 -7.40044e-05
-5.60636e+08 -7.42189e-05
-5.62256e+08 -7.44334e-05
-5.63877e+08 -7.4648e-05
-5.65497e+08 -7.48625e-05
-5.67117e+08 -7.5077e-05
-5.68737e+08 -7.52915e-05
-5.70358e+08 -7.5506e-05
-5.71978e+08 -7.57205e-05
-5.73598e+08 -7.5935e-05
-5.75219e+08 -7.61495e-05
-5.76839e+08 -7.6364e-05
-5.78459e+08 -7.65785e-05
-5.8008e+08 -7.6793e-05
-5.817e+08 -7.70075e-05
-5.8332e+08 -7.7222e-05
-5.84941e+08 -7.74365e-05
-5.86561e+08 -7.7651e-05
-5.88181e+08 -7.78655e-05
-5.89802e+08 -7.808e-05
-5.91422e+08 -7.82945e-05
-5.93042e+08 -7.8509e-05
-5.94662e+08 -7.87235e-05
-5.96283e+08 -7.8938e-05
-5.97903e+08 -7.91525e-05
-5.99523e+08 -7.9367e-05
-6.01144e+08 -7.95815e-05
-6.02764e+08 -7.9796e-05
-6.04384e+08 -8.00105e-05
-6.06005e+08 -8.0225e-05
-6.07625e+08 -8.04395e-05
-6.09245e+08 -8.0654e-05
-6.10866e+08 -8.08685e-05
-6.12486e+08 -8.1083e-05
-6.14106e+08 -8.12975e-05
-6.15726e+08 -8.1512e-05
-6.17347e+08 -8.17265e-05
-6.18967e+08 -8.1941e-05
-6.20587e+08 -8.21555e-05
-6.22208e+08 -8.237e-05
-6.23828e+08 -8.25845e-05
-6.25448e+08 -8.2799e-05
-6.27069e+08 -8.30135e-05
-6.28689e+08 -8.3228e-05
-6.30309e+08 -8.34425e-05
-6.3193e+08 -8.3657e-05
-6.3355e+08 -8.38715e-05
-6.3517e+08 -8.4086e-05
-6.3679e+08 -8.43005e-05
-6.38411e+08 -8.4515e-05
-6.40031e+08 -8.47295e-05
-6.41651e+08 -8.49441e-05
-6.43272e+08 -8.51586e-05
-6.44892e+08 -8.53731e-05
-6.46512e+08 -8.55876e-05
-6.48133e+08 -8.58021e-05
-6.49753e+08 -8.60166e-05
-6.51373e+08 -8.62311e-05
-6.52993e+08 -8.64456e-05
-6.54614e+08 -8.66601e-05
-6.56234e+08 -8.68746e-05
-6.57854e+08 -8.70891e-05
-6.59475e+08 -8.73036e-05
-6.61095e+08 -8.75181e-05
-6.62715e+08 -8.77326e-05
-6.64336e+08 -8.79471e-05
-6.65956e+08 -8.81616e-05
-6.67576e+08 -8.83761e-05
-6.69196e+08 -8.85906e-05
-6.70817e+08 -8.88051e-05
-6.72437e+08 -8.90196e-05
-6.74057e+08 -8.92341e-05
-6.75678e+08 -8.94486e-05
-6.77298e+08 -8.96631e-05
-6.78918e+08 -8.98776e-05
-6.80539e+08 -9.00921e-05
-6.82159e+08 -9.03066e-05
-6.83779e+08 -9.05211e-05
-6.854e+08 -9.07356e-05
-6.8702e+08 -9.09501e-05
-6.8864e+08 -9.11646e-05
-6.9026e+08 -9.13791e-05
-6.91881e+08 -9.15936e-05
-6.93501e+08 -9.18081e-05
-6.95121e+08 -9.20226e-05
-6.96742e+08 -9.22371e-05
-6.98362e+08 -9.24516e-05
-6.99982e+08 -9.26661e-05
-7.01603e+08 -9.28806e-05
-7.03223e+08 -9.30951e-05
-7.04843e+08 -9.33096e-05
-7.06463e+08 -9.35241e-05
-7.08084e+08 -9.37386e-05
-7.09704e+08 -9.39531e-05
-7.11324e+08 -9.41676e-05
-7.12945e+08 -9.43821e-05
-7.14565e+08 -9.45966e-05
-7.16185e+08 -9.48111e-05
-7.17806e+08 -9.50256e-05
-7.19426e+08 -9.52401e-05
-7.21046e+08 -9.54546e-05
-7.22666e+08 -9.56691e-05
-7.24287e+08 -9.58836e-05
-7.25907e+08 -9.60981e-05
-7.27527e+08 -9.63126e-05
-7.29148e+08 -9.65271e-05
-7.30768e+08 -9.67416e-05
-7.32388e+08 -9.69561e-05
-7.34008e+08 -9.71706e-05
-7.35629e+08 -9.73851e-05
-7.37249e+08 -9.75996e-05
-7.38869e+08 -9.78141e-05
-7.4049e+08 -9.80286e-05
-7.4211e+08 -9.82431e-05
-7.4373e+08 -9.84576e-05
-7.45351e+08 -9.86721e-05
-7.46971e+08 -9.88866e-05
-7.48591e+08 -9.91011e-05
-7.50211e+08 -9.93156e-05
-7.51832e+08 -9.95301e-05
-7.53452e+08 -9.97446e-05
-7.55072e+08 -9.99591e-05
-7.56693e+08 -0.000100174
-7.58313e+08 -0.000100388
-7.59933e+08 -0.000100603
-7.61554e+08 -0.000100817
-7.63174e+08 -0.000101032
-7.64794e+08 -0.000101246
-7.66414e+08 -0.000101461
-7.68035e+08 -0.000101675
-7.69655e+08 -0.00010189
-7.71275e+08 -0.000102104
-7.72896e+08 -0.000102319
-7.74516e+08 -0.000102533
-7.76136e+08 -0.000102748
-7.77756e+08 -0.000102962
-7.79377e+08 -0.000103177
-7.80997e+08 -0.000103391
-7.82617e+08 -0.000103606
-7.84238e+08 -0.00010382
-7.85858e+08 -0.000104035
-7.87478e+08 -0.000104249
-7.89098e+08 -0.000104464
-7.90719e+08 -0.000104678
-7.92339e+08 -0.000104893
-7.93959e+08 -0.000105107
-7.9558e+08 -0.000105322
-7.972e+08 -0.000105536
-7.9882e+08 -0.000105751
-8.00441e+08 -0.000105965
-8.02061e+08 -0.00010618
-8.03681e+08 -0.000106394
-8.05301e+08 -0.000106609
-8.06922e+08 -0.000106823
-8.08542e+08 -0.000107038
-8.10162e+08 -0.000107252
-8.11783e+08 -0.000107467
-8.13403e+08 -0.000107681
-8.15023e+08 -0.000107896
-8.16643e+08 -0.00010811
-8.18264e+08 -0.000108325
-8.19884e+08 -0.000108539
-8.21504e+08 -0.000108754
-8.23125e+08 -0.000108968
-8.24745e+08 -0.000109183
-8.26365e+08 -0.000109397
-8.27985e+08 -0.000109612
-8.29606e+08 -0.000109826
-8.31226e+08 -0.000110041
-8.32846e+08 -0.000110255
-8.34467e+08 -0.00011047
-8.36087e+08 -0.000110684
-8.37707e+08 -0.000110899
-8.39327e+08 -0.000111113
-8.40948e+08 -0.000111328
-8.42568e+08 -0.000111542
-8.44188e+08 -0.000111757
-8.45809e+08 -0.000111971
-8.47429e+08 -0.000112186
-8.49049e+08 -0.0001124
-8.5067e+08 -0.000112615
-8.5229e+08 -0.000112829
-8.5391e+08 -0.000113044
-8.5553e+08 -0.000113258
-8.57151e+08 -0.000113473
-8.58771e+08 -0.000113687
-8.60391e+08 -0.000113902
-8.62012e+08 -0.000114116
-8.63632e+08 -0.000114331
-8.65252e+08 -0.000114545
-8.66872e+08 -0.00011476
-8.68493e+08 -0.000114974
-8.70113e+08 -0.000115189
-8.71733e+08 -0.000115403
-8.73354e+08 -0.000115618
-8.74974e+08 -0.000115832
-8.76594e+08 -0.000116047
-8.78214e+08 -0.000116261
-8.79835e+08 -0.000116476
-8.81455e+08 -0.00011669
-8.83075e+08 -0.000116905
-8.84696e+08 -0.000117119
-8.86316e+08 -0.000117334
-8.87936e+08 -0.000117548
-8.89556e+08 -0.000117763
-8.91177e+08 -0.000117977
-8.92797e+08 -0.000118192
-8.94417e+08 -0.000118406
-8.96037e+08 -0.000118621
-8.97658e+08 -0.000118835
-8.99278e+08 -0.00011905
-9.00898e+08 -0.000119264
-9.02519e+08 -0.000119479
-9.04139e+08 -0.000119693
-9.05759e+08 -0.000119908
-9.07379e+08 -0.000120122
-9.09e+08 -0.000120337
-9.1062e+08 -0.000120551
-9.1224e+08 -0.000120766
-9.13861e+08 -0.00012098
-9.15481e+08 -0.000121195
-9.17101e+08 -0.000121409
-9.18721e+08 -0.000121624
-9.20342e+08 -0.000121838
-9.21962e+08 -0.000122053
-9.23582e+08 -0.000122267
-9.25203e+08 -0.000122482
-9.26823e+08 -0.000122696
-9.28443e+08 -0.000122911
-9.30063e+08 -0.000123125
-9.31684e+08 -0.00012334
-9.33304e+08 -0.000123554
-9.34924e+08 -0.000123769
-9.36545e+08 -0.000123983
-9.38165e+08 -0.000124198
-9.39785e+08 -0.000124412
-9.41405e+08 -0.000124627
-9.43026e+08 -0.000124841
-9.44646e+08 -0.000125056
-9.46266e+08 -0.00012527
-9.47886e+08 -0.000125485
-9.49507e+08 -0.000125699
-9.51127e+08 -0.000125914
-9.52747e+08 -0.000126128
-9.54368e+08 -0.000126343
-9.55988e+08 -0.000126557
-9.57608e+08 -0.000126772
-9.59228e+08 -0.000126986
-9.60849e+08 -0.000127201
-9.62469e+08 -0.000127415
-9.64089e+08 -0.00012763
-9.6571e+08 -0.000127844
-9.6733e+08 -0.000128059
-9.6895e+08 -0.000128273
-9.7057e+08 -0.000128488
-9.72191e+08 -0.000128702
-9.73811e+08 -0.000128917
-9.75431e+08 -0.000129131
-9.77051e+08 -0.000129345
-9.78672e+08 -0.00012956
-9.80292e+08 -0.000129774
-9.81912e+08 -0.000129989
-9.83533e+08 -0.000130203
-9.85153e+08 -0.000130418
-9.86773e+08 -0.000130632
-9.88393e+08 -0.000130847
-9.90014e+08 -0.000131061
-9.91634e+08 -0.000131276
-9.93254e+08 -0.00013149
-9.94875e+08 -0.000131705
-9.96495e+08 -0.000131919
-9.98115e+08 -0.000132134
-9.99735e+08 -0.000132348
-1.00136e+09 -0.000132563
-1.00298e+09 -0.000132777
-1.0046e+09 -0.000132992
-1.00622e+09 -0.000133206
-1.00784e+09 -0.000133421
-1.00946e+09 -0.000133635
-1.01108e+09 -0.00013385
-1.0127e+09 -0.000134064
-1.01432e+09 -0.000134279
-1.01594e+09 -0.000134493
-1.01756e+09 -0.000134708
-1.01918e+09 -0.000134922
-1.0208e+09 -0.000135137
-1.02242e+09 -0.000135351
-1.02404e+09 -0.000135566
-1.02566e+09 -0.00013578
-1.02728e+09 -0.000135995
-1.0289e+09 -0.000136209
-1.03052e+09 -0.000136424
-1.03214e+09 -0.000136638
-1.03376e+09 -0.000136853
-1.03538e+09 -0.000137067
-1.037e+09 -0.000137282
-1.03862e+09 -0.000137496
-1.04024e+09 -0.000137711
-1.04186e+09 -0.000137925
-1.04348e+09 -0.00013814
-1.0451e+09 -0.000138354
-1.04672e+09 -0.000138569
-1.04834e+09 -0.000138783
-1.04996e+09 -0.000138998
-1.05158e+09 -0.000139212
-1.0532e+09 -0.000139427
-1.05482e+09 -0.000139641
-1.05644e+09 -0.000139856
-1.05807e+09 -0.00014007
-1.05969e+09 -0.000140285
-1.06131e+09 -0.000140499
-1.06293e+09 -0.000140714
-1.06455e+09 -0.000140928
-1.06617e+09 -0.000141143
-1.06779e+09 -0.000141357
-1.06941e+09 -0.000141572
-1.07103e+09 -0.000141786
-1.07265e+09 -0.000142001
-1.07427e+09 -0.000142215
-1.07589e+09 -0.00014243
-1.07751e+09 -0.000142644
-1.07913e+09 -0.000142859
-1.08075e+09 -0.000143073
-1.08237e+09 -0.000143288
-1.08399e+09 -0.000143502
-1.08561e+09 -0.000143717
-1.08723e+09 -0.000143931
-1.08885e+09 -0.000144146
-1.09047e+09 -0.00014436
-1.09209e+09 -0.000144575
-1.09371e+09 -0.000144789
-1.09533e+09 -0.000145004
-1.09695e+09 -0.000145218
-1.09857e+09 -0.000145433
-1.10019e+09 -0.000145647
-1.10181e+09 -0.000145862
-1.10343e+09 -0.000146076
-1.10505e+09 -0.000146291
-1.10667e+09 -0.000146505
-1.10829e+09 -0.00014672
-1.10991e+09 -0.000146934
-1.11153e+09 -0.000147149
-1.11315e+09 -0.000147363
-1.11477e+09 -0.000147578
-1.11639e+09 -0.000147792
-1.11802e+09 -0.000148007
-1.11964e+09 -0.000148221
-1.12126e+09 -0.000148436
-1.12288e+09 -0.00014865
-1.1245e+09 -0.000148865
-1.12612e+09 -0.000149079
-1.12774e+09 -0.000149294
-1.12936e+09 -0.000149508
-1.13098e+09 -0.000149723
-1.1326e+09 -0.000149937
-1.13422e+09 -0.000150152
-1.13584e+09 -0.000150366
-1.13746e+09 -0.000150581
-1.13908e+09 -0.000150795
-1.1407e+09 -0.00015101
-1.14232e+09 -0.000151224
-1.14394e+09 -0.000151439
-1.14556e+09 -0.000151653
-1.14718e+09 -0.000151868
-1.1488e+09 -0.000152082
-1.15042e+09 -0.000152297
-1.15204e+09 -0.000152511
-1.15366e+09 -0.000152726
-1.15528e+09 -0.00015294
-1.1569e+09 -0.000153155
-1.15852e+09 -0.000153369
-1.16014e+09 -0.000153584
-1.16176e+09 -0.000153798
-1.16338e+09 -0.000154013
-1.165e+09 -0.000154227
-1.16662e+09 -0.000154442
-1.16824e+09 -0.000154656
-1.16986e+09 -0.000154871
-1.17148e+09 -0.000155085
-1.1731e+09 -0.0001553
-1.17472e+09 -0.000155514
-1.17634e+09 -0.000155729
-1.17796e+09 -0.000155943
-1.17958e+09 -0.000156158
-1.18121e+09 -0.000156372
-1.18283e+09 -0.000156587
-1.18445e+09 -0.000156801
-1.18607e+09 -0.000157016
-1.18769e+09 -0.00015723
-1.18931e+09 -0.000157445
-1.19093e+09 -0.000157659
-1.19255e+09 -0.000157874
-1.19417e+09 -0.000158088
-1.19579e+09 -0.000158303
-1.19741e+09 -0.000158517
-1.19903e+09 -0.000158732
-1.20065e+09 -0.000158946
-1.20227e+09 -0.000159161
-1.20389e+09 -0.000159375
-1.20551e+09 -0.00015959
-1.20713e+09 -0.000159804
-1.20875e+09 -0.000160019
-1.21037e+09 -0.000160233
-1.21199e+09 -0.000160447
-1.21361e+09 -0.000160662
-1.21523e+09 -0.000160876
-1.21685e+09 -0.000161091
-1.21847e+09 -0.000161305
-1.22009e+09 -0.00016152
-1.22171e+09 -0.000161734
-1.22333e+09 -0.000161949
-1.22495e+09 -0.000162163
-1.22657e+09 -0.000162378
-1.22819e+09 -0.000162592
-1.22981e+09 -0.000162807
-1.23143e+09 -0.000163021
-1.23305e+09 -0.000163236
-1.23467e+09 -0.00016345
-1.23629e+09 -0.000163665
-1.23791e+09 -0.000163879
-1.23953e+09 -0.000164094
-1.24115e+09 -0.000164308
-1.24277e+09 -0.000164523
-1.2444e+09 -0.000164737
-1.24602e+09 -0.000164952
-1.24764e+09 -0.000165166
-1.24926e+09 -0.000165381
-1.25088e+09 -0.000165595
-1.2525e+09 -0.00016581
-1.25412e+09 -0.000166024
-1.25574e+09 -0.000166239
-1.25736e+09 -0.000166453
-1.25898e+09 -0.000166668
-1.2606e+09 -0.000166882
-1.26222e+09 -0.000167097
-1.26384e+09 -0.000167311
-1.26546e+09 -0.000167526
-1.26708e+09 -0.00016774
-1.2687e+09 -0.000167955
-1.27032e+09 -0.000168169
-1.27194e+09 -0.000168384
-1.27356e+09 -0.000168598
-1.27518e+09 -0.000168813
-1.2768e+09 -0.000169027
-1.27842e+09 -0.000169242
-1.28004e+09 -0.000169456
-1.28166e+09 -0.000169671
-1.28328e+09 -0.000169885
-1.2849e+09 -0.0001701
-1.28652e+09 -0.000170314
-1.28814e+09 -0.000170529
-1.28976e+09 -0.000170743
-1.29138e+09 -0.000170958
-1.293e+09 -0.000171172
-1.29462e+09 -0.000171387
-1.29624e+09 -0.000171601
-1.29786e+09 -0.000171816
-1.29948e+09 -0.00017203
-1.3011e+09 -0.000172245
-1.30272e+09 -0.000172459
-1.30434e+09 -0.000172674
-1.30596e+09 -0.000172888
-1.30759e+09 -0.000173103
-1.30921e+09 -0.000173317
-1.31083e+09 -0.000173532
-1.31245e+09 -0.000173746
-1.31407e+09 -0.000173961
-1.31569e+09 -0.000174175
-1.31731e+09 -0.00017439
-1.31893e+09 -0.000174604
-1.32055e+09 -0.000174819
-1.32217e+09 -0.000175033
-1.32379e+09 -0.000175248
-1.32541e+09 -0.000175462
-1.32703e+09 -0.000175677
-1.32865e+09 -0.000175891
-1.33027e+09 -0.000176106
-1.33189e+09 -0.00017632
-1.33351e+09 -0.000176535
-1.33513e+09 -0.000176749
-1.33675e+09 -0.000176964
-1.33837e+09 -0.000177178
-1.33999e+09 -0.000177393
-1.34161e+09 -0.000177607
-1.34323e+09 -0.000177822
-1.34485e+09 -0.000178036
-1.34647e+09 -0.000178251
-1.34809e+09 -0.000178465
-1.34971e+09 -0.00017868
-1.35133e+09 -0.000178894
-1.35295e+09 -0.000179109
-1.35457e+09 -0.000179323
-1.35619e+09 -0.000179537
-1.35781e+09 -0.000179752
-1.35943e+09 -0.000179966
-1.36105e+09 -0.000180181
-1.36267e+09 -0.000180395
-1.36429e+09 -0.00018061
-1.36591e+09 -0.000180824
-1.36753e+09 -0.000181039
-1.36915e+09 -0.000181253
-1.37077e+09 -0.000181468
-1.37239e+09 -0.000181682
-1.37402e+09 -0.000181897
-1.37564e+09 -0.000182111
-1.37726e+09 -0.000182326
-1.37888e+09 -0.00018254
-1.3805e+09 -0.000182755
-1.38212e+09 -0.000182969
-1.38374e+09 -0.000183184
-1.38536e+09 -0.000183398
-1.38643e+09 -0.000183541
-1.38653e+09 -0.000183554
-1.38663e+09 -0.000183567
-1.38672e+09 -0.00018358
-1.38682e+09 -0.000183592
-1.38692e+09 -0.000183605
-1.38702e+09 -0.000183618
-1.38711e+09 -0.000183631
-1.38719e+09 -0.000183642
-1.38724e+09 -0.000183648
-1.38729e+09 -0.000183655
-1.38734e+09 -0.000183661
-1.38739e+09 -0.000183668
-1.38744e+09 -0.000183674
-1.38749e+09 -0.000183681
-1.38754e+09 -0.000183687
-1.38759e+09 -0.000183694
-1.38764e+09 -0.0001837
-1.38769e+09 -0.000183707
-1.38774e+09 -0.000183713
-1.38778e+09 -0.00018372
-1.38783e+09 -0.000183726
-1.38788e+09 -0.000183733
-1.38793e+09 -0.000183739
-1.38798e+09 -0.000183746
-1.38803e+09 -0.000183752
-1.38808e+09 -0.000183759
-1.38813e+09 -0.000183765
-1.38818e+09 -0.000183772
-1.38823e+09 -0.000183779
-1.38828e+09 -0.000183785
-1.38833e+09 -0.000183792
-1.38838e+09 -0.000183798
-1.38843e+09 -0.000183805
-1.38847e+09 -0.000183811
-1.38852e+09 -0.000183818
-1.38857e+09 -0.000183824
-1.38862e+09 -0.000183831
-1.38867e+09 -0.000183837
-1.38872e+09 -0.000183844
-1.38877e+09 -0.00018385
-1.38882e+09 -0.000183857
-1.38887e+09 -0.000183863
-1.38892e+09 -0.00018387
-1.38897e+09 -0.000183876
-1.38902e+09 -0.000183883
-1.38907e+09 -0.000183889
-1.38911e+09 -0.000183896
-1.38916e+09 -0.000183902
-1.38921e+09 -0.000183909
-1.38926e+09 -0.000183915
-1.38931e+09 -0.000183922
-1.38936e+09 -0.000183929
-1.38941e+09 -0.000183935
-1.38946e+09 -0.000183942
-1.38951e+09 -0.000183948
-1.38956e+09 -0.000183955
-1.38961e+09 -0.000183961
-1.38966e+09 -0.000183968
-1.38971e+09 -0.000183974
-1.38976e+09 -0.000183981
-1.3898e+09 -0.000183987
-1.38985e+09 -0.000183994
-1.3899e+09 -0.000184
-1.38995e+09 -0.000184007
-1.39e+09 -0.000184013
-1.39005e+09 -0.00018402
-1.3901e+09 -0.000184026
-1.39015e+09 -0.000184033
-1.3902e+09 -0.000184039
-1.39025e+09 -0.000184046
-1.3903e+09 -0.000184052
-1.39035e+09 -0.000184059
-1.3904e+09 -0.000184065
-1.39045e+09 -0.000184072
-1.39049e+09 -0.000184079
-1.39054e+09 -0.000184085
-1.39059e+09 -0.000184092
-1.39064e+09 -0.000184098
-1.39069e+09 -0.000184105
-1.39074e+09 -0.000184111
-1.39079e+09 -0.000184118
-1.39084e+09 -0.000184124
-1.39089e+09 -0.000184131
-1.39094e+09 -0.000184137
-1.39099e+09 -0.000184144
-1.39104e+09 -0.00018415
-1.39109e+09 -0.000184157
-1.39113e+09 -0.000184163
-1.39118e+09 -0.00018417
-1.39123e+09 -0.000184176
-1.39128e+09 -0.000184183
-1.39133e+09 -0.000184189
-1.39138e+09 -0.000184196
-1.39143e+09 -0.000184202
-1.39148e+09 -0.000184209
-1.39153e+09 -0.000184215
-1.39158e+09 -0.000184222
-1.39163e+09 -0.000184229
-1.39168e+09 -0.000184235
-1.39173e+09 -0.000184242
-1.39178e+09 -0.000184248
-1.39182e+09 -0.000184255
-1.39187e+09 -0.000184261
-1.39192e+09 -0.000184268
-1.39197e+09 -0.000184274
-1.39202e+09 -0.000184281
-1.39207e+09 -0.000184287
-1.39212e+09 -0.000184294
-1.39217e+09 -0.0001843
-1.39222e+09 -0.000184307
-1.39227e+09 -0.000184313
-1.39232e+09 -0.00018432
-1.39237e+09 -0.000184326
-1.39242e+09 -0.000184333
-1.39247e+09 -0.000184339
-1.39251e+09 -0.000184346
-1.39256e+09 -0.000184352
-1.39261e+09 -0.000184359
-1.39266e+09 -0.000184366
-1.39271e+09 -0.000184372
-1.39276e+09 -0.000184379
-1.39281e+09 -0.000184385
-1.39286e+09 -0.000184392
-1.39291e+09 -0.000184398
-1.39296e+09 -0.000184405
-1.39301e+09 -0.000184411
-1.39306e+09 -0.000184418
-1.39311e+09 -0.000184424
-1.39316e+09 -0.000184431
-1.3932e+09 -0.000184437
-1.39325e+09 -0.000184444
-1.3933e+09 -0.00018445
-1.39335e+09 -0.000184457
-1.3934e+09 -0.000184463
-1.39345e+09 -0.00018447
-1.3935e+09 -0.000184476
-1.39355e+09 -0.000184483
-1.3936e+09 -0.00018449
-1.39365e+09 -0.000184496
-1.3937e+09 -0.000184503
-1.39375e+09 -0.000184509
-1.3938e+09 -0.000184516
-1.39385e+09 -0.000184522
-1.39389e+09 -0.000184529
-1.39394e+09 -0.000184535
-1.39399e+09 -0.000184542
-1.39404e+09 -0.000184548
-1.39409e+09 -0.000184555
-1.39414e+09 -0.000184561
-1.39419e+09 -0.000184568
-1.39424e+09 -0.000184574
-1.39429e+09 -0.000184581
-1.39434e+09 -0.000184587
-1.39439e+09 -0.000184594
-1.39444e+09 -0.0001846
-1.39449e+09 -0.000184607
-1.39454e+09 -0.000184614
-1.39458e+09 -0.00018462
-1.39463e+09 -0.000184627
-1.39468e+09 -0.000184633
-1.39473e+09 -0.00018464
-1.39478e+09 -0.000184646
-1.39483e+09 -0.000184653
-1.39488e+09 -0.000184659
-1.39493e+09 -0.000184666
-1.39498e+09 -0.000184672
-1.39503e+09 -0.000184679
-1.39508e+09 -0.000184685
-1.39513e+09 -0.000184692
-1.39518e+09 -0.000184698
-1.39523e+09 -0.000184705
-1.39528e+09 -0.000184711
-1.39532e+09 -0.000184718
-1.39537e+09 -0.000184724
-1.39542e+09 -0.000184731
-1.39547e+09 -0.000184738
-1.39552e+09 -0.000184744
-1.39557e+09 -0.000184751
-1.39562e+09 -0.000184757
-1.39567e+09 -0.000184764
-1.39572e+09 -0.00018477
-1.39577e+09 -0.000184777
-1.39582e+09 -0.000184783
-1.39587e+09 -0.00018479
-1.39592e+09 -0.000184796
-1.39597e+09 -0.000184803
-1.39601e+09 -0.000184809
-1.39606e+09 -0.000184816
-1.39611e+09 -0.000184822
-1.39616e+09 -0.000184829
-1.39621e+09 -0.000184835
-1.39626e+09 -0.000184842
-1.39631e+09 -0.000184848
-1.39636e+09 -0.000184855
-1.39641e+09 -0.000184862
-1.39646e+09 -0.000184868
-1.39651e+09 -0.000184875
-1.39656e+09 -0.000184881
-1.39661e+09 -0.000184888
-1.39666e+09 -0.000184894
-1.3967e+09 -0.000184901
-1.39675e+09 -0.000184907
-1.3968e+09 -0.000184914
-1.39685e+09 -0.00018492
-1.3969e+09 -0.000184927
-1.39695e+09 -0.000184933
-1.397e+09 -0.00018494
-1.39705e+09 -0.000184946
-1.3971e+09 -0.000184953
-1.39715e+09 -0.000184959
-1.3972e+09 -0.000184966
-1.39725e+09 -0.000184972
-1.3973e+09 -0.000184979
-1.39735e+09 -0.000184986
-1.3974e+09 -0.000184992
-1.39744e+09 -0.000184999
-1.39749e+09 -0.000185005
-1.39754e+09 -0.000185012
-1.39759e+09 -0.000185018
-1.39764e+09 -0.000185025
-1.39769e+09 -0.000185031
-1.39774e+09 -0.000185038
-1.39779e+09 -0.000185044
-1.39784e+09 -0.000185051
-1.39789e+09 -0.000185057
-1.39794e+09 -0.000185064
-1.39799e+09 -0.00018507
-1.39804e+09 -0.000185077
-1.39809e+09 -0.000185083
-1.39813e+09 -0.00018509
-1.39818e+09 -0.000185097
-1.39823e+09 -0.000185103
-1.39828e+09 -0.00018511
-1.39833e+09 -0.000185116
-1.39838e+09 -0.000185123
-1.39843e+09 -0.000185129
-1.39848e+09 -0.000185136
-1.39853e+09 -0.000185142
-1.39858e+09 -0.000185149
-1.39863e+09 -0.000185155
-1.39868e+09 -0.000185162
-1.39873e+09 -0.000185168
-1.39878e+09 -0.000185175
-1.39883e+09 -0.000185181
-1.39887e+09 -0.000185188
-1.39892e+09 -0.000185194
-1.39897e+09 -0.000185201
-1.39902e+09 -0.000185208
-1.39907e+09 -0.000185214
-1.39912e+09 -0.000185221
-1.39917e+09 -0.000185227
-1.39922e+09 -0.000185234
-1.39927e+09 -0.00018524
-1.39932e+09 -0.000185247
-1.39937e+09 -0.000185253
-1.39942e+09 -0.00018526
-1.39947e+09 -0.000185266
-1.39952e+09 -0.000185273
-1.39957e+09 -0.000185279
-1.39961e+09 -0.000185286
-1.39966e+09 -0.000185292
-1.39971e+09 -0.000185299
-1.39976e+09 -0.000185305
-1.39981e+09 -0.000185312
-1.39986e+09 -0.000185319
-1.39991e+09 -0.000185325
-1.39996e+09 -0.000185332
-1.40001e+09 -0.000185338
-1.40006e+09 -0.000185345
-1.40011e+09 -0.000185351
-1.40016e+09 -0.000185358
-1.40021e+09 -0.000185364
-1.40026e+09 -0.000185371
-1.40031e+09 -0.000185377
-1.40035e+09 -0.000185384
-1.4004e+09 -0.00018539
-1.40045e+09 -0.000185397
-1.4005e+09 -0.000185403
-1.40055e+09 -0.00018541
-1.4006e+09 -0.000185416
-1.40065e+09 -0.000185423
-1.4007e+09 -0.00018543
-1.40075e+09 -0.000185436
-1.4008e+09 -0.000185443
-1.40085e+09 -0.000185449
-1.4009e+09 -0.000185456
-1.40095e+09 -0.000185462
-1.401e+09 -0.000185469
-1.40105e+09 -0.000185475
-1.40109e+09 -0.000185482
-1.40114e+09 -0.000185488
-1.40119e+09 -0.000185495
-1.40124e+09 -0.000185501
-1.40129e+09 -0.000185508
-1.40134e+09 -0.000185514
-1.40139e+09 -0.000185521
-1.40144e+09 -0.000185528
-1.40149e+09 -0.000185534
-1.40154e+09 -0.000185541
-1.40159e+09 -0.000185547
-1.40164e+09 -0.000185554
-1.40169e+09 -0.00018556
-1.40174e+09 -0.000185567
-1.40179e+09 -0.000185573
-1.40183e+09 -0.00018558
-1.40188e+09 -0.000185586
-1.40193e+09 -0.000185593
-1.40198e+09 -0.000185599
-1.40203e+09 -0.000185606
-1.40208e+09 -0.000185612
-1.40213e+09 -0.000185619
-1.40218e+09 -0.000185626
-1.40223e+09 -0.000185632
-1.40228e+09 -0.000185639
-1.40233e+09 -0.000185645
-1.40238e+09 -0.000185652
-1.40243e+09 -0.000185658
-1.40248e+09 -0.000185665
-1.40253e+09 -0.000185671
-1.40257e+09 -0.000185678
-1.40262e+09 -0.000185684
-1.40267e+09 -0.000185691
-1.40272e+09 -0.000185697
-1.40277e+09 -0.000185704
-1.40282e+09 -0.00018571
-1.40287e+09 -0.000185717
-1.40292e+09 -0.000185723
-1.40297e+09 -0.00018573
-1.40302e+09 -0.000185737
-1.40307e+09 -0.000185743
-1.40312e+09 -0.00018575
-1.40317e+09 -0.000185756
-1.40322e+09 -0.000185763
-1.40327e+09 -0.000185769
-1.40331e+09 -0.000185776
-1.40336e+09 -0.000185782
-1.40341e+09 -0.000185789
-1.40346e+09 -0.000185795
-1.40351e+09 -0.000185802
-1.40356e+09 -0.000185808
-1.40361e+09 -0.000185815
-1.40366e+09 -0.000185821
-1.40371e+09 -0.000185828
-1.40376e+09 -0.000185835
-1.40381e+09 -0.000185841
-1.40386e+09 -0.000185848
-1.40391e+09 -0.000185854
-1.40396e+09 -0.000185861
-1.40401e+09 -0.000185867
-1.40406e+09 -0.000185874
-1.4041e+09 -0.00018588
-1.40415e+09 -0.000185887
-1.4042e+09 -0.000185893
-1.40425e+09 -0.0001859
-1.4043e+09 -0.000185906
-1.40435e+09 -0.000185913
-1.4044e+09 -0.000185919
-1.40445e+09 -0.000185926
-1.4045e+09 -0.000185933
-1.40455e+09 -0.000185939
-1.4046e+09 -0.000185946
-1.40465e+09 -0.000185952
-1.4047e+09 -0.000185959
-1.40475e+09 -0.000185965
-1.4048e+09 -0.000185972
-1.40484e+09 -0.000185978
-1.40489e+09 -0.000185985
-1.40494e+09 -0.000185991
-1.40499e+09 -0.000185998
-1.40504e+09 -0.000186004
-1.40509e+09 -0.000186011
-1.40514e+09 -0.000186018
-1.40519e+09 -0.000186024
-1.40524e+09 -0.000186031
-1.40529e+09 -0.000186037
-1.40534e+09 -0.000186044
-1.40539e+09 -0.00018605
-1.40544e+09 -0.000186057
-1.40549e+09 -0.000186063
-1.40554e+09 -0.00018607
-1.40559e+09 -0.000186076
-1.40563e+09 -0.000186083
-1.40568e+09 -0.000186089
-1.40573e+09 -0.000186096
-1.40578e+09 -0.000186102
-1.40583e+09 -0.000186109
-1.40588e+09 -0.000186116
-1.40593e+09 -0.000186122
-1.40598e+09 -0.000186129
-1.40603e+09 -0.000186135
-1.40608e+09 -0.000186142
-1.40613e+09 -0.000186148
-1.40618e+09 -0.000186155
-1.40623e+09 -0.000186161
-1.40628e+09 -0.000186168
-1.40633e+09 -0.000186174
-1.40638e+09 -0.000186181
-1.40642e+09 -0.000186187
-1.40647e+09 -0.000186194
-1.40652e+09 -0.0001862
-1.40657e+09 -0.000186207
-1.40662e+09 -0.000186214
-1.40667e+09 -0.00018622
-1.40672e+09 -0.000186227
-1.40677e+09 -0.000186233
-1.40682e+09 -0.00018624
-1.40687e+09 -0.000186246
-1.40692e+09 -0.000186253
-1.40697e+09 -0.000186259
-1.40702e+09 -0.000186266
-1.40707e+09 -0.000186272
-1.40712e+09 -0.000186279
-1.40717e+09 -0.000186285
-1.40721e+09 -0.000186292
-1.40726e+09 -0.000186299
-1.40731e+09 -0.000186305
-1.40736e+09 -0.000186312
-1.40741e+09 -0.000186318
-1.40746e+09 -0.000186325
-1.40751e+09 -0.000186331
-1.40756e+09 -0.000186338
-1.40761e+09 -0.000186344
-1.40766e+09 -0.000186351
-1.40771e+09 -0.000186357
-1.40776e+09 -0.000186364
-1.40781e+09 -0.00018637
-1.40786e+09 -0.000186377
-1.40791e+09 -0.000186384
-1.40796e+09 -0.00018639
-1.408e+09 -0.000186397
-1.40805e+09 -0.000186403
-1.4081e+09 -0.00018641
-1.40815e+09 -0.000186416
-1.4082e+09 -0.000186423
-1.40825e+09 -0.000186429
-1.4083e+09 -0.000186436
-1.40835e+09 -0.000186442
-1.4084e+09 -0.000186449
-1.40845e+09 -0.000186455
-1.4085e+09 -0.000186462
-1.40855e+09 -0.000186468
-1.4086e+09 -0.000186475
-1.40865e+09 -0.000186482
-1.4087e+09 -0.000186488
-1.40875e+09 -0.000186495
-1.40879e+09 -0.000186501
-1.40884e+09 -0.000186508
-1.40889e+09 -0.000186514
-1.40894e+09 -0.000186521
-1.40899e+09 -0.000186527
-1.40904e+09 -0.000186534
-1.40909e+09 -0.00018654
-1.40914e+09 -0.000186547
-1.40919e+09 -0.000186553
-1.40924e+09 -0.00018656
-1.40929e+09 -0.000186567
-1.40934e+09 -0.000186573
-1.40939e+09 -0.00018658
-1.40944e+09 -0.000186586
-1.40949e+09 -0.000186593
-1.40954e+09 -0.000186599
-1.40958e+09 -0.000186606
-1.40963e+09 -0.000186612
-1.40968e+09 -0.000186619
-1.40973e+09 -0.000186625
-1.40978e+09 -0.000186632
-1.40983e+09 -0.000186638
-1.40988e+09 -0.000186645
-1.40993e+09 -0.000186652
-1.40998e+09 -0.000186658
-1.41003e+09 -0.000186665
-1.41008e+09 -0.000186671
-1.41013e+09 -0.000186678
-1.41018e+09 -0.000186684
-1.41023e+09 -0.000186691
-1.41028e+09 -0.000186697
-1.41033e+09 -0.000186704
-1.41038e+09 -0.00018671
-1.41042e+09 -0.000186717
-1.41047e+09 -0.000186723
-1.41052e+09 -0.00018673
-1.41057e+09 -0.000186737
-1.41062e+09 -0.000186743
-1.41067e+09 -0.00018675
-1.41072e+09 -0.000186756
-1.41077e+09 -0.000186763
-1.41082e+09 -0.000186769
-1.41087e+09 -0.000186776
-1.41092e+09 -0.000186782
-1.41097e+09 -0.000186789
-1.41102e+09 -0.000186795
-1.41107e+09 -0.000186802
-1.41112e+09 -0.000186808
-1.41117e+09 -0.000186815
-1.41121e+09 -0.000186822
-1.41126e+09 -0.000186828
-1.41131e+09 -0.000186835
-1.41136e+09 -0.000186841
-1.41141e+09 -0.000186848
-1.41146e+09 -0.000186854
-1.41151e+09 -0.000186861
-1.41156e+09 -0.000186867
-1.41161e+09 -0.000186874
-1.41166e+09 -0.00018688
-1.41171e+09 -0.000186887
-1.41176e+09 -0.000186893
-1.41181e+09 -0.0001869
-1.41186e+09 -0.000186907
-1.41191e+09 -0.000186913
-1.41196e+09 -0.00018692
-1.41201e+09 -0.000186926
-1.41205e+09 -0.000186933
-1.4121e+09 -0.000186939
-1.41215e+09 -0.000186946
-1.4122e+09 -0.000186952
-1.41225e+09 -0.000186959
-1.4123e+09 -0.000186965
-1.41235e+09 -0.000186972
-1.4124e+09 -0.000186979
-1.41245e+09 -0.000186985
-1.4125e+09 -0.000186992
-1.41255e+09 -0.000186998
-1.4126e+09 -0.000187005
-1.41265e+09 -0.000187011
-1.4127e+09 -0.000187018
-1.41275e+09 -0.000187024
-1.4128e+09 -0.000187031
-1.41285e+09 -0.000187037
-1.41289e+09 -0.000187044
-1.41294e+09 -0.00018705
-1.41299e+09 -0.000187057
-1.41304e+09 -0.000187064
-1.41309e+09 -0.00018707
-1.41314e+09 -0.000187077
-1.41319e+09 -0.000187083
-1.41324e+09 -0.00018709
-1.41329e+09 -0.000187096
-1.41334e+09 -0.000187103
-1.41339e+09 -0.000187109
-1.41344e+09 -0.000187116
-1.41349e+09 -0.000187122
-1.41354e+09 -0.000187129
-1.41359e+09 -0.000187136
-1.41364e+09 -0.000187142
-1.41369e+09 -0.000187149
-1.41373e+09 -0.000187155
-1.41378e+09 -0.000187162
-1.41383e+09 -0.000187168
-1.41388e+09 -0.000187175
-1.41393e+09 -0.000187181
-1.41398e+09 -0.000187188
-1.41403e+09 -0.000187194
-1.41408e+09 -0.000187201
-1.41413e+09 -0.000187207
-1.41418e+09 -0.000187214
-1.41423e+09 -0.000187221
-1.41428e+09 -0.000187227
-1.41433e+09 -0.000187234
-1.41438e+09 -0.00018724
-1.41443e+09 -0.000187247
-1.41448e+09 -0.000187253
-1.41453e+09 -0.00018726
-1.41457e+09 -0.000187266
-1.41462e+09 -0.000187273
-1.41467e+09 -0.000187279
-1.41472e+09 -0.000187286
-1.41477e+09 -0.000187293
-1.41482e+09 -0.000187299
-1.41487e+09 -0.000187306
-1.41492e+09 -0.000187312
-1.41497e+09 -0.000187319
-1.41502e+09 -0.000187325
-1.41507e+09 -0.000187332
-1.41512e+09 -0.000187338
-1.41517e+09 -0.000187345
-1.41522e+09 -0.000187351
-1.41527e+09 -0.000187358
-1.41532e+09 -0.000187364
-1.41537e+09 -0.000187371
-1.41541e+09 -0.000187378
-1.41546e+09 -0.000187384
-1.41551e+09 -0.000187391
-1.41556e+09 -0.000187397
-1.41561e+09 -0.000187404
-1.41566e+09 -0.00018741
-1.41571e+09 -0.000187417
-1.41576e+09 -0.000187423
-1.41581e+09 -0.00018743
-1.41586e+09 -0.000187436
-1.41591e+09 -0.000187443
-1.41596e+09 -0.00018745
-1.41601e+09 -0.000187456
-1.41606e+09 -0.000187463
-1.41611e+09 -0.000187469
-1.41616e+09 -0.000187476
-1.41621e+09 -0.000187482
-1.41626e+09 -0.000187489
-1.4163e+09 -0.000187495
-1.41635e+09 -0.000187502
-1.4164e+09 -0.000187508
-1.41645e+09 -0.000187515
-1.4165e+09 -0.000187522
-1.41655e+09 -0.000187528
-1.4166e+09 -0.000187535
-1.41665e+09 -0.000187541
-1.4167e+09 -0.000187548
-1.41675e+09 -0.000187554
-1.4168e+09 -0.000187561
-1.41685e+09 -0.000187567
-1.4169e+09 -0.000187574
-1.41695e+09 -0.00018758
-1.417e+09 -0.000187587
-1.41705e+09 -0.000187594
-1.4171e+09 -0.0001876
-1.41714e+09 -0.000187607
-1.41719e+09 -0.000187613
-1.41724e+09 -0.00018762
-1.41729e+09 -0.000187626
-1.41734e+09 -0.000187633
-1.41739e+09 -0.000187639
-1.41744e+09 -0.000187646
-1.41749e+09 -0.000187652
-1.41754e+09 -0.000187659
-1.41759e+09 -0.000187665
-1.41764e+09 -0.000187672
-1.41769e+09 -0.000187679
-1.41774e+09 -0.000187685
-1.41779e+09 -0.000187692
-1.41784e+09 -0.000187698
-1.41789e+09 -0.000187705
-1.41794e+09 -0.000187711
-1.41799e+09 -0.000187718
-1.41803e+09 -0.000187724
-1.41808e+09 -0.000187731
-1.41813e+09 -0.000187737
-1.41818e+09 -0.000187744
-1.41823e+09 -0.000187751
-1.41828e+09 -0.000187757
-1.41833e+09 -0.000187764
-1.41838e+09 -0.00018777
-1.41843e+09 -0.000187777
-1.41848e+09 -0.000187783
-1.41853e+09 -0.00018779
-1.41858e+09 -0.000187796
-1.41863e+09 -0.000187803
-1.41868e+09 -0.000187809
-1.41873e+09 -0.000187816
-1.41878e+09 -0.000187823
-1.41883e+09 -0.000187829
-1.41888e+09 -0.000187836
-1.41892e+09 -0.000187842
-1.41897e+09 -0.000187849
-1.41902e+09 -0.000187855
-1.41907e+09 -0.000187862
-1.41912e+09 -0.000187868
-1.41917e+09 -0.000187875
-1.41922e+09 -0.000187881
-1.41927e+09 -0.000187888
-1.41932e+09 -0.000187895
-1.41937e+09 -0.000187901
-1.41942e+09 -0.000187908
-1.41947e+09 -0.000187914
-1.41952e+09 -0.000187921
-1.41957e+09 -0.000187927
-1.41962e+09 -0.000187934
-1.41967e+09 -0.00018794
-1.41972e+09 -0.000187947
-1.41977e+09 -0.000187954
-1.41981e+09 -0.00018796
-1.41986e+09 -0.000187967
-1.41991e+09 -0.000187973
-1.41996e+09 -0.00018798
-1.42001e+09 -0.000187986
-1.42006e+09 -0.000187993
-1.42011e+09 -0.000187999
-1.42016e+09 -0.000188006
-1.42021e+09 -0.000188012
-1.42026e+09 -0.000188019
-1.42031e+09 -0.000188026
-1.42036e+09 -0.000188032
-1.42041e+09 -0.000188039
-1.42046e+09 -0.000188045
-1.42051e+09 -0.000188052
-1.42056e+09 -0.000188058
-1.42061e+09 -0.000188065
-1.42066e+09 -0.000188071
-1.4207e+09 -0.000188078
-1.42075e+09 -0.000188084
-1.4208e+09 -0.000188091
-1.42085e+09 -0.000188098
-1.4209e+09 -0.000188104
-1.42095e+09 -0.000188111
-1.421e+09 -0.000188117
-1.42105e+09 -0.000188124
-1.4211e+09 -0.00018813
-1.42115e+09 -0.000188137
-1.4212e+09 -0.000188143
-1.42125e+09 -0.00018815
-1.4213e+09 -0.000188156
-1.42135e+09 -0.000188163
-1.4214e+09 -0.00018817
-1.42145e+09 -0.000188176
-1.4215e+09 -0.000188183
-1.42155e+09 -0.000188189
-1.4216e+09 -0.000188196
-1.42164e+09 -0.000188202
-1.42169e+09 -0.000188209
-1.42174e+09 -0.000188215
-1.42179e+09 -0.000188222
-1.42184e+09 -0.000188228
-1.42189e+09 -0.000188235
-1.42194e+09 -0.000188242
-1.42199e+09 -0.000188248
-1.42204e+09 -0.000188255
-1.42209e+09 -0.000188261
-1.42214e+09 -0.000188268
-1.42219e+09 -0.000188274
-1.42224e+09 -0.000188281
-1.42229e+09 -0.000188287
-1.42234e+09 -0.000188294
-1.42239e+09 -0.000188301
-1.42244e+09 -0.000188307
-1.42249e+09 -0.000188314
-1.42254e+09 -0.00018832
-1.42258e+09 -0.000188327
-1.42263e+09 -0.000188333
-1.42268e+09 -0.00018834
-1.42273e+09 -0.000188346
-1.42278e+09 -0.000188353
-1.42283e+09 -0.000188359
-1.42288e+09 -0.000188366
-1.42293e+09 -0.000188373
-1.42298e+09 -0.000188379
-1.42303e+09 -0.000188386
-1.42308e+09 -0.000188392
-1.42313e+09 -0.000188399
-1.42318e+09 -0.000188405
-1.42323e+09 -0.000188412
-1.42328e+09 -0.000188418
-1.42333e+09 -0.000188425
-1.42338e+09 -0.000188432
-1.42343e+09 -0.000188438
-1.42348e+09 -0.000188445
-1.42352e+09 -0.000188451
-1.42357e+09 -0.000188458
-1.42362e+09 -0.000188464
-1.42367e+09 -0.000188471
-1.42372e+09 -0.000188477
-1.42377e+09 -0.000188484
-1.42382e+09 -0.00018849
-1.42387e+09 -0.000188497
-1.42392e+09 -0.000188504
-1.42397e+09 -0.00018851
-1.42402e+09 -0.000188517
-1.42407e+09 -0.000188523
-1.42412e+09 -0.00018853
-1.42417e+09 -0.000188536
-1.42422e+09 -0.000188543
-1.42427e+09 -0.000188549
-1.42432e+09 -0.000188556
-1.42437e+09 -0.000188563
-1.42442e+09 -0.000188569
-1.42446e+09 -0.000188576
-1.42451e+09 -0.000188582
-1.42456e+09 -0.000188589
-1.42461e+09 -0.000188595
-1.42466e+09 -0.000188602
-1.42471e+09 -0.000188608
-1.42476e+09 -0.000188615
-1.42481e+09 -0.000188621
-1.42486e+09 -0.000188628
-1.42491e+09 -0.000188635
-1.42496e+09 -0.000188641
-1.42501e+09 -0.000188648
-1.42506e+09 -0.000188654
-1.42511e+09 -0.000188661
-1.42516e+09 -0.000188667
-1.42521e+09 -0.000188674
-1.42526e+09 -0.00018868
-1.42531e+09 -0.000188687
-1.42536e+09 -0.000188694
-1.4254e+09 -0.0001887
-1.42545e+09 -0.000188707
-1.4255e+09 -0.000188713
-1.42555e+09 -0.00018872
-1.4256e+09 -0.000188726
-1.42565e+09 -0.000188733
-1.4257e+09 -0.000188739
-1.42575e+09 -0.000188746
-1.4258e+09 -0.000188752
-1.42585e+09 -0.000188759
-1.4259e+09 -0.000188766
-1.42595e+09 -0.000188772
-1.426e+09 -0.000188779
-1.42605e+09 -0.000188785
-1.4261e+09 -0.000188792
-1.42615e+09 -0.000188798
-1.4262e+09 -0.000188805
-1.42625e+09 -0.000188811
-1.4263e+09 -0.000188818
-1.42635e+09 -0.000188825
-1.42639e+09 -0.000188831
-1.42644e+09 -0.000188838
-1.42649e+09 -0.000188844
-1.42654e+09 -0.000188851
-1.42659e+09 -0.000188857
-1.42664e+09 -0.000188864
-1.42669e+09 -0.00018887
-1.42674e+09 -0.000188877
-1.42679e+09 -0.000188884
-1.42684e+09 -0.00018889
-1.42689e+09 -0.000188897
-1.42694e+09 -0.000188903
-1.42699e+09 -0.00018891
-1.42704e+09 -0.000188916
-1.42709e+09 -0.000188923
-1.42714e+09 -0.000188929
-1.42719e+09 -0.000188936
-1.42724e+09 -0.000188942
-1.42729e+09 -0.000188949
-1.42733e+09 -0.000188956
-1.42738e+09 -0.000188962
-1.42743e+09 -0.000188969
-1.42748e+09 -0.000188975
-1.42753e+09 -0.000188982
-1.42758e+09 -0.000188988
-1.42763e+09 -0.000188995
-1.42768e+09 -0.000189001
-1.42773e+09 -0.000189008
-1.42778e+09 -0.000189015
-1.42783e+09 -0.000189021
-1.42788e+09 -0.000189028
-1.42793e+09 -0.000189034
-1.42798e+09 -0.000189041
-1.42803e+09 -0.000189047
-1.42808e+09 -0.000189054
-1.42813e+09 -0.00018906
-1.42818e+09 -0.000189067
-1.42823e+09 -0.000189074
-1.42828e+09 -0.00018908
-1.42832e+09 -0.000189087
-1.42837e+09 -0.000189093
-1.42842e+09 -0.0001891
-1.42847e+09 -0.000189106
-1.42852e+09 -0.000189113
-1.42857e+09 -0.000189119
-1.42862e+09 -0.000189126
-1.42867e+09 -0.000189133
-1.42872e+09 -0.000189139
-1.42877e+09 -0.000189146
-1.42882e+09 -0.000189152
-1.42887e+09 -0.000189159
-1.42892e+09 -0.000189165
-1.42897e+09 -0.000189172
-1.42902e+09 -0.000189178
-1.42907e+09 -0.000189185
-1.42912e+09 -0.000189192
-1.42917e+09 -0.000189198
-1.42922e+09 -0.000189205
-1.42927e+09 -0.000189211
-1.42932e+09 -0.000189218
-1.42936e+09 -0.000189224
-1.42941e+09 -0.000189231
-1.42946e+09 -0.000189237
-1.42951e+09 -0.000189244
-1.42956e+09 -0.000189251
-1.42961e+09 -0.000189257
-1.42966e+09 -0.000189264
-1.42971e+09 -0.00018927
-1.42976e+09 -0.000189277
-1.42981e+09 -0.000189283
-1.42986e+09 -0.00018929
-1.42991e+09 -0.000189296
-1.42996e+09 -0.000189303
-1.43001e+09 -0.000189309
-1.43006e+09 -0.000189316
-1.43011e+09 -0.000189323
-1.43016e+09 -0.000189329
-1.43021e+09 -0.000189336
-1.43026e+09 -0.000189342
-1.43031e+09 -0.000189349
-1.43035e+09 -0.000189355
-1.4304e+09 -0.000189362
-1.43045e+09 -0.000189368
-1.4305e+09 -0.000189375
-1.43055e+09 -0.000189382
-1.4306e+09 -0.000189388
-1.43065e+09 -0.000189395
-1.4307e+09 -0.000189401
-1.43075e+09 -0.000189408
-1.4308e+09 -0.000189414
-1.43085e+09 -0.000189421
-1.4309e+09 -0.000189427
-1.43095e+09 -0.000189434
-1.431e+09 -0.000189441
-1.43105e+09 -0.000189447
-1.4311e+09 -0.000189454
-1.43115e+09 -0.00018946
-1.4312e+09 -0.000189467
-1.43125e+09 -0.000189473
-1.4313e+09 -0.00018948
-1.43135e+09 -0.000189486
-1.43139e+09 -0.000189493
-1.43144e+09 -0.0001895
-1.43149e+09 -0.000189506
-1.43154e+09 -0.000189513
-1.43159e+09 -0.000189519
-1.43164e+09 -0.000189526
-1.43169e+09 -0.000189532
-1.43174e+09 -0.000189539
-1.43179e+09 -0.000189545
-1.43184e+09 -0.000189552
-1.43189e+09 -0.000189559
-1.43194e+09 -0.000189565
-1.43199e+09 -0.000189572
-1.43204e+09 -0.000189578
-1.43209e+09 -0.000189585
-1.43214e+09 -0.000189591
-1.43219e+09 -0.000189598
-1.43224e+09 -0.000189605
-1.43229e+09 -0.000189611
-1.43234e+09 -0.000189618
-1.43239e+09 -0.000189624
-1.43243e+09 -0.000189631
-1.43248e+09 -0.000189637
-1.43253e+09 -0.000189644
-1.43258e+09 -0.00018965
-1.43263e+09 -0.000189657
-1.43268e+09 -0.000189664
-1.43273e+09 -0.00018967
-1.43278e+09 -0.000189677
-1.43283e+09 -0.000189683
-1.43288e+09 -0.00018969
-1.43293e+09 -0.000189696
-1.43298e+09 -0.000189703
-1.43303e+09 -0.000189709
-1.43308e+09 -0.000189716
-1.43313e+09 -0.000189723
-1.43318e+09 -0.000189729
-1.43323e+09 -0.000189736
-1.43328e+09 -0.000189742
-1.43333e+09 -0.000189749
-1.43338e+09 -0.000189755
-1.43343e+09 -0.000189762
-1.43347e+09 -0.000189768
-1.43352e+09 -0.000189775
-1.43357e+09 -0.000189782
-1.43362e+09 -0.000189788
-1.43367e+09 -0.000189795
-1.43372e+09 -0.000189801
-1.43377e+09 -0.000189808
-1.43382e+09 -0.000189814
-1.43387e+09 -0.000189821
-1.43392e+09 -0.000189827
-1.43397e+09 -0.000189834
-1.43402e+09 -0.000189841
-1.43407e+09 -0.000189847
-1.43412e+09 -0.000189854
-1.43417e+09 -0.00018986
-1.43422e+09 -0.000189867
-1.43427e+09 -0.000189873
-1.43432e+09 -0.00018988
-1.43437e+09 -0.000189886
-1.43442e+09 -0.000189893
-1.43447e+09 -0.0001899
-1.43452e+09 -0.000189906
-1.43456e+09 -0.000189913
-1.43461e+09 -0.000189919
-1.43466e+09 -0.000189926
-1.43471e+09 -0.000189932
-1.43476e+09 -0.000189939
-1.43481e+09 -0.000189946
-1.43486e+09 -0.000189952
-1.43491e+09 -0.000189959
-1.43496e+09 -0.000189965
-1.43501e+09 -0.000189972
-1.43506e+09 -0.000189978
-1.43511e+09 -0.000189985
-1.43516e+09 -0.000189991
-1.43521e+09 -0.000189998
-1.43526e+09 -0.000190005
-1.43531e+09 -0.000190011
-1.43536e+09 -0.000190018
-1.43541e+09 -0.000190024
-1.43546e+09 -0.000190031
-1.43551e+09 -0.000190037
-1.43556e+09 -0.000190044
-1.43561e+09 -0.00019005
-1.43565e+09 -0.000190057
-1.4357e+09 -0.000190064
-1.43575e+09 -0.00019007
-1.4358e+09 -0.000190077
-1.43585e+09 -0.000190083
-1.4359e+09 -0.00019009
-1.43595e+09 -0.000190096
-1.436e+09 -0.000190103
-1.43605e+09 -0.000190109
-1.4361e+09 -0.000190116
-1.43615e+09 -0.000190123
-1.4362e+09 -0.000190129
-1.43625e+09 -0.000190136
-1.4363e+09 -0.000190142
-1.43635e+09 -0.000190149
-1.4364e+09 -0.000190155
-1.43645e+09 -0.000190162
-1.4365e+09 -0.000190169
-1.43655e+09 -0.000190175
-1.4366e+09 -0.000190182
-1.43665e+09 -0.000190188
-1.4367e+09 -0.000190195
-1.43675e+09 -0.000190201
-1.43679e+09 -0.000190208
-1.43684e+09 -0.000190214
-1.43689e+09 -0.000190221
-1.43694e+09 -0.000190228
-1.43699e+09 -0.000190234
-1.43704e+09 -0.000190241
-1.43709e+09 -0.000190247
-1.43714e+09 -0.000190254
-1.43719e+09 -0.00019026
-1.43724e+09 -0.000190267
-1.43729e+09 -0.000190274
-1.43734e+09 -0.00019028
-1.43739e+09 -0.000190287
-1.43744e+09 -0.000190293
-1.43749e+09 -0.0001903
-1.43754e+09 -0.000190306
-1.43759e+09 -0.000190313
-1.43764e+09 -0.000190319
-1.43769e+09 -0.000190326
-1.43774e+09 -0.000190333
-1.43779e+09 -0.000190339
-1.43784e+09 -0.000190346
-1.43788e+09 -0.000190352
-1.43793e+09 -0.000190359
-1.43798e+09 -0.000190365
-1.43803e+09 -0.000190372
-1.43808e+09 -0.000190378
-1.43813e+09 -0.000190385
-1.43818e+09 -0.000190392
-1.43823e+09 -0.000190398
-1.43828e+09 -0.000190405
-1.43833e+09 -0.000190411
-1.43838e+09 -0.000190418
-1.43843e+09 -0.000190424
-1.43848e+09 -0.000190431
-1.43853e+09 -0.000190438
-1.43858e+09 -0.000190444
-1.43863e+09 -0.000190451
-1.43868e+09 -0.000190457
-1.43873e+09 -0.000190464
-1.43878e+09 -0.00019047
-1.43883e+09 -0.000190477
-1.43888e+09 -0.000190483
-1.43893e+09 -0.00019049
-1.43898e+09 -0.000190497
-1.43902e+09 -0.000190503
-1.43907e+09 -0.00019051
-1.43912e+09 -0.000190516
-1.43917e+09 -0.000190523
-1.43922e+09 -0.000190529
-1.43927e+09 -0.000190536
-1.43932e+09 -0.000190543
-1.43937e+09 -0.000190549
-1.43942e+09 -0.000190556
-1.43947e+09 -0.000190562
-1.43952e+09 -0.000190569
-1.43957e+09 -0.000190575
-1.43962e+09 -0.000190582
-1.43967e+09 -0.000190588
-1.43972e+09 -0.000190595
-1.43977e+09 -0.000190602
-1.43982e+09 -0.000190608
-1.43987e+09 -0.000190615
-1.43992e+09 -0.000190621
-1.43997e+09 -0.000190628
-1.44002e+09 -0.000190634
-1.44007e+09 -0.000190641
-1.44012e+09 -0.000190648
-1.44017e+09 -0.000190654
-1.44021e+09 -0.000190661
-1.44026e+09 -0.000190667
-1.44031e+09 -0.000190674
-1.44036e+09 -0.00019068
-1.44041e+09 -0.000190687
-1.44046e+09 -0.000190693
-1.44051e+09 -0.0001907
-1.44056e+09 -0.000190707
-1.44061e+09 -0.000190713
-1.44066e+09 -0.00019072
-1.44071e+09 -0.000190726
-1.44076e+09 -0.000190733
-1.44081e+09 -0.000190739
-1.44086e+09 -0.000190746
-1.44091e+09 -0.000190753
-1.44096e+09 -0.000190759
-1.44101e+09 -0.000190766
-1.44106e+09 -0.000190772
-1.44111e+09 -0.000190779
-1.44116e+09 -0.000190785
-1.44121e+09 -0.000190792
-1.44126e+09 -0.000190798
-1.44131e+09 -0.000190805
-1.44136e+09 -0.000190812
-1.4414e+09 -0.000190818
-1.44145e+09 -0.000190825
-1.4415e+09 -0.000190831
-1.44155e+09 -0.000190838
-1.4416e+09 -0.000190844
-1.44165e+09 -0.000190851
-1.4417e+09 -0.000190858
-1.44175e+09 -0.000190864
-1.4418e+09 -0.000190871
-1.44185e+09 -0.000190877
-1.4419e+09 -0.000190884
-1.44195e+09 -0.00019089
-1.442e+09 -0.000190897
-1.44205e+09 -0.000190904
-1.4421e+09 -0.00019091
-1.44215e+09 -0.000190917
-1.4422e+09 -0.000190923
-1.44225e+09 -0.00019093
-1.4423e+09 -0.000190936
-1.44235e+09 -0.000190943
-1.4424e+09 -0.000190949
-1.44227e+09 -0.000190932
-1.44167e+09 -0.000190853
-1.44107e+09 -0.000190774
-1.44048e+09 -0.000190696
-1.43988e+09 -0.000190617
-1.43929e+09 -0.000190538
-1.43869e+09 -0.000190459
-1.43809e+09 -0.00019038
-1.4375e+09 -0.000190301
-1.4369e+09 -0.000190222
-1.43631e+09 -0.000190143
-1.43571e+09 -0.000190064
-1.43511e+09 -0.000189985
-1.43452e+09 -0.000189906
-1.43392e+09 -0.000189827
-1.43332e+09 -0.000189749
-1.43273e+09 -0.00018967
-1.43213e+09 -0.000189591
-1.43154e+09 -0.000189512
-1.43094e+09 -0.000189433
-1.43034e+09 -0.000189354
-1.42975e+09 -0.000189275
-1.42915e+09 -0.000189196
-1.42856e+09 -0.000189117
-1.42796e+09 -0.000189038
-1.42736e+09 -0.000188959
-1.42677e+09 -0.00018888
-1.42617e+09 -0.000188802
-1.42558e+09 -0.000188723
-1.42498e+09 -0.000188644
-1.42438e+09 -0.000188565
-1.42379e+09 -0.000188486
-1.42319e+09 -0.000188407
-1.42259e+09 -0.000188328
-1.422e+09 -0.000188249
-1.4214e+09 -0.00018817
-1.42081e+09 -0.000188091
-1.42021e+09 -0.000188012
-1.41961e+09 -0.000187934
-1.41902e+09 -0.000187855
-1.41842e+09 -0.000187776
-1.41783e+09 -0.000187697
-1.41723e+09 -0.000187618
-1.41663e+09 -0.000187539
-1.41604e+09 -0.00018746
-1.41544e+09 -0.000187381
-1.41485e+09 -0.000187302
-1.41425e+09 -0.000187223
-1.41365e+09 -0.000187145
-1.41306e+09 -0.000187066
-1.41246e+09 -0.000186987
-1.41187e+09 -0.000186908
-1.41127e+09 -0.000186829
-1.41067e+09 -0.00018675
-1.41008e+09 -0.000186671
-1.40948e+09 -0.000186592
-1.40889e+09 -0.000186513
-1.40829e+09 -0.000186434
-1.40769e+09 -0.000186356
-1.4071e+09 -0.000186277
-1.4065e+09 -0.000186198
-1.40591e+09 -0.000186119
-1.40531e+09 -0.00018604
-1.40471e+09 -0.000185961
-1.40404e+09 -0.000185872
-1.40336e+09 -0.000185782
-1.40268e+09 -0.000185692
-1.402e+09 -0.000185602
-1.40132e+09 -0.000185512
-1.40064e+09 -0.000185422
-1.39996e+09 -0.000185332
-1.39928e+09 -0.000185242
-1.3986e+09 -0.000185152
-1.39792e+09 -0.000185062
-1.39724e+09 -0.000184971
-1.39656e+09 -0.000184881
-1.39588e+09 -0.000184791
-1.3952e+09 -0.000184701
-1.39452e+09 -0.000184611
-1.39384e+09 -0.000184521
-1.39316e+09 -0.000184431
-1.39248e+09 -0.000184341
-1.3918e+09 -0.000184251
-1.39112e+09 -0.000184161
-1.39044e+09 -0.000184071
-1.38976e+09 -0.000183981
-1.38908e+09 -0.000183891
-1.38839e+09 -0.000183801
-1.38771e+09 -0.000183711
-1.38703e+09 -0.00018362
-1.38635e+09 -0.00018353
-1.38567e+09 -0.00018344
-1.38499e+09 -0.00018335
-1.38431e+09 -0.00018326
-1.38363e+09 -0.00018317
-1.38295e+09 -0.00018308
-1.38227e+09 -0.00018299
-1.38159e+09 -0.0001829
-1.38091e+09 -0.00018281
-1.38023e+09 -0.00018272
-1.37955e+09 -0.00018263
-1.37887e+09 -0.00018254
-1.37819e+09 -0.00018245
-1.37751e+09 -0.00018236
-1.37683e+09 -0.00018227
-1.37615e+09 -0.000182179
-1.37547e+09 -0.000182089
-1.37479e+09 -0.000181999
-1.37411e+09 -0.000181909
-1.37343e+09 -0.000181819
-1.37275e+09 -0.000181729
-1.37207e+09 -0.000181639
-1.37139e+09 -0.000181549
-1.37071e+09 -0.000181459
-1.37003e+09 -0.000181369
-1.36935e+09 -0.000181279
-1.36867e+09 -0.000181189
-1.36799e+09 -0.000181099
-1.36731e+09 -0.000181009
-1.36663e+09 -0.000180919
-1.36594e+09 -0.000180829
-1.36526e+09 -0.000180739
-1.36458e+09 -0.000180648
-1.3639e+09 -0.000180558
-1.36322e+09 -0.000180468
-1.36254e+09 -0.000180378
-1.36186e+09 -0.000180288
-1.36118e+09 -0.000180198
-1.3605e+09 -0.000180108
-1.35982e+09 -0.000180018
-1.35914e+09 -0.000179928
-1.35846e+09 -0.000179838
-1.35778e+09 -0.000179748
-1.3571e+09 -0.000179658
-1.35642e+09 -0.000179568
-1.35574e+09 -0.000179478
-1.35506e+09 -0.000179388
-1.35438e+09 -0.000179298
-1.3537e+09 -0.000179208
-1.35302e+09 -0.000179118
-1.35234e+09 -0.000179027
-1.35166e+09 -0.000178937
-1.35098e+09 -0.000178847
-1.3503e+09 -0.000178757
-1.34962e+09 -0.000178667
-1.34894e+09 -0.000178577
-1.34826e+09 -0.000178487
-1.34758e+09 -0.000178397
-1.3469e+09 -0.000178307
-1.34622e+09 -0.000178217
-1.34554e+09 -0.000178127
-1.34486e+09 -0.000178037
-1.34418e+09 -0.000177947
-1.3435e+09 -0.000177857
-1.34282e+09 -0.000177767
-1.34214e+09 -0.000177677
-1.34146e+09 -0.000177587
-1.34078e+09 -0.000177497
-1.3401e+09 -0.000177407
-1.33942e+09 -0.000177316
-1.33874e+09 -0.000177226
-1.33805e+09 -0.000177136
-1.33737e+09 -0.000177046
-1.33669e+09 -0.000176956
-1.33601e+09 -0.000176866
-1.33533e+09 -0.000176776
-1.33465e+09 -0.000176686
-1.33397e+09 -0.000176596
-1.33329e+09 -0.000176506
-1.33261e+09 -0.000176416
-1.33193e+09 -0.000176326
-1.33125e+09 -0.000176236
-1.33057e+09 -0.000176146
-1.32989e+09 -0.000176056
-1.32921e+09 -0.000175966
-1.32853e+09 -0.000175876
-1.32785e+09 -0.000175786
-1.32717e+09 -0.000175696
-1.32649e+09 -0.000175606
-1.32581e+09 -0.000175516
-1.32513e+09 -0.000175426
-1.32445e+09 -0.000175335
-1.32377e+09 -0.000175245
-1.32309e+09 -0.000175155
-1.32241e+09 -0.000175065
-1.32173e+09 -0.000174975
-1.32105e+09 -0.000174885
-1.32037e+09 -0.000174795
-1.31969e+09 -0.000174705
-1.31901e+09 -0.000174615
-1.31833e+09 -0.000174525
-1.31765e+09 -0.000174435
-1.31697e+09 -0.000174345
-1.31629e+09 -0.000174255
-1.31561e+09 -0.000174165
-1.31493e+09 -0.000174075
-1.31425e+09 -0.000173985
-1.31357e+09 -0.000173895
-1.31289e+09 -0.000173805
-1.31221e+09 -0.000173715
-1.31153e+09 -0.000173625
-1.31085e+09 -0.000173535
-1.31017e+09 -0.000173445
-1.30949e+09 -0.000173355
-1.30881e+09 -0.000173265
-1.30813e+09 -0.000173174
-1.30745e+09 -0.000173084
-1.30677e+09 -0.000172994
-1.30609e+09 -0.000172904
-1.30541e+09 -0.000172814
-1.30473e+09 -0.000172724
-1.30405e+09 -0.000172634
-1.30337e+09 -0.000172544
-1.30269e+09 -0.000172454
-1.30201e+09 -0.000172364
-1.30133e+09 -0.000172274
-1.30065e+09 -0.000172184
-1.29997e+09 -0.000172094
-1.29929e+09 -0.000172004
-1.29861e+09 -0.000171914
-1.29793e+09 -0.000171824
-1.29725e+09 -0.000171734
-1.29657e+09 -0.000171644
-1.29589e+09 -0.000171554
-1.29521e+09 -0.000171464
-1.29453e+09 -0.000171374
-1.29385e+09 -0.000171284
-1.29316e+09 -0.000171194
-1.29248e+09 -0.000171104
-1.2918e+09 -0.000171014
-1.29112e+09 -0.000170924
-1.29044e+09 -0.000170834
-1.28976e+09 -0.000170744
-1.28908e+09 -0.000170654
-1.2884e+09 -0.000170563
-1.28772e+09 -0.000170473
-1.28704e+09 -0.000170383
-1.28636e+09 -0.000170293
-1.28568e+09 -0.000170203
-1.285e+09 -0.000170113
-1.28432e+09 -0.000170023
-1.28364e+09 -0.000169933
-1.28296e+09 -0.000169843
-1.28228e+09 -0.000169753
-1.2816e+09 -0.000169663
-1.28092e+09 -0.000169573
-1.28024e+09 -0.000169483
-1.27956e+09 -0.000169393
-1.27888e+09 -0.000169303
-1.2782e+09 -0.000169213
-1.27752e+09 -0.000169123
-1.27684e+09 -0.000169033
-1.27616e+09 -0.000168943
-1.27548e+09 -0.000168853
-1.2748e+09 -0.000168763
-1.27412e+09 -0.000168673
-1.27344e+09 -0.000168583
-1.27276e+09 -0.000168493
-1.27208e+09 -0.000168403
-1.2714e+09 -0.000168313
-1.27072e+09 -0.000168223
-1.27004e+09 -0.000168133
-1.26936e+09 -0.000168043
-1.26868e+09 -0.000167953
-1.268e+09 -0.000167863
-1.26732e+09 -0.000167773
-1.26664e+09 -0.000167683
-1.26596e+09 -0.000167593
-1.26528e+09 -0.000167503
-1.2646e+09 -0.000167413
-1.26392e+09 -0.000167322
-1.26324e+09 -0.000167232
-1.26256e+09 -0.000167142
-1.26188e+09 -0.000167052
-1.2612e+09 -0.000166962
-1.26052e+09 -0.000166872
-1.25984e+09 -0.000166782
-1.25916e+09 -0.000166692
-1.25848e+09 -0.000166602
-1.2578e+09 -0.000166512
-1.25712e+09 -0.000166422
-1.25644e+09 -0.000166332
-1.25576e+09 -0.000166242
-1.25508e+09 -0.000166152
-1.2544e+09 -0.000166062
-1.25372e+09 -0.000165972
-1.25304e+09 -0.000165882
-1.25236e+09 -0.000165792
-1.25168e+09 -0.000165702
-1.251e+09 -0.000165612
-1.25032e+09 -0.000165522
-1.24964e+09 -0.000165432
-1.24896e+09 -0.000165342
-1.24828e+09 -0.000165252
-1.2476e+09 -0.000165162
-1.24692e+09 -0.000165072
-1.24624e+09 -0.000164982
-1.24556e+09 -0.000164892
-1.24488e+09 -0.000164802
-1.2442e+09 -0.000164712
-1.24352e+09 -0.000164622
-1.24284e+09 -0.000164532
-1.24216e+09 -0.000164442
-1.24148e+09 -0.000164352
-1.2408e+09 -0.000164262
-1.24012e+09 -0.000164172
-1.23944e+09 -0.000164082
-1.23876e+09 -0.000163992
-1.23808e+09 -0.000163902
-1.2374e+09 -0.000163812
-1.23672e+09 -0.000163722
-1.23604e+09 -0.000163632
-1.23536e+09 -0.000163542
-1.23468e+09 -0.000163452
-1.234e+09 -0.000163362
-1.23332e+09 -0.000163272
-1.23264e+09 -0.000163182
-1.23196e+09 -0.000163092
-1.23128e+09 -0.000163002
-1.2306e+09 -0.000162912
-1.22992e+09 -0.000162822
-1.22924e+09 -0.000162732
-1.22856e+09 -0.000162642
-1.22788e+09 -0.000162552
-1.2272e+09 -0.000162462
-1.22652e+09 -0.000162372
-1.22584e+09 -0.000162282
-1.22516e+09 -0.000162192
-1.22448e+09 -0.000162101
-1.2238e+09 -0.000162011
-1.22312e+09 -0.000161921
-1.22244e+09 -0.000161831
-1.22176e+09 -0.000161741
-1.22108e+09 -0.000161651
-1.2204e+09 -0.000161561
-1.21972e+09 -0.000161471
-1.21904e+09 -0.000161381
-1.21836e+09 -0.000161291
-1.21768e+09 -0.000161201
-1.21701e+09 -0.000161111
-1.21633e+09 -0.000161021
-1.21565e+09 -0.000160931
-1.21497e+09 -0.000160841
-1.21429e+09 -0.000160751
-1.21361e+09 -0.000160661
-1.21293e+09 -0.000160571
-1.21225e+09 -0.000160481
-1.21157e+09 -0.000160391
-1.21089e+09 -0.000160301
-1.21021e+09 -0.000160211
-1.20953e+09 -0.000160121
-1.20885e+09 -0.000160031
-1.20817e+09 -0.000159941
-1.20749e+09 -0.000159851
-1.20681e+09 -0.000159761
-1.20613e+09 -0.000159671
-1.20545e+09 -0.000159581
-1.20477e+09 -0.000159491
-1.20409e+09 -0.000159401
-1.20341e+09 -0.000159311
-1.20273e+09 -0.000159221
-1.20205e+09 -0.000159131
-1.20137e+09 -0.000159041
-1.20069e+09 -0.000158951
-1.20001e+09 -0.000158861
-1.19933e+09 -0.000158771
-1.19865e+09 -0.000158681
-1.19797e+09 -0.000158591
-1.19729e+09 -0.000158501
-1.19661e+09 -0.000158411
-1.19593e+09 -0.000158321
-1.19525e+09 -0.000158231
-1.19457e+09 -0.000158141
-1.19389e+09 -0.000158051
-1.19321e+09 -0.000157961
-1.19253e+09 -0.000157871
-1.19185e+09 -0.000157781
-1.19117e+09 -0.000157691
-1.19049e+09 -0.000157601
-1.18981e+09 -0.000157511
-1.18913e+09 -0.000157421
-1.18845e+09 -0.000157331
-1.18777e+09 -0.000157241
-1.18709e+09 -0.000157151
-1.18641e+09 -0.000157061
-1.18573e+09 -0.000156971
-1.18505e+09 -0.000156881
-1.18437e+09 -0.000156791
-1.18369e+09 -0.000156701
-1.18301e+09 -0.000156611
-1.18233e+09 -0.000156521
-1.18165e+09 -0.000156431
-1.18097e+09 -0.000156341
-1.18029e+09 -0.000156251
-1.17961e+09 -0.000156161
-1.17893e+09 -0.000156071
-1.17825e+09 -0.000155981
-1.17757e+09 -0.000155891
-1.17689e+09 -0.000155801
-1.17621e+09 -0.000155711
-1.17553e+09 -0.000155621
-1.17485e+09 -0.000155531
-1.17417e+09 -0.000155441
-1.17349e+09 -0.000155351
-1.17282e+09 -0.000155261
-1.17214e+09 -0.000155171
-1.17146e+09 -0.000155081
-1.17078e+09 -0.000154991
-1.1701e+09 -0.000154901
-1.16942e+09 -0.000154811
-1.16874e+09 -0.000154721
-1.16806e+09 -0.000154631
-1.16738e+09 -0.000154541
-1.1667e+09 -0.000154451
-1.16602e+09 -0.000154361
-1.16534e+09 -0.000154271
-1.16466e+09 -0.000154181
-1.16398e+09 -0.000154091
-1.1633e+09 -0.000154001
-1.16262e+09 -0.000153911
-1.16194e+09 -0.000153822
-1.16126e+09 -0.000153732
-1.16058e+09 -0.000153642
-1.1599e+09 -0.000153552
-1.15922e+09 -0.000153462
-1.15854e+09 -0.000153372
-1.15786e+09 -0.000153282
-1.15718e+09 -0.000153192
-1.1565e+09 -0.000153102
-1.15582e+09 -0.000153012
-1.15514e+09 -0.000152922
-1.15446e+09 -0.000152832
-1.15378e+09 -0.000152742
-1.1531e+09 -0.000152652
-1.15242e+09 -0.000152562
-1.15174e+09 -0.000152472
-1.15106e+09 -0.000152382
-1.15038e+09 -0.000152292
-1.1497e+09 -0.000152202
-1.14902e+09 -0.000152112
-1.14834e+09 -0.000152022
-1.14766e+09 -0.000151932
-1.14698e+09 -0.000151842
-1.1463e+09 -0.000151752
-1.14562e+09 -0.000151662
-1.14495e+09 -0.000151572
-1.14427e+09 -0.000151482
-1.14359e+09 -0.000151392
-1.14291e+09 -0.000151302
-1.14223e+09 -0.000151212
-1.14155e+09 -0.000151122
-1.14087e+09 -0.000151032
-1.14019e+09 -0.000150942
-1.13951e+09 -0.000150852
-1.13883e+09 -0.000150762
-1.13815e+09 -0.000150672
-1.13747e+09 -0.000150582
-1.13679e+09 -0.000150492
-1.13611e+09 -0.000150402
-1.13543e+09 -0.000150312
-1.13475e+09 -0.000150222
-1.13407e+09 -0.000150132
-1.13339e+09 -0.000150042
-1.13271e+09 -0.000149952
-1.13203e+09 -0.000149862
-1.13135e+09 -0.000149772
-1.13067e+09 -0.000149682
-1.12999e+09 -0.000149592
-1.12931e+09 -0.000149502
-1.12863e+09 -0.000149412
-1.12795e+09 -0.000149322
-1.12727e+09 -0.000149232
-1.12659e+09 -0.000149142
-1.12591e+09 -0.000149052
-1.12523e+09 -0.000148962
-1.12455e+09 -0.000148872
-1.12387e+09 -0.000148782
-1.12319e+09 -0.000148692
-1.12252e+09 -0.000148602
-1.12184e+09 -0.000148513
-1.12116e+09 -0.000148423
-1.12048e+09 -0.000148333
-1.1198e+09 -0.000148243
-1.11912e+09 -0.000148153
-1.11844e+09 -0.000148063
-1.11776e+09 -0.000147973
-1.11708e+09 -0.000147883
-1.1164e+09 -0.000147793
-1.11572e+09 -0.000147703
-1.11504e+09 -0.000147613
-1.11436e+09 -0.000147523
-1.11368e+09 -0.000147433
-1.113e+09 -0.000147343
-1.11232e+09 -0.000147253
-1.11164e+09 -0.000147163
-1.11096e+09 -0.000147073
-1.11028e+09 -0.000146983
-1.1096e+09 -0.000146893
-1.10892e+09 -0.000146803
-1.10824e+09 -0.000146713
-1.10756e+09 -0.000146623
-1.10688e+09 -0.000146533
-1.1062e+09 -0.000146443
-1.10552e+09 -0.000146353
-1.10484e+09 -0.000146263
-1.10416e+09 -0.000146173
-1.10349e+09 -0.000146083
-1.10281e+09 -0.000145993
-1.10213e+09 -0.000145903
-1.10145e+09 -0.000145813
-1.10077e+09 -0.000145723
-1.10009e+09 -0.000145633
-1.09941e+09 -0.000145543
-1.09873e+09 -0.000145453
-1.09805e+09 -0.000145363
-1.09737e+09 -0.000145274
-1.09669e+09 -0.000145184
-1.09601e+09 -0.000145094
-1.09533e+09 -0.000145004
-1.09465e+09 -0.000144914
-1.09397e+09 -0.000144824
-1.09329e+09 -0.000144734
-1.09261e+09 -0.000144644
-1.09193e+09 -0.000144554
-1.09125e+09 -0.000144464
-1.09057e+09 -0.000144374
-1.08989e+09 -0.000144284
-1.08921e+09 -0.000144194
-1.08853e+09 -0.000144104
-1.08785e+09 -0.000144014
-1.08718e+09 -0.000143924
-1.0865e+09 -0.000143834
-1.08582e+09 -0.000143744
-1.08514e+09 -0.000143654
-1.08446e+09 -0.000143564
-1.08378e+09 -0.000143474
-1.0831e+09 -0.000143384
-1.08242e+09 -0.000143294
-1.08174e+09 -0.000143204
-1.08106e+09 -0.000143114
-1.08038e+09 -0.000143024
-1.0797e+09 -0.000142934
-1.07902e+09 -0.000142844
-1.07834e+09 -0.000142755
-1.07766e+09 -0.000142665
-1.07698e+09 -0.000142575
-1.0763e+09 -0.000142485
-1.07562e+09 -0.000142395
-1.07494e+09 -0.000142305
-1.07426e+09 -0.000142215
-1.07358e+09 -0.000142125
-1.0729e+09 -0.000142035
-1.07222e+09 -0.000141945
-1.07155e+09 -0.000141855
-1.07087e+09 -0.000141765
-1.07019e+09 -0.000141675
-1.06951e+09 -0.000141585
-1.06883e+09 -0.000141495
-1.06815e+09 -0.000141405
-1.06747e+09 -0.000141315
-1.06679e+09 -0.000141225
-1.06611e+09 -0.000141135
-1.06543e+09 -0.000141045
-1.06475e+09 -0.000140955
-1.06407e+09 -0.000140865
-1.06339e+09 -0.000140775
-1.06271e+09 -0.000140685
-1.06203e+09 -0.000140596
-1.06135e+09 -0.000140506
-1.06067e+09 -0.000140416
-1.05999e+09 -0.000140326
-1.05931e+09 -0.000140236
-1.05863e+09 -0.000140146
-1.05795e+09 -0.000140056
-1.05728e+09 -0.000139966
-1.0566e+09 -0.000139876
-1.05592e+09 -0.000139786
-1.05524e+09 -0.000139696
-1.05456e+09 -0.000139606
-1.05388e+09 -0.000139516
-1.0532e+09 -0.000139426
-1.05252e+09 -0.000139336
-1.05184e+09 -0.000139246
-1.05116e+09 -0.000139156
-1.05048e+09 -0.000139066
-1.0498e+09 -0.000138976
-1.04912e+09 -0.000138886
-1.04844e+09 -0.000138796
-1.04776e+09 -0.000138706
-1.04708e+09 -0.000138617
-1.0464e+09 -0.000138527
-1.04572e+09 -0.000138437
-1.04504e+09 -0.000138347
-1.04437e+09 -0.000138257
-1.04369e+09 -0.000138167
-1.04301e+09 -0.000138077
-1.04233e+09 -0.000137987
-1.04165e+09 -0.000137897
-1.04097e+09 -0.000137807
-1.04029e+09 -0.000137717
-1.03961e+09 -0.000137627
-1.03893e+09 -0.000137537
-1.03825e+09 -0.000137447
-1.03757e+09 -0.000137357
-1.03689e+09 -0.000137267
-1.03621e+09 -0.000137177
-1.03553e+09 -0.000137087
-1.03485e+09 -0.000136997
-1.03417e+09 -0.000136907
-1.03349e+09 -0.000136818
-1.03281e+09 -0.000136728
-1.03214e+09 -0.000136638
-1.03146e+09 -0.000136548
-1.03078e+09 -0.000136458
-1.0301e+09 -0.000136368
-1.02942e+09 -0.000136278
-1.02874e+09 -0.000136188
-1.02806e+09 -0.000136098
-1.02738e+09 -0.000136008
-1.0267e+09 -0.000135918
-1.02602e+09 -0.000135828
-1.02534e+09 -0.000135738
-1.02466e+09 -0.000135648
-1.02398e+09 -0.000135558
-1.0233e+09 -0.000135468
-1.02262e+09 -0.000135378
-1.02194e+09 -0.000135288
-1.02126e+09 -0.000135199
-1.02058e+09 -0.000135109
-1.01991e+09 -0.000135019
-1.01923e+09 -0.000134929
-1.01855e+09 -0.000134839
-1.01787e+09 -0.000134749
-1.01719e+09 -0.000134659
-1.01651e+09 -0.000134569
-1.01583e+09 -0.000134479
-1.01515e+09 -0.000134389
-1.01447e+09 -0.000134299
-1.01379e+09 -0.000134209
-1.01311e+09 -0.000134119
-1.01243e+09 -0.000134029
-1.01175e+09 -0.000133939
-1.01107e+09 -0.000133849
-1.01039e+09 -0.000133759
-1.00971e+09 -0.00013367
-1.00904e+09 -0.00013358
-1.00836e+09 -0.00013349
-1.00768e+09 -0.0001334
-1.007e+09 -0.00013331
-1.00632e+09 -0.00013322
-1.00564e+09 -0.00013313
-1.00496e+09 -0.00013304
-1.00428e+09 -0.00013295
-1.0036e+09 -0.00013286
-1.00292e+09 -0.00013277
-1.00224e+09 -0.00013268
-1.00156e+09 -0.00013259
-1.00088e+09 -0.0001325
-1.0002e+09 -0.00013241
-9.99524e+08 -0.00013232
-9.98845e+08 -0.000132231
-9.98165e+08 -0.000132141
-9.97486e+08 -0.000132051
-9.96807e+08 -0.000131961
-9.96127e+08 -0.000131871
-9.95448e+08 -0.000131781
-9.94769e+08 -0.000131691
-9.94089e+08 -0.000131601
-9.9341e+08 -0.000131511
-9.92731e+08 -0.000131421
-9.92051e+08 -0.000131331
-9.91372e+08 -0.000131241
-9.90693e+08 -0.000131151
-9.90013e+08 -0.000131061
-9.89334e+08 -0.000130971
-9.88655e+08 -0.000130882
-9.87975e+08 -0.000130792
-9.87296e+08 -0.000130702
-9.86617e+08 -0.000130612
-9.85937e+08 -0.000130522
-9.85258e+08 -0.000130432
-9.84579e+08 -0.000130342
-9.83899e+08 -0.000130252
-9.8322e+08 -0.000130162
-9.82541e+08 -0.000130072
-9.81861e+08 -0.000129982
-9.81182e+08 -0.000129892
-9.80503e+08 -0.000129802
-9.79824e+08 -0.000129712
-9.79144e+08 -0.000129623
-9.78465e+08 -0.000129533
-9.77786e+08 -0.000129443
-9.77106e+08 -0.000129353
-9.76427e+08 -0.000129263
-9.75748e+08 -0.000129173
-9.75068e+08 -0.000129083
-9.74389e+08 -0.000128993
-9.7371e+08 -0.000128903
-9.73031e+08 -0.000128813
-9.72351e+08 -0.000128723
-9.71672e+08 -0.000128633
-9.70993e+08 -0.000128543
-9.70313e+08 -0.000128453
-9.69634e+08 -0.000128364
-9.68955e+08 -0.000128274
-9.68276e+08 -0.000128184
-9.67596e+08 -0.000128094
-9.66917e+08 -0.000128004
-9.66238e+08 -0.000127914
-9.65559e+08 -0.000127824
-9.64879e+08 -0.000127734
-9.642e+08 -0.000127644
-9.63521e+08 -0.000127554
-9.62841e+08 -0.000127464
-9.62162e+08 -0.000127374
-9.61483e+08 -0.000127284
-9.60804e+08 -0.000127195
-9.60124e+08 -0.000127105
-9.59445e+08 -0.000127015
-9.58766e+08 -0.000126925
-9.58087e+08 -0.000126835
-9.57407e+08 -0.000126745
-9.56728e+08 -0.000126655
-9.56049e+08 -0.000126565
-9.5537e+08 -0.000126475
-9.5469e+08 -0.000126385
-9.54011e+08 -0.000126295
-9.53332e+08 -0.000126205
-9.52653e+08 -0.000126116
-9.51974e+08 -0.000126026
-9.51294e+08 -0.000125936
-9.50615e+08 -0.000125846
-9.49936e+08 -0.000125756
-9.49257e+08 -0.000125666
-9.48577e+08 -0.000125576
-9.47898e+08 -0.000125486
-9.47219e+08 -0.000125396
-9.4654e+08 -0.000125306
-9.4586e+08 -0.000125216
-9.45181e+08 -0.000125126
-9.44502e+08 -0.000125036
-9.43823e+08 -0.000124947
-9.43144e+08 -0.000124857
-9.42464e+08 -0.000124767
-9.41785e+08 -0.000124677
-9.41106e+08 -0.000124587
-9.40427e+08 -0.000124497
-9.39748e+08 -0.000124407
-9.39068e+08 -0.000124317
-9.38389e+08 -0.000124227
-9.3771e+08 -0.000124137
-9.37031e+08 -0.000124047
-9.36352e+08 -0.000123958
-9.35672e+08 -0.000123868
-9.34993e+08 -0.000123778
-9.34314e+08 -0.000123688
-9.33635e+08 -0.000123598
-9.32956e+08 -0.000123508
-9.32276e+08 -0.000123418
-9.31597e+08 -0.000123328
-9.30918e+08 -0.000123238
-9.30239e+08 -0.000123148
-9.2956e+08 -0.000123058
-9.28881e+08 -0.000122968
-9.28201e+08 -0.000122879
-9.27522e+08 -0.000122789
-9.26843e+08 -0.000122699
-9.26164e+08 -0.000122609
-9.25485e+08 -0.000122519
-9.24806e+08 -0.000122429
-9.24126e+08 -0.000122339
-9.23447e+08 -0.000122249
-9.22768e+08 -0.000122159
-9.22089e+08 -0.000122069
-9.2141e+08 -0.000121979
-9.20731e+08 -0.00012189
-9.20051e+08 -0.0001218
-9.19372e+08 -0.00012171
-9.18693e+08 -0.00012162
-9.18014e+08 -0.00012153
-9.17335e+08 -0.00012144
-9.16656e+08 -0.00012135
-9.15977e+08 -0.00012126
-9.15297e+08 -0.00012117
-9.14618e+08 -0.00012108
-9.13939e+08 -0.00012099
-9.1326e+08 -0.000120901
-9.12581e+08 -0.000120811
-9.11902e+08 -0.000120721
-9.11223e+08 -0.000120631
-9.10543e+08 -0.000120541
-9.09864e+08 -0.000120451
-9.09185e+08 -0.000120361
-9.08506e+08 -0.000120271
-9.07827e+08 -0.000120181
-9.07148e+08 -0.000120091
-9.06469e+08 -0.000120002
-9.0579e+08 -0.000119912
-9.0511e+08 -0.000119822
-9.04431e+08 -0.000119732
-9.03752e+08 -0.000119642
-9.03073e+08 -0.000119552
-9.02394e+08 -0.000119462
-9.01715e+08 -0.000119372
-9.01036e+08 -0.000119282
-9.00357e+08 -0.000119192
-8.99678e+08 -0.000119102
-8.98999e+08 -0.000119013
-8.98319e+08 -0.000118923
-8.9764e+08 -0.000118833
-8.96961e+08 -0.000118743
-8.96282e+08 -0.000118653
-8.95603e+08 -0.000118563
-8.94924e+08 -0.000118473
-8.94245e+08 -0.000118383
-8.93566e+08 -0.000118293
-8.92887e+08 -0.000118203
-8.92208e+08 -0.000118114
-8.91529e+08 -0.000118024
-8.90849e+08 -0.000117934
-8.9017e+08 -0.000117844
-8.89491e+08 -0.000117754
-8.88812e+08 -0.000117664
-8.88133e+08 -0.000117574
-8.87454e+08 -0.000117484
-8.86775e+08 -0.000117394
-8.86096e+08 -0.000117304
-8.85417e+08 -0.000117215
-8.84738e+08 -0.000117125
-8.84059e+08 -0.000117035
-8.8338e+08 -0.000116945
-8.82701e+08 -0.000116855
-8.82022e+08 -0.000116765
-8.81342e+08 -0.000116675
-8.80663e+08 -0.000116585
-8.79984e+08 -0.000116495
-8.79305e+08 -0.000116406
-8.78626e+08 -0.000116316
-8.77947e+08 -0.000116226
-8.77268e+08 -0.000116136
-8.76589e+08 -0.000116046
-8.7591e+08 -0.000115956
-8.75231e+08 -0.000115866
-8.74552e+08 -0.000115776
-8.73873e+08 -0.000115686
-8.73194e+08 -0.000115596
-8.72515e+08 -0.000115507
-8.71836e+08 -0.000115417
-8.71157e+08 -0.000115327
-8.70478e+08 -0.000115237
-8.69799e+08 -0.000115147
-8.6912e+08 -0.000115057
-8.68441e+08 -0.000114967
-8.67762e+08 -0.000114877
-8.67083e+08 -0.000114787
-8.66404e+08 -0.000114698
-8.65725e+08 -0.000114608
-8.65046e+08 -0.000114518
-8.64367e+08 -0.000114428
-8.63688e+08 -0.000114338
-8.63009e+08 -0.000114248
-8.6233e+08 -0.000114158
-8.61651e+08 -0.000114068
-8.60972e+08 -0.000113978
-8.60293e+08 -0.000113889
-8.59614e+08 -0.000113799
-8.58935e+08 -0.000113709
-8.58256e+08 -0.000113619
-8.57577e+08 -0.000113529
-8.56898e+08 -0.000113439
-8.56219e+08 -0.000113349
-8.5554e+08 -0.000113259
-8.54861e+08 -0.000113169
-8.54182e+08 -0.00011308
-8.53503e+08 -0.00011299
-8.52824e+08 -0.0001129
-8.52145e+08 -0.00011281
-8.51466e+08 -0.00011272
-8.50787e+08 -0.00011263
-8.50108e+08 -0.00011254
-8.49429e+08 -0.00011245
-8.4875e+08 -0.00011236
-8.48071e+08 -0.000112271
-8.47392e+08 -0.000112181
-8.46713e+08 -0.000112091
-8.46034e+08 -0.000112001
-8.45355e+08 -0.000111911
-8.44676e+08 -0.000111821
-8.43997e+08 -0.000111731
-8.43318e+08 -0.000111641
-8.42639e+08 -0.000111552
-8.4196e+08 -0.000111462
-8.41281e+08 -0.000111372
-8.40602e+08 -0.000111282
-8.39923e+08 -0.000111192
-8.39244e+08 -0.000111102
-8.38565e+08 -0.000111012
-8.37886e+08 -0.000110922
-8.37207e+08 -0.000110832
-8.36529e+08 -0.000110743
-8.3585e+08 -0.000110653
-8.35171e+08 -0.000110563
-8.34492e+08 -0.000110473
-8.33813e+08 -0.000110383
-8.33134e+08 -0.000110293
-8.32455e+08 -0.000110203
-8.31776e+08 -0.000110113
-8.31097e+08 -0.000110024
-8.30418e+08 -0.000109934
-8.29739e+08 -0.000109844
-8.2906e+08 -0.000109754
-8.28381e+08 -0.000109664
-8.27702e+08 -0.000109574
-8.27024e+08 -0.000109484
-8.26345e+08 -0.000109394
-8.25666e+08 -0.000109305
-8.24987e+08 -0.000109215
-8.24308e+08 -0.000109125
-8.23629e+08 -0.000109035
-8.2295e+08 -0.000108945
-8.22271e+08 -0.000108855
-8.21592e+08 -0.000108765
-8.20913e+08 -0.000108675
-8.20234e+08 -0.000108586
-8.19556e+08 -0.000108496
-8.18877e+08 -0.000108406
-8.18198e+08 -0.000108316
-8.17519e+08 -0.000108226
-8.1684e+08 -0.000108136
-8.16161e+08 -0.000108046
-8.15482e+08 -0.000107956
-8.14803e+08 -0.000107867
-8.14124e+08 -0.000107777
-8.13445e+08 -0.000107687
-8.12767e+08 -0.000107597
-8.12088e+08 -0.000107507
-8.11409e+08 -0.000107417
-8.1073e+08 -0.000107327
-8.10051e+08 -0.000107237
-8.09372e+08 -0.000107148
-8.08693e+08 -0.000107058
-8.08014e+08 -0.000106968
-8.07336e+08 -0.000106878
-8.06657e+08 -0.000106788
-8.05978e+08 -0.000106698
-8.05299e+08 -0.000106608
-8.0462e+08 -0.000106518
-8.03941e+08 -0.000106429
-8.03262e+08 -0.000106339
-8.02584e+08 -0.000106249
-8.01905e+08 -0.000106159
-8.01226e+08 -0.000106069
-8.00547e+08 -0.000105979
-7.99868e+08 -0.000105889
-7.99189e+08 -0.000105799
-7.9851e+08 -0.00010571
-7.97832e+08 -0.00010562
-7.97153e+08 -0.00010553
-7.96474e+08 -0.00010544
-7.95795e+08 -0.00010535
-7.95116e+08 -0.00010526
-7.94437e+08 -0.00010517
-7.93759e+08 -0.000105081
-7.9308e+08 -0.000104991
-7.92401e+08 -0.000104901
-7.91722e+08 -0.000104811
-7.91043e+08 -0.000104721
-7.90364e+08 -0.000104631
-7.89686e+08 -0.000104541
-7.89007e+08 -0.000104451
-7.88328e+08 -0.000104362
-7.87649e+08 -0.000104272
-7.8697e+08 -0.000104182
-7.86291e+08 -0.000104092
-7.85613e+08 -0.000104002
-7.84934e+08 -0.000103912
-7.84255e+08 -0.000103822
-7.83576e+08 -0.000103733
-7.82897e+08 -0.000103643
-7.82219e+08 -0.000103553
-7.8154e+08 -0.000103463
-7.80861e+08 -0.000103373
-7.80182e+08 -0.000103283
-7.79503e+08 -0.000103193
-7.78825e+08 -0.000103104
-7.78146e+08 -0.000103014
-7.77467e+08 -0.000102924
-7.76788e+08 -0.000102834
-7.76109e+08 -0.000102744
-7.75431e+08 -0.000102654
-7.74752e+08 -0.000102564
-7.74073e+08 -0.000102475
-7.73394e+08 -0.000102385
-7.72716e+08 -0.000102295
-7.72037e+08 -0.000102205
-7.71358e+08 -0.000102115
-7.70679e+08 -0.000102025
-7.7e+08 -0.000101935
-7.69322e+08 -0.000101845
-7.68643e+08 -0.000101756
-7.67964e+08 -0.000101666
-7.67285e+08 -0.000101576
-7.66607e+08 -0.000101486
-7.65928e+08 -0.000101396
-7.65249e+08 -0.000101306
-7.6457e+08 -0.000101216
-7.63891e+08 -0.000101127
-7.63213e+08 -0.000101037
-7.62534e+08 -0.000100947
-7.61855e+08 -0.000100857
-7.61176e+08 -0.000100767
-7.60498e+08 -0.000100677
-7.59819e+08 -0.000100587
-7.5914e+08 -0.000100498
-7.58461e+08 -0.000100408
-7.57783e+08 -0.000100318
-7.57104e+08 -0.000100228
-7.56425e+08 -0.000100138
-7.55747e+08 -0.000100048
-7.55068e+08 -9.99585e-05
-7.54389e+08 -9.98687e-05
-7.5371e+08 -9.97788e-05
-7.53032e+08 -9.9689e-05
-7.52353e+08 -9.95991e-05
-7.51674e+08 -9.95093e-05
-7.50995e+08 -9.94194e-05
-7.50317e+08 -9.93295e-05
-7.49638e+08 -9.92397e-05
-7.48959e+08 -9.91498e-05
-7.4828e+08 -9.906e-05
-7.47602e+08 -9.89701e-05
-7.46923e+08 -9.88803e-05
-7.46244e+08 -9.87904e-05
-7.45566e+08 -9.87006e-05
-7.44887e+08 -9.86107e-05
-7.44208e+08 -9.85209e-05
-7.4353e+08 -9.8431e-05
-7.42851e+08 -9.83412e-05
-7.42172e+08 -9.82513e-05
-7.41493e+08 -9.81615e-05
-7.40815e+08 -9.80716e-05
-7.40136e+08 -9.79818e-05
-7.39457e+08 -9.78919e-05
-7.38779e+08 -9.78021e-05
-7.381e+08 -9.77123e-05
-7.37421e+08 -9.76224e-05
-7.36743e+08 -9.75326e-05
-7.36064e+08 -9.74427e-05
-7.35385e+08 -9.73529e-05
-7.34706e+08 -9.7263e-05
-7.34028e+08 -9.71732e-05
-7.33349e+08 -9.70833e-05
-7.3267e+08 -9.69935e-05
-7.31992e+08 -9.69036e-05
-7.31313e+08 -9.68138e-05
-7.30634e+08 -9.67239e-05
-7.29956e+08 -9.66341e-05
-7.29277e+08 -9.65442e-05
-7.28598e+08 -9.64544e-05
-7.2792e+08 -9.63646e-05
-7.27241e+08 -9.62747e-05
-7.26562e+08 -9.61849e-05
-7.25884e+08 -9.6095e-05
-7.25205e+08 -9.60052e-05
-7.24526e+08 -9.59153e-05
-7.23848e+08 -9.58255e-05
-7.23169e+08 -9.57357e-05
-7.2249e+08 -9.56458e-05
-7.21812e+08 -9.5556e-05
-7.21133e+08 -9.54661e-05
-7.20454e+08 -9.53763e-05
-7.19776e+08 -9.52864e-05
-7.19097e+08 -9.51966e-05
-7.18418e+08 -9.51068e-05
-7.1774e+08 -9.50169e-05
-7.17061e+08 -9.49271e-05
-7.16383e+08 -9.48372e-05
-7.15704e+08 -9.47474e-05
-7.15025e+08 -9.46576e-05
-7.14347e+08 -9.45677e-05
-7.13668e+08 -9.44779e-05
-7.12989e+08 -9.4388e-05
-7.12311e+08 -9.42982e-05
-7.11632e+08 -9.42084e-05
-7.10954e+08 -9.41185e-05
-7.10275e+08 -9.40287e-05
-7.09596e+08 -9.39388e-05
-7.08918e+08 -9.3849e-05
-7.08239e+08 -9.37592e-05
-7.0756e+08 -9.36693e-05
-7.06882e+08 -9.35795e-05
-7.06203e+08 -9.34896e-05
-7.05525e+08 -9.33998e-05
-7.04846e+08 -9.331e-05
-7.04167e+08 -9.32201e-05
-7.03489e+08 -9.31303e-05
-7.0281e+08 -9.30405e-05
-7.02132e+08 -9.29506e-05
-7.01453e+08 -9.28608e-05
-7.00774e+08 -9.2771e-05
-7.00096e+08 -9.26811e-05
-6.99417e+08 -9.25913e-05
-6.98739e+08 -9.25015e-05
-6.9806e+08 -9.24116e-05
-6.97381e+08 -9.23218e-05
-6.96703e+08 -9.22319e-05
-6.96024e+08 -9.21421e-05
-6.95346e+08 -9.20523e-05
-6.94667e+08 -9.19624e-05
-6.93988e+08 -9.18726e-05
-6.9331e+08 -9.17828e-05
-6.92631e+08 -9.16929e-05
-6.91953e+08 -9.16031e-05
-6.91274e+08 -9.15133e-05
-6.90596e+08 -9.14235e-05
-6.89917e+08 -9.13336e-05
-6.89238e+08 -9.12438e-05
-6.8856e+08 -9.1154e-05
-6.87881e+08 -9.10641e-05
-6.87203e+08 -9.09743e-05
-6.86524e+08 -9.08845e-05
-6.85846e+08 -9.07946e-05
-6.85167e+08 -9.07048e-05
-6.84488e+08 -9.0615e-05
-6.8381e+08 -9.05251e-05
-6.83131e+08 -9.04353e-05
-6.82453e+08 -9.03455e-05
-6.81774e+08 -9.02557e-05
-6.81096e+08 -9.01658e-05
-6.80417e+08 -9.0076e-05
-6.79739e+08 -8.99862e-05
-6.7906e+08 -8.98963e-05
-6.78381e+08 -8.98065e-05
-6.77703e+08 -8.97167e-05
-6.77024e+08 -8.96269e-05
-6.76346e+08 -8.9537e-05
-6.75667e+08 -8.94472e-05
-6.74989e+08 -8.93574e-05
-6.7431e+08 -8.92676e-05
-6.73632e+08 -8.91777e-05
-6.72953e+08 -8.90879e-05
-6.72275e+08 -8.89981e-05
-6.71596e+08 -8.89082e-05
-6.70918e+08 -8.88184e-05
-6.70239e+08 -8.87286e-05
-6.69561e+08 -8.86388e-05
-6.68882e+08 -8.85489e-05
-6.68204e+08 -8.84591e-05
-6.67525e+08 -8.83693e-05
-6.66846e+08 -8.82795e-05
-6.66168e+08 -8.81896e-05
-6.65489e+08 -8.80998e-05
-6.64811e+08 -8.801e-05
-6.64132e+08 -8.79202e-05
-6.63454e+08 -8.78304e-05
-6.62775e+08 -8.77405e-05
-6.62097e+08 -8.76507e-05
-6.61418e+08 -8.75609e-05
-6.6074e+08 -8.74711e-05
-6.60061e+08 -8.73812e-05
