0.222904 5.77983e-14
0.472069 1.22406e-13
0.761058 1.9734e-13
1.10754 2.87182e-13
1.53476 3.9796e-13
2.07311 5.37552e-13
2.76456 7.16843e-13
3.66681 9.50794e-13
4.86003 1.26019e-12
6.46184 1.67554e-12
-393162 -1.01946e-07
-786317 -2.0389e-07
-1.17948e+06 -3.05836e-07
-1.57262e+06 -4.07777e-07
-1.96579e+06 -5.09725e-07
-2.35893e+06 -6.11666e-07
-2.75203e+06 -7.13596e-07
-3.14522e+06 -8.15546e-07
-3.53838e+06 -9.17492e-07
-3.93149e+06 -1.01942e-06
-4.32462e+06 -1.12136e-06
-4.71774e+06 -1.2233e-06
-5.11087e+06 -1.32524e-06
-5.50398e+06 -1.42717e-06
-5.8971e+06 -1.5291e-06
-6.29024e+06 -1.63104e-06
-6.68333e+06 -1.73297e-06
-7.07643e+06 -1.8349e-06
-7.46953e+06 -1.93683e-06
-7.86263e+06 -2.03876e-06
-8.25573e+06 -2.14069e-06
-8.64883e+06 -2.24262e-06
-9.0419e+06 -2.34454e-06
-9.43502e+06 -2.44648e-06
-9.82808e+06 -2.5484e-06
-1.02212e+07 -2.65032e-06
-1.06143e+07 -2.75225e-06
-1.10073e+07 -2.85417e-06
-1.14004e+07 -2.95609e-06
-1.17935e+07 -3.05801e-06
-1.21865e+07 -3.15993e-06
-1.25796e+07 -3.26185e-06
-1.29726e+07 -3.36377e-06
-1.33657e+07 -3.46569e-06
-1.37587e+07 -3.5676e-06
-1.41518e+07 -3.66952e-06
-1.45448e+07 -3.77143e-06
-1.49378e+07 -3.87334e-06
-1.53309e+07 -3.97526e-06
-1.57239e+07 -4.07717e-06
-1.6117e+07 -4.17909e-06
-1.651e+07 -4.28099e-06
-1.6903e+07 -4.3829e-06
-1.7296e+07 -4.48481e-06
-1.7689e+07 -4.58672e-06
-1.8082e+07 -4.68862e-06
-1.8475e+07 -4.79053e-06
-1.88681e+07 -4.89244e-06
-1.9261e+07 -4.99434e-06
-1.9654e+07 -5.09624e-06
-2.0047e+07 -5.19814e-06
-2.044e+07 -5.30004e-06
-2.0833e+07 -5.40194e-06
-2.1226e+07 -5.50384e-06
-2.1619e+07 -5.60574e-06
-2.20119e+07 -5.70764e-06
-2.24049e+07 -5.80953e-06
-2.27979e+07 -5.91144e-06
-2.31909e+07 -6.01333e-06
-2.35838e+07 -6.11522e-06
-2.39768e+07 -6.21712e-06
-2.43697e+07 -6.31901e-06
-2.47627e+07 -6.4209e-06
-2.51556e+07 -6.52279e-06
-2.55486e+07 -6.62468e-06
-2.59415e+07 -6.72657e-06
-2.63345e+07 -6.82846e-06
-2.67274e+07 -6.93034e-06
-2.71203e+07 -7.03223e-06
-2.75133e+07 -7.13412e-06
-2.79062e+07 -7.236e-06
-2.82991e+07 -7.33788e-06
-2.8692e+07 -7.43977e-06
-2.90849e+07 -7.54165e-06
-2.94778e+07 -7.64353e-06
-2.98708e+07 -7.74541e-06
-3.02637e+07 -7.84729e-06
-3.06565e+07 -7.94916e-06
-3.10495e+07 -8.05104e-06
-3.14423e+07 -8.15292e-06
-3.18352e+07 -8.2548e-06
-3.22281e+07 -8.35667e-06
-3.2621e+07 -8.45854e-06
-3.30139e+07 -8.56042e-06
-3.34068e+07 -8.66229e-06
-3.37997e+07 -8.76417e-06
-3.41925e+07 -8.86603e-06
-3.45854e+07 -8.9679e-06
-3.49782e+07 -9.06975e-06
-3.53711e+07 -9.17164e-06
-3.5764e+07 -9.2735e-06
-3.61568e+07 -9.37537e-06
-3.65497e+07 -9.47724e-06
-3.69425e+07 -9.5791e-06
-3.73353e+07 -9.68096e-06
-3.77282e+07 -9.78283e-06
-3.8121e+07 -9.88468e-06
-3.85139e+07 -9.98655e-06
-3.89067e+07 -1.00884e-05
-3.92995e+07 -1.01903e-05
-3.96923e+07 -1.02921e-05
-4.00851e+07 -1.0394e-05
-4.0478e+07 -1.04958e-05
-4.08708e+07 -1.05977e-05
-4.12636e+07 -1.06995e-05
-4.16564e+07 -1.08014e-05
-4.20492e+07 -1.09033e-05
-4.2442e+07 -1.10051e-05
-4.28348e+07 -1.1107e-05
-4.32276e+07 -1.12088e-05
-4.36204e+07 -1.13107e-05
-4.40131e+07 -1.14125e-05
-4.44059e+07 -1.15143e-05
-4.47987e+07 -1.16162e-05
-4.51915e+07 -1.1718e-05
-4.55842e+07 -1.18199e-05
-4.5977e+07 -1.19217e-05
-4.63698e+07 -1.20236e-05
-4.67626e+07 -1.21254e-05
-4.71553e+07 -1.22273e-05
-4.75481e+07 -1.23291e-05
-4.79408e+07 -1.24309e-05
-4.83336e+07 -1.25328e-05
-4.87263e+07 -1.26346e-05
-4.9119e+07 -1.27364e-05
-4.95118e+07 -1.28383e-05
-4.99045e+07 -1.29401e-05
-5.02972e+07 -1.30419e-05
-5.069e+07 -1.31438e-05
-5.10827e+07 -1.32456e-05
-5.14754e+07 -1.33474e-05
-5.18681e+07 -1.34493e-05
-5.22608e+07 -1.35511e-05
-5.26536e+07 -1.36529e-05
-5.30462e+07 -1.37548e-05
-5.34389e+07 -1.38566e-05
-5.38316e+07 -1.39584e-05
-5.42243e+07 -1.40602e-05
-5.4617e+07 -1.41621e-05
-5.50097e+07 -1.42639e-05
-5.54024e+07 -1.43657e-05
-5.57951e+07 -1.44675e-05
-5.61878e+07 -1.45693e-05
-5.65804e+07 -1.46712e-05
-5.69731e+07 -1.4773e-05
-5.73658e+07 -1.48748e-05
-5.77584e+07 -1.49766e-05
-5.81511e+07 -1.50784e-05
-5.85438e+07 -1.51803e-05
-5.89364e+07 -1.52821e-05
-5.93291e+07 -1.53839e-05
-5.97217e+07 -1.54857e-05
-6.01144e+07 -1.55875e-05
-6.0507e+07 -1.56893e-05
-6.08996e+07 -1.57911e-05
-6.12923e+07 -1.58929e-05
-6.16849e+07 -1.59947e-05
-6.20775e+07 -1.60965e-05
-6.24702e+07 -1.61984e-05
-6.28628e+07 -1.63002e-05
-6.32554e+07 -1.6402e-05
-6.3648e+07 -1.65038e-05
-6.40406e+07 -1.66056e-05
-6.44332e+07 -1.67074e-05
-6.48258e+07 -1.68092e-05
-6.52184e+07 -1.6911e-05
-6.5611e+07 -1.70128e-05
-6.60036e+07 -1.71146e-05
-6.63962e+07 -1.72164e-05
-6.67888e+07 -1.73182e-05
-6.71814e+07 -1.742e-05
-6.75739e+07 -1.75218e-05
-6.79665e+07 -1.76236e-05
-6.83591e+07 -1.77253e-05
-6.87516e+07 -1.78271e-05
-6.91442e+07 -1.79289e-05
-6.95368e+07 -1.80307e-05
-6.99293e+07 -1.81325e-05
-7.03219e+07 -1.82343e-05
-7.07144e+07 -1.83361e-05
-7.1107e+07 -1.84379e-05
-7.14995e+07 -1.85396e-05
-7.18921e+07 -1.86414e-05
-7.22846e+07 -1.87432e-05
-7.26772e+07 -1.8845e-05
-7.30697e+07 -1.89468e-05
-7.34622e+07 -1.90486e-05
-7.38547e+07 -1.91503e-05
-7.42473e+07 -1.92521e-05
-7.46398e+07 -1.93539e-05
-7.50323e+07 -1.94557e-05
-7.54248e+07 -1.95575e-05
-7.58173e+07 -1.96592e-05
-7.62098e+07 -1.9761e-05
-7.66023e+07 -1.98628e-05
-7.69948e+07 -1.99646e-05
-7.73873e+07 -2.00663e-05
-7.77798e+07 -2.01681e-05
-7.81723e+07 -2.02699e-05
-7.85647e+07 -2.03716e-05
-7.89572e+07 -2.04734e-05
-7.93497e+07 -2.05752e-05
-7.97422e+07 -2.06769e-05
-8.01347e+07 -2.07787e-05
-8.05271e+07 -2.08805e-05
-8.09196e+07 -2.09822e-05
-8.1312e+07 -2.1084e-05
-8.17045e+07 -2.11858e-05
-8.20969e+07 -2.12875e-05
-8.24894e+07 -2.13893e-05
-8.28818e+07 -2.14911e-05
-8.32743e+07 -2.15928e-05
-8.36667e+07 -2.16946e-05
-8.40591e+07 -2.17963e-05
-8.44516e+07 -2.18981e-05
-8.4844e+07 -2.19998e-05
-8.52364e+07 -2.21016e-05
-8.56289e+07 -2.22033e-05
-8.60213e+07 -2.23051e-05
-8.64137e+07 -2.24069e-05
-8.68061e+07 -2.25086e-05
-8.71985e+07 -2.26104e-05
-8.75909e+07 -2.27121e-05
-8.79833e+07 -2.28139e-05
-8.83757e+07 -2.29156e-05
-8.87681e+07 -2.30173e-05
-8.91605e+07 -2.31191e-05
-8.95529e+07 -2.32208e-05
-8.99453e+07 -2.33226e-05
-9.03377e+07 -2.34243e-05
-9.073e+07 -2.35261e-05
-9.11224e+07 -2.36278e-05
-9.15148e+07 -2.37295e-05
-9.19071e+07 -2.38313e-05
-9.22995e+07 -2.3933e-05
-9.26919e+07 -2.40348e-05
-9.30842e+07 -2.41365e-05
-9.34766e+07 -2.42382e-05
-9.38689e+07 -2.434e-05
-9.42613e+07 -2.44417e-05
-9.46536e+07 -2.45434e-05
-9.50459e+07 -2.46452e-05
-9.54383e+07 -2.47469e-05
-9.58306e+07 -2.48486e-05
-9.62229e+07 -2.49504e-05
-9.66153e+07 -2.50521e-05
-9.70076e+07 -2.51538e-05
-9.73999e+07 -2.52555e-05
-9.77922e+07 -2.53573e-05
-9.81845e+07 -2.5459e-05
-9.85768e+07 -2.55607e-05
-9.89691e+07 -2.56624e-05
-9.93614e+07 -2.57642e-05
-9.97538e+07 -2.58659e-05
-1.00146e+08 -2.59676e-05
-1.00538e+08 -2.60693e-05
-1.00931e+08 -2.61711e-05
-1.01323e+08 -2.62728e-05
-1.01715e+08 -2.63745e-05
-1.02107e+08 -2.64762e-05
-1.025e+08 -2.65779e-05
-1.02892e+08 -2.66796e-05
-1.03284e+08 -2.67814e-05
-1.03677e+08 -2.68831e-05
-1.04069e+08 -2.69848e-05
-1.04461e+08 -2.70865e-05
-1.04853e+08 -2.71882e-05
-1.05246e+08 -2.72899e-05
-1.05638e+08 -2.73916e-05
-1.0603e+08 -2.74933e-05
-1.06422e+08 -2.7595e-05
-1.06815e+08 -2.76967e-05
-1.07207e+08 -2.77984e-05
-1.07599e+08 -2.79001e-05
-1.07991e+08 -2.80018e-05
-1.08383e+08 -2.81035e-05
-1.08776e+08 -2.82052e-05
-1.09168e+08 -2.83069e-05
-1.0956e+08 -2.84086e-05
-1.09952e+08 -2.85103e-05
-1.10344e+08 -2.8612e-05
-1.10737e+08 -2.87137e-05
-1.11129e+08 -2.88154e-05
-1.11521e+08 -2.89171e-05
-1.11913e+08 -2.90188e-05
-1.12305e+08 -2.91205e-05
-1.12698e+08 -2.92222e-05
-1.1309e+08 -2.93239e-05
-1.13482e+08 -2.94256e-05
-1.13874e+08 -2.95273e-05
-1.14266e+08 -2.9629e-05
-1.14659e+08 -2.97307e-05
-1.15051e+08 -2.98323e-05
-1.15443e+08 -2.9934e-05
-1.15835e+08 -3.00357e-05
-1.16227e+08 -3.01374e-05
-1.16619e+08 -3.02391e-05
-1.17011e+08 -3.03408e-05
-1.17404e+08 -3.04425e-05
-1.17796e+08 -3.05441e-05
-1.18188e+08 -3.06458e-05
-1.1858e+08 -3.07475e-05
-1.18972e+08 -3.08492e-05
-1.19364e+08 -3.09509e-05
-1.19756e+08 -3.10525e-05
-1.20149e+08 -3.11542e-05
-1.20541e+08 -3.12559e-05
-1.20933e+08 -3.13576e-05
-1.21325e+08 -3.14592e-05
-1.21717e+08 -3.15609e-05
-1.22109e+08 -3.16626e-05
-1.22501e+08 -3.17642e-05
-1.22893e+08 -3.18659e-05
-1.23285e+08 -3.19676e-05
-1.23677e+08 -3.20692e-05
-1.2407e+08 -3.21709e-05
-1.24462e+08 -3.22726e-05
-1.24854e+08 -3.23742e-05
-1.25246e+08 -3.24759e-05
-1.25638e+08 -3.25776e-05
-1.2603e+08 -3.26792e-05
-1.26422e+08 -3.27809e-05
-1.26814e+08 -3.28826e-05
-1.27206e+08 -3.29842e-05
-1.27598e+08 -3.30859e-05
-1.2799e+08 -3.31875e-05
-1.28382e+08 -3.32892e-05
-1.28774e+08 -3.33908e-05
-1.29166e+08 -3.34925e-05
-1.29558e+08 -3.35941e-05
-1.2995e+08 -3.36958e-05
-1.30342e+08 -3.37975e-05
-1.30734e+08 -3.38991e-05
-1.31126e+08 -3.40008e-05
-1.31518e+08 -3.41024e-05
-1.31911e+08 -3.42041e-05
-1.32303e+08 -3.43057e-05
-1.32695e+08 -3.44073e-05
-1.33087e+08 -3.4509e-05
-1.33479e+08 -3.46106e-05
-1.33871e+08 -3.47123e-05
-1.34263e+08 -3.48139e-05
-1.34655e+08 -3.49156e-05
-1.35047e+08 -3.50172e-05
-1.35438e+08 -3.51189e-05
-1.3583e+08 -3.52205e-05
-1.36222e+08 -3.53221e-05
-1.36614e+08 -3.54238e-05
-1.37006e+08 -3.55254e-05
-1.37398e+08 -3.5627e-05
-1.3779e+08 -3.57287e-05
-1.38182e+08 -3.58303e-05
-1.38574e+08 -3.5932e-05
-1.38966e+08 -3.60336e-05
-1.39358e+08 -3.61352e-05
-1.3975e+08 -3.62368e-05
-1.40142e+08 -3.63385e-05
-1.40534e+08 -3.64401e-05
-1.40926e+08 -3.65417e-05
-1.41318e+08 -3.66434e-05
-1.4171e+08 -3.6745e-05
-1.42102e+08 -3.68466e-05
-1.42494e+08 -3.69482e-05
-1.42886e+08 -3.70499e-05
-1.43277e+08 -3.71515e-05
-1.43669e+08 -3.72531e-05
-1.44061e+08 -3.73547e-05
-1.44453e+08 -3.74564e-05
-1.44845e+08 -3.7558e-05
-1.45237e+08 -3.76596e-05
-1.45629e+08 -3.77612e-05
-1.46021e+08 -3.78628e-05
-1.46413e+08 -3.79644e-05
-1.46805e+08 -3.80661e-05
-1.47196e+08 -3.81677e-05
-1.47588e+08 -3.82693e-05
-1.4798e+08 -3.83709e-05
-1.48372e+08 -3.84725e-05
-1.48764e+08 -3.85741e-05
-1.49156e+08 -3.86757e-05
-1.49548e+08 -3.87773e-05
-1.4994e+08 -3.88789e-05
-1.50331e+08 -3.89806e-05
-1.50723e+08 -3.90822e-05
-1.51115e+08 -3.91838e-05
-1.51507e+08 -3.92854e-05
-1.51899e+08 -3.9387e-05
-1.52291e+08 -3.94886e-05
-1.52682e+08 -3.95902e-05
-1.53074e+08 -3.96918e-05
-1.53466e+08 -3.97934e-05
-1.53858e+08 -3.9895e-05
-1.5425e+08 -3.99966e-05
-1.54642e+08 -4.00982e-05
-1.55033e+08 -4.01998e-05
-1.55425e+08 -4.03014e-05
-1.55817e+08 -4.0403e-05
-1.56209e+08 -4.05046e-05
-1.56601e+08 -4.06061e-05
-1.56992e+08 -4.07077e-05
-1.57384e+08 -4.08093e-05
-1.57776e+08 -4.09109e-05
-1.58168e+08 -4.10125e-05
-1.5856e+08 -4.11141e-05
-1.58951e+08 -4.12157e-05
-1.59343e+08 -4.13173e-05
-1.59735e+08 -4.14189e-05
-1.60127e+08 -4.15204e-05
-1.60518e+08 -4.1622e-05
-1.6091e+08 -4.17236e-05
-1.61302e+08 -4.18252e-05
-1.61694e+08 -4.19268e-05
-1.62085e+08 -4.20283e-05
-1.62477e+08 -4.21299e-05
-1.62869e+08 -4.22315e-05
-1.63261e+08 -4.23331e-05
-1.63652e+08 -4.24347e-05
-1.64044e+08 -4.25362e-05
-1.64436e+08 -4.26378e-05
-1.64828e+08 -4.27394e-05
-1.65219e+08 -4.2841e-05
-1.65611e+08 -4.29425e-05
-1.66003e+08 -4.30441e-05
-1.66395e+08 -4.31457e-05
-1.66786e+08 -4.32472e-05
-1.67178e+08 -4.33488e-05
-1.6757e+08 -4.34504e-05
-1.67961e+08 -4.3552e-05
-1.68353e+08 -4.36535e-05
-1.68745e+08 -4.37551e-05
-1.69136e+08 -4.38566e-05
-1.69528e+08 -4.39582e-05
-1.6992e+08 -4.40598e-05
-1.70311e+08 -4.41613e-05
-1.70703e+08 -4.42629e-05
-1.71095e+08 -4.43645e-05
-1.71487e+08 -4.4466e-05
-1.71878e+08 -4.45676e-05
-1.7227e+08 -4.46691e-05
-1.72662e+08 -4.47707e-05
-1.73053e+08 -4.48722e-05
-1.73445e+08 -4.49738e-05
-1.73836e+08 -4.50754e-05
-1.74228e+08 -4.51769e-05
-1.7462e+08 -4.52785e-05
-1.75011e+08 -4.538e-05
-1.75403e+08 -4.54816e-05
-1.75795e+08 -4.55831e-05
-1.76186e+08 -4.56847e-05
-1.76578e+08 -4.57862e-05
-1.7697e+08 -4.58878e-05
-1.77361e+08 -4.59893e-05
-1.77753e+08 -4.60908e-05
-1.78144e+08 -4.61924e-05
-1.78536e+08 -4.62939e-05
-1.78928e+08 -4.63955e-05
-1.79319e+08 -4.6497e-05
-1.79711e+08 -4.65986e-05
-1.80102e+08 -4.67001e-05
-1.80494e+08 -4.68016e-05
-1.80886e+08 -4.69032e-05
-1.81277e+08 -4.70047e-05
-1.81669e+08 -4.71062e-05
-1.8206e+08 -4.72078e-05
-1.82452e+08 -4.73093e-05
-1.82843e+08 -4.74108e-05
-1.83235e+08 -4.75124e-05
-1.83627e+08 -4.76139e-05
-1.84018e+08 -4.77154e-05
-1.8441e+08 -4.7817e-05
-1.84801e+08 -4.79185e-05
-1.85193e+08 -4.802e-05
-1.85584e+08 -4.81216e-05
-1.85976e+08 -4.82231e-05
-1.86367e+08 -4.83246e-05
-1.86759e+08 -4.84261e-05
-1.87151e+08 -4.85277e-05
-1.87542e+08 -4.86292e-05
-1.87934e+08 -4.87307e-05
-1.88325e+08 -4.88322e-05
-1.88717e+08 -4.89337e-05
-1.89108e+08 -4.90353e-05
-1.895e+08 -4.91368e-05
-1.89891e+08 -4.92383e-05
-1.90283e+08 -4.93398e-05
-1.90674e+08 -4.94413e-05
-1.91066e+08 -4.95428e-05
-1.91457e+08 -4.96444e-05
-1.91849e+08 -4.97459e-05
-1.9224e+08 -4.98474e-05
-1.92632e+08 -4.99489e-05
-1.93023e+08 -5.00504e-05
-1.93415e+08 -5.01519e-05
-1.93806e+08 -5.02534e-05
-1.94198e+08 -5.03549e-05
-1.94589e+08 -5.04564e-05
-1.9498e+08 -5.05579e-05
-1.95372e+08 -5.06594e-05
-1.95763e+08 -5.07609e-05
-1.96155e+08 -5.08624e-05
-1.96546e+08 -5.09639e-05
-1.96938e+08 -5.10655e-05
-1.97329e+08 -5.1167e-05
-1.97721e+08 -5.12685e-05
-1.98112e+08 -5.137e-05
-1.98503e+08 -5.14714e-05
-1.98895e+08 -5.15729e-05
-1.99286e+08 -5.16744e-05
-1.99678e+08 -5.17759e-05
-2.00069e+08 -5.18774e-05
-2.00461e+08 -5.19789e-05
-2.00852e+08 -5.20804e-05
-2.01243e+08 -5.21819e-05
-2.01635e+08 -5.22834e-05
-2.02026e+08 -5.23849e-05
-2.02418e+08 -5.24864e-05
-2.02809e+08 -5.25879e-05
-2.032e+08 -5.26894e-05
-2.03592e+08 -5.27908e-05
-2.03983e+08 -5.28923e-05
-2.04375e+08 -5.29938e-05
-2.04766e+08 -5.30953e-05
-2.05157e+08 -5.31968e-05
-2.05549e+08 -5.32983e-05
-2.0594e+08 -5.33997e-05
-2.06331e+08 -5.35012e-05
-2.06723e+08 -5.36027e-05
-2.07114e+08 -5.37042e-05
-2.07506e+08 -5.38057e-05
-2.07897e+08 -5.39071e-05
-2.08288e+08 -5.40086e-05
-2.0868e+08 -5.41101e-05
-2.09071e+08 -5.42116e-05
-2.09462e+08 -5.4313e-05
-2.09854e+08 -5.44145e-05
-2.10245e+08 -5.4516e-05
-2.10636e+08 -5.46174e-05
-2.11028e+08 -5.47189e-05
-2.11419e+08 -5.48204e-05
-2.1181e+08 -5.49218e-05
-2.12201e+08 -5.50233e-05
-2.12593e+08 -5.51248e-05
-2.12984e+08 -5.52262e-05
-2.13375e+08 -5.53277e-05
-2.13767e+08 -5.54292e-05
-2.14158e+08 -5.55306e-05
-2.14549e+08 -5.56321e-05
-2.14941e+08 -5.57335e-05
-2.15332e+08 -5.5835e-05
-2.15723e+08 -5.59365e-05
-2.16114e+08 -5.60379e-05
-2.16506e+08 -5.61394e-05
-2.16897e+08 -5.62408e-05
-2.17288e+08 -5.63423e-05
-2.1768e+08 -5.64437e-05
-2.18071e+08 -5.65452e-05
-2.18462e+08 -5.66467e-05
-2.18853e+08 -5.67481e-05
-2.19245e+08 -5.68496e-05
-2.19636e+08 -5.6951e-05
-2.20027e+08 -5.70525e-05
-2.20418e+08 -5.71539e-05
-2.2081e+08 -5.72554e-05
-2.21201e+08 -5.73568e-05
-2.21592e+08 -5.74582e-05
-2.21983e+08 -5.75597e-05
-2.22374e+08 -5.76611e-05
-2.22766e+08 -5.77626e-05
-2.23157e+08 -5.7864e-05
-2.23548e+08 -5.79655e-05
-2.23939e+08 -5.80669e-05
-2.24331e+08 -5.81683e-05
-2.24722e+08 -5.82698e-05
-2.25113e+08 -5.83712e-05
-2.25504e+08 -5.84726e-05
-2.25895e+08 -5.85741e-05
-2.26287e+08 -5.86755e-05
-2.26678e+08 -5.87769e-05
-2.27069e+08 -5.88784e-05
-2.2746e+08 -5.89798e-05
-2.27851e+08 -5.90812e-05
-2.28242e+08 -5.91827e-05
-2.28634e+08 -5.92841e-05
-2.29025e+08 -5.93855e-05
-2.29416e+08 -5.9487e-05
-2.29807e+08 -5.95884e-05
-2.30198e+08 -5.96898e-05
-2.30589e+08 -5.97912e-05
-2.30981e+08 -5.98927e-05
-2.31372e+08 -5.99941e-05
-2.31763e+08 -6.00955e-05
-2.32154e+08 -6.01969e-05
-2.32545e+08 -6.02983e-05
-2.32936e+08 -6.03998e-05
-2.33327e+08 -6.05012e-05
-2.33718e+08 -6.06026e-05
-2.3411e+08 -6.0704e-05
-2.34501e+08 -6.08054e-05
-2.34892e+08 -6.09069e-05
-2.35283e+08 -6.10083e-05
-2.35674e+08 -6.11097e-05
-2.36065e+08 -6.12111e-05
-2.36456e+08 -6.13125e-05
-2.36847e+08 -6.14139e-05
-2.37238e+08 -6.15153e-05
-2.3763e+08 -6.16167e-05
-2.38021e+08 -6.17181e-05
-2.38412e+08 -6.18195e-05
-2.38803e+08 -6.19209e-05
-2.39194e+08 -6.20224e-05
-2.39585e+08 -6.21238e-05
-2.39976e+08 -6.22252e-05
-2.40367e+08 -6.23266e-05
-2.40758e+08 -6.2428e-05
-2.41149e+08 -6.25294e-05
-2.4154e+08 -6.26308e-05
-2.41931e+08 -6.27322e-05
-2.42322e+08 -6.28336e-05
-2.42713e+08 -6.2935e-05
-2.43104e+08 -6.30364e-05
-2.43495e+08 -6.31378e-05
-2.43887e+08 -6.32392e-05
-2.44278e+08 -6.33405e-05
-2.44669e+08 -6.34419e-05
-2.4506e+08 -6.35433e-05
-2.45451e+08 -6.36447e-05
-2.45842e+08 -6.37461e-05
-2.46233e+08 -6.38475e-05
-2.46624e+08 -6.39489e-05
-2.47015e+08 -6.40503e-05
-2.47406e+08 -6.41517e-05
-2.47797e+08 -6.4253e-05
-2.48188e+08 -6.43544e-05
-2.48579e+08 -6.44558e-05
-2.4897e+08 -6.45572e-05
-2.49361e+08 -6.46586e-05
-2.49752e+08 -6.476e-05
-2.50143e+08 -6.48613e-05
-2.50534e+08 -6.49627e-05
-2.50925e+08 -6.50641e-05
-2.51316e+08 -6.51655e-05
-2.51706e+08 -6.52669e-05
-2.52097e+08 -6.53682e-05
-2.52488e+08 -6.54696e-05
-2.52879e+08 -6.5571e-05
-2.5327e+08 -6.56724e-05
-2.53661e+08 -6.57737e-05
-2.54052e+08 -6.58751e-05
-2.54443e+08 -6.59765e-05
-2.54834e+08 -6.60778e-05
-2.55225e+08 -6.61792e-05
-2.55616e+08 -6.62806e-05
-2.56007e+08 -6.63819e-05
-2.56398e+08 -6.64833e-05
-2.56789e+08 -6.65847e-05
-2.5718e+08 -6.6686e-05
-2.57571e+08 -6.67874e-05
-2.57961e+08 -6.68888e-05
-2.58352e+08 -6.69901e-05
-2.58743e+08 -6.70915e-05
-2.59134e+08 -6.71928e-05
-2.59525e+08 -6.72942e-05
-2.59916e+08 -6.73956e-05
-2.60307e+08 -6.74969e-05
-2.60698e+08 -6.75983e-05
-2.61089e+08 -6.76996e-05
-2.6148e+08 -6.7801e-05
-2.6187e+08 -6.79023e-05
-2.62261e+08 -6.80037e-05
-2.62652e+08 -6.8105e-05
-2.63043e+08 -6.82064e-05
-2.63434e+08 -6.83077e-05
-2.63825e+08 -6.84091e-05
-2.64216e+08 -6.85104e-05
-2.64606e+08 -6.86118e-05
-2.64997e+08 -6.87131e-05
-2.65388e+08 -6.88145e-05
-2.65779e+08 -6.89158e-05
-2.6617e+08 -6.90172e-05
-2.66561e+08 -6.91185e-05
-2.66952e+08 -6.92199e-05
-2.67342e+08 -6.93212e-05
-2.67733e+08 -6.94225e-05
-2.68124e+08 -6.95239e-05
-2.68515e+08 -6.96252e-05
-2.68906e+08 -6.97266e-05
-2.69296e+08 -6.98279e-05
-2.69687e+08 -6.99292e-05
-2.70078e+08 -7.00306e-05
-2.70469e+08 -7.01319e-05
-2.7086e+08 -7.02332e-05
-2.7125e+08 -7.03346e-05
-2.71641e+08 -7.04359e-05
-2.72032e+08 -7.05372e-05
-2.72423e+08 -7.06385e-05
-2.72814e+08 -7.07399e-05
-2.73204e+08 -7.08412e-05
-2.73595e+08 -7.09425e-05
-2.73986e+08 -7.10439e-05
-2.74377e+08 -7.11452e-05
-2.74767e+08 -7.12465e-05
-2.75158e+08 -7.13478e-05
-2.75549e+08 -7.14492e-05
-2.7594e+08 -7.15505e-05
-2.7633e+08 -7.16518e-05
-2.76721e+08 -7.17531e-05
-2.77112e+08 -7.18544e-05
-2.77503e+08 -7.19558e-05
-2.77893e+08 -7.20571e-05
-2.78284e+08 -7.21584e-05
-2.78675e+08 -7.22597e-05
-2.79066e+08 -7.2361e-05
-2.79456e+08 -7.24623e-05
-2.79847e+08 -7.25636e-05
-2.80238e+08 -7.2665e-05
-2.80629e+08 -7.27663e-05
-2.81019e+08 -7.28676e-05
-2.8141e+08 -7.29689e-05
-2.81801e+08 -7.30702e-05
-2.82191e+08 -7.31715e-05
-2.82582e+08 -7.32728e-05
-2.82973e+08 -7.33741e-05
-2.83363e+08 -7.34754e-05
-2.83754e+08 -7.35767e-05
-2.84145e+08 -7.3678e-05
-2.84535e+08 -7.37793e-05
-2.84926e+08 -7.38806e-05
-2.85317e+08 -7.39819e-05
-2.85707e+08 -7.40832e-05
-2.86098e+08 -7.41845e-05
-2.86489e+08 -7.42858e-05
-2.86879e+08 -7.43871e-05
-2.8727e+08 -7.44884e-05
-2.87661e+08 -7.45897e-05
-2.88051e+08 -7.4691e-05
-2.88442e+08 -7.47923e-05
-2.88833e+08 -7.48936e-05
-2.89223e+08 -7.49949e-05
-2.89614e+08 -7.50962e-05
-2.90005e+08 -7.51975e-05
-2.90395e+08 -7.52987e-05
-2.90786e+08 -7.54e-05
-2.91176e+08 -7.55013e-05
-2.91567e+08 -7.56026e-05
-2.91958e+08 -7.57039e-05
-2.92348e+08 -7.58052e-05
-2.92739e+08 -7.59065e-05
-2.9313e+08 -7.60077e-05
-2.9352e+08 -7.6109e-05
-2.93911e+08 -7.62103e-05
-2.94301e+08 -7.63116e-05
-2.94692e+08 -7.64129e-05
-2.95083e+08 -7.65141e-05
-2.95473e+08 -7.66154e-05
-2.95864e+08 -7.67167e-05
-2.96254e+08 -7.6818e-05
-2.96645e+08 -7.69192e-05
-2.97035e+08 -7.70205e-05
-2.97426e+08 -7.71218e-05
-2.97816e+08 -7.72231e-05
-2.98207e+08 -7.73243e-05
-2.98598e+08 -7.74256e-05
-2.98988e+08 -7.75269e-05
-2.99379e+08 -7.76281e-05
-2.99769e+08 -7.77294e-05
-3.0016e+08 -7.78307e-05
-3.0055e+08 -7.79319e-05
-3.00941e+08 -7.80332e-05
-3.01331e+08 -7.81345e-05
-3.01722e+08 -7.82357e-05
-3.02112e+08 -7.8337e-05
-3.02503e+08 -7.84382e-05
-3.02893e+08 -7.85395e-05
-3.03284e+08 -7.86408e-05
-3.03675e+08 -7.8742e-05
-3.04065e+08 -7.88433e-05
-3.04456e+08 -7.89445e-05
-3.04846e+08 -7.90458e-05
-3.05237e+08 -7.91471e-05
-3.05627e+08 -7.92483e-05
-3.06018e+08 -7.93496e-05
-3.06408e+08 -7.94508e-05
-3.06798e+08 -7.95521e-05
-3.07189e+08 -7.96533e-05
-3.07579e+08 -7.97546e-05
-3.0797e+08 -7.98558e-05
-3.0836e+08 -7.99571e-05
-3.08751e+08 -8.00583e-05
-3.09141e+08 -8.01596e-05
-3.09532e+08 -8.02608e-05
-3.09922e+08 -8.0362e-05
-3.10313e+08 -8.04633e-05
-3.10703e+08 -8.05645e-05
-3.11094e+08 -8.06658e-05
-3.11484e+08 -8.0767e-05
-3.11874e+08 -8.08683e-05
-3.12265e+08 -8.09695e-05
-3.12655e+08 -8.10707e-05
-3.13046e+08 -8.1172e-05
-3.13436e+08 -8.12732e-05
-3.13827e+08 -8.13744e-05
-3.14217e+08 -8.14757e-05
-3.14607e+08 -8.15769e-05
-3.14998e+08 -8.16781e-05
-3.15388e+08 -8.17794e-05
-3.15779e+08 -8.18806e-05
-3.16169e+08 -8.19818e-05
-3.16559e+08 -8.20831e-05
-3.1695e+08 -8.21843e-05
-3.1734e+08 -8.22855e-05
-3.17731e+08 -8.23867e-05
-3.18121e+08 -8.2488e-05
-3.18511e+08 -8.25892e-05
-3.18902e+08 -8.26904e-05
-3.19292e+08 -8.27916e-05
-3.19682e+08 -8.28929e-05
-3.20073e+08 -8.29941e-05
-3.20463e+08 -8.30953e-05
-3.20854e+08 -8.31965e-05
-3.21244e+08 -8.32977e-05
-3.21634e+08 -8.3399e-05
-3.22025e+08 -8.35002e-05
-3.22415e+08 -8.36014e-05
-3.22805e+08 -8.37026e-05
-3.23196e+08 -8.38038e-05
-3.23586e+08 -8.3905e-05
-3.23976e+08 -8.40062e-05
-3.24367e+08 -8.41075e-05
-3.24757e+08 -8.42087e-05
-3.25147e+08 -8.43099e-05
-3.25538e+08 -8.44111e-05
-3.25928e+08 -8.45123e-05
-3.26318e+08 -8.46135e-05
-3.26709e+08 -8.47147e-05
-3.27099e+08 -8.48159e-05
-3.27489e+08 -8.49171e-05
-3.27879e+08 -8.50183e-05
-3.2827e+08 -8.51195e-05
-3.2866e+08 -8.52207e-05
-3.2905e+08 -8.53219e-05
-3.29441e+08 -8.54231e-05
-3.29831e+08 -8.55243e-05
-3.30221e+08 -8.56255e-05
-3.30611e+08 -8.57267e-05
-3.31002e+08 -8.58279e-05
-3.31392e+08 -8.59291e-05
-3.31782e+08 -8.60303e-05
-3.32172e+08 -8.61315e-05
-3.32563e+08 -8.62327e-05
-3.32953e+08 -8.63339e-05
-3.33343e+08 -8.64351e-05
-3.33734e+08 -8.65363e-05
-3.34124e+08 -8.66374e-05
-3.34514e+08 -8.67386e-05
-3.34904e+08 -8.68398e-05
-3.3525e+08 -8.69296e-05
-3.35517e+08 -8.69987e-05
-3.35784e+08 -8.70679e-05
-3.36051e+08 -8.71371e-05
-3.36318e+08 -8.72063e-05
-3.36584e+08 -8.72755e-05
-3.36851e+08 -8.73446e-05
-3.37118e+08 -8.74138e-05
-3.3727e+08 -8.74532e-05
-3.37235e+08 -8.74441e-05
-3.372e+08 -8.7435e-05
-3.37164e+08 -8.74259e-05
-3.37129e+08 -8.74167e-05
-3.37094e+08 -8.74076e-05
-3.37059e+08 -8.73985e-05
-3.37024e+08 -8.73894e-05
-3.36988e+08 -8.73802e-05
-3.36953e+08 -8.73711e-05
-3.36918e+08 -8.7362e-05
-3.36883e+08 -8.73529e-05
-3.36848e+08 -8.73437e-05
-3.36812e+08 -8.73346e-05
-3.36777e+08 -8.73255e-05
-3.36742e+08 -8.73164e-05
-3.36707e+08 -8.73073e-05
-3.36672e+08 -8.72981e-05
-3.36637e+08 -8.7289e-05
-3.36601e+08 -8.72799e-05
-3.36566e+08 -8.72708e-05
-3.36531e+08 -8.72616e-05
-3.36496e+08 -8.72525e-05
-3.36461e+08 -8.72434e-05
-3.36425e+08 -8.72343e-05
-3.3639e+08 -8.72251e-05
-3.36355e+08 -8.7216e-05
-3.3632e+08 -8.72069e-05
-3.36285e+08 -8.71978e-05
-3.3625e+08 -8.71886e-05
-3.36214e+08 -8.71795e-05
-3.36179e+08 -8.71704e-05
-3.36144e+08 -8.71613e-05
-3.36109e+08 -8.71522e-05
-3.36074e+08 -8.7143e-05
-3.36038e+08 -8.71339e-05
-3.36003e+08 -8.71248e-05
-3.35968e+08 -8.71157e-05
-3.35933e+08 -8.71066e-05
-3.35898e+08 -8.70974e-05
-3.35863e+08 -8.70883e-05
-3.35827e+08 -8.70792e-05
-3.35792e+08 -8.70701e-05
-3.35757e+08 -8.70609e-05
-3.35722e+08 -8.70518e-05
-3.35687e+08 -8.70427e-05
-3.35651e+08 -8.70336e-05
-3.35616e+08 -8.70245e-05
-3.35581e+08 -8.70153e-05
-3.35546e+08 -8.70062e-05
-3.35511e+08 -8.69971e-05
-3.35476e+08 -8.6988e-05
-3.3544e+08 -8.69789e-05
-3.35405e+08 -8.69697e-05
-3.3537e+08 -8.69606e-05
-3.35335e+08 -8.69515e-05
-3.353e+08 -8.69424e-05
-3.35265e+08 -8.69333e-05
-3.35229e+08 -8.69241e-05
-3.35194e+08 -8.6915e-05
-3.35159e+08 -8.69059e-05
-3.35124e+08 -8.68968e-05
-3.35089e+08 -8.68877e-05
-3.35054e+08 -8.68785e-05
-3.35018e+08 -8.68694e-05
-3.34983e+08 -8.68603e-05
-3.34948e+08 -8.68512e-05
-3.34913e+08 -8.68421e-05
-3.34878e+08 -8.68329e-05
-3.34843e+08 -8.68238e-05
-3.34807e+08 -8.68147e-05
-3.34772e+08 -8.68056e-05
-3.34737e+08 -8.67965e-05
-3.34702e+08 -8.67873e-05
-3.34667e+08 -8.67782e-05
-3.34631e+08 -8.67691e-05
-3.34596e+08 -8.676e-05
-3.34561e+08 -8.67509e-05
-3.34526e+08 -8.67417e-05
-3.34491e+08 -8.67326e-05
-3.34456e+08 -8.67235e-05
-3.3442e+08 -8.67144e-05
-3.34385e+08 -8.67053e-05
-3.3435e+08 -8.66961e-05
-3.34315e+08 -8.6687e-05
-3.3428e+08 -8.66779e-05
-3.34245e+08 -8.66688e-05
-3.3421e+08 -8.66597e-05
-3.34174e+08 -8.66506e-05
-3.34139e+08 -8.66414e-05
-3.34104e+08 -8.66323e-05
-3.34069e+08 -8.66232e-05
-3.34034e+08 -8.66141e-05
-3.33999e+08 -8.6605e-05
-3.33963e+08 -8.65959e-05
-3.33928e+08 -8.65867e-05
-3.33893e+08 -8.65776e-05
-3.33858e+08 -8.65685e-05
-3.33823e+08 -8.65594e-05
-3.33788e+08 -8.65503e-05
-3.33752e+08 -8.65411e-05
-3.33717e+08 -8.6532e-05
-3.33682e+08 -8.65229e-05
-3.33647e+08 -8.65138e-05
-3.33612e+08 -8.65047e-05
-3.33577e+08 -8.64956e-05
-3.33541e+08 -8.64864e-05
-3.33506e+08 -8.64773e-05
-3.33471e+08 -8.64682e-05
-3.33436e+08 -8.64591e-05
-3.33401e+08 -8.645e-05
-3.33366e+08 -8.64409e-05
-3.3333e+08 -8.64318e-05
-3.33295e+08 -8.64226e-05
-3.3326e+08 -8.64135e-05
-3.33225e+08 -8.64044e-05
-3.3319e+08 -8.63953e-05
-3.33155e+08 -8.63862e-05
-3.3312e+08 -8.63771e-05
-3.33084e+08 -8.63679e-05
-3.33049e+08 -8.63588e-05
-3.33014e+08 -8.63497e-05
-3.32979e+08 -8.63406e-05
-3.32944e+08 -8.63315e-05
-3.32909e+08 -8.63224e-05
-3.32873e+08 -8.63132e-05
-3.32838e+08 -8.63041e-05
-3.32803e+08 -8.6295e-05
-3.32768e+08 -8.62859e-05
-3.32733e+08 -8.62768e-05
-3.32698e+08 -8.62677e-05
-3.32663e+08 -8.62586e-05
-3.32627e+08 -8.62494e-05
-3.32592e+08 -8.62403e-05
-3.32557e+08 -8.62312e-05
-3.32522e+08 -8.62221e-05
-3.32487e+08 -8.6213e-05
-3.32452e+08 -8.62039e-05
-3.32417e+08 -8.61948e-05
-3.32381e+08 -8.61856e-05
-3.32346e+08 -8.61765e-05
-3.32311e+08 -8.61674e-05
-3.32276e+08 -8.61583e-05
-3.32241e+08 -8.61492e-05
-3.32206e+08 -8.61401e-05
-3.3217e+08 -8.6131e-05
-3.32135e+08 -8.61219e-05
-3.321e+08 -8.61127e-05
-3.32065e+08 -8.61036e-05
-3.3203e+08 -8.60945e-05
-3.31995e+08 -8.60854e-05
-3.3196e+08 -8.60763e-05
-3.31924e+08 -8.60672e-05
-3.31889e+08 -8.60581e-05
-3.31854e+08 -8.60489e-05
-3.31819e+08 -8.60398e-05
-3.31784e+08 -8.60307e-05
-3.31749e+08 -8.60216e-05
-3.31714e+08 -8.60125e-05
-3.31678e+08 -8.60034e-05
-3.31643e+08 -8.59943e-05
-3.31608e+08 -8.59852e-05
-3.31573e+08 -8.5976e-05
-3.31538e+08 -8.59669e-05
-3.31503e+08 -8.59578e-05
-3.31468e+08 -8.59487e-05
-3.31432e+08 -8.59396e-05
-3.31397e+08 -8.59305e-05
-3.31362e+08 -8.59214e-05
-3.31327e+08 -8.59123e-05
-3.31292e+08 -8.59031e-05
-3.31257e+08 -8.5894e-05
-3.31222e+08 -8.58849e-05
-3.31186e+08 -8.58758e-05
-3.31151e+08 -8.58667e-05
-3.31116e+08 -8.58576e-05
-3.31081e+08 -8.58485e-05
-3.31046e+08 -8.58394e-05
-3.31011e+08 -8.58303e-05
-3.30976e+08 -8.58211e-05
-3.30941e+08 -8.5812e-05
-3.30905e+08 -8.58029e-05
-3.3087e+08 -8.57938e-05
-3.30835e+08 -8.57847e-05
-3.308e+08 -8.57756e-05
-3.30765e+08 -8.57665e-05
-3.3073e+08 -8.57574e-05
-3.30695e+08 -8.57483e-05
-3.30659e+08 -8.57391e-05
-3.30624e+08 -8.573e-05
-3.30589e+08 -8.57209e-05
-3.30554e+08 -8.57118e-05
-3.30519e+08 -8.57027e-05
-3.30484e+08 -8.56936e-05
-3.30449e+08 -8.56845e-05
-3.30414e+08 -8.56754e-05
-3.30378e+08 -8.56663e-05
-3.30343e+08 -8.56572e-05
-3.30308e+08 -8.56481e-05
-3.30273e+08 -8.56389e-05
-3.30238e+08 -8.56298e-05
-3.30203e+08 -8.56207e-05
-3.30168e+08 -8.56116e-05
-3.30132e+08 -8.56025e-05
-3.30097e+08 -8.55934e-05
-3.30062e+08 -8.55843e-05
-3.30027e+08 -8.55752e-05
-3.29992e+08 -8.55661e-05
-3.29957e+08 -8.5557e-05
-3.29922e+08 -8.55479e-05
-3.29887e+08 -8.55387e-05
-3.29851e+08 -8.55296e-05
-3.29816e+08 -8.55205e-05
-3.29781e+08 -8.55114e-05
-3.29746e+08 -8.55023e-05
-3.29711e+08 -8.54932e-05
-3.29676e+08 -8.54841e-05
-3.29641e+08 -8.5475e-05
-3.29606e+08 -8.54659e-05
-3.2957e+08 -8.54568e-05
-3.29535e+08 -8.54477e-05
-3.295e+08 -8.54386e-05
-3.29465e+08 -8.54294e-05
-3.2943e+08 -8.54203e-05
-3.29395e+08 -8.54112e-05
-3.2936e+08 -8.54021e-05
-3.29325e+08 -8.5393e-05
-3.29289e+08 -8.53839e-05
-3.29254e+08 -8.53748e-05
-3.29219e+08 -8.53657e-05
-3.29184e+08 -8.53566e-05
-3.29149e+08 -8.53475e-05
-3.29114e+08 -8.53384e-05
-3.29079e+08 -8.53293e-05
-3.29044e+08 -8.53202e-05
-3.29008e+08 -8.53111e-05
-3.28973e+08 -8.53019e-05
-3.28938e+08 -8.52928e-05
-3.28903e+08 -8.52837e-05
-3.28868e+08 -8.52746e-05
-3.28833e+08 -8.52655e-05
-3.28798e+08 -8.52564e-05
-3.28763e+08 -8.52473e-05
-3.28727e+08 -8.52382e-05
-3.28692e+08 -8.52291e-05
-3.28657e+08 -8.522e-05
-3.28622e+08 -8.52109e-05
-3.28587e+08 -8.52018e-05
-3.28552e+08 -8.51927e-05
-3.28517e+08 -8.51836e-05
-3.28482e+08 -8.51745e-05
-3.28447e+08 -8.51654e-05
-3.28411e+08 -8.51563e-05
-3.28376e+08 -8.51472e-05
-3.28341e+08 -8.5138e-05
-3.28306e+08 -8.51289e-05
-3.28271e+08 -8.51198e-05
-3.28236e+08 -8.51107e-05
-3.28201e+08 -8.51016e-05
-3.28166e+08 -8.50925e-05
-3.28131e+08 -8.50834e-05
-3.28095e+08 -8.50743e-05
-3.2806e+08 -8.50652e-05
-3.28025e+08 -8.50561e-05
-3.2799e+08 -8.5047e-05
-3.27955e+08 -8.50379e-05
-3.2792e+08 -8.50288e-05
-3.27885e+08 -8.50197e-05
-3.2785e+08 -8.50106e-05
-3.27815e+08 -8.50015e-05
-3.27779e+08 -8.49924e-05
-3.27744e+08 -8.49833e-05
-3.27709e+08 -8.49742e-05
-3.27674e+08 -8.49651e-05
-3.27639e+08 -8.4956e-05
-3.27604e+08 -8.49469e-05
-3.27569e+08 -8.49378e-05
-3.27534e+08 -8.49286e-05
-3.27499e+08 -8.49195e-05
-3.27463e+08 -8.49104e-05
-3.27428e+08 -8.49013e-05
-3.27393e+08 -8.48922e-05
-3.27358e+08 -8.48831e-05
-3.27323e+08 -8.4874e-05
-3.27288e+08 -8.48649e-05
-3.27253e+08 -8.48558e-05
-3.27218e+08 -8.48467e-05
-3.27183e+08 -8.48376e-05
-3.27147e+08 -8.48285e-05
-3.27112e+08 -8.48194e-05
-3.27077e+08 -8.48103e-05
-3.27042e+08 -8.48012e-05
-3.27007e+08 -8.47921e-05
-3.26972e+08 -8.4783e-05
-3.26937e+08 -8.47739e-05
-3.26902e+08 -8.47648e-05
-3.26867e+08 -8.47557e-05
-3.26832e+08 -8.47466e-05
-3.26796e+08 -8.47375e-05
-3.26761e+08 -8.47284e-05
-3.26726e+08 -8.47193e-05
-3.26691e+08 -8.47102e-05
-3.26656e+08 -8.47011e-05
-3.26621e+08 -8.4692e-05
-3.26586e+08 -8.46829e-05
-3.26551e+08 -8.46738e-05
-3.26516e+08 -8.46647e-05
-3.26481e+08 -8.46556e-05
-3.26445e+08 -8.46465e-05
-3.2641e+08 -8.46374e-05
-3.26375e+08 -8.46283e-05
-3.2634e+08 -8.46192e-05
-3.26305e+08 -8.46101e-05
-3.2627e+08 -8.4601e-05
-3.26235e+08 -8.45919e-05
-3.262e+08 -8.45828e-05
-3.26165e+08 -8.45737e-05
-3.2613e+08 -8.45646e-05
-3.26095e+08 -8.45555e-05
-3.26059e+08 -8.45464e-05
-3.26024e+08 -8.45373e-05
-3.25989e+08 -8.45282e-05
-3.25954e+08 -8.45191e-05
-3.25919e+08 -8.451e-05
-3.25884e+08 -8.45009e-05
-3.25849e+08 -8.44918e-05
-3.25814e+08 -8.44827e-05
-3.25779e+08 -8.44736e-05
-3.25744e+08 -8.44645e-05
-3.25708e+08 -8.44554e-05
-3.25673e+08 -8.44463e-05
-3.25638e+08 -8.44372e-05
-3.25603e+08 -8.44281e-05
-3.25568e+08 -8.4419e-05
-3.25533e+08 -8.44099e-05
-3.25498e+08 -8.44008e-05
-3.25463e+08 -8.43917e-05
-3.25428e+08 -8.43826e-05
-3.25393e+08 -8.43735e-05
-3.25358e+08 -8.43644e-05
-3.25322e+08 -8.43553e-05
-3.25287e+08 -8.43462e-05
-3.25252e+08 -8.43371e-05
-3.25217e+08 -8.4328e-05
-3.25182e+08 -8.43189e-05
-3.25147e+08 -8.43098e-05
-3.25112e+08 -8.43007e-05
-3.25077e+08 -8.42916e-05
-3.25042e+08 -8.42825e-05
-3.25007e+08 -8.42734e-05
-3.24972e+08 -8.42643e-05
-3.24937e+08 -8.42552e-05
-3.24901e+08 -8.42461e-05
-3.24866e+08 -8.4237e-05
-3.24831e+08 -8.42279e-05
-3.24796e+08 -8.42188e-05
-3.24761e+08 -8.42097e-05
-3.24726e+08 -8.42006e-05
-3.24691e+08 -8.41915e-05
-3.24656e+08 -8.41824e-05
-3.24621e+08 -8.41733e-05
-3.24586e+08 -8.41642e-05
-3.24551e+08 -8.41552e-05
-3.24516e+08 -8.4146e-05
-3.2448e+08 -8.4137e-05
-3.24445e+08 -8.41279e-05
-3.2441e+08 -8.41188e-05
-3.24375e+08 -8.41097e-05
-3.2434e+08 -8.41006e-05
-3.24305e+08 -8.40915e-05
-3.2427e+08 -8.40824e-05
-3.24235e+08 -8.40733e-05
-3.242e+08 -8.40642e-05
-3.24165e+08 -8.40551e-05
-3.2413e+08 -8.4046e-05
-3.24095e+08 -8.40369e-05
-3.24059e+08 -8.40278e-05
-3.24024e+08 -8.40187e-05
-3.23989e+08 -8.40096e-05
-3.23954e+08 -8.40005e-05
-3.23919e+08 -8.39914e-05
-3.23884e+08 -8.39823e-05
-3.23849e+08 -8.39732e-05
-3.23814e+08 -8.39641e-05
-3.23779e+08 -8.3955e-05
-3.23744e+08 -8.39459e-05
-3.23709e+08 -8.39368e-05
-3.23674e+08 -8.39277e-05
-3.23639e+08 -8.39187e-05
-3.23603e+08 -8.39096e-05
-3.23568e+08 -8.39005e-05
-3.23533e+08 -8.38914e-05
-3.23498e+08 -8.38823e-05
-3.23463e+08 -8.38732e-05
-3.23428e+08 -8.38641e-05
-3.23393e+08 -8.3855e-05
-3.23358e+08 -8.38459e-05
-3.23323e+08 -8.38368e-05
-3.23288e+08 -8.38277e-05
-3.23253e+08 -8.38186e-05
-3.23218e+08 -8.38095e-05
-3.23183e+08 -8.38004e-05
-3.23148e+08 -8.37913e-05
-3.23112e+08 -8.37822e-05
-3.23077e+08 -8.37732e-05
-3.23042e+08 -8.37641e-05
-3.23007e+08 -8.3755e-05
-3.22972e+08 -8.37459e-05
-3.22937e+08 -8.37368e-05
-3.22902e+08 -8.37277e-05
-3.22867e+08 -8.37186e-05
-3.22832e+08 -8.37095e-05
-3.22797e+08 -8.37004e-05
-3.22762e+08 -8.36913e-05
-3.22727e+08 -8.36822e-05
-3.22692e+08 -8.36731e-05
-3.22657e+08 -8.3664e-05
-3.22622e+08 -8.36549e-05
-3.22586e+08 -8.36458e-05
-3.22551e+08 -8.36368e-05
-3.22516e+08 -8.36277e-05
-3.22481e+08 -8.36186e-05
-3.22446e+08 -8.36095e-05
-3.22411e+08 -8.36004e-05
-3.22376e+08 -8.35913e-05
-3.22341e+08 -8.35822e-05
-3.22306e+08 -8.35731e-05
-3.22271e+08 -8.3564e-05
-3.22236e+08 -8.35549e-05
-3.22201e+08 -8.35458e-05
-3.22166e+08 -8.35367e-05
-3.22131e+08 -8.35277e-05
-3.22096e+08 -8.35186e-05
-3.2206e+08 -8.35095e-05
-3.22025e+08 -8.35004e-05
-3.2199e+08 -8.34913e-05
-3.21955e+08 -8.34822e-05
-3.2192e+08 -8.34731e-05
-3.21885e+08 -8.3464e-05
-3.2185e+08 -8.34549e-05
-3.21815e+08 -8.34458e-05
-3.2178e+08 -8.34367e-05
-3.21745e+08 -8.34277e-05
-3.2171e+08 -8.34186e-05
-3.21675e+08 -8.34095e-05
-3.2164e+08 -8.34004e-05
-3.21605e+08 -8.33913e-05
-3.2157e+08 -8.33822e-05
-3.21535e+08 -8.33731e-05
-3.215e+08 -8.3364e-05
-3.21465e+08 -8.33549e-05
-3.21429e+08 -8.33458e-05
-3.21394e+08 -8.33368e-05
-3.21359e+08 -8.33277e-05
-3.21324e+08 -8.33186e-05
-3.21289e+08 -8.33095e-05
-3.21254e+08 -8.33004e-05
-3.21219e+08 -8.32913e-05
-3.21184e+08 -8.32822e-05
-3.21149e+08 -8.32731e-05
-3.21114e+08 -8.3264e-05
-3.21079e+08 -8.3255e-05
-3.21044e+08 -8.32459e-05
-3.21009e+08 -8.32368e-05
-3.20974e+08 -8.32277e-05
-3.20939e+08 -8.32186e-05
-3.20904e+08 -8.32095e-05
-3.20869e+08 -8.32004e-05
-3.20834e+08 -8.31913e-05
-3.20799e+08 -8.31822e-05
-3.20763e+08 -8.31731e-05
-3.20728e+08 -8.31641e-05
-3.20693e+08 -8.3155e-05
-3.20658e+08 -8.31459e-05
-3.20623e+08 -8.31368e-05
-3.20588e+08 -8.31277e-05
-3.20553e+08 -8.31186e-05
-3.20518e+08 -8.31095e-05
-3.20483e+08 -8.31004e-05
-3.20448e+08 -8.30914e-05
-3.20413e+08 -8.30823e-05
-3.20378e+08 -8.30732e-05
-3.20343e+08 -8.30641e-05
-3.20308e+08 -8.3055e-05
-3.20273e+08 -8.30459e-05
-3.20238e+08 -8.30368e-05
-3.20203e+08 -8.30277e-05
-3.20168e+08 -8.30187e-05
-3.20133e+08 -8.30096e-05
-3.20098e+08 -8.30005e-05
-3.20063e+08 -8.29914e-05
-3.20027e+08 -8.29823e-05
-3.19992e+08 -8.29732e-05
-3.19957e+08 -8.29641e-05
-3.19922e+08 -8.29551e-05
-3.19887e+08 -8.2946e-05
-3.19852e+08 -8.29369e-05
-3.19817e+08 -8.29278e-05
-3.19782e+08 -8.29187e-05
-3.19747e+08 -8.29096e-05
-3.19712e+08 -8.29005e-05
-3.19677e+08 -8.28914e-05
-3.19642e+08 -8.28824e-05
-3.19607e+08 -8.28733e-05
-3.19572e+08 -8.28642e-05
-3.19537e+08 -8.28551e-05
-3.19502e+08 -8.2846e-05
-3.19467e+08 -8.28369e-05
-3.19432e+08 -8.28278e-05
-3.19397e+08 -8.28188e-05
-3.19362e+08 -8.28097e-05
-3.19327e+08 -8.28006e-05
-3.19292e+08 -8.27915e-05
-3.19257e+08 -8.27824e-05
-3.19222e+08 -8.27733e-05
-3.19187e+08 -8.27642e-05
-3.19151e+08 -8.27552e-05
-3.19116e+08 -8.27461e-05
-3.19081e+08 -8.2737e-05
-3.19046e+08 -8.27279e-05
-3.19011e+08 -8.27188e-05
-3.18976e+08 -8.27097e-05
-3.18941e+08 -8.27007e-05
-3.18906e+08 -8.26916e-05
-3.18871e+08 -8.26825e-05
-3.18836e+08 -8.26734e-05
-3.18801e+08 -8.26643e-05
-3.18766e+08 -8.26552e-05
-3.18731e+08 -8.26462e-05
-3.18696e+08 -8.26371e-05
-3.18661e+08 -8.2628e-05
-3.18626e+08 -8.26189e-05
-3.18591e+08 -8.26098e-05
-3.18556e+08 -8.26007e-05
-3.18521e+08 -8.25917e-05
-3.18486e+08 -8.25826e-05
-3.18451e+08 -8.25735e-05
-3.18416e+08 -8.25644e-05
-3.18381e+08 -8.25553e-05
-3.18346e+08 -8.25462e-05
-3.18311e+08 -8.25371e-05
-3.18276e+08 -8.25281e-05
-3.18241e+08 -8.2519e-05
-3.18206e+08 -8.25099e-05
-3.18171e+08 -8.25008e-05
-3.18136e+08 -8.24917e-05
-3.18101e+08 -8.24827e-05
-3.18065e+08 -8.24736e-05
-3.1803e+08 -8.24645e-05
-3.17995e+08 -8.24554e-05
-3.1796e+08 -8.24463e-05
-3.17925e+08 -8.24372e-05
-3.1789e+08 -8.24282e-05
-3.17855e+08 -8.24191e-05
-3.1782e+08 -8.241e-05
-3.17785e+08 -8.24009e-05
-3.1775e+08 -8.23918e-05
-3.17715e+08 -8.23828e-05
-3.1768e+08 -8.23737e-05
-3.17645e+08 -8.23646e-05
-3.1761e+08 -8.23555e-05
-3.17575e+08 -8.23464e-05
-3.1754e+08 -8.23373e-05
-3.17505e+08 -8.23283e-05
-3.1747e+08 -8.23192e-05
-3.17435e+08 -8.23101e-05
-3.174e+08 -8.2301e-05
-3.17365e+08 -8.22919e-05
-3.1733e+08 -8.22829e-05
-3.17295e+08 -8.22738e-05
-3.1726e+08 -8.22647e-05
-3.17225e+08 -8.22556e-05
-3.1719e+08 -8.22465e-05
-3.17155e+08 -8.22375e-05
-3.1712e+08 -8.22284e-05
-3.17085e+08 -8.22193e-05
-3.1705e+08 -8.22102e-05
-3.17015e+08 -8.22011e-05
-3.1698e+08 -8.21921e-05
-3.16945e+08 -8.2183e-05
-3.1691e+08 -8.21739e-05
-3.16875e+08 -8.21648e-05
-3.1684e+08 -8.21557e-05
-3.16805e+08 -8.21467e-05
-3.1677e+08 -8.21376e-05
-3.16735e+08 -8.21285e-05
-3.167e+08 -8.21194e-05
-3.16665e+08 -8.21103e-05
-3.1663e+08 -8.21013e-05
-3.16595e+08 -8.20922e-05
-3.1656e+08 -8.20831e-05
-3.16525e+08 -8.2074e-05
-3.1649e+08 -8.20649e-05
-3.16455e+08 -8.20559e-05
-3.1642e+08 -8.20468e-05
-3.16385e+08 -8.20377e-05
-3.1635e+08 -8.20286e-05
-3.16315e+08 -8.20196e-05
-3.1628e+08 -8.20105e-05
-3.16244e+08 -8.20014e-05
-3.16209e+08 -8.19923e-05
-3.16174e+08 -8.19832e-05
-3.16139e+08 -8.19742e-05
-3.16104e+08 -8.19651e-05
-3.16069e+08 -8.1956e-05
-3.16034e+08 -8.19469e-05
-3.15999e+08 -8.19378e-05
-3.15964e+08 -8.19288e-05
-3.15929e+08 -8.19197e-05
-3.15894e+08 -8.19106e-05
-3.15859e+08 -8.19015e-05
-3.15824e+08 -8.18924e-05
-3.15789e+08 -8.18834e-05
-3.15754e+08 -8.18743e-05
-3.15719e+08 -8.18652e-05
-3.15684e+08 -8.18561e-05
-3.15649e+08 -8.18471e-05
-3.15614e+08 -8.1838e-05
-3.15579e+08 -8.18289e-05
-3.15544e+08 -8.18198e-05
-3.15509e+08 -8.18108e-05
-3.15474e+08 -8.18017e-05
-3.15439e+08 -8.17926e-05
-3.15404e+08 -8.17835e-05
-3.15369e+08 -8.17745e-05
-3.15334e+08 -8.17654e-05
-3.15299e+08 -8.17563e-05
-3.15264e+08 -8.17472e-05
-3.15229e+08 -8.17381e-05
-3.15194e+08 -8.17291e-05
-3.15159e+08 -8.172e-05
-3.15124e+08 -8.17109e-05
-3.15089e+08 -8.17018e-05
-3.15054e+08 -8.16928e-05
-3.15019e+08 -8.16837e-05
-3.14984e+08 -8.16746e-05
-3.14949e+08 -8.16655e-05
-3.14914e+08 -8.16565e-05
-3.14879e+08 -8.16474e-05
-3.14844e+08 -8.16383e-05
-3.14809e+08 -8.16292e-05
-3.14774e+08 -8.16202e-05
-3.14739e+08 -8.16111e-05
-3.14704e+08 -8.1602e-05
-3.14669e+08 -8.15929e-05
-3.14634e+08 -8.15839e-05
-3.14599e+08 -8.15748e-05
-3.14564e+08 -8.15657e-05
-3.14529e+08 -8.15566e-05
-3.14494e+08 -8.15476e-05
-3.14459e+08 -8.15385e-05
-3.14424e+08 -8.15294e-05
-3.14389e+08 -8.15203e-05
-3.14354e+08 -8.15113e-05
-3.14319e+08 -8.15022e-05
-3.14284e+08 -8.14931e-05
-3.14249e+08 -8.1484e-05
-3.14214e+08 -8.1475e-05
-3.14179e+08 -8.14659e-05
-3.14144e+08 -8.14568e-05
-3.14109e+08 -8.14478e-05
-3.14074e+08 -8.14387e-05
-3.14039e+08 -8.14296e-05
-3.14004e+08 -8.14205e-05
-3.13969e+08 -8.14115e-05
-3.13934e+08 -8.14024e-05
-3.13899e+08 -8.13933e-05
-3.13864e+08 -8.13842e-05
-3.13829e+08 -8.13752e-05
-3.13794e+08 -8.13661e-05
-3.13759e+08 -8.1357e-05
-3.13724e+08 -8.1348e-05
-3.13689e+08 -8.13389e-05
-3.13654e+08 -8.13298e-05
-3.13619e+08 -8.13207e-05
-3.13584e+08 -8.13117e-05
-3.13549e+08 -8.13026e-05
-3.13514e+08 -8.12935e-05
-3.1348e+08 -8.12844e-05
-3.13445e+08 -8.12754e-05
-3.1341e+08 -8.12663e-05
-3.13375e+08 -8.12572e-05
-3.1334e+08 -8.12482e-05
-3.13305e+08 -8.12391e-05
-3.1327e+08 -8.123e-05
-3.13235e+08 -8.12209e-05
-3.132e+08 -8.12119e-05
-3.13165e+08 -8.12028e-05
-3.1313e+08 -8.11937e-05
-3.13095e+08 -8.11846e-05
-3.1306e+08 -8.11756e-05
-3.13025e+08 -8.11665e-05
-3.1299e+08 -8.11574e-05
-3.12955e+08 -8.11484e-05
-3.1292e+08 -8.11393e-05
-3.12885e+08 -8.11302e-05
-3.1285e+08 -8.11211e-05
-3.12815e+08 -8.11121e-05
-3.1278e+08 -8.1103e-05
-3.12745e+08 -8.10939e-05
-3.1271e+08 -8.10849e-05
-3.12675e+08 -8.10758e-05
-3.1264e+08 -8.10667e-05
-3.12605e+08 -8.10577e-05
-3.1257e+08 -8.10486e-05
-3.12535e+08 -8.10395e-05
-3.125e+08 -8.10304e-05
-3.12465e+08 -8.10214e-05
-3.1243e+08 -8.10123e-05
-3.12395e+08 -8.10032e-05
-3.1236e+08 -8.09942e-05
-3.12325e+08 -8.09851e-05
-3.1229e+08 -8.0976e-05
-3.12255e+08 -8.0967e-05
-3.1222e+08 -8.09579e-05
-3.12185e+08 -8.09488e-05
-3.1215e+08 -8.09397e-05
-3.12115e+08 -8.09307e-05
-3.1208e+08 -8.09216e-05
-3.12045e+08 -8.09125e-05
-3.1201e+08 -8.09035e-05
-3.11975e+08 -8.08944e-05
-3.1194e+08 -8.08853e-05
-3.11905e+08 -8.08763e-05
-3.1187e+08 -8.08672e-05
-3.11835e+08 -8.08581e-05
-3.118e+08 -8.08491e-05
-3.11765e+08 -8.084e-05
-3.1173e+08 -8.08309e-05
-3.11695e+08 -8.08218e-05
-3.11661e+08 -8.08128e-05
-3.11626e+08 -8.08037e-05
-3.11591e+08 -8.07946e-05
-3.11556e+08 -8.07856e-05
-3.11521e+08 -8.07765e-05
-3.11486e+08 -8.07674e-05
-3.11451e+08 -8.07584e-05
-3.11416e+08 -8.07493e-05
-3.11381e+08 -8.07402e-05
-3.11346e+08 -8.07312e-05
-3.11311e+08 -8.07221e-05
-3.11276e+08 -8.0713e-05
-3.11241e+08 -8.0704e-05
-3.11206e+08 -8.06949e-05
-3.11171e+08 -8.06858e-05
-3.11136e+08 -8.06768e-05
-3.11101e+08 -8.06677e-05
-3.11066e+08 -8.06586e-05
-3.11031e+08 -8.06496e-05
-3.10996e+08 -8.06405e-05
-3.10961e+08 -8.06314e-05
-3.10926e+08 -8.06224e-05
-3.10891e+08 -8.06133e-05
-3.10856e+08 -8.06042e-05
-3.10821e+08 -8.05952e-05
-3.10786e+08 -8.05861e-05
-3.10751e+08 -8.0577e-05
-3.10716e+08 -8.0568e-05
-3.10681e+08 -8.05589e-05
-3.10646e+08 -8.05498e-05
-3.10611e+08 -8.05408e-05
-3.10577e+08 -8.05317e-05
-3.10542e+08 -8.05226e-05
-3.10507e+08 -8.05136e-05
-3.10472e+08 -8.05045e-05
-3.10437e+08 -8.04954e-05
-3.10402e+08 -8.04864e-05
-3.10367e+08 -8.04773e-05
-3.10332e+08 -8.04682e-05
-3.10297e+08 -8.04592e-05
-3.10262e+08 -8.04501e-05
-3.10227e+08 -8.0441e-05
-3.10192e+08 -8.0432e-05
-3.10157e+08 -8.04229e-05
-3.10122e+08 -8.04138e-05
-3.10087e+08 -8.04048e-05
-3.10052e+08 -8.03957e-05
-3.10017e+08 -8.03867e-05
-3.09982e+08 -8.03776e-05
-3.09947e+08 -8.03685e-05
-3.09912e+08 -8.03595e-05
-3.09877e+08 -8.03504e-05
-3.09842e+08 -8.03413e-05
-3.09807e+08 -8.03323e-05
-3.09772e+08 -8.03232e-05
-3.09738e+08 -8.03141e-05
-3.09703e+08 -8.03051e-05
-3.09668e+08 -8.0296e-05
-3.09633e+08 -8.0287e-05
-3.09598e+08 -8.02779e-05
-3.09563e+08 -8.02688e-05
-3.09528e+08 -8.02598e-05
-3.09493e+08 -8.02507e-05
-3.09458e+08 -8.02416e-05
-3.09423e+08 -8.02326e-05
-3.09388e+08 -8.02235e-05
-3.09353e+08 -8.02144e-05
-3.09318e+08 -8.02054e-05
-3.09283e+08 -8.01963e-05
-3.09248e+08 -8.01873e-05
-3.09213e+08 -8.01782e-05
-3.09178e+08 -8.01691e-05
-3.09143e+08 -8.01601e-05
-3.09108e+08 -8.0151e-05
-3.09073e+08 -8.01419e-05
-3.09038e+08 -8.01329e-05
-3.09003e+08 -8.01238e-05
-3.08969e+08 -8.01148e-05
-3.08934e+08 -8.01057e-05
-3.08899e+08 -8.00966e-05
-3.08864e+08 -8.00876e-05
-3.08829e+08 -8.00785e-05
-3.08794e+08 -8.00694e-05
-3.08759e+08 -8.00604e-05
-3.08724e+08 -8.00513e-05
-3.08689e+08 -8.00423e-05
-3.08654e+08 -8.00332e-05
-3.08619e+08 -8.00241e-05
-3.08584e+08 -8.00151e-05
-3.08549e+08 -8.0006e-05
-3.08514e+08 -7.99969e-05
-3.08479e+08 -7.99879e-05
-3.08444e+08 -7.99788e-05
-3.08409e+08 -7.99698e-05
-3.08374e+08 -7.99607e-05
-3.08339e+08 -7.99516e-05
-3.08305e+08 -7.99426e-05
-3.0827e+08 -7.99335e-05
-3.08235e+08 -7.99245e-05
-3.082e+08 -7.99154e-05
-3.08165e+08 -7.99063e-05
-3.0813e+08 -7.98973e-05
-3.08095e+08 -7.98882e-05
-3.0806e+08 -7.98792e-05
-3.08025e+08 -7.98701e-05
-3.0799e+08 -7.9861e-05
-3.07955e+08 -7.9852e-05
-3.0792e+08 -7.98429e-05
-3.07885e+08 -7.98339e-05
-3.0785e+08 -7.98248e-05
-3.07815e+08 -7.98157e-05
-3.0778e+08 -7.98067e-05
-3.07745e+08 -7.97976e-05
-3.07711e+08 -7.97886e-05
-3.07676e+08 -7.97795e-05
-3.07641e+08 -7.97704e-05
-3.07606e+08 -7.97614e-05
-3.07571e+08 -7.97523e-05
-3.07536e+08 -7.97433e-05
-3.07501e+08 -7.97342e-05
-3.07466e+08 -7.97251e-05
-3.07431e+08 -7.97161e-05
-3.07396e+08 -7.9707e-05
-3.07361e+08 -7.9698e-05
-3.07326e+08 -7.96889e-05
-3.07291e+08 -7.96798e-05
-3.07256e+08 -7.96708e-05
-3.07221e+08 -7.96617e-05
-3.07186e+08 -7.96527e-05
-3.07152e+08 -7.96436e-05
-3.07117e+08 -7.96346e-05
-3.07082e+08 -7.96255e-05
-3.07047e+08 -7.96164e-05
-3.07012e+08 -7.96074e-05
-3.06977e+08 -7.95983e-05
-3.06942e+08 -7.95893e-05
-3.06907e+08 -7.95802e-05
-3.06872e+08 -7.95711e-05
-3.06837e+08 -7.95621e-05
-3.06802e+08 -7.9553e-05
-3.06767e+08 -7.9544e-05
-3.06732e+08 -7.95349e-05
-3.06697e+08 -7.95259e-05
-3.06663e+08 -7.95168e-05
-3.06628e+08 -7.95077e-05
-3.06593e+08 -7.94987e-05
-3.06558e+08 -7.94896e-05
-3.06523e+08 -7.94806e-05
-3.06488e+08 -7.94715e-05
-3.06453e+08 -7.94625e-05
-3.06418e+08 -7.94534e-05
-3.06383e+08 -7.94443e-05
-3.06348e+08 -7.94353e-05
-3.06313e+08 -7.94262e-05
-3.06278e+08 -7.94172e-05
-3.06243e+08 -7.94081e-05
-3.06208e+08 -7.93991e-05
-3.06173e+08 -7.939e-05
-3.06139e+08 -7.9381e-05
-3.06104e+08 -7.93719e-05
-3.06069e+08 -7.93628e-05
-3.06034e+08 -7.93538e-05
-3.05999e+08 -7.93447e-05
-3.05964e+08 -7.93357e-05
-3.05929e+08 -7.93266e-05
-3.05894e+08 -7.93176e-05
-3.05859e+08 -7.93085e-05
-3.05824e+08 -7.92995e-05
-3.05789e+08 -7.92904e-05
-3.05754e+08 -7.92813e-05
-3.05719e+08 -7.92723e-05
-3.05685e+08 -7.92632e-05
-3.0565e+08 -7.92542e-05
-3.05615e+08 -7.92451e-05
-3.0558e+08 -7.92361e-05
-3.05545e+08 -7.9227e-05
-3.0551e+08 -7.9218e-05
-3.05475e+08 -7.92089e-05
-3.0544e+08 -7.91998e-05
-3.05405e+08 -7.91908e-05
-3.0537e+08 -7.91817e-05
-3.05335e+08 -7.91727e-05
-3.053e+08 -7.91636e-05
-3.05266e+08 -7.91546e-05
-3.05231e+08 -7.91455e-05
-3.05196e+08 -7.91365e-05
-3.05161e+08 -7.91274e-05
-3.05126e+08 -7.91184e-05
-3.05091e+08 -7.91093e-05
-3.05056e+08 -7.91003e-05
-3.05021e+08 -7.90912e-05
-3.04986e+08 -7.90821e-05
-3.04951e+08 -7.90731e-05
-3.04916e+08 -7.9064e-05
-3.04881e+08 -7.9055e-05
-3.04847e+08 -7.90459e-05
-3.04812e+08 -7.90369e-05
-3.04777e+08 -7.90278e-05
-3.04742e+08 -7.90188e-05
-3.04707e+08 -7.90097e-05
-3.04672e+08 -7.90007e-05
-3.04637e+08 -7.89916e-05
-3.04602e+08 -7.89826e-05
-3.04567e+08 -7.89735e-05
-3.04532e+08 -7.89645e-05
-3.04497e+08 -7.89554e-05
-3.04462e+08 -7.89463e-05
-3.04428e+08 -7.89373e-05
-3.04393e+08 -7.89282e-05
-3.04358e+08 -7.89192e-05
-3.04323e+08 -7.89101e-05
-3.04288e+08 -7.89011e-05
-3.04253e+08 -7.8892e-05
-3.04218e+08 -7.8883e-05
-3.04183e+08 -7.88739e-05
-3.04148e+08 -7.88649e-05
-3.04113e+08 -7.88558e-05
-3.04078e+08 -7.88468e-05
-3.04044e+08 -7.88377e-05
-3.04009e+08 -7.88287e-05
-3.03974e+08 -7.88196e-05
-3.03939e+08 -7.88106e-05
-3.03904e+08 -7.88015e-05
-3.03869e+08 -7.87925e-05
-3.03834e+08 -7.87834e-05
-3.03799e+08 -7.87744e-05
-3.03764e+08 -7.87653e-05
-3.03729e+08 -7.87563e-05
-3.03695e+08 -7.87472e-05
-3.0366e+08 -7.87382e-05
-3.03625e+08 -7.87291e-05
-3.0359e+08 -7.87201e-05
-3.03555e+08 -7.8711e-05
-3.0352e+08 -7.8702e-05
-3.03485e+08 -7.86929e-05
-3.0345e+08 -7.86839e-05
-3.03415e+08 -7.86748e-05
-3.0338e+08 -7.86658e-05
-3.03345e+08 -7.86567e-05
-3.03311e+08 -7.86477e-05
-3.03276e+08 -7.86386e-05
-3.03241e+08 -7.86296e-05
-3.03206e+08 -7.86205e-05
-3.03171e+08 -7.86115e-05
-3.03136e+08 -7.86024e-05
-3.03101e+08 -7.85934e-05
-3.03066e+08 -7.85843e-05
-3.03031e+08 -7.85753e-05
-3.02996e+08 -7.85662e-05
-3.02962e+08 -7.85572e-05
-3.02927e+08 -7.85481e-05
-3.02892e+08 -7.85391e-05
-3.02857e+08 -7.853e-05
-3.02822e+08 -7.8521e-05
-3.02787e+08 -7.85119e-05
-3.02752e+08 -7.85029e-05
-3.02717e+08 -7.84938e-05
-3.02682e+08 -7.84848e-05
-3.02648e+08 -7.84757e-05
-3.02613e+08 -7.84667e-05
-3.02578e+08 -7.84576e-05
-3.02543e+08 -7.84486e-05
-3.02508e+08 -7.84395e-05
-3.02473e+08 -7.84305e-05
-3.02438e+08 -7.84214e-05
-3.02403e+08 -7.84124e-05
-3.02368e+08 -7.84033e-05
-3.02333e+08 -7.83943e-05
-3.02299e+08 -7.83853e-05
-3.02264e+08 -7.83762e-05
-3.02229e+08 -7.83672e-05
-3.02194e+08 -7.83581e-05
-3.02159e+08 -7.83491e-05
-3.02124e+08 -7.834e-05
-3.02089e+08 -7.8331e-05
-3.02054e+08 -7.83219e-05
-3.02019e+08 -7.83129e-05
-3.01985e+08 -7.83038e-05
-3.0195e+08 -7.82948e-05
-3.01915e+08 -7.82857e-05
-3.0188e+08 -7.82767e-05
-3.01845e+08 -7.82676e-05
-3.0181e+08 -7.82586e-05
-3.01775e+08 -7.82495e-05
-3.0174e+08 -7.82405e-05
-3.01705e+08 -7.82315e-05
-3.01671e+08 -7.82224e-05
-3.01636e+08 -7.82134e-05
-3.01601e+08 -7.82043e-05
-3.01566e+08 -7.81953e-05
-3.01531e+08 -7.81862e-05
-3.01496e+08 -7.81772e-05
-3.01461e+08 -7.81681e-05
-3.01426e+08 -7.81591e-05
-3.01391e+08 -7.815e-05
-3.01357e+08 -7.8141e-05
-3.01322e+08 -7.8132e-05
-3.01287e+08 -7.81229e-05
-3.01252e+08 -7.81139e-05
-3.01217e+08 -7.81048e-05
-3.01182e+08 -7.80958e-05
-3.01147e+08 -7.80867e-05
-3.01112e+08 -7.80777e-05
-3.01078e+08 -7.80686e-05
-3.01043e+08 -7.80596e-05
-3.01008e+08 -7.80505e-05
-3.00973e+08 -7.80415e-05
-3.00938e+08 -7.80325e-05
-3.00903e+08 -7.80234e-05
-3.00868e+08 -7.80144e-05
-3.00833e+08 -7.80053e-05
-3.00798e+08 -7.79963e-05
-3.00764e+08 -7.79872e-05
-3.00729e+08 -7.79782e-05
-3.00694e+08 -7.79691e-05
-3.00659e+08 -7.79601e-05
-3.00624e+08 -7.79511e-05
-3.00589e+08 -7.7942e-05
-3.00554e+08 -7.7933e-05
-3.00519e+08 -7.79239e-05
-3.00485e+08 -7.79149e-05
-3.0045e+08 -7.79058e-05
-3.00415e+08 -7.78968e-05
-3.0038e+08 -7.78877e-05
-3.00345e+08 -7.78787e-05
-3.0031e+08 -7.78697e-05
-3.00275e+08 -7.78606e-05
-3.0024e+08 -7.78516e-05
-3.00206e+08 -7.78425e-05
-3.00171e+08 -7.78335e-05
-3.00136e+08 -7.78244e-05
-3.00101e+08 -7.78154e-05
-3.00066e+08 -7.78064e-05
-3.00031e+08 -7.77973e-05
-2.99996e+08 -7.77883e-05
-2.99961e+08 -7.77792e-05
-2.99927e+08 -7.77702e-05
-2.99892e+08 -7.77612e-05
-2.99857e+08 -7.77521e-05
-2.99822e+08 -7.77431e-05
-2.99787e+08 -7.7734e-05
-2.99752e+08 -7.7725e-05
-2.99717e+08 -7.77159e-05
-2.99682e+08 -7.77069e-05
-2.99648e+08 -7.76978e-05
-2.99613e+08 -7.76888e-05
-2.99578e+08 -7.76798e-05
-2.99543e+08 -7.76707e-05
-2.99508e+08 -7.76617e-05
-2.99473e+08 -7.76526e-05
-2.99438e+08 -7.76436e-05
-2.99403e+08 -7.76346e-05
-2.99369e+08 -7.76255e-05
-2.99334e+08 -7.76165e-05
-2.99299e+08 -7.76074e-05
-2.99264e+08 -7.75984e-05
-2.99229e+08 -7.75894e-05
-2.99194e+08 -7.75803e-05
-2.99159e+08 -7.75713e-05
-2.99125e+08 -7.75622e-05
-2.9909e+08 -7.75532e-05
-2.99055e+08 -7.75442e-05
-2.9902e+08 -7.75351e-05
-2.98985e+08 -7.75261e-05
-2.9895e+08 -7.7517e-05
-2.98915e+08 -7.7508e-05
-2.98881e+08 -7.7499e-05
-2.98846e+08 -7.74899e-05
-2.98811e+08 -7.74809e-05
-2.98776e+08 -7.74718e-05
-2.98741e+08 -7.74628e-05
-2.98706e+08 -7.74538e-05
-2.98671e+08 -7.74447e-05
-2.98636e+08 -7.74357e-05
-2.98602e+08 -7.74266e-05
-2.98567e+08 -7.74176e-05
-2.98532e+08 -7.74086e-05
-2.98497e+08 -7.73995e-05
-2.98462e+08 -7.73905e-05
-2.98427e+08 -7.73814e-05
-2.98392e+08 -7.73724e-05
-2.98358e+08 -7.73634e-05
-2.98323e+08 -7.73543e-05
-2.98288e+08 -7.73453e-05
-2.98253e+08 -7.73362e-05
-2.98218e+08 -7.73272e-05
-2.98183e+08 -7.73182e-05
-2.98148e+08 -7.73091e-05
-2.98082e+08 -7.7292e-05
-2.97935e+08 -7.72538e-05
-2.97788e+08 -7.72156e-05
-2.9764e+08 -7.71774e-05
-2.97493e+08 -7.71392e-05
-2.97346e+08 -7.7101e-05
-2.97198e+08 -7.70628e-05
-2.97051e+08 -7.70246e-05
-2.96904e+08 -7.69864e-05
-2.96756e+08 -7.69482e-05
-2.96609e+08 -7.691e-05
-2.96462e+08 -7.68718e-05
-2.96314e+08 -7.68336e-05
-2.96167e+08 -7.67954e-05
-2.9602e+08 -7.67572e-05
-2.95872e+08 -7.6719e-05
-2.95725e+08 -7.66807e-05
-2.95578e+08 -7.66426e-05
-2.9543e+08 -7.66044e-05
-2.95283e+08 -7.65662e-05
-2.95136e+08 -7.6528e-05
-2.94988e+08 -7.64898e-05
-2.94841e+08 -7.64516e-05
-2.94694e+08 -7.64134e-05
-2.94546e+08 -7.63752e-05
-2.94399e+08 -7.6337e-05
-2.94252e+08 -7.62988e-05
-2.94105e+08 -7.62606e-05
-2.93957e+08 -7.62224e-05
-2.9381e+08 -7.61842e-05
-2.93663e+08 -7.6146e-05
-2.93515e+08 -7.61078e-05
-2.93368e+08 -7.60696e-05
-2.93221e+08 -7.60314e-05
-2.93073e+08 -7.59932e-05
-2.92926e+08 -7.5955e-05
-2.92779e+08 -7.59168e-05
-2.92631e+08 -7.58786e-05
-2.92484e+08 -7.58404e-05
-2.92337e+08 -7.58022e-05
-2.9219e+08 -7.5764e-05
-2.92042e+08 -7.57258e-05
-2.91895e+08 -7.56876e-05
-2.91748e+08 -7.56494e-05
-2.916e+08 -7.56112e-05
-2.91453e+08 -7.5573e-05
-2.91306e+08 -7.55348e-05
-2.91158e+08 -7.54967e-05
-2.91011e+08 -7.54585e-05
-2.90864e+08 -7.54203e-05
-2.90717e+08 -7.53821e-05
-2.90569e+08 -7.53439e-05
-2.90422e+08 -7.53057e-05
-2.90275e+08 -7.52675e-05
-2.90127e+08 -7.52293e-05
-2.8998e+08 -7.51911e-05
-2.89833e+08 -7.51529e-05
-2.89686e+08 -7.51147e-05
-2.89538e+08 -7.50766e-05
-2.89391e+08 -7.50384e-05
-2.89244e+08 -7.50002e-05
-2.89096e+08 -7.4962e-05
-2.88949e+08 -7.49238e-05
-2.88802e+08 -7.48856e-05
-2.88579e+08 -7.48279e-05
-2.88349e+08 -7.47681e-05
-2.88118e+08 -7.47082e-05
-2.87887e+08 -7.46483e-05
-2.87656e+08 -7.45885e-05
-2.87425e+08 -7.45286e-05
-2.87194e+08 -7.44688e-05
-2.86963e+08 -7.44089e-05
-2.86733e+08 -7.4349e-05
-2.86502e+08 -7.42892e-05
-2.86271e+08 -7.42293e-05
-2.8604e+08 -7.41695e-05
-2.85809e+08 -7.41096e-05
-2.85578e+08 -7.40498e-05
-2.85348e+08 -7.39899e-05
-2.85117e+08 -7.393e-05
-2.84886e+08 -7.38702e-05
-2.84655e+08 -7.38103e-05
-2.84424e+08 -7.37505e-05
-2.84193e+08 -7.36906e-05
-2.83963e+08 -7.36308e-05
-2.83732e+08 -7.35709e-05
-2.83501e+08 -7.35111e-05
-2.8327e+08 -7.34512e-05
-2.83039e+08 -7.33914e-05
-2.82808e+08 -7.33315e-05
-2.82578e+08 -7.32716e-05
-2.82347e+08 -7.32118e-05
-2.82116e+08 -7.31519e-05
-2.81885e+08 -7.30921e-05
-2.81654e+08 -7.30322e-05
-2.81423e+08 -7.29724e-05
-2.81193e+08 -7.29125e-05
-2.80962e+08 -7.28527e-05
-2.80731e+08 -7.27928e-05
-2.805e+08 -7.2733e-05
-2.80269e+08 -7.26731e-05
-2.80039e+08 -7.26133e-05
-2.79808e+08 -7.25535e-05
-2.79577e+08 -7.24936e-05
-2.79346e+08 -7.24338e-05
-2.79115e+08 -7.23739e-05
-2.78885e+08 -7.23141e-05
-2.78654e+08 -7.22542e-05
-2.78423e+08 -7.21944e-05
-2.78192e+08 -7.21345e-05
-2.77961e+08 -7.20747e-05
-2.77731e+08 -7.20148e-05
-2.775e+08 -7.1955e-05
-2.77269e+08 -7.18952e-05
-2.77038e+08 -7.18353e-05
-2.76807e+08 -7.17755e-05
-2.76577e+08 -7.17156e-05
-2.76346e+08 -7.16558e-05
-2.76115e+08 -7.1596e-05
-2.75884e+08 -7.15361e-05
-2.75654e+08 -7.14763e-05
-2.75423e+08 -7.14164e-05
-2.75192e+08 -7.13566e-05
-2.74961e+08 -7.12968e-05
-2.7473e+08 -7.12369e-05
-2.745e+08 -7.11771e-05
-2.74269e+08 -7.11172e-05
-2.74038e+08 -7.10574e-05
-2.73807e+08 -7.09976e-05
-2.73577e+08 -7.09377e-05
-2.73346e+08 -7.08779e-05
-2.73115e+08 -7.08181e-05
-2.72884e+08 -7.07582e-05
-2.72654e+08 -7.06984e-05
-2.72423e+08 -7.06385e-05
-2.72192e+08 -7.05787e-05
-2.71961e+08 -7.05189e-05
-2.71731e+08 -7.0459e-05
-2.715e+08 -7.03992e-05
-2.71269e+08 -7.03394e-05
-2.71038e+08 -7.02795e-05
-2.70808e+08 -7.02197e-05
-2.70577e+08 -7.01599e-05
-2.70346e+08 -7.01e-05
-2.70115e+08 -7.00402e-05
-2.69885e+08 -6.99804e-05
-2.69654e+08 -6.99206e-05
-2.69423e+08 -6.98607e-05
-2.69192e+08 -6.98009e-05
-2.68962e+08 -6.97411e-05
-2.68731e+08 -6.96812e-05
-2.685e+08 -6.96214e-05
-2.68269e+08 -6.95616e-05
-2.68039e+08 -6.95018e-05
-2.67808e+08 -6.94419e-05
-2.67577e+08 -6.93821e-05
-2.67347e+08 -6.93223e-05
-2.67116e+08 -6.92625e-05
-2.66885e+08 -6.92026e-05
-2.66654e+08 -6.91428e-05
-2.66424e+08 -6.9083e-05
-2.66193e+08 -6.90232e-05
-2.65962e+08 -6.89633e-05
-2.65731e+08 -6.89035e-05
-2.65501e+08 -6.88437e-05
-2.6527e+08 -6.87839e-05
-2.65039e+08 -6.8724e-05
-2.64809e+08 -6.86642e-05
-2.64578e+08 -6.86044e-05
-2.64347e+08 -6.85446e-05
-2.64117e+08 -6.84847e-05
-2.63886e+08 -6.84249e-05
-2.63655e+08 -6.83651e-05
-2.63424e+08 -6.83053e-05
-2.63194e+08 -6.82455e-05
-2.62963e+08 -6.81856e-05
-2.62732e+08 -6.81258e-05
-2.62502e+08 -6.8066e-05
-2.62271e+08 -6.80062e-05
-2.6204e+08 -6.79464e-05
-2.6181e+08 -6.78866e-05
-2.61579e+08 -6.78267e-05
-2.61348e+08 -6.77669e-05
-2.61118e+08 -6.77071e-05
-2.60887e+08 -6.76473e-05
-2.60656e+08 -6.75875e-05
-2.60425e+08 -6.75277e-05
-2.60195e+08 -6.74679e-05
-2.59964e+08 -6.7408e-05
-2.59733e+08 -6.73482e-05
-2.59503e+08 -6.72884e-05
-2.59272e+08 -6.72286e-05
-2.59041e+08 -6.71688e-05
-2.58811e+08 -6.7109e-05
-2.5858e+08 -6.70492e-05
-2.58349e+08 -6.69894e-05
-2.58119e+08 -6.69295e-05
-2.57888e+08 -6.68697e-05
-2.57657e+08 -6.68099e-05
-2.57427e+08 -6.67501e-05
-2.57196e+08 -6.66903e-05
-2.56965e+08 -6.66305e-05
-2.56735e+08 -6.65707e-05
-2.56504e+08 -6.65109e-05
-2.56273e+08 -6.64511e-05
-2.56043e+08 -6.63913e-05
-2.55812e+08 -6.63315e-05
-2.55582e+08 -6.62716e-05
-2.55351e+08 -6.62118e-05
-2.5512e+08 -6.6152e-05
-2.5489e+08 -6.60922e-05
-2.54659e+08 -6.60324e-05
-2.54428e+08 -6.59726e-05
-2.54198e+08 -6.59128e-05
-2.53967e+08 -6.5853e-05
-2.53736e+08 -6.57932e-05
-2.53506e+08 -6.57334e-05
-2.53275e+08 -6.56736e-05
-2.53045e+08 -6.56138e-05
-2.52814e+08 -6.5554e-05
-2.52583e+08 -6.54942e-05
-2.52353e+08 -6.54344e-05
-2.52122e+08 -6.53746e-05
-2.51891e+08 -6.53148e-05
-2.51661e+08 -6.5255e-05
-2.5143e+08 -6.51952e-05
-2.512e+08 -6.51354e-05
-2.50969e+08 -6.50756e-05
-2.50738e+08 -6.50158e-05
-2.50508e+08 -6.4956e-05
-2.50277e+08 -6.48962e-05
-2.50046e+08 -6.48364e-05
-2.49816e+08 -6.47766e-05
-2.49585e+08 -6.47168e-05
-2.49355e+08 -6.4657e-05
-2.49124e+08 -6.45972e-05
-2.48893e+08 -6.45374e-05
-2.48663e+08 -6.44776e-05
-2.48432e+08 -6.44178e-05
-2.48202e+08 -6.4358e-05
-2.47971e+08 -6.42982e-05
-2.4774e+08 -6.42385e-05
-2.4751e+08 -6.41787e-05
-2.47279e+08 -6.41189e-05
-2.47049e+08 -6.40591e-05
-2.46818e+08 -6.39993e-05
-2.46587e+08 -6.39395e-05
-2.46357e+08 -6.38797e-05
-2.46126e+08 -6.38199e-05
-2.45896e+08 -6.37601e-05
-2.45665e+08 -6.37003e-05
-2.45434e+08 -6.36405e-05
-2.45204e+08 -6.35808e-05
-2.44973e+08 -6.3521e-05
-2.44743e+08 -6.34612e-05
-2.44512e+08 -6.34014e-05
-2.44282e+08 -6.33416e-05
-2.44051e+08 -6.32818e-05
-2.4382e+08 -6.3222e-05
-2.4359e+08 -6.31622e-05
-2.43359e+08 -6.31024e-05
-2.43129e+08 -6.30427e-05
-2.42898e+08 -6.29829e-05
-2.42668e+08 -6.29231e-05
-2.42437e+08 -6.28633e-05
-2.42206e+08 -6.28035e-05
-2.41976e+08 -6.27437e-05
-2.41745e+08 -6.2684e-05
-2.41515e+08 -6.26242e-05
-2.41284e+08 -6.25644e-05
-2.41054e+08 -6.25046e-05
-2.40823e+08 -6.24448e-05
-2.40593e+08 -6.2385e-05
-2.40362e+08 -6.23253e-05
-2.40131e+08 -6.22655e-05
-2.39901e+08 -6.22057e-05
-2.3967e+08 -6.21459e-05
-2.3944e+08 -6.20861e-05
-2.39209e+08 -6.20264e-05
-2.38979e+08 -6.19666e-05
-2.38748e+08 -6.19068e-05
-2.38518e+08 -6.1847e-05
-2.38287e+08 -6.17873e-05
-2.38057e+08 -6.17275e-05
-2.37826e+08 -6.16677e-05
-2.37596e+08 -6.16079e-05
-2.37365e+08 -6.15481e-05
-2.37134e+08 -6.14884e-05
-2.36904e+08 -6.14286e-05
-2.36673e+08 -6.13688e-05
-2.36443e+08 -6.1309e-05
-2.36212e+08 -6.12493e-05
-2.35982e+08 -6.11895e-05
-2.35751e+08 -6.11297e-05
-2.35521e+08 -6.107e-05
-2.3529e+08 -6.10102e-05
-2.3506e+08 -6.09504e-05
-2.34829e+08 -6.08906e-05
-2.34599e+08 -6.08309e-05
-2.34368e+08 -6.07711e-05
-2.34138e+08 -6.07113e-05
-2.33907e+08 -6.06516e-05
-2.33677e+08 -6.05918e-05
-2.33446e+08 -6.0532e-05
-2.33216e+08 -6.04722e-05
-2.32985e+08 -6.04125e-05
-2.32755e+08 -6.03527e-05
-2.32524e+08 -6.02929e-05
-2.32294e+08 -6.02332e-05
-2.32063e+08 -6.01734e-05
-2.31833e+08 -6.01136e-05
-2.31602e+08 -6.00539e-05
-2.31372e+08 -5.99941e-05
-2.31141e+08 -5.99343e-05
-2.30911e+08 -5.98746e-05
-2.3068e+08 -5.98148e-05
-2.3045e+08 -5.9755e-05
-2.30219e+08 -5.96953e-05
-2.29989e+08 -5.96355e-05
-2.29758e+08 -5.95758e-05
-2.29528e+08 -5.9516e-05
-2.29297e+08 -5.94562e-05
-2.29067e+08 -5.93965e-05
-2.28836e+08 -5.93367e-05
-2.28606e+08 -5.92769e-05
-2.28375e+08 -5.92172e-05
-2.28145e+08 -5.91574e-05
-2.27915e+08 -5.90977e-05
-2.27684e+08 -5.90379e-05
-2.27454e+08 -5.89781e-05
-2.27223e+08 -5.89184e-05
-2.26993e+08 -5.88586e-05
-2.26762e+08 -5.87989e-05
-2.26532e+08 -5.87391e-05
-2.26301e+08 -5.86794e-05
-2.26071e+08 -5.86196e-05
-2.2584e+08 -5.85598e-05
-2.2561e+08 -5.85001e-05
-2.25379e+08 -5.84403e-05
-2.25149e+08 -5.83806e-05
-2.24919e+08 -5.83208e-05
-2.24688e+08 -5.82611e-05
-2.24458e+08 -5.82013e-05
-2.24227e+08 -5.81416e-05
-2.23997e+08 -5.80818e-05
-2.23766e+08 -5.8022e-05
-2.23536e+08 -5.79623e-05
-2.23305e+08 -5.79025e-05
-2.23075e+08 -5.78428e-05
-2.22845e+08 -5.7783e-05
-2.22614e+08 -5.77233e-05
-2.22384e+08 -5.76635e-05
-2.22153e+08 -5.76038e-05
-2.21923e+08 -5.7544e-05
-2.21692e+08 -5.74843e-05
-2.21462e+08 -5.74245e-05
-2.21232e+08 -5.73648e-05
-2.21001e+08 -5.7305e-05
-2.20771e+08 -5.72453e-05
-2.2054e+08 -5.71855e-05
-2.2031e+08 -5.71258e-05
-2.20079e+08 -5.7066e-05
-2.19849e+08 -5.70063e-05
-2.19619e+08 -5.69466e-05
-2.19388e+08 -5.68868e-05
-2.19158e+08 -5.68271e-05
-2.18927e+08 -5.67673e-05
-2.18697e+08 -5.67076e-05
-2.18467e+08 -5.66478e-05
-2.18236e+08 -5.65881e-05
-2.18006e+08 -5.65283e-05
-2.17775e+08 -5.64686e-05
-2.17545e+08 -5.64089e-05
-2.17315e+08 -5.63491e-05
-2.17084e+08 -5.62894e-05
-2.16854e+08 -5.62296e-05
-2.16623e+08 -5.61699e-05
-2.16393e+08 -5.61101e-05
-2.16163e+08 -5.60504e-05
-2.15932e+08 -5.59907e-05
-2.15702e+08 -5.59309e-05
-2.15471e+08 -5.58712e-05
-2.15241e+08 -5.58114e-05
-2.15011e+08 -5.57517e-05
-2.1478e+08 -5.5692e-05
-2.1455e+08 -5.56322e-05
-2.14319e+08 -5.55725e-05
-2.14089e+08 -5.55128e-05
-2.13859e+08 -5.5453e-05
-2.13628e+08 -5.53933e-05
-2.13398e+08 -5.53336e-05
-2.13168e+08 -5.52738e-05
-2.12937e+08 -5.52141e-05
-2.12707e+08 -5.51543e-05
-2.12476e+08 -5.50946e-05
-2.12246e+08 -5.50349e-05
-2.12016e+08 -5.49751e-05
-2.11785e+08 -5.49154e-05
-2.11555e+08 -5.48557e-05
-2.11325e+08 -5.47959e-05
-2.11094e+08 -5.47362e-05
-2.10864e+08 -5.46765e-05
-2.10634e+08 -5.46168e-05
-2.10403e+08 -5.4557e-05
-2.10173e+08 -5.44973e-05
-2.09943e+08 -5.44376e-05
-2.09712e+08 -5.43778e-05
-2.09482e+08 -5.43181e-05
-2.09251e+08 -5.42584e-05
-2.09021e+08 -5.41986e-05
-2.08791e+08 -5.41389e-05
-2.0856e+08 -5.40792e-05
-2.0833e+08 -5.40195e-05
-2.081e+08 -5.39597e-05
-2.07869e+08 -5.39e-05
-2.07639e+08 -5.38403e-05
-2.07409e+08 -5.37806e-05
-2.07178e+08 -5.37208e-05
-2.06948e+08 -5.36611e-05
-2.06718e+08 -5.36014e-05
-2.06487e+08 -5.35417e-05
-2.06257e+08 -5.34819e-05
-2.06027e+08 -5.34222e-05
-2.05796e+08 -5.33625e-05
-2.05566e+08 -5.33028e-05
-2.05336e+08 -5.3243e-05
-2.05105e+08 -5.31833e-05
-2.04875e+08 -5.31236e-05
-2.04645e+08 -5.30639e-05
-2.04414e+08 -5.30042e-05
-2.04184e+08 -5.29444e-05
-2.03954e+08 -5.28847e-05
-2.03724e+08 -5.2825e-05
-2.03493e+08 -5.27653e-05
-2.03263e+08 -5.27056e-05
-2.03033e+08 -5.26458e-05
-2.02802e+08 -5.25861e-05
-2.02572e+08 -5.25264e-05
-2.02342e+08 -5.24667e-05
-2.02111e+08 -5.2407e-05
-2.01881e+08 -5.23473e-05
-2.01651e+08 -5.22875e-05
-2.01421e+08 -5.22278e-05
-2.0119e+08 -5.21681e-05
-2.0096e+08 -5.21084e-05
-2.0073e+08 -5.20487e-05
-2.00499e+08 -5.1989e-05
-2.00269e+08 -5.19293e-05
-2.00039e+08 -5.18695e-05
-1.99808e+08 -5.18098e-05
-1.99578e+08 -5.17501e-05
-1.99348e+08 -5.16904e-05
-1.99118e+08 -5.16307e-05
-1.98887e+08 -5.1571e-05
-1.98657e+08 -5.15113e-05
-1.98427e+08 -5.14516e-05
-1.98196e+08 -5.13918e-05
-1.97966e+08 -5.13321e-05
-1.97736e+08 -5.12724e-05
-1.97506e+08 -5.12127e-05
-1.97275e+08 -5.1153e-05
-1.97045e+08 -5.10933e-05
-1.96815e+08 -5.10336e-05
-1.96585e+08 -5.09739e-05
-1.96354e+08 -5.09142e-05
-1.96124e+08 -5.08545e-05
-1.95894e+08 -5.07948e-05
-1.95664e+08 -5.07351e-05
-1.95433e+08 -5.06754e-05
-1.95203e+08 -5.06156e-05
-1.94973e+08 -5.05559e-05
-1.94743e+08 -5.04962e-05
-1.94512e+08 -5.04365e-05
-1.94282e+08 -5.03768e-05
-1.94052e+08 -5.03171e-05
-1.93822e+08 -5.02574e-05
-1.93591e+08 -5.01977e-05
-1.93361e+08 -5.0138e-05
-1.93131e+08 -5.00783e-05
-1.92901e+08 -5.00186e-05
-1.9267e+08 -4.99589e-05
-1.9244e+08 -4.98992e-05
-1.9221e+08 -4.98395e-05
-1.9198e+08 -4.97798e-05
-1.91749e+08 -4.97201e-05
-1.91519e+08 -4.96604e-05
-1.91289e+08 -4.96007e-05
-1.91059e+08 -4.9541e-05
-1.90828e+08 -4.94813e-05
-1.90598e+08 -4.94216e-05
-1.90368e+08 -4.93619e-05
-1.90138e+08 -4.93022e-05
-1.89908e+08 -4.92425e-05
-1.89677e+08 -4.91828e-05
-1.89447e+08 -4.91231e-05
-1.89217e+08 -4.90635e-05
-1.88987e+08 -4.90038e-05
-1.88756e+08 -4.89441e-05
-1.88526e+08 -4.88844e-05
-1.88296e+08 -4.88247e-05
-1.88066e+08 -4.8765e-05
-1.87836e+08 -4.87053e-05
-1.87605e+08 -4.86456e-05
-1.87375e+08 -4.85859e-05
-1.87145e+08 -4.85262e-05
-1.86915e+08 -4.84665e-05
-1.86685e+08 -4.84068e-05
-1.86454e+08 -4.83471e-05
-1.86224e+08 -4.82874e-05
-1.85994e+08 -4.82278e-05
-1.85764e+08 -4.81681e-05
-1.85534e+08 -4.81084e-05
-1.85303e+08 -4.80487e-05
-1.85073e+08 -4.7989e-05
-1.84843e+08 -4.79293e-05
-1.84613e+08 -4.78696e-05
-1.84383e+08 -4.78099e-05
-1.84152e+08 -4.77503e-05
-1.83922e+08 -4.76906e-05
-1.83692e+08 -4.76309e-05
-1.83462e+08 -4.75712e-05
-1.83232e+08 -4.75115e-05
-1.83002e+08 -4.74518e-05
-1.82771e+08 -4.73921e-05
-1.82541e+08 -4.73325e-05
-1.82311e+08 -4.72728e-05
-1.82081e+08 -4.72131e-05
-1.81851e+08 -4.71534e-05
-1.8162e+08 -4.70937e-05
-1.8139e+08 -4.7034e-05
-1.8116e+08 -4.69744e-05
-1.8093e+08 -4.69147e-05
-1.807e+08 -4.6855e-05
-1.8047e+08 -4.67953e-05
-1.80239e+08 -4.67356e-05
-1.80009e+08 -4.6676e-05
-1.79779e+08 -4.66163e-05
-1.79549e+08 -4.65566e-05
-1.79319e+08 -4.64969e-05
-1.79089e+08 -4.64372e-05
-1.78859e+08 -4.63776e-05
-1.78628e+08 -4.63179e-05
-1.78398e+08 -4.62582e-05
-1.78168e+08 -4.61985e-05
-1.77938e+08 -4.61389e-05
-1.77708e+08 -4.60792e-05
-1.77478e+08 -4.60195e-05
-1.77248e+08 -4.59598e-05
-1.77017e+08 -4.59002e-05
-1.76787e+08 -4.58405e-05
-1.76557e+08 -4.57808e-05
-1.76327e+08 -4.57211e-05
-1.76097e+08 -4.56615e-05
-1.75867e+08 -4.56018e-05
-1.75637e+08 -4.55421e-05
-1.75406e+08 -4.54825e-05
-1.75176e+08 -4.54228e-05
-1.74946e+08 -4.53631e-05
-1.74716e+08 -4.53034e-05
-1.74486e+08 -4.52438e-05
-1.74256e+08 -4.51841e-05
-1.74026e+08 -4.51244e-05
-1.73796e+08 -4.50648e-05
-1.73565e+08 -4.50051e-05
-1.73335e+08 -4.49454e-05
-1.73105e+08 -4.48858e-05
-1.72875e+08 -4.48261e-05
-1.72645e+08 -4.47664e-05
-1.72415e+08 -4.47068e-05
-1.72185e+08 -4.46471e-05
-1.71955e+08 -4.45874e-05
-1.71725e+08 -4.45278e-05
-1.71495e+08 -4.44681e-05
-1.71264e+08 -4.44084e-05
-1.71034e+08 -4.43488e-05
-1.70804e+08 -4.42891e-05
-1.70574e+08 -4.42294e-05
-1.70344e+08 -4.41698e-05
-1.70114e+08 -4.41101e-05
-1.69884e+08 -4.40504e-05
-1.69654e+08 -4.39908e-05
-1.69424e+08 -4.39311e-05
-1.69194e+08 -4.38715e-05
-1.68963e+08 -4.38118e-05
-1.68733e+08 -4.37521e-05
-1.68503e+08 -4.36925e-05
-1.68273e+08 -4.36328e-05
-1.68043e+08 -4.35732e-05
-1.67813e+08 -4.35135e-05
-1.67583e+08 -4.34538e-05
-1.67353e+08 -4.33942e-05
-1.67123e+08 -4.33345e-05
-1.66893e+08 -4.32749e-05
-1.66663e+08 -4.32152e-05
-1.66433e+08 -4.31556e-05
-1.66203e+08 -4.30959e-05
-1.65972e+08 -4.30362e-05
-1.65742e+08 -4.29766e-05
-1.65512e+08 -4.29169e-05
-1.65282e+08 -4.28573e-05
-1.65052e+08 -4.27976e-05
-1.64822e+08 -4.2738e-05
-1.64592e+08 -4.26783e-05
-1.64362e+08 -4.26187e-05
-1.64132e+08 -4.2559e-05
-1.63902e+08 -4.24994e-05
-1.63672e+08 -4.24397e-05
-1.63442e+08 -4.238e-05
-1.63212e+08 -4.23204e-05
-1.62982e+08 -4.22607e-05
-1.62752e+08 -4.22011e-05
-1.62522e+08 -4.21414e-05
-1.62292e+08 -4.20818e-05
-1.62062e+08 -4.20221e-05
-1.61832e+08 -4.19625e-05
-1.61601e+08 -4.19028e-05
-1.61371e+08 -4.18432e-05
-1.61141e+08 -4.17836e-05
-1.60911e+08 -4.17239e-05
-1.60681e+08 -4.16643e-05
-1.60451e+08 -4.16046e-05
-1.60221e+08 -4.1545e-05
-1.59991e+08 -4.14853e-05
-1.59761e+08 -4.14257e-05
-1.59531e+08 -4.1366e-05
-1.59301e+08 -4.13064e-05
-1.59071e+08 -4.12467e-05
-1.58841e+08 -4.11871e-05
-1.58611e+08 -4.11274e-05
-1.58381e+08 -4.10678e-05
-1.58151e+08 -4.10082e-05
-1.57921e+08 -4.09485e-05
-1.57691e+08 -4.08889e-05
-1.57461e+08 -4.08292e-05
-1.57231e+08 -4.07696e-05
-1.57001e+08 -4.071e-05
-1.56771e+08 -4.06503e-05
-1.56541e+08 -4.05907e-05
-1.56311e+08 -4.0531e-05
-1.56081e+08 -4.04714e-05
-1.55851e+08 -4.04118e-05
-1.55621e+08 -4.03521e-05
-1.55391e+08 -4.02925e-05
-1.55161e+08 -4.02328e-05
-1.54931e+08 -4.01732e-05
-1.54701e+08 -4.01136e-05
-1.54471e+08 -4.00539e-05
-1.54241e+08 -3.99943e-05
-1.54011e+08 -3.99347e-05
-1.53781e+08 -3.9875e-05
-1.53551e+08 -3.98154e-05
-1.53321e+08 -3.97558e-05
-1.53091e+08 -3.96961e-05
-1.52861e+08 -3.96365e-05
-1.52631e+08 -3.95769e-05
-1.52401e+08 -3.95172e-05
-1.52171e+08 -3.94576e-05
-1.51941e+08 -3.9398e-05
-1.51711e+08 -3.93383e-05
-1.51481e+08 -3.92787e-05
-1.51251e+08 -3.92191e-05
-1.51021e+08 -3.91594e-05
-1.50791e+08 -3.90998e-05
-1.50561e+08 -3.90402e-05
-1.50331e+08 -3.89805e-05
-1.50101e+08 -3.89209e-05
-1.49871e+08 -3.88613e-05
-1.49641e+08 -3.88016e-05
-1.49411e+08 -3.8742e-05
-1.49182e+08 -3.86824e-05
-1.48952e+08 -3.86228e-05
-1.48722e+08 -3.85631e-05
-1.48492e+08 -3.85035e-05
-1.48262e+08 -3.84439e-05
-1.48032e+08 -3.83843e-05
-1.47802e+08 -3.83246e-05
-1.47572e+08 -3.8265e-05
-1.47342e+08 -3.82054e-05
-1.47112e+08 -3.81458e-05
-1.46882e+08 -3.80861e-05
-1.46652e+08 -3.80265e-05
-1.46422e+08 -3.79669e-05
-1.46192e+08 -3.79073e-05
-1.45962e+08 -3.78476e-05
-1.45732e+08 -3.7788e-05
-1.45502e+08 -3.77284e-05
-1.45272e+08 -3.76688e-05
-1.45043e+08 -3.76092e-05
-1.44813e+08 -3.75495e-05
-1.44583e+08 -3.74899e-05
-1.44353e+08 -3.74303e-05
-1.44123e+08 -3.73707e-05
-1.43893e+08 -3.73111e-05
-1.43663e+08 -3.72514e-05
-1.43433e+08 -3.71918e-05
-1.43203e+08 -3.71322e-05
-1.42973e+08 -3.70726e-05
-1.42743e+08 -3.7013e-05
-1.42513e+08 -3.69534e-05
-1.42283e+08 -3.68937e-05
-1.42054e+08 -3.68341e-05
-1.41824e+08 -3.67745e-05
-1.41594e+08 -3.67149e-05
-1.41364e+08 -3.66553e-05
-1.41134e+08 -3.65957e-05
-1.40904e+08 -3.65361e-05
-1.40674e+08 -3.64764e-05
-1.40444e+08 -3.64168e-05
-1.40214e+08 -3.63572e-05
-1.39984e+08 -3.62976e-05
-1.39755e+08 -3.6238e-05
-1.39525e+08 -3.61784e-05
-1.39295e+08 -3.61188e-05
-1.39065e+08 -3.60592e-05
-1.38835e+08 -3.59995e-05
-1.38605e+08 -3.59399e-05
-1.38375e+08 -3.58803e-05
-1.38145e+08 -3.58207e-05
-1.37915e+08 -3.57611e-05
-1.37685e+08 -3.57015e-05
-1.37456e+08 -3.56419e-05
-1.37226e+08 -3.55823e-05
-1.36996e+08 -3.55227e-05
-1.36766e+08 -3.54631e-05
-1.36536e+08 -3.54035e-05
-1.36306e+08 -3.53439e-05
-1.36076e+08 -3.52842e-05
-1.35846e+08 -3.52246e-05
-1.35617e+08 -3.5165e-05
-1.35387e+08 -3.51054e-05
-1.35157e+08 -3.50458e-05
-1.34927e+08 -3.49862e-05
-1.34697e+08 -3.49266e-05
-1.34467e+08 -3.4867e-05
-1.34237e+08 -3.48074e-05
-1.34008e+08 -3.47478e-05
-1.33778e+08 -3.46882e-05
-1.33548e+08 -3.46286e-05
-1.33318e+08 -3.4569e-05
-1.33088e+08 -3.45094e-05
-1.32858e+08 -3.44498e-05
-1.32628e+08 -3.43902e-05
-1.32399e+08 -3.43306e-05
-1.32169e+08 -3.4271e-05
-1.31939e+08 -3.42114e-05
-1.31709e+08 -3.41518e-05
-1.31479e+08 -3.40922e-05
-1.31249e+08 -3.40326e-05
-1.3102e+08 -3.3973e-05
-1.3079e+08 -3.39134e-05
-1.3056e+08 -3.38538e-05
-1.3033e+08 -3.37942e-05
-1.301e+08 -3.37346e-05
-1.2987e+08 -3.3675e-05
-1.29641e+08 -3.36155e-05
-1.29411e+08 -3.35559e-05
-1.29181e+08 -3.34963e-05
-1.28951e+08 -3.34367e-05
-1.28721e+08 -3.33771e-05
-1.28491e+08 -3.33175e-05
-1.28262e+08 -3.32579e-05
-1.28032e+08 -3.31983e-05
-1.27802e+08 -3.31387e-05
-1.27572e+08 -3.30791e-05
-1.27342e+08 -3.30195e-05
-1.27112e+08 -3.29599e-05
-1.26883e+08 -3.29003e-05
-1.26653e+08 -3.28407e-05
-1.26423e+08 -3.27812e-05
-1.26193e+08 -3.27216e-05
-1.25963e+08 -3.2662e-05
-1.25734e+08 -3.26024e-05
-1.25504e+08 -3.25428e-05
-1.25274e+08 -3.24832e-05
-1.25044e+08 -3.24236e-05
-1.24814e+08 -3.2364e-05
-1.24585e+08 -3.23045e-05
-1.24355e+08 -3.22449e-05
-1.24125e+08 -3.21853e-05
-1.23895e+08 -3.21257e-05
-1.23665e+08 -3.20661e-05
-1.23436e+08 -3.20065e-05
-1.23206e+08 -3.1947e-05
-1.22976e+08 -3.18874e-05
-1.22746e+08 -3.18278e-05
-1.22516e+08 -3.17682e-05
-1.22287e+08 -3.17086e-05
-1.22057e+08 -3.1649e-05
-1.21827e+08 -3.15895e-05
-1.21597e+08 -3.15299e-05
-1.21368e+08 -3.14703e-05
-1.21138e+08 -3.14107e-05
-1.20908e+08 -3.13511e-05
-1.20678e+08 -3.12916e-05
-1.20448e+08 -3.1232e-05
-1.20219e+08 -3.11724e-05
-1.19989e+08 -3.11128e-05
-1.19759e+08 -3.10532e-05
-1.19529e+08 -3.09937e-05
-1.193e+08 -3.09341e-05
-1.1907e+08 -3.08745e-05
-1.1884e+08 -3.08149e-05
-1.1861e+08 -3.07554e-05
-1.18381e+08 -3.06958e-05
-1.18151e+08 -3.06362e-05
-1.17921e+08 -3.05766e-05
-1.17691e+08 -3.05171e-05
-1.17462e+08 -3.04575e-05
-1.17232e+08 -3.03979e-05
-1.17002e+08 -3.03383e-05
-1.16772e+08 -3.02788e-05
-1.16543e+08 -3.02192e-05
-1.16313e+08 -3.01596e-05
-1.16083e+08 -3.01e-05
-1.15853e+08 -3.00405e-05
-1.15624e+08 -2.99809e-05
-1.15394e+08 -2.99213e-05
-1.15164e+08 -2.98618e-05
-1.14934e+08 -2.98022e-05
-1.14705e+08 -2.97426e-05
-1.14475e+08 -2.9683e-05
-1.14245e+08 -2.96235e-05
-1.14015e+08 -2.95639e-05
-1.13786e+08 -2.95043e-05
-1.13556e+08 -2.94448e-05
-1.13326e+08 -2.93852e-05
-1.13097e+08 -2.93256e-05
-1.12867e+08 -2.92661e-05
-1.12637e+08 -2.92065e-05
-1.12407e+08 -2.91469e-05
-1.12178e+08 -2.90874e-05
-1.11948e+08 -2.90278e-05
-1.11718e+08 -2.89682e-05
-1.11488e+08 -2.89087e-05
-1.11259e+08 -2.88491e-05
-1.11029e+08 -2.87896e-05
-1.10799e+08 -2.873e-05
-1.1057e+08 -2.86704e-05
-1.1034e+08 -2.86109e-05
-1.1011e+08 -2.85513e-05
-1.09881e+08 -2.84917e-05
-1.09651e+08 -2.84322e-05
-1.09421e+08 -2.83726e-05
-1.09191e+08 -2.83131e-05
-1.08962e+08 -2.82535e-05
-1.08732e+08 -2.81939e-05
-1.08502e+08 -2.81344e-05
-1.08273e+08 -2.80748e-05
-1.08043e+08 -2.80153e-05
-1.07813e+08 -2.79557e-05
-1.07584e+08 -2.78961e-05
-1.07354e+08 -2.78366e-05
-1.07124e+08 -2.7777e-05
-1.06894e+08 -2.77175e-05
-1.06665e+08 -2.76579e-05
-1.06435e+08 -2.75984e-05
-1.06205e+08 -2.75388e-05
-1.05976e+08 -2.74793e-05
-1.05746e+08 -2.74197e-05
-1.05516e+08 -2.73601e-05
-1.05287e+08 -2.73006e-05
-1.05057e+08 -2.7241e-05
-1.04827e+08 -2.71815e-05
-1.04598e+08 -2.71219e-05
-1.04368e+08 -2.70624e-05
-1.04138e+08 -2.70028e-05
-1.03909e+08 -2.69433e-05
-1.03679e+08 -2.68837e-05
-1.03449e+08 -2.68242e-05
-1.0322e+08 -2.67646e-05
-1.0299e+08 -2.67051e-05
-1.0276e+08 -2.66455e-05
-1.02531e+08 -2.6586e-05
-1.02301e+08 -2.65264e-05
-1.02072e+08 -2.64669e-05
-1.01842e+08 -2.64073e-05
-1.01612e+08 -2.63478e-05
-1.01383e+08 -2.62882e-05
-1.01153e+08 -2.62287e-05
-1.00923e+08 -2.61691e-05
-1.00694e+08 -2.61096e-05
-1.00464e+08 -2.60501e-05
-1.00234e+08 -2.59905e-05
-1.00005e+08 -2.5931e-05
-9.9775e+07 -2.58714e-05
-9.95454e+07 -2.58119e-05
-9.93158e+07 -2.57523e-05
-9.90861e+07 -2.56928e-05
-9.88565e+07 -2.56332e-05
-9.86269e+07 -2.55737e-05
-9.83973e+07 -2.55142e-05
-9.81676e+07 -2.54546e-05
-9.7938e+07 -2.53951e-05
-9.77084e+07 -2.53355e-05
-9.74787e+07 -2.5276e-05
-9.72491e+07 -2.52165e-05
-9.70195e+07 -2.51569e-05
-9.67899e+07 -2.50974e-05
-9.65603e+07 -2.50378e-05
-9.63307e+07 -2.49783e-05
-9.6101e+07 -2.49188e-05
-9.58714e+07 -2.48592e-05
-9.56418e+07 -2.47997e-05
-9.54122e+07 -2.47401e-05
-9.51826e+07 -2.46806e-05
-9.4953e+07 -2.46211e-05
-9.47234e+07 -2.45615e-05
-9.44938e+07 -2.4502e-05
-9.42642e+07 -2.44425e-05
-9.40346e+07 -2.43829e-05
-9.3805e+07 -2.43234e-05
-9.35754e+07 -2.42639e-05
-9.33458e+07 -2.42043e-05
-9.31162e+07 -2.41448e-05
-9.28866e+07 -2.40853e-05
-9.2657e+07 -2.40257e-05
-9.24274e+07 -2.39662e-05
-9.21978e+07 -2.39067e-05
-9.19683e+07 -2.38471e-05
-9.17387e+07 -2.37876e-05
-9.15091e+07 -2.37281e-05
-9.12795e+07 -2.36685e-05
-9.10499e+07 -2.3609e-05
-9.08203e+07 -2.35495e-05
-9.05907e+07 -2.349e-05
-9.03612e+07 -2.34304e-05
-9.01316e+07 -2.33709e-05
-8.9902e+07 -2.33114e-05
-8.96724e+07 -2.32518e-05
-8.94429e+07 -2.31923e-05
-8.92133e+07 -2.31328e-05
-8.89838e+07 -2.30733e-05
-8.87542e+07 -2.30137e-05
-8.85246e+07 -2.29542e-05
-8.82951e+07 -2.28947e-05
-8.80655e+07 -2.28352e-05
-8.78359e+07 -2.27756e-05
-8.76064e+07 -2.27161e-05
-8.73768e+07 -2.26566e-05
-8.71472e+07 -2.25971e-05
-8.69177e+07 -2.25375e-05
-8.66882e+07 -2.2478e-05
-8.64586e+07 -2.24185e-05
-8.62291e+07 -2.2359e-05
-8.59995e+07 -2.22995e-05
-8.577e+07 -2.22399e-05
-8.55404e+07 -2.21804e-05
-8.53109e+07 -2.21209e-05
-8.50813e+07 -2.20614e-05
-8.48518e+07 -2.20019e-05
-8.46222e+07 -2.19423e-05
-8.43927e+07 -2.18828e-05
-8.41632e+07 -2.18233e-05
-8.39336e+07 -2.17638e-05
-8.37041e+07 -2.17043e-05
-8.34746e+07 -2.16447e-05
-8.3245e+07 -2.15852e-05
-8.30155e+07 -2.15257e-05
-8.2786e+07 -2.14662e-05
-8.25565e+07 -2.14067e-05
-8.23269e+07 -2.13472e-05
-8.20974e+07 -2.12877e-05
-8.18679e+07 -2.12281e-05
-8.16384e+07 -2.11686e-05
-8.14088e+07 -2.11091e-05
-8.11793e+07 -2.10496e-05
-8.09498e+07 -2.09901e-05
-8.07203e+07 -2.09306e-05
-8.04908e+07 -2.08711e-05
-8.02613e+07 -2.08115e-05
-8.00318e+07 -2.0752e-05
-7.98023e+07 -2.06925e-05
-7.95728e+07 -2.0633e-05
-7.93433e+07 -2.05735e-05
-7.91138e+07 -2.0514e-05
-7.88843e+07 -2.04545e-05
-7.86547e+07 -2.0395e-05
-7.84253e+07 -2.03355e-05
-7.81958e+07 -2.0276e-05
-7.79663e+07 -2.02165e-05
-7.77368e+07 -2.01569e-05
-7.75073e+07 -2.00974e-05
-7.72778e+07 -2.00379e-05
-7.70483e+07 -1.99784e-05
-7.68188e+07 -1.99189e-05
-7.65893e+07 -1.98594e-05
-7.63598e+07 -1.97999e-05
-7.61303e+07 -1.97404e-05
-7.59009e+07 -1.96809e-05
-7.56714e+07 -1.96214e-05
-7.54419e+07 -1.95619e-05
-7.52124e+07 -1.95024e-05
-7.49829e+07 -1.94429e-05
-7.47535e+07 -1.93834e-05
-7.4524e+07 -1.93239e-05
-7.42945e+07 -1.92644e-05
-7.40651e+07 -1.92049e-05
-7.38356e+07 -1.91454e-05
-7.36061e+07 -1.90859e-05
-7.33767e+07 -1.90264e-05
-7.31472e+07 -1.89669e-05
-7.29177e+07 -1.89074e-05
-7.26883e+07 -1.88479e-05
-7.24588e+07 -1.87884e-05
-7.22293e+07 -1.87289e-05
-7.19999e+07 -1.86694e-05
-7.17704e+07 -1.86099e-05
-7.1541e+07 -1.85504e-05
-7.13115e+07 -1.84909e-05
-7.10821e+07 -1.84314e-05
-7.08526e+07 -1.83719e-05
-7.06232e+07 -1.83124e-05
-7.03937e+07 -1.82529e-05
-7.01643e+07 -1.81934e-05
-6.99348e+07 -1.81339e-05
-6.97054e+07 -1.80744e-05
-6.9476e+07 -1.80149e-05
-6.92465e+07 -1.79554e-05
-6.90171e+07 -1.7896e-05
-6.87876e+07 -1.78365e-05
-6.85582e+07 -1.7777e-05
-6.83288e+07 -1.77175e-05
-6.80993e+07 -1.7658e-05
-6.78699e+07 -1.75985e-05
-6.76405e+07 -1.7539e-05
-6.7411e+07 -1.74795e-05
-6.71816e+07 -1.742e-05
-6.69522e+07 -1.73605e-05
-6.67228e+07 -1.7301e-05
-6.64934e+07 -1.72416e-05
-6.62639e+07 -1.71821e-05
-6.60345e+07 -1.71226e-05
-6.58051e+07 -1.70631e-05
-6.55757e+07 -1.70036e-05
-6.53463e+07 -1.69441e-05
-6.51169e+07 -1.68846e-05
-6.48875e+07 -1.68252e-05
-6.4658e+07 -1.67657e-05
-6.44286e+07 -1.67062e-05
-6.41992e+07 -1.66467e-05
-6.39698e+07 -1.65872e-05
-6.37404e+07 -1.65277e-05
-6.3511e+07 -1.64682e-05
-6.32816e+07 -1.64088e-05
-6.30522e+07 -1.63493e-05
-6.28228e+07 -1.62898e-05
-6.25934e+07 -1.62303e-05
-6.2364e+07 -1.61708e-05
-6.21346e+07 -1.61114e-05
-6.19052e+07 -1.60519e-05
-6.16759e+07 -1.59924e-05
-6.14465e+07 -1.59329e-05
-6.12171e+07 -1.58734e-05
-6.09877e+07 -1.5814e-05
-6.07583e+07 -1.57545e-05
-6.05289e+07 -1.5695e-05
-6.02996e+07 -1.56355e-05
-6.00702e+07 -1.5576e-05
-5.98408e+07 -1.55166e-05
-5.96114e+07 -1.54571e-05
-5.9382e+07 -1.53976e-05
-5.91527e+07 -1.53381e-05
-5.89233e+07 -1.52787e-05
-5.86939e+07 -1.52192e-05
-5.84645e+07 -1.51597e-05
-5.82352e+07 -1.51002e-05
-5.80058e+07 -1.50408e-05
-5.77765e+07 -1.49813e-05
-5.75471e+07 -1.49218e-05
-5.73177e+07 -1.48623e-05
-5.70884e+07 -1.48029e-05
-5.6859e+07 -1.47434e-05
-5.66297e+07 -1.46839e-05
-5.64003e+07 -1.46245e-05
-5.61709e+07 -1.4565e-05
-5.59416e+07 -1.45055e-05
-5.57122e+07 -1.4446e-05
-5.54829e+07 -1.43866e-05
-5.52535e+07 -1.43271e-05
-5.50242e+07 -1.42676e-05
-5.47949e+07 -1.42082e-05
-5.45655e+07 -1.41487e-05
-5.43362e+07 -1.40892e-05
-5.41068e+07 -1.40298e-05
-5.38775e+07 -1.39703e-05
-5.36481e+07 -1.39108e-05
-5.34188e+07 -1.38514e-05
-5.31895e+07 -1.37919e-05
-5.29601e+07 -1.37324e-05
-5.27308e+07 -1.3673e-05
-5.25015e+07 -1.36135e-05
-5.22722e+07 -1.3554e-05
-5.20428e+07 -1.34946e-05
-5.18135e+07 -1.34351e-05
-5.15842e+07 -1.33756e-05
-5.13549e+07 -1.33162e-05
-5.11255e+07 -1.32567e-05
-5.08962e+07 -1.31973e-05
-5.06669e+07 -1.31378e-05
-5.04376e+07 -1.30783e-05
-5.02083e+07 -1.30189e-05
-4.99789e+07 -1.29594e-05
-4.97496e+07 -1.29e-05
-4.95203e+07 -1.28405e-05
-4.9291e+07 -1.2781e-05
-4.90617e+07 -1.27216e-05
-4.88324e+07 -1.26621e-05
-4.86031e+07 -1.26027e-05
-4.83738e+07 -1.25432e-05
-4.81445e+07 -1.24837e-05
-4.79152e+07 -1.24243e-05
-4.76859e+07 -1.23648e-05
-4.74566e+07 -1.23054e-05
-4.72273e+07 -1.22459e-05
-4.6998e+07 -1.21865e-05
-4.67687e+07 -1.2127e-05
-4.65394e+07 -1.20676e-05
-4.63101e+07 -1.20081e-05
-4.60809e+07 -1.19486e-05
-4.58516e+07 -1.18892e-05
-4.56223e+07 -1.18297e-05
-4.5393e+07 -1.17703e-05
-4.51637e+07 -1.17108e-05
-4.49344e+07 -1.16514e-05
-4.47051e+07 -1.15919e-05
-4.44759e+07 -1.15325e-05
-4.42466e+07 -1.1473e-05
-4.40173e+07 -1.14136e-05
-4.37881e+07 -1.13541e-05
-4.35588e+07 -1.12947e-05
-4.33295e+07 -1.12352e-05
-4.31002e+07 -1.11758e-05
-4.2871e+07 -1.11163e-05
-4.26417e+07 -1.10569e-05
-4.24124e+07 -1.09974e-05
-4.21832e+07 -1.0938e-05
-4.19539e+07 -1.08785e-05
-4.17247e+07 -1.08191e-05
-4.14954e+07 -1.07596e-05
-4.12661e+07 -1.07002e-05
-4.10369e+07 -1.06408e-05
-4.08076e+07 -1.05813e-05
-4.05784e+07 -1.05219e-05
-4.03491e+07 -1.04624e-05
-4.01198e+07 -1.0403e-05
-3.98906e+07 -1.03435e-05
-3.96614e+07 -1.02841e-05
-3.94321e+07 -1.02246e-05
-3.92029e+07 -1.01652e-05
-3.89736e+07 -1.01058e-05
-3.87444e+07 -1.00463e-05
-3.85152e+07 -9.98688e-06
-3.82859e+07 -9.92744e-06
-3.80567e+07 -9.868e-06
-3.78274e+07 -9.80856e-06
-3.75982e+07 -9.74912e-06
-3.7369e+07 -9.68968e-06
-3.71398e+07 -9.63024e-06
-3.69105e+07 -9.57081e-06
-3.66813e+07 -9.51137e-06
