-0.544888 -7.21342e-14
-0.782395 -1.03576e-13
-0.650896 -8.61679e-14
-0.0710511 -9.40599e-15
1.06094 1.40451e-13
2.87487 3.80585e-13
5.55355 7.35199e-13
9.34411 1.23701e-12
14.5789 1.93001e-12
21.757 2.88027e-12
-1.62039e+06 -2.14512e-07
-3.24079e+06 -4.29028e-07
-4.8612e+06 -6.43543e-07
-6.48161e+06 -8.58058e-07
-8.10202e+06 -1.07257e-06
-9.72242e+06 -1.28709e-06
-1.13428e+07 -1.5016e-06
-1.29632e+07 -1.71612e-06
-1.45836e+07 -1.93063e-06
-1.62041e+07 -2.14515e-06
-1.78245e+07 -2.35966e-06
-1.94449e+07 -2.57418e-06
-2.10653e+07 -2.78869e-06
-2.26857e+07 -3.00321e-06
-2.43061e+07 -3.21772e-06
-2.59265e+07 -3.43224e-06
-2.75469e+07 -3.64675e-06
-2.91673e+07 -3.86127e-06
-3.07877e+07 -4.07578e-06
-3.24081e+07 -4.2903e-06
-3.40285e+07 -4.50481e-06
-3.56489e+07 -4.71933e-06
-3.72693e+07 -4.93384e-06
-3.88897e+07 -5.14836e-06
-4.05101e+07 -5.36287e-06
-4.21305e+07 -5.57739e-06
-4.3751e+07 -5.7919e-06
-4.53714e+07 -6.00642e-06
-4.69918e+07 -6.22093e-06
-4.86122e+07 -6.43545e-06
-5.02326e+07 -6.64996e-06
-5.1853e+07 -6.86448e-06
-5.34734e+07 -7.07899e-06
-5.50938e+07 -7.29351e-06
-5.67142e+07 -7.50802e-06
-5.83346e+07 -7.72254e-06
-5.9955e+07 -7.93705e-06
-6.15754e+07 -8.15157e-06
-6.31958e+07 -8.36608e-06
-6.48162e+07 -8.5806e-06
-6.64366e+07 -8.79511e-06
-6.8057e+07 -9.00963e-06
-6.96774e+07 -9.22414e-06
-7.12978e+07 -9.43865e-06
-7.29182e+07 -9.65317e-06
-7.45386e+07 -9.86768e-06
-7.6159e+07 -1.00822e-05
-7.77794e+07 -1.02967e-05
-7.93998e+07 -1.05112e-05
-8.10202e+07 -1.07257e-05
-8.26406e+07 -1.09403e-05
-8.4261e+07 -1.11548e-05
-8.58814e+07 -1.13693e-05
-8.75018e+07 -1.15838e-05
-8.91222e+07 -1.17983e-05
-9.07426e+07 -1.20128e-05
-9.2363e+07 -1.22273e-05
-9.39834e+07 -1.24419e-05
-9.56038e+07 -1.26564e-05
-9.72242e+07 -1.28709e-05
-9.88446e+07 -1.30854e-05
-1.00465e+08 -1.32999e-05
-1.02085e+08 -1.35144e-05
-1.03706e+08 -1.37289e-05
-1.05326e+08 -1.39435e-05
-1.06947e+08 -1.4158e-05
-1.08567e+08 -1.43725e-05
-1.10187e+08 -1.4587e-05
-1.11808e+08 -1.48015e-05
-1.13428e+08 -1.5016e-05
-1.15049e+08 -1.52305e-05
-1.16669e+08 -1.54451e-05
-1.18289e+08 -1.56596e-05
-1.1991e+08 -1.58741e-05
-1.2153e+08 -1.60886e-05
-1.23151e+08 -1.63031e-05
-1.24771e+08 -1.65176e-05
-1.26391e+08 -1.67321e-05
-1.28012e+08 -1.69467e-05
-1.29632e+08 -1.71612e-05
-1.31253e+08 -1.73757e-05
-1.32873e+08 -1.75902e-05
-1.34493e+08 -1.78047e-05
-1.36114e+08 -1.80192e-05
-1.37734e+08 -1.82337e-05
-1.39355e+08 -1.84483e-05
-1.40975e+08 -1.86628e-05
-1.42595e+08 -1.88773e-05
-1.44216e+08 -1.90918e-05
-1.45836e+08 -1.93063e-05
-1.47457e+08 -1.95208e-05
-1.49077e+08 -1.97353e-05
-1.50697e+08 -1.99498e-05
-1.52318e+08 -2.01644e-05
-1.53938e+08 -2.03789e-05
-1.55559e+08 -2.05934e-05
-1.57179e+08 -2.08079e-05
-1.58799e+08 -2.10224e-05
-1.6042e+08 -2.12369e-05
-1.6204e+08 -2.14514e-05
-1.63661e+08 -2.1666e-05
-1.65281e+08 -2.18805e-05
-1.66901e+08 -2.2095e-05
-1.68522e+08 -2.23095e-05
-1.70142e+08 -2.2524e-05
-1.71763e+08 -2.27385e-05
-1.73383e+08 -2.2953e-05
-1.75003e+08 -2.31676e-05
-1.76624e+08 -2.33821e-05
-1.78244e+08 -2.35966e-05
-1.79865e+08 -2.38111e-05
-1.81485e+08 -2.40256e-05
-1.83105e+08 -2.42401e-05
-1.84726e+08 -2.44546e-05
-1.86346e+08 -2.46691e-05
-1.87966e+08 -2.48837e-05
-1.89587e+08 -2.50982e-05
-1.91207e+08 -2.53127e-05
-1.92828e+08 -2.55272e-05
-1.94448e+08 -2.57417e-05
-1.96068e+08 -2.59562e-05
-1.97689e+08 -2.61707e-05
-1.99309e+08 -2.63853e-05
-2.0093e+08 -2.65998e-05
-2.0255e+08 -2.68143e-05
-2.0417e+08 -2.70288e-05
-2.05791e+08 -2.72433e-05
-2.07411e+08 -2.74578e-05
-2.09032e+08 -2.76723e-05
-2.10652e+08 -2.78868e-05
-2.12272e+08 -2.81014e-05
-2.13893e+08 -2.83159e-05
-2.15513e+08 -2.85304e-05
-2.17134e+08 -2.87449e-05
-2.18754e+08 -2.89594e-05
-2.20374e+08 -2.91739e-05
-2.21995e+08 -2.93884e-05
-2.23615e+08 -2.9603e-05
-2.25236e+08 -2.98175e-05
-2.26856e+08 -3.0032e-05
-2.28476e+08 -3.02465e-05
-2.30097e+08 -3.0461e-05
-2.31717e+08 -3.06755e-05
-2.33337e+08 -3.089e-05
-2.34958e+08 -3.11045e-05
-2.36578e+08 -3.13191e-05
-2.38199e+08 -3.15336e-05
-2.39819e+08 -3.17481e-05
-2.41439e+08 -3.19626e-05
-2.4306e+08 -3.21771e-05
-2.4468e+08 -3.23916e-05
-2.46301e+08 -3.26061e-05
-2.47921e+08 -3.28206e-05
-2.49541e+08 -3.30352e-05
-2.51162e+08 -3.32497e-05
-2.52782e+08 -3.34642e-05
-2.54403e+08 -3.36787e-05
-2.56023e+08 -3.38932e-05
-2.57643e+08 -3.41077e-05
-2.59264e+08 -3.43222e-05
-2.60884e+08 -3.45367e-05
-2.62504e+08 -3.47513e-05
-2.64125e+08 -3.49658e-05
-2.65745e+08 -3.51803e-05
-2.67366e+08 -3.53948e-05
-2.68986e+08 -3.56093e-05
-2.70606e+08 -3.58238e-05
-2.72227e+08 -3.60383e-05
-2.73847e+08 -3.62529e-05
-2.75468e+08 -3.64674e-05
-2.77088e+08 -3.66819e-05
-2.78708e+08 -3.68964e-05
-2.80329e+08 -3.71109e-05
-2.81949e+08 -3.73254e-05
-2.8357e+08 -3.75399e-05
-2.8519e+08 -3.77544e-05
-2.8681e+08 -3.79689e-05
-2.88431e+08 -3.81835e-05
-2.90051e+08 -3.8398e-05
-2.91671e+08 -3.86125e-05
-2.93292e+08 -3.8827e-05
-2.94912e+08 -3.90415e-05
-2.96533e+08 -3.9256e-05
-2.98153e+08 -3.94705e-05
-2.99773e+08 -3.9685e-05
-3.01394e+08 -3.98996e-05
-3.03014e+08 -4.01141e-05
-3.04635e+08 -4.03286e-05
-3.06255e+08 -4.05431e-05
-3.07875e+08 -4.07576e-05
-3.09496e+08 -4.09721e-05
-3.11116e+08 -4.11866e-05
-3.12736e+08 -4.14011e-05
-3.14357e+08 -4.16157e-05
-3.15977e+08 -4.18302e-05
-3.17598e+08 -4.20447e-05
-3.19218e+08 -4.22592e-05
-3.20838e+08 -4.24737e-05
-3.22459e+08 -4.26882e-05
-3.24079e+08 -4.29027e-05
-3.257e+08 -4.31172e-05
-3.2732e+08 -4.33318e-05
-3.2894e+08 -4.35463e-05
-3.30561e+08 -4.37608e-05
-3.32181e+08 -4.39753e-05
-3.33801e+08 -4.41898e-05
-3.35422e+08 -4.44043e-05
-3.37042e+08 -4.46188e-05
-3.38663e+08 -4.48333e-05
-3.40283e+08 -4.50479e-05
-3.41903e+08 -4.52624e-05
-3.43524e+08 -4.54769e-05
-3.45144e+08 -4.56914e-05
-3.46764e+08 -4.59059e-05
-3.48385e+08 -4.61204e-05
-3.50005e+08 -4.63349e-05
-3.51626e+08 -4.65494e-05
-3.53246e+08 -4.67639e-05
-3.54866e+08 -4.69785e-05
-3.56487e+08 -4.7193e-05
-3.58107e+08 -4.74075e-05
-3.59728e+08 -4.7622e-05
-3.61348e+08 -4.78365e-05
-3.62968e+08 -4.8051e-05
-3.64589e+08 -4.82655e-05
-3.66209e+08 -4.848e-05
-3.67829e+08 -4.86946e-05
-3.6945e+08 -4.89091e-05
-3.7107e+08 -4.91236e-05
-3.72691e+08 -4.93381e-05
-3.74311e+08 -4.95526e-05
-3.75931e+08 -4.97671e-05
-3.77552e+08 -4.99816e-05
-3.79172e+08 -5.01961e-05
-3.80792e+08 -5.04106e-05
-3.82413e+08 -5.06252e-05
-3.84033e+08 -5.08397e-05
-3.85654e+08 -5.10542e-05
-3.87274e+08 -5.12687e-05
-3.88894e+08 -5.14832e-05
-3.90515e+08 -5.16977e-05
-3.92135e+08 -5.19122e-05
-3.93756e+08 -5.21267e-05
-3.95376e+08 -5.23412e-05
-3.96996e+08 -5.25558e-05
-3.98617e+08 -5.27703e-05
-4.00237e+08 -5.29848e-05
-4.01857e+08 -5.31993e-05
-4.03478e+08 -5.34138e-05
-4.05098e+08 -5.36283e-05
-4.06719e+08 -5.38428e-05
-4.08339e+08 -5.40573e-05
-4.09959e+08 -5.42718e-05
-4.1158e+08 -5.44864e-05
-4.132e+08 -5.47009e-05
-4.1482e+08 -5.49154e-05
-4.16441e+08 -5.51299e-05
-4.18061e+08 -5.53444e-05
-4.19682e+08 -5.55589e-05
-4.21302e+08 -5.57734e-05
-4.22922e+08 -5.59879e-05
-4.24543e+08 -5.62024e-05
-4.26163e+08 -5.6417e-05
-4.27783e+08 -5.66315e-05
-4.29404e+08 -5.6846e-05
-4.31024e+08 -5.70605e-05
-4.32645e+08 -5.7275e-05
-4.34265e+08 -5.74895e-05
-4.35885e+08 -5.7704e-05
-4.37506e+08 -5.79185e-05
-4.39126e+08 -5.8133e-05
-4.40746e+08 -5.83476e-05
-4.42367e+08 -5.85621e-05
-4.43987e+08 -5.87766e-05
-4.45608e+08 -5.89911e-05
-4.47228e+08 -5.92056e-05
-4.48848e+08 -5.94201e-05
-4.50469e+08 -5.96346e-05
-4.52089e+08 -5.98491e-05
-4.53709e+08 -6.00636e-05
-4.5533e+08 -6.02782e-05
-4.5695e+08 -6.04927e-05
-4.58571e+08 -6.07072e-05
-4.60191e+08 -6.09217e-05
-4.61811e+08 -6.11362e-05
-4.63432e+08 -6.13507e-05
-4.65052e+08 -6.15652e-05
-4.66672e+08 -6.17797e-05
-4.68293e+08 -6.19942e-05
-4.69913e+08 -6.22087e-05
-4.71534e+08 -6.24233e-05
-4.73154e+08 -6.26378e-05
-4.74774e+08 -6.28523e-05
-4.76395e+08 -6.30668e-05
-4.78015e+08 -6.32813e-05
-4.79635e+08 -6.34958e-05
-4.81256e+08 -6.37103e-05
-4.82876e+08 -6.39248e-05
-4.84497e+08 -6.41393e-05
-4.86117e+08 -6.43539e-05
-4.87737e+08 -6.45684e-05
-4.89358e+08 -6.47829e-05
-4.90978e+08 -6.49974e-05
-4.92598e+08 -6.52119e-05
-4.94219e+08 -6.54264e-05
-4.95839e+08 -6.56409e-05
-4.97459e+08 -6.58554e-05
-4.9908e+08 -6.60699e-05
-5.007e+08 -6.62844e-05
-5.02321e+08 -6.6499e-05
-5.03941e+08 -6.67135e-05
-5.05561e+08 -6.6928e-05
-5.07182e+08 -6.71425e-05
-5.08802e+08 -6.7357e-05
-5.10422e+08 -6.75715e-05
-5.12043e+08 -6.7786e-05
-5.13663e+08 -6.80005e-05
-5.15284e+08 -6.8215e-05
-5.16904e+08 -6.84295e-05
-5.18524e+08 -6.86441e-05
-5.20145e+08 -6.88586e-05
-5.21765e+08 -6.90731e-05
-5.23385e+08 -6.92876e-05
-5.25006e+08 -6.95021e-05
-5.26626e+08 -6.97166e-05
-5.28246e+08 -6.99311e-05
-5.29867e+08 -7.01456e-05
-5.31487e+08 -7.03601e-05
-5.33108e+08 -7.05746e-05
-5.34728e+08 -7.07892e-05
-5.36348e+08 -7.10037e-05
-5.37969e+08 -7.12182e-05
-5.39589e+08 -7.14327e-05
-5.41209e+08 -7.16472e-05
-5.4283e+08 -7.18617e-05
-5.4445e+08 -7.20762e-05
-5.46071e+08 -7.22907e-05
-5.47691e+08 -7.25052e-05
-5.49311e+08 -7.27197e-05
-5.50932e+08 -7.29343e-05
-5.52552e+08 -7.31488e-05
-5.54172e+08 -7.33633e-05
-5.55793e+08 -7.35778e-05
-5.57413e+08 -7.37923e-05
-5.59033e+08 -7.40068e-05
-5.60654e+08 -7.42213e-05
-5.62274e+08 -7.44358e-05
-5.63895e+08 -7.46503e-05
-5.65515e+08 -7.48648e-05
-5.67135e+08 -7.50794e-05
-5.68756e+08 -7.52939e-05
-5.70376e+08 -7.55084e-05
-5.71996e+08 -7.57229e-05
-5.73617e+08 -7.59374e-05
-5.75237e+08 -7.61519e-05
-5.76857e+08 -7.63664e-05
-5.78478e+08 -7.65809e-05
-5.80098e+08 -7.67954e-05
-5.81719e+08 -7.70099e-05
-5.83339e+08 -7.72244e-05
-5.84959e+08 -7.7439e-05
-5.8658e+08 -7.76535e-05
-5.882e+08 -7.7868e-05
-5.8982e+08 -7.80825e-05
-5.91441e+08 -7.8297e-05
-5.93061e+08 -7.85115e-05
-5.94681e+08 -7.8726e-05
-5.96302e+08 -7.89405e-05
-5.97922e+08 -7.9155e-05
-5.99543e+08 -7.93695e-05
-6.01163e+08 -7.95841e-05
-6.02783e+08 -7.97986e-05
-6.04404e+08 -8.00131e-05
-6.06024e+08 -8.02276e-05
-6.07644e+08 -8.04421e-05
-6.09265e+08 -8.06566e-05
-6.10885e+08 -8.08711e-05
-6.12505e+08 -8.10856e-05
-6.14126e+08 -8.13001e-05
-6.15746e+08 -8.15146e-05
-6.17367e+08 -8.17291e-05
-6.18987e+08 -8.19437e-05
-6.20607e+08 -8.21582e-05
-6.22228e+08 -8.23727e-05
-6.23848e+08 -8.25872e-05
-6.25468e+08 -8.28017e-05
-6.27089e+08 -8.30162e-05
-6.28709e+08 -8.32307e-05
-6.30329e+08 -8.34452e-05
-6.3195e+08 -8.36597e-05
-6.3357e+08 -8.38742e-05
-6.3519e+08 -8.40887e-05
-6.36811e+08 -8.43033e-05
-6.38431e+08 -8.45178e-05
-6.40052e+08 -8.47323e-05
-6.41672e+08 -8.49468e-05
-6.43292e+08 -8.51613e-05
-6.44913e+08 -8.53758e-05
-6.46533e+08 -8.55903e-05
-6.48153e+08 -8.58048e-05
-6.49774e+08 -8.60193e-05
-6.51394e+08 -8.62338e-05
-6.53014e+08 -8.64483e-05
-6.54635e+08 -8.66628e-05
-6.56255e+08 -8.68774e-05
-6.57876e+08 -8.70919e-05
-6.59496e+08 -8.73064e-05
-6.61116e+08 -8.75209e-05
-6.62737e+08 -8.77354e-05
-6.64357e+08 -8.79499e-05
-6.65977e+08 -8.81644e-05
-6.67598e+08 -8.83789e-05
-6.69218e+08 -8.85934e-05
-6.70838e+08 -8.88079e-05
-6.72459e+08 -8.90224e-05
-6.74079e+08 -8.9237e-05
-6.75699e+08 -8.94515e-05
-6.7732e+08 -8.9666e-05
-6.7894e+08 -8.98805e-05
-6.80561e+08 -9.0095e-05
-6.82181e+08 -9.03095e-05
-6.83801e+08 -9.0524e-05
-6.85422e+08 -9.07385e-05
-6.87042e+08 -9.0953e-05
-6.88662e+08 -9.11675e-05
-6.90283e+08 -9.1382e-05
-6.91903e+08 -9.15965e-05
-6.93523e+08 -9.18111e-05
-6.95144e+08 -9.20256e-05
-6.96764e+08 -9.22401e-05
-6.98384e+08 -9.24546e-05
-7.00005e+08 -9.26691e-05
-7.01625e+08 -9.28836e-05
-7.03246e+08 -9.30981e-05
-7.04866e+08 -9.33126e-05
-7.06486e+08 -9.35271e-05
-7.08107e+08 -9.37416e-05
-7.09727e+08 -9.39561e-05
-7.11347e+08 -9.41706e-05
-7.12968e+08 -9.43852e-05
-7.14588e+08 -9.45997e-05
-7.16208e+08 -9.48142e-05
-7.17829e+08 -9.50287e-05
-7.19449e+08 -9.52432e-05
-7.21069e+08 -9.54577e-05
-7.2269e+08 -9.56722e-05
-7.2431e+08 -9.58867e-05
-7.2593e+08 -9.61012e-05
-7.27551e+08 -9.63157e-05
-7.29171e+08 -9.65302e-05
-7.30792e+08 -9.67447e-05
-7.32412e+08 -9.69592e-05
-7.34032e+08 -9.71738e-05
-7.35653e+08 -9.73883e-05
-7.37273e+08 -9.76028e-05
-7.38893e+08 -9.78173e-05
-7.40514e+08 -9.80318e-05
-7.42134e+08 -9.82463e-05
-7.43754e+08 -9.84608e-05
-7.45375e+08 -9.86753e-05
-7.46995e+08 -9.88898e-05
-7.48615e+08 -9.91043e-05
-7.50236e+08 -9.93188e-05
-7.51856e+08 -9.95333e-05
-7.53476e+08 -9.97479e-05
-7.55097e+08 -9.99624e-05
-7.56717e+08 -0.000100177
-7.58337e+08 -0.000100391
-7.59958e+08 -0.000100606
-7.61578e+08 -0.00010082
-7.63199e+08 -0.000101035
-7.64819e+08 -0.000101249
-7.66439e+08 -0.000101464
-7.6806e+08 -0.000101678
-7.6968e+08 -0.000101893
-7.713e+08 -0.000102107
-7.72921e+08 -0.000102322
-7.74541e+08 -0.000102536
-7.76161e+08 -0.000102751
-7.77782e+08 -0.000102965
-7.79402e+08 -0.00010318
-7.81022e+08 -0.000103394
-7.82643e+08 -0.000103609
-7.84263e+08 -0.000103823
-7.85883e+08 -0.000104038
-7.87504e+08 -0.000104253
-7.89124e+08 -0.000104467
-7.90744e+08 -0.000104682
-7.92365e+08 -0.000104896
-7.93985e+08 -0.000105111
-7.95606e+08 -0.000105325
-7.97226e+08 -0.00010554
-7.98846e+08 -0.000105754
-8.00467e+08 -0.000105969
-8.02087e+08 -0.000106183
-8.03707e+08 -0.000106398
-8.05328e+08 -0.000106612
-8.06948e+08 -0.000106827
-8.08568e+08 -0.000107041
-8.10189e+08 -0.000107256
-8.11809e+08 -0.00010747
-8.13429e+08 -0.000107685
-8.1505e+08 -0.000107899
-8.1667e+08 -0.000108114
-8.1829e+08 -0.000108328
-8.19911e+08 -0.000108543
-8.21531e+08 -0.000108757
-8.23151e+08 -0.000108972
-8.24772e+08 -0.000109186
-8.26392e+08 -0.000109401
-8.28012e+08 -0.000109615
-8.29633e+08 -0.00010983
-8.31253e+08 -0.000110044
-8.32873e+08 -0.000110259
-8.34494e+08 -0.000110473
-8.36114e+08 -0.000110688
-8.37735e+08 -0.000110902
-8.39355e+08 -0.000111117
-8.40975e+08 -0.000111331
-8.42596e+08 -0.000111546
-8.44216e+08 -0.00011176
-8.45836e+08 -0.000111975
-8.47457e+08 -0.000112189
-8.49077e+08 -0.000112404
-8.50697e+08 -0.000112618
-8.52318e+08 -0.000112833
-8.53938e+08 -0.000113047
-8.55558e+08 -0.000113262
-8.57179e+08 -0.000113476
-8.58799e+08 -0.000113691
-8.60419e+08 -0.000113905
-8.6204e+08 -0.00011412
-8.6366e+08 -0.000114334
-8.6528e+08 -0.000114549
-8.66901e+08 -0.000114763
-8.68521e+08 -0.000114978
-8.70141e+08 -0.000115192
-8.71762e+08 -0.000115407
-8.73382e+08 -0.000115621
-8.75002e+08 -0.000115836
-8.76623e+08 -0.00011605
-8.78243e+08 -0.000116265
-8.79863e+08 -0.000116479
-8.81484e+08 -0.000116694
-8.83104e+08 -0.000116908
-8.84724e+08 -0.000117123
-8.86345e+08 -0.000117337
-8.87965e+08 -0.000117552
-8.89585e+08 -0.000117766
-8.91206e+08 -0.000117981
-8.92826e+08 -0.000118195
-8.94446e+08 -0.00011841
-8.96067e+08 -0.000118624
-8.97687e+08 -0.000118839
-8.99308e+08 -0.000119053
-9.00928e+08 -0.000119268
-9.02548e+08 -0.000119482
-9.04169e+08 -0.000119697
-9.05789e+08 -0.000119912
-9.07409e+08 -0.000120126
-9.0903e+08 -0.000120341
-9.1065e+08 -0.000120555
-9.1227e+08 -0.00012077
-9.13891e+08 -0.000120984
-9.15511e+08 -0.000121199
-9.17131e+08 -0.000121413
-9.18752e+08 -0.000121628
-9.20372e+08 -0.000121842
-9.21992e+08 -0.000122057
-9.23613e+08 -0.000122271
-9.25233e+08 -0.000122486
-9.26853e+08 -0.0001227
-9.28474e+08 -0.000122915
-9.30094e+08 -0.000123129
-9.31714e+08 -0.000123344
-9.33335e+08 -0.000123558
-9.34955e+08 -0.000123773
-9.36575e+08 -0.000123987
-9.38196e+08 -0.000124202
-9.39816e+08 -0.000124416
-9.41436e+08 -0.000124631
-9.43057e+08 -0.000124845
-9.44677e+08 -0.00012506
-9.46297e+08 -0.000125274
-9.47918e+08 -0.000125489
-9.49538e+08 -0.000125703
-9.51158e+08 -0.000125918
-9.52779e+08 -0.000126132
-9.54399e+08 -0.000126347
-9.56019e+08 -0.000126561
-9.5764e+08 -0.000126776
-9.5926e+08 -0.00012699
-9.6088e+08 -0.000127205
-9.62501e+08 -0.000127419
-9.64121e+08 -0.000127634
-9.65741e+08 -0.000127848
-9.67362e+08 -0.000128063
-9.68982e+08 -0.000128277
-9.70602e+08 -0.000128492
-9.72223e+08 -0.000128706
-9.73843e+08 -0.000128921
-9.75463e+08 -0.000129135
-9.77084e+08 -0.00012935
-9.78704e+08 -0.000129564
-9.80324e+08 -0.000129779
-9.81945e+08 -0.000129993
-9.83565e+08 -0.000130208
-9.85185e+08 -0.000130422
-9.86806e+08 -0.000130637
-9.88426e+08 -0.000130851
-9.90046e+08 -0.000131066
-9.91667e+08 -0.00013128
-9.93287e+08 -0.000131495
-9.94907e+08 -0.000131709
-9.96528e+08 -0.000131924
-9.98148e+08 -0.000132138
-9.99768e+08 -0.000132353
-1.00139e+09 -0.000132567
-1.00301e+09 -0.000132782
-1.00463e+09 -0.000132996
-1.00625e+09 -0.000133211
-1.00787e+09 -0.000133425
-1.00949e+09 -0.00013364
-1.01111e+09 -0.000133854
-1.01273e+09 -0.000134069
-1.01435e+09 -0.000134283
-1.01597e+09 -0.000134498
-1.01759e+09 -0.000134712
-1.01921e+09 -0.000134927
-1.02083e+09 -0.000135141
-1.02245e+09 -0.000135356
-1.02407e+09 -0.00013557
-1.02569e+09 -0.000135785
-1.02731e+09 -0.000135999
-1.02893e+09 -0.000136214
-1.03055e+09 -0.000136428
-1.03217e+09 -0.000136643
-1.0338e+09 -0.000136857
-1.03542e+09 -0.000137072
-1.03704e+09 -0.000137286
-1.03866e+09 -0.000137501
-1.04028e+09 -0.000137715
-1.0419e+09 -0.00013793
-1.04352e+09 -0.000138144
-1.04514e+09 -0.000138359
-1.04676e+09 -0.000138573
-1.04838e+09 -0.000138788
-1.05e+09 -0.000139002
-1.05162e+09 -0.000139217
-1.05324e+09 -0.000139431
-1.05486e+09 -0.000139646
-1.05648e+09 -0.000139861
-1.0581e+09 -0.000140075
-1.05972e+09 -0.00014029
-1.06134e+09 -0.000140504
-1.06296e+09 -0.000140719
-1.06458e+09 -0.000140933
-1.0662e+09 -0.000141148
-1.06782e+09 -0.000141362
-1.06944e+09 -0.000141577
-1.07106e+09 -0.000141791
-1.07268e+09 -0.000142006
-1.0743e+09 -0.00014222
-1.07592e+09 -0.000142435
-1.07754e+09 -0.000142649
-1.07916e+09 -0.000142864
-1.08078e+09 -0.000143078
-1.08241e+09 -0.000143293
-1.08403e+09 -0.000143507
-1.08565e+09 -0.000143722
-1.08727e+09 -0.000143936
-1.08889e+09 -0.000144151
-1.09051e+09 -0.000144365
-1.09213e+09 -0.00014458
-1.09375e+09 -0.000144794
-1.09537e+09 -0.000145009
-1.09699e+09 -0.000145223
-1.09861e+09 -0.000145438
-1.10023e+09 -0.000145652
-1.10185e+09 -0.000145867
-1.10347e+09 -0.000146081
-1.10509e+09 -0.000146296
-1.10671e+09 -0.00014651
-1.10833e+09 -0.000146725
-1.10995e+09 -0.000146939
-1.11157e+09 -0.000147154
-1.11319e+09 -0.000147368
-1.11481e+09 -0.000147583
-1.11643e+09 -0.000147797
-1.11805e+09 -0.000148012
-1.11967e+09 -0.000148226
-1.12129e+09 -0.000148441
-1.12291e+09 -0.000148655
-1.12453e+09 -0.00014887
-1.12615e+09 -0.000149084
-1.12777e+09 -0.000149299
-1.12939e+09 -0.000149513
-1.13101e+09 -0.000149728
-1.13264e+09 -0.000149942
-1.13426e+09 -0.000150157
-1.13588e+09 -0.000150371
-1.1375e+09 -0.000150586
-1.13912e+09 -0.0001508
-1.14074e+09 -0.000151015
-1.14236e+09 -0.000151229
-1.14398e+09 -0.000151444
-1.1456e+09 -0.000151658
-1.14722e+09 -0.000151873
-1.14884e+09 -0.000152087
-1.15046e+09 -0.000152302
-1.15208e+09 -0.000152516
-1.1537e+09 -0.000152731
-1.15532e+09 -0.000152945
-1.15694e+09 -0.00015316
-1.15856e+09 -0.000153374
-1.16018e+09 -0.000153589
-1.1618e+09 -0.000153803
-1.16342e+09 -0.000154018
-1.16504e+09 -0.000154232
-1.16666e+09 -0.000154447
-1.16828e+09 -0.000154661
-1.1699e+09 -0.000154876
-1.17152e+09 -0.00015509
-1.17314e+09 -0.000155305
-1.17476e+09 -0.000155519
-1.17638e+09 -0.000155734
-1.178e+09 -0.000155948
-1.17962e+09 -0.000156163
-1.18124e+09 -0.000156377
-1.18287e+09 -0.000156592
-1.18449e+09 -0.000156806
-1.18611e+09 -0.000157021
-1.18773e+09 -0.000157235
-1.18935e+09 -0.00015745
-1.19097e+09 -0.000157664
-1.19259e+09 -0.000157879
-1.19421e+09 -0.000158093
-1.19583e+09 -0.000158308
-1.19745e+09 -0.000158522
-1.19907e+09 -0.000158737
-1.20069e+09 -0.000158951
-1.20231e+09 -0.000159166
-1.20393e+09 -0.00015938
-1.20555e+09 -0.000159595
-1.20717e+09 -0.000159809
-1.20879e+09 -0.000160024
-1.21041e+09 -0.000160238
-1.21203e+09 -0.000160453
-1.21365e+09 -0.000160667
-1.21527e+09 -0.000160882
-1.21689e+09 -0.000161096
-1.21851e+09 -0.000161311
-1.22013e+09 -0.000161525
-1.22175e+09 -0.00016174
-1.22337e+09 -0.000161954
-1.22499e+09 -0.000162169
-1.22661e+09 -0.000162383
-1.22823e+09 -0.000162598
-1.22985e+09 -0.000162812
-1.23147e+09 -0.000163027
-1.23309e+09 -0.000163241
-1.23472e+09 -0.000163456
-1.23634e+09 -0.00016367
-1.23796e+09 -0.000163885
-1.23958e+09 -0.000164099
-1.2412e+09 -0.000164314
-1.24282e+09 -0.000164528
-1.24444e+09 -0.000164743
-1.24606e+09 -0.000164957
-1.24768e+09 -0.000165172
-1.2493e+09 -0.000165386
-1.25092e+09 -0.000165601
-1.25254e+09 -0.000165815
-1.25416e+09 -0.00016603
-1.25578e+09 -0.000166244
-1.2574e+09 -0.000166459
-1.25902e+09 -0.000166673
-1.26064e+09 -0.000166888
-1.26226e+09 -0.000167102
-1.26388e+09 -0.000167317
-1.2655e+09 -0.000167531
-1.26712e+09 -0.000167746
-1.26874e+09 -0.00016796
-1.27036e+09 -0.000168175
-1.27198e+09 -0.000168389
-1.2736e+09 -0.000168604
-1.27522e+09 -0.000168818
-1.27684e+09 -0.000169033
-1.27846e+09 -0.000169247
-1.28008e+09 -0.000169462
-1.2817e+09 -0.000169676
-1.28332e+09 -0.000169891
-1.28494e+09 -0.000170106
-1.28657e+09 -0.00017032
-1.28819e+09 -0.000170535
-1.28981e+09 -0.000170749
-1.29143e+09 -0.000170964
-1.29305e+09 -0.000171178
-1.29467e+09 -0.000171393
-1.29629e+09 -0.000171607
-1.29791e+09 -0.000171822
-1.29953e+09 -0.000172036
-1.30115e+09 -0.000172251
-1.30277e+09 -0.000172465
-1.30439e+09 -0.00017268
-1.30601e+09 -0.000172894
-1.30763e+09 -0.000173109
-1.30925e+09 -0.000173323
-1.31087e+09 -0.000173538
-1.31249e+09 -0.000173752
-1.31411e+09 -0.000173967
-1.31573e+09 -0.000174181
-1.31735e+09 -0.000174396
-1.31897e+09 -0.00017461
-1.32059e+09 -0.000174825
-1.32221e+09 -0.000175039
-1.32383e+09 -0.000175254
-1.32545e+09 -0.000175468
-1.32707e+09 -0.000175683
-1.32869e+09 -0.000175897
-1.33031e+09 -0.000176112
-1.33193e+09 -0.000176326
-1.33355e+09 -0.000176541
-1.33517e+09 -0.000176755
-1.33679e+09 -0.00017697
-1.33842e+09 -0.000177184
-1.34004e+09 -0.000177399
-1.34166e+09 -0.000177613
-1.34328e+09 -0.000177828
-1.3449e+09 -0.000178042
-1.34652e+09 -0.000178257
-1.34814e+09 -0.000178471
-1.34976e+09 -0.000178686
-1.35138e+09 -0.0001789
-1.353e+09 -0.000179115
-1.35462e+09 -0.000179329
-1.35624e+09 -0.000179544
-1.35786e+09 -0.000179758
-1.35948e+09 -0.000179973
-1.3611e+09 -0.000180187
-1.36272e+09 -0.000180402
-1.36434e+09 -0.000180616
-1.36596e+09 -0.000180831
-1.36758e+09 -0.000181045
-1.3692e+09 -0.00018126
-1.37082e+09 -0.000181474
-1.37244e+09 -0.000181689
-1.37406e+09 -0.000181903
-1.37568e+09 -0.000182118
-1.3773e+09 -0.000182332
-1.37892e+09 -0.000182547
-1.38054e+09 -0.000182761
-1.38216e+09 -0.000182976
-1.38378e+09 -0.00018319
-1.3854e+09 -0.000183405
-1.387e+09 -0.000183616
-1.38855e+09 -0.000183821
-1.39009e+09 -0.000184026
-1.39164e+09 -0.000184231
-1.39319e+09 -0.000184435
-1.39474e+09 -0.00018464
-1.39629e+09 -0.000184845
-1.39783e+09 -0.00018505
-1.39882e+09 -0.00018518
-1.39887e+09 -0.000185187
-1.39893e+09 -0.000185195
-1.39898e+09 -0.000185202
-1.39904e+09 -0.000185209
-1.39909e+09 -0.000185217
-1.39915e+09 -0.000185224
-1.3992e+09 -0.000185231
-1.39926e+09 -0.000185239
-1.39931e+09 -0.000185246
-1.39937e+09 -0.000185253
-1.39942e+09 -0.000185261
-1.39948e+09 -0.000185268
-1.39953e+09 -0.000185275
-1.39959e+09 -0.000185283
-1.39965e+09 -0.00018529
-1.3997e+09 -0.000185297
-1.39976e+09 -0.000185305
-1.39981e+09 -0.000185312
-1.39987e+09 -0.000185319
-1.39992e+09 -0.000185327
-1.39998e+09 -0.000185334
-1.40003e+09 -0.000185341
-1.40009e+09 -0.000185349
-1.40014e+09 -0.000185356
-1.4002e+09 -0.000185363
-1.40025e+09 -0.000185371
-1.40031e+09 -0.000185378
-1.40036e+09 -0.000185385
-1.40042e+09 -0.000185393
-1.40048e+09 -0.0001854
-1.40053e+09 -0.000185407
-1.40059e+09 -0.000185414
-1.40064e+09 -0.000185422
-1.4007e+09 -0.000185429
-1.40075e+09 -0.000185436
-1.40081e+09 -0.000185444
-1.40086e+09 -0.000185451
-1.40092e+09 -0.000185458
-1.40097e+09 -0.000185466
-1.40103e+09 -0.000185473
-1.40108e+09 -0.00018548
-1.40114e+09 -0.000185488
-1.40119e+09 -0.000185495
-1.40125e+09 -0.000185502
-1.40131e+09 -0.00018551
-1.40136e+09 -0.000185517
-1.40142e+09 -0.000185524
-1.40147e+09 -0.000185532
-1.40153e+09 -0.000185539
-1.40158e+09 -0.000185546
-1.40164e+09 -0.000185554
-1.40169e+09 -0.000185561
-1.40175e+09 -0.000185568
-1.4018e+09 -0.000185576
-1.40186e+09 -0.000185583
-1.40191e+09 -0.00018559
-1.40197e+09 -0.000185598
-1.40202e+09 -0.000185605
-1.40208e+09 -0.000185612
-1.40214e+09 -0.00018562
-1.40219e+09 -0.000185627
-1.40225e+09 -0.000185634
-1.4023e+09 -0.000185642
-1.40236e+09 -0.000185649
-1.40241e+09 -0.000185656
-1.40247e+09 -0.000185664
-1.40252e+09 -0.000185671
-1.40258e+09 -0.000185678
-1.40263e+09 -0.000185686
-1.40269e+09 -0.000185693
-1.40274e+09 -0.0001857
-1.4028e+09 -0.000185707
-1.40285e+09 -0.000185715
-1.40291e+09 -0.000185722
-1.40297e+09 -0.000185729
-1.40302e+09 -0.000185737
-1.40308e+09 -0.000185744
-1.40313e+09 -0.000185751
-1.40319e+09 -0.000185759
-1.40324e+09 -0.000185766
-1.4033e+09 -0.000185773
-1.40335e+09 -0.000185781
-1.40341e+09 -0.000185788
-1.40346e+09 -0.000185795
-1.40352e+09 -0.000185803
-1.40357e+09 -0.00018581
-1.40363e+09 -0.000185817
-1.40368e+09 -0.000185825
-1.40374e+09 -0.000185832
-1.4038e+09 -0.000185839
-1.40385e+09 -0.000185847
-1.40391e+09 -0.000185854
-1.40396e+09 -0.000185861
-1.40402e+09 -0.000185869
-1.40407e+09 -0.000185876
-1.40413e+09 -0.000185883
-1.40418e+09 -0.000185891
-1.40424e+09 -0.000185898
-1.40429e+09 -0.000185905
-1.40435e+09 -0.000185913
-1.4044e+09 -0.00018592
-1.40446e+09 -0.000185927
-1.40451e+09 -0.000185935
-1.40457e+09 -0.000185942
-1.40463e+09 -0.000185949
-1.40468e+09 -0.000185957
-1.40474e+09 -0.000185964
-1.40479e+09 -0.000185971
-1.40485e+09 -0.000185979
-1.4049e+09 -0.000185986
-1.40496e+09 -0.000185993
-1.40501e+09 -0.000186001
-1.40507e+09 -0.000186008
-1.40512e+09 -0.000186015
-1.40518e+09 -0.000186023
-1.40523e+09 -0.00018603
-1.40529e+09 -0.000186037
-1.40535e+09 -0.000186045
-1.4054e+09 -0.000186052
-1.40546e+09 -0.000186059
-1.40551e+09 -0.000186066
-1.40557e+09 -0.000186074
-1.40562e+09 -0.000186081
-1.40568e+09 -0.000186088
-1.40573e+09 -0.000186096
-1.40579e+09 -0.000186103
-1.40584e+09 -0.00018611
-1.4059e+09 -0.000186118
-1.40595e+09 -0.000186125
-1.40601e+09 -0.000186132
-1.40606e+09 -0.00018614
-1.40612e+09 -0.000186147
-1.40618e+09 -0.000186154
-1.40623e+09 -0.000186162
-1.40629e+09 -0.000186169
-1.40634e+09 -0.000186176
-1.4064e+09 -0.000186184
-1.40645e+09 -0.000186191
-1.40651e+09 -0.000186198
-1.40656e+09 -0.000186206
-1.40662e+09 -0.000186213
-1.40667e+09 -0.00018622
-1.40673e+09 -0.000186228
-1.40678e+09 -0.000186235
-1.40684e+09 -0.000186242
-1.40689e+09 -0.00018625
-1.40695e+09 -0.000186257
-1.40701e+09 -0.000186264
-1.40706e+09 -0.000186272
-1.40712e+09 -0.000186279
-1.40717e+09 -0.000186286
-1.40723e+09 -0.000186294
-1.40728e+09 -0.000186301
-1.40734e+09 -0.000186308
-1.40739e+09 -0.000186316
-1.40745e+09 -0.000186323
-1.4075e+09 -0.00018633
-1.40756e+09 -0.000186338
-1.40761e+09 -0.000186345
-1.40767e+09 -0.000186352
-1.40773e+09 -0.00018636
-1.40778e+09 -0.000186367
-1.40784e+09 -0.000186374
-1.40789e+09 -0.000186382
-1.40795e+09 -0.000186389
-1.408e+09 -0.000186396
-1.40806e+09 -0.000186404
-1.40811e+09 -0.000186411
-1.40817e+09 -0.000186418
-1.40822e+09 -0.000186426
-1.40828e+09 -0.000186433
-1.40833e+09 -0.00018644
-1.40839e+09 -0.000186448
-1.40844e+09 -0.000186455
-1.4085e+09 -0.000186462
-1.40856e+09 -0.00018647
-1.40861e+09 -0.000186477
-1.40867e+09 -0.000186484
-1.40872e+09 -0.000186491
-1.40878e+09 -0.000186499
-1.40883e+09 -0.000186506
-1.40889e+09 -0.000186513
-1.40894e+09 -0.000186521
-1.409e+09 -0.000186528
-1.40905e+09 -0.000186535
-1.40911e+09 -0.000186543
-1.40916e+09 -0.00018655
-1.40922e+09 -0.000186557
-1.40928e+09 -0.000186565
-1.40933e+09 -0.000186572
-1.40939e+09 -0.000186579
-1.40944e+09 -0.000186587
-1.4095e+09 -0.000186594
-1.40955e+09 -0.000186601
-1.40961e+09 -0.000186609
-1.40966e+09 -0.000186616
-1.40972e+09 -0.000186623
-1.40977e+09 -0.000186631
-1.40983e+09 -0.000186638
-1.40988e+09 -0.000186645
-1.40994e+09 -0.000186653
-1.40999e+09 -0.00018666
-1.41005e+09 -0.000186667
-1.41011e+09 -0.000186675
-1.41016e+09 -0.000186682
-1.41022e+09 -0.000186689
-1.41027e+09 -0.000186697
-1.41033e+09 -0.000186704
-1.41038e+09 -0.000186711
-1.41044e+09 -0.000186719
-1.41049e+09 -0.000186726
-1.41055e+09 -0.000186733
-1.4106e+09 -0.000186741
-1.41066e+09 -0.000186748
-1.41071e+09 -0.000186755
-1.41077e+09 -0.000186763
-1.41083e+09 -0.00018677
-1.41088e+09 -0.000186777
-1.41094e+09 -0.000186785
-1.41099e+09 -0.000186792
-1.41105e+09 -0.000186799
-1.4111e+09 -0.000186807
-1.41116e+09 -0.000186814
-1.41121e+09 -0.000186821
-1.41127e+09 -0.000186829
-1.41132e+09 -0.000186836
-1.41138e+09 -0.000186843
-1.41143e+09 -0.000186851
-1.41149e+09 -0.000186858
-1.41155e+09 -0.000186865
-1.4116e+09 -0.000186873
-1.41166e+09 -0.00018688
-1.41171e+09 -0.000186887
-1.41177e+09 -0.000186895
-1.41182e+09 -0.000186902
-1.41188e+09 -0.000186909
-1.41193e+09 -0.000186917
-1.41199e+09 -0.000186924
-1.41204e+09 -0.000186931
-1.4121e+09 -0.000186939
-1.41215e+09 -0.000186946
-1.41221e+09 -0.000186953
-1.41227e+09 -0.000186961
-1.41232e+09 -0.000186968
-1.41238e+09 -0.000186975
-1.41243e+09 -0.000186983
-1.41249e+09 -0.00018699
-1.41254e+09 -0.000186997
-1.4126e+09 -0.000187005
-1.41265e+09 -0.000187012
-1.41271e+09 -0.000187019
-1.41276e+09 -0.000187027
-1.41282e+09 -0.000187034
-1.41287e+09 -0.000187041
-1.41293e+09 -0.000187049
-1.41298e+09 -0.000187056
-1.41304e+09 -0.000187063
-1.4131e+09 -0.000187071
-1.41315e+09 -0.000187078
-1.41321e+09 -0.000187085
-1.41326e+09 -0.000187093
-1.41332e+09 -0.0001871
-1.41337e+09 -0.000187107
-1.41343e+09 -0.000187115
-1.41348e+09 -0.000187122
-1.41354e+09 -0.000187129
-1.41359e+09 -0.000187137
-1.41365e+09 -0.000187144
-1.4137e+09 -0.000187151
-1.41376e+09 -0.000187159
-1.41382e+09 -0.000187166
-1.41387e+09 -0.000187173
-1.41393e+09 -0.000187181
-1.41398e+09 -0.000187188
-1.41404e+09 -0.000187195
-1.41409e+09 -0.000187203
-1.41415e+09 -0.00018721
-1.4142e+09 -0.000187217
-1.41426e+09 -0.000187225
-1.41431e+09 -0.000187232
-1.41437e+09 -0.000187239
-1.41442e+09 -0.000187246
-1.41448e+09 -0.000187254
-1.41454e+09 -0.000187261
-1.41459e+09 -0.000187268
-1.41465e+09 -0.000187276
-1.4147e+09 -0.000187283
-1.41476e+09 -0.00018729
-1.41481e+09 -0.000187298
-1.41487e+09 -0.000187305
-1.41492e+09 -0.000187312
-1.41498e+09 -0.00018732
-1.41503e+09 -0.000187327
-1.41509e+09 -0.000187334
-1.41514e+09 -0.000187342
-1.4152e+09 -0.000187349
-1.41526e+09 -0.000187356
-1.41531e+09 -0.000187364
-1.41537e+09 -0.000187371
-1.41542e+09 -0.000187378
-1.41548e+09 -0.000187386
-1.41553e+09 -0.000187393
-1.41559e+09 -0.0001874
-1.41564e+09 -0.000187408
-1.4157e+09 -0.000187415
-1.41575e+09 -0.000187422
-1.41581e+09 -0.00018743
-1.41586e+09 -0.000187437
-1.41592e+09 -0.000187444
-1.41598e+09 -0.000187452
-1.41603e+09 -0.000187459
-1.41609e+09 -0.000187466
-1.41614e+09 -0.000187474
-1.4162e+09 -0.000187481
-1.41625e+09 -0.000187488
-1.41631e+09 -0.000187496
-1.41636e+09 -0.000187503
-1.41642e+09 -0.00018751
-1.41647e+09 -0.000187518
-1.41653e+09 -0.000187525
-1.41658e+09 -0.000187532
-1.41664e+09 -0.00018754
-1.4167e+09 -0.000187547
-1.41675e+09 -0.000187554
-1.41681e+09 -0.000187562
-1.41686e+09 -0.000187569
-1.41692e+09 -0.000187576
-1.41697e+09 -0.000187584
-1.41703e+09 -0.000187591
-1.41708e+09 -0.000187598
-1.41714e+09 -0.000187606
-1.41719e+09 -0.000187613
-1.41725e+09 -0.00018762
-1.4173e+09 -0.000187628
-1.41736e+09 -0.000187635
-1.41742e+09 -0.000187642
-1.41747e+09 -0.00018765
-1.41753e+09 -0.000187657
-1.41758e+09 -0.000187664
-1.41764e+09 -0.000187672
-1.41769e+09 -0.000187679
-1.41775e+09 -0.000187686
-1.4178e+09 -0.000187694
-1.41786e+09 -0.000187701
-1.41791e+09 -0.000187708
-1.41797e+09 -0.000187716
-1.41802e+09 -0.000187723
-1.41808e+09 -0.00018773
-1.41814e+09 -0.000187738
-1.41819e+09 -0.000187745
-1.41825e+09 -0.000187752
-1.4183e+09 -0.00018776
-1.41836e+09 -0.000187767
-1.41841e+09 -0.000187774
-1.41847e+09 -0.000187782
-1.41852e+09 -0.000187789
-1.41858e+09 -0.000187796
-1.41863e+09 -0.000187804
-1.41869e+09 -0.000187811
-1.41875e+09 -0.000187818
-1.4188e+09 -0.000187826
-1.41886e+09 -0.000187833
-1.41891e+09 -0.00018784
-1.41897e+09 -0.000187848
-1.41902e+09 -0.000187855
-1.41908e+09 -0.000187862
-1.41913e+09 -0.00018787
-1.41919e+09 -0.000187877
-1.41924e+09 -0.000187884
-1.4193e+09 -0.000187892
-1.41935e+09 -0.000187899
-1.41941e+09 -0.000187906
-1.41947e+09 -0.000187914
-1.41952e+09 -0.000187921
-1.41958e+09 -0.000187928
-1.41963e+09 -0.000187936
-1.41969e+09 -0.000187943
-1.41974e+09 -0.00018795
-1.4198e+09 -0.000187958
-1.41985e+09 -0.000187965
-1.41991e+09 -0.000187972
-1.41996e+09 -0.00018798
-1.42002e+09 -0.000187987
-1.42007e+09 -0.000187994
-1.42013e+09 -0.000188002
-1.42019e+09 -0.000188009
-1.42024e+09 -0.000188016
-1.4203e+09 -0.000188024
-1.42035e+09 -0.000188031
-1.42041e+09 -0.000188038
-1.42046e+09 -0.000188046
-1.42052e+09 -0.000188053
-1.42057e+09 -0.00018806
-1.42063e+09 -0.000188068
-1.42068e+09 -0.000188075
-1.42074e+09 -0.000188082
-1.42079e+09 -0.00018809
-1.42085e+09 -0.000188097
-1.42091e+09 -0.000188104
-1.42096e+09 -0.000188112
-1.42102e+09 -0.000188119
-1.42107e+09 -0.000188126
-1.42113e+09 -0.000188134
-1.42118e+09 -0.000188141
-1.42124e+09 -0.000188148
-1.42129e+09 -0.000188156
-1.42135e+09 -0.000188163
-1.4214e+09 -0.00018817
-1.42146e+09 -0.000188178
-1.42152e+09 -0.000188185
-1.42157e+09 -0.000188192
-1.42163e+09 -0.0001882
-1.42168e+09 -0.000188207
-1.42174e+09 -0.000188214
-1.42179e+09 -0.000188222
-1.42185e+09 -0.000188229
-1.4219e+09 -0.000188236
-1.42196e+09 -0.000188244
-1.42201e+09 -0.000188251
-1.42207e+09 -0.000188258
-1.42212e+09 -0.000188266
-1.42218e+09 -0.000188273
-1.42224e+09 -0.000188281
-1.42229e+09 -0.000188288
-1.42235e+09 -0.000188295
-1.4224e+09 -0.000188303
-1.42246e+09 -0.00018831
-1.42251e+09 -0.000188317
-1.42257e+09 -0.000188325
-1.42262e+09 -0.000188332
-1.42268e+09 -0.000188339
-1.42273e+09 -0.000188347
-1.42279e+09 -0.000188354
-1.42284e+09 -0.000188361
-1.4229e+09 -0.000188369
-1.42296e+09 -0.000188376
-1.42301e+09 -0.000188383
-1.42307e+09 -0.000188391
-1.42312e+09 -0.000188398
-1.42318e+09 -0.000188405
-1.42323e+09 -0.000188413
-1.42329e+09 -0.00018842
-1.42334e+09 -0.000188427
-1.4234e+09 -0.000188435
-1.42345e+09 -0.000188442
-1.42351e+09 -0.000188449
-1.42357e+09 -0.000188457
-1.42362e+09 -0.000188464
-1.42368e+09 -0.000188471
-1.42373e+09 -0.000188479
-1.42379e+09 -0.000188486
-1.42384e+09 -0.000188493
-1.4239e+09 -0.000188501
-1.42395e+09 -0.000188508
-1.42401e+09 -0.000188515
-1.42406e+09 -0.000188523
-1.42412e+09 -0.00018853
-1.42417e+09 -0.000188537
-1.42423e+09 -0.000188545
-1.42429e+09 -0.000188552
-1.42434e+09 -0.000188559
-1.4244e+09 -0.000188567
-1.42445e+09 -0.000188574
-1.42451e+09 -0.000188581
-1.42456e+09 -0.000188589
-1.42462e+09 -0.000188596
-1.42467e+09 -0.000188603
-1.42473e+09 -0.000188611
-1.42478e+09 -0.000188618
-1.42484e+09 -0.000188625
-1.4249e+09 -0.000188633
-1.42495e+09 -0.00018864
-1.42501e+09 -0.000188647
-1.42506e+09 -0.000188655
-1.42512e+09 -0.000188662
-1.42517e+09 -0.000188669
-1.42523e+09 -0.000188677
-1.42528e+09 -0.000188684
-1.42534e+09 -0.000188691
-1.42539e+09 -0.000188699
-1.42545e+09 -0.000188706
-1.4255e+09 -0.000188713
-1.42556e+09 -0.000188721
-1.42562e+09 -0.000188728
-1.42567e+09 -0.000188735
-1.42573e+09 -0.000188743
-1.42578e+09 -0.00018875
-1.42584e+09 -0.000188757
-1.42589e+09 -0.000188765
-1.42595e+09 -0.000188772
-1.426e+09 -0.000188779
-1.42606e+09 -0.000188787
-1.42611e+09 -0.000188794
-1.42617e+09 -0.000188801
-1.42623e+09 -0.000188809
-1.42628e+09 -0.000188816
-1.42634e+09 -0.000188823
-1.42639e+09 -0.000188831
-1.42645e+09 -0.000188838
-1.4265e+09 -0.000188845
-1.42656e+09 -0.000188853
-1.42661e+09 -0.00018886
-1.42667e+09 -0.000188867
-1.42672e+09 -0.000188875
-1.42678e+09 -0.000188882
-1.42684e+09 -0.000188889
-1.42689e+09 -0.000188897
-1.42695e+09 -0.000188904
-1.427e+09 -0.000188911
-1.42706e+09 -0.000188919
-1.42711e+09 -0.000188926
-1.42717e+09 -0.000188933
-1.42722e+09 -0.000188941
-1.42728e+09 -0.000188948
-1.42733e+09 -0.000188955
-1.42739e+09 -0.000188963
-1.42744e+09 -0.00018897
-1.4275e+09 -0.000188977
-1.42756e+09 -0.000188985
-1.42761e+09 -0.000188992
-1.42767e+09 -0.000188999
-1.42772e+09 -0.000189007
-1.42778e+09 -0.000189014
-1.42783e+09 -0.000189022
-1.42789e+09 -0.000189029
-1.42794e+09 -0.000189036
-1.428e+09 -0.000189044
-1.42805e+09 -0.000189051
-1.42811e+09 -0.000189058
-1.42817e+09 -0.000189066
-1.42822e+09 -0.000189073
-1.42828e+09 -0.00018908
-1.42833e+09 -0.000189088
-1.42839e+09 -0.000189095
-1.42844e+09 -0.000189102
-1.4285e+09 -0.00018911
-1.42855e+09 -0.000189117
-1.42861e+09 -0.000189124
-1.42866e+09 -0.000189132
-1.42872e+09 -0.000189139
-1.42878e+09 -0.000189146
-1.42883e+09 -0.000189154
-1.42889e+09 -0.000189161
-1.42894e+09 -0.000189168
-1.429e+09 -0.000189176
-1.42905e+09 -0.000189183
-1.42911e+09 -0.00018919
-1.42916e+09 -0.000189198
-1.42922e+09 -0.000189205
-1.42927e+09 -0.000189212
-1.42933e+09 -0.00018922
-1.42938e+09 -0.000189227
-1.42944e+09 -0.000189234
-1.4295e+09 -0.000189242
-1.42955e+09 -0.000189249
-1.42961e+09 -0.000189256
-1.42966e+09 -0.000189264
-1.42972e+09 -0.000189271
-1.42977e+09 -0.000189278
-1.42983e+09 -0.000189286
-1.42988e+09 -0.000189293
-1.42994e+09 -0.0001893
-1.42999e+09 -0.000189308
-1.43005e+09 -0.000189315
-1.43011e+09 -0.000189322
-1.43016e+09 -0.00018933
-1.43022e+09 -0.000189337
-1.43027e+09 -0.000189344
-1.43033e+09 -0.000189352
-1.43038e+09 -0.000189359
-1.43044e+09 -0.000189366
-1.43049e+09 -0.000189374
-1.43055e+09 -0.000189381
-1.4306e+09 -0.000189388
-1.43066e+09 -0.000189396
-1.43072e+09 -0.000189403
-1.43077e+09 -0.00018941
-1.43083e+09 -0.000189418
-1.43088e+09 -0.000189425
-1.43094e+09 -0.000189432
-1.43099e+09 -0.00018944
-1.43105e+09 -0.000189447
-1.4311e+09 -0.000189454
-1.43116e+09 -0.000189462
-1.43121e+09 -0.000189469
-1.43127e+09 -0.000189477
-1.43133e+09 -0.000189484
-1.43138e+09 -0.000189491
-1.43144e+09 -0.000189499
-1.43149e+09 -0.000189506
-1.43155e+09 -0.000189513
-1.4316e+09 -0.000189521
-1.43166e+09 -0.000189528
-1.43171e+09 -0.000189535
-1.43177e+09 -0.000189543
-1.43182e+09 -0.00018955
-1.43188e+09 -0.000189557
-1.43194e+09 -0.000189565
-1.43199e+09 -0.000189572
-1.43205e+09 -0.000189579
-1.4321e+09 -0.000189587
-1.43216e+09 -0.000189594
-1.43221e+09 -0.000189601
-1.43227e+09 -0.000189609
-1.43232e+09 -0.000189616
-1.43238e+09 -0.000189623
-1.43243e+09 -0.000189631
-1.43249e+09 -0.000189638
-1.43255e+09 -0.000189645
-1.4326e+09 -0.000189653
-1.43266e+09 -0.00018966
-1.43271e+09 -0.000189667
-1.43277e+09 -0.000189675
-1.43282e+09 -0.000189682
-1.43288e+09 -0.000189689
-1.43293e+09 -0.000189697
-1.43299e+09 -0.000189704
-1.43304e+09 -0.000189711
-1.4331e+09 -0.000189719
-1.43316e+09 -0.000189726
-1.43321e+09 -0.000189733
-1.43327e+09 -0.000189741
-1.43332e+09 -0.000189748
-1.43338e+09 -0.000189755
-1.43343e+09 -0.000189763
-1.43349e+09 -0.00018977
-1.43354e+09 -0.000189777
-1.4336e+09 -0.000189785
-1.43365e+09 -0.000189792
-1.43371e+09 -0.000189799
-1.43377e+09 -0.000189807
-1.43382e+09 -0.000189814
-1.43388e+09 -0.000189822
-1.43393e+09 -0.000189829
-1.43399e+09 -0.000189836
-1.43404e+09 -0.000189844
-1.4341e+09 -0.000189851
-1.43415e+09 -0.000189858
-1.43421e+09 -0.000189866
-1.43426e+09 -0.000189873
-1.43432e+09 -0.00018988
-1.43438e+09 -0.000189888
-1.43443e+09 -0.000189895
-1.43449e+09 -0.000189902
-1.43454e+09 -0.00018991
-1.4346e+09 -0.000189917
-1.43465e+09 -0.000189924
-1.43471e+09 -0.000189932
-1.43476e+09 -0.000189939
-1.43482e+09 -0.000189946
-1.43487e+09 -0.000189954
-1.43493e+09 -0.000189961
-1.43499e+09 -0.000189968
-1.43504e+09 -0.000189976
-1.4351e+09 -0.000189983
-1.43515e+09 -0.00018999
-1.43521e+09 -0.000189998
-1.43526e+09 -0.000190005
-1.43532e+09 -0.000190012
-1.43537e+09 -0.00019002
-1.43543e+09 -0.000190027
-1.43548e+09 -0.000190034
-1.43554e+09 -0.000190042
-1.4356e+09 -0.000190049
-1.43565e+09 -0.000190056
-1.43571e+09 -0.000190064
-1.43576e+09 -0.000190071
-1.43582e+09 -0.000190078
-1.43587e+09 -0.000190086
-1.43593e+09 -0.000190093
-1.43598e+09 -0.0001901
-1.43604e+09 -0.000190108
-1.43609e+09 -0.000190115
-1.43615e+09 -0.000190123
-1.43621e+09 -0.00019013
-1.43626e+09 -0.000190137
-1.43632e+09 -0.000190145
-1.43637e+09 -0.000190152
-1.43643e+09 -0.000190159
-1.43648e+09 -0.000190167
-1.43654e+09 -0.000190174
-1.43659e+09 -0.000190181
-1.43665e+09 -0.000190189
-1.4367e+09 -0.000190196
-1.43676e+09 -0.000190203
-1.43682e+09 -0.000190211
-1.43687e+09 -0.000190218
-1.43693e+09 -0.000190225
-1.43698e+09 -0.000190233
-1.43704e+09 -0.00019024
-1.43709e+09 -0.000190247
-1.43715e+09 -0.000190255
-1.4372e+09 -0.000190262
-1.43726e+09 -0.000190269
-1.43731e+09 -0.000190277
-1.43737e+09 -0.000190284
-1.43743e+09 -0.000190291
-1.43748e+09 -0.000190299
-1.43754e+09 -0.000190306
-1.43759e+09 -0.000190313
-1.43765e+09 -0.000190321
-1.4377e+09 -0.000190328
-1.43776e+09 -0.000190335
-1.43781e+09 -0.000190343
-1.43787e+09 -0.00019035
-1.43792e+09 -0.000190357
-1.43798e+09 -0.000190365
-1.43804e+09 -0.000190372
-1.43809e+09 -0.00019038
-1.43815e+09 -0.000190387
-1.4382e+09 -0.000190394
-1.43826e+09 -0.000190402
-1.43831e+09 -0.000190409
-1.43837e+09 -0.000190416
-1.43842e+09 -0.000190424
-1.43848e+09 -0.000190431
-1.43853e+09 -0.000190438
-1.43859e+09 -0.000190446
-1.43865e+09 -0.000190453
-1.4387e+09 -0.00019046
-1.43876e+09 -0.000190468
-1.43881e+09 -0.000190475
-1.43887e+09 -0.000190482
-1.43892e+09 -0.00019049
-1.43898e+09 -0.000190497
-1.43903e+09 -0.000190504
-1.43909e+09 -0.000190512
-1.43914e+09 -0.000190519
-1.4392e+09 -0.000190526
-1.43926e+09 -0.000190534
-1.43931e+09 -0.000190541
-1.43937e+09 -0.000190548
-1.43942e+09 -0.000190556
-1.43948e+09 -0.000190563
-1.43953e+09 -0.00019057
-1.43959e+09 -0.000190578
-1.43964e+09 -0.000190585
-1.4397e+09 -0.000190592
-1.43976e+09 -0.0001906
-1.43981e+09 -0.000190607
-1.43987e+09 -0.000190615
-1.43992e+09 -0.000190622
-1.43998e+09 -0.000190629
-1.44003e+09 -0.000190637
-1.44009e+09 -0.000190644
-1.44014e+09 -0.000190651
-1.4402e+09 -0.000190659
-1.44025e+09 -0.000190666
-1.44031e+09 -0.000190673
-1.44037e+09 -0.000190681
-1.44042e+09 -0.000190688
-1.44048e+09 -0.000190695
-1.44053e+09 -0.000190703
-1.44059e+09 -0.00019071
-1.44064e+09 -0.000190717
-1.4407e+09 -0.000190725
-1.44075e+09 -0.000190732
-1.44081e+09 -0.000190739
-1.44086e+09 -0.000190747
-1.44092e+09 -0.000190754
-1.44098e+09 -0.000190761
-1.44103e+09 -0.000190769
-1.44109e+09 -0.000190776
-1.44114e+09 -0.000190783
-1.4412e+09 -0.000190791
-1.44125e+09 -0.000190798
-1.44131e+09 -0.000190805
-1.44136e+09 -0.000190813
-1.44142e+09 -0.00019082
-1.44147e+09 -0.000190827
-1.44153e+09 -0.000190835
-1.44159e+09 -0.000190842
-1.44164e+09 -0.00019085
-1.4417e+09 -0.000190857
-1.44175e+09 -0.000190864
-1.44181e+09 -0.000190872
-1.44186e+09 -0.000190879
-1.44192e+09 -0.000190886
-1.44197e+09 -0.000190894
-1.44203e+09 -0.000190901
-1.44209e+09 -0.000190908
-1.44214e+09 -0.000190916
-1.4422e+09 -0.000190923
-1.44225e+09 -0.00019093
-1.44231e+09 -0.000190938
-1.44236e+09 -0.000190945
-1.44242e+09 -0.000190952
-1.44247e+09 -0.00019096
-1.44253e+09 -0.000190967
-1.44258e+09 -0.000190974
-1.44264e+09 -0.000190982
-1.4427e+09 -0.000190989
-1.44275e+09 -0.000190996
-1.44281e+09 -0.000191004
-1.44286e+09 -0.000191011
-1.44292e+09 -0.000191018
-1.44297e+09 -0.000191026
-1.44303e+09 -0.000191033
-1.44308e+09 -0.000191041
-1.44314e+09 -0.000191048
-1.44319e+09 -0.000191055
-1.44325e+09 -0.000191063
-1.44331e+09 -0.00019107
-1.44336e+09 -0.000191077
-1.44342e+09 -0.000191085
-1.44347e+09 -0.000191092
-1.44353e+09 -0.000191099
-1.44358e+09 -0.000191107
-1.44364e+09 -0.000191114
-1.44369e+09 -0.000191121
-1.44375e+09 -0.000191129
-1.44381e+09 -0.000191136
-1.44386e+09 -0.000191143
-1.44392e+09 -0.000191151
-1.44397e+09 -0.000191158
-1.44403e+09 -0.000191165
-1.44408e+09 -0.000191173
-1.44414e+09 -0.00019118
-1.44419e+09 -0.000191187
-1.44425e+09 -0.000191195
-1.4443e+09 -0.000191202
-1.44436e+09 -0.000191209
-1.44442e+09 -0.000191217
-1.44447e+09 -0.000191224
-1.44453e+09 -0.000191231
-1.44458e+09 -0.000191239
-1.44464e+09 -0.000191246
-1.44469e+09 -0.000191254
-1.44475e+09 -0.000191261
-1.4448e+09 -0.000191268
-1.44486e+09 -0.000191276
-1.44492e+09 -0.000191283
-1.44497e+09 -0.00019129
-1.44503e+09 -0.000191298
-1.44508e+09 -0.000191305
-1.44514e+09 -0.000191312
-1.44519e+09 -0.00019132
-1.44525e+09 -0.000191327
-1.4453e+09 -0.000191334
-1.44536e+09 -0.000191342
-1.44541e+09 -0.000191349
-1.44547e+09 -0.000191356
-1.44553e+09 -0.000191364
-1.44558e+09 -0.000191371
-1.44564e+09 -0.000191378
-1.44569e+09 -0.000191386
-1.44575e+09 -0.000191393
-1.4458e+09 -0.0001914
-1.44586e+09 -0.000191408
-1.44591e+09 -0.000191415
-1.44597e+09 -0.000191423
-1.44602e+09 -0.00019143
-1.44608e+09 -0.000191437
-1.44614e+09 -0.000191445
-1.44619e+09 -0.000191452
-1.44625e+09 -0.000191459
-1.4463e+09 -0.000191467
-1.44636e+09 -0.000191474
-1.44641e+09 -0.000191481
-1.44647e+09 -0.000191489
-1.44652e+09 -0.000191496
-1.44658e+09 -0.000191503
-1.44664e+09 -0.000191511
-1.44669e+09 -0.000191518
-1.44675e+09 -0.000191525
-1.4468e+09 -0.000191533
-1.44686e+09 -0.00019154
-1.44691e+09 -0.000191547
-1.44697e+09 -0.000191555
-1.44702e+09 -0.000191562
-1.44708e+09 -0.000191569
-1.44713e+09 -0.000191577
-1.44719e+09 -0.000191584
-1.44725e+09 -0.000191591
-1.4473e+09 -0.000191599
-1.44736e+09 -0.000191606
-1.44741e+09 -0.000191614
-1.44747e+09 -0.000191621
-1.44752e+09 -0.000191628
-1.44758e+09 -0.000191636
-1.44763e+09 -0.000191643
-1.44769e+09 -0.00019165
-1.44775e+09 -0.000191658
-1.4478e+09 -0.000191665
-1.44786e+09 -0.000191672
-1.44791e+09 -0.00019168
-1.44797e+09 -0.000191687
-1.44802e+09 -0.000191694
-1.44808e+09 -0.000191702
-1.44813e+09 -0.000191709
-1.44819e+09 -0.000191716
-1.44825e+09 -0.000191724
-1.4483e+09 -0.000191731
-1.44836e+09 -0.000191738
-1.44841e+09 -0.000191746
-1.44847e+09 -0.000191753
-1.44852e+09 -0.00019176
-1.44858e+09 -0.000191768
-1.44863e+09 -0.000191775
-1.44869e+09 -0.000191783
-1.44874e+09 -0.00019179
-1.4488e+09 -0.000191797
-1.44886e+09 -0.000191805
-1.44891e+09 -0.000191812
-1.44897e+09 -0.000191819
-1.44902e+09 -0.000191827
-1.44908e+09 -0.000191834
-1.44913e+09 -0.000191841
-1.44919e+09 -0.000191849
-1.44924e+09 -0.000191856
-1.4493e+09 -0.000191863
-1.44936e+09 -0.000191871
-1.44941e+09 -0.000191878
-1.44947e+09 -0.000191885
-1.44952e+09 -0.000191893
-1.44958e+09 -0.0001919
-1.44963e+09 -0.000191907
-1.44969e+09 -0.000191915
-1.44974e+09 -0.000191922
-1.4498e+09 -0.00019193
-1.44985e+09 -0.000191937
-1.44991e+09 -0.000191944
-1.44997e+09 -0.000191952
-1.45002e+09 -0.000191959
-1.45008e+09 -0.000191966
-1.45013e+09 -0.000191974
-1.45019e+09 -0.000191981
-1.45024e+09 -0.000191988
-1.4503e+09 -0.000191996
-1.45035e+09 -0.000192003
-1.45041e+09 -0.00019201
-1.45047e+09 -0.000192018
-1.45052e+09 -0.000192025
-1.45058e+09 -0.000192032
-1.45063e+09 -0.00019204
-1.45069e+09 -0.000192047
-1.45074e+09 -0.000192054
-1.4508e+09 -0.000192062
-1.45085e+09 -0.000192069
-1.45091e+09 -0.000192076
-1.45097e+09 -0.000192084
-1.45102e+09 -0.000192091
-1.45108e+09 -0.000192099
-1.45113e+09 -0.000192106
-1.45119e+09 -0.000192113
-1.45124e+09 -0.000192121
-1.4513e+09 -0.000192128
-1.45135e+09 -0.000192135
-1.45141e+09 -0.000192143
-1.45146e+09 -0.00019215
-1.45152e+09 -0.000192157
-1.45158e+09 -0.000192165
-1.45163e+09 -0.000192172
-1.45169e+09 -0.000192179
-1.45174e+09 -0.000192187
-1.4518e+09 -0.000192194
-1.45185e+09 -0.000192201
-1.45191e+09 -0.000192209
-1.45196e+09 -0.000192216
-1.45202e+09 -0.000192223
-1.45208e+09 -0.000192231
-1.45213e+09 -0.000192238
-1.45219e+09 -0.000192246
-1.45224e+09 -0.000192253
-1.4523e+09 -0.00019226
-1.45235e+09 -0.000192268
-1.45241e+09 -0.000192275
-1.45246e+09 -0.000192282
-1.45252e+09 -0.00019229
-1.45258e+09 -0.000192297
-1.45263e+09 -0.000192304
-1.45269e+09 -0.000192312
-1.45274e+09 -0.000192319
-1.4528e+09 -0.000192326
-1.45285e+09 -0.000192334
-1.45291e+09 -0.000192341
-1.45296e+09 -0.000192348
-1.45302e+09 -0.000192356
-1.45307e+09 -0.000192363
-1.45313e+09 -0.00019237
-1.45319e+09 -0.000192378
-1.45324e+09 -0.000192385
-1.4533e+09 -0.000192393
-1.45335e+09 -0.0001924
-1.45341e+09 -0.000192407
-1.45346e+09 -0.000192415
-1.45352e+09 -0.000192422
-1.45357e+09 -0.000192429
-1.45363e+09 -0.000192437
-1.45369e+09 -0.000192444
-1.45374e+09 -0.000192451
-1.4538e+09 -0.000192459
-1.45385e+09 -0.000192466
-1.45391e+09 -0.000192473
-1.45396e+09 -0.000192481
-1.45402e+09 -0.000192488
-1.45407e+09 -0.000192495
-1.45413e+09 -0.000192503
-1.45419e+09 -0.00019251
-1.45424e+09 -0.000192517
-1.4543e+09 -0.000192525
-1.45435e+09 -0.000192532
-1.45441e+09 -0.00019254
-1.45446e+09 -0.000192547
-1.45452e+09 -0.000192554
-1.45457e+09 -0.000192562
-1.45463e+09 -0.000192569
-1.45469e+09 -0.000192576
-1.45474e+09 -0.000192584
-1.4548e+09 -0.000192591
-1.45485e+09 -0.000192598
-1.45491e+09 -0.000192606
-1.45496e+09 -0.000192613
-1.45502e+09 -0.00019262
-1.45507e+09 -0.000192628
-1.45513e+09 -0.000192635
-1.45518e+09 -0.000192642
-1.45524e+09 -0.00019265
-1.4553e+09 -0.000192657
-1.45535e+09 -0.000192665
-1.45541e+09 -0.000192672
-1.45546e+09 -0.000192679
-1.45552e+09 -0.000192687
-1.45557e+09 -0.000192694
-1.45563e+09 -0.000192701
-1.45568e+09 -0.000192709
-1.45574e+09 -0.000192716
-1.4558e+09 -0.000192723
-1.45585e+09 -0.000192731
-1.45591e+09 -0.000192738
-1.45596e+09 -0.000192745
-1.45602e+09 -0.000192753
-1.45607e+09 -0.00019276
-1.45613e+09 -0.000192767
-1.45618e+09 -0.000192775
-1.45624e+09 -0.000192782
-1.4563e+09 -0.00019279
-1.45635e+09 -0.000192797
-1.45641e+09 -0.000192804
-1.45646e+09 -0.000192812
-1.45652e+09 -0.000192819
-1.45657e+09 -0.000192826
-1.45663e+09 -0.000192834
-1.45668e+09 -0.000192841
-1.45674e+09 -0.000192848
-1.4568e+09 -0.000192856
-1.45685e+09 -0.000192863
-1.45691e+09 -0.00019287
-1.45696e+09 -0.000192878
-1.45702e+09 -0.000192885
-1.45707e+09 -0.000192892
-1.45713e+09 -0.0001929
-1.45718e+09 -0.000192907
-1.45724e+09 -0.000192914
-1.4573e+09 -0.000192922
-1.45735e+09 -0.000192929
-1.45741e+09 -0.000192937
-1.45746e+09 -0.000192944
-1.45752e+09 -0.000192951
-1.45757e+09 -0.000192959
-1.45763e+09 -0.000192966
-1.45768e+09 -0.000192973
-1.45774e+09 -0.000192981
-1.4578e+09 -0.000192988
-1.45785e+09 -0.000192995
-1.45791e+09 -0.000193003
-1.45796e+09 -0.00019301
-1.45802e+09 -0.000193017
-1.45807e+09 -0.000193025
-1.45813e+09 -0.000193032
-1.45818e+09 -0.000193039
-1.45824e+09 -0.000193047
-1.45829e+09 -0.000193054
-1.45835e+09 -0.000193062
-1.45841e+09 -0.000193069
-1.45846e+09 -0.000193076
-1.45852e+09 -0.000193084
-1.45857e+09 -0.000193091
-1.45863e+09 -0.000193098
-1.45868e+09 -0.000193106
-1.45874e+09 -0.000193113
-1.45879e+09 -0.00019312
-1.45885e+09 -0.000193128
-1.45891e+09 -0.000193135
-1.45896e+09 -0.000193142
-1.45902e+09 -0.00019315
-1.45907e+09 -0.000193157
-1.45913e+09 -0.000193164
-1.45918e+09 -0.000193172
-1.45924e+09 -0.000193179
-1.45929e+09 -0.000193187
-1.45935e+09 -0.000193194
-1.45941e+09 -0.000193201
-1.45946e+09 -0.000193209
-1.45952e+09 -0.000193216
-1.45957e+09 -0.000193223
-1.45963e+09 -0.000193231
-1.45968e+09 -0.000193238
-1.45974e+09 -0.000193245
-1.45979e+09 -0.000193253
-1.45985e+09 -0.00019326
-1.45991e+09 -0.000193267
-1.45996e+09 -0.000193275
-1.46002e+09 -0.000193282
-1.46007e+09 -0.00019329
-1.46013e+09 -0.000193297
-1.46018e+09 -0.000193304
-1.46024e+09 -0.000193312
-1.46029e+09 -0.000193319
-1.46035e+09 -0.000193326
-1.46041e+09 -0.000193334
-1.46046e+09 -0.000193341
-1.46052e+09 -0.000193348
-1.46057e+09 -0.000193356
-1.46063e+09 -0.000193363
-1.46068e+09 -0.00019337
-1.46074e+09 -0.000193378
-1.4607e+09 -0.000193373
-1.46042e+09 -0.000193336
-1.46015e+09 -0.000193299
-1.45987e+09 -0.000193263
-1.45959e+09 -0.000193226
-1.45931e+09 -0.000193189
-1.45903e+09 -0.000193152
-1.45876e+09 -0.000193115
-1.45848e+09 -0.000193079
-1.4582e+09 -0.000193042
-1.45792e+09 -0.000193005
-1.45765e+09 -0.000192968
-1.45737e+09 -0.000192931
-1.45709e+09 -0.000192895
-1.45681e+09 -0.000192858
-1.45653e+09 -0.000192821
-1.45626e+09 -0.000192784
-1.45598e+09 -0.000192748
-1.4557e+09 -0.000192711
-1.45542e+09 -0.000192674
-1.45514e+09 -0.000192637
-1.45487e+09 -0.0001926
-1.45459e+09 -0.000192564
-1.45431e+09 -0.000192527
-1.45403e+09 -0.00019249
-1.45376e+09 -0.000192453
-1.45348e+09 -0.000192416
-1.4532e+09 -0.00019238
-1.45292e+09 -0.000192343
-1.45264e+09 -0.000192306
-1.45237e+09 -0.000192269
-1.45209e+09 -0.000192232
-1.45181e+09 -0.000192196
-1.45153e+09 -0.000192159
-1.45125e+09 -0.000192122
-1.45098e+09 -0.000192085
-1.4507e+09 -0.000192049
-1.45042e+09 -0.000192012
-1.45014e+09 -0.000191975
-1.44986e+09 -0.000191938
-1.44959e+09 -0.000191901
-1.44931e+09 -0.000191865
-1.44903e+09 -0.000191828
-1.44875e+09 -0.000191791
-1.44848e+09 -0.000191754
-1.4482e+09 -0.000191717
-1.44792e+09 -0.000191681
-1.44764e+09 -0.000191644
-1.44736e+09 -0.000191607
-1.44709e+09 -0.00019157
-1.44681e+09 -0.000191533
-1.44653e+09 -0.000191497
-1.44625e+09 -0.00019146
-1.44597e+09 -0.000191423
-1.4457e+09 -0.000191386
-1.44542e+09 -0.00019135
-1.44514e+09 -0.000191313
-1.44486e+09 -0.000191276
-1.44458e+09 -0.000191239
-1.44431e+09 -0.000191202
-1.44403e+09 -0.000191166
-1.44375e+09 -0.000191129
-1.44347e+09 -0.000191092
-1.4432e+09 -0.000191055
-1.44257e+09 -0.000190972
-1.4419e+09 -0.000190884
-1.44123e+09 -0.000190796
-1.44057e+09 -0.000190707
-1.4399e+09 -0.000190619
-1.43923e+09 -0.000190531
-1.43857e+09 -0.000190443
-1.4379e+09 -0.000190354
-1.43723e+09 -0.000190266
-1.43657e+09 -0.000190178
-1.4359e+09 -0.00019009
-1.43523e+09 -0.000190001
-1.43457e+09 -0.000189913
-1.4339e+09 -0.000189825
-1.43323e+09 -0.000189736
-1.43257e+09 -0.000189648
-1.4319e+09 -0.00018956
-1.43123e+09 -0.000189472
-1.43057e+09 -0.000189383
-1.4299e+09 -0.000189295
-1.42923e+09 -0.000189207
-1.42857e+09 -0.000189119
-1.4279e+09 -0.00018903
-1.42723e+09 -0.000188942
-1.42657e+09 -0.000188854
-1.4259e+09 -0.000188766
-1.42523e+09 -0.000188677
-1.42457e+09 -0.000188589
-1.4239e+09 -0.000188501
-1.42323e+09 -0.000188413
-1.42257e+09 -0.000188324
-1.4219e+09 -0.000188236
-1.42123e+09 -0.000188148
-1.42057e+09 -0.00018806
-1.4199e+09 -0.000187971
-1.41923e+09 -0.000187883
-1.41857e+09 -0.000187795
-1.4179e+09 -0.000187706
-1.41723e+09 -0.000187618
-1.41657e+09 -0.00018753
-1.4159e+09 -0.000187442
-1.41523e+09 -0.000187353
-1.41457e+09 -0.000187265
-1.4139e+09 -0.000187177
-1.41323e+09 -0.000187089
-1.41257e+09 -0.000187
-1.4119e+09 -0.000186912
-1.41123e+09 -0.000186824
-1.41057e+09 -0.000186736
-1.4099e+09 -0.000186647
-1.40923e+09 -0.000186559
-1.40857e+09 -0.000186471
-1.4079e+09 -0.000186383
-1.40723e+09 -0.000186294
-1.40657e+09 -0.000186206
-1.4059e+09 -0.000186118
-1.40523e+09 -0.00018603
-1.40457e+09 -0.000185941
-1.4039e+09 -0.000185853
-1.40323e+09 -0.000185765
-1.40257e+09 -0.000185677
-1.4019e+09 -0.000185588
-1.40123e+09 -0.0001855
-1.40057e+09 -0.000185412
-1.3999e+09 -0.000185324
-1.39923e+09 -0.000185235
-1.39857e+09 -0.000185147
-1.3979e+09 -0.000185059
-1.39723e+09 -0.000184971
-1.39657e+09 -0.000184882
-1.3959e+09 -0.000184794
-1.39523e+09 -0.000184706
-1.39457e+09 -0.000184618
-1.3939e+09 -0.000184529
-1.39323e+09 -0.000184441
-1.39257e+09 -0.000184353
-1.3919e+09 -0.000184265
-1.39123e+09 -0.000184176
-1.39057e+09 -0.000184088
-1.3899e+09 -0.000184
-1.38923e+09 -0.000183912
-1.38857e+09 -0.000183823
-1.3879e+09 -0.000183735
-1.38723e+09 -0.000183647
-1.38657e+09 -0.000183559
-1.3859e+09 -0.00018347
-1.38523e+09 -0.000183382
-1.38457e+09 -0.000183294
-1.3839e+09 -0.000183206
-1.38323e+09 -0.000183117
-1.38257e+09 -0.000183029
-1.3819e+09 -0.000182941
-1.38123e+09 -0.000182853
-1.38057e+09 -0.000182764
-1.3799e+09 -0.000182676
-1.37923e+09 -0.000182588
-1.37857e+09 -0.0001825
-1.3779e+09 -0.000182411
-1.37723e+09 -0.000182323
-1.37657e+09 -0.000182235
-1.3759e+09 -0.000182147
-1.37523e+09 -0.000182058
-1.37457e+09 -0.00018197
-1.3739e+09 -0.000181882
-1.37323e+09 -0.000181794
-1.37257e+09 -0.000181705
-1.3719e+09 -0.000181617
-1.37124e+09 -0.000181529
-1.37057e+09 -0.000181441
-1.3699e+09 -0.000181352
-1.36924e+09 -0.000181264
-1.36857e+09 -0.000181176
-1.3679e+09 -0.000181088
-1.36724e+09 -0.000180999
-1.36657e+09 -0.000180911
-1.3659e+09 -0.000180823
-1.36524e+09 -0.000180735
-1.36457e+09 -0.000180646
-1.3639e+09 -0.000180558
-1.36324e+09 -0.00018047
-1.36257e+09 -0.000180382
-1.3619e+09 -0.000180294
-1.36124e+09 -0.000180205
-1.36057e+09 -0.000180117
-1.3599e+09 -0.000180029
-1.35924e+09 -0.000179941
-1.35857e+09 -0.000179852
-1.3579e+09 -0.000179764
-1.35724e+09 -0.000179676
-1.35657e+09 -0.000179588
-1.3559e+09 -0.000179499
-1.35524e+09 -0.000179411
-1.35457e+09 -0.000179323
-1.3539e+09 -0.000179235
-1.35324e+09 -0.000179146
-1.35257e+09 -0.000179058
-1.3519e+09 -0.00017897
-1.35124e+09 -0.000178882
-1.35057e+09 -0.000178793
-1.34991e+09 -0.000178705
-1.34924e+09 -0.000178617
-1.34857e+09 -0.000178529
-1.34791e+09 -0.00017844
-1.34724e+09 -0.000178352
-1.34657e+09 -0.000178264
-1.34591e+09 -0.000178176
-1.34524e+09 -0.000178088
-1.34457e+09 -0.000177999
-1.34391e+09 -0.000177911
-1.34324e+09 -0.000177823
-1.34257e+09 -0.000177735
-1.34191e+09 -0.000177646
-1.34124e+09 -0.000177558
-1.34057e+09 -0.00017747
-1.33991e+09 -0.000177382
-1.33924e+09 -0.000177293
-1.33857e+09 -0.000177205
-1.33791e+09 -0.000177117
-1.33724e+09 -0.000177029
-1.33657e+09 -0.00017694
-1.33591e+09 -0.000176852
-1.33524e+09 -0.000176764
-1.33458e+09 -0.000176676
-1.33391e+09 -0.000176588
-1.33324e+09 -0.000176499
-1.33258e+09 -0.000176411
-1.33191e+09 -0.000176323
-1.33124e+09 -0.000176235
-1.33058e+09 -0.000176146
-1.32991e+09 -0.000176058
-1.32924e+09 -0.00017597
-1.32858e+09 -0.000175882
-1.32791e+09 -0.000175793
-1.32724e+09 -0.000175705
-1.32658e+09 -0.000175617
-1.32591e+09 -0.000175529
-1.32524e+09 -0.000175441
-1.32458e+09 -0.000175352
-1.32391e+09 -0.000175264
-1.32325e+09 -0.000175176
-1.32258e+09 -0.000175088
-1.32191e+09 -0.000174999
-1.32125e+09 -0.000174911
-1.32058e+09 -0.000174823
-1.31991e+09 -0.000174735
-1.31925e+09 -0.000174646
-1.31858e+09 -0.000174558
-1.31791e+09 -0.00017447
-1.31725e+09 -0.000174382
-1.31658e+09 -0.000174294
-1.31591e+09 -0.000174205
-1.31525e+09 -0.000174117
-1.31458e+09 -0.000174029
-1.31391e+09 -0.000173941
-1.31325e+09 -0.000173852
-1.31258e+09 -0.000173764
-1.31192e+09 -0.000173676
-1.31125e+09 -0.000173588
-1.31058e+09 -0.000173499
-1.30992e+09 -0.000173411
-1.30925e+09 -0.000173323
-1.30858e+09 -0.000173235
-1.30792e+09 -0.000173147
-1.30725e+09 -0.000173058
-1.30658e+09 -0.00017297
-1.30592e+09 -0.000172882
-1.30525e+09 -0.000172794
-1.30458e+09 -0.000172705
-1.30392e+09 -0.000172617
-1.30325e+09 -0.000172529
-1.30259e+09 -0.000172441
-1.30192e+09 -0.000172353
-1.30125e+09 -0.000172264
-1.30059e+09 -0.000172176
-1.29992e+09 -0.000172088
-1.29925e+09 -0.000172
-1.29859e+09 -0.000171911
-1.29792e+09 -0.000171823
-1.29725e+09 -0.000171735
-1.29659e+09 -0.000171647
-1.29592e+09 -0.000171559
-1.29525e+09 -0.00017147
-1.29459e+09 -0.000171382
-1.29392e+09 -0.000171294
-1.29326e+09 -0.000171206
-1.29259e+09 -0.000171117
-1.29192e+09 -0.000171029
-1.29126e+09 -0.000170941
-1.29059e+09 -0.000170853
-1.28992e+09 -0.000170765
-1.28926e+09 -0.000170676
-1.28859e+09 -0.000170588
-1.28792e+09 -0.0001705
-1.28726e+09 -0.000170412
-1.28659e+09 -0.000170323
-1.28592e+09 -0.000170235
-1.28526e+09 -0.000170147
-1.28459e+09 -0.000170059
-1.28393e+09 -0.000169971
-1.28326e+09 -0.000169882
-1.28259e+09 -0.000169794
-1.28193e+09 -0.000169706
-1.28126e+09 -0.000169618
-1.28059e+09 -0.000169529
-1.27993e+09 -0.000169441
-1.27926e+09 -0.000169353
-1.27859e+09 -0.000169265
-1.27793e+09 -0.000169177
-1.27726e+09 -0.000169088
-1.2766e+09 -0.000169
-1.27593e+09 -0.000168912
-1.27526e+09 -0.000168824
-1.2746e+09 -0.000168736
-1.27393e+09 -0.000168647
-1.27326e+09 -0.000168559
-1.2726e+09 -0.000168471
-1.27193e+09 -0.000168383
-1.27126e+09 -0.000168294
-1.2706e+09 -0.000168206
-1.26993e+09 -0.000168118
-1.26927e+09 -0.00016803
-1.2686e+09 -0.000167942
-1.26793e+09 -0.000167853
-1.26727e+09 -0.000167765
-1.2666e+09 -0.000167677
-1.26593e+09 -0.000167589
-1.26527e+09 -0.000167501
-1.2646e+09 -0.000167412
-1.26393e+09 -0.000167324
-1.26327e+09 -0.000167236
-1.2626e+09 -0.000167148
-1.26194e+09 -0.000167059
-1.26127e+09 -0.000166971
-1.2606e+09 -0.000166883
-1.25994e+09 -0.000166795
-1.25927e+09 -0.000166707
-1.2586e+09 -0.000166618
-1.25794e+09 -0.00016653
-1.25727e+09 -0.000166442
-1.2566e+09 -0.000166354
-1.25594e+09 -0.000166266
-1.25527e+09 -0.000166177
-1.25461e+09 -0.000166089
-1.25394e+09 -0.000166001
-1.25327e+09 -0.000165913
-1.25261e+09 -0.000165824
-1.25194e+09 -0.000165736
-1.25127e+09 -0.000165648
-1.25061e+09 -0.00016556
-1.24994e+09 -0.000165472
-1.24928e+09 -0.000165383
-1.24861e+09 -0.000165295
-1.24794e+09 -0.000165207
-1.24728e+09 -0.000165119
-1.24661e+09 -0.000165031
-1.24594e+09 -0.000164942
-1.24528e+09 -0.000164854
-1.24461e+09 -0.000164766
-1.24394e+09 -0.000164678
-1.24328e+09 -0.00016459
-1.24261e+09 -0.000164501
-1.24195e+09 -0.000164413
-1.24128e+09 -0.000164325
-1.24061e+09 -0.000164237
-1.23995e+09 -0.000164149
-1.23928e+09 -0.00016406
-1.23861e+09 -0.000163972
-1.23795e+09 -0.000163884
-1.23728e+09 -0.000163796
-1.23662e+09 -0.000163707
-1.23595e+09 -0.000163619
-1.23528e+09 -0.000163531
-1.23462e+09 -0.000163443
-1.23395e+09 -0.000163355
-1.23328e+09 -0.000163266
-1.23262e+09 -0.000163178
-1.23195e+09 -0.00016309
-1.23129e+09 -0.000163002
-1.23062e+09 -0.000162914
-1.22995e+09 -0.000162825
-1.22929e+09 -0.000162737
-1.22862e+09 -0.000162649
-1.22795e+09 -0.000162561
-1.22729e+09 -0.000162473
-1.22662e+09 -0.000162384
-1.22596e+09 -0.000162296
-1.22529e+09 -0.000162208
-1.22462e+09 -0.00016212
-1.22396e+09 -0.000162032
-1.22329e+09 -0.000161943
-1.22262e+09 -0.000161855
-1.22196e+09 -0.000161767
-1.22129e+09 -0.000161679
-1.22063e+09 -0.000161591
-1.21996e+09 -0.000161502
-1.21929e+09 -0.000161414
-1.21863e+09 -0.000161326
-1.21796e+09 -0.000161238
-1.21729e+09 -0.00016115
-1.21663e+09 -0.000161061
-1.21596e+09 -0.000160973
-1.2153e+09 -0.000160885
-1.21463e+09 -0.000160797
-1.21396e+09 -0.000160709
-1.2133e+09 -0.00016062
-1.21263e+09 -0.000160532
-1.21196e+09 -0.000160444
-1.2113e+09 -0.000160356
-1.21063e+09 -0.000160268
-1.20997e+09 -0.000160179
-1.2093e+09 -0.000160091
-1.20863e+09 -0.000160003
-1.20797e+09 -0.000159915
-1.2073e+09 -0.000159827
-1.20663e+09 -0.000159738
-1.20597e+09 -0.00015965
-1.2053e+09 -0.000159562
-1.20464e+09 -0.000159474
-1.20397e+09 -0.000159386
-1.2033e+09 -0.000159297
-1.20264e+09 -0.000159209
-1.20197e+09 -0.000159121
-1.2013e+09 -0.000159033
-1.20064e+09 -0.000158945
-1.19997e+09 -0.000158856
-1.19931e+09 -0.000158768
-1.19864e+09 -0.00015868
-1.19797e+09 -0.000158592
-1.19731e+09 -0.000158504
-1.19664e+09 -0.000158416
-1.19597e+09 -0.000158327
-1.19531e+09 -0.000158239
-1.19464e+09 -0.000158151
-1.19398e+09 -0.000158063
-1.19331e+09 -0.000157975
-1.19264e+09 -0.000157886
-1.19198e+09 -0.000157798
-1.19131e+09 -0.00015771
-1.19065e+09 -0.000157622
-1.18998e+09 -0.000157534
-1.18931e+09 -0.000157445
-1.18865e+09 -0.000157357
-1.18798e+09 -0.000157269
-1.18731e+09 -0.000157181
-1.18665e+09 -0.000157093
-1.18598e+09 -0.000157004
-1.18532e+09 -0.000156916
-1.18465e+09 -0.000156828
-1.18398e+09 -0.00015674
-1.18332e+09 -0.000156652
-1.18265e+09 -0.000156563
-1.18198e+09 -0.000156475
-1.18132e+09 -0.000156387
-1.18065e+09 -0.000156299
-1.17999e+09 -0.000156211
-1.17932e+09 -0.000156123
-1.17865e+09 -0.000156034
-1.17799e+09 -0.000155946
-1.17732e+09 -0.000155858
-1.17666e+09 -0.00015577
-1.17599e+09 -0.000155682
-1.17532e+09 -0.000155593
-1.17466e+09 -0.000155505
-1.17399e+09 -0.000155417
-1.17332e+09 -0.000155329
-1.17266e+09 -0.000155241
-1.17199e+09 -0.000155152
-1.17133e+09 -0.000155064
-1.17066e+09 -0.000154976
-1.16999e+09 -0.000154888
-1.16933e+09 -0.0001548
-1.16866e+09 -0.000154712
-1.168e+09 -0.000154623
-1.16733e+09 -0.000154535
-1.16666e+09 -0.000154447
-1.166e+09 -0.000154359
-1.16533e+09 -0.000154271
-1.16467e+09 -0.000154182
-1.164e+09 -0.000154094
-1.16333e+09 -0.000154006
-1.16267e+09 -0.000153918
-1.162e+09 -0.00015383
-1.16133e+09 -0.000153742
-1.16067e+09 -0.000153653
-1.16e+09 -0.000153565
-1.15934e+09 -0.000153477
-1.15867e+09 -0.000153389
-1.158e+09 -0.000153301
-1.15734e+09 -0.000153212
-1.15667e+09 -0.000153124
-1.15601e+09 -0.000153036
-1.15534e+09 -0.000152948
-1.15467e+09 -0.00015286
-1.15401e+09 -0.000152772
-1.15334e+09 -0.000152683
-1.15268e+09 -0.000152595
-1.15201e+09 -0.000152507
-1.15134e+09 -0.000152419
-1.15068e+09 -0.000152331
-1.15001e+09 -0.000152242
-1.14934e+09 -0.000152154
-1.14868e+09 -0.000152066
-1.14801e+09 -0.000151978
-1.14735e+09 -0.00015189
-1.14668e+09 -0.000151802
-1.14601e+09 -0.000151713
-1.14535e+09 -0.000151625
-1.14468e+09 -0.000151537
-1.14402e+09 -0.000151449
-1.14335e+09 -0.000151361
-1.14268e+09 -0.000151272
-1.14202e+09 -0.000151184
-1.14135e+09 -0.000151096
-1.14069e+09 -0.000151008
-1.14002e+09 -0.00015092
-1.13935e+09 -0.000150832
-1.13869e+09 -0.000150743
-1.13802e+09 -0.000150655
-1.13736e+09 -0.000150567
-1.13669e+09 -0.000150479
-1.13602e+09 -0.000150391
-1.13536e+09 -0.000150303
-1.13469e+09 -0.000150214
-1.13402e+09 -0.000150126
-1.13336e+09 -0.000150038
-1.13269e+09 -0.00014995
-1.13203e+09 -0.000149862
-1.13136e+09 -0.000149773
-1.13069e+09 -0.000149685
-1.13003e+09 -0.000149597
-1.12936e+09 -0.000149509
-1.1287e+09 -0.000149421
-1.12803e+09 -0.000149333
-1.12736e+09 -0.000149244
-1.1267e+09 -0.000149156
-1.12603e+09 -0.000149068
-1.12537e+09 -0.00014898
-1.1247e+09 -0.000148892
-1.12403e+09 -0.000148804
-1.12337e+09 -0.000148715
-1.1227e+09 -0.000148627
-1.12204e+09 -0.000148539
-1.12137e+09 -0.000148451
-1.1207e+09 -0.000148363
-1.12004e+09 -0.000148275
-1.11937e+09 -0.000148186
-1.11871e+09 -0.000148098
-1.11804e+09 -0.00014801
-1.11737e+09 -0.000147922
-1.11671e+09 -0.000147834
-1.11604e+09 -0.000147745
-1.11538e+09 -0.000147657
-1.11471e+09 -0.000147569
-1.11404e+09 -0.000147481
-1.11338e+09 -0.000147393
-1.11271e+09 -0.000147305
-1.11205e+09 -0.000147216
-1.11138e+09 -0.000147128
-1.11071e+09 -0.00014704
-1.11005e+09 -0.000146952
-1.10938e+09 -0.000146864
-1.10872e+09 -0.000146776
-1.10805e+09 -0.000146687
-1.10738e+09 -0.000146599
-1.10672e+09 -0.000146511
-1.10605e+09 -0.000146423
-1.10539e+09 -0.000146335
-1.10472e+09 -0.000146247
-1.10405e+09 -0.000146158
-1.10339e+09 -0.00014607
-1.10272e+09 -0.000145982
-1.10206e+09 -0.000145894
-1.10139e+09 -0.000145806
-1.10072e+09 -0.000145718
-1.10006e+09 -0.000145629
-1.09939e+09 -0.000145541
-1.09873e+09 -0.000145453
-1.09806e+09 -0.000145365
-1.09739e+09 -0.000145277
-1.09673e+09 -0.000145189
-1.09606e+09 -0.0001451
-1.0954e+09 -0.000145012
-1.09473e+09 -0.000144924
-1.09406e+09 -0.000144836
-1.0934e+09 -0.000144748
-1.09273e+09 -0.00014466
-1.09207e+09 -0.000144571
-1.0914e+09 -0.000144483
-1.09073e+09 -0.000144395
-1.09007e+09 -0.000144307
-1.0894e+09 -0.000144219
-1.08874e+09 -0.000144131
-1.08807e+09 -0.000144043
-1.0874e+09 -0.000143954
-1.08674e+09 -0.000143866
-1.08607e+09 -0.000143778
-1.08541e+09 -0.00014369
-1.08474e+09 -0.000143602
-1.08407e+09 -0.000143514
-1.08341e+09 -0.000143425
-1.08274e+09 -0.000143337
-1.08208e+09 -0.000143249
-1.08141e+09 -0.000143161
-1.08074e+09 -0.000143073
-1.08008e+09 -0.000142985
-1.07941e+09 -0.000142896
-1.07875e+09 -0.000142808
-1.07808e+09 -0.00014272
-1.07741e+09 -0.000142632
-1.07675e+09 -0.000142544
-1.07608e+09 -0.000142456
-1.07542e+09 -0.000142367
-1.07475e+09 -0.000142279
-1.07409e+09 -0.000142191
-1.07342e+09 -0.000142103
-1.07275e+09 -0.000142015
-1.07209e+09 -0.000141927
-1.07142e+09 -0.000141839
-1.07076e+09 -0.00014175
-1.07009e+09 -0.000141662
-1.06942e+09 -0.000141574
-1.06876e+09 -0.000141486
-1.06809e+09 -0.000141398
-1.06743e+09 -0.00014131
-1.06676e+09 -0.000141221
-1.06609e+09 -0.000141133
-1.06543e+09 -0.000141045
-1.06476e+09 -0.000140957
-1.0641e+09 -0.000140869
-1.06343e+09 -0.000140781
-1.06276e+09 -0.000140692
-1.0621e+09 -0.000140604
-1.06143e+09 -0.000140516
-1.06077e+09 -0.000140428
-1.0601e+09 -0.00014034
-1.05943e+09 -0.000140252
-1.05877e+09 -0.000140164
-1.0581e+09 -0.000140075
-1.05744e+09 -0.000139987
-1.05677e+09 -0.000139899
-1.05611e+09 -0.000139811
-1.05544e+09 -0.000139723
-1.05477e+09 -0.000139635
-1.05411e+09 -0.000139546
-1.05344e+09 -0.000139458
-1.05278e+09 -0.00013937
-1.05211e+09 -0.000139282
-1.05144e+09 -0.000139194
-1.05078e+09 -0.000139106
-1.05011e+09 -0.000139018
-1.04945e+09 -0.000138929
-1.04878e+09 -0.000138841
-1.04811e+09 -0.000138753
-1.04745e+09 -0.000138665
-1.04678e+09 -0.000138577
-1.04612e+09 -0.000138489
-1.04545e+09 -0.000138401
-1.04479e+09 -0.000138312
-1.04412e+09 -0.000138224
-1.04345e+09 -0.000138136
-1.04279e+09 -0.000138048
-1.04212e+09 -0.00013796
-1.04146e+09 -0.000137872
-1.04079e+09 -0.000137783
-1.04012e+09 -0.000137695
-1.03946e+09 -0.000137607
-1.03879e+09 -0.000137519
-1.03813e+09 -0.000137431
-1.03746e+09 -0.000137343
-1.0368e+09 -0.000137255
-1.03613e+09 -0.000137166
-1.03546e+09 -0.000137078
-1.0348e+09 -0.00013699
-1.03413e+09 -0.000136902
-1.03347e+09 -0.000136814
-1.0328e+09 -0.000136726
-1.03213e+09 -0.000136638
-1.03147e+09 -0.000136549
-1.0308e+09 -0.000136461
-1.03014e+09 -0.000136373
-1.02947e+09 -0.000136285
-1.02881e+09 -0.000136197
-1.02814e+09 -0.000136109
-1.02747e+09 -0.000136021
-1.02681e+09 -0.000135932
-1.02614e+09 -0.000135844
-1.02548e+09 -0.000135756
-1.02481e+09 -0.000135668
-1.02414e+09 -0.00013558
-1.02348e+09 -0.000135492
-1.02281e+09 -0.000135404
-1.02215e+09 -0.000135315
-1.02148e+09 -0.000135227
-1.02082e+09 -0.000135139
-1.02015e+09 -0.000135051
-1.01948e+09 -0.000134963
-1.01882e+09 -0.000134875
-1.01815e+09 -0.000134787
-1.01749e+09 -0.000134698
-1.01682e+09 -0.00013461
-1.01615e+09 -0.000134522
-1.01549e+09 -0.000134434
-1.01482e+09 -0.000134346
-1.01416e+09 -0.000134258
-1.01349e+09 -0.00013417
-1.01283e+09 -0.000134081
-1.01216e+09 -0.000133993
-1.01149e+09 -0.000133905
-1.01083e+09 -0.000133817
-1.01016e+09 -0.000133729
-1.0095e+09 -0.000133641
-1.00883e+09 -0.000133553
-1.00816e+09 -0.000133464
-1.0075e+09 -0.000133376
-1.00683e+09 -0.000133288
-1.00617e+09 -0.0001332
-1.0055e+09 -0.000133112
-1.00484e+09 -0.000133024
-1.00417e+09 -0.000132936
-1.0035e+09 -0.000132847
-1.00284e+09 -0.000132759
-1.00217e+09 -0.000132671
-1.00151e+09 -0.000132583
-1.00084e+09 -0.000132495
-1.00018e+09 -0.000132407
-9.9951e+08 -0.000132319
-9.98844e+08 -0.00013223
-9.98178e+08 -0.000132142
-9.97513e+08 -0.000132054
-9.96847e+08 -0.000131966
-9.96181e+08 -0.000131878
-9.95515e+08 -0.00013179
-9.9485e+08 -0.000131702
-9.94184e+08 -0.000131614
-9.93518e+08 -0.000131525
-9.92852e+08 -0.000131437
-9.92187e+08 -0.000131349
-9.91521e+08 -0.000131261
-9.90855e+08 -0.000131173
-9.90189e+08 -0.000131085
-9.89524e+08 -0.000130997
-9.88858e+08 -0.000130908
-9.88192e+08 -0.00013082
-9.87526e+08 -0.000130732
-9.86861e+08 -0.000130644
-9.86195e+08 -0.000130556
-9.85529e+08 -0.000130468
-9.84863e+08 -0.00013038
-9.84198e+08 -0.000130292
-9.83532e+08 -0.000130203
-9.82866e+08 -0.000130115
-9.822e+08 -0.000130027
-9.81535e+08 -0.000129939
-9.80869e+08 -0.000129851
-9.80203e+08 -0.000129763
-9.79537e+08 -0.000129675
-9.78872e+08 -0.000129586
-9.78206e+08 -0.000129498
-9.7754e+08 -0.00012941
-9.76875e+08 -0.000129322
-9.76209e+08 -0.000129234
-9.75543e+08 -0.000129146
-9.74877e+08 -0.000129058
-9.74212e+08 -0.00012897
-9.73546e+08 -0.000128881
-9.7288e+08 -0.000128793
-9.72215e+08 -0.000128705
-9.71549e+08 -0.000128617
-9.70883e+08 -0.000128529
-9.70217e+08 -0.000128441
-9.69552e+08 -0.000128353
-9.68886e+08 -0.000128265
-9.6822e+08 -0.000128176
-9.67555e+08 -0.000128088
-9.66889e+08 -0.000128
-9.66223e+08 -0.000127912
-9.65558e+08 -0.000127824
-9.64892e+08 -0.000127736
-9.64226e+08 -0.000127648
-9.63561e+08 -0.00012756
-9.62895e+08 -0.000127471
-9.62229e+08 -0.000127383
-9.61563e+08 -0.000127295
-9.60898e+08 -0.000127207
-9.60232e+08 -0.000127119
-9.59566e+08 -0.000127031
-9.58901e+08 -0.000126943
-9.58235e+08 -0.000126855
-9.57569e+08 -0.000126766
-9.56904e+08 -0.000126678
-9.56238e+08 -0.00012659
-9.55572e+08 -0.000126502
-9.54907e+08 -0.000126414
-9.54241e+08 -0.000126326
-9.53575e+08 -0.000126238
-9.5291e+08 -0.00012615
-9.52244e+08 -0.000126061
-9.51578e+08 -0.000125973
-9.50913e+08 -0.000125885
-9.50247e+08 -0.000125797
-9.49581e+08 -0.000125709
-9.48916e+08 -0.000125621
-9.4825e+08 -0.000125533
-9.47584e+08 -0.000125445
-9.46919e+08 -0.000125356
-9.46253e+08 -0.000125268
-9.45587e+08 -0.00012518
-9.44922e+08 -0.000125092
-9.44256e+08 -0.000125004
-9.4359e+08 -0.000124916
-9.42925e+08 -0.000124828
-9.42259e+08 -0.00012474
-9.41594e+08 -0.000124651
-9.40928e+08 -0.000124563
-9.40262e+08 -0.000124475
-9.39597e+08 -0.000124387
-9.38931e+08 -0.000124299
-9.38265e+08 -0.000124211
-9.376e+08 -0.000124123
-9.36934e+08 -0.000124035
-9.36268e+08 -0.000123946
-9.35603e+08 -0.000123858
-9.34937e+08 -0.00012377
-9.34272e+08 -0.000123682
-9.33606e+08 -0.000123594
-9.3294e+08 -0.000123506
-9.32275e+08 -0.000123418
-9.31609e+08 -0.00012333
-9.30943e+08 -0.000123242
-9.30278e+08 -0.000123153
-9.29612e+08 -0.000123065
-9.28947e+08 -0.000122977
-9.28281e+08 -0.000122889
-9.27615e+08 -0.000122801
-9.2695e+08 -0.000122713
-9.26284e+08 -0.000122625
-9.25619e+08 -0.000122537
-9.24953e+08 -0.000122449
-9.24287e+08 -0.00012236
-9.23622e+08 -0.000122272
-9.22956e+08 -0.000122184
-9.22291e+08 -0.000122096
-9.21625e+08 -0.000122008
-9.20959e+08 -0.00012192
-9.20294e+08 -0.000121832
-9.19628e+08 -0.000121744
-9.18963e+08 -0.000121655
-9.18297e+08 -0.000121567
-9.17631e+08 -0.000121479
-9.16966e+08 -0.000121391
-9.163e+08 -0.000121303
-9.15635e+08 -0.000121215
-9.14969e+08 -0.000121127
-9.14303e+08 -0.000121039
-9.13638e+08 -0.000120951
-9.12972e+08 -0.000120862
-9.12307e+08 -0.000120774
-9.11641e+08 -0.000120686
-9.10976e+08 -0.000120598
-9.1031e+08 -0.00012051
-9.09644e+08 -0.000120422
-9.08979e+08 -0.000120334
-9.08313e+08 -0.000120246
-9.07648e+08 -0.000120158
-9.06982e+08 -0.000120069
-9.06317e+08 -0.000119981
-9.05651e+08 -0.000119893
-9.04985e+08 -0.000119805
-9.0432e+08 -0.000119717
-9.03654e+08 -0.000119629
-9.02989e+08 -0.000119541
-9.02323e+08 -0.000119453
-9.01658e+08 -0.000119365
-9.00992e+08 -0.000119276
-9.00327e+08 -0.000119188
-8.99661e+08 -0.0001191
-8.98995e+08 -0.000119012
-8.9833e+08 -0.000118924
-8.97664e+08 -0.000118836
-8.96999e+08 -0.000118748
-8.96333e+08 -0.00011866
-8.95668e+08 -0.000118572
-8.95002e+08 -0.000118484
-8.94337e+08 -0.000118395
-8.93671e+08 -0.000118307
-8.93006e+08 -0.000118219
-8.9234e+08 -0.000118131
-8.91675e+08 -0.000118043
-8.91009e+08 -0.000117955
-8.90343e+08 -0.000117867
-8.89678e+08 -0.000117779
-8.89012e+08 -0.000117691
-8.88347e+08 -0.000117602
-8.87681e+08 -0.000117514
-8.87016e+08 -0.000117426
-8.8635e+08 -0.000117338
-8.85685e+08 -0.00011725
-8.85019e+08 -0.000117162
-8.84354e+08 -0.000117074
-8.83688e+08 -0.000116986
-8.83023e+08 -0.000116898
-8.82357e+08 -0.00011681
-8.81692e+08 -0.000116721
-8.81026e+08 -0.000116633
-8.80361e+08 -0.000116545
-8.79695e+08 -0.000116457
-8.7903e+08 -0.000116369
-8.78364e+08 -0.000116281
-8.77699e+08 -0.000116193
-8.77033e+08 -0.000116105
-8.76368e+08 -0.000116017
-8.75702e+08 -0.000115929
-8.75037e+08 -0.00011584
-8.74371e+08 -0.000115752
-8.73706e+08 -0.000115664
-8.7304e+08 -0.000115576
-8.72375e+08 -0.000115488
-8.71709e+08 -0.0001154
-8.71044e+08 -0.000115312
-8.70378e+08 -0.000115224
-8.69713e+08 -0.000115136
-8.69047e+08 -0.000115048
-8.68382e+08 -0.000114959
-8.67716e+08 -0.000114871
-8.67051e+08 -0.000114783
-8.66385e+08 -0.000114695
-8.6572e+08 -0.000114607
-8.65054e+08 -0.000114519
-8.64389e+08 -0.000114431
-8.63723e+08 -0.000114343
-8.63058e+08 -0.000114255
-8.62393e+08 -0.000114167
-8.61727e+08 -0.000114078
-8.61062e+08 -0.00011399
-8.60396e+08 -0.000113902
-8.59731e+08 -0.000113814
-8.59065e+08 -0.000113726
-8.584e+08 -0.000113638
-8.57734e+08 -0.00011355
-8.57069e+08 -0.000113462
-8.56403e+08 -0.000113374
-8.55738e+08 -0.000113286
-8.55072e+08 -0.000113197
-8.54407e+08 -0.000113109
-8.53742e+08 -0.000113021
-8.53076e+08 -0.000112933
-8.52411e+08 -0.000112845
-8.51745e+08 -0.000112757
-8.5108e+08 -0.000112669
-8.50414e+08 -0.000112581
-8.49749e+08 -0.000112493
-8.49083e+08 -0.000112405
-8.48418e+08 -0.000112317
-8.47753e+08 -0.000112228
-8.47087e+08 -0.00011214
-8.46422e+08 -0.000112052
-8.45756e+08 -0.000111964
-8.45091e+08 -0.000111876
-8.44425e+08 -0.000111788
-8.4376e+08 -0.0001117
-8.43095e+08 -0.000111612
-8.42429e+08 -0.000111524
-8.41764e+08 -0.000111436
-8.41098e+08 -0.000111348
-8.40433e+08 -0.000111259
-8.39767e+08 -0.000111171
-8.39102e+08 -0.000111083
-8.38437e+08 -0.000110995
-8.37771e+08 -0.000110907
-8.37106e+08 -0.000110819
-8.3644e+08 -0.000110731
-8.35775e+08 -0.000110643
-8.3511e+08 -0.000110555
-8.34444e+08 -0.000110467
-8.33779e+08 -0.000110379
-8.33113e+08 -0.00011029
-8.32448e+08 -0.000110202
-8.31783e+08 -0.000110114
-8.31117e+08 -0.000110026
-8.30452e+08 -0.000109938
-8.29786e+08 -0.00010985
-8.29121e+08 -0.000109762
-8.28456e+08 -0.000109674
-8.2779e+08 -0.000109586
-8.27125e+08 -0.000109498
-8.26459e+08 -0.00010941
-8.25794e+08 -0.000109321
-8.25129e+08 -0.000109233
-8.24463e+08 -0.000109145
-8.23798e+08 -0.000109057
-8.23132e+08 -0.000108969
-8.22467e+08 -0.000108881
-8.21802e+08 -0.000108793
-8.21136e+08 -0.000108705
-8.20471e+08 -0.000108617
-8.19806e+08 -0.000108529
-8.1914e+08 -0.000108441
-8.18475e+08 -0.000108353
-8.17809e+08 -0.000108264
-8.17144e+08 -0.000108176
-8.16479e+08 -0.000108088
-8.15813e+08 -0.000108
-8.15148e+08 -0.000107912
-8.14483e+08 -0.000107824
-8.13817e+08 -0.000107736
-8.13152e+08 -0.000107648
-8.12487e+08 -0.00010756
-8.11821e+08 -0.000107472
-8.11156e+08 -0.000107384
-8.1049e+08 -0.000107296
-8.09825e+08 -0.000107207
-8.0916e+08 -0.000107119
-8.08494e+08 -0.000107031
-8.07829e+08 -0.000106943
-8.07164e+08 -0.000106855
-8.06498e+08 -0.000106767
-8.05833e+08 -0.000106679
-8.05168e+08 -0.000106591
-8.04502e+08 -0.000106503
-8.03837e+08 -0.000106415
-8.03172e+08 -0.000106327
-8.02506e+08 -0.000106239
-8.01841e+08 -0.000106151
-8.01176e+08 -0.000106062
-8.0051e+08 -0.000105974
-7.99845e+08 -0.000105886
-7.9918e+08 -0.000105798
-7.98514e+08 -0.00010571
-7.97849e+08 -0.000105622
-7.97184e+08 -0.000105534
-7.96518e+08 -0.000105446
-7.95853e+08 -0.000105358
-7.95188e+08 -0.00010527
-7.94522e+08 -0.000105182
-7.93857e+08 -0.000105094
-7.93192e+08 -0.000105005
-7.92526e+08 -0.000104917
-7.91861e+08 -0.000104829
-7.91196e+08 -0.000104741
-7.9053e+08 -0.000104653
-7.89865e+08 -0.000104565
-7.892e+08 -0.000104477
-7.88535e+08 -0.000104389
-7.87869e+08 -0.000104301
-7.87204e+08 -0.000104213
-7.86539e+08 -0.000104125
-7.85873e+08 -0.000104037
-7.85208e+08 -0.000103949
-7.84543e+08 -0.000103861
-7.83877e+08 -0.000103772
-7.83212e+08 -0.000103684
-7.82547e+08 -0.000103596
-7.81882e+08 -0.000103508
-7.81216e+08 -0.00010342
-7.80551e+08 -0.000103332
-7.79886e+08 -0.000103244
-7.7922e+08 -0.000103156
-7.78555e+08 -0.000103068
-7.7789e+08 -0.00010298
-7.77225e+08 -0.000102892
-7.76559e+08 -0.000102804
-7.75894e+08 -0.000102716
-7.75229e+08 -0.000102627
-7.74563e+08 -0.000102539
-7.73898e+08 -0.000102451
-7.73233e+08 -0.000102363
-7.72568e+08 -0.000102275
-7.71902e+08 -0.000102187
-7.71237e+08 -0.000102099
-7.70572e+08 -0.000102011
-7.69907e+08 -0.000101923
-7.69241e+08 -0.000101835
-7.68576e+08 -0.000101747
-7.67911e+08 -0.000101659
-7.67245e+08 -0.000101571
-7.6658e+08 -0.000101483
-7.65915e+08 -0.000101395
-7.6525e+08 -0.000101306
-7.64584e+08 -0.000101218
-7.63919e+08 -0.00010113
-7.63254e+08 -0.000101042
-7.62589e+08 -0.000100954
-7.61923e+08 -0.000100866
-7.61258e+08 -0.000100778
-7.60593e+08 -0.00010069
-7.59928e+08 -0.000100602
-7.59262e+08 -0.000100514
-7.58597e+08 -0.000100426
-7.57932e+08 -0.000100338
-7.57267e+08 -0.00010025
-7.56601e+08 -0.000100162
-7.55936e+08 -0.000100073
-7.55271e+08 -9.99854e-05
-7.54606e+08 -9.98974e-05
-7.53941e+08 -9.98093e-05
-7.53275e+08 -9.97212e-05
-7.5261e+08 -9.96332e-05
-7.51945e+08 -9.95451e-05
-7.5128e+08 -9.9457e-05
-7.50614e+08 -9.9369e-05
-7.49949e+08 -9.92809e-05
-7.49284e+08 -9.91928e-05
-7.48619e+08 -9.91048e-05
-7.47954e+08 -9.90167e-05
-7.47288e+08 -9.89286e-05
-7.46623e+08 -9.88406e-05
-7.45958e+08 -9.87525e-05
-7.45293e+08 -9.86645e-05
-7.44627e+08 -9.85764e-05
-7.43962e+08 -9.84883e-05
-7.43297e+08 -9.84003e-05
-7.42632e+08 -9.83122e-05
-7.41967e+08 -9.82241e-05
-7.41301e+08 -9.81361e-05
-7.40636e+08 -9.8048e-05
-7.39971e+08 -9.796e-05
-7.39306e+08 -9.78719e-05
-7.38641e+08 -9.77838e-05
-7.37975e+08 -9.76958e-05
-7.3731e+08 -9.76077e-05
-7.36645e+08 -9.75196e-05
-7.3598e+08 -9.74316e-05
-7.35315e+08 -9.73435e-05
-7.34649e+08 -9.72555e-05
-7.33984e+08 -9.71674e-05
-7.33319e+08 -9.70793e-05
-7.32654e+08 -9.69913e-05
-7.31989e+08 -9.69032e-05
-7.31324e+08 -9.68152e-05
-7.30658e+08 -9.67271e-05
-7.29993e+08 -9.66391e-05
-7.29328e+08 -9.6551e-05
-7.28663e+08 -9.64629e-05
-7.27998e+08 -9.63749e-05
-7.27332e+08 -9.62868e-05
-7.26667e+08 -9.61988e-05
-7.26002e+08 -9.61107e-05
-7.25337e+08 -9.60226e-05
-7.24672e+08 -9.59346e-05
-7.24007e+08 -9.58465e-05
-7.23341e+08 -9.57585e-05
-7.22676e+08 -9.56704e-05
-7.22011e+08 -9.55824e-05
-7.21346e+08 -9.54943e-05
-7.20681e+08 -9.54063e-05
-7.20016e+08 -9.53182e-05
-7.19351e+08 -9.52301e-05
-7.18685e+08 -9.51421e-05
-7.1802e+08 -9.5054e-05
-7.17355e+08 -9.4966e-05
-7.1669e+08 -9.48779e-05
-7.16025e+08 -9.47899e-05
-7.1536e+08 -9.47018e-05
-7.14694e+08 -9.46138e-05
-7.14029e+08 -9.45257e-05
-7.13364e+08 -9.44376e-05
