-1.93136e-07
-4.00214e-07
-6.23526e-07
-8.66005e-07
-1.13149e-06
-1.42473e-06
-1.75242e-06
-2.12359e-06
-2.55028e-06
-3.05065e-06
0.062775
0.125553
0.188332
0.25111
0.313889
0.376667
0.439447
0.502225
0.565003
0.627782
0.690561
0.753341
0.81612
0.878899
0.941678
1.00446
1.06724
1.13002
1.1928
1.25558
1.31836
1.38114
1.44392
1.5067
1.56948
1.63226
1.69504
1.75782
1.8206
1.88338
1.94616
2.00894
2.07172
2.1345
2.19728
2.26006
2.32284
2.38562
2.44841
2.51119
2.57397
2.63675
2.69953
2.76231
2.82509
2.88788
2.95066
3.01344
3.07622
3.139
3.20179
3.26457
3.32735
3.39013
3.45292
3.5157
3.57848
3.64126
3.70405
3.76683
3.82961
3.8924
3.95518
4.01796
4.08074
4.14353
4.20631
4.2691
4.33188
4.39466
4.45745
4.52023
4.58301
4.6458
4.70858
4.77137
4.83415
4.89693
4.95972
5.0225
5.08529
5.14807
5.21086
5.27364
5.33643
5.39921
5.462
5.52478
5.58757
5.65035
5.71314
5.77592
5.83871
5.90149
5.96428
6.02707
6.08985
6.15264
6.21542
6.27821
6.341
6.40378
6.46657
6.52935
6.59214
6.65493
6.71771
6.7805
6.84329
6.90607
6.96886
7.03165
7.09444
7.15722
7.22001
7.2828
7.34558
7.40837
7.47116
7.53395
7.59674
7.65952
7.72231
7.7851
7.84789
7.91067
7.97346
8.03625
8.09904
8.16183
8.22462
8.28741
8.35019
8.41298
8.47577
8.53856
8.60135
8.66414
8.72693
8.78972
8.85251
8.9153
8.97809
9.04087
9.10366
9.16645
9.22924
9.29203
9.35482
9.41761
9.4804
9.54319
9.60598
9.66877
9.73157
9.79436
9.85715
9.91994
9.98273
10.0455
10.1083
10.1711
10.2339
10.2967
10.3595
10.4223
10.4851
10.5478
10.6106
10.6734
10.7362
10.799
10.8618
10.9246
10.9874
11.0502
11.113
11.1758
11.2386
11.3014
11.3641
11.4269
11.4897
11.5525
11.6153
11.6781
11.7409
11.8037
11.8665
11.9293
11.9921
12.0549
12.1177
12.1805
12.2432
12.306
12.3688
12.4316
12.4944
12.5572
12.62
12.6828
12.7456
12.8084
12.8712
12.934
12.9968
13.0596
13.1224
13.1852
13.248
13.3108
13.3735
13.4363
13.4991
13.5619
13.6247
13.6875
13.7503
13.8131
13.8759
13.9387
14.0015
14.0643
14.1271
14.1899
14.2527
14.3155
14.3783
14.4411
14.5039
14.5667
14.6295
14.6923
14.7551
14.8179
14.8807
14.9434
15.0062
15.069
15.1318
15.1946
15.2574
15.3202
15.383
15.4458
15.5086
15.5714
15.6342
15.697
15.7598
15.8226
15.8854
15.9482
16.011
16.0738
16.1366
16.1994
16.2622
16.325
16.3878
16.4506
16.5134
16.5762
16.639
16.7018
16.7646
16.8274
16.8902
16.953
17.0158
17.0786
17.1414
17.2042
17.267
17.3298
17.3926
17.4554
17.5182
17.581
17.6438
17.7066
17.7694
17.8322
17.895
17.9578
18.0206
18.0834
18.1462
18.209
18.2718
18.3346
18.3974
18.4602
18.523
18.5858
18.6486
18.7114
18.7742
18.837
18.8998
18.9626
19.0254
19.0882
19.151
19.2138
19.2766
19.3394
19.4022
19.465
19.5278
19.5906
19.6535
19.7163
19.7791
19.8419
19.9047
19.9675
20.0303
20.0931
20.1559
20.2187
20.2815
20.3443
20.4071
20.4699
20.5327
20.5955
20.6583
20.7211
20.7839
20.8467
20.9095
20.9723
21.0351
21.0979
21.1607
21.2236
21.2864
21.3492
21.412
21.4748
21.5376
21.6004
21.6632
21.726
21.7888
21.8516
21.9144
21.9772
22.04
22.1028
22.1656
22.2284
22.2912
22.3541
22.4169
22.4797
22.5425
22.6053
22.6681
22.7309
22.7937
22.8565
22.9193
22.9821
23.0449
23.1077
23.1705
23.2334
23.2962
23.359
23.4218
23.4846
23.5474
23.6102
23.673
23.7358
23.7986
23.8614
23.9242
23.987
24.0499
24.1127
24.1755
24.2383
24.3011
24.3639
24.4267
24.4895
24.5523
24.6151
24.6779
24.7408
24.8036
24.8664
24.9292
24.992
25.0548
25.1176
25.1804
25.2432
25.306
25.3689
25.4317
25.4945
25.5573
25.6201
25.6829
25.7457
25.8085
25.8713
25.9341
25.997
26.0598
26.1226
26.1854
26.2482
26.311
26.3738
26.4366
26.4995
26.5623
26.6251
26.6879
26.7507
26.8135
26.8763
26.9391
27.0019
27.0648
27.1276
27.1904
27.2532
27.316
27.3788
27.4416
27.5044
27.5673
27.6301
27.6929
27.7557
27.8185
27.8813
27.9441
28.007
28.0698
28.1326
28.1954
28.2582
28.321
28.3838
28.4467
28.5095
28.5723
28.6351
28.6979
28.7607
28.8235
28.8864
28.9492
29.012
29.0748
29.1376
29.2004
29.2632
29.3261
29.3889
29.4517
29.5145
29.5773
29.6401
29.703
29.7658
29.8286
29.8914
29.9542
30.017
30.0798
30.1427
30.2055
30.2683
30.3311
30.3939
30.4567
30.5196
30.5824
30.6452
30.708
30.7708
30.8336
30.8965
30.9593
31.0221
31.0849
31.1477
31.2106
31.2734
31.3362
31.399
31.4618
31.5246
31.5875
31.6503
31.7131
31.7759
31.8387
31.9015
31.9644
32.0272
32.09
32.1528
32.2156
32.2785
32.3413
32.4041
32.4669
32.5297
32.5926
32.6554
32.7182
32.781
32.8438
32.9067
32.9695
33.0323
33.0951
33.1579
33.2208
33.2836
33.3464
33.4092
33.472
33.5349
33.5977
33.6605
33.7233
33.7861
33.849
33.9118
33.9746
34.0374
34.1002
34.1631
34.2259
34.2887
34.3515
34.4144
34.4772
34.54
34.6028
34.6656
34.7285
34.7913
34.8541
34.9169
34.9798
35.0426
35.1054
35.1682
35.231
35.2939
35.3567
35.4195
35.4823
35.5452
35.608
35.6708
35.7336
35.7965
35.8593
35.9221
35.9849
36.0477
36.1106
36.1734
36.2362
36.299
36.3619
36.4247
36.4875
36.5503
36.6132
36.676
36.7388
36.8016
36.8645
36.9273
36.9901
37.0529
37.1158
37.1786
37.2414
37.3042
37.3671
37.4299
37.4927
37.5555
37.6184
37.6812
37.744
37.8068
37.8697
37.9325
37.9953
38.0581
38.121
38.1838
38.2466
38.3095
38.3723
38.4351
38.4979
38.5608
38.6236
38.6864
38.7492
38.8121
38.8749
38.9377
39.0005
39.0634
39.1262
39.189
39.2519
39.3147
39.3775
39.4403
39.5032
39.566
39.6288
39.6917
39.7545
39.8173
39.8801
39.943
40.0058
40.0686
40.1315
40.1943
40.2571
40.3199
40.3828
40.4456
40.5084
40.5713
40.6341
40.6969
40.7598
40.8226
40.8854
40.9482
41.0111
41.0739
41.1367
41.1996
41.2624
41.3252
41.3881
41.4509
41.5137
41.5765
41.6394
41.7022
41.765
41.8279
41.8907
41.9535
42.0164
42.0792
42.142
42.2049
42.2677
42.3305
42.3934
42.4562
42.519
42.5818
42.6447
42.7075
42.7703
42.8332
42.896
42.9588
43.0217
43.0845
43.1473
43.2102
43.273
43.3358
43.3987
43.4615
43.5243
43.5872
43.65
43.7128
43.7757
43.8385
43.9013
43.9642
44.027
44.0898
44.1527
44.2155
44.2783
44.3412
44.404
44.4668
44.5297
44.5925
44.6553
44.7182
44.781
44.8439
44.9067
44.9695
45.0324
45.0952
45.158
45.2209
45.2837
45.3465
45.4094
45.4722
45.535
45.5979
45.6607
45.7235
45.7864
45.8492
45.9121
45.9749
46.0377
46.1006
46.1634
46.2262
46.2891
46.3519
46.4147
46.4776
46.5404
46.6033
46.6661
46.7289
46.7918
46.8546
46.9174
46.9803
47.0431
47.106
47.1688
47.2316
47.2945
47.3573
47.4201
47.483
47.5458
47.6087
47.6715
47.7343
47.7972
47.86
47.9229
47.9857
48.0485
48.1114
48.1742
48.2371
48.2999
48.3627
48.4256
48.4884
48.5512
48.6141
48.6769
48.7398
48.8026
48.8654
48.9283
48.9911
49.054
49.1168
49.1796
49.2425
49.3053
49.3682
49.431
49.4939
49.5567
49.6195
49.6824
49.7452
49.8081
49.8709
49.9337
49.9966
50.0594
50.1223
50.1851
50.2479
50.3108
50.3736
50.4365
50.4993
50.5622
50.625
50.6878
50.7507
50.8135
50.8764
50.9392
51.0021
51.0649
51.1277
51.1906
51.2534
51.3163
51.3791
51.442
51.5048
51.5676
51.6305
51.6933
51.7562
51.819
51.8819
51.9447
52.0075
52.0704
52.1332
52.1961
52.2589
52.3218
52.3846
52.4475
52.5103
52.5731
52.636
52.6988
52.7617
52.8245
52.8874
52.9502
53.0131
53.0759
53.1388
53.2016
53.2644
53.3273
53.3901
53.453
53.5158
53.5787
53.6415
53.7044
53.7776
53.8694
53.9611
54.0529
54.1447
54.2365
54.3283
54.4201
54.5319
54.6764
54.8209
54.9653
55.1098
55.2543
55.3987
55.5432
55.6877
55.8321
55.9766
56.1211
56.2655
56.41
56.5545
56.6989
56.8434
56.9878
57.1323
57.2768
57.4212
57.5657
57.7102
57.8546
57.9991
58.1436
58.288
58.4325
58.577
58.7214
58.8659
59.0104
59.1548
59.2993
59.4437
59.5882
59.7327
59.8771
60.0216
60.1661
60.3105
60.455
60.5995
60.7439
60.8884
61.0329
61.1773
61.3218
61.4662
61.6107
61.7552
61.8996
62.0441
62.1886
62.333
62.4775
62.622
62.7664
62.9109
63.0554
63.1998
63.3443
63.4887
63.6332
63.7777
63.9221
64.0666
64.2111
64.3555
64.5
64.6445
64.7889
64.9334
65.0779
65.2223
65.3668
65.5112
65.6557
65.8002
65.9446
66.0891
66.2336
66.378
66.5225
66.667
66.8114
66.9559
67.1003
67.2448
67.3893
67.5337
67.6782
67.8227
67.9671
68.1116
68.2561
68.4005
68.545
68.6895
68.8339
68.9784
69.1228
69.2673
69.4118
69.5562
69.7007
69.8452
69.9896
70.1341
70.2786
70.423
70.5675
70.7119
70.8564
71.0009
71.1453
71.2898
71.4343
71.5787
71.7232
71.8676
72.0121
72.1566
72.301
72.4455
72.59
72.7344
72.8789
73.0234
73.1678
73.3123
73.4567
73.6012
73.7457
73.8901
74.0346
74.1791
74.3235
74.468
74.6125
74.7569
74.9014
75.0458
75.1903
75.3348
75.4792
75.6237
75.7682
75.9126
76.0571
76.2015
76.346
76.4905
76.6349
76.7794
76.9239
77.0683
77.2128
77.3572
77.5017
77.6462
77.7906
77.9351
78.0796
78.224
78.3685
78.5129
78.6574
78.8019
78.9463
79.0908
79.2353
79.3797
79.5242
79.6687
79.8131
79.9576
80.102
80.2465
80.391
80.5354
80.6799
80.8244
80.9688
81.1133
81.2577
81.4022
81.5467
81.6911
81.8356
81.9801
82.1245
82.269
82.4134
82.5579
82.7024
82.8468
82.9913
83.1357
83.2802
83.4247
83.5691
83.7136
83.8581
84.0025
84.147
84.2914
84.4359
84.5804
84.7248
84.8693
85.0138
85.1582
85.3027
85.4471
85.5916
85.7361
85.8805
86.025
86.1695
86.3139
86.4584
86.6028
86.7473
86.8918
87.0362
87.1807
87.3252
87.4696
87.6141
87.7585
87.903
88.0475
88.1919
88.3364
88.4808
88.6253
88.7698
88.9142
89.0587
89.2032
89.3476
89.4921
89.6365
89.781
89.9255
90.0699
90.2144
90.3588
90.5033
90.6478
90.7922
90.9367
91.0812
91.2256
91.3701
91.5145
91.659
91.8035
91.9479
92.0924
92.2368
92.3813
92.5258
92.6702
92.8147
92.9592
93.1036
93.2481
93.3925
93.537
93.6815
93.8259
93.9704
94.1148
94.2593
94.4038
94.5482
94.6927
94.8372
94.9816
95.1261
95.2705
95.415
95.5595
95.7039
95.8484
95.9928
96.1373
96.2818
96.4262
96.5707
96.7151
96.8596
97.0041
97.1485
97.293
97.4375
97.5819
97.7264
97.8708
98.0153
98.1598
98.3042
98.4487
98.5931
98.7376
98.8821
99.0265
99.171
99.3154
99.4599
99.6044
99.7488
99.8933
100.038
100.182
100.327
100.471
100.616
100.76
100.905
101.049
101.193
101.338
101.482
101.627
101.771
101.916
102.06
102.205
102.349
102.494
102.638
102.782
102.927
103.071
103.216
103.36
103.505
103.649
103.794
103.938
104.083
104.227
104.372
104.516
104.66
104.805
104.949
105.094
105.238
105.383
105.527
105.672
105.816
105.961
106.105
106.25
106.394
106.538
106.683
106.827
106.972
107.116
107.261
107.405
107.55
107.694
107.839
107.983
108.128
108.272
108.416
108.561
108.705
108.85
108.994
109.139
109.283
109.428
109.572
109.717
109.861
110.006
110.15
110.294
110.439
110.583
110.728
110.872
111.017
111.161
111.306
111.45
111.595
111.739
111.883
112.028
112.172
112.317
112.461
112.606
112.75
112.895
113.039
113.184
113.328
113.473
113.617
113.761
113.906
114.05
114.195
114.339
114.484
114.628
114.773
114.917
115.062
115.206
115.351
115.495
115.639
115.784
115.928
116.073
116.217
116.362
116.506
116.651
116.795
116.94
117.084
117.228
117.373
117.517
117.662
117.806
117.951
118.095
118.24
118.384
118.529
118.673
118.818
118.962
119.106
119.251
119.395
119.54
119.684
119.829
119.973
120.118
120.262
120.407
120.551
120.695
120.84
120.984
121.129
121.273
121.418
121.562
121.707
121.851
121.996
122.14
122.285
122.429
122.573
122.718
122.862
123.007
123.151
123.296
123.44
123.585
123.729
123.874
124.018
124.162
124.307
124.451
124.596
124.74
124.885
125.029
125.174
125.318
125.463
125.607
125.752
125.896
126.04
126.185
126.329
126.474
126.618
126.763
126.907
127.052
127.196
127.341
127.485
127.629
127.774
127.918
128.063
128.207
128.352
128.496
128.641
128.785
128.93
129.074
129.219
129.363
129.507
129.652
129.796
129.941
130.085
130.23
130.374
130.519
130.663
130.808
130.952
131.096
131.241
131.385
131.53
131.674
131.819
131.963
132.108
132.252
132.397
132.541
132.686
132.83
132.974
133.119
133.263
133.408
133.552
133.697
133.841
133.986
134.13
134.275
134.419
134.563
134.708
134.852
134.997
135.141
135.286
135.43
135.575
135.719
135.864
136.008
136.152
136.297
136.441
136.586
136.73
136.875
137.019
137.164
137.308
137.453
137.597
137.742
137.886
138.03
138.175
138.319
138.464
138.608
138.753
138.897
139.042
139.186
139.331
139.475
139.619
139.764
139.908
140.053
140.197
140.342
140.486
140.631
140.775
140.92
141.064
141.208
141.353
141.497
141.642
141.786
141.931
142.075
142.22
142.364
142.509
142.653
142.798
142.942
143.086
143.231
143.375
143.52
143.664
143.809
143.953
144.098
144.242
144.387
144.531
144.675
144.82
144.964
145.109
145.253
145.398
145.542
145.687
145.831
145.976
146.12
146.264
146.409
146.553
146.698
146.842
146.987
147.131
147.276
147.42
147.565
147.709
147.853
147.998
148.142
148.287
148.431
148.576
148.72
148.865
149.009
149.154
149.298
149.442
149.587
149.731
149.876
150.02
150.165
150.309
150.454
150.598
150.743
150.887
151.032
151.176
151.32
151.465
151.609
151.754
151.898
152.043
152.187
152.332
152.476
152.621
152.765
152.909
153.054
153.198
153.343
153.487
153.632
153.776
153.921
154.065
154.21
154.354
154.498
154.643
154.787
154.932
155.076
155.221
155.365
155.51
155.654
155.799
155.943
156.087
156.232
156.376
156.521
156.665
156.81
156.954
157.099
157.243
157.388
157.532
157.676
157.821
157.965
158.11
158.254
158.399
158.543
158.688
158.832
158.977
159.121
159.265
159.41
159.554
159.699
159.843
159.988
160.132
160.277
160.421
160.566
160.71
160.854
160.999
161.143
161.288
161.432
161.577
161.721
161.866
162.01
162.155
162.299
162.443
162.588
162.732
162.877
163.021
163.166
163.31
163.455
163.599
163.744
163.888
164.032
164.177
164.321
164.466
164.61
164.755
164.899
165.044
165.188
165.333
165.477
165.621
165.766
165.91
166.055
166.199
166.344
166.488
166.633
166.777
166.922
167.066
167.21
167.355
167.499
167.644
167.788
167.933
168.077
168.222
168.366
168.511
168.655
168.799
168.944
169.088
169.233
169.377
169.522
169.666
169.811
169.955
170.1
170.244
170.388
170.533
170.677
170.822
170.966
171.111
171.255
171.4
171.544
171.689
171.833
171.977
172.122
172.266
172.411
172.555
172.7
172.844
172.989
173.133
173.278
173.422
173.566
173.711
173.855
174
174.144
174.289
174.433
174.578
174.722
174.867
175.011
175.155
175.3
175.444
175.589
175.733
175.878
176.022
176.167
176.311
176.456
176.6
176.744
176.889
177.033
177.178
177.322
177.467
177.611
177.756
177.9
178.045
178.189
178.333
178.478
178.622
178.767
178.911
179.056
179.2
179.345
179.489
179.634
179.778
179.922
180.067
180.211
180.356
180.5
180.645
180.789
180.934
181.078
181.222
181.367
181.511
181.656
181.8
181.945
182.089
182.234
182.378
182.523
182.667
182.811
182.956
183.1
183.245
183.389
183.534
183.678
183.823
183.967
184.112
184.256
184.4
184.545
184.689
184.834
184.978
185.123
185.267
185.412
185.556
185.701
185.845
185.989
186.134
186.278
186.423
186.567
186.712
186.856
187.001
187.145
187.289
187.434
187.578
187.723
187.867
188.012
188.156
188.301
188.445
188.59
188.734
188.878
189.023
189.167
189.312
189.456
189.601
189.745
189.89
190.034
190.179
190.323
190.467
190.612
190.756
190.901
191.045
191.19
191.334
191.479
191.623
191.768
191.912
192.056
192.201
192.345
192.49
192.634
192.779
192.923
193.068
193.212
193.356
193.501
193.645
193.79
193.934
194.079
194.223
194.368
194.512
194.657
194.801
194.945
195.09
195.234
195.379
195.523
195.668
195.812
195.957
196.101
196.246
196.39
196.534
196.679
196.823
196.968
197.112
197.257
197.401
197.546
197.69
197.834
197.979
198.123
198.268
198.412
198.557
198.701
198.846
198.99
199.135
199.279
199.423
199.568
199.712
199.857
200.001
200.146
200.29
200.435
200.579
200.724
200.868
201.012
201.157
201.301
201.446
201.59
201.735
201.879
202.024
202.168
202.312
202.457
202.601
202.746
202.89
203.035
203.179
203.324
203.468
203.613
203.757
203.901
204.046
204.19
204.335
204.479
204.624
204.768
204.913
205.057
205.201
205.346
205.49
205.635
205.779
205.924
206.068
206.213
206.357
206.502
206.646
206.79
206.935
207.079
207.224
207.368
207.513
207.657
207.802
207.946
208.091
208.235
208.379
208.524
208.668
208.813
208.957
209.102
209.246
209.391
209.535
209.679
209.824
209.968
210.113
210.257
210.402
210.546
210.691
210.835
210.98
211.124
211.268
211.413
211.557
211.702
211.846
211.991
212.135
212.28
212.424
212.568
212.713
212.857
213.002
213.146
213.291
213.435
213.58
213.724
213.869
214.013
214.157
214.302
214.446
214.591
214.735
214.88
215.024
215.169
215.313
215.457
215.602
215.746
215.891
216.042
216.209
216.376
216.543
216.711
216.878
217.045
217.212
217.379
217.547
217.714
217.881
218.048
218.216
218.383
218.55
218.717
218.885
219.052
219.219
219.386
219.553
219.721
219.888
220.055
220.222
220.39
220.557
220.724
220.891
221.059
221.226
221.393
221.56
221.728
221.895
222.062
222.229
222.396
222.564
222.731
222.898
223.065
223.233
223.4
223.567
223.734
223.902
224.069
224.236
224.403
224.57
224.738
224.905
225.072
225.239
225.407
225.574
225.741
225.908
226.076
226.243
226.41
226.577
226.758
226.94
227.122
227.304
227.487
227.669
227.851
228.033
228.215
228.398
228.58
228.762
228.944
229.126
229.309
229.491
229.673
229.855
230.037
230.22
230.402
230.584
230.766
230.948
231.131
231.313
231.495
231.677
231.859
232.041
232.224
232.406
232.588
232.77
232.952
233.135
233.317
233.499
233.681
233.863
234.046
234.228
234.41
234.592
234.774
234.957
235.139
235.321
235.503
235.685
235.867
236.05
236.232
236.414
236.596
236.778
236.961
237.143
237.325
237.507
237.689
237.872
238.054
238.236
238.418
238.6
238.782
238.965
239.147
239.329
239.511
239.693
239.876
240.058
240.24
240.422
240.604
240.787
240.969
241.151
241.333
241.515
241.697
241.88
242.062
242.244
242.426
242.608
242.791
242.973
243.155
243.337
243.519
243.702
243.884
244.066
244.248
244.43
244.612
244.795
244.977
245.159
245.341
245.523
245.706
245.888
246.07
246.252
246.434
246.616
246.799
246.981
247.163
247.345
247.527
247.71
247.892
248.074
248.256
248.438
248.621
248.803
248.985
249.167
249.349
249.531
249.714
249.896
250.078
250.26
250.442
250.625
250.807
250.989
251.171
251.353
251.535
251.718
251.9
252.082
252.264
252.446
252.629
252.811
252.993
253.175
253.357
253.539
253.722
253.904
254.086
254.268
254.45
254.632
254.815
254.997
255.179
255.361
255.543
255.726
255.908
256.09
256.272
256.454
256.636
256.819
257.001
257.183
257.365
257.547
257.73
257.912
258.094
258.276
258.458
258.64
258.823
259.005
259.187
259.369
259.551
259.733
259.916
260.098
260.28
260.462
260.644
260.827
261.009
261.191
261.373
261.555
261.737
261.92
262.102
262.284
262.466
262.648
262.83
263.013
263.195
263.377
263.559
263.741
263.924
264.106
264.288
264.47
264.652
264.834
265.017
265.199
265.381
265.563
265.745
265.927
266.11
266.292
266.474
266.656
266.838
267.02
267.203
267.385
267.567
267.749
267.931
268.114
268.296
268.478
268.66
268.842
269.024
269.207
269.389
269.571
269.753
269.935
270.117
270.3
270.482
270.664
270.846
271.028
271.21
271.393
271.575
271.757
271.939
272.121
272.303
272.486
272.668
272.85
273.032
273.214
273.397
273.579
273.761
273.943
274.125
274.307
274.49
274.672
274.854
275.036
275.218
275.4
275.583
275.765
275.947
276.129
276.311
276.493
276.676
276.858
277.04
277.222
277.404
277.586
277.769
277.951
278.133
278.315
278.497
278.679
278.862
279.044
279.226
279.408
279.59
279.772
279.955
280.137
280.319
280.501
280.683
280.865
281.048
281.23
281.412
281.594
281.776
281.958
282.141
282.323
282.505
282.687
282.869
283.051
283.234
283.416
283.598
283.78
283.962
284.144
284.327
284.509
284.691
284.873
285.055
285.237
285.42
285.602
285.784
285.966
286.148
286.33
286.513
286.695
286.877
287.059
287.241
287.423
287.606
287.788
287.97
288.152
288.334
288.516
288.699
288.881
289.063
289.245
289.427
289.609
289.791
289.974
290.156
290.338
290.52
290.702
290.884
291.067
291.249
291.431
291.613
291.795
291.977
292.16
292.342
292.524
292.706
292.888
293.07
293.253
293.435
293.617
293.799
293.981
294.163
294.346
294.528
294.71
294.892
295.074
295.256
295.438
295.621
295.803
295.985
296.167
296.349
296.531
296.714
296.896
297.078
297.26
297.442
297.624
297.807
297.989
298.171
298.353
298.535
298.717
298.899
299.082
299.264
299.446
299.628
299.81
299.992
300.175
300.357
300.539
300.721
300.903
301.085
301.268
301.45
301.632
301.814
301.996
302.178
302.36
302.543
302.725
302.907
303.089
303.271
303.453
303.636
303.818
304
304.182
304.364
304.546
304.728
304.911
305.093
305.275
305.457
305.639
305.821
306.004
306.186
306.368
306.55
306.732
306.914
307.096
307.279
307.461
307.643
307.825
308.007
308.189
308.372
308.554
308.736
308.918
309.1
309.282
309.464
309.647
309.829
310.011
310.193
310.375
310.557
310.74
310.922
311.104
311.286
311.468
311.65
311.832
312.015
312.197
312.379
312.561
312.743
312.925
313.107
313.29
313.472
313.654
313.836
314.018
314.2
314.383
314.565
314.747
314.929
315.111
315.293
315.475
315.658
315.84
316.022
316.204
316.386
316.568
316.75
316.933
317.115
317.297
317.479
317.661
317.843
318.026
318.208
318.39
318.572
318.754
318.936
319.118
319.301
319.483
319.665
319.847
320.029
320.211
320.393
320.576
320.758
320.94
321.122
321.304
321.486
321.668
321.851
322.033
322.215
322.397
322.579
322.761
322.943
323.126
323.308
323.49
323.672
323.854
324.036
324.218
324.401
324.583
324.765
324.947
325.129
325.311
325.494
325.676
325.858
326.04
326.222
326.404
326.586
326.769
326.951
327.133
327.315
327.497
327.679
327.861
328.044
328.226
328.408
328.59
328.772
328.954
329.136
329.319
329.501
329.683
329.865
330.047
330.229
330.411
330.594
330.776
330.958
331.14
331.322
331.504
331.686
331.868
332.051
332.233
332.415
332.597
332.779
332.961
333.143
333.326
333.508
333.69
333.872
334.054
334.236
334.418
334.601
334.783
334.965
335.147
335.329
335.511
335.693
335.876
336.058
336.24
336.422
336.604
336.786
336.968
337.151
337.333
337.515
337.697
337.879
338.061
338.243
338.426
338.608
338.79
338.972
339.154
339.336
339.518
339.7
339.883
340.065
340.247
340.429
340.611
340.793
340.975
341.158
341.34
341.522
341.704
341.886
342.068
342.25
342.433
342.615
342.797
342.979
343.161
343.343
343.525
343.707
343.89
344.072
344.254
344.436
344.618
344.8
344.982
345.165
345.347
345.529
345.711
345.893
346.075
346.257
346.439
346.622
346.804
346.986
347.168
347.35
347.532
347.714
347.897
348.079
348.261
348.443
348.625
348.807
348.989
349.171
349.354
349.536
349.718
349.9
350.082
350.264
350.446
350.629
350.811
350.993
351.175
351.357
351.539
351.721
351.903
352.086
352.268
352.45
352.632
352.814
352.996
353.178
353.36
353.543
353.725
353.907
354.089
354.271
354.453
354.635
354.818
355
355.182
355.364
355.546
355.728
355.91
356.092
356.275
356.457
356.639
356.821
357.003
357.185
357.367
357.549
357.732
357.914
358.096
358.278
358.46
358.642
358.824
359.006
359.189
359.371
359.553
359.735
359.917
360.099
360.281
360.464
360.646
360.828
361.01
361.192
361.374
361.556
361.738
361.921
362.103
362.285
362.467
362.649
362.831
363.013
363.195
363.378
363.56
363.742
363.924
364.106
364.288
364.47
364.652
364.835
365.017
365.199
365.381
365.563
365.745
365.927
366.109
366.292
366.474
366.656
366.838
367.02
367.202
367.384
367.566
367.749
367.931
368.113
368.295
368.477
368.659
368.841
369.023
369.205
369.388
369.57
369.752
369.934
370.116
370.298
370.48
370.662
370.845
371.027
371.209
371.391
371.573
371.755
371.937
372.119
372.302
372.484
372.666
372.848
373.03
373.212
373.394
373.576
373.759
373.941
374.123
374.305
374.487
374.669
374.851
375.033
375.215
375.398
375.58
375.762
375.944
376.126
376.308
376.49
376.672
376.855
377.037
377.219
377.401
377.583
377.765
377.947
378.129
378.311
378.494
378.676
378.858
379.04
379.222
379.404
379.586
379.768
379.951
380.133
380.315
380.497
380.679
380.861
381.043
381.225
381.407
381.59
381.772
381.954
382.136
382.318
382.5
382.682
382.864
383.047
383.229
383.411
383.593
383.775
383.957
384.139
384.321
384.503
384.686
384.868
385.05
385.232
385.414
385.596
385.778
385.96
386.142
386.325
386.507
386.689
386.871
387.053
387.235
387.417
387.599
387.781
387.964
388.146
388.328
388.51
388.692
388.874
389.056
389.238
389.42
389.603
389.785
389.967
390.149
390.331
390.513
390.695
390.877
391.059
391.242
391.424
391.606
391.788
391.97
392.152
392.334
392.516
392.698
392.881
393.063
393.245
393.427
393.609
393.791
393.973
394.155
394.337
394.52
394.702
394.884
395.066
395.248
395.43
395.612
395.794
395.976
396.159
396.341
396.523
396.705
396.887
397.069
397.251
397.433
397.615
397.798
397.98
398.162
398.344
398.526
398.708
398.89
399.072
399.254
399.437
399.619
399.801
399.983
400.165
400.347
400.529
400.711
400.893
401.075
401.258
401.44
401.622
401.804
401.986
402.168
402.35
402.532
402.714
402.897
403.079
403.261
403.443
403.625
403.807
403.989
404.171
404.353
404.535
404.718
404.9
405.082
405.264
405.446
405.628
405.81
405.992
406.174
406.357
406.539
406.721
406.903
407.085
407.267
407.449
407.631
407.813
407.995
408.178
408.36
408.542
408.724
408.906
409.088
409.27
409.452
409.634
409.816
409.999
410.181
410.363
410.545
410.727
410.909
411.091
411.273
411.455
411.637
411.82
412.002
412.184
412.366
412.548
412.73
412.912
413.094
413.276
413.458
413.641
413.823
414.005
414.187
414.369
414.551
414.733
414.915
415.097
415.279
415.462
415.644
415.826
416.008
416.19
416.372
416.554
416.736
416.918
417.1
417.283
417.465
417.647
417.829
418.011
418.193
418.375
418.557
418.739
418.921
419.104
419.286
419.468
419.65
419.832
420.014
420.196
420.378
420.56
420.742
420.925
421.107
421.289
421.471
421.653
421.835
422.017
422.199
422.381
422.563
422.745
422.928
423.11
423.292
423.474
423.656
423.838
424.02
424.202
424.384
424.566
424.749
424.931
425.113
425.295
425.477
425.659
425.841
426.023
426.205
