-6.86894e-07
-1.44007e-06
-2.27148e-06
-3.19652e-06
-4.23528e-06
-5.41282e-06
-6.76443e-06
-8.33773e-06
-1.01966e-05
-1.24372e-05
0.324836
0.649686
0.974535
1.29938
1.62423
1.94908
2.27394
2.59878
2.92363
3.24848
3.57333
3.89819
4.22304
4.54789
4.87274
5.19759
5.52244
5.84729
6.17215
6.497
6.82185
7.1467
7.47155
7.79641
8.12126
8.44611
8.77096
9.09582
9.42067
9.74552
10.0704
10.3952
10.7201
11.0449
11.3698
11.6946
12.0195
12.3444
12.6692
12.9941
13.3189
13.6438
13.9686
14.2935
14.6183
14.9432
15.2681
15.5929
15.9178
16.2426
16.5675
16.8923
17.2172
17.5421
17.8669
18.1918
18.5166
18.8415
19.1663
19.4912
19.8161
20.1409
20.4658
20.7906
21.1155
21.4404
21.7652
22.0901
22.4149
22.7398
23.0647
23.3895
23.7144
24.0392
24.3641
24.689
25.0138
25.3387
25.6635
25.9884
26.3133
26.6381
26.963
27.2879
27.6127
27.9376
28.2624
28.5873
28.9122
29.237
29.5619
29.8868
30.2116
30.5365
30.8613
31.1862
31.5111
31.8359
32.1608
32.4857
32.8105
33.1354
33.4603
33.7851
34.11
34.4349
34.7597
35.0846
35.4095
35.7343
36.0592
36.3841
36.7089
37.0338
37.3587
37.6835
38.0084
38.3333
38.6581
38.983
39.3079
39.6327
39.9576
40.2825
40.6073
40.9322
41.2571
41.5819
41.9068
42.2317
42.5565
42.8814
43.2063
43.5312
43.856
44.1809
44.5058
44.8306
45.1555
45.4804
45.8053
46.1301
46.455
46.7799
47.1047
47.4296
47.7545
48.0794
48.4042
48.7291
49.054
49.3788
49.7037
50.0286
50.3535
50.6783
51.0032
51.3281
51.653
51.9778
52.3027
52.6276
52.9525
53.2773
53.6022
53.9271
54.252
54.5768
54.9017
55.2266
55.5515
55.8763
56.2012
56.5261
56.851
57.1758
57.5007
57.8256
58.1505
58.4753
58.8002
59.1251
59.45
59.7749
60.0997
60.4246
60.7495
61.0744
61.3993
61.7241
62.049
62.3739
62.6988
63.0236
63.3485
63.6734
63.9983
64.3232
64.648
64.9729
65.2978
65.6227
65.9476
66.2725
66.5973
66.9222
67.2471
67.572
67.8969
68.2217
68.5466
68.8715
69.1964
69.5213
69.8462
70.171
70.4959
70.8208
71.1457
71.4706
71.7955
72.1203
72.4452
72.7701
73.095
73.4199
73.7448
74.0696
74.3945
74.7194
75.0443
75.3692
75.6941
76.019
76.3438
76.6687
76.9936
77.3185
77.6434
77.9683
78.2932
78.6181
78.9429
79.2678
79.5927
79.9176
80.2425
80.5674
80.8923
81.2172
81.542
81.8669
82.1918
82.5167
82.8416
83.1665
83.4914
83.8163
84.1412
84.466
84.7909
85.1158
85.4407
85.7656
86.0905
86.4154
86.7403
87.0652
87.3901
87.715
88.0398
88.3647
88.6896
89.0145
89.3394
89.6643
89.9892
90.3141
90.639
90.9639
91.2888
91.6137
91.9386
92.2634
92.5883
92.9132
93.2381
93.563
93.8879
94.2128
94.5377
94.8626
95.1875
95.5124
95.8373
96.1622
96.4871
96.812
97.1369
97.4618
97.7867
98.1116
98.4365
98.7614
99.0863
99.4112
99.736
100.061
100.386
100.711
101.036
101.361
101.685
102.01
102.335
102.66
102.985
103.31
103.635
103.96
104.285
104.61
104.934
105.259
105.584
105.909
106.234
106.559
106.884
107.209
107.534
107.859
108.183
108.508
108.833
109.158
109.483
109.808
110.133
110.458
110.783
111.108
111.432
111.757
112.082
112.407
112.732
113.057
113.382
113.707
114.032
114.357
114.681
115.006
115.331
115.656
115.981
116.306
116.631
116.956
117.281
117.606
117.931
118.255
118.58
118.905
119.23
119.555
119.88
120.205
120.53
120.855
121.18
121.505
121.829
122.154
122.479
122.804
123.129
123.454
123.779
124.104
124.429
124.754
125.079
125.403
125.728
126.053
126.378
126.703
127.028
127.353
127.678
128.003
128.328
128.653
128.977
129.302
129.627
129.952
130.277
130.602
130.927
131.252
131.577
131.902
132.227
132.551
132.876
133.201
133.526
133.851
134.176
134.501
134.826
135.151
135.476
135.801
136.126
136.45
136.775
137.1
137.425
137.75
138.075
138.4
138.725
139.05
139.375
139.7
140.025
140.349
140.674
140.999
141.324
141.649
141.974
142.299
142.624
142.949
143.274
143.599
143.924
144.248
144.573
144.898
145.223
145.548
145.873
146.198
146.523
146.848
147.173
147.498
147.823
148.148
148.472
148.797
149.122
149.447
149.772
150.097
150.422
150.747
151.072
151.397
151.722
152.047
152.372
152.696
153.021
153.346
153.671
153.996
154.321
154.646
154.971
155.296
155.621
155.946
156.271
156.596
156.92
157.245
157.57
157.895
158.22
158.545
158.87
159.195
159.52
159.845
160.17
160.495
160.82
161.144
161.469
161.794
162.119
162.444
162.769
163.094
163.419
163.744
164.069
164.394
164.719
165.044
165.369
165.693
166.018
166.343
166.668
166.993
167.318
167.643
167.968
168.293
168.618
168.943
169.268
169.593
169.918
170.243
170.567
170.892
171.217
171.542
171.867
172.192
172.517
172.842
173.167
173.492
173.817
174.142
174.467
174.792
175.117
175.441
175.766
176.091
176.416
176.741
177.066
177.391
177.716
178.041
178.366
178.691
179.016
179.341
179.666
179.991
180.315
180.64
180.965
181.29
181.615
181.94
182.265
182.59
182.915
183.24
183.565
183.89
184.215
184.54
184.865
185.19
185.514
185.839
186.164
186.489
186.814
187.139
187.464
187.789
188.114
188.439
188.764
189.089
189.414
189.739
190.064
190.389
190.714
191.038
191.363
191.688
192.013
192.338
192.663
192.988
193.313
193.638
193.963
194.288
194.613
194.938
195.263
195.588
195.913
196.238
196.563
196.887
197.212
197.537
197.862
198.187
198.512
198.837
199.162
199.487
199.812
200.137
200.462
200.787
201.112
201.437
201.762
202.087
202.412
202.736
203.061
203.386
203.711
204.036
204.361
204.686
205.011
205.336
205.661
205.986
206.311
206.636
206.961
207.286
207.611
207.936
208.261
208.586
208.911
209.235
209.56
209.885
210.21
210.535
210.86
211.185
211.51
211.835
212.16
212.485
212.81
213.135
213.46
213.785
214.11
214.435
214.76
215.085
215.41
215.735
216.059
216.384
216.709
217.034
217.359
217.684
218.009
218.334
218.659
218.984
219.309
219.634
219.959
220.284
220.609
220.934
221.259
221.584
221.909
222.234
222.559
222.884
223.209
223.533
223.858
224.183
224.508
224.833
225.158
225.483
225.808
226.133
226.458
226.783
227.108
227.433
227.758
228.083
228.408
228.733
229.058
229.383
229.708
230.033
230.358
230.683
231.008
231.332
231.657
231.982
232.307
232.632
232.957
233.282
233.607
233.932
234.257
234.582
234.907
235.232
235.557
235.882
236.207
236.532
236.857
237.182
237.507
237.832
238.157
238.482
238.807
239.132
239.457
239.782
240.107
240.431
240.756
241.081
241.406
241.731
242.056
242.381
242.706
243.031
243.356
243.681
244.006
244.331
244.656
244.981
245.306
245.631
245.956
246.281
246.606
246.931
247.256
247.581
247.906
248.231
248.556
248.881
249.206
249.531
249.856
250.181
250.506
250.83
251.155
251.48
251.805
252.13
252.455
252.78
253.105
253.43
253.755
254.08
254.405
254.73
255.055
255.38
255.705
256.03
256.355
256.68
257.005
257.33
257.655
257.98
258.305
258.63
258.955
259.28
259.605
259.93
260.255
260.58
260.905
261.23
261.555
261.88
262.205
262.53
262.855
263.179
263.504
263.829
264.154
264.479
264.804
265.129
265.454
265.779
266.104
266.429
266.754
267.079
267.404
267.729
268.054
268.379
268.704
269.029
269.354
269.679
270.004
270.329
270.654
270.979
271.304
271.629
271.954
272.279
272.604
272.929
273.254
273.579
273.904
274.229
274.554
274.879
275.204
275.529
275.854
276.179
276.504
276.829
277.154
277.479
277.804
278.136
278.481
278.827
279.173
279.518
279.864
280.209
280.555
280.914
281.297
281.68
282.063
282.446
282.829
283.212
283.595
283.978
284.361
284.744
285.127
285.509
285.892
286.275
286.658
287.041
287.424
287.807
288.19
288.573
288.956
289.339
289.722
290.104
290.487
290.87
291.253
291.636
292.019
292.402
292.785
293.168
293.551
293.934
294.317
294.699
295.082
295.465
295.848
296.231
296.614
296.997
297.38
297.763
298.146
298.529
298.912
299.294
299.677
300.06
300.443
300.826
301.209
301.592
301.975
302.358
302.741
303.124
303.507
303.889
304.272
304.655
305.038
305.421
305.804
306.187
306.57
306.953
307.336
307.719
308.102
308.484
308.867
309.25
309.633
310.016
310.399
310.782
311.165
311.548
311.931
312.314
312.697
313.079
313.462
313.845
314.228
314.611
314.994
315.377
315.76
316.143
316.526
316.909
317.292
317.674
318.057
318.44
318.823
319.206
319.589
319.972
320.355
320.738
321.121
321.504
321.886
322.269
322.652
323.035
323.418
323.801
324.184
324.567
324.95
325.333
325.716
326.099
326.481
326.864
327.247
327.63
328.013
328.396
328.779
329.162
329.545
329.928
330.311
330.694
331.076
331.459
331.842
332.225
332.608
332.991
333.374
333.757
334.14
334.523
334.906
335.289
335.671
336.054
336.437
336.82
337.203
337.586
337.969
338.352
338.735
339.118
339.501
339.883
340.266
340.649
341.032
341.415
341.798
342.181
342.564
342.947
343.33
343.713
344.096
344.478
344.861
345.244
345.627
346.01
346.393
346.776
347.159
347.542
347.925
348.308
348.691
349.073
349.456
349.839
350.222
350.605
350.988
351.371
351.754
352.137
352.52
352.903
353.285
353.668
354.051
354.434
354.817
355.2
355.583
355.966
356.349
356.732
357.115
357.498
357.88
358.263
358.646
359.029
359.412
359.795
360.178
360.561
360.944
361.327
361.71
362.092
362.475
362.858
363.241
363.624
364.007
364.39
364.773
365.156
365.539
365.922
366.305
366.687
367.07
367.453
367.836
368.219
368.602
368.985
369.368
369.751
370.134
370.517
370.899
371.282
371.665
372.048
372.431
372.814
373.197
373.58
373.963
374.346
374.729
375.112
375.494
375.877
376.26
376.643
377.026
377.409
377.792
378.175
378.558
378.941
379.324
379.706
380.089
380.472
380.855
381.238
381.621
382.004
382.387
382.77
383.153
383.536
383.918
384.301
384.684
385.067
385.45
385.833
386.216
386.599
386.982
387.365
387.748
388.131
388.513
388.896
389.279
389.662
390.045
390.428
390.811
391.194
391.577
391.96
392.343
392.725
393.108
393.491
393.874
394.257
394.64
395.023
395.406
395.789
396.172
396.555
396.937
397.32
397.703
398.086
398.469
398.852
399.235
399.618
400.001
400.384
400.767
401.149
401.532
401.915
402.298
402.681
403.064
403.447
403.83
404.213
404.596
404.979
405.361
405.744
406.127
406.51
406.893
407.276
407.659
408.042
408.425
408.808
409.191
409.574
409.956
410.339
410.722
411.105
411.488
411.871
412.254
412.637
413.02
413.403
413.786
414.168
414.551
414.934
415.317
415.7
416.083
416.466
416.849
417.232
417.615
417.998
418.38
418.763
419.146
419.529
419.912
420.295
420.678
421.061
421.444
421.827
422.21
422.592
422.975
423.358
423.741
424.124
424.507
424.89
425.273
425.656
426.039
426.422
426.804
427.187
427.57
427.953
428.336
428.719
429.102
429.485
429.868
430.251
430.634
431.016
431.399
431.782
432.165
432.548
432.931
433.314
433.697
434.08
434.463
434.846
435.228
435.611
435.994
436.377
436.76
437.143
437.526
437.909
438.292
438.675
439.058
439.44
439.823
440.206
440.589
440.972
441.355
441.738
442.121
442.504
442.887
443.27
443.652
444.035
444.418
444.801
445.184
445.567
445.95
446.333
446.716
447.099
447.481
447.864
448.247
448.63
449.013
449.396
449.779
450.162
450.545
450.928
451.311
451.693
452.076
452.459
452.842
453.225
453.608
453.991
454.374
454.757
455.14
455.523
455.905
456.288
456.671
457.054
457.437
457.82
458.203
458.586
458.969
459.352
459.735
460.117
460.5
460.883
461.266
461.649
462.032
462.415
462.798
463.181
463.564
463.947
464.329
464.712
465.095
465.478
465.861
466.244
466.627
467.01
467.393
467.776
468.158
468.541
468.924
469.307
469.69
470.073
470.456
470.839
471.222
471.605
471.988
472.37
472.753
473.136
473.519
473.902
474.285
474.668
475.051
475.434
475.817
476.2
476.582
476.965
477.348
477.731
478.114
478.497
478.88
479.263
479.646
480.029
480.411
480.794
481.177
481.56
481.943
482.326
482.709
483.092
483.475
483.858
484.241
484.623
485.006
485.389
485.772
486.155
486.538
486.921
487.304
487.687
488.07
488.452
488.835
489.218
489.601
489.984
490.367
490.75
491.133
491.516
491.899
492.282
492.664
493.047
493.43
493.813
494.196
494.579
494.962
495.345
495.728
496.111
496.494
496.876
497.259
497.642
498.025
498.408
498.791
499.174
499.557
499.94
500.323
500.705
501.088
501.471
501.854
502.237
502.62
503.003
503.386
503.769
504.152
504.535
504.917
505.3
505.683
506.066
506.449
506.832
507.215
507.598
507.981
508.364
508.746
509.129
509.512
509.895
510.278
510.661
511.044
511.427
511.81
512.193
512.575
512.958
513.341
513.724
514.107
514.49
514.873
515.256
515.639
516.022
516.405
516.787
517.17
517.553
517.936
518.319
518.702
519.085
519.468
519.851
520.234
520.616
520.999
521.382
521.765
522.148
522.531
522.914
523.297
523.68
524.063
524.446
524.828
525.211
525.594
525.977
526.36
526.743
527.126
527.509
527.892
528.275
528.657
529.04
529.423
529.806
530.189
530.572
530.955
531.338
531.721
532.104
532.486
532.869
533.252
533.635
534.018
534.401
534.784
535.167
535.55
535.933
536.315
536.698
537.081
537.464
537.847
538.23
538.613
538.996
539.379
539.762
540.145
540.527
540.91
541.293
541.676
542.059
542.442
542.825
543.208
543.591
543.974
544.356
544.739
545.122
545.505
545.888
546.271
546.654
547.037
547.42
547.803
548.185
548.568
548.951
549.334
549.717
550.1
550.483
550.866
551.249
551.632
552.014
552.397
552.78
553.163
553.546
553.929
554.312
554.695
555.078
555.461
555.844
556.226
556.609
556.992
557.375
557.758
558.141
558.524
558.907
559.29
559.673
560.055
560.438
560.821
561.204
561.587
561.97
562.353
562.736
563.119
563.502
563.884
564.267
564.65
565.033
565.416
565.799
566.182
566.565
566.948
567.331
567.713
568.096
568.479
568.862
569.245
569.628
570.011
570.394
570.777
571.16
571.542
571.925
572.308
572.691
573.074
573.457
573.84
574.223
574.606
574.989
575.371
575.754
576.137
576.52
576.903
577.286
577.669
578.052
578.435
578.818
579.2
579.583
579.966
580.349
580.732
581.115
581.498
581.881
582.264
582.647
583.029
583.412
583.795
584.178
584.561
584.944
585.327
585.71
586.093
586.476
586.858
587.241
587.624
588.007
588.39
588.773
589.156
589.539
589.922
590.305
590.687
591.07
591.453
591.836
592.219
592.602
592.985
593.368
593.751
594.134
594.516
594.899
595.282
595.665
596.048
596.431
596.814
597.197
597.58
597.963
598.345
598.728
599.111
599.494
599.877
600.26
600.643
601.026
601.409
601.792
602.174
602.557
602.94
603.323
603.706
604.089
604.472
604.855
605.238
605.62
606.003
606.386
606.769
607.152
607.535
607.918
608.301
608.684
609.067
609.449
609.832
610.215
610.598
610.981
611.364
611.747
612.13
612.513
612.896
613.278
613.661
614.044
614.427
614.81
615.193
615.576
615.959
616.342
616.725
617.107
617.49
617.873
618.256
618.639
619.022
619.405
619.788
620.171
620.554
620.936
621.319
621.702
622.085
622.468
622.851
623.234
623.617
624
624.382
624.765
625.148
625.531
625.914
626.297
626.68
627.063
627.446
627.829
628.211
628.594
628.977
629.36
629.743
630.126
630.509
630.892
631.275
631.658
632.04
632.423
632.806
633.189
633.572
633.955
634.338
634.721
635.104
635.487
635.869
636.252
636.635
637.018
637.401
637.784
638.167
638.55
638.933
639.315
639.698
640.081
640.464
640.847
641.23
641.613
641.996
642.379
642.762
643.144
643.527
643.91
644.293
644.676
645.059
645.442
645.825
646.208
646.59
646.973
647.356
647.739
648.122
648.505
648.888
649.271
649.654
650.037
650.419
650.802
651.185
651.568
651.951
652.334
652.717
653.1
653.483
653.866
654.248
654.631
655.014
655.397
655.78
656.163
656.546
656.929
657.312
657.694
658.077
658.46
658.843
659.226
659.609
659.992
660.375
660.758
661.141
661.523
661.906
662.289
662.672
663.055
663.438
663.821
664.204
664.587
664.969
665.352
665.735
666.118
666.501
666.884
667.267
667.65
668.033
668.416
668.798
669.181
669.564
669.947
670.33
670.713
671.096
671.479
671.862
672.244
672.627
673.01
673.393
673.776
674.159
674.542
674.925
675.308
675.691
676.073
676.456
676.839
677.222
677.605
677.988
678.371
678.754
679.137
679.519
679.902
680.285
680.668
681.051
681.434
681.817
682.2
682.583
682.966
683.348
683.731
684.114
684.497
684.88
685.263
685.646
686.029
686.412
686.794
687.177
687.56
687.943
688.326
688.709
689.092
689.475
689.858
690.24
690.623
691.006
691.389
691.772
692.155
692.538
692.921
693.304
693.687
694.069
694.452
694.835
695.218
695.601
695.984
696.367
696.75
697.133
697.515
697.898
698.281
698.664
699.047
699.43
699.813
700.196
700.579
700.962
701.344
701.727
702.11
702.493
702.876
703.259
703.642
704.025
704.408
704.79
705.173
705.556
705.939
706.322
706.705
707.088
707.471
707.854
708.236
708.619
709.007
709.406
709.805
710.204
710.603
711.002
711.401
711.8
712.199
712.598
712.997
713.396
713.795
714.194
714.593
714.993
715.392
715.791
716.19
716.589
716.988
717.387
717.786
718.185
718.584
718.983
719.382
719.781
720.18
720.579
720.978
721.377
721.776
722.175
722.574
722.974
723.373
723.772
724.171
724.57
724.969
725.368
725.767
726.166
726.565
726.964
727.363
727.762
728.161
728.56
728.959
729.358
729.757
730.156
730.555
730.955
731.354
731.753
732.152
732.551
732.95
733.349
733.748
734.147
734.555
734.965
735.375
735.784
736.194
736.604
737.013
737.423
737.833
738.242
738.652
739.062
739.471
739.881
740.291
740.7
741.11
741.52
741.929
742.339
742.749
743.158
743.568
743.978
744.387
744.797
745.207
745.616
746.026
746.436
746.845
747.255
747.665
748.074
748.484
748.894
749.303
749.713
750.122
750.532
750.942
751.351
751.761
752.171
752.58
752.99
753.4
753.809
754.219
754.629
755.038
755.448
755.858
756.267
756.677
757.087
757.496
757.906
758.316
758.725
759.135
759.545
759.954
760.364
760.774
761.183
761.593
762.002
762.412
762.822
763.231
763.641
764.051
764.46
764.87
765.28
765.689
766.099
766.509
766.918
767.328
767.738
768.147
768.557
768.967
769.376
769.786
770.196
770.605
771.015
771.424
771.834
772.244
772.653
773.063
773.473
773.882
774.292
774.702
775.111
775.521
775.931
776.34
776.75
777.16
777.569
777.979
778.389
778.798
779.208
779.617
780.027
780.437
780.846
781.256
781.666
782.075
782.485
782.895
783.304
783.714
784.124
784.533
784.943
785.353
785.762
786.172
786.581
786.991
787.401
787.81
788.22
788.63
789.039
789.449
789.859
790.268
790.678
791.088
791.497
791.907
792.317
792.726
793.136
793.545
793.955
794.365
794.774
795.184
795.594
796.003
796.413
796.823
797.232
797.642
798.052
798.461
798.871
799.28
799.69
800.1
800.509
800.919
801.329
801.738
802.148
802.558
802.967
803.377
803.787
804.196
804.606
805.015
805.425
805.835
806.244
806.654
807.064
807.473
807.883
808.293
808.702
809.112
809.522
809.931
810.341
810.75
811.16
811.57
811.979
812.389
812.799
813.208
813.618
814.028
814.437
814.847
815.257
815.666
816.076
816.485
816.895
817.305
817.714
818.124
818.534
818.943
819.353
819.763
820.172
820.582
820.991
821.401
821.811
822.22
822.63
823.04
823.449
823.859
824.269
824.678
825.088
825.497
825.907
826.317
826.726
827.136
827.546
827.955
828.365
828.775
829.184
829.594
830.003
830.413
830.823
831.232
831.642
832.052
832.461
832.871
833.281
833.69
834.1
834.509
834.919
835.329
835.738
836.148
836.558
836.967
837.377
837.787
838.196
838.606
839.015
839.425
839.835
840.244
840.654
841.064
841.473
841.883
842.292
842.702
843.112
843.521
843.931
844.341
844.75
845.16
845.57
845.979
846.389
846.798
847.208
847.618
848.027
848.437
848.847
849.256
849.666
850.075
850.485
850.895
851.304
851.714
852.124
852.533
852.943
853.353
853.762
854.172
854.581
854.991
855.401
855.81
856.22
856.63
857.039
857.449
857.858
858.268
858.678
859.087
859.497
859.907
860.316
860.726
861.135
861.545
861.955
862.364
862.774
863.184
863.593
864.003
864.412
864.822
865.232
865.641
866.051
866.461
866.87
867.28
867.689
868.099
868.509
868.918
869.328
869.738
870.147
870.557
870.966
871.376
871.786
872.195
872.605
873.015
873.424
873.834
874.243
874.653
875.063
875.472
875.882
876.292
876.701
877.111
877.52
877.93
878.34
878.749
879.159
879.569
879.978
880.388
880.797
881.207
881.617
882.026
882.436
882.846
883.255
883.665
884.074
884.484
884.894
885.303
885.713
886.123
886.532
886.942
887.351
887.761
888.171
888.58
888.99
889.4
889.809
890.219
890.628
891.038
891.448
891.857
892.267
892.676
893.086
893.496
893.905
894.315
894.725
895.134
895.544
895.953
896.363
896.773
897.182
897.592
898.002
898.411
898.821
899.23
899.64
900.05
900.459
900.869
901.278
901.688
902.098
902.507
902.917
903.327
903.736
904.146
904.555
904.965
905.375
905.784
906.194
906.603
907.013
907.423
907.832
908.242
908.652
909.061
909.471
909.88
910.29
910.7
911.109
911.519
911.928
912.338
912.748
913.157
913.567
913.977
914.386
914.796
915.205
915.615
916.025
916.434
916.844
917.253
917.663
918.073
918.482
918.892
919.301
919.711
920.121
920.53
920.94
921.35
921.759
922.169
922.578
922.988
923.398
923.807
924.217
924.626
925.036
925.446
925.855
926.265
926.675
927.084
927.494
927.903
928.313
928.723
929.132
929.542
929.951
930.361
930.771
931.18
931.59
931.999
932.409
932.819
933.228
933.638
934.047
934.457
934.867
935.276
935.686
936.096
936.505
936.915
937.324
937.734
938.144
938.553
938.963
939.372
939.782
940.192
940.601
941.011
941.42
941.83
942.24
942.649
943.059
943.468
943.878
944.288
944.697
945.107
945.516
945.926
946.336
946.745
947.155
947.565
947.974
948.384
948.793
949.203
949.613
950.022
950.432
950.841
951.251
951.661
952.07
952.48
952.889
953.299
953.709
954.118
954.528
954.937
955.347
955.757
956.166
956.576
956.985
957.395
957.805
958.214
958.624
959.033
959.443
959.853
960.262
960.672
961.081
961.491
961.901
962.31
962.72
963.129
963.539
963.949
964.358
964.768
965.177
965.587
965.997
966.406
966.816
967.225
967.635
968.045
968.454
968.864
969.273
969.683
970.093
970.502
970.912
971.321
971.731
972.141
972.55
972.96
973.369
973.779
974.189
974.598
975.008
975.417
975.827
976.237
976.646
977.056
977.465
977.875
978.285
978.694
979.104
979.513
979.923
980.333
980.742
981.152
981.561
981.971
982.381
982.79
983.2
983.609
984.019
984.429
984.838
985.248
985.657
986.067
986.477
986.886
987.296
987.705
988.115
988.524
988.934
989.344
989.753
990.163
990.572
990.982
991.392
991.801
992.211
992.62
993.03
993.44
993.849
994.259
994.668
995.078
995.488
995.897
996.307
996.716
997.126
997.536
997.945
998.355
998.764
999.174
999.583
999.993
1000.4
1000.81
1001.22
1001.63
1002.04
1002.45
1002.86
1003.27
1003.68
1004.09
1004.5
1004.91
1005.32
1005.73
1006.14
1006.55
1006.96
1007.37
1007.78
1008.18
1008.59
1009
1009.41
1009.82
1010.23
1010.64
1011.05
1011.46
1011.87
1012.28
1012.69
1013.1
1013.51
1013.92
1014.33
1014.74
1015.15
1015.56
1015.97
1016.38
1016.79
1017.2
1017.61
1018.02
1018.42
1018.83
1019.24
1019.65
1020.06
1020.47
1020.88
1021.29
1021.7
1022.11
1022.52
1022.93
1023.34
1023.75
1024.16
1024.57
1024.98
1025.39
1025.8
1026.21
1026.62
1027.03
1027.44
1027.85
1028.25
1028.66
1029.07
1029.48
1029.89
1030.3
1030.71
1031.12
1031.53
1031.94
1032.35
1032.76
1033.17
1033.58
1033.99
1034.4
1034.81
1035.22
1035.63
1036.04
1036.45
1036.86
1037.27
1037.68
1038.08
1038.49
1038.9
1039.31
1039.72
1040.13
1040.54
1040.95
1041.36
1041.77
1042.18
1042.59
1043
1043.41
1043.82
1044.23
1044.64
1045.05
1045.46
1045.87
1046.28
1046.69
1047.1
1047.5
1047.91
1048.32
1048.73
1049.14
1049.55
1049.96
1050.37
1050.78
1051.19
1051.6
1052.01
1052.42
1052.83
1053.24
1053.65
1054.06
1054.47
1054.88
1055.29
1055.7
1056.11
1056.52
1056.93
1057.33
1057.74
1058.15
1058.56
1058.97
1059.38
1059.79
1060.2
1060.61
1061.02
1061.43
1061.84
1062.25
1062.66
1063.07
1063.48
1063.89
1064.3
1064.71
1065.12
1065.53
1065.94
1066.35
1066.76
1067.16
1067.57
1067.98
1068.39
1068.8
1069.21
1069.62
1070.03
1070.44
1070.85
1071.26
1071.67
1072.08
1072.49
1072.9
1073.31
1073.72
1074.13
1074.54
1074.95
1075.36
1075.77
1076.18
1076.58
1076.99
1077.4
1077.81
1078.22
1078.63
1079.04
1079.45
1079.86
1080.27
1080.68
1081.09
1081.5
1081.91
1082.32
1082.73
1083.14
1083.55
1083.96
1084.37
1084.78
1085.19
1085.6
1086
1086.41
1086.82
1087.23
1087.64
1088.05
1088.46
1088.87
1089.28
1089.69
1090.1
1090.51
1090.92
1091.33
1091.74
1092.15
1092.56
1092.97
1093.38
1093.79
1094.2
1094.61
1095.02
1095.43
1095.83
1096.24
1096.65
1097.06
1097.47
1097.88
1098.29
1098.7
1099.11
1099.52
1099.93
1100.34
1100.75
1101.16
1101.57
1101.98
1102.39
1102.8
1103.21
1103.62
1104.03
1104.44
1104.85
1105.25
1105.66
1106.07
1106.48
1106.89
1107.3
1107.71
1108.12
1108.53
1108.94
1109.35
1109.76
1110.17
1110.58
1110.99
1111.4
1111.81
1112.22
1112.63
1113.04
1113.45
1113.86
1114.26
1114.67
1115.08
1115.49
1115.9
1116.31
1116.72
1117.13
1117.54
1117.95
1118.36
1118.77
1119.18
1119.59
1120
1120.41
1120.82
1121.23
1121.64
1122.05
1122.46
1122.87
1123.28
1123.68
1124.09
1124.5
1124.91
1125.32
1125.73
1126.14
1126.55
1126.96
1127.37
1127.78
1128.19
1128.6
1129.01
1129.42
1129.83
1130.24
1130.65
1131.06
1131.47
1131.88
1132.29
1132.7
1133.1
1133.51
1133.92
1134.33
1134.74
1135.15
1135.56
1135.97
1136.38
1136.79
1137.2
1137.61
1138.02
1138.43
1138.84
1139.25
1139.66
1140.07
1140.48
1140.89
1141.3
1141.71
1142.11
1142.52
1142.93
1143.34
1143.75
1144.16
1144.57
1144.98
1145.39
1145.8
1146.21
1146.62
1147.03
1147.44
1147.85
1148.26
1148.67
1149.08
1149.49
1149.9
1150.31
1150.72
1151.13
1151.53
1151.94
1152.35
1152.76
1153.17
1153.58
1153.99
1154.4
1154.81
1155.22
1155.63
1156.04
1156.45
1156.86
1157.27
1157.68
1158.09
1158.5
1158.91
1159.32
1159.73
1160.14
1160.54
1160.95
1161.36
1161.77
1162.18
1162.59
1163
1163.41
1163.82
1164.23
1164.64
1165.05
1165.46
1165.87
1166.28
1166.69
1167.1
1167.51
1167.92
1168.33
1168.74
1169.15
1169.55
1169.96
1170.37
1170.78
1171.19
1171.6
1172.01
1172.42
1172.83
1173.24
1173.65
1174.06
1174.47
1174.88
1175.29
1175.7
1176.11
1176.52
1176.93
1177.34
1177.75
1178.16
1178.56
1178.97
1179.38
1179.79
1180.2
1180.61
1181.02
1181.43
1181.84
1182.25
1182.66
1183.07
