-5.11505e-07
-1.06057e-06
-1.6536e-06
-2.29878e-06
-3.00683e-06
-3.79108e-06
-4.67025e-06
-5.66966e-06
-6.82313e-06
-8.18164e-06
0.17375
0.347509
0.521267
0.695027
0.868785
1.04254
1.21631
1.39006
1.56382
1.73758
1.91134
2.0851
2.25886
2.43262
2.60638
2.78014
2.95391
3.12767
3.30143
3.47519
3.64895
3.82271
3.99648
4.17024
4.344
4.51776
4.69152
4.86529
5.03905
5.21281
5.38658
5.56034
5.73411
5.90787
6.08163
6.2554
6.42916
6.60293
6.77669
6.95046
7.12422
7.29799
7.47175
7.64552
7.81928
7.99305
8.16681
8.34058
8.51435
8.68811
8.86188
9.03565
9.20941
9.38318
9.55695
9.73071
9.90448
10.0783
10.252
10.4258
10.5996
10.7733
10.9471
11.1209
11.2946
11.4684
11.6422
11.8159
11.9897
12.1635
12.3372
12.511
12.6848
12.8586
13.0323
13.2061
13.3799
13.5536
13.7274
13.9012
14.075
14.2487
14.4225
14.5963
14.77
14.9438
15.1176
15.2914
15.4651
15.6389
15.8127
15.9865
16.1602
16.334
16.5078
16.6815
16.8553
17.0291
17.2029
17.3766
17.5504
17.7242
17.898
18.0717
18.2455
18.4193
18.5931
18.7669
18.9406
19.1144
19.2882
19.462
19.6357
19.8095
19.9833
20.1571
20.3308
20.5046
20.6784
20.8522
21.026
21.1997
21.3735
21.5473
21.7211
21.8948
22.0686
22.2424
22.4162
22.59
22.7637
22.9375
23.1113
23.2851
23.4589
23.6327
23.8064
23.9802
24.154
24.3278
24.5016
24.6753
24.8491
25.0229
25.1967
25.3705
25.5442
25.718
25.8918
26.0656
26.2394
26.4132
26.5869
26.7607
26.9345
27.1083
27.2821
27.4559
27.6297
27.8034
27.9772
28.151
28.3248
28.4986
28.6724
28.8462
29.0199
29.1937
29.3675
29.5413
29.7151
29.8889
30.0627
30.2364
30.4102
30.584
30.7578
30.9316
31.1054
31.2792
31.453
31.6267
31.8005
31.9743
32.1481
32.3219
32.4957
32.6695
32.8433
33.0171
33.1908
33.3646
33.5384
33.7122
33.886
34.0598
34.2336
34.4074
34.5812
34.755
34.9288
35.1025
35.2763
35.4501
35.6239
35.7977
35.9715
36.1453
36.3191
36.4929
36.6667
36.8405
37.0143
37.1881
37.3619
37.5356
37.7094
37.8832
38.057
38.2308
38.4046
38.5784
38.7522
38.926
39.0998
39.2736
39.4474
39.6212
39.795
39.9688
40.1426
40.3164
40.4902
40.664
40.8378
41.0116
41.1854
41.3592
41.533
41.7068
41.8806
42.0544
42.2281
42.4019
42.5757
42.7495
42.9233
43.0971
43.2709
43.4447
43.6185
43.7923
43.9661
44.1399
44.3137
44.4875
44.6613
44.8351
45.0089
45.1827
45.3565
45.5304
45.7042
45.878
46.0518
46.2256
46.3994
46.5732
46.747
46.9208
47.0946
47.2684
47.4422
47.616
47.7898
47.9636
48.1374
48.3112
48.485
48.6588
48.8326
49.0064
49.1802
49.354
49.5278
49.7016
49.8754
50.0493
50.2231
50.3969
50.5707
50.7445
50.9183
51.0921
51.2659
51.4397
51.6135
51.7873
51.9611
52.1349
52.3087
52.4826
52.6564
52.8302
53.004
53.1778
53.3516
53.5254
53.6992
53.873
54.0468
54.2206
54.3945
54.5683
54.7421
54.9159
55.0897
55.2635
55.4373
55.6111
55.7849
55.9588
56.1326
56.3064
56.4802
56.654
56.8278
57.0016
57.1754
57.3493
57.5231
57.6969
57.8707
58.0445
58.2183
58.3921
58.5659
58.7398
58.9136
59.0874
59.2612
59.435
59.6088
59.7826
59.9565
60.1303
60.3041
60.4779
60.6517
60.8255
60.9994
61.1732
61.347
61.5208
61.6946
61.8684
62.0423
62.2161
62.3899
62.5637
62.7375
62.9114
63.0852
63.259
63.4328
63.6066
63.7804
63.9543
64.1281
64.3019
64.4757
64.6495
64.8234
64.9972
65.171
65.3448
65.5186
65.6925
65.8663
66.0401
66.2139
66.3878
66.5616
66.7354
66.9092
67.083
67.2569
67.4307
67.6045
67.7783
67.9522
68.126
68.2998
68.4736
68.6474
68.8213
68.9951
69.1689
69.3427
69.5166
69.6904
69.8642
70.038
70.2119
70.3857
70.5595
70.7333
70.9072
71.081
71.2548
71.4286
71.6025
71.7763
71.9501
72.124
72.2978
72.4716
72.6454
72.8193
72.9931
73.1669
73.3407
73.5146
73.6884
73.8622
74.0361
74.2099
74.3837
74.5576
74.7314
74.9052
75.079
75.2529
75.4267
75.6005
75.7744
75.9482
76.122
76.2959
76.4697
76.6435
76.8173
76.9912
77.165
77.3388
77.5127
77.6865
77.8603
78.0342
78.208
78.3818
78.5557
78.7295
78.9033
79.0772
79.251
79.4248
79.5987
79.7725
79.9463
80.1202
80.294
80.4678
80.6417
80.8155
80.9894
81.1632
81.337
81.5109
81.6847
81.8585
82.0324
82.2062
82.38
82.5539
82.7277
82.9016
83.0754
83.2492
83.4231
83.5969
83.7707
83.9446
84.1184
84.2923
84.4661
84.6399
84.8138
84.9876
85.1615
85.3353
85.5091
85.683
85.8568
86.0307
86.2045
86.3783
86.5522
86.726
86.8999
87.0737
87.2475
87.4214
87.5952
87.7691
87.9429
88.1168
88.2906
88.4644
88.6383
88.8121
88.986
89.1598
89.3337
89.5075
89.6813
89.8552
90.029
90.2029
90.3767
90.5506
90.7244
90.8983
91.0721
91.2459
91.4198
91.5936
91.7675
91.9413
92.1152
92.289
92.4629
92.6367
92.8106
92.9844
93.1583
93.3321
93.5059
93.6798
93.8536
94.0275
94.2013
94.3752
94.549
94.7229
94.8967
95.0706
95.2444
95.4183
95.5921
95.766
95.9398
96.1137
96.2875
96.4614
96.6352
96.8091
96.9829
97.1568
97.3306
97.5045
97.6783
97.8522
98.026
98.1999
98.3737
98.5476
98.7214
98.8953
99.0692
99.243
99.4169
99.5907
99.7646
99.9384
100.112
100.286
100.46
100.634
100.808
100.982
101.155
101.329
101.503
101.677
101.851
102.025
102.199
102.372
102.546
102.72
102.894
103.068
103.242
103.416
103.589
103.763
103.937
104.111
104.285
104.459
104.633
104.806
104.98
105.154
105.328
105.502
105.676
105.85
106.023
106.197
106.371
106.545
106.719
106.893
107.067
107.24
107.414
107.588
107.762
107.936
108.11
108.284
108.457
108.631
108.805
108.979
109.153
109.327
109.501
109.674
109.848
110.022
110.196
110.37
110.544
110.718
110.892
111.065
111.239
111.413
111.587
111.761
111.935
112.109
112.282
112.456
112.63
112.804
112.978
113.152
113.326
113.5
113.673
113.847
114.021
114.195
114.369
114.543
114.717
114.89
115.064
115.238
115.412
115.586
115.76
115.934
116.108
116.281
116.455
116.629
116.803
116.977
117.151
117.325
117.498
117.672
117.846
118.02
118.194
118.368
118.542
118.716
118.889
119.063
119.237
119.411
119.585
119.759
119.933
120.107
120.28
120.454
120.628
120.802
120.976
121.15
121.324
121.498
121.671
121.845
122.019
122.193
122.367
122.541
122.715
122.889
123.062
123.236
123.41
123.584
123.758
123.932
124.106
124.28
124.453
124.627
124.801
124.975
125.149
125.323
125.497
125.671
125.844
126.018
126.192
126.366
126.54
126.714
126.888
127.062
127.235
127.409
127.583
127.757
127.931
128.105
128.279
128.453
128.627
128.8
128.974
129.148
129.322
129.496
129.67
129.844
130.018
130.191
130.365
130.539
130.713
130.887
131.061
131.235
131.409
131.583
131.756
131.93
132.104
132.278
132.452
132.626
132.8
132.974
133.147
133.321
133.495
133.669
133.843
134.017
134.191
134.365
134.539
134.712
134.886
135.06
135.234
135.408
135.582
135.756
135.93
136.104
136.277
136.451
136.625
136.799
136.973
137.147
137.321
137.495
137.669
137.842
138.016
138.19
138.364
138.538
138.712
138.886
139.06
139.234
139.407
139.581
139.755
139.929
140.103
140.277
140.451
140.625
140.799
140.973
141.146
141.32
141.494
141.668
141.842
142.016
142.19
142.364
142.538
142.711
142.885
143.059
143.233
143.407
143.581
143.755
143.929
144.103
144.277
144.45
144.624
144.798
144.972
145.146
145.32
145.494
145.668
145.842
146.015
146.189
146.363
146.537
146.711
146.885
147.059
147.233
147.407
147.581
147.754
147.928
148.102
148.276
148.45
148.624
148.809
149.015
149.221
149.427
149.633
149.839
150.045
150.251
150.479
150.743
151.007
151.271
151.535
151.799
152.064
152.328
152.592
152.856
153.12
153.384
153.648
153.913
154.177
154.441
154.705
154.969
155.233
155.497
155.762
156.026
156.29
156.554
156.818
157.082
157.346
157.611
157.875
158.139
158.403
158.667
158.931
159.195
159.46
159.724
159.988
160.252
160.516
160.78
161.045
161.309
161.573
161.837
162.101
162.365
162.629
162.894
163.158
163.422
163.686
163.95
164.214
164.478
164.743
165.007
165.271
165.535
165.799
166.063
166.327
166.592
166.856
167.12
167.384
167.648
167.912
168.176
168.441
168.705
168.969
169.233
169.497
169.761
170.025
170.29
170.554
170.818
171.082
171.346
171.61
171.874
172.139
172.403
172.667
172.931
173.195
173.459
173.723
173.988
174.252
174.516
174.78
175.044
175.308
175.572
175.837
176.101
176.365
176.629
176.893
177.157
177.421
177.686
177.95
178.214
178.478
178.742
179.006
179.27
179.535
179.799
180.063
180.327
180.591
180.855
181.119
181.384
181.648
181.912
182.176
182.44
182.704
182.968
183.233
183.497
183.761
184.025
184.289
184.553
184.817
185.082
185.346
185.61
185.874
186.138
186.402
186.666
186.931
187.195
187.459
187.723
187.987
188.251
188.515
188.779
189.044
189.308
189.572
189.836
190.1
190.364
190.628
190.893
191.157
191.421
191.685
191.949
192.213
192.477
192.742
193.006
193.27
193.534
193.798
194.062
194.326
194.591
194.855
195.119
195.383
195.647
195.911
196.175
196.44
196.704
196.968
197.232
197.496
197.76
198.024
198.289
198.553
198.817
199.081
199.345
199.609
199.873
200.138
200.402
200.666
200.93
201.194
201.458
201.722
201.987
202.251
202.515
202.779
203.043
203.307
203.571
203.836
204.1
204.364
204.628
204.892
205.156
205.42
205.685
205.949
206.213
206.477
206.741
207.005
207.269
207.533
207.798
208.062
208.326
208.59
208.854
209.118
209.382
209.647
209.911
210.175
210.439
210.703
210.967
211.231
211.496
211.76
212.024
212.288
212.552
212.816
213.08
213.345
213.609
213.873
214.137
214.401
214.665
214.929
215.194
215.458
215.722
215.986
216.25
216.514
216.778
217.042
217.307
217.571
217.835
218.099
218.363
218.627
218.891
219.156
219.42
219.684
219.948
220.212
220.476
220.74
221.005
221.269
221.533
221.797
222.061
222.325
222.589
222.854
223.118
223.382
223.646
223.91
224.174
224.438
224.703
224.967
225.231
225.495
225.759
226.023
226.287
226.551
226.816
227.08
227.344
227.608
227.872
228.136
228.4
228.665
228.929
229.193
229.457
229.721
229.985
230.249
230.514
230.778
231.042
231.306
231.57
231.834
232.098
232.363
232.627
232.891
233.155
233.419
233.683
233.947
234.211
234.476
234.74
235.004
235.268
235.532
235.796
236.06
236.325
236.589
236.853
237.117
237.381
237.645
237.909
238.174
238.438
238.702
238.966
239.23
239.494
239.758
240.022
240.287
240.551
240.815
241.079
241.343
241.607
241.871
242.136
242.4
242.664
242.928
243.192
243.456
243.72
243.985
244.249
244.513
244.777
245.041
245.305
245.569
245.833
246.098
246.362
246.626
246.89
247.154
247.418
247.682
247.947
248.211
248.475
248.739
249.003
249.267
249.531
249.796
250.06
250.324
250.588
250.852
251.116
251.38
251.644
251.909
252.173
252.437
252.701
252.965
253.229
253.493
253.758
254.022
254.286
254.55
254.814
255.078
255.342
255.607
255.871
256.135
256.399
256.663
256.927
257.191
257.455
257.72
257.984
258.248
258.512
258.776
259.04
259.304
259.569
259.833
260.097
260.361
260.625
260.889
261.153
261.417
261.682
261.946
262.21
262.474
262.738
263.002
263.266
263.531
263.795
264.059
264.323
264.587
264.851
265.115
265.379
265.644
265.908
266.172
266.436
266.7
266.964
267.228
267.493
267.757
268.021
268.285
268.549
268.813
269.077
269.341
269.606
269.87
270.134
270.398
270.662
270.926
271.19
271.455
271.719
271.983
272.247
272.511
272.775
273.039
273.304
273.568
273.832
274.096
274.36
274.624
274.888
275.152
275.417
275.681
275.945
276.209
276.473
276.737
277.001
277.266
277.53
277.794
278.058
278.322
278.586
278.85
279.114
279.379
279.643
279.907
280.171
280.435
280.699
280.963
281.227
281.492
281.756
282.02
282.284
282.548
282.812
283.076
283.341
283.605
283.869
284.133
284.397
284.661
284.925
285.189
285.454
285.718
285.982
286.246
286.51
286.774
287.038
287.303
287.567
287.831
288.095
288.359
288.623
288.887
289.151
289.416
289.68
289.944
290.208
290.472
290.736
291
291.265
291.529
291.793
292.057
292.321
292.585
292.849
293.113
293.378
293.642
293.906
294.17
294.434
294.698
294.962
295.226
295.491
295.755
296.019
296.283
296.547
296.811
297.075
297.34
297.604
297.868
298.132
298.396
298.66
298.924
299.188
299.453
299.717
299.981
300.245
300.509
300.773
301.037
301.302
301.566
301.83
302.094
302.358
302.622
302.886
303.15
303.415
303.679
303.943
304.207
304.471
304.735
304.999
305.263
305.528
305.792
306.056
306.32
306.584
306.848
307.112
307.377
307.641
307.905
308.169
308.433
308.697
308.961
309.225
309.49
309.754
310.018
310.282
310.546
310.81
311.074
311.338
311.603
311.867
312.131
312.395
312.659
312.923
313.187
313.452
313.716
313.98
314.244
314.508
314.772
315.036
315.3
315.565
315.829
316.093
316.357
316.621
316.885
317.149
317.413
317.678
317.942
318.206
318.47
318.734
318.998
319.262
319.526
319.791
320.055
320.319
320.583
320.847
321.111
321.375
321.64
321.904
322.168
322.432
322.696
322.96
323.224
323.488
323.753
324.017
324.281
324.545
324.809
325.073
325.337
325.601
325.866
326.13
326.394
326.658
326.922
327.186
327.45
327.714
327.979
328.243
328.507
328.771
329.035
329.299
329.563
329.827
330.092
330.356
330.62
330.884
331.148
331.412
331.676
331.941
332.205
332.469
332.733
332.997
333.261
333.525
333.789
334.054
334.318
334.582
334.846
335.11
335.374
335.638
335.902
336.167
336.431
336.695
336.959
337.223
337.487
337.751
338.015
338.28
338.544
338.808
339.072
339.336
339.6
339.864
340.128
340.393
340.657
340.921
341.185
341.449
341.713
341.977
342.241
342.506
342.77
343.034
343.298
343.562
343.826
344.09
344.355
344.619
344.883
345.147
345.411
345.675
345.939
346.203
346.468
346.732
346.996
347.26
347.524
347.788
348.052
348.316
348.581
348.845
349.109
349.373
349.637
349.901
350.165
350.429
350.694
350.958
351.222
351.486
351.75
352.014
352.278
352.542
352.807
353.071
353.335
353.599
353.863
354.127
354.391
354.655
354.92
355.184
355.448
355.712
355.976
356.24
356.504
356.768
357.033
357.297
357.561
357.825
358.089
358.353
358.617
358.881
359.146
359.41
359.674
359.938
360.202
360.466
360.73
360.994
361.259
361.523
361.787
362.051
362.315
362.579
362.843
363.107
363.372
363.636
363.9
364.164
364.428
364.692
364.956
365.22
365.485
365.749
366.013
366.277
366.541
366.805
367.069
367.333
367.598
367.862
368.126
368.39
368.654
368.918
369.182
369.446
369.711
369.975
370.239
370.503
370.767
371.031
371.295
371.559
371.824
372.088
372.352
372.616
372.88
373.144
373.408
373.672
373.937
374.201
374.465
374.729
374.993
375.257
375.521
375.785
376.05
376.314
376.578
376.842
377.106
377.37
377.634
377.898
378.163
378.427
378.691
378.955
379.219
379.483
379.747
380.011
380.276
380.54
380.804
381.068
381.332
381.596
381.86
382.124
382.389
382.653
382.917
383.181
383.445
383.709
383.973
384.237
384.501
384.766
385.03
385.294
385.558
385.822
386.086
386.35
386.614
386.879
387.143
387.407
387.671
387.935
388.199
388.463
388.727
388.992
389.256
389.52
389.784
390.048
390.312
390.576
390.84
391.105
391.369
391.633
391.897
392.161
392.425
392.689
392.953
393.218
393.482
393.746
394.01
394.274
394.538
394.802
395.066
395.331
395.595
395.859
396.123
396.387
396.651
396.915
397.179
397.443
397.708
397.972
398.236
398.5
398.764
399.028
399.292
399.556
399.821
400.085
400.349
400.613
400.877
401.141
401.405
401.669
401.934
402.198
402.462
402.726
402.99
403.254
403.518
403.782
404.047
404.311
404.575
404.839
405.103
405.367
405.631
405.895
406.159
406.424
406.688
406.952
407.216
407.48
407.744
408.008
408.272
408.537
408.801
409.065
409.329
409.593
409.857
410.121
410.385
410.65
410.914
411.178
411.442
411.706
411.97
412.234
412.498
412.762
413.027
413.291
413.555
413.819
414.083
414.347
414.611
414.875
415.14
415.404
415.668
415.932
416.196
416.46
416.724
416.988
417.253
417.517
417.781
418.045
418.309
418.573
418.837
419.101
419.365
419.63
419.894
420.158
420.422
420.686
420.95
421.214
421.478
421.743
422.007
422.271
422.535
422.799
423.063
423.327
423.591
423.856
424.12
424.384
424.648
424.912
425.176
425.44
425.704
425.968
426.233
426.497
426.761
427.025
427.289
427.553
427.817
428.081
428.346
428.61
428.874
429.138
429.402
429.666
429.93
430.194
430.458
430.723
430.987
431.251
431.515
431.779
432.043
432.307
432.571
432.836
433.1
433.364
433.628
433.892
434.156
434.42
434.684
434.949
435.213
435.477
435.741
436.005
436.269
436.533
436.797
437.061
437.326
437.59
437.854
438.118
438.382
438.646
438.91
439.174
439.439
439.703
439.967
440.231
440.495
440.759
441.023
441.287
441.551
441.816
442.08
442.344
442.608
442.872
443.136
443.4
443.664
443.929
444.193
444.457
444.721
444.985
445.249
445.513
445.784
446.074
446.363
446.652
446.942
447.231
447.52
447.809
448.099
448.388
448.677
448.967
449.256
449.545
449.835
450.124
450.413
450.702
450.992
451.281
451.57
451.86
452.149
452.438
452.727
453.017
453.306
453.595
453.885
454.174
454.463
454.753
455.042
455.331
455.62
455.91
456.199
456.488
456.778
457.067
457.356
457.646
457.935
458.224
458.513
458.803
459.092
459.381
459.671
459.96
460.249
460.538
460.828
461.117
461.406
461.696
461.985
462.274
462.564
462.853
463.142
463.431
463.721
464.01
464.314
464.62
464.926
465.232
465.538
465.843
466.149
466.455
466.761
467.067
467.373
467.678
467.984
468.29
468.596
468.902
469.208
469.513
469.819
470.125
470.431
470.737
471.042
471.348
471.654
471.96
472.266
472.572
472.877
473.183
473.489
473.795
474.101
474.407
474.712
475.018
475.324
475.63
475.936
476.242
476.547
476.853
477.159
477.465
477.771
478.077
478.382
478.688
478.994
479.3
479.606
479.911
480.217
480.523
480.829
481.135
481.441
481.746
482.052
482.358
482.664
482.97
483.276
483.581
483.887
484.193
484.499
484.805
485.11
485.416
485.722
486.028
486.334
486.64
486.945
487.251
487.557
487.863
488.169
488.475
488.78
489.086
489.392
489.698
490.004
490.309
490.615
490.921
491.227
491.533
491.839
492.144
492.45
492.756
493.062
493.368
493.673
493.979
494.285
494.591
494.897
495.203
495.508
495.814
496.12
496.426
496.732
497.037
497.343
497.649
497.955
498.261
498.567
498.872
499.178
499.484
499.79
500.096
500.401
500.707
501.013
501.319
501.625
501.931
502.236
502.542
502.848
503.154
503.46
503.765
504.071
504.377
504.683
504.989
505.295
505.6
505.906
506.212
506.518
506.824
507.129
507.435
507.741
508.047
508.353
508.658
508.964
509.27
509.576
509.882
510.188
510.493
510.799
511.105
511.411
511.717
512.022
512.328
512.634
512.94
513.246
513.551
513.857
514.163
514.469
514.775
515.08
515.386
515.692
515.998
516.304
516.61
516.915
517.221
517.527
517.833
518.139
518.444
518.75
519.056
519.362
519.668
519.973
520.279
520.585
520.891
521.197
521.502
521.808
522.114
522.42
522.726
523.032
523.337
523.643
523.949
524.255
524.561
524.866
525.172
525.478
525.784
526.09
526.395
526.701
527.007
527.313
527.619
527.924
528.23
528.536
528.842
529.148
529.453
529.759
530.065
530.371
530.677
530.982
531.288
531.594
531.9
532.206
532.511
532.817
533.123
533.429
533.735
534.04
534.346
534.652
534.958
535.264
535.569
535.875
536.181
536.487
536.793
537.098
537.404
537.71
538.016
538.322
538.627
538.933
539.239
539.545
539.851
540.156
540.462
540.768
541.074
541.38
541.685
541.991
542.297
542.603
542.909
543.214
543.52
543.826
544.132
544.438
544.743
545.049
545.355
545.661
545.967
546.272
546.578
546.884
547.19
547.496
547.801
548.107
548.413
548.719
549.025
549.33
549.636
549.942
550.248
550.554
550.859
551.165
551.471
551.777
552.083
552.388
552.694
553
553.306
553.611
553.917
554.223
554.529
554.835
555.14
555.446
555.752
556.058
556.364
556.669
556.975
557.281
557.587
557.893
558.198
558.504
558.81
559.116
559.422
559.727
560.033
560.339
560.645
560.95
561.256
561.562
561.868
562.174
562.479
562.785
563.091
563.397
563.703
564.008
564.314
564.62
564.926
565.232
565.537
565.843
566.149
566.455
566.76
567.066
567.372
567.678
567.984
568.289
568.595
568.901
569.207
569.513
569.818
570.124
570.43
570.736
571.041
571.347
571.653
571.959
572.265
572.57
572.876
573.182
573.488
573.794
574.099
574.405
574.711
575.017
575.322
575.628
575.934
576.24
576.546
576.851
577.157
577.463
577.769
578.074
578.38
578.686
578.992
579.298
579.603
579.909
580.215
580.521
580.827
581.132
581.438
581.744
582.05
582.355
582.661
582.967
583.273
583.579
583.884
584.19
584.496
584.802
585.107
585.413
585.719
586.025
586.331
586.636
586.942
587.248
587.554
587.859
588.165
588.471
588.777
589.083
589.388
589.694
590
590.306
590.611
590.917
591.223
591.529
591.835
592.14
592.446
592.752
593.058
593.363
593.669
593.975
594.281
594.587
594.892
595.198
595.504
595.81
596.115
596.421
596.727
597.033
597.339
597.644
597.95
598.256
598.562
598.867
599.173
599.479
599.785
600.09
600.396
600.702
601.008
601.314
601.619
601.925
602.231
602.537
602.842
603.148
603.454
603.76
604.065
604.371
604.677
604.983
605.289
605.594
605.9
606.206
606.512
606.817
607.123
607.429
607.735
608.041
608.346
608.652
608.958
609.264
609.569
609.875
610.181
610.487
610.792
611.098
611.404
611.71
612.015
612.321
612.627
612.933
613.239
613.544
613.85
614.156
614.462
614.767
615.073
615.379
615.685
615.99
616.296
616.602
616.908
617.214
617.519
617.825
618.131
618.437
618.742
619.048
619.354
619.66
619.965
620.271
620.577
620.883
621.188
621.494
621.8
622.106
622.412
622.717
623.023
623.329
623.635
623.94
624.246
624.552
624.858
625.163
625.469
625.775
626.081
626.386
626.692
626.998
627.304
627.609
627.915
628.221
628.527
628.833
629.138
629.444
629.75
630.056
630.361
630.667
630.973
631.279
631.584
631.89
632.196
632.502
632.807
633.113
633.419
633.725
634.03
634.336
634.642
634.948
635.253
635.559
635.865
636.171
636.476
636.782
637.088
637.394
637.699
638.005
638.311
638.617
638.923
639.228
639.534
639.84
640.146
640.451
640.757
641.063
641.369
641.674
641.98
642.286
642.592
642.897
643.203
643.509
643.815
644.12
644.426
644.732
645.038
645.343
645.649
645.955
646.261
646.566
646.872
647.178
647.484
647.789
648.095
648.401
648.707
649.012
649.318
649.624
649.93
650.235
650.541
650.847
651.153
651.458
651.764
652.07
652.376
652.681
652.987
653.293
653.599
653.904
654.21
654.516
654.822
655.127
655.433
655.739
656.045
656.35
656.656
656.962
657.268
657.573
657.879
658.185
658.491
658.796
659.102
659.408
659.714
660.019
660.325
660.631
660.937
661.242
661.548
661.854
662.16
662.465
662.771
663.077
663.383
663.688
663.994
664.3
664.606
664.911
665.217
665.523
665.828
666.134
666.44
666.746
667.051
667.357
667.663
667.969
668.274
668.58
668.886
669.192
669.497
669.803
670.109
670.415
670.72
671.026
671.332
671.638
671.943
672.249
672.555
672.861
673.166
673.472
673.778
674.084
674.389
674.695
675.001
675.306
675.612
675.918
676.224
676.529
676.835
677.141
677.447
677.752
678.058
678.364
678.67
678.975
679.281
679.587
679.893
680.198
680.504
680.81
681.116
681.421
681.727
682.033
682.338
682.644
682.95
683.256
683.561
683.867
684.173
684.479
684.784
685.09
685.396
685.702
686.007
686.313
686.619
686.924
687.23
687.536
687.842
688.147
688.453
688.759
689.065
689.37
689.676
689.982
690.288
690.593
690.899
691.205
691.51
691.816
692.122
692.428
692.733
693.039
693.345
693.651
693.956
694.262
694.568
694.874
695.179
695.485
695.791
696.096
696.402
696.708
697.014
697.319
697.625
697.931
698.237
698.542
698.848
699.154
699.459
699.765
700.071
700.377
700.682
700.988
701.294
701.6
701.905
702.211
702.517
702.823
703.128
703.434
703.74
704.045
704.351
704.657
704.963
705.268
705.574
705.88
706.185
706.491
706.797
707.103
707.408
707.714
708.02
708.326
708.631
708.937
709.243
709.548
709.854
710.16
710.466
710.771
711.077
711.383
711.689
711.994
712.3
712.606
712.911
713.217
713.523
713.829
714.134
714.44
714.746
715.051
715.357
715.663
715.969
716.274
716.58
716.886
717.192
717.497
717.803
718.109
718.414
718.72
719.026
719.332
719.637
719.943
720.249
720.554
720.86
721.166
721.472
721.777
722.083
722.389
722.695
723
723.306
723.612
723.917
724.223
724.529
724.835
725.14
725.446
725.752
726.057
726.363
726.669
726.975
727.28
727.586
727.892
728.197
728.503
728.809
729.115
729.42
729.726
730.032
730.337
730.643
730.949
731.255
731.56
731.866
732.172
732.477
732.783
733.089
733.395
733.7
734.006
734.312
734.617
734.923
735.229
735.535
735.84
736.146
736.452
736.757
737.063
737.369
737.675
737.98
738.286
738.592
738.897
739.203
739.509
739.815
740.12
740.426
740.732
741.037
741.343
741.649
741.955
742.26
742.566
742.872
743.177
743.483
743.789
744.095
744.4
744.706
745.012
745.317
745.623
745.929
746.234
746.54
746.846
747.152
747.457
747.763
748.069
748.374
748.68
748.986
749.292
749.597
749.903
750.209
750.514
750.82
751.126
751.431
751.737
752.043
752.349
752.654
752.96
753.266
753.571
753.877
754.183
754.489
754.794
755.1
755.406
755.711
756.017
756.323
756.628
756.934
757.24
757.546
757.851
758.157
758.463
758.768
759.074
759.38
759.686
759.991
760.297
760.603
760.908
761.214
761.52
761.825
762.131
762.437
762.743
763.048
763.354
763.66
763.965
764.271
764.577
764.882
765.188
765.494
765.8
766.105
766.411
766.717
767.022
767.328
767.634
767.939
768.245
768.551
768.857
769.162
769.468
769.774
770.079
770.385
770.691
770.996
771.302
771.608
771.914
772.219
772.525
772.831
773.136
773.442
773.748
774.053
774.359
774.665
774.97
775.276
775.582
775.888
776.193
776.499
776.805
777.11
777.416
777.722
778.027
778.333
778.639
778.945
779.25
779.556
779.862
780.167
780.473
780.779
781.084
781.39
781.696
782.001
782.307
782.613
782.919
783.224
783.53
783.836
784.141
784.447
784.753
785.058
785.364
785.67
785.975
786.281
786.587
786.893
787.198
787.504
787.81
788.115
788.421
788.727
789.032
789.338
789.644
789.949
790.255
790.561
790.866
791.172
791.478
791.784
792.089
792.395
792.701
793.006
793.312
793.618
793.923
794.229
794.535
794.84
795.146
795.452
795.757
796.063
796.369
796.675
796.98
797.286
797.592
797.897
798.203
798.509
798.814
799.12
