-0.109871 -2.211e-13
-0.144502 -2.9079e-13
-0.0994228 -2.00075e-13
0.0309576 6.22979e-14
0.253964 5.11069e-13
0.578464 1.16408e-12
1.01687 2.04631e-12
1.58593 3.19146e-12
2.30731 4.64314e-12
3.21446 6.46867e-12
-122411 -2.46335e-07
-244827 -4.92681e-07
-367243 -7.39026e-07
-489660 -9.85374e-07
-612074 -1.23172e-06
-734494 -1.47807e-06
-856918 -1.72443e-06
-979329 -1.97076e-06
-1.10174e+06 -2.21711e-06
-1.22417e+06 -2.46347e-06
-1.34659e+06 -2.70982e-06
-1.46901e+06 -2.95617e-06
-1.59143e+06 -3.20253e-06
-1.71385e+06 -3.44888e-06
-1.83627e+06 -3.69524e-06
-1.95869e+06 -3.94159e-06
-2.08111e+06 -4.18795e-06
-2.20354e+06 -4.43431e-06
-2.32596e+06 -4.68068e-06
-2.44838e+06 -4.92704e-06
-2.57081e+06 -5.1734e-06
-2.69323e+06 -5.41976e-06
-2.81566e+06 -5.66613e-06
-2.93808e+06 -5.91248e-06
-3.06051e+06 -6.15886e-06
-3.18294e+06 -6.40522e-06
-3.30536e+06 -6.65158e-06
-3.42779e+06 -6.89796e-06
-3.55022e+06 -7.14433e-06
-3.67265e+06 -7.3907e-06
-3.79508e+06 -7.63707e-06
-3.91751e+06 -7.88345e-06
-4.03994e+06 -8.12982e-06
-4.16237e+06 -8.37619e-06
-4.2848e+06 -8.62257e-06
-4.40723e+06 -8.86894e-06
-4.52966e+06 -9.11532e-06
-4.6521e+06 -9.3617e-06
-4.77453e+06 -9.60808e-06
-4.89696e+06 -9.85446e-06
-5.01939e+06 -1.01008e-05
-5.14183e+06 -1.03472e-05
-5.26426e+06 -1.05936e-05
-5.3867e+06 -1.084e-05
-5.50913e+06 -1.10864e-05
-5.63157e+06 -1.13328e-05
-5.75401e+06 -1.15791e-05
-5.87644e+06 -1.18255e-05
-5.99888e+06 -1.20719e-05
-6.12132e+06 -1.23183e-05
-6.24376e+06 -1.25647e-05
-6.3662e+06 -1.28111e-05
-6.48864e+06 -1.30575e-05
-6.61108e+06 -1.33039e-05
-6.73352e+06 -1.35503e-05
-6.85596e+06 -1.37967e-05
-6.9784e+06 -1.40431e-05
-7.10084e+06 -1.42895e-05
-7.22329e+06 -1.45359e-05
-7.34573e+06 -1.47823e-05
-7.46817e+06 -1.50287e-05
-7.59062e+06 -1.52751e-05
-7.71306e+06 -1.55215e-05
-7.8355e+06 -1.57679e-05
-7.95795e+06 -1.60143e-05
-8.0804e+06 -1.62607e-05
-8.20284e+06 -1.65071e-05
-8.32529e+06 -1.67535e-05
-8.44774e+06 -1.69999e-05
-8.57018e+06 -1.72463e-05
-8.69263e+06 -1.74927e-05
-8.81508e+06 -1.77391e-05
-8.93753e+06 -1.79855e-05
-9.05998e+06 -1.8232e-05
-9.18243e+06 -1.84784e-05
-9.30488e+06 -1.87248e-05
-9.42733e+06 -1.89712e-05
-9.54978e+06 -1.92176e-05
-9.67224e+06 -1.9464e-05
-9.79469e+06 -1.97105e-05
-9.91714e+06 -1.99569e-05
-1.00396e+07 -2.02033e-05
-1.0162e+07 -2.04497e-05
-1.02845e+07 -2.06961e-05
-1.0407e+07 -2.09426e-05
-1.05294e+07 -2.1189e-05
-1.06519e+07 -2.14354e-05
-1.07743e+07 -2.16818e-05
-1.08968e+07 -2.19283e-05
-1.10192e+07 -2.21747e-05
-1.11417e+07 -2.24211e-05
-1.12642e+07 -2.26676e-05
-1.13866e+07 -2.2914e-05
-1.15091e+07 -2.31604e-05
-1.16315e+07 -2.34069e-05
-1.1754e+07 -2.36533e-05
-1.18765e+07 -2.38997e-05
-1.19989e+07 -2.41462e-05
-1.21214e+07 -2.43926e-05
-1.22438e+07 -2.4639e-05
-1.23663e+07 -2.48855e-05
-1.24888e+07 -2.51319e-05
-1.26112e+07 -2.53783e-05
-1.27337e+07 -2.56248e-05
-1.28562e+07 -2.58712e-05
-1.29786e+07 -2.61177e-05
-1.31011e+07 -2.63641e-05
-1.32235e+07 -2.66106e-05
-1.3346e+07 -2.6857e-05
-1.34685e+07 -2.71035e-05
-1.35909e+07 -2.73499e-05
-1.37134e+07 -2.75964e-05
-1.38359e+07 -2.78428e-05
-1.39584e+07 -2.80893e-05
-1.40808e+07 -2.83357e-05
-1.42033e+07 -2.85822e-05
-1.43258e+07 -2.88286e-05
-1.44482e+07 -2.90751e-05
-1.45707e+07 -2.93215e-05
-1.46932e+07 -2.9568e-05
-1.48156e+07 -2.98144e-05
-1.49381e+07 -3.00609e-05
-1.50606e+07 -3.03074e-05
-1.51831e+07 -3.05538e-05
-1.53055e+07 -3.08003e-05
-1.5428e+07 -3.10467e-05
-1.55505e+07 -3.12932e-05
-1.5673e+07 -3.15397e-05
-1.57954e+07 -3.17861e-05
-1.59179e+07 -3.20326e-05
-1.60404e+07 -3.22791e-05
-1.61629e+07 -3.25256e-05
-1.62853e+07 -3.2772e-05
-1.64078e+07 -3.30185e-05
-1.65303e+07 -3.3265e-05
-1.66528e+07 -3.35114e-05
-1.67753e+07 -3.37579e-05
-1.68977e+07 -3.40044e-05
-1.70202e+07 -3.42509e-05
-1.71427e+07 -3.44973e-05
-1.72652e+07 -3.47438e-05
-1.73877e+07 -3.49903e-05
-1.75102e+07 -3.52368e-05
-1.76326e+07 -3.54832e-05
-1.77551e+07 -3.57297e-05
-1.78776e+07 -3.59762e-05
-1.80001e+07 -3.62227e-05
-1.81226e+07 -3.64692e-05
-1.82451e+07 -3.67157e-05
-1.83675e+07 -3.69621e-05
-1.849e+07 -3.72086e-05
-1.86125e+07 -3.74551e-05
-1.8735e+07 -3.77016e-05
-1.88575e+07 -3.79481e-05
-1.898e+07 -3.81946e-05
-1.91025e+07 -3.84411e-05
-1.9225e+07 -3.86876e-05
-1.93474e+07 -3.89341e-05
-1.94699e+07 -3.91806e-05
-1.95924e+07 -3.94271e-05
-1.97149e+07 -3.96736e-05
-1.98374e+07 -3.99201e-05
-1.99599e+07 -4.01666e-05
-2.00824e+07 -4.04131e-05
-2.02049e+07 -4.06595e-05
-2.03274e+07 -4.09061e-05
-2.04499e+07 -4.11526e-05
-2.05724e+07 -4.13991e-05
-2.06949e+07 -4.16456e-05
-2.08174e+07 -4.18921e-05
-2.09399e+07 -4.21386e-05
-2.10623e+07 -4.23851e-05
-2.11848e+07 -4.26316e-05
-2.13073e+07 -4.28781e-05
-2.14298e+07 -4.31246e-05
-2.15523e+07 -4.33711e-05
-2.16748e+07 -4.36176e-05
-2.17973e+07 -4.38641e-05
-2.19198e+07 -4.41106e-05
-2.20423e+07 -4.43572e-05
-2.21648e+07 -4.46037e-05
-2.22873e+07 -4.48502e-05
-2.24098e+07 -4.50967e-05
-2.25323e+07 -4.53432e-05
-2.26548e+07 -4.55898e-05
-2.27774e+07 -4.58363e-05
-2.28999e+07 -4.60828e-05
-2.30224e+07 -4.63293e-05
-2.31449e+07 -4.65758e-05
-2.32674e+07 -4.68224e-05
-2.33899e+07 -4.70689e-05
-2.35124e+07 -4.73154e-05
-2.36349e+07 -4.75619e-05
-2.37574e+07 -4.78085e-05
-2.38799e+07 -4.8055e-05
-2.40024e+07 -4.83015e-05
-2.41249e+07 -4.85481e-05
-2.42474e+07 -4.87946e-05
-2.43699e+07 -4.90411e-05
-2.44924e+07 -4.92877e-05
-2.46149e+07 -4.95342e-05
-2.47375e+07 -4.97807e-05
-2.486e+07 -5.00273e-05
-2.49825e+07 -5.02738e-05
-2.5105e+07 -5.05203e-05
-2.52275e+07 -5.07669e-05
-2.535e+07 -5.10134e-05
-2.54725e+07 -5.126e-05
-2.5595e+07 -5.15065e-05
-2.57176e+07 -5.17531e-05
-2.58401e+07 -5.19996e-05
-2.59626e+07 -5.22461e-05
-2.60851e+07 -5.24927e-05
-2.62076e+07 -5.27392e-05
-2.63301e+07 -5.29858e-05
-2.64527e+07 -5.32323e-05
-2.65752e+07 -5.34789e-05
-2.66977e+07 -5.37254e-05
-2.68202e+07 -5.3972e-05
-2.69427e+07 -5.42185e-05
-2.70653e+07 -5.44651e-05
-2.71878e+07 -5.47116e-05
-2.73103e+07 -5.49582e-05
-2.74328e+07 -5.52048e-05
-2.75553e+07 -5.54513e-05
-2.76779e+07 -5.56979e-05
-2.78004e+07 -5.59444e-05
-2.79229e+07 -5.6191e-05
-2.80454e+07 -5.64376e-05
-2.81679e+07 -5.66841e-05
-2.82905e+07 -5.69307e-05
-2.8413e+07 -5.71772e-05
-2.85355e+07 -5.74238e-05
-2.8658e+07 -5.76704e-05
-2.87806e+07 -5.79169e-05
-2.89031e+07 -5.81635e-05
-2.90256e+07 -5.84101e-05
-2.91482e+07 -5.86567e-05
-2.92707e+07 -5.89032e-05
-2.93932e+07 -5.91498e-05
-2.95157e+07 -5.93964e-05
-2.96383e+07 -5.96429e-05
-2.97608e+07 -5.98895e-05
-2.98833e+07 -6.01361e-05
-3.00059e+07 -6.03827e-05
-3.01284e+07 -6.06292e-05
-3.02509e+07 -6.08758e-05
-3.03735e+07 -6.11224e-05
-3.0496e+07 -6.1369e-05
-3.06185e+07 -6.16156e-05
-3.07411e+07 -6.18621e-05
-3.08636e+07 -6.21087e-05
-3.09861e+07 -6.23553e-05
-3.11087e+07 -6.26019e-05
-3.12312e+07 -6.28485e-05
-3.13537e+07 -6.30951e-05
-3.14763e+07 -6.33417e-05
-3.15988e+07 -6.35883e-05
-3.17214e+07 -6.38348e-05
-3.18439e+07 -6.40814e-05
-3.19664e+07 -6.4328e-05
-3.2089e+07 -6.45746e-05
-3.22115e+07 -6.48212e-05
-3.2334e+07 -6.50678e-05
-3.24566e+07 -6.53144e-05
-3.25791e+07 -6.5561e-05
-3.27017e+07 -6.58076e-05
-3.28242e+07 -6.60542e-05
-3.29468e+07 -6.63008e-05
-3.30693e+07 -6.65474e-05
-3.31918e+07 -6.6794e-05
-3.33144e+07 -6.70406e-05
-3.34369e+07 -6.72872e-05
-3.35595e+07 -6.75338e-05
-3.3682e+07 -6.77804e-05
-3.38046e+07 -6.8027e-05
-3.39271e+07 -6.82736e-05
-3.40497e+07 -6.85202e-05
-3.41722e+07 -6.87669e-05
-3.42948e+07 -6.90135e-05
-3.44173e+07 -6.92601e-05
-3.45399e+07 -6.95067e-05
-3.46624e+07 -6.97533e-05
-3.47849e+07 -6.99999e-05
-3.49075e+07 -7.02465e-05
-3.50301e+07 -7.04931e-05
-3.51526e+07 -7.07398e-05
-3.52752e+07 -7.09864e-05
-3.53977e+07 -7.1233e-05
-3.55203e+07 -7.14796e-05
-3.56428e+07 -7.17262e-05
-3.57654e+07 -7.19729e-05
-3.58879e+07 -7.22195e-05
-3.60105e+07 -7.24661e-05
-3.6133e+07 -7.27127e-05
-3.62556e+07 -7.29594e-05
-3.63781e+07 -7.3206e-05
-3.65007e+07 -7.34526e-05
-3.66233e+07 -7.36992e-05
-3.67458e+07 -7.39459e-05
-3.68684e+07 -7.41925e-05
-3.69909e+07 -7.44391e-05
-3.71135e+07 -7.46858e-05
-3.7236e+07 -7.49324e-05
-3.73586e+07 -7.5179e-05
-3.74812e+07 -7.54257e-05
-3.76037e+07 -7.56723e-05
-3.77263e+07 -7.59189e-05
-3.78488e+07 -7.61656e-05
-3.79714e+07 -7.64122e-05
-3.8094e+07 -7.66589e-05
-3.82165e+07 -7.69055e-05
-3.83391e+07 -7.71521e-05
-3.84617e+07 -7.73988e-05
-3.85842e+07 -7.76454e-05
-3.87068e+07 -7.78921e-05
-3.88294e+07 -7.81387e-05
-3.89519e+07 -7.83854e-05
-3.90745e+07 -7.8632e-05
-3.91971e+07 -7.88787e-05
-3.93196e+07 -7.91253e-05
-3.94422e+07 -7.9372e-05
-3.95648e+07 -7.96186e-05
-3.96873e+07 -7.98653e-05
-3.98099e+07 -8.01119e-05
-3.99325e+07 -8.03586e-05
-4.0055e+07 -8.06052e-05
-4.01776e+07 -8.08519e-05
-4.03002e+07 -8.10986e-05
-4.04227e+07 -8.13452e-05
-4.05453e+07 -8.15919e-05
-4.06679e+07 -8.18385e-05
-4.07905e+07 -8.20852e-05
-4.0913e+07 -8.23319e-05
-4.10356e+07 -8.25785e-05
-4.11582e+07 -8.28252e-05
-4.12808e+07 -8.30718e-05
-4.14033e+07 -8.33185e-05
-4.15259e+07 -8.35652e-05
-4.16485e+07 -8.38118e-05
-4.17711e+07 -8.40585e-05
-4.18936e+07 -8.43052e-05
-4.20162e+07 -8.45519e-05
-4.21388e+07 -8.47985e-05
-4.22614e+07 -8.50452e-05
-4.2384e+07 -8.52919e-05
-4.25065e+07 -8.55385e-05
-4.26291e+07 -8.57852e-05
-4.27517e+07 -8.60319e-05
-4.28743e+07 -8.62786e-05
-4.29969e+07 -8.65253e-05
-4.31194e+07 -8.67719e-05
-4.3242e+07 -8.70186e-05
-4.33646e+07 -8.72653e-05
-4.34872e+07 -8.7512e-05
-4.36098e+07 -8.77587e-05
-4.37324e+07 -8.80054e-05
-4.38549e+07 -8.8252e-05
-4.39775e+07 -8.84987e-05
-4.41001e+07 -8.87454e-05
-4.42227e+07 -8.89921e-05
-4.43453e+07 -8.92388e-05
-4.44679e+07 -8.94855e-05
-4.45905e+07 -8.97322e-05
-4.47131e+07 -8.99789e-05
-4.48356e+07 -9.02256e-05
-4.49582e+07 -9.04722e-05
-4.50808e+07 -9.07189e-05
-4.52034e+07 -9.09656e-05
-4.5326e+07 -9.12123e-05
-4.54486e+07 -9.1459e-05
-4.55712e+07 -9.17057e-05
-4.56938e+07 -9.19524e-05
-4.58164e+07 -9.21991e-05
-4.5939e+07 -9.24458e-05
-4.60616e+07 -9.26925e-05
-4.61842e+07 -9.29392e-05
-4.63067e+07 -9.31859e-05
-4.64293e+07 -9.34326e-05
-4.65519e+07 -9.36793e-05
-4.66745e+07 -9.39261e-05
-4.67971e+07 -9.41728e-05
-4.69197e+07 -9.44195e-05
-4.70423e+07 -9.46662e-05
-4.71649e+07 -9.49129e-05
-4.72875e+07 -9.51596e-05
-4.74101e+07 -9.54063e-05
-4.75327e+07 -9.5653e-05
-4.76553e+07 -9.58998e-05
-4.77779e+07 -9.61465e-05
-4.79005e+07 -9.63932e-05
-4.80231e+07 -9.66399e-05
-4.81457e+07 -9.68866e-05
-4.82683e+07 -9.71333e-05
-4.83909e+07 -9.73801e-05
-4.85135e+07 -9.76268e-05
-4.86361e+07 -9.78735e-05
-4.87587e+07 -9.81202e-05
-4.88813e+07 -9.8367e-05
-4.90039e+07 -9.86137e-05
-4.91265e+07 -9.88604e-05
-4.92492e+07 -9.91071e-05
-4.93718e+07 -9.93539e-05
-4.94944e+07 -9.96006e-05
-4.9617e+07 -9.98473e-05
-4.97396e+07 -0.000100094
-4.98622e+07 -0.000100341
-4.99848e+07 -0.000100588
-5.01074e+07 -0.000100834
-5.023e+07 -0.000101081
-5.03526e+07 -0.000101328
-5.04752e+07 -0.000101574
-5.05979e+07 -0.000101821
-5.07205e+07 -0.000102068
-5.08431e+07 -0.000102315
-5.09657e+07 -0.000102561
-5.10883e+07 -0.000102808
-5.12109e+07 -0.000103055
-5.13335e+07 -0.000103302
-5.14561e+07 -0.000103548
-5.15788e+07 -0.000103795
-5.17014e+07 -0.000104042
-5.1824e+07 -0.000104289
-5.19466e+07 -0.000104535
-5.20692e+07 -0.000104782
-5.21918e+07 -0.000105029
-5.23145e+07 -0.000105276
-5.24371e+07 -0.000105522
-5.25597e+07 -0.000105769
-5.26823e+07 -0.000106016
-5.28049e+07 -0.000106263
-5.29276e+07 -0.000106509
-5.30502e+07 -0.000106756
-5.31728e+07 -0.000107003
-5.32954e+07 -0.00010725
-5.3418e+07 -0.000107496
-5.35407e+07 -0.000107743
-5.36633e+07 -0.00010799
-5.37859e+07 -0.000108237
-5.39085e+07 -0.000108483
-5.40312e+07 -0.00010873
-5.41538e+07 -0.000108977
-5.42764e+07 -0.000109224
-5.4399e+07 -0.000109471
-5.45217e+07 -0.000109717
-5.46443e+07 -0.000109964
-5.47669e+07 -0.000110211
-5.48895e+07 -0.000110458
-5.50122e+07 -0.000110704
-5.51348e+07 -0.000110951
-5.52574e+07 -0.000111198
-5.53801e+07 -0.000111445
-5.55027e+07 -0.000111692
-5.56253e+07 -0.000111938
-5.5748e+07 -0.000112185
-5.58706e+07 -0.000112432
-5.59932e+07 -0.000112679
-5.61158e+07 -0.000112925
-5.62385e+07 -0.000113172
-5.63611e+07 -0.000113419
-5.64838e+07 -0.000113666
-5.66064e+07 -0.000113913
-5.6729e+07 -0.000114159
-5.68517e+07 -0.000114406
-5.69743e+07 -0.000114653
-5.70969e+07 -0.0001149
-5.72196e+07 -0.000115146
-5.73422e+07 -0.000115393
-5.74648e+07 -0.00011564
-5.75875e+07 -0.000115887
-5.77101e+07 -0.000116134
-5.78328e+07 -0.00011638
-5.79554e+07 -0.000116627
-5.8078e+07 -0.000116874
-5.82007e+07 -0.000117121
-5.83233e+07 -0.000117368
-5.8446e+07 -0.000117614
-5.85686e+07 -0.000117861
-5.86912e+07 -0.000118108
-5.88139e+07 -0.000118355
-5.89365e+07 -0.000118602
-5.90592e+07 -0.000118848
-5.91818e+07 -0.000119095
-5.93045e+07 -0.000119342
-5.94271e+07 -0.000119589
-5.95498e+07 -0.000119836
-5.96724e+07 -0.000120082
-5.9795e+07 -0.000120329
-5.99177e+07 -0.000120576
-6.00403e+07 -0.000120823
-6.0163e+07 -0.00012107
-6.02856e+07 -0.000121317
-6.04083e+07 -0.000121563
-6.05309e+07 -0.00012181
-6.06536e+07 -0.000122057
-6.07762e+07 -0.000122304
-6.08989e+07 -0.000122551
-6.10215e+07 -0.000122797
-6.11442e+07 -0.000123044
-6.12668e+07 -0.000123291
-6.13895e+07 -0.000123538
-6.15122e+07 -0.000123785
-6.16348e+07 -0.000124032
-6.17575e+07 -0.000124278
-6.18801e+07 -0.000124525
-6.20028e+07 -0.000124772
-6.21254e+07 -0.000125019
-6.22481e+07 -0.000125266
-6.23707e+07 -0.000125513
-6.24934e+07 -0.000125759
-6.26161e+07 -0.000126006
-6.27387e+07 -0.000126253
-6.28614e+07 -0.0001265
-6.2984e+07 -0.000126747
-6.31067e+07 -0.000126994
-6.32294e+07 -0.00012724
-6.3352e+07 -0.000127487
-6.34747e+07 -0.000127734
-6.35973e+07 -0.000127981
-6.372e+07 -0.000128228
-6.38427e+07 -0.000128475
-6.39653e+07 -0.000128721
-6.4088e+07 -0.000128968
-6.42107e+07 -0.000129215
-6.43333e+07 -0.000129462
-6.4456e+07 -0.000129709
-6.45787e+07 -0.000129956
-6.47013e+07 -0.000130202
-6.4824e+07 -0.000130449
-6.49467e+07 -0.000130696
-6.50693e+07 -0.000130943
-6.5192e+07 -0.00013119
-6.53147e+07 -0.000131437
-6.54373e+07 -0.000131684
-6.556e+07 -0.00013193
-6.56827e+07 -0.000132177
-6.58053e+07 -0.000132424
-6.5928e+07 -0.000132671
-6.60507e+07 -0.000132918
-6.61733e+07 -0.000133165
-6.6296e+07 -0.000133412
-6.64187e+07 -0.000133658
-6.65414e+07 -0.000133905
-6.6664e+07 -0.000134152
-6.67867e+07 -0.000134399
-6.69094e+07 -0.000134646
-6.70321e+07 -0.000134893
-6.71547e+07 -0.00013514
-6.72774e+07 -0.000135387
-6.74001e+07 -0.000135633
-6.75228e+07 -0.00013588
-6.76454e+07 -0.000136127
-6.77681e+07 -0.000136374
-6.78908e+07 -0.000136621
-6.80135e+07 -0.000136868
-6.81362e+07 -0.000137115
-6.82588e+07 -0.000137362
-6.83815e+07 -0.000137608
-6.85042e+07 -0.000137855
-6.86269e+07 -0.000138102
-6.87496e+07 -0.000138349
-6.88723e+07 -0.000138596
-6.89949e+07 -0.000138843
-6.91176e+07 -0.00013909
-6.92403e+07 -0.000139337
-6.9363e+07 -0.000139583
-6.94857e+07 -0.00013983
-6.96084e+07 -0.000140077
-6.9731e+07 -0.000140324
-6.98537e+07 -0.000140571
-6.99764e+07 -0.000140818
-7.00991e+07 -0.000141065
-7.02218e+07 -0.000141312
-7.03445e+07 -0.000141559
-7.04672e+07 -0.000141805
-7.05898e+07 -0.000142052
-7.07125e+07 -0.000142299
-7.08352e+07 -0.000142546
-7.09579e+07 -0.000142793
-7.10806e+07 -0.00014304
-7.12033e+07 -0.000143287
-7.1326e+07 -0.000143534
-7.14487e+07 -0.000143781
-7.15714e+07 -0.000144028
-7.16941e+07 -0.000144274
-7.18168e+07 -0.000144521
-7.19395e+07 -0.000144768
-7.20622e+07 -0.000145015
-7.21848e+07 -0.000145262
-7.23075e+07 -0.000145509
-7.24302e+07 -0.000145756
-7.25529e+07 -0.000146003
-7.26756e+07 -0.00014625
-7.27983e+07 -0.000146497
-7.2921e+07 -0.000146744
-7.30437e+07 -0.00014699
-7.31664e+07 -0.000147237
-7.32891e+07 -0.000147484
-7.34118e+07 -0.000147731
-7.35345e+07 -0.000147978
-7.36572e+07 -0.000148225
-7.37799e+07 -0.000148472
-7.39026e+07 -0.000148719
-7.40253e+07 -0.000148966
-7.4148e+07 -0.000149213
-7.42707e+07 -0.00014946
-7.43934e+07 -0.000149707
-7.45161e+07 -0.000149953
-7.46389e+07 -0.0001502
-7.47616e+07 -0.000150447
-7.48843e+07 -0.000150694
-7.5007e+07 -0.000150941
-7.51297e+07 -0.000151188
-7.52524e+07 -0.000151435
-7.53751e+07 -0.000151682
-7.54978e+07 -0.000151929
-7.56205e+07 -0.000152176
-7.57432e+07 -0.000152423
-7.58659e+07 -0.00015267
-7.59886e+07 -0.000152917
-7.61113e+07 -0.000153164
-7.62341e+07 -0.000153411
-7.63568e+07 -0.000153657
-7.64795e+07 -0.000153904
-7.66022e+07 -0.000154151
-7.67249e+07 -0.000154398
-7.68476e+07 -0.000154645
-7.69703e+07 -0.000154892
-7.7093e+07 -0.000155139
-7.72158e+07 -0.000155386
-7.73385e+07 -0.000155633
-7.74612e+07 -0.00015588
-7.75839e+07 -0.000156127
-7.77066e+07 -0.000156374
-7.78293e+07 -0.000156621
-7.79521e+07 -0.000156868
-7.80748e+07 -0.000157115
-7.81975e+07 -0.000157362
-7.83202e+07 -0.000157609
-7.84429e+07 -0.000157856
-7.85657e+07 -0.000158103
-7.86884e+07 -0.00015835
-7.88111e+07 -0.000158596
-7.89338e+07 -0.000158843
-7.90565e+07 -0.00015909
-7.91793e+07 -0.000159337
-7.9302e+07 -0.000159584
-7.94247e+07 -0.000159831
-7.95474e+07 -0.000160078
-7.96702e+07 -0.000160325
-7.97929e+07 -0.000160572
-7.99156e+07 -0.000160819
-8.00383e+07 -0.000161066
-8.01611e+07 -0.000161313
-8.02838e+07 -0.00016156
-8.04065e+07 -0.000161807
-8.05292e+07 -0.000162054
-8.0652e+07 -0.000162301
-8.07747e+07 -0.000162548
-8.08974e+07 -0.000162795
-8.10202e+07 -0.000163042
-8.11429e+07 -0.000163289
-8.12656e+07 -0.000163536
-8.13883e+07 -0.000163783
-8.15111e+07 -0.00016403
-8.16338e+07 -0.000164277
-8.17565e+07 -0.000164524
-8.18793e+07 -0.000164771
-8.2002e+07 -0.000165018
-8.21247e+07 -0.000165265
-8.22475e+07 -0.000165512
-8.23702e+07 -0.000165759
-8.24929e+07 -0.000166006
-8.26157e+07 -0.000166253
-8.27384e+07 -0.0001665
-8.28612e+07 -0.000166747
-8.29839e+07 -0.000166994
-8.31066e+07 -0.000167241
-8.32294e+07 -0.000167488
-8.33521e+07 -0.000167735
-8.34748e+07 -0.000167982
-8.35976e+07 -0.000168229
-8.37203e+07 -0.000168476
-8.38431e+07 -0.000168723
-8.39658e+07 -0.00016897
-8.40885e+07 -0.000169217
-8.42113e+07 -0.000169464
-8.4334e+07 -0.000169711
-8.44568e+07 -0.000169958
-8.45795e+07 -0.000170205
-8.47023e+07 -0.000170452
-8.4825e+07 -0.000170699
-8.49477e+07 -0.000170946
-8.50705e+07 -0.000171193
-8.51932e+07 -0.00017144
-8.5316e+07 -0.000171687
-8.54387e+07 -0.000171934
-8.55615e+07 -0.000172181
-8.56842e+07 -0.000172428
-8.5807e+07 -0.000172675
-8.59297e+07 -0.000172922
-8.60525e+07 -0.000173169
-8.61752e+07 -0.000173416
-8.6298e+07 -0.000173663
-8.64207e+07 -0.00017391
-8.65435e+07 -0.000174157
-8.66662e+07 -0.000174404
-8.6789e+07 -0.000174651
-8.69117e+07 -0.000174898
-8.70345e+07 -0.000175145
-8.71572e+07 -0.000175392
-8.728e+07 -0.000175639
-8.74027e+07 -0.000175886
-8.75255e+07 -0.000176133
-8.76483e+07 -0.00017638
-8.7771e+07 -0.000176627
-8.78938e+07 -0.000176874
-8.80165e+07 -0.000177121
-8.81393e+07 -0.000177368
-8.8262e+07 -0.000177615
-8.83848e+07 -0.000177862
-8.85076e+07 -0.000178109
-8.86303e+07 -0.000178356
-8.87531e+07 -0.000178603
-8.88758e+07 -0.00017885
-8.89986e+07 -0.000179097
-8.91214e+07 -0.000179344
-8.92441e+07 -0.000179591
-8.93669e+07 -0.000179839
-8.94896e+07 -0.000180086
-8.96124e+07 -0.000180333
-8.97352e+07 -0.00018058
-8.98579e+07 -0.000180827
-8.99807e+07 -0.000181074
-9.01035e+07 -0.000181321
-9.02262e+07 -0.000181568
-9.0349e+07 -0.000181815
-9.04718e+07 -0.000182062
-9.05945e+07 -0.000182309
-9.07173e+07 -0.000182556
-9.08401e+07 -0.000182803
-9.09628e+07 -0.00018305
-9.10856e+07 -0.000183297
-9.12084e+07 -0.000183544
-9.13311e+07 -0.000183791
-9.14539e+07 -0.000184038
-9.15767e+07 -0.000184285
-9.16994e+07 -0.000184532
-9.18222e+07 -0.00018478
-9.1945e+07 -0.000185027
-9.20678e+07 -0.000185274
-9.21905e+07 -0.000185521
-9.23133e+07 -0.000185768
-9.24361e+07 -0.000186015
-9.25589e+07 -0.000186262
-9.26816e+07 -0.000186509
-9.28044e+07 -0.000186756
-9.29272e+07 -0.000187003
-9.305e+07 -0.00018725
-9.31727e+07 -0.000187497
-9.32955e+07 -0.000187744
-9.34183e+07 -0.000187991
-9.35411e+07 -0.000188239
-9.36638e+07 -0.000188486
-9.37866e+07 -0.000188733
-9.39094e+07 -0.00018898
-9.40322e+07 -0.000189227
-9.4155e+07 -0.000189474
-9.42777e+07 -0.000189721
-9.44005e+07 -0.000189968
-9.45233e+07 -0.000190215
-9.46461e+07 -0.000190462
-9.47689e+07 -0.000190709
-9.48917e+07 -0.000190956
-9.50144e+07 -0.000191203
-9.51372e+07 -0.000191451
-9.526e+07 -0.000191698
-9.53828e+07 -0.000191945
-9.55056e+07 -0.000192192
-9.56284e+07 -0.000192439
-9.57512e+07 -0.000192686
-9.58739e+07 -0.000192933
-9.59967e+07 -0.00019318
-9.61195e+07 -0.000193427
-9.62423e+07 -0.000193674
-9.63651e+07 -0.000193921
-9.64879e+07 -0.000194169
-9.66107e+07 -0.000194416
-9.67335e+07 -0.000194663
-9.68563e+07 -0.00019491
-9.69791e+07 -0.000195157
-9.71018e+07 -0.000195404
-9.72246e+07 -0.000195651
-9.73474e+07 -0.000195898
-9.74702e+07 -0.000196145
-9.7593e+07 -0.000196392
-9.77158e+07 -0.00019664
-9.78386e+07 -0.000196887
-9.79614e+07 -0.000197134
-9.80842e+07 -0.000197381
-9.8207e+07 -0.000197628
-9.83298e+07 -0.000197875
-9.84526e+07 -0.000198122
-9.85754e+07 -0.000198369
-9.86982e+07 -0.000198616
-9.8821e+07 -0.000198864
-9.89438e+07 -0.000199111
-9.90666e+07 -0.000199358
-9.91894e+07 -0.000199605
-9.93122e+07 -0.000199852
-9.9435e+07 -0.000200099
-9.95578e+07 -0.000200346
-9.96806e+07 -0.000200593
-9.98034e+07 -0.000200841
-9.99262e+07 -0.000201088
-1.00049e+08 -0.000201335
-1.00172e+08 -0.000201582
-1.00295e+08 -0.000201829
-1.00417e+08 -0.000202076
-1.0054e+08 -0.000202323
-1.00663e+08 -0.00020257
-1.00786e+08 -0.000202818
-1.00909e+08 -0.000203065
-1.01031e+08 -0.000203312
-1.01154e+08 -0.000203559
-1.01277e+08 -0.000203806
-1.014e+08 -0.000204053
-1.01523e+08 -0.0002043
-1.01645e+08 -0.000204548
-1.01768e+08 -0.000204795
-1.01891e+08 -0.000205042
-1.02014e+08 -0.000205289
-1.02137e+08 -0.000205536
-1.0226e+08 -0.000205783
-1.02382e+08 -0.00020603
-1.02505e+08 -0.000206278
-1.02628e+08 -0.000206525
-1.02751e+08 -0.000206772
-1.02874e+08 -0.000207019
-1.02996e+08 -0.000207266
-1.03119e+08 -0.000207513
-1.03242e+08 -0.00020776
-1.03365e+08 -0.000208008
-1.03488e+08 -0.000208255
-1.03611e+08 -0.000208502
-1.03733e+08 -0.000208749
-1.03856e+08 -0.000208996
-1.03979e+08 -0.000209243
-1.04102e+08 -0.00020949
-1.04225e+08 -0.000209738
-1.04347e+08 -0.000209985
-1.0447e+08 -0.000210232
-1.04593e+08 -0.000210479
-1.04716e+08 -0.000210726
-1.04839e+08 -0.000210973
-1.04917e+08 -0.00021113
-1.04914e+08 -0.000211124
-1.04911e+08 -0.000211118
-1.04908e+08 -0.000211112
-1.04905e+08 -0.000211106
-1.04902e+08 -0.0002111
-1.04899e+08 -0.000211095
-1.04896e+08 -0.000211089
-1.04904e+08 -0.000211104
-1.04929e+08 -0.000211156
-1.04955e+08 -0.000211207
-1.0498e+08 -0.000211259
-1.05006e+08 -0.00021131
-1.05031e+08 -0.000211361
-1.05057e+08 -0.000211413
-1.05082e+08 -0.000211464
-1.05108e+08 -0.000211515
-1.05134e+08 -0.000211567
-1.05159e+08 -0.000211618
-1.05185e+08 -0.000211669
-1.0521e+08 -0.000211721
-1.05236e+08 -0.000211772
-1.05261e+08 -0.000211824
-1.05287e+08 -0.000211875
-1.05312e+08 -0.000211926
-1.05338e+08 -0.000211978
-1.05363e+08 -0.000212029
-1.05389e+08 -0.00021208
-1.05414e+08 -0.000212132
-1.0544e+08 -0.000212183
-1.05465e+08 -0.000212235
-1.05491e+08 -0.000212286
-1.05516e+08 -0.000212337
-1.05542e+08 -0.000212389
-1.05567e+08 -0.00021244
-1.05593e+08 -0.000212491
-1.05619e+08 -0.000212543
-1.05644e+08 -0.000212594
-1.0567e+08 -0.000212645
-1.05695e+08 -0.000212697
-1.05721e+08 -0.000212748
-1.05746e+08 -0.0002128
-1.05772e+08 -0.000212851
-1.05797e+08 -0.000212902
-1.05823e+08 -0.000212954
-1.05848e+08 -0.000213005
-1.05874e+08 -0.000213056
-1.05899e+08 -0.000213108
-1.05925e+08 -0.000213159
-1.0595e+08 -0.000213211
-1.05976e+08 -0.000213262
-1.06001e+08 -0.000213313
-1.06027e+08 -0.000213365
-1.06053e+08 -0.000213416
-1.06078e+08 -0.000213467
-1.06104e+08 -0.000213519
-1.06129e+08 -0.00021357
-1.06155e+08 -0.000213622
-1.0618e+08 -0.000213673
-1.06206e+08 -0.000213724
-1.06231e+08 -0.000213776
-1.06257e+08 -0.000213827
-1.06282e+08 -0.000213878
-1.06308e+08 -0.00021393
-1.06333e+08 -0.000213981
-1.06359e+08 -0.000214033
-1.06384e+08 -0.000214084
-1.0641e+08 -0.000214135
-1.06435e+08 -0.000214187
-1.06461e+08 -0.000214238
-1.06486e+08 -0.000214289
-1.06512e+08 -0.000214341
-1.06538e+08 -0.000214392
-1.06563e+08 -0.000214443
-1.06589e+08 -0.000214495
-1.06614e+08 -0.000214546
-1.0664e+08 -0.000214598
-1.06665e+08 -0.000214649
-1.06691e+08 -0.0002147
-1.06716e+08 -0.000214752
-1.06742e+08 -0.000214803
-1.06767e+08 -0.000214854
-1.06793e+08 -0.000214906
-1.06818e+08 -0.000214957
-1.06844e+08 -0.000215009
-1.06869e+08 -0.00021506
-1.06895e+08 -0.000215111
-1.0692e+08 -0.000215163
-1.06946e+08 -0.000215214
-1.06972e+08 -0.000215265
-1.06997e+08 -0.000215317
-1.07023e+08 -0.000215368
-1.07048e+08 -0.00021542
-1.07074e+08 -0.000215471
-1.07099e+08 -0.000215522
-1.07125e+08 -0.000215574
-1.0715e+08 -0.000215625
-1.07176e+08 -0.000215676
-1.07201e+08 -0.000215728
-1.07227e+08 -0.000215779
-1.07252e+08 -0.000215831
-1.07278e+08 -0.000215882
-1.07303e+08 -0.000215933
-1.07329e+08 -0.000215985
-1.07354e+08 -0.000216036
-1.0738e+08 -0.000216087
-1.07406e+08 -0.000216139
-1.07431e+08 -0.00021619
-1.07457e+08 -0.000216242
-1.07482e+08 -0.000216293
-1.07508e+08 -0.000216344
-1.07533e+08 -0.000216396
-1.07559e+08 -0.000216447
-1.07584e+08 -0.000216498
-1.0761e+08 -0.00021655
-1.07635e+08 -0.000216601
-1.07661e+08 -0.000216653
-1.07686e+08 -0.000216704
-1.07712e+08 -0.000216755
-1.07737e+08 -0.000216807
-1.07763e+08 -0.000216858
-1.07788e+08 -0.000216909
-1.07814e+08 -0.000216961
-1.0784e+08 -0.000217012
-1.07865e+08 -0.000217064
-1.07891e+08 -0.000217115
-1.07916e+08 -0.000217166
-1.07942e+08 -0.000217218
-1.07967e+08 -0.000217269
-1.07993e+08 -0.00021732
-1.08018e+08 -0.000217372
-1.08044e+08 -0.000217423
-1.08069e+08 -0.000217475
-1.08095e+08 -0.000217526
-1.0812e+08 -0.000217577
-1.08146e+08 -0.000217629
-1.08171e+08 -0.00021768
-1.08197e+08 -0.000217731
-1.08222e+08 -0.000217783
-1.08248e+08 -0.000217834
-1.08274e+08 -0.000217886
-1.08299e+08 -0.000217937
-1.08325e+08 -0.000217988
-1.0835e+08 -0.00021804
-1.08376e+08 -0.000218091
-1.08401e+08 -0.000218142
-1.08427e+08 -0.000218194
-1.08452e+08 -0.000218245
-1.08478e+08 -0.000218297
-1.08503e+08 -0.000218348
-1.08529e+08 -0.000218399
-1.08554e+08 -0.000218451
-1.0858e+08 -0.000218502
-1.08605e+08 -0.000218553
-1.08631e+08 -0.000218605
-1.08656e+08 -0.000218656
-1.08682e+08 -0.000218708
-1.08708e+08 -0.000218759
-1.08733e+08 -0.00021881
-1.08759e+08 -0.000218862
-1.08784e+08 -0.000218913
-1.0881e+08 -0.000218964
-1.08835e+08 -0.000219016
-1.08861e+08 -0.000219067
-1.08886e+08 -0.000219119
-1.08912e+08 -0.00021917
-1.08937e+08 -0.000219221
-1.08963e+08 -0.000219273
-1.08988e+08 -0.000219324
-1.09014e+08 -0.000219375
-1.09039e+08 -0.000219427
-1.09065e+08 -0.000219478
-1.0909e+08 -0.00021953
-1.09116e+08 -0.000219581
-1.09142e+08 -0.000219632
-1.09167e+08 -0.000219684
-1.09193e+08 -0.000219735
-1.09218e+08 -0.000219786
-1.09244e+08 -0.000219838
-1.09269e+08 -0.000219889
-1.09295e+08 -0.000219941
-1.0932e+08 -0.000219992
-1.09346e+08 -0.000220043
-1.09371e+08 -0.000220095
-1.09397e+08 -0.000220146
-1.09422e+08 -0.000220197
-1.09448e+08 -0.000220249
-1.09473e+08 -0.0002203
-1.09499e+08 -0.000220352
-1.09525e+08 -0.000220403
-1.0955e+08 -0.000220454
-1.09576e+08 -0.000220506
-1.09601e+08 -0.000220557
-1.09627e+08 -0.000220608
-1.09652e+08 -0.00022066
-1.09678e+08 -0.000220711
-1.09703e+08 -0.000220763
-1.09729e+08 -0.000220814
-1.09754e+08 -0.000220865
-1.0978e+08 -0.000220917
-1.09805e+08 -0.000220968
-1.09831e+08 -0.00022102
-1.09856e+08 -0.000221071
-1.09882e+08 -0.000221122
-1.09907e+08 -0.000221174
-1.09933e+08 -0.000221225
-1.09959e+08 -0.000221276
-1.09984e+08 -0.000221328
-1.1001e+08 -0.000221379
-1.10035e+08 -0.000221431
-1.10061e+08 -0.000221482
-1.10086e+08 -0.000221533
-1.10112e+08 -0.000221585
-1.10137e+08 -0.000221636
-1.10163e+08 -0.000221687
-1.10188e+08 -0.000221739
-1.10214e+08 -0.00022179
-1.10239e+08 -0.000221842
-1.10265e+08 -0.000221893
-1.1029e+08 -0.000221944
-1.10316e+08 -0.000221996
-1.10342e+08 -0.000222047
-1.10367e+08 -0.000222098
-1.10393e+08 -0.00022215
-1.10418e+08 -0.000222201
-1.10444e+08 -0.000222253
-1.10469e+08 -0.000222304
-1.10495e+08 -0.000222355
-1.1052e+08 -0.000222407
-1.10546e+08 -0.000222458
-1.10571e+08 -0.00022251
-1.10597e+08 -0.000222561
-1.10622e+08 -0.000222612
-1.10648e+08 -0.000222664
-1.10673e+08 -0.000222715
-1.10699e+08 -0.000222766
-1.10725e+08 -0.000222818
-1.1075e+08 -0.000222869
-1.10776e+08 -0.000222921
-1.10801e+08 -0.000222972
-1.10827e+08 -0.000223023
-1.10852e+08 -0.000223075
-1.10878e+08 -0.000223126
-1.10903e+08 -0.000223177
-1.10929e+08 -0.000223229
-1.10954e+08 -0.00022328
-1.1098e+08 -0.000223332
-1.11005e+08 -0.000223383
-1.11031e+08 -0.000223434
-1.11056e+08 -0.000223486
-1.11082e+08 -0.000223537
-1.11107e+08 -0.000223589
-1.11133e+08 -0.00022364
-1.11159e+08 -0.000223691
-1.11184e+08 -0.000223743
-1.1121e+08 -0.000223794
-1.11235e+08 -0.000223845
-1.11261e+08 -0.000223897
-1.11286e+08 -0.000223948
-1.11312e+08 -0.000224
-1.11337e+08 -0.000224051
-1.11363e+08 -0.000224102
-1.11388e+08 -0.000224154
-1.11414e+08 -0.000224205
-1.11439e+08 -0.000224256
-1.11465e+08 -0.000224308
-1.1149e+08 -0.000224359
-1.11516e+08 -0.000224411
-1.11542e+08 -0.000224462
-1.11567e+08 -0.000224513
-1.11593e+08 -0.000224565
-1.11618e+08 -0.000224616
-1.11644e+08 -0.000224668
-1.11669e+08 -0.000224719
-1.11695e+08 -0.00022477
-1.1172e+08 -0.000224822
-1.11746e+08 -0.000224873
-1.11771e+08 -0.000224924
-1.11797e+08 -0.000224976
-1.11822e+08 -0.000225027
-1.11848e+08 -0.000225079
-1.11873e+08 -0.00022513
-1.11899e+08 -0.000225181
-1.11925e+08 -0.000225233
-1.1195e+08 -0.000225284
-1.11976e+08 -0.000225336
-1.12001e+08 -0.000225387
-1.12027e+08 -0.000225438
-1.12052e+08 -0.00022549
-1.12078e+08 -0.000225541
-1.12103e+08 -0.000225592
-1.12129e+08 -0.000225644
-1.12154e+08 -0.000225695
-1.1218e+08 -0.000225747
-1.12205e+08 -0.000225798
-1.12231e+08 -0.000225849
-1.12257e+08 -0.000225901
-1.12282e+08 -0.000225952
-1.12308e+08 -0.000226004
-1.12333e+08 -0.000226055
-1.12359e+08 -0.000226106
-1.12384e+08 -0.000226158
-1.1241e+08 -0.000226209
-1.12435e+08 -0.00022626
-1.12461e+08 -0.000226312
-1.12486e+08 -0.000226363
-1.12512e+08 -0.000226415
-1.12537e+08 -0.000226466
-1.12563e+08 -0.000226517
-1.12588e+08 -0.000226569
-1.12614e+08 -0.00022662
-1.1264e+08 -0.000226672
-1.12665e+08 -0.000226723
-1.12691e+08 -0.000226774
-1.12716e+08 -0.000226826
-1.12742e+08 -0.000226877
-1.12767e+08 -0.000226928
-1.12793e+08 -0.00022698
-1.12818e+08 -0.000227031
-1.12844e+08 -0.000227083
-1.12869e+08 -0.000227134
-1.12895e+08 -0.000227185
-1.1292e+08 -0.000227237
-1.12946e+08 -0.000227288
-1.12971e+08 -0.00022734
-1.12997e+08 -0.000227391
-1.13023e+08 -0.000227442
-1.13048e+08 -0.000227494
-1.13074e+08 -0.000227545
-1.13099e+08 -0.000227596
-1.13125e+08 -0.000227648
-1.1315e+08 -0.000227699
-1.13176e+08 -0.000227751
-1.13201e+08 -0.000227802
-1.13227e+08 -0.000227853
-1.13252e+08 -0.000227905
-1.13278e+08 -0.000227956
-1.13303e+08 -0.000228008
-1.13329e+08 -0.000228059
-1.13354e+08 -0.00022811
-1.1338e+08 -0.000228162
-1.13406e+08 -0.000228213
-1.13431e+08 -0.000228264
-1.13457e+08 -0.000228316
-1.13482e+08 -0.000228367
-1.13508e+08 -0.000228419
-1.13533e+08 -0.00022847
-1.13559e+08 -0.000228521
-1.13584e+08 -0.000228573
-1.1361e+08 -0.000228624
-1.13635e+08 -0.000228676
-1.13661e+08 -0.000228727
-1.13686e+08 -0.000228778
-1.13712e+08 -0.00022883
-1.13738e+08 -0.000228881
-1.13763e+08 -0.000228932
-1.13789e+08 -0.000228984
-1.13814e+08 -0.000229035
-1.1384e+08 -0.000229087
-1.13865e+08 -0.000229138
-1.13891e+08 -0.000229189
-1.13916e+08 -0.000229241
-1.13942e+08 -0.000229292
-1.13967e+08 -0.000229344
-1.13993e+08 -0.000229395
-1.14018e+08 -0.000229446
-1.14044e+08 -0.000229498
-1.14069e+08 -0.000229549
-1.14095e+08 -0.000229601
-1.14121e+08 -0.000229652
-1.14146e+08 -0.000229703
-1.14172e+08 -0.000229755
-1.14197e+08 -0.000229806
-1.14223e+08 -0.000229857
-1.14248e+08 -0.000229909
-1.14274e+08 -0.00022996
-1.14299e+08 -0.000230012
-1.14325e+08 -0.000230063
-1.1435e+08 -0.000230114
-1.14376e+08 -0.000230166
-1.14401e+08 -0.000230217
-1.14427e+08 -0.000230269
-1.14453e+08 -0.00023032
-1.14478e+08 -0.000230371
-1.14504e+08 -0.000230423
-1.14529e+08 -0.000230474
-1.14555e+08 -0.000230525
-1.1458e+08 -0.000230577
-1.14606e+08 -0.000230628
-1.14631e+08 -0.00023068
-1.14657e+08 -0.000230731
-1.14682e+08 -0.000230782
-1.14708e+08 -0.000230834
-1.14733e+08 -0.000230885
-1.14759e+08 -0.000230937
-1.14785e+08 -0.000230988
-1.1481e+08 -0.000231039
-1.14836e+08 -0.000231091
-1.14861e+08 -0.000231142
-1.14887e+08 -0.000231194
-1.14912e+08 -0.000231245
-1.14938e+08 -0.000231296
-1.14963e+08 -0.000231348
-1.14989e+08 -0.000231399
-1.15014e+08 -0.00023145
-1.1504e+08 -0.000231502
-1.15065e+08 -0.000231553
-1.15091e+08 -0.000231605
-1.15116e+08 -0.000231656
-1.15142e+08 -0.000231707
-1.15168e+08 -0.000231759
-1.15193e+08 -0.00023181
-1.15219e+08 -0.000231862
-1.15244e+08 -0.000231913
-1.1527e+08 -0.000231964
-1.15295e+08 -0.000232016
-1.15321e+08 -0.000232067
-1.15346e+08 -0.000232119
-1.15372e+08 -0.00023217
-1.15397e+08 -0.000232221
-1.15423e+08 -0.000232273
-1.15448e+08 -0.000232324
-1.15474e+08 -0.000232376
-1.155e+08 -0.000232427
-1.15525e+08 -0.000232478
-1.15551e+08 -0.00023253
-1.15576e+08 -0.000232581
-1.15602e+08 -0.000232632
-1.15627e+08 -0.000232684
-1.15653e+08 -0.000232735
-1.15678e+08 -0.000232787
-1.15704e+08 -0.000232838
-1.15729e+08 -0.000232889
-1.15755e+08 -0.000232941
-1.1578e+08 -0.000232992
-1.15806e+08 -0.000233044
-1.15832e+08 -0.000233095
-1.15857e+08 -0.000233146
-1.15883e+08 -0.000233198
-1.15908e+08 -0.000233249
-1.15934e+08 -0.000233301
-1.15959e+08 -0.000233352
-1.15985e+08 -0.000233403
-1.1601e+08 -0.000233455
-1.16036e+08 -0.000233506
-1.16061e+08 -0.000233558
-1.16087e+08 -0.000233609
-1.16112e+08 -0.00023366
-1.16138e+08 -0.000233712
-1.16164e+08 -0.000233763
-1.16189e+08 -0.000233814
-1.16215e+08 -0.000233866
-1.1624e+08 -0.000233917
-1.16266e+08 -0.000233969
-1.16291e+08 -0.00023402
-1.16317e+08 -0.000234071
-1.16342e+08 -0.000234123
-1.16368e+08 -0.000234174
-1.16393e+08 -0.000234226
-1.16419e+08 -0.000234277
-1.16444e+08 -0.000234328
-1.1647e+08 -0.00023438
-1.16496e+08 -0.000234431
-1.16521e+08 -0.000234483
-1.16547e+08 -0.000234534
-1.16572e+08 -0.000234585
-1.16598e+08 -0.000234637
-1.16623e+08 -0.000234688
-1.16649e+08 -0.00023474
-1.16674e+08 -0.000234791
-1.167e+08 -0.000234842
-1.16725e+08 -0.000234894
-1.16751e+08 -0.000234945
-1.16776e+08 -0.000234997
-1.16802e+08 -0.000235048
-1.16828e+08 -0.000235099
-1.16853e+08 -0.000235151
-1.16879e+08 -0.000235202
-1.16904e+08 -0.000235253
-1.1693e+08 -0.000235305
-1.16955e+08 -0.000235356
-1.16981e+08 -0.000235408
-1.17006e+08 -0.000235459
-1.17032e+08 -0.00023551
-1.17057e+08 -0.000235562
-1.17083e+08 -0.000235613
-1.17108e+08 -0.000235665
-1.17134e+08 -0.000235716
-1.1716e+08 -0.000235767
-1.17185e+08 -0.000235819
-1.17211e+08 -0.00023587
-1.17236e+08 -0.000235922
-1.17262e+08 -0.000235973
-1.17287e+08 -0.000236024
-1.17313e+08 -0.000236076
-1.17338e+08 -0.000236127
-1.17364e+08 -0.000236179
-1.17389e+08 -0.00023623
-1.17415e+08 -0.000236281
-1.1744e+08 -0.000236333
-1.17466e+08 -0.000236384
-1.17492e+08 -0.000236436
-1.17517e+08 -0.000236487
-1.17543e+08 -0.000236538
-1.17568e+08 -0.00023659
-1.17594e+08 -0.000236641
-1.17619e+08 -0.000236693
-1.17645e+08 -0.000236744
-1.1767e+08 -0.000236795
-1.17696e+08 -0.000236847
-1.17721e+08 -0.000236898
-1.17747e+08 -0.000236949
-1.17772e+08 -0.000237001
-1.17798e+08 -0.000237052
-1.17824e+08 -0.000237104
-1.17849e+08 -0.000237155
-1.17875e+08 -0.000237206
-1.179e+08 -0.000237258
-1.17926e+08 -0.000237309
-1.17951e+08 -0.000237361
-1.17977e+08 -0.000237412
-1.18002e+08 -0.000237463
-1.18028e+08 -0.000237515
-1.18053e+08 -0.000237566
-1.18079e+08 -0.000237618
-1.18104e+08 -0.000237669
-1.1813e+08 -0.00023772
-1.18156e+08 -0.000237772
-1.18181e+08 -0.000237823
-1.18207e+08 -0.000237875
-1.18232e+08 -0.000237926
-1.18258e+08 -0.000237977
-1.18283e+08 -0.000238029
-1.18309e+08 -0.00023808
-1.18334e+08 -0.000238132
-1.1836e+08 -0.000238183
-1.18385e+08 -0.000238234
-1.18411e+08 -0.000238286
-1.18437e+08 -0.000238337
-1.18462e+08 -0.000238389
-1.18488e+08 -0.00023844
-1.18513e+08 -0.000238491
-1.18539e+08 -0.000238543
-1.18564e+08 -0.000238594
-1.1859e+08 -0.000238646
-1.18615e+08 -0.000238697
-1.18641e+08 -0.000238748
-1.18666e+08 -0.0002388
-1.18692e+08 -0.000238851
-1.18717e+08 -0.000238903
-1.18743e+08 -0.000238954
-1.18769e+08 -0.000239005
-1.18794e+08 -0.000239057
-1.1882e+08 -0.000239108
-1.18845e+08 -0.00023916
-1.18871e+08 -0.000239211
-1.18896e+08 -0.000239262
-1.18922e+08 -0.000239314
-1.18947e+08 -0.000239365
-1.18973e+08 -0.000239417
-1.18998e+08 -0.000239468
-1.19024e+08 -0.000239519
-1.19049e+08 -0.000239571
-1.19075e+08 -0.000239622
-1.19101e+08 -0.000239674
-1.19126e+08 -0.000239725
-1.19152e+08 -0.000239776
-1.19177e+08 -0.000239828
-1.19203e+08 -0.000239879
-1.19228e+08 -0.00023993
-1.19254e+08 -0.000239982
-1.19279e+08 -0.000240033
-1.19305e+08 -0.000240085
-1.1933e+08 -0.000240136
-1.19356e+08 -0.000240187
-1.19382e+08 -0.000240239
-1.19407e+08 -0.00024029
-1.19433e+08 -0.000240342
-1.19458e+08 -0.000240393
-1.19484e+08 -0.000240444
-1.19509e+08 -0.000240496
-1.19535e+08 -0.000240547
-1.1956e+08 -0.000240599
-1.19586e+08 -0.00024065
-1.19611e+08 -0.000240701
-1.19637e+08 -0.000240753
-1.19662e+08 -0.000240804
-1.19688e+08 -0.000240856
-1.19714e+08 -0.000240907
-1.19739e+08 -0.000240958
-1.19765e+08 -0.00024101
-1.1979e+08 -0.000241061
-1.19816e+08 -0.000241113
-1.19841e+08 -0.000241164
-1.19867e+08 -0.000241215
-1.19892e+08 -0.000241267
-1.19918e+08 -0.000241318
-1.19943e+08 -0.00024137
-1.19969e+08 -0.000241421
-1.19995e+08 -0.000241472
-1.2002e+08 -0.000241524
-1.20046e+08 -0.000241575
-1.20071e+08 -0.000241627
-1.20097e+08 -0.000241678
-1.20122e+08 -0.000241729
-1.20148e+08 -0.000241781
-1.20173e+08 -0.000241832
-1.20199e+08 -0.000241884
-1.20224e+08 -0.000241935
-1.2025e+08 -0.000241986
-1.20276e+08 -0.000242038
-1.20301e+08 -0.000242089
-1.20327e+08 -0.000242141
-1.20352e+08 -0.000242192
-1.20378e+08 -0.000242243
-1.20403e+08 -0.000242295
-1.20429e+08 -0.000242346
-1.20454e+08 -0.000242398
-1.2048e+08 -0.000242449
-1.20505e+08 -0.0002425
-1.20531e+08 -0.000242552
-1.20556e+08 -0.000242603
-1.20582e+08 -0.000242655
-1.20608e+08 -0.000242706
-1.20633e+08 -0.000242757
-1.20659e+08 -0.000242809
-1.20684e+08 -0.00024286
-1.2071e+08 -0.000242912
-1.20735e+08 -0.000242963
-1.20761e+08 -0.000243014
-1.20786e+08 -0.000243066
-1.20812e+08 -0.000243117
-1.20837e+08 -0.000243169
-1.20863e+08 -0.00024322
-1.20889e+08 -0.000243271
-1.20914e+08 -0.000243323
-1.2094e+08 -0.000243374
-1.20965e+08 -0.000243426
-1.20991e+08 -0.000243477
-1.21016e+08 -0.000243529
-1.21042e+08 -0.00024358
-1.21067e+08 -0.000243631
-1.21093e+08 -0.000243683
-1.21118e+08 -0.000243734
-1.21144e+08 -0.000243786
-1.2117e+08 -0.000243837
-1.21195e+08 -0.000243888
-1.21221e+08 -0.00024394
-1.21246e+08 -0.000243991
-1.21272e+08 -0.000244043
-1.21297e+08 -0.000244094
-1.21323e+08 -0.000244145
-1.21348e+08 -0.000244197
-1.21374e+08 -0.000244248
-1.21399e+08 -0.0002443
-1.21425e+08 -0.000244351
-1.2145e+08 -0.000244402
-1.21476e+08 -0.000244454
-1.21502e+08 -0.000244505
-1.21527e+08 -0.000244557
-1.21553e+08 -0.000244608
-1.21578e+08 -0.000244659
-1.21604e+08 -0.000244711
-1.21629e+08 -0.000244762
-1.21655e+08 -0.000244814
-1.2168e+08 -0.000244865
-1.21706e+08 -0.000244916
-1.21731e+08 -0.000244968
-1.21757e+08 -0.000245019
-1.21783e+08 -0.000245071
-1.21808e+08 -0.000245122
-1.21834e+08 -0.000245173
-1.21859e+08 -0.000245225
-1.21885e+08 -0.000245276
-1.2191e+08 -0.000245328
-1.21936e+08 -0.000245379
-1.21961e+08 -0.00024543
-1.21987e+08 -0.000245482
-1.22012e+08 -0.000245533
-1.22038e+08 -0.000245585
-1.22064e+08 -0.000245636
-1.22089e+08 -0.000245687
-1.22115e+08 -0.000245739
-1.2214e+08 -0.00024579
-1.22166e+08 -0.000245842
-1.22191e+08 -0.000245893
-1.22217e+08 -0.000245944
-1.22242e+08 -0.000245996
-1.22268e+08 -0.000246047
-1.22293e+08 -0.000246099
-1.22319e+08 -0.00024615
-1.22345e+08 -0.000246201
-1.2237e+08 -0.000246253
-1.22396e+08 -0.000246304
-1.22421e+08 -0.000246356
-1.22447e+08 -0.000246407
-1.22472e+08 -0.000246459
-1.22498e+08 -0.00024651
-1.22523e+08 -0.000246561
-1.22549e+08 -0.000246613
-1.22574e+08 -0.000246664
-1.226e+08 -0.000246716
-1.22626e+08 -0.000246767
-1.22651e+08 -0.000246818
-1.22677e+08 -0.00024687
-1.22702e+08 -0.000246921
-1.22728e+08 -0.000246973
-1.22753e+08 -0.000247024
-1.22779e+08 -0.000247075
-1.22804e+08 -0.000247127
-1.2283e+08 -0.000247178
-1.22855e+08 -0.00024723
-1.22881e+08 -0.000247281
-1.22907e+08 -0.000247332
-1.22932e+08 -0.000247384
-1.22958e+08 -0.000247435
-1.22983e+08 -0.000247487
-1.23009e+08 -0.000247538
-1.23034e+08 -0.000247589
-1.2306e+08 -0.000247641
-1.23085e+08 -0.000247692
-1.23111e+08 -0.000247744
-1.23136e+08 -0.000247795
-1.23162e+08 -0.000247846
-1.23188e+08 -0.000247898
-1.23213e+08 -0.000247949
-1.23239e+08 -0.000248001
-1.23264e+08 -0.000248052
-1.2329e+08 -0.000248103
-1.23315e+08 -0.000248155
-1.23341e+08 -0.000248206
-1.23366e+08 -0.000248258
-1.23392e+08 -0.000248309
-1.23417e+08 -0.000248361
-1.23443e+08 -0.000248412
-1.23469e+08 -0.000248463
-1.23494e+08 -0.000248515
-1.2352e+08 -0.000248566
-1.23545e+08 -0.000248618
-1.23571e+08 -0.000248669
-1.23596e+08 -0.00024872
-1.23622e+08 -0.000248772
-1.23647e+08 -0.000248823
-1.23673e+08 -0.000248875
-1.23698e+08 -0.000248926
-1.23724e+08 -0.000248977
-1.2375e+08 -0.000249029
-1.23775e+08 -0.00024908
-1.23801e+08 -0.000249132
-1.23826e+08 -0.000249183
-1.23852e+08 -0.000249234
-1.23877e+08 -0.000249286
-1.23903e+08 -0.000249337
-1.23928e+08 -0.000249389
-1.23954e+08 -0.00024944
-1.23979e+08 -0.000249491
-1.24005e+08 -0.000249543
-1.24031e+08 -0.000249594
-1.24056e+08 -0.000249646
-1.24082e+08 -0.000249697
-1.24107e+08 -0.000249749
-1.24133e+08 -0.0002498
-1.24158e+08 -0.000249851
-1.24184e+08 -0.000249903
-1.24209e+08 -0.000249954
-1.24235e+08 -0.000250006
-1.2426e+08 -0.000250057
-1.24286e+08 -0.000250108
-1.24312e+08 -0.00025016
-1.24337e+08 -0.000250211
-1.24363e+08 -0.000250263
-1.24388e+08 -0.000250314
-1.24414e+08 -0.000250365
-1.24439e+08 -0.000250417
-1.24465e+08 -0.000250468
-1.2449e+08 -0.00025052
-1.24516e+08 -0.000250571
-1.24541e+08 -0.000250622
-1.24567e+08 -0.000250674
-1.24593e+08 -0.000250725
-1.24618e+08 -0.000250777
-1.24644e+08 -0.000250828
-1.24669e+08 -0.00025088
-1.24695e+08 -0.000250931
-1.2472e+08 -0.000250982
-1.24746e+08 -0.000251034
-1.24771e+08 -0.000251085
-1.24797e+08 -0.000251137
-1.24822e+08 -0.000251188
-1.24848e+08 -0.000251239
-1.24874e+08 -0.000251291
-1.24899e+08 -0.000251342
-1.24925e+08 -0.000251394
-1.2495e+08 -0.000251445
-1.24976e+08 -0.000251496
-1.25001e+08 -0.000251548
-1.25027e+08 -0.000251599
-1.25052e+08 -0.000251651
-1.25078e+08 -0.000251702
-1.25103e+08 -0.000251754
-1.25129e+08 -0.000251805
-1.25155e+08 -0.000251856
-1.2518e+08 -0.000251908
-1.25206e+08 -0.000251959
-1.25231e+08 -0.000252011
-1.25257e+08 -0.000252062
-1.25282e+08 -0.000252113
-1.25308e+08 -0.000252165
-1.25333e+08 -0.000252216
-1.25359e+08 -0.000252268
-1.25385e+08 -0.000252319
-1.2541e+08 -0.00025237
-1.25436e+08 -0.000252422
-1.25461e+08 -0.000252473
-1.25487e+08 -0.000252525
-1.25512e+08 -0.000252576
-1.25538e+08 -0.000252627
-1.25563e+08 -0.000252679
-1.25589e+08 -0.00025273
-1.25614e+08 -0.000252782
-1.2564e+08 -0.000252833
-1.25666e+08 -0.000252885
-1.25691e+08 -0.000252936
-1.25717e+08 -0.000252987
-1.25742e+08 -0.000253039
-1.25768e+08 -0.00025309
-1.25793e+08 -0.000253142
-1.25819e+08 -0.000253193
-1.25844e+08 -0.000253244
-1.2587e+08 -0.000253296
-1.25895e+08 -0.000253347
-1.25921e+08 -0.000253399
-1.25947e+08 -0.00025345
-1.25972e+08 -0.000253502
-1.25998e+08 -0.000253553
-1.26023e+08 -0.000253604
-1.26049e+08 -0.000253656
-1.26074e+08 -0.000253707
-1.261e+08 -0.000253759
-1.26125e+08 -0.00025381
-1.26151e+08 -0.000253861
-1.26176e+08 -0.000253913
-1.26202e+08 -0.000253964
-1.26228e+08 -0.000254016
-1.26253e+08 -0.000254067
-1.26279e+08 -0.000254118
-1.26304e+08 -0.00025417
-1.2633e+08 -0.000254221
-1.26355e+08 -0.000254273
-1.26381e+08 -0.000254324
-1.26406e+08 -0.000254376
-1.26432e+08 -0.000254427
-1.26458e+08 -0.000254478
-1.26483e+08 -0.00025453
-1.26509e+08 -0.000254581
-1.26534e+08 -0.000254633
-1.2656e+08 -0.000254684
-1.26585e+08 -0.000254735
-1.26611e+08 -0.000254787
-1.26636e+08 -0.000254838
-1.26662e+08 -0.00025489
-1.26687e+08 -0.000254941
-1.26713e+08 -0.000254992
-1.26739e+08 -0.000255044
-1.26764e+08 -0.000255095
-1.2679e+08 -0.000255147
-1.26815e+08 -0.000255198
-1.26841e+08 -0.00025525
-1.26866e+08 -0.000255301
-1.26892e+08 -0.000255352
-1.26917e+08 -0.000255404
-1.26943e+08 -0.000255455
-1.26969e+08 -0.000255507
-1.26994e+08 -0.000255558
-1.2702e+08 -0.000255609
-1.27045e+08 -0.000255661
-1.27071e+08 -0.000255712
-1.27096e+08 -0.000255764
-1.27122e+08 -0.000255815
-1.27147e+08 -0.000255867
-1.27173e+08 -0.000255918
-1.27198e+08 -0.000255969
-1.27224e+08 -0.000256021
-1.2725e+08 -0.000256072
-1.27275e+08 -0.000256124
-1.27301e+08 -0.000256175
-1.27326e+08 -0.000256226
-1.27352e+08 -0.000256278
-1.27377e+08 -0.000256329
-1.27403e+08 -0.000256381
-1.27428e+08 -0.000256432
-1.27454e+08 -0.000256484
-1.2748e+08 -0.000256535
-1.27505e+08 -0.000256586
-1.27531e+08 -0.000256638
-1.27556e+08 -0.000256689
-1.27582e+08 -0.000256741
-1.27607e+08 -0.000256792
-1.27633e+08 -0.000256843
-1.27658e+08 -0.000256895
-1.27684e+08 -0.000256946
-1.27709e+08 -0.000256998
-1.27735e+08 -0.000257049
-1.27761e+08 -0.0002571
-1.27786e+08 -0.000257152
-1.27812e+08 -0.000257203
-1.27837e+08 -0.000257255
-1.27863e+08 -0.000257306
-1.27888e+08 -0.000257358
-1.27914e+08 -0.000257409
-1.27939e+08 -0.00025746
-1.27965e+08 -0.000257512
-1.27991e+08 -0.000257563
-1.28016e+08 -0.000257615
-1.28042e+08 -0.000257666
-1.28067e+08 -0.000257717
-1.28093e+08 -0.000257769
-1.28118e+08 -0.00025782
-1.28144e+08 -0.000257872
-1.28169e+08 -0.000257923
-1.28195e+08 -0.000257975
-1.2822e+08 -0.000258026
-1.28246e+08 -0.000258077
-1.28272e+08 -0.000258129
-1.28297e+08 -0.00025818
-1.28323e+08 -0.000258232
-1.28348e+08 -0.000258283
-1.28374e+08 -0.000258334
-1.28399e+08 -0.000258386
-1.28425e+08 -0.000258437
-1.2845e+08 -0.000258489
-1.28476e+08 -0.00025854
-1.28502e+08 -0.000258592
-1.28527e+08 -0.000258643
-1.28553e+08 -0.000258694
-1.28578e+08 -0.000258746
-1.28604e+08 -0.000258797
-1.28629e+08 -0.000258849
-1.28655e+08 -0.0002589
-1.2868e+08 -0.000258952
-1.28706e+08 -0.000259003
-1.28731e+08 -0.000259054
-1.28757e+08 -0.000259106
-1.28783e+08 -0.000259157
-1.28808e+08 -0.000259209
-1.28834e+08 -0.00025926
-1.28859e+08 -0.000259311
-1.28885e+08 -0.000259363
-1.2891e+08 -0.000259414
-1.28936e+08 -0.000259466
-1.28961e+08 -0.000259517
-1.28987e+08 -0.000259569
-1.29013e+08 -0.00025962
-1.29038e+08 -0.000259671
-1.29064e+08 -0.000259723
-1.29089e+08 -0.000259774
-1.29115e+08 -0.000259826
-1.2914e+08 -0.000259877
-1.29166e+08 -0.000259928
-1.29191e+08 -0.00025998
-1.29217e+08 -0.000260031
-1.29242e+08 -0.000260083
-1.29268e+08 -0.000260134
-1.29294e+08 -0.000260186
-1.29319e+08 -0.000260237
-1.29345e+08 -0.000260288
-1.2937e+08 -0.00026034
-1.29396e+08 -0.000260391
-1.29421e+08 -0.000260443
-1.29447e+08 -0.000260494
-1.29472e+08 -0.000260545
-1.29498e+08 -0.000260597
-1.29524e+08 -0.000260648
-1.29549e+08 -0.0002607
-1.29575e+08 -0.000260751
-1.296e+08 -0.000260803
-1.29626e+08 -0.000260854
-1.29651e+08 -0.000260905
-1.29677e+08 -0.000260957
-1.29702e+08 -0.000261008
-1.29728e+08 -0.00026106
-1.29754e+08 -0.000261111
-1.29779e+08 -0.000261163
-1.29805e+08 -0.000261214
-1.2983e+08 -0.000261265
-1.29856e+08 -0.000261317
-1.29881e+08 -0.000261368
-1.29907e+08 -0.00026142
-1.29932e+08 -0.000261471
-1.29958e+08 -0.000261522
-1.29984e+08 -0.000261574
-1.30009e+08 -0.000261625
-1.30035e+08 -0.000261677
-1.3006e+08 -0.000261728
-1.30086e+08 -0.00026178
-1.30111e+08 -0.000261831
-1.30137e+08 -0.000261882
-1.30162e+08 -0.000261934
-1.30188e+08 -0.000261985
-1.30213e+08 -0.000262037
-1.30239e+08 -0.000262088
-1.30265e+08 -0.00026214
-1.3029e+08 -0.000262191
-1.30316e+08 -0.000262242
-1.30341e+08 -0.000262294
-1.30367e+08 -0.000262345
-1.30392e+08 -0.000262397
-1.30418e+08 -0.000262448
-1.30443e+08 -0.000262499
-1.30469e+08 -0.000262551
-1.30495e+08 -0.000262602
-1.3052e+08 -0.000262654
-1.30546e+08 -0.000262705
-1.30571e+08 -0.000262757
-1.30597e+08 -0.000262808
-1.30622e+08 -0.000262859
-1.30648e+08 -0.000262911
-1.30673e+08 -0.000262962
-1.30699e+08 -0.000263014
-1.30725e+08 -0.000263065
-1.3075e+08 -0.000263117
-1.30776e+08 -0.000263168
-1.30801e+08 -0.000263219
-1.30827e+08 -0.000263271
-1.30852e+08 -0.000263322
-1.30878e+08 -0.000263374
-1.30903e+08 -0.000263425
-1.30929e+08 -0.000263476
-1.30955e+08 -0.000263528
-1.3098e+08 -0.000263579
-1.31006e+08 -0.000263631
-1.31031e+08 -0.000263682
-1.31057e+08 -0.000263734
-1.31082e+08 -0.000263785
-1.31108e+08 -0.000263836
-1.31133e+08 -0.000263888
-1.31159e+08 -0.000263939
-1.31185e+08 -0.000263991
-1.3121e+08 -0.000264042
-1.31236e+08 -0.000264094
-1.31261e+08 -0.000264145
-1.31287e+08 -0.000264196
-1.31312e+08 -0.000264248
-1.31338e+08 -0.000264299
-1.31363e+08 -0.000264351
-1.31389e+08 -0.000264402
-1.31414e+08 -0.000264454
-1.3144e+08 -0.000264505
-1.31466e+08 -0.000264556
-1.31491e+08 -0.000264608
-1.31517e+08 -0.000264659
-1.31542e+08 -0.000264711
-1.31568e+08 -0.000264762
-1.31593e+08 -0.000264813
-1.31619e+08 -0.000264865
-1.31644e+08 -0.000264916
-1.3167e+08 -0.000264968
-1.31696e+08 -0.000265019
-1.31721e+08 -0.000265071
-1.31747e+08 -0.000265122
-1.31772e+08 -0.000265173
-1.31798e+08 -0.000265225
-1.31823e+08 -0.000265276
-1.31849e+08 -0.000265328
-1.31874e+08 -0.000265379
-1.319e+08 -0.000265431
-1.31926e+08 -0.000265482
-1.31951e+08 -0.000265533
-1.31977e+08 -0.000265585
-1.32002e+08 -0.000265636
-1.32028e+08 -0.000265688
-1.32053e+08 -0.000265739
-1.32079e+08 -0.000265791
-1.32104e+08 -0.000265842
-1.3213e+08 -0.000265893
-1.32156e+08 -0.000265945
-1.32181e+08 -0.000265996
-1.32207e+08 -0.000266048
-1.32232e+08 -0.000266099
-1.32258e+08 -0.000266151
-1.32283e+08 -0.000266202
-1.32309e+08 -0.000266253
-1.32334e+08 -0.000266305
-1.3236e+08 -0.000266356
-1.32386e+08 -0.000266408
-1.32411e+08 -0.000266459
-1.32437e+08 -0.000266511
-1.32462e+08 -0.000266562
-1.32488e+08 -0.000266613
-1.32513e+08 -0.000266665
-1.32539e+08 -0.000266716
-1.32564e+08 -0.000266768
-1.3259e+08 -0.000266819
-1.32616e+08 -0.000266871
-1.32641e+08 -0.000266922
-1.32667e+08 -0.000266973
-1.32692e+08 -0.000267025
-1.32718e+08 -0.000267076
-1.32743e+08 -0.000267128
-1.32769e+08 -0.000267179
-1.32794e+08 -0.00026723
-1.3282e+08 -0.000267282
-1.32846e+08 -0.000267333
-1.32871e+08 -0.000267385
-1.32897e+08 -0.000267436
-1.32922e+08 -0.000267488
-1.32948e+08 -0.000267539
-1.32973e+08 -0.00026759
-1.32999e+08 -0.000267642
-1.33024e+08 -0.000267693
-1.3305e+08 -0.000267745
-1.33076e+08 -0.000267796
-1.33101e+08 -0.000267848
-1.33127e+08 -0.000267899
-1.33152e+08 -0.00026795
-1.33178e+08 -0.000268002
-1.33203e+08 -0.000268053
-1.33229e+08 -0.000268105
-1.33254e+08 -0.000268156
-1.3328e+08 -0.000268208
-1.33306e+08 -0.000268259
-1.33331e+08 -0.00026831
-1.33357e+08 -0.000268362
-1.33382e+08 -0.000268413
-1.33408e+08 -0.000268465
-1.33433e+08 -0.000268516
-1.33446e+08 -0.000268541
-1.33424e+08 -0.000268498
-1.33403e+08 -0.000268455
-1.33381e+08 -0.000268412
-1.3336e+08 -0.000268368
-1.33338e+08 -0.000268325
-1.33317e+08 -0.000268282
-1.33295e+08 -0.000268239
-1.33274e+08 -0.000268195
-1.33252e+08 -0.000268152
-1.33231e+08 -0.000268109
-1.33209e+08 -0.000268065
-1.33188e+08 -0.000268022
-1.33166e+08 -0.000267979
-1.33145e+08 -0.000267936
-1.33123e+08 -0.000267892
-1.33102e+08 -0.000267849
-1.3308e+08 -0.000267806
-1.33059e+08 -0.000267763
-1.33037e+08 -0.000267719
-1.33016e+08 -0.000267676
-1.32994e+08 -0.000267633
-1.32973e+08 -0.00026759
-1.32951e+08 -0.000267546
-1.3293e+08 -0.000267503
-1.32908e+08 -0.00026746
-1.32887e+08 -0.000267416
-1.32865e+08 -0.000267373
-1.32844e+08 -0.00026733
-1.32822e+08 -0.000267287
-1.32801e+08 -0.000267243
-1.32779e+08 -0.0002672
-1.32758e+08 -0.000267157
-1.32736e+08 -0.000267114
-1.32715e+08 -0.00026707
-1.32693e+08 -0.000267027
-1.32672e+08 -0.000266984
-1.3265e+08 -0.00026694
-1.32629e+08 -0.000266897
-1.32607e+08 -0.000266854
-1.32586e+08 -0.000266811
-1.32564e+08 -0.000266767
-1.32543e+08 -0.000266724
-1.32521e+08 -0.000266681
-1.325e+08 -0.000266638
-1.32478e+08 -0.000266594
-1.32457e+08 -0.000266551
-1.32435e+08 -0.000266508
-1.32414e+08 -0.000266464
-1.32392e+08 -0.000266421
-1.32371e+08 -0.000266378
-1.32349e+08 -0.000266335
-1.32328e+08 -0.000266291
-1.32306e+08 -0.000266248
-1.32285e+08 -0.000266205
-1.32263e+08 -0.000266161
-1.32242e+08 -0.000266118
-1.3222e+08 -0.000266075
-1.32199e+08 -0.000266032
-1.32177e+08 -0.000265988
-1.32156e+08 -0.000265945
-1.32134e+08 -0.000265902
-1.32113e+08 -0.000265858
-1.32091e+08 -0.000265815
-1.32071e+08 -0.000265775
-1.32051e+08 -0.000265735
-1.32031e+08 -0.000265695
-1.32011e+08 -0.000265655
-1.31992e+08 -0.000265615
-1.31972e+08 -0.000265575
-1.31952e+08 -0.000265535
-1.31932e+08 -0.000265495
-1.31912e+08 -0.000265455
-1.31892e+08 -0.000265415
-1.31872e+08 -0.000265375
-1.31852e+08 -0.000265335
-1.31833e+08 -0.000265295
-1.31813e+08 -0.000265255
-1.31793e+08 -0.000265215
-1.31773e+08 -0.000265175
-1.31753e+08 -0.000265135
-1.31733e+08 -0.000265095
-1.31713e+08 -0.000265055
-1.31694e+08 -0.000265015
-1.31674e+08 -0.000264975
-1.31654e+08 -0.000264935
-1.31634e+08 -0.000264895
-1.31614e+08 -0.000264855
-1.31594e+08 -0.000264815
-1.31574e+08 -0.000264775
-1.31554e+08 -0.000264735
-1.31535e+08 -0.000264695
-1.31515e+08 -0.000264655
-1.31495e+08 -0.000264615
-1.31475e+08 -0.000264575
-1.31455e+08 -0.000264535
-1.31435e+08 -0.000264495
-1.31415e+08 -0.000264455
-1.31395e+08 -0.000264415
-1.31376e+08 -0.000264375
-1.31356e+08 -0.000264335
-1.31336e+08 -0.000264295
-1.31316e+08 -0.000264255
-1.31296e+08 -0.000264215
-1.31276e+08 -0.000264175
-1.31256e+08 -0.000264135
-1.31236e+08 -0.000264095
-1.31217e+08 -0.000264055
-1.31197e+08 -0.000264015
-1.31177e+08 -0.000263975
-1.31157e+08 -0.000263935
-1.31137e+08 -0.000263895
-1.31117e+08 -0.000263855
-1.31097e+08 -0.000263815
-1.31078e+08 -0.000263775
-1.31058e+08 -0.000263735
-1.31038e+08 -0.000263695
-1.31018e+08 -0.000263655
-1.30998e+08 -0.000263616
-1.30978e+08 -0.000263576
-1.30958e+08 -0.000263536
-1.30938e+08 -0.000263496
-1.30919e+08 -0.000263456
-1.30899e+08 -0.000263416
-1.30879e+08 -0.000263376
-1.30859e+08 -0.000263336
-1.30839e+08 -0.000263296
-1.30819e+08 -0.000263256
-1.30799e+08 -0.000263216
-1.30779e+08 -0.000263176
-1.3076e+08 -0.000263136
-1.3074e+08 -0.000263096
-1.3072e+08 -0.000263056
-1.307e+08 -0.000263016
-1.3068e+08 -0.000262976
-1.3066e+08 -0.000262936
-1.3064e+08 -0.000262896
-1.3062e+08 -0.000262856
-1.30601e+08 -0.000262816
-1.30581e+08 -0.000262776
-1.30561e+08 -0.000262736
-1.30541e+08 -0.000262696
-1.30521e+08 -0.000262656
-1.30501e+08 -0.000262616
-1.30481e+08 -0.000262576
-1.30462e+08 -0.000262536
-1.30442e+08 -0.000262496
-1.30422e+08 -0.000262456
-1.30402e+08 -0.000262416
-1.30382e+08 -0.000262376
-1.30362e+08 -0.000262336
-1.30342e+08 -0.000262296
-1.30322e+08 -0.000262256
-1.30303e+08 -0.000262216
-1.30283e+08 -0.000262176
-1.30263e+08 -0.000262136
-1.30243e+08 -0.000262096
-1.30223e+08 -0.000262056
-1.30203e+08 -0.000262016
-1.30183e+08 -0.000261976
-1.30163e+08 -0.000261936
-1.30144e+08 -0.000261896
-1.30124e+08 -0.000261856
-1.30104e+08 -0.000261816
-1.30084e+08 -0.000261776
-1.30064e+08 -0.000261736
-1.30044e+08 -0.000261696
-1.30024e+08 -0.000261656
-1.30004e+08 -0.000261616
-1.29985e+08 -0.000261576
-1.29965e+08 -0.000261536
-1.29945e+08 -0.000261496
-1.29925e+08 -0.000261456
-1.29905e+08 -0.000261416
-1.29885e+08 -0.000261376
-1.29865e+08 -0.000261336
-1.29846e+08 -0.000261296
-1.29826e+08 -0.000261256
-1.29806e+08 -0.000261216
-1.29786e+08 -0.000261176
-1.29766e+08 -0.000261136
-1.29746e+08 -0.000261096
-1.29726e+08 -0.000261056
-1.29706e+08 -0.000261016
-1.29687e+08 -0.000260976
-1.29667e+08 -0.000260936
-1.29647e+08 -0.000260896
-1.29627e+08 -0.000260856
-1.29607e+08 -0.000260816
-1.29587e+08 -0.000260776
-1.29567e+08 -0.000260736
-1.29547e+08 -0.000260696
-1.29528e+08 -0.000260656
-1.29508e+08 -0.000260616
-1.29488e+08 -0.000260576
-1.29468e+08 -0.000260536
-1.29448e+08 -0.000260496
-1.29428e+08 -0.000260456
-1.29408e+08 -0.000260416
-1.29388e+08 -0.000260376
-1.29369e+08 -0.000260336
-1.29349e+08 -0.000260296
-1.29329e+08 -0.000260256
-1.29309e+08 -0.000260216
-1.29289e+08 -0.000260176
-1.29269e+08 -0.000260136
-1.29249e+08 -0.000260096
-1.29229e+08 -0.000260057
-1.2921e+08 -0.000260017
-1.2919e+08 -0.000259977
-1.2917e+08 -0.000259937
-1.2915e+08 -0.000259897
-1.2913e+08 -0.000259857
-1.2911e+08 -0.000259817
-1.2909e+08 -0.000259777
-1.2907e+08 -0.000259737
-1.29051e+08 -0.000259697
-1.29031e+08 -0.000259657
-1.29011e+08 -0.000259617
-1.28991e+08 -0.000259577
-1.28971e+08 -0.000259537
-1.28951e+08 -0.000259497
-1.28931e+08 -0.000259457
-1.28912e+08 -0.000259417
-1.28892e+08 -0.000259377
-1.28872e+08 -0.000259337
-1.28852e+08 -0.000259297
-1.28832e+08 -0.000259257
-1.28812e+08 -0.000259217
-1.28792e+08 -0.000259177
-1.28772e+08 -0.000259137
-1.28753e+08 -0.000259097
-1.28733e+08 -0.000259057
-1.28713e+08 -0.000259017
-1.28693e+08 -0.000258977
-1.28673e+08 -0.000258937
-1.28653e+08 -0.000258897
-1.28633e+08 -0.000258857
-1.28613e+08 -0.000258817
-1.28594e+08 -0.000258777
-1.28574e+08 -0.000258737
-1.28554e+08 -0.000258697
-1.28534e+08 -0.000258657
-1.28514e+08 -0.000258617
-1.28494e+08 -0.000258577
-1.28474e+08 -0.000258537
-1.28454e+08 -0.000258497
-1.28435e+08 -0.000258457
-1.28415e+08 -0.000258417
-1.28395e+08 -0.000258377
-1.28375e+08 -0.000258337
-1.28355e+08 -0.000258297
-1.28335e+08 -0.000258257
-1.28315e+08 -0.000258217
-1.28295e+08 -0.000258177
-1.28276e+08 -0.000258137
-1.28256e+08 -0.000258097
-1.28236e+08 -0.000258057
-1.28216e+08 -0.000258017
-1.28196e+08 -0.000257977
-1.28176e+08 -0.000257937
-1.28156e+08 -0.000257897
-1.28136e+08 -0.000257857
-1.28117e+08 -0.000257817
-1.28097e+08 -0.000257777
-1.28077e+08 -0.000257737
-1.28057e+08 -0.000257697
-1.28037e+08 -0.000257657
-1.28017e+08 -0.000257617
-1.27997e+08 -0.000257577
-1.27978e+08 -0.000257537
-1.27958e+08 -0.000257497
-1.27938e+08 -0.000257457
-1.27918e+08 -0.000257417
-1.27898e+08 -0.000257377
-1.27878e+08 -0.000257337
-1.27858e+08 -0.000257297
-1.27838e+08 -0.000257257
-1.27819e+08 -0.000257217
-1.27799e+08 -0.000257177
-1.27779e+08 -0.000257137
-1.27759e+08 -0.000257097
-1.27739e+08 -0.000257057
-1.27719e+08 -0.000257017
-1.27699e+08 -0.000256977
-1.27679e+08 -0.000256937
-1.2766e+08 -0.000256897
-1.2764e+08 -0.000256857
-1.2762e+08 -0.000256817
-1.276e+08 -0.000256777
-1.2758e+08 -0.000256737
-1.2756e+08 -0.000256697
-1.2754e+08 -0.000256657
-1.2752e+08 -0.000256617
-1.27501e+08 -0.000256577
-1.27481e+08 -0.000256537
-1.27461e+08 -0.000256497
-1.27441e+08 -0.000256457
-1.27421e+08 -0.000256417
-1.27401e+08 -0.000256377
-1.27381e+08 -0.000256337
-1.27361e+08 -0.000256297
-1.27342e+08 -0.000256257
-1.27322e+08 -0.000256217
-1.27302e+08 -0.000256177
-1.27282e+08 -0.000256137
-1.27262e+08 -0.000256097
-1.27242e+08 -0.000256057
-1.27222e+08 -0.000256017
-1.27202e+08 -0.000255977
-1.27183e+08 -0.000255937
-1.27163e+08 -0.000255897
-1.27143e+08 -0.000255857
-1.27123e+08 -0.000255817
-1.27103e+08 -0.000255777
-1.27083e+08 -0.000255737
-1.27063e+08 -0.000255697
-1.27043e+08 -0.000255657
-1.27024e+08 -0.000255618
-1.27004e+08 -0.000255578
-1.26984e+08 -0.000255538
-1.26964e+08 -0.000255498
-1.26944e+08 -0.000255458
-1.26924e+08 -0.000255418
-1.26904e+08 -0.000255378
-1.26884e+08 -0.000255338
-1.26865e+08 -0.000255298
-1.26845e+08 -0.000255258
-1.26825e+08 -0.000255218
-1.26805e+08 -0.000255178
-1.26785e+08 -0.000255138
-1.26765e+08 -0.000255098
-1.26745e+08 -0.000255058
-1.26726e+08 -0.000255018
-1.26706e+08 -0.000254978
-1.26686e+08 -0.000254938
-1.26666e+08 -0.000254898
-1.26646e+08 -0.000254858
-1.26626e+08 -0.000254818
-1.26606e+08 -0.000254778
-1.26586e+08 -0.000254738
-1.26567e+08 -0.000254698
-1.26547e+08 -0.000254658
-1.26527e+08 -0.000254618
-1.26507e+08 -0.000254578
-1.26487e+08 -0.000254538
-1.26467e+08 -0.000254498
-1.26447e+08 -0.000254458
-1.26427e+08 -0.000254418
-1.26408e+08 -0.000254378
-1.26388e+08 -0.000254338
-1.26368e+08 -0.000254298
-1.26348e+08 -0.000254258
-1.26328e+08 -0.000254218
-1.26308e+08 -0.000254178
-1.26288e+08 -0.000254138
-1.26268e+08 -0.000254098
-1.26249e+08 -0.000254058
-1.26229e+08 -0.000254018
-1.26209e+08 -0.000253978
-1.26189e+08 -0.000253938
-1.26169e+08 -0.000253898
-1.26149e+08 -0.000253858
-1.26129e+08 -0.000253818
-1.26109e+08 -0.000253778
-1.2609e+08 -0.000253738
-1.2607e+08 -0.000253698
-1.2605e+08 -0.000253658
-1.2603e+08 -0.000253618
-1.2601e+08 -0.000253578
-1.2599e+08 -0.000253538
-1.2597e+08 -0.000253498
-1.2595e+08 -0.000253458
-1.25931e+08 -0.000253418
-1.25911e+08 -0.000253378
-1.25891e+08 -0.000253338
-1.25871e+08 -0.000253298
-1.25851e+08 -0.000253258
-1.25831e+08 -0.000253218
-1.25811e+08 -0.000253178
-1.25791e+08 -0.000253138
-1.25772e+08 -0.000253098
-1.25752e+08 -0.000253058
-1.25732e+08 -0.000253018
-1.25712e+08 -0.000252978
-1.25692e+08 -0.000252938
-1.25672e+08 -0.000252898
-1.25652e+08 -0.000252858
-1.25632e+08 -0.000252818
-1.25613e+08 -0.000252778
-1.25593e+08 -0.000252738
-1.25573e+08 -0.000252698
-1.25553e+08 -0.000252658
-1.25533e+08 -0.000252618
-1.25513e+08 -0.000252578
-1.25493e+08 -0.000252538
-1.25473e+08 -0.000252498
-1.25454e+08 -0.000252458
-1.25434e+08 -0.000252418
-1.25414e+08 -0.000252378
-1.25394e+08 -0.000252338
-1.25374e+08 -0.000252298
-1.25354e+08 -0.000252258
-1.25334e+08 -0.000252218
-1.25314e+08 -0.000252178
-1.25295e+08 -0.000252138
-1.25275e+08 -0.000252098
-1.25255e+08 -0.000252058
-1.25235e+08 -0.000252018
-1.25215e+08 -0.000251978
-1.25195e+08 -0.000251938
-1.25175e+08 -0.000251898
-1.25155e+08 -0.000251858
-1.25136e+08 -0.000251818
-1.25116e+08 -0.000251778
-1.25096e+08 -0.000251738
-1.25076e+08 -0.000251698
-1.25056e+08 -0.000251658
-1.25036e+08 -0.000251618
-1.25016e+08 -0.000251578
-1.24996e+08 -0.000251538
-1.24977e+08 -0.000251498
-1.24957e+08 -0.000251458
-1.24937e+08 -0.000251418
-1.24917e+08 -0.000251378
-1.24897e+08 -0.000251338
-1.24877e+08 -0.000251298
-1.24857e+08 -0.000251258
-1.24837e+08 -0.000251218
-1.24818e+08 -0.000251178
-1.24798e+08 -0.000251138
-1.24778e+08 -0.000251098
-1.24758e+08 -0.000251058
-1.24738e+08 -0.000251018
-1.24718e+08 -0.000250978
-1.24698e+08 -0.000250938
-1.24678e+08 -0.000250898
-1.24659e+08 -0.000250858
-1.24639e+08 -0.000250818
-1.24619e+08 -0.000250778
-1.24599e+08 -0.000250738
-1.24579e+08 -0.000250698
-1.24559e+08 -0.000250658
-1.24539e+08 -0.000250618
-1.24519e+08 -0.000250578
-1.245e+08 -0.000250538
-1.2448e+08 -0.000250498
-1.2446e+08 -0.000250458
-1.2444e+08 -0.000250418
-1.2442e+08 -0.000250378
-1.244e+08 -0.000250338
-1.2438e+08 -0.000250298
-1.2436e+08 -0.000250258
-1.24341e+08 -0.000250218
-1.24321e+08 -0.000250178
-1.24301e+08 -0.000250138
-1.24281e+08 -0.000250098
-1.24261e+08 -0.000250058
-1.24241e+08 -0.000250018
-1.24221e+08 -0.000249978
-1.24201e+08 -0.000249938
-1.24182e+08 -0.000249898
-1.24162e+08 -0.000249858
-1.24142e+08 -0.000249818
-1.24122e+08 -0.000249778
-1.24102e+08 -0.000249738
-1.24082e+08 -0.000249698
-1.24062e+08 -0.000249658
-1.24043e+08 -0.000249618
-1.24023e+08 -0.000249578
-1.24003e+08 -0.000249538
-1.23983e+08 -0.000249498
-1.23963e+08 -0.000249458
-1.23943e+08 -0.000249418
-1.23923e+08 -0.000249378
-1.23903e+08 -0.000249338
-1.23883e+08 -0.000249298
-1.23864e+08 -0.000249258
-1.23844e+08 -0.000249218
-1.23824e+08 -0.000249178
-1.23804e+08 -0.000249138
-1.23784e+08 -0.000249098
-1.23764e+08 -0.000249058
-1.23744e+08 -0.000249018
-1.23725e+08 -0.000248979
-1.23705e+08 -0.000248939
-1.23685e+08 -0.000248899
-1.23665e+08 -0.000248859
-1.23645e+08 -0.000248819
-1.23625e+08 -0.000248779
-1.23605e+08 -0.000248739
-1.23585e+08 -0.000248699
-1.23565e+08 -0.000248659
-1.23546e+08 -0.000248619
-1.23526e+08 -0.000248579
-1.23506e+08 -0.000248539
-1.23486e+08 -0.000248499
-1.23466e+08 -0.000248459
-1.23446e+08 -0.000248419
-1.23426e+08 -0.000248379
-1.23406e+08 -0.000248339
-1.23387e+08 -0.000248299
-1.23367e+08 -0.000248259
-1.23347e+08 -0.000248219
-1.23327e+08 -0.000248179
-1.23307e+08 -0.000248139
-1.23287e+08 -0.000248099
-1.23267e+08 -0.000248059
-1.23247e+08 -0.000248019
-1.23228e+08 -0.000247979
-1.23208e+08 -0.000247939
-1.23188e+08 -0.000247899
-1.23168e+08 -0.000247859
-1.23148e+08 -0.000247819
-1.23128e+08 -0.000247779
-1.23108e+08 -0.000247739
-1.23088e+08 -0.000247699
-1.23069e+08 -0.000247659
-1.23049e+08 -0.000247619
-1.23029e+08 -0.000247579
-1.23009e+08 -0.000247539
-1.22989e+08 -0.000247499
-1.22969e+08 -0.000247459
-1.22949e+08 -0.000247419
-1.22929e+08 -0.000247379
-1.2291e+08 -0.000247339
-1.2289e+08 -0.000247299
-1.2287e+08 -0.000247259
-1.2285e+08 -0.000247219
-1.2283e+08 -0.000247179
-1.2281e+08 -0.000247139
-1.2279e+08 -0.000247099
-1.2277e+08 -0.000247059
-1.22751e+08 -0.000247019
-1.22731e+08 -0.000246979
-1.22711e+08 -0.000246939
-1.22691e+08 -0.000246899
-1.22671e+08 -0.000246859
-1.22651e+08 -0.000246819
-1.22631e+08 -0.000246779
-1.22611e+08 -0.000246739
-1.22592e+08 -0.000246699
-1.22572e+08 -0.000246659
-1.22552e+08 -0.000246619
-1.22532e+08 -0.000246579
-1.22512e+08 -0.000246539
-1.22492e+08 -0.000246499
-1.22472e+08 -0.000246459
-1.22452e+08 -0.000246419
-1.22433e+08 -0.000246379
-1.22413e+08 -0.000246339
-1.22393e+08 -0.000246299
-1.22373e+08 -0.000246259
-1.22353e+08 -0.000246219
-1.22333e+08 -0.000246179
-1.22313e+08 -0.000246139
-1.22293e+08 -0.000246099
-1.22274e+08 -0.000246059
-1.22254e+08 -0.000246019
-1.22234e+08 -0.000245979
-1.22214e+08 -0.000245939
-1.22194e+08 -0.000245899
-1.22174e+08 -0.000245859
-1.22154e+08 -0.000245819
-1.22134e+08 -0.000245779
-1.22115e+08 -0.000245739
-1.22095e+08 -0.000245699
-1.22075e+08 -0.000245659
-1.22055e+08 -0.000245619
-1.22035e+08 -0.000245579
-1.22015e+08 -0.000245539
-1.21995e+08 -0.000245499
-1.21975e+08 -0.000245459
-1.21956e+08 -0.000245419
-1.21936e+08 -0.000245379
-1.21916e+08 -0.000245339
-1.21896e+08 -0.000245299
-1.21876e+08 -0.000245259
-1.21856e+08 -0.000245219
-1.21836e+08 -0.000245179
-1.21816e+08 -0.000245139
-1.21797e+08 -0.000245099
-1.21777e+08 -0.000245059
-1.21757e+08 -0.000245019
-1.21737e+08 -0.000244979
-1.21717e+08 -0.000244939
-1.21697e+08 -0.000244899
-1.21677e+08 -0.000244859
-1.21657e+08 -0.000244819
-1.21638e+08 -0.000244779
-1.21618e+08 -0.000244739
-1.21598e+08 -0.000244699
-1.21578e+08 -0.000244659
-1.21558e+08 -0.000244619
-1.21538e+08 -0.000244579
-1.21518e+08 -0.000244539
-1.21498e+08 -0.000244499
-1.21479e+08 -0.000244459
-1.21459e+08 -0.000244419
-1.21439e+08 -0.000244379
-1.21419e+08 -0.000244339
-1.21399e+08 -0.000244299
-1.21379e+08 -0.000244259
-1.21359e+08 -0.000244219
-1.21339e+08 -0.000244179
-1.2132e+08 -0.000244139
-1.213e+08 -0.000244099
-1.2128e+08 -0.000244059
-1.2126e+08 -0.000244019
-1.2124e+08 -0.000243979
-1.2122e+08 -0.000243939
-1.212e+08 -0.000243899
-1.2118e+08 -0.000243859
-1.21161e+08 -0.000243819
-1.21141e+08 -0.000243779
-1.21121e+08 -0.000243739
-1.21101e+08 -0.000243699
-1.21081e+08 -0.000243659
-1.21061e+08 -0.000243619
-1.21041e+08 -0.000243579
-1.21021e+08 -0.000243539
-1.21002e+08 -0.000243499
-1.20982e+08 -0.000243459
-1.20962e+08 -0.000243419
-1.20942e+08 -0.000243379
-1.20922e+08 -0.000243339
-1.20902e+08 -0.000243299
-1.20882e+08 -0.000243259
-1.20862e+08 -0.000243219
-1.20842e+08 -0.000243179
-1.20823e+08 -0.000243139
-1.20803e+08 -0.000243099
-1.20783e+08 -0.000243059
-1.20763e+08 -0.000243019
-1.20743e+08 -0.000242979
-1.20723e+08 -0.000242939
-1.20703e+08 -0.000242899
-1.20683e+08 -0.000242859
-1.20664e+08 -0.000242819
-1.20644e+08 -0.000242779
-1.20624e+08 -0.000242739
-1.20604e+08 -0.000242699
-1.20584e+08 -0.000242659
-1.20564e+08 -0.000242619
-1.20544e+08 -0.000242579
-1.20524e+08 -0.000242539
-1.20505e+08 -0.000242499
-1.20485e+08 -0.000242459
-1.20465e+08 -0.000242419
-1.20445e+08 -0.000242379
-1.20425e+08 -0.000242339
-1.20405e+08 -0.000242299
-1.20385e+08 -0.000242259
-1.20365e+08 -0.000242219
-1.20346e+08 -0.000242179
-1.20326e+08 -0.000242139
-1.20306e+08 -0.000242099
-1.20286e+08 -0.000242059
-1.20266e+08 -0.000242019
-1.20246e+08 -0.000241979
-1.20226e+08 -0.000241939
-1.20206e+08 -0.000241899
-1.20187e+08 -0.000241859
-1.20167e+08 -0.000241819
-1.20147e+08 -0.000241779
-1.20127e+08 -0.000241739
-1.20107e+08 -0.000241699
-1.20087e+08 -0.000241659
-1.20067e+08 -0.000241619
-1.20047e+08 -0.000241579
-1.20028e+08 -0.000241539
-1.20008e+08 -0.000241499
-1.19988e+08 -0.000241459
-1.19968e+08 -0.000241419
-1.19948e+08 -0.000241379
-1.19928e+08 -0.000241339
-1.19908e+08 -0.000241299
-1.19888e+08 -0.000241259
-1.19869e+08 -0.000241219
-1.19849e+08 -0.000241179
-1.19829e+08 -0.000241139
-1.19809e+08 -0.000241099
-1.19789e+08 -0.000241059
-1.19769e+08 -0.000241019
-1.19749e+08 -0.000240979
-1.19729e+08 -0.000240939
-1.1971e+08 -0.000240899
-1.1969e+08 -0.000240859
-1.1967e+08 -0.000240819
-1.1965e+08 -0.000240779
-1.1963e+08 -0.000240739
-1.1961e+08 -0.000240699
-1.1959e+08 -0.000240659
-1.1957e+08 -0.000240619
-1.1955e+08 -0.000240579
-1.19531e+08 -0.000240539
-1.19511e+08 -0.000240499
-1.19491e+08 -0.000240459
-1.19471e+08 -0.000240419
-1.19451e+08 -0.000240379
-1.19431e+08 -0.000240339
-1.19411e+08 -0.000240299
-1.19391e+08 -0.000240259
-1.19372e+08 -0.000240219
-1.19352e+08 -0.000240179
-1.19332e+08 -0.000240139
-1.19312e+08 -0.000240099
-1.19292e+08 -0.000240059
-1.19272e+08 -0.000240019
-1.19252e+08 -0.000239979
-1.19232e+08 -0.000239939
-1.19213e+08 -0.000239899
-1.19193e+08 -0.000239859
-1.19173e+08 -0.000239819
-1.19153e+08 -0.000239779
-1.19133e+08 -0.000239739
-1.19113e+08 -0.000239699
-1.19093e+08 -0.000239659
-1.19073e+08 -0.000239619
-1.19054e+08 -0.000239579
-1.19034e+08 -0.000239539
-1.19014e+08 -0.000239499
-1.18994e+08 -0.000239459
-1.18974e+08 -0.000239419
-1.18954e+08 -0.000239379
-1.18934e+08 -0.000239339
-1.18914e+08 -0.000239299
-1.18895e+08 -0.000239259
-1.18875e+08 -0.000239219
-1.18855e+08 -0.000239179
-1.18835e+08 -0.000239139
-1.18815e+08 -0.000239099
-1.18795e+08 -0.000239059
-1.18775e+08 -0.000239019
-1.18755e+08 -0.000238979
-1.18736e+08 -0.000238939
-1.18716e+08 -0.000238899
-1.18696e+08 -0.000238859
-1.18676e+08 -0.000238819
-1.18656e+08 -0.000238779
-1.18636e+08 -0.000238739
-1.18616e+08 -0.000238699
-1.18596e+08 -0.000238659
-1.18576e+08 -0.000238619
-1.18557e+08 -0.000238579
-1.18537e+08 -0.000238539
-1.18517e+08 -0.000238499
-1.18497e+08 -0.000238459
-1.18477e+08 -0.000238419
-1.18457e+08 -0.000238379
-1.18437e+08 -0.000238339
-1.18417e+08 -0.000238299
-1.18398e+08 -0.000238259
-1.18378e+08 -0.000238219
-1.18358e+08 -0.000238179
-1.18338e+08 -0.000238139
-1.18318e+08 -0.000238099
-1.18298e+08 -0.000238059
-1.18278e+08 -0.000238019
-1.18258e+08 -0.000237979
-1.18239e+08 -0.000237939
-1.18219e+08 -0.000237899
-1.18199e+08 -0.000237859
-1.18179e+08 -0.000237819
-1.18159e+08 -0.000237779
-1.18139e+08 -0.000237739
-1.18119e+08 -0.000237699
-1.18099e+08 -0.000237659
-1.1808e+08 -0.000237619
-1.1806e+08 -0.000237579
-1.1804e+08 -0.000237539
-1.1802e+08 -0.000237499
-1.18e+08 -0.000237459
-1.1798e+08 -0.000237419
-1.1796e+08 -0.000237379
-1.1794e+08 -0.000237339
-1.17921e+08 -0.000237299
-1.17901e+08 -0.000237259
-1.17881e+08 -0.000237219
-1.17861e+08 -0.000237179
-1.17841e+08 -0.000237139
-1.17821e+08 -0.000237099
-1.17801e+08 -0.000237059
-1.17781e+08 -0.000237019
-1.17761e+08 -0.000236979
-1.17742e+08 -0.000236939
-1.17722e+08 -0.000236899
-1.17702e+08 -0.000236859
-1.17682e+08 -0.000236819
-1.17662e+08 -0.000236779
-1.17642e+08 -0.000236739
-1.17622e+08 -0.000236699
-1.17602e+08 -0.000236659
-1.17583e+08 -0.000236619
-1.17563e+08 -0.000236579
-1.17543e+08 -0.000236539
-1.17523e+08 -0.000236499
-1.17503e+08 -0.000236459
-1.17483e+08 -0.000236419
-1.17463e+08 -0.000236379
-1.17443e+08 -0.000236339
-1.17424e+08 -0.000236299
-1.17404e+08 -0.000236259
-1.17384e+08 -0.000236219
-1.17364e+08 -0.000236179
-1.17344e+08 -0.000236139
-1.17324e+08 -0.000236099
-1.17304e+08 -0.000236059
-1.17284e+08 -0.000236019
-1.17265e+08 -0.000235979
-1.17245e+08 -0.000235939
-1.17225e+08 -0.000235899
-1.17205e+08 -0.000235859
-1.17185e+08 -0.000235819
-1.17165e+08 -0.000235779
-1.17145e+08 -0.000235739
-1.17125e+08 -0.000235699
-1.17105e+08 -0.000235659
-1.17086e+08 -0.000235619
-1.17066e+08 -0.000235579
-1.17046e+08 -0.000235539
-1.17026e+08 -0.000235499
-1.17006e+08 -0.000235459
-1.16986e+08 -0.000235419
-1.16966e+08 -0.000235379
-1.16946e+08 -0.000235339
-1.16927e+08 -0.000235299
-1.16907e+08 -0.000235259
-1.16887e+08 -0.000235219
-1.16867e+08 -0.000235179
-1.16847e+08 -0.000235139
-1.16827e+08 -0.000235099
-1.16807e+08 -0.000235059
-1.16787e+08 -0.000235019
-1.16768e+08 -0.000234979
-1.16748e+08 -0.000234939
-1.16728e+08 -0.000234899
-1.16708e+08 -0.000234859
-1.16688e+08 -0.000234819
-1.16668e+08 -0.000234779
-1.16648e+08 -0.000234739
-1.16628e+08 -0.000234699
-1.16609e+08 -0.000234659
-1.16589e+08 -0.000234619
-1.16569e+08 -0.000234579
-1.16549e+08 -0.000234539
-1.16529e+08 -0.000234499
-1.16509e+08 -0.000234459
-1.16489e+08 -0.000234419
-1.16469e+08 -0.000234379
-1.16449e+08 -0.000234339
-1.1643e+08 -0.000234299
-1.1641e+08 -0.000234259
-1.1639e+08 -0.000234219
-1.1637e+08 -0.000234179
-1.1635e+08 -0.000234139
-1.1633e+08 -0.000234099
-1.1631e+08 -0.000234059
-1.1629e+08 -0.000234019
-1.16271e+08 -0.000233979
-1.16251e+08 -0.000233938
-1.16231e+08 -0.000233898
-1.16211e+08 -0.000233858
-1.16191e+08 -0.000233818
-1.16171e+08 -0.000233778
-1.16151e+08 -0.000233738
-1.16131e+08 -0.000233698
-1.16112e+08 -0.000233658
-1.16092e+08 -0.000233618
-1.16072e+08 -0.000233578
-1.16052e+08 -0.000233538
-1.16032e+08 -0.000233498
-1.16012e+08 -0.000233458
-1.15992e+08 -0.000233418
-1.15972e+08 -0.000233378
-1.15953e+08 -0.000233338
-1.15933e+08 -0.000233298
-1.15913e+08 -0.000233258
-1.15893e+08 -0.000233218
-1.15873e+08 -0.000233178
-1.15853e+08 -0.000233138
-1.15833e+08 -0.000233098
-1.15813e+08 -0.000233058
-1.15793e+08 -0.000233018
-1.15774e+08 -0.000232978
-1.15754e+08 -0.000232938
-1.15734e+08 -0.000232898
-1.15714e+08 -0.000232858
-1.15694e+08 -0.000232818
-1.15674e+08 -0.000232778
-1.15654e+08 -0.000232738
-1.15634e+08 -0.000232698
-1.15615e+08 -0.000232658
-1.15595e+08 -0.000232618
-1.15575e+08 -0.000232578
-1.15555e+08 -0.000232538
-1.15535e+08 -0.000232498
-1.15515e+08 -0.000232458
-1.15495e+08 -0.000232418
-1.15475e+08 -0.000232378
-1.15456e+08 -0.000232338
-1.15436e+08 -0.000232298
-1.15416e+08 -0.000232258
-1.15396e+08 -0.000232218
-1.15376e+08 -0.000232178
-1.15356e+08 -0.000232138
-1.15336e+08 -0.000232098
-1.15316e+08 -0.000232058
-1.15296e+08 -0.000232018
-1.15277e+08 -0.000231978
-1.15257e+08 -0.000231938
-1.15237e+08 -0.000231898
-1.15217e+08 -0.000231858
-1.15197e+08 -0.000231818
-1.15177e+08 -0.000231778
-1.15157e+08 -0.000231738
-1.15137e+08 -0.000231698
-1.15118e+08 -0.000231658
-1.15098e+08 -0.000231618
-1.15078e+08 -0.000231578
-1.15058e+08 -0.000231538
-1.15038e+08 -0.000231498
-1.15018e+08 -0.000231458
-1.14998e+08 -0.000231418
-1.14978e+08 -0.000231378
-1.14959e+08 -0.000231338
-1.14939e+08 -0.000231298
-1.14919e+08 -0.000231258
-1.14899e+08 -0.000231218
-1.14879e+08 -0.000231178
-1.14859e+08 -0.000231138
-1.14839e+08 -0.000231098
-1.14819e+08 -0.000231058
-1.14799e+08 -0.000231018
-1.1478e+08 -0.000230978
-1.1476e+08 -0.000230938
-1.1474e+08 -0.000230898
-1.1472e+08 -0.000230858
-1.147e+08 -0.000230818
-1.1468e+08 -0.000230778
-1.1466e+08 -0.000230738
-1.1464e+08 -0.000230698
-1.14621e+08 -0.000230658
-1.14601e+08 -0.000230618
-1.14581e+08 -0.000230578
-1.14561e+08 -0.000230538
-1.14541e+08 -0.000230498
-1.14521e+08 -0.000230458
-1.14501e+08 -0.000230418
-1.14481e+08 -0.000230378
-1.14462e+08 -0.000230338
-1.14442e+08 -0.000230298
-1.14422e+08 -0.000230258
-1.14402e+08 -0.000230218
-1.14382e+08 -0.000230178
-1.14362e+08 -0.000230138
-1.14342e+08 -0.000230098
-1.14322e+08 -0.000230058
-1.14302e+08 -0.000230018
-1.14283e+08 -0.000229978
-1.14263e+08 -0.000229938
-1.14243e+08 -0.000229898
-1.14223e+08 -0.000229858
-1.14203e+08 -0.000229818
-1.14183e+08 -0.000229778
-1.14163e+08 -0.000229738
-1.14143e+08 -0.000229698
-1.14124e+08 -0.000229658
-1.14104e+08 -0.000229618
-1.14084e+08 -0.000229578
-1.14064e+08 -0.000229538
-1.14044e+08 -0.000229498
-1.14024e+08 -0.000229458
-1.14004e+08 -0.000229418
-1.13984e+08 -0.000229378
-1.13965e+08 -0.000229338
-1.13945e+08 -0.000229298
-1.13925e+08 -0.000229258
-1.13905e+08 -0.000229218
-1.13885e+08 -0.000229178
-1.13865e+08 -0.000229138
-1.13845e+08 -0.000229098
-1.13825e+08 -0.000229058
-1.13805e+08 -0.000229018
-1.13786e+08 -0.000228978
-1.13766e+08 -0.000228938
-1.13746e+08 -0.000228898
-1.13726e+08 -0.000228858
-1.13706e+08 -0.000228818
-1.13686e+08 -0.000228778
-1.13666e+08 -0.000228738
-1.13646e+08 -0.000228698
-1.13627e+08 -0.000228658
-1.13607e+08 -0.000228618
-1.13587e+08 -0.000228578
-1.13567e+08 -0.000228538
-1.13547e+08 -0.000228498
-1.13527e+08 -0.000228458
-1.13507e+08 -0.000228418
-1.13487e+08 -0.000228378
-1.13467e+08 -0.000228338
-1.13448e+08 -0.000228298
-1.13428e+08 -0.000228258
-1.13408e+08 -0.000228218
-1.13388e+08 -0.000228178
-1.13368e+08 -0.000228138
-1.13348e+08 -0.000228098
-1.13328e+08 -0.000228058
-1.13308e+08 -0.000228018
-1.13289e+08 -0.000227978
-1.13269e+08 -0.000227938
-1.13249e+08 -0.000227898
-1.13229e+08 -0.000227858
-1.13209e+08 -0.000227818
-1.13189e+08 -0.000227778
-1.13169e+08 -0.000227738
-1.13149e+08 -0.000227698
-1.1313e+08 -0.000227658
-1.1311e+08 -0.000227618
-1.1309e+08 -0.000227578
-1.1307e+08 -0.000227538
-1.1305e+08 -0.000227498
-1.1303e+08 -0.000227458
-1.1301e+08 -0.000227418
-1.1299e+08 -0.000227378
-1.1297e+08 -0.000227338
-1.12951e+08 -0.000227297
-1.12931e+08 -0.000227257
-1.12911e+08 -0.000227217
-1.12891e+08 -0.000227177
-1.12871e+08 -0.000227137
-1.12851e+08 -0.000227097
-1.12831e+08 -0.000227057
-1.12811e+08 -0.000227017
-1.12792e+08 -0.000226977
-1.12772e+08 -0.000226937
-1.12752e+08 -0.000226897
-1.12732e+08 -0.000226857
-1.12712e+08 -0.000226817
-1.12692e+08 -0.000226777
-1.12672e+08 -0.000226737
-1.12652e+08 -0.000226697
-1.12632e+08 -0.000226657
-1.12613e+08 -0.000226617
-1.12593e+08 -0.000226577
-1.12573e+08 -0.000226537
-1.12553e+08 -0.000226497
-1.12533e+08 -0.000226457
-1.12513e+08 -0.000226417
-1.12493e+08 -0.000226377
-1.12473e+08 -0.000226337
-1.12454e+08 -0.000226297
-1.12434e+08 -0.000226257
-1.12414e+08 -0.000226217
-1.12394e+08 -0.000226177
-1.12374e+08 -0.000226137
-1.12354e+08 -0.000226097
-1.12334e+08 -0.000226057
-1.12314e+08 -0.000226017
-1.12295e+08 -0.000225977
-1.12275e+08 -0.000225937
-1.12255e+08 -0.000225897
-1.12235e+08 -0.000225857
-1.12215e+08 -0.000225817
-1.12195e+08 -0.000225777
-1.12175e+08 -0.000225737
-1.12155e+08 -0.000225697
-1.12135e+08 -0.000225657
-1.12116e+08 -0.000225617
-1.12096e+08 -0.000225577
-1.12076e+08 -0.000225537
-1.12056e+08 -0.000225497
-1.12036e+08 -0.000225457
-1.12016e+08 -0.000225417
-1.11996e+08 -0.000225377
-1.11976e+08 -0.000225337
-1.11957e+08 -0.000225297
-1.11937e+08 -0.000225257
-1.11917e+08 -0.000225217
-1.11897e+08 -0.000225177
-1.11877e+08 -0.000225137
-1.11857e+08 -0.000225097
-1.11837e+08 -0.000225057
-1.11817e+08 -0.000225017
-1.11797e+08 -0.000224977
-1.11778e+08 -0.000224937
-1.11758e+08 -0.000224897
-1.11738e+08 -0.000224857
-1.11718e+08 -0.000224817
-1.11698e+08 -0.000224777
-1.11678e+08 -0.000224737
-1.11658e+08 -0.000224697
-1.11638e+08 -0.000224657
-1.11619e+08 -0.000224617
-1.11599e+08 -0.000224577
-1.11579e+08 -0.000224537
-1.11559e+08 -0.000224497
-1.11539e+08 -0.000224457
-1.11519e+08 -0.000224417
-1.11499e+08 -0.000224377
-1.11479e+08 -0.000224337
-1.11459e+08 -0.000224297
-1.1144e+08 -0.000224257
-1.1142e+08 -0.000224217
-1.114e+08 -0.000224177
-1.1138e+08 -0.000224137
-1.1136e+08 -0.000224097
-1.1134e+08 -0.000224057
-1.1132e+08 -0.000224017
-1.113e+08 -0.000223977
-1.11281e+08 -0.000223937
-1.11261e+08 -0.000223897
-1.11241e+08 -0.000223857
-1.11221e+08 -0.000223817
-1.11201e+08 -0.000223777
-1.11181e+08 -0.000223737
-1.11161e+08 -0.000223697
-1.11141e+08 -0.000223657
-1.11121e+08 -0.000223617
-1.11102e+08 -0.000223577
-1.11082e+08 -0.000223537
-1.11062e+08 -0.000223497
-1.11042e+08 -0.000223457
-1.11022e+08 -0.000223417
-1.11002e+08 -0.000223377
-1.10982e+08 -0.000223337
-1.10962e+08 -0.000223297
-1.10943e+08 -0.000223257
-1.10923e+08 -0.000223217
-1.10903e+08 -0.000223177
-1.10883e+08 -0.000223137
-1.10863e+08 -0.000223097
-1.10843e+08 -0.000223057
-1.10823e+08 -0.000223017
-1.10803e+08 -0.000222977
-1.10783e+08 -0.000222937
-1.10764e+08 -0.000222896
-1.10744e+08 -0.000222856
-1.10724e+08 -0.000222816
-1.10704e+08 -0.000222776
-1.10684e+08 -0.000222736
-1.10664e+08 -0.000222696
-1.10644e+08 -0.000222656
-1.10624e+08 -0.000222616
-1.10605e+08 -0.000222576
-1.10585e+08 -0.000222536
-1.10565e+08 -0.000222496
-1.10545e+08 -0.000222456
-1.10525e+08 -0.000222416
-1.10505e+08 -0.000222376
-1.10485e+08 -0.000222336
-1.10465e+08 -0.000222296
-1.10445e+08 -0.000222256
-1.10426e+08 -0.000222216
-1.10406e+08 -0.000222176
-1.10386e+08 -0.000222136
-1.10366e+08 -0.000222096
-1.10346e+08 -0.000222056
-1.10326e+08 -0.000222016
-1.10306e+08 -0.000221976
