0.318352 6.4064e-13
0.691239 1.39102e-12
1.12311 2.26011e-12
1.61954 3.2591e-12
2.18783 4.4027e-12
2.83681 5.7087e-12
3.57888 7.20201e-12
4.43073 8.91624e-12
5.414 1.08949e-11
6.56207 1.32053e-11
-122305 -2.46122e-07
-244619 -4.92262e-07
-366932 -7.38401e-07
-489247 -9.84543e-07
-611559 -1.23068e-06
-733876 -1.47682e-06
-856198 -1.72298e-06
-978506 -1.96911e-06
-1.10082e+06 -2.21525e-06
-1.22314e+06 -2.4614e-06
-1.34546e+06 -2.70754e-06
-1.46777e+06 -2.95369e-06
-1.59009e+06 -3.19984e-06
-1.71241e+06 -3.44599e-06
-1.83473e+06 -3.69214e-06
-1.95705e+06 -3.93828e-06
-2.07937e+06 -4.18444e-06
-2.20169e+06 -4.4306e-06
-2.32401e+06 -4.67675e-06
-2.44633e+06 -4.92291e-06
-2.56865e+06 -5.16906e-06
-2.69097e+06 -5.41521e-06
-2.8133e+06 -5.66138e-06
-2.93562e+06 -5.90753e-06
-3.05795e+06 -6.1537e-06
-3.18027e+06 -6.39985e-06
-3.30259e+06 -6.64601e-06
-3.42492e+06 -6.89218e-06
-3.54725e+06 -7.13834e-06
-3.66957e+06 -7.3845e-06
-3.7919e+06 -7.63067e-06
-3.91423e+06 -7.87684e-06
-4.03655e+06 -8.12301e-06
-4.15888e+06 -8.36917e-06
-4.28121e+06 -8.61534e-06
-4.40354e+06 -8.86151e-06
-4.52587e+06 -9.10768e-06
-4.6482e+06 -9.35386e-06
-4.77053e+06 -9.60003e-06
-4.89286e+06 -9.84621e-06
-5.01519e+06 -1.00924e-05
-5.13752e+06 -1.03386e-05
-5.25985e+06 -1.05847e-05
-5.38219e+06 -1.08309e-05
-5.50452e+06 -1.10771e-05
-5.62685e+06 -1.13233e-05
-5.74919e+06 -1.15694e-05
-5.87152e+06 -1.18156e-05
-5.99386e+06 -1.20618e-05
-6.11619e+06 -1.2308e-05
-6.23853e+06 -1.25542e-05
-6.36087e+06 -1.28004e-05
-6.4832e+06 -1.30466e-05
-6.60554e+06 -1.32927e-05
-6.72788e+06 -1.35389e-05
-6.85022e+06 -1.37851e-05
-6.97256e+06 -1.40313e-05
-7.09489e+06 -1.42775e-05
-7.21723e+06 -1.45237e-05
-7.33957e+06 -1.47699e-05
-7.46191e+06 -1.50161e-05
-7.58426e+06 -1.52623e-05
-7.7066e+06 -1.55085e-05
-7.82894e+06 -1.57547e-05
-7.95128e+06 -1.60009e-05
-8.07363e+06 -1.62471e-05
-8.19597e+06 -1.64933e-05
-8.31831e+06 -1.67395e-05
-8.44066e+06 -1.69857e-05
-8.563e+06 -1.72319e-05
-8.68535e+06 -1.74781e-05
-8.8077e+06 -1.77243e-05
-8.93004e+06 -1.79705e-05
-9.05239e+06 -1.82167e-05
-9.17474e+06 -1.84629e-05
-9.29708e+06 -1.87091e-05
-9.41943e+06 -1.89553e-05
-9.54178e+06 -1.92015e-05
-9.66413e+06 -1.94477e-05
-9.78648e+06 -1.96939e-05
-9.90883e+06 -1.99402e-05
-1.00312e+07 -2.01864e-05
-1.01535e+07 -2.04326e-05
-1.02759e+07 -2.06788e-05
-1.03982e+07 -2.0925e-05
-1.05206e+07 -2.11712e-05
-1.06429e+07 -2.14175e-05
-1.07653e+07 -2.16637e-05
-1.08877e+07 -2.19099e-05
-1.101e+07 -2.21561e-05
-1.11324e+07 -2.24023e-05
-1.12547e+07 -2.26486e-05
-1.13771e+07 -2.28948e-05
-1.14994e+07 -2.3141e-05
-1.16218e+07 -2.33872e-05
-1.17441e+07 -2.36335e-05
-1.18665e+07 -2.38797e-05
-1.19889e+07 -2.41259e-05
-1.21112e+07 -2.43721e-05
-1.22336e+07 -2.46184e-05
-1.23559e+07 -2.48646e-05
-1.24783e+07 -2.51108e-05
-1.26006e+07 -2.53571e-05
-1.2723e+07 -2.56033e-05
-1.28454e+07 -2.58496e-05
-1.29677e+07 -2.60958e-05
-1.30901e+07 -2.6342e-05
-1.32125e+07 -2.65883e-05
-1.33348e+07 -2.68345e-05
-1.34572e+07 -2.70807e-05
-1.35796e+07 -2.7327e-05
-1.37019e+07 -2.75732e-05
-1.38243e+07 -2.78195e-05
-1.39467e+07 -2.80657e-05
-1.4069e+07 -2.8312e-05
-1.41914e+07 -2.85582e-05
-1.43138e+07 -2.88045e-05
-1.44361e+07 -2.90507e-05
-1.45585e+07 -2.92969e-05
-1.46809e+07 -2.95432e-05
-1.48032e+07 -2.97895e-05
-1.49256e+07 -3.00357e-05
-1.5048e+07 -3.0282e-05
-1.51703e+07 -3.05282e-05
-1.52927e+07 -3.07745e-05
-1.54151e+07 -3.10207e-05
-1.55375e+07 -3.1267e-05
-1.56598e+07 -3.15132e-05
-1.57822e+07 -3.17595e-05
-1.59046e+07 -3.20058e-05
-1.60269e+07 -3.2252e-05
-1.61493e+07 -3.24983e-05
-1.62717e+07 -3.27445e-05
-1.63941e+07 -3.29908e-05
-1.65164e+07 -3.32371e-05
-1.66388e+07 -3.34833e-05
-1.67612e+07 -3.37296e-05
-1.68836e+07 -3.39759e-05
-1.7006e+07 -3.42221e-05
-1.71283e+07 -3.44684e-05
-1.72507e+07 -3.47147e-05
-1.73731e+07 -3.49609e-05
-1.74955e+07 -3.52072e-05
-1.76178e+07 -3.54535e-05
-1.77402e+07 -3.56998e-05
-1.78626e+07 -3.5946e-05
-1.7985e+07 -3.61923e-05
-1.81074e+07 -3.64386e-05
-1.82298e+07 -3.66849e-05
-1.83521e+07 -3.69311e-05
-1.84745e+07 -3.71774e-05
-1.85969e+07 -3.74237e-05
-1.87193e+07 -3.767e-05
-1.88417e+07 -3.79163e-05
-1.89641e+07 -3.81626e-05
-1.90864e+07 -3.84088e-05
-1.92088e+07 -3.86551e-05
-1.93312e+07 -3.89014e-05
-1.94536e+07 -3.91477e-05
-1.9576e+07 -3.9394e-05
-1.96984e+07 -3.96403e-05
-1.98208e+07 -3.98866e-05
-1.99432e+07 -4.01329e-05
-2.00655e+07 -4.03791e-05
-2.01879e+07 -4.06254e-05
-2.03103e+07 -4.08717e-05
-2.04327e+07 -4.1118e-05
-2.05551e+07 -4.13643e-05
-2.06775e+07 -4.16106e-05
-2.07999e+07 -4.18569e-05
-2.09223e+07 -4.21032e-05
-2.10447e+07 -4.23495e-05
-2.11671e+07 -4.25958e-05
-2.12895e+07 -4.28421e-05
-2.14119e+07 -4.30884e-05
-2.15343e+07 -4.33347e-05
-2.16567e+07 -4.3581e-05
-2.1779e+07 -4.38273e-05
-2.19014e+07 -4.40736e-05
-2.20238e+07 -4.43199e-05
-2.21462e+07 -4.45663e-05
-2.22686e+07 -4.48126e-05
-2.2391e+07 -4.50589e-05
-2.25134e+07 -4.53052e-05
-2.26358e+07 -4.55515e-05
-2.27582e+07 -4.57978e-05
-2.28806e+07 -4.60441e-05
-2.3003e+07 -4.62904e-05
-2.31254e+07 -4.65368e-05
-2.32478e+07 -4.67831e-05
-2.33702e+07 -4.70294e-05
-2.34926e+07 -4.72757e-05
-2.3615e+07 -4.7522e-05
-2.37374e+07 -4.77683e-05
-2.38599e+07 -4.80147e-05
-2.39823e+07 -4.8261e-05
-2.41047e+07 -4.85073e-05
-2.42271e+07 -4.87536e-05
-2.43495e+07 -4.9e-05
-2.44719e+07 -4.92463e-05
-2.45943e+07 -4.94926e-05
-2.47167e+07 -4.97389e-05
-2.48391e+07 -4.99853e-05
-2.49615e+07 -5.02316e-05
-2.50839e+07 -5.04779e-05
-2.52063e+07 -5.07243e-05
-2.53287e+07 -5.09706e-05
-2.54512e+07 -5.12169e-05
-2.55736e+07 -5.14633e-05
-2.5696e+07 -5.17096e-05
-2.58184e+07 -5.19559e-05
-2.59408e+07 -5.22023e-05
-2.60632e+07 -5.24486e-05
-2.61856e+07 -5.2695e-05
-2.6308e+07 -5.29413e-05
-2.64305e+07 -5.31876e-05
-2.65529e+07 -5.3434e-05
-2.66753e+07 -5.36803e-05
-2.67977e+07 -5.39267e-05
-2.69201e+07 -5.4173e-05
-2.70425e+07 -5.44194e-05
-2.71649e+07 -5.46657e-05
-2.72874e+07 -5.4912e-05
-2.74098e+07 -5.51584e-05
-2.75322e+07 -5.54048e-05
-2.76546e+07 -5.56511e-05
-2.7777e+07 -5.58974e-05
-2.78995e+07 -5.61438e-05
-2.80219e+07 -5.63902e-05
-2.81443e+07 -5.66365e-05
-2.82667e+07 -5.68829e-05
-2.83891e+07 -5.71292e-05
-2.85116e+07 -5.73756e-05
-2.8634e+07 -5.76219e-05
-2.87564e+07 -5.78683e-05
-2.88788e+07 -5.81147e-05
-2.90013e+07 -5.8361e-05
-2.91237e+07 -5.86074e-05
-2.92461e+07 -5.88537e-05
-2.93685e+07 -5.91001e-05
-2.9491e+07 -5.93465e-05
-2.96134e+07 -5.95929e-05
-2.97358e+07 -5.98392e-05
-2.98582e+07 -6.00856e-05
-2.99807e+07 -6.03319e-05
-3.01031e+07 -6.05783e-05
-3.02255e+07 -6.08247e-05
-3.03479e+07 -6.10711e-05
-3.04704e+07 -6.13174e-05
-3.05928e+07 -6.15638e-05
-3.07152e+07 -6.18102e-05
-3.08377e+07 -6.20566e-05
-3.09601e+07 -6.23029e-05
-3.10825e+07 -6.25493e-05
-3.1205e+07 -6.27957e-05
-3.13274e+07 -6.30421e-05
-3.14498e+07 -6.32885e-05
-3.15723e+07 -6.35348e-05
-3.16947e+07 -6.37812e-05
-3.18171e+07 -6.40276e-05
-3.19396e+07 -6.4274e-05
-3.2062e+07 -6.45204e-05
-3.21844e+07 -6.47667e-05
-3.23069e+07 -6.50131e-05
-3.24293e+07 -6.52595e-05
-3.25518e+07 -6.55059e-05
-3.26742e+07 -6.57523e-05
-3.27966e+07 -6.59987e-05
-3.29191e+07 -6.62451e-05
-3.30415e+07 -6.64915e-05
-3.31639e+07 -6.67379e-05
-3.32864e+07 -6.69843e-05
-3.34088e+07 -6.72307e-05
-3.35313e+07 -6.74771e-05
-3.36537e+07 -6.77235e-05
-3.37762e+07 -6.79699e-05
-3.38986e+07 -6.82163e-05
-3.4021e+07 -6.84627e-05
-3.41435e+07 -6.87091e-05
-3.42659e+07 -6.89555e-05
-3.43884e+07 -6.92019e-05
-3.45108e+07 -6.94483e-05
-3.46333e+07 -6.96947e-05
-3.47557e+07 -6.99411e-05
-3.48782e+07 -7.01875e-05
-3.50006e+07 -7.04339e-05
-3.51231e+07 -7.06803e-05
-3.52455e+07 -7.09267e-05
-3.5368e+07 -7.11731e-05
-3.54904e+07 -7.14195e-05
-3.56128e+07 -7.1666e-05
-3.57353e+07 -7.19124e-05
-3.58578e+07 -7.21588e-05
-3.59802e+07 -7.24052e-05
-3.61027e+07 -7.26516e-05
-3.62251e+07 -7.2898e-05
-3.63476e+07 -7.31445e-05
-3.647e+07 -7.33909e-05
-3.65925e+07 -7.36373e-05
-3.67149e+07 -7.38837e-05
-3.68374e+07 -7.41301e-05
-3.69598e+07 -7.43766e-05
-3.70823e+07 -7.4623e-05
-3.72047e+07 -7.48694e-05
-3.73272e+07 -7.51158e-05
-3.74496e+07 -7.53623e-05
-3.75721e+07 -7.56087e-05
-3.76946e+07 -7.58551e-05
-3.7817e+07 -7.61015e-05
-3.79395e+07 -7.6348e-05
-3.80619e+07 -7.65944e-05
-3.81844e+07 -7.68408e-05
-3.83069e+07 -7.70873e-05
-3.84293e+07 -7.73337e-05
-3.85518e+07 -7.75801e-05
-3.86742e+07 -7.78266e-05
-3.87967e+07 -7.8073e-05
-3.89192e+07 -7.83195e-05
-3.90416e+07 -7.85659e-05
-3.91641e+07 -7.88123e-05
-3.92866e+07 -7.90588e-05
-3.9409e+07 -7.93052e-05
-3.95315e+07 -7.95517e-05
-3.96539e+07 -7.97981e-05
-3.97764e+07 -8.00445e-05
-3.98989e+07 -8.0291e-05
-4.00213e+07 -8.05374e-05
-4.01438e+07 -8.07839e-05
-4.02663e+07 -8.10303e-05
-4.03888e+07 -8.12768e-05
-4.05112e+07 -8.15232e-05
-4.06337e+07 -8.17697e-05
-4.07562e+07 -8.20161e-05
-4.08786e+07 -8.22626e-05
-4.10011e+07 -8.25091e-05
-4.11236e+07 -8.27555e-05
-4.1246e+07 -8.3002e-05
-4.13685e+07 -8.32484e-05
-4.1491e+07 -8.34949e-05
-4.16135e+07 -8.37413e-05
-4.17359e+07 -8.39878e-05
-4.18584e+07 -8.42343e-05
-4.19809e+07 -8.44807e-05
-4.21034e+07 -8.47272e-05
-4.22258e+07 -8.49737e-05
-4.23483e+07 -8.52201e-05
-4.24708e+07 -8.54666e-05
-4.25933e+07 -8.5713e-05
-4.27157e+07 -8.59595e-05
-4.28382e+07 -8.6206e-05
-4.29607e+07 -8.64525e-05
-4.30832e+07 -8.66989e-05
-4.32056e+07 -8.69454e-05
-4.33281e+07 -8.71919e-05
-4.34506e+07 -8.74383e-05
-4.35731e+07 -8.76848e-05
-4.36956e+07 -8.79313e-05
-4.3818e+07 -8.81778e-05
-4.39405e+07 -8.84243e-05
-4.4063e+07 -8.86707e-05
-4.41855e+07 -8.89172e-05
-4.4308e+07 -8.91637e-05
-4.44305e+07 -8.94102e-05
-4.45529e+07 -8.96567e-05
-4.46754e+07 -8.99031e-05
-4.47979e+07 -9.01496e-05
-4.49204e+07 -9.03961e-05
-4.50429e+07 -9.06426e-05
-4.51654e+07 -9.08891e-05
-4.52879e+07 -9.11356e-05
-4.54103e+07 -9.13821e-05
-4.55328e+07 -9.16285e-05
-4.56553e+07 -9.1875e-05
-4.57778e+07 -9.21215e-05
-4.59003e+07 -9.2368e-05
-4.60228e+07 -9.26145e-05
-4.61453e+07 -9.2861e-05
-4.62678e+07 -9.31075e-05
-4.63903e+07 -9.3354e-05
-4.65127e+07 -9.36005e-05
-4.66352e+07 -9.3847e-05
-4.67577e+07 -9.40935e-05
-4.68802e+07 -9.434e-05
-4.70027e+07 -9.45865e-05
-4.71252e+07 -9.4833e-05
-4.72477e+07 -9.50795e-05
-4.73702e+07 -9.5326e-05
-4.74927e+07 -9.55725e-05
-4.76152e+07 -9.5819e-05
-4.77377e+07 -9.60655e-05
-4.78602e+07 -9.6312e-05
-4.79827e+07 -9.65585e-05
-4.81052e+07 -9.68051e-05
-4.82277e+07 -9.70516e-05
-4.83502e+07 -9.72981e-05
-4.84727e+07 -9.75446e-05
-4.85952e+07 -9.77911e-05
-4.87177e+07 -9.80376e-05
-4.88402e+07 -9.82841e-05
-4.89627e+07 -9.85306e-05
-4.90852e+07 -9.87772e-05
-4.92077e+07 -9.90237e-05
-4.93302e+07 -9.92702e-05
-4.94527e+07 -9.95167e-05
-4.95752e+07 -9.97632e-05
-4.96977e+07 -0.00010001
-4.98202e+07 -0.000100256
-4.99427e+07 -0.000100503
-5.00652e+07 -0.000100749
-5.01877e+07 -0.000100996
-5.03102e+07 -0.000101242
-5.04327e+07 -0.000101489
-5.05552e+07 -0.000101735
-5.06777e+07 -0.000101982
-5.08003e+07 -0.000102229
-5.09228e+07 -0.000102475
-5.10453e+07 -0.000102722
-5.11678e+07 -0.000102968
-5.12903e+07 -0.000103215
-5.14128e+07 -0.000103461
-5.15353e+07 -0.000103708
-5.16578e+07 -0.000103954
-5.17803e+07 -0.000104201
-5.19029e+07 -0.000104447
-5.20254e+07 -0.000104694
-5.21479e+07 -0.00010494
-5.22704e+07 -0.000105187
-5.23929e+07 -0.000105433
-5.25154e+07 -0.00010568
-5.26379e+07 -0.000105927
-5.27605e+07 -0.000106173
-5.2883e+07 -0.00010642
-5.30055e+07 -0.000106666
-5.3128e+07 -0.000106913
-5.32505e+07 -0.000107159
-5.3373e+07 -0.000107406
-5.34956e+07 -0.000107652
-5.36181e+07 -0.000107899
-5.37406e+07 -0.000108146
-5.38631e+07 -0.000108392
-5.39856e+07 -0.000108639
-5.41082e+07 -0.000108885
-5.42307e+07 -0.000109132
-5.43532e+07 -0.000109378
-5.44757e+07 -0.000109625
-5.45982e+07 -0.000109871
-5.47208e+07 -0.000110118
-5.48433e+07 -0.000110365
-5.49658e+07 -0.000110611
-5.50883e+07 -0.000110858
-5.52109e+07 -0.000111104
-5.53334e+07 -0.000111351
-5.54559e+07 -0.000111597
-5.55784e+07 -0.000111844
-5.5701e+07 -0.000112091
-5.58235e+07 -0.000112337
-5.5946e+07 -0.000112584
-5.60686e+07 -0.00011283
-5.61911e+07 -0.000113077
-5.63136e+07 -0.000113323
-5.64361e+07 -0.00011357
-5.65587e+07 -0.000113817
-5.66812e+07 -0.000114063
-5.68037e+07 -0.00011431
-5.69263e+07 -0.000114556
-5.70488e+07 -0.000114803
-5.71713e+07 -0.000115049
-5.72939e+07 -0.000115296
-5.74164e+07 -0.000115543
-5.75389e+07 -0.000115789
-5.76615e+07 -0.000116036
-5.7784e+07 -0.000116282
-5.79065e+07 -0.000116529
-5.80291e+07 -0.000116776
-5.81516e+07 -0.000117022
-5.82742e+07 -0.000117269
-5.83967e+07 -0.000117515
-5.85192e+07 -0.000117762
-5.86418e+07 -0.000118008
-5.87643e+07 -0.000118255
-5.88868e+07 -0.000118502
-5.90094e+07 -0.000118748
-5.91319e+07 -0.000118995
-5.92545e+07 -0.000119241
-5.9377e+07 -0.000119488
-5.94995e+07 -0.000119735
-5.96221e+07 -0.000119981
-5.97446e+07 -0.000120228
-5.98672e+07 -0.000120474
-5.99897e+07 -0.000120721
-6.01123e+07 -0.000120968
-6.02348e+07 -0.000121214
-6.03574e+07 -0.000121461
-6.04799e+07 -0.000121707
-6.06024e+07 -0.000121954
-6.0725e+07 -0.000122201
-6.08475e+07 -0.000122447
-6.09701e+07 -0.000122694
-6.10926e+07 -0.000122941
-6.12152e+07 -0.000123187
-6.13377e+07 -0.000123434
-6.14603e+07 -0.00012368
-6.15828e+07 -0.000123927
-6.17054e+07 -0.000124174
-6.18279e+07 -0.00012442
-6.19505e+07 -0.000124667
-6.2073e+07 -0.000124913
-6.21956e+07 -0.00012516
-6.23181e+07 -0.000125407
-6.24407e+07 -0.000125653
-6.25632e+07 -0.0001259
-6.26858e+07 -0.000126147
-6.28084e+07 -0.000126393
-6.29309e+07 -0.00012664
-6.30535e+07 -0.000126886
-6.3176e+07 -0.000127133
-6.32986e+07 -0.00012738
-6.34211e+07 -0.000127626
-6.35437e+07 -0.000127873
-6.36662e+07 -0.00012812
-6.37888e+07 -0.000128366
-6.39114e+07 -0.000128613
-6.40339e+07 -0.000128859
-6.41565e+07 -0.000129106
-6.4279e+07 -0.000129353
-6.44016e+07 -0.000129599
-6.45242e+07 -0.000129846
-6.46467e+07 -0.000130093
-6.47693e+07 -0.000130339
-6.48919e+07 -0.000130586
-6.50144e+07 -0.000130833
-6.5137e+07 -0.000131079
-6.52595e+07 -0.000131326
-6.53821e+07 -0.000131572
-6.55047e+07 -0.000131819
-6.56272e+07 -0.000132066
-6.57498e+07 -0.000132312
-6.58724e+07 -0.000132559
-6.59949e+07 -0.000132806
-6.61175e+07 -0.000133052
-6.62401e+07 -0.000133299
-6.63626e+07 -0.000133546
-6.64852e+07 -0.000133792
-6.66078e+07 -0.000134039
-6.67304e+07 -0.000134286
-6.68529e+07 -0.000134532
-6.69755e+07 -0.000134779
-6.70981e+07 -0.000135026
-6.72206e+07 -0.000135272
-6.73432e+07 -0.000135519
-6.74658e+07 -0.000135766
-6.75884e+07 -0.000136012
-6.77109e+07 -0.000136259
-6.78335e+07 -0.000136506
-6.79561e+07 -0.000136752
-6.80787e+07 -0.000136999
-6.82012e+07 -0.000137246
-6.83238e+07 -0.000137492
-6.84464e+07 -0.000137739
-6.8569e+07 -0.000137986
-6.86915e+07 -0.000138232
-6.88141e+07 -0.000138479
-6.89367e+07 -0.000138726
-6.90593e+07 -0.000138972
-6.91818e+07 -0.000139219
-6.93044e+07 -0.000139466
-6.9427e+07 -0.000139712
-6.95496e+07 -0.000139959
-6.96722e+07 -0.000140206
-6.97947e+07 -0.000140452
-6.99173e+07 -0.000140699
-7.00399e+07 -0.000140946
-7.01625e+07 -0.000141192
-7.02851e+07 -0.000141439
-7.04077e+07 -0.000141686
-7.05302e+07 -0.000141932
-7.06528e+07 -0.000142179
-7.07754e+07 -0.000142426
-7.0898e+07 -0.000142672
-7.10206e+07 -0.000142919
-7.11432e+07 -0.000143166
-7.12658e+07 -0.000143413
-7.13884e+07 -0.000143659
-7.15109e+07 -0.000143906
-7.16335e+07 -0.000144153
-7.17561e+07 -0.000144399
-7.18787e+07 -0.000144646
-7.20013e+07 -0.000144893
-7.21239e+07 -0.000145139
-7.22465e+07 -0.000145386
-7.23691e+07 -0.000145633
-7.24917e+07 -0.000145879
-7.26143e+07 -0.000146126
-7.27368e+07 -0.000146373
-7.28594e+07 -0.00014662
-7.2982e+07 -0.000146866
-7.31046e+07 -0.000147113
-7.32272e+07 -0.00014736
-7.33498e+07 -0.000147606
-7.34724e+07 -0.000147853
-7.3595e+07 -0.0001481
-7.37176e+07 -0.000148347
-7.38402e+07 -0.000148593
-7.39628e+07 -0.00014884
-7.40854e+07 -0.000149087
-7.4208e+07 -0.000149333
-7.43306e+07 -0.00014958
-7.44532e+07 -0.000149827
-7.45758e+07 -0.000150074
-7.46984e+07 -0.00015032
-7.4821e+07 -0.000150567
-7.49436e+07 -0.000150814
-7.50662e+07 -0.00015106
-7.51888e+07 -0.000151307
-7.53114e+07 -0.000151554
-7.5434e+07 -0.000151801
-7.55566e+07 -0.000152047
-7.56792e+07 -0.000152294
-7.58018e+07 -0.000152541
-7.59244e+07 -0.000152787
-7.6047e+07 -0.000153034
-7.61696e+07 -0.000153281
-7.62922e+07 -0.000153528
-7.64149e+07 -0.000153774
-7.65375e+07 -0.000154021
-7.66601e+07 -0.000154268
-7.67827e+07 -0.000154515
-7.69053e+07 -0.000154761
-7.70279e+07 -0.000155008
-7.71505e+07 -0.000155255
-7.72731e+07 -0.000155502
-7.73957e+07 -0.000155748
-7.75183e+07 -0.000155995
-7.7641e+07 -0.000156242
-7.77636e+07 -0.000156488
-7.78862e+07 -0.000156735
-7.80088e+07 -0.000156982
-7.81314e+07 -0.000157229
-7.8254e+07 -0.000157475
-7.83766e+07 -0.000157722
-7.84993e+07 -0.000157969
-7.86219e+07 -0.000158216
-7.87445e+07 -0.000158462
-7.88671e+07 -0.000158709
-7.89897e+07 -0.000158956
-7.91123e+07 -0.000159203
-7.9235e+07 -0.000159449
-7.93576e+07 -0.000159696
-7.94802e+07 -0.000159943
-7.96028e+07 -0.00016019
-7.97254e+07 -0.000160436
-7.9848e+07 -0.000160683
-7.99707e+07 -0.00016093
-8.00933e+07 -0.000161177
-8.02159e+07 -0.000161423
-8.03385e+07 -0.00016167
-8.04612e+07 -0.000161917
-8.05838e+07 -0.000162164
-8.07064e+07 -0.000162411
-8.0829e+07 -0.000162657
-8.09517e+07 -0.000162904
-8.10743e+07 -0.000163151
-8.11969e+07 -0.000163398
-8.13195e+07 -0.000163644
-8.14422e+07 -0.000163891
-8.15648e+07 -0.000164138
-8.16874e+07 -0.000164385
-8.181e+07 -0.000164631
-8.19327e+07 -0.000164878
-8.20553e+07 -0.000165125
-8.21779e+07 -0.000165372
-8.23006e+07 -0.000165619
-8.24232e+07 -0.000165865
-8.25458e+07 -0.000166112
-8.26684e+07 -0.000166359
-8.27911e+07 -0.000166606
-8.29137e+07 -0.000166852
-8.30363e+07 -0.000167099
-8.3159e+07 -0.000167346
-8.32816e+07 -0.000167593
-8.34042e+07 -0.00016784
-8.35269e+07 -0.000168086
-8.36495e+07 -0.000168333
-8.37722e+07 -0.00016858
-8.38948e+07 -0.000168827
-8.40174e+07 -0.000169073
-8.41401e+07 -0.00016932
-8.42627e+07 -0.000169567
-8.43853e+07 -0.000169814
-8.4508e+07 -0.000170061
-8.46306e+07 -0.000170307
-8.47533e+07 -0.000170554
-8.48759e+07 -0.000170801
-8.49985e+07 -0.000171048
-8.51212e+07 -0.000171295
-8.52438e+07 -0.000171541
-8.53665e+07 -0.000171788
-8.54891e+07 -0.000172035
-8.56117e+07 -0.000172282
-8.57344e+07 -0.000172529
-8.5857e+07 -0.000172775
-8.59797e+07 -0.000173022
-8.61023e+07 -0.000173269
-8.6225e+07 -0.000173516
-8.63476e+07 -0.000173763
-8.64703e+07 -0.000174009
-8.65929e+07 -0.000174256
-8.67155e+07 -0.000174503
-8.68382e+07 -0.00017475
-8.69608e+07 -0.000174997
-8.70835e+07 -0.000175244
-8.72061e+07 -0.00017549
-8.73288e+07 -0.000175737
-8.74514e+07 -0.000175984
-8.75741e+07 -0.000176231
-8.76967e+07 -0.000176478
-8.78194e+07 -0.000176724
-8.7942e+07 -0.000176971
-8.80647e+07 -0.000177218
-8.81873e+07 -0.000177465
-8.831e+07 -0.000177712
-8.84327e+07 -0.000177959
-8.85553e+07 -0.000178205
-8.8678e+07 -0.000178452
-8.88006e+07 -0.000178699
-8.89233e+07 -0.000178946
-8.90459e+07 -0.000179193
-8.91686e+07 -0.000179439
-8.92912e+07 -0.000179686
-8.94139e+07 -0.000179933
-8.95366e+07 -0.00018018
-8.96592e+07 -0.000180427
-8.97819e+07 -0.000180674
-8.99045e+07 -0.00018092
-9.00272e+07 -0.000181167
-9.01499e+07 -0.000181414
-9.02725e+07 -0.000181661
-9.03952e+07 -0.000181908
-9.05178e+07 -0.000182155
-9.06405e+07 -0.000182402
-9.07632e+07 -0.000182648
-9.08858e+07 -0.000182895
-9.10085e+07 -0.000183142
-9.11312e+07 -0.000183389
-9.12538e+07 -0.000183636
-9.13765e+07 -0.000183883
-9.14991e+07 -0.000184129
-9.16218e+07 -0.000184376
-9.17445e+07 -0.000184623
-9.18671e+07 -0.00018487
-9.19898e+07 -0.000185117
-9.21125e+07 -0.000185364
-9.22351e+07 -0.000185611
-9.23578e+07 -0.000185857
-9.24805e+07 -0.000186104
-9.26032e+07 -0.000186351
-9.27258e+07 -0.000186598
-9.28485e+07 -0.000186845
-9.29712e+07 -0.000187092
-9.30938e+07 -0.000187339
-9.32165e+07 -0.000187585
-9.33392e+07 -0.000187832
-9.34619e+07 -0.000188079
-9.35845e+07 -0.000188326
-9.37072e+07 -0.000188573
-9.38299e+07 -0.00018882
-9.39526e+07 -0.000189067
-9.40752e+07 -0.000189313
-9.41979e+07 -0.00018956
-9.43206e+07 -0.000189807
-9.44433e+07 -0.000190054
-9.45659e+07 -0.000190301
-9.46886e+07 -0.000190548
-9.48113e+07 -0.000190795
-9.4934e+07 -0.000191042
-9.50567e+07 -0.000191288
-9.51793e+07 -0.000191535
-9.5302e+07 -0.000191782
-9.54247e+07 -0.000192029
-9.55474e+07 -0.000192276
-9.56701e+07 -0.000192523
-9.57927e+07 -0.00019277
-9.59154e+07 -0.000193017
-9.60381e+07 -0.000193263
-9.61608e+07 -0.00019351
-9.62835e+07 -0.000193757
-9.64062e+07 -0.000194004
-9.65288e+07 -0.000194251
-9.66515e+07 -0.000194498
-9.67742e+07 -0.000194745
-9.68969e+07 -0.000194992
-9.70196e+07 -0.000195239
-9.71423e+07 -0.000195485
-9.7265e+07 -0.000195732
-9.73876e+07 -0.000195979
-9.75103e+07 -0.000196226
-9.7633e+07 -0.000196473
-9.77557e+07 -0.00019672
-9.78784e+07 -0.000196967
-9.80011e+07 -0.000197214
-9.81238e+07 -0.000197461
-9.82465e+07 -0.000197707
-9.83692e+07 -0.000197954
-9.84919e+07 -0.000198201
-9.86146e+07 -0.000198448
-9.87372e+07 -0.000198695
-9.88599e+07 -0.000198942
-9.89826e+07 -0.000199189
-9.91053e+07 -0.000199436
-9.9228e+07 -0.000199683
-9.93507e+07 -0.00019993
-9.94734e+07 -0.000200177
-9.95961e+07 -0.000200423
-9.97188e+07 -0.00020067
-9.98415e+07 -0.000200917
-9.99642e+07 -0.000201164
-1.00087e+08 -0.000201411
-1.0021e+08 -0.000201658
-1.00332e+08 -0.000201905
-1.00455e+08 -0.000202152
-1.00578e+08 -0.000202399
-1.007e+08 -0.000202646
-1.00823e+08 -0.000202893
-1.00946e+08 -0.00020314
-1.01069e+08 -0.000203386
-1.01191e+08 -0.000203633
-1.01314e+08 -0.00020388
-1.01437e+08 -0.000204127
-1.01559e+08 -0.000204374
-1.01682e+08 -0.000204621
-1.01805e+08 -0.000204868
-1.01927e+08 -0.000205115
-1.0205e+08 -0.000205362
-1.02173e+08 -0.000205609
-1.02296e+08 -0.000205856
-1.02418e+08 -0.000206103
-1.02541e+08 -0.00020635
-1.02664e+08 -0.000206597
-1.02786e+08 -0.000206843
-1.02909e+08 -0.00020709
-1.03032e+08 -0.000207337
-1.03155e+08 -0.000207584
-1.03277e+08 -0.000207831
-1.034e+08 -0.000208078
-1.03523e+08 -0.000208325
-1.03645e+08 -0.000208572
-1.03768e+08 -0.000208819
-1.03891e+08 -0.000209066
-1.04014e+08 -0.000209313
-1.04136e+08 -0.00020956
-1.04259e+08 -0.000209807
-1.04382e+08 -0.000210054
-1.04504e+08 -0.000210301
-1.04627e+08 -0.000210548
-1.0475e+08 -0.000210795
-1.04926e+08 -0.000211148
-1.05197e+08 -0.000211694
-1.05468e+08 -0.000212239
-1.05739e+08 -0.000212784
-1.0601e+08 -0.00021333
-1.06281e+08 -0.000213875
-1.06552e+08 -0.000214421
-1.06823e+08 -0.000214966
-1.07001e+08 -0.000215325
-1.07028e+08 -0.00021538
-1.07055e+08 -0.000215434
-1.07082e+08 -0.000215489
-1.0711e+08 -0.000215543
-1.07137e+08 -0.000215598
-1.07164e+08 -0.000215653
-1.07191e+08 -0.000215707
-1.07218e+08 -0.000215762
-1.07245e+08 -0.000215817
-1.07273e+08 -0.000215871
-1.073e+08 -0.000215926
-1.07327e+08 -0.00021598
-1.07354e+08 -0.000216035
-1.07381e+08 -0.00021609
-1.07408e+08 -0.000216144
-1.07435e+08 -0.000216199
-1.07463e+08 -0.000216254
-1.0749e+08 -0.000216308
-1.07517e+08 -0.000216363
-1.07544e+08 -0.000216417
-1.07571e+08 -0.000216472
-1.07598e+08 -0.000216527
-1.07625e+08 -0.000216581
-1.07653e+08 -0.000216636
-1.0768e+08 -0.000216691
-1.07707e+08 -0.000216745
-1.07734e+08 -0.0002168
-1.07761e+08 -0.000216855
-1.07788e+08 -0.000216909
-1.07815e+08 -0.000216964
-1.07843e+08 -0.000217018
-1.0787e+08 -0.000217073
-1.07897e+08 -0.000217128
-1.07924e+08 -0.000217182
-1.07951e+08 -0.000217237
-1.07978e+08 -0.000217292
-1.08006e+08 -0.000217346
-1.08033e+08 -0.000217401
-1.0806e+08 -0.000217456
-1.08087e+08 -0.00021751
-1.08114e+08 -0.000217565
-1.08141e+08 -0.000217619
-1.08168e+08 -0.000217674
-1.08196e+08 -0.000217729
-1.08223e+08 -0.000217783
-1.0825e+08 -0.000217838
-1.08277e+08 -0.000217893
-1.08304e+08 -0.000217947
-1.08331e+08 -0.000218002
-1.08358e+08 -0.000218056
-1.08386e+08 -0.000218111
-1.08413e+08 -0.000218166
-1.0844e+08 -0.00021822
-1.08467e+08 -0.000218275
-1.08494e+08 -0.00021833
-1.08521e+08 -0.000218384
-1.08549e+08 -0.000218439
-1.08576e+08 -0.000218494
-1.08603e+08 -0.000218548
-1.0863e+08 -0.000218603
-1.08657e+08 -0.000218657
-1.08684e+08 -0.000218712
-1.08711e+08 -0.000218767
-1.08739e+08 -0.000218821
-1.08766e+08 -0.000218876
-1.08793e+08 -0.000218931
-1.0882e+08 -0.000218985
-1.08847e+08 -0.00021904
-1.08874e+08 -0.000219095
-1.08901e+08 -0.000219149
-1.08929e+08 -0.000219204
-1.08956e+08 -0.000219258
-1.08983e+08 -0.000219313
-1.0901e+08 -0.000219368
-1.09037e+08 -0.000219422
-1.09064e+08 -0.000219477
-1.09092e+08 -0.000219532
-1.09119e+08 -0.000219586
-1.09146e+08 -0.000219641
-1.09173e+08 -0.000219696
-1.092e+08 -0.00021975
-1.09227e+08 -0.000219805
-1.09254e+08 -0.000219859
-1.09282e+08 -0.000219914
-1.09309e+08 -0.000219969
-1.09336e+08 -0.000220023
-1.09363e+08 -0.000220078
-1.0939e+08 -0.000220133
-1.09417e+08 -0.000220187
-1.09444e+08 -0.000220242
-1.09472e+08 -0.000220297
-1.09499e+08 -0.000220351
-1.09526e+08 -0.000220406
-1.09553e+08 -0.00022046
-1.0958e+08 -0.000220515
-1.09607e+08 -0.00022057
-1.09635e+08 -0.000220624
-1.09662e+08 -0.000220679
-1.09689e+08 -0.000220734
-1.09716e+08 -0.000220788
-1.09743e+08 -0.000220843
-1.0977e+08 -0.000220898
-1.09797e+08 -0.000220952
-1.09825e+08 -0.000221007
-1.09852e+08 -0.000221062
-1.09879e+08 -0.000221116
-1.09906e+08 -0.000221171
-1.09933e+08 -0.000221225
-1.0996e+08 -0.00022128
-1.09988e+08 -0.000221335
-1.10015e+08 -0.000221389
-1.10042e+08 -0.000221444
-1.10069e+08 -0.000221499
-1.10096e+08 -0.000221553
-1.10123e+08 -0.000221608
-1.1015e+08 -0.000221663
-1.10178e+08 -0.000221717
-1.10205e+08 -0.000221772
-1.10232e+08 -0.000221826
-1.10259e+08 -0.000221881
-1.10286e+08 -0.000221936
-1.10313e+08 -0.00022199
-1.1034e+08 -0.000222045
-1.10368e+08 -0.0002221
-1.10395e+08 -0.000222154
-1.10422e+08 -0.000222209
-1.10449e+08 -0.000222264
-1.10476e+08 -0.000222318
-1.10503e+08 -0.000222373
-1.10531e+08 -0.000222428
-1.10558e+08 -0.000222482
-1.10585e+08 -0.000222537
-1.10612e+08 -0.000222591
-1.10639e+08 -0.000222646
-1.10666e+08 -0.000222701
-1.10693e+08 -0.000222755
-1.10721e+08 -0.00022281
-1.10748e+08 -0.000222865
-1.10775e+08 -0.000222919
-1.10802e+08 -0.000222974
-1.10829e+08 -0.000223029
-1.10856e+08 -0.000223083
-1.10884e+08 -0.000223138
-1.10911e+08 -0.000223193
-1.10938e+08 -0.000223247
-1.10965e+08 -0.000223302
-1.10992e+08 -0.000223356
-1.11019e+08 -0.000223411
-1.11046e+08 -0.000223466
-1.11074e+08 -0.00022352
-1.11101e+08 -0.000223575
-1.11128e+08 -0.00022363
-1.11155e+08 -0.000223684
-1.11182e+08 -0.000223739
-1.11209e+08 -0.000223794
-1.11237e+08 -0.000223848
-1.11264e+08 -0.000223903
-1.11291e+08 -0.000223958
-1.11318e+08 -0.000224012
-1.11345e+08 -0.000224067
-1.11372e+08 -0.000224121
-1.11399e+08 -0.000224176
-1.11427e+08 -0.000224231
-1.11454e+08 -0.000224285
-1.11481e+08 -0.00022434
-1.11508e+08 -0.000224395
-1.11535e+08 -0.000224449
-1.11562e+08 -0.000224504
-1.1159e+08 -0.000224559
-1.11617e+08 -0.000224613
-1.11644e+08 -0.000224668
-1.11671e+08 -0.000224723
-1.11698e+08 -0.000224777
-1.11725e+08 -0.000224832
-1.11752e+08 -0.000224886
-1.1178e+08 -0.000224941
-1.11807e+08 -0.000224996
-1.11834e+08 -0.00022505
-1.11861e+08 -0.000225105
-1.11888e+08 -0.00022516
-1.11915e+08 -0.000225214
-1.11943e+08 -0.000225269
-1.1197e+08 -0.000225324
-1.11997e+08 -0.000225378
-1.12024e+08 -0.000225433
-1.12051e+08 -0.000225488
-1.12078e+08 -0.000225542
-1.12106e+08 -0.000225597
-1.12133e+08 -0.000225652
-1.1216e+08 -0.000225706
-1.12187e+08 -0.000225761
-1.12214e+08 -0.000225815
-1.12241e+08 -0.00022587
-1.12268e+08 -0.000225925
-1.12296e+08 -0.000225979
-1.12323e+08 -0.000226034
-1.1235e+08 -0.000226089
-1.12377e+08 -0.000226143
-1.12404e+08 -0.000226198
-1.12431e+08 -0.000226253
-1.12459e+08 -0.000226307
-1.12486e+08 -0.000226362
-1.12513e+08 -0.000226417
-1.1254e+08 -0.000226471
-1.12567e+08 -0.000226526
-1.12594e+08 -0.000226581
-1.12621e+08 -0.000226635
-1.12649e+08 -0.00022669
-1.12676e+08 -0.000226744
-1.12703e+08 -0.000226799
-1.1273e+08 -0.000226854
-1.12757e+08 -0.000226908
-1.12784e+08 -0.000226963
-1.12812e+08 -0.000227018
-1.12839e+08 -0.000227072
-1.12866e+08 -0.000227127
-1.12893e+08 -0.000227182
-1.1292e+08 -0.000227236
-1.12947e+08 -0.000227291
-1.12975e+08 -0.000227346
-1.13002e+08 -0.0002274
-1.13029e+08 -0.000227455
-1.13056e+08 -0.00022751
-1.13083e+08 -0.000227564
-1.1311e+08 -0.000227619
-1.13137e+08 -0.000227674
-1.13165e+08 -0.000227728
-1.13192e+08 -0.000227783
-1.13219e+08 -0.000227837
-1.13246e+08 -0.000227892
-1.13273e+08 -0.000227947
-1.133e+08 -0.000228001
-1.13328e+08 -0.000228056
-1.13355e+08 -0.000228111
-1.13382e+08 -0.000228165
-1.13409e+08 -0.00022822
-1.13436e+08 -0.000228275
-1.13463e+08 -0.000228329
-1.1349e+08 -0.000228384
-1.13518e+08 -0.000228439
-1.13545e+08 -0.000228493
-1.13572e+08 -0.000228548
-1.13599e+08 -0.000228603
-1.13626e+08 -0.000228657
-1.13653e+08 -0.000228712
-1.13681e+08 -0.000228767
-1.13708e+08 -0.000228821
-1.13735e+08 -0.000228876
-1.13762e+08 -0.00022893
-1.13789e+08 -0.000228985
-1.13816e+08 -0.00022904
-1.13844e+08 -0.000229094
-1.13871e+08 -0.000229149
-1.13898e+08 -0.000229204
-1.13925e+08 -0.000229258
-1.13952e+08 -0.000229313
-1.13979e+08 -0.000229368
-1.14006e+08 -0.000229422
-1.14034e+08 -0.000229477
-1.14061e+08 -0.000229532
-1.14088e+08 -0.000229586
-1.14115e+08 -0.000229641
-1.14142e+08 -0.000229696
-1.14169e+08 -0.00022975
-1.14197e+08 -0.000229805
-1.14224e+08 -0.00022986
-1.14251e+08 -0.000229914
-1.14278e+08 -0.000229969
-1.14305e+08 -0.000230024
-1.14332e+08 -0.000230078
-1.1436e+08 -0.000230133
-1.14387e+08 -0.000230188
-1.14414e+08 -0.000230242
-1.14441e+08 -0.000230297
-1.14468e+08 -0.000230351
-1.14495e+08 -0.000230406
-1.14523e+08 -0.000230461
-1.1455e+08 -0.000230515
-1.14577e+08 -0.00023057
-1.14604e+08 -0.000230625
-1.14631e+08 -0.000230679
-1.14658e+08 -0.000230734
-1.14685e+08 -0.000230789
-1.14713e+08 -0.000230843
-1.1474e+08 -0.000230898
-1.14767e+08 -0.000230953
-1.14794e+08 -0.000231007
-1.14821e+08 -0.000231062
-1.14848e+08 -0.000231117
-1.14876e+08 -0.000231171
-1.14903e+08 -0.000231226
-1.1493e+08 -0.000231281
-1.14957e+08 -0.000231335
-1.14984e+08 -0.00023139
-1.15011e+08 -0.000231445
-1.15039e+08 -0.000231499
-1.15066e+08 -0.000231554
-1.15093e+08 -0.000231609
-1.1512e+08 -0.000231663
-1.15147e+08 -0.000231718
-1.15174e+08 -0.000231772
-1.15202e+08 -0.000231827
-1.15229e+08 -0.000231882
-1.15256e+08 -0.000231936
-1.15283e+08 -0.000231991
-1.1531e+08 -0.000232046
-1.15337e+08 -0.0002321
-1.15364e+08 -0.000232155
-1.15392e+08 -0.00023221
-1.15419e+08 -0.000232264
-1.15446e+08 -0.000232319
-1.15473e+08 -0.000232374
-1.155e+08 -0.000232428
-1.15527e+08 -0.000232483
-1.15555e+08 -0.000232538
-1.15582e+08 -0.000232592
-1.15609e+08 -0.000232647
-1.15636e+08 -0.000232702
-1.15663e+08 -0.000232756
-1.1569e+08 -0.000232811
-1.15718e+08 -0.000232866
-1.15745e+08 -0.00023292
-1.15772e+08 -0.000232975
-1.15799e+08 -0.00023303
-1.15826e+08 -0.000233084
-1.15853e+08 -0.000233139
-1.15881e+08 -0.000233194
-1.15908e+08 -0.000233248
-1.15935e+08 -0.000233303
-1.15962e+08 -0.000233358
-1.15989e+08 -0.000233412
-1.16016e+08 -0.000233467
-1.16044e+08 -0.000233522
-1.16071e+08 -0.000233576
-1.16098e+08 -0.000233631
-1.16125e+08 -0.000233686
-1.16152e+08 -0.00023374
-1.16179e+08 -0.000233795
-1.16206e+08 -0.00023385
-1.16234e+08 -0.000233904
-1.16261e+08 -0.000233959
-1.16288e+08 -0.000234013
-1.16315e+08 -0.000234068
-1.16342e+08 -0.000234123
-1.16369e+08 -0.000234177
-1.16397e+08 -0.000234232
-1.16424e+08 -0.000234287
-1.16451e+08 -0.000234341
-1.16478e+08 -0.000234396
-1.16505e+08 -0.000234451
-1.16532e+08 -0.000234505
-1.1656e+08 -0.00023456
-1.16587e+08 -0.000234615
-1.16614e+08 -0.000234669
-1.16641e+08 -0.000234724
-1.16668e+08 -0.000234779
-1.16695e+08 -0.000234833
-1.16723e+08 -0.000234888
-1.1675e+08 -0.000234943
-1.16777e+08 -0.000234997
-1.16804e+08 -0.000235052
-1.16831e+08 -0.000235107
-1.16858e+08 -0.000235161
-1.16886e+08 -0.000235216
-1.16913e+08 -0.000235271
-1.1694e+08 -0.000235325
-1.16967e+08 -0.00023538
-1.16994e+08 -0.000235435
-1.17021e+08 -0.000235489
-1.17049e+08 -0.000235544
-1.17076e+08 -0.000235599
-1.17103e+08 -0.000235653
-1.1713e+08 -0.000235708
-1.17157e+08 -0.000235763
-1.17184e+08 -0.000235817
-1.17211e+08 -0.000235872
-1.17239e+08 -0.000235927
-1.17266e+08 -0.000235981
-1.17293e+08 -0.000236036
-1.1732e+08 -0.000236091
-1.17347e+08 -0.000236145
-1.17374e+08 -0.0002362
-1.17402e+08 -0.000236255
-1.17429e+08 -0.000236309
-1.17456e+08 -0.000236364
-1.17483e+08 -0.000236419
-1.1751e+08 -0.000236473
-1.17537e+08 -0.000236528
-1.17565e+08 -0.000236583
-1.17592e+08 -0.000236637
-1.17619e+08 -0.000236692
-1.17646e+08 -0.000236747
-1.17673e+08 -0.000236801
-1.177e+08 -0.000236856
-1.17728e+08 -0.000236911
-1.17755e+08 -0.000236965
-1.17782e+08 -0.00023702
-1.17809e+08 -0.000237075
-1.17836e+08 -0.000237129
-1.17863e+08 -0.000237184
-1.17891e+08 -0.000237239
-1.17918e+08 -0.000237293
-1.17945e+08 -0.000237348
-1.17972e+08 -0.000237403
-1.17999e+08 -0.000237457
-1.18026e+08 -0.000237512
-1.18054e+08 -0.000237567
-1.18081e+08 -0.000237621
-1.18108e+08 -0.000237676
-1.18135e+08 -0.000237731
-1.18162e+08 -0.000237785
-1.18189e+08 -0.00023784
-1.18217e+08 -0.000237895
-1.18244e+08 -0.000237949
-1.18271e+08 -0.000238004
-1.18298e+08 -0.000238059
-1.18325e+08 -0.000238113
-1.18352e+08 -0.000238168
-1.1838e+08 -0.000238223
-1.18407e+08 -0.000238277
-1.18434e+08 -0.000238332
-1.18461e+08 -0.000238387
-1.18488e+08 -0.000238441
-1.18515e+08 -0.000238496
-1.18543e+08 -0.000238551
-1.1857e+08 -0.000238605
-1.18597e+08 -0.00023866
-1.18624e+08 -0.000238715
-1.18651e+08 -0.000238769
-1.18678e+08 -0.000238824
-1.18706e+08 -0.000238879
-1.18733e+08 -0.000238933
-1.1876e+08 -0.000238988
-1.18787e+08 -0.000239043
-1.18814e+08 -0.000239097
-1.18841e+08 -0.000239152
-1.18869e+08 -0.000239207
-1.18896e+08 -0.000239261
-1.18923e+08 -0.000239316
-1.1895e+08 -0.000239371
-1.18977e+08 -0.000239425
-1.19004e+08 -0.00023948
-1.19032e+08 -0.000239535
-1.19059e+08 -0.000239589
-1.19086e+08 -0.000239644
-1.19113e+08 -0.000239699
-1.1914e+08 -0.000239753
-1.19167e+08 -0.000239808
-1.19195e+08 -0.000239863
-1.19222e+08 -0.000239917
-1.19249e+08 -0.000239972
-1.19276e+08 -0.000240027
-1.19303e+08 -0.000240081
-1.1933e+08 -0.000240136
-1.19358e+08 -0.000240191
-1.19385e+08 -0.000240245
-1.19412e+08 -0.0002403
-1.19439e+08 -0.000240355
-1.19466e+08 -0.000240409
-1.19493e+08 -0.000240464
-1.19521e+08 -0.000240519
-1.19548e+08 -0.000240573
-1.19575e+08 -0.000240628
-1.19602e+08 -0.000240683
-1.19629e+08 -0.000240737
-1.19656e+08 -0.000240792
-1.19684e+08 -0.000240847
-1.19711e+08 -0.000240901
-1.19738e+08 -0.000240956
-1.19765e+08 -0.000241011
-1.19792e+08 -0.000241065
-1.19819e+08 -0.00024112
-1.19847e+08 -0.000241175
-1.19874e+08 -0.000241229
-1.19901e+08 -0.000241284
-1.19928e+08 -0.000241339
-1.19955e+08 -0.000241393
-1.19982e+08 -0.000241448
-1.2001e+08 -0.000241503
-1.20037e+08 -0.000241557
-1.20064e+08 -0.000241612
-1.20091e+08 -0.000241667
-1.20118e+08 -0.000241721
-1.20145e+08 -0.000241776
-1.20173e+08 -0.000241831
-1.202e+08 -0.000241885
-1.20227e+08 -0.00024194
-1.20254e+08 -0.000241995
-1.20281e+08 -0.000242049
-1.20308e+08 -0.000242104
-1.20336e+08 -0.000242159
-1.20363e+08 -0.000242213
-1.2039e+08 -0.000242268
-1.20417e+08 -0.000242323
-1.20444e+08 -0.000242377
-1.20471e+08 -0.000242432
-1.20499e+08 -0.000242487
-1.20526e+08 -0.000242541
-1.20553e+08 -0.000242596
-1.2058e+08 -0.000242651
-1.20607e+08 -0.000242706
-1.20634e+08 -0.00024276
-1.20662e+08 -0.000242815
-1.20689e+08 -0.00024287
-1.20716e+08 -0.000242924
-1.20743e+08 -0.000242979
-1.2077e+08 -0.000243034
-1.20797e+08 -0.000243088
-1.20825e+08 -0.000243143
-1.20852e+08 -0.000243198
-1.20879e+08 -0.000243252
-1.20906e+08 -0.000243307
-1.20933e+08 -0.000243362
-1.2096e+08 -0.000243416
-1.20988e+08 -0.000243471
-1.21015e+08 -0.000243526
-1.21042e+08 -0.00024358
-1.21069e+08 -0.000243635
-1.21096e+08 -0.00024369
-1.21123e+08 -0.000243744
-1.21151e+08 -0.000243799
-1.21178e+08 -0.000243854
-1.21205e+08 -0.000243908
-1.21232e+08 -0.000243963
-1.21259e+08 -0.000244018
-1.21287e+08 -0.000244072
-1.21314e+08 -0.000244127
-1.21341e+08 -0.000244182
-1.21368e+08 -0.000244236
-1.21395e+08 -0.000244291
-1.21422e+08 -0.000244346
-1.2145e+08 -0.0002444
-1.21477e+08 -0.000244455
-1.21504e+08 -0.00024451
-1.21531e+08 -0.000244564
-1.21558e+08 -0.000244619
-1.21585e+08 -0.000244674
-1.21613e+08 -0.000244729
-1.2164e+08 -0.000244783
-1.21667e+08 -0.000244838
-1.21694e+08 -0.000244893
-1.21721e+08 -0.000244947
-1.21748e+08 -0.000245002
-1.21776e+08 -0.000245057
-1.21803e+08 -0.000245111
-1.2183e+08 -0.000245166
-1.21857e+08 -0.000245221
-1.21884e+08 -0.000245275
-1.21911e+08 -0.00024533
-1.21939e+08 -0.000245385
-1.21966e+08 -0.000245439
-1.21993e+08 -0.000245494
-1.2202e+08 -0.000245549
-1.22047e+08 -0.000245603
-1.22074e+08 -0.000245658
-1.22102e+08 -0.000245713
-1.22129e+08 -0.000245767
-1.22156e+08 -0.000245822
-1.22183e+08 -0.000245877
-1.2221e+08 -0.000245931
-1.22237e+08 -0.000245986
-1.22265e+08 -0.000246041
-1.22292e+08 -0.000246095
-1.22319e+08 -0.00024615
-1.22346e+08 -0.000246205
-1.22373e+08 -0.00024626
-1.22401e+08 -0.000246314
-1.22428e+08 -0.000246369
-1.22455e+08 -0.000246424
-1.22482e+08 -0.000246478
-1.22509e+08 -0.000246533
-1.22536e+08 -0.000246588
-1.22564e+08 -0.000246642
-1.22591e+08 -0.000246697
-1.22618e+08 -0.000246752
-1.22645e+08 -0.000246806
-1.22672e+08 -0.000246861
-1.22699e+08 -0.000246916
-1.22727e+08 -0.00024697
-1.22754e+08 -0.000247025
-1.22781e+08 -0.00024708
-1.22808e+08 -0.000247134
-1.22835e+08 -0.000247189
-1.22862e+08 -0.000247244
-1.2289e+08 -0.000247298
-1.22917e+08 -0.000247353
-1.22944e+08 -0.000247408
-1.22971e+08 -0.000247462
-1.22998e+08 -0.000247517
-1.23025e+08 -0.000247572
-1.23053e+08 -0.000247627
-1.2308e+08 -0.000247681
-1.23107e+08 -0.000247736
-1.23134e+08 -0.000247791
-1.23161e+08 -0.000247845
-1.23189e+08 -0.0002479
-1.23216e+08 -0.000247955
-1.23243e+08 -0.000248009
-1.2327e+08 -0.000248064
-1.23297e+08 -0.000248119
-1.23324e+08 -0.000248173
-1.23352e+08 -0.000248228
-1.23379e+08 -0.000248283
-1.23406e+08 -0.000248337
-1.23433e+08 -0.000248392
-1.2346e+08 -0.000248447
-1.23487e+08 -0.000248501
-1.23515e+08 -0.000248556
-1.23542e+08 -0.000248611
-1.23569e+08 -0.000248665
-1.23596e+08 -0.00024872
-1.23623e+08 -0.000248775
-1.2365e+08 -0.00024883
-1.23678e+08 -0.000248884
-1.23705e+08 -0.000248939
-1.23732e+08 -0.000248994
-1.23759e+08 -0.000249048
-1.23786e+08 -0.000249103
-1.23814e+08 -0.000249158
-1.23841e+08 -0.000249212
-1.23868e+08 -0.000249267
-1.23895e+08 -0.000249322
-1.23922e+08 -0.000249376
-1.23949e+08 -0.000249431
-1.23977e+08 -0.000249486
-1.24004e+08 -0.00024954
-1.24031e+08 -0.000249595
-1.24058e+08 -0.00024965
-1.24085e+08 -0.000249704
-1.24112e+08 -0.000249759
-1.2414e+08 -0.000249814
-1.24167e+08 -0.000249869
-1.24194e+08 -0.000249923
-1.24221e+08 -0.000249978
-1.24248e+08 -0.000250033
-1.24275e+08 -0.000250087
-1.24303e+08 -0.000250142
-1.2433e+08 -0.000250197
-1.24357e+08 -0.000250251
-1.24384e+08 -0.000250306
-1.24411e+08 -0.000250361
-1.24439e+08 -0.000250415
-1.24466e+08 -0.00025047
-1.24493e+08 -0.000250525
-1.2452e+08 -0.000250579
-1.24547e+08 -0.000250634
-1.24574e+08 -0.000250689
-1.24602e+08 -0.000250744
-1.24629e+08 -0.000250798
-1.24656e+08 -0.000250853
-1.24683e+08 -0.000250908
-1.2471e+08 -0.000250962
-1.24737e+08 -0.000251017
-1.24765e+08 -0.000251072
-1.24792e+08 -0.000251126
-1.24819e+08 -0.000251181
-1.24846e+08 -0.000251236
-1.24873e+08 -0.00025129
-1.24901e+08 -0.000251345
-1.24928e+08 -0.0002514
-1.24955e+08 -0.000251454
-1.24982e+08 -0.000251509
-1.25009e+08 -0.000251564
-1.25036e+08 -0.000251619
-1.25064e+08 -0.000251673
-1.25091e+08 -0.000251728
-1.25118e+08 -0.000251783
-1.25145e+08 -0.000251837
-1.25172e+08 -0.000251892
-1.25199e+08 -0.000251947
-1.25227e+08 -0.000252001
-1.25254e+08 -0.000252056
-1.25281e+08 -0.000252111
-1.25308e+08 -0.000252165
-1.25335e+08 -0.00025222
-1.25363e+08 -0.000252275
-1.2539e+08 -0.000252329
-1.25417e+08 -0.000252384
-1.25444e+08 -0.000252439
-1.25471e+08 -0.000252494
-1.25498e+08 -0.000252548
-1.25526e+08 -0.000252603
-1.25553e+08 -0.000252658
-1.2558e+08 -0.000252712
-1.25607e+08 -0.000252767
-1.25634e+08 -0.000252822
-1.25661e+08 -0.000252876
-1.25689e+08 -0.000252931
-1.25716e+08 -0.000252986
-1.25743e+08 -0.00025304
-1.2577e+08 -0.000253095
-1.25797e+08 -0.00025315
-1.25825e+08 -0.000253205
-1.25852e+08 -0.000253259
-1.25879e+08 -0.000253314
-1.25906e+08 -0.000253369
-1.25933e+08 -0.000253423
-1.2596e+08 -0.000253478
-1.25988e+08 -0.000253533
-1.26015e+08 -0.000253587
-1.26042e+08 -0.000253642
-1.26069e+08 -0.000253697
-1.26096e+08 -0.000253751
-1.26123e+08 -0.000253806
-1.26151e+08 -0.000253861
-1.26178e+08 -0.000253915
-1.26205e+08 -0.00025397
-1.26232e+08 -0.000254025
-1.26259e+08 -0.00025408
-1.26287e+08 -0.000254134
-1.26314e+08 -0.000254189
-1.26341e+08 -0.000254244
-1.26368e+08 -0.000254298
-1.26395e+08 -0.000254353
-1.26422e+08 -0.000254408
-1.2645e+08 -0.000254462
-1.26477e+08 -0.000254517
-1.26504e+08 -0.000254572
-1.26531e+08 -0.000254626
-1.26558e+08 -0.000254681
-1.26586e+08 -0.000254736
-1.26613e+08 -0.000254791
-1.2664e+08 -0.000254845
-1.26667e+08 -0.0002549
-1.26694e+08 -0.000254955
-1.26721e+08 -0.000255009
-1.26749e+08 -0.000255064
-1.26776e+08 -0.000255119
-1.26803e+08 -0.000255173
-1.2683e+08 -0.000255228
-1.26857e+08 -0.000255283
-1.26884e+08 -0.000255338
-1.26912e+08 -0.000255392
-1.26939e+08 -0.000255447
-1.26966e+08 -0.000255502
-1.26993e+08 -0.000255556
-1.2702e+08 -0.000255611
-1.27048e+08 -0.000255666
-1.27075e+08 -0.00025572
-1.27102e+08 -0.000255775
-1.27129e+08 -0.00025583
-1.27156e+08 -0.000255884
-1.27183e+08 -0.000255939
-1.27211e+08 -0.000255994
-1.27238e+08 -0.000256049
-1.27265e+08 -0.000256103
-1.27292e+08 -0.000256158
-1.27319e+08 -0.000256213
-1.27347e+08 -0.000256267
-1.27374e+08 -0.000256322
-1.27401e+08 -0.000256377
-1.27428e+08 -0.000256431
-1.27455e+08 -0.000256486
-1.27482e+08 -0.000256541
-1.2751e+08 -0.000256595
-1.27537e+08 -0.00025665
-1.27564e+08 -0.000256705
-1.27591e+08 -0.00025676
-1.27618e+08 -0.000256814
-1.27646e+08 -0.000256869
-1.27673e+08 -0.000256924
-1.277e+08 -0.000256978
-1.27727e+08 -0.000257033
-1.27754e+08 -0.000257088
-1.27781e+08 -0.000257142
-1.27809e+08 -0.000257197
-1.27836e+08 -0.000257252
-1.27863e+08 -0.000257307
-1.2789e+08 -0.000257361
-1.27917e+08 -0.000257416
-1.27944e+08 -0.000257471
-1.27972e+08 -0.000257525
-1.27999e+08 -0.00025758
-1.28026e+08 -0.000257635
-1.28053e+08 -0.000257689
-1.2808e+08 -0.000257744
-1.28108e+08 -0.000257799
-1.28135e+08 -0.000257854
-1.28162e+08 -0.000257908
-1.28189e+08 -0.000257963
-1.28216e+08 -0.000258018
-1.28243e+08 -0.000258072
-1.28271e+08 -0.000258127
-1.28298e+08 -0.000258182
-1.28325e+08 -0.000258236
-1.28352e+08 -0.000258291
-1.28379e+08 -0.000258346
-1.28407e+08 -0.000258401
-1.28434e+08 -0.000258455
-1.28461e+08 -0.00025851
-1.28488e+08 -0.000258565
-1.28515e+08 -0.000258619
-1.28542e+08 -0.000258674
-1.2857e+08 -0.000258729
-1.28597e+08 -0.000258783
-1.28624e+08 -0.000258838
-1.28651e+08 -0.000258893
-1.28678e+08 -0.000258948
-1.28706e+08 -0.000259002
-1.28733e+08 -0.000259057
-1.2876e+08 -0.000259112
-1.28787e+08 -0.000259166
-1.28814e+08 -0.000259221
-1.28841e+08 -0.000259276
-1.28869e+08 -0.00025933
-1.28896e+08 -0.000259385
-1.28923e+08 -0.00025944
-1.2895e+08 -0.000259495
-1.28977e+08 -0.000259549
-1.29005e+08 -0.000259604
-1.29032e+08 -0.000259659
-1.29059e+08 -0.000259713
-1.29086e+08 -0.000259768
-1.29113e+08 -0.000259823
-1.2914e+08 -0.000259877
-1.29168e+08 -0.000259932
-1.29195e+08 -0.000259987
-1.29222e+08 -0.000260042
-1.29249e+08 -0.000260096
-1.29276e+08 -0.000260151
-1.29304e+08 -0.000260206
-1.29331e+08 -0.00026026
-1.29358e+08 -0.000260315
-1.29385e+08 -0.00026037
-1.29412e+08 -0.000260424
-1.29439e+08 -0.000260479
-1.29467e+08 -0.000260534
-1.29494e+08 -0.000260589
-1.29521e+08 -0.000260643
-1.29548e+08 -0.000260698
-1.29575e+08 -0.000260753
-1.29603e+08 -0.000260807
-1.2963e+08 -0.000260862
-1.29657e+08 -0.000260917
-1.29684e+08 -0.000260971
-1.29711e+08 -0.000261026
-1.29739e+08 -0.000261081
-1.29766e+08 -0.000261136
-1.29793e+08 -0.00026119
-1.2982e+08 -0.000261245
-1.29847e+08 -0.0002613
-1.29874e+08 -0.000261354
-1.29902e+08 -0.000261409
-1.29929e+08 -0.000261464
-1.29956e+08 -0.000261518
-1.29983e+08 -0.000261573
-1.3001e+08 -0.000261628
-1.30038e+08 -0.000261683
-1.30065e+08 -0.000261737
-1.30092e+08 -0.000261792
-1.30119e+08 -0.000261847
-1.30146e+08 -0.000261901
-1.30173e+08 -0.000261956
-1.30201e+08 -0.000262011
-1.30228e+08 -0.000262066
-1.30255e+08 -0.00026212
-1.30282e+08 -0.000262175
-1.30309e+08 -0.00026223
-1.30337e+08 -0.000262284
-1.30364e+08 -0.000262339
-1.30391e+08 -0.000262394
-1.30418e+08 -0.000262448
-1.30445e+08 -0.000262503
-1.30472e+08 -0.000262558
-1.305e+08 -0.000262613
-1.30527e+08 -0.000262667
-1.30554e+08 -0.000262722
-1.30581e+08 -0.000262777
-1.30608e+08 -0.000262831
-1.30636e+08 -0.000262886
-1.30663e+08 -0.000262941
-1.3069e+08 -0.000262996
-1.30717e+08 -0.00026305
-1.30744e+08 -0.000263105
-1.30772e+08 -0.00026316
-1.30799e+08 -0.000263214
-1.30826e+08 -0.000263269
-1.30853e+08 -0.000263324
-1.3088e+08 -0.000263378
-1.30907e+08 -0.000263433
-1.30935e+08 -0.000263488
-1.30962e+08 -0.000263543
-1.30989e+08 -0.000263597
-1.31016e+08 -0.000263652
-1.31043e+08 -0.000263707
-1.31071e+08 -0.000263761
-1.31098e+08 -0.000263816
-1.31125e+08 -0.000263871
-1.31152e+08 -0.000263926
-1.31179e+08 -0.00026398
-1.31206e+08 -0.000264035
-1.31234e+08 -0.00026409
-1.31261e+08 -0.000264144
-1.31288e+08 -0.000264199
-1.31315e+08 -0.000264254
-1.31342e+08 -0.000264309
-1.3137e+08 -0.000264363
-1.31397e+08 -0.000264418
-1.31424e+08 -0.000264473
-1.31451e+08 -0.000264527
-1.31478e+08 -0.000264582
-1.31506e+08 -0.000264637
-1.31533e+08 -0.000264691
-1.3156e+08 -0.000264746
-1.31587e+08 -0.000264801
-1.31614e+08 -0.000264856
-1.31641e+08 -0.00026491
-1.31669e+08 -0.000264965
-1.31696e+08 -0.00026502
-1.31723e+08 -0.000265074
-1.3175e+08 -0.000265129
-1.31777e+08 -0.000265184
-1.31805e+08 -0.000265239
-1.31832e+08 -0.000265293
-1.31859e+08 -0.000265348
-1.31886e+08 -0.000265403
-1.31913e+08 -0.000265457
-1.31941e+08 -0.000265512
-1.31968e+08 -0.000265567
-1.31995e+08 -0.000265622
-1.32022e+08 -0.000265676
-1.32049e+08 -0.000265731
-1.32076e+08 -0.000265786
-1.32104e+08 -0.00026584
-1.32131e+08 -0.000265895
-1.32158e+08 -0.00026595
-1.32185e+08 -0.000266005
-1.32212e+08 -0.000266059
-1.3224e+08 -0.000266114
-1.32267e+08 -0.000266169
-1.32294e+08 -0.000266223
-1.32321e+08 -0.000266278
-1.32348e+08 -0.000266333
-1.32376e+08 -0.000266387
-1.32403e+08 -0.000266442
-1.3243e+08 -0.000266497
-1.32457e+08 -0.000266552
-1.32484e+08 -0.000266606
-1.32511e+08 -0.000266661
-1.32539e+08 -0.000266716
-1.32566e+08 -0.00026677
-1.32593e+08 -0.000266825
-1.3262e+08 -0.00026688
-1.32647e+08 -0.000266935
-1.32675e+08 -0.000266989
-1.32702e+08 -0.000267044
-1.32729e+08 -0.000267099
-1.32756e+08 -0.000267153
-1.32783e+08 -0.000267208
-1.32811e+08 -0.000267263
-1.32838e+08 -0.000267318
-1.32865e+08 -0.000267372
-1.32892e+08 -0.000267427
-1.32919e+08 -0.000267482
-1.32946e+08 -0.000267536
-1.32974e+08 -0.000267591
-1.33001e+08 -0.000267646
-1.33028e+08 -0.000267701
-1.33055e+08 -0.000267755
-1.33082e+08 -0.00026781
-1.3311e+08 -0.000267865
-1.33137e+08 -0.000267919
-1.33164e+08 -0.000267974
-1.33191e+08 -0.000268029
-1.33218e+08 -0.000268084
-1.33246e+08 -0.000268138
-1.33273e+08 -0.000268193
-1.333e+08 -0.000268248
-1.33327e+08 -0.000268302
-1.33354e+08 -0.000268357
-1.33381e+08 -0.000268412
-1.33409e+08 -0.000268467
-1.33436e+08 -0.000268521
-1.33463e+08 -0.000268576
-1.3349e+08 -0.000268631
-1.33517e+08 -0.000268685
-1.33545e+08 -0.00026874
-1.33572e+08 -0.000268795
-1.33599e+08 -0.00026885
-1.33626e+08 -0.000268904
-1.33653e+08 -0.000268959
-1.33681e+08 -0.000269014
-1.33708e+08 -0.000269068
-1.33735e+08 -0.000269123
-1.33762e+08 -0.000269178
-1.33789e+08 -0.000269233
-1.33817e+08 -0.000269287
-1.33844e+08 -0.000269342
-1.33871e+08 -0.000269397
-1.33898e+08 -0.000269451
-1.33925e+08 -0.000269506
-1.33952e+08 -0.000269561
-1.3398e+08 -0.000269616
-1.34007e+08 -0.00026967
-1.34034e+08 -0.000269725
-1.34061e+08 -0.00026978
-1.34088e+08 -0.000269834
-1.34116e+08 -0.000269889
-1.34143e+08 -0.000269944
-1.3417e+08 -0.000269999
-1.34197e+08 -0.000270053
-1.34224e+08 -0.000270108
-1.34252e+08 -0.000270163
-1.34279e+08 -0.000270218
-1.34306e+08 -0.000270272
-1.34333e+08 -0.000270327
-1.3436e+08 -0.000270382
-1.34388e+08 -0.000270436
-1.34415e+08 -0.000270491
-1.34442e+08 -0.000270546
-1.34469e+08 -0.000270601
-1.34496e+08 -0.000270655
-1.34523e+08 -0.00027071
-1.34551e+08 -0.000270765
-1.34578e+08 -0.000270819
-1.34605e+08 -0.000270874
-1.34632e+08 -0.000270929
-1.34659e+08 -0.000270984
-1.34687e+08 -0.000271038
-1.34714e+08 -0.000271093
-1.34741e+08 -0.000271148
-1.34768e+08 -0.000271202
-1.34795e+08 -0.000271257
-1.34823e+08 -0.000271312
-1.3485e+08 -0.000271367
-1.34877e+08 -0.000271421
-1.34904e+08 -0.000271476
-1.34931e+08 -0.000271531
-1.34959e+08 -0.000271585
-1.34986e+08 -0.00027164
-1.35013e+08 -0.000271695
-1.3504e+08 -0.00027175
-1.35067e+08 -0.000271804
-1.35095e+08 -0.000271859
-1.35122e+08 -0.000271914
-1.35149e+08 -0.000271969
-1.35176e+08 -0.000272023
-1.35203e+08 -0.000272078
-1.3523e+08 -0.000272133
-1.35258e+08 -0.000272187
-1.35285e+08 -0.000272242
-1.35312e+08 -0.000272297
-1.35339e+08 -0.000272352
-1.35366e+08 -0.000272406
-1.35394e+08 -0.000272461
-1.35421e+08 -0.000272516
-1.35448e+08 -0.00027257
-1.35475e+08 -0.000272625
-1.35502e+08 -0.00027268
-1.3553e+08 -0.000272735
-1.35557e+08 -0.000272789
-1.35584e+08 -0.000272844
-1.35611e+08 -0.000272899
-1.35638e+08 -0.000272954
-1.35666e+08 -0.000273008
-1.35693e+08 -0.000273063
-1.3572e+08 -0.000273118
-1.35747e+08 -0.000273172
-1.35774e+08 -0.000273227
-1.35802e+08 -0.000273282
-1.35829e+08 -0.000273337
-1.35856e+08 -0.000273391
-1.35883e+08 -0.000273446
-1.3591e+08 -0.000273501
-1.35937e+08 -0.000273555
-1.35965e+08 -0.00027361
-1.35992e+08 -0.000273665
-1.36019e+08 -0.00027372
-1.36046e+08 -0.000273774
-1.36073e+08 -0.000273829
-1.36101e+08 -0.000273884
-1.36128e+08 -0.000273939
-1.36155e+08 -0.000273993
-1.36182e+08 -0.000274048
-1.36209e+08 -0.000274103
-1.36237e+08 -0.000274157
-1.36264e+08 -0.000274212
-1.36291e+08 -0.000274267
-1.36318e+08 -0.000274322
-1.36345e+08 -0.000274376
-1.36373e+08 -0.000274431
-1.364e+08 -0.000274486
-1.36427e+08 -0.00027454
-1.36454e+08 -0.000274595
-1.36481e+08 -0.00027465
-1.36509e+08 -0.000274705
-1.36536e+08 -0.000274759
-1.36563e+08 -0.000274814
-1.3659e+08 -0.000274869
-1.36617e+08 -0.000274924
-1.36645e+08 -0.000274978
-1.36672e+08 -0.000275033
-1.36699e+08 -0.000275088
-1.36726e+08 -0.000275142
-1.36753e+08 -0.000275197
-1.36781e+08 -0.000275252
-1.36808e+08 -0.000275307
-1.36835e+08 -0.000275361
-1.36862e+08 -0.000275416
-1.36889e+08 -0.000275471
-1.36916e+08 -0.000275526
-1.36944e+08 -0.00027558
-1.36971e+08 -0.000275635
-1.36998e+08 -0.00027569
-1.37025e+08 -0.000275744
-1.37052e+08 -0.000275799
-1.3708e+08 -0.000275854
-1.37107e+08 -0.000275909
-1.37134e+08 -0.000275963
-1.37161e+08 -0.000276018
-1.37188e+08 -0.000276073
-1.37216e+08 -0.000276128
-1.37243e+08 -0.000276182
-1.3727e+08 -0.000276237
-1.37297e+08 -0.000276292
-1.37324e+08 -0.000276346
-1.37352e+08 -0.000276401
-1.37382e+08 -0.000276463
-1.37422e+08 -0.000276544
-1.37463e+08 -0.000276624
-1.37503e+08 -0.000276705
-1.37543e+08 -0.000276786
-1.37583e+08 -0.000276866
-1.37623e+08 -0.000276947
-1.37663e+08 -0.000277027
-1.37703e+08 -0.000277108
-1.37743e+08 -0.000277189
-1.37783e+08 -0.000277269
-1.37823e+08 -0.00027735
-1.37863e+08 -0.000277431
-1.37903e+08 -0.000277511
-1.37943e+08 -0.000277592
-1.37983e+08 -0.000277672
-1.38023e+08 -0.000277753
-1.38063e+08 -0.000277834
-1.38104e+08 -0.000277914
-1.38144e+08 -0.000277995
-1.38184e+08 -0.000278076
-1.38224e+08 -0.000278156
-1.38264e+08 -0.000278237
-1.38304e+08 -0.000278318
-1.38344e+08 -0.000278398
-1.38384e+08 -0.000278479
-1.38424e+08 -0.000278559
-1.38464e+08 -0.00027864
-1.38504e+08 -0.000278721
-1.38544e+08 -0.000278801
-1.38584e+08 -0.000278882
-1.38625e+08 -0.000278963
-1.38665e+08 -0.000279043
-1.38705e+08 -0.000279124
-1.38745e+08 -0.000279205
-1.38785e+08 -0.000279285
-1.38825e+08 -0.000279366
-1.38865e+08 -0.000279447
-1.38905e+08 -0.000279527
-1.38945e+08 -0.000279608
-1.38985e+08 -0.000279689
-1.39025e+08 -0.000279769
-1.39065e+08 -0.00027985
-1.39105e+08 -0.000279931
-1.39146e+08 -0.000280011
-1.39186e+08 -0.000280092
-1.39226e+08 -0.000280173
-1.39266e+08 -0.000280253
-1.39306e+08 -0.000280334
-1.39346e+08 -0.000280415
-1.39386e+08 -0.000280495
-1.39426e+08 -0.000280576
-1.39466e+08 -0.000280657
-1.39506e+08 -0.000280737
-1.39546e+08 -0.000280818
-1.39586e+08 -0.000280899
-1.39627e+08 -0.000280979
-1.39667e+08 -0.00028106
-1.39707e+08 -0.000281141
-1.39747e+08 -0.000281221
-1.39787e+08 -0.000281302
-1.39827e+08 -0.000281383
-1.39867e+08 -0.000281463
-1.39907e+08 -0.000281544
-1.39896e+08 -0.000281522
-1.3988e+08 -0.000281489
-1.39864e+08 -0.000281456
-1.39847e+08 -0.000281423
-1.39831e+08 -0.00028139
-1.39814e+08 -0.000281357
-1.39798e+08 -0.000281324
-1.39781e+08 -0.000281291
-1.39765e+08 -0.000281258
-1.39749e+08 -0.000281225
-1.39732e+08 -0.000281192
-1.39716e+08 -0.000281158
-1.39699e+08 -0.000281125
-1.39683e+08 -0.000281092
-1.39666e+08 -0.000281059
-1.3965e+08 -0.000281026
-1.39633e+08 -0.000280993
-1.39617e+08 -0.00028096
-1.39601e+08 -0.000280927
-1.39584e+08 -0.000280894
-1.39568e+08 -0.000280861
-1.39551e+08 -0.000280828
-1.39535e+08 -0.000280795
-1.39518e+08 -0.000280762
-1.39502e+08 -0.000280729
-1.39486e+08 -0.000280695
-1.39469e+08 -0.000280662
-1.39453e+08 -0.000280629
-1.39436e+08 -0.000280596
-1.3942e+08 -0.000280563
-1.39403e+08 -0.00028053
-1.39387e+08 -0.000280497
-1.39371e+08 -0.000280464
-1.39354e+08 -0.000280431
-1.39338e+08 -0.000280398
-1.39321e+08 -0.000280365
-1.39305e+08 -0.000280332
-1.39288e+08 -0.000280299
-1.39272e+08 -0.000280266
-1.39256e+08 -0.000280232
-1.39239e+08 -0.000280199
-1.39223e+08 -0.000280166
-1.39206e+08 -0.000280133
-1.3919e+08 -0.0002801
-1.39173e+08 -0.000280067
-1.39157e+08 -0.000280034
-1.3914e+08 -0.000280001
-1.39124e+08 -0.000279968
-1.39108e+08 -0.000279935
-1.39091e+08 -0.000279902
-1.39075e+08 -0.000279869
-1.39058e+08 -0.000279836
-1.39042e+08 -0.000279803
-1.39025e+08 -0.00027977
-1.39009e+08 -0.000279736
-1.38993e+08 -0.000279703
-1.38976e+08 -0.00027967
-1.3896e+08 -0.000279637
-1.38943e+08 -0.000279604
-1.38927e+08 -0.000279571
-1.3891e+08 -0.000279538
-1.38894e+08 -0.000279505
-1.38878e+08 -0.000279472
-1.38861e+08 -0.000279439
-1.38845e+08 -0.000279406
-1.38828e+08 -0.000279373
-1.38812e+08 -0.00027934
-1.38795e+08 -0.000279307
-1.38779e+08 -0.000279274
-1.38763e+08 -0.00027924
-1.38746e+08 -0.000279207
-1.3873e+08 -0.000279174
-1.38713e+08 -0.000279141
-1.38697e+08 -0.000279108
-1.3868e+08 -0.000279075
-1.38664e+08 -0.000279042
-1.38647e+08 -0.000279009
-1.38631e+08 -0.000278976
-1.38615e+08 -0.000278943
-1.38598e+08 -0.00027891
-1.38582e+08 -0.000278877
-1.38565e+08 -0.000278844
-1.38549e+08 -0.000278811
-1.38532e+08 -0.000278778
-1.38516e+08 -0.000278744
-1.385e+08 -0.000278711
-1.38483e+08 -0.000278678
-1.38467e+08 -0.000278645
-1.3845e+08 -0.000278612
-1.38434e+08 -0.000278579
-1.38417e+08 -0.000278546
-1.38401e+08 -0.000278513
-1.38385e+08 -0.00027848
-1.38368e+08 -0.000278447
-1.38352e+08 -0.000278414
-1.38335e+08 -0.000278381
-1.38319e+08 -0.000278348
-1.38302e+08 -0.000278315
-1.38286e+08 -0.000278282
-1.3827e+08 -0.000278248
-1.38253e+08 -0.000278215
-1.38237e+08 -0.000278182
-1.3822e+08 -0.000278149
-1.38204e+08 -0.000278116
-1.38187e+08 -0.000278083
-1.38171e+08 -0.00027805
-1.38155e+08 -0.000278017
-1.38138e+08 -0.000277984
-1.38122e+08 -0.000277951
-1.38105e+08 -0.000277918
-1.38089e+08 -0.000277885
-1.38072e+08 -0.000277852
-1.38056e+08 -0.000277819
-1.3804e+08 -0.000277786
-1.38023e+08 -0.000277752
-1.38007e+08 -0.000277719
-1.3799e+08 -0.000277686
-1.37974e+08 -0.000277653
-1.37957e+08 -0.00027762
-1.37941e+08 -0.000277587
-1.37925e+08 -0.000277554
-1.37908e+08 -0.000277521
-1.37892e+08 -0.000277488
-1.37875e+08 -0.000277455
-1.37859e+08 -0.000277422
-1.37842e+08 -0.000277389
-1.37826e+08 -0.000277356
-1.37809e+08 -0.000277323
-1.37793e+08 -0.00027729
-1.37777e+08 -0.000277256
-1.3776e+08 -0.000277223
-1.37744e+08 -0.00027719
-1.37727e+08 -0.000277157
-1.37711e+08 -0.000277124
-1.37694e+08 -0.000277091
-1.37678e+08 -0.000277058
-1.37662e+08 -0.000277025
-1.37645e+08 -0.000276992
-1.37629e+08 -0.000276959
-1.37612e+08 -0.000276926
-1.37596e+08 -0.000276893
-1.37579e+08 -0.00027686
-1.37563e+08 -0.000276827
-1.37547e+08 -0.000276794
-1.3753e+08 -0.000276761
-1.37514e+08 -0.000276727
-1.37497e+08 -0.000276694
-1.37481e+08 -0.000276661
-1.37464e+08 -0.000276628
-1.37448e+08 -0.000276595
-1.37432e+08 -0.000276562
-1.37415e+08 -0.000276529
-1.37399e+08 -0.000276496
-1.37382e+08 -0.000276463
-1.37366e+08 -0.00027643
-1.37349e+08 -0.000276397
-1.37333e+08 -0.000276364
-1.37317e+08 -0.000276331
-1.373e+08 -0.000276298
-1.37284e+08 -0.000276265
-1.37267e+08 -0.000276232
-1.37251e+08 -0.000276198
-1.37234e+08 -0.000276165
-1.37218e+08 -0.000276132
-1.37202e+08 -0.000276099
-1.37185e+08 -0.000276066
-1.37169e+08 -0.000276033
-1.37152e+08 -0.000276
-1.37136e+08 -0.000275967
-1.37119e+08 -0.000275934
-1.37103e+08 -0.000275901
-1.37087e+08 -0.000275868
-1.3707e+08 -0.000275835
-1.37054e+08 -0.000275802
-1.37037e+08 -0.000275769
-1.37021e+08 -0.000275736
-1.37004e+08 -0.000275703
-1.36988e+08 -0.000275669
-1.36972e+08 -0.000275636
-1.36955e+08 -0.000275603
-1.36939e+08 -0.00027557
-1.36922e+08 -0.000275537
-1.36906e+08 -0.000275504
-1.36889e+08 -0.000275471
-1.36873e+08 -0.000275438
-1.36857e+08 -0.000275405
-1.3684e+08 -0.000275372
-1.36824e+08 -0.000275339
-1.36807e+08 -0.000275306
-1.36791e+08 -0.000275273
-1.36774e+08 -0.00027524
-1.36758e+08 -0.000275207
-1.36742e+08 -0.000275174
-1.36725e+08 -0.00027514
-1.36709e+08 -0.000275107
-1.36692e+08 -0.000275074
-1.36676e+08 -0.000275041
-1.36659e+08 -0.000275008
-1.36643e+08 -0.000274975
-1.36627e+08 -0.000274942
-1.3661e+08 -0.000274909
-1.36594e+08 -0.000274876
-1.36577e+08 -0.000274843
-1.36561e+08 -0.00027481
-1.36544e+08 -0.000274777
-1.36528e+08 -0.000274744
-1.36512e+08 -0.000274711
-1.36495e+08 -0.000274678
-1.36479e+08 -0.000274645
-1.36462e+08 -0.000274612
-1.36446e+08 -0.000274578
-1.36429e+08 -0.000274545
-1.36413e+08 -0.000274512
-1.36397e+08 -0.000274479
-1.3638e+08 -0.000274446
-1.36364e+08 -0.000274413
-1.36347e+08 -0.00027438
-1.36331e+08 -0.000274347
-1.36314e+08 -0.000274314
-1.36298e+08 -0.000274281
-1.36282e+08 -0.000274248
-1.36265e+08 -0.000274215
-1.36249e+08 -0.000274182
-1.36232e+08 -0.000274149
-1.36216e+08 -0.000274116
-1.36199e+08 -0.000274083
-1.36183e+08 -0.00027405
-1.36167e+08 -0.000274016
-1.3615e+08 -0.000273983
-1.36134e+08 -0.00027395
-1.36117e+08 -0.000273917
-1.36101e+08 -0.000273884
-1.36084e+08 -0.000273851
-1.36068e+08 -0.000273818
-1.36052e+08 -0.000273785
-1.36035e+08 -0.000273752
-1.36019e+08 -0.000273719
-1.36002e+08 -0.000273686
-1.35986e+08 -0.000273653
-1.35969e+08 -0.00027362
-1.35953e+08 -0.000273587
-1.35937e+08 -0.000273554
-1.3592e+08 -0.000273521
-1.35904e+08 -0.000273488
-1.35887e+08 -0.000273454
-1.35871e+08 -0.000273421
-1.35854e+08 -0.000273388
-1.35838e+08 -0.000273355
-1.35822e+08 -0.000273322
-1.35805e+08 -0.000273289
-1.35789e+08 -0.000273256
-1.35772e+08 -0.000273223
-1.35756e+08 -0.00027319
-1.35739e+08 -0.000273157
-1.35723e+08 -0.000273124
-1.35707e+08 -0.000273091
-1.3569e+08 -0.000273058
-1.35674e+08 -0.000273025
-1.35657e+08 -0.000272992
-1.35641e+08 -0.000272959
-1.35624e+08 -0.000272926
-1.35608e+08 -0.000272893
-1.35592e+08 -0.000272859
-1.35575e+08 -0.000272826
-1.35559e+08 -0.000272793
-1.35542e+08 -0.00027276
-1.35526e+08 -0.000272727
-1.35509e+08 -0.000272694
-1.35493e+08 -0.000272661
-1.35477e+08 -0.000272628
-1.3546e+08 -0.000272595
-1.35444e+08 -0.000272562
-1.35427e+08 -0.000272529
-1.35411e+08 -0.000272496
-1.35395e+08 -0.000272463
-1.35378e+08 -0.00027243
-1.35362e+08 -0.000272397
-1.35345e+08 -0.000272364
-1.35329e+08 -0.000272331
-1.35312e+08 -0.000272298
-1.35296e+08 -0.000272264
-1.3528e+08 -0.000272231
-1.35263e+08 -0.000272198
-1.35247e+08 -0.000272165
-1.3523e+08 -0.000272132
-1.35214e+08 -0.000272099
-1.35197e+08 -0.000272066
-1.35181e+08 -0.000272033
-1.35165e+08 -0.000272
-1.35148e+08 -0.000271967
-1.35132e+08 -0.000271934
-1.35115e+08 -0.000271901
-1.35099e+08 -0.000271868
-1.35082e+08 -0.000271835
-1.35066e+08 -0.000271802
-1.3505e+08 -0.000271769
-1.35033e+08 -0.000271736
-1.35017e+08 -0.000271703
-1.35e+08 -0.000271669
-1.34984e+08 -0.000271636
-1.34967e+08 -0.000271603
-1.34951e+08 -0.00027157
-1.34935e+08 -0.000271537
-1.34918e+08 -0.000271504
-1.34902e+08 -0.000271471
-1.34885e+08 -0.000271438
-1.34869e+08 -0.000271405
-1.34852e+08 -0.000271372
-1.34836e+08 -0.000271339
-1.3482e+08 -0.000271306
-1.34803e+08 -0.000271273
-1.34787e+08 -0.00027124
-1.3477e+08 -0.000271207
-1.34754e+08 -0.000271174
-1.34737e+08 -0.000271141
-1.34721e+08 -0.000271108
-1.34705e+08 -0.000271074
-1.34688e+08 -0.000271041
-1.34672e+08 -0.000271008
-1.34655e+08 -0.000270975
-1.34639e+08 -0.000270942
-1.34623e+08 -0.000270909
-1.34606e+08 -0.000270876
-1.3459e+08 -0.000270843
-1.34573e+08 -0.00027081
-1.34557e+08 -0.000270777
-1.3454e+08 -0.000270744
-1.34524e+08 -0.000270711
-1.34508e+08 -0.000270678
-1.34491e+08 -0.000270645
-1.34475e+08 -0.000270612
-1.34458e+08 -0.000270579
-1.34442e+08 -0.000270546
-1.34425e+08 -0.000270513
-1.34409e+08 -0.00027048
-1.34393e+08 -0.000270446
-1.34376e+08 -0.000270413
-1.3436e+08 -0.00027038
-1.34343e+08 -0.000270347
-1.34327e+08 -0.000270314
-1.3431e+08 -0.000270281
-1.34294e+08 -0.000270248
-1.34278e+08 -0.000270215
-1.34261e+08 -0.000270182
-1.34245e+08 -0.000270149
-1.34228e+08 -0.000270116
-1.34212e+08 -0.000270083
-1.34195e+08 -0.00027005
-1.34179e+08 -0.000270017
-1.34163e+08 -0.000269984
-1.34146e+08 -0.000269951
-1.3413e+08 -0.000269918
-1.34113e+08 -0.000269885
-1.34097e+08 -0.000269852
-1.3408e+08 -0.000269819
-1.34064e+08 -0.000269785
-1.34048e+08 -0.000269752
-1.34031e+08 -0.000269719
-1.34015e+08 -0.000269686
-1.33998e+08 -0.000269653
-1.33982e+08 -0.00026962
-1.33966e+08 -0.000269587
-1.33949e+08 -0.000269554
-1.33933e+08 -0.000269521
-1.33916e+08 -0.000269488
-1.339e+08 -0.000269455
-1.33883e+08 -0.000269422
-1.33867e+08 -0.000269389
-1.33851e+08 -0.000269356
-1.33834e+08 -0.000269323
-1.33818e+08 -0.00026929
-1.33801e+08 -0.000269257
-1.33785e+08 -0.000269224
-1.33768e+08 -0.000269191
-1.33752e+08 -0.000269158
-1.33736e+08 -0.000269124
-1.33719e+08 -0.000269091
-1.33703e+08 -0.000269058
-1.33686e+08 -0.000269025
-1.3367e+08 -0.000268992
-1.33653e+08 -0.000268959
-1.33637e+08 -0.000268926
-1.33621e+08 -0.000268893
-1.33604e+08 -0.00026886
-1.33588e+08 -0.000268827
-1.33571e+08 -0.000268794
-1.33555e+08 -0.000268761
-1.33539e+08 -0.000268728
-1.33522e+08 -0.000268695
-1.33506e+08 -0.000268662
-1.33489e+08 -0.000268629
-1.33473e+08 -0.000268596
-1.33456e+08 -0.000268563
-1.3344e+08 -0.00026853
-1.33424e+08 -0.000268497
-1.33407e+08 -0.000268463
-1.33391e+08 -0.00026843
-1.33374e+08 -0.000268397
-1.33358e+08 -0.000268364
-1.33341e+08 -0.000268331
-1.33325e+08 -0.000268298
-1.33309e+08 -0.000268265
-1.33292e+08 -0.000268232
-1.33276e+08 -0.000268199
-1.33259e+08 -0.000268166
-1.33243e+08 -0.000268133
-1.33226e+08 -0.0002681
-1.3321e+08 -0.000268067
-1.33194e+08 -0.000268034
-1.33177e+08 -0.000268001
-1.33161e+08 -0.000267968
-1.33144e+08 -0.000267935
-1.33128e+08 -0.000267902
-1.33112e+08 -0.000267869
-1.33095e+08 -0.000267836
-1.33079e+08 -0.000267803
-1.33062e+08 -0.000267769
-1.33046e+08 -0.000267736
-1.33029e+08 -0.000267703
-1.33013e+08 -0.00026767
-1.32997e+08 -0.000267637
-1.3298e+08 -0.000267604
-1.32964e+08 -0.000267571
-1.32947e+08 -0.000267538
-1.32931e+08 -0.000267505
-1.32914e+08 -0.000267472
-1.32898e+08 -0.000267439
-1.32882e+08 -0.000267406
-1.32865e+08 -0.000267373
-1.32849e+08 -0.00026734
-1.32832e+08 -0.000267307
-1.32816e+08 -0.000267274
-1.328e+08 -0.000267241
-1.32783e+08 -0.000267208
-1.32767e+08 -0.000267175
-1.3275e+08 -0.000267142
-1.32734e+08 -0.000267109
-1.32717e+08 -0.000267075
-1.32701e+08 -0.000267042
-1.32685e+08 -0.000267009
-1.32668e+08 -0.000266976
-1.32652e+08 -0.000266943
-1.32635e+08 -0.00026691
-1.32619e+08 -0.000266877
-1.32602e+08 -0.000266844
-1.32586e+08 -0.000266811
-1.3257e+08 -0.000266778
-1.32553e+08 -0.000266745
-1.32537e+08 -0.000266712
-1.3252e+08 -0.000266679
-1.32504e+08 -0.000266646
-1.32488e+08 -0.000266613
-1.32471e+08 -0.00026658
-1.32455e+08 -0.000266547
-1.32438e+08 -0.000266514
-1.32422e+08 -0.000266481
-1.32405e+08 -0.000266448
-1.32389e+08 -0.000266415
-1.32373e+08 -0.000266382
-1.32356e+08 -0.000266348
-1.3234e+08 -0.000266315
-1.32323e+08 -0.000266282
-1.32307e+08 -0.000266249
-1.3229e+08 -0.000266216
-1.32274e+08 -0.000266183
-1.32258e+08 -0.00026615
-1.32241e+08 -0.000266117
-1.32225e+08 -0.000266084
-1.32208e+08 -0.000266051
-1.32192e+08 -0.000266018
-1.32176e+08 -0.000265985
-1.32159e+08 -0.000265952
-1.32143e+08 -0.000265919
-1.32126e+08 -0.000265886
-1.3211e+08 -0.000265853
-1.32093e+08 -0.00026582
-1.32077e+08 -0.000265787
-1.32061e+08 -0.000265754
-1.32044e+08 -0.000265721
-1.32028e+08 -0.000265688
-1.32011e+08 -0.000265655
-1.31995e+08 -0.000265622
-1.31978e+08 -0.000265588
-1.31962e+08 -0.000265555
-1.31946e+08 -0.000265522
-1.31929e+08 -0.000265489
-1.31913e+08 -0.000265456
-1.31896e+08 -0.000265423
-1.3188e+08 -0.00026539
-1.31864e+08 -0.000265357
-1.31847e+08 -0.000265324
-1.31831e+08 -0.000265291
-1.31814e+08 -0.000265258
-1.31798e+08 -0.000265225
-1.31781e+08 -0.000265192
-1.31765e+08 -0.000265159
-1.31749e+08 -0.000265126
-1.31732e+08 -0.000265093
-1.31716e+08 -0.00026506
-1.31699e+08 -0.000265027
-1.31683e+08 -0.000264994
-1.31666e+08 -0.000264961
-1.3165e+08 -0.000264928
-1.31634e+08 -0.000264895
-1.31617e+08 -0.000264862
-1.31601e+08 -0.000264828
-1.31584e+08 -0.000264795
-1.31568e+08 -0.000264762
-1.31552e+08 -0.000264729
-1.31535e+08 -0.000264696
-1.31519e+08 -0.000264663
-1.31502e+08 -0.00026463
-1.31486e+08 -0.000264597
-1.31469e+08 -0.000264564
-1.31453e+08 -0.000264531
-1.31437e+08 -0.000264498
-1.3142e+08 -0.000264465
-1.31404e+08 -0.000264432
-1.31387e+08 -0.000264399
-1.31371e+08 -0.000264366
-1.31355e+08 -0.000264333
-1.31338e+08 -0.0002643
-1.31322e+08 -0.000264267
-1.31305e+08 -0.000264234
-1.31289e+08 -0.000264201
-1.31272e+08 -0.000264168
-1.31256e+08 -0.000264135
-1.3124e+08 -0.000264102
-1.31223e+08 -0.000264069
-1.31207e+08 -0.000264035
-1.3119e+08 -0.000264002
-1.31174e+08 -0.000263969
-1.31157e+08 -0.000263936
-1.31141e+08 -0.000263903
-1.31125e+08 -0.00026387
-1.31108e+08 -0.000263837
-1.31092e+08 -0.000263804
-1.31075e+08 -0.000263771
-1.31059e+08 -0.000263738
-1.31043e+08 -0.000263705
-1.31026e+08 -0.000263672
-1.3101e+08 -0.000263639
-1.30993e+08 -0.000263606
-1.30977e+08 -0.000263573
-1.3096e+08 -0.00026354
-1.30944e+08 -0.000263507
-1.30928e+08 -0.000263474
-1.30911e+08 -0.000263441
-1.30895e+08 -0.000263408
-1.30878e+08 -0.000263375
-1.30862e+08 -0.000263342
-1.30846e+08 -0.000263309
-1.30829e+08 -0.000263276
-1.30813e+08 -0.000263243
-1.30796e+08 -0.000263209
-1.3078e+08 -0.000263176
-1.30763e+08 -0.000263143
-1.30747e+08 -0.00026311
-1.30731e+08 -0.000263077
-1.30714e+08 -0.000263044
-1.30698e+08 -0.000263011
-1.30681e+08 -0.000262978
-1.30665e+08 -0.000262945
-1.30649e+08 -0.000262912
-1.30632e+08 -0.000262879
-1.30616e+08 -0.000262846
-1.30599e+08 -0.000262813
-1.30583e+08 -0.00026278
-1.30566e+08 -0.000262747
-1.3055e+08 -0.000262714
-1.30534e+08 -0.000262681
-1.30517e+08 -0.000262648
-1.30501e+08 -0.000262615
-1.30484e+08 -0.000262582
-1.30468e+08 -0.000262549
-1.30452e+08 -0.000262516
-1.30435e+08 -0.000262483
-1.30419e+08 -0.00026245
-1.30402e+08 -0.000262417
-1.30386e+08 -0.000262384
-1.30369e+08 -0.00026235
-1.30353e+08 -0.000262317
-1.30337e+08 -0.000262284
-1.3032e+08 -0.000262251
-1.30304e+08 -0.000262218
-1.30287e+08 -0.000262185
-1.30271e+08 -0.000262152
-1.30254e+08 -0.000262119
-1.30238e+08 -0.000262086
-1.30222e+08 -0.000262053
-1.30205e+08 -0.00026202
-1.30189e+08 -0.000261987
-1.30172e+08 -0.000261954
-1.30156e+08 -0.000261921
-1.3014e+08 -0.000261888
-1.30123e+08 -0.000261855
-1.30107e+08 -0.000261822
-1.3009e+08 -0.000261789
-1.30074e+08 -0.000261756
-1.30057e+08 -0.000261723
-1.30041e+08 -0.00026169
-1.30025e+08 -0.000261657
-1.30008e+08 -0.000261624
-1.29992e+08 -0.000261591
-1.29975e+08 -0.000261558
-1.29959e+08 -0.000261525
-1.29943e+08 -0.000261492
-1.29926e+08 -0.000261458
-1.2991e+08 -0.000261425
-1.29893e+08 -0.000261392
-1.29877e+08 -0.000261359
-1.2986e+08 -0.000261326
-1.29844e+08 -0.000261293
-1.29828e+08 -0.00026126
-1.29811e+08 -0.000261227
-1.29795e+08 -0.000261194
-1.29778e+08 -0.000261161
-1.29762e+08 -0.000261128
-1.29746e+08 -0.000261095
-1.29729e+08 -0.000261062
-1.29713e+08 -0.000261029
-1.29696e+08 -0.000260996
-1.2968e+08 -0.000260963
-1.29663e+08 -0.00026093
-1.29647e+08 -0.000260897
-1.29631e+08 -0.000260864
-1.29614e+08 -0.000260831
-1.29598e+08 -0.000260798
-1.29581e+08 -0.000260765
-1.29565e+08 -0.000260732
-1.29549e+08 -0.000260699
-1.29532e+08 -0.000260666
-1.29516e+08 -0.000260633
-1.29499e+08 -0.0002606
-1.29483e+08 -0.000260567
-1.29466e+08 -0.000260533
-1.2945e+08 -0.0002605
-1.29434e+08 -0.000260467
-1.29417e+08 -0.000260434
-1.29401e+08 -0.000260401
-1.29384e+08 -0.000260368
-1.29368e+08 -0.000260335
-1.29352e+08 -0.000260302
-1.29335e+08 -0.000260269
-1.29319e+08 -0.000260236
-1.29302e+08 -0.000260203
-1.29286e+08 -0.00026017
-1.2927e+08 -0.000260137
-1.29253e+08 -0.000260104
-1.29237e+08 -0.000260071
-1.2922e+08 -0.000260038
-1.29204e+08 -0.000260005
-1.29187e+08 -0.000259972
-1.29171e+08 -0.000259939
-1.29155e+08 -0.000259906
-1.29138e+08 -0.000259873
-1.29122e+08 -0.00025984
-1.29105e+08 -0.000259807
-1.29089e+08 -0.000259774
-1.29073e+08 -0.000259741
-1.29056e+08 -0.000259708
-1.2904e+08 -0.000259675
-1.29023e+08 -0.000259642
-1.29007e+08 -0.000259609
-1.2899e+08 -0.000259575
-1.28974e+08 -0.000259542
-1.28958e+08 -0.000259509
-1.28941e+08 -0.000259476
-1.28925e+08 -0.000259443
-1.28908e+08 -0.00025941
-1.28892e+08 -0.000259377
-1.28876e+08 -0.000259344
-1.28859e+08 -0.000259311
-1.28843e+08 -0.000259278
-1.28826e+08 -0.000259245
-1.2881e+08 -0.000259212
-1.28793e+08 -0.000259179
-1.28777e+08 -0.000259146
-1.28761e+08 -0.000259113
-1.28744e+08 -0.00025908
-1.28728e+08 -0.000259047
-1.28711e+08 -0.000259014
-1.28695e+08 -0.000258981
-1.28679e+08 -0.000258948
-1.28662e+08 -0.000258915
-1.28646e+08 -0.000258882
-1.28629e+08 -0.000258849
-1.28613e+08 -0.000258816
-1.28596e+08 -0.000258783
-1.2858e+08 -0.00025875
-1.28564e+08 -0.000258717
-1.28547e+08 -0.000258684
-1.28531e+08 -0.000258651
-1.28514e+08 -0.000258618
-1.28498e+08 -0.000258585
-1.28482e+08 -0.000258552
-1.28465e+08 -0.000258518
-1.28449e+08 -0.000258485
-1.28432e+08 -0.000258452
-1.28416e+08 -0.000258419
-1.284e+08 -0.000258386
-1.28383e+08 -0.000258353
-1.28367e+08 -0.00025832
-1.2835e+08 -0.000258287
-1.28334e+08 -0.000258254
-1.28317e+08 -0.000258221
-1.28301e+08 -0.000258188
-1.28285e+08 -0.000258155
-1.28268e+08 -0.000258122
-1.28252e+08 -0.000258089
-1.28235e+08 -0.000258056
-1.28219e+08 -0.000258023
-1.28203e+08 -0.00025799
-1.28186e+08 -0.000257957
-1.2817e+08 -0.000257924
-1.28153e+08 -0.000257891
-1.28137e+08 -0.000257858
-1.2812e+08 -0.000257825
-1.28104e+08 -0.000257792
-1.28088e+08 -0.000257759
-1.28071e+08 -0.000257726
-1.28055e+08 -0.000257693
-1.28038e+08 -0.00025766
-1.28022e+08 -0.000257627
-1.28006e+08 -0.000257594
-1.27989e+08 -0.000257561
-1.27973e+08 -0.000257528
-1.27956e+08 -0.000257495
-1.2794e+08 -0.000257462
-1.27924e+08 -0.000257428
-1.27907e+08 -0.000257395
-1.27891e+08 -0.000257362
-1.27874e+08 -0.000257329
-1.27858e+08 -0.000257296
-1.27841e+08 -0.000257263
-1.27825e+08 -0.00025723
-1.27809e+08 -0.000257197
-1.27792e+08 -0.000257164
-1.27776e+08 -0.000257131
-1.27759e+08 -0.000257098
-1.27743e+08 -0.000257065
-1.27727e+08 -0.000257032
-1.2771e+08 -0.000256999
-1.27694e+08 -0.000256966
-1.27677e+08 -0.000256933
-1.27661e+08 -0.0002569
-1.27645e+08 -0.000256867
-1.27628e+08 -0.000256834
-1.27612e+08 -0.000256801
-1.27595e+08 -0.000256768
-1.27579e+08 -0.000256735
-1.27562e+08 -0.000256702
-1.27546e+08 -0.000256669
-1.2753e+08 -0.000256636
-1.27513e+08 -0.000256603
-1.27497e+08 -0.00025657
-1.2748e+08 -0.000256537
-1.27464e+08 -0.000256504
-1.27448e+08 -0.000256471
-1.27431e+08 -0.000256438
-1.27415e+08 -0.000256405
-1.27398e+08 -0.000256372
-1.27382e+08 -0.000256339
-1.27366e+08 -0.000256306
-1.27349e+08 -0.000256272
-1.27333e+08 -0.000256239
-1.27316e+08 -0.000256206
-1.273e+08 -0.000256173
-1.27283e+08 -0.00025614
-1.27267e+08 -0.000256107
-1.27251e+08 -0.000256074
-1.27234e+08 -0.000256041
-1.27218e+08 -0.000256008
-1.27201e+08 -0.000255975
-1.27185e+08 -0.000255942
-1.27169e+08 -0.000255909
-1.27152e+08 -0.000255876
-1.27136e+08 -0.000255843
-1.27119e+08 -0.00025581
-1.27103e+08 -0.000255777
-1.27087e+08 -0.000255744
-1.2707e+08 -0.000255711
-1.27054e+08 -0.000255678
-1.27037e+08 -0.000255645
-1.27021e+08 -0.000255612
-1.27004e+08 -0.000255579
-1.26988e+08 -0.000255546
-1.26972e+08 -0.000255513
-1.26955e+08 -0.00025548
-1.26939e+08 -0.000255447
-1.26922e+08 -0.000255414
-1.26906e+08 -0.000255381
-1.2689e+08 -0.000255348
-1.26873e+08 -0.000255315
-1.26857e+08 -0.000255282
-1.2684e+08 -0.000255249
-1.26824e+08 -0.000255216
-1.26808e+08 -0.000255183
-1.26791e+08 -0.00025515
-1.26775e+08 -0.000255117
-1.26758e+08 -0.000255084
-1.26742e+08 -0.000255051
-1.26725e+08 -0.000255018
-1.26709e+08 -0.000254984
-1.26693e+08 -0.000254951
-1.26676e+08 -0.000254918
-1.2666e+08 -0.000254885
-1.26643e+08 -0.000254852
-1.26627e+08 -0.000254819
-1.26611e+08 -0.000254786
-1.26594e+08 -0.000254753
-1.26578e+08 -0.00025472
-1.26561e+08 -0.000254687
-1.26545e+08 -0.000254654
-1.26529e+08 -0.000254621
-1.26512e+08 -0.000254588
-1.26496e+08 -0.000254555
-1.26479e+08 -0.000254522
-1.26463e+08 -0.000254489
-1.26446e+08 -0.000254456
-1.2643e+08 -0.000254423
-1.26414e+08 -0.00025439
-1.26397e+08 -0.000254357
-1.26381e+08 -0.000254324
-1.26364e+08 -0.000254291
-1.26348e+08 -0.000254258
-1.26332e+08 -0.000254225
-1.26315e+08 -0.000254192
-1.26299e+08 -0.000254159
-1.26282e+08 -0.000254126
-1.26266e+08 -0.000254093
-1.2625e+08 -0.00025406
-1.26233e+08 -0.000254027
-1.26217e+08 -0.000253994
-1.262e+08 -0.000253961
-1.26184e+08 -0.000253928
-1.26167e+08 -0.000253895
-1.26151e+08 -0.000253862
-1.26135e+08 -0.000253829
-1.26118e+08 -0.000253796
-1.26102e+08 -0.000253763
-1.26085e+08 -0.00025373
-1.26069e+08 -0.000253697
-1.26053e+08 -0.000253664
-1.26036e+08 -0.000253631
-1.2602e+08 -0.000253597
-1.26003e+08 -0.000253564
-1.25987e+08 -0.000253531
-1.25971e+08 -0.000253498
-1.25954e+08 -0.000253465
-1.25938e+08 -0.000253432
-1.25921e+08 -0.000253399
-1.25905e+08 -0.000253366
-1.25889e+08 -0.000253333
-1.25872e+08 -0.0002533
-1.25856e+08 -0.000253267
-1.25839e+08 -0.000253234
-1.25823e+08 -0.000253201
-1.25806e+08 -0.000253168
-1.2579e+08 -0.000253135
-1.25774e+08 -0.000253102
-1.25757e+08 -0.000253069
-1.25741e+08 -0.000253036
-1.25724e+08 -0.000253003
-1.25708e+08 -0.00025297
-1.25692e+08 -0.000252937
-1.25675e+08 -0.000252904
-1.25659e+08 -0.000252871
-1.25642e+08 -0.000252838
-1.25626e+08 -0.000252805
-1.2561e+08 -0.000252772
-1.25593e+08 -0.000252739
-1.25577e+08 -0.000252706
-1.2556e+08 -0.000252673
-1.25544e+08 -0.00025264
-1.25528e+08 -0.000252607
-1.25511e+08 -0.000252574
-1.25495e+08 -0.000252541
-1.25478e+08 -0.000252508
-1.25462e+08 -0.000252475
-1.25445e+08 -0.000252442
-1.25429e+08 -0.000252409
-1.25413e+08 -0.000252376
-1.25396e+08 -0.000252343
-1.2538e+08 -0.00025231
-1.25363e+08 -0.000252277
-1.25347e+08 -0.000252244
-1.25331e+08 -0.000252211
-1.25314e+08 -0.000252178
-1.25298e+08 -0.000252145
-1.25281e+08 -0.000252112
-1.25265e+08 -0.000252079
-1.25249e+08 -0.000252045
-1.25232e+08 -0.000252012
-1.25216e+08 -0.000251979
-1.25199e+08 -0.000251946
-1.25183e+08 -0.000251913
-1.25167e+08 -0.00025188
-1.2515e+08 -0.000251847
-1.25134e+08 -0.000251814
-1.25117e+08 -0.000251781
-1.25101e+08 -0.000251748
-1.25084e+08 -0.000251715
-1.25068e+08 -0.000251682
-1.25052e+08 -0.000251649
-1.25035e+08 -0.000251616
-1.25019e+08 -0.000251583
-1.25002e+08 -0.00025155
-1.24986e+08 -0.000251517
-1.2497e+08 -0.000251484
-1.24953e+08 -0.000251451
-1.24937e+08 -0.000251418
-1.2492e+08 -0.000251385
-1.24904e+08 -0.000251352
-1.24888e+08 -0.000251319
-1.24871e+08 -0.000251286
-1.24855e+08 -0.000251253
-1.24838e+08 -0.00025122
-1.24822e+08 -0.000251187
-1.24806e+08 -0.000251154
-1.24789e+08 -0.000251121
-1.24773e+08 -0.000251088
-1.24756e+08 -0.000251055
-1.2474e+08 -0.000251022
-1.24724e+08 -0.000250989
-1.24707e+08 -0.000250956
-1.24691e+08 -0.000250923
-1.24674e+08 -0.00025089
-1.24658e+08 -0.000250857
-1.24641e+08 -0.000250824
-1.24625e+08 -0.000250791
-1.24609e+08 -0.000250758
-1.24592e+08 -0.000250725
-1.24576e+08 -0.000250692
-1.24559e+08 -0.000250659
-1.24543e+08 -0.000250626
-1.24527e+08 -0.000250593
-1.2451e+08 -0.00025056
-1.24494e+08 -0.000250527
-1.24477e+08 -0.000250494
-1.24461e+08 -0.000250461
-1.24445e+08 -0.000250428
-1.24428e+08 -0.000250395
-1.24412e+08 -0.000250362
-1.24395e+08 -0.000250329
-1.24379e+08 -0.000250296
-1.24363e+08 -0.000250263
-1.24346e+08 -0.00025023
-1.2433e+08 -0.000250196
-1.24313e+08 -0.000250163
-1.24297e+08 -0.00025013
-1.24281e+08 -0.000250097
-1.24264e+08 -0.000250064
-1.24248e+08 -0.000250031
-1.24231e+08 -0.000249998
-1.24215e+08 -0.000249965
-1.24199e+08 -0.000249932
-1.24182e+08 -0.000249899
-1.24166e+08 -0.000249866
-1.24149e+08 -0.000249833
-1.24133e+08 -0.0002498
-1.24116e+08 -0.000249767
-1.241e+08 -0.000249734
-1.24084e+08 -0.000249701
-1.24067e+08 -0.000249668
-1.24051e+08 -0.000249635
-1.24034e+08 -0.000249602
-1.24018e+08 -0.000249569
-1.24002e+08 -0.000249536
-1.23985e+08 -0.000249503
-1.23969e+08 -0.00024947
-1.23952e+08 -0.000249437
-1.23936e+08 -0.000249404
-1.2392e+08 -0.000249371
-1.23903e+08 -0.000249338
-1.23887e+08 -0.000249305
-1.2387e+08 -0.000249272
-1.23854e+08 -0.000249239
-1.23838e+08 -0.000249206
-1.23821e+08 -0.000249173
-1.23805e+08 -0.00024914
-1.23788e+08 -0.000249107
-1.23772e+08 -0.000249074
-1.23756e+08 -0.000249041
-1.23739e+08 -0.000249008
-1.23723e+08 -0.000248975
-1.23706e+08 -0.000248942
-1.2369e+08 -0.000248909
-1.23674e+08 -0.000248876
-1.23657e+08 -0.000248843
-1.23641e+08 -0.00024881
-1.23624e+08 -0.000248777
-1.23608e+08 -0.000248744
-1.23591e+08 -0.000248711
-1.23575e+08 -0.000248678
-1.23559e+08 -0.000248645
-1.23542e+08 -0.000248612
-1.23526e+08 -0.000248579
-1.23509e+08 -0.000248546
-1.23493e+08 -0.000248513
-1.23477e+08 -0.00024848
-1.2346e+08 -0.000248447
-1.23444e+08 -0.000248414
-1.23427e+08 -0.000248381
-1.23411e+08 -0.000248348
-1.23395e+08 -0.000248315
-1.23378e+08 -0.000248282
-1.23362e+08 -0.000248249
-1.23345e+08 -0.000248216
-1.23329e+08 -0.000248183
-1.23313e+08 -0.00024815
-1.23296e+08 -0.000248117
-1.2328e+08 -0.000248084
-1.23263e+08 -0.000248051
-1.23247e+08 -0.000248018
-1.23231e+08 -0.000247985
-1.23214e+08 -0.000247952
-1.23198e+08 -0.000247918
-1.23181e+08 -0.000247885
-1.23165e+08 -0.000247852
-1.23149e+08 -0.000247819
-1.23132e+08 -0.000247786
-1.23116e+08 -0.000247753
-1.23099e+08 -0.00024772
-1.23083e+08 -0.000247687
-1.23067e+08 -0.000247654
-1.2305e+08 -0.000247621
-1.23034e+08 -0.000247588
-1.23017e+08 -0.000247555
-1.23001e+08 -0.000247522
-1.22984e+08 -0.000247489
-1.22968e+08 -0.000247456
-1.22952e+08 -0.000247423
-1.22935e+08 -0.00024739
-1.22919e+08 -0.000247357
-1.22902e+08 -0.000247324
-1.22886e+08 -0.000247291
-1.2287e+08 -0.000247258
-1.22853e+08 -0.000247225
-1.22837e+08 -0.000247192
-1.2282e+08 -0.000247159
-1.22804e+08 -0.000247126
-1.22788e+08 -0.000247093
-1.22771e+08 -0.00024706
-1.22755e+08 -0.000247027
-1.22738e+08 -0.000246994
-1.22722e+08 -0.000246961
-1.22706e+08 -0.000246928
-1.22689e+08 -0.000246895
-1.22673e+08 -0.000246862
-1.22656e+08 -0.000246829
-1.2264e+08 -0.000246796
-1.22624e+08 -0.000246763
-1.22607e+08 -0.00024673
-1.22591e+08 -0.000246697
-1.22574e+08 -0.000246664
-1.22558e+08 -0.000246631
-1.22542e+08 -0.000246598
-1.22525e+08 -0.000246565
-1.22509e+08 -0.000246532
-1.22492e+08 -0.000246499
-1.22476e+08 -0.000246466
-1.2246e+08 -0.000246433
-1.22443e+08 -0.0002464
-1.22427e+08 -0.000246367
-1.2241e+08 -0.000246334
-1.22394e+08 -0.000246301
-1.22378e+08 -0.000246268
-1.22361e+08 -0.000246235
-1.22345e+08 -0.000246202
-1.22328e+08 -0.000246169
-1.22312e+08 -0.000246136
-1.22296e+08 -0.000246103
-1.22279e+08 -0.00024607
-1.22263e+08 -0.000246037
-1.22246e+08 -0.000246004
-1.2223e+08 -0.000245971
-1.22214e+08 -0.000245938
-1.22197e+08 -0.000245905
-1.22181e+08 -0.000245872
-1.22164e+08 -0.000245839
-1.22148e+08 -0.000245806
-1.22132e+08 -0.000245773
-1.22115e+08 -0.00024574
-1.22099e+08 -0.000245707
-1.22082e+08 -0.000245674
-1.22066e+08 -0.000245641
-1.22049e+08 -0.000245608
-1.22033e+08 -0.000245575
-1.22017e+08 -0.000245542
-1.22e+08 -0.000245509
-1.21984e+08 -0.000245476
-1.21967e+08 -0.000245443
-1.21951e+08 -0.00024541
-1.21935e+08 -0.000245377
-1.21918e+08 -0.000245344
