0.203004 4.08518e-13
0.44327 8.9202e-13
0.725604 1.46018e-12
1.05617 2.12539e-12
1.44302 2.90387e-12
1.89607 3.81559e-12
2.42941 4.88885e-12
3.06195 6.16174e-12
3.81885 7.6849e-12
4.73819 9.53496e-12
-123472 -2.4847e-07
-246950 -4.96952e-07
-370427 -7.45433e-07
-493906 -9.93918e-07
-617383 -1.2424e-06
-740862 -1.49088e-06
-864346 -1.73938e-06
-987821 -1.98785e-06
-1.1113e+06 -2.23633e-06
-1.23478e+06 -2.48483e-06
-1.35826e+06 -2.73332e-06
-1.48174e+06 -2.98181e-06
-1.60523e+06 -3.23029e-06
-1.72871e+06 -3.47879e-06
-1.85219e+06 -3.72728e-06
-1.97567e+06 -3.97576e-06
-2.09916e+06 -4.22426e-06
-2.22264e+06 -4.47276e-06
-2.34612e+06 -4.72125e-06
-2.46961e+06 -4.96975e-06
-2.59309e+06 -5.21824e-06
-2.71658e+06 -5.46674e-06
-2.84006e+06 -5.71524e-06
-2.96355e+06 -5.96373e-06
-3.08704e+06 -6.21223e-06
-3.21052e+06 -6.46073e-06
-3.33401e+06 -6.70923e-06
-3.4575e+06 -6.95774e-06
-3.58098e+06 -7.20624e-06
-3.70447e+06 -7.45474e-06
-3.82796e+06 -7.70324e-06
-3.95145e+06 -7.95175e-06
-4.07494e+06 -8.20026e-06
-4.19843e+06 -8.44876e-06
-4.32192e+06 -8.69727e-06
-4.44541e+06 -8.94578e-06
-4.5689e+06 -9.19429e-06
-4.69239e+06 -9.4428e-06
-4.81589e+06 -9.69131e-06
-4.93938e+06 -9.93982e-06
-5.06287e+06 -1.01883e-05
-5.18636e+06 -1.04368e-05
-5.30986e+06 -1.06854e-05
-5.43335e+06 -1.09339e-05
-5.55684e+06 -1.11824e-05
-5.68034e+06 -1.14309e-05
-5.80384e+06 -1.16794e-05
-5.92733e+06 -1.19279e-05
-6.05083e+06 -1.21765e-05
-6.17432e+06 -1.2425e-05
-6.29782e+06 -1.26735e-05
-6.42132e+06 -1.2922e-05
-6.54481e+06 -1.31705e-05
-6.66831e+06 -1.34191e-05
-6.79181e+06 -1.36676e-05
-6.91531e+06 -1.39161e-05
-7.03881e+06 -1.41646e-05
-7.16231e+06 -1.44132e-05
-7.28581e+06 -1.46617e-05
-7.40931e+06 -1.49102e-05
-7.53281e+06 -1.51587e-05
-7.65631e+06 -1.54073e-05
-7.77981e+06 -1.56558e-05
-7.90331e+06 -1.59043e-05
-8.02681e+06 -1.61529e-05
-8.15032e+06 -1.64014e-05
-8.27382e+06 -1.66499e-05
-8.39732e+06 -1.68985e-05
-8.52083e+06 -1.7147e-05
-8.64433e+06 -1.73955e-05
-8.76784e+06 -1.76441e-05
-8.89134e+06 -1.78926e-05
-9.01484e+06 -1.81411e-05
-9.13835e+06 -1.83897e-05
-9.26186e+06 -1.86382e-05
-9.38536e+06 -1.88867e-05
-9.50887e+06 -1.91353e-05
-9.63238e+06 -1.93838e-05
-9.75589e+06 -1.96324e-05
-9.87939e+06 -1.98809e-05
-1.00029e+07 -2.01295e-05
-1.01264e+07 -2.0378e-05
-1.02499e+07 -2.06266e-05
-1.03734e+07 -2.08751e-05
-1.04969e+07 -2.11236e-05
-1.06204e+07 -2.13722e-05
-1.0744e+07 -2.16207e-05
-1.08675e+07 -2.18693e-05
-1.0991e+07 -2.21179e-05
-1.11145e+07 -2.23664e-05
-1.1238e+07 -2.26149e-05
-1.13615e+07 -2.28635e-05
-1.1485e+07 -2.3112e-05
-1.16085e+07 -2.33606e-05
-1.17321e+07 -2.36092e-05
-1.18556e+07 -2.38577e-05
-1.19791e+07 -2.41063e-05
-1.21026e+07 -2.43548e-05
-1.22261e+07 -2.46034e-05
-1.23496e+07 -2.48519e-05
-1.24732e+07 -2.51005e-05
-1.25967e+07 -2.53491e-05
-1.27202e+07 -2.55976e-05
-1.28437e+07 -2.58462e-05
-1.29672e+07 -2.60948e-05
-1.30907e+07 -2.63433e-05
-1.32143e+07 -2.65919e-05
-1.33378e+07 -2.68404e-05
-1.34613e+07 -2.7089e-05
-1.35848e+07 -2.73376e-05
-1.37083e+07 -2.75861e-05
-1.38319e+07 -2.78347e-05
-1.39554e+07 -2.80833e-05
-1.40789e+07 -2.83318e-05
-1.42024e+07 -2.85804e-05
-1.43259e+07 -2.8829e-05
-1.44495e+07 -2.90776e-05
-1.4573e+07 -2.93261e-05
-1.46965e+07 -2.95747e-05
-1.482e+07 -2.98233e-05
-1.49436e+07 -3.00719e-05
-1.50671e+07 -3.03204e-05
-1.51906e+07 -3.0569e-05
-1.53141e+07 -3.08176e-05
-1.54377e+07 -3.10662e-05
-1.55612e+07 -3.13148e-05
-1.56847e+07 -3.15633e-05
-1.58082e+07 -3.18119e-05
-1.59318e+07 -3.20605e-05
-1.60553e+07 -3.23091e-05
-1.61788e+07 -3.25577e-05
-1.63024e+07 -3.28062e-05
-1.64259e+07 -3.30548e-05
-1.65494e+07 -3.33034e-05
-1.66729e+07 -3.3552e-05
-1.67965e+07 -3.38006e-05
-1.692e+07 -3.40492e-05
-1.70435e+07 -3.42978e-05
-1.71671e+07 -3.45464e-05
-1.72906e+07 -3.47949e-05
-1.74141e+07 -3.50435e-05
-1.75377e+07 -3.52921e-05
-1.76612e+07 -3.55407e-05
-1.77847e+07 -3.57893e-05
-1.79083e+07 -3.60379e-05
-1.80318e+07 -3.62865e-05
-1.81553e+07 -3.65351e-05
-1.82789e+07 -3.67837e-05
-1.84024e+07 -3.70323e-05
-1.85259e+07 -3.72809e-05
-1.86495e+07 -3.75295e-05
-1.8773e+07 -3.77781e-05
-1.88965e+07 -3.80267e-05
-1.90201e+07 -3.82753e-05
-1.91436e+07 -3.85239e-05
-1.92672e+07 -3.87725e-05
-1.93907e+07 -3.90211e-05
-1.95142e+07 -3.92697e-05
-1.96378e+07 -3.95183e-05
-1.97613e+07 -3.97669e-05
-1.98849e+07 -4.00155e-05
-2.00084e+07 -4.02641e-05
-2.01319e+07 -4.05128e-05
-2.02555e+07 -4.07614e-05
-2.0379e+07 -4.101e-05
-2.05026e+07 -4.12586e-05
-2.06261e+07 -4.15072e-05
-2.07497e+07 -4.17558e-05
-2.08732e+07 -4.20044e-05
-2.09967e+07 -4.2253e-05
-2.11203e+07 -4.25017e-05
-2.12438e+07 -4.27503e-05
-2.13674e+07 -4.29989e-05
-2.14909e+07 -4.32475e-05
-2.16145e+07 -4.34961e-05
-2.1738e+07 -4.37447e-05
-2.18616e+07 -4.39934e-05
-2.19851e+07 -4.4242e-05
-2.21086e+07 -4.44906e-05
-2.22322e+07 -4.47392e-05
-2.23557e+07 -4.49879e-05
-2.24793e+07 -4.52365e-05
-2.26028e+07 -4.54851e-05
-2.27264e+07 -4.57337e-05
-2.28499e+07 -4.59824e-05
-2.29735e+07 -4.6231e-05
-2.3097e+07 -4.64796e-05
-2.32206e+07 -4.67282e-05
-2.33441e+07 -4.69769e-05
-2.34677e+07 -4.72255e-05
-2.35912e+07 -4.74741e-05
-2.37148e+07 -4.77228e-05
-2.38384e+07 -4.79714e-05
-2.39619e+07 -4.822e-05
-2.40855e+07 -4.84687e-05
-2.4209e+07 -4.87173e-05
-2.43326e+07 -4.89659e-05
-2.44561e+07 -4.92146e-05
-2.45797e+07 -4.94632e-05
-2.47032e+07 -4.97119e-05
-2.48268e+07 -4.99605e-05
-2.49503e+07 -5.02091e-05
-2.50739e+07 -5.04578e-05
-2.51975e+07 -5.07064e-05
-2.5321e+07 -5.0955e-05
-2.54446e+07 -5.12037e-05
-2.55681e+07 -5.14523e-05
-2.56917e+07 -5.1701e-05
-2.58152e+07 -5.19496e-05
-2.59388e+07 -5.21983e-05
-2.60624e+07 -5.24469e-05
-2.61859e+07 -5.26956e-05
-2.63095e+07 -5.29442e-05
-2.64331e+07 -5.31929e-05
-2.65566e+07 -5.34415e-05
-2.66802e+07 -5.36902e-05
-2.68037e+07 -5.39388e-05
-2.69273e+07 -5.41875e-05
-2.70509e+07 -5.44361e-05
-2.71744e+07 -5.46848e-05
-2.7298e+07 -5.49334e-05
-2.74216e+07 -5.51821e-05
-2.75451e+07 -5.54307e-05
-2.76687e+07 -5.56794e-05
-2.77922e+07 -5.59281e-05
-2.79158e+07 -5.61767e-05
-2.80394e+07 -5.64254e-05
-2.81629e+07 -5.6674e-05
-2.82865e+07 -5.69227e-05
-2.84101e+07 -5.71714e-05
-2.85336e+07 -5.742e-05
-2.86572e+07 -5.76687e-05
-2.87808e+07 -5.79174e-05
-2.89044e+07 -5.8166e-05
-2.90279e+07 -5.84147e-05
-2.91515e+07 -5.86634e-05
-2.92751e+07 -5.8912e-05
-2.93986e+07 -5.91607e-05
-2.95222e+07 -5.94094e-05
-2.96458e+07 -5.9658e-05
-2.97693e+07 -5.99067e-05
-2.98929e+07 -6.01554e-05
-3.00165e+07 -6.0404e-05
-3.01401e+07 -6.06527e-05
-3.02636e+07 -6.09014e-05
-3.03872e+07 -6.11501e-05
-3.05108e+07 -6.13987e-05
-3.06344e+07 -6.16474e-05
-3.07579e+07 -6.18961e-05
-3.08815e+07 -6.21448e-05
-3.10051e+07 -6.23935e-05
-3.11287e+07 -6.26421e-05
-3.12522e+07 -6.28908e-05
-3.13758e+07 -6.31395e-05
-3.14994e+07 -6.33882e-05
-3.1623e+07 -6.36369e-05
-3.17465e+07 -6.38855e-05
-3.18701e+07 -6.41342e-05
-3.19937e+07 -6.43829e-05
-3.21173e+07 -6.46316e-05
-3.22409e+07 -6.48803e-05
-3.23644e+07 -6.5129e-05
-3.2488e+07 -6.53777e-05
-3.26116e+07 -6.56264e-05
-3.27352e+07 -6.5875e-05
-3.28588e+07 -6.61237e-05
-3.29823e+07 -6.63724e-05
-3.31059e+07 -6.66211e-05
-3.32295e+07 -6.68698e-05
-3.33531e+07 -6.71185e-05
-3.34767e+07 -6.73672e-05
-3.36003e+07 -6.76159e-05
-3.37238e+07 -6.78646e-05
-3.38474e+07 -6.81133e-05
-3.3971e+07 -6.8362e-05
-3.40946e+07 -6.86107e-05
-3.42182e+07 -6.88594e-05
-3.43418e+07 -6.91081e-05
-3.44654e+07 -6.93568e-05
-3.4589e+07 -6.96055e-05
-3.47125e+07 -6.98542e-05
-3.48361e+07 -7.01029e-05
-3.49597e+07 -7.03516e-05
-3.50833e+07 -7.06003e-05
-3.52069e+07 -7.0849e-05
-3.53305e+07 -7.10977e-05
-3.54541e+07 -7.13464e-05
-3.55777e+07 -7.15951e-05
-3.57013e+07 -7.18438e-05
-3.58248e+07 -7.20926e-05
-3.59484e+07 -7.23413e-05
-3.6072e+07 -7.259e-05
-3.61956e+07 -7.28387e-05
-3.63192e+07 -7.30874e-05
-3.64428e+07 -7.33361e-05
-3.65664e+07 -7.35848e-05
-3.669e+07 -7.38336e-05
-3.68136e+07 -7.40823e-05
-3.69372e+07 -7.4331e-05
-3.70608e+07 -7.45797e-05
-3.71844e+07 -7.48284e-05
-3.7308e+07 -7.50771e-05
-3.74316e+07 -7.53259e-05
-3.75552e+07 -7.55746e-05
-3.76788e+07 -7.58233e-05
-3.78024e+07 -7.6072e-05
-3.7926e+07 -7.63207e-05
-3.80496e+07 -7.65695e-05
-3.81731e+07 -7.68182e-05
-3.82967e+07 -7.70669e-05
-3.84203e+07 -7.73156e-05
-3.85439e+07 -7.75644e-05
-3.86675e+07 -7.78131e-05
-3.87911e+07 -7.80618e-05
-3.89147e+07 -7.83106e-05
-3.90383e+07 -7.85593e-05
-3.9162e+07 -7.8808e-05
-3.92856e+07 -7.90568e-05
-3.94092e+07 -7.93055e-05
-3.95328e+07 -7.95542e-05
-3.96564e+07 -7.9803e-05
-3.978e+07 -8.00517e-05
-3.99036e+07 -8.03004e-05
-4.00272e+07 -8.05492e-05
-4.01508e+07 -8.07979e-05
-4.02744e+07 -8.10466e-05
-4.0398e+07 -8.12954e-05
-4.05216e+07 -8.15441e-05
-4.06452e+07 -8.17929e-05
-4.07688e+07 -8.20416e-05
-4.08924e+07 -8.22904e-05
-4.1016e+07 -8.25391e-05
-4.11396e+07 -8.27878e-05
-4.12632e+07 -8.30366e-05
-4.13869e+07 -8.32853e-05
-4.15105e+07 -8.35341e-05
-4.16341e+07 -8.37828e-05
-4.17577e+07 -8.40316e-05
-4.18813e+07 -8.42803e-05
-4.20049e+07 -8.45291e-05
-4.21285e+07 -8.47778e-05
-4.22521e+07 -8.50266e-05
-4.23757e+07 -8.52753e-05
-4.24993e+07 -8.55241e-05
-4.2623e+07 -8.57728e-05
-4.27466e+07 -8.60216e-05
-4.28702e+07 -8.62703e-05
-4.29938e+07 -8.65191e-05
-4.31174e+07 -8.67679e-05
-4.3241e+07 -8.70166e-05
-4.33646e+07 -8.72654e-05
-4.34883e+07 -8.75141e-05
-4.36119e+07 -8.77629e-05
-4.37355e+07 -8.80117e-05
-4.38591e+07 -8.82604e-05
-4.39827e+07 -8.85092e-05
-4.41063e+07 -8.87579e-05
-4.423e+07 -8.90067e-05
-4.43536e+07 -8.92555e-05
-4.44772e+07 -8.95042e-05
-4.46008e+07 -8.9753e-05
-4.47244e+07 -9.00018e-05
-4.48481e+07 -9.02505e-05
-4.49717e+07 -9.04993e-05
-4.50953e+07 -9.07481e-05
-4.52189e+07 -9.09968e-05
-4.53425e+07 -9.12456e-05
-4.54662e+07 -9.14944e-05
-4.55898e+07 -9.17432e-05
-4.57134e+07 -9.19919e-05
-4.5837e+07 -9.22407e-05
-4.59607e+07 -9.24895e-05
-4.60843e+07 -9.27383e-05
-4.62079e+07 -9.2987e-05
-4.63315e+07 -9.32358e-05
-4.64552e+07 -9.34846e-05
-4.65788e+07 -9.37334e-05
-4.67024e+07 -9.39822e-05
-4.6826e+07 -9.42309e-05
-4.69497e+07 -9.44797e-05
-4.70733e+07 -9.47285e-05
-4.71969e+07 -9.49773e-05
-4.73205e+07 -9.52261e-05
-4.74442e+07 -9.54748e-05
-4.75678e+07 -9.57236e-05
-4.76914e+07 -9.59724e-05
-4.78151e+07 -9.62212e-05
-4.79387e+07 -9.647e-05
-4.80623e+07 -9.67188e-05
-4.81859e+07 -9.69676e-05
-4.83096e+07 -9.72164e-05
-4.84332e+07 -9.74651e-05
-4.85568e+07 -9.77139e-05
-4.86805e+07 -9.79627e-05
-4.88041e+07 -9.82115e-05
-4.89277e+07 -9.84603e-05
-4.90514e+07 -9.87091e-05
-4.9175e+07 -9.89579e-05
-4.92986e+07 -9.92067e-05
-4.94223e+07 -9.94555e-05
-4.95459e+07 -9.97043e-05
-4.96695e+07 -9.99531e-05
-4.97932e+07 -0.000100202
-4.99168e+07 -0.000100451
-5.00405e+07 -0.0001007
-5.01641e+07 -0.000100948
-5.02877e+07 -0.000101197
-5.04114e+07 -0.000101446
-5.0535e+07 -0.000101695
-5.06586e+07 -0.000101944
-5.07823e+07 -0.000102192
-5.09059e+07 -0.000102441
-5.10296e+07 -0.00010269
-5.11532e+07 -0.000102939
-5.12768e+07 -0.000103188
-5.14005e+07 -0.000103436
-5.15241e+07 -0.000103685
-5.16478e+07 -0.000103934
-5.17714e+07 -0.000104183
-5.1895e+07 -0.000104432
-5.20187e+07 -0.00010468
-5.21423e+07 -0.000104929
-5.2266e+07 -0.000105178
-5.23896e+07 -0.000105427
-5.25133e+07 -0.000105676
-5.26369e+07 -0.000105925
-5.27606e+07 -0.000106173
-5.28842e+07 -0.000106422
-5.30078e+07 -0.000106671
-5.31315e+07 -0.00010692
-5.32551e+07 -0.000107169
-5.33788e+07 -0.000107417
-5.35024e+07 -0.000107666
-5.36261e+07 -0.000107915
-5.37497e+07 -0.000108164
-5.38734e+07 -0.000108413
-5.3997e+07 -0.000108662
-5.41207e+07 -0.00010891
-5.42443e+07 -0.000109159
-5.4368e+07 -0.000109408
-5.44916e+07 -0.000109657
-5.46153e+07 -0.000109906
-5.47389e+07 -0.000110155
-5.48626e+07 -0.000110403
-5.49862e+07 -0.000110652
-5.51099e+07 -0.000110901
-5.52335e+07 -0.00011115
-5.53572e+07 -0.000111399
-5.54809e+07 -0.000111648
-5.56045e+07 -0.000111896
-5.57282e+07 -0.000112145
-5.58518e+07 -0.000112394
-5.59755e+07 -0.000112643
-5.60991e+07 -0.000112892
-5.62228e+07 -0.000113141
-5.63464e+07 -0.000113389
-5.64701e+07 -0.000113638
-5.65938e+07 -0.000113887
-5.67174e+07 -0.000114136
-5.68411e+07 -0.000114385
-5.69647e+07 -0.000114634
-5.70884e+07 -0.000114883
-5.7212e+07 -0.000115131
-5.73357e+07 -0.00011538
-5.74594e+07 -0.000115629
-5.7583e+07 -0.000115878
-5.77067e+07 -0.000116127
-5.78304e+07 -0.000116376
-5.7954e+07 -0.000116624
-5.80777e+07 -0.000116873
-5.82013e+07 -0.000117122
-5.8325e+07 -0.000117371
-5.84487e+07 -0.00011762
-5.85723e+07 -0.000117869
-5.8696e+07 -0.000118118
-5.88197e+07 -0.000118366
-5.89433e+07 -0.000118615
-5.9067e+07 -0.000118864
-5.91907e+07 -0.000119113
-5.93143e+07 -0.000119362
-5.9438e+07 -0.000119611
-5.95617e+07 -0.00011986
-5.96853e+07 -0.000120108
-5.9809e+07 -0.000120357
-5.99327e+07 -0.000120606
-6.00563e+07 -0.000120855
-6.018e+07 -0.000121104
-6.03037e+07 -0.000121353
-6.04273e+07 -0.000121602
-6.0551e+07 -0.000121851
-6.06747e+07 -0.000122099
-6.07983e+07 -0.000122348
-6.0922e+07 -0.000122597
-6.10457e+07 -0.000122846
-6.11694e+07 -0.000123095
-6.1293e+07 -0.000123344
-6.14167e+07 -0.000123593
-6.15404e+07 -0.000123842
-6.16641e+07 -0.00012409
-6.17877e+07 -0.000124339
-6.19114e+07 -0.000124588
-6.20351e+07 -0.000124837
-6.21588e+07 -0.000125086
-6.22824e+07 -0.000125335
-6.24061e+07 -0.000125584
-6.25298e+07 -0.000125833
-6.26535e+07 -0.000126081
-6.27771e+07 -0.00012633
-6.29008e+07 -0.000126579
-6.30245e+07 -0.000126828
-6.31482e+07 -0.000127077
-6.32718e+07 -0.000127326
-6.33955e+07 -0.000127575
-6.35192e+07 -0.000127824
-6.36429e+07 -0.000128073
-6.37666e+07 -0.000128321
-6.38903e+07 -0.00012857
-6.40139e+07 -0.000128819
-6.41376e+07 -0.000129068
-6.42613e+07 -0.000129317
-6.4385e+07 -0.000129566
-6.45087e+07 -0.000129815
-6.46323e+07 -0.000130064
-6.4756e+07 -0.000130313
-6.48797e+07 -0.000130561
-6.50034e+07 -0.00013081
-6.51271e+07 -0.000131059
-6.52508e+07 -0.000131308
-6.53745e+07 -0.000131557
-6.54981e+07 -0.000131806
-6.56218e+07 -0.000132055
-6.57455e+07 -0.000132304
-6.58692e+07 -0.000132553
-6.59929e+07 -0.000132802
-6.61166e+07 -0.00013305
-6.62403e+07 -0.000133299
-6.63639e+07 -0.000133548
-6.64876e+07 -0.000133797
-6.66113e+07 -0.000134046
-6.6735e+07 -0.000134295
-6.68587e+07 -0.000134544
-6.69824e+07 -0.000134793
-6.71061e+07 -0.000135042
-6.72298e+07 -0.000135291
-6.73535e+07 -0.00013554
-6.74772e+07 -0.000135788
-6.76009e+07 -0.000136037
-6.77246e+07 -0.000136286
-6.78482e+07 -0.000136535
-6.79719e+07 -0.000136784
-6.80956e+07 -0.000137033
-6.82193e+07 -0.000137282
-6.8343e+07 -0.000137531
-6.84667e+07 -0.00013778
-6.85904e+07 -0.000138029
-6.87141e+07 -0.000138278
-6.88378e+07 -0.000138527
-6.89615e+07 -0.000138776
-6.90852e+07 -0.000139024
-6.92089e+07 -0.000139273
-6.93326e+07 -0.000139522
-6.94563e+07 -0.000139771
-6.958e+07 -0.00014002
-6.97037e+07 -0.000140269
-6.98274e+07 -0.000140518
-6.99511e+07 -0.000140767
-7.00748e+07 -0.000141016
-7.01985e+07 -0.000141265
-7.03222e+07 -0.000141514
-7.04459e+07 -0.000141763
-7.05696e+07 -0.000142012
-7.06933e+07 -0.000142261
-7.0817e+07 -0.000142509
-7.09407e+07 -0.000142758
-7.10644e+07 -0.000143007
-7.11881e+07 -0.000143256
-7.13118e+07 -0.000143505
-7.14355e+07 -0.000143754
-7.15592e+07 -0.000144003
-7.16829e+07 -0.000144252
-7.18066e+07 -0.000144501
-7.19304e+07 -0.00014475
-7.20541e+07 -0.000144999
-7.21778e+07 -0.000145248
-7.23015e+07 -0.000145497
-7.24252e+07 -0.000145746
-7.25489e+07 -0.000145995
-7.26726e+07 -0.000146244
-7.27963e+07 -0.000146493
-7.292e+07 -0.000146741
-7.30437e+07 -0.00014699
-7.31674e+07 -0.000147239
-7.32912e+07 -0.000147488
-7.34149e+07 -0.000147737
-7.35386e+07 -0.000147986
-7.36623e+07 -0.000148235
-7.3786e+07 -0.000148484
-7.39097e+07 -0.000148733
-7.40334e+07 -0.000148982
-7.41571e+07 -0.000149231
-7.42809e+07 -0.00014948
-7.44046e+07 -0.000149729
-7.45283e+07 -0.000149978
-7.4652e+07 -0.000150227
-7.47757e+07 -0.000150476
-7.48994e+07 -0.000150725
-7.50231e+07 -0.000150974
-7.51469e+07 -0.000151223
-7.52706e+07 -0.000151472
-7.53943e+07 -0.000151721
-7.5518e+07 -0.00015197
-7.56417e+07 -0.000152219
-7.57655e+07 -0.000152468
-7.58892e+07 -0.000152716
-7.60129e+07 -0.000152965
-7.61366e+07 -0.000153214
-7.62603e+07 -0.000153463
-7.63841e+07 -0.000153712
-7.65078e+07 -0.000153961
-7.66315e+07 -0.00015421
-7.67552e+07 -0.000154459
-7.68789e+07 -0.000154708
-7.70027e+07 -0.000154957
-7.71264e+07 -0.000155206
-7.72501e+07 -0.000155455
-7.73738e+07 -0.000155704
-7.74976e+07 -0.000155953
-7.76213e+07 -0.000156202
-7.7745e+07 -0.000156451
-7.78687e+07 -0.0001567
-7.79925e+07 -0.000156949
-7.81162e+07 -0.000157198
-7.82399e+07 -0.000157447
-7.83636e+07 -0.000157696
-7.84874e+07 -0.000157945
-7.86111e+07 -0.000158194
-7.87348e+07 -0.000158443
-7.88586e+07 -0.000158692
-7.89823e+07 -0.000158941
-7.9106e+07 -0.00015919
-7.92297e+07 -0.000159439
-7.93535e+07 -0.000159688
-7.94772e+07 -0.000159937
-7.96009e+07 -0.000160186
-7.97247e+07 -0.000160435
-7.98484e+07 -0.000160684
-7.99721e+07 -0.000160933
-8.00959e+07 -0.000161182
-8.02196e+07 -0.000161431
-8.03433e+07 -0.00016168
-8.04671e+07 -0.000161929
-8.05908e+07 -0.000162178
-8.07145e+07 -0.000162427
-8.08383e+07 -0.000162676
-8.0962e+07 -0.000162925
-8.10857e+07 -0.000163174
-8.12095e+07 -0.000163423
-8.13332e+07 -0.000163672
-8.14569e+07 -0.000163921
-8.15807e+07 -0.00016417
-8.17044e+07 -0.000164419
-8.18282e+07 -0.000164668
-8.19519e+07 -0.000164917
-8.20756e+07 -0.000165166
-8.21994e+07 -0.000165415
-8.23231e+07 -0.000165664
-8.24469e+07 -0.000165913
-8.25706e+07 -0.000166162
-8.26943e+07 -0.000166411
-8.28181e+07 -0.00016666
-8.29418e+07 -0.000166909
-8.30656e+07 -0.000167158
-8.31893e+07 -0.000167407
-8.33131e+07 -0.000167656
-8.34368e+07 -0.000167905
-8.35605e+07 -0.000168154
-8.36843e+07 -0.000168403
-8.3808e+07 -0.000168652
-8.39318e+07 -0.000168901
-8.40555e+07 -0.00016915
-8.41793e+07 -0.000169399
-8.4303e+07 -0.000169648
-8.44268e+07 -0.000169897
-8.45505e+07 -0.000170146
-8.46743e+07 -0.000170395
-8.4798e+07 -0.000170644
-8.49217e+07 -0.000170893
-8.50455e+07 -0.000171142
-8.51692e+07 -0.000171391
-8.5293e+07 -0.00017164
-8.54167e+07 -0.000171889
-8.55405e+07 -0.000172138
-8.56642e+07 -0.000172387
-8.5788e+07 -0.000172637
-8.59117e+07 -0.000172886
-8.60355e+07 -0.000173135
-8.61592e+07 -0.000173384
-8.6283e+07 -0.000173633
-8.64068e+07 -0.000173882
-8.65305e+07 -0.000174131
-8.66543e+07 -0.00017438
-8.6778e+07 -0.000174629
-8.69018e+07 -0.000174878
-8.70255e+07 -0.000175127
-8.71493e+07 -0.000175376
-8.7273e+07 -0.000175625
-8.73968e+07 -0.000175874
-8.75205e+07 -0.000176123
-8.76443e+07 -0.000176372
-8.77681e+07 -0.000176621
-8.78918e+07 -0.00017687
-8.80156e+07 -0.000177119
-8.81393e+07 -0.000177368
-8.82631e+07 -0.000177617
-8.83869e+07 -0.000177866
-8.85106e+07 -0.000178115
-8.86344e+07 -0.000178364
-8.87581e+07 -0.000178614
-8.88819e+07 -0.000178863
-8.90057e+07 -0.000179112
-8.91294e+07 -0.000179361
-8.92532e+07 -0.00017961
-8.93769e+07 -0.000179859
-8.95007e+07 -0.000180108
-8.96245e+07 -0.000180357
-8.97482e+07 -0.000180606
-8.9872e+07 -0.000180855
-8.99958e+07 -0.000181104
-9.01195e+07 -0.000181353
-9.02433e+07 -0.000181602
-9.03671e+07 -0.000181851
-9.04908e+07 -0.0001821
-9.06146e+07 -0.000182349
-9.07384e+07 -0.000182598
-9.08621e+07 -0.000182847
-9.09859e+07 -0.000183097
-9.11097e+07 -0.000183346
-9.12334e+07 -0.000183595
-9.13572e+07 -0.000183844
-9.1481e+07 -0.000184093
-9.16047e+07 -0.000184342
-9.17285e+07 -0.000184591
-9.18523e+07 -0.00018484
-9.1976e+07 -0.000185089
-9.20998e+07 -0.000185338
-9.22236e+07 -0.000185587
-9.23474e+07 -0.000185836
-9.24711e+07 -0.000186085
-9.25949e+07 -0.000186334
-9.27187e+07 -0.000186584
-9.28425e+07 -0.000186833
-9.29662e+07 -0.000187082
-9.309e+07 -0.000187331
-9.32138e+07 -0.00018758
-9.33375e+07 -0.000187829
-9.34613e+07 -0.000188078
-9.35851e+07 -0.000188327
-9.37089e+07 -0.000188576
-9.38327e+07 -0.000188825
-9.39564e+07 -0.000189074
-9.40802e+07 -0.000189323
-9.4204e+07 -0.000189573
-9.43278e+07 -0.000189822
-9.44515e+07 -0.000190071
-9.45753e+07 -0.00019032
-9.46991e+07 -0.000190569
-9.48229e+07 -0.000190818
-9.49467e+07 -0.000191067
-9.50704e+07 -0.000191316
-9.51942e+07 -0.000191565
-9.5318e+07 -0.000191814
-9.54418e+07 -0.000192063
-9.55656e+07 -0.000192313
-9.56893e+07 -0.000192562
-9.58131e+07 -0.000192811
-9.59369e+07 -0.00019306
-9.60607e+07 -0.000193309
-9.61845e+07 -0.000193558
-9.63083e+07 -0.000193807
-9.64321e+07 -0.000194056
-9.65558e+07 -0.000194305
-9.66796e+07 -0.000194554
-9.68034e+07 -0.000194804
-9.69272e+07 -0.000195053
-9.7051e+07 -0.000195302
-9.71748e+07 -0.000195551
-9.72986e+07 -0.0001958
-9.74223e+07 -0.000196049
-9.75461e+07 -0.000196298
-9.76699e+07 -0.000196547
-9.77937e+07 -0.000196796
-9.79175e+07 -0.000197045
-9.80413e+07 -0.000197295
-9.81651e+07 -0.000197544
-9.82889e+07 -0.000197793
-9.84127e+07 -0.000198042
-9.85365e+07 -0.000198291
-9.86603e+07 -0.00019854
-9.8784e+07 -0.000198789
-9.89078e+07 -0.000199038
-9.90316e+07 -0.000199288
-9.91554e+07 -0.000199537
-9.92792e+07 -0.000199786
-9.9403e+07 -0.000200035
-9.95268e+07 -0.000200284
-9.96506e+07 -0.000200533
-9.97744e+07 -0.000200782
-9.98982e+07 -0.000201031
-1.00022e+08 -0.00020128
-1.00146e+08 -0.00020153
-1.0027e+08 -0.000201779
-1.00393e+08 -0.000202028
-1.00517e+08 -0.000202277
-1.00641e+08 -0.000202526
-1.00765e+08 -0.000202775
-1.00889e+08 -0.000203024
-1.01012e+08 -0.000203273
-1.01136e+08 -0.000203523
-1.0126e+08 -0.000203772
-1.01384e+08 -0.000204021
-1.01508e+08 -0.00020427
-1.01631e+08 -0.000204519
-1.01755e+08 -0.000204768
-1.01879e+08 -0.000205017
-1.02003e+08 -0.000205267
-1.02127e+08 -0.000205516
-1.0225e+08 -0.000205765
-1.02374e+08 -0.000206014
-1.02498e+08 -0.000206263
-1.02622e+08 -0.000206512
-1.02746e+08 -0.000206761
-1.02869e+08 -0.000207011
-1.02993e+08 -0.00020726
-1.03117e+08 -0.000207509
-1.03241e+08 -0.000207758
-1.03365e+08 -0.000208007
-1.03488e+08 -0.000208256
-1.03612e+08 -0.000208505
-1.03736e+08 -0.000208755
-1.0386e+08 -0.000209004
-1.03984e+08 -0.000209253
-1.04107e+08 -0.000209502
-1.04231e+08 -0.000209751
-1.04355e+08 -0.00021
-1.04479e+08 -0.000210249
-1.04603e+08 -0.000210499
-1.04727e+08 -0.000210748
-1.0485e+08 -0.000210997
-1.04974e+08 -0.000211246
-1.05098e+08 -0.000211495
-1.05222e+08 -0.000211744
-1.05346e+08 -0.000211994
-1.05469e+08 -0.000212243
-1.05593e+08 -0.000212492
-1.05717e+08 -0.000212741
-1.05792e+08 -0.000212892
-1.0578e+08 -0.000212868
-1.05768e+08 -0.000212844
-1.05756e+08 -0.000212819
-1.05744e+08 -0.000212795
-1.05732e+08 -0.00021277
-1.0572e+08 -0.000212746
-1.05707e+08 -0.000212722
-1.05703e+08 -0.000212712
-1.0571e+08 -0.000212727
-1.05718e+08 -0.000212743
-1.05725e+08 -0.000212758
-1.05733e+08 -0.000212773
-1.0574e+08 -0.000212788
-1.05748e+08 -0.000212803
-1.05755e+08 -0.000212818
-1.05763e+08 -0.000212833
-1.0577e+08 -0.000212848
-1.05778e+08 -0.000212863
-1.05785e+08 -0.000212878
-1.05793e+08 -0.000212894
-1.058e+08 -0.000212909
-1.05808e+08 -0.000212924
-1.05815e+08 -0.000212939
-1.05823e+08 -0.000212954
-1.0583e+08 -0.000212969
-1.05838e+08 -0.000212984
-1.05845e+08 -0.000212999
-1.05853e+08 -0.000213014
-1.0586e+08 -0.000213029
-1.05868e+08 -0.000213044
-1.05875e+08 -0.00021306
-1.05883e+08 -0.000213075
-1.0589e+08 -0.00021309
-1.05898e+08 -0.000213105
-1.05905e+08 -0.00021312
-1.05913e+08 -0.000213135
-1.0592e+08 -0.00021315
-1.05928e+08 -0.000213165
-1.05935e+08 -0.00021318
-1.05943e+08 -0.000213195
-1.0595e+08 -0.000213211
-1.05958e+08 -0.000213226
-1.05965e+08 -0.000213241
-1.05973e+08 -0.000213256
-1.0598e+08 -0.000213271
-1.05988e+08 -0.000213286
-1.05995e+08 -0.000213301
-1.06003e+08 -0.000213316
-1.0601e+08 -0.000213331
-1.06018e+08 -0.000213346
-1.06025e+08 -0.000213361
-1.06033e+08 -0.000213377
-1.0604e+08 -0.000213392
-1.06048e+08 -0.000213407
-1.06055e+08 -0.000213422
-1.06063e+08 -0.000213437
-1.0607e+08 -0.000213452
-1.06078e+08 -0.000213467
-1.06085e+08 -0.000213482
-1.06093e+08 -0.000213497
-1.061e+08 -0.000213512
-1.06108e+08 -0.000213528
-1.06115e+08 -0.000213543
-1.06123e+08 -0.000213558
-1.0613e+08 -0.000213573
-1.06138e+08 -0.000213588
-1.06145e+08 -0.000213603
-1.06153e+08 -0.000213618
-1.0616e+08 -0.000213633
-1.06168e+08 -0.000213648
-1.06175e+08 -0.000213663
-1.06183e+08 -0.000213679
-1.0619e+08 -0.000213694
-1.06198e+08 -0.000213709
-1.06205e+08 -0.000213724
-1.06213e+08 -0.000213739
-1.0622e+08 -0.000213754
-1.06228e+08 -0.000213769
-1.06235e+08 -0.000213784
-1.06243e+08 -0.000213799
-1.0625e+08 -0.000213814
-1.06258e+08 -0.00021383
-1.06265e+08 -0.000213845
-1.06273e+08 -0.00021386
-1.0628e+08 -0.000213875
-1.06288e+08 -0.00021389
-1.06295e+08 -0.000213905
-1.06303e+08 -0.00021392
-1.06311e+08 -0.000213935
-1.06318e+08 -0.00021395
-1.06326e+08 -0.000213965
-1.06333e+08 -0.000213981
-1.06341e+08 -0.000213996
-1.06348e+08 -0.000214011
-1.06356e+08 -0.000214026
-1.06363e+08 -0.000214041
-1.06371e+08 -0.000214056
-1.06378e+08 -0.000214071
-1.06386e+08 -0.000214086
-1.06393e+08 -0.000214101
-1.06401e+08 -0.000214116
-1.06408e+08 -0.000214132
-1.06416e+08 -0.000214147
-1.06423e+08 -0.000214162
-1.06431e+08 -0.000214177
-1.06438e+08 -0.000214192
-1.06446e+08 -0.000214207
-1.06453e+08 -0.000214222
-1.06461e+08 -0.000214237
-1.06468e+08 -0.000214252
-1.06476e+08 -0.000214267
-1.06483e+08 -0.000214283
-1.06491e+08 -0.000214298
-1.06498e+08 -0.000214313
-1.06506e+08 -0.000214328
-1.06513e+08 -0.000214343
-1.06521e+08 -0.000214358
-1.06528e+08 -0.000214373
-1.06536e+08 -0.000214388
-1.06543e+08 -0.000214403
-1.06551e+08 -0.000214418
-1.06558e+08 -0.000214434
-1.06566e+08 -0.000214449
-1.06573e+08 -0.000214464
-1.06581e+08 -0.000214479
-1.06588e+08 -0.000214494
-1.06596e+08 -0.000214509
-1.06603e+08 -0.000214524
-1.06611e+08 -0.000214539
-1.06618e+08 -0.000214554
-1.06626e+08 -0.00021457
-1.06633e+08 -0.000214585
-1.06641e+08 -0.0002146
-1.06648e+08 -0.000214615
-1.06656e+08 -0.00021463
-1.06663e+08 -0.000214645
-1.06671e+08 -0.00021466
-1.06678e+08 -0.000214675
-1.06686e+08 -0.00021469
-1.06693e+08 -0.000214705
-1.06701e+08 -0.000214721
-1.06708e+08 -0.000214736
-1.06716e+08 -0.000214751
-1.06723e+08 -0.000214766
-1.06731e+08 -0.000214781
-1.06738e+08 -0.000214796
-1.06746e+08 -0.000214811
-1.06753e+08 -0.000214826
-1.06761e+08 -0.000214841
-1.06768e+08 -0.000214856
-1.06776e+08 -0.000214872
-1.06783e+08 -0.000214887
-1.06791e+08 -0.000214902
-1.06798e+08 -0.000214917
-1.06806e+08 -0.000214932
-1.06813e+08 -0.000214947
-1.06821e+08 -0.000214962
-1.06828e+08 -0.000214977
-1.06836e+08 -0.000214992
-1.06843e+08 -0.000215008
-1.06851e+08 -0.000215023
-1.06858e+08 -0.000215038
-1.06866e+08 -0.000215053
-1.06873e+08 -0.000215068
-1.06881e+08 -0.000215083
-1.06888e+08 -0.000215098
-1.06896e+08 -0.000215113
-1.06903e+08 -0.000215128
-1.06911e+08 -0.000215144
-1.06918e+08 -0.000215159
-1.06926e+08 -0.000215174
-1.06933e+08 -0.000215189
-1.06941e+08 -0.000215204
-1.06948e+08 -0.000215219
-1.06956e+08 -0.000215234
-1.06963e+08 -0.000215249
-1.06971e+08 -0.000215264
-1.06978e+08 -0.000215279
-1.06986e+08 -0.000215295
-1.06994e+08 -0.00021531
-1.07001e+08 -0.000215325
-1.07009e+08 -0.00021534
-1.07016e+08 -0.000215355
-1.07024e+08 -0.00021537
-1.07031e+08 -0.000215385
-1.07039e+08 -0.0002154
-1.07046e+08 -0.000215415
-1.07054e+08 -0.000215431
-1.07061e+08 -0.000215446
-1.07069e+08 -0.000215461
-1.07076e+08 -0.000215476
-1.07084e+08 -0.000215491
-1.07091e+08 -0.000215506
-1.07099e+08 -0.000215521
-1.07106e+08 -0.000215536
-1.07114e+08 -0.000215551
-1.07121e+08 -0.000215567
-1.07129e+08 -0.000215582
-1.07136e+08 -0.000215597
-1.07144e+08 -0.000215612
-1.07151e+08 -0.000215627
-1.07159e+08 -0.000215642
-1.07166e+08 -0.000215657
-1.07174e+08 -0.000215672
-1.07181e+08 -0.000215687
-1.07189e+08 -0.000215702
-1.07196e+08 -0.000215718
-1.07204e+08 -0.000215733
-1.07211e+08 -0.000215748
-1.07219e+08 -0.000215763
-1.07226e+08 -0.000215778
-1.07234e+08 -0.000215793
-1.07241e+08 -0.000215808
-1.07249e+08 -0.000215823
-1.07256e+08 -0.000215838
-1.07264e+08 -0.000215854
-1.07271e+08 -0.000215869
-1.07279e+08 -0.000215884
-1.07286e+08 -0.000215899
-1.07294e+08 -0.000215914
-1.07301e+08 -0.000215929
-1.07309e+08 -0.000215944
-1.07316e+08 -0.000215959
-1.07324e+08 -0.000215974
-1.07331e+08 -0.00021599
-1.07339e+08 -0.000216005
-1.07346e+08 -0.00021602
-1.07354e+08 -0.000216035
-1.07361e+08 -0.00021605
-1.07369e+08 -0.000216065
-1.07376e+08 -0.00021608
-1.07384e+08 -0.000216095
-1.07391e+08 -0.00021611
-1.07399e+08 -0.000216126
-1.07406e+08 -0.000216141
-1.07414e+08 -0.000216156
-1.07421e+08 -0.000216171
-1.07429e+08 -0.000216186
-1.07437e+08 -0.000216201
-1.07444e+08 -0.000216216
-1.07452e+08 -0.000216231
-1.07459e+08 -0.000216246
-1.07467e+08 -0.000216262
-1.07474e+08 -0.000216277
-1.07482e+08 -0.000216292
-1.07489e+08 -0.000216307
-1.07497e+08 -0.000216322
-1.07504e+08 -0.000216337
-1.07512e+08 -0.000216352
-1.07519e+08 -0.000216367
-1.07527e+08 -0.000216383
-1.07534e+08 -0.000216398
-1.07542e+08 -0.000216413
-1.07549e+08 -0.000216428
-1.07557e+08 -0.000216443
-1.07564e+08 -0.000216458
-1.07572e+08 -0.000216473
-1.07579e+08 -0.000216488
-1.07587e+08 -0.000216503
-1.07594e+08 -0.000216519
-1.07602e+08 -0.000216534
-1.07609e+08 -0.000216549
-1.07617e+08 -0.000216564
-1.07624e+08 -0.000216579
-1.07632e+08 -0.000216594
-1.07639e+08 -0.000216609
-1.07647e+08 -0.000216624
-1.07654e+08 -0.000216639
-1.07662e+08 -0.000216655
-1.07669e+08 -0.00021667
-1.07677e+08 -0.000216685
-1.07684e+08 -0.0002167
-1.07692e+08 -0.000216715
-1.07699e+08 -0.00021673
-1.07707e+08 -0.000216745
-1.07714e+08 -0.00021676
-1.07722e+08 -0.000216775
-1.07729e+08 -0.000216791
-1.07737e+08 -0.000216806
-1.07744e+08 -0.000216821
-1.07752e+08 -0.000216836
-1.07759e+08 -0.000216851
-1.07767e+08 -0.000216866
-1.07774e+08 -0.000216881
-1.07782e+08 -0.000216896
-1.0779e+08 -0.000216912
-1.07797e+08 -0.000216927
-1.07805e+08 -0.000216942
-1.07812e+08 -0.000216957
-1.0782e+08 -0.000216972
-1.07827e+08 -0.000216987
-1.07835e+08 -0.000217002
-1.07842e+08 -0.000217017
-1.0785e+08 -0.000217032
-1.07857e+08 -0.000217048
-1.07865e+08 -0.000217063
-1.07872e+08 -0.000217078
-1.0788e+08 -0.000217093
-1.07887e+08 -0.000217108
-1.07895e+08 -0.000217123
-1.07902e+08 -0.000217138
-1.0791e+08 -0.000217153
-1.07917e+08 -0.000217168
-1.07925e+08 -0.000217184
-1.07932e+08 -0.000217199
-1.0794e+08 -0.000217214
-1.07947e+08 -0.000217229
-1.07955e+08 -0.000217244
-1.07962e+08 -0.000217259
-1.0797e+08 -0.000217274
-1.07977e+08 -0.000217289
-1.07985e+08 -0.000217305
-1.07992e+08 -0.00021732
-1.08e+08 -0.000217335
-1.08007e+08 -0.00021735
-1.08015e+08 -0.000217365
-1.08022e+08 -0.00021738
-1.0803e+08 -0.000217395
-1.08037e+08 -0.00021741
-1.08045e+08 -0.000217425
-1.08052e+08 -0.000217441
-1.0806e+08 -0.000217456
-1.08067e+08 -0.000217471
-1.08075e+08 -0.000217486
-1.08082e+08 -0.000217501
-1.0809e+08 -0.000217516
-1.08098e+08 -0.000217531
-1.08105e+08 -0.000217546
-1.08113e+08 -0.000217562
-1.0812e+08 -0.000217577
-1.08128e+08 -0.000217592
-1.08135e+08 -0.000217607
-1.08143e+08 -0.000217622
-1.0815e+08 -0.000217637
-1.08158e+08 -0.000217652
-1.08165e+08 -0.000217667
-1.08173e+08 -0.000217683
-1.0818e+08 -0.000217698
-1.08188e+08 -0.000217713
-1.08195e+08 -0.000217728
-1.08203e+08 -0.000217743
-1.0821e+08 -0.000217758
-1.08218e+08 -0.000217773
-1.08225e+08 -0.000217788
-1.08233e+08 -0.000217803
-1.0824e+08 -0.000217819
-1.08248e+08 -0.000217834
-1.08255e+08 -0.000217849
-1.08263e+08 -0.000217864
-1.0827e+08 -0.000217879
-1.08278e+08 -0.000217894
-1.08285e+08 -0.000217909
-1.08293e+08 -0.000217924
-1.083e+08 -0.00021794
-1.08308e+08 -0.000217955
-1.08315e+08 -0.00021797
-1.08323e+08 -0.000217985
-1.0833e+08 -0.000218
-1.08338e+08 -0.000218015
-1.08345e+08 -0.00021803
-1.08353e+08 -0.000218045
-1.0836e+08 -0.000218061
-1.08368e+08 -0.000218076
-1.08376e+08 -0.000218091
-1.08383e+08 -0.000218106
-1.08391e+08 -0.000218121
-1.08398e+08 -0.000218136
-1.08406e+08 -0.000218151
-1.08413e+08 -0.000218166
-1.08421e+08 -0.000218182
-1.08428e+08 -0.000218197
-1.08436e+08 -0.000218212
-1.08443e+08 -0.000218227
-1.08451e+08 -0.000218242
-1.08458e+08 -0.000218257
-1.08466e+08 -0.000218272
-1.08473e+08 -0.000218287
-1.08481e+08 -0.000218302
-1.08488e+08 -0.000218318
-1.08496e+08 -0.000218333
-1.08503e+08 -0.000218348
-1.08511e+08 -0.000218363
-1.08518e+08 -0.000218378
-1.08526e+08 -0.000218393
-1.08533e+08 -0.000218408
-1.08541e+08 -0.000218423
-1.08548e+08 -0.000218439
-1.08556e+08 -0.000218454
-1.08563e+08 -0.000218469
-1.08571e+08 -0.000218484
-1.08578e+08 -0.000218499
-1.08586e+08 -0.000218514
-1.08593e+08 -0.000218529
-1.08601e+08 -0.000218544
-1.08608e+08 -0.00021856
-1.08616e+08 -0.000218575
-1.08624e+08 -0.00021859
-1.08631e+08 -0.000218605
-1.08639e+08 -0.00021862
-1.08646e+08 -0.000218635
-1.08654e+08 -0.00021865
-1.08661e+08 -0.000218665
-1.08669e+08 -0.000218681
-1.08676e+08 -0.000218696
-1.08684e+08 -0.000218711
-1.08691e+08 -0.000218726
-1.08699e+08 -0.000218741
-1.08706e+08 -0.000218756
-1.08714e+08 -0.000218771
-1.08721e+08 -0.000218786
-1.08729e+08 -0.000218802
-1.08736e+08 -0.000218817
-1.08744e+08 -0.000218832
-1.08751e+08 -0.000218847
-1.08759e+08 -0.000218862
-1.08766e+08 -0.000218877
-1.08774e+08 -0.000218892
-1.08781e+08 -0.000218907
-1.08789e+08 -0.000218923
-1.08796e+08 -0.000218938
-1.08804e+08 -0.000218953
-1.08811e+08 -0.000218968
-1.08819e+08 -0.000218983
-1.08826e+08 -0.000218998
-1.08834e+08 -0.000219013
-1.08841e+08 -0.000219028
-1.08849e+08 -0.000219044
-1.08857e+08 -0.000219059
-1.08864e+08 -0.000219074
-1.08872e+08 -0.000219089
-1.08879e+08 -0.000219104
-1.08887e+08 -0.000219119
-1.08894e+08 -0.000219134
-1.08902e+08 -0.00021915
-1.08909e+08 -0.000219165
-1.08917e+08 -0.00021918
-1.08924e+08 -0.000219195
-1.08932e+08 -0.00021921
-1.08939e+08 -0.000219225
-1.08947e+08 -0.00021924
-1.08954e+08 -0.000219255
-1.08962e+08 -0.000219271
-1.08969e+08 -0.000219286
-1.08977e+08 -0.000219301
-1.08984e+08 -0.000219316
-1.08992e+08 -0.000219331
-1.08999e+08 -0.000219346
-1.09007e+08 -0.000219361
-1.09014e+08 -0.000219376
-1.09022e+08 -0.000219392
-1.09029e+08 -0.000219407
-1.09037e+08 -0.000219422
-1.09044e+08 -0.000219437
-1.09052e+08 -0.000219452
-1.09059e+08 -0.000219467
-1.09067e+08 -0.000219482
-1.09075e+08 -0.000219497
-1.09082e+08 -0.000219513
-1.0909e+08 -0.000219528
-1.09097e+08 -0.000219543
-1.09105e+08 -0.000219558
-1.09112e+08 -0.000219573
-1.0912e+08 -0.000219588
-1.09127e+08 -0.000219603
-1.09135e+08 -0.000219618
-1.09142e+08 -0.000219634
-1.0915e+08 -0.000219649
-1.09157e+08 -0.000219664
-1.09165e+08 -0.000219679
-1.09172e+08 -0.000219694
-1.0918e+08 -0.000219709
-1.09187e+08 -0.000219724
-1.09195e+08 -0.00021974
-1.09202e+08 -0.000219755
-1.0921e+08 -0.00021977
-1.09217e+08 -0.000219785
-1.09225e+08 -0.0002198
-1.09232e+08 -0.000219815
-1.0924e+08 -0.00021983
-1.09247e+08 -0.000219845
-1.09255e+08 -0.000219861
-1.09262e+08 -0.000219876
-1.0927e+08 -0.000219891
-1.09278e+08 -0.000219906
-1.09285e+08 -0.000219921
-1.09293e+08 -0.000219936
-1.093e+08 -0.000219951
-1.09308e+08 -0.000219967
-1.09315e+08 -0.000219982
-1.09323e+08 -0.000219997
-1.0933e+08 -0.000220012
-1.09338e+08 -0.000220027
-1.09345e+08 -0.000220042
-1.09353e+08 -0.000220057
-1.0936e+08 -0.000220072
-1.09368e+08 -0.000220088
-1.09375e+08 -0.000220103
-1.09383e+08 -0.000220118
-1.0939e+08 -0.000220133
-1.09398e+08 -0.000220148
-1.09405e+08 -0.000220163
-1.09413e+08 -0.000220178
-1.0942e+08 -0.000220193
-1.09428e+08 -0.000220209
-1.09435e+08 -0.000220224
-1.09443e+08 -0.000220239
-1.0945e+08 -0.000220254
-1.09458e+08 -0.000220269
-1.09466e+08 -0.000220284
-1.09473e+08 -0.000220299
-1.09481e+08 -0.000220315
-1.09488e+08 -0.00022033
-1.09496e+08 -0.000220345
-1.09503e+08 -0.00022036
-1.09511e+08 -0.000220375
-1.09518e+08 -0.00022039
-1.09526e+08 -0.000220405
-1.09533e+08 -0.00022042
-1.09541e+08 -0.000220436
-1.09548e+08 -0.000220451
-1.09556e+08 -0.000220466
-1.09563e+08 -0.000220481
-1.09571e+08 -0.000220496
-1.09578e+08 -0.000220511
-1.09586e+08 -0.000220526
-1.09593e+08 -0.000220542
-1.09601e+08 -0.000220557
-1.09608e+08 -0.000220572
-1.09616e+08 -0.000220587
-1.09623e+08 -0.000220602
-1.09631e+08 -0.000220617
-1.09639e+08 -0.000220632
-1.09646e+08 -0.000220648
-1.09654e+08 -0.000220663
-1.09661e+08 -0.000220678
-1.09669e+08 -0.000220693
-1.09676e+08 -0.000220708
-1.09684e+08 -0.000220723
-1.09691e+08 -0.000220738
-1.09699e+08 -0.000220753
-1.09706e+08 -0.000220769
-1.09714e+08 -0.000220784
-1.09721e+08 -0.000220799
-1.09729e+08 -0.000220814
-1.09736e+08 -0.000220829
-1.09744e+08 -0.000220844
-1.09751e+08 -0.000220859
-1.09759e+08 -0.000220875
-1.09766e+08 -0.00022089
-1.09774e+08 -0.000220905
-1.09781e+08 -0.00022092
-1.09789e+08 -0.000220935
-1.09796e+08 -0.00022095
-1.09804e+08 -0.000220965
-1.09811e+08 -0.000220981
-1.09819e+08 -0.000220996
-1.09827e+08 -0.000221011
-1.09834e+08 -0.000221026
-1.09842e+08 -0.000221041
-1.09849e+08 -0.000221056
-1.09857e+08 -0.000221071
-1.09864e+08 -0.000221086
-1.09872e+08 -0.000221102
-1.09879e+08 -0.000221117
-1.09887e+08 -0.000221132
-1.09894e+08 -0.000221147
-1.09902e+08 -0.000221162
-1.09909e+08 -0.000221177
-1.09917e+08 -0.000221192
-1.09924e+08 -0.000221208
-1.09932e+08 -0.000221223
-1.09939e+08 -0.000221238
-1.09947e+08 -0.000221253
-1.09954e+08 -0.000221268
-1.09962e+08 -0.000221283
-1.09969e+08 -0.000221298
-1.09977e+08 -0.000221314
-1.09985e+08 -0.000221329
-1.09992e+08 -0.000221344
-1.1e+08 -0.000221359
-1.10007e+08 -0.000221374
-1.10015e+08 -0.000221389
-1.10022e+08 -0.000221404
-1.1003e+08 -0.00022142
-1.10037e+08 -0.000221435
-1.10045e+08 -0.00022145
-1.10052e+08 -0.000221465
-1.1006e+08 -0.00022148
-1.10067e+08 -0.000221495
-1.10075e+08 -0.00022151
-1.10082e+08 -0.000221525
-1.1009e+08 -0.000221541
-1.10097e+08 -0.000221556
-1.10105e+08 -0.000221571
-1.10112e+08 -0.000221586
-1.1012e+08 -0.000221601
-1.10127e+08 -0.000221616
-1.10135e+08 -0.000221631
-1.10143e+08 -0.000221647
-1.1015e+08 -0.000221662
-1.10158e+08 -0.000221677
-1.10165e+08 -0.000221692
-1.10173e+08 -0.000221707
-1.1018e+08 -0.000221722
-1.10188e+08 -0.000221737
-1.10195e+08 -0.000221753
-1.10203e+08 -0.000221768
-1.1021e+08 -0.000221783
-1.10218e+08 -0.000221798
-1.10225e+08 -0.000221813
-1.10233e+08 -0.000221828
-1.1024e+08 -0.000221843
-1.10248e+08 -0.000221859
-1.10255e+08 -0.000221874
-1.10263e+08 -0.000221889
-1.1027e+08 -0.000221904
-1.10278e+08 -0.000221919
-1.10285e+08 -0.000221934
-1.10293e+08 -0.000221949
-1.10301e+08 -0.000221965
-1.10308e+08 -0.00022198
-1.10316e+08 -0.000221995
-1.10323e+08 -0.00022201
-1.10331e+08 -0.000222025
-1.10338e+08 -0.00022204
-1.10346e+08 -0.000222055
-1.10353e+08 -0.000222071
-1.10361e+08 -0.000222086
-1.10368e+08 -0.000222101
-1.10376e+08 -0.000222116
-1.10383e+08 -0.000222131
-1.10391e+08 -0.000222146
-1.10398e+08 -0.000222161
-1.10406e+08 -0.000222177
-1.10413e+08 -0.000222192
-1.10421e+08 -0.000222207
-1.10428e+08 -0.000222222
-1.10436e+08 -0.000222237
-1.10443e+08 -0.000222252
-1.10451e+08 -0.000222267
-1.10459e+08 -0.000222283
-1.10466e+08 -0.000222298
-1.10474e+08 -0.000222313
-1.10481e+08 -0.000222328
-1.10489e+08 -0.000222343
-1.10496e+08 -0.000222358
-1.10504e+08 -0.000222373
-1.10511e+08 -0.000222389
-1.10519e+08 -0.000222404
-1.10526e+08 -0.000222419
-1.10534e+08 -0.000222434
-1.10541e+08 -0.000222449
-1.10549e+08 -0.000222464
-1.10556e+08 -0.000222479
-1.10564e+08 -0.000222495
-1.10571e+08 -0.00022251
-1.10579e+08 -0.000222525
-1.10586e+08 -0.00022254
-1.10594e+08 -0.000222555
-1.10602e+08 -0.00022257
-1.10609e+08 -0.000222585
-1.10617e+08 -0.000222601
-1.10624e+08 -0.000222616
-1.10632e+08 -0.000222631
-1.10639e+08 -0.000222646
-1.10647e+08 -0.000222661
-1.10654e+08 -0.000222676
-1.10662e+08 -0.000222691
-1.10669e+08 -0.000222707
-1.10677e+08 -0.000222722
-1.10684e+08 -0.000222737
-1.10692e+08 -0.000222752
-1.10699e+08 -0.000222767
-1.10707e+08 -0.000222782
-1.10714e+08 -0.000222798
-1.10722e+08 -0.000222813
-1.10729e+08 -0.000222828
-1.10737e+08 -0.000222843
-1.10745e+08 -0.000222858
-1.10752e+08 -0.000222873
-1.1076e+08 -0.000222888
-1.10767e+08 -0.000222904
-1.10775e+08 -0.000222919
-1.10782e+08 -0.000222934
-1.1079e+08 -0.000222949
-1.10797e+08 -0.000222964
-1.10805e+08 -0.000222979
-1.10812e+08 -0.000222994
-1.1082e+08 -0.00022301
-1.10827e+08 -0.000223025
-1.10835e+08 -0.00022304
-1.10842e+08 -0.000223055
-1.1085e+08 -0.00022307
-1.10857e+08 -0.000223085
-1.10865e+08 -0.0002231
-1.10872e+08 -0.000223116
-1.1088e+08 -0.000223131
-1.10888e+08 -0.000223146
-1.10895e+08 -0.000223161
-1.10903e+08 -0.000223176
-1.1091e+08 -0.000223191
-1.10918e+08 -0.000223206
-1.10925e+08 -0.000223222
-1.10933e+08 -0.000223237
-1.1094e+08 -0.000223252
-1.10948e+08 -0.000223267
-1.10955e+08 -0.000223282
-1.10963e+08 -0.000223297
-1.1097e+08 -0.000223313
-1.10978e+08 -0.000223328
-1.10985e+08 -0.000223343
-1.10993e+08 -0.000223358
-1.11e+08 -0.000223373
-1.11008e+08 -0.000223388
-1.11016e+08 -0.000223403
-1.11023e+08 -0.000223419
-1.11031e+08 -0.000223434
-1.11038e+08 -0.000223449
-1.11046e+08 -0.000223464
-1.11053e+08 -0.000223479
-1.11061e+08 -0.000223494
-1.11068e+08 -0.000223509
-1.11076e+08 -0.000223525
-1.11083e+08 -0.00022354
-1.11091e+08 -0.000223555
-1.11098e+08 -0.00022357
-1.11106e+08 -0.000223585
-1.11113e+08 -0.0002236
-1.11121e+08 -0.000223616
-1.11128e+08 -0.000223631
-1.11136e+08 -0.000223646
-1.11144e+08 -0.000223661
-1.11151e+08 -0.000223676
-1.11159e+08 -0.000223691
-1.11166e+08 -0.000223706
-1.11174e+08 -0.000223722
-1.11181e+08 -0.000223737
-1.11189e+08 -0.000223752
-1.11196e+08 -0.000223767
-1.11204e+08 -0.000223782
-1.11211e+08 -0.000223797
-1.11219e+08 -0.000223812
-1.11226e+08 -0.000223828
-1.11234e+08 -0.000223843
-1.11241e+08 -0.000223858
-1.11249e+08 -0.000223873
-1.11256e+08 -0.000223888
-1.11264e+08 -0.000223903
-1.11272e+08 -0.000223919
-1.11279e+08 -0.000223934
-1.11287e+08 -0.000223949
-1.11294e+08 -0.000223964
-1.11302e+08 -0.000223979
-1.11309e+08 -0.000223994
-1.11317e+08 -0.000224009
-1.11324e+08 -0.000224025
-1.11332e+08 -0.00022404
-1.11339e+08 -0.000224055
-1.11347e+08 -0.00022407
-1.11354e+08 -0.000224085
-1.11362e+08 -0.0002241
-1.11369e+08 -0.000224116
-1.11377e+08 -0.000224131
-1.11384e+08 -0.000224146
-1.11392e+08 -0.000224161
-1.114e+08 -0.000224176
-1.11407e+08 -0.000224191
-1.11415e+08 -0.000224206
-1.11422e+08 -0.000224222
-1.1143e+08 -0.000224237
-1.11437e+08 -0.000224252
-1.11445e+08 -0.000224267
-1.11452e+08 -0.000224282
-1.1146e+08 -0.000224297
-1.11467e+08 -0.000224313
-1.11475e+08 -0.000224328
-1.11482e+08 -0.000224343
-1.1149e+08 -0.000224358
-1.11497e+08 -0.000224373
-1.11505e+08 -0.000224388
-1.11512e+08 -0.000224403
-1.1152e+08 -0.000224419
-1.11528e+08 -0.000224434
-1.11535e+08 -0.000224449
-1.11543e+08 -0.000224464
-1.1155e+08 -0.000224479
-1.11558e+08 -0.000224494
-1.11565e+08 -0.00022451
-1.11573e+08 -0.000224525
-1.1158e+08 -0.00022454
-1.11588e+08 -0.000224555
-1.11595e+08 -0.00022457
-1.11603e+08 -0.000224585
-1.1161e+08 -0.0002246
-1.11618e+08 -0.000224616
-1.11625e+08 -0.000224631
-1.11633e+08 -0.000224646
-1.1164e+08 -0.000224661
-1.11648e+08 -0.000224676
-1.11656e+08 -0.000224691
-1.11663e+08 -0.000224707
-1.11671e+08 -0.000224722
-1.11678e+08 -0.000224737
-1.11686e+08 -0.000224752
-1.11693e+08 -0.000224767
-1.11701e+08 -0.000224782
-1.11708e+08 -0.000224798
-1.11716e+08 -0.000224813
-1.11723e+08 -0.000224828
-1.11731e+08 -0.000224843
-1.11738e+08 -0.000224858
-1.11746e+08 -0.000224873
-1.11753e+08 -0.000224888
-1.11761e+08 -0.000224904
-1.11769e+08 -0.000224919
-1.11776e+08 -0.000224934
-1.11784e+08 -0.000224949
-1.11791e+08 -0.000224964
-1.11799e+08 -0.000224979
-1.11806e+08 -0.000224995
-1.11814e+08 -0.00022501
-1.11821e+08 -0.000225025
-1.11829e+08 -0.00022504
-1.11836e+08 -0.000225055
-1.11844e+08 -0.00022507
-1.11851e+08 -0.000225086
-1.11859e+08 -0.000225101
-1.11866e+08 -0.000225116
-1.11874e+08 -0.000225131
-1.11882e+08 -0.000225146
-1.11889e+08 -0.000225161
-1.11897e+08 -0.000225176
-1.11904e+08 -0.000225192
-1.11912e+08 -0.000225207
-1.11919e+08 -0.000225222
-1.11927e+08 -0.000225237
-1.11934e+08 -0.000225252
-1.11942e+08 -0.000225267
-1.11949e+08 -0.000225283
-1.11957e+08 -0.000225298
-1.11964e+08 -0.000225313
-1.11972e+08 -0.000225328
-1.11979e+08 -0.000225343
-1.11987e+08 -0.000225358
-1.11995e+08 -0.000225374
-1.12002e+08 -0.000225389
-1.1201e+08 -0.000225404
-1.12017e+08 -0.000225419
-1.12025e+08 -0.000225434
-1.12032e+08 -0.000225449
-1.1204e+08 -0.000225464
-1.12047e+08 -0.00022548
-1.12055e+08 -0.000225495
-1.12062e+08 -0.00022551
-1.1207e+08 -0.000225525
-1.12077e+08 -0.00022554
-1.12085e+08 -0.000225555
-1.12092e+08 -0.000225571
-1.121e+08 -0.000225586
-1.12108e+08 -0.000225601
-1.12115e+08 -0.000225616
-1.12123e+08 -0.000225631
-1.1213e+08 -0.000225646
-1.12138e+08 -0.000225662
-1.12145e+08 -0.000225677
-1.12153e+08 -0.000225692
-1.1216e+08 -0.000225707
-1.12168e+08 -0.000225722
-1.12175e+08 -0.000225737
-1.12183e+08 -0.000225753
-1.1219e+08 -0.000225768
-1.12198e+08 -0.000225783
-1.12205e+08 -0.000225798
-1.12213e+08 -0.000225813
-1.12221e+08 -0.000225828
-1.12228e+08 -0.000225844
-1.12236e+08 -0.000225859
-1.12243e+08 -0.000225874
-1.12251e+08 -0.000225889
-1.12258e+08 -0.000225904
-1.12266e+08 -0.000225919
-1.12273e+08 -0.000225935
-1.12281e+08 -0.00022595
-1.12288e+08 -0.000225965
-1.12296e+08 -0.00022598
-1.12303e+08 -0.000225995
-1.12311e+08 -0.00022601
-1.12318e+08 -0.000226025
-1.12326e+08 -0.000226041
-1.12334e+08 -0.000226056
-1.12341e+08 -0.000226071
-1.12349e+08 -0.000226086
-1.12356e+08 -0.000226101
-1.12364e+08 -0.000226116
-1.12371e+08 -0.000226132
-1.12379e+08 -0.000226147
-1.12386e+08 -0.000226162
-1.12394e+08 -0.000226177
-1.12401e+08 -0.000226192
-1.12409e+08 -0.000226207
-1.12416e+08 -0.000226223
-1.12424e+08 -0.000226238
-1.12432e+08 -0.000226253
-1.12439e+08 -0.000226268
-1.12447e+08 -0.000226283
-1.12454e+08 -0.000226298
-1.12462e+08 -0.000226314
-1.12469e+08 -0.000226329
-1.12477e+08 -0.000226344
-1.12484e+08 -0.000226359
-1.12492e+08 -0.000226374
-1.12499e+08 -0.000226389
-1.12507e+08 -0.000226405
-1.12514e+08 -0.00022642
-1.12522e+08 -0.000226435
-1.12529e+08 -0.00022645
-1.12537e+08 -0.000226465
-1.12545e+08 -0.00022648
-1.12552e+08 -0.000226496
-1.1256e+08 -0.000226511
-1.12567e+08 -0.000226526
-1.12575e+08 -0.000226541
-1.12582e+08 -0.000226556
-1.1259e+08 -0.000226571
-1.12597e+08 -0.000226587
-1.12605e+08 -0.000226602
-1.12612e+08 -0.000226617
-1.1262e+08 -0.000226632
-1.12627e+08 -0.000226647
-1.12635e+08 -0.000226662
-1.12643e+08 -0.000226678
-1.1265e+08 -0.000226693
-1.12658e+08 -0.000226708
-1.12665e+08 -0.000226723
-1.12673e+08 -0.000226738
-1.1268e+08 -0.000226753
-1.12688e+08 -0.000226769
-1.12695e+08 -0.000226784
-1.12703e+08 -0.000226799
-1.1271e+08 -0.000226814
-1.12718e+08 -0.000226829
-1.12725e+08 -0.000226844
-1.12733e+08 -0.00022686
-1.12741e+08 -0.000226875
-1.12748e+08 -0.00022689
-1.12756e+08 -0.000226905
-1.12763e+08 -0.00022692
-1.12771e+08 -0.000226935
-1.12778e+08 -0.000226951
-1.12786e+08 -0.000226966
-1.12793e+08 -0.000226981
-1.12801e+08 -0.000226996
-1.12808e+08 -0.000227011
-1.12816e+08 -0.000227026
-1.12823e+08 -0.000227042
-1.12831e+08 -0.000227057
-1.12839e+08 -0.000227072
-1.12846e+08 -0.000227087
-1.12854e+08 -0.000227102
-1.12861e+08 -0.000227117
-1.12869e+08 -0.000227133
-1.12876e+08 -0.000227148
-1.12884e+08 -0.000227163
-1.12891e+08 -0.000227178
-1.12899e+08 -0.000227193
-1.12906e+08 -0.000227208
-1.12914e+08 -0.000227224
-1.12921e+08 -0.000227239
-1.12929e+08 -0.000227254
-1.12936e+08 -0.000227269
-1.12944e+08 -0.000227284
-1.12952e+08 -0.000227299
-1.12959e+08 -0.000227315
-1.12967e+08 -0.00022733
-1.12974e+08 -0.000227345
-1.12982e+08 -0.00022736
-1.12989e+08 -0.000227375
-1.12997e+08 -0.00022739
-1.13004e+08 -0.000227406
-1.13012e+08 -0.000227421
-1.13019e+08 -0.000227436
-1.13027e+08 -0.000227451
-1.13034e+08 -0.000227466
-1.13042e+08 -0.000227482
-1.1305e+08 -0.000227497
-1.13057e+08 -0.000227512
-1.13065e+08 -0.000227527
-1.13072e+08 -0.000227542
-1.1308e+08 -0.000227557
-1.13087e+08 -0.000227573
-1.13095e+08 -0.000227588
-1.13102e+08 -0.000227603
-1.1311e+08 -0.000227618
-1.13117e+08 -0.000227633
-1.13125e+08 -0.000227648
-1.13133e+08 -0.000227664
-1.1314e+08 -0.000227679
-1.13148e+08 -0.000227694
-1.13155e+08 -0.000227709
-1.13163e+08 -0.000227724
-1.1317e+08 -0.000227739
-1.13178e+08 -0.000227755
-1.13185e+08 -0.00022777
-1.13193e+08 -0.000227785
-1.132e+08 -0.0002278
-1.13208e+08 -0.000227815
-1.13215e+08 -0.00022783
-1.13223e+08 -0.000227846
-1.13231e+08 -0.000227861
-1.13238e+08 -0.000227876
-1.13246e+08 -0.000227891
-1.13253e+08 -0.000227906
-1.13261e+08 -0.000227921
-1.13268e+08 -0.000227937
-1.13276e+08 -0.000227952
-1.13283e+08 -0.000227967
-1.13291e+08 -0.000227982
-1.13298e+08 -0.000227997
-1.13306e+08 -0.000228013
-1.13313e+08 -0.000228028
-1.13321e+08 -0.000228043
-1.13329e+08 -0.000228058
-1.13336e+08 -0.000228073
-1.13344e+08 -0.000228088
-1.13351e+08 -0.000228104
-1.13359e+08 -0.000228119
-1.13366e+08 -0.000228134
-1.13374e+08 -0.000228149
-1.13381e+08 -0.000228164
-1.13389e+08 -0.000228179
-1.13396e+08 -0.000228195
-1.13404e+08 -0.00022821
-1.13411e+08 -0.000228225
-1.13419e+08 -0.00022824
-1.13427e+08 -0.000228255
-1.13434e+08 -0.00022827
-1.13442e+08 -0.000228286
-1.13449e+08 -0.000228301
-1.13457e+08 -0.000228316
-1.13464e+08 -0.000228331
-1.13472e+08 -0.000228346
-1.13479e+08 -0.000228362
-1.13487e+08 -0.000228377
-1.13494e+08 -0.000228392
-1.13502e+08 -0.000228407
-1.1351e+08 -0.000228422
-1.13517e+08 -0.000228437
-1.13525e+08 -0.000228453
-1.13532e+08 -0.000228468
-1.1354e+08 -0.000228483
-1.13547e+08 -0.000228498
-1.13555e+08 -0.000228513
-1.13562e+08 -0.000228528
-1.1357e+08 -0.000228544
-1.13577e+08 -0.000228559
-1.13585e+08 -0.000228574
-1.13592e+08 -0.000228589
-1.136e+08 -0.000228604
-1.13608e+08 -0.00022862
-1.13615e+08 -0.000228635
-1.13623e+08 -0.00022865
-1.1363e+08 -0.000228665
-1.13638e+08 -0.00022868
-1.13645e+08 -0.000228695
-1.13653e+08 -0.000228711
-1.1366e+08 -0.000228726
-1.13668e+08 -0.000228741
-1.13675e+08 -0.000228756
-1.13683e+08 -0.000228771
-1.13691e+08 -0.000228786
-1.13698e+08 -0.000228802
-1.13706e+08 -0.000228817
-1.13713e+08 -0.000228832
-1.13721e+08 -0.000228847
-1.13728e+08 -0.000228862
-1.13736e+08 -0.000228878
-1.13743e+08 -0.000228893
-1.13751e+08 -0.000228908
-1.13758e+08 -0.000228923
-1.13766e+08 -0.000228938
-1.13773e+08 -0.000228953
-1.13781e+08 -0.000228969
-1.13789e+08 -0.000228984
-1.13796e+08 -0.000228999
-1.13804e+08 -0.000229014
-1.13811e+08 -0.000229029
-1.13819e+08 -0.000229045
-1.13826e+08 -0.00022906
-1.13834e+08 -0.000229075
-1.13841e+08 -0.00022909
-1.13849e+08 -0.000229105
-1.13856e+08 -0.00022912
-1.13864e+08 -0.000229136
-1.13872e+08 -0.000229151
-1.13879e+08 -0.000229166
-1.13887e+08 -0.000229181
-1.13894e+08 -0.000229196
-1.13902e+08 -0.000229211
-1.13909e+08 -0.000229227
-1.13917e+08 -0.000229242
-1.13924e+08 -0.000229257
-1.13932e+08 -0.000229272
-1.13939e+08 -0.000229287
-1.13947e+08 -0.000229303
-1.13955e+08 -0.000229318
-1.13962e+08 -0.000229333
-1.1397e+08 -0.000229348
-1.13977e+08 -0.000229363
-1.13985e+08 -0.000229378
-1.13992e+08 -0.000229394
-1.14e+08 -0.000229409
-1.14007e+08 -0.000229424
-1.14015e+08 -0.000229439
-1.14022e+08 -0.000229454
-1.1403e+08 -0.00022947
-1.14037e+08 -0.000229485
-1.14045e+08 -0.0002295
-1.14053e+08 -0.000229515
-1.1406e+08 -0.00022953
-1.14068e+08 -0.000229545
-1.14075e+08 -0.000229561
-1.14083e+08 -0.000229576
-1.1409e+08 -0.000229591
-1.14098e+08 -0.000229606
-1.14105e+08 -0.000229621
-1.14098e+08 -0.000229607
-1.14053e+08 -0.000229516
-1.14007e+08 -0.000229424
-1.13962e+08 -0.000229333
-1.13917e+08 -0.000229242
-1.13871e+08 -0.00022915
-1.13826e+08 -0.000229059
-1.13781e+08 -0.000228968
-1.13735e+08 -0.000228876
-1.1369e+08 -0.000228785
-1.13644e+08 -0.000228694
-1.13599e+08 -0.000228602
-1.13554e+08 -0.000228511
-1.13508e+08 -0.00022842
-1.13463e+08 -0.000228328
-1.13417e+08 -0.000228237
-1.13372e+08 -0.000228146
-1.13327e+08 -0.000228054
-1.13281e+08 -0.000227963
-1.13236e+08 -0.000227872
-1.1319e+08 -0.00022778
-1.13145e+08 -0.000227689
-1.131e+08 -0.000227598
-1.13054e+08 -0.000227506
-1.13009e+08 -0.000227415
-1.12964e+08 -0.000227324
-1.12918e+08 -0.000227232
-1.12873e+08 -0.000227141
-1.12827e+08 -0.00022705
-1.12782e+08 -0.000226958
-1.12737e+08 -0.000226867
-1.12691e+08 -0.000226776
-1.12646e+08 -0.000226684
-1.126e+08 -0.000226593
-1.12555e+08 -0.000226502
-1.1251e+08 -0.00022641
-1.12464e+08 -0.000226319
-1.12419e+08 -0.000226228
-1.12374e+08 -0.000226136
-1.12328e+08 -0.000226045
-1.12283e+08 -0.000225954
-1.12237e+08 -0.000225862
-1.12192e+08 -0.000225771
-1.12147e+08 -0.00022568
-1.12101e+08 -0.000225588
-1.12056e+08 -0.000225497
-1.1201e+08 -0.000225406
-1.11965e+08 -0.000225314
-1.1192e+08 -0.000225223
-1.11874e+08 -0.000225132
-1.11829e+08 -0.00022504
-1.11784e+08 -0.000224949
-1.11738e+08 -0.000224858
-1.11693e+08 -0.000224766
-1.11647e+08 -0.000224675
-1.11602e+08 -0.000224584
-1.11557e+08 -0.000224492
-1.11511e+08 -0.000224401
-1.11466e+08 -0.00022431
-1.11421e+08 -0.000224218
-1.11375e+08 -0.000224127
-1.1133e+08 -0.000224036
-1.11284e+08 -0.000223944
-1.11239e+08 -0.000223853
-1.11192e+08 -0.00022376
-1.11146e+08 -0.000223666
-1.11099e+08 -0.000223572
-1.11052e+08 -0.000223478
-1.11006e+08 -0.000223384
-1.10959e+08 -0.00022329
-1.10913e+08 -0.000223196
-1.10866e+08 -0.000223102
-1.10819e+08 -0.000223008
-1.10773e+08 -0.000222914
-1.10726e+08 -0.000222821
-1.10679e+08 -0.000222727
-1.10633e+08 -0.000222633
-1.10586e+08 -0.000222539
-1.10539e+08 -0.000222445
-1.10493e+08 -0.000222351
-1.10446e+08 -0.000222257
-1.10399e+08 -0.000222163
-1.10353e+08 -0.000222069
-1.10306e+08 -0.000221976
-1.10259e+08 -0.000221882
-1.10213e+08 -0.000221788
-1.10166e+08 -0.000221694
-1.10119e+08 -0.0002216
-1.10073e+08 -0.000221506
-1.10026e+08 -0.000221412
-1.09979e+08 -0.000221318
-1.09933e+08 -0.000221224
-1.09886e+08 -0.00022113
-1.09839e+08 -0.000221037
-1.09793e+08 -0.000220943
-1.09746e+08 -0.000220849
-1.09699e+08 -0.000220755
-1.09653e+08 -0.000220661
-1.09606e+08 -0.000220567
-1.09559e+08 -0.000220473
-1.09513e+08 -0.000220379
-1.09466e+08 -0.000220285
-1.09419e+08 -0.000220192
-1.09373e+08 -0.000220098
-1.09326e+08 -0.000220004
-1.09279e+08 -0.00021991
-1.09233e+08 -0.000219816
-1.09186e+08 -0.000219722
-1.09139e+08 -0.000219628
-1.09093e+08 -0.000219534
-1.09046e+08 -0.00021944
-1.09e+08 -0.000219346
-1.08953e+08 -0.000219253
-1.08906e+08 -0.000219159
-1.0886e+08 -0.000219065
-1.08813e+08 -0.000218971
-1.08766e+08 -0.000218877
-1.0872e+08 -0.000218783
-1.08673e+08 -0.000218689
-1.08626e+08 -0.000218595
-1.0858e+08 -0.000218501
-1.08533e+08 -0.000218408
-1.08486e+08 -0.000218314
-1.0844e+08 -0.00021822
-1.08393e+08 -0.000218126
-1.08346e+08 -0.000218032
-1.083e+08 -0.000217938
-1.08253e+08 -0.000217844
-1.08206e+08 -0.00021775
-1.0816e+08 -0.000217656
-1.08113e+08 -0.000217563
-1.08066e+08 -0.000217469
-1.0802e+08 -0.000217375
-1.07973e+08 -0.000217281
-1.07926e+08 -0.000217187
-1.0788e+08 -0.000217093
-1.07833e+08 -0.000216999
-1.07786e+08 -0.000216905
-1.0774e+08 -0.000216811
-1.07693e+08 -0.000216718
-1.07646e+08 -0.000216624
-1.076e+08 -0.00021653
-1.07553e+08 -0.000216436
-1.07506e+08 -0.000216342
-1.0746e+08 -0.000216248
-1.07413e+08 -0.000216154
-1.07367e+08 -0.00021606
-1.0732e+08 -0.000215966
-1.07273e+08 -0.000215873
-1.07227e+08 -0.000215779
-1.0718e+08 -0.000215685
-1.07133e+08 -0.000215591
-1.07087e+08 -0.000215497
-1.0704e+08 -0.000215403
-1.06993e+08 -0.000215309
-1.06947e+08 -0.000215215
-1.069e+08 -0.000215121
-1.06853e+08 -0.000215028
-1.06807e+08 -0.000214934
-1.0676e+08 -0.00021484
-1.06713e+08 -0.000214746
-1.06667e+08 -0.000214652
-1.0662e+08 -0.000214558
-1.06573e+08 -0.000214464
-1.06527e+08 -0.00021437
-1.0648e+08 -0.000214276
-1.06433e+08 -0.000214183
-1.06387e+08 -0.000214089
-1.0634e+08 -0.000213995
-1.06293e+08 -0.000213901
-1.06247e+08 -0.000213807
-1.062e+08 -0.000213713
-1.06153e+08 -0.000213619
-1.06107e+08 -0.000213525
-1.0606e+08 -0.000213432
-1.06014e+08 -0.000213338
-1.05967e+08 -0.000213244
-1.0592e+08 -0.00021315
-1.05874e+08 -0.000213056
-1.05827e+08 -0.000212962
-1.0578e+08 -0.000212868
-1.05734e+08 -0.000212774
-1.05687e+08 -0.00021268
-1.0564e+08 -0.000212587
-1.05594e+08 -0.000212493
-1.05547e+08 -0.000212399
-1.055e+08 -0.000212305
-1.05454e+08 -0.000212211
-1.05407e+08 -0.000212117
-1.0536e+08 -0.000212023
-1.05314e+08 -0.000211929
-1.05267e+08 -0.000211835
-1.0522e+08 -0.000211742
-1.05174e+08 -0.000211648
-1.05127e+08 -0.000211554
-1.0508e+08 -0.00021146
-1.05034e+08 -0.000211366
-1.04987e+08 -0.000211272
-1.0494e+08 -0.000211178
-1.04894e+08 -0.000211084
-1.04847e+08 -0.000210991
-1.04801e+08 -0.000210897
-1.04754e+08 -0.000210803
-1.04707e+08 -0.000210709
-1.04661e+08 -0.000210615
-1.04614e+08 -0.000210521
-1.04567e+08 -0.000210427
-1.04521e+08 -0.000210333
-1.04474e+08 -0.000210239
-1.04427e+08 -0.000210146
-1.04381e+08 -0.000210052
-1.04334e+08 -0.000209958
-1.04287e+08 -0.000209864
-1.04241e+08 -0.00020977
-1.04194e+08 -0.000209676
-1.04147e+08 -0.000209582
-1.04101e+08 -0.000209488
-1.04054e+08 -0.000209395
-1.04007e+08 -0.000209301
-1.03961e+08 -0.000209207
-1.03914e+08 -0.000209113
-1.03867e+08 -0.000209019
-1.03821e+08 -0.000208925
-1.03774e+08 -0.000208831
-1.03728e+08 -0.000208737
-1.03681e+08 -0.000208643
-1.03634e+08 -0.00020855
-1.03588e+08 -0.000208456
-1.03541e+08 -0.000208362
-1.03494e+08 -0.000208268
-1.03448e+08 -0.000208174
-1.03401e+08 -0.00020808
-1.03354e+08 -0.000207986
-1.03308e+08 -0.000207892
-1.03261e+08 -0.000207799
-1.03214e+08 -0.000207705
-1.03168e+08 -0.000207611
-1.03121e+08 -0.000207517
-1.03074e+08 -0.000207423
-1.03028e+08 -0.000207329
-1.02981e+08 -0.000207235
-1.02934e+08 -0.000207141
-1.02888e+08 -0.000207047
-1.02841e+08 -0.000206954
-1.02794e+08 -0.00020686
-1.02748e+08 -0.000206766
-1.02701e+08 -0.000206672
-1.02655e+08 -0.000206578
-1.02608e+08 -0.000206484
-1.02561e+08 -0.00020639
-1.02515e+08 -0.000206296
-1.02468e+08 -0.000206203
-1.02421e+08 -0.000206109
-1.02375e+08 -0.000206015
-1.02328e+08 -0.000205921
-1.02281e+08 -0.000205827
-1.02235e+08 -0.000205733
-1.02188e+08 -0.000205639
-1.02141e+08 -0.000205545
-1.02095e+08 -0.000205452
-1.02048e+08 -0.000205358
-1.02001e+08 -0.000205264
-1.01955e+08 -0.00020517
-1.01908e+08 -0.000205076
-1.01861e+08 -0.000204982
-1.01815e+08 -0.000204888
-1.01768e+08 -0.000204794
-1.01722e+08 -0.000204701
-1.01675e+08 -0.000204607
-1.01628e+08 -0.000204513
-1.01582e+08 -0.000204419
-1.01535e+08 -0.000204325
-1.01488e+08 -0.000204231
-1.01442e+08 -0.000204137
-1.01395e+08 -0.000204043
-1.01348e+08 -0.00020395
-1.01302e+08 -0.000203856
-1.01255e+08 -0.000203762
-1.01208e+08 -0.000203668
-1.01162e+08 -0.000203574
-1.01115e+08 -0.00020348
-1.01068e+08 -0.000203386
-1.01022e+08 -0.000203292
-1.00975e+08 -0.000203199
-1.00928e+08 -0.000203105
-1.00882e+08 -0.000203011
-1.00835e+08 -0.000202917
-1.00789e+08 -0.000202823
-1.00742e+08 -0.000202729
-1.00695e+08 -0.000202635
-1.00649e+08 -0.000202541
-1.00602e+08 -0.000202448
-1.00555e+08 -0.000202354
-1.00509e+08 -0.00020226
-1.00462e+08 -0.000202166
-1.00415e+08 -0.000202072
-1.00369e+08 -0.000201978
-1.00322e+08 -0.000201884
-1.00275e+08 -0.00020179
-1.00229e+08 -0.000201697
-1.00182e+08 -0.000201603
-1.00135e+08 -0.000201509
-1.00089e+08 -0.000201415
-1.00042e+08 -0.000201321
-9.99955e+07 -0.000201227
-9.99489e+07 -0.000201133
-9.99022e+07 -0.000201039
-9.98556e+07 -0.000200946
-9.98089e+07 -0.000200852
-9.97623e+07 -0.000200758
-9.97156e+07 -0.000200664
-9.9669e+07 -0.00020057
-9.96223e+07 -0.000200476
-9.95757e+07 -0.000200382
-9.9529e+07 -0.000200288
-9.94824e+07 -0.000200195
-9.94357e+07 -0.000200101
-9.93891e+07 -0.000200007
-9.93424e+07 -0.000199913
-9.92958e+07 -0.000199819
-9.92491e+07 -0.000199725
-9.92025e+07 -0.000199631
-9.91558e+07 -0.000199537
-9.91092e+07 -0.000199444
-9.90625e+07 -0.00019935
-9.90159e+07 -0.000199256
-9.89692e+07 -0.000199162
-9.89226e+07 -0.000199068
-9.8876e+07 -0.000198974
-9.88293e+07 -0.00019888
-9.87827e+07 -0.000198786
-9.8736e+07 -0.000198693
-9.86894e+07 -0.000198599
-9.86427e+07 -0.000198505
-9.85961e+07 -0.000198411
-9.85494e+07 -0.000198317
-9.85028e+07 -0.000198223
-9.84561e+07 -0.000198129
-9.84095e+07 -0.000198036
-9.83628e+07 -0.000197942
-9.83162e+07 -0.000197848
-9.82695e+07 -0.000197754
-9.82229e+07 -0.00019766
-9.81763e+07 -0.000197566
-9.81296e+07 -0.000197472
-9.8083e+07 -0.000197378
-9.80363e+07 -0.000197285
-9.79897e+07 -0.000197191
-9.7943e+07 -0.000197097
-9.78964e+07 -0.000197003
-9.78497e+07 -0.000196909
-9.78031e+07 -0.000196815
-9.77564e+07 -0.000196721
-9.77098e+07 -0.000196627
-9.76631e+07 -0.000196534
-9.76165e+07 -0.00019644
-9.75699e+07 -0.000196346
-9.75232e+07 -0.000196252
-9.74766e+07 -0.000196158
-9.74299e+07 -0.000196064
-9.73833e+07 -0.00019597
-9.73366e+07 -0.000195877
-9.729e+07 -0.000195783
-9.72433e+07 -0.000195689
-9.71967e+07 -0.000195595
-9.715e+07 -0.000195501
-9.71034e+07 -0.000195407
-9.70568e+07 -0.000195313
-9.70101e+07 -0.000195219
-9.69635e+07 -0.000195126
-9.69168e+07 -0.000195032
-9.68702e+07 -0.000194938
-9.68235e+07 -0.000194844
-9.67769e+07 -0.00019475
-9.67302e+07 -0.000194656
-9.66836e+07 -0.000194562
-9.66369e+07 -0.000194469
-9.65903e+07 -0.000194375
-9.65437e+07 -0.000194281
-9.6497e+07 -0.000194187
-9.64504e+07 -0.000194093
-9.64037e+07 -0.000193999
-9.63571e+07 -0.000193905
-9.63104e+07 -0.000193811
-9.62638e+07 -0.000193718
-9.62171e+07 -0.000193624
-9.61705e+07 -0.00019353
-9.61239e+07 -0.000193436
-9.60772e+07 -0.000193342
-9.60306e+07 -0.000193248
-9.59839e+07 -0.000193154
-9.59373e+07 -0.000193061
-9.58906e+07 -0.000192967
-9.5844e+07 -0.000192873
-9.57973e+07 -0.000192779
-9.57507e+07 -0.000192685
-9.57041e+07 -0.000192591
-9.56574e+07 -0.000192497
-9.56108e+07 -0.000192403
-9.55641e+07 -0.00019231
-9.55175e+07 -0.000192216
-9.54708e+07 -0.000192122
-9.54242e+07 -0.000192028
-9.53776e+07 -0.000191934
-9.53309e+07 -0.00019184
-9.52843e+07 -0.000191746
-9.52376e+07 -0.000191653
-9.5191e+07 -0.000191559
-9.51443e+07 -0.000191465
-9.50977e+07 -0.000191371
-9.5051e+07 -0.000191277
-9.50044e+07 -0.000191183
-9.49578e+07 -0.000191089
-9.49111e+07 -0.000190996
-9.48645e+07 -0.000190902
-9.48178e+07 -0.000190808
-9.47712e+07 -0.000190714
-9.47245e+07 -0.00019062
-9.46779e+07 -0.000190526
-9.46313e+07 -0.000190432
-9.45846e+07 -0.000190339
-9.4538e+07 -0.000190245
-9.44913e+07 -0.000190151
-9.44447e+07 -0.000190057
-9.4398e+07 -0.000189963
-9.43514e+07 -0.000189869
-9.43048e+07 -0.000189775
-9.42581e+07 -0.000189681
-9.42115e+07 -0.000189588
-9.41648e+07 -0.000189494
-9.41182e+07 -0.0001894
-9.40716e+07 -0.000189306
-9.40249e+07 -0.000189212
-9.39783e+07 -0.000189118
-9.39316e+07 -0.000189024
-9.3885e+07 -0.000188931
-9.38383e+07 -0.000188837
-9.37917e+07 -0.000188743
-9.37451e+07 -0.000188649
-9.36984e+07 -0.000188555
-9.36518e+07 -0.000188461
-9.36051e+07 -0.000188367
-9.35585e+07 -0.000188274
-9.35118e+07 -0.00018818
-9.34652e+07 -0.000188086
-9.34186e+07 -0.000187992
-9.33719e+07 -0.000187898
-9.33253e+07 -0.000187804
-9.32786e+07 -0.00018771
-9.3232e+07 -0.000187617
-9.31854e+07 -0.000187523
-9.31387e+07 -0.000187429
-9.30921e+07 -0.000187335
-9.30454e+07 -0.000187241
-9.29988e+07 -0.000187147
-9.29522e+07 -0.000187053
-9.29055e+07 -0.00018696
-9.28589e+07 -0.000186866
-9.28122e+07 -0.000186772
-9.27656e+07 -0.000186678
-9.27189e+07 -0.000186584
-9.26723e+07 -0.00018649
-9.26257e+07 -0.000186396
-9.2579e+07 -0.000186303
-9.25324e+07 -0.000186209
-9.24857e+07 -0.000186115
-9.24391e+07 -0.000186021
-9.23925e+07 -0.000185927
-9.23458e+07 -0.000185833
-9.22992e+07 -0.000185739
-9.22525e+07 -0.000185646
-9.22059e+07 -0.000185552
-9.21593e+07 -0.000185458
-9.21126e+07 -0.000185364
-9.2066e+07 -0.00018527
-9.20193e+07 -0.000185176
-9.19727e+07 -0.000185082
-9.19261e+07 -0.000184989
-9.18794e+07 -0.000184895
-9.18328e+07 -0.000184801
-9.17861e+07 -0.000184707
-9.17395e+07 -0.000184613
-9.16929e+07 -0.000184519
-9.16462e+07 -0.000184425
-9.15996e+07 -0.000184332
-9.15529e+07 -0.000184238
-9.15063e+07 -0.000184144
-9.14597e+07 -0.00018405
-9.1413e+07 -0.000183956
-9.13664e+07 -0.000183862
-9.13197e+07 -0.000183768
-9.12731e+07 -0.000183675
-9.12265e+07 -0.000183581
-9.11798e+07 -0.000183487
-9.11332e+07 -0.000183393
-9.10865e+07 -0.000183299
-9.10399e+07 -0.000183205
-9.09933e+07 -0.000183111
-9.09466e+07 -0.000183018
-9.09e+07 -0.000182924
-9.08534e+07 -0.00018283
-9.08067e+07 -0.000182736
-9.07601e+07 -0.000182642
-9.07134e+07 -0.000182548
-9.06668e+07 -0.000182454
-9.06202e+07 -0.000182361
-9.05735e+07 -0.000182267
-9.05269e+07 -0.000182173
-9.04802e+07 -0.000182079
-9.04336e+07 -0.000181985
-9.0387e+07 -0.000181891
-9.03403e+07 -0.000181797
-9.02937e+07 -0.000181704
-9.0247e+07 -0.00018161
-9.02004e+07 -0.000181516
-9.01538e+07 -0.000181422
-9.01071e+07 -0.000181328
-9.00605e+07 -0.000181234
-9.00139e+07 -0.00018114
-8.99672e+07 -0.000181047
-8.99206e+07 -0.000180953
-8.98739e+07 -0.000180859
-8.98273e+07 -0.000180765
-8.97807e+07 -0.000180671
-8.9734e+07 -0.000180577
-8.96874e+07 -0.000180484
-8.96408e+07 -0.00018039
-8.95941e+07 -0.000180296
-8.95475e+07 -0.000180202
-8.95008e+07 -0.000180108
-8.94542e+07 -0.000180014
-8.94076e+07 -0.00017992
-8.93609e+07 -0.000179827
-8.93143e+07 -0.000179733
-8.92677e+07 -0.000179639
-8.9221e+07 -0.000179545
-8.91744e+07 -0.000179451
-8.91277e+07 -0.000179357
-8.90811e+07 -0.000179263
-8.90345e+07 -0.00017917
-8.89878e+07 -0.000179076
-8.89412e+07 -0.000178982
-8.88946e+07 -0.000178888
-8.88479e+07 -0.000178794
-8.88013e+07 -0.0001787
-8.87546e+07 -0.000178606
-8.8708e+07 -0.000178513
-8.86614e+07 -0.000178419
-8.86147e+07 -0.000178325
-8.85681e+07 -0.000178231
-8.85215e+07 -0.000178137
-8.84748e+07 -0.000178043
-8.84282e+07 -0.00017795
-8.83816e+07 -0.000177856
-8.83349e+07 -0.000177762
-8.82883e+07 -0.000177668
-8.82416e+07 -0.000177574
-8.8195e+07 -0.00017748
-8.81484e+07 -0.000177386
-8.81017e+07 -0.000177293
-8.80551e+07 -0.000177199
-8.80085e+07 -0.000177105
-8.79618e+07 -0.000177011
-8.79152e+07 -0.000176917
-8.78686e+07 -0.000176823
-8.78219e+07 -0.00017673
-8.77753e+07 -0.000176636
-8.77286e+07 -0.000176542
-8.7682e+07 -0.000176448
-8.76354e+07 -0.000176354
-8.75887e+07 -0.00017626
-8.75421e+07 -0.000176166
-8.74955e+07 -0.000176073
-8.74488e+07 -0.000175979
-8.74022e+07 -0.000175885
-8.73556e+07 -0.000175791
-8.73089e+07 -0.000175697
-8.72623e+07 -0.000175603
-8.72157e+07 -0.000175509
-8.7169e+07 -0.000175416
-8.71224e+07 -0.000175322
-8.70758e+07 -0.000175228
-8.70291e+07 -0.000175134
-8.69825e+07 -0.00017504
-8.69358e+07 -0.000174946
-8.68892e+07 -0.000174853
-8.68426e+07 -0.000174759
-8.67959e+07 -0.000174665
-8.67493e+07 -0.000174571
-8.67027e+07 -0.000174477
-8.6656e+07 -0.000174383
-8.66094e+07 -0.000174289
-8.65628e+07 -0.000174196
-8.65161e+07 -0.000174102
-8.64695e+07 -0.000174008
-8.64229e+07 -0.000173914
-8.63762e+07 -0.00017382
-8.63296e+07 -0.000173726
-8.6283e+07 -0.000173633
-8.62363e+07 -0.000173539
-8.61897e+07 -0.000173445
-8.61431e+07 -0.000173351
-8.60964e+07 -0.000173257
-8.60498e+07 -0.000173163
-8.60032e+07 -0.000173069
-8.59565e+07 -0.000172976
-8.59099e+07 -0.000172882
-8.58633e+07 -0.000172788
-8.58166e+07 -0.000172694
-8.577e+07 -0.0001726
-8.57234e+07 -0.000172506
-8.56767e+07 -0.000172413
-8.56301e+07 -0.000172319
-8.55835e+07 -0.000172225
-8.55368e+07 -0.000172131
-8.54902e+07 -0.000172037
-8.54436e+07 -0.000171943
-8.53969e+07 -0.00017185
-8.53503e+07 -0.000171756
-8.53037e+07 -0.000171662
-8.5257e+07 -0.000171568
-8.52104e+07 -0.000171474
-8.51638e+07 -0.00017138
-8.51171e+07 -0.000171286
-8.50705e+07 -0.000171193
-8.50239e+07 -0.000171099
-8.49772e+07 -0.000171005
-8.49306e+07 -0.000170911
-8.4884e+07 -0.000170817
-8.48373e+07 -0.000170723
-8.47907e+07 -0.00017063
-8.47441e+07 -0.000170536
-8.46974e+07 -0.000170442
-8.46508e+07 -0.000170348
-8.46042e+07 -0.000170254
-8.45575e+07 -0.00017016
-8.45109e+07 -0.000170067
-8.44643e+07 -0.000169973
-8.44176e+07 -0.000169879
-8.4371e+07 -0.000169785
-8.43244e+07 -0.000169691
-8.42777e+07 -0.000169597
-8.42311e+07 -0.000169503
-8.41845e+07 -0.00016941
-8.41378e+07 -0.000169316
-8.40912e+07 -0.000169222
-8.40446e+07 -0.000169128
-8.39979e+07 -0.000169034
-8.39513e+07 -0.00016894
-8.39047e+07 -0.000168847
-8.3858e+07 -0.000168753
-8.38114e+07 -0.000168659
-8.37648e+07 -0.000168565
-8.37182e+07 -0.000168471
-8.36715e+07 -0.000168377
-8.36249e+07 -0.000168284
-8.35783e+07 -0.00016819
-8.35316e+07 -0.000168096
-8.3485e+07 -0.000168002
-8.34384e+07 -0.000167908
-8.33917e+07 -0.000167814
-8.33451e+07 -0.000167721
-8.32985e+07 -0.000167627
-8.32518e+07 -0.000167533
-8.32052e+07 -0.000167439
-8.31586e+07 -0.000167345
-8.31119e+07 -0.000167251
-8.30653e+07 -0.000167157
-8.30187e+07 -0.000167064
-8.29721e+07 -0.00016697
-8.29254e+07 -0.000166876
-8.28788e+07 -0.000166782
-8.28322e+07 -0.000166688
-8.27855e+07 -0.000166594
-8.27389e+07 -0.000166501
-8.26923e+07 -0.000166407
-8.26456e+07 -0.000166313
-8.2599e+07 -0.000166219
-8.25524e+07 -0.000166125
-8.25057e+07 -0.000166031
-8.24591e+07 -0.000165938
-8.24125e+07 -0.000165844
-8.23659e+07 -0.00016575
-8.23192e+07 -0.000165656
-8.22726e+07 -0.000165562
-8.2226e+07 -0.000165468
-8.21793e+07 -0.000165375
-8.21327e+07 -0.000165281
-8.20861e+07 -0.000165187
-8.20394e+07 -0.000165093
-8.19928e+07 -0.000164999
-8.19462e+07 -0.000164905
-8.18996e+07 -0.000164812
-8.18529e+07 -0.000164718
-8.18063e+07 -0.000164624
-8.17597e+07 -0.00016453
-8.1713e+07 -0.000164436
-8.16664e+07 -0.000164342
-8.16198e+07 -0.000164249
-8.15731e+07 -0.000164155
-8.15265e+07 -0.000164061
-8.14799e+07 -0.000163967
-8.14333e+07 -0.000163873
-8.13866e+07 -0.000163779
-8.134e+07 -0.000163686
-8.12934e+07 -0.000163592
-8.12467e+07 -0.000163498
-8.12001e+07 -0.000163404
-8.11535e+07 -0.00016331
-8.11069e+07 -0.000163216
-8.10602e+07 -0.000163123
-8.10136e+07 -0.000163029
-8.0967e+07 -0.000162935
-8.09203e+07 -0.000162841
-8.08737e+07 -0.000162747
-8.08271e+07 -0.000162653
-8.07805e+07 -0.00016256
-8.07338e+07 -0.000162466
-8.06872e+07 -0.000162372
-8.06406e+07 -0.000162278
-8.05939e+07 -0.000162184
-8.05473e+07 -0.00016209
-8.05007e+07 -0.000161997
-8.04541e+07 -0.000161903
-8.04074e+07 -0.000161809
-8.03608e+07 -0.000161715
-8.03142e+07 -0.000161621
-8.02675e+07 -0.000161527
-8.02209e+07 -0.000161434
-8.01743e+07 -0.00016134
-8.01277e+07 -0.000161246
-8.0081e+07 -0.000161152
-8.00344e+07 -0.000161058
-7.99878e+07 -0.000160964
-7.99411e+07 -0.000160871
-7.98945e+07 -0.000160777
-7.98479e+07 -0.000160683
-7.98013e+07 -0.000160589
-7.97546e+07 -0.000160495
-7.9708e+07 -0.000160401
-7.96614e+07 -0.000160308
-7.96148e+07 -0.000160214
-7.95681e+07 -0.00016012
-7.95215e+07 -0.000160026
-7.94749e+07 -0.000159932
-7.94282e+07 -0.000159838
-7.93816e+07 -0.000159745
-7.9335e+07 -0.000159651
-7.92884e+07 -0.000159557
-7.92417e+07 -0.000159463
-7.91951e+07 -0.000159369
-7.91485e+07 -0.000159275
-7.91019e+07 -0.000159182
-7.90552e+07 -0.000159088
-7.90086e+07 -0.000158994
-7.8962e+07 -0.0001589
-7.89153e+07 -0.000158806
-7.88687e+07 -0.000158712
-7.88221e+07 -0.000158619
-7.87755e+07 -0.000158525
-7.87288e+07 -0.000158431
-7.86822e+07 -0.000158337
-7.86356e+07 -0.000158243
-7.8589e+07 -0.000158149
-7.85423e+07 -0.000158056
-7.84957e+07 -0.000157962
-7.84491e+07 -0.000157868
-7.84025e+07 -0.000157774
-7.83558e+07 -0.00015768
-7.83092e+07 -0.000157586
-7.82626e+07 -0.000157493
-7.8216e+07 -0.000157399
-7.81693e+07 -0.000157305
-7.81227e+07 -0.000157211
-7.80761e+07 -0.000157117
-7.80294e+07 -0.000157024
-7.79828e+07 -0.00015693
-7.79362e+07 -0.000156836
-7.78896e+07 -0.000156742
-7.78429e+07 -0.000156648
-7.77963e+07 -0.000156554
-7.77497e+07 -0.000156461
-7.77031e+07 -0.000156367
-7.76564e+07 -0.000156273
-7.76098e+07 -0.000156179
-7.75632e+07 -0.000156085
-7.75166e+07 -0.000155991
-7.74699e+07 -0.000155898
-7.74233e+07 -0.000155804
-7.73767e+07 -0.00015571
-7.73301e+07 -0.000155616
-7.72834e+07 -0.000155522
-7.72368e+07 -0.000155428
-7.71902e+07 -0.000155335
-7.71436e+07 -0.000155241
-7.70969e+07 -0.000155147
-7.70503e+07 -0.000155053
-7.70037e+07 -0.000154959
-7.69571e+07 -0.000154865
-7.69104e+07 -0.000154772
-7.68638e+07 -0.000154678
-7.68172e+07 -0.000154584
-7.67706e+07 -0.00015449
-7.67239e+07 -0.000154396
-7.66773e+07 -0.000154303
-7.66307e+07 -0.000154209
-7.65841e+07 -0.000154115
-7.65374e+07 -0.000154021
-7.64908e+07 -0.000153927
-7.64442e+07 -0.000153833
-7.63976e+07 -0.00015374
-7.6351e+07 -0.000153646
-7.63043e+07 -0.000153552
-7.62577e+07 -0.000153458
-7.62111e+07 -0.000153364
-7.61645e+07 -0.00015327
-7.61178e+07 -0.000153177
-7.60712e+07 -0.000153083
-7.60246e+07 -0.000152989
-7.5978e+07 -0.000152895
-7.59313e+07 -0.000152801
-7.58847e+07 -0.000152708
-7.58381e+07 -0.000152614
-7.57915e+07 -0.00015252
-7.57448e+07 -0.000152426
-7.56982e+07 -0.000152332
-7.56516e+07 -0.000152238
-7.5605e+07 -0.000152145
-7.55583e+07 -0.000152051
-7.55117e+07 -0.000151957
-7.54651e+07 -0.000151863
-7.54185e+07 -0.000151769
-7.53719e+07 -0.000151675
-7.53252e+07 -0.000151582
-7.52786e+07 -0.000151488
-7.5232e+07 -0.000151394
-7.51854e+07 -0.0001513
-7.51387e+07 -0.000151206
-7.50921e+07 -0.000151113
-7.50455e+07 -0.000151019
-7.49989e+07 -0.000150925
-7.49523e+07 -0.000150831
-7.49056e+07 -0.000150737
-7.4859e+07 -0.000150643
-7.48124e+07 -0.00015055
-7.47658e+07 -0.000150456
-7.47191e+07 -0.000150362
-7.46725e+07 -0.000150268
-7.46259e+07 -0.000150174
-7.45793e+07 -0.000150081
-7.45327e+07 -0.000149987
-7.4486e+07 -0.000149893
-7.44394e+07 -0.000149799
-7.43928e+07 -0.000149705
-7.43462e+07 -0.000149611
-7.42995e+07 -0.000149518
-7.42529e+07 -0.000149424
-7.42063e+07 -0.00014933
-7.41597e+07 -0.000149236
-7.41131e+07 -0.000149142
-7.40664e+07 -0.000149048
-7.40198e+07 -0.000148955
-7.39732e+07 -0.000148861
-7.39266e+07 -0.000148767
-7.38799e+07 -0.000148673
-7.38333e+07 -0.000148579
-7.37867e+07 -0.000148486
-7.37401e+07 -0.000148392
-7.36935e+07 -0.000148298
-7.36468e+07 -0.000148204
-7.36002e+07 -0.00014811
-7.35536e+07 -0.000148016
-7.3507e+07 -0.000147923
-7.34604e+07 -0.000147829
-7.34137e+07 -0.000147735
-7.33671e+07 -0.000147641
-7.33205e+07 -0.000147547
-7.32739e+07 -0.000147454
-7.32272e+07 -0.00014736
-7.31806e+07 -0.000147266
-7.3134e+07 -0.000147172
-7.30874e+07 -0.000147078
-7.30408e+07 -0.000146984
-7.29941e+07 -0.000146891
-7.29475e+07 -0.000146797
-7.29009e+07 -0.000146703
-7.28543e+07 -0.000146609
-7.28077e+07 -0.000146515
-7.2761e+07 -0.000146422
-7.27144e+07 -0.000146328
-7.26678e+07 -0.000146234
-7.26212e+07 -0.00014614
-7.25746e+07 -0.000146046
-7.25279e+07 -0.000145952
-7.24813e+07 -0.000145859
-7.24347e+07 -0.000145765
-7.23881e+07 -0.000145671
-7.23415e+07 -0.000145577
-7.22948e+07 -0.000145483
-7.22482e+07 -0.00014539
-7.22016e+07 -0.000145296
-7.2155e+07 -0.000145202
-7.21084e+07 -0.000145108
-7.20617e+07 -0.000145014
-7.20151e+07 -0.000144921
-7.19685e+07 -0.000144827
-7.19219e+07 -0.000144733
-7.18753e+07 -0.000144639
-7.18286e+07 -0.000144545
-7.1782e+07 -0.000144451
-7.17354e+07 -0.000144358
-7.16888e+07 -0.000144264
-7.16422e+07 -0.00014417
-7.15955e+07 -0.000144076
-7.15489e+07 -0.000143982
-7.15023e+07 -0.000143889
-7.14557e+07 -0.000143795
-7.14091e+07 -0.000143701
-7.13625e+07 -0.000143607
-7.13158e+07 -0.000143513
-7.12692e+07 -0.000143419
-7.12226e+07 -0.000143326
-7.1176e+07 -0.000143232
-7.11294e+07 -0.000143138
-7.10827e+07 -0.000143044
-7.10361e+07 -0.00014295
-7.09895e+07 -0.000142857
-7.09429e+07 -0.000142763
-7.08963e+07 -0.000142669
-7.08496e+07 -0.000142575
-7.0803e+07 -0.000142481
-7.07564e+07 -0.000142388
-7.07098e+07 -0.000142294
-7.06632e+07 -0.0001422
-7.06166e+07 -0.000142106
-7.05699e+07 -0.000142012
-7.05233e+07 -0.000141918
-7.04767e+07 -0.000141825
-7.04301e+07 -0.000141731
-7.03835e+07 -0.000141637
-7.03368e+07 -0.000141543
-7.02902e+07 -0.000141449
-7.02436e+07 -0.000141356
-7.0197e+07 -0.000141262
-7.01504e+07 -0.000141168
-7.01038e+07 -0.000141074
-7.00571e+07 -0.00014098
-7.00105e+07 -0.000140887
-6.99639e+07 -0.000140793
-6.99173e+07 -0.000140699
-6.98707e+07 -0.000140605
-6.98241e+07 -0.000140511
-6.97774e+07 -0.000140417
-6.97308e+07 -0.000140324
-6.96842e+07 -0.00014023
-6.96376e+07 -0.000140136
-6.9591e+07 -0.000140042
-6.95443e+07 -0.000139948
-6.94977e+07 -0.000139855
-6.94511e+07 -0.000139761
-6.94045e+07 -0.000139667
-6.93579e+07 -0.000139573
-6.93113e+07 -0.000139479
-6.92646e+07 -0.000139386
-6.9218e+07 -0.000139292
-6.91714e+07 -0.000139198
-6.91248e+07 -0.000139104
-6.90782e+07 -0.00013901
-6.90316e+07 -0.000138917
-6.89849e+07 -0.000138823
-6.89383e+07 -0.000138729
-6.88917e+07 -0.000138635
-6.88451e+07 -0.000138541
-6.87985e+07 -0.000138447
-6.87519e+07 -0.000138354
-6.87052e+07 -0.00013826
-6.86586e+07 -0.000138166
-6.8612e+07 -0.000138072
-6.85654e+07 -0.000137978
-6.85188e+07 -0.000137885
-6.84722e+07 -0.000137791
-6.84256e+07 -0.000137697
-6.83789e+07 -0.000137603
-6.83323e+07 -0.000137509
-6.82857e+07 -0.000137416
-6.82391e+07 -0.000137322
-6.81925e+07 -0.000137228
-6.81459e+07 -0.000137134
-6.80992e+07 -0.00013704
-6.80526e+07 -0.000136947
-6.8006e+07 -0.000136853
-6.79594e+07 -0.000136759
-6.79128e+07 -0.000136665
-6.78662e+07 -0.000136571
-6.78195e+07 -0.000136477
-6.77729e+07 -0.000136384
-6.77263e+07 -0.00013629
-6.76797e+07 -0.000136196
-6.76331e+07 -0.000136102
-6.75865e+07 -0.000136008
-6.75399e+07 -0.000135915
-6.74932e+07 -0.000135821
-6.74466e+07 -0.000135727
-6.74e+07 -0.000135633
-6.73534e+07 -0.000135539
-6.73068e+07 -0.000135446
-6.72602e+07 -0.000135352
-6.72136e+07 -0.000135258
-6.71669e+07 -0.000135164
-6.71203e+07 -0.00013507
-6.70737e+07 -0.000134977
-6.70271e+07 -0.000134883
-6.69805e+07 -0.000134789
-6.69339e+07 -0.000134695
-6.68873e+07 -0.000134601
-6.68406e+07 -0.000134508
-6.6794e+07 -0.000134414
-6.67474e+07 -0.00013432
-6.67008e+07 -0.000134226
-6.66542e+07 -0.000134132
-6.66076e+07 -0.000134039
-6.6561e+07 -0.000133945
-6.65143e+07 -0.000133851
-6.64677e+07 -0.000133757
-6.64211e+07 -0.000133663
-6.63745e+07 -0.00013357
-6.63279e+07 -0.000133476
-6.62813e+07 -0.000133382
-6.62347e+07 -0.000133288
-6.6188e+07 -0.000133194
-6.61414e+07 -0.000133101
-6.60948e+07 -0.000133007
-6.60482e+07 -0.000132913
-6.60016e+07 -0.000132819
-6.5955e+07 -0.000132725
-6.59084e+07 -0.000132631
-6.58617e+07 -0.000132538
-6.58151e+07 -0.000132444
-6.57685e+07 -0.00013235
-6.57219e+07 -0.000132256
-6.56753e+07 -0.000132162
-6.56287e+07 -0.000132069
-6.55821e+07 -0.000131975
-6.55355e+07 -0.000131881
-6.54888e+07 -0.000131787
-6.54422e+07 -0.000131693
-6.53956e+07 -0.0001316
-6.5349e+07 -0.000131506
-6.53024e+07 -0.000131412
-6.52558e+07 -0.000131318
-6.52092e+07 -0.000131224
-6.51626e+07 -0.000131131
-6.51159e+07 -0.000131037
-6.50693e+07 -0.000130943
-6.50227e+07 -0.000130849
-6.49761e+07 -0.000130755
-6.49295e+07 -0.000130662
-6.48829e+07 -0.000130568
-6.48363e+07 -0.000130474
-6.47897e+07 -0.00013038
-6.4743e+07 -0.000130286
-6.46964e+07 -0.000130193
-6.46498e+07 -0.000130099
-6.46032e+07 -0.000130005
-6.45566e+07 -0.000129911
-6.451e+07 -0.000129817
-6.44634e+07 -0.000129724
-6.44168e+07 -0.00012963
-6.43701e+07 -0.000129536
-6.43235e+07 -0.000129442
-6.42769e+07 -0.000129348
-6.42303e+07 -0.000129255
-6.41837e+07 -0.000129161
-6.41371e+07 -0.000129067
-6.40905e+07 -0.000128973
-6.40439e+07 -0.000128879
-6.39973e+07 -0.000128786
-6.39506e+07 -0.000128692
-6.3904e+07 -0.000128598
-6.38574e+07 -0.000128504
-6.38108e+07 -0.00012841
-6.37642e+07 -0.000128317
-6.37176e+07 -0.000128223
-6.3671e+07 -0.000128129
-6.36244e+07 -0.000128035
-6.35778e+07 -0.000127941
-6.35311e+07 -0.000127848
-6.34845e+07 -0.000127754
-6.34379e+07 -0.00012766
-6.33913e+07 -0.000127566
-6.33447e+07 -0.000127472
-6.32981e+07 -0.000127379
-6.32515e+07 -0.000127285
-6.32049e+07 -0.000127191
-6.31583e+07 -0.000127097
-6.31116e+07 -0.000127003
-6.3065e+07 -0.00012691
-6.30184e+07 -0.000126816
-6.29718e+07 -0.000126722
-6.29252e+07 -0.000126628
-6.28786e+07 -0.000126534
-6.2832e+07 -0.000126441
-6.27854e+07 -0.000126347
-6.27388e+07 -0.000126253
-6.26922e+07 -0.000126159
-6.26455e+07 -0.000126066
-6.25989e+07 -0.000125972
-6.25523e+07 -0.000125878
-6.25057e+07 -0.000125784
-6.24591e+07 -0.00012569
-6.24125e+07 -0.000125597
-6.23659e+07 -0.000125503
-6.23193e+07 -0.000125409
-6.22727e+07 -0.000125315
-6.22261e+07 -0.000125221
-6.21794e+07 -0.000125128
-6.21328e+07 -0.000125034
-6.20862e+07 -0.00012494
-6.20396e+07 -0.000124846
-6.1993e+07 -0.000124752
-6.19464e+07 -0.000124659
-6.18998e+07 -0.000124565
-6.18532e+07 -0.000124471
-6.18066e+07 -0.000124377
-6.176e+07 -0.000124283
-6.17134e+07 -0.00012419
-6.16667e+07 -0.000124096
-6.16201e+07 -0.000124002
-6.15735e+07 -0.000123908
-6.15269e+07 -0.000123814
-6.14803e+07 -0.000123721
-6.14337e+07 -0.000123627
-6.13871e+07 -0.000123533
-6.13405e+07 -0.000123439
-6.12939e+07 -0.000123345
-6.12473e+07 -0.000123252
-6.12007e+07 -0.000123158
-6.1154e+07 -0.000123064
-6.11074e+07 -0.00012297
-6.10608e+07 -0.000122876
-6.10142e+07 -0.000122783
-6.09676e+07 -0.000122689
-6.0921e+07 -0.000122595
-6.08744e+07 -0.000122501
-6.08278e+07 -0.000122408
-6.07812e+07 -0.000122314
-6.07346e+07 -0.00012222
-6.0688e+07 -0.000122126
-6.06414e+07 -0.000122032
-6.05947e+07 -0.000121939
-6.05481e+07 -0.000121845
-6.05015e+07 -0.000121751
-6.04549e+07 -0.000121657
-6.04083e+07 -0.000121563
-6.03617e+07 -0.00012147
-6.03151e+07 -0.000121376
-6.02685e+07 -0.000121282
-6.02219e+07 -0.000121188
-6.01753e+07 -0.000121094
-6.01287e+07 -0.000121001
