-0.0717461 -1.44379e-13
-0.0984537 -1.98124e-13
-0.0753541 -1.5164e-13
0.00366939 7.38414e-15
0.146606 2.95024e-13
0.363302 7.31095e-13
0.667716 1.34369e-12
1.07862 2.17057e-12
1.62096 3.26196e-12
2.33252 4.69387e-12
-122913 -2.47345e-07
-245829 -4.94698e-07
-368745 -7.42049e-07
-491663 -9.89405e-07
-614579 -1.23675e-06
-737496 -1.48411e-06
-860419 -1.73148e-06
-983333 -1.97882e-06
-1.10625e+06 -2.22617e-06
-1.22917e+06 -2.47354e-06
-1.35209e+06 -2.7209e-06
-1.47501e+06 -2.96826e-06
-1.59793e+06 -3.21562e-06
-1.72085e+06 -3.46298e-06
-1.84377e+06 -3.71034e-06
-1.96669e+06 -3.9577e-06
-2.08962e+06 -4.20506e-06
-2.21254e+06 -4.45243e-06
-2.33546e+06 -4.6998e-06
-2.45839e+06 -4.94716e-06
-2.58131e+06 -5.19453e-06
-2.70423e+06 -5.44189e-06
-2.82716e+06 -5.68926e-06
-2.95008e+06 -5.93663e-06
-3.07301e+06 -6.184e-06
-3.19593e+06 -6.43137e-06
-3.31886e+06 -6.67874e-06
-3.44178e+06 -6.92611e-06
-3.56471e+06 -7.17349e-06
-3.68764e+06 -7.42086e-06
-3.81056e+06 -7.66823e-06
-3.93349e+06 -7.91561e-06
-4.05642e+06 -8.16299e-06
-4.17935e+06 -8.41036e-06
-4.30228e+06 -8.65774e-06
-4.42521e+06 -8.90512e-06
-4.54814e+06 -9.1525e-06
-4.67107e+06 -9.39988e-06
-4.794e+06 -9.64726e-06
-4.91693e+06 -9.89464e-06
-5.03986e+06 -1.0142e-05
-5.16279e+06 -1.03894e-05
-5.28572e+06 -1.06368e-05
-5.40866e+06 -1.08842e-05
-5.53159e+06 -1.11316e-05
-5.65452e+06 -1.13789e-05
-5.77746e+06 -1.16263e-05
-5.90039e+06 -1.18737e-05
-6.02332e+06 -1.21211e-05
-6.14626e+06 -1.23685e-05
-6.26919e+06 -1.26159e-05
-6.39213e+06 -1.28633e-05
-6.51507e+06 -1.31107e-05
-6.638e+06 -1.33581e-05
-6.76094e+06 -1.36055e-05
-6.88388e+06 -1.38529e-05
-7.00682e+06 -1.41003e-05
-7.12975e+06 -1.43476e-05
-7.25269e+06 -1.4595e-05
-7.37563e+06 -1.48424e-05
-7.49857e+06 -1.50898e-05
-7.62151e+06 -1.53372e-05
-7.74445e+06 -1.55846e-05
-7.86739e+06 -1.5832e-05
-7.99033e+06 -1.60794e-05
-8.11327e+06 -1.63268e-05
-8.23621e+06 -1.65742e-05
-8.35915e+06 -1.68216e-05
-8.4821e+06 -1.70691e-05
-8.60504e+06 -1.73165e-05
-8.72798e+06 -1.75639e-05
-8.85093e+06 -1.78113e-05
-8.97387e+06 -1.80587e-05
-9.09681e+06 -1.83061e-05
-9.21976e+06 -1.85535e-05
-9.3427e+06 -1.88009e-05
-9.46565e+06 -1.90483e-05
-9.5886e+06 -1.92957e-05
-9.71154e+06 -1.95431e-05
-9.83449e+06 -1.97906e-05
-9.95744e+06 -2.0038e-05
-1.00804e+07 -2.02854e-05
-1.02033e+07 -2.05328e-05
-1.03263e+07 -2.07802e-05
-1.04492e+07 -2.10276e-05
-1.05722e+07 -2.1275e-05
-1.06951e+07 -2.15225e-05
-1.08181e+07 -2.17699e-05
-1.0941e+07 -2.20173e-05
-1.1064e+07 -2.22647e-05
-1.11869e+07 -2.25122e-05
-1.13099e+07 -2.27596e-05
-1.14328e+07 -2.3007e-05
-1.15558e+07 -2.32544e-05
-1.16787e+07 -2.35018e-05
-1.18017e+07 -2.37493e-05
-1.19246e+07 -2.39967e-05
-1.20476e+07 -2.42441e-05
-1.21705e+07 -2.44915e-05
-1.22935e+07 -2.4739e-05
-1.24165e+07 -2.49864e-05
-1.25394e+07 -2.52338e-05
-1.26624e+07 -2.54813e-05
-1.27853e+07 -2.57287e-05
-1.29083e+07 -2.59761e-05
-1.30312e+07 -2.62236e-05
-1.31542e+07 -2.6471e-05
-1.32772e+07 -2.67184e-05
-1.34001e+07 -2.69659e-05
-1.35231e+07 -2.72133e-05
-1.3646e+07 -2.74608e-05
-1.3769e+07 -2.77082e-05
-1.38919e+07 -2.79556e-05
-1.40149e+07 -2.82031e-05
-1.41379e+07 -2.84505e-05
-1.42608e+07 -2.8698e-05
-1.43838e+07 -2.89454e-05
-1.45068e+07 -2.91928e-05
-1.46297e+07 -2.94403e-05
-1.47527e+07 -2.96877e-05
-1.48756e+07 -2.99352e-05
-1.49986e+07 -3.01826e-05
-1.51216e+07 -3.04301e-05
-1.52445e+07 -3.06775e-05
-1.53675e+07 -3.0925e-05
-1.54905e+07 -3.11724e-05
-1.56134e+07 -3.14199e-05
-1.57364e+07 -3.16673e-05
-1.58594e+07 -3.19148e-05
-1.59823e+07 -3.21622e-05
-1.61053e+07 -3.24097e-05
-1.62283e+07 -3.26571e-05
-1.63512e+07 -3.29046e-05
-1.64742e+07 -3.3152e-05
-1.65972e+07 -3.33995e-05
-1.67201e+07 -3.3647e-05
-1.68431e+07 -3.38944e-05
-1.69661e+07 -3.41419e-05
-1.7089e+07 -3.43893e-05
-1.7212e+07 -3.46368e-05
-1.7335e+07 -3.48843e-05
-1.7458e+07 -3.51317e-05
-1.75809e+07 -3.53792e-05
-1.77039e+07 -3.56266e-05
-1.78269e+07 -3.58741e-05
-1.79498e+07 -3.61216e-05
-1.80728e+07 -3.6369e-05
-1.81958e+07 -3.66165e-05
-1.83188e+07 -3.6864e-05
-1.84417e+07 -3.71114e-05
-1.85647e+07 -3.73589e-05
-1.86877e+07 -3.76064e-05
-1.88107e+07 -3.78539e-05
-1.89336e+07 -3.81013e-05
-1.90566e+07 -3.83488e-05
-1.91796e+07 -3.85963e-05
-1.93026e+07 -3.88437e-05
-1.94255e+07 -3.90912e-05
-1.95485e+07 -3.93387e-05
-1.96715e+07 -3.95862e-05
-1.97945e+07 -3.98337e-05
-1.99175e+07 -4.00811e-05
-2.00404e+07 -4.03286e-05
-2.01634e+07 -4.05761e-05
-2.02864e+07 -4.08236e-05
-2.04094e+07 -4.10711e-05
-2.05324e+07 -4.13185e-05
-2.06553e+07 -4.1566e-05
-2.07783e+07 -4.18135e-05
-2.09013e+07 -4.2061e-05
-2.10243e+07 -4.23085e-05
-2.11473e+07 -4.2556e-05
-2.12702e+07 -4.28034e-05
-2.13932e+07 -4.30509e-05
-2.15162e+07 -4.32984e-05
-2.16392e+07 -4.35459e-05
-2.17622e+07 -4.37934e-05
-2.18852e+07 -4.40409e-05
-2.20082e+07 -4.42884e-05
-2.21311e+07 -4.45359e-05
-2.22541e+07 -4.47834e-05
-2.23771e+07 -4.50309e-05
-2.25001e+07 -4.52784e-05
-2.26231e+07 -4.55259e-05
-2.27461e+07 -4.57734e-05
-2.28691e+07 -4.60208e-05
-2.29921e+07 -4.62683e-05
-2.3115e+07 -4.65158e-05
-2.3238e+07 -4.67633e-05
-2.3361e+07 -4.70108e-05
-2.3484e+07 -4.72583e-05
-2.3607e+07 -4.75058e-05
-2.373e+07 -4.77533e-05
-2.3853e+07 -4.80009e-05
-2.3976e+07 -4.82484e-05
-2.4099e+07 -4.84959e-05
-2.4222e+07 -4.87434e-05
-2.4345e+07 -4.89909e-05
-2.4468e+07 -4.92384e-05
-2.4591e+07 -4.94859e-05
-2.47139e+07 -4.97334e-05
-2.48369e+07 -4.99809e-05
-2.49599e+07 -5.02284e-05
-2.50829e+07 -5.04759e-05
-2.52059e+07 -5.07234e-05
-2.53289e+07 -5.0971e-05
-2.54519e+07 -5.12185e-05
-2.55749e+07 -5.1466e-05
-2.56979e+07 -5.17135e-05
-2.58209e+07 -5.1961e-05
-2.59439e+07 -5.22085e-05
-2.60669e+07 -5.24561e-05
-2.61899e+07 -5.27036e-05
-2.63129e+07 -5.29511e-05
-2.64359e+07 -5.31986e-05
-2.65589e+07 -5.34461e-05
-2.66819e+07 -5.36937e-05
-2.68049e+07 -5.39412e-05
-2.69279e+07 -5.41887e-05
-2.70509e+07 -5.44362e-05
-2.71739e+07 -5.46837e-05
-2.72969e+07 -5.49313e-05
-2.74199e+07 -5.51788e-05
-2.75429e+07 -5.54263e-05
-2.76659e+07 -5.56739e-05
-2.77889e+07 -5.59214e-05
-2.79119e+07 -5.61689e-05
-2.80349e+07 -5.64164e-05
-2.81579e+07 -5.6664e-05
-2.82809e+07 -5.69115e-05
-2.8404e+07 -5.7159e-05
-2.8527e+07 -5.74066e-05
-2.865e+07 -5.76541e-05
-2.8773e+07 -5.79016e-05
-2.8896e+07 -5.81492e-05
-2.9019e+07 -5.83967e-05
-2.9142e+07 -5.86443e-05
-2.9265e+07 -5.88918e-05
-2.9388e+07 -5.91393e-05
-2.9511e+07 -5.93869e-05
-2.9634e+07 -5.96344e-05
-2.97571e+07 -5.9882e-05
-2.98801e+07 -6.01295e-05
-3.00031e+07 -6.0377e-05
-3.01261e+07 -6.06246e-05
-3.02491e+07 -6.08721e-05
-3.03721e+07 -6.11197e-05
-3.04951e+07 -6.13672e-05
-3.06181e+07 -6.16148e-05
-3.07411e+07 -6.18623e-05
-3.08642e+07 -6.21099e-05
-3.09872e+07 -6.23574e-05
-3.11102e+07 -6.2605e-05
-3.12332e+07 -6.28525e-05
-3.13562e+07 -6.31001e-05
-3.14792e+07 -6.33476e-05
-3.16023e+07 -6.35952e-05
-3.17253e+07 -6.38427e-05
-3.18483e+07 -6.40903e-05
-3.19713e+07 -6.43378e-05
-3.20943e+07 -6.45854e-05
-3.22173e+07 -6.4833e-05
-3.23404e+07 -6.50805e-05
-3.24634e+07 -6.53281e-05
-3.25864e+07 -6.55756e-05
-3.27094e+07 -6.58232e-05
-3.28324e+07 -6.60708e-05
-3.29555e+07 -6.63183e-05
-3.30785e+07 -6.65659e-05
-3.32015e+07 -6.68134e-05
-3.33245e+07 -6.7061e-05
-3.34475e+07 -6.73086e-05
-3.35706e+07 -6.75561e-05
-3.36936e+07 -6.78037e-05
-3.38166e+07 -6.80513e-05
-3.39396e+07 -6.82988e-05
-3.40627e+07 -6.85464e-05
-3.41857e+07 -6.8794e-05
-3.43087e+07 -6.90416e-05
-3.44317e+07 -6.92891e-05
-3.45548e+07 -6.95367e-05
-3.46778e+07 -6.97843e-05
-3.48008e+07 -7.00318e-05
-3.49238e+07 -7.02794e-05
-3.50469e+07 -7.0527e-05
-3.51699e+07 -7.07746e-05
-3.52929e+07 -7.10221e-05
-3.5416e+07 -7.12697e-05
-3.5539e+07 -7.15173e-05
-3.5662e+07 -7.17649e-05
-3.5785e+07 -7.20125e-05
-3.59081e+07 -7.226e-05
-3.60311e+07 -7.25076e-05
-3.61541e+07 -7.27552e-05
-3.62772e+07 -7.30028e-05
-3.64002e+07 -7.32504e-05
-3.65232e+07 -7.3498e-05
-3.66463e+07 -7.37456e-05
-3.67693e+07 -7.39931e-05
-3.68923e+07 -7.42407e-05
-3.70154e+07 -7.44883e-05
-3.71384e+07 -7.47359e-05
-3.72614e+07 -7.49835e-05
-3.73845e+07 -7.52311e-05
-3.75075e+07 -7.54787e-05
-3.76305e+07 -7.57263e-05
-3.77536e+07 -7.59739e-05
-3.78766e+07 -7.62215e-05
-3.79996e+07 -7.6469e-05
-3.81227e+07 -7.67166e-05
-3.82457e+07 -7.69642e-05
-3.83688e+07 -7.72118e-05
-3.84918e+07 -7.74594e-05
-3.86148e+07 -7.7707e-05
-3.87379e+07 -7.79546e-05
-3.88609e+07 -7.82022e-05
-3.8984e+07 -7.84498e-05
-3.9107e+07 -7.86974e-05
-3.923e+07 -7.8945e-05
-3.93531e+07 -7.91926e-05
-3.94761e+07 -7.94402e-05
-3.95992e+07 -7.96879e-05
-3.97222e+07 -7.99355e-05
-3.98452e+07 -8.01831e-05
-3.99683e+07 -8.04307e-05
-4.00913e+07 -8.06783e-05
-4.02144e+07 -8.09259e-05
-4.03374e+07 -8.11735e-05
-4.04605e+07 -8.14211e-05
-4.05835e+07 -8.16687e-05
-4.07066e+07 -8.19163e-05
-4.08296e+07 -8.21639e-05
-4.09526e+07 -8.24116e-05
-4.10757e+07 -8.26592e-05
-4.11987e+07 -8.29068e-05
-4.13218e+07 -8.31544e-05
-4.14448e+07 -8.3402e-05
-4.15679e+07 -8.36496e-05
-4.16909e+07 -8.38973e-05
-4.1814e+07 -8.41449e-05
-4.1937e+07 -8.43925e-05
-4.20601e+07 -8.46401e-05
-4.21831e+07 -8.48877e-05
-4.23062e+07 -8.51354e-05
-4.24292e+07 -8.5383e-05
-4.25523e+07 -8.56306e-05
-4.26753e+07 -8.58782e-05
-4.27984e+07 -8.61259e-05
-4.29214e+07 -8.63735e-05
-4.30445e+07 -8.66211e-05
-4.31675e+07 -8.68687e-05
-4.32906e+07 -8.71164e-05
-4.34137e+07 -8.7364e-05
-4.35367e+07 -8.76116e-05
-4.36598e+07 -8.78593e-05
-4.37828e+07 -8.81069e-05
-4.39059e+07 -8.83545e-05
-4.40289e+07 -8.86022e-05
-4.4152e+07 -8.88498e-05
-4.4275e+07 -8.90974e-05
-4.43981e+07 -8.93451e-05
-4.45212e+07 -8.95927e-05
-4.46442e+07 -8.98403e-05
-4.47673e+07 -9.0088e-05
-4.48903e+07 -9.03356e-05
-4.50134e+07 -9.05833e-05
-4.51365e+07 -9.08309e-05
-4.52595e+07 -9.10785e-05
-4.53826e+07 -9.13262e-05
-4.55056e+07 -9.15738e-05
-4.56287e+07 -9.18215e-05
-4.57518e+07 -9.20691e-05
-4.58748e+07 -9.23168e-05
-4.59979e+07 -9.25644e-05
-4.61209e+07 -9.2812e-05
-4.6244e+07 -9.30597e-05
-4.63671e+07 -9.33073e-05
-4.64901e+07 -9.3555e-05
-4.66132e+07 -9.38026e-05
-4.67363e+07 -9.40503e-05
-4.68593e+07 -9.4298e-05
-4.69824e+07 -9.45456e-05
-4.71055e+07 -9.47933e-05
-4.72285e+07 -9.50409e-05
-4.73516e+07 -9.52886e-05
-4.74747e+07 -9.55362e-05
-4.75977e+07 -9.57839e-05
-4.77208e+07 -9.60315e-05
-4.78439e+07 -9.62792e-05
-4.79669e+07 -9.65269e-05
-4.809e+07 -9.67745e-05
-4.82131e+07 -9.70222e-05
-4.83361e+07 -9.72698e-05
-4.84592e+07 -9.75175e-05
-4.85823e+07 -9.77652e-05
-4.87054e+07 -9.80128e-05
-4.88284e+07 -9.82605e-05
-4.89515e+07 -9.85081e-05
-4.90746e+07 -9.87558e-05
-4.91976e+07 -9.90035e-05
-4.93207e+07 -9.92511e-05
-4.94438e+07 -9.94988e-05
-4.95669e+07 -9.97465e-05
-4.96899e+07 -9.99942e-05
-4.9813e+07 -0.000100242
-4.99361e+07 -0.00010049
-5.00592e+07 -0.000100737
-5.01822e+07 -0.000100985
-5.03053e+07 -0.000101233
-5.04284e+07 -0.00010148
-5.05515e+07 -0.000101728
-5.06745e+07 -0.000101976
-5.07976e+07 -0.000102223
-5.09207e+07 -0.000102471
-5.10438e+07 -0.000102719
-5.11669e+07 -0.000102966
-5.12899e+07 -0.000103214
-5.1413e+07 -0.000103462
-5.15361e+07 -0.000103709
-5.16592e+07 -0.000103957
-5.17823e+07 -0.000104205
-5.19053e+07 -0.000104452
-5.20284e+07 -0.0001047
-5.21515e+07 -0.000104948
-5.22746e+07 -0.000105195
-5.23977e+07 -0.000105443
-5.25208e+07 -0.000105691
-5.26438e+07 -0.000105938
-5.27669e+07 -0.000106186
-5.289e+07 -0.000106434
-5.30131e+07 -0.000106682
-5.31362e+07 -0.000106929
-5.32593e+07 -0.000107177
-5.33824e+07 -0.000107425
-5.35054e+07 -0.000107672
-5.36285e+07 -0.00010792
-5.37516e+07 -0.000108168
-5.38747e+07 -0.000108415
-5.39978e+07 -0.000108663
-5.41209e+07 -0.000108911
-5.4244e+07 -0.000109159
-5.43671e+07 -0.000109406
-5.44901e+07 -0.000109654
-5.46132e+07 -0.000109902
-5.47363e+07 -0.000110149
-5.48594e+07 -0.000110397
-5.49825e+07 -0.000110645
-5.51056e+07 -0.000110892
-5.52287e+07 -0.00011114
-5.53518e+07 -0.000111388
-5.54749e+07 -0.000111636
-5.5598e+07 -0.000111883
-5.57211e+07 -0.000112131
-5.58442e+07 -0.000112379
-5.59673e+07 -0.000112626
-5.60903e+07 -0.000112874
-5.62134e+07 -0.000113122
-5.63365e+07 -0.00011337
-5.64596e+07 -0.000113617
-5.65827e+07 -0.000113865
-5.67058e+07 -0.000114113
-5.68289e+07 -0.00011436
-5.6952e+07 -0.000114608
-5.70751e+07 -0.000114856
-5.71982e+07 -0.000115104
-5.73213e+07 -0.000115351
-5.74444e+07 -0.000115599
-5.75675e+07 -0.000115847
-5.76906e+07 -0.000116094
-5.78137e+07 -0.000116342
-5.79368e+07 -0.00011659
-5.80599e+07 -0.000116838
-5.8183e+07 -0.000117085
-5.83061e+07 -0.000117333
-5.84292e+07 -0.000117581
-5.85523e+07 -0.000117828
-5.86754e+07 -0.000118076
-5.87985e+07 -0.000118324
-5.89216e+07 -0.000118572
-5.90447e+07 -0.000118819
-5.91678e+07 -0.000119067
-5.92909e+07 -0.000119315
-5.94141e+07 -0.000119563
-5.95372e+07 -0.00011981
-5.96603e+07 -0.000120058
-5.97834e+07 -0.000120306
-5.99065e+07 -0.000120554
-6.00296e+07 -0.000120801
-6.01527e+07 -0.000121049
-6.02758e+07 -0.000121297
-6.03989e+07 -0.000121544
-6.0522e+07 -0.000121792
-6.06451e+07 -0.00012204
-6.07682e+07 -0.000122288
-6.08913e+07 -0.000122535
-6.10145e+07 -0.000122783
-6.11376e+07 -0.000123031
-6.12607e+07 -0.000123279
-6.13838e+07 -0.000123526
-6.15069e+07 -0.000123774
-6.163e+07 -0.000124022
-6.17531e+07 -0.00012427
-6.18762e+07 -0.000124517
-6.19994e+07 -0.000124765
-6.21225e+07 -0.000125013
-6.22456e+07 -0.000125261
-6.23687e+07 -0.000125508
-6.24918e+07 -0.000125756
-6.26149e+07 -0.000126004
-6.2738e+07 -0.000126252
-6.28612e+07 -0.000126499
-6.29843e+07 -0.000126747
-6.31074e+07 -0.000126995
-6.32305e+07 -0.000127243
-6.33536e+07 -0.00012749
-6.34768e+07 -0.000127738
-6.35999e+07 -0.000127986
-6.3723e+07 -0.000128234
-6.38461e+07 -0.000128481
-6.39692e+07 -0.000128729
-6.40924e+07 -0.000128977
-6.42155e+07 -0.000129225
-6.43386e+07 -0.000129473
-6.44617e+07 -0.00012972
-6.45848e+07 -0.000129968
-6.4708e+07 -0.000130216
-6.48311e+07 -0.000130464
-6.49542e+07 -0.000130711
-6.50773e+07 -0.000130959
-6.52005e+07 -0.000131207
-6.53236e+07 -0.000131455
-6.54467e+07 -0.000131702
-6.55698e+07 -0.00013195
-6.5693e+07 -0.000132198
-6.58161e+07 -0.000132446
-6.59392e+07 -0.000132694
-6.60623e+07 -0.000132941
-6.61855e+07 -0.000133189
-6.63086e+07 -0.000133437
-6.64317e+07 -0.000133685
-6.65548e+07 -0.000133932
-6.6678e+07 -0.00013418
-6.68011e+07 -0.000134428
-6.69242e+07 -0.000134676
-6.70474e+07 -0.000134924
-6.71705e+07 -0.000135171
-6.72936e+07 -0.000135419
-6.74168e+07 -0.000135667
-6.75399e+07 -0.000135915
-6.7663e+07 -0.000136162
-6.77861e+07 -0.00013641
-6.79093e+07 -0.000136658
-6.80324e+07 -0.000136906
-6.81555e+07 -0.000137154
-6.82787e+07 -0.000137401
-6.84018e+07 -0.000137649
-6.85249e+07 -0.000137897
-6.86481e+07 -0.000138145
-6.87712e+07 -0.000138393
-6.88944e+07 -0.00013864
-6.90175e+07 -0.000138888
-6.91406e+07 -0.000139136
-6.92638e+07 -0.000139384
-6.93869e+07 -0.000139632
-6.951e+07 -0.000139879
-6.96332e+07 -0.000140127
-6.97563e+07 -0.000140375
-6.98795e+07 -0.000140623
-7.00026e+07 -0.000140871
-7.01257e+07 -0.000141118
-7.02489e+07 -0.000141366
-7.0372e+07 -0.000141614
-7.04952e+07 -0.000141862
-7.06183e+07 -0.00014211
-7.07414e+07 -0.000142357
-7.08646e+07 -0.000142605
-7.09877e+07 -0.000142853
-7.11109e+07 -0.000143101
-7.1234e+07 -0.000143349
-7.13572e+07 -0.000143596
-7.14803e+07 -0.000143844
-7.16034e+07 -0.000144092
-7.17266e+07 -0.00014434
-7.18497e+07 -0.000144588
-7.19729e+07 -0.000144835
-7.2096e+07 -0.000145083
-7.22192e+07 -0.000145331
-7.23423e+07 -0.000145579
-7.24655e+07 -0.000145827
-7.25886e+07 -0.000146075
-7.27118e+07 -0.000146322
-7.28349e+07 -0.00014657
-7.29581e+07 -0.000146818
-7.30812e+07 -0.000147066
-7.32044e+07 -0.000147314
-7.33275e+07 -0.000147561
-7.34507e+07 -0.000147809
-7.35738e+07 -0.000148057
-7.3697e+07 -0.000148305
-7.38201e+07 -0.000148553
-7.39433e+07 -0.000148801
-7.40664e+07 -0.000149048
-7.41896e+07 -0.000149296
-7.43127e+07 -0.000149544
-7.44359e+07 -0.000149792
-7.4559e+07 -0.00015004
-7.46822e+07 -0.000150288
-7.48053e+07 -0.000150535
-7.49285e+07 -0.000150783
-7.50516e+07 -0.000151031
-7.51748e+07 -0.000151279
-7.5298e+07 -0.000151527
-7.54211e+07 -0.000151775
-7.55443e+07 -0.000152022
-7.56674e+07 -0.00015227
-7.57906e+07 -0.000152518
-7.59137e+07 -0.000152766
-7.60369e+07 -0.000153014
-7.61601e+07 -0.000153262
-7.62832e+07 -0.000153509
-7.64064e+07 -0.000153757
-7.65295e+07 -0.000154005
-7.66527e+07 -0.000154253
-7.67759e+07 -0.000154501
-7.6899e+07 -0.000154749
-7.70222e+07 -0.000154997
-7.71454e+07 -0.000155244
-7.72685e+07 -0.000155492
-7.73917e+07 -0.00015574
-7.75148e+07 -0.000155988
-7.7638e+07 -0.000156236
-7.77612e+07 -0.000156484
-7.78843e+07 -0.000156731
-7.80075e+07 -0.000156979
-7.81307e+07 -0.000157227
-7.82538e+07 -0.000157475
-7.8377e+07 -0.000157723
-7.85002e+07 -0.000157971
-7.86233e+07 -0.000158219
-7.87465e+07 -0.000158466
-7.88697e+07 -0.000158714
-7.89928e+07 -0.000158962
-7.9116e+07 -0.00015921
-7.92392e+07 -0.000159458
-7.93623e+07 -0.000159706
-7.94855e+07 -0.000159954
-7.96087e+07 -0.000160201
-7.97318e+07 -0.000160449
-7.9855e+07 -0.000160697
-7.99782e+07 -0.000160945
-8.01014e+07 -0.000161193
-8.02245e+07 -0.000161441
-8.03477e+07 -0.000161689
-8.04709e+07 -0.000161937
-8.05941e+07 -0.000162184
-8.07172e+07 -0.000162432
-8.08404e+07 -0.00016268
-8.09636e+07 -0.000162928
-8.10867e+07 -0.000163176
-8.12099e+07 -0.000163424
-8.13331e+07 -0.000163672
-8.14563e+07 -0.00016392
-8.15795e+07 -0.000164167
-8.17026e+07 -0.000164415
-8.18258e+07 -0.000164663
-8.1949e+07 -0.000164911
-8.20722e+07 -0.000165159
-8.21953e+07 -0.000165407
-8.23185e+07 -0.000165655
-8.24417e+07 -0.000165903
-8.25649e+07 -0.00016615
-8.26881e+07 -0.000166398
-8.28112e+07 -0.000166646
-8.29344e+07 -0.000166894
-8.30576e+07 -0.000167142
-8.31808e+07 -0.00016739
-8.3304e+07 -0.000167638
-8.34271e+07 -0.000167886
-8.35503e+07 -0.000168134
-8.36735e+07 -0.000168381
-8.37967e+07 -0.000168629
-8.39199e+07 -0.000168877
-8.40431e+07 -0.000169125
-8.41662e+07 -0.000169373
-8.42894e+07 -0.000169621
-8.44126e+07 -0.000169869
-8.45358e+07 -0.000170117
-8.4659e+07 -0.000170365
-8.47822e+07 -0.000170612
-8.49054e+07 -0.00017086
-8.50286e+07 -0.000171108
-8.51517e+07 -0.000171356
-8.52749e+07 -0.000171604
-8.53981e+07 -0.000171852
-8.55213e+07 -0.0001721
-8.56445e+07 -0.000172348
-8.57677e+07 -0.000172596
-8.58909e+07 -0.000172844
-8.60141e+07 -0.000173091
-8.61373e+07 -0.000173339
-8.62604e+07 -0.000173587
-8.63836e+07 -0.000173835
-8.65068e+07 -0.000174083
-8.663e+07 -0.000174331
-8.67532e+07 -0.000174579
-8.68764e+07 -0.000174827
-8.69996e+07 -0.000175075
-8.71228e+07 -0.000175323
-8.7246e+07 -0.000175571
-8.73692e+07 -0.000175818
-8.74924e+07 -0.000176066
-8.76156e+07 -0.000176314
-8.77388e+07 -0.000176562
-8.7862e+07 -0.00017681
-8.79852e+07 -0.000177058
-8.81084e+07 -0.000177306
-8.82316e+07 -0.000177554
-8.83548e+07 -0.000177802
-8.8478e+07 -0.00017805
-8.86012e+07 -0.000178298
-8.87244e+07 -0.000178546
-8.88476e+07 -0.000178793
-8.89708e+07 -0.000179041
-8.9094e+07 -0.000179289
-8.92172e+07 -0.000179537
-8.93404e+07 -0.000179785
-8.94636e+07 -0.000180033
-8.95868e+07 -0.000180281
-8.971e+07 -0.000180529
-8.98332e+07 -0.000180777
-8.99564e+07 -0.000181025
-9.00796e+07 -0.000181273
-9.02028e+07 -0.000181521
-9.0326e+07 -0.000181769
-9.04492e+07 -0.000182017
-9.05724e+07 -0.000182264
-9.06956e+07 -0.000182512
-9.08188e+07 -0.00018276
-9.0942e+07 -0.000183008
-9.10652e+07 -0.000183256
-9.11884e+07 -0.000183504
-9.13116e+07 -0.000183752
-9.14348e+07 -0.000184
-9.15581e+07 -0.000184248
-9.16813e+07 -0.000184496
-9.18045e+07 -0.000184744
-9.19277e+07 -0.000184992
-9.20509e+07 -0.00018524
-9.21741e+07 -0.000185488
-9.22973e+07 -0.000185736
-9.24205e+07 -0.000185984
-9.25437e+07 -0.000186232
-9.26669e+07 -0.000186479
-9.27902e+07 -0.000186727
-9.29134e+07 -0.000186975
-9.30366e+07 -0.000187223
-9.31598e+07 -0.000187471
-9.3283e+07 -0.000187719
-9.34062e+07 -0.000187967
-9.35294e+07 -0.000188215
-9.36527e+07 -0.000188463
-9.37759e+07 -0.000188711
-9.38991e+07 -0.000188959
-9.40223e+07 -0.000189207
-9.41455e+07 -0.000189455
-9.42687e+07 -0.000189703
-9.4392e+07 -0.000189951
-9.45152e+07 -0.000190199
-9.46384e+07 -0.000190447
-9.47616e+07 -0.000190695
-9.48848e+07 -0.000190943
-9.5008e+07 -0.000191191
-9.51313e+07 -0.000191439
-9.52545e+07 -0.000191687
-9.53777e+07 -0.000191934
-9.55009e+07 -0.000192182
-9.56241e+07 -0.00019243
-9.57474e+07 -0.000192678
-9.58706e+07 -0.000192926
-9.59938e+07 -0.000193174
-9.6117e+07 -0.000193422
-9.62403e+07 -0.00019367
-9.63635e+07 -0.000193918
-9.64867e+07 -0.000194166
-9.66099e+07 -0.000194414
-9.67332e+07 -0.000194662
-9.68564e+07 -0.00019491
-9.69796e+07 -0.000195158
-9.71028e+07 -0.000195406
-9.72261e+07 -0.000195654
-9.73493e+07 -0.000195902
-9.74725e+07 -0.00019615
-9.75957e+07 -0.000196398
-9.7719e+07 -0.000196646
-9.78422e+07 -0.000196894
-9.79654e+07 -0.000197142
-9.80887e+07 -0.00019739
-9.82119e+07 -0.000197638
-9.83351e+07 -0.000197886
-9.84583e+07 -0.000198134
-9.85816e+07 -0.000198382
-9.87048e+07 -0.00019863
-9.8828e+07 -0.000198878
-9.89513e+07 -0.000199126
-9.90745e+07 -0.000199374
-9.91977e+07 -0.000199622
-9.9321e+07 -0.00019987
-9.94442e+07 -0.000200118
-9.95674e+07 -0.000200366
-9.96907e+07 -0.000200614
-9.98139e+07 -0.000200862
-9.99371e+07 -0.00020111
-1.0006e+08 -0.000201358
-1.00184e+08 -0.000201606
-1.00307e+08 -0.000201854
-1.0043e+08 -0.000202102
-1.00553e+08 -0.00020235
-1.00677e+08 -0.000202598
-1.008e+08 -0.000202846
-1.00923e+08 -0.000203094
-1.01046e+08 -0.000203342
-1.0117e+08 -0.00020359
-1.01293e+08 -0.000203838
-1.01416e+08 -0.000204086
-1.01539e+08 -0.000204334
-1.01662e+08 -0.000204582
-1.01786e+08 -0.00020483
-1.01909e+08 -0.000205078
-1.02032e+08 -0.000205326
-1.02155e+08 -0.000205574
-1.02279e+08 -0.000205822
-1.02402e+08 -0.00020607
-1.02525e+08 -0.000206318
-1.02648e+08 -0.000206566
-1.02772e+08 -0.000206814
-1.02895e+08 -0.000207062
-1.03018e+08 -0.00020731
-1.03141e+08 -0.000207558
-1.03265e+08 -0.000207806
-1.03388e+08 -0.000208054
-1.03511e+08 -0.000208302
-1.03634e+08 -0.00020855
-1.03758e+08 -0.000208798
-1.03881e+08 -0.000209046
-1.04004e+08 -0.000209294
-1.04127e+08 -0.000209542
-1.04251e+08 -0.00020979
-1.04374e+08 -0.000210038
-1.04497e+08 -0.000210286
-1.0462e+08 -0.000210534
-1.04744e+08 -0.000210782
-1.04867e+08 -0.00021103
-1.0499e+08 -0.000211278
-1.05113e+08 -0.000211526
-1.05237e+08 -0.000211774
-1.05362e+08 -0.000212027
-1.05492e+08 -0.000212288
-1.05621e+08 -0.000212548
-1.05751e+08 -0.000212809
-1.0588e+08 -0.00021307
-1.0601e+08 -0.000213331
-1.0614e+08 -0.000213591
-1.06269e+08 -0.000213852
-1.06352e+08 -0.00021402
-1.0636e+08 -0.000214035
-1.06367e+08 -0.00021405
-1.06375e+08 -0.000214065
-1.06383e+08 -0.00021408
-1.0639e+08 -0.000214095
-1.06398e+08 -0.00021411
-1.06405e+08 -0.000214125
-1.06413e+08 -0.000214141
-1.0642e+08 -0.000214156
-1.06428e+08 -0.000214171
-1.06435e+08 -0.000214186
-1.06443e+08 -0.000214201
-1.0645e+08 -0.000214216
-1.06458e+08 -0.000214231
-1.06465e+08 -0.000214246
-1.06473e+08 -0.000214262
-1.0648e+08 -0.000214277
-1.06488e+08 -0.000214292
-1.06495e+08 -0.000214307
-1.06503e+08 -0.000214322
-1.0651e+08 -0.000214337
-1.06518e+08 -0.000214352
-1.06525e+08 -0.000214367
-1.06533e+08 -0.000214383
-1.0654e+08 -0.000214398
-1.06548e+08 -0.000214413
-1.06555e+08 -0.000214428
-1.06563e+08 -0.000214443
-1.0657e+08 -0.000214458
-1.06578e+08 -0.000214473
-1.06585e+08 -0.000214488
-1.06593e+08 -0.000214504
-1.066e+08 -0.000214519
-1.06608e+08 -0.000214534
-1.06616e+08 -0.000214549
-1.06623e+08 -0.000214564
-1.06631e+08 -0.000214579
-1.06638e+08 -0.000214594
-1.06646e+08 -0.00021461
-1.06653e+08 -0.000214625
-1.06661e+08 -0.00021464
-1.06668e+08 -0.000214655
-1.06676e+08 -0.00021467
-1.06683e+08 -0.000214685
-1.06691e+08 -0.0002147
-1.06698e+08 -0.000214715
-1.06706e+08 -0.000214731
-1.06713e+08 -0.000214746
-1.06721e+08 -0.000214761
-1.06728e+08 -0.000214776
-1.06736e+08 -0.000214791
-1.06743e+08 -0.000214806
-1.06751e+08 -0.000214821
-1.06758e+08 -0.000214836
-1.06766e+08 -0.000214852
-1.06773e+08 -0.000214867
-1.06781e+08 -0.000214882
-1.06788e+08 -0.000214897
-1.06796e+08 -0.000214912
-1.06803e+08 -0.000214927
-1.06811e+08 -0.000214942
-1.06818e+08 -0.000214957
-1.06826e+08 -0.000214973
-1.06833e+08 -0.000214988
-1.06841e+08 -0.000215003
-1.06849e+08 -0.000215018
-1.06856e+08 -0.000215033
-1.06864e+08 -0.000215048
-1.06871e+08 -0.000215063
-1.06879e+08 -0.000215078
-1.06886e+08 -0.000215094
-1.06894e+08 -0.000215109
-1.06901e+08 -0.000215124
-1.06909e+08 -0.000215139
-1.06916e+08 -0.000215154
-1.06924e+08 -0.000215169
-1.06931e+08 -0.000215184
-1.06939e+08 -0.000215199
-1.06946e+08 -0.000215215
-1.06954e+08 -0.00021523
-1.06961e+08 -0.000215245
-1.06969e+08 -0.00021526
-1.06976e+08 -0.000215275
-1.06984e+08 -0.00021529
-1.06991e+08 -0.000215305
-1.06999e+08 -0.00021532
-1.07006e+08 -0.000215336
-1.07014e+08 -0.000215351
-1.07021e+08 -0.000215366
-1.07029e+08 -0.000215381
-1.07036e+08 -0.000215396
-1.07044e+08 -0.000215411
-1.07052e+08 -0.000215426
-1.07059e+08 -0.000215442
-1.07067e+08 -0.000215457
-1.07074e+08 -0.000215472
-1.07082e+08 -0.000215487
-1.07089e+08 -0.000215502
-1.07097e+08 -0.000215517
-1.07104e+08 -0.000215532
-1.07112e+08 -0.000215547
-1.07119e+08 -0.000215563
-1.07127e+08 -0.000215578
-1.07134e+08 -0.000215593
-1.07142e+08 -0.000215608
-1.07149e+08 -0.000215623
-1.07157e+08 -0.000215638
-1.07164e+08 -0.000215653
-1.07172e+08 -0.000215668
-1.07179e+08 -0.000215684
-1.07187e+08 -0.000215699
-1.07194e+08 -0.000215714
-1.07202e+08 -0.000215729
-1.07209e+08 -0.000215744
-1.07217e+08 -0.000215759
-1.07224e+08 -0.000215774
-1.07232e+08 -0.00021579
-1.07239e+08 -0.000215805
-1.07247e+08 -0.00021582
-1.07255e+08 -0.000215835
-1.07262e+08 -0.00021585
-1.0727e+08 -0.000215865
-1.07277e+08 -0.00021588
-1.07285e+08 -0.000215895
-1.07292e+08 -0.000215911
-1.073e+08 -0.000215926
-1.07307e+08 -0.000215941
-1.07315e+08 -0.000215956
-1.07322e+08 -0.000215971
-1.0733e+08 -0.000215986
-1.07337e+08 -0.000216001
-1.07345e+08 -0.000216016
-1.07352e+08 -0.000216032
-1.0736e+08 -0.000216047
-1.07367e+08 -0.000216062
-1.07375e+08 -0.000216077
-1.07382e+08 -0.000216092
-1.0739e+08 -0.000216107
-1.07397e+08 -0.000216122
-1.07405e+08 -0.000216138
-1.07412e+08 -0.000216153
-1.0742e+08 -0.000216168
-1.07427e+08 -0.000216183
-1.07435e+08 -0.000216198
-1.07442e+08 -0.000216213
-1.0745e+08 -0.000216228
-1.07458e+08 -0.000216243
-1.07465e+08 -0.000216259
-1.07473e+08 -0.000216274
-1.0748e+08 -0.000216289
-1.07488e+08 -0.000216304
-1.07495e+08 -0.000216319
-1.07503e+08 -0.000216334
-1.0751e+08 -0.000216349
-1.07518e+08 -0.000216365
-1.07525e+08 -0.00021638
-1.07533e+08 -0.000216395
-1.0754e+08 -0.00021641
-1.07548e+08 -0.000216425
-1.07555e+08 -0.00021644
-1.07563e+08 -0.000216455
-1.0757e+08 -0.00021647
-1.07578e+08 -0.000216486
-1.07585e+08 -0.000216501
-1.07593e+08 -0.000216516
-1.076e+08 -0.000216531
-1.07608e+08 -0.000216546
-1.07615e+08 -0.000216561
-1.07623e+08 -0.000216576
-1.0763e+08 -0.000216592
-1.07638e+08 -0.000216607
-1.07646e+08 -0.000216622
-1.07653e+08 -0.000216637
-1.07661e+08 -0.000216652
-1.07668e+08 -0.000216667
-1.07676e+08 -0.000216682
-1.07683e+08 -0.000216697
-1.07691e+08 -0.000216713
-1.07698e+08 -0.000216728
-1.07706e+08 -0.000216743
-1.07713e+08 -0.000216758
-1.07721e+08 -0.000216773
-1.07728e+08 -0.000216788
-1.07736e+08 -0.000216803
-1.07743e+08 -0.000216819
-1.07751e+08 -0.000216834
-1.07758e+08 -0.000216849
-1.07766e+08 -0.000216864
-1.07773e+08 -0.000216879
-1.07781e+08 -0.000216894
-1.07788e+08 -0.000216909
-1.07796e+08 -0.000216924
-1.07803e+08 -0.00021694
-1.07811e+08 -0.000216955
-1.07819e+08 -0.00021697
-1.07826e+08 -0.000216985
-1.07834e+08 -0.000217
-1.07841e+08 -0.000217015
-1.07849e+08 -0.00021703
-1.07856e+08 -0.000217046
-1.07864e+08 -0.000217061
-1.07871e+08 -0.000217076
-1.07879e+08 -0.000217091
-1.07886e+08 -0.000217106
-1.07894e+08 -0.000217121
-1.07901e+08 -0.000217136
-1.07909e+08 -0.000217152
-1.07916e+08 -0.000217167
-1.07924e+08 -0.000217182
-1.07931e+08 -0.000217197
-1.07939e+08 -0.000217212
-1.07946e+08 -0.000217227
-1.07954e+08 -0.000217242
-1.07961e+08 -0.000217257
-1.07969e+08 -0.000217273
-1.07976e+08 -0.000217288
-1.07984e+08 -0.000217303
-1.07992e+08 -0.000217318
-1.07999e+08 -0.000217333
-1.08007e+08 -0.000217348
-1.08014e+08 -0.000217363
-1.08022e+08 -0.000217379
-1.08029e+08 -0.000217394
-1.08037e+08 -0.000217409
-1.08044e+08 -0.000217424
-1.08052e+08 -0.000217439
-1.08059e+08 -0.000217454
-1.08067e+08 -0.000217469
-1.08074e+08 -0.000217485
-1.08082e+08 -0.0002175
-1.08089e+08 -0.000217515
-1.08097e+08 -0.00021753
-1.08104e+08 -0.000217545
-1.08112e+08 -0.00021756
-1.08119e+08 -0.000217575
-1.08127e+08 -0.00021759
-1.08134e+08 -0.000217606
-1.08142e+08 -0.000217621
-1.08149e+08 -0.000217636
-1.08157e+08 -0.000217651
-1.08165e+08 -0.000217666
-1.08172e+08 -0.000217681
-1.0818e+08 -0.000217696
-1.08187e+08 -0.000217712
-1.08195e+08 -0.000217727
-1.08202e+08 -0.000217742
-1.0821e+08 -0.000217757
-1.08217e+08 -0.000217772
-1.08225e+08 -0.000217787
-1.08232e+08 -0.000217802
-1.0824e+08 -0.000217818
-1.08247e+08 -0.000217833
-1.08255e+08 -0.000217848
-1.08262e+08 -0.000217863
-1.0827e+08 -0.000217878
-1.08277e+08 -0.000217893
-1.08285e+08 -0.000217908
-1.08292e+08 -0.000217924
-1.083e+08 -0.000217939
-1.08307e+08 -0.000217954
-1.08315e+08 -0.000217969
-1.08323e+08 -0.000217984
-1.0833e+08 -0.000217999
-1.08338e+08 -0.000218014
-1.08345e+08 -0.00021803
-1.08353e+08 -0.000218045
-1.0836e+08 -0.00021806
-1.08368e+08 -0.000218075
-1.08375e+08 -0.00021809
-1.08383e+08 -0.000218105
-1.0839e+08 -0.00021812
-1.08398e+08 -0.000218135
-1.08405e+08 -0.000218151
-1.08413e+08 -0.000218166
-1.0842e+08 -0.000218181
-1.08428e+08 -0.000218196
-1.08435e+08 -0.000218211
-1.08443e+08 -0.000218226
-1.0845e+08 -0.000218241
-1.08458e+08 -0.000218257
-1.08465e+08 -0.000218272
-1.08473e+08 -0.000218287
-1.0848e+08 -0.000218302
-1.08488e+08 -0.000218317
-1.08496e+08 -0.000218332
-1.08503e+08 -0.000218347
-1.08511e+08 -0.000218363
-1.08518e+08 -0.000218378
-1.08526e+08 -0.000218393
-1.08533e+08 -0.000218408
-1.08541e+08 -0.000218423
-1.08548e+08 -0.000218438
-1.08556e+08 -0.000218453
-1.08563e+08 -0.000218469
-1.08571e+08 -0.000218484
-1.08578e+08 -0.000218499
-1.08586e+08 -0.000218514
-1.08593e+08 -0.000218529
-1.08601e+08 -0.000218544
-1.08608e+08 -0.000218559
-1.08616e+08 -0.000218575
-1.08623e+08 -0.00021859
-1.08631e+08 -0.000218605
-1.08638e+08 -0.00021862
-1.08646e+08 -0.000218635
-1.08654e+08 -0.00021865
-1.08661e+08 -0.000218665
-1.08669e+08 -0.000218681
-1.08676e+08 -0.000218696
-1.08684e+08 -0.000218711
-1.08691e+08 -0.000218726
-1.08699e+08 -0.000218741
-1.08706e+08 -0.000218756
-1.08714e+08 -0.000218771
-1.08721e+08 -0.000218787
-1.08729e+08 -0.000218802
-1.08736e+08 -0.000218817
-1.08744e+08 -0.000218832
-1.08751e+08 -0.000218847
-1.08759e+08 -0.000218862
-1.08766e+08 -0.000218877
-1.08774e+08 -0.000218893
-1.08781e+08 -0.000218908
-1.08789e+08 -0.000218923
-1.08797e+08 -0.000218938
-1.08804e+08 -0.000218953
-1.08812e+08 -0.000218968
-1.08819e+08 -0.000218983
-1.08827e+08 -0.000218999
-1.08834e+08 -0.000219014
-1.08842e+08 -0.000219029
-1.08849e+08 -0.000219044
-1.08857e+08 -0.000219059
-1.08864e+08 -0.000219074
-1.08872e+08 -0.000219089
-1.08879e+08 -0.000219105
-1.08887e+08 -0.00021912
-1.08894e+08 -0.000219135
-1.08902e+08 -0.00021915
-1.08909e+08 -0.000219165
-1.08917e+08 -0.00021918
-1.08924e+08 -0.000219195
-1.08932e+08 -0.000219211
-1.08939e+08 -0.000219226
-1.08947e+08 -0.000219241
-1.08955e+08 -0.000219256
-1.08962e+08 -0.000219271
-1.0897e+08 -0.000219286
-1.08977e+08 -0.000219301
-1.08985e+08 -0.000219317
-1.08992e+08 -0.000219332
-1.09e+08 -0.000219347
-1.09007e+08 -0.000219362
-1.09015e+08 -0.000219377
-1.09022e+08 -0.000219392
-1.0903e+08 -0.000219407
-1.09037e+08 -0.000219423
-1.09045e+08 -0.000219438
-1.09052e+08 -0.000219453
-1.0906e+08 -0.000219468
-1.09067e+08 -0.000219483
-1.09075e+08 -0.000219498
-1.09082e+08 -0.000219513
-1.0909e+08 -0.000219529
-1.09098e+08 -0.000219544
-1.09105e+08 -0.000219559
-1.09113e+08 -0.000219574
-1.0912e+08 -0.000219589
-1.09128e+08 -0.000219604
-1.09135e+08 -0.000219619
-1.09143e+08 -0.000219635
-1.0915e+08 -0.00021965
-1.09158e+08 -0.000219665
-1.09165e+08 -0.00021968
-1.09173e+08 -0.000219695
-1.0918e+08 -0.00021971
-1.09188e+08 -0.000219726
-1.09195e+08 -0.000219741
-1.09203e+08 -0.000219756
-1.0921e+08 -0.000219771
-1.09218e+08 -0.000219786
-1.09225e+08 -0.000219801
-1.09233e+08 -0.000219816
-1.09241e+08 -0.000219832
-1.09248e+08 -0.000219847
-1.09256e+08 -0.000219862
-1.09263e+08 -0.000219877
-1.09271e+08 -0.000219892
-1.09278e+08 -0.000219907
-1.09286e+08 -0.000219922
-1.09293e+08 -0.000219938
-1.09301e+08 -0.000219953
-1.09308e+08 -0.000219968
-1.09316e+08 -0.000219983
-1.09323e+08 -0.000219998
-1.09331e+08 -0.000220013
-1.09338e+08 -0.000220028
-1.09346e+08 -0.000220044
-1.09353e+08 -0.000220059
-1.09361e+08 -0.000220074
-1.09369e+08 -0.000220089
-1.09376e+08 -0.000220104
-1.09384e+08 -0.000220119
-1.09391e+08 -0.000220134
-1.09399e+08 -0.00022015
-1.09406e+08 -0.000220165
-1.09414e+08 -0.00022018
-1.09421e+08 -0.000220195
-1.09429e+08 -0.00022021
-1.09436e+08 -0.000220225
-1.09444e+08 -0.000220241
-1.09451e+08 -0.000220256
-1.09459e+08 -0.000220271
-1.09466e+08 -0.000220286
-1.09474e+08 -0.000220301
-1.09481e+08 -0.000220316
-1.09489e+08 -0.000220331
-1.09496e+08 -0.000220347
-1.09504e+08 -0.000220362
-1.09512e+08 -0.000220377
-1.09519e+08 -0.000220392
-1.09527e+08 -0.000220407
-1.09534e+08 -0.000220422
-1.09542e+08 -0.000220437
-1.09549e+08 -0.000220453
-1.09557e+08 -0.000220468
-1.09564e+08 -0.000220483
-1.09572e+08 -0.000220498
-1.09579e+08 -0.000220513
-1.09587e+08 -0.000220528
-1.09594e+08 -0.000220543
-1.09602e+08 -0.000220559
-1.09609e+08 -0.000220574
-1.09617e+08 -0.000220589
-1.09624e+08 -0.000220604
-1.09632e+08 -0.000220619
-1.09639e+08 -0.000220634
-1.09647e+08 -0.00022065
-1.09655e+08 -0.000220665
-1.09662e+08 -0.00022068
-1.0967e+08 -0.000220695
-1.09677e+08 -0.00022071
-1.09685e+08 -0.000220725
-1.09692e+08 -0.00022074
-1.097e+08 -0.000220756
-1.09707e+08 -0.000220771
-1.09715e+08 -0.000220786
-1.09722e+08 -0.000220801
-1.0973e+08 -0.000220816
-1.09737e+08 -0.000220831
-1.09745e+08 -0.000220846
-1.09752e+08 -0.000220862
-1.0976e+08 -0.000220877
-1.09767e+08 -0.000220892
-1.09775e+08 -0.000220907
-1.09783e+08 -0.000220922
-1.0979e+08 -0.000220937
-1.09798e+08 -0.000220953
-1.09805e+08 -0.000220968
-1.09813e+08 -0.000220983
-1.0982e+08 -0.000220998
-1.09828e+08 -0.000221013
-1.09835e+08 -0.000221028
-1.09843e+08 -0.000221043
-1.0985e+08 -0.000221059
-1.09858e+08 -0.000221074
-1.09865e+08 -0.000221089
-1.09873e+08 -0.000221104
-1.0988e+08 -0.000221119
-1.09888e+08 -0.000221134
-1.09895e+08 -0.000221149
-1.09903e+08 -0.000221165
-1.09911e+08 -0.00022118
-1.09918e+08 -0.000221195
-1.09926e+08 -0.00022121
-1.09933e+08 -0.000221225
-1.09941e+08 -0.00022124
-1.09948e+08 -0.000221256
-1.09956e+08 -0.000221271
-1.09963e+08 -0.000221286
-1.09971e+08 -0.000221301
-1.09978e+08 -0.000221316
-1.09986e+08 -0.000221331
-1.09993e+08 -0.000221346
-1.10001e+08 -0.000221362
-1.10008e+08 -0.000221377
-1.10016e+08 -0.000221392
-1.10023e+08 -0.000221407
-1.10031e+08 -0.000221422
-1.10039e+08 -0.000221437
-1.10046e+08 -0.000221453
-1.10054e+08 -0.000221468
-1.10061e+08 -0.000221483
-1.10069e+08 -0.000221498
-1.10076e+08 -0.000221513
-1.10084e+08 -0.000221528
-1.10091e+08 -0.000221543
-1.10099e+08 -0.000221559
-1.10106e+08 -0.000221574
-1.10114e+08 -0.000221589
-1.10121e+08 -0.000221604
-1.10129e+08 -0.000221619
-1.10136e+08 -0.000221634
-1.10144e+08 -0.00022165
-1.10151e+08 -0.000221665
-1.10159e+08 -0.00022168
-1.10167e+08 -0.000221695
-1.10174e+08 -0.00022171
-1.10182e+08 -0.000221725
-1.10189e+08 -0.00022174
-1.10197e+08 -0.000221756
-1.10204e+08 -0.000221771
-1.10212e+08 -0.000221786
-1.10219e+08 -0.000221801
-1.10227e+08 -0.000221816
-1.10234e+08 -0.000221831
-1.10242e+08 -0.000221847
-1.10249e+08 -0.000221862
-1.10257e+08 -0.000221877
-1.10264e+08 -0.000221892
-1.10272e+08 -0.000221907
-1.1028e+08 -0.000221922
-1.10287e+08 -0.000221937
-1.10295e+08 -0.000221953
-1.10302e+08 -0.000221968
-1.1031e+08 -0.000221983
-1.10317e+08 -0.000221998
-1.10325e+08 -0.000222013
-1.10332e+08 -0.000222028
-1.1034e+08 -0.000222044
-1.10347e+08 -0.000222059
-1.10355e+08 -0.000222074
-1.10362e+08 -0.000222089
-1.1037e+08 -0.000222104
-1.10377e+08 -0.000222119
-1.10385e+08 -0.000222134
-1.10392e+08 -0.00022215
-1.104e+08 -0.000222165
-1.10408e+08 -0.00022218
-1.10415e+08 -0.000222195
-1.10423e+08 -0.00022221
-1.1043e+08 -0.000222225
-1.10438e+08 -0.000222241
-1.10445e+08 -0.000222256
-1.10453e+08 -0.000222271
-1.1046e+08 -0.000222286
-1.10468e+08 -0.000222301
-1.10475e+08 -0.000222316
-1.10483e+08 -0.000222332
-1.1049e+08 -0.000222347
-1.10498e+08 -0.000222362
-1.10505e+08 -0.000222377
-1.10513e+08 -0.000222392
-1.10521e+08 -0.000222407
-1.10528e+08 -0.000222422
-1.10536e+08 -0.000222438
-1.10543e+08 -0.000222453
-1.10551e+08 -0.000222468
-1.10558e+08 -0.000222483
-1.10566e+08 -0.000222498
-1.10573e+08 -0.000222513
-1.10581e+08 -0.000222529
-1.10588e+08 -0.000222544
-1.10596e+08 -0.000222559
-1.10603e+08 -0.000222574
-1.10611e+08 -0.000222589
-1.10618e+08 -0.000222604
-1.10626e+08 -0.000222619
-1.10633e+08 -0.000222635
-1.10641e+08 -0.00022265
-1.10649e+08 -0.000222665
-1.10656e+08 -0.00022268
-1.10664e+08 -0.000222695
-1.10671e+08 -0.00022271
-1.10679e+08 -0.000222726
-1.10686e+08 -0.000222741
-1.10694e+08 -0.000222756
-1.10701e+08 -0.000222771
-1.10709e+08 -0.000222786
-1.10716e+08 -0.000222801
-1.10724e+08 -0.000222817
-1.10731e+08 -0.000222832
-1.10739e+08 -0.000222847
-1.10746e+08 -0.000222862
-1.10754e+08 -0.000222877
-1.10762e+08 -0.000222892
-1.10769e+08 -0.000222907
-1.10777e+08 -0.000222923
-1.10784e+08 -0.000222938
-1.10792e+08 -0.000222953
-1.10799e+08 -0.000222968
-1.10807e+08 -0.000222983
-1.10814e+08 -0.000222998
-1.10822e+08 -0.000223014
-1.10829e+08 -0.000223029
-1.10837e+08 -0.000223044
-1.10844e+08 -0.000223059
-1.10852e+08 -0.000223074
-1.10859e+08 -0.000223089
-1.10867e+08 -0.000223105
-1.10875e+08 -0.00022312
-1.10882e+08 -0.000223135
-1.1089e+08 -0.00022315
-1.10897e+08 -0.000223165
-1.10905e+08 -0.00022318
-1.10912e+08 -0.000223195
-1.1092e+08 -0.000223211
-1.10927e+08 -0.000223226
-1.10935e+08 -0.000223241
-1.10942e+08 -0.000223256
-1.1095e+08 -0.000223271
-1.10957e+08 -0.000223286
-1.10965e+08 -0.000223302
-1.10972e+08 -0.000223317
-1.1098e+08 -0.000223332
-1.10988e+08 -0.000223347
-1.10995e+08 -0.000223362
-1.11003e+08 -0.000223377
-1.1101e+08 -0.000223393
-1.11018e+08 -0.000223408
-1.11025e+08 -0.000223423
-1.11033e+08 -0.000223438
-1.1104e+08 -0.000223453
-1.11048e+08 -0.000223468
-1.11055e+08 -0.000223484
-1.11063e+08 -0.000223499
-1.1107e+08 -0.000223514
-1.11078e+08 -0.000223529
-1.11085e+08 -0.000223544
-1.11093e+08 -0.000223559
-1.11101e+08 -0.000223575
-1.11108e+08 -0.00022359
-1.11116e+08 -0.000223605
-1.11123e+08 -0.00022362
-1.11131e+08 -0.000223635
-1.11138e+08 -0.00022365
-1.11146e+08 -0.000223665
-1.11153e+08 -0.000223681
-1.11161e+08 -0.000223696
-1.11168e+08 -0.000223711
-1.11176e+08 -0.000223726
-1.11183e+08 -0.000223741
-1.11191e+08 -0.000223756
-1.11198e+08 -0.000223772
-1.11206e+08 -0.000223787
-1.11214e+08 -0.000223802
-1.11221e+08 -0.000223817
-1.11229e+08 -0.000223832
-1.11236e+08 -0.000223847
-1.11244e+08 -0.000223863
-1.11251e+08 -0.000223878
-1.11259e+08 -0.000223893
-1.11266e+08 -0.000223908
-1.11274e+08 -0.000223923
-1.11281e+08 -0.000223938
-1.11289e+08 -0.000223954
-1.11296e+08 -0.000223969
-1.11304e+08 -0.000223984
-1.11311e+08 -0.000223999
-1.11319e+08 -0.000224014
-1.11327e+08 -0.000224029
-1.11334e+08 -0.000224045
-1.11342e+08 -0.00022406
-1.11349e+08 -0.000224075
-1.11357e+08 -0.00022409
-1.11364e+08 -0.000224105
-1.11372e+08 -0.00022412
-1.11379e+08 -0.000224136
-1.11387e+08 -0.000224151
-1.11394e+08 -0.000224166
-1.11402e+08 -0.000224181
-1.11409e+08 -0.000224196
-1.11417e+08 -0.000224211
-1.11425e+08 -0.000224226
-1.11432e+08 -0.000224242
-1.1144e+08 -0.000224257
-1.11447e+08 -0.000224272
-1.11455e+08 -0.000224287
-1.11462e+08 -0.000224302
-1.1147e+08 -0.000224317
-1.11477e+08 -0.000224333
-1.11485e+08 -0.000224348
-1.11492e+08 -0.000224363
-1.115e+08 -0.000224378
-1.11507e+08 -0.000224393
-1.11515e+08 -0.000224408
-1.11522e+08 -0.000224424
-1.1153e+08 -0.000224439
-1.11538e+08 -0.000224454
-1.11545e+08 -0.000224469
-1.11553e+08 -0.000224484
-1.1156e+08 -0.000224499
-1.11568e+08 -0.000224515
-1.11575e+08 -0.00022453
-1.11583e+08 -0.000224545
-1.1159e+08 -0.00022456
-1.11598e+08 -0.000224575
-1.11605e+08 -0.00022459
-1.11613e+08 -0.000224606
-1.1162e+08 -0.000224621
-1.11628e+08 -0.000224636
-1.11636e+08 -0.000224651
-1.11643e+08 -0.000224666
-1.11651e+08 -0.000224681
-1.11658e+08 -0.000224697
-1.11666e+08 -0.000224712
-1.11673e+08 -0.000224727
-1.11681e+08 -0.000224742
-1.11688e+08 -0.000224757
-1.11696e+08 -0.000224772
-1.11703e+08 -0.000224788
-1.11711e+08 -0.000224803
-1.11718e+08 -0.000224818
-1.11726e+08 -0.000224833
-1.11733e+08 -0.000224848
-1.11741e+08 -0.000224863
-1.11749e+08 -0.000224879
-1.11756e+08 -0.000224894
-1.11764e+08 -0.000224909
-1.11771e+08 -0.000224924
-1.11779e+08 -0.000224939
-1.11786e+08 -0.000224954
-1.11794e+08 -0.00022497
-1.11801e+08 -0.000224985
-1.11809e+08 -0.000225
-1.11816e+08 -0.000225015
-1.11824e+08 -0.00022503
-1.11831e+08 -0.000225045
-1.11839e+08 -0.000225061
-1.11847e+08 -0.000225076
-1.11854e+08 -0.000225091
-1.11862e+08 -0.000225106
-1.11869e+08 -0.000225121
-1.11877e+08 -0.000225136
-1.11884e+08 -0.000225152
-1.11892e+08 -0.000225167
-1.11899e+08 -0.000225182
-1.11907e+08 -0.000225197
-1.11914e+08 -0.000225212
-1.11922e+08 -0.000225227
-1.11929e+08 -0.000225243
-1.11937e+08 -0.000225258
-1.11945e+08 -0.000225273
-1.11952e+08 -0.000225288
-1.1196e+08 -0.000225303
-1.11967e+08 -0.000225318
-1.11975e+08 -0.000225334
-1.11982e+08 -0.000225349
-1.1199e+08 -0.000225364
-1.11997e+08 -0.000225379
-1.12005e+08 -0.000225394
-1.12012e+08 -0.000225409
-1.1202e+08 -0.000225425
-1.12027e+08 -0.00022544
-1.12035e+08 -0.000225455
-1.12043e+08 -0.00022547
-1.1205e+08 -0.000225485
-1.12058e+08 -0.0002255
-1.12065e+08 -0.000225516
-1.12073e+08 -0.000225531
-1.1208e+08 -0.000225546
-1.12088e+08 -0.000225561
-1.12095e+08 -0.000225576
-1.12103e+08 -0.000225591
-1.1211e+08 -0.000225607
-1.12118e+08 -0.000225622
-1.12125e+08 -0.000225637
-1.12133e+08 -0.000225652
-1.1214e+08 -0.000225667
-1.12148e+08 -0.000225682
-1.12156e+08 -0.000225698
-1.12163e+08 -0.000225713
-1.12171e+08 -0.000225728
-1.12178e+08 -0.000225743
-1.12186e+08 -0.000225758
-1.12193e+08 -0.000225773
-1.12201e+08 -0.000225789
-1.12208e+08 -0.000225804
-1.12216e+08 -0.000225819
-1.12223e+08 -0.000225834
-1.12231e+08 -0.000225849
-1.12238e+08 -0.000225864
-1.12246e+08 -0.00022588
-1.12254e+08 -0.000225895
-1.12261e+08 -0.00022591
-1.12269e+08 -0.000225925
-1.12276e+08 -0.00022594
-1.12284e+08 -0.000225956
-1.12291e+08 -0.000225971
-1.12299e+08 -0.000225986
-1.12306e+08 -0.000226001
-1.12314e+08 -0.000226016
-1.12321e+08 -0.000226031
-1.12329e+08 -0.000226047
-1.12336e+08 -0.000226062
-1.12344e+08 -0.000226077
-1.12352e+08 -0.000226092
-1.12359e+08 -0.000226107
-1.12367e+08 -0.000226122
-1.12374e+08 -0.000226138
-1.12382e+08 -0.000226153
-1.12389e+08 -0.000226168
-1.12397e+08 -0.000226183
-1.12404e+08 -0.000226198
-1.12412e+08 -0.000226213
-1.12419e+08 -0.000226229
-1.12427e+08 -0.000226244
-1.12435e+08 -0.000226259
-1.12442e+08 -0.000226274
-1.1245e+08 -0.000226289
-1.12457e+08 -0.000226304
-1.12465e+08 -0.00022632
-1.12472e+08 -0.000226335
-1.1248e+08 -0.00022635
-1.12487e+08 -0.000226365
-1.12495e+08 -0.00022638
-1.12502e+08 -0.000226395
-1.1251e+08 -0.000226411
-1.12517e+08 -0.000226426
-1.12525e+08 -0.000226441
-1.12533e+08 -0.000226456
-1.1254e+08 -0.000226471
-1.12548e+08 -0.000226487
-1.12555e+08 -0.000226502
-1.12563e+08 -0.000226517
-1.1257e+08 -0.000226532
-1.12578e+08 -0.000226547
-1.12585e+08 -0.000226562
-1.12593e+08 -0.000226578
-1.126e+08 -0.000226593
-1.12608e+08 -0.000226608
-1.12615e+08 -0.000226623
-1.12623e+08 -0.000226638
-1.12631e+08 -0.000226653
-1.12638e+08 -0.000226669
-1.12646e+08 -0.000226684
-1.12653e+08 -0.000226699
-1.12661e+08 -0.000226714
-1.12668e+08 -0.000226729
-1.12676e+08 -0.000226744
-1.12683e+08 -0.00022676
-1.12691e+08 -0.000226775
-1.12698e+08 -0.00022679
-1.12706e+08 -0.000226805
-1.12713e+08 -0.00022682
-1.12721e+08 -0.000226835
-1.12729e+08 -0.000226851
-1.12736e+08 -0.000226866
-1.12744e+08 -0.000226881
-1.12751e+08 -0.000226896
-1.12759e+08 -0.000226911
-1.12766e+08 -0.000226927
-1.12774e+08 -0.000226942
-1.12781e+08 -0.000226957
-1.12789e+08 -0.000226972
-1.12796e+08 -0.000226987
-1.12804e+08 -0.000227002
-1.12811e+08 -0.000227018
-1.12819e+08 -0.000227033
-1.12827e+08 -0.000227048
-1.12834e+08 -0.000227063
-1.12842e+08 -0.000227078
-1.12849e+08 -0.000227093
-1.12857e+08 -0.000227109
-1.12864e+08 -0.000227124
-1.12872e+08 -0.000227139
-1.12879e+08 -0.000227154
-1.12887e+08 -0.000227169
-1.12894e+08 -0.000227185
-1.12902e+08 -0.0002272
-1.1291e+08 -0.000227215
-1.12917e+08 -0.00022723
-1.12925e+08 -0.000227245
-1.12932e+08 -0.00022726
-1.1294e+08 -0.000227276
-1.12947e+08 -0.000227291
-1.12955e+08 -0.000227306
-1.12962e+08 -0.000227321
-1.1297e+08 -0.000227336
-1.12977e+08 -0.000227351
-1.12985e+08 -0.000227367
-1.12992e+08 -0.000227382
-1.13e+08 -0.000227397
-1.13008e+08 -0.000227412
-1.13015e+08 -0.000227427
-1.13023e+08 -0.000227442
-1.1303e+08 -0.000227458
-1.13038e+08 -0.000227473
-1.13045e+08 -0.000227488
-1.13053e+08 -0.000227503
-1.1306e+08 -0.000227518
-1.13068e+08 -0.000227534
-1.13075e+08 -0.000227549
-1.13083e+08 -0.000227564
-1.13091e+08 -0.000227579
-1.13098e+08 -0.000227594
-1.13106e+08 -0.000227609
-1.13113e+08 -0.000227625
-1.13121e+08 -0.00022764
-1.13128e+08 -0.000227655
-1.13136e+08 -0.00022767
-1.13143e+08 -0.000227685
-1.13151e+08 -0.0002277
-1.13158e+08 -0.000227716
-1.13166e+08 -0.000227731
-1.13173e+08 -0.000227746
-1.13181e+08 -0.000227761
-1.13189e+08 -0.000227776
-1.13196e+08 -0.000227792
-1.13204e+08 -0.000227807
-1.13211e+08 -0.000227822
-1.13219e+08 -0.000227837
-1.13226e+08 -0.000227852
-1.13234e+08 -0.000227867
-1.13241e+08 -0.000227883
-1.13249e+08 -0.000227898
-1.13256e+08 -0.000227913
-1.13264e+08 -0.000227928
-1.13272e+08 -0.000227943
-1.13279e+08 -0.000227959
-1.13287e+08 -0.000227974
-1.13294e+08 -0.000227989
-1.13302e+08 -0.000228004
-1.13309e+08 -0.000228019
-1.13317e+08 -0.000228034
-1.13324e+08 -0.00022805
-1.13332e+08 -0.000228065
-1.13339e+08 -0.00022808
-1.13347e+08 -0.000228095
-1.13354e+08 -0.00022811
-1.13362e+08 -0.000228125
-1.1337e+08 -0.000228141
-1.13377e+08 -0.000228156
-1.13385e+08 -0.000228171
-1.13392e+08 -0.000228186
-1.134e+08 -0.000228201
-1.13407e+08 -0.000228217
-1.13415e+08 -0.000228232
-1.13422e+08 -0.000228247
-1.1343e+08 -0.000228262
-1.13437e+08 -0.000228277
-1.13445e+08 -0.000228292
-1.13453e+08 -0.000228308
-1.1346e+08 -0.000228323
-1.13468e+08 -0.000228338
-1.13475e+08 -0.000228353
-1.13483e+08 -0.000228368
-1.1349e+08 -0.000228384
-1.13498e+08 -0.000228399
-1.13505e+08 -0.000228414
-1.13513e+08 -0.000228429
-1.1352e+08 -0.000228444
-1.13528e+08 -0.000228459
-1.13536e+08 -0.000228475
-1.13543e+08 -0.00022849
-1.13551e+08 -0.000228505
-1.13558e+08 -0.00022852
-1.13566e+08 -0.000228535
-1.13573e+08 -0.00022855
-1.13581e+08 -0.000228566
-1.13588e+08 -0.000228581
-1.13596e+08 -0.000228596
-1.13603e+08 -0.000228611
-1.13611e+08 -0.000228626
-1.13619e+08 -0.000228642
-1.13626e+08 -0.000228657
-1.13634e+08 -0.000228672
-1.13641e+08 -0.000228687
-1.13649e+08 -0.000228702
-1.13656e+08 -0.000228717
-1.13664e+08 -0.000228733
-1.13671e+08 -0.000228748
-1.13679e+08 -0.000228763
-1.13686e+08 -0.000228778
-1.13694e+08 -0.000228793
-1.13701e+08 -0.000228809
-1.13709e+08 -0.000228824
-1.13717e+08 -0.000228839
-1.13724e+08 -0.000228854
-1.13732e+08 -0.000228869
-1.13739e+08 -0.000228884
-1.13747e+08 -0.0002289
-1.13754e+08 -0.000228915
-1.13762e+08 -0.00022893
-1.13769e+08 -0.000228945
-1.13777e+08 -0.00022896
-1.13784e+08 -0.000228976
-1.13792e+08 -0.000228991
-1.138e+08 -0.000229006
-1.13807e+08 -0.000229021
-1.13815e+08 -0.000229036
-1.13822e+08 -0.000229051
-1.1383e+08 -0.000229067
-1.13837e+08 -0.000229082
-1.13845e+08 -0.000229097
-1.13852e+08 -0.000229112
-1.1386e+08 -0.000229127
-1.13867e+08 -0.000229143
-1.13875e+08 -0.000229158
-1.13883e+08 -0.000229173
-1.1389e+08 -0.000229188
-1.13898e+08 -0.000229203
-1.13905e+08 -0.000229218
-1.13913e+08 -0.000229234
-1.1392e+08 -0.000229249
-1.13928e+08 -0.000229264
-1.13935e+08 -0.000229279
-1.13943e+08 -0.000229294
-1.1395e+08 -0.00022931
-1.13958e+08 -0.000229325
-1.13966e+08 -0.00022934
-1.13973e+08 -0.000229355
-1.13981e+08 -0.00022937
-1.13988e+08 -0.000229386
-1.13996e+08 -0.000229401
-1.14003e+08 -0.000229416
-1.14011e+08 -0.000229431
-1.14018e+08 -0.000229446
-1.14026e+08 -0.000229461
-1.14033e+08 -0.000229477
-1.14041e+08 -0.000229492
-1.14049e+08 -0.000229507
-1.14056e+08 -0.000229522
-1.14064e+08 -0.000229537
-1.14071e+08 -0.000229553
-1.14079e+08 -0.000229568
-1.14086e+08 -0.000229583
-1.14094e+08 -0.000229598
-1.14101e+08 -0.000229613
-1.14109e+08 -0.000229628
-1.14116e+08 -0.000229644
-1.14124e+08 -0.000229659
-1.14132e+08 -0.000229674
-1.14139e+08 -0.000229689
-1.14147e+08 -0.000229704
-1.14154e+08 -0.00022972
-1.14162e+08 -0.000229735
-1.14169e+08 -0.00022975
-1.14177e+08 -0.000229765
-1.14184e+08 -0.00022978
-1.14192e+08 -0.000229795
-1.14199e+08 -0.000229811
-1.14207e+08 -0.000229826
-1.14215e+08 -0.000229841
-1.14222e+08 -0.000229856
-1.1423e+08 -0.000229871
-1.14237e+08 -0.000229887
-1.14245e+08 -0.000229902
-1.14252e+08 -0.000229917
-1.1426e+08 -0.000229932
-1.14267e+08 -0.000229947
-1.14275e+08 -0.000229963
-1.14282e+08 -0.000229978
-1.1429e+08 -0.000229993
-1.14298e+08 -0.000230008
-1.14305e+08 -0.000230023
-1.14313e+08 -0.000230038
-1.1432e+08 -0.000230054
-1.14328e+08 -0.000230069
-1.14335e+08 -0.000230084
-1.14343e+08 -0.000230099
-1.1435e+08 -0.000230114
-1.14358e+08 -0.00023013
-1.14365e+08 -0.000230145
-1.14373e+08 -0.00023016
-1.14381e+08 -0.000230175
-1.14388e+08 -0.00023019
-1.14396e+08 -0.000230206
-1.14403e+08 -0.000230221
-1.14411e+08 -0.000230236
-1.14418e+08 -0.000230251
-1.14426e+08 -0.000230266
-1.14433e+08 -0.000230281
-1.14441e+08 -0.000230297
-1.14448e+08 -0.000230312
-1.14456e+08 -0.000230327
-1.14464e+08 -0.000230342
-1.14471e+08 -0.000230357
-1.14479e+08 -0.000230373
-1.14486e+08 -0.000230388
-1.14494e+08 -0.000230403
-1.14501e+08 -0.000230418
-1.14509e+08 -0.000230433
-1.14516e+08 -0.000230449
-1.14524e+08 -0.000230464
-1.14532e+08 -0.000230479
-1.14539e+08 -0.000230494
-1.14547e+08 -0.000230509
-1.14554e+08 -0.000230524
-1.14562e+08 -0.00023054
-1.14569e+08 -0.000230555
-1.14577e+08 -0.00023057
-1.14584e+08 -0.000230585
-1.14592e+08 -0.0002306
-1.14599e+08 -0.000230616
-1.14607e+08 -0.000230631
-1.14615e+08 -0.000230646
-1.14622e+08 -0.000230661
-1.1463e+08 -0.000230676
-1.14637e+08 -0.000230692
-1.14645e+08 -0.000230707
-1.14652e+08 -0.000230722
-1.1466e+08 -0.000230737
-1.14667e+08 -0.000230752
-1.14675e+08 -0.000230767
-1.14682e+08 -0.000230783
-1.1469e+08 -0.000230798
-1.14698e+08 -0.000230813
-1.14705e+08 -0.000230828
-1.14713e+08 -0.000230843
-1.1472e+08 -0.000230859
-1.14728e+08 -0.000230874
-1.14735e+08 -0.000230889
-1.14743e+08 -0.000230904
-1.1475e+08 -0.000230919
-1.14758e+08 -0.000230935
-1.14765e+08 -0.00023095
-1.14767e+08 -0.000230953
-1.14752e+08 -0.000230923
-1.14738e+08 -0.000230894
-1.14723e+08 -0.000230864
-1.14709e+08 -0.000230835
-1.14694e+08 -0.000230806
-1.14679e+08 -0.000230776
-1.14665e+08 -0.000230747
-1.1465e+08 -0.000230718
-1.14636e+08 -0.000230688
-1.14621e+08 -0.000230659
-1.14606e+08 -0.00023063
-1.14592e+08 -0.0002306
-1.14577e+08 -0.000230571
-1.14563e+08 -0.000230541
-1.14548e+08 -0.000230512
-1.14533e+08 -0.000230483
-1.14519e+08 -0.000230453
-1.14504e+08 -0.000230424
-1.1449e+08 -0.000230395
-1.14475e+08 -0.000230365
-1.1446e+08 -0.000230336
-1.14446e+08 -0.000230306
-1.14431e+08 -0.000230277
-1.14417e+08 -0.000230248
-1.14402e+08 -0.000230218
-1.14387e+08 -0.000230189
-1.14373e+08 -0.00023016
-1.14358e+08 -0.00023013
-1.14344e+08 -0.000230101
-1.14329e+08 -0.000230071
-1.14314e+08 -0.000230042
-1.143e+08 -0.000230013
-1.14285e+08 -0.000229983
-1.14271e+08 -0.000229954
-1.14256e+08 -0.000229925
-1.14241e+08 -0.000229895
-1.14227e+08 -0.000229866
-1.14212e+08 -0.000229837
-1.14198e+08 -0.000229807
-1.14183e+08 -0.000229778
-1.14169e+08 -0.000229748
-1.14154e+08 -0.000229719
-1.14139e+08 -0.00022969
-1.14125e+08 -0.00022966
-1.1411e+08 -0.000229631
-1.14096e+08 -0.000229602
-1.14081e+08 -0.000229572
-1.14066e+08 -0.000229543
-1.14052e+08 -0.000229513
-1.14037e+08 -0.000229484
-1.14023e+08 -0.000229455
-1.14008e+08 -0.000229425
-1.13993e+08 -0.000229396
-1.13979e+08 -0.000229367
-1.13964e+08 -0.000229337
-1.1395e+08 -0.000229308
-1.13935e+08 -0.000229278
-1.1392e+08 -0.000229249
-1.13906e+08 -0.00022922
-1.13891e+08 -0.00022919
-1.13877e+08 -0.000229161
-1.13862e+08 -0.000229132
-1.13847e+08 -0.000229102
-1.13805e+08 -0.000229016
-1.13759e+08 -0.000228924
-1.13713e+08 -0.000228831
-1.13667e+08 -0.000228739
-1.13621e+08 -0.000228647
-1.13575e+08 -0.000228554
-1.13529e+08 -0.000228462
-1.13483e+08 -0.00022837
-1.13437e+08 -0.000228277
-1.13392e+08 -0.000228185
-1.13346e+08 -0.000228093
-1.133e+08 -0.000228
-1.13254e+08 -0.000227908
-1.13208e+08 -0.000227815
-1.13162e+08 -0.000227723
-1.13116e+08 -0.000227631
-1.1307e+08 -0.000227538
-1.13024e+08 -0.000227446
-1.12978e+08 -0.000227354
-1.12933e+08 -0.000227261
-1.12887e+08 -0.000227169
-1.12841e+08 -0.000227077
-1.12795e+08 -0.000226984
-1.12749e+08 -0.000226892
-1.12703e+08 -0.000226799
-1.12657e+08 -0.000226707
-1.12611e+08 -0.000226615
-1.12565e+08 -0.000226522
-1.12519e+08 -0.00022643
-1.12474e+08 -0.000226338
-1.12428e+08 -0.000226245
-1.12382e+08 -0.000226153
-1.12336e+08 -0.000226061
-1.1229e+08 -0.000225968
-1.12244e+08 -0.000225876
-1.12198e+08 -0.000225783
-1.12152e+08 -0.000225691
-1.12106e+08 -0.000225599
-1.12061e+08 -0.000225506
-1.12015e+08 -0.000225414
-1.11969e+08 -0.000225322
-1.11923e+08 -0.000225229
-1.11877e+08 -0.000225137
-1.11831e+08 -0.000225045
-1.11785e+08 -0.000224952
-1.11739e+08 -0.00022486
-1.11693e+08 -0.000224767
-1.11647e+08 -0.000224675
-1.11602e+08 -0.000224583
-1.11556e+08 -0.00022449
-1.1151e+08 -0.000224398
-1.11464e+08 -0.000224306
-1.11418e+08 -0.000224213
-1.11372e+08 -0.000224121
-1.11326e+08 -0.000224029
-1.1128e+08 -0.000223936
-1.11234e+08 -0.000223844
-1.11188e+08 -0.000223751
-1.11143e+08 -0.000223659
-1.11097e+08 -0.000223567
-1.11051e+08 -0.000223474
-1.11005e+08 -0.000223382
-1.10959e+08 -0.00022329
-1.10913e+08 -0.000223197
-1.10867e+08 -0.000223105
-1.10821e+08 -0.000223013
-1.10775e+08 -0.00022292
-1.10729e+08 -0.000222828
-1.10684e+08 -0.000222735
-1.10638e+08 -0.000222643
-1.10592e+08 -0.000222551
-1.10546e+08 -0.000222458
-1.105e+08 -0.000222366
-1.10454e+08 -0.000222274
-1.10408e+08 -0.000222181
-1.10362e+08 -0.000222089
-1.10316e+08 -0.000221997
-1.10271e+08 -0.000221904
-1.10225e+08 -0.000221812
-1.10179e+08 -0.00022172
-1.10133e+08 -0.000221627
-1.10087e+08 -0.000221535
-1.10041e+08 -0.000221442
-1.09995e+08 -0.00022135
-1.09949e+08 -0.000221258
-1.09903e+08 -0.000221165
-1.09857e+08 -0.000221073
-1.09812e+08 -0.000220981
-1.09766e+08 -0.000220888
-1.0972e+08 -0.000220796
-1.09674e+08 -0.000220704
-1.09628e+08 -0.000220611
-1.09582e+08 -0.000220519
-1.09536e+08 -0.000220426
-1.0949e+08 -0.000220334
-1.09444e+08 -0.000220242
-1.09398e+08 -0.000220149
-1.09353e+08 -0.000220057
-1.09307e+08 -0.000219965
-1.09261e+08 -0.000219872
-1.09215e+08 -0.00021978
-1.09169e+08 -0.000219688
-1.09123e+08 -0.000219595
-1.09077e+08 -0.000219503
-1.09031e+08 -0.000219411
-1.08985e+08 -0.000219318
-1.0894e+08 -0.000219226
-1.08894e+08 -0.000219133
-1.08848e+08 -0.000219041
-1.08802e+08 -0.000218949
-1.08756e+08 -0.000218856
-1.0871e+08 -0.000218764
-1.08664e+08 -0.000218672
-1.08618e+08 -0.000218579
-1.08572e+08 -0.000218487
-1.08526e+08 -0.000218395
-1.08481e+08 -0.000218302
-1.08435e+08 -0.00021821
-1.08389e+08 -0.000218117
-1.08343e+08 -0.000218025
-1.08297e+08 -0.000217933
-1.08251e+08 -0.00021784
-1.08205e+08 -0.000217748
-1.08159e+08 -0.000217656
-1.08113e+08 -0.000217563
-1.08068e+08 -0.000217471
-1.08022e+08 -0.000217379
-1.07976e+08 -0.000217286
-1.0793e+08 -0.000217194
-1.07884e+08 -0.000217102
-1.07838e+08 -0.000217009
-1.07792e+08 -0.000216917
-1.07746e+08 -0.000216824
-1.077e+08 -0.000216732
-1.07654e+08 -0.00021664
-1.07609e+08 -0.000216547
-1.07563e+08 -0.000216455
-1.07517e+08 -0.000216363
-1.07471e+08 -0.00021627
-1.07425e+08 -0.000216178
-1.07379e+08 -0.000216086
-1.07333e+08 -0.000215993
-1.07287e+08 -0.000215901
-1.07241e+08 -0.000215809
-1.07196e+08 -0.000215716
-1.0715e+08 -0.000215624
-1.07104e+08 -0.000215531
-1.07058e+08 -0.000215439
-1.07012e+08 -0.000215347
-1.06966e+08 -0.000215254
-1.0692e+08 -0.000215162
-1.06874e+08 -0.00021507
-1.06828e+08 -0.000214977
-1.06782e+08 -0.000214885
-1.06737e+08 -0.000214793
-1.06691e+08 -0.0002147
-1.06645e+08 -0.000214608
-1.06599e+08 -0.000214516
-1.06553e+08 -0.000214423
-1.06507e+08 -0.000214331
-1.06461e+08 -0.000214238
-1.06415e+08 -0.000214146
-1.06369e+08 -0.000214054
-1.06324e+08 -0.000213961
-1.06278e+08 -0.000213869
-1.06232e+08 -0.000213777
-1.06186e+08 -0.000213684
-1.0614e+08 -0.000213592
-1.06094e+08 -0.0002135
-1.06048e+08 -0.000213407
-1.06002e+08 -0.000213315
-1.05956e+08 -0.000213223
-1.0591e+08 -0.00021313
-1.05865e+08 -0.000213038
-1.05819e+08 -0.000212946
-1.05773e+08 -0.000212853
-1.05727e+08 -0.000212761
-1.05681e+08 -0.000212668
-1.05635e+08 -0.000212576
-1.05589e+08 -0.000212484
-1.05543e+08 -0.000212391
-1.05497e+08 -0.000212299
-1.05452e+08 -0.000212207
-1.05406e+08 -0.000212114
-1.0536e+08 -0.000212022
-1.05314e+08 -0.00021193
-1.05268e+08 -0.000211837
-1.05222e+08 -0.000211745
-1.05176e+08 -0.000211653
-1.0513e+08 -0.00021156
-1.05084e+08 -0.000211468
-1.05038e+08 -0.000211375
-1.04993e+08 -0.000211283
-1.04947e+08 -0.000211191
-1.04901e+08 -0.000211098
-1.04855e+08 -0.000211006
-1.04809e+08 -0.000210914
-1.04763e+08 -0.000210821
-1.04717e+08 -0.000210729
-1.04671e+08 -0.000210637
-1.04625e+08 -0.000210544
-1.0458e+08 -0.000210452
-1.04534e+08 -0.00021036
-1.04488e+08 -0.000210267
-1.04442e+08 -0.000210175
-1.04396e+08 -0.000210083
-1.0435e+08 -0.00020999
-1.04304e+08 -0.000209898
-1.04258e+08 -0.000209805
-1.04212e+08 -0.000209713
-1.04167e+08 -0.000209621
-1.04121e+08 -0.000209528
-1.04075e+08 -0.000209436
-1.04029e+08 -0.000209344
-1.03983e+08 -0.000209251
-1.03937e+08 -0.000209159
-1.03891e+08 -0.000209067
-1.03845e+08 -0.000208974
-1.03799e+08 -0.000208882
-1.03753e+08 -0.00020879
-1.03708e+08 -0.000208697
-1.03662e+08 -0.000208605
-1.03616e+08 -0.000208513
-1.0357e+08 -0.00020842
-1.03524e+08 -0.000208328
-1.03478e+08 -0.000208235
-1.03432e+08 -0.000208143
-1.03386e+08 -0.000208051
-1.0334e+08 -0.000207958
-1.03295e+08 -0.000207866
-1.03249e+08 -0.000207774
-1.03203e+08 -0.000207681
-1.03157e+08 -0.000207589
-1.03111e+08 -0.000207497
-1.03065e+08 -0.000207404
-1.03019e+08 -0.000207312
-1.02973e+08 -0.00020722
-1.02927e+08 -0.000207127
-1.02882e+08 -0.000207035
-1.02836e+08 -0.000206943
-1.0279e+08 -0.00020685
-1.02744e+08 -0.000206758
-1.02698e+08 -0.000206665
-1.02652e+08 -0.000206573
-1.02606e+08 -0.000206481
-1.0256e+08 -0.000206388
-1.02514e+08 -0.000206296
-1.02468e+08 -0.000206204
-1.02423e+08 -0.000206111
-1.02377e+08 -0.000206019
-1.02331e+08 -0.000205927
-1.02285e+08 -0.000205834
-1.02239e+08 -0.000205742
-1.02193e+08 -0.00020565
-1.02147e+08 -0.000205557
-1.02101e+08 -0.000205465
-1.02055e+08 -0.000205373
-1.0201e+08 -0.00020528
-1.01964e+08 -0.000205188
-1.01918e+08 -0.000205096
-1.01872e+08 -0.000205003
-1.01826e+08 -0.000204911
-1.0178e+08 -0.000204818
-1.01734e+08 -0.000204726
-1.01688e+08 -0.000204634
-1.01642e+08 -0.000204541
-1.01597e+08 -0.000204449
-1.01551e+08 -0.000204357
-1.01505e+08 -0.000204264
-1.01459e+08 -0.000204172
-1.01413e+08 -0.00020408
-1.01367e+08 -0.000203987
-1.01321e+08 -0.000203895
-1.01275e+08 -0.000203803
-1.01229e+08 -0.00020371
-1.01184e+08 -0.000203618
-1.01138e+08 -0.000203526
-1.01092e+08 -0.000203433
-1.01046e+08 -0.000203341
-1.01e+08 -0.000203249
-1.00954e+08 -0.000203156
-1.00908e+08 -0.000203064
-1.00862e+08 -0.000202971
-1.00816e+08 -0.000202879
-1.00771e+08 -0.000202787
-1.00725e+08 -0.000202694
-1.00679e+08 -0.000202602
-1.00633e+08 -0.00020251
-1.00587e+08 -0.000202417
-1.00541e+08 -0.000202325
-1.00495e+08 -0.000202233
-1.00449e+08 -0.00020214
-1.00403e+08 -0.000202048
-1.00357e+08 -0.000201956
-1.00312e+08 -0.000201863
-1.00266e+08 -0.000201771
-1.0022e+08 -0.000201679
-1.00174e+08 -0.000201586
-1.00128e+08 -0.000201494
-1.00082e+08 -0.000201402
-1.00036e+08 -0.000201309
-9.99904e+07 -0.000201217
-9.99445e+07 -0.000201124
-9.98986e+07 -0.000201032
-9.98527e+07 -0.00020094
-9.98068e+07 -0.000200847
-9.97609e+07 -0.000200755
-9.9715e+07 -0.000200663
-9.96691e+07 -0.00020057
-9.96233e+07 -0.000200478
-9.95774e+07 -0.000200386
-9.95315e+07 -0.000200293
-9.94856e+07 -0.000200201
-9.94397e+07 -0.000200109
-9.93938e+07 -0.000200016
-9.93479e+07 -0.000199924
-9.9302e+07 -0.000199832
-9.92561e+07 -0.000199739
-9.92102e+07 -0.000199647
-9.91644e+07 -0.000199555
-9.91185e+07 -0.000199462
-9.90726e+07 -0.00019937
-9.90267e+07 -0.000199278
-9.89808e+07 -0.000199185
-9.89349e+07 -0.000199093
-9.8889e+07 -0.000199001
-9.88431e+07 -0.000198908
-9.87972e+07 -0.000198816
-9.87513e+07 -0.000198723
-9.87055e+07 -0.000198631
-9.86596e+07 -0.000198539
-9.86137e+07 -0.000198446
-9.85678e+07 -0.000198354
-9.85219e+07 -0.000198262
-9.8476e+07 -0.000198169
-9.84301e+07 -0.000198077
-9.83842e+07 -0.000197985
-9.83383e+07 -0.000197892
-9.82924e+07 -0.0001978
-9.82466e+07 -0.000197708
-9.82007e+07 -0.000197615
-9.81548e+07 -0.000197523
-9.81089e+07 -0.000197431
-9.8063e+07 -0.000197338
-9.80171e+07 -0.000197246
-9.79712e+07 -0.000197154
-9.79253e+07 -0.000197061
-9.78794e+07 -0.000196969
-9.78336e+07 -0.000196877
-9.77877e+07 -0.000196784
-9.77418e+07 -0.000196692
-9.76959e+07 -0.0001966
-9.765e+07 -0.000196507
-9.76041e+07 -0.000196415
-9.75582e+07 -0.000196322
-9.75123e+07 -0.00019623
-9.74664e+07 -0.000196138
-9.74206e+07 -0.000196045
-9.73747e+07 -0.000195953
-9.73288e+07 -0.000195861
-9.72829e+07 -0.000195768
-9.7237e+07 -0.000195676
-9.71911e+07 -0.000195584
-9.71452e+07 -0.000195491
-9.70993e+07 -0.000195399
-9.70534e+07 -0.000195307
-9.70076e+07 -0.000195214
-9.69617e+07 -0.000195122
-9.69158e+07 -0.00019503
-9.68699e+07 -0.000194937
-9.6824e+07 -0.000194845
-9.67781e+07 -0.000194753
-9.67322e+07 -0.00019466
-9.66863e+07 -0.000194568
-9.66405e+07 -0.000194476
-9.65946e+07 -0.000194383
-9.65487e+07 -0.000194291
-9.65028e+07 -0.000194199
-9.64569e+07 -0.000194106
-9.6411e+07 -0.000194014
-9.63651e+07 -0.000193922
-9.63192e+07 -0.000193829
-9.62733e+07 -0.000193737
-9.62275e+07 -0.000193644
-9.61816e+07 -0.000193552
-9.61357e+07 -0.00019346
-9.60898e+07 -0.000193367
-9.60439e+07 -0.000193275
-9.5998e+07 -0.000193183
-9.59521e+07 -0.00019309
-9.59062e+07 -0.000192998
-9.58604e+07 -0.000192906
-9.58145e+07 -0.000192813
-9.57686e+07 -0.000192721
-9.57227e+07 -0.000192629
-9.56768e+07 -0.000192536
-9.56309e+07 -0.000192444
-9.5585e+07 -0.000192352
-9.55391e+07 -0.000192259
-9.54933e+07 -0.000192167
-9.54474e+07 -0.000192075
-9.54015e+07 -0.000191982
-9.53556e+07 -0.00019189
-9.53097e+07 -0.000191798
-9.52638e+07 -0.000191705
-9.52179e+07 -0.000191613
-9.5172e+07 -0.000191521
-9.51262e+07 -0.000191428
-9.50803e+07 -0.000191336
-9.50344e+07 -0.000191244
-9.49885e+07 -0.000191151
-9.49426e+07 -0.000191059
-9.48967e+07 -0.000190967
-9.48508e+07 -0.000190874
-9.48049e+07 -0.000190782
-9.47591e+07 -0.00019069
-9.47132e+07 -0.000190597
-9.46673e+07 -0.000190505
-9.46214e+07 -0.000190413
-9.45755e+07 -0.00019032
-9.45296e+07 -0.000190228
-9.44837e+07 -0.000190135
-9.44378e+07 -0.000190043
-9.4392e+07 -0.000189951
-9.43461e+07 -0.000189858
-9.43002e+07 -0.000189766
-9.42543e+07 -0.000189674
-9.42084e+07 -0.000189581
-9.41625e+07 -0.000189489
-9.41166e+07 -0.000189397
-9.40707e+07 -0.000189304
-9.40249e+07 -0.000189212
-9.3979e+07 -0.00018912
-9.39331e+07 -0.000189027
-9.38872e+07 -0.000188935
-9.38413e+07 -0.000188843
-9.37954e+07 -0.00018875
-9.37495e+07 -0.000188658
-9.37037e+07 -0.000188566
-9.36578e+07 -0.000188473
-9.36119e+07 -0.000188381
-9.3566e+07 -0.000188289
-9.35201e+07 -0.000188196
-9.34742e+07 -0.000188104
-9.34283e+07 -0.000188012
-9.33824e+07 -0.000187919
-9.33366e+07 -0.000187827
-9.32907e+07 -0.000187735
-9.32448e+07 -0.000187642
-9.31989e+07 -0.00018755
-9.3153e+07 -0.000187458
-9.31071e+07 -0.000187365
-9.30612e+07 -0.000187273
-9.30154e+07 -0.000187181
-9.29695e+07 -0.000187088
-9.29236e+07 -0.000186996
-9.28777e+07 -0.000186904
-9.28318e+07 -0.000186811
-9.27859e+07 -0.000186719
-9.274e+07 -0.000186627
-9.26942e+07 -0.000186534
-9.26483e+07 -0.000186442
-9.26024e+07 -0.00018635
-9.25565e+07 -0.000186257
-9.25106e+07 -0.000186165
-9.24647e+07 -0.000186073
-9.24188e+07 -0.00018598
-9.2373e+07 -0.000185888
-9.23271e+07 -0.000185795
-9.22812e+07 -0.000185703
-9.22353e+07 -0.000185611
-9.21894e+07 -0.000185518
-9.21435e+07 -0.000185426
-9.20976e+07 -0.000185334
-9.20518e+07 -0.000185241
-9.20059e+07 -0.000185149
-9.196e+07 -0.000185057
-9.19141e+07 -0.000184964
-9.18682e+07 -0.000184872
-9.18223e+07 -0.00018478
-9.17764e+07 -0.000184687
-9.17306e+07 -0.000184595
-9.16847e+07 -0.000184503
-9.16388e+07 -0.00018441
-9.15929e+07 -0.000184318
-9.1547e+07 -0.000184226
-9.15011e+07 -0.000184133
-9.14552e+07 -0.000184041
-9.14094e+07 -0.000183949
-9.13635e+07 -0.000183856
-9.13176e+07 -0.000183764
-9.12717e+07 -0.000183672
-9.12258e+07 -0.000183579
-9.11799e+07 -0.000183487
-9.11341e+07 -0.000183395
-9.10882e+07 -0.000183302
-9.10423e+07 -0.00018321
-9.09964e+07 -0.000183118
-9.09505e+07 -0.000183025
-9.09046e+07 -0.000182933
-9.08587e+07 -0.000182841
-9.08129e+07 -0.000182748
-9.0767e+07 -0.000182656
-9.07211e+07 -0.000182564
-9.06752e+07 -0.000182471
-9.06293e+07 -0.000182379
-9.05834e+07 -0.000182287
-9.05375e+07 -0.000182194
-9.04917e+07 -0.000182102
-9.04458e+07 -0.00018201
-9.03999e+07 -0.000181917
-9.0354e+07 -0.000181825
-9.03081e+07 -0.000181733
-9.02622e+07 -0.00018164
-9.02164e+07 -0.000181548
-9.01705e+07 -0.000181456
-9.01246e+07 -0.000181363
-9.00787e+07 -0.000181271
-9.00328e+07 -0.000181179
-8.99869e+07 -0.000181086
-8.99411e+07 -0.000180994
-8.98952e+07 -0.000180902
-8.98493e+07 -0.000180809
-8.98034e+07 -0.000180717
-8.97575e+07 -0.000180625
-8.97116e+07 -0.000180532
-8.96657e+07 -0.00018044
-8.96199e+07 -0.000180348
-8.9574e+07 -0.000180255
-8.95281e+07 -0.000180163
-8.94822e+07 -0.000180071
-8.94363e+07 -0.000179978
-8.93904e+07 -0.000179886
-8.93446e+07 -0.000179794
-8.92987e+07 -0.000179701
-8.92528e+07 -0.000179609
-8.92069e+07 -0.000179517
-8.9161e+07 -0.000179424
-8.91151e+07 -0.000179332
-8.90693e+07 -0.00017924
-8.90234e+07 -0.000179147
-8.89775e+07 -0.000179055
-8.89316e+07 -0.000178963
-8.88857e+07 -0.00017887
-8.88398e+07 -0.000178778
-8.8794e+07 -0.000178686
-8.87481e+07 -0.000178593
-8.87022e+07 -0.000178501
-8.86563e+07 -0.000178409
-8.86104e+07 -0.000178316
-8.85645e+07 -0.000178224
-8.85187e+07 -0.000178132
-8.84728e+07 -0.000178039
-8.84269e+07 -0.000177947
-8.8381e+07 -0.000177855
-8.83351e+07 -0.000177762
-8.82892e+07 -0.00017767
-8.82434e+07 -0.000177578
-8.81975e+07 -0.000177485
-8.81516e+07 -0.000177393
-8.81057e+07 -0.000177301
-8.80598e+07 -0.000177208
-8.80139e+07 -0.000177116
-8.79681e+07 -0.000177024
-8.79222e+07 -0.000176931
-8.78763e+07 -0.000176839
-8.78304e+07 -0.000176747
-8.77845e+07 -0.000176654
-8.77386e+07 -0.000176562
-8.76928e+07 -0.00017647
-8.76469e+07 -0.000176377
-8.7601e+07 -0.000176285
-8.75551e+07 -0.000176193
-8.75092e+07 -0.0001761
-8.74633e+07 -0.000176008
-8.74175e+07 -0.000175916
-8.73716e+07 -0.000175823
-8.73257e+07 -0.000175731
-8.72798e+07 -0.000175639
-8.72339e+07 -0.000175546
-8.7188e+07 -0.000175454
-8.71422e+07 -0.000175362
-8.70963e+07 -0.000175269
-8.70504e+07 -0.000175177
-8.70045e+07 -0.000175085
-8.69586e+07 -0.000174992
-8.69128e+07 -0.0001749
-8.68669e+07 -0.000174808
-8.6821e+07 -0.000174715
-8.67751e+07 -0.000174623
-8.67292e+07 -0.000174531
-8.66833e+07 -0.000174438
-8.66375e+07 -0.000174346
-8.65916e+07 -0.000174254
-8.65457e+07 -0.000174161
-8.64998e+07 -0.000174069
-8.64539e+07 -0.000173977
-8.6408e+07 -0.000173884
-8.63622e+07 -0.000173792
-8.63163e+07 -0.0001737
-8.62704e+07 -0.000173607
-8.62245e+07 -0.000173515
-8.61786e+07 -0.000173423
-8.61328e+07 -0.00017333
-8.60869e+07 -0.000173238
-8.6041e+07 -0.000173146
-8.59951e+07 -0.000173053
-8.59492e+07 -0.000172961
-8.59033e+07 -0.000172869
-8.58575e+07 -0.000172776
-8.58116e+07 -0.000172684
-8.57657e+07 -0.000172592
-8.57198e+07 -0.000172499
-8.56739e+07 -0.000172407
-8.56281e+07 -0.000172315
-8.55822e+07 -0.000172222
-8.55363e+07 -0.00017213
-8.54904e+07 -0.000172038
-8.54445e+07 -0.000171945
-8.53986e+07 -0.000171853
-8.53528e+07 -0.000171761
-8.53069e+07 -0.000171668
-8.5261e+07 -0.000171576
-8.52151e+07 -0.000171484
-8.51692e+07 -0.000171391
-8.51234e+07 -0.000171299
-8.50775e+07 -0.000171207
-8.50316e+07 -0.000171114
-8.49857e+07 -0.000171022
-8.49398e+07 -0.00017093
-8.4894e+07 -0.000170837
-8.48481e+07 -0.000170745
-8.48022e+07 -0.000170653
-8.47563e+07 -0.00017056
-8.47104e+07 -0.000170468
-8.46645e+07 -0.000170376
-8.46187e+07 -0.000170283
-8.45728e+07 -0.000170191
-8.45269e+07 -0.000170099
-8.4481e+07 -0.000170006
-8.44351e+07 -0.000169914
-8.43893e+07 -0.000169822
-8.43434e+07 -0.000169729
-8.42975e+07 -0.000169637
-8.42516e+07 -0.000169545
-8.42057e+07 -0.000169452
-8.41599e+07 -0.00016936
-8.4114e+07 -0.000169268
-8.40681e+07 -0.000169175
-8.40222e+07 -0.000169083
-8.39763e+07 -0.000168991
-8.39305e+07 -0.000168898
-8.38846e+07 -0.000168806
-8.38387e+07 -0.000168714
-8.37928e+07 -0.000168621
-8.37469e+07 -0.000168529
-8.37011e+07 -0.000168437
-8.36552e+07 -0.000168345
-8.36093e+07 -0.000168252
-8.35634e+07 -0.00016816
-8.35175e+07 -0.000168068
-8.34717e+07 -0.000167975
-8.34258e+07 -0.000167883
-8.33799e+07 -0.000167791
-8.3334e+07 -0.000167698
-8.32881e+07 -0.000167606
-8.32422e+07 -0.000167514
-8.31964e+07 -0.000167421
-8.31505e+07 -0.000167329
-8.31046e+07 -0.000167237
-8.30587e+07 -0.000167144
-8.30128e+07 -0.000167052
-8.2967e+07 -0.00016696
-8.29211e+07 -0.000166867
-8.28752e+07 -0.000166775
-8.28293e+07 -0.000166683
-8.27834e+07 -0.00016659
-8.27376e+07 -0.000166498
-8.26917e+07 -0.000166406
-8.26458e+07 -0.000166313
-8.25999e+07 -0.000166221
-8.25541e+07 -0.000166129
-8.25082e+07 -0.000166036
-8.24623e+07 -0.000165944
-8.24164e+07 -0.000165852
-8.23705e+07 -0.000165759
-8.23247e+07 -0.000165667
-8.22788e+07 -0.000165575
-8.22329e+07 -0.000165482
-8.2187e+07 -0.00016539
-8.21411e+07 -0.000165298
-8.20953e+07 -0.000165205
-8.20494e+07 -0.000165113
-8.20035e+07 -0.000165021
-8.19576e+07 -0.000164928
-8.19117e+07 -0.000164836
-8.18659e+07 -0.000164744
-8.182e+07 -0.000164651
-8.17741e+07 -0.000164559
-8.17282e+07 -0.000164467
-8.16823e+07 -0.000164374
-8.16365e+07 -0.000164282
-8.15906e+07 -0.00016419
-8.15447e+07 -0.000164097
-8.14988e+07 -0.000164005
-8.14529e+07 -0.000163913
-8.14071e+07 -0.00016382
-8.13612e+07 -0.000163728
-8.13153e+07 -0.000163636
-8.12694e+07 -0.000163544
-8.12235e+07 -0.000163451
-8.11777e+07 -0.000163359
-8.11318e+07 -0.000163267
-8.10859e+07 -0.000163174
-8.104e+07 -0.000163082
-8.09942e+07 -0.00016299
-8.09483e+07 -0.000162897
-8.09024e+07 -0.000162805
-8.08565e+07 -0.000162713
-8.08106e+07 -0.00016262
-8.07648e+07 -0.000162528
-8.07189e+07 -0.000162436
-8.0673e+07 -0.000162343
-8.06271e+07 -0.000162251
-8.05812e+07 -0.000162159
-8.05354e+07 -0.000162066
-8.04895e+07 -0.000161974
-8.04436e+07 -0.000161882
-8.03977e+07 -0.000161789
-8.03519e+07 -0.000161697
-8.0306e+07 -0.000161605
-8.02601e+07 -0.000161512
-8.02142e+07 -0.00016142
-8.01683e+07 -0.000161328
-8.01225e+07 -0.000161235
-8.00766e+07 -0.000161143
-8.00307e+07 -0.000161051
-7.99848e+07 -0.000160958
-7.9939e+07 -0.000160866
-7.98931e+07 -0.000160774
-7.98472e+07 -0.000160681
-7.98013e+07 -0.000160589
-7.97554e+07 -0.000160497
-7.97096e+07 -0.000160404
-7.96637e+07 -0.000160312
-7.96178e+07 -0.00016022
-7.95719e+07 -0.000160128
-7.9526e+07 -0.000160035
-7.94802e+07 -0.000159943
-7.94343e+07 -0.000159851
-7.93884e+07 -0.000159758
-7.93425e+07 -0.000159666
-7.92967e+07 -0.000159574
-7.92508e+07 -0.000159481
-7.92049e+07 -0.000159389
-7.9159e+07 -0.000159297
-7.91131e+07 -0.000159204
-7.90673e+07 -0.000159112
-7.90214e+07 -0.00015902
-7.89755e+07 -0.000158927
-7.89296e+07 -0.000158835
-7.88838e+07 -0.000158743
-7.88379e+07 -0.00015865
-7.8792e+07 -0.000158558
-7.87461e+07 -0.000158466
-7.87002e+07 -0.000158373
-7.86544e+07 -0.000158281
-7.86085e+07 -0.000158189
-7.85626e+07 -0.000158096
-7.85167e+07 -0.000158004
-7.84709e+07 -0.000157912
-7.8425e+07 -0.000157819
-7.83791e+07 -0.000157727
-7.83332e+07 -0.000157635
-7.82874e+07 -0.000157543
-7.82415e+07 -0.00015745
-7.81956e+07 -0.000157358
-7.81497e+07 -0.000157266
-7.81038e+07 -0.000157173
-7.8058e+07 -0.000157081
-7.80121e+07 -0.000156989
-7.79662e+07 -0.000156896
-7.79203e+07 -0.000156804
-7.78745e+07 -0.000156712
-7.78286e+07 -0.000156619
-7.77827e+07 -0.000156527
-7.77368e+07 -0.000156435
-7.7691e+07 -0.000156342
-7.76451e+07 -0.00015625
-7.75992e+07 -0.000156158
-7.75533e+07 -0.000156065
-7.75074e+07 -0.000155973
-7.74616e+07 -0.000155881
-7.74157e+07 -0.000155788
-7.73698e+07 -0.000155696
-7.73239e+07 -0.000155604
-7.72781e+07 -0.000155511
-7.72322e+07 -0.000155419
-7.71863e+07 -0.000155327
-7.71404e+07 -0.000155234
-7.70946e+07 -0.000155142
-7.70487e+07 -0.00015505
-7.70028e+07 -0.000154958
-7.69569e+07 -0.000154865
-7.69111e+07 -0.000154773
-7.68652e+07 -0.000154681
-7.68193e+07 -0.000154588
-7.67734e+07 -0.000154496
-7.67275e+07 -0.000154404
-7.66817e+07 -0.000154311
-7.66358e+07 -0.000154219
-7.65899e+07 -0.000154127
-7.6544e+07 -0.000154034
-7.64982e+07 -0.000153942
-7.64523e+07 -0.00015385
-7.64064e+07 -0.000153757
-7.63605e+07 -0.000153665
-7.63147e+07 -0.000153573
-7.62688e+07 -0.00015348
-7.62229e+07 -0.000153388
-7.6177e+07 -0.000153296
-7.61312e+07 -0.000153203
-7.60853e+07 -0.000153111
-7.60394e+07 -0.000153019
-7.59935e+07 -0.000152927
-7.59477e+07 -0.000152834
-7.59018e+07 -0.000152742
-7.58559e+07 -0.00015265
-7.581e+07 -0.000152557
-7.57642e+07 -0.000152465
-7.57183e+07 -0.000152373
-7.56724e+07 -0.00015228
-7.56265e+07 -0.000152188
-7.55807e+07 -0.000152096
-7.55348e+07 -0.000152003
-7.54889e+07 -0.000151911
-7.5443e+07 -0.000151819
-7.53971e+07 -0.000151726
-7.53513e+07 -0.000151634
-7.53054e+07 -0.000151542
-7.52595e+07 -0.000151449
-7.52136e+07 -0.000151357
-7.51678e+07 -0.000151265
-7.51219e+07 -0.000151172
-7.5076e+07 -0.00015108
-7.50301e+07 -0.000150988
-7.49843e+07 -0.000150896
-7.49384e+07 -0.000150803
-7.48925e+07 -0.000150711
-7.48466e+07 -0.000150619
-7.48008e+07 -0.000150526
-7.47549e+07 -0.000150434
-7.4709e+07 -0.000150342
-7.46631e+07 -0.000150249
-7.46173e+07 -0.000150157
-7.45714e+07 -0.000150065
-7.45255e+07 -0.000149972
-7.44796e+07 -0.00014988
-7.44338e+07 -0.000149788
-7.43879e+07 -0.000149695
-7.4342e+07 -0.000149603
-7.42961e+07 -0.000149511
-7.42503e+07 -0.000149418
-7.42044e+07 -0.000149326
-7.41585e+07 -0.000149234
-7.41126e+07 -0.000149141
-7.40668e+07 -0.000149049
-7.40209e+07 -0.000148957
-7.3975e+07 -0.000148865
-7.39292e+07 -0.000148772
-7.38833e+07 -0.00014868
-7.38374e+07 -0.000148588
-7.37915e+07 -0.000148495
-7.37457e+07 -0.000148403
-7.36998e+07 -0.000148311
-7.36539e+07 -0.000148218
-7.3608e+07 -0.000148126
-7.35622e+07 -0.000148034
-7.35163e+07 -0.000147941
-7.34704e+07 -0.000147849
-7.34245e+07 -0.000147757
-7.33787e+07 -0.000147664
-7.33328e+07 -0.000147572
-7.32869e+07 -0.00014748
-7.3241e+07 -0.000147387
-7.31952e+07 -0.000147295
-7.31493e+07 -0.000147203
-7.31034e+07 -0.000147111
-7.30575e+07 -0.000147018
-7.30117e+07 -0.000146926
-7.29658e+07 -0.000146834
-7.29199e+07 -0.000146741
-7.2874e+07 -0.000146649
-7.28282e+07 -0.000146557
-7.27823e+07 -0.000146464
-7.27364e+07 -0.000146372
-7.26905e+07 -0.00014628
-7.26447e+07 -0.000146187
-7.25988e+07 -0.000146095
-7.25529e+07 -0.000146003
-7.25071e+07 -0.00014591
-7.24612e+07 -0.000145818
-7.24153e+07 -0.000145726
-7.23694e+07 -0.000145634
-7.23236e+07 -0.000145541
-7.22777e+07 -0.000145449
-7.22318e+07 -0.000145357
-7.21859e+07 -0.000145264
-7.21401e+07 -0.000145172
-7.20942e+07 -0.00014508
-7.20483e+07 -0.000144987
-7.20024e+07 -0.000144895
-7.19566e+07 -0.000144803
-7.19107e+07 -0.00014471
-7.18648e+07 -0.000144618
-7.1819e+07 -0.000144526
-7.17731e+07 -0.000144433
-7.17272e+07 -0.000144341
-7.16813e+07 -0.000144249
-7.16355e+07 -0.000144156
-7.15896e+07 -0.000144064
-7.15437e+07 -0.000143972
-7.14978e+07 -0.00014388
-7.1452e+07 -0.000143787
-7.14061e+07 -0.000143695
-7.13602e+07 -0.000143603
-7.13143e+07 -0.00014351
-7.12685e+07 -0.000143418
-7.12226e+07 -0.000143326
-7.11767e+07 -0.000143233
-7.11309e+07 -0.000143141
-7.1085e+07 -0.000143049
-7.10391e+07 -0.000142956
-7.09932e+07 -0.000142864
-7.09474e+07 -0.000142772
-7.09015e+07 -0.000142679
-7.08556e+07 -0.000142587
-7.08097e+07 -0.000142495
-7.07639e+07 -0.000142403
-7.0718e+07 -0.00014231
-7.06721e+07 -0.000142218
-7.06263e+07 -0.000142126
-7.05804e+07 -0.000142033
-7.05345e+07 -0.000141941
-7.04886e+07 -0.000141849
-7.04428e+07 -0.000141756
-7.03969e+07 -0.000141664
-7.0351e+07 -0.000141572
-7.03052e+07 -0.000141479
-7.02593e+07 -0.000141387
-7.02134e+07 -0.000141295
-7.01675e+07 -0.000141202
-7.01217e+07 -0.00014111
-7.00758e+07 -0.000141018
-7.00299e+07 -0.000140926
-6.9984e+07 -0.000140833
-6.99382e+07 -0.000140741
-6.98923e+07 -0.000140649
-6.98464e+07 -0.000140556
-6.98006e+07 -0.000140464
-6.97547e+07 -0.000140372
-6.97088e+07 -0.000140279
-6.96629e+07 -0.000140187
-6.96171e+07 -0.000140095
-6.95712e+07 -0.000140002
-6.95253e+07 -0.00013991
-6.94795e+07 -0.000139818
-6.94336e+07 -0.000139726
-6.93877e+07 -0.000139633
-6.93418e+07 -0.000139541
-6.9296e+07 -0.000139449
-6.92501e+07 -0.000139356
-6.92042e+07 -0.000139264
-6.91584e+07 -0.000139172
-6.91125e+07 -0.000139079
-6.90666e+07 -0.000138987
-6.90207e+07 -0.000138895
-6.89749e+07 -0.000138802
-6.8929e+07 -0.00013871
-6.88831e+07 -0.000138618
-6.88373e+07 -0.000138525
-6.87914e+07 -0.000138433
-6.87455e+07 -0.000138341
-6.86996e+07 -0.000138249
-6.86538e+07 -0.000138156
-6.86079e+07 -0.000138064
-6.8562e+07 -0.000137972
-6.85162e+07 -0.000137879
-6.84703e+07 -0.000137787
-6.84244e+07 -0.000137695
-6.83785e+07 -0.000137602
-6.83327e+07 -0.00013751
-6.82868e+07 -0.000137418
-6.82409e+07 -0.000137325
-6.81951e+07 -0.000137233
-6.81492e+07 -0.000137141
-6.81033e+07 -0.000137049
-6.80574e+07 -0.000136956
-6.80116e+07 -0.000136864
-6.79657e+07 -0.000136772
-6.79198e+07 -0.000136679
-6.7874e+07 -0.000136587
-6.78281e+07 -0.000136495
-6.77822e+07 -0.000136402
-6.77363e+07 -0.00013631
-6.76905e+07 -0.000136218
-6.76446e+07 -0.000136125
-6.75987e+07 -0.000136033
-6.75529e+07 -0.000135941
-6.7507e+07 -0.000135849
-6.74611e+07 -0.000135756
-6.74153e+07 -0.000135664
-6.73694e+07 -0.000135572
-6.73235e+07 -0.000135479
-6.72776e+07 -0.000135387
-6.72318e+07 -0.000135295
-6.71859e+07 -0.000135202
-6.714e+07 -0.00013511
-6.70942e+07 -0.000135018
-6.70483e+07 -0.000134925
-6.70024e+07 -0.000134833
-6.69565e+07 -0.000134741
-6.69107e+07 -0.000134649
-6.68648e+07 -0.000134556
-6.68189e+07 -0.000134464
-6.67731e+07 -0.000134372
-6.67272e+07 -0.000134279
-6.66813e+07 -0.000134187
-6.66355e+07 -0.000134095
-6.65896e+07 -0.000134002
-6.65437e+07 -0.00013391
-6.64978e+07 -0.000133818
-6.6452e+07 -0.000133725
-6.64061e+07 -0.000133633
-6.63602e+07 -0.000133541
-6.63144e+07 -0.000133449
-6.62685e+07 -0.000133356
-6.62226e+07 -0.000133264
-6.61768e+07 -0.000133172
-6.61309e+07 -0.000133079
-6.6085e+07 -0.000132987
-6.60391e+07 -0.000132895
-6.59933e+07 -0.000132802
-6.59474e+07 -0.00013271
-6.59015e+07 -0.000132618
-6.58557e+07 -0.000132525
-6.58098e+07 -0.000132433
-6.57639e+07 -0.000132341
-6.57181e+07 -0.000132249
-6.56722e+07 -0.000132156
-6.56263e+07 -0.000132064
-6.55805e+07 -0.000131972
-6.55346e+07 -0.000131879
-6.54887e+07 -0.000131787
-6.54428e+07 -0.000131695
-6.5397e+07 -0.000131602
-6.53511e+07 -0.00013151
-6.53052e+07 -0.000131418
-6.52594e+07 -0.000131325
-6.52135e+07 -0.000131233
-6.51676e+07 -0.000131141
-6.51218e+07 -0.000131049
-6.50759e+07 -0.000130956
-6.503e+07 -0.000130864
-6.49842e+07 -0.000130772
-6.49383e+07 -0.000130679
-6.48924e+07 -0.000130587
-6.48465e+07 -0.000130495
-6.48007e+07 -0.000130402
-6.47548e+07 -0.00013031
-6.47089e+07 -0.000130218
-6.46631e+07 -0.000130126
-6.46172e+07 -0.000130033
-6.45713e+07 -0.000129941
-6.45255e+07 -0.000129849
-6.44796e+07 -0.000129756
-6.44337e+07 -0.000129664
-6.43879e+07 -0.000129572
-6.4342e+07 -0.000129479
-6.42961e+07 -0.000129387
-6.42502e+07 -0.000129295
-6.42044e+07 -0.000129202
-6.41585e+07 -0.00012911
-6.41126e+07 -0.000129018
-6.40668e+07 -0.000128926
-6.40209e+07 -0.000128833
-6.3975e+07 -0.000128741
-6.39292e+07 -0.000128649
-6.38833e+07 -0.000128556
-6.38374e+07 -0.000128464
-6.37916e+07 -0.000128372
-6.37457e+07 -0.000128279
-6.36998e+07 -0.000128187
-6.3654e+07 -0.000128095
-6.36081e+07 -0.000128003
-6.35622e+07 -0.00012791
