0.0611072 2.17428e-13
0.132565 4.71685e-13
0.216865 7.71635e-13
0.317296 1.12898e-12
0.438142 1.55897e-12
0.584837 2.08093e-12
0.765103 2.72234e-12
0.989342 3.52021e-12
1.27188 4.5255e-12
1.63381 5.81332e-12
-70063.4 -2.49295e-07
-140128 -4.98594e-07
-210193 -7.47895e-07
-280258 -9.97196e-07
-350325 -1.2465e-06
-420389 -1.4958e-06
-490453 -1.7451e-06
-560522 -1.99441e-06
-630589 -2.24372e-06
-700655 -2.49302e-06
-770722 -2.74233e-06
-840788 -2.99164e-06
-910856 -3.24094e-06
-980922 -3.49025e-06
-1.05099e+06 -3.73956e-06
-1.12106e+06 -3.98887e-06
-1.19113e+06 -4.23818e-06
-1.26119e+06 -4.48749e-06
-1.33126e+06 -4.7368e-06
-1.40133e+06 -4.98612e-06
-1.4714e+06 -5.23543e-06
-1.54147e+06 -5.48475e-06
-1.61154e+06 -5.73406e-06
-1.68161e+06 -5.98338e-06
-1.75168e+06 -6.23269e-06
-1.82175e+06 -6.48201e-06
-1.89182e+06 -6.73133e-06
-1.96188e+06 -6.98064e-06
-2.03196e+06 -7.22996e-06
-2.10203e+06 -7.47928e-06
-2.1721e+06 -7.7286e-06
-2.24217e+06 -7.97792e-06
-2.31224e+06 -8.22724e-06
-2.38231e+06 -8.47657e-06
-2.45238e+06 -8.72589e-06
-2.52245e+06 -8.97521e-06
-2.59252e+06 -9.22454e-06
-2.6626e+06 -9.47386e-06
-2.73267e+06 -9.72319e-06
-2.80274e+06 -9.97251e-06
-2.87281e+06 -1.02218e-05
-2.94289e+06 -1.04712e-05
-3.01296e+06 -1.07205e-05
-3.08303e+06 -1.09698e-05
-3.1531e+06 -1.12192e-05
-3.22318e+06 -1.14685e-05
-3.29325e+06 -1.17178e-05
-3.36333e+06 -1.19672e-05
-3.4334e+06 -1.22165e-05
-3.50347e+06 -1.24658e-05
-3.57355e+06 -1.27152e-05
-3.64362e+06 -1.29645e-05
-3.7137e+06 -1.32138e-05
-3.78377e+06 -1.34632e-05
-3.85385e+06 -1.37125e-05
-3.92392e+06 -1.39618e-05
-3.994e+06 -1.42112e-05
-4.06407e+06 -1.44605e-05
-4.13415e+06 -1.47098e-05
-4.20423e+06 -1.49592e-05
-4.2743e+06 -1.52085e-05
-4.34438e+06 -1.54579e-05
-4.41446e+06 -1.57072e-05
-4.48453e+06 -1.59566e-05
-4.55461e+06 -1.62059e-05
-4.62469e+06 -1.64552e-05
-4.69476e+06 -1.67046e-05
-4.76484e+06 -1.69539e-05
-4.83492e+06 -1.72033e-05
-4.905e+06 -1.74526e-05
-4.97507e+06 -1.7702e-05
-5.04515e+06 -1.79513e-05
-5.11523e+06 -1.82007e-05
-5.18531e+06 -1.845e-05
-5.25539e+06 -1.86994e-05
-5.32547e+06 -1.89487e-05
-5.39555e+06 -1.91981e-05
-5.46563e+06 -1.94474e-05
-5.53571e+06 -1.96968e-05
-5.60579e+06 -1.99461e-05
-5.67587e+06 -2.01955e-05
-5.74595e+06 -2.04448e-05
-5.81603e+06 -2.06942e-05
-5.88611e+06 -2.09436e-05
-5.95619e+06 -2.11929e-05
-6.02627e+06 -2.14423e-05
-6.09635e+06 -2.16916e-05
-6.16644e+06 -2.1941e-05
-6.23651e+06 -2.21903e-05
-6.3066e+06 -2.24397e-05
-6.37668e+06 -2.26891e-05
-6.44676e+06 -2.29384e-05
-6.51685e+06 -2.31878e-05
-6.58693e+06 -2.34372e-05
-6.65701e+06 -2.36865e-05
-6.72709e+06 -2.39359e-05
-6.79718e+06 -2.41852e-05
-6.86726e+06 -2.44346e-05
-6.93735e+06 -2.4684e-05
-7.00743e+06 -2.49333e-05
-7.07751e+06 -2.51827e-05
-7.1476e+06 -2.54321e-05
-7.21768e+06 -2.56815e-05
-7.28776e+06 -2.59308e-05
-7.35785e+06 -2.61802e-05
-7.42793e+06 -2.64296e-05
-7.49802e+06 -2.66789e-05
-7.56811e+06 -2.69283e-05
-7.63819e+06 -2.71777e-05
-7.70828e+06 -2.74271e-05
-7.77836e+06 -2.76764e-05
-7.84845e+06 -2.79258e-05
-7.91853e+06 -2.81752e-05
-7.98862e+06 -2.84246e-05
-8.05871e+06 -2.86739e-05
-8.12879e+06 -2.89233e-05
-8.19888e+06 -2.91727e-05
-8.26897e+06 -2.94221e-05
-8.33906e+06 -2.96715e-05
-8.40914e+06 -2.99208e-05
-8.47923e+06 -3.01702e-05
-8.54932e+06 -3.04196e-05
-8.61941e+06 -3.0669e-05
-8.6895e+06 -3.09184e-05
-8.75959e+06 -3.11678e-05
-8.82967e+06 -3.14171e-05
-8.89976e+06 -3.16665e-05
-8.96985e+06 -3.19159e-05
-9.03994e+06 -3.21653e-05
-9.11003e+06 -3.24147e-05
-9.18012e+06 -3.26641e-05
-9.25021e+06 -3.29135e-05
-9.3203e+06 -3.31629e-05
-9.39039e+06 -3.34122e-05
-9.46048e+06 -3.36616e-05
-9.53057e+06 -3.3911e-05
-9.60066e+06 -3.41604e-05
-9.67075e+06 -3.44098e-05
-9.74085e+06 -3.46592e-05
-9.81094e+06 -3.49086e-05
-9.88103e+06 -3.5158e-05
-9.95112e+06 -3.54074e-05
-1.00212e+07 -3.56568e-05
-1.00913e+07 -3.59062e-05
-1.01614e+07 -3.61556e-05
-1.02315e+07 -3.6405e-05
-1.03016e+07 -3.66544e-05
-1.03717e+07 -3.69038e-05
-1.04418e+07 -3.71532e-05
-1.05119e+07 -3.74026e-05
-1.0582e+07 -3.7652e-05
-1.06521e+07 -3.79014e-05
-1.07221e+07 -3.81508e-05
-1.07922e+07 -3.84002e-05
-1.08623e+07 -3.86496e-05
-1.09324e+07 -3.8899e-05
-1.10025e+07 -3.91484e-05
-1.10726e+07 -3.93978e-05
-1.11427e+07 -3.96472e-05
-1.12128e+07 -3.98966e-05
-1.12829e+07 -4.0146e-05
-1.1353e+07 -4.03955e-05
-1.14231e+07 -4.06449e-05
-1.14932e+07 -4.08943e-05
-1.15633e+07 -4.11437e-05
-1.16334e+07 -4.13931e-05
-1.17035e+07 -4.16425e-05
-1.17736e+07 -4.18919e-05
-1.18437e+07 -4.21413e-05
-1.19138e+07 -4.23908e-05
-1.19839e+07 -4.26402e-05
-1.2054e+07 -4.28896e-05
-1.21241e+07 -4.3139e-05
-1.21942e+07 -4.33884e-05
-1.22643e+07 -4.36378e-05
-1.23344e+07 -4.38873e-05
-1.24045e+07 -4.41367e-05
-1.24746e+07 -4.43861e-05
-1.25447e+07 -4.46355e-05
-1.26148e+07 -4.48849e-05
-1.26849e+07 -4.51344e-05
-1.2755e+07 -4.53838e-05
-1.28251e+07 -4.56332e-05
-1.28952e+07 -4.58826e-05
-1.29653e+07 -4.61321e-05
-1.30354e+07 -4.63815e-05
-1.31055e+07 -4.66309e-05
-1.31756e+07 -4.68803e-05
-1.32457e+07 -4.71298e-05
-1.33158e+07 -4.73792e-05
-1.33859e+07 -4.76286e-05
-1.3456e+07 -4.78781e-05
-1.35261e+07 -4.81275e-05
-1.35962e+07 -4.83769e-05
-1.36663e+07 -4.86264e-05
-1.37364e+07 -4.88758e-05
-1.38065e+07 -4.91252e-05
-1.38766e+07 -4.93747e-05
-1.39467e+07 -4.96241e-05
-1.40168e+07 -4.98735e-05
-1.40869e+07 -5.0123e-05
-1.4157e+07 -5.03724e-05
-1.42271e+07 -5.06218e-05
-1.42972e+07 -5.08713e-05
-1.43673e+07 -5.11207e-05
-1.44374e+07 -5.13702e-05
-1.45075e+07 -5.16196e-05
-1.45776e+07 -5.1869e-05
-1.46477e+07 -5.21185e-05
-1.47178e+07 -5.23679e-05
-1.47879e+07 -5.26174e-05
-1.4858e+07 -5.28668e-05
-1.49281e+07 -5.31163e-05
-1.49982e+07 -5.33657e-05
-1.50683e+07 -5.36151e-05
-1.51385e+07 -5.38646e-05
-1.52086e+07 -5.4114e-05
-1.52787e+07 -5.43635e-05
-1.53488e+07 -5.46129e-05
-1.54189e+07 -5.48624e-05
-1.5489e+07 -5.51118e-05
-1.55591e+07 -5.53613e-05
-1.56292e+07 -5.56107e-05
-1.56993e+07 -5.58602e-05
-1.57694e+07 -5.61096e-05
-1.58395e+07 -5.63591e-05
-1.59096e+07 -5.66086e-05
-1.59797e+07 -5.6858e-05
-1.60498e+07 -5.71075e-05
-1.612e+07 -5.73569e-05
-1.61901e+07 -5.76064e-05
-1.62602e+07 -5.78558e-05
-1.63303e+07 -5.81053e-05
-1.64004e+07 -5.83548e-05
-1.64705e+07 -5.86042e-05
-1.65406e+07 -5.88537e-05
-1.66107e+07 -5.91031e-05
-1.66808e+07 -5.93526e-05
-1.67509e+07 -5.96021e-05
-1.68211e+07 -5.98515e-05
-1.68912e+07 -6.0101e-05
-1.69613e+07 -6.03504e-05
-1.70314e+07 -6.05999e-05
-1.71015e+07 -6.08494e-05
-1.71716e+07 -6.10988e-05
-1.72417e+07 -6.13483e-05
-1.73118e+07 -6.15978e-05
-1.73819e+07 -6.18472e-05
-1.74521e+07 -6.20967e-05
-1.75222e+07 -6.23462e-05
-1.75923e+07 -6.25957e-05
-1.76624e+07 -6.28451e-05
-1.77325e+07 -6.30946e-05
-1.78026e+07 -6.33441e-05
-1.78727e+07 -6.35935e-05
-1.79429e+07 -6.3843e-05
-1.8013e+07 -6.40925e-05
-1.80831e+07 -6.4342e-05
-1.81532e+07 -6.45914e-05
-1.82233e+07 -6.48409e-05
-1.82934e+07 -6.50904e-05
-1.83635e+07 -6.53399e-05
-1.84337e+07 -6.55894e-05
-1.85038e+07 -6.58388e-05
-1.85739e+07 -6.60883e-05
-1.8644e+07 -6.63378e-05
-1.87141e+07 -6.65873e-05
-1.87842e+07 -6.68368e-05
-1.88543e+07 -6.70862e-05
-1.89245e+07 -6.73357e-05
-1.89946e+07 -6.75852e-05
-1.90647e+07 -6.78347e-05
-1.91348e+07 -6.80842e-05
-1.92049e+07 -6.83337e-05
-1.92751e+07 -6.85832e-05
-1.93452e+07 -6.88326e-05
-1.94153e+07 -6.90821e-05
-1.94854e+07 -6.93316e-05
-1.95555e+07 -6.95811e-05
-1.96256e+07 -6.98306e-05
-1.96958e+07 -7.00801e-05
-1.97659e+07 -7.03296e-05
-1.9836e+07 -7.05791e-05
-1.99061e+07 -7.08286e-05
-1.99762e+07 -7.10781e-05
-2.00464e+07 -7.13276e-05
-2.01165e+07 -7.15771e-05
-2.01866e+07 -7.18265e-05
-2.02567e+07 -7.2076e-05
-2.03268e+07 -7.23255e-05
-2.0397e+07 -7.2575e-05
-2.04671e+07 -7.28245e-05
-2.05372e+07 -7.3074e-05
-2.06073e+07 -7.33235e-05
-2.06774e+07 -7.3573e-05
-2.07476e+07 -7.38225e-05
-2.08177e+07 -7.4072e-05
-2.08878e+07 -7.43215e-05
-2.09579e+07 -7.4571e-05
-2.1028e+07 -7.48206e-05
-2.10982e+07 -7.50701e-05
-2.11683e+07 -7.53196e-05
-2.12384e+07 -7.55691e-05
-2.13085e+07 -7.58186e-05
-2.13787e+07 -7.60681e-05
-2.14488e+07 -7.63176e-05
-2.15189e+07 -7.65671e-05
-2.1589e+07 -7.68166e-05
-2.16592e+07 -7.70661e-05
-2.17293e+07 -7.73156e-05
-2.17994e+07 -7.75651e-05
-2.18695e+07 -7.78147e-05
-2.19397e+07 -7.80642e-05
-2.20098e+07 -7.83137e-05
-2.20799e+07 -7.85632e-05
-2.215e+07 -7.88127e-05
-2.22202e+07 -7.90622e-05
-2.22903e+07 -7.93117e-05
-2.23604e+07 -7.95613e-05
-2.24305e+07 -7.98108e-05
-2.25007e+07 -8.00603e-05
-2.25708e+07 -8.03098e-05
-2.26409e+07 -8.05593e-05
-2.2711e+07 -8.08089e-05
-2.27812e+07 -8.10584e-05
-2.28513e+07 -8.13079e-05
-2.29214e+07 -8.15574e-05
-2.29915e+07 -8.18069e-05
-2.30617e+07 -8.20565e-05
-2.31318e+07 -8.2306e-05
-2.32019e+07 -8.25555e-05
-2.32721e+07 -8.2805e-05
-2.33422e+07 -8.30546e-05
-2.34123e+07 -8.33041e-05
-2.34824e+07 -8.35536e-05
-2.35526e+07 -8.38032e-05
-2.36227e+07 -8.40527e-05
-2.36928e+07 -8.43022e-05
-2.3763e+07 -8.45517e-05
-2.38331e+07 -8.48013e-05
-2.39032e+07 -8.50508e-05
-2.39734e+07 -8.53003e-05
-2.40435e+07 -8.55499e-05
-2.41136e+07 -8.57994e-05
-2.41837e+07 -8.60489e-05
-2.42539e+07 -8.62985e-05
-2.4324e+07 -8.6548e-05
-2.43941e+07 -8.67976e-05
-2.44643e+07 -8.70471e-05
-2.45344e+07 -8.72966e-05
-2.46045e+07 -8.75462e-05
-2.46747e+07 -8.77957e-05
-2.47448e+07 -8.80452e-05
-2.48149e+07 -8.82948e-05
-2.48851e+07 -8.85443e-05
-2.49552e+07 -8.87939e-05
-2.50253e+07 -8.90434e-05
-2.50955e+07 -8.9293e-05
-2.51656e+07 -8.95425e-05
-2.52357e+07 -8.9792e-05
-2.53059e+07 -9.00416e-05
-2.5376e+07 -9.02911e-05
-2.54461e+07 -9.05407e-05
-2.55163e+07 -9.07902e-05
-2.55864e+07 -9.10398e-05
-2.56565e+07 -9.12893e-05
-2.57267e+07 -9.15389e-05
-2.57968e+07 -9.17884e-05
-2.58669e+07 -9.2038e-05
-2.59371e+07 -9.22875e-05
-2.60072e+07 -9.25371e-05
-2.60774e+07 -9.27866e-05
-2.61475e+07 -9.30362e-05
-2.62176e+07 -9.32857e-05
-2.62878e+07 -9.35353e-05
-2.63579e+07 -9.37849e-05
-2.6428e+07 -9.40344e-05
-2.64982e+07 -9.4284e-05
-2.65683e+07 -9.45335e-05
-2.66385e+07 -9.47831e-05
-2.67086e+07 -9.50326e-05
-2.67787e+07 -9.52822e-05
-2.68489e+07 -9.55318e-05
-2.6919e+07 -9.57813e-05
-2.69891e+07 -9.60309e-05
-2.70593e+07 -9.62805e-05
-2.71294e+07 -9.653e-05
-2.71996e+07 -9.67796e-05
-2.72697e+07 -9.70292e-05
-2.73398e+07 -9.72787e-05
-2.741e+07 -9.75283e-05
-2.74801e+07 -9.77779e-05
-2.75503e+07 -9.80274e-05
-2.76204e+07 -9.8277e-05
-2.76905e+07 -9.85266e-05
-2.77607e+07 -9.87761e-05
-2.78308e+07 -9.90257e-05
-2.7901e+07 -9.92753e-05
-2.79711e+07 -9.95248e-05
-2.80412e+07 -9.97744e-05
-2.81114e+07 -0.000100024
-2.81815e+07 -0.000100274
-2.82517e+07 -0.000100523
-2.83218e+07 -0.000100773
-2.8392e+07 -0.000101022
-2.84621e+07 -0.000101272
-2.85322e+07 -0.000101521
-2.86024e+07 -0.000101771
-2.86725e+07 -0.000102021
-2.87427e+07 -0.00010227
-2.88128e+07 -0.00010252
-2.8883e+07 -0.000102769
-2.89531e+07 -0.000103019
-2.90232e+07 -0.000103268
-2.90934e+07 -0.000103518
-2.91635e+07 -0.000103768
-2.92337e+07 -0.000104017
-2.93038e+07 -0.000104267
-2.9374e+07 -0.000104516
-2.94441e+07 -0.000104766
-2.95143e+07 -0.000105016
-2.95844e+07 -0.000105265
-2.96545e+07 -0.000105515
-2.97247e+07 -0.000105764
-2.97948e+07 -0.000106014
-2.9865e+07 -0.000106264
-2.99351e+07 -0.000106513
-3.00053e+07 -0.000106763
-3.00754e+07 -0.000107012
-3.01456e+07 -0.000107262
-3.02157e+07 -0.000107511
-3.02859e+07 -0.000107761
-3.0356e+07 -0.000108011
-3.04262e+07 -0.00010826
-3.04963e+07 -0.00010851
-3.05665e+07 -0.000108759
-3.06366e+07 -0.000109009
-3.07068e+07 -0.000109259
-3.07769e+07 -0.000109508
-3.08471e+07 -0.000109758
-3.09172e+07 -0.000110007
-3.09874e+07 -0.000110257
-3.10575e+07 -0.000110507
-3.11277e+07 -0.000110756
-3.11978e+07 -0.000111006
-3.1268e+07 -0.000111255
-3.13381e+07 -0.000111505
-3.14083e+07 -0.000111755
-3.14784e+07 -0.000112004
-3.15486e+07 -0.000112254
-3.16187e+07 -0.000112504
-3.16889e+07 -0.000112753
-3.1759e+07 -0.000113003
-3.18292e+07 -0.000113252
-3.18993e+07 -0.000113502
-3.19695e+07 -0.000113752
-3.20396e+07 -0.000114001
-3.21098e+07 -0.000114251
-3.21799e+07 -0.0001145
-3.22501e+07 -0.00011475
-3.23202e+07 -0.000115
-3.23904e+07 -0.000115249
-3.24605e+07 -0.000115499
-3.25307e+07 -0.000115748
-3.26008e+07 -0.000115998
-3.2671e+07 -0.000116248
-3.27412e+07 -0.000116497
-3.28113e+07 -0.000116747
-3.28815e+07 -0.000116997
-3.29516e+07 -0.000117246
-3.30218e+07 -0.000117496
-3.30919e+07 -0.000117745
-3.31621e+07 -0.000117995
-3.32322e+07 -0.000118245
-3.33024e+07 -0.000118494
-3.33726e+07 -0.000118744
-3.34427e+07 -0.000118994
-3.35129e+07 -0.000119243
-3.3583e+07 -0.000119493
-3.36532e+07 -0.000119742
-3.37233e+07 -0.000119992
-3.37935e+07 -0.000120242
-3.38637e+07 -0.000120491
-3.39338e+07 -0.000120741
-3.4004e+07 -0.000120991
-3.40741e+07 -0.00012124
-3.41443e+07 -0.00012149
-3.42144e+07 -0.000121739
-3.42846e+07 -0.000121989
-3.43548e+07 -0.000122239
-3.44249e+07 -0.000122488
-3.44951e+07 -0.000122738
-3.45652e+07 -0.000122988
-3.46354e+07 -0.000123237
-3.47056e+07 -0.000123487
-3.47757e+07 -0.000123737
-3.48459e+07 -0.000123986
-3.4916e+07 -0.000124236
-3.49862e+07 -0.000124485
-3.50564e+07 -0.000124735
-3.51265e+07 -0.000124985
-3.51967e+07 -0.000125234
-3.52668e+07 -0.000125484
-3.5337e+07 -0.000125734
-3.54072e+07 -0.000125983
-3.54773e+07 -0.000126233
-3.55475e+07 -0.000126483
-3.56177e+07 -0.000126732
-3.56878e+07 -0.000126982
-3.5758e+07 -0.000127232
-3.58281e+07 -0.000127481
-3.58983e+07 -0.000127731
-3.59685e+07 -0.000127981
-3.60386e+07 -0.00012823
-3.61088e+07 -0.00012848
-3.6179e+07 -0.000128729
-3.62491e+07 -0.000128979
-3.63193e+07 -0.000129229
-3.63894e+07 -0.000129478
-3.64596e+07 -0.000129728
-3.65298e+07 -0.000129978
-3.65999e+07 -0.000130227
-3.66701e+07 -0.000130477
-3.67403e+07 -0.000130727
-3.68104e+07 -0.000130976
-3.68806e+07 -0.000131226
-3.69508e+07 -0.000131476
-3.70209e+07 -0.000131725
-3.70911e+07 -0.000131975
-3.71613e+07 -0.000132225
-3.72314e+07 -0.000132474
-3.73016e+07 -0.000132724
-3.73718e+07 -0.000132974
-3.74419e+07 -0.000133223
-3.75121e+07 -0.000133473
-3.75823e+07 -0.000133723
-3.76524e+07 -0.000133972
-3.77226e+07 -0.000134222
-3.77928e+07 -0.000134472
-3.78629e+07 -0.000134721
-3.79331e+07 -0.000134971
-3.80033e+07 -0.000135221
-3.80734e+07 -0.00013547
-3.81436e+07 -0.00013572
-3.82138e+07 -0.00013597
-3.8284e+07 -0.000136219
-3.83541e+07 -0.000136469
-3.84243e+07 -0.000136719
-3.84945e+07 -0.000136968
-3.85646e+07 -0.000137218
-3.86348e+07 -0.000137468
-3.8705e+07 -0.000137717
-3.87751e+07 -0.000137967
-3.88453e+07 -0.000138217
-3.89155e+07 -0.000138466
-3.89857e+07 -0.000138716
-3.90558e+07 -0.000138966
-3.9126e+07 -0.000139215
-3.91962e+07 -0.000139465
-3.92664e+07 -0.000139715
-3.93365e+07 -0.000139964
-3.94067e+07 -0.000140214
-3.94769e+07 -0.000140464
-3.9547e+07 -0.000140714
-3.96172e+07 -0.000140963
-3.96874e+07 -0.000141213
-3.97576e+07 -0.000141463
-3.98277e+07 -0.000141712
-3.98979e+07 -0.000141962
-3.99681e+07 -0.000142212
-4.00383e+07 -0.000142461
-4.01084e+07 -0.000142711
-4.01786e+07 -0.000142961
-4.02488e+07 -0.00014321
-4.0319e+07 -0.00014346
-4.03891e+07 -0.00014371
-4.04593e+07 -0.00014396
-4.05295e+07 -0.000144209
-4.05997e+07 -0.000144459
-4.06698e+07 -0.000144709
-4.074e+07 -0.000144958
-4.08102e+07 -0.000145208
-4.08804e+07 -0.000145458
-4.09505e+07 -0.000145707
-4.10207e+07 -0.000145957
-4.10909e+07 -0.000146207
-4.11611e+07 -0.000146456
-4.12313e+07 -0.000146706
-4.13014e+07 -0.000146956
-4.13716e+07 -0.000147206
-4.14418e+07 -0.000147455
-4.1512e+07 -0.000147705
-4.15821e+07 -0.000147955
-4.16523e+07 -0.000148204
-4.17225e+07 -0.000148454
-4.17927e+07 -0.000148704
-4.18629e+07 -0.000148954
-4.1933e+07 -0.000149203
-4.20032e+07 -0.000149453
-4.20734e+07 -0.000149703
-4.21436e+07 -0.000149952
-4.22138e+07 -0.000150202
-4.22839e+07 -0.000150452
-4.23541e+07 -0.000150702
-4.24243e+07 -0.000150951
-4.24945e+07 -0.000151201
-4.25647e+07 -0.000151451
-4.26348e+07 -0.0001517
-4.2705e+07 -0.00015195
-4.27752e+07 -0.0001522
-4.28454e+07 -0.00015245
-4.29156e+07 -0.000152699
-4.29858e+07 -0.000152949
-4.30559e+07 -0.000153199
-4.31261e+07 -0.000153448
-4.31963e+07 -0.000153698
-4.32665e+07 -0.000153948
-4.33367e+07 -0.000154198
-4.34069e+07 -0.000154447
-4.3477e+07 -0.000154697
-4.35472e+07 -0.000154947
-4.36174e+07 -0.000155196
-4.36876e+07 -0.000155446
-4.37578e+07 -0.000155696
-4.3828e+07 -0.000155946
-4.38981e+07 -0.000156195
-4.39683e+07 -0.000156445
-4.40385e+07 -0.000156695
-4.41087e+07 -0.000156945
-4.41789e+07 -0.000157194
-4.42491e+07 -0.000157444
-4.43193e+07 -0.000157694
-4.43894e+07 -0.000157943
-4.44596e+07 -0.000158193
-4.45298e+07 -0.000158443
-4.46e+07 -0.000158693
-4.46702e+07 -0.000158942
-4.47404e+07 -0.000159192
-4.48106e+07 -0.000159442
-4.48808e+07 -0.000159692
-4.49509e+07 -0.000159941
-4.50211e+07 -0.000160191
-4.50913e+07 -0.000160441
-4.51615e+07 -0.000160691
-4.52317e+07 -0.00016094
-4.53019e+07 -0.00016119
-4.53721e+07 -0.00016144
-4.54423e+07 -0.00016169
-4.55125e+07 -0.000161939
-4.55826e+07 -0.000162189
-4.56528e+07 -0.000162439
-4.5723e+07 -0.000162688
-4.57932e+07 -0.000162938
-4.58634e+07 -0.000163188
-4.59336e+07 -0.000163438
-4.60038e+07 -0.000163687
-4.6074e+07 -0.000163937
-4.61442e+07 -0.000164187
-4.62144e+07 -0.000164437
-4.62845e+07 -0.000164686
-4.63547e+07 -0.000164936
-4.64249e+07 -0.000165186
-4.64951e+07 -0.000165436
-4.65653e+07 -0.000165685
-4.66355e+07 -0.000165935
-4.67057e+07 -0.000166185
-4.67759e+07 -0.000166435
-4.68461e+07 -0.000166685
-4.69163e+07 -0.000166934
-4.69865e+07 -0.000167184
-4.70567e+07 -0.000167434
-4.71269e+07 -0.000167684
-4.71971e+07 -0.000167933
-4.72672e+07 -0.000168183
-4.73374e+07 -0.000168433
-4.74076e+07 -0.000168683
-4.74778e+07 -0.000168932
-4.7548e+07 -0.000169182
-4.76182e+07 -0.000169432
-4.76884e+07 -0.000169682
-4.77586e+07 -0.000169931
-4.78288e+07 -0.000170181
-4.7899e+07 -0.000170431
-4.79692e+07 -0.000170681
-4.80394e+07 -0.00017093
-4.81096e+07 -0.00017118
-4.81798e+07 -0.00017143
-4.825e+07 -0.00017168
-4.83202e+07 -0.00017193
-4.83904e+07 -0.000172179
-4.84606e+07 -0.000172429
-4.85308e+07 -0.000172679
-4.8601e+07 -0.000172929
-4.86712e+07 -0.000173178
-4.87414e+07 -0.000173428
-4.88116e+07 -0.000173678
-4.88818e+07 -0.000173928
-4.8952e+07 -0.000174178
-4.90222e+07 -0.000174427
-4.90924e+07 -0.000174677
-4.91626e+07 -0.000174927
-4.92328e+07 -0.000175177
-4.9303e+07 -0.000175426
-4.93732e+07 -0.000175676
-4.94434e+07 -0.000175926
-4.95136e+07 -0.000176176
-4.95838e+07 -0.000176426
-4.9654e+07 -0.000176675
-4.97242e+07 -0.000176925
-4.97944e+07 -0.000177175
-4.98646e+07 -0.000177425
-4.99348e+07 -0.000177674
-5.0005e+07 -0.000177924
-5.00752e+07 -0.000178174
-5.01454e+07 -0.000178424
-5.02156e+07 -0.000178674
-5.02858e+07 -0.000178923
-5.0356e+07 -0.000179173
-5.04262e+07 -0.000179423
-5.04964e+07 -0.000179673
-5.05666e+07 -0.000179923
-5.06368e+07 -0.000180172
-5.0707e+07 -0.000180422
-5.07772e+07 -0.000180672
-5.08474e+07 -0.000180922
-5.09176e+07 -0.000181172
-5.09878e+07 -0.000181421
-5.1058e+07 -0.000181671
-5.11282e+07 -0.000181921
-5.11984e+07 -0.000182171
-5.12686e+07 -0.000182421
-5.13388e+07 -0.00018267
-5.1409e+07 -0.00018292
-5.14793e+07 -0.00018317
-5.15495e+07 -0.00018342
-5.16197e+07 -0.00018367
-5.16899e+07 -0.000183919
-5.17601e+07 -0.000184169
-5.18303e+07 -0.000184419
-5.19005e+07 -0.000184669
-5.19707e+07 -0.000184919
-5.20409e+07 -0.000185168
-5.21111e+07 -0.000185418
-5.21813e+07 -0.000185668
-5.22515e+07 -0.000185918
-5.23217e+07 -0.000186168
-5.23919e+07 -0.000186417
-5.24622e+07 -0.000186667
-5.25324e+07 -0.000186917
-5.26026e+07 -0.000187167
-5.26728e+07 -0.000187417
-5.2743e+07 -0.000187666
-5.28132e+07 -0.000187916
-5.28834e+07 -0.000188166
-5.29536e+07 -0.000188416
-5.30238e+07 -0.000188666
-5.3094e+07 -0.000188916
-5.31642e+07 -0.000189165
-5.32345e+07 -0.000189415
-5.33047e+07 -0.000189665
-5.33749e+07 -0.000189915
-5.34451e+07 -0.000190165
-5.35153e+07 -0.000190414
-5.35855e+07 -0.000190664
-5.36557e+07 -0.000190914
-5.37259e+07 -0.000191164
-5.37961e+07 -0.000191414
-5.38664e+07 -0.000191664
-5.39366e+07 -0.000191913
-5.40068e+07 -0.000192163
-5.4077e+07 -0.000192413
-5.41472e+07 -0.000192663
-5.42174e+07 -0.000192913
-5.42876e+07 -0.000193163
-5.43579e+07 -0.000193412
-5.44281e+07 -0.000193662
-5.44983e+07 -0.000193912
-5.45685e+07 -0.000194162
-5.46387e+07 -0.000194412
-5.47089e+07 -0.000194662
-5.47791e+07 -0.000194911
-5.48494e+07 -0.000195161
-5.49196e+07 -0.000195411
-5.49898e+07 -0.000195661
-5.506e+07 -0.000195911
-5.51302e+07 -0.000196161
-5.52004e+07 -0.00019641
-5.52706e+07 -0.00019666
-5.53409e+07 -0.00019691
-5.54111e+07 -0.00019716
-5.54813e+07 -0.00019741
-5.55515e+07 -0.00019766
-5.56217e+07 -0.000197909
-5.56919e+07 -0.000198159
-5.57622e+07 -0.000198409
-5.58324e+07 -0.000198659
-5.59026e+07 -0.000198909
-5.59728e+07 -0.000199159
-5.6043e+07 -0.000199408
-5.61133e+07 -0.000199658
-5.61835e+07 -0.000199908
-5.62537e+07 -0.000200158
-5.63239e+07 -0.000200408
-5.63941e+07 -0.000200658
-5.64643e+07 -0.000200908
-5.65346e+07 -0.000201157
-5.66048e+07 -0.000201407
-5.6675e+07 -0.000201657
-5.67452e+07 -0.000201907
-5.68154e+07 -0.000202157
-5.68857e+07 -0.000202407
-5.69559e+07 -0.000202657
-5.70261e+07 -0.000202906
-5.70963e+07 -0.000203156
-5.71666e+07 -0.000203406
-5.72368e+07 -0.000203656
-5.7307e+07 -0.000203906
-5.73772e+07 -0.000204156
-5.74474e+07 -0.000204406
-5.75177e+07 -0.000204655
-5.75879e+07 -0.000204905
-5.76581e+07 -0.000205155
-5.77283e+07 -0.000205405
-5.77986e+07 -0.000205655
-5.78688e+07 -0.000205905
-5.7939e+07 -0.000206155
-5.80092e+07 -0.000206404
-5.80794e+07 -0.000206654
-5.81497e+07 -0.000206904
-5.82199e+07 -0.000207154
-5.82901e+07 -0.000207404
-5.83603e+07 -0.000207654
-5.84306e+07 -0.000207904
-5.85008e+07 -0.000208153
-5.8571e+07 -0.000208403
-5.86412e+07 -0.000208653
-5.87115e+07 -0.000208903
-5.87817e+07 -0.000209153
-5.88519e+07 -0.000209403
-5.89221e+07 -0.000209653
-5.89924e+07 -0.000209903
-5.90626e+07 -0.000210152
-5.91328e+07 -0.000210402
-5.92031e+07 -0.000210652
-5.92733e+07 -0.000210902
-5.93435e+07 -0.000211152
-5.94137e+07 -0.000211402
-5.9484e+07 -0.000211652
-5.95542e+07 -0.000211902
-5.96244e+07 -0.000212151
-5.96946e+07 -0.000212401
-5.97649e+07 -0.000212651
-5.98351e+07 -0.000212901
-5.99053e+07 -0.000213151
-5.99756e+07 -0.000213401
-6.00329e+07 -0.000213605
-6.00669e+07 -0.000213726
-6.0101e+07 -0.000213847
-6.01351e+07 -0.000213968
-6.01692e+07 -0.00021409
-6.02032e+07 -0.000214211
-6.02373e+07 -0.000214332
-6.02714e+07 -0.000214453
-6.02911e+07 -0.000214524
-6.02875e+07 -0.000214511
-6.0284e+07 -0.000214498
-6.02804e+07 -0.000214485
-6.02768e+07 -0.000214473
-6.02732e+07 -0.00021446
-6.02696e+07 -0.000214447
-6.0266e+07 -0.000214434
-6.02624e+07 -0.000214422
-6.02588e+07 -0.000214409
-6.02552e+07 -0.000214396
-6.02516e+07 -0.000214383
-6.0248e+07 -0.00021437
-6.02445e+07 -0.000214358
-6.02409e+07 -0.000214345
-6.02373e+07 -0.000214332
-6.02337e+07 -0.000214319
-6.02301e+07 -0.000214307
-6.02265e+07 -0.000214294
-6.02229e+07 -0.000214281
-6.02193e+07 -0.000214268
-6.02157e+07 -0.000214255
-6.02121e+07 -0.000214243
-6.02086e+07 -0.00021423
-6.0205e+07 -0.000214217
-6.02014e+07 -0.000214204
-6.01978e+07 -0.000214192
-6.01942e+07 -0.000214179
-6.01906e+07 -0.000214166
-6.0187e+07 -0.000214153
-6.01834e+07 -0.000214141
-6.01798e+07 -0.000214128
-6.01762e+07 -0.000214115
-6.01727e+07 -0.000214102
-6.01691e+07 -0.000214089
-6.01655e+07 -0.000214077
-6.01619e+07 -0.000214064
-6.01583e+07 -0.000214051
-6.01547e+07 -0.000214038
-6.01511e+07 -0.000214026
-6.01475e+07 -0.000214013
-6.01439e+07 -0.000214
-6.01404e+07 -0.000213987
-6.01368e+07 -0.000213974
-6.01332e+07 -0.000213962
-6.01296e+07 -0.000213949
-6.0126e+07 -0.000213936
-6.01224e+07 -0.000213923
-6.01188e+07 -0.000213911
-6.01152e+07 -0.000213898
-6.01116e+07 -0.000213885
-6.0108e+07 -0.000213872
-6.01045e+07 -0.00021386
-6.01009e+07 -0.000213847
-6.00973e+07 -0.000213834
-6.00937e+07 -0.000213821
-6.00901e+07 -0.000213808
-6.00865e+07 -0.000213796
-6.00829e+07 -0.000213783
-6.00793e+07 -0.00021377
-6.00757e+07 -0.000213757
-6.00722e+07 -0.000213745
-6.00686e+07 -0.000213732
-6.0065e+07 -0.000213719
-6.00614e+07 -0.000213706
-6.00578e+07 -0.000213694
-6.00542e+07 -0.000213681
-6.00506e+07 -0.000213668
-6.0047e+07 -0.000213655
-6.00434e+07 -0.000213642
-6.00399e+07 -0.00021363
-6.00363e+07 -0.000213617
-6.00327e+07 -0.000213604
-6.00291e+07 -0.000213591
-6.00255e+07 -0.000213579
-6.00219e+07 -0.000213566
-6.00183e+07 -0.000213553
-6.00147e+07 -0.00021354
-6.00111e+07 -0.000213528
-6.00076e+07 -0.000213515
-6.0004e+07 -0.000213502
-6.00004e+07 -0.000213489
-5.99968e+07 -0.000213476
-5.99932e+07 -0.000213464
-5.99896e+07 -0.000213451
-5.9986e+07 -0.000213438
-5.99824e+07 -0.000213425
-5.99788e+07 -0.000213413
-5.99753e+07 -0.0002134
-5.99717e+07 -0.000213387
-5.99681e+07 -0.000213374
-5.99645e+07 -0.000213362
-5.99609e+07 -0.000213349
-5.99573e+07 -0.000213336
-5.99537e+07 -0.000213323
-5.99501e+07 -0.00021331
-5.99466e+07 -0.000213298
-5.9943e+07 -0.000213285
-5.99394e+07 -0.000213272
-5.99358e+07 -0.000213259
-5.99322e+07 -0.000213247
-5.99286e+07 -0.000213234
-5.9925e+07 -0.000213221
-5.99214e+07 -0.000213208
-5.99178e+07 -0.000213196
-5.99143e+07 -0.000213183
-5.99107e+07 -0.00021317
-5.99071e+07 -0.000213157
-5.99035e+07 -0.000213144
-5.98999e+07 -0.000213132
-5.98963e+07 -0.000213119
-5.98927e+07 -0.000213106
-5.98891e+07 -0.000213093
-5.98856e+07 -0.000213081
-5.9882e+07 -0.000213068
-5.98784e+07 -0.000213055
-5.98748e+07 -0.000213042
-5.98712e+07 -0.00021303
-5.98676e+07 -0.000213017
-5.9864e+07 -0.000213004
-5.98604e+07 -0.000212991
-5.98568e+07 -0.000212979
-5.98533e+07 -0.000212966
-5.98497e+07 -0.000212953
-5.98461e+07 -0.00021294
-5.98425e+07 -0.000212927
-5.98389e+07 -0.000212915
-5.98353e+07 -0.000212902
-5.98317e+07 -0.000212889
-5.98281e+07 -0.000212876
-5.98246e+07 -0.000212864
-5.9821e+07 -0.000212851
-5.98174e+07 -0.000212838
-5.98138e+07 -0.000212825
-5.98102e+07 -0.000212813
-5.98066e+07 -0.0002128
-5.9803e+07 -0.000212787
-5.97994e+07 -0.000212774
-5.97959e+07 -0.000212761
-5.97923e+07 -0.000212749
-5.97887e+07 -0.000212736
-5.97851e+07 -0.000212723
-5.97815e+07 -0.00021271
-5.97779e+07 -0.000212698
-5.97743e+07 -0.000212685
-5.97707e+07 -0.000212672
-5.97672e+07 -0.000212659
-5.97636e+07 -0.000212647
-5.976e+07 -0.000212634
-5.97564e+07 -0.000212621
-5.97528e+07 -0.000212608
-5.97492e+07 -0.000212596
-5.97456e+07 -0.000212583
-5.9742e+07 -0.00021257
-5.97385e+07 -0.000212557
-5.97349e+07 -0.000212544
-5.97313e+07 -0.000212532
-5.97277e+07 -0.000212519
-5.97241e+07 -0.000212506
-5.97205e+07 -0.000212493
-5.97169e+07 -0.000212481
-5.97134e+07 -0.000212468
-5.97098e+07 -0.000212455
-5.97062e+07 -0.000212442
-5.97026e+07 -0.00021243
-5.9699e+07 -0.000212417
-5.96954e+07 -0.000212404
-5.96918e+07 -0.000212391
-5.96882e+07 -0.000212379
-5.96847e+07 -0.000212366
-5.96811e+07 -0.000212353
-5.96775e+07 -0.00021234
-5.96739e+07 -0.000212328
-5.96703e+07 -0.000212315
-5.96667e+07 -0.000212302
-5.96631e+07 -0.000212289
-5.96596e+07 -0.000212276
-5.9656e+07 -0.000212264
-5.96524e+07 -0.000212251
-5.96488e+07 -0.000212238
-5.96452e+07 -0.000212225
-5.96416e+07 -0.000212213
-5.9638e+07 -0.0002122
-5.96344e+07 -0.000212187
-5.96309e+07 -0.000212174
-5.96273e+07 -0.000212162
-5.96237e+07 -0.000212149
-5.96201e+07 -0.000212136
-5.96165e+07 -0.000212123
-5.96129e+07 -0.000212111
-5.96093e+07 -0.000212098
-5.96058e+07 -0.000212085
-5.96022e+07 -0.000212072
-5.95986e+07 -0.00021206
-5.9595e+07 -0.000212047
-5.95914e+07 -0.000212034
-5.95878e+07 -0.000212021
-5.95842e+07 -0.000212009
-5.95807e+07 -0.000211996
-5.95771e+07 -0.000211983
-5.95735e+07 -0.00021197
-5.95699e+07 -0.000211957
-5.95663e+07 -0.000211945
-5.95627e+07 -0.000211932
-5.95591e+07 -0.000211919
-5.95555e+07 -0.000211906
-5.9552e+07 -0.000211894
-5.95484e+07 -0.000211881
-5.95448e+07 -0.000211868
-5.95412e+07 -0.000211855
-5.95376e+07 -0.000211843
-5.9534e+07 -0.00021183
-5.95304e+07 -0.000211817
-5.95269e+07 -0.000211804
-5.95233e+07 -0.000211792
-5.95197e+07 -0.000211779
-5.95161e+07 -0.000211766
-5.95125e+07 -0.000211753
-5.95089e+07 -0.000211741
-5.95053e+07 -0.000211728
-5.95018e+07 -0.000211715
-5.94982e+07 -0.000211702
-5.94946e+07 -0.00021169
-5.9491e+07 -0.000211677
-5.94874e+07 -0.000211664
-5.94838e+07 -0.000211651
-5.94802e+07 -0.000211638
-5.94767e+07 -0.000211626
-5.94731e+07 -0.000211613
-5.94695e+07 -0.0002116
-5.94659e+07 -0.000211587
-5.94623e+07 -0.000211575
-5.94587e+07 -0.000211562
-5.94551e+07 -0.000211549
-5.94516e+07 -0.000211536
-5.9448e+07 -0.000211524
-5.94444e+07 -0.000211511
-5.94408e+07 -0.000211498
-5.94372e+07 -0.000211485
-5.94336e+07 -0.000211473
-5.94301e+07 -0.00021146
-5.94265e+07 -0.000211447
-5.94229e+07 -0.000211434
-5.94193e+07 -0.000211422
-5.94157e+07 -0.000211409
-5.94121e+07 -0.000211396
-5.94085e+07 -0.000211383
-5.9405e+07 -0.000211371
-5.94014e+07 -0.000211358
-5.93978e+07 -0.000211345
-5.93942e+07 -0.000211332
-5.93906e+07 -0.00021132
-5.9387e+07 -0.000211307
-5.93834e+07 -0.000211294
-5.93799e+07 -0.000211281
-5.93763e+07 -0.000211269
-5.93727e+07 -0.000211256
-5.93691e+07 -0.000211243
-5.93655e+07 -0.00021123
-5.93619e+07 -0.000211218
-5.93583e+07 -0.000211205
-5.93548e+07 -0.000211192
-5.93512e+07 -0.000211179
-5.93476e+07 -0.000211167
-5.9344e+07 -0.000211154
-5.93404e+07 -0.000211141
-5.93368e+07 -0.000211128
-5.93333e+07 -0.000211115
-5.93297e+07 -0.000211103
-5.93261e+07 -0.00021109
-5.93225e+07 -0.000211077
-5.93189e+07 -0.000211064
-5.93153e+07 -0.000211052
-5.93117e+07 -0.000211039
-5.93082e+07 -0.000211026
-5.93046e+07 -0.000211013
-5.9301e+07 -0.000211001
-5.92974e+07 -0.000210988
-5.92938e+07 -0.000210975
-5.92902e+07 -0.000210962
-5.92867e+07 -0.00021095
-5.92831e+07 -0.000210937
-5.92795e+07 -0.000210924
-5.92759e+07 -0.000210911
-5.92723e+07 -0.000210899
-5.92687e+07 -0.000210886
-5.92651e+07 -0.000210873
-5.92616e+07 -0.00021086
-5.9258e+07 -0.000210848
-5.92544e+07 -0.000210835
-5.92508e+07 -0.000210822
-5.92472e+07 -0.000210809
-5.92436e+07 -0.000210797
-5.92401e+07 -0.000210784
-5.92365e+07 -0.000210771
-5.92329e+07 -0.000210758
-5.92293e+07 -0.000210746
-5.92257e+07 -0.000210733
-5.92221e+07 -0.00021072
-5.92186e+07 -0.000210707
-5.9215e+07 -0.000210695
-5.92114e+07 -0.000210682
-5.92078e+07 -0.000210669
-5.92042e+07 -0.000210656
-5.92006e+07 -0.000210644
-5.91971e+07 -0.000210631
-5.91935e+07 -0.000210618
-5.91899e+07 -0.000210605
-5.91863e+07 -0.000210593
-5.91827e+07 -0.00021058
-5.91791e+07 -0.000210567
-5.91755e+07 -0.000210554
-5.9172e+07 -0.000210542
-5.91684e+07 -0.000210529
-5.91648e+07 -0.000210516
-5.91612e+07 -0.000210503
-5.91576e+07 -0.000210491
-5.9154e+07 -0.000210478
-5.91505e+07 -0.000210465
-5.91469e+07 -0.000210452
-5.91433e+07 -0.00021044
-5.91397e+07 -0.000210427
-5.91361e+07 -0.000210414
-5.91325e+07 -0.000210401
-5.9129e+07 -0.000210389
-5.91254e+07 -0.000210376
-5.91218e+07 -0.000210363
-5.91182e+07 -0.00021035
-5.91146e+07 -0.000210338
-5.9111e+07 -0.000210325
-5.91075e+07 -0.000210312
-5.91039e+07 -0.000210299
-5.91003e+07 -0.000210287
-5.90967e+07 -0.000210274
-5.90931e+07 -0.000210261
-5.90895e+07 -0.000210248
-5.9086e+07 -0.000210236
-5.90824e+07 -0.000210223
-5.90788e+07 -0.00021021
-5.90752e+07 -0.000210197
-5.90716e+07 -0.000210185
-5.9068e+07 -0.000210172
-5.90645e+07 -0.000210159
-5.90609e+07 -0.000210146
-5.90573e+07 -0.000210134
-5.90537e+07 -0.000210121
-5.90501e+07 -0.000210108
-5.90465e+07 -0.000210095
-5.9043e+07 -0.000210083
-5.90394e+07 -0.00021007
-5.90358e+07 -0.000210057
-5.90322e+07 -0.000210044
-5.90286e+07 -0.000210032
-5.90251e+07 -0.000210019
-5.90215e+07 -0.000210006
-5.90179e+07 -0.000209993
-5.90143e+07 -0.000209981
-5.90107e+07 -0.000209968
-5.90071e+07 -0.000209955
-5.90036e+07 -0.000209942
-5.9e+07 -0.00020993
-5.89964e+07 -0.000209917
-5.89928e+07 -0.000209904
-5.89892e+07 -0.000209891
-5.89856e+07 -0.000209879
-5.89821e+07 -0.000209866
-5.89785e+07 -0.000209853
-5.89749e+07 -0.00020984
-5.89713e+07 -0.000209828
-5.89677e+07 -0.000209815
-5.89641e+07 -0.000209802
-5.89606e+07 -0.000209789
-5.8957e+07 -0.000209777
-5.89534e+07 -0.000209764
-5.89498e+07 -0.000209751
-5.89462e+07 -0.000209738
-5.89427e+07 -0.000209726
-5.89391e+07 -0.000209713
-5.89355e+07 -0.0002097
-5.89319e+07 -0.000209687
-5.89283e+07 -0.000209675
-5.89247e+07 -0.000209662
-5.89212e+07 -0.000209649
-5.89176e+07 -0.000209636
-5.8914e+07 -0.000209624
-5.89104e+07 -0.000209611
-5.89068e+07 -0.000209598
-5.89032e+07 -0.000209585
-5.88997e+07 -0.000209573
-5.88961e+07 -0.00020956
-5.88925e+07 -0.000209547
-5.88889e+07 -0.000209534
-5.88853e+07 -0.000209522
-5.88818e+07 -0.000209509
-5.88782e+07 -0.000209496
-5.88746e+07 -0.000209483
-5.8871e+07 -0.000209471
-5.88674e+07 -0.000209458
-5.88638e+07 -0.000209445
-5.88603e+07 -0.000209433
-5.88567e+07 -0.00020942
-5.88531e+07 -0.000209407
-5.88495e+07 -0.000209394
-5.88459e+07 -0.000209382
-5.88424e+07 -0.000209369
-5.88388e+07 -0.000209356
-5.88352e+07 -0.000209343
-5.88316e+07 -0.000209331
-5.8828e+07 -0.000209318
-5.88244e+07 -0.000209305
-5.88209e+07 -0.000209292
-5.88173e+07 -0.00020928
-5.88137e+07 -0.000209267
-5.88101e+07 -0.000209254
-5.88065e+07 -0.000209241
-5.8803e+07 -0.000209229
-5.87994e+07 -0.000209216
-5.87958e+07 -0.000209203
-5.87922e+07 -0.00020919
-5.87886e+07 -0.000209178
-5.8785e+07 -0.000209165
-5.87815e+07 -0.000209152
-5.87779e+07 -0.000209139
-5.87743e+07 -0.000209127
-5.87707e+07 -0.000209114
-5.87671e+07 -0.000209101
-5.87636e+07 -0.000209088
-5.876e+07 -0.000209076
-5.87564e+07 -0.000209063
-5.87528e+07 -0.00020905
-5.87492e+07 -0.000209037
-5.87457e+07 -0.000209025
-5.87421e+07 -0.000209012
-5.87385e+07 -0.000208999
-5.87349e+07 -0.000208986
-5.87313e+07 -0.000208974
-5.87277e+07 -0.000208961
-5.87242e+07 -0.000208948
-5.87206e+07 -0.000208936
-5.8717e+07 -0.000208923
-5.87134e+07 -0.00020891
-5.87098e+07 -0.000208897
-5.87063e+07 -0.000208885
-5.87027e+07 -0.000208872
-5.86991e+07 -0.000208859
-5.86955e+07 -0.000208846
-5.86919e+07 -0.000208834
-5.86884e+07 -0.000208821
-5.86848e+07 -0.000208808
-5.86812e+07 -0.000208795
-5.86776e+07 -0.000208783
-5.8674e+07 -0.00020877
-5.86705e+07 -0.000208757
-5.86669e+07 -0.000208744
-5.86633e+07 -0.000208732
-5.86597e+07 -0.000208719
-5.86561e+07 -0.000208706
-5.86525e+07 -0.000208693
-5.8649e+07 -0.000208681
-5.86454e+07 -0.000208668
-5.86418e+07 -0.000208655
-5.86382e+07 -0.000208642
-5.86346e+07 -0.00020863
-5.86311e+07 -0.000208617
-5.86275e+07 -0.000208604
-5.86239e+07 -0.000208592
-5.86203e+07 -0.000208579
-5.86167e+07 -0.000208566
-5.86132e+07 -0.000208553
-5.86096e+07 -0.000208541
-5.8606e+07 -0.000208528
-5.86024e+07 -0.000208515
-5.85988e+07 -0.000208502
-5.85953e+07 -0.00020849
-5.85917e+07 -0.000208477
-5.85881e+07 -0.000208464
-5.85845e+07 -0.000208451
-5.85809e+07 -0.000208439
-5.85774e+07 -0.000208426
-5.85738e+07 -0.000208413
-5.85702e+07 -0.0002084
-5.85666e+07 -0.000208388
-5.8563e+07 -0.000208375
-5.85595e+07 -0.000208362
-5.85559e+07 -0.000208349
-5.85523e+07 -0.000208337
-5.85487e+07 -0.000208324
-5.85451e+07 -0.000208311
-5.85416e+07 -0.000208299
-5.8538e+07 -0.000208286
-5.85344e+07 -0.000208273
-5.85308e+07 -0.00020826
-5.85272e+07 -0.000208248
-5.85237e+07 -0.000208235
-5.85201e+07 -0.000208222
-5.85165e+07 -0.000208209
-5.85129e+07 -0.000208197
-5.85093e+07 -0.000208184
-5.85058e+07 -0.000208171
-5.85022e+07 -0.000208158
-5.84986e+07 -0.000208146
-5.8495e+07 -0.000208133
-5.84914e+07 -0.00020812
-5.84879e+07 -0.000208107
-5.84843e+07 -0.000208095
-5.84807e+07 -0.000208082
-5.84771e+07 -0.000208069
-5.84735e+07 -0.000208057
-5.847e+07 -0.000208044
-5.84664e+07 -0.000208031
-5.84628e+07 -0.000208018
-5.84592e+07 -0.000208006
-5.84556e+07 -0.000207993
-5.84521e+07 -0.00020798
-5.84485e+07 -0.000207967
-5.84449e+07 -0.000207955
-5.84413e+07 -0.000207942
-5.84377e+07 -0.000207929
-5.84342e+07 -0.000207916
-5.84306e+07 -0.000207904
-5.8427e+07 -0.000207891
-5.84234e+07 -0.000207878
-5.84199e+07 -0.000207865
-5.84163e+07 -0.000207853
-5.84127e+07 -0.00020784
-5.84091e+07 -0.000207827
-5.84055e+07 -0.000207815
-5.8402e+07 -0.000207802
-5.83984e+07 -0.000207789
-5.83948e+07 -0.000207776
-5.83912e+07 -0.000207764
-5.83876e+07 -0.000207751
-5.83841e+07 -0.000207738
-5.83805e+07 -0.000207725
-5.83769e+07 -0.000207713
-5.83733e+07 -0.0002077
-5.83697e+07 -0.000207687
-5.83662e+07 -0.000207674
-5.83626e+07 -0.000207662
-5.8359e+07 -0.000207649
-5.83554e+07 -0.000207636
-5.83519e+07 -0.000207624
-5.83483e+07 -0.000207611
-5.83447e+07 -0.000207598
-5.83411e+07 -0.000207585
-5.83375e+07 -0.000207573
-5.8334e+07 -0.00020756
-5.83304e+07 -0.000207547
-5.83268e+07 -0.000207534
-5.83232e+07 -0.000207522
-5.83196e+07 -0.000207509
-5.83161e+07 -0.000207496
-5.83125e+07 -0.000207483
-5.83089e+07 -0.000207471
-5.83053e+07 -0.000207458
-5.83018e+07 -0.000207445
-5.82982e+07 -0.000207433
-5.82946e+07 -0.00020742
-5.8291e+07 -0.000207407
-5.82874e+07 -0.000207394
-5.82839e+07 -0.000207382
-5.82803e+07 -0.000207369
-5.82767e+07 -0.000207356
-5.82731e+07 -0.000207343
-5.82695e+07 -0.000207331
-5.8266e+07 -0.000207318
-5.82624e+07 -0.000207305
-5.82588e+07 -0.000207292
-5.82552e+07 -0.00020728
-5.82517e+07 -0.000207267
-5.82481e+07 -0.000207254
-5.82445e+07 -0.000207242
-5.82409e+07 -0.000207229
-5.82373e+07 -0.000207216
-5.82338e+07 -0.000207203
-5.82302e+07 -0.000207191
-5.82266e+07 -0.000207178
-5.8223e+07 -0.000207165
-5.82194e+07 -0.000207152
-5.82159e+07 -0.00020714
-5.82123e+07 -0.000207127
-5.82087e+07 -0.000207114
-5.82051e+07 -0.000207101
-5.82016e+07 -0.000207089
-5.8198e+07 -0.000207076
-5.81944e+07 -0.000207063
-5.81908e+07 -0.000207051
-5.81872e+07 -0.000207038
-5.81837e+07 -0.000207025
-5.81801e+07 -0.000207012
-5.81765e+07 -0.000207
-5.81729e+07 -0.000206987
-5.81694e+07 -0.000206974
-5.81658e+07 -0.000206961
-5.81622e+07 -0.000206949
-5.81586e+07 -0.000206936
-5.8155e+07 -0.000206923
-5.81515e+07 -0.000206911
-5.81479e+07 -0.000206898
-5.81443e+07 -0.000206885
-5.81407e+07 -0.000206872
-5.81372e+07 -0.00020686
-5.81336e+07 -0.000206847
-5.813e+07 -0.000206834
-5.81264e+07 -0.000206821
-5.81229e+07 -0.000206809
-5.81193e+07 -0.000206796
-5.81157e+07 -0.000206783
-5.81121e+07 -0.000206771
-5.81085e+07 -0.000206758
-5.8105e+07 -0.000206745
-5.81014e+07 -0.000206732
-5.80978e+07 -0.00020672
-5.80942e+07 -0.000206707
-5.80907e+07 -0.000206694
-5.80871e+07 -0.000206681
-5.80835e+07 -0.000206669
-5.80799e+07 -0.000206656
-5.80763e+07 -0.000206643
-5.80728e+07 -0.000206631
-5.80692e+07 -0.000206618
-5.80656e+07 -0.000206605
-5.8062e+07 -0.000206592
-5.80585e+07 -0.00020658
-5.80549e+07 -0.000206567
-5.80513e+07 -0.000206554
-5.80477e+07 -0.000206541
-5.80442e+07 -0.000206529
-5.80406e+07 -0.000206516
-5.8037e+07 -0.000206503
-5.80334e+07 -0.000206491
-5.80298e+07 -0.000206478
-5.80263e+07 -0.000206465
-5.80227e+07 -0.000206452
-5.80191e+07 -0.00020644
-5.80155e+07 -0.000206427
-5.8012e+07 -0.000206414
-5.80084e+07 -0.000206401
-5.80048e+07 -0.000206389
-5.80012e+07 -0.000206376
-5.79977e+07 -0.000206363
-5.79941e+07 -0.000206351
-5.79905e+07 -0.000206338
-5.79869e+07 -0.000206325
-5.79833e+07 -0.000206312
-5.79798e+07 -0.0002063
-5.79762e+07 -0.000206287
-5.79726e+07 -0.000206274
-5.7969e+07 -0.000206261
-5.79655e+07 -0.000206249
-5.79619e+07 -0.000206236
-5.79583e+07 -0.000206223
-5.79547e+07 -0.000206211
-5.79512e+07 -0.000206198
-5.79476e+07 -0.000206185
-5.7944e+07 -0.000206172
-5.79404e+07 -0.00020616
-5.79369e+07 -0.000206147
-5.79333e+07 -0.000206134
-5.79297e+07 -0.000206121
-5.79261e+07 -0.000206109
-5.79225e+07 -0.000206096
-5.7919e+07 -0.000206083
-5.79154e+07 -0.000206071
-5.79118e+07 -0.000206058
-5.79082e+07 -0.000206045
-5.79047e+07 -0.000206032
-5.79011e+07 -0.00020602
-5.78975e+07 -0.000206007
-5.78939e+07 -0.000205994
-5.78904e+07 -0.000205981
-5.78868e+07 -0.000205969
-5.78832e+07 -0.000205956
-5.78796e+07 -0.000205943
-5.78761e+07 -0.000205931
-5.78725e+07 -0.000205918
-5.78689e+07 -0.000205905
-5.78653e+07 -0.000205892
-5.78618e+07 -0.00020588
-5.78582e+07 -0.000205867
-5.78546e+07 -0.000205854
-5.7851e+07 -0.000205842
-5.78474e+07 -0.000205829
-5.78439e+07 -0.000205816
-5.78403e+07 -0.000205803
-5.78367e+07 -0.000205791
-5.78331e+07 -0.000205778
-5.78296e+07 -0.000205765
-5.7826e+07 -0.000205752
-5.78224e+07 -0.00020574
-5.78188e+07 -0.000205727
-5.78153e+07 -0.000205714
-5.78117e+07 -0.000205702
-5.78081e+07 -0.000205689
-5.78045e+07 -0.000205676
-5.7801e+07 -0.000205663
-5.77974e+07 -0.000205651
-5.77938e+07 -0.000205638
-5.77902e+07 -0.000205625
-5.77867e+07 -0.000205613
-5.77831e+07 -0.0002056
-5.77795e+07 -0.000205587
-5.77759e+07 -0.000205574
-5.77724e+07 -0.000205562
-5.77688e+07 -0.000205549
-5.77652e+07 -0.000205536
-5.77616e+07 -0.000205523
-5.77581e+07 -0.000205511
-5.77545e+07 -0.000205498
-5.77509e+07 -0.000205485
-5.77473e+07 -0.000205473
-5.77438e+07 -0.00020546
-5.77402e+07 -0.000205447
-5.77366e+07 -0.000205434
-5.7733e+07 -0.000205422
-5.77295e+07 -0.000205409
-5.77259e+07 -0.000205396
-5.77223e+07 -0.000205384
-5.77187e+07 -0.000205371
-5.77152e+07 -0.000205358
-5.77116e+07 -0.000205345
-5.7708e+07 -0.000205333
-5.77044e+07 -0.00020532
-5.77009e+07 -0.000205307
-5.76973e+07 -0.000205294
-5.76937e+07 -0.000205282
-5.76901e+07 -0.000205269
-5.76866e+07 -0.000205256
-5.7683e+07 -0.000205244
-5.76794e+07 -0.000205231
-5.76758e+07 -0.000205218
-5.76723e+07 -0.000205205
-5.76687e+07 -0.000205193
-5.76651e+07 -0.00020518
-5.76615e+07 -0.000205167
-5.7658e+07 -0.000205155
-5.76544e+07 -0.000205142
-5.76508e+07 -0.000205129
-5.76472e+07 -0.000205116
-5.76437e+07 -0.000205104
-5.76401e+07 -0.000205091
-5.76365e+07 -0.000205078
-5.76329e+07 -0.000205066
-5.76294e+07 -0.000205053
-5.76258e+07 -0.00020504
-5.76222e+07 -0.000205027
-5.76186e+07 -0.000205015
-5.76151e+07 -0.000205002
-5.76115e+07 -0.000204989
-5.76079e+07 -0.000204977
-5.76043e+07 -0.000204964
-5.76008e+07 -0.000204951
-5.75972e+07 -0.000204938
-5.75936e+07 -0.000204926
-5.759e+07 -0.000204913
-5.75865e+07 -0.0002049
-5.75829e+07 -0.000204887
-5.75793e+07 -0.000204875
-5.75757e+07 -0.000204862
-5.75722e+07 -0.000204849
-5.75686e+07 -0.000204837
-5.7565e+07 -0.000204824
-5.75615e+07 -0.000204811
-5.75579e+07 -0.000204798
-5.75543e+07 -0.000204786
-5.75507e+07 -0.000204773
-5.75472e+07 -0.00020476
-5.75436e+07 -0.000204748
-5.754e+07 -0.000204735
-5.75364e+07 -0.000204722
-5.75329e+07 -0.000204709
-5.75293e+07 -0.000204697
-5.75257e+07 -0.000204684
-5.75221e+07 -0.000204671
-5.75186e+07 -0.000204659
-5.7515e+07 -0.000204646
-5.75114e+07 -0.000204633
-5.75078e+07 -0.00020462
-5.75043e+07 -0.000204608
-5.75007e+07 -0.000204595
-5.74971e+07 -0.000204582
-5.74935e+07 -0.00020457
-5.749e+07 -0.000204557
-5.74864e+07 -0.000204544
-5.74828e+07 -0.000204531
-5.74793e+07 -0.000204519
-5.74757e+07 -0.000204506
-5.74721e+07 -0.000204493
-5.74685e+07 -0.000204481
-5.7465e+07 -0.000204468
-5.74614e+07 -0.000204455
-5.74578e+07 -0.000204442
-5.74542e+07 -0.00020443
-5.74507e+07 -0.000204417
-5.74471e+07 -0.000204404
-5.74435e+07 -0.000204392
-5.74399e+07 -0.000204379
-5.74364e+07 -0.000204366
-5.74328e+07 -0.000204353
-5.74292e+07 -0.000204341
-5.74257e+07 -0.000204328
-5.74221e+07 -0.000204315
-5.74185e+07 -0.000204303
-5.74149e+07 -0.00020429
-5.74114e+07 -0.000204277
-5.74078e+07 -0.000204264
-5.74042e+07 -0.000204252
-5.74006e+07 -0.000204239
-5.73971e+07 -0.000204226
-5.73935e+07 -0.000204214
-5.73899e+07 -0.000204201
-5.73863e+07 -0.000204188
-5.73828e+07 -0.000204175
-5.73792e+07 -0.000204163
-5.73756e+07 -0.00020415
-5.73721e+07 -0.000204137
-5.73685e+07 -0.000204125
-5.73649e+07 -0.000204112
-5.73613e+07 -0.000204099
-5.73578e+07 -0.000204086
-5.73542e+07 -0.000204074
-5.73506e+07 -0.000204061
-5.7347e+07 -0.000204048
-5.73435e+07 -0.000204036
-5.73399e+07 -0.000204023
-5.73363e+07 -0.00020401
-5.73328e+07 -0.000203997
-5.73292e+07 -0.000203985
-5.73256e+07 -0.000203972
-5.7322e+07 -0.000203959
-5.73185e+07 -0.000203947
-5.73149e+07 -0.000203934
-5.73113e+07 -0.000203921
-5.73077e+07 -0.000203908
-5.73042e+07 -0.000203896
-5.73006e+07 -0.000203883
-5.7297e+07 -0.00020387
-5.72935e+07 -0.000203858
-5.72899e+07 -0.000203845
-5.72863e+07 -0.000203832
-5.72827e+07 -0.000203819
-5.72792e+07 -0.000203807
-5.72756e+07 -0.000203794
-5.7272e+07 -0.000203781
-5.72684e+07 -0.000203769
-5.72649e+07 -0.000203756
-5.72613e+07 -0.000203743
-5.72577e+07 -0.000203731
-5.72542e+07 -0.000203718
-5.72506e+07 -0.000203705
-5.7247e+07 -0.000203692
-5.72434e+07 -0.00020368
-5.72399e+07 -0.000203667
-5.72363e+07 -0.000203654
-5.72327e+07 -0.000203642
-5.72292e+07 -0.000203629
-5.72256e+07 -0.000203616
-5.7222e+07 -0.000203603
-5.72184e+07 -0.000203591
-5.72149e+07 -0.000203578
-5.72113e+07 -0.000203565
-5.72077e+07 -0.000203553
-5.72041e+07 -0.00020354
-5.72006e+07 -0.000203527
-5.7197e+07 -0.000203514
-5.71934e+07 -0.000203502
-5.71899e+07 -0.000203489
-5.71863e+07 -0.000203476
-5.71827e+07 -0.000203464
-5.71791e+07 -0.000203451
-5.71756e+07 -0.000203438
-5.7172e+07 -0.000203425
-5.71684e+07 -0.000203413
-5.71649e+07 -0.0002034
-5.71613e+07 -0.000203387
-5.71577e+07 -0.000203375
-5.71541e+07 -0.000203362
-5.71506e+07 -0.000203349
-5.7147e+07 -0.000203337
-5.71434e+07 -0.000203324
-5.71399e+07 -0.000203311
-5.71363e+07 -0.000203298
-5.71327e+07 -0.000203286
-5.71291e+07 -0.000203273
-5.71256e+07 -0.00020326
-5.7122e+07 -0.000203248
-5.71184e+07 -0.000203235
-5.71149e+07 -0.000203222
-5.71113e+07 -0.000203209
-5.71077e+07 -0.000203197
-5.71041e+07 -0.000203184
-5.71006e+07 -0.000203171
-5.7097e+07 -0.000203159
-5.70934e+07 -0.000203146
-5.70899e+07 -0.000203133
-5.70863e+07 -0.00020312
-5.70827e+07 -0.000203108
-5.70791e+07 -0.000203095
-5.70756e+07 -0.000203082
-5.7072e+07 -0.00020307
-5.70684e+07 -0.000203057
-5.70649e+07 -0.000203044
-5.70613e+07 -0.000203032
-5.70577e+07 -0.000203019
-5.70541e+07 -0.000203006
-5.70506e+07 -0.000202993
-5.7047e+07 -0.000202981
-5.70434e+07 -0.000202968
-5.70399e+07 -0.000202955
-5.70363e+07 -0.000202943
-5.70327e+07 -0.00020293
-5.70291e+07 -0.000202917
-5.70256e+07 -0.000202904
-5.7022e+07 -0.000202892
-5.70184e+07 -0.000202879
-5.70149e+07 -0.000202866
-5.70113e+07 -0.000202854
-5.70077e+07 -0.000202841
-5.70042e+07 -0.000202828
-5.70006e+07 -0.000202816
-5.6997e+07 -0.000202803
-5.69934e+07 -0.00020279
-5.69899e+07 -0.000202777
-5.69863e+07 -0.000202765
-5.69827e+07 -0.000202752
-5.69792e+07 -0.000202739
-5.69756e+07 -0.000202727
-5.6972e+07 -0.000202714
-5.69684e+07 -0.000202701
-5.69649e+07 -0.000202688
-5.69613e+07 -0.000202676
-5.69577e+07 -0.000202663
-5.69542e+07 -0.00020265
-5.69506e+07 -0.000202638
-5.6947e+07 -0.000202625
-5.69435e+07 -0.000202612
-5.69399e+07 -0.0002026
-5.69363e+07 -0.000202587
-5.69327e+07 -0.000202574
-5.69292e+07 -0.000202561
-5.69256e+07 -0.000202549
-5.6922e+07 -0.000202536
-5.69185e+07 -0.000202523
-5.69149e+07 -0.000202511
-5.69113e+07 -0.000202498
-5.69078e+07 -0.000202485
-5.69042e+07 -0.000202473
-5.69006e+07 -0.00020246
-5.6897e+07 -0.000202447
-5.68935e+07 -0.000202434
-5.68899e+07 -0.000202422
-5.68863e+07 -0.000202409
-5.68828e+07 -0.000202396
-5.68792e+07 -0.000202384
-5.68756e+07 -0.000202371
-5.6872e+07 -0.000202358
-5.68685e+07 -0.000202345
-5.68649e+07 -0.000202333
-5.68613e+07 -0.00020232
-5.68578e+07 -0.000202307
-5.68542e+07 -0.000202295
-5.68506e+07 -0.000202282
-5.68471e+07 -0.000202269
-5.68435e+07 -0.000202257
-5.68399e+07 -0.000202244
-5.68363e+07 -0.000202231
-5.68328e+07 -0.000202218
-5.68292e+07 -0.000202206
-5.68256e+07 -0.000202193
-5.68221e+07 -0.00020218
-5.68185e+07 -0.000202168
-5.68149e+07 -0.000202155
-5.68114e+07 -0.000202142
-5.68078e+07 -0.00020213
-5.68042e+07 -0.000202117
-5.68007e+07 -0.000202104
-5.67971e+07 -0.000202091
-5.67935e+07 -0.000202079
-5.67899e+07 -0.000202066
-5.67864e+07 -0.000202053
-5.67828e+07 -0.000202041
-5.67792e+07 -0.000202028
-5.67757e+07 -0.000202015
-5.67721e+07 -0.000202003
-5.67685e+07 -0.00020199
-5.6765e+07 -0.000201977
-5.67614e+07 -0.000201964
-5.67578e+07 -0.000201952
-5.67543e+07 -0.000201939
-5.67507e+07 -0.000201926
-5.67471e+07 -0.000201914
-5.67435e+07 -0.000201901
-5.674e+07 -0.000201888
-5.67364e+07 -0.000201876
-5.67328e+07 -0.000201863
-5.67293e+07 -0.00020185
-5.67257e+07 -0.000201837
-5.67221e+07 -0.000201825
-5.67186e+07 -0.000201812
-5.6715e+07 -0.000201799
-5.67114e+07 -0.000201787
-5.67079e+07 -0.000201774
-5.67043e+07 -0.000201761
-5.67007e+07 -0.000201749
-5.66971e+07 -0.000201736
-5.66936e+07 -0.000201723
-5.669e+07 -0.00020171
-5.66864e+07 -0.000201698
-5.66829e+07 -0.000201685
-5.66793e+07 -0.000201672
-5.66757e+07 -0.00020166
-5.66722e+07 -0.000201647
-5.66686e+07 -0.000201634
-5.6665e+07 -0.000201622
-5.66615e+07 -0.000201609
-5.66579e+07 -0.000201596
-5.66543e+07 -0.000201583
-5.66508e+07 -0.000201571
-5.66472e+07 -0.000201558
-5.66436e+07 -0.000201545
-5.664e+07 -0.000201533
-5.66365e+07 -0.00020152
-5.66329e+07 -0.000201507
-5.66293e+07 -0.000201495
-5.66258e+07 -0.000201482
-5.66222e+07 -0.000201469
-5.66186e+07 -0.000201457
-5.66151e+07 -0.000201444
-5.66115e+07 -0.000201431
-5.66079e+07 -0.000201418
-5.66044e+07 -0.000201406
-5.66008e+07 -0.000201393
-5.65972e+07 -0.00020138
-5.65937e+07 -0.000201368
-5.65901e+07 -0.000201355
-5.65865e+07 -0.000201342
-5.6583e+07 -0.00020133
-5.65794e+07 -0.000201317
-5.65758e+07 -0.000201304
-5.65722e+07 -0.000201291
-5.65687e+07 -0.000201279
-5.65651e+07 -0.000201266
-5.65615e+07 -0.000201253
-5.6558e+07 -0.000201241
-5.65544e+07 -0.000201228
-5.65508e+07 -0.000201215
-5.65473e+07 -0.000201203
-5.65437e+07 -0.00020119
-5.65401e+07 -0.000201177
-5.65366e+07 -0.000201165
-5.6533e+07 -0.000201152
-5.65294e+07 -0.000201139
-5.65259e+07 -0.000201126
-5.65223e+07 -0.000201114
-5.65187e+07 -0.000201101
-5.65152e+07 -0.000201088
-5.65116e+07 -0.000201076
-5.6508e+07 -0.000201063
-5.65045e+07 -0.00020105
-5.65009e+07 -0.000201038
-5.64973e+07 -0.000201025
-5.64938e+07 -0.000201012
-5.64902e+07 -0.000200999
-5.64866e+07 -0.000200987
-5.6483e+07 -0.000200974
-5.64795e+07 -0.000200961
-5.64759e+07 -0.000200949
-5.64723e+07 -0.000200936
-5.64688e+07 -0.000200923
-5.64652e+07 -0.000200911
-5.64616e+07 -0.000200898
-5.64581e+07 -0.000200885
-5.64545e+07 -0.000200873
-5.64509e+07 -0.00020086
-5.64474e+07 -0.000200847
-5.64438e+07 -0.000200834
-5.64402e+07 -0.000200822
-5.64367e+07 -0.000200809
-5.64331e+07 -0.000200796
-5.64295e+07 -0.000200784
-5.6426e+07 -0.000200771
-5.64224e+07 -0.000200758
-5.64188e+07 -0.000200746
-5.64153e+07 -0.000200733
-5.64117e+07 -0.00020072
-5.64081e+07 -0.000200708
-5.64046e+07 -0.000200695
-5.6401e+07 -0.000200682
-5.63974e+07 -0.000200669
-5.63939e+07 -0.000200657
-5.63903e+07 -0.000200644
-5.63867e+07 -0.000200631
-5.63832e+07 -0.000200619
-5.63796e+07 -0.000200606
-5.6376e+07 -0.000200593
-5.63725e+07 -0.000200581
-5.63689e+07 -0.000200568
-5.63653e+07 -0.000200555
-5.63618e+07 -0.000200543
-5.63582e+07 -0.00020053
-5.63546e+07 -0.000200517
-5.63511e+07 -0.000200504
-5.63475e+07 -0.000200492
-5.63439e+07 -0.000200479
-5.63404e+07 -0.000200466
-5.63368e+07 -0.000200454
-5.63332e+07 -0.000200441
-5.63297e+07 -0.000200428
-5.63261e+07 -0.000200416
-5.63225e+07 -0.000200403
-5.6319e+07 -0.00020039
-5.63154e+07 -0.000200378
-5.63118e+07 -0.000200365
-5.63083e+07 -0.000200352
-5.63047e+07 -0.000200339
-5.63011e+07 -0.000200327
-5.62976e+07 -0.000200314
-5.6294e+07 -0.000200301
-5.62841e+07 -0.000200266
-5.62578e+07 -0.000200173
-5.62314e+07 -0.000200079
-5.62051e+07 -0.000199985
-5.61788e+07 -0.000199891
-5.61524e+07 -0.000199798
-5.61261e+07 -0.000199704
-5.60998e+07 -0.00019961
-5.60734e+07 -0.000199517
-5.60471e+07 -0.000199423
-5.60208e+07 -0.000199329
-5.59944e+07 -0.000199236
-5.59681e+07 -0.000199142
-5.59418e+07 -0.000199048
-5.59154e+07 -0.000198954
-5.58891e+07 -0.000198861
-5.58628e+07 -0.000198767
-5.58364e+07 -0.000198673
-5.58101e+07 -0.00019858
-5.57838e+07 -0.000198486
-5.57574e+07 -0.000198392
-5.57311e+07 -0.000198299
-5.57048e+07 -0.000198205
-5.56784e+07 -0.000198111
-5.56521e+07 -0.000198017
-5.56258e+07 -0.000197924
-5.55994e+07 -0.00019783
-5.55731e+07 -0.000197736
-5.55468e+07 -0.000197643
-5.55204e+07 -0.000197549
-5.54941e+07 -0.000197455
-5.54678e+07 -0.000197362
-5.54414e+07 -0.000197268
-5.54151e+07 -0.000197174
-5.53888e+07 -0.00019708
-5.53624e+07 -0.000196987
-5.53361e+07 -0.000196893
-5.53098e+07 -0.000196799
-5.52834e+07 -0.000196706
-5.52571e+07 -0.000196612
-5.52308e+07 -0.000196518
-5.52044e+07 -0.000196425
-5.51781e+07 -0.000196331
-5.51518e+07 -0.000196237
-5.51255e+07 -0.000196144
-5.50991e+07 -0.00019605
-5.50728e+07 -0.000195956
-5.50465e+07 -0.000195862
-5.50201e+07 -0.000195769
-5.49938e+07 -0.000195675
-5.49675e+07 -0.000195581
-5.49411e+07 -0.000195488
-5.49148e+07 -0.000195394
-5.48885e+07 -0.0001953
-5.48621e+07 -0.000195207
-5.48358e+07 -0.000195113
-5.48095e+07 -0.000195019
-5.47831e+07 -0.000194926
-5.47568e+07 -0.000194832
-5.47305e+07 -0.000194738
-5.47042e+07 -0.000194645
-5.46778e+07 -0.000194551
-5.46515e+07 -0.000194457
-5.46252e+07 -0.000194363
-5.45885e+07 -0.000194233
-5.45507e+07 -0.000194099
-5.4513e+07 -0.000193964
-5.44752e+07 -0.00019383
-5.44374e+07 -0.000193695
-5.43996e+07 -0.000193561
-5.43618e+07 -0.000193427
-5.43241e+07 -0.000193292
-5.42863e+07 -0.000193158
-5.42485e+07 -0.000193023
-5.42107e+07 -0.000192889
-5.41729e+07 -0.000192754
-5.41351e+07 -0.00019262
-5.40974e+07 -0.000192485
-5.40596e+07 -0.000192351
-5.40218e+07 -0.000192217
-5.3984e+07 -0.000192082
-5.39462e+07 -0.000191948
-5.39085e+07 -0.000191813
-5.38707e+07 -0.000191679
-5.38329e+07 -0.000191544
-5.37951e+07 -0.00019141
-5.37573e+07 -0.000191276
-5.37195e+07 -0.000191141
-5.36818e+07 -0.000191007
-5.3644e+07 -0.000190872
-5.36062e+07 -0.000190738
-5.35684e+07 -0.000190603
-5.35306e+07 -0.000190469
-5.34929e+07 -0.000190335
-5.34551e+07 -0.0001902
-5.34173e+07 -0.000190066
-5.33795e+07 -0.000189931
-5.33417e+07 -0.000189797
-5.33039e+07 -0.000189662
-5.32662e+07 -0.000189528
-5.32284e+07 -0.000189394
-5.31906e+07 -0.000189259
-5.31528e+07 -0.000189125
-5.3115e+07 -0.00018899
-5.30773e+07 -0.000188856
-5.30395e+07 -0.000188721
-5.30017e+07 -0.000188587
-5.29639e+07 -0.000188453
-5.29261e+07 -0.000188318
-5.28884e+07 -0.000188184
-5.28506e+07 -0.000188049
-5.28128e+07 -0.000187915
-5.2775e+07 -0.00018778
-5.27372e+07 -0.000187646
-5.26995e+07 -0.000187512
-5.26617e+07 -0.000187377
-5.26239e+07 -0.000187243
-5.25861e+07 -0.000187108
-5.25483e+07 -0.000186974
-5.25106e+07 -0.000186839
-5.24728e+07 -0.000186705
-5.2435e+07 -0.000186571
-5.23972e+07 -0.000186436
-5.23594e+07 -0.000186302
-5.23216e+07 -0.000186167
-5.22839e+07 -0.000186033
-5.22461e+07 -0.000185898
-5.22083e+07 -0.000185764
-5.21705e+07 -0.00018563
-5.21327e+07 -0.000185495
-5.2095e+07 -0.000185361
-5.20572e+07 -0.000185226
-5.20194e+07 -0.000185092
-5.19816e+07 -0.000184957
-5.19438e+07 -0.000184823
-5.19061e+07 -0.000184689
-5.18683e+07 -0.000184554
-5.18305e+07 -0.00018442
-5.17927e+07 -0.000184285
-5.1755e+07 -0.000184151
-5.17172e+07 -0.000184016
-5.16794e+07 -0.000183882
-5.16416e+07 -0.000183748
-5.16038e+07 -0.000183613
-5.15661e+07 -0.000183479
-5.15283e+07 -0.000183344
-5.14905e+07 -0.00018321
-5.14527e+07 -0.000183075
-5.14149e+07 -0.000182941
-5.13772e+07 -0.000182807
-5.13394e+07 -0.000182672
-5.13016e+07 -0.000182538
-5.12638e+07 -0.000182403
-5.1226e+07 -0.000182269
-5.11883e+07 -0.000182135
-5.11505e+07 -0.000182
-5.11127e+07 -0.000181866
-5.10749e+07 -0.000181731
-5.10371e+07 -0.000181597
-5.09994e+07 -0.000181462
-5.09616e+07 -0.000181328
-5.09238e+07 -0.000181194
-5.0886e+07 -0.000181059
-5.08482e+07 -0.000180925
-5.08105e+07 -0.00018079
-5.07727e+07 -0.000180656
-5.07349e+07 -0.000180521
-5.06971e+07 -0.000180387
-5.06594e+07 -0.000180253
-5.06216e+07 -0.000180118
-5.05838e+07 -0.000179984
-5.0546e+07 -0.000179849
-5.05082e+07 -0.000179715
-5.04705e+07 -0.000179581
-5.04327e+07 -0.000179446
-5.03949e+07 -0.000179312
-5.03571e+07 -0.000179177
-5.03194e+07 -0.000179043
-5.02816e+07 -0.000178908
-5.02438e+07 -0.000178774
-5.0206e+07 -0.00017864
-5.01682e+07 -0.000178505
-5.01305e+07 -0.000178371
-5.00927e+07 -0.000178236
-5.00549e+07 -0.000178102
-5.00171e+07 -0.000177967
-4.99794e+07 -0.000177833
-4.99416e+07 -0.000177699
-4.99038e+07 -0.000177564
-4.9866e+07 -0.00017743
-4.98282e+07 -0.000177295
-4.97905e+07 -0.000177161
-4.97527e+07 -0.000177027
-4.97149e+07 -0.000176892
-4.96771e+07 -0.000176758
-4.96394e+07 -0.000176623
-4.96016e+07 -0.000176489
-4.95638e+07 -0.000176354
-4.9526e+07 -0.00017622
-4.94882e+07 -0.000176086
-4.94505e+07 -0.000175951
-4.94127e+07 -0.000175817
-4.93749e+07 -0.000175682
-4.93371e+07 -0.000175548
-4.92994e+07 -0.000175414
-4.92616e+07 -0.000175279
-4.92238e+07 -0.000175145
-4.9186e+07 -0.00017501
-4.91482e+07 -0.000174876
-4.91105e+07 -0.000174741
-4.90727e+07 -0.000174607
-4.90349e+07 -0.000174473
-4.89971e+07 -0.000174338
-4.89594e+07 -0.000174204
-4.89216e+07 -0.000174069
-4.88838e+07 -0.000173935
-4.8846e+07 -0.000173801
-4.88083e+07 -0.000173666
-4.87705e+07 -0.000173532
-4.87327e+07 -0.000173397
-4.86949e+07 -0.000173263
-4.86571e+07 -0.000173129
-4.86194e+07 -0.000172994
-4.85816e+07 -0.00017286
-4.85438e+07 -0.000172725
-4.8506e+07 -0.000172591
-4.84683e+07 -0.000172456
-4.84305e+07 -0.000172322
-4.83927e+07 -0.000172188
-4.83549e+07 -0.000172053
-4.83172e+07 -0.000171919
-4.82794e+07 -0.000171784
-4.82416e+07 -0.00017165
-4.82038e+07 -0.000171516
-4.81661e+07 -0.000171381
-4.81283e+07 -0.000171247
-4.80905e+07 -0.000171112
-4.80527e+07 -0.000170978
-4.8015e+07 -0.000170843
-4.79772e+07 -0.000170709
-4.79394e+07 -0.000170575
-4.79016e+07 -0.00017044
-4.78638e+07 -0.000170306
-4.78261e+07 -0.000170171
-4.77883e+07 -0.000170037
-4.77505e+07 -0.000169903
-4.77127e+07 -0.000169768
-4.7675e+07 -0.000169634
-4.76372e+07 -0.000169499
-4.75994e+07 -0.000169365
-4.75616e+07 -0.000169231
-4.75239e+07 -0.000169096
-4.74861e+07 -0.000168962
-4.74483e+07 -0.000168827
-4.74105e+07 -0.000168693
-4.73728e+07 -0.000168559
-4.7335e+07 -0.000168424
-4.72972e+07 -0.00016829
-4.72594e+07 -0.000168155
-4.72217e+07 -0.000168021
-4.71839e+07 -0.000167886
-4.71461e+07 -0.000167752
-4.71083e+07 -0.000167618
-4.70706e+07 -0.000167483
-4.70328e+07 -0.000167349
-4.6995e+07 -0.000167214
-4.69572e+07 -0.00016708
-4.69195e+07 -0.000166946
-4.68817e+07 -0.000166811
-4.68439e+07 -0.000166677
-4.68061e+07 -0.000166542
-4.67684e+07 -0.000166408
-4.67306e+07 -0.000166274
-4.66928e+07 -0.000166139
-4.6655e+07 -0.000166005
-4.66173e+07 -0.00016587
-4.65795e+07 -0.000165736
-4.65417e+07 -0.000165602
-4.65039e+07 -0.000165467
-4.64662e+07 -0.000165333
-4.64284e+07 -0.000165198
-4.63906e+07 -0.000165064
-4.63529e+07 -0.00016493
-4.63151e+07 -0.000164795
-4.62773e+07 -0.000164661
-4.62395e+07 -0.000164526
-4.62018e+07 -0.000164392
-4.6164e+07 -0.000164257
-4.61262e+07 -0.000164123
-4.60884e+07 -0.000163989
-4.60507e+07 -0.000163854
-4.60129e+07 -0.00016372
-4.59751e+07 -0.000163585
-4.59373e+07 -0.000163451
-4.58996e+07 -0.000163317
-4.58618e+07 -0.000163182
-4.5824e+07 -0.000163048
-4.57862e+07 -0.000162913
-4.57485e+07 -0.000162779
-4.57107e+07 -0.000162645
-4.56729e+07 -0.00016251
-4.56352e+07 -0.000162376
-4.55974e+07 -0.000162241
-4.55596e+07 -0.000162107
-4.55218e+07 -0.000161973
-4.54841e+07 -0.000161838
-4.54463e+07 -0.000161704
-4.54085e+07 -0.000161569
-4.53707e+07 -0.000161435
-4.5333e+07 -0.000161301
-4.52952e+07 -0.000161166
-4.52574e+07 -0.000161032
-4.52196e+07 -0.000160897
-4.51819e+07 -0.000160763
-4.51441e+07 -0.000160629
-4.51063e+07 -0.000160494
-4.50686e+07 -0.00016036
-4.50308e+07 -0.000160225
-4.4993e+07 -0.000160091
-4.49552e+07 -0.000159957
-4.49175e+07 -0.000159822
-4.48797e+07 -0.000159688
-4.48419e+07 -0.000159553
-4.48041e+07 -0.000159419
-4.47664e+07 -0.000159285
-4.47286e+07 -0.00015915
-4.46908e+07 -0.000159016
-4.46531e+07 -0.000158881
-4.46153e+07 -0.000158747
-4.45775e+07 -0.000158613
-4.45397e+07 -0.000158478
-4.4502e+07 -0.000158344
-4.44642e+07 -0.000158209
-4.44264e+07 -0.000158075
-4.43886e+07 -0.000157941
-4.43509e+07 -0.000157806
-4.43131e+07 -0.000157672
-4.42753e+07 -0.000157537
-4.42376e+07 -0.000157403
-4.41998e+07 -0.000157269
-4.4162e+07 -0.000157134
-4.41242e+07 -0.000157
-4.40865e+07 -0.000156865
-4.40487e+07 -0.000156731
-4.40109e+07 -0.000156597
-4.39732e+07 -0.000156462
-4.39354e+07 -0.000156328
-4.38976e+07 -0.000156193
-4.38598e+07 -0.000156059
-4.38221e+07 -0.000155925
-4.37843e+07 -0.00015579
-4.37465e+07 -0.000155656
-4.37088e+07 -0.000155521
-4.3671e+07 -0.000155387
-4.36332e+07 -0.000155253
-4.35954e+07 -0.000155118
-4.35577e+07 -0.000154984
-4.35199e+07 -0.000154849
-4.34821e+07 -0.000154715
-4.34444e+07 -0.000154581
-4.34066e+07 -0.000154446
-4.33688e+07 -0.000154312
-4.3331e+07 -0.000154178
-4.32933e+07 -0.000154043
-4.32555e+07 -0.000153909
-4.32177e+07 -0.000153774
-4.318e+07 -0.00015364
-4.31422e+07 -0.000153506
-4.31044e+07 -0.000153371
-4.30666e+07 -0.000153237
-4.30289e+07 -0.000153102
-4.29911e+07 -0.000152968
-4.29533e+07 -0.000152834
-4.29156e+07 -0.000152699
-4.28778e+07 -0.000152565
-4.284e+07 -0.00015243
-4.28022e+07 -0.000152296
-4.27645e+07 -0.000152162
-4.27267e+07 -0.000152027
-4.26889e+07 -0.000151893
-4.26512e+07 -0.000151758
-4.26134e+07 -0.000151624
-4.25756e+07 -0.00015149
-4.25379e+07 -0.000151355
-4.25001e+07 -0.000151221
-4.24623e+07 -0.000151086
-4.24245e+07 -0.000150952
-4.23868e+07 -0.000150818
-4.2349e+07 -0.000150683
-4.23112e+07 -0.000150549
-4.22735e+07 -0.000150415
-4.22357e+07 -0.00015028
-4.21979e+07 -0.000150146
-4.21602e+07 -0.000150011
-4.21224e+07 -0.000149877
-4.20846e+07 -0.000149743
-4.20468e+07 -0.000149608
-4.20091e+07 -0.000149474
-4.19713e+07 -0.000149339
-4.19335e+07 -0.000149205
-4.18958e+07 -0.000149071
-4.1858e+07 -0.000148936
-4.18202e+07 -0.000148802
-4.17825e+07 -0.000148667
-4.17447e+07 -0.000148533
-4.17069e+07 -0.000148399
-4.16691e+07 -0.000148264
-4.16314e+07 -0.00014813
-4.15936e+07 -0.000147995
-4.15558e+07 -0.000147861
-4.15181e+07 -0.000147727
-4.14803e+07 -0.000147592
-4.14425e+07 -0.000147458
-4.14048e+07 -0.000147324
-4.1367e+07 -0.000147189
-4.13292e+07 -0.000147055
-4.12915e+07 -0.00014692
-4.12537e+07 -0.000146786
-4.12159e+07 -0.000146652
-4.11781e+07 -0.000146517
-4.11404e+07 -0.000146383
-4.11026e+07 -0.000146248
-4.10648e+07 -0.000146114
-4.10271e+07 -0.00014598
-4.09893e+07 -0.000145845
-4.09515e+07 -0.000145711
-4.09138e+07 -0.000145577
-4.0876e+07 -0.000145442
-4.08382e+07 -0.000145308
-4.08005e+07 -0.000145173
-4.07627e+07 -0.000145039
-4.07249e+07 -0.000144905
-4.06872e+07 -0.00014477
-4.06494e+07 -0.000144636
-4.06116e+07 -0.000144501
-4.05738e+07 -0.000144367
-4.05361e+07 -0.000144233
-4.04983e+07 -0.000144098
-4.04605e+07 -0.000143964
-4.04228e+07 -0.00014383
-4.0385e+07 -0.000143695
-4.03472e+07 -0.000143561
-4.03095e+07 -0.000143426
-4.02717e+07 -0.000143292
-4.02339e+07 -0.000143158
-4.01962e+07 -0.000143023
-4.01584e+07 -0.000142889
-4.01206e+07 -0.000142754
-4.00829e+07 -0.00014262
-4.00451e+07 -0.000142486
-4.00073e+07 -0.000142351
-3.99696e+07 -0.000142217
-3.99318e+07 -0.000142083
-3.9894e+07 -0.000141948
-3.98563e+07 -0.000141814
-3.98185e+07 -0.000141679
-3.97807e+07 -0.000141545
-3.9743e+07 -0.000141411
-3.97052e+07 -0.000141276
-3.96674e+07 -0.000141142
-3.96297e+07 -0.000141007
-3.95919e+07 -0.000140873
-3.95541e+07 -0.000140739
-3.95163e+07 -0.000140604
-3.94786e+07 -0.00014047
-3.94408e+07 -0.000140336
-3.9403e+07 -0.000140201
-3.93653e+07 -0.000140067
-3.93275e+07 -0.000139932
-3.92897e+07 -0.000139798
-3.9252e+07 -0.000139664
-3.92142e+07 -0.000139529
-3.91764e+07 -0.000139395
-3.91387e+07 -0.000139261
-3.91009e+07 -0.000139126
-3.90631e+07 -0.000138992
-3.90254e+07 -0.000138857
-3.89876e+07 -0.000138723
-3.89498e+07 -0.000138589
-3.89121e+07 -0.000138454
-3.88743e+07 -0.00013832
-3.88365e+07 -0.000138186
-3.87988e+07 -0.000138051
-3.8761e+07 -0.000137917
-3.87232e+07 -0.000137782
-3.86855e+07 -0.000137648
-3.86477e+07 -0.000137514
-3.86099e+07 -0.000137379
-3.85722e+07 -0.000137245
-3.85344e+07 -0.00013711
-3.84966e+07 -0.000136976
-3.84589e+07 -0.000136842
-3.84211e+07 -0.000136707
-3.83833e+07 -0.000136573
-3.83456e+07 -0.000136439
-3.83078e+07 -0.000136304
-3.827e+07 -0.00013617
-3.82323e+07 -0.000136035
-3.81945e+07 -0.000135901
-3.81568e+07 -0.000135767
-3.8119e+07 -0.000135632
-3.80812e+07 -0.000135498
-3.80435e+07 -0.000135364
-3.80057e+07 -0.000135229
-3.79679e+07 -0.000135095
-3.79302e+07 -0.00013496
-3.78924e+07 -0.000134826
-3.78546e+07 -0.000134692
-3.78169e+07 -0.000134557
-3.77791e+07 -0.000134423
-3.77413e+07 -0.000134289
-3.77036e+07 -0.000134154
-3.76658e+07 -0.00013402
-3.7628e+07 -0.000133885
-3.75903e+07 -0.000133751
-3.75525e+07 -0.000133617
-3.75147e+07 -0.000133482
-3.7477e+07 -0.000133348
-3.74392e+07 -0.000133214
-3.74014e+07 -0.000133079
-3.73637e+07 -0.000132945
-3.73259e+07 -0.00013281
-3.72881e+07 -0.000132676
-3.72504e+07 -0.000132542
-3.72126e+07 -0.000132407
-3.71748e+07 -0.000132273
-3.71371e+07 -0.000132139
-3.70993e+07 -0.000132004
-3.70616e+07 -0.00013187
-3.70238e+07 -0.000131735
-3.6986e+07 -0.000131601
-3.69483e+07 -0.000131467
-3.69105e+07 -0.000131332
-3.68727e+07 -0.000131198
-3.6835e+07 -0.000131064
-3.67972e+07 -0.000130929
-3.67594e+07 -0.000130795
-3.67217e+07 -0.000130661
-3.66839e+07 -0.000130526
-3.66461e+07 -0.000130392
-3.66084e+07 -0.000130257
-3.65706e+07 -0.000130123
-3.65329e+07 -0.000129989
-3.64951e+07 -0.000129854
-3.64573e+07 -0.00012972
-3.64196e+07 -0.000129586
-3.63818e+07 -0.000129451
-3.6344e+07 -0.000129317
-3.63063e+07 -0.000129182
-3.62685e+07 -0.000129048
-3.62307e+07 -0.000128914
-3.6193e+07 -0.000128779
-3.61552e+07 -0.000128645
-3.61174e+07 -0.000128511
-3.60797e+07 -0.000128376
-3.60419e+07 -0.000128242
-3.60042e+07 -0.000128107
-3.59664e+07 -0.000127973
-3.59286e+07 -0.000127839
-3.58909e+07 -0.000127704
-3.58531e+07 -0.00012757
-3.58153e+07 -0.000127436
-3.57776e+07 -0.000127301
-3.57398e+07 -0.000127167
-3.5702e+07 -0.000127033
-3.56643e+07 -0.000126898
-3.56265e+07 -0.000126764
-3.55888e+07 -0.000126629
-3.5551e+07 -0.000126495
-3.55132e+07 -0.000126361
-3.54755e+07 -0.000126226
-3.54377e+07 -0.000126092
-3.53999e+07 -0.000125958
-3.53622e+07 -0.000125823
-3.53244e+07 -0.000125689
-3.52867e+07 -0.000125555
-3.52489e+07 -0.00012542
-3.52111e+07 -0.000125286
-3.51734e+07 -0.000125151
-3.51356e+07 -0.000125017
-3.50978e+07 -0.000124883
-3.50601e+07 -0.000124748
-3.50223e+07 -0.000124614
-3.49845e+07 -0.00012448
-3.49468e+07 -0.000124345
-3.4909e+07 -0.000124211
-3.48713e+07 -0.000124077
-3.48335e+07 -0.000123942
-3.47957e+07 -0.000123808
-3.4758e+07 -0.000123673
-3.47202e+07 -0.000123539
-3.46824e+07 -0.000123405
-3.46447e+07 -0.00012327
-3.46069e+07 -0.000123136
-3.45692e+07 -0.000123002
-3.45314e+07 -0.000122867
-3.44936e+07 -0.000122733
-3.44559e+07 -0.000122599
-3.44181e+07 -0.000122464
-3.43803e+07 -0.00012233
-3.43426e+07 -0.000122195
-3.43048e+07 -0.000122061
-3.42671e+07 -0.000121927
-3.42293e+07 -0.000121792
-3.41915e+07 -0.000121658
-3.41538e+07 -0.000121524
-3.4116e+07 -0.000121389
-3.40783e+07 -0.000121255
-3.40405e+07 -0.000121121
-3.40027e+07 -0.000120986
-3.3965e+07 -0.000120852
-3.39272e+07 -0.000120717
-3.38894e+07 -0.000120583
-3.38517e+07 -0.000120449
-3.38139e+07 -0.000120314
-3.37762e+07 -0.00012018
-3.37384e+07 -0.000120046
-3.37006e+07 -0.000119911
-3.36629e+07 -0.000119777
-3.36251e+07 -0.000119643
-3.35874e+07 -0.000119508
-3.35496e+07 -0.000119374
-3.35118e+07 -0.000119239
-3.34741e+07 -0.000119105
-3.34363e+07 -0.000118971
-3.33985e+07 -0.000118836
-3.33608e+07 -0.000118702
-3.3323e+07 -0.000118568
-3.32853e+07 -0.000118433
-3.32475e+07 -0.000118299
-3.32097e+07 -0.000118165
-3.3172e+07 -0.00011803
-3.31342e+07 -0.000117896
-3.30965e+07 -0.000117762
-3.30587e+07 -0.000117627
-3.30209e+07 -0.000117493
-3.29832e+07 -0.000117358
-3.29454e+07 -0.000117224
-3.29077e+07 -0.00011709
-3.28699e+07 -0.000116955
-3.28321e+07 -0.000116821
-3.27944e+07 -0.000116687
-3.27566e+07 -0.000116552
-3.27189e+07 -0.000116418
-3.26811e+07 -0.000116284
-3.26433e+07 -0.000116149
-3.26056e+07 -0.000116015
-3.25678e+07 -0.000115881
-3.25301e+07 -0.000115746
-3.24923e+07 -0.000115612
-3.24545e+07 -0.000115477
-3.24168e+07 -0.000115343
-3.2379e+07 -0.000115209
-3.23412e+07 -0.000115074
-3.23035e+07 -0.00011494
-3.22657e+07 -0.000114806
-3.2228e+07 -0.000114671
-3.21902e+07 -0.000114537
-3.21524e+07 -0.000114403
-3.21147e+07 -0.000114268
-3.20769e+07 -0.000114134
-3.20392e+07 -0.000114
-3.20014e+07 -0.000113865
-3.19637e+07 -0.000113731
-3.19259e+07 -0.000113597
-3.18881e+07 -0.000113462
-3.18504e+07 -0.000113328
-3.18126e+07 -0.000113193
-3.17749e+07 -0.000113059
-3.17371e+07 -0.000112925
-3.16993e+07 -0.00011279
-3.16616e+07 -0.000112656
-3.16238e+07 -0.000112522
-3.15861e+07 -0.000112387
-3.15483e+07 -0.000112253
-3.15105e+07 -0.000112119
-3.14728e+07 -0.000111984
-3.1435e+07 -0.00011185
-3.13973e+07 -0.000111716
-3.13595e+07 -0.000111581
-3.13217e+07 -0.000111447
-3.1284e+07 -0.000111313
-3.12462e+07 -0.000111178
-3.12085e+07 -0.000111044
-3.11707e+07 -0.000110909
-3.11329e+07 -0.000110775
-3.10952e+07 -0.000110641
-3.10574e+07 -0.000110506
-3.10197e+07 -0.000110372
-3.09819e+07 -0.000110238
-3.09442e+07 -0.000110103
-3.09064e+07 -0.000109969
-3.08686e+07 -0.000109835
-3.08309e+07 -0.0001097
-3.07931e+07 -0.000109566
-3.07554e+07 -0.000109432
-3.07176e+07 -0.000109297
-3.06798e+07 -0.000109163
-3.06421e+07 -0.000109029
-3.06043e+07 -0.000108894
-3.05666e+07 -0.00010876
-3.05288e+07 -0.000108626
-3.04911e+07 -0.000108491
-3.04533e+07 -0.000108357
-3.04155e+07 -0.000108222
-3.03778e+07 -0.000108088
-3.034e+07 -0.000107954
-3.03023e+07 -0.000107819
-3.02645e+07 -0.000107685
-3.02267e+07 -0.000107551
-3.0189e+07 -0.000107416
-3.01512e+07 -0.000107282
-3.01135e+07 -0.000107148
-3.00757e+07 -0.000107013
-3.0038e+07 -0.000106879
-3.00002e+07 -0.000106745
-2.99624e+07 -0.00010661
-2.99247e+07 -0.000106476
-2.98869e+07 -0.000106342
-2.98492e+07 -0.000106207
-2.98114e+07 -0.000106073
-2.97737e+07 -0.000105939
-2.97359e+07 -0.000105804
-2.96981e+07 -0.00010567
-2.96604e+07 -0.000105536
-2.96226e+07 -0.000105401
-2.95849e+07 -0.000105267
-2.95471e+07 -0.000105132
-2.95094e+07 -0.000104998
-2.94716e+07 -0.000104864
-2.94338e+07 -0.000104729
-2.93961e+07 -0.000104595
-2.93583e+07 -0.000104461
-2.93206e+07 -0.000104326
-2.92828e+07 -0.000104192
-2.92451e+07 -0.000104058
-2.92073e+07 -0.000103923
-2.91695e+07 -0.000103789
-2.91318e+07 -0.000103655
-2.9094e+07 -0.00010352
-2.90563e+07 -0.000103386
-2.90185e+07 -0.000103252
-2.89808e+07 -0.000103117
-2.8943e+07 -0.000102983
-2.89052e+07 -0.000102849
-2.88675e+07 -0.000102714
-2.88297e+07 -0.00010258
-2.8792e+07 -0.000102446
-2.87542e+07 -0.000102311
-2.87165e+07 -0.000102177
-2.86787e+07 -0.000102043
-2.86409e+07 -0.000101908
-2.86032e+07 -0.000101774
-2.85654e+07 -0.00010164
-2.85277e+07 -0.000101505
-2.84899e+07 -0.000101371
-2.84522e+07 -0.000101237
-2.84144e+07 -0.000101102
-2.83767e+07 -0.000100968
-2.83389e+07 -0.000100834
-2.83011e+07 -0.000100699
-2.82634e+07 -0.000100565
-2.82256e+07 -0.00010043
-2.81879e+07 -0.000100296
-2.81501e+07 -0.000100162
-2.81124e+07 -0.000100027
-2.80746e+07 -9.98931e-05
-2.80369e+07 -9.97588e-05
-2.79991e+07 -9.96244e-05
-2.79613e+07 -9.94901e-05
-2.79236e+07 -9.93558e-05
-2.78858e+07 -9.92214e-05
-2.78481e+07 -9.90871e-05
-2.78103e+07 -9.89527e-05
-2.77726e+07 -9.88184e-05
-2.77348e+07 -9.86841e-05
-2.7697e+07 -9.85497e-05
-2.76593e+07 -9.84154e-05
-2.76215e+07 -9.82811e-05
-2.75838e+07 -9.81467e-05
-2.7546e+07 -9.80124e-05
-2.75083e+07 -9.7878e-05
-2.74705e+07 -9.77437e-05
-2.74328e+07 -9.76094e-05
-2.7395e+07 -9.7475e-05
-2.73573e+07 -9.73407e-05
-2.73195e+07 -9.72064e-05
-2.72817e+07 -9.7072e-05
-2.7244e+07 -9.69377e-05
-2.72062e+07 -9.68033e-05
-2.71685e+07 -9.6669e-05
-2.71307e+07 -9.65347e-05
-2.7093e+07 -9.64003e-05
-2.70552e+07 -9.6266e-05
-2.70175e+07 -9.61317e-05
-2.69797e+07 -9.59973e-05
-2.6942e+07 -9.5863e-05
-2.69042e+07 -9.57287e-05
-2.68664e+07 -9.55943e-05
-2.68287e+07 -9.546e-05
-2.67909e+07 -9.53256e-05
-2.67532e+07 -9.51913e-05
-2.67154e+07 -9.5057e-05
-2.66777e+07 -9.49226e-05
-2.66399e+07 -9.47883e-05
-2.66022e+07 -9.4654e-05
-2.65644e+07 -9.45196e-05
-2.65267e+07 -9.43853e-05
-2.64889e+07 -9.4251e-05
-2.64511e+07 -9.41166e-05
-2.64134e+07 -9.39823e-05
-2.63756e+07 -9.3848e-05
-2.63379e+07 -9.37136e-05
-2.63001e+07 -9.35793e-05
-2.62624e+07 -9.3445e-05
-2.62246e+07 -9.33106e-05
-2.61869e+07 -9.31763e-05
-2.61491e+07 -9.3042e-05
-2.61114e+07 -9.29076e-05
-2.60736e+07 -9.27733e-05
-2.60359e+07 -9.2639e-05
-2.59981e+07 -9.25046e-05
-2.59603e+07 -9.23703e-05
-2.59226e+07 -9.2236e-05
-2.58848e+07 -9.21016e-05
-2.58471e+07 -9.19673e-05
-2.58093e+07 -9.1833e-05
-2.57716e+07 -9.16986e-05
-2.57338e+07 -9.15643e-05
-2.56961e+07 -9.143e-05
-2.56583e+07 -9.12956e-05
-2.56206e+07 -9.11613e-05
-2.55828e+07 -9.1027e-05
-2.55451e+07 -9.08927e-05
-2.55073e+07 -9.07583e-05
-2.54695e+07 -9.0624e-05
-2.54318e+07 -9.04897e-05
-2.5394e+07 -9.03553e-05
-2.53563e+07 -9.0221e-05
-2.53185e+07 -9.00867e-05
-2.52808e+07 -8.99523e-05
-2.5243e+07 -8.9818e-05
-2.52053e+07 -8.96837e-05
-2.51675e+07 -8.95494e-05
-2.51298e+07 -8.9415e-05
-2.5092e+07 -8.92807e-05
-2.50543e+07 -8.91464e-05
-2.50165e+07 -8.9012e-05
-2.49788e+07 -8.88777e-05
-2.4941e+07 -8.87434e-05
-2.49033e+07 -8.8609e-05
-2.48655e+07 -8.84747e-05
-2.48278e+07 -8.83404e-05
-2.479e+07 -8.82061e-05
-2.47522e+07 -8.80717e-05
-2.47145e+07 -8.79374e-05
-2.46767e+07 -8.78031e-05
-2.4639e+07 -8.76687e-05
-2.46012e+07 -8.75344e-05
-2.45635e+07 -8.74001e-05
-2.45257e+07 -8.72658e-05
-2.4488e+07 -8.71314e-05
-2.44502e+07 -8.69971e-05
-2.44125e+07 -8.68628e-05
-2.43747e+07 -8.67285e-05
-2.4337e+07 -8.65941e-05
-2.42992e+07 -8.64598e-05
-2.42615e+07 -8.63255e-05
-2.42237e+07 -8.61912e-05
-2.4186e+07 -8.60568e-05
-2.41482e+07 -8.59225e-05
-2.41105e+07 -8.57882e-05
-2.40727e+07 -8.56538e-05
-2.4035e+07 -8.55195e-05
-2.39972e+07 -8.53852e-05
-2.39595e+07 -8.52509e-05
-2.39217e+07 -8.51165e-05
-2.3884e+07 -8.49822e-05
-2.38462e+07 -8.48479e-05
-2.38084e+07 -8.47136e-05
-2.37707e+07 -8.45792e-05
-2.37329e+07 -8.44449e-05
-2.36952e+07 -8.43106e-05
-2.36574e+07 -8.41763e-05
-2.36197e+07 -8.4042e-05
-2.35819e+07 -8.39076e-05
-2.35442e+07 -8.37733e-05
-2.35064e+07 -8.3639e-05
-2.34687e+07 -8.35047e-05
-2.34309e+07 -8.33703e-05
-2.33932e+07 -8.3236e-05
-2.33554e+07 -8.31017e-05
-2.33177e+07 -8.29674e-05
-2.32799e+07 -8.2833e-05
-2.32422e+07 -8.26987e-05
-2.32044e+07 -8.25644e-05
-2.31667e+07 -8.24301e-05
-2.31289e+07 -8.22958e-05
-2.30912e+07 -8.21614e-05
-2.30534e+07 -8.20271e-05
-2.30157e+07 -8.18928e-05
-2.29779e+07 -8.17585e-05
-2.29402e+07 -8.16241e-05
-2.29024e+07 -8.14898e-05
-2.28647e+07 -8.13555e-05
-2.28269e+07 -8.12212e-05
-2.27892e+07 -8.10869e-05
-2.27514e+07 -8.09525e-05
-2.27137e+07 -8.08182e-05
-2.26759e+07 -8.06839e-05
-2.26382e+07 -8.05496e-05
-2.26004e+07 -8.04153e-05
-2.25627e+07 -8.02809e-05
-2.25249e+07 -8.01466e-05
-2.24872e+07 -8.00123e-05
-2.24494e+07 -7.9878e-05
-2.24117e+07 -7.97437e-05
-2.23739e+07 -7.96093e-05
-2.23362e+07 -7.9475e-05
-2.22984e+07 -7.93407e-05
-2.22607e+07 -7.92064e-05
-2.22229e+07 -7.90721e-05
-2.21852e+07 -7.89377e-05
-2.21474e+07 -7.88034e-05
-2.21097e+07 -7.86691e-05
-2.20719e+07 -7.85348e-05
-2.20342e+07 -7.84005e-05
-2.19964e+07 -7.82661e-05
-2.19587e+07 -7.81318e-05
-2.19209e+07 -7.79975e-05
-2.18832e+07 -7.78632e-05
-2.18454e+07 -7.77289e-05
-2.18077e+07 -7.75946e-05
-2.17699e+07 -7.74602e-05
-2.17322e+07 -7.73259e-05
-2.16944e+07 -7.71916e-05
-2.16567e+07 -7.70573e-05
-2.16189e+07 -7.6923e-05
-2.15812e+07 -7.67886e-05
-2.15434e+07 -7.66543e-05
-2.15057e+07 -7.652e-05
-2.14679e+07 -7.63857e-05
-2.14302e+07 -7.62514e-05
-2.13924e+07 -7.61171e-05
-2.13547e+07 -7.59828e-05
-2.13169e+07 -7.58484e-05
-2.12792e+07 -7.57141e-05
-2.12414e+07 -7.55798e-05
-2.12037e+07 -7.54455e-05
-2.11659e+07 -7.53112e-05
-2.11282e+07 -7.51769e-05
-2.10904e+07 -7.50425e-05
-2.10527e+07 -7.49082e-05
-2.10149e+07 -7.47739e-05
-2.09772e+07 -7.46396e-05
-2.09394e+07 -7.45053e-05
-2.09017e+07 -7.4371e-05
-2.08639e+07 -7.42367e-05
-2.08262e+07 -7.41023e-05
-2.07885e+07 -7.3968e-05
-2.07507e+07 -7.38337e-05
-2.0713e+07 -7.36994e-05
-2.06752e+07 -7.35651e-05
-2.06375e+07 -7.34308e-05
-2.05997e+07 -7.32965e-05
-2.0562e+07 -7.31621e-05
-2.05242e+07 -7.30278e-05
-2.04865e+07 -7.28935e-05
-2.04487e+07 -7.27592e-05
-2.0411e+07 -7.26249e-05
-2.03732e+07 -7.24906e-05
-2.03355e+07 -7.23563e-05
-2.02977e+07 -7.2222e-05
-2.026e+07 -7.20877e-05
-2.02222e+07 -7.19533e-05
-2.01845e+07 -7.1819e-05
-2.01467e+07 -7.16847e-05
-2.0109e+07 -7.15504e-05
-2.00712e+07 -7.14161e-05
-2.00335e+07 -7.12818e-05
-1.99957e+07 -7.11475e-05
-1.9958e+07 -7.10132e-05
-1.99202e+07 -7.08788e-05
-1.98825e+07 -7.07445e-05
-1.98448e+07 -7.06102e-05
-1.9807e+07 -7.04759e-05
-1.97693e+07 -7.03416e-05
-1.97315e+07 -7.02073e-05
-1.96938e+07 -7.0073e-05
-1.9656e+07 -6.99387e-05
-1.96183e+07 -6.98044e-05
-1.95805e+07 -6.96701e-05
-1.95428e+07 -6.95357e-05
-1.9505e+07 -6.94014e-05
-1.94673e+07 -6.92671e-05
-1.94295e+07 -6.91328e-05
-1.93918e+07 -6.89985e-05
-1.9354e+07 -6.88642e-05
-1.93163e+07 -6.87299e-05
-1.92785e+07 -6.85956e-05
-1.92408e+07 -6.84613e-05
-1.92031e+07 -6.8327e-05
-1.91653e+07 -6.81927e-05
-1.91276e+07 -6.80584e-05
-1.90898e+07 -6.7924e-05
-1.90521e+07 -6.77897e-05
-1.90143e+07 -6.76554e-05
-1.89766e+07 -6.75211e-05
-1.89388e+07 -6.73868e-05
-1.89011e+07 -6.72525e-05
-1.88633e+07 -6.71182e-05
-1.88256e+07 -6.69839e-05
-1.87878e+07 -6.68496e-05
-1.87501e+07 -6.67153e-05
-1.87123e+07 -6.6581e-05
-1.86746e+07 -6.64467e-05
-1.86369e+07 -6.63124e-05
-1.85991e+07 -6.61781e-05
-1.85614e+07 -6.60437e-05
-1.85236e+07 -6.59094e-05
-1.84859e+07 -6.57751e-05
-1.84481e+07 -6.56408e-05
-1.84104e+07 -6.55065e-05
-1.83726e+07 -6.53722e-05
-1.83349e+07 -6.52379e-05
-1.82971e+07 -6.51036e-05
-1.82594e+07 -6.49693e-05
-1.82216e+07 -6.4835e-05
-1.81839e+07 -6.47007e-05
-1.81462e+07 -6.45664e-05
-1.81084e+07 -6.44321e-05
-1.80707e+07 -6.42978e-05
-1.80329e+07 -6.41635e-05
-1.79952e+07 -6.40292e-05
-1.79574e+07 -6.38949e-05
-1.79197e+07 -6.37606e-05
-1.78819e+07 -6.36263e-05
-1.78442e+07 -6.3492e-05
-1.78064e+07 -6.33577e-05
-1.77687e+07 -6.32234e-05
-1.7731e+07 -6.30891e-05
-1.76932e+07 -6.29547e-05
-1.76555e+07 -6.28204e-05
-1.76177e+07 -6.26861e-05
-1.758e+07 -6.25518e-05
-1.75422e+07 -6.24175e-05
-1.75045e+07 -6.22832e-05
-1.74667e+07 -6.21489e-05
-1.7429e+07 -6.20146e-05
-1.73912e+07 -6.18803e-05
-1.73535e+07 -6.1746e-05
-1.73158e+07 -6.16117e-05
-1.7278e+07 -6.14774e-05
-1.72403e+07 -6.13431e-05
-1.72025e+07 -6.12088e-05
-1.71648e+07 -6.10745e-05
-1.7127e+07 -6.09402e-05
-1.70893e+07 -6.08059e-05
-1.70515e+07 -6.06716e-05
-1.70138e+07 -6.05373e-05
-1.69761e+07 -6.0403e-05
-1.69383e+07 -6.02687e-05
-1.69006e+07 -6.01344e-05
-1.68628e+07 -6.00001e-05
-1.68251e+07 -5.98658e-05
-1.67873e+07 -5.97315e-05
-1.67496e+07 -5.95972e-05
-1.67118e+07 -5.94629e-05
-1.66741e+07 -5.93286e-05
-1.66364e+07 -5.91943e-05
-1.65986e+07 -5.906e-05
-1.65609e+07 -5.89257e-05
-1.65231e+07 -5.87914e-05
-1.64854e+07 -5.86571e-05
-1.64476e+07 -5.85228e-05
-1.64099e+07 -5.83885e-05
-1.63721e+07 -5.82542e-05
-1.63344e+07 -5.81199e-05
-1.62967e+07 -5.79856e-05
-1.62589e+07 -5.78513e-05
-1.62212e+07 -5.7717e-05
-1.61834e+07 -5.75827e-05
-1.61457e+07 -5.74485e-05
-1.61079e+07 -5.73142e-05
-1.60702e+07 -5.71799e-05
-1.60325e+07 -5.70456e-05
-1.59947e+07 -5.69113e-05
-1.5957e+07 -5.6777e-05
-1.59192e+07 -5.66427e-05
-1.58815e+07 -5.65084e-05
-1.58437e+07 -5.63741e-05
-1.5806e+07 -5.62398e-05
-1.57682e+07 -5.61055e-05
-1.57305e+07 -5.59712e-05
-1.56928e+07 -5.58369e-05
-1.5655e+07 -5.57026e-05
-1.56173e+07 -5.55683e-05
-1.55795e+07 -5.5434e-05
-1.55418e+07 -5.52997e-05
-1.5504e+07 -5.51654e-05
-1.54663e+07 -5.50311e-05
-1.54286e+07 -5.48968e-05
-1.53908e+07 -5.47625e-05
-1.53531e+07 -5.46282e-05
-1.53153e+07 -5.44939e-05
-1.52776e+07 -5.43596e-05
-1.52398e+07 -5.42254e-05
-1.52021e+07 -5.40911e-05
-1.51644e+07 -5.39568e-05
-1.51266e+07 -5.38225e-05
-1.50889e+07 -5.36882e-05
-1.50511e+07 -5.35539e-05
-1.50134e+07 -5.34196e-05
-1.49756e+07 -5.32853e-05
-1.49379e+07 -5.3151e-05
-1.49002e+07 -5.30167e-05
-1.48624e+07 -5.28824e-05
-1.48247e+07 -5.27481e-05
-1.47869e+07 -5.26138e-05
-1.47492e+07 -5.24795e-05
-1.47114e+07 -5.23453e-05
-1.46737e+07 -5.2211e-05
-1.4636e+07 -5.20767e-05
-1.45982e+07 -5.19424e-05
-1.45605e+07 -5.18081e-05
-1.45227e+07 -5.16738e-05
-1.4485e+07 -5.15395e-05
-1.44473e+07 -5.14052e-05
-1.44095e+07 -5.12709e-05
-1.43718e+07 -5.11366e-05
-1.4334e+07 -5.10023e-05
-1.42963e+07 -5.0868e-05
-1.42585e+07 -5.07338e-05
-1.42208e+07 -5.05995e-05
-1.41831e+07 -5.04652e-05
-1.41453e+07 -5.03309e-05
-1.41076e+07 -5.01966e-05
-1.40698e+07 -5.00623e-05
-1.40321e+07 -4.9928e-05
-1.39943e+07 -4.97937e-05
-1.39566e+07 -4.96594e-05
-1.39189e+07 -4.95251e-05
-1.38811e+07 -4.93909e-05
-1.38434e+07 -4.92566e-05
-1.38056e+07 -4.91223e-05
-1.37679e+07 -4.8988e-05
-1.37302e+07 -4.88537e-05
-1.36924e+07 -4.87194e-05
-1.36547e+07 -4.85851e-05
-1.36169e+07 -4.84508e-05
-1.35792e+07 -4.83166e-05
-1.35415e+07 -4.81823e-05
-1.35037e+07 -4.8048e-05
-1.3466e+07 -4.79137e-05
-1.34282e+07 -4.77794e-05
-1.33905e+07 -4.76451e-05
-1.33527e+07 -4.75108e-05
-1.3315e+07 -4.73765e-05
-1.32773e+07 -4.72423e-05
-1.32395e+07 -4.7108e-05
