-0.109633 -3.9009e-13
-0.210499 -7.48984e-13
-0.30007 -1.06769e-12
-0.375012 -1.33434e-12
-0.430978 -1.53348e-12
-0.462459 -1.64549e-12
-0.461625 -1.64252e-12
-0.417931 -1.48705e-12
-0.316854 -1.12741e-12
-0.136982 -4.87399e-13
-70589.1 -2.51165e-07
-141178 -5.02329e-07
-211767 -7.53494e-07
-282356 -1.00466e-06
-352946 -1.25583e-06
-423535 -1.50699e-06
-494123 -1.75815e-06
-564716 -2.00933e-06
-635307 -2.26051e-06
-705897 -2.51167e-06
-776487 -2.76284e-06
-847078 -3.01402e-06
-917670 -3.26519e-06
-988260 -3.51636e-06
-1.05885e+06 -3.76754e-06
-1.12945e+06 -4.01871e-06
-1.20004e+06 -4.26989e-06
-1.27063e+06 -4.52106e-06
-1.34122e+06 -4.77224e-06
-1.41181e+06 -5.02342e-06
-1.48241e+06 -5.27459e-06
-1.553e+06 -5.52578e-06
-1.62359e+06 -5.77695e-06
-1.69419e+06 -6.02814e-06
-1.76478e+06 -6.27931e-06
-1.83537e+06 -6.5305e-06
-1.90597e+06 -6.78168e-06
-1.97656e+06 -7.03286e-06
-2.04716e+06 -7.28405e-06
-2.11775e+06 -7.53523e-06
-2.18835e+06 -7.78642e-06
-2.25894e+06 -8.0376e-06
-2.32954e+06 -8.28879e-06
-2.40013e+06 -8.53998e-06
-2.47073e+06 -8.79117e-06
-2.54132e+06 -9.04236e-06
-2.61192e+06 -9.29355e-06
-2.68251e+06 -9.54474e-06
-2.75311e+06 -9.79593e-06
-2.82371e+06 -1.00471e-05
-2.89431e+06 -1.02983e-05
-2.9649e+06 -1.05495e-05
-3.0355e+06 -1.08007e-05
-3.10609e+06 -1.10519e-05
-3.17669e+06 -1.13031e-05
-3.24729e+06 -1.15543e-05
-3.31789e+06 -1.18055e-05
-3.38849e+06 -1.20567e-05
-3.45909e+06 -1.23079e-05
-3.52969e+06 -1.25591e-05
-3.60028e+06 -1.28103e-05
-3.67088e+06 -1.30615e-05
-3.74148e+06 -1.33127e-05
-3.81208e+06 -1.35639e-05
-3.88268e+06 -1.38151e-05
-3.95328e+06 -1.40663e-05
-4.02388e+06 -1.43175e-05
-4.09448e+06 -1.45687e-05
-4.16508e+06 -1.48199e-05
-4.23568e+06 -1.50711e-05
-4.30628e+06 -1.53223e-05
-4.37688e+06 -1.55735e-05
-4.44749e+06 -1.58247e-05
-4.51809e+06 -1.60759e-05
-4.58869e+06 -1.63272e-05
-4.65929e+06 -1.65784e-05
-4.72989e+06 -1.68296e-05
-4.8005e+06 -1.70808e-05
-4.8711e+06 -1.7332e-05
-4.9417e+06 -1.75832e-05
-5.0123e+06 -1.78344e-05
-5.08291e+06 -1.80856e-05
-5.15351e+06 -1.83369e-05
-5.22411e+06 -1.85881e-05
-5.29472e+06 -1.88393e-05
-5.36532e+06 -1.90905e-05
-5.43593e+06 -1.93417e-05
-5.50653e+06 -1.9593e-05
-5.57713e+06 -1.98442e-05
-5.64774e+06 -2.00954e-05
-5.71834e+06 -2.03466e-05
-5.78895e+06 -2.05978e-05
-5.85955e+06 -2.08491e-05
-5.93016e+06 -2.11003e-05
-6.00077e+06 -2.13515e-05
-6.07137e+06 -2.16027e-05
-6.14198e+06 -2.1854e-05
-6.21258e+06 -2.21052e-05
-6.28319e+06 -2.23564e-05
-6.3538e+06 -2.26076e-05
-6.4244e+06 -2.28589e-05
-6.49501e+06 -2.31101e-05
-6.56562e+06 -2.33613e-05
-6.63623e+06 -2.36126e-05
-6.70683e+06 -2.38638e-05
-6.77744e+06 -2.4115e-05
-6.84805e+06 -2.43663e-05
-6.91866e+06 -2.46175e-05
-6.98927e+06 -2.48687e-05
-7.05988e+06 -2.512e-05
-7.13049e+06 -2.53712e-05
-7.20109e+06 -2.56224e-05
-7.27171e+06 -2.58737e-05
-7.34231e+06 -2.61249e-05
-7.41292e+06 -2.63762e-05
-7.48353e+06 -2.66274e-05
-7.55414e+06 -2.68786e-05
-7.62476e+06 -2.71299e-05
-7.69536e+06 -2.73811e-05
-7.76598e+06 -2.76324e-05
-7.83659e+06 -2.78836e-05
-7.9072e+06 -2.81348e-05
-7.97781e+06 -2.83861e-05
-8.04842e+06 -2.86373e-05
-8.11903e+06 -2.88886e-05
-8.18964e+06 -2.91398e-05
-8.26026e+06 -2.93911e-05
-8.33087e+06 -2.96423e-05
-8.40148e+06 -2.98936e-05
-8.4721e+06 -3.01448e-05
-8.54271e+06 -3.03961e-05
-8.61332e+06 -3.06473e-05
-8.68393e+06 -3.08986e-05
-8.75455e+06 -3.11498e-05
-8.82516e+06 -3.14011e-05
-8.89578e+06 -3.16523e-05
-8.96639e+06 -3.19036e-05
-9.03701e+06 -3.21548e-05
-9.10762e+06 -3.24061e-05
-9.17823e+06 -3.26574e-05
-9.24885e+06 -3.29086e-05
-9.31946e+06 -3.31599e-05
-9.39008e+06 -3.34111e-05
-9.4607e+06 -3.36624e-05
-9.53131e+06 -3.39137e-05
-9.60193e+06 -3.41649e-05
-9.67254e+06 -3.44162e-05
-9.74316e+06 -3.46674e-05
-9.81378e+06 -3.49187e-05
-9.88439e+06 -3.517e-05
-9.95501e+06 -3.54212e-05
-1.00256e+07 -3.56725e-05
-1.00962e+07 -3.59238e-05
-1.01669e+07 -3.6175e-05
-1.02375e+07 -3.64263e-05
-1.03081e+07 -3.66776e-05
-1.03787e+07 -3.69288e-05
-1.04493e+07 -3.71801e-05
-1.052e+07 -3.74314e-05
-1.05906e+07 -3.76827e-05
-1.06612e+07 -3.79339e-05
-1.07318e+07 -3.81852e-05
-1.08024e+07 -3.84365e-05
-1.08731e+07 -3.86877e-05
-1.09437e+07 -3.8939e-05
-1.10143e+07 -3.91903e-05
-1.10849e+07 -3.94416e-05
-1.11555e+07 -3.96928e-05
-1.12262e+07 -3.99441e-05
-1.12968e+07 -4.01954e-05
-1.13674e+07 -4.04467e-05
-1.1438e+07 -4.0698e-05
-1.15086e+07 -4.09492e-05
-1.15793e+07 -4.12005e-05
-1.16499e+07 -4.14518e-05
-1.17205e+07 -4.17031e-05
-1.17911e+07 -4.19544e-05
-1.18617e+07 -4.22057e-05
-1.19324e+07 -4.24569e-05
-1.2003e+07 -4.27082e-05
-1.20736e+07 -4.29595e-05
-1.21442e+07 -4.32108e-05
-1.22149e+07 -4.34621e-05
-1.22855e+07 -4.37134e-05
-1.23561e+07 -4.39647e-05
-1.24267e+07 -4.4216e-05
-1.24974e+07 -4.44673e-05
-1.2568e+07 -4.47185e-05
-1.26386e+07 -4.49698e-05
-1.27092e+07 -4.52211e-05
-1.27799e+07 -4.54724e-05
-1.28505e+07 -4.57237e-05
-1.29211e+07 -4.5975e-05
-1.29917e+07 -4.62263e-05
-1.30624e+07 -4.64776e-05
-1.3133e+07 -4.67289e-05
-1.32036e+07 -4.69802e-05
-1.32742e+07 -4.72315e-05
-1.33449e+07 -4.74828e-05
-1.34155e+07 -4.77341e-05
-1.34861e+07 -4.79854e-05
-1.35568e+07 -4.82367e-05
-1.36274e+07 -4.8488e-05
-1.3698e+07 -4.87393e-05
-1.37686e+07 -4.89906e-05
-1.38393e+07 -4.92419e-05
-1.39099e+07 -4.94932e-05
-1.39805e+07 -4.97445e-05
-1.40512e+07 -4.99958e-05
-1.41218e+07 -5.02471e-05
-1.41924e+07 -5.04984e-05
-1.4263e+07 -5.07498e-05
-1.43337e+07 -5.10011e-05
-1.44043e+07 -5.12524e-05
-1.44749e+07 -5.15037e-05
-1.45456e+07 -5.1755e-05
-1.46162e+07 -5.20063e-05
-1.46868e+07 -5.22576e-05
-1.47574e+07 -5.25089e-05
-1.48281e+07 -5.27603e-05
-1.48987e+07 -5.30116e-05
-1.49693e+07 -5.32629e-05
-1.504e+07 -5.35142e-05
-1.51106e+07 -5.37655e-05
-1.51812e+07 -5.40168e-05
-1.52519e+07 -5.42682e-05
-1.53225e+07 -5.45195e-05
-1.53931e+07 -5.47708e-05
-1.54638e+07 -5.50221e-05
-1.55344e+07 -5.52734e-05
-1.5605e+07 -5.55248e-05
-1.56757e+07 -5.57761e-05
-1.57463e+07 -5.60274e-05
-1.58169e+07 -5.62787e-05
-1.58876e+07 -5.65301e-05
-1.59582e+07 -5.67814e-05
-1.60288e+07 -5.70327e-05
-1.60995e+07 -5.7284e-05
-1.61701e+07 -5.75354e-05
-1.62407e+07 -5.77867e-05
-1.63114e+07 -5.8038e-05
-1.6382e+07 -5.82894e-05
-1.64527e+07 -5.85407e-05
-1.65233e+07 -5.8792e-05
-1.65939e+07 -5.90434e-05
-1.66646e+07 -5.92947e-05
-1.67352e+07 -5.9546e-05
-1.68058e+07 -5.97974e-05
-1.68765e+07 -6.00487e-05
-1.69471e+07 -6.03e-05
-1.70177e+07 -6.05514e-05
-1.70884e+07 -6.08027e-05
-1.7159e+07 -6.1054e-05
-1.72297e+07 -6.13054e-05
-1.73003e+07 -6.15567e-05
-1.73709e+07 -6.18081e-05
-1.74416e+07 -6.20594e-05
-1.75122e+07 -6.23107e-05
-1.75829e+07 -6.25621e-05
-1.76535e+07 -6.28134e-05
-1.77241e+07 -6.30648e-05
-1.77948e+07 -6.33161e-05
-1.78654e+07 -6.35675e-05
-1.7936e+07 -6.38188e-05
-1.80067e+07 -6.40702e-05
-1.80773e+07 -6.43215e-05
-1.8148e+07 -6.45729e-05
-1.82186e+07 -6.48242e-05
-1.82893e+07 -6.50756e-05
-1.83599e+07 -6.53269e-05
-1.84305e+07 -6.55783e-05
-1.85012e+07 -6.58296e-05
-1.85718e+07 -6.6081e-05
-1.86425e+07 -6.63323e-05
-1.87131e+07 -6.65837e-05
-1.87837e+07 -6.6835e-05
-1.88544e+07 -6.70864e-05
-1.8925e+07 -6.73377e-05
-1.89957e+07 -6.75891e-05
-1.90663e+07 -6.78405e-05
-1.9137e+07 -6.80918e-05
-1.92076e+07 -6.83432e-05
-1.92782e+07 -6.85945e-05
-1.93489e+07 -6.88459e-05
-1.94195e+07 -6.90973e-05
-1.94902e+07 -6.93486e-05
-1.95608e+07 -6.96e-05
-1.96315e+07 -6.98513e-05
-1.97021e+07 -7.01027e-05
-1.97728e+07 -7.03541e-05
-1.98434e+07 -7.06054e-05
-1.99141e+07 -7.08568e-05
-1.99847e+07 -7.11082e-05
-2.00553e+07 -7.13595e-05
-2.0126e+07 -7.16109e-05
-2.01966e+07 -7.18623e-05
-2.02673e+07 -7.21136e-05
-2.03379e+07 -7.2365e-05
-2.04086e+07 -7.26164e-05
-2.04792e+07 -7.28678e-05
-2.05499e+07 -7.31191e-05
-2.06205e+07 -7.33705e-05
-2.06912e+07 -7.36219e-05
-2.07618e+07 -7.38733e-05
-2.08325e+07 -7.41246e-05
-2.09031e+07 -7.4376e-05
-2.09738e+07 -7.46274e-05
-2.10444e+07 -7.48788e-05
-2.11151e+07 -7.51301e-05
-2.11857e+07 -7.53815e-05
-2.12564e+07 -7.56329e-05
-2.1327e+07 -7.58843e-05
-2.13977e+07 -7.61357e-05
-2.14683e+07 -7.63871e-05
-2.1539e+07 -7.66384e-05
-2.16096e+07 -7.68898e-05
-2.16803e+07 -7.71412e-05
-2.17509e+07 -7.73926e-05
-2.18216e+07 -7.7644e-05
-2.18922e+07 -7.78954e-05
-2.19629e+07 -7.81468e-05
-2.20335e+07 -7.83981e-05
-2.21042e+07 -7.86495e-05
-2.21748e+07 -7.89009e-05
-2.22455e+07 -7.91523e-05
-2.23161e+07 -7.94037e-05
-2.23868e+07 -7.96551e-05
-2.24574e+07 -7.99065e-05
-2.25281e+07 -8.01579e-05
-2.25987e+07 -8.04093e-05
-2.26694e+07 -8.06607e-05
-2.274e+07 -8.09121e-05
-2.28107e+07 -8.11635e-05
-2.28814e+07 -8.14149e-05
-2.2952e+07 -8.16663e-05
-2.30227e+07 -8.19177e-05
-2.30933e+07 -8.2169e-05
-2.3164e+07 -8.24204e-05
-2.32346e+07 -8.26719e-05
-2.33053e+07 -8.29233e-05
-2.33759e+07 -8.31747e-05
-2.34466e+07 -8.34261e-05
-2.35173e+07 -8.36775e-05
-2.35879e+07 -8.39289e-05
-2.36586e+07 -8.41803e-05
-2.37292e+07 -8.44317e-05
-2.37999e+07 -8.46831e-05
-2.38705e+07 -8.49345e-05
-2.39412e+07 -8.51859e-05
-2.40118e+07 -8.54373e-05
-2.40825e+07 -8.56887e-05
-2.41532e+07 -8.59401e-05
-2.42238e+07 -8.61915e-05
-2.42945e+07 -8.64429e-05
-2.43651e+07 -8.66944e-05
-2.44358e+07 -8.69458e-05
-2.45065e+07 -8.71972e-05
-2.45771e+07 -8.74486e-05
-2.46478e+07 -8.77e-05
-2.47184e+07 -8.79514e-05
-2.47891e+07 -8.82028e-05
-2.48598e+07 -8.84543e-05
-2.49304e+07 -8.87057e-05
-2.50011e+07 -8.89571e-05
-2.50717e+07 -8.92085e-05
-2.51424e+07 -8.94599e-05
-2.52131e+07 -8.97114e-05
-2.52837e+07 -8.99628e-05
-2.53544e+07 -9.02142e-05
-2.5425e+07 -9.04656e-05
-2.54957e+07 -9.0717e-05
-2.55664e+07 -9.09685e-05
-2.5637e+07 -9.12199e-05
-2.57077e+07 -9.14713e-05
-2.57784e+07 -9.17228e-05
-2.5849e+07 -9.19742e-05
-2.59197e+07 -9.22256e-05
-2.59903e+07 -9.2477e-05
-2.6061e+07 -9.27285e-05
-2.61317e+07 -9.29799e-05
-2.62023e+07 -9.32313e-05
-2.6273e+07 -9.34828e-05
-2.63437e+07 -9.37342e-05
-2.64143e+07 -9.39856e-05
-2.6485e+07 -9.42371e-05
-2.65557e+07 -9.44885e-05
-2.66263e+07 -9.47399e-05
-2.6697e+07 -9.49914e-05
-2.67676e+07 -9.52428e-05
-2.68383e+07 -9.54942e-05
-2.6909e+07 -9.57457e-05
-2.69796e+07 -9.59971e-05
-2.70503e+07 -9.62485e-05
-2.7121e+07 -9.65e-05
-2.71916e+07 -9.67514e-05
-2.72623e+07 -9.70029e-05
-2.7333e+07 -9.72543e-05
-2.74036e+07 -9.75058e-05
-2.74743e+07 -9.77572e-05
-2.7545e+07 -9.80086e-05
-2.76156e+07 -9.82601e-05
-2.76863e+07 -9.85115e-05
-2.7757e+07 -9.8763e-05
-2.78277e+07 -9.90144e-05
-2.78983e+07 -9.92659e-05
-2.7969e+07 -9.95173e-05
-2.80397e+07 -9.97688e-05
-2.81103e+07 -0.00010002
-2.8181e+07 -0.000100272
-2.82517e+07 -0.000100523
-2.83223e+07 -0.000100775
-2.8393e+07 -0.000101026
-2.84637e+07 -0.000101277
-2.85343e+07 -0.000101529
-2.8605e+07 -0.00010178
-2.86757e+07 -0.000102032
-2.87464e+07 -0.000102283
-2.8817e+07 -0.000102535
-2.88877e+07 -0.000102786
-2.89584e+07 -0.000103038
-2.9029e+07 -0.000103289
-2.90997e+07 -0.000103541
-2.91704e+07 -0.000103792
-2.92411e+07 -0.000104044
-2.93117e+07 -0.000104295
-2.93824e+07 -0.000104546
-2.94531e+07 -0.000104798
-2.95238e+07 -0.000105049
-2.95944e+07 -0.000105301
-2.96651e+07 -0.000105552
-2.97358e+07 -0.000105804
-2.98065e+07 -0.000106055
-2.98771e+07 -0.000106307
-2.99478e+07 -0.000106558
-3.00185e+07 -0.00010681
-3.00891e+07 -0.000107061
-3.01598e+07 -0.000107313
-3.02305e+07 -0.000107564
-3.03012e+07 -0.000107816
-3.03719e+07 -0.000108067
-3.04425e+07 -0.000108318
-3.05132e+07 -0.00010857
-3.05839e+07 -0.000108821
-3.06546e+07 -0.000109073
-3.07252e+07 -0.000109324
-3.07959e+07 -0.000109576
-3.08666e+07 -0.000109827
-3.09373e+07 -0.000110079
-3.10079e+07 -0.00011033
-3.10786e+07 -0.000110582
-3.11493e+07 -0.000110833
-3.122e+07 -0.000111085
-3.12907e+07 -0.000111336
-3.13613e+07 -0.000111588
-3.1432e+07 -0.000111839
-3.15027e+07 -0.000112091
-3.15734e+07 -0.000112342
-3.1644e+07 -0.000112594
-3.17147e+07 -0.000112845
-3.17854e+07 -0.000113097
-3.18561e+07 -0.000113348
-3.19268e+07 -0.0001136
-3.19974e+07 -0.000113851
-3.20681e+07 -0.000114103
-3.21388e+07 -0.000114354
-3.22095e+07 -0.000114606
-3.22802e+07 -0.000114857
-3.23509e+07 -0.000115109
-3.24215e+07 -0.00011536
-3.24922e+07 -0.000115612
-3.25629e+07 -0.000115863
-3.26336e+07 -0.000116115
-3.27043e+07 -0.000116366
-3.27749e+07 -0.000116618
-3.28456e+07 -0.000116869
-3.29163e+07 -0.000117121
-3.2987e+07 -0.000117372
-3.30577e+07 -0.000117624
-3.31284e+07 -0.000117875
-3.3199e+07 -0.000118127
-3.32697e+07 -0.000118378
-3.33404e+07 -0.00011863
-3.34111e+07 -0.000118881
-3.34818e+07 -0.000119133
-3.35525e+07 -0.000119384
-3.36232e+07 -0.000119636
-3.36938e+07 -0.000119887
-3.37645e+07 -0.000120139
-3.38352e+07 -0.00012039
-3.39059e+07 -0.000120642
-3.39766e+07 -0.000120893
-3.40473e+07 -0.000121145
-3.4118e+07 -0.000121396
-3.41886e+07 -0.000121648
-3.42593e+07 -0.000121899
-3.433e+07 -0.000122151
-3.44007e+07 -0.000122402
-3.44714e+07 -0.000122654
-3.45421e+07 -0.000122905
-3.46128e+07 -0.000123157
-3.46835e+07 -0.000123408
-3.47541e+07 -0.00012366
-3.48248e+07 -0.000123911
-3.48955e+07 -0.000124163
-3.49662e+07 -0.000124414
-3.50369e+07 -0.000124666
-3.51076e+07 -0.000124917
-3.51783e+07 -0.000125169
-3.5249e+07 -0.00012542
-3.53197e+07 -0.000125672
-3.53903e+07 -0.000125923
-3.5461e+07 -0.000126175
-3.55317e+07 -0.000126427
-3.56024e+07 -0.000126678
-3.56731e+07 -0.00012693
-3.57438e+07 -0.000127181
-3.58145e+07 -0.000127433
-3.58852e+07 -0.000127684
-3.59559e+07 -0.000127936
-3.60266e+07 -0.000128187
-3.60973e+07 -0.000128439
-3.61679e+07 -0.00012869
-3.62386e+07 -0.000128942
-3.63093e+07 -0.000129193
-3.638e+07 -0.000129445
-3.64507e+07 -0.000129696
-3.65214e+07 -0.000129948
-3.65921e+07 -0.0001302
-3.66628e+07 -0.000130451
-3.67335e+07 -0.000130703
-3.68042e+07 -0.000130954
-3.68749e+07 -0.000131206
-3.69456e+07 -0.000131457
-3.70163e+07 -0.000131709
-3.7087e+07 -0.00013196
-3.71577e+07 -0.000132212
-3.72284e+07 -0.000132463
-3.72991e+07 -0.000132715
-3.73698e+07 -0.000132966
-3.74404e+07 -0.000133218
-3.75111e+07 -0.00013347
-3.75818e+07 -0.000133721
-3.76525e+07 -0.000133973
-3.77232e+07 -0.000134224
-3.77939e+07 -0.000134476
-3.78646e+07 -0.000134727
-3.79353e+07 -0.000134979
-3.8006e+07 -0.00013523
-3.80767e+07 -0.000135482
-3.81474e+07 -0.000135734
-3.82181e+07 -0.000135985
-3.82888e+07 -0.000136237
-3.83595e+07 -0.000136488
-3.84302e+07 -0.00013674
-3.85009e+07 -0.000136991
-3.85716e+07 -0.000137243
-3.86423e+07 -0.000137494
-3.8713e+07 -0.000137746
-3.87837e+07 -0.000137998
-3.88544e+07 -0.000138249
-3.89251e+07 -0.000138501
-3.89958e+07 -0.000138752
-3.90665e+07 -0.000139004
-3.91372e+07 -0.000139255
-3.92079e+07 -0.000139507
-3.92786e+07 -0.000139758
-3.93493e+07 -0.00014001
-3.942e+07 -0.000140262
-3.94907e+07 -0.000140513
-3.95614e+07 -0.000140765
-3.96321e+07 -0.000141016
-3.97028e+07 -0.000141268
-3.97735e+07 -0.000141519
-3.98442e+07 -0.000141771
-3.99149e+07 -0.000142023
-3.99856e+07 -0.000142274
-4.00563e+07 -0.000142526
-4.0127e+07 -0.000142777
-4.01977e+07 -0.000143029
-4.02685e+07 -0.00014328
-4.03392e+07 -0.000143532
-4.04099e+07 -0.000143784
-4.04806e+07 -0.000144035
-4.05513e+07 -0.000144287
-4.0622e+07 -0.000144538
-4.06927e+07 -0.00014479
-4.07634e+07 -0.000145041
-4.08341e+07 -0.000145293
-4.09048e+07 -0.000145545
-4.09755e+07 -0.000145796
-4.10462e+07 -0.000146048
-4.11169e+07 -0.000146299
-4.11876e+07 -0.000146551
-4.12583e+07 -0.000146803
-4.1329e+07 -0.000147054
-4.13997e+07 -0.000147306
-4.14705e+07 -0.000147557
-4.15412e+07 -0.000147809
-4.16119e+07 -0.00014806
-4.16826e+07 -0.000148312
-4.17533e+07 -0.000148564
-4.1824e+07 -0.000148815
-4.18947e+07 -0.000149067
-4.19654e+07 -0.000149318
-4.20361e+07 -0.00014957
-4.21068e+07 -0.000149822
-4.21775e+07 -0.000150073
-4.22483e+07 -0.000150325
-4.2319e+07 -0.000150576
-4.23897e+07 -0.000150828
-4.24604e+07 -0.00015108
-4.25311e+07 -0.000151331
-4.26018e+07 -0.000151583
-4.26725e+07 -0.000151834
-4.27432e+07 -0.000152086
-4.28139e+07 -0.000152338
-4.28846e+07 -0.000152589
-4.29554e+07 -0.000152841
-4.30261e+07 -0.000153092
-4.30968e+07 -0.000153344
-4.31675e+07 -0.000153596
-4.32382e+07 -0.000153847
-4.33089e+07 -0.000154099
-4.33796e+07 -0.00015435
-4.34503e+07 -0.000154602
-4.35211e+07 -0.000154854
-4.35918e+07 -0.000155105
-4.36625e+07 -0.000155357
-4.37332e+07 -0.000155608
-4.38039e+07 -0.00015586
-4.38746e+07 -0.000156112
-4.39453e+07 -0.000156363
-4.40161e+07 -0.000156615
-4.40868e+07 -0.000156867
-4.41575e+07 -0.000157118
-4.42282e+07 -0.00015737
-4.42989e+07 -0.000157621
-4.43696e+07 -0.000157873
-4.44404e+07 -0.000158125
-4.45111e+07 -0.000158376
-4.45818e+07 -0.000158628
-4.46525e+07 -0.000158879
-4.47232e+07 -0.000159131
-4.47939e+07 -0.000159383
-4.48647e+07 -0.000159634
-4.49354e+07 -0.000159886
-4.50061e+07 -0.000160138
-4.50768e+07 -0.000160389
-4.51475e+07 -0.000160641
-4.52182e+07 -0.000160892
-4.5289e+07 -0.000161144
-4.53597e+07 -0.000161396
-4.54304e+07 -0.000161647
-4.55011e+07 -0.000161899
-4.55718e+07 -0.000162151
-4.56426e+07 -0.000162402
-4.57133e+07 -0.000162654
-4.5784e+07 -0.000162905
-4.58547e+07 -0.000163157
-4.59254e+07 -0.000163409
-4.59962e+07 -0.00016366
-4.60669e+07 -0.000163912
-4.61376e+07 -0.000164164
-4.62083e+07 -0.000164415
-4.6279e+07 -0.000164667
-4.63498e+07 -0.000164919
-4.64205e+07 -0.00016517
-4.64912e+07 -0.000165422
-4.65619e+07 -0.000165673
-4.66327e+07 -0.000165925
-4.67034e+07 -0.000166177
-4.67741e+07 -0.000166428
-4.68448e+07 -0.00016668
-4.69155e+07 -0.000166932
-4.69863e+07 -0.000167183
-4.7057e+07 -0.000167435
-4.71277e+07 -0.000167687
-4.71984e+07 -0.000167938
-4.72692e+07 -0.00016819
-4.73399e+07 -0.000168442
-4.74106e+07 -0.000168693
-4.74813e+07 -0.000168945
-4.75521e+07 -0.000169196
-4.76228e+07 -0.000169448
-4.76935e+07 -0.0001697
-4.77642e+07 -0.000169951
-4.7835e+07 -0.000170203
-4.79057e+07 -0.000170455
-4.79764e+07 -0.000170706
-4.80471e+07 -0.000170958
-4.81179e+07 -0.00017121
-4.81886e+07 -0.000171461
-4.82593e+07 -0.000171713
-4.83301e+07 -0.000171965
-4.84008e+07 -0.000172216
-4.84715e+07 -0.000172468
-4.85422e+07 -0.00017272
-4.8613e+07 -0.000172971
-4.86837e+07 -0.000173223
-4.87544e+07 -0.000173475
-4.88252e+07 -0.000173726
-4.88959e+07 -0.000173978
-4.89666e+07 -0.00017423
-4.90373e+07 -0.000174481
-4.91081e+07 -0.000174733
-4.91788e+07 -0.000174985
-4.92495e+07 -0.000175236
-4.93203e+07 -0.000175488
-4.9391e+07 -0.00017574
-4.94617e+07 -0.000175991
-4.95324e+07 -0.000176243
-4.96032e+07 -0.000176495
-4.96739e+07 -0.000176746
-4.97446e+07 -0.000176998
-4.98154e+07 -0.00017725
-4.98861e+07 -0.000177501
-4.99568e+07 -0.000177753
-5.00276e+07 -0.000178005
-5.00983e+07 -0.000178256
-5.0169e+07 -0.000178508
-5.02398e+07 -0.00017876
-5.03105e+07 -0.000179011
-5.03812e+07 -0.000179263
-5.0452e+07 -0.000179515
-5.05227e+07 -0.000179766
-5.05934e+07 -0.000180018
-5.06642e+07 -0.00018027
-5.07349e+07 -0.000180521
-5.08056e+07 -0.000180773
-5.08764e+07 -0.000181025
-5.09471e+07 -0.000181276
-5.10178e+07 -0.000181528
-5.10886e+07 -0.00018178
-5.11593e+07 -0.000182032
-5.123e+07 -0.000182283
-5.13008e+07 -0.000182535
-5.13715e+07 -0.000182787
-5.14423e+07 -0.000183038
-5.1513e+07 -0.00018329
-5.15837e+07 -0.000183542
-5.16545e+07 -0.000183793
-5.17252e+07 -0.000184045
-5.17959e+07 -0.000184297
-5.18667e+07 -0.000184548
-5.19374e+07 -0.0001848
-5.20082e+07 -0.000185052
-5.20789e+07 -0.000185304
-5.21496e+07 -0.000185555
-5.22204e+07 -0.000185807
-5.22911e+07 -0.000186059
-5.23618e+07 -0.00018631
-5.24326e+07 -0.000186562
-5.25033e+07 -0.000186814
-5.25741e+07 -0.000187065
-5.26448e+07 -0.000187317
-5.27155e+07 -0.000187569
-5.27863e+07 -0.000187821
-5.2857e+07 -0.000188072
-5.29278e+07 -0.000188324
-5.29985e+07 -0.000188576
-5.30692e+07 -0.000188827
-5.314e+07 -0.000189079
-5.32107e+07 -0.000189331
-5.32815e+07 -0.000189582
-5.33522e+07 -0.000189834
-5.3423e+07 -0.000190086
-5.34937e+07 -0.000190338
-5.35644e+07 -0.000190589
-5.36352e+07 -0.000190841
-5.37059e+07 -0.000191093
-5.37767e+07 -0.000191344
-5.38474e+07 -0.000191596
-5.39182e+07 -0.000191848
-5.39889e+07 -0.0001921
-5.40596e+07 -0.000192351
-5.41304e+07 -0.000192603
-5.42011e+07 -0.000192855
-5.42719e+07 -0.000193106
-5.43426e+07 -0.000193358
-5.44134e+07 -0.00019361
-5.44841e+07 -0.000193862
-5.45548e+07 -0.000194113
-5.46256e+07 -0.000194365
-5.46963e+07 -0.000194617
-5.47671e+07 -0.000194868
-5.48378e+07 -0.00019512
-5.49086e+07 -0.000195372
-5.49793e+07 -0.000195624
-5.50501e+07 -0.000195875
-5.51208e+07 -0.000196127
-5.51916e+07 -0.000196379
-5.52623e+07 -0.000196631
-5.53331e+07 -0.000196882
-5.54038e+07 -0.000197134
-5.54746e+07 -0.000197386
-5.55453e+07 -0.000197637
-5.56161e+07 -0.000197889
-5.56868e+07 -0.000198141
-5.57575e+07 -0.000198393
-5.58283e+07 -0.000198644
-5.5899e+07 -0.000198896
-5.59698e+07 -0.000199148
-5.60405e+07 -0.0001994
-5.61113e+07 -0.000199651
-5.6182e+07 -0.000199903
-5.62528e+07 -0.000200155
-5.63235e+07 -0.000200407
-5.63943e+07 -0.000200658
-5.6465e+07 -0.00020091
-5.65358e+07 -0.000201162
-5.66065e+07 -0.000201414
-5.66773e+07 -0.000201665
-5.67481e+07 -0.000201917
-5.68188e+07 -0.000202169
-5.68896e+07 -0.00020242
-5.69603e+07 -0.000202672
-5.70311e+07 -0.000202924
-5.71018e+07 -0.000203176
-5.71726e+07 -0.000203427
-5.72433e+07 -0.000203679
-5.73141e+07 -0.000203931
-5.73848e+07 -0.000204183
-5.74556e+07 -0.000204434
-5.75263e+07 -0.000204686
-5.75971e+07 -0.000204938
-5.76678e+07 -0.00020519
-5.77386e+07 -0.000205441
-5.78093e+07 -0.000205693
-5.78801e+07 -0.000205945
-5.79509e+07 -0.000206197
-5.80216e+07 -0.000206448
-5.80924e+07 -0.0002067
-5.81631e+07 -0.000206952
-5.82339e+07 -0.000207204
-5.83046e+07 -0.000207456
-5.83754e+07 -0.000207707
-5.84461e+07 -0.000207959
-5.85169e+07 -0.000208211
-5.85877e+07 -0.000208463
-5.86584e+07 -0.000208714
-5.87292e+07 -0.000208966
-5.87999e+07 -0.000209218
-5.88707e+07 -0.00020947
-5.89414e+07 -0.000209721
-5.90122e+07 -0.000209973
-5.9083e+07 -0.000210225
-5.91537e+07 -0.000210477
-5.92245e+07 -0.000210728
-5.92952e+07 -0.00021098
-5.9366e+07 -0.000211232
-5.94368e+07 -0.000211484
-5.95075e+07 -0.000211736
-5.95783e+07 -0.000211987
-5.9649e+07 -0.000212239
-5.97198e+07 -0.000212491
-5.97906e+07 -0.000212743
-5.98613e+07 -0.000212994
-5.99321e+07 -0.000213246
-6.00028e+07 -0.000213498
-6.00736e+07 -0.00021375
-6.01444e+07 -0.000214002
-6.02151e+07 -0.000214253
-6.02859e+07 -0.000214505
-6.03566e+07 -0.000214757
-6.04274e+07 -0.000215009
-6.04959e+07 -0.000215252
-6.05605e+07 -0.000215482
-6.0625e+07 -0.000215712
-6.06895e+07 -0.000215941
-6.07541e+07 -0.000216171
-6.08186e+07 -0.000216401
-6.08831e+07 -0.00021663
-6.09477e+07 -0.00021686
-6.09865e+07 -0.000216998
-6.09835e+07 -0.000216987
-6.09805e+07 -0.000216977
-6.09775e+07 -0.000216966
-6.09744e+07 -0.000216955
-6.09714e+07 -0.000216944
-6.09684e+07 -0.000216934
-6.09654e+07 -0.000216923
-6.09624e+07 -0.000216912
-6.09594e+07 -0.000216901
-6.09564e+07 -0.000216891
-6.09533e+07 -0.00021688
-6.09503e+07 -0.000216869
-6.09473e+07 -0.000216858
-6.09443e+07 -0.000216848
-6.09413e+07 -0.000216837
-6.09383e+07 -0.000216826
-6.09352e+07 -0.000216816
-6.09322e+07 -0.000216805
-6.09292e+07 -0.000216794
-6.09262e+07 -0.000216783
-6.09232e+07 -0.000216773
-6.09202e+07 -0.000216762
-6.09172e+07 -0.000216751
-6.09141e+07 -0.00021674
-6.09111e+07 -0.00021673
-6.09081e+07 -0.000216719
-6.09051e+07 -0.000216708
-6.09021e+07 -0.000216698
-6.08991e+07 -0.000216687
-6.08961e+07 -0.000216676
-6.0893e+07 -0.000216665
-6.089e+07 -0.000216655
-6.0887e+07 -0.000216644
-6.0884e+07 -0.000216633
-6.0881e+07 -0.000216623
-6.0878e+07 -0.000216612
-6.0875e+07 -0.000216601
-6.08719e+07 -0.00021659
-6.08689e+07 -0.00021658
-6.08659e+07 -0.000216569
-6.08629e+07 -0.000216558
-6.08599e+07 -0.000216547
-6.08569e+07 -0.000216537
-6.08539e+07 -0.000216526
-6.08508e+07 -0.000216515
-6.08478e+07 -0.000216505
-6.08448e+07 -0.000216494
-6.08418e+07 -0.000216483
-6.08388e+07 -0.000216472
-6.08358e+07 -0.000216462
-6.08328e+07 -0.000216451
-6.08297e+07 -0.00021644
-6.08267e+07 -0.000216429
-6.08237e+07 -0.000216419
-6.08207e+07 -0.000216408
-6.08177e+07 -0.000216397
-6.08147e+07 -0.000216387
-6.08117e+07 -0.000216376
-6.08086e+07 -0.000216365
-6.08056e+07 -0.000216354
-6.08026e+07 -0.000216344
-6.07996e+07 -0.000216333
-6.07966e+07 -0.000216322
-6.07936e+07 -0.000216311
-6.07906e+07 -0.000216301
-6.07875e+07 -0.00021629
-6.07845e+07 -0.000216279
-6.07815e+07 -0.000216269
-6.07785e+07 -0.000216258
-6.07755e+07 -0.000216247
-6.07725e+07 -0.000216236
-6.07695e+07 -0.000216226
-6.07664e+07 -0.000216215
-6.07634e+07 -0.000216204
-6.07604e+07 -0.000216194
-6.07574e+07 -0.000216183
-6.07544e+07 -0.000216172
-6.07514e+07 -0.000216161
-6.07484e+07 -0.000216151
-6.07454e+07 -0.00021614
-6.07423e+07 -0.000216129
-6.07393e+07 -0.000216118
-6.07363e+07 -0.000216108
-6.07333e+07 -0.000216097
-6.07303e+07 -0.000216086
-6.07273e+07 -0.000216076
-6.07243e+07 -0.000216065
-6.07212e+07 -0.000216054
-6.07182e+07 -0.000216043
-6.07152e+07 -0.000216033
-6.07122e+07 -0.000216022
-6.07092e+07 -0.000216011
-6.07062e+07 -0.000216001
-6.07032e+07 -0.00021599
-6.07002e+07 -0.000215979
-6.06971e+07 -0.000215968
-6.06941e+07 -0.000215958
-6.06911e+07 -0.000215947
-6.06881e+07 -0.000215936
-6.06851e+07 -0.000215925
-6.06821e+07 -0.000215915
-6.06791e+07 -0.000215904
-6.06761e+07 -0.000215893
-6.0673e+07 -0.000215883
-6.067e+07 -0.000215872
-6.0667e+07 -0.000215861
-6.0664e+07 -0.00021585
-6.0661e+07 -0.00021584
-6.0658e+07 -0.000215829
-6.0655e+07 -0.000215818
-6.0652e+07 -0.000215808
-6.06489e+07 -0.000215797
-6.06459e+07 -0.000215786
-6.06429e+07 -0.000215775
-6.06399e+07 -0.000215765
-6.06369e+07 -0.000215754
-6.06339e+07 -0.000215743
-6.06309e+07 -0.000215733
-6.06279e+07 -0.000215722
-6.06248e+07 -0.000215711
-6.06218e+07 -0.0002157
-6.06188e+07 -0.00021569
-6.06158e+07 -0.000215679
-6.06128e+07 -0.000215668
-6.06098e+07 -0.000215658
-6.06068e+07 -0.000215647
-6.06038e+07 -0.000215636
-6.06007e+07 -0.000215625
-6.05977e+07 -0.000215615
-6.05947e+07 -0.000215604
-6.05917e+07 -0.000215593
-6.05887e+07 -0.000215583
-6.05857e+07 -0.000215572
-6.05827e+07 -0.000215561
-6.05797e+07 -0.00021555
-6.05766e+07 -0.00021554
-6.05736e+07 -0.000215529
-6.05706e+07 -0.000215518
-6.05676e+07 -0.000215507
-6.05646e+07 -0.000215497
-6.05616e+07 -0.000215486
-6.05586e+07 -0.000215475
-6.05556e+07 -0.000215465
-6.05526e+07 -0.000215454
-6.05495e+07 -0.000215443
-6.05465e+07 -0.000215432
-6.05435e+07 -0.000215422
-6.05405e+07 -0.000215411
-6.05375e+07 -0.0002154
-6.05345e+07 -0.00021539
-6.05315e+07 -0.000215379
-6.05285e+07 -0.000215368
-6.05254e+07 -0.000215357
-6.05224e+07 -0.000215347
-6.05194e+07 -0.000215336
-6.05164e+07 -0.000215325
-6.05134e+07 -0.000215315
-6.05104e+07 -0.000215304
-6.05074e+07 -0.000215293
-6.05044e+07 -0.000215282
-6.05014e+07 -0.000215272
-6.04983e+07 -0.000215261
-6.04953e+07 -0.00021525
-6.04923e+07 -0.00021524
-6.04893e+07 -0.000215229
-6.04863e+07 -0.000215218
-6.04833e+07 -0.000215207
-6.04803e+07 -0.000215197
-6.04773e+07 -0.000215186
-6.04743e+07 -0.000215175
-6.04712e+07 -0.000215165
-6.04682e+07 -0.000215154
-6.04652e+07 -0.000215143
-6.04622e+07 -0.000215132
-6.04592e+07 -0.000215122
-6.04562e+07 -0.000215111
-6.04532e+07 -0.0002151
-6.04502e+07 -0.00021509
-6.04472e+07 -0.000215079
-6.04441e+07 -0.000215068
-6.04411e+07 -0.000215057
-6.04381e+07 -0.000215047
-6.04351e+07 -0.000215036
-6.04321e+07 -0.000215025
-6.04291e+07 -0.000215015
-6.04261e+07 -0.000215004
-6.04231e+07 -0.000214993
-6.04201e+07 -0.000214982
-6.04171e+07 -0.000214972
-6.0414e+07 -0.000214961
-6.0411e+07 -0.00021495
-6.0408e+07 -0.00021494
-6.0405e+07 -0.000214929
-6.0402e+07 -0.000214918
-6.0399e+07 -0.000214908
-6.0396e+07 -0.000214897
-6.0393e+07 -0.000214886
-6.039e+07 -0.000214875
-6.03869e+07 -0.000214865
-6.03839e+07 -0.000214854
-6.03809e+07 -0.000214843
-6.03779e+07 -0.000214833
-6.03749e+07 -0.000214822
-6.03719e+07 -0.000214811
-6.03689e+07 -0.0002148
-6.03659e+07 -0.00021479
-6.03629e+07 -0.000214779
-6.03599e+07 -0.000214768
-6.03568e+07 -0.000214758
-6.03538e+07 -0.000214747
-6.03508e+07 -0.000214736
-6.03478e+07 -0.000214725
-6.03448e+07 -0.000214715
-6.03418e+07 -0.000214704
-6.03388e+07 -0.000214693
-6.03358e+07 -0.000214683
-6.03328e+07 -0.000214672
-6.03298e+07 -0.000214661
-6.03267e+07 -0.00021465
-6.03237e+07 -0.00021464
-6.03207e+07 -0.000214629
-6.03177e+07 -0.000214618
-6.03147e+07 -0.000214608
-6.03117e+07 -0.000214597
-6.03087e+07 -0.000214586
-6.03057e+07 -0.000214575
-6.03027e+07 -0.000214565
-6.02997e+07 -0.000214554
-6.02966e+07 -0.000214543
-6.02936e+07 -0.000214533
-6.02906e+07 -0.000214522
-6.02876e+07 -0.000214511
-6.02846e+07 -0.000214501
-6.02816e+07 -0.00021449
-6.02786e+07 -0.000214479
-6.02756e+07 -0.000214468
-6.02726e+07 -0.000214458
-6.02696e+07 -0.000214447
-6.02666e+07 -0.000214436
-6.02635e+07 -0.000214426
-6.02605e+07 -0.000214415
-6.02575e+07 -0.000214404
-6.02545e+07 -0.000214393
-6.02515e+07 -0.000214383
-6.02485e+07 -0.000214372
-6.02455e+07 -0.000214361
-6.02425e+07 -0.000214351
-6.02395e+07 -0.00021434
-6.02365e+07 -0.000214329
-6.02335e+07 -0.000214319
-6.02304e+07 -0.000214308
-6.02274e+07 -0.000214297
-6.02244e+07 -0.000214286
-6.02214e+07 -0.000214276
-6.02184e+07 -0.000214265
-6.02154e+07 -0.000214254
-6.02124e+07 -0.000214244
-6.02094e+07 -0.000214233
-6.02064e+07 -0.000214222
-6.02034e+07 -0.000214211
-6.02004e+07 -0.000214201
-6.01973e+07 -0.00021419
-6.01943e+07 -0.000214179
-6.01913e+07 -0.000214169
-6.01883e+07 -0.000214158
-6.01853e+07 -0.000214147
-6.01823e+07 -0.000214137
-6.01793e+07 -0.000214126
-6.01763e+07 -0.000214115
-6.01733e+07 -0.000214104
-6.01703e+07 -0.000214094
-6.01673e+07 -0.000214083
-6.01643e+07 -0.000214072
-6.01612e+07 -0.000214062
-6.01582e+07 -0.000214051
-6.01552e+07 -0.00021404
-6.01522e+07 -0.000214029
-6.01492e+07 -0.000214019
-6.01462e+07 -0.000214008
-6.01432e+07 -0.000213997
-6.01402e+07 -0.000213987
-6.01372e+07 -0.000213976
-6.01342e+07 -0.000213965
-6.01312e+07 -0.000213955
-6.01282e+07 -0.000213944
-6.01251e+07 -0.000213933
-6.01221e+07 -0.000213922
-6.01191e+07 -0.000213912
-6.01161e+07 -0.000213901
-6.01131e+07 -0.00021389
-6.01101e+07 -0.00021388
-6.01071e+07 -0.000213869
-6.01041e+07 -0.000213858
-6.01011e+07 -0.000213848
-6.00981e+07 -0.000213837
-6.00951e+07 -0.000213826
-6.00921e+07 -0.000213815
-6.0089e+07 -0.000213805
-6.0086e+07 -0.000213794
-6.0083e+07 -0.000213783
-6.008e+07 -0.000213773
-6.0077e+07 -0.000213762
-6.0074e+07 -0.000213751
-6.0071e+07 -0.00021374
-6.0068e+07 -0.00021373
-6.0065e+07 -0.000213719
-6.0062e+07 -0.000213708
-6.0059e+07 -0.000213698
-6.0056e+07 -0.000213687
-6.0053e+07 -0.000213676
-6.00499e+07 -0.000213666
-6.00469e+07 -0.000213655
-6.00439e+07 -0.000213644
-6.00409e+07 -0.000213633
-6.00379e+07 -0.000213623
-6.00349e+07 -0.000213612
-6.00319e+07 -0.000213601
-6.00289e+07 -0.000213591
-6.00259e+07 -0.00021358
-6.00229e+07 -0.000213569
-6.00199e+07 -0.000213559
-6.00169e+07 -0.000213548
-6.00139e+07 -0.000213537
-6.00109e+07 -0.000213526
-6.00078e+07 -0.000213516
-6.00048e+07 -0.000213505
-6.00018e+07 -0.000213494
-5.99988e+07 -0.000213484
-5.99958e+07 -0.000213473
-5.99928e+07 -0.000213462
-5.99898e+07 -0.000213452
-5.99868e+07 -0.000213441
-5.99838e+07 -0.00021343
-5.99808e+07 -0.000213419
-5.99778e+07 -0.000213409
-5.99748e+07 -0.000213398
-5.99718e+07 -0.000213387
-5.99688e+07 -0.000213377
-5.99657e+07 -0.000213366
-5.99627e+07 -0.000213355
-5.99597e+07 -0.000213345
-5.99567e+07 -0.000213334
-5.99537e+07 -0.000213323
-5.99507e+07 -0.000213312
-5.99477e+07 -0.000213302
-5.99447e+07 -0.000213291
-5.99417e+07 -0.00021328
-5.99387e+07 -0.00021327
-5.99357e+07 -0.000213259
-5.99327e+07 -0.000213248
-5.99297e+07 -0.000213238
-5.99267e+07 -0.000213227
-5.99237e+07 -0.000213216
-5.99206e+07 -0.000213206
-5.99176e+07 -0.000213195
-5.99146e+07 -0.000213184
-5.99116e+07 -0.000213173
-5.99086e+07 -0.000213163
-5.99056e+07 -0.000213152
-5.99026e+07 -0.000213141
-5.98996e+07 -0.000213131
-5.98966e+07 -0.00021312
-5.98936e+07 -0.000213109
-5.98906e+07 -0.000213099
-5.98876e+07 -0.000213088
-5.98846e+07 -0.000213077
-5.98816e+07 -0.000213066
-5.98786e+07 -0.000213056
-5.98756e+07 -0.000213045
-5.98725e+07 -0.000213034
-5.98695e+07 -0.000213024
-5.98665e+07 -0.000213013
-5.98635e+07 -0.000213002
-5.98605e+07 -0.000212992
-5.98575e+07 -0.000212981
-5.98545e+07 -0.00021297
-5.98515e+07 -0.00021296
-5.98485e+07 -0.000212949
-5.98455e+07 -0.000212938
-5.98425e+07 -0.000212927
-5.98395e+07 -0.000212917
-5.98365e+07 -0.000212906
-5.98335e+07 -0.000212895
-5.98305e+07 -0.000212885
-5.98275e+07 -0.000212874
-5.98245e+07 -0.000212863
-5.98215e+07 -0.000212853
-5.98184e+07 -0.000212842
-5.98154e+07 -0.000212831
-5.98124e+07 -0.00021282
-5.98094e+07 -0.00021281
-5.98064e+07 -0.000212799
-5.98034e+07 -0.000212788
-5.98004e+07 -0.000212778
-5.97974e+07 -0.000212767
-5.97944e+07 -0.000212756
-5.97914e+07 -0.000212746
-5.97884e+07 -0.000212735
-5.97854e+07 -0.000212724
-5.97824e+07 -0.000212714
-5.97794e+07 -0.000212703
-5.97764e+07 -0.000212692
-5.97734e+07 -0.000212681
-5.97704e+07 -0.000212671
-5.97674e+07 -0.00021266
-5.97644e+07 -0.000212649
-5.97613e+07 -0.000212639
-5.97583e+07 -0.000212628
-5.97553e+07 -0.000212617
-5.97523e+07 -0.000212607
-5.97493e+07 -0.000212596
-5.97463e+07 -0.000212585
-5.97433e+07 -0.000212575
-5.97403e+07 -0.000212564
-5.97373e+07 -0.000212553
-5.97343e+07 -0.000212542
-5.97313e+07 -0.000212532
-5.97283e+07 -0.000212521
-5.97253e+07 -0.00021251
-5.97223e+07 -0.0002125
-5.97193e+07 -0.000212489
-5.97163e+07 -0.000212478
-5.97133e+07 -0.000212468
-5.97103e+07 -0.000212457
-5.97073e+07 -0.000212446
-5.97043e+07 -0.000212436
-5.97012e+07 -0.000212425
-5.96982e+07 -0.000212414
-5.96952e+07 -0.000212403
-5.96922e+07 -0.000212393
-5.96892e+07 -0.000212382
-5.96862e+07 -0.000212371
-5.96832e+07 -0.000212361
-5.96802e+07 -0.00021235
-5.96772e+07 -0.000212339
-5.96742e+07 -0.000212329
-5.96712e+07 -0.000212318
-5.96682e+07 -0.000212307
-5.96652e+07 -0.000212297
-5.96622e+07 -0.000212286
-5.96592e+07 -0.000212275
-5.96562e+07 -0.000212265
-5.96532e+07 -0.000212254
-5.96502e+07 -0.000212243
-5.96472e+07 -0.000212232
-5.96442e+07 -0.000212222
-5.96412e+07 -0.000212211
-5.96382e+07 -0.0002122
-5.96352e+07 -0.00021219
-5.96322e+07 -0.000212179
-5.96291e+07 -0.000212168
-5.96261e+07 -0.000212158
-5.96231e+07 -0.000212147
-5.96201e+07 -0.000212136
-5.96171e+07 -0.000212126
-5.96141e+07 -0.000212115
-5.96111e+07 -0.000212104
-5.96081e+07 -0.000212093
-5.96051e+07 -0.000212083
-5.96021e+07 -0.000212072
-5.95991e+07 -0.000212061
-5.95961e+07 -0.000212051
-5.95931e+07 -0.00021204
-5.95901e+07 -0.000212029
-5.95871e+07 -0.000212019
-5.95841e+07 -0.000212008
-5.95811e+07 -0.000211997
-5.95781e+07 -0.000211987
-5.95751e+07 -0.000211976
-5.95721e+07 -0.000211965
-5.95691e+07 -0.000211955
-5.95661e+07 -0.000211944
-5.95631e+07 -0.000211933
-5.95601e+07 -0.000211923
-5.95571e+07 -0.000211912
-5.95541e+07 -0.000211901
-5.95511e+07 -0.00021189
-5.95481e+07 -0.00021188
-5.9545e+07 -0.000211869
-5.9542e+07 -0.000211858
-5.9539e+07 -0.000211848
-5.9536e+07 -0.000211837
-5.9533e+07 -0.000211826
-5.953e+07 -0.000211816
-5.9527e+07 -0.000211805
-5.9524e+07 -0.000211794
-5.9521e+07 -0.000211784
-5.9518e+07 -0.000211773
-5.9515e+07 -0.000211762
-5.9512e+07 -0.000211752
-5.9509e+07 -0.000211741
-5.9506e+07 -0.00021173
-5.9503e+07 -0.000211719
-5.95e+07 -0.000211709
-5.9497e+07 -0.000211698
-5.9494e+07 -0.000211687
-5.9491e+07 -0.000211677
-5.9488e+07 -0.000211666
-5.9485e+07 -0.000211655
-5.9482e+07 -0.000211645
-5.9479e+07 -0.000211634
-5.9476e+07 -0.000211623
-5.9473e+07 -0.000211613
-5.947e+07 -0.000211602
-5.9467e+07 -0.000211591
-5.9464e+07 -0.000211581
-5.9461e+07 -0.00021157
-5.9458e+07 -0.000211559
-5.9455e+07 -0.000211549
-5.9452e+07 -0.000211538
-5.9449e+07 -0.000211527
-5.9446e+07 -0.000211516
-5.9443e+07 -0.000211506
-5.944e+07 -0.000211495
-5.94369e+07 -0.000211484
-5.94339e+07 -0.000211474
-5.94309e+07 -0.000211463
-5.94279e+07 -0.000211452
-5.94249e+07 -0.000211442
-5.94219e+07 -0.000211431
-5.94189e+07 -0.00021142
-5.94159e+07 -0.00021141
-5.94129e+07 -0.000211399
-5.94099e+07 -0.000211388
-5.94069e+07 -0.000211378
-5.94039e+07 -0.000211367
-5.94009e+07 -0.000211356
-5.93979e+07 -0.000211346
-5.93949e+07 -0.000211335
-5.93919e+07 -0.000211324
-5.93889e+07 -0.000211314
-5.93859e+07 -0.000211303
-5.93829e+07 -0.000211292
-5.93799e+07 -0.000211281
-5.93769e+07 -0.000211271
-5.93739e+07 -0.00021126
-5.93709e+07 -0.000211249
-5.93679e+07 -0.000211239
-5.93649e+07 -0.000211228
-5.93619e+07 -0.000211217
-5.93589e+07 -0.000211207
-5.93559e+07 -0.000211196
-5.93529e+07 -0.000211185
-5.93499e+07 -0.000211175
-5.93469e+07 -0.000211164
-5.93439e+07 -0.000211153
-5.93409e+07 -0.000211143
-5.93379e+07 -0.000211132
-5.93349e+07 -0.000211121
-5.93319e+07 -0.000211111
-5.93289e+07 -0.0002111
-5.93259e+07 -0.000211089
-5.93229e+07 -0.000211079
-5.93199e+07 -0.000211068
-5.93169e+07 -0.000211057
-5.93139e+07 -0.000211047
-5.93109e+07 -0.000211036
-5.93079e+07 -0.000211025
-5.93049e+07 -0.000211014
-5.93019e+07 -0.000211004
-5.92989e+07 -0.000210993
-5.92959e+07 -0.000210982
-5.92929e+07 -0.000210972
-5.92899e+07 -0.000210961
-5.92869e+07 -0.00021095
-5.92839e+07 -0.00021094
-5.92809e+07 -0.000210929
-5.92779e+07 -0.000210918
-5.92749e+07 -0.000210908
-5.92719e+07 -0.000210897
-5.92689e+07 -0.000210886
-5.92659e+07 -0.000210876
-5.92629e+07 -0.000210865
-5.92599e+07 -0.000210854
-5.92569e+07 -0.000210844
-5.92539e+07 -0.000210833
-5.92509e+07 -0.000210822
-5.92479e+07 -0.000210812
-5.92449e+07 -0.000210801
-5.92419e+07 -0.00021079
-5.92388e+07 -0.00021078
-5.92358e+07 -0.000210769
-5.92328e+07 -0.000210758
-5.92298e+07 -0.000210748
-5.92268e+07 -0.000210737
-5.92238e+07 -0.000210726
-5.92208e+07 -0.000210716
-5.92178e+07 -0.000210705
-5.92148e+07 -0.000210694
-5.92118e+07 -0.000210683
-5.92088e+07 -0.000210673
-5.92058e+07 -0.000210662
-5.92028e+07 -0.000210651
-5.91998e+07 -0.000210641
-5.91968e+07 -0.00021063
-5.91938e+07 -0.000210619
-5.91908e+07 -0.000210609
-5.91878e+07 -0.000210598
-5.91848e+07 -0.000210587
-5.91818e+07 -0.000210577
-5.91788e+07 -0.000210566
-5.91758e+07 -0.000210555
-5.91728e+07 -0.000210545
-5.91698e+07 -0.000210534
-5.91668e+07 -0.000210523
-5.91638e+07 -0.000210513
-5.91608e+07 -0.000210502
-5.91578e+07 -0.000210491
-5.91548e+07 -0.000210481
-5.91518e+07 -0.00021047
-5.91488e+07 -0.000210459
-5.91458e+07 -0.000210449
-5.91428e+07 -0.000210438
-5.91398e+07 -0.000210427
-5.91368e+07 -0.000210417
-5.91338e+07 -0.000210406
-5.91308e+07 -0.000210395
-5.91278e+07 -0.000210385
-5.91248e+07 -0.000210374
-5.91218e+07 -0.000210363
-5.91188e+07 -0.000210353
-5.91158e+07 -0.000210342
-5.91128e+07 -0.000210331
-5.91098e+07 -0.000210321
-5.91068e+07 -0.00021031
-5.91038e+07 -0.000210299
-5.91008e+07 -0.000210289
-5.90978e+07 -0.000210278
-5.90948e+07 -0.000210267
-5.90918e+07 -0.000210257
-5.90888e+07 -0.000210246
-5.90859e+07 -0.000210235
-5.90829e+07 -0.000210225
-5.90799e+07 -0.000210214
-5.90769e+07 -0.000210203
-5.90739e+07 -0.000210193
-5.90709e+07 -0.000210182
-5.90679e+07 -0.000210171
-5.90649e+07 -0.00021016
-5.90619e+07 -0.00021015
-5.90589e+07 -0.000210139
-5.90559e+07 -0.000210128
-5.90529e+07 -0.000210118
-5.90499e+07 -0.000210107
-5.90469e+07 -0.000210096
-5.90439e+07 -0.000210086
-5.90409e+07 -0.000210075
-5.90379e+07 -0.000210064
-5.90349e+07 -0.000210054
-5.90319e+07 -0.000210043
-5.90289e+07 -0.000210032
-5.90259e+07 -0.000210022
-5.90229e+07 -0.000210011
-5.90199e+07 -0.00021
-5.90169e+07 -0.00020999
-5.90139e+07 -0.000209979
-5.90109e+07 -0.000209968
-5.90079e+07 -0.000209958
-5.90049e+07 -0.000209947
-5.90019e+07 -0.000209936
-5.89989e+07 -0.000209926
-5.89959e+07 -0.000209915
-5.89929e+07 -0.000209904
-5.89899e+07 -0.000209894
-5.89869e+07 -0.000209883
-5.89839e+07 -0.000209872
-5.89809e+07 -0.000209862
-5.89779e+07 -0.000209851
-5.89749e+07 -0.00020984
-5.89719e+07 -0.00020983
-5.89689e+07 -0.000209819
-5.89659e+07 -0.000209808
-5.89629e+07 -0.000209798
-5.89599e+07 -0.000209787
-5.89569e+07 -0.000209776
-5.89539e+07 -0.000209766
-5.89509e+07 -0.000209755
-5.89479e+07 -0.000209744
-5.89449e+07 -0.000209734
-5.89419e+07 -0.000209723
-5.89389e+07 -0.000209712
-5.89359e+07 -0.000209702
-5.89329e+07 -0.000209691
-5.89299e+07 -0.00020968
-5.89269e+07 -0.00020967
-5.89239e+07 -0.000209659
-5.89209e+07 -0.000209648
-5.89179e+07 -0.000209638
-5.89149e+07 -0.000209627
-5.89119e+07 -0.000209616
-5.89089e+07 -0.000209606
-5.89059e+07 -0.000209595
-5.89029e+07 -0.000209584
-5.88999e+07 -0.000209574
-5.88969e+07 -0.000209563
-5.88939e+07 -0.000209552
-5.88909e+07 -0.000209542
-5.88879e+07 -0.000209531
-5.8885e+07 -0.00020952
-5.8882e+07 -0.00020951
-5.8879e+07 -0.000209499
-5.8876e+07 -0.000209488
-5.8873e+07 -0.000209478
-5.887e+07 -0.000209467
-5.8867e+07 -0.000209456
-5.8864e+07 -0.000209446
-5.8861e+07 -0.000209435
-5.8858e+07 -0.000209424
-5.8855e+07 -0.000209414
-5.8852e+07 -0.000209403
-5.8849e+07 -0.000209392
-5.8846e+07 -0.000209382
-5.8843e+07 -0.000209371
-5.884e+07 -0.00020936
-5.8837e+07 -0.00020935
-5.8834e+07 -0.000209339
-5.8831e+07 -0.000209328
-5.8828e+07 -0.000209318
-5.8825e+07 -0.000209307
-5.8822e+07 -0.000209296
-5.8819e+07 -0.000209286
-5.8816e+07 -0.000209275
-5.8813e+07 -0.000209264
-5.881e+07 -0.000209254
-5.8807e+07 -0.000209243
-5.8804e+07 -0.000209232
-5.8801e+07 -0.000209222
-5.8798e+07 -0.000209211
-5.8795e+07 -0.0002092
-5.8792e+07 -0.00020919
-5.8789e+07 -0.000209179
-5.8786e+07 -0.000209168
-5.8783e+07 -0.000209158
-5.878e+07 -0.000209147
-5.87771e+07 -0.000209136
-5.87741e+07 -0.000209126
-5.87711e+07 -0.000209115
-5.87681e+07 -0.000209104
-5.87651e+07 -0.000209094
-5.87621e+07 -0.000209083
-5.87591e+07 -0.000209072
-5.87561e+07 -0.000209062
-5.87531e+07 -0.000209051
-5.87501e+07 -0.00020904
-5.87471e+07 -0.00020903
-5.87441e+07 -0.000209019
-5.87411e+07 -0.000209008
-5.87381e+07 -0.000208998
-5.87351e+07 -0.000208987
-5.87321e+07 -0.000208977
-5.87291e+07 -0.000208966
-5.87261e+07 -0.000208955
-5.87231e+07 -0.000208945
-5.87201e+07 -0.000208934
-5.87171e+07 -0.000208923
-5.87141e+07 -0.000208913
-5.87111e+07 -0.000208902
-5.87081e+07 -0.000208891
-5.87051e+07 -0.000208881
-5.87021e+07 -0.00020887
-5.86991e+07 -0.000208859
-5.86961e+07 -0.000208849
-5.86932e+07 -0.000208838
-5.86902e+07 -0.000208827
-5.86872e+07 -0.000208817
-5.86842e+07 -0.000208806
-5.86812e+07 -0.000208795
-5.86782e+07 -0.000208785
-5.86752e+07 -0.000208774
-5.86722e+07 -0.000208763
-5.86692e+07 -0.000208753
-5.86662e+07 -0.000208742
-5.86632e+07 -0.000208731
-5.86602e+07 -0.000208721
-5.86572e+07 -0.00020871
-5.86542e+07 -0.000208699
-5.86512e+07 -0.000208689
-5.86482e+07 -0.000208678
-5.86452e+07 -0.000208667
-5.86422e+07 -0.000208657
-5.86392e+07 -0.000208646
-5.86362e+07 -0.000208635
-5.86332e+07 -0.000208625
-5.86302e+07 -0.000208614
-5.86272e+07 -0.000208603
-5.86243e+07 -0.000208593
-5.86213e+07 -0.000208582
-5.86183e+07 -0.000208571
-5.86153e+07 -0.000208561
-5.86123e+07 -0.00020855
-5.86093e+07 -0.000208539
-5.86063e+07 -0.000208529
-5.86033e+07 -0.000208518
-5.86003e+07 -0.000208507
-5.85973e+07 -0.000208497
-5.85943e+07 -0.000208486
-5.85913e+07 -0.000208476
-5.85883e+07 -0.000208465
-5.85853e+07 -0.000208454
-5.85823e+07 -0.000208444
-5.85793e+07 -0.000208433
-5.85763e+07 -0.000208422
-5.85733e+07 -0.000208412
-5.85703e+07 -0.000208401
-5.85673e+07 -0.00020839
-5.85643e+07 -0.00020838
-5.85614e+07 -0.000208369
-5.85584e+07 -0.000208358
-5.85554e+07 -0.000208348
-5.85524e+07 -0.000208337
-5.85494e+07 -0.000208326
-5.85464e+07 -0.000208316
-5.85434e+07 -0.000208305
-5.85404e+07 -0.000208294
-5.85374e+07 -0.000208284
-5.85344e+07 -0.000208273
-5.85314e+07 -0.000208262
-5.85284e+07 -0.000208252
-5.85254e+07 -0.000208241
-5.85224e+07 -0.00020823
-5.85194e+07 -0.00020822
-5.85164e+07 -0.000208209
-5.85134e+07 -0.000208198
-5.85104e+07 -0.000208188
-5.85074e+07 -0.000208177
-5.85045e+07 -0.000208167
-5.85015e+07 -0.000208156
-5.84985e+07 -0.000208145
-5.84955e+07 -0.000208135
-5.84925e+07 -0.000208124
-5.84895e+07 -0.000208113
-5.84865e+07 -0.000208103
-5.84835e+07 -0.000208092
-5.84805e+07 -0.000208081
-5.84775e+07 -0.000208071
-5.84745e+07 -0.00020806
-5.84715e+07 -0.000208049
-5.84685e+07 -0.000208039
-5.84655e+07 -0.000208028
-5.84625e+07 -0.000208017
-5.84595e+07 -0.000208007
-5.84565e+07 -0.000207996
-5.84536e+07 -0.000207985
-5.84506e+07 -0.000207975
-5.84476e+07 -0.000207964
-5.84446e+07 -0.000207953
-5.84416e+07 -0.000207943
-5.84386e+07 -0.000207932
-5.84356e+07 -0.000207921
-5.84326e+07 -0.000207911
-5.84296e+07 -0.0002079
-5.84266e+07 -0.00020789
-5.84236e+07 -0.000207879
-5.84206e+07 -0.000207868
-5.84176e+07 -0.000207858
-5.84146e+07 -0.000207847
-5.84116e+07 -0.000207836
-5.84086e+07 -0.000207826
-5.84057e+07 -0.000207815
-5.84027e+07 -0.000207804
-5.83997e+07 -0.000207794
-5.83967e+07 -0.000207783
-5.83937e+07 -0.000207772
-5.83907e+07 -0.000207762
-5.83877e+07 -0.000207751
-5.83847e+07 -0.00020774
-5.83817e+07 -0.00020773
-5.83787e+07 -0.000207719
-5.83757e+07 -0.000207708
-5.83727e+07 -0.000207698
-5.83697e+07 -0.000207687
-5.83667e+07 -0.000207676
-5.83637e+07 -0.000207666
-5.83608e+07 -0.000207655
-5.83578e+07 -0.000207645
-5.83548e+07 -0.000207634
-5.83518e+07 -0.000207623
-5.83488e+07 -0.000207613
-5.83458e+07 -0.000207602
-5.83428e+07 -0.000207591
-5.83398e+07 -0.000207581
-5.83368e+07 -0.00020757
-5.83338e+07 -0.000207559
-5.83308e+07 -0.000207549
-5.83278e+07 -0.000207538
-5.83248e+07 -0.000207527
-5.83218e+07 -0.000207517
-5.83188e+07 -0.000207506
-5.83159e+07 -0.000207495
-5.83129e+07 -0.000207485
-5.83099e+07 -0.000207474
-5.83069e+07 -0.000207464
-5.83039e+07 -0.000207453
-5.83009e+07 -0.000207442
-5.82979e+07 -0.000207432
-5.82949e+07 -0.000207421
-5.82919e+07 -0.00020741
-5.82889e+07 -0.0002074
-5.82859e+07 -0.000207389
-5.82829e+07 -0.000207378
-5.82799e+07 -0.000207368
-5.82769e+07 -0.000207357
-5.8274e+07 -0.000207346
-5.8271e+07 -0.000207336
-5.8268e+07 -0.000207325
-5.8265e+07 -0.000207314
-5.8262e+07 -0.000207304
-5.8259e+07 -0.000207293
-5.8256e+07 -0.000207282
-5.8253e+07 -0.000207272
-5.825e+07 -0.000207261
-5.8247e+07 -0.000207251
-5.8244e+07 -0.00020724
-5.8241e+07 -0.000207229
-5.82381e+07 -0.000207219
-5.82351e+07 -0.000207208
-5.82321e+07 -0.000207197
-5.82291e+07 -0.000207187
-5.82261e+07 -0.000207176
-5.82231e+07 -0.000207165
-5.82201e+07 -0.000207155
-5.82171e+07 -0.000207144
-5.82141e+07 -0.000207133
-5.82111e+07 -0.000207123
-5.82081e+07 -0.000207112
-5.82051e+07 -0.000207102
-5.82021e+07 -0.000207091
-5.81992e+07 -0.00020708
-5.81962e+07 -0.00020707
-5.81932e+07 -0.000207059
-5.81902e+07 -0.000207048
-5.81872e+07 -0.000207038
-5.81842e+07 -0.000207027
-5.81812e+07 -0.000207016
-5.81782e+07 -0.000207006
-5.81752e+07 -0.000206995
-5.81722e+07 -0.000206984
-5.81692e+07 -0.000206974
-5.81662e+07 -0.000206963
-5.81633e+07 -0.000206952
-5.81603e+07 -0.000206942
-5.81573e+07 -0.000206931
-5.81543e+07 -0.000206921
-5.81513e+07 -0.00020691
-5.81483e+07 -0.000206899
-5.81453e+07 -0.000206889
-5.81423e+07 -0.000206878
-5.81393e+07 -0.000206867
-5.81363e+07 -0.000206857
-5.81333e+07 -0.000206846
-5.81303e+07 -0.000206835
-5.81274e+07 -0.000206825
-5.81244e+07 -0.000206814
-5.81214e+07 -0.000206803
-5.81184e+07 -0.000206793
-5.81154e+07 -0.000206782
-5.81124e+07 -0.000206772
-5.81094e+07 -0.000206761
-5.81064e+07 -0.00020675
-5.81034e+07 -0.00020674
-5.81004e+07 -0.000206729
-5.80974e+07 -0.000206718
-5.80945e+07 -0.000206708
-5.80915e+07 -0.000206697
-5.80885e+07 -0.000206686
-5.80855e+07 -0.000206676
-5.80825e+07 -0.000206665
-5.80795e+07 -0.000206654
-5.80765e+07 -0.000206644
-5.80735e+07 -0.000206633
-5.80705e+07 -0.000206623
-5.80675e+07 -0.000206612
-5.80646e+07 -0.000206601
-5.80616e+07 -0.000206591
-5.80586e+07 -0.00020658
-5.80556e+07 -0.000206569
-5.80526e+07 -0.000206559
-5.80496e+07 -0.000206548
-5.80466e+07 -0.000206537
-5.80436e+07 -0.000206527
-5.80406e+07 -0.000206516
-5.80376e+07 -0.000206505
-5.80346e+07 -0.000206495
-5.80317e+07 -0.000206484
-5.80287e+07 -0.000206474
-5.80257e+07 -0.000206463
-5.80227e+07 -0.000206452
-5.80197e+07 -0.000206442
-5.80167e+07 -0.000206431
-5.80137e+07 -0.00020642
-5.80107e+07 -0.00020641
-5.80077e+07 -0.000206399
-5.80047e+07 -0.000206388
-5.80017e+07 -0.000206378
-5.79988e+07 -0.000206367
-5.79958e+07 -0.000206357
-5.79928e+07 -0.000206346
-5.79898e+07 -0.000206335
-5.79868e+07 -0.000206325
-5.79838e+07 -0.000206314
-5.79808e+07 -0.000206303
-5.79778e+07 -0.000206293
-5.79748e+07 -0.000206282
-5.79719e+07 -0.000206271
-5.79689e+07 -0.000206261
-5.79659e+07 -0.00020625
-5.79629e+07 -0.00020624
-5.79599e+07 -0.000206229
-5.79569e+07 -0.000206218
-5.79539e+07 -0.000206208
-5.79509e+07 -0.000206197
-5.79479e+07 -0.000206186
-5.79449e+07 -0.000206176
-5.7942e+07 -0.000206165
-5.7939e+07 -0.000206154
-5.7936e+07 -0.000206144
-5.7933e+07 -0.000206133
-5.793e+07 -0.000206122
-5.7927e+07 -0.000206112
-5.7924e+07 -0.000206101
-5.7921e+07 -0.000206091
-5.7918e+07 -0.00020608
-5.7915e+07 -0.000206069
-5.79121e+07 -0.000206059
-5.79091e+07 -0.000206048
-5.79061e+07 -0.000206037
-5.79031e+07 -0.000206027
-5.79001e+07 -0.000206016
-5.78971e+07 -0.000206005
-5.78941e+07 -0.000205995
-5.78911e+07 -0.000205984
-5.78881e+07 -0.000205974
-5.78852e+07 -0.000205963
-5.78822e+07 -0.000205952
-5.78792e+07 -0.000205942
-5.78762e+07 -0.000205931
-5.78732e+07 -0.00020592
-5.78702e+07 -0.00020591
-5.78672e+07 -0.000205899
-5.78642e+07 -0.000205889
-5.78612e+07 -0.000205878
-5.78583e+07 -0.000205867
-5.78553e+07 -0.000205857
-5.78523e+07 -0.000205846
-5.78493e+07 -0.000205835
-5.78463e+07 -0.000205825
-5.78433e+07 -0.000205814
-5.78403e+07 -0.000205803
-5.78373e+07 -0.000205793
-5.78343e+07 -0.000205782
-5.78314e+07 -0.000205772
-5.78284e+07 -0.000205761
-5.78254e+07 -0.00020575
-5.78224e+07 -0.00020574
-5.78194e+07 -0.000205729
-5.78164e+07 -0.000205718
-5.78134e+07 -0.000205708
-5.78104e+07 -0.000205697
-5.78074e+07 -0.000205686
-5.78045e+07 -0.000205676
-5.78015e+07 -0.000205665
-5.77985e+07 -0.000205655
-5.77955e+07 -0.000205644
-5.77925e+07 -0.000205633
-5.77895e+07 -0.000205623
-5.77865e+07 -0.000205612
-5.77835e+07 -0.000205601
-5.77805e+07 -0.000205591
-5.77776e+07 -0.00020558
-5.77746e+07 -0.000205569
-5.77716e+07 -0.000205559
-5.77686e+07 -0.000205548
-5.77656e+07 -0.000205538
-5.77626e+07 -0.000205527
-5.77596e+07 -0.000205516
-5.77566e+07 -0.000205506
-5.77537e+07 -0.000205495
-5.77507e+07 -0.000205484
-5.77477e+07 -0.000205474
-5.77447e+07 -0.000205463
-5.77417e+07 -0.000205453
-5.77387e+07 -0.000205442
-5.77357e+07 -0.000205431
-5.77327e+07 -0.000205421
-5.77298e+07 -0.00020541
-5.77268e+07 -0.000205399
-5.77238e+07 -0.000205389
-5.77208e+07 -0.000205378
-5.77178e+07 -0.000205367
-5.77148e+07 -0.000205357
-5.77118e+07 -0.000205346
-5.77088e+07 -0.000205336
-5.77058e+07 -0.000205325
-5.77029e+07 -0.000205314
-5.76999e+07 -0.000205304
-5.76969e+07 -0.000205293
-5.76939e+07 -0.000205282
-5.76909e+07 -0.000205272
-5.76879e+07 -0.000205261
-5.76849e+07 -0.000205251
-5.76819e+07 -0.00020524
-5.7679e+07 -0.000205229
-5.7676e+07 -0.000205219
-5.7673e+07 -0.000205208
-5.767e+07 -0.000205197
-5.7667e+07 -0.000205187
-5.7664e+07 -0.000205176
-5.7661e+07 -0.000205166
-5.7658e+07 -0.000205155
-5.76551e+07 -0.000205144
-5.76521e+07 -0.000205134
-5.76491e+07 -0.000205123
-5.76461e+07 -0.000205112
-5.76431e+07 -0.000205102
-5.76401e+07 -0.000205091
-5.76371e+07 -0.00020508
-5.76342e+07 -0.00020507
-5.76266e+07 -0.000205043
-5.76073e+07 -0.000204974
-5.75879e+07 -0.000204905
-5.75686e+07 -0.000204837
-5.75493e+07 -0.000204768
-5.75299e+07 -0.000204699
-5.75106e+07 -0.00020463
-5.74912e+07 -0.000204561
-5.74719e+07 -0.000204493
-5.74526e+07 -0.000204424
-5.74332e+07 -0.000204355
-5.74139e+07 -0.000204286
-5.73945e+07 -0.000204217
-5.73752e+07 -0.000204148
-5.73558e+07 -0.00020408
-5.73365e+07 -0.000204011
-5.73172e+07 -0.000203942
-5.72978e+07 -0.000203873
-5.72785e+07 -0.000203804
-5.72591e+07 -0.000203735
-5.72398e+07 -0.000203667
-5.72204e+07 -0.000203598
-5.72011e+07 -0.000203529
-5.71818e+07 -0.00020346
-5.71624e+07 -0.000203391
-5.71431e+07 -0.000203323
-5.71237e+07 -0.000203254
-5.71044e+07 -0.000203185
-5.7085e+07 -0.000203116
-5.70657e+07 -0.000203047
-5.70464e+07 -0.000202978
-5.7027e+07 -0.00020291
-5.70077e+07 -0.000202841
-5.69883e+07 -0.000202772
-5.6969e+07 -0.000202703
-5.69496e+07 -0.000202634
-5.69303e+07 -0.000202565
-5.6911e+07 -0.000202497
-5.68916e+07 -0.000202428
-5.68723e+07 -0.000202359
-5.68529e+07 -0.00020229
-5.68336e+07 -0.000202221
-5.68142e+07 -0.000202152
-5.67949e+07 -0.000202084
-5.67755e+07 -0.000202015
-5.67562e+07 -0.000201946
-5.67369e+07 -0.000201877
-5.67175e+07 -0.000201808
-5.66982e+07 -0.00020174
-5.66788e+07 -0.000201671
-5.66595e+07 -0.000201602
-5.66401e+07 -0.000201533
-5.66208e+07 -0.000201464
-5.66014e+07 -0.000201395
-5.65821e+07 -0.000201327
-5.65628e+07 -0.000201258
-5.65434e+07 -0.000201189
-5.65241e+07 -0.00020112
-5.65047e+07 -0.000201051
-5.64854e+07 -0.000200982
-5.6466e+07 -0.000200914
-5.64467e+07 -0.000200845
-5.64273e+07 -0.000200776
-5.6408e+07 -0.000200707
-5.63727e+07 -0.000200581
-5.63356e+07 -0.000200449
-5.62985e+07 -0.000200318
-5.62614e+07 -0.000200186
-5.62244e+07 -0.000200054
-5.61873e+07 -0.000199922
-5.61502e+07 -0.00019979
-5.61131e+07 -0.000199658
-5.6076e+07 -0.000199526
-5.60389e+07 -0.000199394
-5.60019e+07 -0.000199262
-5.59648e+07 -0.00019913
-5.59277e+07 -0.000198998
-5.58906e+07 -0.000198866
-5.58535e+07 -0.000198734
-5.58164e+07 -0.000198602
-5.57794e+07 -0.00019847
-5.57423e+07 -0.000198338
-5.57052e+07 -0.000198206
-5.56681e+07 -0.000198074
-5.5631e+07 -0.000197942
-5.55939e+07 -0.00019781
-5.55569e+07 -0.000197679
-5.55198e+07 -0.000197547
-5.54827e+07 -0.000197415
-5.54456e+07 -0.000197283
-5.54085e+07 -0.000197151
-5.53714e+07 -0.000197019
-5.53344e+07 -0.000196887
-5.52973e+07 -0.000196755
-5.52602e+07 -0.000196623
-5.52231e+07 -0.000196491
-5.5186e+07 -0.000196359
-5.51489e+07 -0.000196227
-5.51119e+07 -0.000196095
-5.50748e+07 -0.000195963
-5.50377e+07 -0.000195831
-5.50006e+07 -0.000195699
-5.49635e+07 -0.000195567
-5.49264e+07 -0.000195435
-5.48894e+07 -0.000195304
-5.48523e+07 -0.000195172
-5.48152e+07 -0.00019504
-5.47781e+07 -0.000194908
-5.4741e+07 -0.000194776
-5.47039e+07 -0.000194644
-5.46669e+07 -0.000194512
-5.46298e+07 -0.00019438
-5.45927e+07 -0.000194248
-5.45556e+07 -0.000194116
-5.45185e+07 -0.000193984
-5.44814e+07 -0.000193852
-5.44444e+07 -0.00019372
-5.44073e+07 -0.000193588
-5.43702e+07 -0.000193456
-5.43331e+07 -0.000193324
-5.4296e+07 -0.000193192
-5.42589e+07 -0.00019306
-5.42219e+07 -0.000192929
-5.41848e+07 -0.000192797
-5.41477e+07 -0.000192665
-5.41106e+07 -0.000192533
-5.40735e+07 -0.000192401
-5.40365e+07 -0.000192269
-5.39994e+07 -0.000192137
-5.39623e+07 -0.000192005
-5.39252e+07 -0.000191873
-5.38881e+07 -0.000191741
-5.3851e+07 -0.000191609
-5.3814e+07 -0.000191477
-5.37769e+07 -0.000191345
-5.37398e+07 -0.000191213
-5.37027e+07 -0.000191081
-5.36656e+07 -0.000190949
-5.36286e+07 -0.000190817
-5.35915e+07 -0.000190685
-5.35544e+07 -0.000190554
-5.35173e+07 -0.000190422
-5.34802e+07 -0.00019029
-5.34431e+07 -0.000190158
-5.34061e+07 -0.000190026
-5.3369e+07 -0.000189894
-5.33319e+07 -0.000189762
-5.32948e+07 -0.00018963
-5.32577e+07 -0.000189498
-5.32207e+07 -0.000189366
-5.31836e+07 -0.000189234
-5.31465e+07 -0.000189102
-5.31094e+07 -0.00018897
-5.30723e+07 -0.000188838
-5.30353e+07 -0.000188706
-5.29982e+07 -0.000188574
-5.29611e+07 -0.000188442
-5.2924e+07 -0.000188311
-5.28869e+07 -0.000188179
-5.28498e+07 -0.000188047
-5.28128e+07 -0.000187915
-5.27757e+07 -0.000187783
-5.27386e+07 -0.000187651
-5.27015e+07 -0.000187519
-5.26644e+07 -0.000187387
-5.26274e+07 -0.000187255
-5.25903e+07 -0.000187123
-5.25532e+07 -0.000186991
-5.25161e+07 -0.000186859
-5.2479e+07 -0.000186727
-5.2442e+07 -0.000186595
-5.24049e+07 -0.000186463
-5.23678e+07 -0.000186331
-5.23307e+07 -0.0001862
-5.22936e+07 -0.000186068
-5.22566e+07 -0.000185936
-5.22195e+07 -0.000185804
-5.21824e+07 -0.000185672
-5.21453e+07 -0.00018554
-5.21082e+07 -0.000185408
-5.20712e+07 -0.000185276
-5.20341e+07 -0.000185144
-5.1997e+07 -0.000185012
-5.19599e+07 -0.00018488
-5.19228e+07 -0.000184748
-5.18858e+07 -0.000184616
-5.18487e+07 -0.000184484
-5.18116e+07 -0.000184352
-5.17745e+07 -0.000184221
-5.17374e+07 -0.000184089
-5.17004e+07 -0.000183957
-5.16633e+07 -0.000183825
-5.16262e+07 -0.000183693
-5.15891e+07 -0.000183561
-5.1552e+07 -0.000183429
-5.1515e+07 -0.000183297
-5.14779e+07 -0.000183165
-5.14408e+07 -0.000183033
-5.14037e+07 -0.000182901
-5.13666e+07 -0.000182769
-5.13296e+07 -0.000182637
-5.12925e+07 -0.000182505
-5.12554e+07 -0.000182373
-5.12183e+07 -0.000182241
-5.11812e+07 -0.00018211
-5.11442e+07 -0.000181978
-5.11071e+07 -0.000181846
-5.107e+07 -0.000181714
-5.10329e+07 -0.000181582
-5.09958e+07 -0.00018145
-5.09588e+07 -0.000181318
-5.09217e+07 -0.000181186
-5.08846e+07 -0.000181054
-5.08475e+07 -0.000180922
-5.08105e+07 -0.00018079
-5.07734e+07 -0.000180658
-5.07363e+07 -0.000180526
-5.06992e+07 -0.000180394
-5.06621e+07 -0.000180263
-5.06251e+07 -0.000180131
-5.0588e+07 -0.000179999
-5.05509e+07 -0.000179867
-5.05138e+07 -0.000179735
-5.04767e+07 -0.000179603
-5.04397e+07 -0.000179471
-5.04026e+07 -0.000179339
-5.03655e+07 -0.000179207
-5.03284e+07 -0.000179075
-5.02914e+07 -0.000178943
-5.02543e+07 -0.000178811
-5.02172e+07 -0.000178679
-5.01801e+07 -0.000178547
-5.0143e+07 -0.000178415
-5.0106e+07 -0.000178284
-5.00689e+07 -0.000178152
-5.00318e+07 -0.00017802
-4.99947e+07 -0.000177888
-4.99576e+07 -0.000177756
-4.99206e+07 -0.000177624
-4.98835e+07 -0.000177492
-4.98464e+07 -0.00017736
-4.98093e+07 -0.000177228
-4.97723e+07 -0.000177096
-4.97352e+07 -0.000176964
-4.96981e+07 -0.000176832
-4.9661e+07 -0.0001767
-4.96239e+07 -0.000176569
-4.95869e+07 -0.000176437
-4.95498e+07 -0.000176305
-4.95127e+07 -0.000176173
-4.94756e+07 -0.000176041
-4.94386e+07 -0.000175909
-4.94015e+07 -0.000175777
-4.93644e+07 -0.000175645
-4.93273e+07 -0.000175513
-4.92902e+07 -0.000175381
-4.92532e+07 -0.000175249
-4.92161e+07 -0.000175117
-4.9179e+07 -0.000174985
-4.91419e+07 -0.000174853
-4.91049e+07 -0.000174722
-4.90678e+07 -0.00017459
-4.90307e+07 -0.000174458
-4.89936e+07 -0.000174326
-4.89566e+07 -0.000174194
-4.89195e+07 -0.000174062
-4.88824e+07 -0.00017393
-4.88453e+07 -0.000173798
-4.88082e+07 -0.000173666
-4.87712e+07 -0.000173534
-4.87341e+07 -0.000173402
-4.8697e+07 -0.00017327
-4.86599e+07 -0.000173138
-4.86229e+07 -0.000173007
-4.85858e+07 -0.000172875
-4.85487e+07 -0.000172743
-4.85116e+07 -0.000172611
-4.84746e+07 -0.000172479
-4.84375e+07 -0.000172347
-4.84004e+07 -0.000172215
-4.83633e+07 -0.000172083
-4.83262e+07 -0.000171951
-4.82892e+07 -0.000171819
-4.82521e+07 -0.000171687
-4.8215e+07 -0.000171555
-4.81779e+07 -0.000171423
-4.81409e+07 -0.000171292
-4.81038e+07 -0.00017116
-4.80667e+07 -0.000171028
-4.80296e+07 -0.000170896
-4.79926e+07 -0.000170764
-4.79555e+07 -0.000170632
-4.79184e+07 -0.0001705
-4.78813e+07 -0.000170368
-4.78443e+07 -0.000170236
-4.78072e+07 -0.000170104
-4.77701e+07 -0.000169972
-4.7733e+07 -0.00016984
-4.7696e+07 -0.000169708
-4.76589e+07 -0.000169577
-4.76218e+07 -0.000169445
-4.75847e+07 -0.000169313
-4.75477e+07 -0.000169181
-4.75106e+07 -0.000169049
-4.74735e+07 -0.000168917
-4.74364e+07 -0.000168785
-4.73994e+07 -0.000168653
-4.73623e+07 -0.000168521
-4.73252e+07 -0.000168389
-4.72881e+07 -0.000168257
-4.7251e+07 -0.000168125
-4.7214e+07 -0.000167993
-4.71769e+07 -0.000167862
-4.71398e+07 -0.00016773
-4.71027e+07 -0.000167598
-4.70657e+07 -0.000167466
-4.70286e+07 -0.000167334
-4.69915e+07 -0.000167202
-4.69544e+07 -0.00016707
-4.69174e+07 -0.000166938
-4.68803e+07 -0.000166806
-4.68432e+07 -0.000166674
-4.68061e+07 -0.000166542
-4.67691e+07 -0.00016641
-4.6732e+07 -0.000166279
-4.66949e+07 -0.000166147
-4.66578e+07 -0.000166015
-4.66208e+07 -0.000165883
-4.65837e+07 -0.000165751
-4.65466e+07 -0.000165619
-4.65095e+07 -0.000165487
-4.64725e+07 -0.000165355
-4.64354e+07 -0.000165223
-4.63983e+07 -0.000165091
-4.63612e+07 -0.000164959
-4.63242e+07 -0.000164827
-4.62871e+07 -0.000164696
-4.625e+07 -0.000164564
-4.6213e+07 -0.000164432
-4.61759e+07 -0.0001643
-4.61388e+07 -0.000164168
-4.61017e+07 -0.000164036
-4.60647e+07 -0.000163904
-4.60276e+07 -0.000163772
-4.59905e+07 -0.00016364
-4.59534e+07 -0.000163508
-4.59164e+07 -0.000163376
-4.58793e+07 -0.000163245
-4.58422e+07 -0.000163113
-4.58051e+07 -0.000162981
-4.57681e+07 -0.000162849
-4.5731e+07 -0.000162717
-4.56939e+07 -0.000162585
-4.56568e+07 -0.000162453
-4.56198e+07 -0.000162321
-4.55827e+07 -0.000162189
-4.55456e+07 -0.000162057
-4.55085e+07 -0.000161925
-4.54715e+07 -0.000161793
-4.54344e+07 -0.000161662
-4.53973e+07 -0.00016153
-4.53603e+07 -0.000161398
-4.53232e+07 -0.000161266
-4.52861e+07 -0.000161134
-4.5249e+07 -0.000161002
-4.5212e+07 -0.00016087
-4.51749e+07 -0.000160738
-4.51378e+07 -0.000160606
-4.51007e+07 -0.000160474
-4.50637e+07 -0.000160342
-4.50266e+07 -0.000160211
-4.49895e+07 -0.000160079
-4.49524e+07 -0.000159947
-4.49154e+07 -0.000159815
-4.48783e+07 -0.000159683
-4.48412e+07 -0.000159551
-4.48042e+07 -0.000159419
-4.47671e+07 -0.000159287
-4.473e+07 -0.000159155
-4.46929e+07 -0.000159023
-4.46559e+07 -0.000158891
-4.46188e+07 -0.000158759
-4.45817e+07 -0.000158628
-4.45446e+07 -0.000158496
-4.45076e+07 -0.000158364
-4.44705e+07 -0.000158232
-4.44334e+07 -0.0001581
-4.43964e+07 -0.000157968
-4.43593e+07 -0.000157836
-4.43222e+07 -0.000157704
-4.42851e+07 -0.000157572
-4.42481e+07 -0.00015744
-4.4211e+07 -0.000157308
-4.41739e+07 -0.000157177
-4.41368e+07 -0.000157045
-4.40998e+07 -0.000156913
-4.40627e+07 -0.000156781
-4.40256e+07 -0.000156649
-4.39886e+07 -0.000156517
-4.39515e+07 -0.000156385
-4.39144e+07 -0.000156253
-4.38773e+07 -0.000156121
-4.38403e+07 -0.000155989
-4.38032e+07 -0.000155858
-4.37661e+07 -0.000155726
-4.37291e+07 -0.000155594
-4.3692e+07 -0.000155462
-4.36549e+07 -0.00015533
-4.36178e+07 -0.000155198
-4.35808e+07 -0.000155066
-4.35437e+07 -0.000154934
-4.35066e+07 -0.000154802
-4.34696e+07 -0.00015467
-4.34325e+07 -0.000154538
-4.33954e+07 -0.000154407
-4.33583e+07 -0.000154275
-4.33213e+07 -0.000154143
-4.32842e+07 -0.000154011
-4.32471e+07 -0.000153879
-4.32101e+07 -0.000153747
-4.3173e+07 -0.000153615
-4.31359e+07 -0.000153483
-4.30988e+07 -0.000153351
-4.30618e+07 -0.000153219
-4.30247e+07 -0.000153087
-4.29876e+07 -0.000152956
-4.29506e+07 -0.000152824
-4.29135e+07 -0.000152692
-4.28764e+07 -0.00015256
-4.28393e+07 -0.000152428
-4.28023e+07 -0.000152296
-4.27652e+07 -0.000152164
-4.27281e+07 -0.000152032
-4.26911e+07 -0.0001519
-4.2654e+07 -0.000151768
-4.26169e+07 -0.000151637
-4.25798e+07 -0.000151505
-4.25428e+07 -0.000151373
-4.25057e+07 -0.000151241
-4.24686e+07 -0.000151109
-4.24316e+07 -0.000150977
-4.23945e+07 -0.000150845
-4.23574e+07 -0.000150713
-4.23203e+07 -0.000150581
-4.22833e+07 -0.000150449
-4.22462e+07 -0.000150318
-4.22091e+07 -0.000150186
-4.21721e+07 -0.000150054
-4.2135e+07 -0.000149922
-4.20979e+07 -0.00014979
-4.20609e+07 -0.000149658
-4.20238e+07 -0.000149526
-4.19867e+07 -0.000149394
-4.19496e+07 -0.000149262
-4.19126e+07 -0.00014913
-4.18755e+07 -0.000148999
-4.18384e+07 -0.000148867
-4.18014e+07 -0.000148735
-4.17643e+07 -0.000148603
-4.17272e+07 -0.000148471
-4.16902e+07 -0.000148339
-4.16531e+07 -0.000148207
-4.1616e+07 -0.000148075
-4.15789e+07 -0.000147943
-4.15419e+07 -0.000147811
-4.15048e+07 -0.00014768
-4.14677e+07 -0.000147548
-4.14307e+07 -0.000147416
-4.13936e+07 -0.000147284
-4.13565e+07 -0.000147152
-4.13195e+07 -0.00014702
-4.12824e+07 -0.000146888
-4.12453e+07 -0.000146756
-4.12082e+07 -0.000146624
-4.11712e+07 -0.000146492
-4.11341e+07 -0.000146361
-4.1097e+07 -0.000146229
-4.106e+07 -0.000146097
-4.10229e+07 -0.000145965
-4.09858e+07 -0.000145833
-4.09488e+07 -0.000145701
-4.09117e+07 -0.000145569
-4.08746e+07 -0.000145437
-4.08376e+07 -0.000145305
-4.08005e+07 -0.000145173
-4.07634e+07 -0.000145042
-4.07263e+07 -0.00014491
-4.06893e+07 -0.000144778
-4.06522e+07 -0.000144646
-4.06151e+07 -0.000144514
-4.05781e+07 -0.000144382
-4.0541e+07 -0.00014425
-4.05039e+07 -0.000144118
-4.04669e+07 -0.000143986
-4.04298e+07 -0.000143855
-4.03927e+07 -0.000143723
-4.03557e+07 -0.000143591
-4.03186e+07 -0.000143459
-4.02815e+07 -0.000143327
-4.02445e+07 -0.000143195
-4.02074e+07 -0.000143063
-4.01703e+07 -0.000142931
-4.01333e+07 -0.000142799
-4.00962e+07 -0.000142667
-4.00591e+07 -0.000142536
-4.0022e+07 -0.000142404
-3.9985e+07 -0.000142272
-3.99479e+07 -0.00014214
-3.99108e+07 -0.000142008
-3.98738e+07 -0.000141876
-3.98367e+07 -0.000141744
-3.97996e+07 -0.000141612
-3.97626e+07 -0.00014148
-3.97255e+07 -0.000141349
-3.96884e+07 -0.000141217
-3.96514e+07 -0.000141085
-3.96143e+07 -0.000140953
-3.95772e+07 -0.000140821
-3.95402e+07 -0.000140689
-3.95031e+07 -0.000140557
-3.9466e+07 -0.000140425
-3.9429e+07 -0.000140293
-3.93919e+07 -0.000140162
-3.93548e+07 -0.00014003
-3.93178e+07 -0.000139898
-3.92807e+07 -0.000139766
-3.92436e+07 -0.000139634
-3.92066e+07 -0.000139502
-3.91695e+07 -0.00013937
-3.91324e+07 -0.000139238
-3.90954e+07 -0.000139106
-3.90583e+07 -0.000138974
-3.90212e+07 -0.000138843
-3.89841e+07 -0.000138711
-3.89471e+07 -0.000138579
-3.891e+07 -0.000138447
-3.88729e+07 -0.000138315
-3.88359e+07 -0.000138183
-3.87988e+07 -0.000138051
-3.87617e+07 -0.000137919
-3.87247e+07 -0.000137787
-3.86876e+07 -0.000137656
-3.86505e+07 -0.000137524
-3.86135e+07 -0.000137392
-3.85764e+07 -0.00013726
-3.85393e+07 -0.000137128
-3.85023e+07 -0.000136996
-3.84652e+07 -0.000136864
-3.84281e+07 -0.000136732
-3.83911e+07 -0.0001366
-3.8354e+07 -0.000136469
-3.83169e+07 -0.000136337
-3.82799e+07 -0.000136205
-3.82428e+07 -0.000136073
-3.82057e+07 -0.000135941
-3.81687e+07 -0.000135809
-3.81316e+07 -0.000135677
-3.80945e+07 -0.000135545
-3.80575e+07 -0.000135413
-3.80204e+07 -0.000135282
-3.79833e+07 -0.00013515
-3.79463e+07 -0.000135018
-3.79092e+07 -0.000134886
-3.78721e+07 -0.000134754
-3.78351e+07 -0.000134622
-3.7798e+07 -0.00013449
-3.7761e+07 -0.000134358
-3.77239e+07 -0.000134227
-3.76868e+07 -0.000134095
-3.76498e+07 -0.000133963
-3.76127e+07 -0.000133831
-3.75756e+07 -0.000133699
-3.75386e+07 -0.000133567
-3.75015e+07 -0.000133435
-3.74644e+07 -0.000133303
-3.74274e+07 -0.000133171
-3.73903e+07 -0.00013304
-3.73532e+07 -0.000132908
-3.73162e+07 -0.000132776
-3.72791e+07 -0.000132644
-3.7242e+07 -0.000132512
-3.7205e+07 -0.00013238
-3.71679e+07 -0.000132248
-3.71308e+07 -0.000132116
-3.70938e+07 -0.000131984
-3.70567e+07 -0.000131853
-3.70196e+07 -0.000131721
-3.69826e+07 -0.000131589
-3.69455e+07 -0.000131457
-3.69084e+07 -0.000131325
-3.68714e+07 -0.000131193
-3.68343e+07 -0.000131061
-3.67972e+07 -0.000130929
-3.67602e+07 -0.000130798
-3.67231e+07 -0.000130666
-3.66861e+07 -0.000130534
-3.6649e+07 -0.000130402
-3.66119e+07 -0.00013027
-3.65749e+07 -0.000130138
-3.65378e+07 -0.000130006
-3.65007e+07 -0.000129874
-3.64637e+07 -0.000129742
-3.64266e+07 -0.000129611
-3.63895e+07 -0.000129479
-3.63525e+07 -0.000129347
-3.63154e+07 -0.000129215
-3.62783e+07 -0.000129083
-3.62413e+07 -0.000128951
-3.62042e+07 -0.000128819
-3.61671e+07 -0.000128687
-3.61301e+07 -0.000128556
-3.6093e+07 -0.000128424
-3.6056e+07 -0.000128292
-3.60189e+07 -0.00012816
-3.59818e+07 -0.000128028
-3.59448e+07 -0.000127896
-3.59077e+07 -0.000127764
-3.58706e+07 -0.000127632
-3.58336e+07 -0.000127501
-3.57965e+07 -0.000127369
-3.57594e+07 -0.000127237
-3.57224e+07 -0.000127105
-3.56853e+07 -0.000126973
-3.56482e+07 -0.000126841
-3.56112e+07 -0.000126709
-3.55741e+07 -0.000126577
-3.55371e+07 -0.000126446
-3.55e+07 -0.000126314
-3.54629e+07 -0.000126182
-3.54259e+07 -0.00012605
-3.53888e+07 -0.000125918
-3.53517e+07 -0.000125786
-3.53147e+07 -0.000125654
-3.52776e+07 -0.000125522
-3.52405e+07 -0.00012539
-3.52035e+07 -0.000125259
-3.51664e+07 -0.000125127
-3.51294e+07 -0.000124995
-3.50923e+07 -0.000124863
-3.50552e+07 -0.000124731
-3.50182e+07 -0.000124599
-3.49811e+07 -0.000124467
-3.4944e+07 -0.000124335
-3.4907e+07 -0.000124204
-3.48699e+07 -0.000124072
-3.48329e+07 -0.00012394
-3.47958e+07 -0.000123808
-3.47587e+07 -0.000123676
-3.47217e+07 -0.000123544
-3.46846e+07 -0.000123412
-3.46475e+07 -0.00012328
-3.46105e+07 -0.000123149
-3.45734e+07 -0.000123017
-3.45363e+07 -0.000122885
-3.44993e+07 -0.000122753
-3.44622e+07 -0.000122621
-3.44252e+07 -0.000122489
-3.43881e+07 -0.000122357
-3.4351e+07 -0.000122225
-3.4314e+07 -0.000122094
-3.42769e+07 -0.000121962
-3.42398e+07 -0.00012183
-3.42028e+07 -0.000121698
-3.41657e+07 -0.000121566
-3.41287e+07 -0.000121434
-3.40916e+07 -0.000121302
-3.40545e+07 -0.00012117
-3.40175e+07 -0.000121039
-3.39804e+07 -0.000120907
-3.39433e+07 -0.000120775
-3.39063e+07 -0.000120643
-3.38692e+07 -0.000120511
-3.38322e+07 -0.000120379
-3.37951e+07 -0.000120247
-3.3758e+07 -0.000120116
-3.3721e+07 -0.000119984
-3.36839e+07 -0.000119852
-3.36468e+07 -0.00011972
-3.36098e+07 -0.000119588
-3.35727e+07 -0.000119456
-3.35357e+07 -0.000119324
-3.34986e+07 -0.000119192
-3.34615e+07 -0.000119061
-3.34245e+07 -0.000118929
-3.33874e+07 -0.000118797
-3.33504e+07 -0.000118665
-3.33133e+07 -0.000118533
-3.32762e+07 -0.000118401
-3.32392e+07 -0.000118269
-3.32021e+07 -0.000118137
-3.3165e+07 -0.000118006
-3.3128e+07 -0.000117874
-3.30909e+07 -0.000117742
-3.30539e+07 -0.00011761
-3.30168e+07 -0.000117478
-3.29797e+07 -0.000117346
-3.29427e+07 -0.000117214
-3.29056e+07 -0.000117082
-3.28686e+07 -0.000116951
-3.28315e+07 -0.000116819
-3.27944e+07 -0.000116687
-3.27574e+07 -0.000116555
-3.27203e+07 -0.000116423
-3.26833e+07 -0.000116291
-3.26462e+07 -0.000116159
-3.26091e+07 -0.000116028
-3.25721e+07 -0.000115896
-3.2535e+07 -0.000115764
-3.24979e+07 -0.000115632
-3.24609e+07 -0.0001155
-3.24238e+07 -0.000115368
-3.23868e+07 -0.000115236
-3.23497e+07 -0.000115104
-3.23126e+07 -0.000114973
-3.22756e+07 -0.000114841
-3.22385e+07 -0.000114709
-3.22015e+07 -0.000114577
-3.21644e+07 -0.000114445
-3.21273e+07 -0.000114313
-3.20903e+07 -0.000114181
-3.20532e+07 -0.00011405
-3.20162e+07 -0.000113918
-3.19791e+07 -0.000113786
-3.1942e+07 -0.000113654
-3.1905e+07 -0.000113522
-3.18679e+07 -0.00011339
-3.18309e+07 -0.000113258
-3.17938e+07 -0.000113126
-3.17567e+07 -0.000112995
-3.17197e+07 -0.000112863
-3.16826e+07 -0.000112731
-3.16456e+07 -0.000112599
-3.16085e+07 -0.000112467
-3.15714e+07 -0.000112335
-3.15344e+07 -0.000112203
-3.14973e+07 -0.000112072
-3.14603e+07 -0.00011194
-3.14232e+07 -0.000111808
-3.13861e+07 -0.000111676
-3.13491e+07 -0.000111544
-3.1312e+07 -0.000111412
-3.1275e+07 -0.00011128
-3.12379e+07 -0.000111149
-3.12008e+07 -0.000111017
-3.11638e+07 -0.000110885
-3.11267e+07 -0.000110753
-3.10897e+07 -0.000110621
-3.10526e+07 -0.000110489
-3.10155e+07 -0.000110357
-3.09785e+07 -0.000110226
-3.09414e+07 -0.000110094
-3.09044e+07 -0.000109962
-3.08673e+07 -0.00010983
-3.08302e+07 -0.000109698
-3.07932e+07 -0.000109566
-3.07561e+07 -0.000109434
-3.07191e+07 -0.000109302
-3.0682e+07 -0.000109171
-3.0645e+07 -0.000109039
-3.06079e+07 -0.000108907
-3.05708e+07 -0.000108775
-3.05338e+07 -0.000108643
-3.04967e+07 -0.000108511
-3.04597e+07 -0.000108379
-3.04226e+07 -0.000108248
-3.03855e+07 -0.000108116
-3.03485e+07 -0.000107984
-3.03114e+07 -0.000107852
-3.02744e+07 -0.00010772
-3.02373e+07 -0.000107588
-3.02002e+07 -0.000107456
-3.01632e+07 -0.000107325
-3.01261e+07 -0.000107193
-3.00891e+07 -0.000107061
-3.0052e+07 -0.000106929
-3.0015e+07 -0.000106797
-2.99779e+07 -0.000106665
-2.99408e+07 -0.000106533
-2.99038e+07 -0.000106402
-2.98667e+07 -0.00010627
-2.98297e+07 -0.000106138
-2.97926e+07 -0.000106006
-2.97555e+07 -0.000105874
-2.97185e+07 -0.000105742
-2.96814e+07 -0.00010561
-2.96444e+07 -0.000105479
-2.96073e+07 -0.000105347
-2.95703e+07 -0.000105215
-2.95332e+07 -0.000105083
-2.94961e+07 -0.000104951
-2.94591e+07 -0.000104819
-2.9422e+07 -0.000104687
-2.9385e+07 -0.000104556
-2.93479e+07 -0.000104424
-2.93109e+07 -0.000104292
-2.92738e+07 -0.00010416
-2.92367e+07 -0.000104028
-2.91997e+07 -0.000103896
-2.91626e+07 -0.000103764
-2.91256e+07 -0.000103633
-2.90885e+07 -0.000103501
-2.90514e+07 -0.000103369
-2.90144e+07 -0.000103237
-2.89773e+07 -0.000103105
-2.89403e+07 -0.000102973
-2.89032e+07 -0.000102841
-2.88662e+07 -0.00010271
-2.88291e+07 -0.000102578
-2.8792e+07 -0.000102446
-2.8755e+07 -0.000102314
-2.87179e+07 -0.000102182
-2.86809e+07 -0.00010205
-2.86438e+07 -0.000101918
-2.86068e+07 -0.000101787
-2.85697e+07 -0.000101655
-2.85326e+07 -0.000101523
-2.84956e+07 -0.000101391
-2.84585e+07 -0.000101259
-2.84215e+07 -0.000101127
-2.83844e+07 -0.000100995
-2.83474e+07 -0.000100864
-2.83103e+07 -0.000100732
-2.82733e+07 -0.0001006
-2.82362e+07 -0.000100468
-2.81991e+07 -0.000100336
-2.81621e+07 -0.000100204
-2.8125e+07 -0.000100073
-2.8088e+07 -9.99407e-05
-2.80509e+07 -9.98088e-05
-2.80139e+07 -9.9677e-05
-2.79768e+07 -9.95451e-05
-2.79397e+07 -9.94133e-05
-2.79027e+07 -9.92814e-05
-2.78656e+07 -9.91496e-05
-2.78286e+07 -9.90177e-05
-2.77915e+07 -9.88859e-05
-2.77545e+07 -9.8754e-05
-2.77174e+07 -9.86222e-05
-2.76803e+07 -9.84903e-05
-2.76433e+07 -9.83585e-05
-2.76062e+07 -9.82266e-05
-2.75692e+07 -9.80948e-05
-2.75321e+07 -9.79629e-05
-2.74951e+07 -9.78311e-05
-2.7458e+07 -9.76992e-05
-2.7421e+07 -9.75674e-05
-2.73839e+07 -9.74355e-05
-2.73468e+07 -9.73037e-05
-2.73098e+07 -9.71718e-05
-2.72727e+07 -9.704e-05
-2.72357e+07 -9.69081e-05
-2.71986e+07 -9.67763e-05
-2.71616e+07 -9.66444e-05
-2.71245e+07 -9.65126e-05
-2.70875e+07 -9.63807e-05
-2.70504e+07 -9.62489e-05
-2.70133e+07 -9.6117e-05
-2.69763e+07 -9.59852e-05
-2.69392e+07 -9.58533e-05
-2.69022e+07 -9.57215e-05
-2.68651e+07 -9.55896e-05
-2.68281e+07 -9.54578e-05
-2.6791e+07 -9.53259e-05
-2.6754e+07 -9.51941e-05
-2.67169e+07 -9.50622e-05
-2.66798e+07 -9.49304e-05
-2.66428e+07 -9.47985e-05
-2.66057e+07 -9.46667e-05
-2.65687e+07 -9.45349e-05
-2.65316e+07 -9.4403e-05
-2.64946e+07 -9.42712e-05
-2.64575e+07 -9.41393e-05
-2.64205e+07 -9.40075e-05
-2.63834e+07 -9.38756e-05
-2.63464e+07 -9.37438e-05
-2.63093e+07 -9.36119e-05
-2.62722e+07 -9.34801e-05
-2.62352e+07 -9.33482e-05
-2.61981e+07 -9.32164e-05
-2.61611e+07 -9.30846e-05
-2.6124e+07 -9.29527e-05
-2.6087e+07 -9.28209e-05
-2.60499e+07 -9.2689e-05
-2.60129e+07 -9.25572e-05
-2.59758e+07 -9.24253e-05
-2.59388e+07 -9.22935e-05
-2.59017e+07 -9.21616e-05
-2.58646e+07 -9.20298e-05
-2.58276e+07 -9.1898e-05
-2.57905e+07 -9.17661e-05
-2.57535e+07 -9.16343e-05
-2.57164e+07 -9.15024e-05
-2.56794e+07 -9.13706e-05
-2.56423e+07 -9.12387e-05
-2.56053e+07 -9.11069e-05
-2.55682e+07 -9.0975e-05
-2.55312e+07 -9.08432e-05
-2.54941e+07 -9.07114e-05
-2.54571e+07 -9.05795e-05
-2.542e+07 -9.04477e-05
-2.53829e+07 -9.03158e-05
-2.53459e+07 -9.0184e-05
-2.53088e+07 -9.00522e-05
-2.52718e+07 -8.99203e-05
-2.52347e+07 -8.97885e-05
-2.51977e+07 -8.96566e-05
-2.51606e+07 -8.95248e-05
-2.51236e+07 -8.93929e-05
-2.50865e+07 -8.92611e-05
-2.50495e+07 -8.91293e-05
-2.50124e+07 -8.89974e-05
-2.49754e+07 -8.88656e-05
-2.49383e+07 -8.87337e-05
-2.49012e+07 -8.86019e-05
-2.48642e+07 -8.84701e-05
-2.48271e+07 -8.83382e-05
-2.47901e+07 -8.82064e-05
-2.4753e+07 -8.80745e-05
-2.4716e+07 -8.79427e-05
-2.46789e+07 -8.78109e-05
-2.46419e+07 -8.7679e-05
-2.46048e+07 -8.75472e-05
-2.45678e+07 -8.74153e-05
-2.45307e+07 -8.72835e-05
-2.44937e+07 -8.71517e-05
-2.44566e+07 -8.70198e-05
-2.44196e+07 -8.6888e-05
-2.43825e+07 -8.67561e-05
-2.43455e+07 -8.66243e-05
-2.43084e+07 -8.64925e-05
-2.42713e+07 -8.63606e-05
-2.42343e+07 -8.62288e-05
-2.41972e+07 -8.6097e-05
-2.41602e+07 -8.59651e-05
-2.41231e+07 -8.58333e-05
-2.40861e+07 -8.57014e-05
-2.4049e+07 -8.55696e-05
-2.4012e+07 -8.54378e-05
-2.39749e+07 -8.53059e-05
-2.39379e+07 -8.51741e-05
-2.39008e+07 -8.50422e-05
-2.38638e+07 -8.49104e-05
-2.38267e+07 -8.47786e-05
-2.37897e+07 -8.46467e-05
-2.37526e+07 -8.45149e-05
-2.37156e+07 -8.43831e-05
-2.36785e+07 -8.42512e-05
-2.36415e+07 -8.41194e-05
-2.36044e+07 -8.39876e-05
-2.35674e+07 -8.38557e-05
-2.35303e+07 -8.37239e-05
-2.34932e+07 -8.3592e-05
-2.34562e+07 -8.34602e-05
-2.34191e+07 -8.33284e-05
-2.33821e+07 -8.31965e-05
-2.3345e+07 -8.30647e-05
-2.3308e+07 -8.29329e-05
-2.32709e+07 -8.2801e-05
-2.32339e+07 -8.26692e-05
-2.31968e+07 -8.25374e-05
-2.31598e+07 -8.24055e-05
-2.31227e+07 -8.22737e-05
-2.30857e+07 -8.21419e-05
-2.30486e+07 -8.201e-05
-2.30116e+07 -8.18782e-05
-2.29745e+07 -8.17464e-05
-2.29375e+07 -8.16145e-05
-2.29004e+07 -8.14827e-05
-2.28634e+07 -8.13509e-05
-2.28263e+07 -8.1219e-05
-2.27893e+07 -8.10872e-05
-2.27522e+07 -8.09554e-05
-2.27152e+07 -8.08235e-05
-2.26781e+07 -8.06917e-05
-2.26411e+07 -8.05599e-05
-2.2604e+07 -8.0428e-05
-2.2567e+07 -8.02962e-05
-2.25299e+07 -8.01644e-05
-2.24929e+07 -8.00325e-05
-2.24558e+07 -7.99007e-05
-2.24188e+07 -7.97689e-05
-2.23817e+07 -7.9637e-05
-2.23447e+07 -7.95052e-05
-2.23076e+07 -7.93734e-05
-2.22706e+07 -7.92415e-05
-2.22335e+07 -7.91097e-05
-2.21965e+07 -7.89779e-05
-2.21594e+07 -7.88461e-05
-2.21224e+07 -7.87142e-05
-2.20853e+07 -7.85824e-05
-2.20482e+07 -7.84506e-05
-2.20112e+07 -7.83187e-05
-2.19741e+07 -7.81869e-05
-2.19371e+07 -7.80551e-05
-2.19e+07 -7.79232e-05
-2.1863e+07 -7.77914e-05
-2.18259e+07 -7.76596e-05
-2.17889e+07 -7.75277e-05
-2.17518e+07 -7.73959e-05
-2.17148e+07 -7.72641e-05
-2.16777e+07 -7.71323e-05
-2.16407e+07 -7.70004e-05
-2.16036e+07 -7.68686e-05
-2.15666e+07 -7.67368e-05
-2.15295e+07 -7.66049e-05
-2.14925e+07 -7.64731e-05
-2.14554e+07 -7.63413e-05
-2.14184e+07 -7.62095e-05
-2.13813e+07 -7.60776e-05
-2.13443e+07 -7.59458e-05
-2.13072e+07 -7.5814e-05
-2.12702e+07 -7.56821e-05
-2.12331e+07 -7.55503e-05
-2.11961e+07 -7.54185e-05
-2.1159e+07 -7.52867e-05
-2.1122e+07 -7.51548e-05
-2.10849e+07 -7.5023e-05
-2.10479e+07 -7.48912e-05
-2.10108e+07 -7.47594e-05
-2.09738e+07 -7.46275e-05
-2.09368e+07 -7.44957e-05
-2.08997e+07 -7.43639e-05
-2.08627e+07 -7.4232e-05
-2.08256e+07 -7.41002e-05
-2.07886e+07 -7.39684e-05
-2.07515e+07 -7.38366e-05
-2.07145e+07 -7.37047e-05
-2.06774e+07 -7.35729e-05
-2.06404e+07 -7.34411e-05
-2.06033e+07 -7.33093e-05
-2.05663e+07 -7.31774e-05
-2.05292e+07 -7.30456e-05
-2.04922e+07 -7.29138e-05
-2.04551e+07 -7.2782e-05
-2.04181e+07 -7.26501e-05
-2.0381e+07 -7.25183e-05
-2.0344e+07 -7.23865e-05
-2.03069e+07 -7.22547e-05
-2.02699e+07 -7.21228e-05
-2.02328e+07 -7.1991e-05
-2.01958e+07 -7.18592e-05
-2.01587e+07 -7.17274e-05
-2.01217e+07 -7.15955e-05
-2.00846e+07 -7.14637e-05
-2.00476e+07 -7.13319e-05
-2.00105e+07 -7.12001e-05
-1.99735e+07 -7.10683e-05
-1.99364e+07 -7.09364e-05
-1.98994e+07 -7.08046e-05
-1.98623e+07 -7.06728e-05
-1.98253e+07 -7.0541e-05
-1.97882e+07 -7.04091e-05
-1.97512e+07 -7.02773e-05
-1.97141e+07 -7.01455e-05
-1.96771e+07 -7.00137e-05
-1.964e+07 -6.98818e-05
-1.9603e+07 -6.975e-05
-1.95659e+07 -6.96182e-05
-1.95289e+07 -6.94864e-05
-1.94919e+07 -6.93546e-05
-1.94548e+07 -6.92227e-05
-1.94178e+07 -6.90909e-05
-1.93807e+07 -6.89591e-05
-1.93437e+07 -6.88273e-05
-1.93066e+07 -6.86955e-05
-1.92696e+07 -6.85636e-05
-1.92325e+07 -6.84318e-05
-1.91955e+07 -6.83e-05
-1.91584e+07 -6.81682e-05
-1.91214e+07 -6.80364e-05
-1.90843e+07 -6.79045e-05
-1.90473e+07 -6.77727e-05
-1.90102e+07 -6.76409e-05
-1.89732e+07 -6.75091e-05
-1.89361e+07 -6.73773e-05
-1.88991e+07 -6.72454e-05
-1.8862e+07 -6.71136e-05
-1.8825e+07 -6.69818e-05
-1.87879e+07 -6.685e-05
-1.87509e+07 -6.67182e-05
-1.87139e+07 -6.65863e-05
-1.86768e+07 -6.64545e-05
-1.86398e+07 -6.63227e-05
-1.86027e+07 -6.61909e-05
-1.85657e+07 -6.60591e-05
-1.85286e+07 -6.59272e-05
-1.84916e+07 -6.57954e-05
-1.84545e+07 -6.56636e-05
-1.84175e+07 -6.55318e-05
-1.83804e+07 -6.54e-05
-1.83434e+07 -6.52682e-05
-1.83063e+07 -6.51363e-05
-1.82693e+07 -6.50045e-05
-1.82322e+07 -6.48727e-05
-1.81952e+07 -6.47409e-05
-1.81581e+07 -6.46091e-05
-1.81211e+07 -6.44773e-05
-1.80841e+07 -6.43454e-05
-1.8047e+07 -6.42136e-05
-1.801e+07 -6.40818e-05
-1.79729e+07 -6.395e-05
-1.79359e+07 -6.38182e-05
-1.78988e+07 -6.36864e-05
-1.78618e+07 -6.35545e-05
-1.78247e+07 -6.34227e-05
-1.77877e+07 -6.32909e-05
-1.77506e+07 -6.31591e-05
-1.77136e+07 -6.30273e-05
-1.76765e+07 -6.28955e-05
-1.76395e+07 -6.27636e-05
-1.76025e+07 -6.26318e-05
-1.75654e+07 -6.25e-05
-1.75284e+07 -6.23682e-05
-1.74913e+07 -6.22364e-05
-1.74543e+07 -6.21046e-05
-1.74172e+07 -6.19728e-05
-1.73802e+07 -6.18409e-05
-1.73431e+07 -6.17091e-05
-1.73061e+07 -6.15773e-05
-1.7269e+07 -6.14455e-05
-1.7232e+07 -6.13137e-05
-1.71949e+07 -6.11819e-05
-1.71579e+07 -6.10501e-05
-1.71209e+07 -6.09182e-05
-1.70838e+07 -6.07864e-05
-1.70468e+07 -6.06546e-05
-1.70097e+07 -6.05228e-05
-1.69727e+07 -6.0391e-05
-1.69356e+07 -6.02592e-05
-1.68986e+07 -6.01274e-05
-1.68615e+07 -5.99956e-05
-1.68245e+07 -5.98637e-05
-1.67874e+07 -5.97319e-05
-1.67504e+07 -5.96001e-05
-1.67134e+07 -5.94683e-05
-1.66763e+07 -5.93365e-05
-1.66393e+07 -5.92047e-05
-1.66022e+07 -5.90729e-05
-1.65652e+07 -5.89411e-05
-1.65281e+07 -5.88092e-05
-1.64911e+07 -5.86774e-05
-1.6454e+07 -5.85456e-05
-1.6417e+07 -5.84138e-05
-1.63799e+07 -5.8282e-05
-1.63429e+07 -5.81502e-05
-1.63059e+07 -5.80184e-05
-1.62688e+07 -5.78866e-05
-1.62318e+07 -5.77548e-05
-1.61947e+07 -5.7623e-05
-1.61577e+07 -5.74911e-05
-1.61206e+07 -5.73593e-05
-1.60836e+07 -5.72275e-05
-1.60465e+07 -5.70957e-05
-1.60095e+07 -5.69639e-05
-1.59725e+07 -5.68321e-05
-1.59354e+07 -5.67003e-05
-1.58984e+07 -5.65685e-05
-1.58613e+07 -5.64367e-05
-1.58243e+07 -5.63049e-05
-1.57872e+07 -5.61731e-05
