-0.0247187 -8.79522e-14
-0.0481902 -1.71467e-13
-0.0696073 -2.47672e-13
-0.0879211 -3.12835e-13
-0.101747 -3.62028e-13
-0.109263 -3.88771e-13
-0.107971 -3.84176e-13
-0.094419 -3.35955e-13
-0.0638009 -2.27012e-13
-0.00926473 -3.29651e-14
-24625.9 -8.76223e-08
-49251.1 -1.75242e-07
-73877.2 -2.62865e-07
-98502.1 -3.50483e-07
-123129 -4.38111e-07
-147755 -5.25732e-07
-172378 -6.13343e-07
-197007 -7.00976e-07
-221635 -7.88607e-07
-246259 -8.76224e-07
-270886 -9.63847e-07
-295512 -1.05147e-06
-320139 -1.1391e-06
-344765 -1.22672e-06
-369392 -1.31434e-06
-394020 -1.40197e-06
-418645 -1.48959e-06
-443272 -1.57722e-06
-467898 -1.66484e-06
-492525 -1.75247e-06
-517153 -1.8401e-06
-541781 -1.92773e-06
-566406 -2.01535e-06
-591036 -2.10298e-06
-615661 -2.1906e-06
-640289 -2.27823e-06
-664918 -2.36586e-06
-689544 -2.45349e-06
-714172 -2.54112e-06
-738800 -2.62875e-06
-763428 -2.71638e-06
-788055 -2.804e-06
-812683 -2.89163e-06
-837312 -2.97927e-06
-861939 -3.06689e-06
-886567 -3.15452e-06
-911196 -3.24215e-06
-935823 -3.32978e-06
-960453 -3.41742e-06
-985081 -3.50505e-06
-1.00971e+06 -3.59268e-06
-1.03434e+06 -3.68031e-06
-1.05897e+06 -3.76794e-06
-1.08359e+06 -3.85557e-06
-1.10822e+06 -3.94321e-06
-1.13285e+06 -4.03084e-06
-1.15748e+06 -4.11847e-06
-1.18211e+06 -4.20611e-06
-1.20674e+06 -4.29374e-06
-1.23137e+06 -4.38137e-06
-1.256e+06 -4.46901e-06
-1.28063e+06 -4.55664e-06
-1.30526e+06 -4.64427e-06
-1.32989e+06 -4.73191e-06
-1.35452e+06 -4.81954e-06
-1.37915e+06 -4.90718e-06
-1.40377e+06 -4.99481e-06
-1.42841e+06 -5.08245e-06
-1.45303e+06 -5.17009e-06
-1.47766e+06 -5.25772e-06
-1.50229e+06 -5.34536e-06
-1.52692e+06 -5.433e-06
-1.55155e+06 -5.52063e-06
-1.57618e+06 -5.60827e-06
-1.60081e+06 -5.69591e-06
-1.62544e+06 -5.78354e-06
-1.65008e+06 -5.87119e-06
-1.67471e+06 -5.95882e-06
-1.69933e+06 -6.04645e-06
-1.72397e+06 -6.1341e-06
-1.7486e+06 -6.22174e-06
-1.77323e+06 -6.30938e-06
-1.79786e+06 -6.39702e-06
-1.82249e+06 -6.48466e-06
-1.84712e+06 -6.5723e-06
-1.87175e+06 -6.65994e-06
-1.89638e+06 -6.74758e-06
-1.92101e+06 -6.83522e-06
-1.94564e+06 -6.92286e-06
-1.97028e+06 -7.0105e-06
-1.99491e+06 -7.09814e-06
-2.01954e+06 -7.18578e-06
-2.04417e+06 -7.27342e-06
-2.0688e+06 -7.36107e-06
-2.09343e+06 -7.44871e-06
-2.11807e+06 -7.53636e-06
-2.1427e+06 -7.624e-06
-2.16733e+06 -7.71164e-06
-2.19196e+06 -7.79927e-06
-2.21659e+06 -7.88693e-06
-2.24123e+06 -7.97457e-06
-2.26586e+06 -8.06222e-06
-2.29049e+06 -8.14986e-06
-2.31512e+06 -8.23751e-06
-2.33975e+06 -8.32515e-06
-2.36439e+06 -8.4128e-06
-2.38902e+06 -8.50044e-06
-2.41365e+06 -8.58809e-06
-2.43829e+06 -8.67575e-06
-2.46292e+06 -8.76338e-06
-2.48755e+06 -8.85103e-06
-2.51218e+06 -8.93867e-06
-2.53682e+06 -9.02633e-06
-2.56145e+06 -9.11397e-06
-2.58608e+06 -9.20162e-06
-2.61071e+06 -9.28926e-06
-2.63535e+06 -9.37692e-06
-2.65998e+06 -9.46457e-06
-2.68461e+06 -9.55221e-06
-2.70925e+06 -9.63986e-06
-2.73388e+06 -9.72751e-06
-2.75852e+06 -9.81516e-06
-2.78315e+06 -9.90281e-06
-2.80778e+06 -9.99046e-06
-2.83242e+06 -1.00781e-05
-2.85705e+06 -1.01658e-05
-2.88168e+06 -1.02534e-05
-2.90632e+06 -1.03411e-05
-2.93095e+06 -1.04287e-05
-2.95559e+06 -1.05164e-05
-2.98022e+06 -1.0604e-05
-3.00486e+06 -1.06917e-05
-3.02949e+06 -1.07793e-05
-3.05412e+06 -1.0867e-05
-3.07876e+06 -1.09546e-05
-3.10339e+06 -1.10423e-05
-3.12803e+06 -1.11299e-05
-3.15266e+06 -1.12176e-05
-3.1773e+06 -1.13052e-05
-3.20193e+06 -1.13929e-05
-3.22657e+06 -1.14805e-05
-3.2512e+06 -1.15682e-05
-3.27584e+06 -1.16559e-05
-3.30047e+06 -1.17435e-05
-3.32511e+06 -1.18312e-05
-3.34974e+06 -1.19188e-05
-3.37438e+06 -1.20065e-05
-3.39901e+06 -1.20941e-05
-3.42365e+06 -1.21818e-05
-3.44829e+06 -1.22695e-05
-3.47292e+06 -1.23571e-05
-3.49756e+06 -1.24448e-05
-3.52219e+06 -1.25324e-05
-3.54683e+06 -1.26201e-05
-3.57146e+06 -1.27077e-05
-3.5961e+06 -1.27954e-05
-3.62074e+06 -1.28831e-05
-3.64537e+06 -1.29707e-05
-3.67001e+06 -1.30584e-05
-3.69465e+06 -1.3146e-05
-3.71928e+06 -1.32337e-05
-3.74392e+06 -1.33213e-05
-3.76856e+06 -1.3409e-05
-3.79319e+06 -1.34967e-05
-3.81783e+06 -1.35843e-05
-3.84246e+06 -1.3672e-05
-3.8671e+06 -1.37597e-05
-3.89174e+06 -1.38473e-05
-3.91638e+06 -1.3935e-05
-3.94101e+06 -1.40226e-05
-3.96565e+06 -1.41103e-05
-3.99029e+06 -1.4198e-05
-4.01492e+06 -1.42856e-05
-4.03956e+06 -1.43733e-05
-4.0642e+06 -1.4461e-05
-4.08883e+06 -1.45486e-05
-4.11347e+06 -1.46363e-05
-4.13811e+06 -1.47239e-05
-4.16275e+06 -1.48116e-05
-4.18739e+06 -1.48993e-05
-4.21202e+06 -1.49869e-05
-4.23666e+06 -1.50746e-05
-4.2613e+06 -1.51623e-05
-4.28594e+06 -1.52499e-05
-4.31057e+06 -1.53376e-05
-4.33521e+06 -1.54253e-05
-4.35985e+06 -1.55129e-05
-4.38449e+06 -1.56006e-05
-4.40913e+06 -1.56883e-05
-4.43377e+06 -1.57759e-05
-4.45841e+06 -1.58636e-05
-4.48304e+06 -1.59513e-05
-4.50768e+06 -1.60389e-05
-4.53232e+06 -1.61266e-05
-4.55696e+06 -1.62143e-05
-4.5816e+06 -1.63019e-05
-4.60624e+06 -1.63896e-05
-4.63088e+06 -1.64773e-05
-4.65552e+06 -1.65649e-05
-4.68016e+06 -1.66526e-05
-4.7048e+06 -1.67403e-05
-4.72944e+06 -1.6828e-05
-4.75408e+06 -1.69156e-05
-4.77871e+06 -1.70033e-05
-4.80335e+06 -1.7091e-05
-4.82799e+06 -1.71786e-05
-4.85263e+06 -1.72663e-05
-4.87727e+06 -1.7354e-05
-4.90191e+06 -1.74416e-05
-4.92655e+06 -1.75293e-05
-4.95119e+06 -1.7617e-05
-4.97583e+06 -1.77047e-05
-5.00047e+06 -1.77923e-05
-5.02511e+06 -1.788e-05
-5.04975e+06 -1.79677e-05
-5.07439e+06 -1.80554e-05
-5.09903e+06 -1.8143e-05
-5.12367e+06 -1.82307e-05
-5.14832e+06 -1.83184e-05
-5.17296e+06 -1.84061e-05
-5.1976e+06 -1.84937e-05
-5.22224e+06 -1.85814e-05
-5.24688e+06 -1.86691e-05
-5.27152e+06 -1.87568e-05
-5.29616e+06 -1.88444e-05
-5.3208e+06 -1.89321e-05
-5.34544e+06 -1.90198e-05
-5.37008e+06 -1.91075e-05
-5.39472e+06 -1.91951e-05
-5.41937e+06 -1.92828e-05
-5.44401e+06 -1.93705e-05
-5.46865e+06 -1.94582e-05
-5.49329e+06 -1.95459e-05
-5.51793e+06 -1.96335e-05
-5.54257e+06 -1.97212e-05
-5.56722e+06 -1.98089e-05
-5.59186e+06 -1.98966e-05
-5.6165e+06 -1.99842e-05
-5.64114e+06 -2.00719e-05
-5.66578e+06 -2.01596e-05
-5.69042e+06 -2.02473e-05
-5.71507e+06 -2.0335e-05
-5.73971e+06 -2.04226e-05
-5.76435e+06 -2.05103e-05
-5.789e+06 -2.0598e-05
-5.81364e+06 -2.06857e-05
-5.83828e+06 -2.07734e-05
-5.86292e+06 -2.0861e-05
-5.88757e+06 -2.09487e-05
-5.91221e+06 -2.10364e-05
-5.93685e+06 -2.11241e-05
-5.96149e+06 -2.12118e-05
-5.98614e+06 -2.12995e-05
-6.01078e+06 -2.13871e-05
-6.03542e+06 -2.14748e-05
-6.06007e+06 -2.15625e-05
-6.08471e+06 -2.16502e-05
-6.10935e+06 -2.17379e-05
-6.134e+06 -2.18256e-05
-6.15864e+06 -2.19132e-05
-6.18328e+06 -2.20009e-05
-6.20793e+06 -2.20886e-05
-6.23257e+06 -2.21763e-05
-6.25722e+06 -2.2264e-05
-6.28186e+06 -2.23517e-05
-6.3065e+06 -2.24394e-05
-6.33115e+06 -2.25271e-05
-6.35579e+06 -2.26147e-05
-6.38043e+06 -2.27024e-05
-6.40508e+06 -2.27901e-05
-6.42972e+06 -2.28778e-05
-6.45437e+06 -2.29655e-05
-6.47901e+06 -2.30532e-05
-6.50366e+06 -2.31409e-05
-6.5283e+06 -2.32286e-05
-6.55295e+06 -2.33162e-05
-6.57759e+06 -2.34039e-05
-6.60224e+06 -2.34916e-05
-6.62688e+06 -2.35793e-05
-6.65153e+06 -2.3667e-05
-6.67617e+06 -2.37547e-05
-6.70082e+06 -2.38424e-05
-6.72546e+06 -2.39301e-05
-6.75011e+06 -2.40178e-05
-6.77475e+06 -2.41055e-05
-6.7994e+06 -2.41931e-05
-6.82404e+06 -2.42808e-05
-6.84869e+06 -2.43685e-05
-6.87333e+06 -2.44562e-05
-6.89798e+06 -2.45439e-05
-6.92262e+06 -2.46316e-05
-6.94727e+06 -2.47193e-05
-6.97192e+06 -2.4807e-05
-6.99656e+06 -2.48947e-05
-7.02121e+06 -2.49824e-05
-7.04585e+06 -2.50701e-05
-7.0705e+06 -2.51578e-05
-7.09515e+06 -2.52455e-05
-7.11979e+06 -2.53332e-05
-7.14444e+06 -2.54209e-05
-7.16909e+06 -2.55085e-05
-7.19373e+06 -2.55962e-05
-7.21838e+06 -2.56839e-05
-7.24303e+06 -2.57716e-05
-7.26767e+06 -2.58593e-05
-7.29232e+06 -2.5947e-05
-7.31697e+06 -2.60347e-05
-7.34161e+06 -2.61224e-05
-7.36626e+06 -2.62101e-05
-7.39091e+06 -2.62978e-05
-7.41555e+06 -2.63855e-05
-7.4402e+06 -2.64732e-05
-7.46485e+06 -2.65609e-05
-7.4895e+06 -2.66486e-05
-7.51414e+06 -2.67363e-05
-7.53879e+06 -2.6824e-05
-7.56344e+06 -2.69117e-05
-7.58809e+06 -2.69994e-05
-7.61273e+06 -2.70871e-05
-7.63738e+06 -2.71748e-05
-7.66203e+06 -2.72625e-05
-7.68668e+06 -2.73502e-05
-7.71133e+06 -2.74379e-05
-7.73597e+06 -2.75256e-05
-7.76062e+06 -2.76133e-05
-7.78527e+06 -2.7701e-05
-7.80992e+06 -2.77887e-05
-7.83457e+06 -2.78764e-05
-7.85922e+06 -2.79641e-05
-7.88386e+06 -2.80518e-05
-7.90851e+06 -2.81395e-05
-7.93316e+06 -2.82272e-05
-7.95781e+06 -2.83149e-05
-7.98246e+06 -2.84026e-05
-8.00711e+06 -2.84903e-05
-8.03176e+06 -2.8578e-05
-8.05641e+06 -2.86657e-05
-8.08106e+06 -2.87535e-05
-8.1057e+06 -2.88412e-05
-8.13035e+06 -2.89289e-05
-8.155e+06 -2.90166e-05
-8.17965e+06 -2.91043e-05
-8.2043e+06 -2.9192e-05
-8.22895e+06 -2.92797e-05
-8.2536e+06 -2.93674e-05
-8.27825e+06 -2.94551e-05
-8.3029e+06 -2.95428e-05
-8.32755e+06 -2.96305e-05
-8.3522e+06 -2.97182e-05
-8.37685e+06 -2.98059e-05
-8.4015e+06 -2.98936e-05
-8.42615e+06 -2.99813e-05
-8.4508e+06 -3.00691e-05
-8.47545e+06 -3.01568e-05
-8.5001e+06 -3.02445e-05
-8.52475e+06 -3.03322e-05
-8.5494e+06 -3.04199e-05
-8.57405e+06 -3.05076e-05
-8.5987e+06 -3.05953e-05
-8.62335e+06 -3.0683e-05
-8.64801e+06 -3.07707e-05
-8.67266e+06 -3.08584e-05
-8.69731e+06 -3.09462e-05
-8.72196e+06 -3.10339e-05
-8.74661e+06 -3.11216e-05
-8.77126e+06 -3.12093e-05
-8.79591e+06 -3.1297e-05
-8.82056e+06 -3.13847e-05
-8.84521e+06 -3.14724e-05
-8.86986e+06 -3.15601e-05
-8.89452e+06 -3.16479e-05
-8.91917e+06 -3.17356e-05
-8.94382e+06 -3.18233e-05
-8.96847e+06 -3.1911e-05
-8.99312e+06 -3.19987e-05
-9.01778e+06 -3.20864e-05
-9.04243e+06 -3.21741e-05
-9.06708e+06 -3.22619e-05
-9.09173e+06 -3.23496e-05
-9.11638e+06 -3.24373e-05
-9.14104e+06 -3.2525e-05
-9.16569e+06 -3.26127e-05
-9.19034e+06 -3.27004e-05
-9.21499e+06 -3.27881e-05
-9.23965e+06 -3.28759e-05
-9.2643e+06 -3.29636e-05
-9.28895e+06 -3.30513e-05
-9.3136e+06 -3.3139e-05
-9.33826e+06 -3.32267e-05
-9.36291e+06 -3.33145e-05
-9.38756e+06 -3.34022e-05
-9.41221e+06 -3.34899e-05
-9.43687e+06 -3.35776e-05
-9.46152e+06 -3.36653e-05
-9.48617e+06 -3.37531e-05
-9.51083e+06 -3.38408e-05
-9.53548e+06 -3.39285e-05
-9.56013e+06 -3.40162e-05
-9.58479e+06 -3.41039e-05
-9.60944e+06 -3.41917e-05
-9.63409e+06 -3.42794e-05
-9.65875e+06 -3.43671e-05
-9.6834e+06 -3.44548e-05
-9.70806e+06 -3.45425e-05
-9.73271e+06 -3.46303e-05
-9.75737e+06 -3.4718e-05
-9.78202e+06 -3.48057e-05
-9.80667e+06 -3.48934e-05
-9.83133e+06 -3.49811e-05
-9.85598e+06 -3.50689e-05
-9.88064e+06 -3.51566e-05
-9.90529e+06 -3.52443e-05
-9.92994e+06 -3.5332e-05
-9.9546e+06 -3.54198e-05
-9.97925e+06 -3.55075e-05
-1.00039e+07 -3.55952e-05
-1.00286e+07 -3.56829e-05
-1.00532e+07 -3.57707e-05
-1.00779e+07 -3.58584e-05
-1.01025e+07 -3.59461e-05
-1.01272e+07 -3.60338e-05
-1.01518e+07 -3.61216e-05
-1.01765e+07 -3.62093e-05
-1.02011e+07 -3.6297e-05
-1.02258e+07 -3.63848e-05
-1.02505e+07 -3.64725e-05
-1.02751e+07 -3.65602e-05
-1.02998e+07 -3.66479e-05
-1.03244e+07 -3.67357e-05
-1.03491e+07 -3.68234e-05
-1.03737e+07 -3.69111e-05
-1.03984e+07 -3.69989e-05
-1.04231e+07 -3.70866e-05
-1.04477e+07 -3.71743e-05
-1.04724e+07 -3.7262e-05
-1.0497e+07 -3.73498e-05
-1.05217e+07 -3.74375e-05
-1.05463e+07 -3.75252e-05
-1.0571e+07 -3.7613e-05
-1.05956e+07 -3.77007e-05
-1.06203e+07 -3.77884e-05
-1.0645e+07 -3.78762e-05
-1.06696e+07 -3.79639e-05
-1.06943e+07 -3.80516e-05
-1.07189e+07 -3.81393e-05
-1.07436e+07 -3.82271e-05
-1.07682e+07 -3.83148e-05
-1.07929e+07 -3.84025e-05
-1.08176e+07 -3.84903e-05
-1.08422e+07 -3.8578e-05
-1.08669e+07 -3.86657e-05
-1.08915e+07 -3.87535e-05
-1.09162e+07 -3.88412e-05
-1.09408e+07 -3.89289e-05
-1.09655e+07 -3.90167e-05
-1.09902e+07 -3.91044e-05
-1.10148e+07 -3.91922e-05
-1.10395e+07 -3.92799e-05
-1.10641e+07 -3.93676e-05
-1.10888e+07 -3.94554e-05
-1.11134e+07 -3.95431e-05
-1.11381e+07 -3.96308e-05
-1.11628e+07 -3.97186e-05
-1.11874e+07 -3.98063e-05
-1.12121e+07 -3.9894e-05
-1.12367e+07 -3.99818e-05
-1.12614e+07 -4.00695e-05
-1.12861e+07 -4.01573e-05
-1.13107e+07 -4.0245e-05
-1.13354e+07 -4.03327e-05
-1.136e+07 -4.04205e-05
-1.13847e+07 -4.05082e-05
-1.14093e+07 -4.0596e-05
-1.1434e+07 -4.06837e-05
-1.14587e+07 -4.07714e-05
-1.14833e+07 -4.08592e-05
-1.1508e+07 -4.09469e-05
-1.15326e+07 -4.10347e-05
-1.15573e+07 -4.11224e-05
-1.1582e+07 -4.12101e-05
-1.16066e+07 -4.12979e-05
-1.16313e+07 -4.13856e-05
-1.16559e+07 -4.14734e-05
-1.16806e+07 -4.15611e-05
-1.17053e+07 -4.16488e-05
-1.17299e+07 -4.17366e-05
-1.17546e+07 -4.18243e-05
-1.17792e+07 -4.19121e-05
-1.18039e+07 -4.19998e-05
-1.18286e+07 -4.20876e-05
-1.18532e+07 -4.21753e-05
-1.18779e+07 -4.2263e-05
-1.19025e+07 -4.23508e-05
-1.19272e+07 -4.24385e-05
-1.19519e+07 -4.25263e-05
-1.19765e+07 -4.2614e-05
-1.20012e+07 -4.27018e-05
-1.20258e+07 -4.27895e-05
-1.20505e+07 -4.28773e-05
-1.20752e+07 -4.2965e-05
-1.20998e+07 -4.30528e-05
-1.21245e+07 -4.31405e-05
-1.21491e+07 -4.32282e-05
-1.21738e+07 -4.3316e-05
-1.21985e+07 -4.34038e-05
-1.22231e+07 -4.34915e-05
-1.22478e+07 -4.35792e-05
-1.22725e+07 -4.3667e-05
-1.22971e+07 -4.37547e-05
-1.23218e+07 -4.38425e-05
-1.23464e+07 -4.39302e-05
-1.23711e+07 -4.4018e-05
-1.23958e+07 -4.41057e-05
-1.24204e+07 -4.41935e-05
-1.24451e+07 -4.42812e-05
-1.24697e+07 -4.4369e-05
-1.24944e+07 -4.44567e-05
-1.25191e+07 -4.45445e-05
-1.25437e+07 -4.46322e-05
-1.25684e+07 -4.472e-05
-1.25931e+07 -4.48077e-05
-1.26177e+07 -4.48955e-05
-1.26424e+07 -4.49832e-05
-1.2667e+07 -4.5071e-05
-1.26917e+07 -4.51587e-05
-1.27164e+07 -4.52465e-05
-1.2741e+07 -4.53343e-05
-1.27657e+07 -4.5422e-05
-1.27904e+07 -4.55098e-05
-1.2815e+07 -4.55975e-05
-1.28397e+07 -4.56853e-05
-1.28643e+07 -4.5773e-05
-1.2889e+07 -4.58608e-05
-1.29137e+07 -4.59485e-05
-1.29383e+07 -4.60363e-05
-1.2963e+07 -4.6124e-05
-1.29877e+07 -4.62118e-05
-1.30123e+07 -4.62996e-05
-1.3037e+07 -4.63873e-05
-1.30617e+07 -4.64751e-05
-1.30863e+07 -4.65628e-05
-1.3111e+07 -4.66506e-05
-1.31356e+07 -4.67383e-05
-1.31603e+07 -4.68261e-05
-1.3185e+07 -4.69139e-05
-1.32096e+07 -4.70016e-05
-1.32343e+07 -4.70894e-05
-1.3259e+07 -4.71771e-05
-1.32836e+07 -4.72649e-05
-1.33083e+07 -4.73527e-05
-1.3333e+07 -4.74404e-05
-1.33576e+07 -4.75282e-05
-1.33823e+07 -4.76159e-05
-1.3407e+07 -4.77037e-05
-1.34316e+07 -4.77914e-05
-1.34563e+07 -4.78792e-05
-1.34809e+07 -4.7967e-05
-1.35056e+07 -4.80547e-05
-1.35303e+07 -4.81425e-05
-1.35549e+07 -4.82303e-05
-1.35796e+07 -4.8318e-05
-1.36043e+07 -4.84058e-05
-1.36289e+07 -4.84935e-05
-1.36536e+07 -4.85813e-05
-1.36783e+07 -4.86691e-05
-1.37029e+07 -4.87568e-05
-1.37276e+07 -4.88446e-05
-1.37523e+07 -4.89324e-05
-1.37769e+07 -4.90201e-05
-1.38016e+07 -4.91079e-05
-1.38263e+07 -4.91956e-05
-1.38509e+07 -4.92834e-05
-1.38756e+07 -4.93712e-05
-1.39003e+07 -4.94589e-05
-1.39249e+07 -4.95467e-05
-1.39496e+07 -4.96345e-05
-1.39743e+07 -4.97222e-05
-1.39989e+07 -4.981e-05
-1.40236e+07 -4.98978e-05
-1.40483e+07 -4.99855e-05
-1.40729e+07 -5.00733e-05
-1.40976e+07 -5.01611e-05
-1.41223e+07 -5.02488e-05
-1.41469e+07 -5.03366e-05
-1.41716e+07 -5.04244e-05
-1.41963e+07 -5.05121e-05
-1.42209e+07 -5.05999e-05
-1.42456e+07 -5.06877e-05
-1.42703e+07 -5.07755e-05
-1.42949e+07 -5.08632e-05
-1.43196e+07 -5.0951e-05
-1.43443e+07 -5.10388e-05
-1.43689e+07 -5.11265e-05
-1.43936e+07 -5.12143e-05
-1.44183e+07 -5.13021e-05
-1.44429e+07 -5.13898e-05
-1.44676e+07 -5.14776e-05
-1.44923e+07 -5.15654e-05
-1.45169e+07 -5.16532e-05
-1.45416e+07 -5.17409e-05
-1.45663e+07 -5.18287e-05
-1.45909e+07 -5.19165e-05
-1.46156e+07 -5.20042e-05
-1.46403e+07 -5.2092e-05
-1.46649e+07 -5.21798e-05
-1.46896e+07 -5.22676e-05
-1.47143e+07 -5.23553e-05
-1.47389e+07 -5.24431e-05
-1.47636e+07 -5.25309e-05
-1.47883e+07 -5.26187e-05
-1.4813e+07 -5.27064e-05
-1.48376e+07 -5.27942e-05
-1.48623e+07 -5.2882e-05
-1.4887e+07 -5.29698e-05
-1.49116e+07 -5.30575e-05
-1.49363e+07 -5.31453e-05
-1.4961e+07 -5.32331e-05
-1.49856e+07 -5.33209e-05
-1.50103e+07 -5.34086e-05
-1.5035e+07 -5.34964e-05
-1.50596e+07 -5.35842e-05
-1.50843e+07 -5.3672e-05
-1.5109e+07 -5.37598e-05
-1.51337e+07 -5.38475e-05
-1.51583e+07 -5.39353e-05
-1.5183e+07 -5.40231e-05
-1.52077e+07 -5.41109e-05
-1.52323e+07 -5.41986e-05
-1.5257e+07 -5.42864e-05
-1.52817e+07 -5.43742e-05
-1.53063e+07 -5.4462e-05
-1.5331e+07 -5.45498e-05
-1.53557e+07 -5.46375e-05
-1.53804e+07 -5.47253e-05
-1.5405e+07 -5.48131e-05
-1.54297e+07 -5.49009e-05
-1.54544e+07 -5.49887e-05
-1.5479e+07 -5.50765e-05
-1.55037e+07 -5.51642e-05
-1.55284e+07 -5.5252e-05
-1.55531e+07 -5.53398e-05
-1.55777e+07 -5.54276e-05
-1.56024e+07 -5.55154e-05
-1.56271e+07 -5.56031e-05
-1.56517e+07 -5.56909e-05
-1.56764e+07 -5.57787e-05
-1.57011e+07 -5.58665e-05
-1.57258e+07 -5.59543e-05
-1.57504e+07 -5.60421e-05
-1.57751e+07 -5.61299e-05
-1.57998e+07 -5.62176e-05
-1.58244e+07 -5.63054e-05
-1.58491e+07 -5.63932e-05
-1.58738e+07 -5.6481e-05
-1.58985e+07 -5.65688e-05
-1.59231e+07 -5.66566e-05
-1.59478e+07 -5.67444e-05
-1.59725e+07 -5.68321e-05
-1.59971e+07 -5.69199e-05
-1.60218e+07 -5.70077e-05
-1.60465e+07 -5.70955e-05
-1.60712e+07 -5.71833e-05
-1.60958e+07 -5.72711e-05
-1.61205e+07 -5.73589e-05
-1.61452e+07 -5.74467e-05
-1.61699e+07 -5.75344e-05
-1.61945e+07 -5.76222e-05
-1.62192e+07 -5.771e-05
-1.62439e+07 -5.77978e-05
-1.62685e+07 -5.78856e-05
-1.62932e+07 -5.79734e-05
-1.63179e+07 -5.80612e-05
-1.63426e+07 -5.8149e-05
-1.63672e+07 -5.82368e-05
-1.63919e+07 -5.83246e-05
-1.64166e+07 -5.84123e-05
-1.64413e+07 -5.85001e-05
-1.64659e+07 -5.85879e-05
-1.64906e+07 -5.86757e-05
-1.65153e+07 -5.87635e-05
-1.654e+07 -5.88513e-05
-1.65646e+07 -5.89391e-05
-1.65893e+07 -5.90269e-05
-1.6614e+07 -5.91147e-05
-1.66386e+07 -5.92025e-05
-1.66633e+07 -5.92903e-05
-1.6688e+07 -5.93781e-05
-1.67127e+07 -5.94659e-05
-1.67373e+07 -5.95537e-05
-1.6762e+07 -5.96415e-05
-1.67867e+07 -5.97292e-05
-1.68114e+07 -5.9817e-05
-1.6836e+07 -5.99048e-05
-1.68607e+07 -5.99926e-05
-1.68854e+07 -6.00804e-05
-1.69101e+07 -6.01682e-05
-1.69347e+07 -6.0256e-05
-1.69594e+07 -6.03438e-05
-1.69841e+07 -6.04316e-05
-1.70088e+07 -6.05194e-05
-1.70334e+07 -6.06072e-05
-1.70581e+07 -6.0695e-05
-1.70828e+07 -6.07828e-05
-1.71075e+07 -6.08706e-05
-1.71321e+07 -6.09584e-05
-1.71568e+07 -6.10462e-05
-1.71815e+07 -6.1134e-05
-1.72062e+07 -6.12218e-05
-1.72308e+07 -6.13096e-05
-1.72555e+07 -6.13974e-05
-1.72802e+07 -6.14852e-05
-1.73049e+07 -6.1573e-05
-1.73296e+07 -6.16608e-05
-1.73542e+07 -6.17486e-05
-1.73789e+07 -6.18364e-05
-1.74036e+07 -6.19242e-05
-1.74283e+07 -6.2012e-05
-1.74529e+07 -6.20998e-05
-1.74776e+07 -6.21876e-05
-1.75023e+07 -6.22754e-05
-1.7527e+07 -6.23632e-05
-1.75516e+07 -6.2451e-05
-1.75763e+07 -6.25388e-05
-1.7601e+07 -6.26266e-05
-1.76257e+07 -6.27144e-05
-1.76503e+07 -6.28022e-05
-1.7675e+07 -6.289e-05
-1.76997e+07 -6.29779e-05
-1.77244e+07 -6.30657e-05
-1.77491e+07 -6.31535e-05
-1.77737e+07 -6.32413e-05
-1.77984e+07 -6.33291e-05
-1.78231e+07 -6.34169e-05
-1.78478e+07 -6.35047e-05
-1.78724e+07 -6.35925e-05
-1.78971e+07 -6.36803e-05
-1.79218e+07 -6.37681e-05
-1.79465e+07 -6.38559e-05
-1.79712e+07 -6.39437e-05
-1.79958e+07 -6.40315e-05
-1.80205e+07 -6.41193e-05
-1.80452e+07 -6.42071e-05
-1.80699e+07 -6.4295e-05
-1.80945e+07 -6.43828e-05
-1.81192e+07 -6.44706e-05
-1.81439e+07 -6.45584e-05
-1.81686e+07 -6.46462e-05
-1.81933e+07 -6.4734e-05
-1.82179e+07 -6.48218e-05
-1.82426e+07 -6.49096e-05
-1.82673e+07 -6.49974e-05
-1.8292e+07 -6.50852e-05
-1.83167e+07 -6.51731e-05
-1.83413e+07 -6.52609e-05
-1.8366e+07 -6.53487e-05
-1.83907e+07 -6.54365e-05
-1.84154e+07 -6.55243e-05
-1.84401e+07 -6.56121e-05
-1.84647e+07 -6.56999e-05
-1.84894e+07 -6.57877e-05
-1.85141e+07 -6.58756e-05
-1.85388e+07 -6.59634e-05
-1.85634e+07 -6.60512e-05
-1.85881e+07 -6.6139e-05
-1.86128e+07 -6.62268e-05
-1.86375e+07 -6.63146e-05
-1.86622e+07 -6.64024e-05
-1.86868e+07 -6.64903e-05
-1.87115e+07 -6.65781e-05
-1.87362e+07 -6.66659e-05
-1.87609e+07 -6.67537e-05
-1.87856e+07 -6.68415e-05
-1.88102e+07 -6.69293e-05
-1.88349e+07 -6.70171e-05
-1.88596e+07 -6.7105e-05
-1.88843e+07 -6.71928e-05
-1.8909e+07 -6.72806e-05
-1.89337e+07 -6.73684e-05
-1.89583e+07 -6.74562e-05
-1.8983e+07 -6.7544e-05
-1.90077e+07 -6.76319e-05
-1.90324e+07 -6.77197e-05
-1.90571e+07 -6.78075e-05
-1.90817e+07 -6.78953e-05
-1.91064e+07 -6.79831e-05
-1.91311e+07 -6.8071e-05
-1.91558e+07 -6.81588e-05
-1.91805e+07 -6.82466e-05
-1.92051e+07 -6.83344e-05
-1.92298e+07 -6.84222e-05
-1.92545e+07 -6.85101e-05
-1.92792e+07 -6.85979e-05
-1.93039e+07 -6.86857e-05
-1.93286e+07 -6.87735e-05
-1.93532e+07 -6.88614e-05
-1.93779e+07 -6.89492e-05
-1.94026e+07 -6.9037e-05
-1.94273e+07 -6.91248e-05
-1.9452e+07 -6.92126e-05
-1.94766e+07 -6.93005e-05
-1.95013e+07 -6.93883e-05
-1.9526e+07 -6.94761e-05
-1.95507e+07 -6.95639e-05
-1.95754e+07 -6.96518e-05
-1.96001e+07 -6.97396e-05
-1.96247e+07 -6.98274e-05
-1.96494e+07 -6.99152e-05
-1.96741e+07 -7.00031e-05
-1.96988e+07 -7.00909e-05
-1.97235e+07 -7.01787e-05
-1.97482e+07 -7.02665e-05
-1.97728e+07 -7.03544e-05
-1.97975e+07 -7.04422e-05
-1.98222e+07 -7.053e-05
-1.98469e+07 -7.06178e-05
-1.98716e+07 -7.07057e-05
-1.98963e+07 -7.07935e-05
-1.99209e+07 -7.08813e-05
-1.99456e+07 -7.09692e-05
-1.99703e+07 -7.1057e-05
-1.9995e+07 -7.11448e-05
-2.00197e+07 -7.12326e-05
-2.00444e+07 -7.13205e-05
-2.0069e+07 -7.14083e-05
-2.00937e+07 -7.14961e-05
-2.01184e+07 -7.1584e-05
-2.01431e+07 -7.16718e-05
-2.01678e+07 -7.17596e-05
-2.01925e+07 -7.18474e-05
-2.02172e+07 -7.19353e-05
-2.02418e+07 -7.20231e-05
-2.02665e+07 -7.21109e-05
-2.02912e+07 -7.21988e-05
-2.03159e+07 -7.22866e-05
-2.03406e+07 -7.23744e-05
-2.03653e+07 -7.24623e-05
-2.03899e+07 -7.25501e-05
-2.04146e+07 -7.26379e-05
-2.04393e+07 -7.27258e-05
-2.0464e+07 -7.28136e-05
-2.04887e+07 -7.29014e-05
-2.05134e+07 -7.29893e-05
-2.05381e+07 -7.30771e-05
-2.05627e+07 -7.31649e-05
-2.05874e+07 -7.32528e-05
-2.06121e+07 -7.33406e-05
-2.06368e+07 -7.34284e-05
-2.06615e+07 -7.35163e-05
-2.06862e+07 -7.36041e-05
-2.07109e+07 -7.3692e-05
-2.07355e+07 -7.37798e-05
-2.07602e+07 -7.38676e-05
-2.07849e+07 -7.39555e-05
-2.08096e+07 -7.40433e-05
-2.08343e+07 -7.41311e-05
-2.0859e+07 -7.4219e-05
-2.08837e+07 -7.43068e-05
-2.09083e+07 -7.43946e-05
-2.0933e+07 -7.44825e-05
-2.09577e+07 -7.45703e-05
-2.09824e+07 -7.46582e-05
-2.10071e+07 -7.4746e-05
-2.10318e+07 -7.48338e-05
-2.10565e+07 -7.49217e-05
-2.10812e+07 -7.50095e-05
-2.11002e+07 -7.50772e-05
-2.1109e+07 -7.51087e-05
-2.11179e+07 -7.51402e-05
-2.11267e+07 -7.51717e-05
-2.11356e+07 -7.52032e-05
-2.11444e+07 -7.52347e-05
-2.11533e+07 -7.52662e-05
-2.11621e+07 -7.52977e-05
-2.11664e+07 -7.53127e-05
-2.11631e+07 -7.5301e-05
-2.11598e+07 -7.52892e-05
-2.11565e+07 -7.52775e-05
-2.11532e+07 -7.52657e-05
-2.11499e+07 -7.52539e-05
-2.11465e+07 -7.52422e-05
-2.11432e+07 -7.52304e-05
-2.11399e+07 -7.52187e-05
-2.11366e+07 -7.52069e-05
-2.11333e+07 -7.51952e-05
-2.113e+07 -7.51834e-05
-2.11267e+07 -7.51716e-05
-2.11234e+07 -7.51599e-05
-2.11201e+07 -7.51481e-05
-2.11168e+07 -7.51364e-05
-2.11135e+07 -7.51246e-05
-2.11102e+07 -7.51128e-05
-2.11069e+07 -7.51011e-05
-2.11036e+07 -7.50893e-05
-2.11003e+07 -7.50776e-05
-2.1097e+07 -7.50658e-05
-2.10937e+07 -7.50541e-05
-2.10904e+07 -7.50423e-05
-2.10871e+07 -7.50305e-05
-2.10838e+07 -7.50188e-05
-2.10805e+07 -7.5007e-05
-2.10771e+07 -7.49953e-05
-2.10738e+07 -7.49835e-05
-2.10705e+07 -7.49717e-05
-2.10672e+07 -7.496e-05
-2.10639e+07 -7.49482e-05
-2.10606e+07 -7.49365e-05
-2.10573e+07 -7.49247e-05
-2.1054e+07 -7.4913e-05
-2.10507e+07 -7.49012e-05
-2.10474e+07 -7.48894e-05
-2.10441e+07 -7.48777e-05
-2.10408e+07 -7.48659e-05
-2.10375e+07 -7.48542e-05
-2.10342e+07 -7.48424e-05
-2.10309e+07 -7.48307e-05
-2.10276e+07 -7.48189e-05
-2.10243e+07 -7.48071e-05
-2.1021e+07 -7.47954e-05
-2.10177e+07 -7.47836e-05
-2.10144e+07 -7.47719e-05
-2.10111e+07 -7.47601e-05
-2.10078e+07 -7.47484e-05
-2.10045e+07 -7.47366e-05
-2.10011e+07 -7.47248e-05
-2.09978e+07 -7.47131e-05
-2.09945e+07 -7.47013e-05
-2.09912e+07 -7.46896e-05
-2.09879e+07 -7.46778e-05
-2.09846e+07 -7.4666e-05
-2.09813e+07 -7.46543e-05
-2.0978e+07 -7.46425e-05
-2.09747e+07 -7.46308e-05
-2.09714e+07 -7.4619e-05
-2.09681e+07 -7.46073e-05
-2.09648e+07 -7.45955e-05
-2.09615e+07 -7.45838e-05
-2.09582e+07 -7.4572e-05
-2.09549e+07 -7.45602e-05
-2.09516e+07 -7.45485e-05
-2.09483e+07 -7.45367e-05
-2.0945e+07 -7.4525e-05
-2.09417e+07 -7.45132e-05
-2.09384e+07 -7.45015e-05
-2.09351e+07 -7.44897e-05
-2.09318e+07 -7.44779e-05
-2.09285e+07 -7.44662e-05
-2.09252e+07 -7.44544e-05
-2.09218e+07 -7.44427e-05
-2.09185e+07 -7.44309e-05
-2.09152e+07 -7.44192e-05
-2.09119e+07 -7.44074e-05
-2.09086e+07 -7.43957e-05
-2.09053e+07 -7.43839e-05
-2.0902e+07 -7.43722e-05
-2.08987e+07 -7.43604e-05
-2.08954e+07 -7.43486e-05
-2.08921e+07 -7.43369e-05
-2.08888e+07 -7.43251e-05
-2.08855e+07 -7.43134e-05
-2.08822e+07 -7.43016e-05
-2.08789e+07 -7.42899e-05
-2.08756e+07 -7.42781e-05
-2.08723e+07 -7.42663e-05
-2.0869e+07 -7.42546e-05
-2.08657e+07 -7.42428e-05
-2.08624e+07 -7.42311e-05
-2.08591e+07 -7.42193e-05
-2.08558e+07 -7.42076e-05
-2.08525e+07 -7.41958e-05
-2.08492e+07 -7.41841e-05
-2.08459e+07 -7.41723e-05
-2.08426e+07 -7.41605e-05
-2.08393e+07 -7.41488e-05
-2.08359e+07 -7.4137e-05
-2.08326e+07 -7.41253e-05
-2.08293e+07 -7.41135e-05
-2.0826e+07 -7.41018e-05
-2.08227e+07 -7.409e-05
-2.08194e+07 -7.40783e-05
-2.08161e+07 -7.40665e-05
-2.08128e+07 -7.40548e-05
-2.08095e+07 -7.4043e-05
-2.08062e+07 -7.40312e-05
-2.08029e+07 -7.40195e-05
-2.07996e+07 -7.40077e-05
-2.07963e+07 -7.3996e-05
-2.0793e+07 -7.39842e-05
-2.07897e+07 -7.39725e-05
-2.07864e+07 -7.39607e-05
-2.07831e+07 -7.3949e-05
-2.07798e+07 -7.39372e-05
-2.07765e+07 -7.39255e-05
-2.07732e+07 -7.39137e-05
-2.07699e+07 -7.39019e-05
-2.07666e+07 -7.38902e-05
-2.07633e+07 -7.38784e-05
-2.076e+07 -7.38667e-05
-2.07567e+07 -7.38549e-05
-2.07534e+07 -7.38432e-05
-2.07501e+07 -7.38314e-05
-2.07468e+07 -7.38197e-05
-2.07435e+07 -7.38079e-05
-2.07401e+07 -7.37962e-05
-2.07368e+07 -7.37844e-05
-2.07335e+07 -7.37727e-05
-2.07302e+07 -7.37609e-05
-2.07269e+07 -7.37491e-05
-2.07236e+07 -7.37374e-05
-2.07203e+07 -7.37256e-05
-2.0717e+07 -7.37139e-05
-2.07137e+07 -7.37021e-05
-2.07104e+07 -7.36904e-05
-2.07071e+07 -7.36786e-05
-2.07038e+07 -7.36669e-05
-2.07005e+07 -7.36551e-05
-2.06972e+07 -7.36434e-05
-2.06939e+07 -7.36316e-05
-2.06906e+07 -7.36199e-05
-2.06873e+07 -7.36081e-05
-2.0684e+07 -7.35964e-05
-2.06807e+07 -7.35846e-05
-2.06774e+07 -7.35728e-05
-2.06741e+07 -7.35611e-05
-2.06708e+07 -7.35493e-05
-2.06675e+07 -7.35376e-05
-2.06642e+07 -7.35258e-05
-2.06609e+07 -7.35141e-05
-2.06576e+07 -7.35023e-05
-2.06543e+07 -7.34906e-05
-2.0651e+07 -7.34788e-05
-2.06477e+07 -7.34671e-05
-2.06444e+07 -7.34553e-05
-2.06411e+07 -7.34436e-05
-2.06378e+07 -7.34318e-05
-2.06344e+07 -7.34201e-05
-2.06311e+07 -7.34083e-05
-2.06278e+07 -7.33966e-05
-2.06245e+07 -7.33848e-05
-2.06212e+07 -7.33731e-05
-2.06179e+07 -7.33613e-05
-2.06146e+07 -7.33496e-05
-2.06113e+07 -7.33378e-05
-2.0608e+07 -7.3326e-05
-2.06047e+07 -7.33143e-05
-2.06014e+07 -7.33026e-05
-2.05981e+07 -7.32908e-05
-2.05948e+07 -7.3279e-05
-2.05915e+07 -7.32673e-05
-2.05882e+07 -7.32555e-05
-2.05849e+07 -7.32438e-05
-2.05816e+07 -7.3232e-05
-2.05783e+07 -7.32203e-05
-2.0575e+07 -7.32085e-05
-2.05717e+07 -7.31968e-05
-2.05684e+07 -7.3185e-05
-2.05651e+07 -7.31733e-05
-2.05618e+07 -7.31615e-05
-2.05585e+07 -7.31498e-05
-2.05552e+07 -7.3138e-05
-2.05519e+07 -7.31263e-05
-2.05486e+07 -7.31145e-05
-2.05453e+07 -7.31028e-05
-2.0542e+07 -7.3091e-05
-2.05387e+07 -7.30793e-05
-2.05354e+07 -7.30675e-05
-2.05321e+07 -7.30558e-05
-2.05288e+07 -7.3044e-05
-2.05255e+07 -7.30323e-05
-2.05222e+07 -7.30205e-05
-2.05189e+07 -7.30088e-05
-2.05156e+07 -7.2997e-05
-2.05123e+07 -7.29853e-05
-2.05089e+07 -7.29735e-05
-2.05056e+07 -7.29618e-05
-2.05023e+07 -7.295e-05
-2.0499e+07 -7.29383e-05
-2.04957e+07 -7.29265e-05
-2.04924e+07 -7.29148e-05
-2.04891e+07 -7.2903e-05
-2.04858e+07 -7.28913e-05
-2.04825e+07 -7.28795e-05
-2.04792e+07 -7.28678e-05
-2.04759e+07 -7.2856e-05
-2.04726e+07 -7.28443e-05
-2.04693e+07 -7.28325e-05
-2.0466e+07 -7.28208e-05
-2.04627e+07 -7.2809e-05
-2.04594e+07 -7.27973e-05
-2.04561e+07 -7.27855e-05
-2.04528e+07 -7.27738e-05
-2.04495e+07 -7.2762e-05
-2.04462e+07 -7.27503e-05
-2.04429e+07 -7.27385e-05
-2.04396e+07 -7.27268e-05
-2.04363e+07 -7.2715e-05
-2.0433e+07 -7.27033e-05
-2.04297e+07 -7.26915e-05
-2.04264e+07 -7.26798e-05
-2.04231e+07 -7.2668e-05
-2.04198e+07 -7.26563e-05
-2.04165e+07 -7.26445e-05
-2.04132e+07 -7.26328e-05
-2.04099e+07 -7.2621e-05
-2.04066e+07 -7.26093e-05
-2.04033e+07 -7.25975e-05
-2.04e+07 -7.25858e-05
-2.03967e+07 -7.2574e-05
-2.03934e+07 -7.25623e-05
-2.03901e+07 -7.25505e-05
-2.03868e+07 -7.25388e-05
-2.03835e+07 -7.2527e-05
-2.03802e+07 -7.25153e-05
-2.03769e+07 -7.25035e-05
-2.03736e+07 -7.24918e-05
-2.03703e+07 -7.248e-05
-2.0367e+07 -7.24683e-05
-2.03637e+07 -7.24565e-05
-2.03604e+07 -7.24448e-05
-2.0357e+07 -7.2433e-05
-2.03537e+07 -7.24213e-05
-2.03504e+07 -7.24095e-05
-2.03471e+07 -7.23978e-05
-2.03438e+07 -7.23861e-05
-2.03405e+07 -7.23743e-05
-2.03372e+07 -7.23626e-05
-2.03339e+07 -7.23508e-05
-2.03306e+07 -7.23391e-05
-2.03273e+07 -7.23273e-05
-2.0324e+07 -7.23156e-05
-2.03207e+07 -7.23038e-05
-2.03174e+07 -7.22921e-05
-2.03141e+07 -7.22803e-05
-2.03108e+07 -7.22686e-05
-2.03075e+07 -7.22568e-05
-2.03042e+07 -7.22451e-05
-2.03009e+07 -7.22333e-05
-2.02976e+07 -7.22216e-05
-2.02943e+07 -7.22098e-05
-2.0291e+07 -7.21981e-05
-2.02877e+07 -7.21863e-05
-2.02844e+07 -7.21746e-05
-2.02811e+07 -7.21628e-05
-2.02778e+07 -7.21511e-05
-2.02745e+07 -7.21394e-05
-2.02712e+07 -7.21276e-05
-2.02679e+07 -7.21159e-05
-2.02646e+07 -7.21041e-05
-2.02613e+07 -7.20924e-05
-2.0258e+07 -7.20806e-05
-2.02547e+07 -7.20689e-05
-2.02514e+07 -7.20571e-05
-2.02481e+07 -7.20454e-05
-2.02448e+07 -7.20336e-05
-2.02415e+07 -7.20219e-05
-2.02382e+07 -7.20101e-05
-2.02349e+07 -7.19984e-05
-2.02316e+07 -7.19866e-05
-2.02283e+07 -7.19749e-05
-2.0225e+07 -7.19631e-05
-2.02217e+07 -7.19514e-05
-2.02184e+07 -7.19397e-05
-2.02151e+07 -7.19279e-05
-2.02118e+07 -7.19162e-05
-2.02085e+07 -7.19044e-05
-2.02052e+07 -7.18927e-05
-2.02019e+07 -7.18809e-05
-2.01986e+07 -7.18692e-05
-2.01953e+07 -7.18574e-05
-2.0192e+07 -7.18457e-05
-2.01887e+07 -7.18339e-05
-2.01854e+07 -7.18222e-05
-2.01821e+07 -7.18104e-05
-2.01788e+07 -7.17987e-05
-2.01755e+07 -7.1787e-05
-2.01722e+07 -7.17752e-05
-2.01689e+07 -7.17635e-05
-2.01656e+07 -7.17517e-05
-2.01623e+07 -7.174e-05
-2.0159e+07 -7.17282e-05
-2.01557e+07 -7.17165e-05
-2.01524e+07 -7.17047e-05
-2.01491e+07 -7.1693e-05
-2.01458e+07 -7.16812e-05
-2.01425e+07 -7.16695e-05
-2.01392e+07 -7.16577e-05
-2.01359e+07 -7.1646e-05
-2.01326e+07 -7.16343e-05
-2.01293e+07 -7.16225e-05
-2.0126e+07 -7.16108e-05
-2.01226e+07 -7.1599e-05
-2.01193e+07 -7.15873e-05
-2.0116e+07 -7.15755e-05
-2.01127e+07 -7.15638e-05
-2.01094e+07 -7.1552e-05
-2.01061e+07 -7.15403e-05
-2.01028e+07 -7.15286e-05
-2.00995e+07 -7.15168e-05
-2.00962e+07 -7.15051e-05
-2.00929e+07 -7.14933e-05
-2.00896e+07 -7.14816e-05
-2.00863e+07 -7.14698e-05
-2.0083e+07 -7.14581e-05
-2.00797e+07 -7.14463e-05
-2.00764e+07 -7.14346e-05
-2.00731e+07 -7.14228e-05
-2.00698e+07 -7.14111e-05
-2.00665e+07 -7.13994e-05
-2.00632e+07 -7.13876e-05
-2.00599e+07 -7.13759e-05
-2.00566e+07 -7.13641e-05
-2.00533e+07 -7.13524e-05
-2.005e+07 -7.13406e-05
-2.00467e+07 -7.13289e-05
-2.00434e+07 -7.13172e-05
-2.00401e+07 -7.13054e-05
-2.00368e+07 -7.12937e-05
-2.00335e+07 -7.12819e-05
-2.00302e+07 -7.12702e-05
-2.00269e+07 -7.12584e-05
-2.00236e+07 -7.12467e-05
-2.00203e+07 -7.12349e-05
-2.0017e+07 -7.12232e-05
-2.00137e+07 -7.12115e-05
-2.00104e+07 -7.11997e-05
-2.00071e+07 -7.1188e-05
-2.00038e+07 -7.11762e-05
-2.00005e+07 -7.11645e-05
-1.99972e+07 -7.11527e-05
-1.99939e+07 -7.1141e-05
-1.99906e+07 -7.11292e-05
-1.99873e+07 -7.11175e-05
-1.9984e+07 -7.11058e-05
-1.99807e+07 -7.1094e-05
-1.99774e+07 -7.10823e-05
-1.99741e+07 -7.10705e-05
-1.99708e+07 -7.10588e-05
-1.99675e+07 -7.1047e-05
-1.99642e+07 -7.10353e-05
-1.99609e+07 -7.10236e-05
-1.99576e+07 -7.10118e-05
-1.99543e+07 -7.10001e-05
-1.9951e+07 -7.09883e-05
-1.99477e+07 -7.09766e-05
-1.99444e+07 -7.09648e-05
-1.99411e+07 -7.09531e-05
-1.99378e+07 -7.09414e-05
-1.99345e+07 -7.09296e-05
-1.99312e+07 -7.09179e-05
-1.99279e+07 -7.09061e-05
-1.99246e+07 -7.08944e-05
-1.99213e+07 -7.08826e-05
-1.9918e+07 -7.08709e-05
-1.99147e+07 -7.08592e-05
-1.99114e+07 -7.08474e-05
-1.99081e+07 -7.08357e-05
-1.99048e+07 -7.08239e-05
-1.99015e+07 -7.08122e-05
-1.98982e+07 -7.08005e-05
-1.98949e+07 -7.07887e-05
-1.98916e+07 -7.0777e-05
-1.98883e+07 -7.07652e-05
-1.9885e+07 -7.07535e-05
-1.98817e+07 -7.07417e-05
-1.98784e+07 -7.073e-05
-1.98751e+07 -7.07183e-05
-1.98718e+07 -7.07065e-05
-1.98685e+07 -7.06948e-05
-1.98652e+07 -7.0683e-05
-1.98619e+07 -7.06713e-05
-1.98586e+07 -7.06595e-05
-1.98553e+07 -7.06478e-05
-1.9852e+07 -7.06361e-05
-1.98487e+07 -7.06243e-05
-1.98454e+07 -7.06126e-05
-1.98421e+07 -7.06008e-05
-1.98388e+07 -7.05891e-05
-1.98355e+07 -7.05774e-05
-1.98322e+07 -7.05656e-05
-1.98289e+07 -7.05539e-05
-1.98256e+07 -7.05421e-05
-1.98223e+07 -7.05304e-05
-1.9819e+07 -7.05186e-05
-1.98157e+07 -7.05069e-05
-1.98124e+07 -7.04952e-05
-1.98091e+07 -7.04834e-05
-1.98058e+07 -7.04717e-05
-1.98025e+07 -7.04599e-05
-1.97992e+07 -7.04482e-05
-1.97959e+07 -7.04365e-05
-1.97926e+07 -7.04247e-05
-1.97893e+07 -7.0413e-05
-1.9786e+07 -7.04012e-05
-1.97827e+07 -7.03895e-05
-1.97794e+07 -7.03778e-05
-1.97761e+07 -7.0366e-05
-1.97728e+07 -7.03543e-05
-1.97695e+07 -7.03425e-05
-1.97662e+07 -7.03308e-05
-1.97629e+07 -7.03191e-05
-1.97596e+07 -7.03073e-05
-1.97563e+07 -7.02956e-05
-1.9753e+07 -7.02838e-05
-1.97497e+07 -7.02721e-05
-1.97464e+07 -7.02604e-05
-1.97431e+07 -7.02486e-05
-1.97398e+07 -7.02369e-05
-1.97365e+07 -7.02251e-05
-1.97332e+07 -7.02134e-05
-1.97299e+07 -7.02017e-05
-1.97266e+07 -7.01899e-05
-1.97233e+07 -7.01782e-05
-1.972e+07 -7.01664e-05
-1.97167e+07 -7.01547e-05
-1.97134e+07 -7.0143e-05
-1.97101e+07 -7.01312e-05
-1.97068e+07 -7.01195e-05
-1.97035e+07 -7.01077e-05
-1.97002e+07 -7.0096e-05
-1.96969e+07 -7.00843e-05
-1.96936e+07 -7.00725e-05
-1.96903e+07 -7.00608e-05
-1.9687e+07 -7.0049e-05
-1.96837e+07 -7.00373e-05
-1.96804e+07 -7.00256e-05
-1.96771e+07 -7.00138e-05
-1.96738e+07 -7.00021e-05
-1.96705e+07 -6.99903e-05
-1.96672e+07 -6.99786e-05
-1.96639e+07 -6.99669e-05
-1.96606e+07 -6.99551e-05
-1.96573e+07 -6.99434e-05
-1.9654e+07 -6.99317e-05
-1.96507e+07 -6.99199e-05
-1.96474e+07 -6.99082e-05
-1.96441e+07 -6.98964e-05
-1.96408e+07 -6.98847e-05
-1.96375e+07 -6.9873e-05
-1.96342e+07 -6.98612e-05
-1.96309e+07 -6.98495e-05
-1.96276e+07 -6.98377e-05
-1.96243e+07 -6.9826e-05
-1.96211e+07 -6.98143e-05
-1.96178e+07 -6.98025e-05
-1.96145e+07 -6.97908e-05
-1.96112e+07 -6.9779e-05
-1.96079e+07 -6.97673e-05
-1.96046e+07 -6.97556e-05
-1.96013e+07 -6.97438e-05
-1.9598e+07 -6.97321e-05
-1.95947e+07 -6.97204e-05
-1.95914e+07 -6.97086e-05
-1.95881e+07 -6.96969e-05
-1.95848e+07 -6.96851e-05
-1.95815e+07 -6.96734e-05
-1.95782e+07 -6.96617e-05
-1.95749e+07 -6.96499e-05
-1.95716e+07 -6.96382e-05
-1.95683e+07 -6.96265e-05
-1.9565e+07 -6.96147e-05
-1.95617e+07 -6.9603e-05
-1.95584e+07 -6.95912e-05
-1.95551e+07 -6.95795e-05
-1.95518e+07 -6.95678e-05
-1.95485e+07 -6.9556e-05
-1.95452e+07 -6.95443e-05
-1.95419e+07 -6.95326e-05
-1.95386e+07 -6.95208e-05
-1.95353e+07 -6.95091e-05
-1.9532e+07 -6.94973e-05
-1.95287e+07 -6.94856e-05
-1.95254e+07 -6.94739e-05
-1.95221e+07 -6.94621e-05
-1.95188e+07 -6.94504e-05
-1.95155e+07 -6.94387e-05
-1.95122e+07 -6.94269e-05
-1.95089e+07 -6.94152e-05
-1.95056e+07 -6.94034e-05
-1.95023e+07 -6.93917e-05
-1.9499e+07 -6.938e-05
-1.94957e+07 -6.93682e-05
-1.94924e+07 -6.93565e-05
-1.94891e+07 -6.93448e-05
-1.94858e+07 -6.9333e-05
-1.94825e+07 -6.93213e-05
-1.94792e+07 -6.93096e-05
-1.94759e+07 -6.92978e-05
-1.94726e+07 -6.92861e-05
-1.94693e+07 -6.92743e-05
-1.9466e+07 -6.92626e-05
-1.94627e+07 -6.92509e-05
-1.94594e+07 -6.92391e-05
-1.94561e+07 -6.92274e-05
-1.94528e+07 -6.92157e-05
-1.94495e+07 -6.92039e-05
-1.94462e+07 -6.91922e-05
-1.94429e+07 -6.91805e-05
-1.94396e+07 -6.91687e-05
-1.94363e+07 -6.9157e-05
-1.9433e+07 -6.91452e-05
-1.94297e+07 -6.91335e-05
-1.94264e+07 -6.91218e-05
-1.94231e+07 -6.911e-05
-1.94198e+07 -6.90983e-05
-1.94165e+07 -6.90866e-05
-1.94132e+07 -6.90748e-05
-1.94099e+07 -6.90631e-05
-1.94066e+07 -6.90514e-05
-1.94033e+07 -6.90396e-05
-1.94e+07 -6.90279e-05
-1.93967e+07 -6.90161e-05
-1.93934e+07 -6.90044e-05
-1.93901e+07 -6.89927e-05
-1.93868e+07 -6.89809e-05
-1.93835e+07 -6.89692e-05
-1.93803e+07 -6.89575e-05
-1.9377e+07 -6.89457e-05
-1.93737e+07 -6.8934e-05
-1.93704e+07 -6.89223e-05
-1.93671e+07 -6.89105e-05
-1.93638e+07 -6.88988e-05
-1.93605e+07 -6.88871e-05
-1.93572e+07 -6.88753e-05
-1.93539e+07 -6.88636e-05
-1.93506e+07 -6.88519e-05
-1.93473e+07 -6.88401e-05
-1.9344e+07 -6.88284e-05
-1.93407e+07 -6.88167e-05
-1.93374e+07 -6.88049e-05
-1.93341e+07 -6.87932e-05
-1.93308e+07 -6.87815e-05
-1.93275e+07 -6.87697e-05
-1.93242e+07 -6.8758e-05
-1.93209e+07 -6.87463e-05
-1.93176e+07 -6.87345e-05
-1.93143e+07 -6.87228e-05
-1.9311e+07 -6.8711e-05
-1.93077e+07 -6.86993e-05
-1.93044e+07 -6.86876e-05
-1.93011e+07 -6.86758e-05
-1.92978e+07 -6.86641e-05
-1.92945e+07 -6.86524e-05
-1.92912e+07 -6.86406e-05
-1.92879e+07 -6.86289e-05
-1.92846e+07 -6.86172e-05
-1.92813e+07 -6.86054e-05
-1.9278e+07 -6.85937e-05
-1.92747e+07 -6.8582e-05
-1.92714e+07 -6.85702e-05
-1.92681e+07 -6.85585e-05
-1.92648e+07 -6.85468e-05
-1.92615e+07 -6.8535e-05
-1.92582e+07 -6.85233e-05
-1.92549e+07 -6.85116e-05
-1.92516e+07 -6.84998e-05
-1.92483e+07 -6.84881e-05
-1.9245e+07 -6.84764e-05
-1.92417e+07 -6.84646e-05
-1.92384e+07 -6.84529e-05
-1.92351e+07 -6.84412e-05
-1.92318e+07 -6.84294e-05
-1.92286e+07 -6.84177e-05
-1.92253e+07 -6.8406e-05
-1.9222e+07 -6.83942e-05
-1.92187e+07 -6.83825e-05
-1.92154e+07 -6.83708e-05
-1.92121e+07 -6.8359e-05
-1.92088e+07 -6.83473e-05
-1.92055e+07 -6.83356e-05
-1.92022e+07 -6.83238e-05
-1.91989e+07 -6.83121e-05
-1.91956e+07 -6.83004e-05
-1.91923e+07 -6.82886e-05
-1.9189e+07 -6.82769e-05
-1.91857e+07 -6.82652e-05
-1.91824e+07 -6.82534e-05
-1.91791e+07 -6.82417e-05
-1.91758e+07 -6.823e-05
-1.91725e+07 -6.82182e-05
-1.91692e+07 -6.82065e-05
-1.91659e+07 -6.81948e-05
-1.91626e+07 -6.8183e-05
-1.91593e+07 -6.81713e-05
-1.9156e+07 -6.81596e-05
-1.91527e+07 -6.81479e-05
-1.91494e+07 -6.81361e-05
-1.91461e+07 -6.81244e-05
-1.91428e+07 -6.81127e-05
-1.91395e+07 -6.81009e-05
-1.91362e+07 -6.80892e-05
-1.91329e+07 -6.80775e-05
-1.91296e+07 -6.80657e-05
-1.91263e+07 -6.8054e-05
-1.9123e+07 -6.80423e-05
-1.91197e+07 -6.80305e-05
-1.91164e+07 -6.80188e-05
-1.91131e+07 -6.80071e-05
-1.91098e+07 -6.79953e-05
-1.91066e+07 -6.79836e-05
-1.91033e+07 -6.79719e-05
-1.91e+07 -6.79601e-05
-1.90967e+07 -6.79484e-05
-1.90934e+07 -6.79367e-05
-1.90901e+07 -6.7925e-05
-1.90868e+07 -6.79132e-05
-1.90835e+07 -6.79015e-05
-1.90802e+07 -6.78898e-05
-1.90769e+07 -6.7878e-05
-1.90736e+07 -6.78663e-05
-1.90703e+07 -6.78546e-05
-1.9067e+07 -6.78428e-05
-1.90637e+07 -6.78311e-05
-1.90604e+07 -6.78194e-05
-1.90571e+07 -6.78076e-05
-1.90538e+07 -6.77959e-05
-1.90505e+07 -6.77842e-05
-1.90472e+07 -6.77725e-05
-1.90439e+07 -6.77607e-05
-1.90406e+07 -6.7749e-05
-1.90373e+07 -6.77373e-05
-1.9034e+07 -6.77255e-05
-1.90307e+07 -6.77138e-05
-1.90274e+07 -6.77021e-05
-1.90241e+07 -6.76903e-05
-1.90208e+07 -6.76786e-05
-1.90175e+07 -6.76669e-05
-1.90142e+07 -6.76551e-05
-1.90109e+07 -6.76434e-05
-1.90076e+07 -6.76317e-05
-1.90043e+07 -6.762e-05
-1.90011e+07 -6.76082e-05
-1.89978e+07 -6.75965e-05
-1.89945e+07 -6.75848e-05
-1.89912e+07 -6.7573e-05
-1.89879e+07 -6.75613e-05
-1.89846e+07 -6.75496e-05
-1.89813e+07 -6.75378e-05
-1.8978e+07 -6.75261e-05
-1.89747e+07 -6.75144e-05
-1.89714e+07 -6.75027e-05
-1.89681e+07 -6.74909e-05
-1.89648e+07 -6.74792e-05
-1.89615e+07 -6.74675e-05
-1.89582e+07 -6.74557e-05
-1.89549e+07 -6.7444e-05
-1.89516e+07 -6.74323e-05
-1.89483e+07 -6.74205e-05
-1.8945e+07 -6.74088e-05
-1.89417e+07 -6.73971e-05
-1.89384e+07 -6.73854e-05
-1.89351e+07 -6.73736e-05
-1.89318e+07 -6.73619e-05
-1.89285e+07 -6.73502e-05
-1.89252e+07 -6.73384e-05
-1.89219e+07 -6.73267e-05
-1.89186e+07 -6.7315e-05
-1.89153e+07 -6.73033e-05
-1.8912e+07 -6.72915e-05
-1.89087e+07 -6.72798e-05
-1.89055e+07 -6.72681e-05
-1.89022e+07 -6.72563e-05
-1.88989e+07 -6.72446e-05
-1.88956e+07 -6.72329e-05
-1.88923e+07 -6.72212e-05
-1.8889e+07 -6.72094e-05
-1.88857e+07 -6.71977e-05
-1.88824e+07 -6.7186e-05
-1.88791e+07 -6.71742e-05
-1.88758e+07 -6.71625e-05
-1.88725e+07 -6.71508e-05
-1.88692e+07 -6.71391e-05
-1.88659e+07 -6.71273e-05
-1.88626e+07 -6.71156e-05
-1.88593e+07 -6.71039e-05
-1.8856e+07 -6.70922e-05
-1.88527e+07 -6.70804e-05
-1.88494e+07 -6.70687e-05
-1.88461e+07 -6.7057e-05
-1.88428e+07 -6.70452e-05
-1.88395e+07 -6.70335e-05
-1.88362e+07 -6.70218e-05
-1.88329e+07 -6.70101e-05
-1.88296e+07 -6.69983e-05
-1.88263e+07 -6.69866e-05
-1.8823e+07 -6.69749e-05
-1.88198e+07 -6.69631e-05
-1.88165e+07 -6.69514e-05
-1.88132e+07 -6.69397e-05
-1.88099e+07 -6.6928e-05
-1.88066e+07 -6.69162e-05
-1.88033e+07 -6.69045e-05
-1.88e+07 -6.68928e-05
-1.87967e+07 -6.6881e-05
-1.87934e+07 -6.68693e-05
-1.87901e+07 -6.68576e-05
-1.87868e+07 -6.68459e-05
-1.87835e+07 -6.68341e-05
-1.87802e+07 -6.68224e-05
-1.87769e+07 -6.68107e-05
-1.87736e+07 -6.6799e-05
-1.87703e+07 -6.67872e-05
-1.8767e+07 -6.67755e-05
-1.87637e+07 -6.67638e-05
-1.87604e+07 -6.6752e-05
-1.87571e+07 -6.67403e-05
-1.87538e+07 -6.67286e-05
-1.87505e+07 -6.67169e-05
-1.87472e+07 -6.67051e-05
-1.87439e+07 -6.66934e-05
-1.87407e+07 -6.66817e-05
-1.87374e+07 -6.667e-05
-1.87341e+07 -6.66582e-05
-1.87308e+07 -6.66465e-05
-1.87275e+07 -6.66348e-05
-1.87242e+07 -6.66231e-05
-1.87209e+07 -6.66113e-05
-1.87176e+07 -6.65996e-05
-1.87143e+07 -6.65879e-05
-1.8711e+07 -6.65762e-05
-1.87077e+07 -6.65644e-05
-1.87044e+07 -6.65527e-05
-1.87011e+07 -6.6541e-05
-1.86978e+07 -6.65292e-05
-1.86945e+07 -6.65175e-05
-1.86912e+07 -6.65058e-05
-1.86879e+07 -6.64941e-05
-1.86846e+07 -6.64823e-05
-1.86813e+07 -6.64706e-05
-1.8678e+07 -6.64589e-05
-1.86747e+07 -6.64472e-05
-1.86714e+07 -6.64354e-05
-1.86681e+07 -6.64237e-05
-1.86649e+07 -6.6412e-05
-1.86616e+07 -6.64003e-05
-1.86583e+07 -6.63885e-05
-1.8655e+07 -6.63768e-05
-1.86517e+07 -6.63651e-05
-1.86484e+07 -6.63534e-05
-1.86451e+07 -6.63416e-05
-1.86418e+07 -6.63299e-05
-1.86385e+07 -6.63182e-05
-1.86352e+07 -6.63065e-05
-1.86319e+07 -6.62947e-05
-1.86286e+07 -6.6283e-05
-1.86253e+07 -6.62713e-05
-1.8622e+07 -6.62596e-05
-1.86187e+07 -6.62478e-05
-1.86154e+07 -6.62361e-05
-1.86121e+07 -6.62244e-05
-1.86088e+07 -6.62127e-05
-1.86055e+07 -6.62009e-05
-1.86022e+07 -6.61892e-05
-1.85989e+07 -6.61775e-05
-1.85957e+07 -6.61658e-05
-1.85924e+07 -6.6154e-05
-1.85891e+07 -6.61423e-05
-1.85858e+07 -6.61306e-05
-1.85825e+07 -6.61189e-05
-1.85792e+07 -6.61071e-05
-1.85759e+07 -6.60954e-05
-1.85726e+07 -6.60837e-05
-1.85693e+07 -6.6072e-05
-1.8566e+07 -6.60602e-05
-1.85627e+07 -6.60485e-05
-1.85594e+07 -6.60368e-05
-1.85561e+07 -6.60251e-05
-1.85528e+07 -6.60134e-05
-1.85495e+07 -6.60016e-05
-1.85462e+07 -6.59899e-05
-1.85429e+07 -6.59782e-05
-1.85396e+07 -6.59665e-05
-1.85363e+07 -6.59547e-05
-1.8533e+07 -6.5943e-05
-1.85298e+07 -6.59313e-05
-1.85265e+07 -6.59196e-05
-1.85232e+07 -6.59078e-05
-1.85199e+07 -6.58961e-05
-1.85166e+07 -6.58844e-05
-1.85133e+07 -6.58727e-05
-1.851e+07 -6.58609e-05
-1.85067e+07 -6.58492e-05
-1.85034e+07 -6.58375e-05
-1.85001e+07 -6.58258e-05
-1.84968e+07 -6.58141e-05
-1.84935e+07 -6.58023e-05
-1.84902e+07 -6.57906e-05
-1.84869e+07 -6.57789e-05
-1.84836e+07 -6.57672e-05
-1.84803e+07 -6.57554e-05
-1.8477e+07 -6.57437e-05
-1.84737e+07 -6.5732e-05
-1.84704e+07 -6.57203e-05
-1.84672e+07 -6.57085e-05
-1.84639e+07 -6.56968e-05
-1.84606e+07 -6.56851e-05
-1.84573e+07 -6.56734e-05
-1.8454e+07 -6.56617e-05
-1.84507e+07 -6.56499e-05
-1.84474e+07 -6.56382e-05
-1.84441e+07 -6.56265e-05
-1.84408e+07 -6.56148e-05
-1.84375e+07 -6.5603e-05
-1.84342e+07 -6.55913e-05
-1.84309e+07 -6.55796e-05
-1.84276e+07 -6.55679e-05
-1.84243e+07 -6.55562e-05
-1.8421e+07 -6.55444e-05
-1.84177e+07 -6.55327e-05
-1.84144e+07 -6.5521e-05
-1.84111e+07 -6.55093e-05
-1.84079e+07 -6.54975e-05
-1.84046e+07 -6.54858e-05
-1.84013e+07 -6.54741e-05
-1.8398e+07 -6.54624e-05
-1.83947e+07 -6.54507e-05
-1.83914e+07 -6.54389e-05
-1.83881e+07 -6.54272e-05
-1.83848e+07 -6.54155e-05
-1.83815e+07 -6.54038e-05
-1.83782e+07 -6.5392e-05
-1.83749e+07 -6.53803e-05
-1.83716e+07 -6.53686e-05
-1.83683e+07 -6.53569e-05
-1.8365e+07 -6.53452e-05
-1.83617e+07 -6.53334e-05
-1.83584e+07 -6.53217e-05
-1.83551e+07 -6.531e-05
-1.83518e+07 -6.52983e-05
-1.83486e+07 -6.52866e-05
-1.83453e+07 -6.52748e-05
-1.8342e+07 -6.52631e-05
-1.83387e+07 -6.52514e-05
-1.83354e+07 -6.52397e-05
-1.83321e+07 -6.5228e-05
-1.83288e+07 -6.52162e-05
-1.83255e+07 -6.52045e-05
-1.83222e+07 -6.51928e-05
-1.83189e+07 -6.51811e-05
-1.83156e+07 -6.51693e-05
-1.83123e+07 -6.51576e-05
-1.8309e+07 -6.51459e-05
-1.83057e+07 -6.51342e-05
-1.83024e+07 -6.51225e-05
-1.82991e+07 -6.51107e-05
-1.82958e+07 -6.5099e-05
-1.82926e+07 -6.50873e-05
-1.82893e+07 -6.50756e-05
-1.8286e+07 -6.50639e-05
-1.82827e+07 -6.50521e-05
-1.82794e+07 -6.50404e-05
-1.82761e+07 -6.50287e-05
-1.82728e+07 -6.5017e-05
-1.82695e+07 -6.50053e-05
-1.82662e+07 -6.49935e-05
-1.82629e+07 -6.49818e-05
-1.82596e+07 -6.49701e-05
-1.82563e+07 -6.49584e-05
-1.8253e+07 -6.49466e-05
-1.82497e+07 -6.49349e-05
-1.82464e+07 -6.49232e-05
-1.82431e+07 -6.49115e-05
-1.82399e+07 -6.48998e-05
-1.82366e+07 -6.48881e-05
-1.82333e+07 -6.48763e-05
-1.823e+07 -6.48646e-05
-1.82267e+07 -6.48529e-05
-1.82234e+07 -6.48412e-05
-1.82201e+07 -6.48295e-05
-1.82168e+07 -6.48177e-05
-1.82135e+07 -6.4806e-05
-1.82102e+07 -6.47943e-05
-1.82069e+07 -6.47826e-05
-1.82036e+07 -6.47709e-05
-1.82003e+07 -6.47591e-05
-1.8197e+07 -6.47474e-05
-1.81937e+07 -6.47357e-05
-1.81904e+07 -6.4724e-05
-1.81872e+07 -6.47123e-05
-1.81839e+07 -6.47005e-05
-1.81806e+07 -6.46888e-05
-1.81773e+07 -6.46771e-05
-1.8174e+07 -6.46654e-05
-1.81707e+07 -6.46537e-05
-1.81674e+07 -6.4642e-05
-1.81641e+07 -6.46302e-05
-1.81608e+07 -6.46185e-05
-1.81575e+07 -6.46068e-05
-1.81542e+07 -6.45951e-05
-1.81509e+07 -6.45834e-05
-1.81476e+07 -6.45716e-05
-1.81443e+07 -6.45599e-05
-1.8141e+07 -6.45482e-05
-1.81378e+07 -6.45365e-05
-1.81345e+07 -6.45248e-05
-1.81312e+07 -6.4513e-05
-1.81279e+07 -6.45013e-05
-1.81246e+07 -6.44896e-05
-1.81213e+07 -6.44779e-05
-1.8118e+07 -6.44662e-05
-1.81147e+07 -6.44545e-05
-1.81114e+07 -6.44427e-05
-1.81081e+07 -6.4431e-05
-1.81048e+07 -6.44193e-05
-1.81015e+07 -6.44076e-05
-1.80982e+07 -6.43959e-05
-1.80949e+07 -6.43842e-05
-1.80916e+07 -6.43724e-05
-1.80884e+07 -6.43607e-05
-1.80851e+07 -6.4349e-05
-1.80818e+07 -6.43373e-05
-1.80785e+07 -6.43256e-05
-1.80752e+07 -6.43138e-05
-1.80719e+07 -6.43021e-05
-1.80686e+07 -6.42904e-05
-1.80653e+07 -6.42787e-05
-1.8062e+07 -6.4267e-05
-1.80587e+07 -6.42553e-05
-1.80554e+07 -6.42435e-05
-1.80521e+07 -6.42318e-05
-1.80488e+07 -6.42201e-05
-1.80455e+07 -6.42084e-05
-1.80422e+07 -6.41967e-05
-1.8039e+07 -6.4185e-05
-1.80357e+07 -6.41732e-05
-1.80324e+07 -6.41615e-05
-1.80291e+07 -6.41498e-05
-1.80258e+07 -6.41381e-05
-1.80225e+07 -6.41264e-05
-1.80192e+07 -6.41147e-05
-1.80159e+07 -6.41029e-05
-1.80126e+07 -6.40912e-05
-1.80093e+07 -6.40795e-05
-1.8006e+07 -6.40678e-05
-1.80027e+07 -6.40561e-05
-1.79994e+07 -6.40444e-05
-1.79961e+07 -6.40326e-05
-1.79929e+07 -6.40209e-05
-1.79896e+07 -6.40092e-05
-1.79863e+07 -6.39975e-05
-1.7983e+07 -6.39858e-05
-1.79797e+07 -6.39741e-05
-1.79764e+07 -6.39623e-05
-1.79731e+07 -6.39506e-05
-1.79698e+07 -6.39389e-05
-1.79665e+07 -6.39272e-05
-1.79632e+07 -6.39155e-05
-1.79599e+07 -6.39038e-05
-1.79566e+07 -6.38921e-05
-1.79533e+07 -6.38803e-05
-1.795e+07 -6.38686e-05
-1.79468e+07 -6.38569e-05
-1.79435e+07 -6.38452e-05
-1.79402e+07 -6.38335e-05
-1.79369e+07 -6.38218e-05
-1.79336e+07 -6.381e-05
-1.79303e+07 -6.37983e-05
-1.7927e+07 -6.37866e-05
-1.79237e+07 -6.37749e-05
-1.79204e+07 -6.37632e-05
-1.79171e+07 -6.37515e-05
-1.79138e+07 -6.37397e-05
-1.79105e+07 -6.3728e-05
-1.79072e+07 -6.37163e-05
-1.7904e+07 -6.37046e-05
-1.79007e+07 -6.36929e-05
-1.78974e+07 -6.36812e-05
-1.78941e+07 -6.36695e-05
-1.78908e+07 -6.36577e-05
-1.78875e+07 -6.3646e-05
-1.78842e+07 -6.36343e-05
-1.78809e+07 -6.36226e-05
-1.78776e+07 -6.36109e-05
-1.78743e+07 -6.35992e-05
-1.7871e+07 -6.35874e-05
-1.78677e+07 -6.35757e-05
-1.78644e+07 -6.3564e-05
-1.78611e+07 -6.35523e-05
-1.78579e+07 -6.35406e-05
-1.78546e+07 -6.35289e-05
-1.78513e+07 -6.35172e-05
-1.7848e+07 -6.35054e-05
-1.78447e+07 -6.34937e-05
-1.78414e+07 -6.3482e-05
-1.78381e+07 -6.34703e-05
-1.78348e+07 -6.34586e-05
-1.78315e+07 -6.34469e-05
-1.78282e+07 -6.34352e-05
-1.78249e+07 -6.34234e-05
-1.78216e+07 -6.34117e-05
-1.78184e+07 -6.34e-05
-1.78151e+07 -6.33883e-05
-1.78118e+07 -6.33766e-05
-1.78085e+07 -6.33649e-05
-1.78052e+07 -6.33532e-05
-1.78019e+07 -6.33414e-05
-1.77986e+07 -6.33297e-05
-1.77953e+07 -6.3318e-05
-1.7792e+07 -6.33063e-05
-1.77887e+07 -6.32946e-05
-1.77854e+07 -6.32829e-05
-1.77821e+07 -6.32712e-05
-1.77788e+07 -6.32595e-05
-1.77756e+07 -6.32477e-05
-1.77723e+07 -6.3236e-05
-1.7769e+07 -6.32243e-05
-1.77657e+07 -6.32126e-05
-1.77624e+07 -6.32009e-05
-1.77591e+07 -6.31892e-05
-1.77558e+07 -6.31775e-05
-1.77525e+07 -6.31657e-05
-1.77492e+07 -6.3154e-05
-1.77459e+07 -6.31423e-05
-1.77426e+07 -6.31306e-05
-1.77393e+07 -6.31189e-05
-1.7736e+07 -6.31072e-05
-1.77328e+07 -6.30955e-05
-1.77295e+07 -6.30838e-05
-1.77262e+07 -6.3072e-05
-1.77229e+07 -6.30603e-05
-1.77196e+07 -6.30486e-05
-1.77163e+07 -6.30369e-05
-1.7713e+07 -6.30252e-05
-1.77097e+07 -6.30135e-05
-1.77064e+07 -6.30018e-05
-1.77031e+07 -6.29901e-05
-1.76998e+07 -6.29783e-05
-1.76965e+07 -6.29666e-05
-1.76933e+07 -6.29549e-05
-1.769e+07 -6.29432e-05
-1.76867e+07 -6.29315e-05
-1.76834e+07 -6.29198e-05
-1.76801e+07 -6.29081e-05
-1.76768e+07 -6.28964e-05
-1.76735e+07 -6.28846e-05
-1.76702e+07 -6.28729e-05
-1.76669e+07 -6.28612e-05
-1.76636e+07 -6.28495e-05
-1.76603e+07 -6.28378e-05
-1.7657e+07 -6.28261e-05
-1.76538e+07 -6.28144e-05
-1.76505e+07 -6.28027e-05
-1.76472e+07 -6.2791e-05
-1.76439e+07 -6.27792e-05
-1.76406e+07 -6.27675e-05
-1.76373e+07 -6.27558e-05
-1.7634e+07 -6.27441e-05
-1.76307e+07 -6.27324e-05
-1.76274e+07 -6.27207e-05
-1.76241e+07 -6.2709e-05
-1.76208e+07 -6.26973e-05
-1.76175e+07 -6.26855e-05
-1.76143e+07 -6.26738e-05
-1.7611e+07 -6.26621e-05
-1.76077e+07 -6.26504e-05
-1.76044e+07 -6.26387e-05
-1.76011e+07 -6.2627e-05
-1.75978e+07 -6.26153e-05
-1.75945e+07 -6.26036e-05
-1.75912e+07 -6.25919e-05
-1.75879e+07 -6.25801e-05
-1.75846e+07 -6.25684e-05
-1.75813e+07 -6.25567e-05
-1.75781e+07 -6.2545e-05
-1.75748e+07 -6.25333e-05
-1.75715e+07 -6.25216e-05
-1.75682e+07 -6.25099e-05
-1.75649e+07 -6.24982e-05
-1.75616e+07 -6.24865e-05
-1.75583e+07 -6.24748e-05
-1.7555e+07 -6.2463e-05
-1.75517e+07 -6.24513e-05
-1.75484e+07 -6.24396e-05
-1.75451e+07 -6.24279e-05
-1.75419e+07 -6.24162e-05
-1.75386e+07 -6.24045e-05
-1.75353e+07 -6.23928e-05
-1.7532e+07 -6.23811e-05
-1.75287e+07 -6.23694e-05
-1.75254e+07 -6.23576e-05
-1.75221e+07 -6.23459e-05
-1.75188e+07 -6.23342e-05
-1.75155e+07 -6.23225e-05
-1.75122e+07 -6.23108e-05
-1.75089e+07 -6.22991e-05
-1.75056e+07 -6.22874e-05
-1.75024e+07 -6.22757e-05
-1.74991e+07 -6.2264e-05
-1.74958e+07 -6.22523e-05
-1.74925e+07 -6.22405e-05
-1.74892e+07 -6.22288e-05
-1.74859e+07 -6.22171e-05
-1.74826e+07 -6.22054e-05
-1.74768e+07 -6.21848e-05
-1.74644e+07 -6.21407e-05
-1.74521e+07 -6.20967e-05
-1.74397e+07 -6.20527e-05
-1.74273e+07 -6.20087e-05
-1.7415e+07 -6.19647e-05
-1.74026e+07 -6.19207e-05
-1.73902e+07 -6.18767e-05
-1.73779e+07 -6.18327e-05
-1.73655e+07 -6.17887e-05
-1.73531e+07 -6.17447e-05
-1.73407e+07 -6.17006e-05
-1.73284e+07 -6.16566e-05
-1.7316e+07 -6.16126e-05
-1.73036e+07 -6.15686e-05
-1.72913e+07 -6.15246e-05
-1.72789e+07 -6.14806e-05
-1.72665e+07 -6.14366e-05
-1.72542e+07 -6.13926e-05
-1.72418e+07 -6.13486e-05
-1.72294e+07 -6.13046e-05
-1.72171e+07 -6.12606e-05
-1.72047e+07 -6.12166e-05
-1.71923e+07 -6.11725e-05
-1.718e+07 -6.11285e-05
-1.71676e+07 -6.10845e-05
-1.71552e+07 -6.10405e-05
-1.71429e+07 -6.09965e-05
-1.71305e+07 -6.09525e-05
-1.71181e+07 -6.09085e-05
-1.71058e+07 -6.08645e-05
-1.70934e+07 -6.08205e-05
-1.7081e+07 -6.07765e-05
-1.70686e+07 -6.07325e-05
-1.70563e+07 -6.06885e-05
-1.70439e+07 -6.06445e-05
-1.70315e+07 -6.06005e-05
-1.70192e+07 -6.05565e-05
-1.70068e+07 -6.05125e-05
-1.69944e+07 -6.04685e-05
-1.69821e+07 -6.04245e-05
-1.69697e+07 -6.03804e-05
-1.69573e+07 -6.03364e-05
-1.6945e+07 -6.02924e-05
-1.69326e+07 -6.02484e-05
-1.69202e+07 -6.02044e-05
-1.69079e+07 -6.01604e-05
-1.68955e+07 -6.01164e-05
-1.68831e+07 -6.00724e-05
-1.68708e+07 -6.00284e-05
-1.68584e+07 -5.99844e-05
-1.6846e+07 -5.99404e-05
-1.68337e+07 -5.98964e-05
-1.68213e+07 -5.98524e-05
-1.68089e+07 -5.98084e-05
-1.67966e+07 -5.97644e-05
-1.67842e+07 -5.97204e-05
-1.67718e+07 -5.96764e-05
-1.67595e+07 -5.96324e-05
-1.67471e+07 -5.95884e-05
-1.67347e+07 -5.95444e-05
-1.67224e+07 -5.95004e-05
-1.671e+07 -5.94564e-05
-1.66976e+07 -5.94124e-05
-1.66818e+07 -5.93559e-05
-1.66655e+07 -5.9298e-05
-1.66492e+07 -5.92401e-05
-1.6633e+07 -5.91822e-05
-1.66167e+07 -5.91243e-05
-1.66004e+07 -5.90664e-05
-1.65841e+07 -5.90086e-05
-1.65679e+07 -5.89507e-05
-1.65516e+07 -5.88928e-05
-1.65353e+07 -5.88349e-05
-1.65191e+07 -5.8777e-05
-1.65028e+07 -5.87191e-05
-1.64865e+07 -5.86612e-05
-1.64702e+07 -5.86033e-05
-1.6454e+07 -5.85454e-05
-1.64377e+07 -5.84875e-05
-1.64214e+07 -5.84296e-05
-1.64052e+07 -5.83717e-05
-1.63889e+07 -5.83138e-05
-1.63726e+07 -5.82559e-05
-1.63564e+07 -5.8198e-05
-1.63401e+07 -5.81401e-05
-1.63238e+07 -5.80823e-05
-1.63075e+07 -5.80244e-05
-1.62913e+07 -5.79665e-05
-1.6275e+07 -5.79086e-05
-1.62587e+07 -5.78507e-05
-1.62425e+07 -5.77928e-05
-1.62262e+07 -5.77349e-05
-1.62099e+07 -5.7677e-05
-1.61936e+07 -5.76191e-05
-1.61774e+07 -5.75612e-05
-1.61611e+07 -5.75033e-05
-1.61448e+07 -5.74454e-05
-1.61286e+07 -5.73875e-05
-1.61123e+07 -5.73297e-05
-1.6096e+07 -5.72718e-05
-1.60798e+07 -5.72139e-05
-1.60635e+07 -5.7156e-05
-1.60472e+07 -5.70981e-05
-1.60309e+07 -5.70402e-05
-1.60147e+07 -5.69823e-05
-1.59984e+07 -5.69244e-05
-1.59821e+07 -5.68665e-05
-1.59659e+07 -5.68086e-05
-1.59496e+07 -5.67507e-05
-1.59333e+07 -5.66928e-05
-1.59171e+07 -5.6635e-05
-1.59008e+07 -5.65771e-05
-1.58845e+07 -5.65192e-05
-1.58682e+07 -5.64613e-05
-1.5852e+07 -5.64034e-05
-1.58357e+07 -5.63455e-05
-1.58194e+07 -5.62876e-05
-1.58032e+07 -5.62297e-05
-1.57869e+07 -5.61718e-05
-1.57706e+07 -5.61139e-05
-1.57544e+07 -5.6056e-05
-1.57381e+07 -5.59982e-05
-1.57218e+07 -5.59403e-05
-1.57055e+07 -5.58824e-05
-1.56893e+07 -5.58245e-05
-1.5673e+07 -5.57666e-05
-1.56567e+07 -5.57087e-05
-1.56405e+07 -5.56508e-05
-1.56242e+07 -5.55929e-05
-1.56079e+07 -5.5535e-05
-1.55917e+07 -5.54771e-05
-1.55754e+07 -5.54193e-05
-1.55591e+07 -5.53614e-05
-1.55428e+07 -5.53035e-05
-1.55266e+07 -5.52456e-05
-1.55103e+07 -5.51877e-05
-1.5494e+07 -5.51298e-05
-1.54778e+07 -5.50719e-05
-1.54615e+07 -5.5014e-05
-1.54452e+07 -5.49561e-05
-1.5429e+07 -5.48982e-05
-1.54127e+07 -5.48404e-05
-1.53964e+07 -5.47825e-05
-1.53801e+07 -5.47246e-05
-1.53639e+07 -5.46667e-05
-1.53476e+07 -5.46088e-05
-1.53313e+07 -5.45509e-05
-1.53151e+07 -5.4493e-05
-1.52988e+07 -5.44351e-05
-1.52825e+07 -5.43773e-05
-1.52663e+07 -5.43194e-05
-1.525e+07 -5.42615e-05
-1.52337e+07 -5.42036e-05
-1.52175e+07 -5.41457e-05
-1.52012e+07 -5.40878e-05
-1.51849e+07 -5.40299e-05
-1.51686e+07 -5.3972e-05
-1.51524e+07 -5.39141e-05
-1.51361e+07 -5.38563e-05
-1.51198e+07 -5.37984e-05
-1.51036e+07 -5.37405e-05
-1.50873e+07 -5.36826e-05
-1.5071e+07 -5.36247e-05
-1.50548e+07 -5.35668e-05
-1.50385e+07 -5.35089e-05
-1.50222e+07 -5.3451e-05
-1.5006e+07 -5.33932e-05
-1.49897e+07 -5.33353e-05
-1.49734e+07 -5.32774e-05
-1.49571e+07 -5.32195e-05
-1.49409e+07 -5.31616e-05
-1.49246e+07 -5.31037e-05
-1.49083e+07 -5.30458e-05
-1.48921e+07 -5.29879e-05
-1.48758e+07 -5.29301e-05
-1.48595e+07 -5.28722e-05
-1.48433e+07 -5.28143e-05
-1.4827e+07 -5.27564e-05
-1.48107e+07 -5.26985e-05
-1.47945e+07 -5.26406e-05
-1.47782e+07 -5.25827e-05
-1.47619e+07 -5.25249e-05
-1.47457e+07 -5.2467e-05
-1.47294e+07 -5.24091e-05
-1.47131e+07 -5.23512e-05
-1.46968e+07 -5.22933e-05
-1.46806e+07 -5.22354e-05
-1.46643e+07 -5.21775e-05
-1.4648e+07 -5.21197e-05
-1.46318e+07 -5.20618e-05
-1.46155e+07 -5.20039e-05
-1.45992e+07 -5.1946e-05
-1.4583e+07 -5.18881e-05
-1.45667e+07 -5.18302e-05
-1.45504e+07 -5.17723e-05
-1.45342e+07 -5.17145e-05
-1.45179e+07 -5.16566e-05
-1.45016e+07 -5.15987e-05
-1.44854e+07 -5.15408e-05
-1.44691e+07 -5.14829e-05
-1.44528e+07 -5.1425e-05
-1.44366e+07 -5.13671e-05
-1.44203e+07 -5.13093e-05
-1.4404e+07 -5.12514e-05
-1.43877e+07 -5.11935e-05
-1.43715e+07 -5.11356e-05
-1.43552e+07 -5.10777e-05
-1.43389e+07 -5.10198e-05
-1.43227e+07 -5.0962e-05
-1.43064e+07 -5.09041e-05
-1.42901e+07 -5.08462e-05
-1.42739e+07 -5.07883e-05
-1.42576e+07 -5.07304e-05
-1.42413e+07 -5.06725e-05
-1.42251e+07 -5.06147e-05
-1.42088e+07 -5.05568e-05
-1.41925e+07 -5.04989e-05
-1.41763e+07 -5.0441e-05
-1.416e+07 -5.03831e-05
-1.41437e+07 -5.03252e-05
-1.41275e+07 -5.02674e-05
-1.41112e+07 -5.02095e-05
-1.40949e+07 -5.01516e-05
-1.40787e+07 -5.00937e-05
-1.40624e+07 -5.00358e-05
-1.40461e+07 -4.99779e-05
-1.40299e+07 -4.99201e-05
-1.40136e+07 -4.98622e-05
-1.39973e+07 -4.98043e-05
-1.3981e+07 -4.97464e-05
-1.39648e+07 -4.96885e-05
-1.39485e+07 -4.96306e-05
-1.39322e+07 -4.95728e-05
-1.3916e+07 -4.95149e-05
-1.38997e+07 -4.9457e-05
-1.38834e+07 -4.93991e-05
-1.38672e+07 -4.93412e-05
-1.38509e+07 -4.92833e-05
-1.38346e+07 -4.92255e-05
-1.38184e+07 -4.91676e-05
-1.38021e+07 -4.91097e-05
-1.37858e+07 -4.90518e-05
-1.37696e+07 -4.89939e-05
-1.37533e+07 -4.89361e-05
-1.3737e+07 -4.88782e-05
-1.37208e+07 -4.88203e-05
-1.37045e+07 -4.87624e-05
-1.36882e+07 -4.87045e-05
-1.3672e+07 -4.86466e-05
-1.36557e+07 -4.85888e-05
-1.36394e+07 -4.85309e-05
-1.36232e+07 -4.8473e-05
-1.36069e+07 -4.84151e-05
-1.35906e+07 -4.83572e-05
-1.35744e+07 -4.82994e-05
-1.35581e+07 -4.82415e-05
-1.35418e+07 -4.81836e-05
-1.35256e+07 -4.81257e-05
-1.35093e+07 -4.80678e-05
-1.3493e+07 -4.801e-05
-1.34768e+07 -4.79521e-05
-1.34605e+07 -4.78942e-05
-1.34442e+07 -4.78363e-05
-1.3428e+07 -4.77784e-05
-1.34117e+07 -4.77206e-05
-1.33954e+07 -4.76627e-05
-1.33792e+07 -4.76048e-05
-1.33629e+07 -4.75469e-05
-1.33466e+07 -4.7489e-05
-1.33304e+07 -4.74312e-05
-1.33141e+07 -4.73733e-05
-1.32978e+07 -4.73154e-05
-1.32816e+07 -4.72575e-05
-1.32653e+07 -4.71996e-05
-1.3249e+07 -4.71418e-05
-1.32328e+07 -4.70839e-05
-1.32165e+07 -4.7026e-05
-1.32002e+07 -4.69681e-05
-1.3184e+07 -4.69102e-05
-1.31677e+07 -4.68524e-05
-1.31514e+07 -4.67945e-05
-1.31352e+07 -4.67366e-05
-1.31189e+07 -4.66787e-05
-1.31026e+07 -4.66208e-05
-1.30864e+07 -4.6563e-05
-1.30701e+07 -4.65051e-05
-1.30538e+07 -4.64472e-05
-1.30376e+07 -4.63893e-05
-1.30213e+07 -4.63315e-05
-1.3005e+07 -4.62736e-05
-1.29888e+07 -4.62157e-05
-1.29725e+07 -4.61578e-05
-1.29562e+07 -4.60999e-05
-1.294e+07 -4.60421e-05
-1.29237e+07 -4.59842e-05
-1.29074e+07 -4.59263e-05
-1.28912e+07 -4.58684e-05
-1.28749e+07 -4.58105e-05
-1.28586e+07 -4.57527e-05
-1.28424e+07 -4.56948e-05
-1.28261e+07 -4.56369e-05
-1.28098e+07 -4.5579e-05
-1.27936e+07 -4.55212e-05
-1.27773e+07 -4.54633e-05
-1.2761e+07 -4.54054e-05
-1.27448e+07 -4.53475e-05
-1.27285e+07 -4.52897e-05
-1.27122e+07 -4.52318e-05
-1.2696e+07 -4.51739e-05
-1.26797e+07 -4.5116e-05
-1.26634e+07 -4.50581e-05
-1.26472e+07 -4.50003e-05
-1.26309e+07 -4.49424e-05
-1.26146e+07 -4.48845e-05
-1.25984e+07 -4.48266e-05
-1.25821e+07 -4.47688e-05
-1.25658e+07 -4.47109e-05
-1.25496e+07 -4.4653e-05
-1.25333e+07 -4.45951e-05
-1.2517e+07 -4.45373e-05
-1.25008e+07 -4.44794e-05
-1.24845e+07 -4.44215e-05
-1.24682e+07 -4.43636e-05
-1.2452e+07 -4.43058e-05
-1.24357e+07 -4.42479e-05
-1.24194e+07 -4.419e-05
-1.24032e+07 -4.41321e-05
-1.23869e+07 -4.40742e-05
-1.23706e+07 -4.40164e-05
-1.23544e+07 -4.39585e-05
-1.23381e+07 -4.39006e-05
-1.23218e+07 -4.38427e-05
-1.23056e+07 -4.37849e-05
-1.22893e+07 -4.3727e-05
-1.22731e+07 -4.36691e-05
-1.22568e+07 -4.36112e-05
-1.22405e+07 -4.35534e-05
-1.22243e+07 -4.34955e-05
-1.2208e+07 -4.34376e-05
-1.21917e+07 -4.33797e-05
-1.21755e+07 -4.33219e-05
-1.21592e+07 -4.3264e-05
-1.21429e+07 -4.32061e-05
-1.21267e+07 -4.31482e-05
-1.21104e+07 -4.30904e-05
-1.20941e+07 -4.30325e-05
-1.20779e+07 -4.29746e-05
-1.20616e+07 -4.29167e-05
-1.20453e+07 -4.28589e-05
-1.20291e+07 -4.2801e-05
-1.20128e+07 -4.27431e-05
-1.19965e+07 -4.26853e-05
-1.19803e+07 -4.26274e-05
-1.1964e+07 -4.25695e-05
-1.19477e+07 -4.25116e-05
-1.19315e+07 -4.24538e-05
-1.19152e+07 -4.23959e-05
-1.18989e+07 -4.2338e-05
-1.18827e+07 -4.22801e-05
-1.18664e+07 -4.22223e-05
-1.18502e+07 -4.21644e-05
-1.18339e+07 -4.21065e-05
-1.18176e+07 -4.20486e-05
-1.18014e+07 -4.19908e-05
-1.17851e+07 -4.19329e-05
-1.17688e+07 -4.1875e-05
-1.17526e+07 -4.18172e-05
-1.17363e+07 -4.17593e-05
-1.172e+07 -4.17014e-05
-1.17038e+07 -4.16435e-05
-1.16875e+07 -4.15857e-05
-1.16712e+07 -4.15278e-05
-1.1655e+07 -4.14699e-05
-1.16387e+07 -4.1412e-05
-1.16224e+07 -4.13542e-05
-1.16062e+07 -4.12963e-05
-1.15899e+07 -4.12384e-05
-1.15736e+07 -4.11806e-05
-1.15574e+07 -4.11227e-05
-1.15411e+07 -4.10648e-05
-1.15249e+07 -4.10069e-05
-1.15086e+07 -4.09491e-05
-1.14923e+07 -4.08912e-05
-1.14761e+07 -4.08333e-05
-1.14598e+07 -4.07755e-05
-1.14435e+07 -4.07176e-05
-1.14273e+07 -4.06597e-05
-1.1411e+07 -4.06018e-05
-1.13947e+07 -4.0544e-05
-1.13785e+07 -4.04861e-05
-1.13622e+07 -4.04282e-05
-1.13459e+07 -4.03704e-05
-1.13297e+07 -4.03125e-05
-1.13134e+07 -4.02546e-05
-1.12972e+07 -4.01967e-05
-1.12809e+07 -4.01389e-05
-1.12646e+07 -4.0081e-05
-1.12484e+07 -4.00231e-05
-1.12321e+07 -3.99653e-05
-1.12158e+07 -3.99074e-05
-1.11996e+07 -3.98495e-05
-1.11833e+07 -3.97916e-05
-1.1167e+07 -3.97338e-05
-1.11508e+07 -3.96759e-05
-1.11345e+07 -3.9618e-05
-1.11182e+07 -3.95602e-05
-1.1102e+07 -3.95023e-05
-1.10857e+07 -3.94444e-05
-1.10695e+07 -3.93866e-05
-1.10532e+07 -3.93287e-05
-1.10369e+07 -3.92708e-05
-1.10207e+07 -3.92129e-05
-1.10044e+07 -3.91551e-05
-1.09881e+07 -3.90972e-05
-1.09719e+07 -3.90393e-05
-1.09556e+07 -3.89815e-05
-1.09393e+07 -3.89236e-05
-1.09231e+07 -3.88657e-05
-1.09068e+07 -3.88079e-05
-1.08905e+07 -3.875e-05
-1.08743e+07 -3.86921e-05
-1.0858e+07 -3.86343e-05
-1.08418e+07 -3.85764e-05
-1.08255e+07 -3.85185e-05
-1.08092e+07 -3.84606e-05
-1.0793e+07 -3.84028e-05
-1.07767e+07 -3.83449e-05
-1.07604e+07 -3.8287e-05
-1.07442e+07 -3.82292e-05
-1.07279e+07 -3.81713e-05
-1.07116e+07 -3.81134e-05
-1.06954e+07 -3.80556e-05
-1.06791e+07 -3.79977e-05
-1.06629e+07 -3.79398e-05
-1.06466e+07 -3.7882e-05
-1.06303e+07 -3.78241e-05
-1.06141e+07 -3.77662e-05
-1.05978e+07 -3.77084e-05
-1.05815e+07 -3.76505e-05
-1.05653e+07 -3.75926e-05
-1.0549e+07 -3.75348e-05
-1.05327e+07 -3.74769e-05
-1.05165e+07 -3.7419e-05
-1.05002e+07 -3.73612e-05
-1.0484e+07 -3.73033e-05
-1.04677e+07 -3.72454e-05
-1.04514e+07 -3.71876e-05
-1.04352e+07 -3.71297e-05
-1.04189e+07 -3.70718e-05
-1.04026e+07 -3.7014e-05
-1.03864e+07 -3.69561e-05
-1.03701e+07 -3.68982e-05
-1.03538e+07 -3.68403e-05
-1.03376e+07 -3.67825e-05
-1.03213e+07 -3.67246e-05
-1.03051e+07 -3.66668e-05
-1.02888e+07 -3.66089e-05
-1.02725e+07 -3.6551e-05
-1.02563e+07 -3.64932e-05
-1.024e+07 -3.64353e-05
-1.02237e+07 -3.63774e-05
-1.02075e+07 -3.63196e-05
-1.01912e+07 -3.62617e-05
-1.0175e+07 -3.62038e-05
-1.01587e+07 -3.6146e-05
-1.01424e+07 -3.60881e-05
-1.01262e+07 -3.60302e-05
-1.01099e+07 -3.59724e-05
-1.00936e+07 -3.59145e-05
-1.00774e+07 -3.58566e-05
-1.00611e+07 -3.57988e-05
-1.00449e+07 -3.57409e-05
-1.00286e+07 -3.5683e-05
-1.00123e+07 -3.56252e-05
-9.99606e+06 -3.55673e-05
-9.9798e+06 -3.55094e-05
-9.96354e+06 -3.54516e-05
-9.94728e+06 -3.53937e-05
-9.93101e+06 -3.53358e-05
-9.91475e+06 -3.5278e-05
-9.89849e+06 -3.52201e-05
-9.88222e+06 -3.51622e-05
-9.86596e+06 -3.51044e-05
-9.8497e+06 -3.50465e-05
-9.83344e+06 -3.49887e-05
-9.81717e+06 -3.49308e-05
-9.80091e+06 -3.48729e-05
-9.78465e+06 -3.48151e-05
-9.76839e+06 -3.47572e-05
-9.75212e+06 -3.46993e-05
-9.73586e+06 -3.46415e-05
-9.7196e+06 -3.45836e-05
-9.70334e+06 -3.45257e-05
-9.68707e+06 -3.44679e-05
-9.67081e+06 -3.441e-05
-9.65455e+06 -3.43522e-05
-9.63829e+06 -3.42943e-05
-9.62203e+06 -3.42364e-05
-9.60576e+06 -3.41786e-05
-9.5895e+06 -3.41207e-05
-9.57324e+06 -3.40628e-05
-9.55698e+06 -3.4005e-05
-9.54071e+06 -3.39471e-05
-9.52445e+06 -3.38892e-05
-9.50819e+06 -3.38314e-05
-9.49193e+06 -3.37735e-05
-9.47567e+06 -3.37157e-05
-9.4594e+06 -3.36578e-05
-9.44314e+06 -3.35999e-05
-9.42688e+06 -3.35421e-05
-9.41062e+06 -3.34842e-05
-9.39435e+06 -3.34263e-05
-9.37809e+06 -3.33685e-05
-9.36183e+06 -3.33106e-05
-9.34557e+06 -3.32528e-05
-9.32931e+06 -3.31949e-05
-9.31304e+06 -3.3137e-05
-9.29678e+06 -3.30792e-05
-9.28052e+06 -3.30213e-05
-9.26426e+06 -3.29634e-05
-9.248e+06 -3.29056e-05
-9.23174e+06 -3.28477e-05
-9.21547e+06 -3.27899e-05
-9.19921e+06 -3.2732e-05
-9.18295e+06 -3.26741e-05
-9.16669e+06 -3.26163e-05
-9.15043e+06 -3.25584e-05
-9.13416e+06 -3.25006e-05
-9.1179e+06 -3.24427e-05
-9.10164e+06 -3.23848e-05
-9.08538e+06 -3.2327e-05
-9.06912e+06 -3.22691e-05
-9.05286e+06 -3.22112e-05
-9.03659e+06 -3.21534e-05
-9.02033e+06 -3.20955e-05
-9.00407e+06 -3.20377e-05
-8.98781e+06 -3.19798e-05
-8.97155e+06 -3.19219e-05
-8.95529e+06 -3.18641e-05
-8.93903e+06 -3.18062e-05
-8.92276e+06 -3.17484e-05
-8.9065e+06 -3.16905e-05
-8.89024e+06 -3.16326e-05
-8.87398e+06 -3.15748e-05
-8.85772e+06 -3.15169e-05
-8.84146e+06 -3.14591e-05
-8.8252e+06 -3.14012e-05
-8.80893e+06 -3.13433e-05
-8.79267e+06 -3.12855e-05
-8.77641e+06 -3.12276e-05
-8.76015e+06 -3.11698e-05
-8.74389e+06 -3.11119e-05
-8.72763e+06 -3.1054e-05
-8.71137e+06 -3.09962e-05
-8.69511e+06 -3.09383e-05
-8.67884e+06 -3.08805e-05
-8.66258e+06 -3.08226e-05
-8.64632e+06 -3.07647e-05
-8.63006e+06 -3.07069e-05
-8.6138e+06 -3.0649e-05
-8.59754e+06 -3.05912e-05
-8.58128e+06 -3.05333e-05
-8.56502e+06 -3.04755e-05
-8.54876e+06 -3.04176e-05
-8.5325e+06 -3.03597e-05
-8.51623e+06 -3.03019e-05
-8.49997e+06 -3.0244e-05
-8.48371e+06 -3.01862e-05
-8.46745e+06 -3.01283e-05
-8.45119e+06 -3.00704e-05
-8.43493e+06 -3.00126e-05
-8.41867e+06 -2.99547e-05
-8.40241e+06 -2.98969e-05
-8.38615e+06 -2.9839e-05
-8.36989e+06 -2.97812e-05
-8.35363e+06 -2.97233e-05
-8.33737e+06 -2.96654e-05
-8.3211e+06 -2.96076e-05
-8.30484e+06 -2.95497e-05
-8.28858e+06 -2.94919e-05
-8.27232e+06 -2.9434e-05
-8.25606e+06 -2.93761e-05
-8.2398e+06 -2.93183e-05
-8.22354e+06 -2.92604e-05
-8.20728e+06 -2.92026e-05
-8.19102e+06 -2.91447e-05
-8.17476e+06 -2.90869e-05
-8.1585e+06 -2.9029e-05
-8.14224e+06 -2.89711e-05
-8.12598e+06 -2.89133e-05
-8.10972e+06 -2.88554e-05
-8.09346e+06 -2.87976e-05
-8.0772e+06 -2.87397e-05
-8.06094e+06 -2.86819e-05
-8.04468e+06 -2.8624e-05
-8.02841e+06 -2.85662e-05
-8.01215e+06 -2.85083e-05
-7.99589e+06 -2.84504e-05
-7.97963e+06 -2.83926e-05
-7.96337e+06 -2.83347e-05
-7.94711e+06 -2.82769e-05
-7.93085e+06 -2.8219e-05
-7.91459e+06 -2.81612e-05
-7.89833e+06 -2.81033e-05
-7.88207e+06 -2.80454e-05
-7.86581e+06 -2.79876e-05
-7.84955e+06 -2.79297e-05
-7.83329e+06 -2.78719e-05
-7.81703e+06 -2.7814e-05
-7.80077e+06 -2.77562e-05
-7.78451e+06 -2.76983e-05
-7.76825e+06 -2.76405e-05
-7.75199e+06 -2.75826e-05
-7.73573e+06 -2.75247e-05
-7.71947e+06 -2.74669e-05
-7.70321e+06 -2.7409e-05
-7.68695e+06 -2.73512e-05
-7.67069e+06 -2.72933e-05
-7.65443e+06 -2.72355e-05
-7.63817e+06 -2.71776e-05
-7.62191e+06 -2.71198e-05
-7.60565e+06 -2.70619e-05
-7.58939e+06 -2.70041e-05
-7.57313e+06 -2.69462e-05
-7.55687e+06 -2.68883e-05
-7.54062e+06 -2.68305e-05
-7.52435e+06 -2.67726e-05
-7.50809e+06 -2.67148e-05
-7.49183e+06 -2.66569e-05
-7.47558e+06 -2.65991e-05
-7.45932e+06 -2.65412e-05
-7.44306e+06 -2.64834e-05
-7.4268e+06 -2.64255e-05
-7.41054e+06 -2.63677e-05
-7.39428e+06 -2.63098e-05
-7.37802e+06 -2.6252e-05
-7.36176e+06 -2.61941e-05
-7.3455e+06 -2.61362e-05
-7.32924e+06 -2.60784e-05
-7.31298e+06 -2.60205e-05
-7.29672e+06 -2.59627e-05
-7.28046e+06 -2.59048e-05
-7.2642e+06 -2.5847e-05
-7.24794e+06 -2.57891e-05
-7.23168e+06 -2.57313e-05
-7.21542e+06 -2.56734e-05
-7.19916e+06 -2.56156e-05
-7.1829e+06 -2.55577e-05
-7.16665e+06 -2.54999e-05
-7.15039e+06 -2.5442e-05
-7.13413e+06 -2.53842e-05
-7.11787e+06 -2.53263e-05
-7.10161e+06 -2.52685e-05
-7.08535e+06 -2.52106e-05
-7.06909e+06 -2.51527e-05
-7.05283e+06 -2.50949e-05
-7.03657e+06 -2.5037e-05
-7.02031e+06 -2.49792e-05
-7.00405e+06 -2.49213e-05
-6.98779e+06 -2.48635e-05
-6.97154e+06 -2.48056e-05
-6.95528e+06 -2.47478e-05
-6.93902e+06 -2.46899e-05
-6.92276e+06 -2.46321e-05
-6.9065e+06 -2.45742e-05
-6.89024e+06 -2.45164e-05
-6.87398e+06 -2.44585e-05
-6.85772e+06 -2.44007e-05
-6.84146e+06 -2.43428e-05
-6.82521e+06 -2.4285e-05
-6.80895e+06 -2.42271e-05
-6.79269e+06 -2.41693e-05
-6.77643e+06 -2.41114e-05
-6.76017e+06 -2.40536e-05
-6.74391e+06 -2.39957e-05
-6.72765e+06 -2.39379e-05
-6.71139e+06 -2.388e-05
-6.69514e+06 -2.38222e-05
-6.67888e+06 -2.37643e-05
-6.66262e+06 -2.37065e-05
-6.64636e+06 -2.36486e-05
-6.6301e+06 -2.35908e-05
-6.61384e+06 -2.35329e-05
-6.59758e+06 -2.34751e-05
-6.58132e+06 -2.34172e-05
-6.56507e+06 -2.33594e-05
-6.54881e+06 -2.33015e-05
-6.53255e+06 -2.32437e-05
-6.51629e+06 -2.31858e-05
-6.50003e+06 -2.3128e-05
-6.48377e+06 -2.30701e-05
-6.46752e+06 -2.30123e-05
-6.45126e+06 -2.29544e-05
-6.435e+06 -2.28966e-05
-6.41874e+06 -2.28387e-05
-6.40248e+06 -2.27809e-05
-6.38622e+06 -2.2723e-05
-6.36997e+06 -2.26652e-05
-6.35371e+06 -2.26073e-05
-6.33745e+06 -2.25495e-05
-6.32119e+06 -2.24916e-05
-6.30493e+06 -2.24338e-05
-6.28867e+06 -2.23759e-05
-6.27242e+06 -2.23181e-05
-6.25616e+06 -2.22602e-05
-6.2399e+06 -2.22024e-05
-6.22364e+06 -2.21445e-05
-6.20738e+06 -2.20867e-05
-6.19113e+06 -2.20288e-05
-6.17487e+06 -2.1971e-05
-6.15861e+06 -2.19131e-05
-6.14235e+06 -2.18553e-05
-6.12609e+06 -2.17974e-05
-6.10984e+06 -2.17396e-05
-6.09358e+06 -2.16817e-05
-6.07732e+06 -2.16239e-05
-6.06106e+06 -2.15661e-05
-6.0448e+06 -2.15082e-05
-6.02855e+06 -2.14504e-05
-6.01229e+06 -2.13925e-05
-5.99603e+06 -2.13347e-05
-5.97977e+06 -2.12768e-05
-5.96351e+06 -2.1219e-05
-5.94726e+06 -2.11611e-05
-5.931e+06 -2.11033e-05
-5.91474e+06 -2.10454e-05
-5.89848e+06 -2.09876e-05
-5.88223e+06 -2.09297e-05
-5.86597e+06 -2.08719e-05
-5.84971e+06 -2.0814e-05
-5.83345e+06 -2.07562e-05
-5.8172e+06 -2.06983e-05
-5.80094e+06 -2.06405e-05
-5.78468e+06 -2.05826e-05
-5.76842e+06 -2.05248e-05
-5.75217e+06 -2.0467e-05
-5.73591e+06 -2.04091e-05
-5.71965e+06 -2.03513e-05
-5.70339e+06 -2.02934e-05
-5.68714e+06 -2.02356e-05
-5.67088e+06 -2.01777e-05
-5.65462e+06 -2.01199e-05
-5.63836e+06 -2.0062e-05
-5.62211e+06 -2.00042e-05
-5.60585e+06 -1.99463e-05
-5.58959e+06 -1.98885e-05
-5.57333e+06 -1.98307e-05
-5.55708e+06 -1.97728e-05
-5.54082e+06 -1.9715e-05
-5.52456e+06 -1.96571e-05
-5.5083e+06 -1.95993e-05
-5.49205e+06 -1.95414e-05
-5.47579e+06 -1.94836e-05
-5.45953e+06 -1.94257e-05
-5.44328e+06 -1.93679e-05
-5.42702e+06 -1.931e-05
-5.41076e+06 -1.92522e-05
-5.39451e+06 -1.91944e-05
-5.37825e+06 -1.91365e-05
-5.36199e+06 -1.90787e-05
-5.34573e+06 -1.90208e-05
-5.32948e+06 -1.8963e-05
-5.31322e+06 -1.89051e-05
-5.29696e+06 -1.88473e-05
-5.28071e+06 -1.87894e-05
-5.26445e+06 -1.87316e-05
-5.24819e+06 -1.86738e-05
-5.23194e+06 -1.86159e-05
-5.21568e+06 -1.85581e-05
-5.19942e+06 -1.85002e-05
-5.18316e+06 -1.84424e-05
-5.16691e+06 -1.83845e-05
-5.15065e+06 -1.83267e-05
-5.13439e+06 -1.82688e-05
-5.11814e+06 -1.8211e-05
-5.10188e+06 -1.81532e-05
-5.08562e+06 -1.80953e-05
-5.06937e+06 -1.80375e-05
-5.05311e+06 -1.79796e-05
-5.03685e+06 -1.79218e-05
-5.0206e+06 -1.78639e-05
-5.00434e+06 -1.78061e-05
-4.98808e+06 -1.77483e-05
-4.97183e+06 -1.76904e-05
-4.95557e+06 -1.76326e-05
-4.93931e+06 -1.75747e-05
-4.92306e+06 -1.75169e-05
-4.9068e+06 -1.7459e-05
-4.89054e+06 -1.74012e-05
-4.87429e+06 -1.73434e-05
-4.85803e+06 -1.72855e-05
-4.84178e+06 -1.72277e-05
-4.82552e+06 -1.71698e-05
-4.80926e+06 -1.7112e-05
-4.79301e+06 -1.70541e-05
-4.77675e+06 -1.69963e-05
-4.76049e+06 -1.69385e-05
-4.74424e+06 -1.68806e-05
-4.72798e+06 -1.68228e-05
-4.71173e+06 -1.67649e-05
-4.69547e+06 -1.67071e-05
-4.67921e+06 -1.66493e-05
-4.66296e+06 -1.65914e-05
-4.6467e+06 -1.65336e-05
-4.63044e+06 -1.64757e-05
-4.61419e+06 -1.64179e-05
-4.59793e+06 -1.636e-05
-4.58168e+06 -1.63022e-05
-4.56542e+06 -1.62444e-05
-4.54916e+06 -1.61865e-05
-4.53291e+06 -1.61287e-05
-4.51665e+06 -1.60708e-05
-4.5004e+06 -1.6013e-05
-4.48414e+06 -1.59552e-05
-4.46788e+06 -1.58973e-05
-4.45163e+06 -1.58395e-05
-4.43537e+06 -1.57816e-05
-4.41912e+06 -1.57238e-05
-4.40286e+06 -1.5666e-05
-4.38661e+06 -1.56081e-05
-4.37035e+06 -1.55503e-05
-4.35409e+06 -1.54924e-05
-4.33784e+06 -1.54346e-05
-4.32158e+06 -1.53768e-05
-4.30533e+06 -1.53189e-05
-4.28907e+06 -1.52611e-05
-4.27281e+06 -1.52032e-05
-4.25656e+06 -1.51454e-05
-4.2403e+06 -1.50876e-05
-4.22405e+06 -1.50297e-05
-4.20779e+06 -1.49719e-05
-4.19154e+06 -1.4914e-05
-4.17528e+06 -1.48562e-05
-4.15903e+06 -1.47984e-05
-4.14277e+06 -1.47405e-05
-4.12651e+06 -1.46827e-05
-4.11026e+06 -1.46248e-05
-4.094e+06 -1.4567e-05
-4.07775e+06 -1.45092e-05
-4.06149e+06 -1.44513e-05
-4.04524e+06 -1.43935e-05
-4.02898e+06 -1.43356e-05
-4.01273e+06 -1.42778e-05
-3.99647e+06 -1.422e-05
-3.98022e+06 -1.41621e-05
-3.96396e+06 -1.41043e-05
-3.94771e+06 -1.40465e-05
-3.93145e+06 -1.39886e-05
-3.91519e+06 -1.39308e-05
-3.89894e+06 -1.38729e-05
-3.88268e+06 -1.38151e-05
-3.86643e+06 -1.37573e-05
-3.85017e+06 -1.36994e-05
-3.83392e+06 -1.36416e-05
-3.81766e+06 -1.35837e-05
-3.80141e+06 -1.35259e-05
-3.78515e+06 -1.34681e-05
-3.7689e+06 -1.34102e-05
-3.75264e+06 -1.33524e-05
-3.73639e+06 -1.32946e-05
-3.72013e+06 -1.32367e-05
-3.70388e+06 -1.31789e-05
-3.68762e+06 -1.3121e-05
-3.67137e+06 -1.30632e-05
-3.65511e+06 -1.30054e-05
-3.63886e+06 -1.29475e-05
-3.6226e+06 -1.28897e-05
-3.60635e+06 -1.28319e-05
-3.59009e+06 -1.2774e-05
-3.57384e+06 -1.27162e-05
-3.55758e+06 -1.26583e-05
-3.54133e+06 -1.26005e-05
-3.52507e+06 -1.25427e-05
-3.50882e+06 -1.24848e-05
-3.49256e+06 -1.2427e-05
-3.47631e+06 -1.23692e-05
-3.46006e+06 -1.23113e-05
-3.4438e+06 -1.22535e-05
-3.42755e+06 -1.21957e-05
-3.41129e+06 -1.21378e-05
-3.39504e+06 -1.208e-05
-3.37878e+06 -1.20221e-05
-3.36253e+06 -1.19643e-05
-3.34627e+06 -1.19065e-05
-3.33002e+06 -1.18486e-05
-3.31376e+06 -1.17908e-05
-3.29751e+06 -1.1733e-05
-3.28126e+06 -1.16751e-05
-3.265e+06 -1.16173e-05
-3.24875e+06 -1.15595e-05
-3.23249e+06 -1.15016e-05
-3.21624e+06 -1.14438e-05
-3.19998e+06 -1.1386e-05
-3.18373e+06 -1.13281e-05
-3.16747e+06 -1.12703e-05
-3.15122e+06 -1.12125e-05
-3.13497e+06 -1.11546e-05
-3.11871e+06 -1.10968e-05
-3.10246e+06 -1.1039e-05
-3.0862e+06 -1.09811e-05
-3.06995e+06 -1.09233e-05
-3.0537e+06 -1.08654e-05
-3.03744e+06 -1.08076e-05
-3.02119e+06 -1.07498e-05
-3.00493e+06 -1.06919e-05
-2.98868e+06 -1.06341e-05
-2.97242e+06 -1.05763e-05
-2.95617e+06 -1.05184e-05
-2.93992e+06 -1.04606e-05
-2.92366e+06 -1.04028e-05
-2.90741e+06 -1.03449e-05
-2.89115e+06 -1.02871e-05
-2.8749e+06 -1.02293e-05
-2.85865e+06 -1.01714e-05
-2.84239e+06 -1.01136e-05
-2.82614e+06 -1.00558e-05
-2.80988e+06 -9.99794e-06
-2.79363e+06 -9.9401e-06
-2.77738e+06 -9.88227e-06
-2.76112e+06 -9.82443e-06
-2.74487e+06 -9.7666e-06
-2.72862e+06 -9.70877e-06
-2.71236e+06 -9.65094e-06
-2.69611e+06 -9.5931e-06
-2.67985e+06 -9.53527e-06
-2.6636e+06 -9.47744e-06
-2.64735e+06 -9.41961e-06
-2.63109e+06 -9.36177e-06
-2.61484e+06 -9.30394e-06
-2.59859e+06 -9.24611e-06
-2.58233e+06 -9.18828e-06
-2.56608e+06 -9.13045e-06
-2.54983e+06 -9.07261e-06
-2.53357e+06 -9.01478e-06
-2.51732e+06 -8.95695e-06
-2.50106e+06 -8.89912e-06
-2.48481e+06 -8.84128e-06
-2.46856e+06 -8.78345e-06
-2.4523e+06 -8.72561e-06
-2.43605e+06 -8.66779e-06
-2.4198e+06 -8.60996e-06
-2.40354e+06 -8.55212e-06
-2.38729e+06 -8.49429e-06
-2.37104e+06 -8.43646e-06
-2.35478e+06 -8.37863e-06
-2.33853e+06 -8.3208e-06
-2.32228e+06 -8.26297e-06
-2.30602e+06 -8.20514e-06
-2.28977e+06 -8.14731e-06
-2.27352e+06 -8.08947e-06
-2.25726e+06 -8.03164e-06
-2.24101e+06 -7.97381e-06
-2.22476e+06 -7.91598e-06
-2.20851e+06 -7.85815e-06
-2.19225e+06 -7.80032e-06
-2.176e+06 -7.74249e-06
-2.15975e+06 -7.68466e-06
-2.14349e+06 -7.62683e-06
-2.12724e+06 -7.569e-06
-2.11099e+06 -7.51117e-06
-2.09473e+06 -7.45334e-06
-2.07848e+06 -7.39551e-06
-2.06223e+06 -7.33768e-06
-2.04597e+06 -7.27984e-06
-2.02972e+06 -7.22202e-06
-2.01347e+06 -7.16419e-06
-1.99722e+06 -7.10636e-06
-1.98096e+06 -7.04853e-06
-1.96471e+06 -6.9907e-06
-1.94846e+06 -6.93287e-06
-1.93221e+06 -6.87504e-06
-1.91595e+06 -6.81721e-06
-1.8997e+06 -6.75938e-06
-1.88345e+06 -6.70155e-06
-1.86719e+06 -6.64372e-06
-1.85094e+06 -6.58589e-06
-1.83469e+06 -6.52806e-06
-1.81844e+06 -6.47023e-06
-1.80218e+06 -6.41241e-06
-1.78593e+06 -6.35458e-06
-1.76968e+06 -6.29675e-06
-1.75343e+06 -6.23892e-06
-1.73717e+06 -6.18109e-06
-1.72092e+06 -6.12326e-06
-1.70467e+06 -6.06543e-06
-1.68842e+06 -6.00761e-06
-1.67216e+06 -5.94978e-06
-1.65591e+06 -5.89195e-06
-1.63966e+06 -5.83412e-06
-1.62341e+06 -5.77629e-06
-1.60715e+06 -5.71846e-06
-1.5909e+06 -5.66063e-06
-1.57465e+06 -5.6028e-06
-1.5584e+06 -5.54498e-06
-1.54214e+06 -5.48715e-06
-1.52589e+06 -5.42932e-06
-1.50964e+06 -5.3715e-06
-1.49339e+06 -5.31367e-06
-1.47714e+06 -5.25584e-06
-1.46088e+06 -5.19801e-06
-1.44463e+06 -5.14018e-06
-1.42838e+06 -5.08236e-06
-1.41213e+06 -5.02453e-06
-1.39587e+06 -4.9667e-06
-1.37962e+06 -4.90888e-06
-1.36337e+06 -4.85105e-06
-1.34712e+06 -4.79322e-06
-1.33087e+06 -4.73539e-06
-1.31461e+06 -4.67757e-06
-1.29836e+06 -4.61974e-06
-1.28211e+06 -4.56191e-06
-1.26586e+06 -4.50409e-06
-1.24961e+06 -4.44626e-06
-1.23335e+06 -4.38844e-06
-1.2171e+06 -4.33061e-06
-1.20085e+06 -4.27278e-06
-1.1846e+06 -4.21496e-06
-1.16835e+06 -4.15713e-06
-1.15209e+06 -4.0993e-06
-1.13584e+06 -4.04148e-06
-1.11959e+06 -3.98365e-06
-1.10334e+06 -3.92582e-06
-1.08709e+06 -3.868e-06
-1.07084e+06 -3.81017e-06
-1.05458e+06 -3.75235e-06
-1.03833e+06 -3.69452e-06
-1.02208e+06 -3.6367e-06
-1.00583e+06 -3.57887e-06
-989578 -3.52105e-06
-973326 -3.46322e-06
-957075 -3.4054e-06
-940823 -3.34757e-06
-924571 -3.28975e-06
-908320 -3.23192e-06
-892069 -3.1741e-06
-875817 -3.11627e-06
-859565 -3.05845e-06
-843314 -3.00062e-06
-827062 -2.9428e-06
-810811 -2.88497e-06
-794559 -2.82715e-06
-778308 -2.76932e-06
-762057 -2.7115e-06
-745806 -2.65367e-06
-729554 -2.59585e-06
-713303 -2.53803e-06
-697052 -2.4802e-06
-680801 -2.42238e-06
-664549 -2.36455e-06
-648298 -2.30673e-06
-632047 -2.24891e-06
-615796 -2.19108e-06
-599545 -2.13326e-06
-583293 -2.07543e-06
-567042 -2.01761e-06
-550792 -1.95979e-06
-534540 -1.90196e-06
-518289 -1.84414e-06
-502038 -1.78632e-06
-485786 -1.72849e-06
-469536 -1.67067e-06
-453285 -1.61285e-06
-437034 -1.55502e-06
-420783 -1.4972e-06
-404533 -1.43938e-06
-388282 -1.38156e-06
-372031 -1.32373e-06
-355780 -1.26591e-06
-339529 -1.20809e-06
-323278 -1.15027e-06
-307028 -1.09244e-06
-290776 -1.03462e-06
-274526 -9.76798e-07
-258275 -9.18976e-07
-242025 -8.61155e-07
-225774 -8.03335e-07
-209523 -7.45511e-07
-193272 -6.87688e-07
-177022 -6.29866e-07
-160772 -5.72047e-07
-144520 -5.1422e-07
-128270 -4.56402e-07
-112020 -3.98581e-07
-95771.2 -3.40766e-07
-79518.6 -2.82938e-07
-63267.8 -2.25115e-07
-47017.8 -1.67295e-07
-30767.4 -1.09474e-07
-14516.9 -5.1653e-08
1733.43 6.16778e-09
17983.8 6.39889e-08
34234.4 1.2181e-07
50484.5 1.79631e-07
66734.9 2.37451e-07
82985.4 2.95273e-07
99234.8 3.5309e-07
115486 4.10914e-07
131736 4.68734e-07
147986 5.26553e-07
164236 5.84375e-07
180486 6.42194e-07
196737 7.00014e-07
212986 7.57832e-07
229237 8.15655e-07
245487 8.73476e-07
261737 9.31296e-07
277987 9.89115e-07
294237 1.04693e-06
310487 1.10475e-06
326737 1.16257e-06
342987 1.22039e-06
359236 1.27821e-06
375487 1.33603e-06
391737 1.39385e-06
407987 1.45167e-06
424237 1.50949e-06
440487 1.56731e-06
456736 1.62513e-06
472986 1.68295e-06
489236 1.74077e-06
505486 1.79858e-06
521736 1.8564e-06
537986 1.91422e-06
554235 1.97204e-06
570485 2.02986e-06
586734 2.08768e-06
602984 2.1455e-06
619233 2.20331e-06
635483 2.26113e-06
651733 2.31895e-06
667982 2.37677e-06
684232 2.43459e-06
700482 2.49241e-06
716731 2.55022e-06
732980 2.60804e-06
749230 2.66586e-06
765479 2.72367e-06
781729 2.78149e-06
797978 2.83931e-06
814228 2.89713e-06
830477 2.95495e-06
846726 3.01276e-06
862976 3.07058e-06
879225 3.1284e-06
895476 3.18622e-06
911724 3.24403e-06
927973 3.30185e-06
944221 3.35966e-06
960471 3.41748e-06
976720 3.4753e-06
992970 3.53312e-06
1.00922e+06 3.59093e-06
1.02547e+06 3.64875e-06
1.04172e+06 3.70657e-06
1.05797e+06 3.76438e-06
1.07422e+06 3.8222e-06
1.09046e+06 3.88001e-06
1.10671e+06 3.93783e-06
1.12296e+06 3.99565e-06
