0.0129476 4.60693e-14
0.0270883 9.63836e-14
0.0431927 1.53685e-13
0.0622619 2.21536e-13
0.0856165 3.04635e-13
0.114993 4.0916e-13
0.152776 5.43598e-13
0.202259 7.19665e-13
0.268026 9.5367e-13
0.356787 1.2695e-12
-24043.7 -8.55507e-08
-48087.1 -1.711e-07
-72131.4 -2.56653e-07
-96174.4 -3.42201e-07
-120220 -4.27758e-07
-144264 -5.13309e-07
-168305 -5.98849e-07
-192352 -6.84413e-07
-216398 -7.69972e-07
-240441 -8.55519e-07
-264485 -9.41072e-07
-288529 -1.02663e-06
-312574 -1.11218e-06
-336618 -1.19773e-06
-360663 -1.28329e-06
-384709 -1.36885e-06
-408753 -1.4544e-06
-432798 -1.53995e-06
-456842 -1.6255e-06
-480887 -1.71106e-06
-504933 -1.79662e-06
-528978 -1.88217e-06
-553022 -1.96773e-06
-577070 -2.05329e-06
-601113 -2.13884e-06
-625159 -2.2244e-06
-649205 -2.30996e-06
-673250 -2.39551e-06
-697296 -2.48107e-06
-721342 -2.56663e-06
-745388 -2.65219e-06
-769433 -2.73774e-06
-793479 -2.8233e-06
-817526 -2.90886e-06
-841571 -2.99442e-06
-865617 -3.07998e-06
-889663 -3.16554e-06
-913708 -3.25109e-06
-937755 -3.33666e-06
-961801 -3.42221e-06
-985850 -3.50778e-06
-1.00989e+06 -3.59334e-06
-1.03394e+06 -3.6789e-06
-1.05799e+06 -3.76445e-06
-1.08203e+06 -3.85002e-06
-1.10608e+06 -3.93558e-06
-1.13013e+06 -4.02114e-06
-1.15418e+06 -4.10671e-06
-1.17822e+06 -4.19226e-06
-1.20227e+06 -4.27783e-06
-1.22631e+06 -4.36339e-06
-1.25036e+06 -4.44895e-06
-1.27441e+06 -4.53451e-06
-1.29846e+06 -4.62008e-06
-1.3225e+06 -4.70564e-06
-1.34655e+06 -4.7912e-06
-1.3706e+06 -4.87676e-06
-1.39465e+06 -4.96233e-06
-1.41869e+06 -5.0479e-06
-1.44274e+06 -5.13346e-06
-1.46679e+06 -5.21903e-06
-1.49084e+06 -5.30459e-06
-1.51488e+06 -5.39016e-06
-1.53893e+06 -5.47572e-06
-1.56298e+06 -5.56129e-06
-1.58703e+06 -5.64685e-06
-1.61108e+06 -5.73242e-06
-1.63512e+06 -5.81798e-06
-1.65917e+06 -5.90355e-06
-1.68322e+06 -5.98912e-06
-1.70727e+06 -6.07468e-06
-1.73132e+06 -6.16025e-06
-1.75537e+06 -6.24582e-06
-1.77941e+06 -6.33139e-06
-1.80346e+06 -6.41695e-06
-1.82751e+06 -6.50253e-06
-1.85156e+06 -6.58809e-06
-1.87561e+06 -6.67366e-06
-1.89966e+06 -6.75923e-06
-1.92371e+06 -6.8448e-06
-1.94776e+06 -6.93037e-06
-1.9718e+06 -7.01594e-06
-1.99585e+06 -7.1015e-06
-2.0199e+06 -7.18708e-06
-2.04395e+06 -7.27265e-06
-2.068e+06 -7.35822e-06
-2.09205e+06 -7.44379e-06
-2.1161e+06 -7.52936e-06
-2.14014e+06 -7.61491e-06
-2.1642e+06 -7.7005e-06
-2.18825e+06 -7.78607e-06
-2.2123e+06 -7.87164e-06
-2.23635e+06 -7.95722e-06
-2.2604e+06 -8.04279e-06
-2.28445e+06 -8.12836e-06
-2.3085e+06 -8.21394e-06
-2.33255e+06 -8.29951e-06
-2.3566e+06 -8.38508e-06
-2.38065e+06 -8.47067e-06
-2.4047e+06 -8.55623e-06
-2.42875e+06 -8.6418e-06
-2.4528e+06 -8.72737e-06
-2.47685e+06 -8.81296e-06
-2.5009e+06 -8.89852e-06
-2.52495e+06 -8.9841e-06
-2.549e+06 -9.06967e-06
-2.57305e+06 -9.15525e-06
-2.5971e+06 -9.24083e-06
-2.62115e+06 -9.3264e-06
-2.6452e+06 -9.41198e-06
-2.66925e+06 -9.49755e-06
-2.6933e+06 -9.58313e-06
-2.71735e+06 -9.6687e-06
-2.74141e+06 -9.75428e-06
-2.76546e+06 -9.83986e-06
-2.78951e+06 -9.92543e-06
-2.81356e+06 -1.0011e-05
-2.83761e+06 -1.00966e-05
-2.86166e+06 -1.01822e-05
-2.88571e+06 -1.02677e-05
-2.90976e+06 -1.03533e-05
-2.93382e+06 -1.04389e-05
-2.95787e+06 -1.05245e-05
-2.98192e+06 -1.06101e-05
-3.00597e+06 -1.06956e-05
-3.03002e+06 -1.07812e-05
-3.05407e+06 -1.08668e-05
-3.07813e+06 -1.09524e-05
-3.10218e+06 -1.1038e-05
-3.12623e+06 -1.11235e-05
-3.15028e+06 -1.12091e-05
-3.17434e+06 -1.12947e-05
-3.19839e+06 -1.13803e-05
-3.22244e+06 -1.14659e-05
-3.24649e+06 -1.15514e-05
-3.27055e+06 -1.1637e-05
-3.2946e+06 -1.17226e-05
-3.31865e+06 -1.18082e-05
-3.3427e+06 -1.18938e-05
-3.36676e+06 -1.19794e-05
-3.39081e+06 -1.20649e-05
-3.41486e+06 -1.21505e-05
-3.43891e+06 -1.22361e-05
-3.46297e+06 -1.23217e-05
-3.48702e+06 -1.24073e-05
-3.51107e+06 -1.24929e-05
-3.53513e+06 -1.25784e-05
-3.55918e+06 -1.2664e-05
-3.58323e+06 -1.27496e-05
-3.60729e+06 -1.28352e-05
-3.63134e+06 -1.29208e-05
-3.65539e+06 -1.30064e-05
-3.67945e+06 -1.3092e-05
-3.7035e+06 -1.31775e-05
-3.72755e+06 -1.32631e-05
-3.75161e+06 -1.33487e-05
-3.77566e+06 -1.34343e-05
-3.79972e+06 -1.35199e-05
-3.82377e+06 -1.36055e-05
-3.84782e+06 -1.36911e-05
-3.87188e+06 -1.37767e-05
-3.89593e+06 -1.38622e-05
-3.91999e+06 -1.39478e-05
-3.94404e+06 -1.40334e-05
-3.9681e+06 -1.4119e-05
-3.99215e+06 -1.42046e-05
-4.0162e+06 -1.42902e-05
-4.04026e+06 -1.43758e-05
-4.06431e+06 -1.44614e-05
-4.08837e+06 -1.45469e-05
-4.11242e+06 -1.46325e-05
-4.13648e+06 -1.47181e-05
-4.16053e+06 -1.48037e-05
-4.18459e+06 -1.48893e-05
-4.20864e+06 -1.49749e-05
-4.2327e+06 -1.50605e-05
-4.25675e+06 -1.51461e-05
-4.28081e+06 -1.52317e-05
-4.30486e+06 -1.53173e-05
-4.32892e+06 -1.54029e-05
-4.35297e+06 -1.54884e-05
-4.37703e+06 -1.5574e-05
-4.40108e+06 -1.56596e-05
-4.42514e+06 -1.57452e-05
-4.4492e+06 -1.58308e-05
-4.47325e+06 -1.59164e-05
-4.49731e+06 -1.6002e-05
-4.52136e+06 -1.60876e-05
-4.54542e+06 -1.61732e-05
-4.56947e+06 -1.62588e-05
-4.59353e+06 -1.63444e-05
-4.61759e+06 -1.643e-05
-4.64164e+06 -1.65156e-05
-4.6657e+06 -1.66012e-05
-4.68976e+06 -1.66868e-05
-4.71381e+06 -1.67724e-05
-4.73787e+06 -1.6858e-05
-4.76192e+06 -1.69436e-05
-4.78598e+06 -1.70291e-05
-4.81004e+06 -1.71147e-05
-4.83409e+06 -1.72003e-05
-4.85815e+06 -1.72859e-05
-4.88221e+06 -1.73715e-05
-4.90626e+06 -1.74571e-05
-4.93032e+06 -1.75427e-05
-4.95438e+06 -1.76283e-05
-4.97844e+06 -1.77139e-05
-5.00249e+06 -1.77995e-05
-5.02655e+06 -1.78851e-05
-5.05061e+06 -1.79707e-05
-5.07466e+06 -1.80563e-05
-5.09872e+06 -1.81419e-05
-5.12278e+06 -1.82275e-05
-5.14684e+06 -1.83131e-05
-5.17089e+06 -1.83987e-05
-5.19495e+06 -1.84843e-05
-5.21901e+06 -1.85699e-05
-5.24307e+06 -1.86555e-05
-5.26712e+06 -1.87411e-05
-5.29118e+06 -1.88267e-05
-5.31524e+06 -1.89123e-05
-5.3393e+06 -1.89979e-05
-5.36336e+06 -1.90835e-05
-5.38741e+06 -1.91691e-05
-5.41147e+06 -1.92547e-05
-5.43553e+06 -1.93403e-05
-5.45959e+06 -1.94259e-05
-5.48365e+06 -1.95115e-05
-5.50771e+06 -1.95971e-05
-5.53177e+06 -1.96827e-05
-5.55582e+06 -1.97683e-05
-5.57988e+06 -1.9854e-05
-5.60394e+06 -1.99396e-05
-5.628e+06 -2.00252e-05
-5.65206e+06 -2.01108e-05
-5.67612e+06 -2.01964e-05
-5.70018e+06 -2.0282e-05
-5.72424e+06 -2.03676e-05
-5.7483e+06 -2.04532e-05
-5.77235e+06 -2.05388e-05
-5.79641e+06 -2.06244e-05
-5.82047e+06 -2.071e-05
-5.84453e+06 -2.07956e-05
-5.86859e+06 -2.08812e-05
-5.89265e+06 -2.09668e-05
-5.91671e+06 -2.10524e-05
-5.94077e+06 -2.1138e-05
-5.96483e+06 -2.12236e-05
-5.98889e+06 -2.13093e-05
-6.01295e+06 -2.13949e-05
-6.03701e+06 -2.14805e-05
-6.06107e+06 -2.15661e-05
-6.08513e+06 -2.16517e-05
-6.10919e+06 -2.17373e-05
-6.13325e+06 -2.18229e-05
-6.15731e+06 -2.19085e-05
-6.18137e+06 -2.19941e-05
-6.20543e+06 -2.20797e-05
-6.22949e+06 -2.21653e-05
-6.25355e+06 -2.2251e-05
-6.27761e+06 -2.23366e-05
-6.30167e+06 -2.24222e-05
-6.32573e+06 -2.25078e-05
-6.34979e+06 -2.25934e-05
-6.37385e+06 -2.2679e-05
-6.39792e+06 -2.27646e-05
-6.42198e+06 -2.28502e-05
-6.44604e+06 -2.29358e-05
-6.4701e+06 -2.30215e-05
-6.49416e+06 -2.31071e-05
-6.51822e+06 -2.31927e-05
-6.54228e+06 -2.32783e-05
-6.56634e+06 -2.33639e-05
-6.5904e+06 -2.34495e-05
-6.61447e+06 -2.35351e-05
-6.63853e+06 -2.36207e-05
-6.66259e+06 -2.37064e-05
-6.68665e+06 -2.3792e-05
-6.71071e+06 -2.38776e-05
-6.73477e+06 -2.39632e-05
-6.75883e+06 -2.40488e-05
-6.7829e+06 -2.41344e-05
-6.80696e+06 -2.42201e-05
-6.83102e+06 -2.43057e-05
-6.85508e+06 -2.43913e-05
-6.87915e+06 -2.44769e-05
-6.90321e+06 -2.45625e-05
-6.92727e+06 -2.46481e-05
-6.95133e+06 -2.47338e-05
-6.9754e+06 -2.48194e-05
-6.99946e+06 -2.4905e-05
-7.02352e+06 -2.49906e-05
-7.04758e+06 -2.50762e-05
-7.07164e+06 -2.51618e-05
-7.09571e+06 -2.52475e-05
-7.11977e+06 -2.53331e-05
-7.14383e+06 -2.54187e-05
-7.16789e+06 -2.55043e-05
-7.19196e+06 -2.55899e-05
-7.21602e+06 -2.56756e-05
-7.24009e+06 -2.57612e-05
-7.26415e+06 -2.58468e-05
-7.28821e+06 -2.59324e-05
-7.31227e+06 -2.6018e-05
-7.33634e+06 -2.61037e-05
-7.3604e+06 -2.61893e-05
-7.38447e+06 -2.62749e-05
-7.40853e+06 -2.63605e-05
-7.43259e+06 -2.64461e-05
-7.45666e+06 -2.65318e-05
-7.48072e+06 -2.66174e-05
-7.50478e+06 -2.6703e-05
-7.52885e+06 -2.67886e-05
-7.55291e+06 -2.68742e-05
-7.57698e+06 -2.69599e-05
-7.60104e+06 -2.70455e-05
-7.6251e+06 -2.71311e-05
-7.64917e+06 -2.72167e-05
-7.67323e+06 -2.73024e-05
-7.6973e+06 -2.7388e-05
-7.72136e+06 -2.74736e-05
-7.74543e+06 -2.75592e-05
-7.76949e+06 -2.76449e-05
-7.79355e+06 -2.77305e-05
-7.81762e+06 -2.78161e-05
-7.84168e+06 -2.79017e-05
-7.86575e+06 -2.79874e-05
-7.88981e+06 -2.8073e-05
-7.91388e+06 -2.81586e-05
-7.93794e+06 -2.82442e-05
-7.96201e+06 -2.83299e-05
-7.98607e+06 -2.84155e-05
-8.01014e+06 -2.85011e-05
-8.0342e+06 -2.85867e-05
-8.05827e+06 -2.86724e-05
-8.08233e+06 -2.8758e-05
-8.1064e+06 -2.88436e-05
-8.13046e+06 -2.89293e-05
-8.15453e+06 -2.90149e-05
-8.1786e+06 -2.91005e-05
-8.20266e+06 -2.91861e-05
-8.22673e+06 -2.92718e-05
-8.25079e+06 -2.93574e-05
-8.27486e+06 -2.9443e-05
-8.29893e+06 -2.95287e-05
-8.32299e+06 -2.96143e-05
-8.34706e+06 -2.96999e-05
-8.37112e+06 -2.97856e-05
-8.39519e+06 -2.98712e-05
-8.41926e+06 -2.99568e-05
-8.44332e+06 -3.00424e-05
-8.46739e+06 -3.01281e-05
-8.49145e+06 -3.02137e-05
-8.51552e+06 -3.02993e-05
-8.53959e+06 -3.0385e-05
-8.56365e+06 -3.04706e-05
-8.58772e+06 -3.05562e-05
-8.61179e+06 -3.06419e-05
-8.63586e+06 -3.07275e-05
-8.65992e+06 -3.08131e-05
-8.68399e+06 -3.08988e-05
-8.70806e+06 -3.09844e-05
-8.73212e+06 -3.107e-05
-8.75619e+06 -3.11557e-05
-8.78026e+06 -3.12413e-05
-8.80432e+06 -3.13269e-05
-8.82839e+06 -3.14126e-05
-8.85246e+06 -3.14982e-05
-8.87653e+06 -3.15838e-05
-8.90059e+06 -3.16695e-05
-8.92466e+06 -3.17551e-05
-8.94873e+06 -3.18408e-05
-8.9728e+06 -3.19264e-05
-8.99686e+06 -3.2012e-05
-9.02093e+06 -3.20977e-05
-9.045e+06 -3.21833e-05
-9.06907e+06 -3.22689e-05
-9.09314e+06 -3.23546e-05
-9.11721e+06 -3.24402e-05
-9.14127e+06 -3.25258e-05
-9.16534e+06 -3.26115e-05
-9.18941e+06 -3.26971e-05
-9.21348e+06 -3.27828e-05
-9.23755e+06 -3.28684e-05
-9.26162e+06 -3.2954e-05
-9.28568e+06 -3.30397e-05
-9.30975e+06 -3.31253e-05
-9.33382e+06 -3.3211e-05
-9.35789e+06 -3.32966e-05
-9.38196e+06 -3.33822e-05
-9.40603e+06 -3.34679e-05
-9.4301e+06 -3.35535e-05
-9.45417e+06 -3.36392e-05
-9.47823e+06 -3.37248e-05
-9.5023e+06 -3.38104e-05
-9.52637e+06 -3.38961e-05
-9.55044e+06 -3.39817e-05
-9.57451e+06 -3.40674e-05
-9.59858e+06 -3.4153e-05
-9.62265e+06 -3.42387e-05
-9.64672e+06 -3.43243e-05
-9.67079e+06 -3.44099e-05
-9.69486e+06 -3.44956e-05
-9.71893e+06 -3.45812e-05
-9.743e+06 -3.46669e-05
-9.76707e+06 -3.47525e-05
-9.79114e+06 -3.48382e-05
-9.81521e+06 -3.49238e-05
-9.83928e+06 -3.50094e-05
-9.86335e+06 -3.50951e-05
-9.88742e+06 -3.51807e-05
-9.91149e+06 -3.52664e-05
-9.93556e+06 -3.5352e-05
-9.95963e+06 -3.54377e-05
-9.9837e+06 -3.55233e-05
-1.00078e+07 -3.5609e-05
-1.00318e+07 -3.56946e-05
-1.00559e+07 -3.57803e-05
-1.008e+07 -3.58659e-05
-1.01041e+07 -3.59515e-05
-1.01281e+07 -3.60372e-05
-1.01522e+07 -3.61228e-05
-1.01763e+07 -3.62085e-05
-1.02003e+07 -3.62941e-05
-1.02244e+07 -3.63798e-05
-1.02485e+07 -3.64654e-05
-1.02726e+07 -3.65511e-05
-1.02966e+07 -3.66367e-05
-1.03207e+07 -3.67224e-05
-1.03448e+07 -3.6808e-05
-1.03688e+07 -3.68937e-05
-1.03929e+07 -3.69793e-05
-1.0417e+07 -3.7065e-05
-1.04411e+07 -3.71506e-05
-1.04651e+07 -3.72363e-05
-1.04892e+07 -3.73219e-05
-1.05133e+07 -3.74076e-05
-1.05373e+07 -3.74932e-05
-1.05614e+07 -3.75789e-05
-1.05855e+07 -3.76645e-05
-1.06096e+07 -3.77502e-05
-1.06336e+07 -3.78358e-05
-1.06577e+07 -3.79215e-05
-1.06818e+07 -3.80071e-05
-1.07058e+07 -3.80928e-05
-1.07299e+07 -3.81784e-05
-1.0754e+07 -3.82641e-05
-1.07781e+07 -3.83498e-05
-1.08021e+07 -3.84354e-05
-1.08262e+07 -3.85211e-05
-1.08503e+07 -3.86067e-05
-1.08744e+07 -3.86924e-05
-1.08984e+07 -3.8778e-05
-1.09225e+07 -3.88637e-05
-1.09466e+07 -3.89493e-05
-1.09706e+07 -3.9035e-05
-1.09947e+07 -3.91206e-05
-1.10188e+07 -3.92063e-05
-1.10429e+07 -3.9292e-05
-1.10669e+07 -3.93776e-05
-1.1091e+07 -3.94633e-05
-1.11151e+07 -3.95489e-05
-1.11392e+07 -3.96346e-05
-1.11632e+07 -3.97202e-05
-1.11873e+07 -3.98059e-05
-1.12114e+07 -3.98916e-05
-1.12355e+07 -3.99772e-05
-1.12595e+07 -4.00629e-05
-1.12836e+07 -4.01485e-05
-1.13077e+07 -4.02342e-05
-1.13317e+07 -4.03198e-05
-1.13558e+07 -4.04055e-05
-1.13799e+07 -4.04912e-05
-1.1404e+07 -4.05768e-05
-1.1428e+07 -4.06625e-05
-1.14521e+07 -4.07481e-05
-1.14762e+07 -4.08338e-05
-1.15003e+07 -4.09195e-05
-1.15243e+07 -4.10051e-05
-1.15484e+07 -4.10908e-05
-1.15725e+07 -4.11764e-05
-1.15966e+07 -4.12621e-05
-1.16206e+07 -4.13478e-05
-1.16447e+07 -4.14334e-05
-1.16688e+07 -4.15191e-05
-1.16929e+07 -4.16048e-05
-1.17169e+07 -4.16904e-05
-1.1741e+07 -4.17761e-05
-1.17651e+07 -4.18617e-05
-1.17892e+07 -4.19474e-05
-1.18132e+07 -4.20331e-05
-1.18373e+07 -4.21187e-05
-1.18614e+07 -4.22044e-05
-1.18855e+07 -4.22901e-05
-1.19095e+07 -4.23757e-05
-1.19336e+07 -4.24614e-05
-1.19577e+07 -4.2547e-05
-1.19818e+07 -4.26327e-05
-1.20058e+07 -4.27184e-05
-1.20299e+07 -4.2804e-05
-1.2054e+07 -4.28897e-05
-1.20781e+07 -4.29754e-05
-1.21022e+07 -4.3061e-05
-1.21262e+07 -4.31467e-05
-1.21503e+07 -4.32324e-05
-1.21744e+07 -4.3318e-05
-1.21985e+07 -4.34037e-05
-1.22225e+07 -4.34894e-05
-1.22466e+07 -4.3575e-05
-1.22707e+07 -4.36607e-05
-1.22948e+07 -4.37464e-05
-1.23188e+07 -4.3832e-05
-1.23429e+07 -4.39177e-05
-1.2367e+07 -4.40034e-05
-1.23911e+07 -4.4089e-05
-1.24151e+07 -4.41747e-05
-1.24392e+07 -4.42604e-05
-1.24633e+07 -4.43461e-05
-1.24874e+07 -4.44317e-05
-1.25115e+07 -4.45174e-05
-1.25355e+07 -4.46031e-05
-1.25596e+07 -4.46887e-05
-1.25837e+07 -4.47744e-05
-1.26078e+07 -4.48601e-05
-1.26318e+07 -4.49457e-05
-1.26559e+07 -4.50314e-05
-1.268e+07 -4.51171e-05
-1.27041e+07 -4.52028e-05
-1.27282e+07 -4.52884e-05
-1.27522e+07 -4.53741e-05
-1.27763e+07 -4.54598e-05
-1.28004e+07 -4.55455e-05
-1.28245e+07 -4.56311e-05
-1.28485e+07 -4.57168e-05
-1.28726e+07 -4.58025e-05
-1.28967e+07 -4.58881e-05
-1.29208e+07 -4.59738e-05
-1.29449e+07 -4.60595e-05
-1.29689e+07 -4.61452e-05
-1.2993e+07 -4.62308e-05
-1.30171e+07 -4.63165e-05
-1.30412e+07 -4.64022e-05
-1.30652e+07 -4.64879e-05
-1.30893e+07 -4.65735e-05
-1.31134e+07 -4.66592e-05
-1.31375e+07 -4.67449e-05
-1.31616e+07 -4.68306e-05
-1.31856e+07 -4.69162e-05
-1.32097e+07 -4.70019e-05
-1.32338e+07 -4.70876e-05
-1.32579e+07 -4.71733e-05
-1.3282e+07 -4.7259e-05
-1.3306e+07 -4.73446e-05
-1.33301e+07 -4.74303e-05
-1.33542e+07 -4.7516e-05
-1.33783e+07 -4.76017e-05
-1.34024e+07 -4.76873e-05
-1.34264e+07 -4.7773e-05
-1.34505e+07 -4.78587e-05
-1.34746e+07 -4.79444e-05
-1.34987e+07 -4.80301e-05
-1.35228e+07 -4.81157e-05
-1.35468e+07 -4.82014e-05
-1.35709e+07 -4.82871e-05
-1.3595e+07 -4.83728e-05
-1.36191e+07 -4.84585e-05
-1.36432e+07 -4.85441e-05
-1.36672e+07 -4.86298e-05
-1.36913e+07 -4.87155e-05
-1.37154e+07 -4.88012e-05
-1.37395e+07 -4.88869e-05
-1.37636e+07 -4.89725e-05
-1.37876e+07 -4.90582e-05
-1.38117e+07 -4.91439e-05
-1.38358e+07 -4.92296e-05
-1.38599e+07 -4.93153e-05
-1.3884e+07 -4.9401e-05
-1.3908e+07 -4.94866e-05
-1.39321e+07 -4.95723e-05
-1.39562e+07 -4.9658e-05
-1.39803e+07 -4.97437e-05
-1.40044e+07 -4.98294e-05
-1.40284e+07 -4.99151e-05
-1.40525e+07 -5.00007e-05
-1.40766e+07 -5.00864e-05
-1.41007e+07 -5.01721e-05
-1.41248e+07 -5.02578e-05
-1.41489e+07 -5.03435e-05
-1.41729e+07 -5.04292e-05
-1.4197e+07 -5.05149e-05
-1.42211e+07 -5.06005e-05
-1.42452e+07 -5.06862e-05
-1.42693e+07 -5.07719e-05
-1.42933e+07 -5.08576e-05
-1.43174e+07 -5.09433e-05
-1.43415e+07 -5.1029e-05
-1.43656e+07 -5.11147e-05
-1.43897e+07 -5.12003e-05
-1.44138e+07 -5.1286e-05
-1.44378e+07 -5.13717e-05
-1.44619e+07 -5.14574e-05
-1.4486e+07 -5.15431e-05
-1.45101e+07 -5.16288e-05
-1.45342e+07 -5.17145e-05
-1.45583e+07 -5.18002e-05
-1.45823e+07 -5.18859e-05
-1.46064e+07 -5.19716e-05
-1.46305e+07 -5.20572e-05
-1.46546e+07 -5.21429e-05
-1.46787e+07 -5.22286e-05
-1.47027e+07 -5.23143e-05
-1.47268e+07 -5.24e-05
-1.47509e+07 -5.24857e-05
-1.4775e+07 -5.25714e-05
-1.47991e+07 -5.26571e-05
-1.48232e+07 -5.27428e-05
-1.48473e+07 -5.28285e-05
-1.48713e+07 -5.29142e-05
-1.48954e+07 -5.29998e-05
-1.49195e+07 -5.30855e-05
-1.49436e+07 -5.31712e-05
-1.49677e+07 -5.32569e-05
-1.49918e+07 -5.33426e-05
-1.50158e+07 -5.34283e-05
-1.50399e+07 -5.3514e-05
-1.5064e+07 -5.35997e-05
-1.50881e+07 -5.36854e-05
-1.51122e+07 -5.37711e-05
-1.51363e+07 -5.38568e-05
-1.51603e+07 -5.39425e-05
-1.51844e+07 -5.40282e-05
-1.52085e+07 -5.41139e-05
-1.52326e+07 -5.41996e-05
-1.52567e+07 -5.42853e-05
-1.52808e+07 -5.4371e-05
-1.53048e+07 -5.44567e-05
-1.53289e+07 -5.45423e-05
-1.5353e+07 -5.4628e-05
-1.53771e+07 -5.47137e-05
-1.54012e+07 -5.47994e-05
-1.54253e+07 -5.48851e-05
-1.54494e+07 -5.49708e-05
-1.54734e+07 -5.50565e-05
-1.54975e+07 -5.51422e-05
-1.55216e+07 -5.52279e-05
-1.55457e+07 -5.53136e-05
-1.55698e+07 -5.53993e-05
-1.55939e+07 -5.5485e-05
-1.5618e+07 -5.55707e-05
-1.5642e+07 -5.56564e-05
-1.56661e+07 -5.57421e-05
-1.56902e+07 -5.58278e-05
-1.57143e+07 -5.59135e-05
-1.57384e+07 -5.59992e-05
-1.57625e+07 -5.60849e-05
-1.57866e+07 -5.61706e-05
-1.58106e+07 -5.62563e-05
-1.58347e+07 -5.6342e-05
-1.58588e+07 -5.64277e-05
-1.58829e+07 -5.65134e-05
-1.5907e+07 -5.65991e-05
-1.59311e+07 -5.66848e-05
-1.59552e+07 -5.67705e-05
-1.59792e+07 -5.68562e-05
-1.60033e+07 -5.6942e-05
-1.60274e+07 -5.70277e-05
-1.60515e+07 -5.71134e-05
-1.60756e+07 -5.71991e-05
-1.60997e+07 -5.72848e-05
-1.61238e+07 -5.73705e-05
-1.61479e+07 -5.74562e-05
-1.61719e+07 -5.75419e-05
-1.6196e+07 -5.76276e-05
-1.62201e+07 -5.77133e-05
-1.62442e+07 -5.7799e-05
-1.62683e+07 -5.78847e-05
-1.62924e+07 -5.79704e-05
-1.63165e+07 -5.80561e-05
-1.63406e+07 -5.81418e-05
-1.63646e+07 -5.82275e-05
-1.63887e+07 -5.83132e-05
-1.64128e+07 -5.83989e-05
-1.64369e+07 -5.84846e-05
-1.6461e+07 -5.85704e-05
-1.64851e+07 -5.86561e-05
-1.65092e+07 -5.87418e-05
-1.65333e+07 -5.88275e-05
-1.65573e+07 -5.89132e-05
-1.65814e+07 -5.89989e-05
-1.66055e+07 -5.90846e-05
-1.66296e+07 -5.91703e-05
-1.66537e+07 -5.9256e-05
-1.66778e+07 -5.93417e-05
-1.67019e+07 -5.94274e-05
-1.6726e+07 -5.95132e-05
-1.675e+07 -5.95989e-05
-1.67741e+07 -5.96846e-05
-1.67982e+07 -5.97703e-05
-1.68223e+07 -5.9856e-05
-1.68464e+07 -5.99417e-05
-1.68705e+07 -6.00274e-05
-1.68946e+07 -6.01131e-05
-1.69187e+07 -6.01988e-05
-1.69428e+07 -6.02846e-05
-1.69668e+07 -6.03703e-05
-1.69909e+07 -6.0456e-05
-1.7015e+07 -6.05417e-05
-1.70391e+07 -6.06274e-05
-1.70632e+07 -6.07131e-05
-1.70873e+07 -6.07988e-05
-1.71114e+07 -6.08845e-05
-1.71355e+07 -6.09703e-05
-1.71596e+07 -6.1056e-05
-1.71837e+07 -6.11417e-05
-1.72077e+07 -6.12274e-05
-1.72318e+07 -6.13131e-05
-1.72559e+07 -6.13988e-05
-1.728e+07 -6.14845e-05
-1.73041e+07 -6.15703e-05
-1.73282e+07 -6.1656e-05
-1.73523e+07 -6.17417e-05
-1.73764e+07 -6.18274e-05
-1.74005e+07 -6.19131e-05
-1.74246e+07 -6.19988e-05
-1.74486e+07 -6.20846e-05
-1.74727e+07 -6.21703e-05
-1.74968e+07 -6.2256e-05
-1.75209e+07 -6.23417e-05
-1.7545e+07 -6.24274e-05
-1.75691e+07 -6.25131e-05
-1.75932e+07 -6.25989e-05
-1.76173e+07 -6.26846e-05
-1.76414e+07 -6.27703e-05
-1.76655e+07 -6.2856e-05
-1.76896e+07 -6.29417e-05
-1.77136e+07 -6.30275e-05
-1.77377e+07 -6.31132e-05
-1.77618e+07 -6.31989e-05
-1.77859e+07 -6.32846e-05
-1.781e+07 -6.33703e-05
-1.78341e+07 -6.34561e-05
-1.78582e+07 -6.35418e-05
-1.78823e+07 -6.36275e-05
-1.79064e+07 -6.37132e-05
-1.79305e+07 -6.37989e-05
-1.79546e+07 -6.38847e-05
-1.79786e+07 -6.39704e-05
-1.80027e+07 -6.40561e-05
-1.80268e+07 -6.41418e-05
-1.80509e+07 -6.42276e-05
-1.8075e+07 -6.43133e-05
-1.80991e+07 -6.4399e-05
-1.81232e+07 -6.44847e-05
-1.81473e+07 -6.45704e-05
-1.81714e+07 -6.46562e-05
-1.81955e+07 -6.47419e-05
-1.82196e+07 -6.48276e-05
-1.82437e+07 -6.49133e-05
-1.82678e+07 -6.49991e-05
-1.82918e+07 -6.50848e-05
-1.83159e+07 -6.51705e-05
-1.834e+07 -6.52562e-05
-1.83641e+07 -6.5342e-05
-1.83882e+07 -6.54277e-05
-1.84123e+07 -6.55134e-05
-1.84364e+07 -6.55991e-05
-1.84605e+07 -6.56849e-05
-1.84846e+07 -6.57706e-05
-1.85087e+07 -6.58563e-05
-1.85328e+07 -6.59421e-05
-1.85569e+07 -6.60278e-05
-1.8581e+07 -6.61135e-05
-1.86051e+07 -6.61992e-05
-1.86292e+07 -6.6285e-05
-1.86532e+07 -6.63707e-05
-1.86773e+07 -6.64564e-05
-1.87014e+07 -6.65422e-05
-1.87255e+07 -6.66279e-05
-1.87496e+07 -6.67136e-05
-1.87737e+07 -6.67993e-05
-1.87978e+07 -6.68851e-05
-1.88219e+07 -6.69708e-05
-1.8846e+07 -6.70565e-05
-1.88701e+07 -6.71423e-05
-1.88942e+07 -6.7228e-05
-1.89183e+07 -6.73137e-05
-1.89424e+07 -6.73995e-05
-1.89665e+07 -6.74852e-05
-1.89906e+07 -6.75709e-05
-1.90147e+07 -6.76566e-05
-1.90388e+07 -6.77424e-05
-1.90628e+07 -6.78281e-05
-1.90869e+07 -6.79138e-05
-1.9111e+07 -6.79996e-05
-1.91351e+07 -6.80853e-05
-1.91592e+07 -6.8171e-05
-1.91833e+07 -6.82568e-05
-1.92074e+07 -6.83425e-05
-1.92315e+07 -6.84282e-05
-1.92556e+07 -6.8514e-05
-1.92797e+07 -6.85997e-05
-1.93038e+07 -6.86854e-05
-1.93279e+07 -6.87712e-05
-1.9352e+07 -6.88569e-05
-1.93761e+07 -6.89427e-05
-1.94002e+07 -6.90284e-05
-1.94243e+07 -6.91141e-05
-1.94484e+07 -6.91999e-05
-1.94725e+07 -6.92856e-05
-1.94966e+07 -6.93713e-05
-1.95207e+07 -6.94571e-05
-1.95448e+07 -6.95428e-05
-1.95689e+07 -6.96285e-05
-1.9593e+07 -6.97143e-05
-1.9617e+07 -6.98e-05
-1.96411e+07 -6.98858e-05
-1.96652e+07 -6.99715e-05
-1.96893e+07 -7.00572e-05
-1.97134e+07 -7.0143e-05
-1.97375e+07 -7.02287e-05
-1.97616e+07 -7.03145e-05
-1.97857e+07 -7.04002e-05
-1.98098e+07 -7.04859e-05
-1.98339e+07 -7.05717e-05
-1.9858e+07 -7.06574e-05
-1.98821e+07 -7.07431e-05
-1.99062e+07 -7.08289e-05
-1.99303e+07 -7.09146e-05
-1.99544e+07 -7.10004e-05
-1.99785e+07 -7.10861e-05
-2.00026e+07 -7.11719e-05
-2.00267e+07 -7.12576e-05
-2.00508e+07 -7.13433e-05
-2.00749e+07 -7.14291e-05
-2.0099e+07 -7.15148e-05
-2.01231e+07 -7.16006e-05
-2.01472e+07 -7.16863e-05
-2.01713e+07 -7.1772e-05
-2.01954e+07 -7.18578e-05
-2.02195e+07 -7.19435e-05
-2.02436e+07 -7.20293e-05
-2.02677e+07 -7.2115e-05
-2.02918e+07 -7.22008e-05
-2.03159e+07 -7.22865e-05
-2.034e+07 -7.23722e-05
-2.03641e+07 -7.2458e-05
-2.03882e+07 -7.25437e-05
-2.04123e+07 -7.26295e-05
-2.04364e+07 -7.27152e-05
-2.04605e+07 -7.2801e-05
-2.04846e+07 -7.28867e-05
-2.05087e+07 -7.29725e-05
-2.05328e+07 -7.30582e-05
-2.05568e+07 -7.3144e-05
-2.05809e+07 -7.32297e-05
-2.06026e+07 -7.33067e-05
-2.06198e+07 -7.33679e-05
-2.0637e+07 -7.34291e-05
-2.06542e+07 -7.34904e-05
-2.06714e+07 -7.35516e-05
-2.06886e+07 -7.36128e-05
-2.07058e+07 -7.3674e-05
-2.0723e+07 -7.37353e-05
-2.07323e+07 -7.37683e-05
-2.07286e+07 -7.37552e-05
-2.0725e+07 -7.37422e-05
-2.07213e+07 -7.37292e-05
-2.07177e+07 -7.37162e-05
-2.0714e+07 -7.37031e-05
-2.07103e+07 -7.36901e-05
-2.07067e+07 -7.36771e-05
-2.0703e+07 -7.36641e-05
-2.06994e+07 -7.3651e-05
-2.06957e+07 -7.3638e-05
-2.0692e+07 -7.3625e-05
-2.06884e+07 -7.3612e-05
-2.06847e+07 -7.35989e-05
-2.06811e+07 -7.35859e-05
-2.06774e+07 -7.35729e-05
-2.06737e+07 -7.35599e-05
-2.06701e+07 -7.35469e-05
-2.06664e+07 -7.35338e-05
-2.06628e+07 -7.35208e-05
-2.06591e+07 -7.35078e-05
-2.06554e+07 -7.34948e-05
-2.06518e+07 -7.34817e-05
-2.06481e+07 -7.34687e-05
-2.06445e+07 -7.34557e-05
-2.06408e+07 -7.34427e-05
-2.06371e+07 -7.34296e-05
-2.06335e+07 -7.34166e-05
-2.06298e+07 -7.34036e-05
-2.06262e+07 -7.33906e-05
-2.06225e+07 -7.33775e-05
-2.06188e+07 -7.33645e-05
-2.06152e+07 -7.33515e-05
-2.06115e+07 -7.33385e-05
-2.06079e+07 -7.33255e-05
-2.06042e+07 -7.33124e-05
-2.06005e+07 -7.32994e-05
-2.05969e+07 -7.32864e-05
-2.05932e+07 -7.32734e-05
-2.05896e+07 -7.32603e-05
-2.05859e+07 -7.32473e-05
-2.05822e+07 -7.32343e-05
-2.05786e+07 -7.32213e-05
-2.05749e+07 -7.32082e-05
-2.05713e+07 -7.31952e-05
-2.05676e+07 -7.31822e-05
-2.05639e+07 -7.31692e-05
-2.05603e+07 -7.31562e-05
-2.05566e+07 -7.31431e-05
-2.0553e+07 -7.31301e-05
-2.05493e+07 -7.31171e-05
-2.05456e+07 -7.31041e-05
-2.0542e+07 -7.3091e-05
-2.05383e+07 -7.3078e-05
-2.05347e+07 -7.3065e-05
-2.0531e+07 -7.3052e-05
-2.05273e+07 -7.3039e-05
-2.05237e+07 -7.30259e-05
-2.052e+07 -7.30129e-05
-2.05164e+07 -7.29999e-05
-2.05127e+07 -7.29869e-05
-2.0509e+07 -7.29738e-05
-2.05054e+07 -7.29608e-05
-2.05017e+07 -7.29478e-05
-2.04981e+07 -7.29348e-05
-2.04944e+07 -7.29218e-05
-2.04907e+07 -7.29087e-05
-2.04871e+07 -7.28957e-05
-2.04834e+07 -7.28827e-05
-2.04798e+07 -7.28697e-05
-2.04761e+07 -7.28566e-05
-2.04724e+07 -7.28436e-05
-2.04688e+07 -7.28306e-05
-2.04651e+07 -7.28176e-05
-2.04615e+07 -7.28045e-05
-2.04578e+07 -7.27915e-05
-2.04541e+07 -7.27785e-05
-2.04505e+07 -7.27655e-05
-2.04468e+07 -7.27525e-05
-2.04432e+07 -7.27394e-05
-2.04395e+07 -7.27264e-05
-2.04358e+07 -7.27134e-05
-2.04322e+07 -7.27004e-05
-2.04285e+07 -7.26874e-05
-2.04249e+07 -7.26743e-05
-2.04212e+07 -7.26613e-05
-2.04175e+07 -7.26483e-05
-2.04139e+07 -7.26353e-05
-2.04102e+07 -7.26222e-05
-2.04066e+07 -7.26092e-05
-2.04029e+07 -7.25962e-05
-2.03992e+07 -7.25832e-05
-2.03956e+07 -7.25702e-05
-2.03919e+07 -7.25571e-05
-2.03883e+07 -7.25441e-05
-2.03846e+07 -7.25311e-05
-2.03809e+07 -7.25181e-05
-2.03773e+07 -7.25051e-05
-2.03736e+07 -7.2492e-05
-2.037e+07 -7.2479e-05
-2.03663e+07 -7.2466e-05
-2.03626e+07 -7.2453e-05
-2.0359e+07 -7.24399e-05
-2.03553e+07 -7.24269e-05
-2.03517e+07 -7.24139e-05
-2.0348e+07 -7.24009e-05
-2.03443e+07 -7.23879e-05
-2.03407e+07 -7.23748e-05
-2.0337e+07 -7.23618e-05
-2.03334e+07 -7.23488e-05
-2.03297e+07 -7.23358e-05
-2.03261e+07 -7.23228e-05
-2.03224e+07 -7.23097e-05
-2.03187e+07 -7.22967e-05
-2.03151e+07 -7.22837e-05
-2.03114e+07 -7.22707e-05
-2.03078e+07 -7.22577e-05
-2.03041e+07 -7.22446e-05
-2.03004e+07 -7.22316e-05
-2.02968e+07 -7.22186e-05
-2.02931e+07 -7.22056e-05
-2.02895e+07 -7.21925e-05
-2.02858e+07 -7.21795e-05
-2.02821e+07 -7.21665e-05
-2.02785e+07 -7.21535e-05
-2.02748e+07 -7.21405e-05
-2.02712e+07 -7.21274e-05
-2.02675e+07 -7.21144e-05
-2.02638e+07 -7.21014e-05
-2.02602e+07 -7.20884e-05
-2.02565e+07 -7.20754e-05
-2.02529e+07 -7.20623e-05
-2.02492e+07 -7.20493e-05
-2.02455e+07 -7.20363e-05
-2.02419e+07 -7.20233e-05
-2.02382e+07 -7.20103e-05
-2.02346e+07 -7.19972e-05
-2.02309e+07 -7.19842e-05
-2.02272e+07 -7.19712e-05
-2.02236e+07 -7.19582e-05
-2.02199e+07 -7.19452e-05
-2.02163e+07 -7.19321e-05
-2.02126e+07 -7.19191e-05
-2.0209e+07 -7.19061e-05
-2.02053e+07 -7.18931e-05
-2.02016e+07 -7.18801e-05
-2.0198e+07 -7.1867e-05
-2.01943e+07 -7.1854e-05
-2.01907e+07 -7.1841e-05
-2.0187e+07 -7.1828e-05
-2.01833e+07 -7.1815e-05
-2.01797e+07 -7.18019e-05
-2.0176e+07 -7.17889e-05
-2.01724e+07 -7.17759e-05
-2.01687e+07 -7.17629e-05
-2.0165e+07 -7.17499e-05
-2.01614e+07 -7.17368e-05
-2.01577e+07 -7.17238e-05
-2.01541e+07 -7.17108e-05
-2.01504e+07 -7.16978e-05
-2.01467e+07 -7.16848e-05
-2.01431e+07 -7.16717e-05
-2.01394e+07 -7.16587e-05
-2.01358e+07 -7.16457e-05
-2.01321e+07 -7.16327e-05
-2.01284e+07 -7.16197e-05
-2.01248e+07 -7.16066e-05
-2.01211e+07 -7.15936e-05
-2.01175e+07 -7.15806e-05
-2.01138e+07 -7.15676e-05
-2.01102e+07 -7.15546e-05
-2.01065e+07 -7.15415e-05
-2.01028e+07 -7.15285e-05
-2.00992e+07 -7.15155e-05
-2.00955e+07 -7.15025e-05
-2.00919e+07 -7.14895e-05
-2.00882e+07 -7.14764e-05
-2.00845e+07 -7.14634e-05
-2.00809e+07 -7.14504e-05
-2.00772e+07 -7.14374e-05
-2.00736e+07 -7.14244e-05
-2.00699e+07 -7.14113e-05
-2.00662e+07 -7.13983e-05
-2.00626e+07 -7.13853e-05
-2.00589e+07 -7.13723e-05
-2.00553e+07 -7.13593e-05
-2.00516e+07 -7.13463e-05
-2.0048e+07 -7.13332e-05
-2.00443e+07 -7.13202e-05
-2.00406e+07 -7.13072e-05
-2.0037e+07 -7.12942e-05
-2.00333e+07 -7.12812e-05
-2.00297e+07 -7.12681e-05
-2.0026e+07 -7.12551e-05
-2.00223e+07 -7.12421e-05
-2.00187e+07 -7.12291e-05
-2.0015e+07 -7.12161e-05
-2.00114e+07 -7.1203e-05
-2.00077e+07 -7.119e-05
-2.0004e+07 -7.1177e-05
-2.00004e+07 -7.1164e-05
-1.99967e+07 -7.1151e-05
-1.99931e+07 -7.1138e-05
-1.99894e+07 -7.11249e-05
-1.99857e+07 -7.11119e-05
-1.99821e+07 -7.10989e-05
-1.99784e+07 -7.10859e-05
-1.99748e+07 -7.10729e-05
-1.99711e+07 -7.10598e-05
-1.99675e+07 -7.10468e-05
-1.99638e+07 -7.10338e-05
-1.99601e+07 -7.10208e-05
-1.99565e+07 -7.10078e-05
-1.99528e+07 -7.09947e-05
-1.99492e+07 -7.09817e-05
-1.99455e+07 -7.09687e-05
-1.99418e+07 -7.09557e-05
-1.99382e+07 -7.09427e-05
-1.99345e+07 -7.09297e-05
-1.99309e+07 -7.09166e-05
-1.99272e+07 -7.09036e-05
-1.99236e+07 -7.08906e-05
-1.99199e+07 -7.08776e-05
-1.99162e+07 -7.08646e-05
-1.99126e+07 -7.08515e-05
-1.99089e+07 -7.08385e-05
-1.99053e+07 -7.08255e-05
-1.99016e+07 -7.08125e-05
-1.98979e+07 -7.07995e-05
-1.98943e+07 -7.07865e-05
-1.98906e+07 -7.07734e-05
-1.9887e+07 -7.07604e-05
-1.98833e+07 -7.07474e-05
-1.98796e+07 -7.07344e-05
-1.9876e+07 -7.07214e-05
-1.98723e+07 -7.07083e-05
-1.98687e+07 -7.06953e-05
-1.9865e+07 -7.06823e-05
-1.98614e+07 -7.06693e-05
-1.98577e+07 -7.06563e-05
-1.9854e+07 -7.06433e-05
-1.98504e+07 -7.06302e-05
-1.98467e+07 -7.06172e-05
-1.98431e+07 -7.06042e-05
-1.98394e+07 -7.05912e-05
-1.98357e+07 -7.05782e-05
-1.98321e+07 -7.05652e-05
-1.98284e+07 -7.05521e-05
-1.98248e+07 -7.05391e-05
-1.98211e+07 -7.05261e-05
-1.98175e+07 -7.05131e-05
-1.98138e+07 -7.05001e-05
-1.98101e+07 -7.04871e-05
-1.98065e+07 -7.0474e-05
-1.98028e+07 -7.0461e-05
-1.97992e+07 -7.0448e-05
-1.97955e+07 -7.0435e-05
-1.97918e+07 -7.0422e-05
-1.97882e+07 -7.0409e-05
-1.97845e+07 -7.03959e-05
-1.97809e+07 -7.03829e-05
-1.97772e+07 -7.03699e-05
-1.97736e+07 -7.03569e-05
-1.97699e+07 -7.03439e-05
-1.97662e+07 -7.03309e-05
-1.97626e+07 -7.03178e-05
-1.97589e+07 -7.03048e-05
-1.97553e+07 -7.02918e-05
-1.97516e+07 -7.02788e-05
-1.97479e+07 -7.02658e-05
-1.97443e+07 -7.02528e-05
-1.97406e+07 -7.02397e-05
-1.9737e+07 -7.02267e-05
-1.97333e+07 -7.02137e-05
-1.97297e+07 -7.02007e-05
-1.9726e+07 -7.01877e-05
-1.97223e+07 -7.01747e-05
-1.97187e+07 -7.01616e-05
-1.9715e+07 -7.01486e-05
-1.97114e+07 -7.01356e-05
-1.97077e+07 -7.01226e-05
-1.9704e+07 -7.01096e-05
-1.97004e+07 -7.00966e-05
-1.96967e+07 -7.00835e-05
-1.96931e+07 -7.00705e-05
-1.96894e+07 -7.00575e-05
-1.96858e+07 -7.00445e-05
-1.96821e+07 -7.00315e-05
-1.96784e+07 -7.00185e-05
-1.96748e+07 -7.00054e-05
-1.96711e+07 -6.99924e-05
-1.96675e+07 -6.99794e-05
-1.96638e+07 -6.99664e-05
-1.96601e+07 -6.99534e-05
-1.96565e+07 -6.99404e-05
-1.96528e+07 -6.99273e-05
-1.96492e+07 -6.99143e-05
-1.96455e+07 -6.99013e-05
-1.96419e+07 -6.98883e-05
-1.96382e+07 -6.98753e-05
-1.96345e+07 -6.98623e-05
-1.96309e+07 -6.98492e-05
-1.96272e+07 -6.98362e-05
-1.96236e+07 -6.98232e-05
-1.96199e+07 -6.98102e-05
-1.96162e+07 -6.97972e-05
-1.96126e+07 -6.97842e-05
-1.96089e+07 -6.97712e-05
-1.96053e+07 -6.97581e-05
-1.96016e+07 -6.97451e-05
-1.9598e+07 -6.97321e-05
-1.95943e+07 -6.97191e-05
-1.95906e+07 -6.97061e-05
-1.9587e+07 -6.96931e-05
-1.95833e+07 -6.968e-05
-1.95797e+07 -6.9667e-05
-1.9576e+07 -6.9654e-05
-1.95724e+07 -6.9641e-05
-1.95687e+07 -6.9628e-05
-1.9565e+07 -6.9615e-05
-1.95614e+07 -6.96019e-05
-1.95577e+07 -6.95889e-05
-1.95541e+07 -6.95759e-05
-1.95504e+07 -6.95629e-05
-1.95467e+07 -6.95499e-05
-1.95431e+07 -6.95369e-05
-1.95394e+07 -6.95238e-05
-1.95358e+07 -6.95108e-05
-1.95321e+07 -6.94978e-05
-1.95285e+07 -6.94848e-05
-1.95248e+07 -6.94718e-05
-1.95211e+07 -6.94588e-05
-1.95175e+07 -6.94458e-05
-1.95138e+07 -6.94327e-05
-1.95102e+07 -6.94197e-05
-1.95065e+07 -6.94067e-05
-1.95029e+07 -6.93937e-05
-1.94992e+07 -6.93807e-05
-1.94955e+07 -6.93677e-05
-1.94919e+07 -6.93547e-05
-1.94882e+07 -6.93416e-05
-1.94846e+07 -6.93286e-05
-1.94809e+07 -6.93156e-05
-1.94772e+07 -6.93026e-05
-1.94736e+07 -6.92896e-05
-1.94699e+07 -6.92766e-05
-1.94663e+07 -6.92636e-05
-1.94626e+07 -6.92505e-05
-1.9459e+07 -6.92375e-05
-1.94553e+07 -6.92245e-05
-1.94516e+07 -6.92115e-05
-1.9448e+07 -6.91985e-05
-1.94443e+07 -6.91855e-05
-1.94407e+07 -6.91725e-05
-1.9437e+07 -6.91594e-05
-1.94334e+07 -6.91464e-05
-1.94297e+07 -6.91334e-05
-1.9426e+07 -6.91204e-05
-1.94224e+07 -6.91074e-05
-1.94187e+07 -6.90944e-05
-1.94151e+07 -6.90814e-05
-1.94114e+07 -6.90683e-05
-1.94078e+07 -6.90553e-05
-1.94041e+07 -6.90423e-05
-1.94004e+07 -6.90293e-05
-1.93968e+07 -6.90163e-05
-1.93931e+07 -6.90033e-05
-1.93895e+07 -6.89903e-05
-1.93858e+07 -6.89772e-05
-1.93821e+07 -6.89642e-05
-1.93785e+07 -6.89512e-05
-1.93748e+07 -6.89382e-05
-1.93712e+07 -6.89252e-05
-1.93675e+07 -6.89122e-05
-1.93639e+07 -6.88992e-05
-1.93602e+07 -6.88861e-05
-1.93565e+07 -6.88731e-05
-1.93529e+07 -6.88601e-05
-1.93492e+07 -6.88471e-05
-1.93456e+07 -6.88341e-05
-1.93419e+07 -6.88211e-05
-1.93383e+07 -6.88081e-05
-1.93346e+07 -6.8795e-05
-1.93309e+07 -6.8782e-05
-1.93273e+07 -6.8769e-05
-1.93236e+07 -6.8756e-05
-1.932e+07 -6.8743e-05
-1.93163e+07 -6.873e-05
-1.93127e+07 -6.8717e-05
-1.9309e+07 -6.87039e-05
-1.93053e+07 -6.86909e-05
-1.93017e+07 -6.86779e-05
-1.9298e+07 -6.86649e-05
-1.92944e+07 -6.86519e-05
-1.92907e+07 -6.86389e-05
-1.92871e+07 -6.86259e-05
-1.92834e+07 -6.86129e-05
-1.92797e+07 -6.85998e-05
-1.92761e+07 -6.85868e-05
-1.92724e+07 -6.85738e-05
-1.92688e+07 -6.85608e-05
-1.92651e+07 -6.85478e-05
-1.92615e+07 -6.85348e-05
-1.92578e+07 -6.85218e-05
-1.92541e+07 -6.85087e-05
-1.92505e+07 -6.84957e-05
-1.92468e+07 -6.84827e-05
-1.92432e+07 -6.84697e-05
-1.92395e+07 -6.84567e-05
-1.92359e+07 -6.84437e-05
-1.92322e+07 -6.84307e-05
-1.92285e+07 -6.84177e-05
-1.92249e+07 -6.84046e-05
-1.92212e+07 -6.83916e-05
-1.92176e+07 -6.83786e-05
-1.92139e+07 -6.83656e-05
-1.92103e+07 -6.83526e-05
-1.92066e+07 -6.83396e-05
-1.92029e+07 -6.83266e-05
-1.91993e+07 -6.83136e-05
-1.91956e+07 -6.83005e-05
-1.9192e+07 -6.82875e-05
-1.91883e+07 -6.82745e-05
-1.91847e+07 -6.82615e-05
-1.9181e+07 -6.82485e-05
-1.91773e+07 -6.82355e-05
-1.91737e+07 -6.82225e-05
-1.917e+07 -6.82095e-05
-1.91664e+07 -6.81964e-05
-1.91627e+07 -6.81834e-05
-1.91591e+07 -6.81704e-05
-1.91554e+07 -6.81574e-05
-1.91517e+07 -6.81444e-05
-1.91481e+07 -6.81314e-05
-1.91444e+07 -6.81184e-05
-1.91408e+07 -6.81054e-05
-1.91371e+07 -6.80923e-05
-1.91335e+07 -6.80793e-05
-1.91298e+07 -6.80663e-05
-1.91261e+07 -6.80533e-05
-1.91225e+07 -6.80403e-05
-1.91188e+07 -6.80273e-05
-1.91152e+07 -6.80143e-05
-1.91115e+07 -6.80013e-05
-1.91079e+07 -6.79882e-05
-1.91042e+07 -6.79752e-05
-1.91005e+07 -6.79622e-05
-1.90969e+07 -6.79492e-05
-1.90932e+07 -6.79362e-05
-1.90896e+07 -6.79232e-05
-1.90859e+07 -6.79102e-05
-1.90823e+07 -6.78972e-05
-1.90786e+07 -6.78841e-05
-1.90749e+07 -6.78711e-05
-1.90713e+07 -6.78581e-05
-1.90676e+07 -6.78451e-05
-1.9064e+07 -6.78321e-05
-1.90603e+07 -6.78191e-05
-1.90567e+07 -6.78061e-05
-1.9053e+07 -6.77931e-05
-1.90493e+07 -6.77801e-05
-1.90457e+07 -6.7767e-05
-1.9042e+07 -6.7754e-05
-1.90384e+07 -6.7741e-05
-1.90347e+07 -6.7728e-05
-1.90311e+07 -6.7715e-05
-1.90274e+07 -6.7702e-05
-1.90237e+07 -6.7689e-05
-1.90201e+07 -6.7676e-05
-1.90164e+07 -6.7663e-05
-1.90128e+07 -6.76499e-05
-1.90091e+07 -6.76369e-05
-1.90055e+07 -6.76239e-05
-1.90018e+07 -6.76109e-05
-1.89981e+07 -6.75979e-05
-1.89945e+07 -6.75849e-05
-1.89908e+07 -6.75719e-05
-1.89872e+07 -6.75589e-05
-1.89835e+07 -6.75458e-05
-1.89799e+07 -6.75328e-05
-1.89762e+07 -6.75198e-05
-1.89725e+07 -6.75068e-05
-1.89689e+07 -6.74938e-05
-1.89652e+07 -6.74808e-05
-1.89616e+07 -6.74678e-05
-1.89579e+07 -6.74548e-05
-1.89543e+07 -6.74418e-05
-1.89506e+07 -6.74288e-05
-1.8947e+07 -6.74157e-05
-1.89433e+07 -6.74027e-05
-1.89396e+07 -6.73897e-05
-1.8936e+07 -6.73767e-05
-1.89323e+07 -6.73637e-05
-1.89287e+07 -6.73507e-05
-1.8925e+07 -6.73377e-05
-1.89214e+07 -6.73247e-05
-1.89177e+07 -6.73117e-05
-1.8914e+07 -6.72986e-05
-1.89104e+07 -6.72856e-05
-1.89067e+07 -6.72726e-05
-1.89031e+07 -6.72596e-05
-1.88994e+07 -6.72466e-05
-1.88958e+07 -6.72336e-05
-1.88921e+07 -6.72206e-05
-1.88884e+07 -6.72076e-05
-1.88848e+07 -6.71946e-05
-1.88811e+07 -6.71815e-05
-1.88775e+07 -6.71685e-05
-1.88738e+07 -6.71555e-05
-1.88702e+07 -6.71425e-05
-1.88665e+07 -6.71295e-05
-1.88629e+07 -6.71165e-05
-1.88592e+07 -6.71035e-05
-1.88555e+07 -6.70905e-05
-1.88519e+07 -6.70775e-05
-1.88482e+07 -6.70645e-05
-1.88446e+07 -6.70514e-05
-1.88409e+07 -6.70384e-05
-1.88373e+07 -6.70254e-05
-1.88336e+07 -6.70124e-05
-1.88299e+07 -6.69994e-05
-1.88263e+07 -6.69864e-05
-1.88226e+07 -6.69734e-05
-1.8819e+07 -6.69604e-05
-1.88153e+07 -6.69474e-05
-1.88117e+07 -6.69344e-05
-1.8808e+07 -6.69213e-05
-1.88043e+07 -6.69083e-05
-1.88007e+07 -6.68953e-05
-1.8797e+07 -6.68823e-05
-1.87934e+07 -6.68693e-05
-1.87897e+07 -6.68563e-05
-1.87861e+07 -6.68433e-05
-1.87824e+07 -6.68303e-05
-1.87788e+07 -6.68173e-05
-1.87751e+07 -6.68043e-05
-1.87714e+07 -6.67912e-05
-1.87678e+07 -6.67782e-05
-1.87641e+07 -6.67652e-05
-1.87605e+07 -6.67522e-05
-1.87568e+07 -6.67392e-05
-1.87532e+07 -6.67262e-05
-1.87495e+07 -6.67132e-05
-1.87458e+07 -6.67002e-05
-1.87422e+07 -6.66872e-05
-1.87385e+07 -6.66742e-05
-1.87349e+07 -6.66612e-05
-1.87312e+07 -6.66481e-05
-1.87276e+07 -6.66351e-05
-1.87239e+07 -6.66221e-05
-1.87203e+07 -6.66091e-05
-1.87166e+07 -6.65961e-05
-1.87129e+07 -6.65831e-05
-1.87093e+07 -6.65701e-05
-1.87056e+07 -6.65571e-05
-1.8702e+07 -6.65441e-05
-1.86983e+07 -6.65311e-05
-1.86947e+07 -6.65181e-05
-1.8691e+07 -6.6505e-05
-1.86873e+07 -6.6492e-05
-1.86837e+07 -6.6479e-05
-1.868e+07 -6.6466e-05
-1.86764e+07 -6.6453e-05
-1.86727e+07 -6.644e-05
-1.86691e+07 -6.6427e-05
-1.86654e+07 -6.6414e-05
-1.86618e+07 -6.6401e-05
-1.86581e+07 -6.6388e-05
-1.86544e+07 -6.6375e-05
-1.86508e+07 -6.6362e-05
-1.86471e+07 -6.63489e-05
-1.86435e+07 -6.63359e-05
-1.86398e+07 -6.63229e-05
-1.86362e+07 -6.63099e-05
-1.86325e+07 -6.62969e-05
-1.86289e+07 -6.62839e-05
-1.86252e+07 -6.62709e-05
-1.86215e+07 -6.62579e-05
-1.86179e+07 -6.62449e-05
-1.86142e+07 -6.62319e-05
-1.86106e+07 -6.62189e-05
-1.86069e+07 -6.62058e-05
-1.86033e+07 -6.61928e-05
-1.85996e+07 -6.61798e-05
-1.85959e+07 -6.61668e-05
-1.85923e+07 -6.61538e-05
-1.85886e+07 -6.61408e-05
-1.8585e+07 -6.61278e-05
-1.85813e+07 -6.61148e-05
-1.85777e+07 -6.61018e-05
-1.8574e+07 -6.60888e-05
-1.85704e+07 -6.60758e-05
-1.85667e+07 -6.60628e-05
-1.8563e+07 -6.60497e-05
-1.85594e+07 -6.60367e-05
-1.85557e+07 -6.60237e-05
-1.85521e+07 -6.60107e-05
-1.85484e+07 -6.59977e-05
-1.85448e+07 -6.59847e-05
-1.85411e+07 -6.59717e-05
-1.85375e+07 -6.59587e-05
-1.85338e+07 -6.59457e-05
-1.85301e+07 -6.59327e-05
-1.85265e+07 -6.59197e-05
-1.85228e+07 -6.59067e-05
-1.85192e+07 -6.58937e-05
-1.85155e+07 -6.58806e-05
-1.85119e+07 -6.58676e-05
-1.85082e+07 -6.58546e-05
-1.85046e+07 -6.58416e-05
-1.85009e+07 -6.58286e-05
-1.84972e+07 -6.58156e-05
-1.84936e+07 -6.58026e-05
-1.84899e+07 -6.57896e-05
-1.84863e+07 -6.57766e-05
-1.84826e+07 -6.57636e-05
-1.8479e+07 -6.57506e-05
-1.84753e+07 -6.57376e-05
-1.84717e+07 -6.57246e-05
-1.8468e+07 -6.57115e-05
-1.84643e+07 -6.56985e-05
-1.84607e+07 -6.56855e-05
-1.8457e+07 -6.56725e-05
-1.84534e+07 -6.56595e-05
-1.84497e+07 -6.56465e-05
-1.84461e+07 -6.56335e-05
-1.84424e+07 -6.56205e-05
-1.84388e+07 -6.56075e-05
-1.84351e+07 -6.55945e-05
-1.84314e+07 -6.55815e-05
-1.84278e+07 -6.55685e-05
-1.84241e+07 -6.55555e-05
-1.84205e+07 -6.55425e-05
-1.84168e+07 -6.55294e-05
-1.84132e+07 -6.55164e-05
-1.84095e+07 -6.55034e-05
-1.84059e+07 -6.54904e-05
-1.84022e+07 -6.54774e-05
-1.83985e+07 -6.54644e-05
-1.83949e+07 -6.54514e-05
-1.83912e+07 -6.54384e-05
-1.83876e+07 -6.54254e-05
-1.83839e+07 -6.54124e-05
-1.83803e+07 -6.53994e-05
-1.83766e+07 -6.53864e-05
-1.8373e+07 -6.53734e-05
-1.83693e+07 -6.53604e-05
-1.83656e+07 -6.53474e-05
-1.8362e+07 -6.53343e-05
-1.83583e+07 -6.53213e-05
-1.83547e+07 -6.53083e-05
-1.8351e+07 -6.52953e-05
-1.83474e+07 -6.52823e-05
-1.83437e+07 -6.52693e-05
-1.83401e+07 -6.52563e-05
-1.83364e+07 -6.52433e-05
-1.83327e+07 -6.52303e-05
-1.83291e+07 -6.52173e-05
-1.83254e+07 -6.52043e-05
-1.83218e+07 -6.51913e-05
-1.83181e+07 -6.51783e-05
-1.83145e+07 -6.51653e-05
-1.83108e+07 -6.51523e-05
-1.83072e+07 -6.51393e-05
-1.83035e+07 -6.51262e-05
-1.82998e+07 -6.51132e-05
-1.82962e+07 -6.51002e-05
-1.82925e+07 -6.50872e-05
-1.82889e+07 -6.50742e-05
-1.82852e+07 -6.50612e-05
-1.82816e+07 -6.50482e-05
-1.82779e+07 -6.50352e-05
-1.82743e+07 -6.50222e-05
-1.82706e+07 -6.50092e-05
-1.82669e+07 -6.49962e-05
-1.82633e+07 -6.49832e-05
-1.82596e+07 -6.49702e-05
-1.8256e+07 -6.49572e-05
-1.82523e+07 -6.49442e-05
-1.82487e+07 -6.49312e-05
-1.8245e+07 -6.49181e-05
-1.82414e+07 -6.49051e-05
-1.82377e+07 -6.48921e-05
-1.8234e+07 -6.48791e-05
-1.82304e+07 -6.48661e-05
-1.82267e+07 -6.48531e-05
-1.82231e+07 -6.48401e-05
-1.82194e+07 -6.48271e-05
-1.82158e+07 -6.48141e-05
-1.82121e+07 -6.48011e-05
-1.82085e+07 -6.47881e-05
-1.82048e+07 -6.47751e-05
-1.82012e+07 -6.47621e-05
-1.81975e+07 -6.47491e-05
-1.81938e+07 -6.47361e-05
-1.81902e+07 -6.47231e-05
-1.81865e+07 -6.47101e-05
-1.81829e+07 -6.46971e-05
-1.81792e+07 -6.46841e-05
-1.81756e+07 -6.46711e-05
-1.81719e+07 -6.4658e-05
-1.81683e+07 -6.4645e-05
-1.81646e+07 -6.4632e-05
-1.81609e+07 -6.4619e-05
-1.81573e+07 -6.4606e-05
-1.81536e+07 -6.4593e-05
-1.815e+07 -6.458e-05
-1.81463e+07 -6.4567e-05
-1.81427e+07 -6.4554e-05
-1.8139e+07 -6.4541e-05
-1.81354e+07 -6.4528e-05
-1.81317e+07 -6.4515e-05
-1.81281e+07 -6.4502e-05
-1.81244e+07 -6.4489e-05
-1.81207e+07 -6.4476e-05
-1.81171e+07 -6.4463e-05
-1.81134e+07 -6.445e-05
-1.81098e+07 -6.4437e-05
-1.81061e+07 -6.4424e-05
-1.81025e+07 -6.44109e-05
-1.80988e+07 -6.43979e-05
-1.80952e+07 -6.43849e-05
-1.80915e+07 -6.43719e-05
-1.80878e+07 -6.43589e-05
-1.80842e+07 -6.43459e-05
-1.80805e+07 -6.43329e-05
-1.80769e+07 -6.43199e-05
-1.80732e+07 -6.43069e-05
-1.80696e+07 -6.42939e-05
-1.80659e+07 -6.42809e-05
-1.80623e+07 -6.42679e-05
-1.80586e+07 -6.42549e-05
-1.8055e+07 -6.42419e-05
-1.80513e+07 -6.42289e-05
-1.80476e+07 -6.42159e-05
-1.8044e+07 -6.42029e-05
-1.80403e+07 -6.41899e-05
-1.80367e+07 -6.41769e-05
-1.8033e+07 -6.41639e-05
-1.80294e+07 -6.41509e-05
-1.80257e+07 -6.41379e-05
-1.80221e+07 -6.41249e-05
-1.80184e+07 -6.41118e-05
-1.80148e+07 -6.40988e-05
-1.80111e+07 -6.40858e-05
-1.80074e+07 -6.40728e-05
-1.80038e+07 -6.40598e-05
-1.80001e+07 -6.40468e-05
-1.79965e+07 -6.40338e-05
-1.79928e+07 -6.40208e-05
-1.79892e+07 -6.40078e-05
-1.79855e+07 -6.39948e-05
-1.79819e+07 -6.39818e-05
-1.79782e+07 -6.39688e-05
-1.79745e+07 -6.39558e-05
-1.79709e+07 -6.39428e-05
-1.79672e+07 -6.39298e-05
-1.79636e+07 -6.39168e-05
-1.79599e+07 -6.39038e-05
-1.79563e+07 -6.38908e-05
-1.79526e+07 -6.38778e-05
-1.7949e+07 -6.38648e-05
-1.79453e+07 -6.38518e-05
-1.79417e+07 -6.38388e-05
-1.7938e+07 -6.38258e-05
-1.79343e+07 -6.38128e-05
-1.79307e+07 -6.37998e-05
-1.7927e+07 -6.37868e-05
-1.79234e+07 -6.37737e-05
-1.79197e+07 -6.37607e-05
-1.79161e+07 -6.37478e-05
-1.79124e+07 -6.37347e-05
-1.79088e+07 -6.37217e-05
-1.79051e+07 -6.37087e-05
-1.79015e+07 -6.36957e-05
-1.78978e+07 -6.36827e-05
-1.78941e+07 -6.36697e-05
-1.78905e+07 -6.36567e-05
-1.78868e+07 -6.36437e-05
-1.78832e+07 -6.36307e-05
-1.78795e+07 -6.36177e-05
-1.78759e+07 -6.36047e-05
-1.78722e+07 -6.35917e-05
-1.78686e+07 -6.35787e-05
-1.78649e+07 -6.35657e-05
-1.78613e+07 -6.35527e-05
-1.78576e+07 -6.35397e-05
-1.7854e+07 -6.35267e-05
-1.78503e+07 -6.35137e-05
-1.78466e+07 -6.35007e-05
-1.7843e+07 -6.34877e-05
-1.78393e+07 -6.34747e-05
-1.78357e+07 -6.34617e-05
-1.7832e+07 -6.34487e-05
-1.78284e+07 -6.34357e-05
-1.78247e+07 -6.34227e-05
-1.78211e+07 -6.34097e-05
-1.78174e+07 -6.33967e-05
-1.78138e+07 -6.33837e-05
-1.78101e+07 -6.33707e-05
-1.78064e+07 -6.33577e-05
-1.78028e+07 -6.33447e-05
-1.77991e+07 -6.33317e-05
-1.77955e+07 -6.33187e-05
-1.77918e+07 -6.33056e-05
-1.77882e+07 -6.32926e-05
-1.77845e+07 -6.32796e-05
-1.77809e+07 -6.32666e-05
-1.77772e+07 -6.32536e-05
-1.77736e+07 -6.32406e-05
-1.77699e+07 -6.32276e-05
-1.77662e+07 -6.32146e-05
-1.77626e+07 -6.32016e-05
-1.77589e+07 -6.31886e-05
-1.77553e+07 -6.31756e-05
-1.77516e+07 -6.31626e-05
-1.7748e+07 -6.31496e-05
-1.77443e+07 -6.31366e-05
-1.77407e+07 -6.31236e-05
-1.7737e+07 -6.31106e-05
-1.77334e+07 -6.30976e-05
-1.77297e+07 -6.30846e-05
-1.77261e+07 -6.30716e-05
-1.77224e+07 -6.30586e-05
-1.77187e+07 -6.30456e-05
-1.77151e+07 -6.30326e-05
-1.77114e+07 -6.30196e-05
-1.77078e+07 -6.30066e-05
-1.77041e+07 -6.29936e-05
-1.77005e+07 -6.29806e-05
-1.76968e+07 -6.29676e-05
-1.76932e+07 -6.29546e-05
-1.76895e+07 -6.29416e-05
-1.76859e+07 -6.29286e-05
-1.76822e+07 -6.29156e-05
-1.76785e+07 -6.29026e-05
-1.76749e+07 -6.28896e-05
-1.76712e+07 -6.28766e-05
-1.76676e+07 -6.28636e-05
-1.76639e+07 -6.28506e-05
-1.76603e+07 -6.28376e-05
-1.76566e+07 -6.28246e-05
-1.7653e+07 -6.28116e-05
-1.76493e+07 -6.27986e-05
-1.76457e+07 -6.27856e-05
-1.7642e+07 -6.27726e-05
-1.76384e+07 -6.27596e-05
-1.76347e+07 -6.27466e-05
-1.7631e+07 -6.27336e-05
-1.76274e+07 -6.27206e-05
-1.76237e+07 -6.27076e-05
-1.76201e+07 -6.26946e-05
-1.76164e+07 -6.26816e-05
-1.76128e+07 -6.26686e-05
-1.76091e+07 -6.26556e-05
-1.76055e+07 -6.26426e-05
-1.76018e+07 -6.26296e-05
-1.75982e+07 -6.26166e-05
-1.75945e+07 -6.26036e-05
-1.75909e+07 -6.25906e-05
-1.75872e+07 -6.25776e-05
-1.75835e+07 -6.25646e-05
-1.75799e+07 -6.25516e-05
-1.75762e+07 -6.25386e-05
-1.75726e+07 -6.25256e-05
-1.75689e+07 -6.25126e-05
-1.75653e+07 -6.24996e-05
-1.75616e+07 -6.24866e-05
-1.7558e+07 -6.24736e-05
-1.75543e+07 -6.24605e-05
-1.75507e+07 -6.24476e-05
-1.7547e+07 -6.24345e-05
-1.75434e+07 -6.24215e-05
-1.75397e+07 -6.24086e-05
-1.7536e+07 -6.23955e-05
-1.75324e+07 -6.23825e-05
-1.75287e+07 -6.23695e-05
-1.75251e+07 -6.23565e-05
-1.75214e+07 -6.23435e-05
-1.75178e+07 -6.23305e-05
-1.75141e+07 -6.23175e-05
-1.75105e+07 -6.23045e-05
-1.75068e+07 -6.22915e-05
-1.75032e+07 -6.22785e-05
-1.74995e+07 -6.22655e-05
-1.74959e+07 -6.22525e-05
-1.74922e+07 -6.22395e-05
-1.74885e+07 -6.22265e-05
-1.74849e+07 -6.22135e-05
-1.74812e+07 -6.22005e-05
-1.74776e+07 -6.21875e-05
-1.74739e+07 -6.21745e-05
-1.74703e+07 -6.21615e-05
-1.74666e+07 -6.21485e-05
-1.7463e+07 -6.21355e-05
-1.74593e+07 -6.21225e-05
-1.74557e+07 -6.21095e-05
-1.7452e+07 -6.20965e-05
-1.74484e+07 -6.20835e-05
-1.74447e+07 -6.20705e-05
-1.74411e+07 -6.20575e-05
-1.74374e+07 -6.20445e-05
-1.74337e+07 -6.20315e-05
-1.74301e+07 -6.20185e-05
-1.74264e+07 -6.20055e-05
-1.74228e+07 -6.19925e-05
-1.74191e+07 -6.19795e-05
-1.74155e+07 -6.19665e-05
-1.74118e+07 -6.19535e-05
-1.74082e+07 -6.19405e-05
-1.74045e+07 -6.19275e-05
-1.74009e+07 -6.19145e-05
-1.73972e+07 -6.19016e-05
-1.73936e+07 -6.18885e-05
-1.73899e+07 -6.18756e-05
-1.73863e+07 -6.18626e-05
-1.73826e+07 -6.18496e-05
-1.73789e+07 -6.18366e-05
-1.73753e+07 -6.18236e-05
-1.73716e+07 -6.18106e-05
-1.7368e+07 -6.17976e-05
-1.73643e+07 -6.17846e-05
-1.73607e+07 -6.17716e-05
-1.7357e+07 -6.17586e-05
-1.73534e+07 -6.17456e-05
-1.73497e+07 -6.17326e-05
-1.73461e+07 -6.17196e-05
-1.73424e+07 -6.17066e-05
-1.73388e+07 -6.16936e-05
-1.73351e+07 -6.16806e-05
-1.73314e+07 -6.16676e-05
-1.73278e+07 -6.16546e-05
-1.73241e+07 -6.16416e-05
-1.73205e+07 -6.16286e-05
-1.73168e+07 -6.16156e-05
-1.73132e+07 -6.16026e-05
-1.73095e+07 -6.15896e-05
-1.73059e+07 -6.15766e-05
-1.73022e+07 -6.15636e-05
-1.72986e+07 -6.15506e-05
-1.72949e+07 -6.15376e-05
-1.72913e+07 -6.15246e-05
-1.72876e+07 -6.15116e-05
-1.7284e+07 -6.14986e-05
-1.72803e+07 -6.14856e-05
-1.72767e+07 -6.14726e-05
-1.7273e+07 -6.14596e-05
-1.72693e+07 -6.14466e-05
-1.72657e+07 -6.14336e-05
-1.7262e+07 -6.14206e-05
-1.72584e+07 -6.14076e-05
-1.72547e+07 -6.13946e-05
-1.72511e+07 -6.13816e-05
-1.72474e+07 -6.13686e-05
-1.72438e+07 -6.13556e-05
-1.72401e+07 -6.13426e-05
-1.72365e+07 -6.13296e-05
-1.72328e+07 -6.13166e-05
-1.72292e+07 -6.13036e-05
-1.72255e+07 -6.12906e-05
-1.72219e+07 -6.12776e-05
-1.72182e+07 -6.12646e-05
-1.72145e+07 -6.12516e-05
-1.72109e+07 -6.12386e-05
-1.72072e+07 -6.12256e-05
-1.72036e+07 -6.12126e-05
-1.71999e+07 -6.11996e-05
-1.71963e+07 -6.11866e-05
-1.71926e+07 -6.11736e-05
-1.7189e+07 -6.11606e-05
-1.71853e+07 -6.11476e-05
-1.71817e+07 -6.11346e-05
-1.7178e+07 -6.11216e-05
-1.71744e+07 -6.11086e-05
-1.71707e+07 -6.10956e-05
-1.71671e+07 -6.10826e-05
-1.71634e+07 -6.10696e-05
-1.71598e+07 -6.10566e-05
-1.71561e+07 -6.10436e-05
-1.71524e+07 -6.10306e-05
-1.71488e+07 -6.10176e-05
-1.71451e+07 -6.10047e-05
-1.71415e+07 -6.09917e-05
-1.71378e+07 -6.09787e-05
-1.71342e+07 -6.09657e-05
-1.71305e+07 -6.09527e-05
-1.71269e+07 -6.09397e-05
-1.71232e+07 -6.09267e-05
-1.71196e+07 -6.09137e-05
-1.71159e+07 -6.09007e-05
-1.71123e+07 -6.08877e-05
-1.71086e+07 -6.08747e-05
-1.7105e+07 -6.08617e-05
-1.71013e+07 -6.08487e-05
-1.70977e+07 -6.08357e-05
-1.7094e+07 -6.08227e-05
-1.70903e+07 -6.08097e-05
-1.70867e+07 -6.07967e-05
-1.7083e+07 -6.07837e-05
-1.70794e+07 -6.07707e-05
-1.70757e+07 -6.07577e-05
-1.70721e+07 -6.07447e-05
-1.70684e+07 -6.07317e-05
-1.70648e+07 -6.07187e-05
-1.70611e+07 -6.07057e-05
-1.70575e+07 -6.06927e-05
-1.70538e+07 -6.06797e-05
-1.70502e+07 -6.06667e-05
-1.70465e+07 -6.06537e-05
-1.70429e+07 -6.06407e-05
-1.70392e+07 -6.06277e-05
-1.70356e+07 -6.06147e-05
-1.70319e+07 -6.06017e-05
-1.70282e+07 -6.05887e-05
-1.70246e+07 -6.05757e-05
-1.70209e+07 -6.05628e-05
-1.70173e+07 -6.05498e-05
-1.70136e+07 -6.05368e-05
-1.701e+07 -6.05237e-05
-1.70063e+07 -6.05108e-05
-1.70027e+07 -6.04978e-05
-1.6999e+07 -6.04848e-05
-1.69954e+07 -6.04718e-05
-1.69917e+07 -6.04588e-05
-1.69881e+07 -6.04458e-05
-1.69844e+07 -6.04328e-05
-1.69808e+07 -6.04198e-05
-1.69771e+07 -6.04068e-05
-1.69735e+07 -6.03938e-05
-1.69698e+07 -6.03808e-05
-1.69662e+07 -6.03678e-05
-1.69625e+07 -6.03548e-05
-1.69588e+07 -6.03418e-05
-1.69552e+07 -6.03288e-05
-1.69515e+07 -6.03158e-05
-1.69479e+07 -6.03028e-05
-1.69442e+07 -6.02898e-05
-1.69406e+07 -6.02768e-05
-1.69369e+07 -6.02638e-05
-1.69333e+07 -6.02508e-05
-1.69296e+07 -6.02378e-05
-1.6926e+07 -6.02248e-05
-1.69223e+07 -6.02118e-05
-1.69187e+07 -6.01989e-05
-1.6915e+07 -6.01859e-05
-1.69114e+07 -6.01729e-05
-1.69077e+07 -6.01599e-05
-1.69041e+07 -6.01469e-05
-1.69004e+07 -6.01339e-05
-1.68968e+07 -6.01209e-05
-1.68931e+07 -6.01079e-05
-1.68895e+07 -6.00949e-05
-1.68858e+07 -6.00819e-05
-1.68821e+07 -6.00689e-05
-1.68785e+07 -6.00559e-05
-1.68748e+07 -6.00429e-05
-1.68712e+07 -6.00299e-05
-1.68675e+07 -6.00169e-05
-1.68639e+07 -6.00039e-05
-1.68602e+07 -5.99909e-05
-1.68566e+07 -5.99779e-05
-1.68529e+07 -5.99649e-05
-1.68493e+07 -5.99519e-05
-1.68456e+07 -5.99389e-05
-1.6842e+07 -5.99259e-05
-1.68383e+07 -5.99129e-05
-1.68347e+07 -5.99e-05
-1.6831e+07 -5.9887e-05
-1.68274e+07 -5.9874e-05
-1.68237e+07 -5.9861e-05
-1.68201e+07 -5.9848e-05
-1.68164e+07 -5.9835e-05
-1.68128e+07 -5.9822e-05
-1.68091e+07 -5.9809e-05
-1.68054e+07 -5.9796e-05
-1.68018e+07 -5.9783e-05
-1.67981e+07 -5.977e-05
-1.67945e+07 -5.9757e-05
-1.67908e+07 -5.9744e-05
-1.67872e+07 -5.9731e-05
-1.67835e+07 -5.9718e-05
-1.67799e+07 -5.9705e-05
-1.67762e+07 -5.9692e-05
-1.67726e+07 -5.9679e-05
-1.67689e+07 -5.9666e-05
-1.67653e+07 -5.9653e-05
-1.67616e+07 -5.96401e-05
-1.6758e+07 -5.96271e-05
-1.67543e+07 -5.96141e-05
-1.67507e+07 -5.96011e-05
-1.6747e+07 -5.95881e-05
-1.67434e+07 -5.95751e-05
-1.67397e+07 -5.95621e-05
-1.67361e+07 -5.95491e-05
-1.67324e+07 -5.95361e-05
-1.67288e+07 -5.95231e-05
-1.67251e+07 -5.95101e-05
-1.67215e+07 -5.94971e-05
-1.67178e+07 -5.94841e-05
-1.67141e+07 -5.94711e-05
-1.67105e+07 -5.94581e-05
-1.67068e+07 -5.94451e-05
-1.67032e+07 -5.94321e-05
-1.66995e+07 -5.94191e-05
-1.66959e+07 -5.94061e-05
-1.66922e+07 -5.93932e-05
-1.66886e+07 -5.93802e-05
-1.66849e+07 -5.93672e-05
-1.66813e+07 -5.93542e-05
-1.66776e+07 -5.93412e-05
-1.6674e+07 -5.93282e-05
-1.66703e+07 -5.93152e-05
-1.66667e+07 -5.93022e-05
-1.6663e+07 -5.92892e-05
-1.66594e+07 -5.92762e-05
-1.66557e+07 -5.92632e-05
-1.66521e+07 -5.92502e-05
-1.66484e+07 -5.92372e-05
-1.66428e+07 -5.92172e-05
-1.6632e+07 -5.91788e-05
-1.66212e+07 -5.91405e-05
-1.66104e+07 -5.91021e-05
-1.65997e+07 -5.90637e-05
-1.65889e+07 -5.90254e-05
-1.65781e+07 -5.8987e-05
-1.65673e+07 -5.89486e-05
-1.65565e+07 -5.89103e-05
-1.65457e+07 -5.88719e-05
-1.6535e+07 -5.88335e-05
-1.65242e+07 -5.87952e-05
-1.65134e+07 -5.87568e-05
-1.65026e+07 -5.87184e-05
-1.64918e+07 -5.86801e-05
-1.6481e+07 -5.86417e-05
-1.64703e+07 -5.86033e-05
-1.64595e+07 -5.8565e-05
-1.64487e+07 -5.85266e-05
-1.64379e+07 -5.84882e-05
-1.64271e+07 -5.84499e-05
-1.64163e+07 -5.84115e-05
-1.64056e+07 -5.83731e-05
-1.63948e+07 -5.83348e-05
-1.6384e+07 -5.82964e-05
-1.63732e+07 -5.8258e-05
-1.63624e+07 -5.82197e-05
-1.63517e+07 -5.81813e-05
-1.63409e+07 -5.81429e-05
-1.63301e+07 -5.81046e-05
-1.63193e+07 -5.80662e-05
-1.63085e+07 -5.80278e-05
-1.62977e+07 -5.79895e-05
-1.6287e+07 -5.79511e-05
-1.62762e+07 -5.79127e-05
-1.62654e+07 -5.78744e-05
-1.62546e+07 -5.7836e-05
-1.62438e+07 -5.77976e-05
-1.6233e+07 -5.77593e-05
-1.62223e+07 -5.77209e-05
-1.62115e+07 -5.76825e-05
-1.62007e+07 -5.76442e-05
-1.61899e+07 -5.76058e-05
-1.61791e+07 -5.75674e-05
-1.61683e+07 -5.75291e-05
-1.61576e+07 -5.74907e-05
-1.61468e+07 -5.74523e-05
-1.6136e+07 -5.7414e-05
-1.61252e+07 -5.73756e-05
-1.61144e+07 -5.73372e-05
-1.61036e+07 -5.72989e-05
-1.60929e+07 -5.72605e-05
-1.60821e+07 -5.72221e-05
-1.60713e+07 -5.71838e-05
-1.60605e+07 -5.71454e-05
-1.60497e+07 -5.7107e-05
-1.60389e+07 -5.70687e-05
-1.60282e+07 -5.70303e-05
-1.60174e+07 -5.69919e-05
-1.60066e+07 -5.69536e-05
-1.59958e+07 -5.69152e-05
-1.5985e+07 -5.68768e-05
-1.59742e+07 -5.68385e-05
-1.59635e+07 -5.68001e-05
-1.59475e+07 -5.67434e-05
-1.5931e+07 -5.66848e-05
-1.59146e+07 -5.66261e-05
-1.58981e+07 -5.65674e-05
-1.58816e+07 -5.65087e-05
-1.58651e+07 -5.645e-05
-1.58486e+07 -5.63913e-05
-1.58321e+07 -5.63326e-05
-1.58156e+07 -5.62739e-05
-1.57991e+07 -5.62152e-05
-1.57826e+07 -5.61565e-05
-1.57661e+07 -5.60979e-05
-1.57496e+07 -5.60392e-05
-1.57331e+07 -5.59805e-05
-1.57166e+07 -5.59218e-05
-1.57001e+07 -5.58631e-05
-1.56836e+07 -5.58044e-05
-1.56671e+07 -5.57457e-05
-1.56506e+07 -5.5687e-05
-1.56341e+07 -5.56283e-05
-1.56177e+07 -5.55696e-05
-1.56012e+07 -5.5511e-05
-1.55847e+07 -5.54523e-05
-1.55682e+07 -5.53936e-05
-1.55517e+07 -5.53349e-05
-1.55352e+07 -5.52762e-05
-1.55187e+07 -5.52175e-05
-1.55022e+07 -5.51588e-05
-1.54857e+07 -5.51001e-05
-1.54692e+07 -5.50414e-05
-1.54527e+07 -5.49827e-05
-1.54362e+07 -5.49241e-05
-1.54197e+07 -5.48654e-05
-1.54032e+07 -5.48067e-05
-1.53867e+07 -5.4748e-05
-1.53702e+07 -5.46893e-05
-1.53537e+07 -5.46306e-05
-1.53372e+07 -5.45719e-05
-1.53208e+07 -5.45132e-05
-1.53043e+07 -5.44545e-05
-1.52878e+07 -5.43959e-05
-1.52713e+07 -5.43372e-05
-1.52548e+07 -5.42785e-05
-1.52383e+07 -5.42198e-05
-1.52218e+07 -5.41611e-05
-1.52053e+07 -5.41024e-05
-1.51888e+07 -5.40437e-05
-1.51723e+07 -5.3985e-05
-1.51558e+07 -5.39264e-05
-1.51393e+07 -5.38677e-05
-1.51228e+07 -5.3809e-05
-1.51063e+07 -5.37503e-05
-1.50898e+07 -5.36916e-05
-1.50733e+07 -5.36329e-05
-1.50568e+07 -5.35742e-05
-1.50403e+07 -5.35155e-05
-1.50239e+07 -5.34568e-05
-1.50074e+07 -5.33982e-05
-1.49909e+07 -5.33395e-05
-1.49744e+07 -5.32808e-05
-1.49579e+07 -5.32221e-05
-1.49414e+07 -5.31634e-05
-1.49249e+07 -5.31047e-05
-1.49084e+07 -5.3046e-05
-1.48919e+07 -5.29873e-05
-1.48754e+07 -5.29287e-05
-1.48589e+07 -5.287e-05
-1.48424e+07 -5.28113e-05
-1.48259e+07 -5.27526e-05
-1.48094e+07 -5.26939e-05
-1.47929e+07 -5.26352e-05
-1.47764e+07 -5.25765e-05
-1.476e+07 -5.25178e-05
-1.47435e+07 -5.24592e-05
-1.4727e+07 -5.24005e-05
-1.47105e+07 -5.23418e-05
-1.4694e+07 -5.22831e-05
-1.46775e+07 -5.22244e-05
-1.4661e+07 -5.21657e-05
-1.46445e+07 -5.2107e-05
-1.4628e+07 -5.20484e-05
-1.46115e+07 -5.19897e-05
-1.4595e+07 -5.1931e-05
-1.45785e+07 -5.18723e-05
-1.4562e+07 -5.18136e-05
-1.45455e+07 -5.17549e-05
-1.4529e+07 -5.16962e-05
-1.45125e+07 -5.16375e-05
-1.44961e+07 -5.15789e-05
-1.44796e+07 -5.15202e-05
-1.44631e+07 -5.14615e-05
-1.44466e+07 -5.14028e-05
-1.44301e+07 -5.13441e-05
-1.44136e+07 -5.12854e-05
-1.43971e+07 -5.12267e-05
-1.43806e+07 -5.11681e-05
-1.43641e+07 -5.11094e-05
-1.43476e+07 -5.10507e-05
-1.43311e+07 -5.0992e-05
-1.43146e+07 -5.09333e-05
-1.42981e+07 -5.08746e-05
-1.42816e+07 -5.08159e-05
-1.42651e+07 -5.07573e-05
-1.42487e+07 -5.06986e-05
-1.42322e+07 -5.06399e-05
-1.42157e+07 -5.05812e-05
-1.41992e+07 -5.05225e-05
-1.41827e+07 -5.04638e-05
-1.41662e+07 -5.04051e-05
-1.41497e+07 -5.03465e-05
-1.41332e+07 -5.02878e-05
-1.41167e+07 -5.02291e-05
-1.41002e+07 -5.01704e-05
-1.40837e+07 -5.01117e-05
-1.40672e+07 -5.0053e-05
-1.40507e+07 -4.99944e-05
-1.40342e+07 -4.99357e-05
-1.40177e+07 -4.9877e-05
-1.40013e+07 -4.98183e-05
-1.39848e+07 -4.97596e-05
-1.39683e+07 -4.97009e-05
-1.39518e+07 -4.96422e-05
-1.39353e+07 -4.95836e-05
-1.39188e+07 -4.95249e-05
-1.39023e+07 -4.94662e-05
-1.38858e+07 -4.94075e-05
-1.38693e+07 -4.93488e-05
-1.38528e+07 -4.92901e-05
-1.38363e+07 -4.92315e-05
-1.38198e+07 -4.91728e-05
-1.38033e+07 -4.91141e-05
-1.37868e+07 -4.90554e-05
-1.37704e+07 -4.89967e-05
-1.37539e+07 -4.8938e-05
-1.37374e+07 -4.88794e-05
-1.37209e+07 -4.88207e-05
-1.37044e+07 -4.8762e-05
-1.36879e+07 -4.87033e-05
-1.36714e+07 -4.86446e-05
-1.36549e+07 -4.85859e-05
-1.36384e+07 -4.85273e-05
-1.36219e+07 -4.84686e-05
-1.36054e+07 -4.84099e-05
-1.35889e+07 -4.83512e-05
-1.35724e+07 -4.82925e-05
-1.35559e+07 -4.82338e-05
-1.35395e+07 -4.81752e-05
-1.3523e+07 -4.81165e-05
-1.35065e+07 -4.80578e-05
-1.349e+07 -4.79991e-05
-1.34735e+07 -4.79404e-05
-1.3457e+07 -4.78817e-05
-1.34405e+07 -4.78231e-05
-1.3424e+07 -4.77644e-05
-1.34075e+07 -4.77057e-05
-1.3391e+07 -4.7647e-05
-1.33745e+07 -4.75883e-05
-1.3358e+07 -4.75296e-05
-1.33415e+07 -4.7471e-05
-1.33251e+07 -4.74123e-05
-1.33086e+07 -4.73536e-05
-1.32921e+07 -4.72949e-05
-1.32756e+07 -4.72362e-05
-1.32591e+07 -4.71775e-05
-1.32426e+07 -4.71189e-05
-1.32261e+07 -4.70602e-05
-1.32096e+07 -4.70015e-05
-1.31931e+07 -4.69428e-05
-1.31766e+07 -4.68841e-05
-1.31601e+07 -4.68255e-05
-1.31436e+07 -4.67668e-05
-1.31271e+07 -4.67081e-05
-1.31107e+07 -4.66494e-05
-1.30942e+07 -4.65907e-05
-1.30777e+07 -4.6532e-05
-1.30612e+07 -4.64734e-05
-1.30447e+07 -4.64147e-05
-1.30282e+07 -4.6356e-05
-1.30117e+07 -4.62973e-05
-1.29952e+07 -4.62386e-05
-1.29787e+07 -4.618e-05
-1.29622e+07 -4.61213e-05
-1.29457e+07 -4.60626e-05
-1.29292e+07 -4.60039e-05
-1.29127e+07 -4.59452e-05
-1.28963e+07 -4.58866e-05
-1.28798e+07 -4.58279e-05
-1.28633e+07 -4.57692e-05
-1.28468e+07 -4.57105e-05
-1.28303e+07 -4.56518e-05
-1.28138e+07 -4.55931e-05
-1.27973e+07 -4.55345e-05
-1.27808e+07 -4.54758e-05
-1.27643e+07 -4.54171e-05
-1.27478e+07 -4.53584e-05
-1.27313e+07 -4.52997e-05
-1.27148e+07 -4.52411e-05
-1.26983e+07 -4.51824e-05
-1.26819e+07 -4.51237e-05
-1.26654e+07 -4.5065e-05
-1.26489e+07 -4.50063e-05
-1.26324e+07 -4.49477e-05
-1.26159e+07 -4.4889e-05
-1.25994e+07 -4.48303e-05
-1.25829e+07 -4.47716e-05
-1.25664e+07 -4.47129e-05
-1.25499e+07 -4.46543e-05
-1.25334e+07 -4.45956e-05
-1.25169e+07 -4.45369e-05
-1.25004e+07 -4.44782e-05
-1.2484e+07 -4.44195e-05
-1.24675e+07 -4.43609e-05
-1.2451e+07 -4.43022e-05
-1.24345e+07 -4.42435e-05
-1.2418e+07 -4.41848e-05
-1.24015e+07 -4.41261e-05
-1.2385e+07 -4.40675e-05
-1.23685e+07 -4.40088e-05
-1.2352e+07 -4.39501e-05
-1.23355e+07 -4.38914e-05
-1.2319e+07 -4.38327e-05
-1.23025e+07 -4.37741e-05
-1.22861e+07 -4.37154e-05
-1.22696e+07 -4.36567e-05
-1.22531e+07 -4.3598e-05
-1.22366e+07 -4.35394e-05
-1.22201e+07 -4.34807e-05
-1.22036e+07 -4.3422e-05
-1.21871e+07 -4.33633e-05
-1.21706e+07 -4.33046e-05
-1.21541e+07 -4.3246e-05
-1.21376e+07 -4.31873e-05
-1.21211e+07 -4.31286e-05
-1.21046e+07 -4.30699e-05
-1.20882e+07 -4.30112e-05
-1.20717e+07 -4.29526e-05
-1.20552e+07 -4.28939e-05
-1.20387e+07 -4.28352e-05
-1.20222e+07 -4.27765e-05
-1.20057e+07 -4.27179e-05
-1.19892e+07 -4.26592e-05
-1.19727e+07 -4.26005e-05
-1.19562e+07 -4.25418e-05
-1.19397e+07 -4.24831e-05
-1.19232e+07 -4.24245e-05
-1.19068e+07 -4.23658e-05
-1.18903e+07 -4.23071e-05
-1.18738e+07 -4.22484e-05
-1.18573e+07 -4.21898e-05
-1.18408e+07 -4.21311e-05
-1.18243e+07 -4.20724e-05
-1.18078e+07 -4.20137e-05
-1.17913e+07 -4.1955e-05
-1.17748e+07 -4.18964e-05
-1.17583e+07 -4.18377e-05
-1.17418e+07 -4.1779e-05
-1.17254e+07 -4.17203e-05
-1.17089e+07 -4.16617e-05
-1.16924e+07 -4.1603e-05
-1.16759e+07 -4.15443e-05
-1.16594e+07 -4.14856e-05
-1.16429e+07 -4.14269e-05
-1.16264e+07 -4.13683e-05
-1.16099e+07 -4.13096e-05
-1.15934e+07 -4.12509e-05
-1.15769e+07 -4.11922e-05
-1.15604e+07 -4.11336e-05
-1.15439e+07 -4.10749e-05
-1.15275e+07 -4.10162e-05
-1.1511e+07 -4.09575e-05
-1.14945e+07 -4.08989e-05
-1.1478e+07 -4.08402e-05
-1.14615e+07 -4.07815e-05
-1.1445e+07 -4.07228e-05
-1.14285e+07 -4.06641e-05
-1.1412e+07 -4.06055e-05
-1.13955e+07 -4.05468e-05
-1.1379e+07 -4.04881e-05
-1.13626e+07 -4.04294e-05
-1.13461e+07 -4.03708e-05
-1.13296e+07 -4.03121e-05
-1.13131e+07 -4.02534e-05
-1.12966e+07 -4.01947e-05
-1.12801e+07 -4.01361e-05
-1.12636e+07 -4.00774e-05
-1.12471e+07 -4.00187e-05
-1.12306e+07 -3.996e-05
-1.12141e+07 -3.99014e-05
-1.11976e+07 -3.98427e-05
-1.11812e+07 -3.9784e-05
-1.11647e+07 -3.97253e-05
-1.11482e+07 -3.96667e-05
-1.11317e+07 -3.9608e-05
-1.11152e+07 -3.95493e-05
-1.10987e+07 -3.94906e-05
-1.10822e+07 -3.9432e-05
-1.10657e+07 -3.93733e-05
-1.10492e+07 -3.93146e-05
-1.10327e+07 -3.92559e-05
-1.10162e+07 -3.91973e-05
-1.09998e+07 -3.91386e-05
-1.09833e+07 -3.90799e-05
-1.09668e+07 -3.90212e-05
-1.09503e+07 -3.89626e-05
-1.09338e+07 -3.89039e-05
-1.09173e+07 -3.88452e-05
-1.09008e+07 -3.87865e-05
-1.08843e+07 -3.87279e-05
-1.08678e+07 -3.86692e-05
-1.08513e+07 -3.86105e-05
-1.08349e+07 -3.85518e-05
-1.08184e+07 -3.84932e-05
-1.08019e+07 -3.84345e-05
-1.07854e+07 -3.83758e-05
-1.07689e+07 -3.83171e-05
-1.07524e+07 -3.82585e-05
-1.07359e+07 -3.81998e-05
-1.07194e+07 -3.81411e-05
-1.07029e+07 -3.80824e-05
-1.06864e+07 -3.80238e-05
-1.067e+07 -3.79651e-05
-1.06535e+07 -3.79064e-05
-1.0637e+07 -3.78477e-05
-1.06205e+07 -3.77891e-05
-1.0604e+07 -3.77304e-05
-1.05875e+07 -3.76717e-05
-1.0571e+07 -3.7613e-05
-1.05545e+07 -3.75544e-05
-1.0538e+07 -3.74957e-05
-1.05215e+07 -3.7437e-05
-1.05051e+07 -3.73784e-05
-1.04886e+07 -3.73197e-05
-1.04721e+07 -3.7261e-05
-1.04556e+07 -3.72023e-05
-1.04391e+07 -3.71437e-05
-1.04226e+07 -3.7085e-05
-1.04061e+07 -3.70263e-05
-1.03896e+07 -3.69676e-05
-1.03731e+07 -3.6909e-05
-1.03566e+07 -3.68503e-05
-1.03402e+07 -3.67916e-05
-1.03237e+07 -3.67329e-05
-1.03072e+07 -3.66743e-05
-1.02907e+07 -3.66156e-05
-1.02742e+07 -3.65569e-05
-1.02577e+07 -3.64983e-05
-1.02412e+07 -3.64396e-05
-1.02247e+07 -3.63809e-05
-1.02082e+07 -3.63222e-05
-1.01917e+07 -3.62636e-05
-1.01753e+07 -3.62049e-05
-1.01588e+07 -3.61462e-05
-1.01423e+07 -3.60875e-05
-1.01258e+07 -3.60289e-05
-1.01093e+07 -3.59702e-05
-1.00928e+07 -3.59115e-05
-1.00763e+07 -3.58529e-05
-1.00598e+07 -3.57942e-05
-1.00433e+07 -3.57355e-05
-1.00268e+07 -3.56768e-05
-1.00104e+07 -3.56182e-05
-9.99387e+06 -3.55595e-05
-9.97738e+06 -3.55008e-05
-9.96089e+06 -3.54422e-05
-9.9444e+06 -3.53835e-05
-9.92791e+06 -3.53248e-05
-9.91142e+06 -3.52661e-05
-9.89493e+06 -3.52075e-05
-9.87845e+06 -3.51488e-05
-9.86195e+06 -3.50901e-05
-9.84547e+06 -3.50315e-05
-9.82898e+06 -3.49728e-05
-9.81249e+06 -3.49141e-05
-9.796e+06 -3.48554e-05
-9.77951e+06 -3.47968e-05
-9.76302e+06 -3.47381e-05
-9.74653e+06 -3.46794e-05
-9.73004e+06 -3.46208e-05
-9.71355e+06 -3.45621e-05
-9.69706e+06 -3.45034e-05
-9.68057e+06 -3.44447e-05
-9.66408e+06 -3.43861e-05
-9.64759e+06 -3.43274e-05
-9.63111e+06 -3.42687e-05
-9.61462e+06 -3.42101e-05
-9.59813e+06 -3.41514e-05
-9.58164e+06 -3.40927e-05
-9.56515e+06 -3.40341e-05
-9.54866e+06 -3.39754e-05
-9.53217e+06 -3.39167e-05
-9.51568e+06 -3.3858e-05
-9.49919e+06 -3.37994e-05
-9.4827e+06 -3.37407e-05
-9.46621e+06 -3.3682e-05
-9.44973e+06 -3.36234e-05
-9.43324e+06 -3.35647e-05
-9.41675e+06 -3.3506e-05
-9.40026e+06 -3.34474e-05
-9.38377e+06 -3.33887e-05
-9.36728e+06 -3.333e-05
-9.35079e+06 -3.32713e-05
-9.3343e+06 -3.32127e-05
-9.31781e+06 -3.3154e-05
-9.30133e+06 -3.30953e-05
-9.28484e+06 -3.30367e-05
-9.26835e+06 -3.2978e-05
-9.25186e+06 -3.29193e-05
-9.23537e+06 -3.28607e-05
-9.21888e+06 -3.2802e-05
-9.20239e+06 -3.27433e-05
-9.1859e+06 -3.26846e-05
-9.16941e+06 -3.2626e-05
-9.15293e+06 -3.25673e-05
-9.13644e+06 -3.25086e-05
-9.11995e+06 -3.245e-05
-9.10346e+06 -3.23913e-05
-9.08697e+06 -3.23326e-05
-9.07048e+06 -3.2274e-05
-9.05399e+06 -3.22153e-05
-9.0375e+06 -3.21566e-05
-9.02102e+06 -3.2098e-05
-9.00453e+06 -3.20393e-05
-8.98804e+06 -3.19806e-05
-8.97155e+06 -3.1922e-05
-8.95506e+06 -3.18633e-05
-8.93857e+06 -3.18046e-05
-8.92208e+06 -3.17459e-05
-8.9056e+06 -3.16873e-05
-8.88911e+06 -3.16286e-05
-8.87262e+06 -3.15699e-05
-8.85613e+06 -3.15113e-05
-8.83964e+06 -3.14526e-05
-8.82315e+06 -3.13939e-05
-8.80667e+06 -3.13353e-05
-8.79018e+06 -3.12766e-05
-8.77369e+06 -3.12179e-05
-8.7572e+06 -3.11593e-05
-8.74071e+06 -3.11006e-05
-8.72422e+06 -3.10419e-05
-8.70774e+06 -3.09833e-05
-8.69125e+06 -3.09246e-05
-8.67476e+06 -3.08659e-05
-8.65827e+06 -3.08073e-05
-8.64178e+06 -3.07486e-05
-8.62529e+06 -3.06899e-05
-8.60881e+06 -3.06313e-05
-8.59232e+06 -3.05726e-05
-8.57583e+06 -3.05139e-05
-8.55934e+06 -3.04553e-05
-8.54285e+06 -3.03966e-05
-8.52636e+06 -3.03379e-05
-8.50988e+06 -3.02793e-05
-8.49339e+06 -3.02206e-05
-8.4769e+06 -3.01619e-05
-8.46041e+06 -3.01033e-05
-8.44392e+06 -3.00446e-05
-8.42744e+06 -2.99859e-05
-8.41095e+06 -2.99273e-05
-8.39446e+06 -2.98686e-05
-8.37797e+06 -2.98099e-05
-8.36148e+06 -2.97513e-05
-8.34499e+06 -2.96926e-05
-8.32851e+06 -2.96339e-05
-8.31202e+06 -2.95753e-05
-8.29553e+06 -2.95166e-05
-8.27904e+06 -2.94579e-05
-8.26255e+06 -2.93993e-05
-8.24607e+06 -2.93406e-05
-8.22958e+06 -2.92819e-05
-8.21309e+06 -2.92233e-05
-8.1966e+06 -2.91646e-05
-8.18012e+06 -2.91059e-05
-8.16363e+06 -2.90473e-05
-8.14714e+06 -2.89886e-05
-8.13065e+06 -2.89299e-05
-8.11416e+06 -2.88713e-05
-8.09768e+06 -2.88126e-05
-8.08119e+06 -2.87539e-05
-8.0647e+06 -2.86953e-05
-8.04821e+06 -2.86366e-05
-8.03173e+06 -2.85779e-05
-8.01524e+06 -2.85193e-05
-7.99875e+06 -2.84606e-05
-7.98226e+06 -2.84019e-05
-7.96577e+06 -2.83433e-05
-7.94929e+06 -2.82846e-05
-7.9328e+06 -2.82259e-05
-7.91631e+06 -2.81673e-05
-7.89982e+06 -2.81086e-05
-7.88334e+06 -2.80499e-05
-7.86685e+06 -2.79913e-05
-7.85036e+06 -2.79326e-05
-7.83387e+06 -2.78739e-05
-7.81739e+06 -2.78153e-05
-7.8009e+06 -2.77566e-05
-7.78441e+06 -2.7698e-05
-7.76792e+06 -2.76393e-05
-7.75144e+06 -2.75806e-05
-7.73495e+06 -2.7522e-05
-7.71846e+06 -2.74633e-05
-7.70197e+06 -2.74046e-05
-7.68549e+06 -2.7346e-05
-7.669e+06 -2.72873e-05
-7.65251e+06 -2.72286e-05
-7.63602e+06 -2.717e-05
-7.61954e+06 -2.71113e-05
-7.60305e+06 -2.70526e-05
-7.58656e+06 -2.6994e-05
-7.57007e+06 -2.69353e-05
-7.55359e+06 -2.68766e-05
-7.5371e+06 -2.6818e-05
-7.52061e+06 -2.67593e-05
-7.50412e+06 -2.67007e-05
-7.48764e+06 -2.6642e-05
-7.47115e+06 -2.65833e-05
-7.45466e+06 -2.65247e-05
-7.43818e+06 -2.6466e-05
-7.42169e+06 -2.64073e-05
-7.4052e+06 -2.63487e-05
-7.38872e+06 -2.629e-05
-7.37223e+06 -2.62313e-05
-7.35574e+06 -2.61727e-05
-7.33925e+06 -2.6114e-05
-7.32277e+06 -2.60554e-05
-7.30628e+06 -2.59967e-05
-7.28979e+06 -2.5938e-05
-7.2733e+06 -2.58794e-05
-7.25682e+06 -2.58207e-05
-7.24033e+06 -2.5762e-05
-7.22384e+06 -2.57034e-05
-7.20736e+06 -2.56447e-05
-7.19087e+06 -2.55861e-05
-7.17438e+06 -2.55274e-05
-7.1579e+06 -2.54687e-05
-7.14141e+06 -2.54101e-05
-7.12492e+06 -2.53514e-05
-7.10843e+06 -2.52927e-05
-7.09195e+06 -2.52341e-05
-7.07546e+06 -2.51754e-05
-7.05897e+06 -2.51168e-05
-7.04249e+06 -2.50581e-05
-7.026e+06 -2.49994e-05
-7.00951e+06 -2.49408e-05
-6.99303e+06 -2.48821e-05
-6.97654e+06 -2.48234e-05
-6.96005e+06 -2.47648e-05
-6.94357e+06 -2.47061e-05
-6.92708e+06 -2.46474e-05
-6.91059e+06 -2.45888e-05
-6.89411e+06 -2.45301e-05
-6.87762e+06 -2.44715e-05
-6.86113e+06 -2.44128e-05
-6.84465e+06 -2.43541e-05
-6.82816e+06 -2.42955e-05
-6.81167e+06 -2.42368e-05
-6.79519e+06 -2.41782e-05
-6.7787e+06 -2.41195e-05
-6.76221e+06 -2.40608e-05
-6.74573e+06 -2.40022e-05
-6.72924e+06 -2.39435e-05
-6.71275e+06 -2.38849e-05
-6.69627e+06 -2.38262e-05
-6.67978e+06 -2.37675e-05
-6.66329e+06 -2.37089e-05
-6.64681e+06 -2.36502e-05
-6.63032e+06 -2.35915e-05
-6.61383e+06 -2.35329e-05
-6.59735e+06 -2.34742e-05
-6.58086e+06 -2.34156e-05
-6.56437e+06 -2.33569e-05
-6.54789e+06 -2.32982e-05
-6.5314e+06 -2.32396e-05
-6.51491e+06 -2.31809e-05
-6.49843e+06 -2.31223e-05
-6.48194e+06 -2.30636e-05
-6.46546e+06 -2.30049e-05
-6.44897e+06 -2.29463e-05
-6.43248e+06 -2.28876e-05
-6.416e+06 -2.2829e-05
-6.39951e+06 -2.27703e-05
-6.38302e+06 -2.27116e-05
-6.36654e+06 -2.2653e-05
-6.35005e+06 -2.25943e-05
-6.33357e+06 -2.25357e-05
-6.31708e+06 -2.2477e-05
-6.30059e+06 -2.24183e-05
-6.28411e+06 -2.23597e-05
-6.26762e+06 -2.2301e-05
-6.25114e+06 -2.22424e-05
-6.23465e+06 -2.21837e-05
-6.21816e+06 -2.2125e-05
-6.20168e+06 -2.20664e-05
-6.18519e+06 -2.20077e-05
-6.1687e+06 -2.19491e-05
-6.15222e+06 -2.18904e-05
-6.13573e+06 -2.18317e-05
-6.11925e+06 -2.17731e-05
-6.10276e+06 -2.17144e-05
-6.08627e+06 -2.16558e-05
-6.06979e+06 -2.15971e-05
-6.0533e+06 -2.15384e-05
-6.03682e+06 -2.14798e-05
-6.02033e+06 -2.14211e-05
-6.00384e+06 -2.13625e-05
-5.98736e+06 -2.13038e-05
-5.97087e+06 -2.12451e-05
-5.95439e+06 -2.11865e-05
-5.9379e+06 -2.11278e-05
-5.92142e+06 -2.10692e-05
-5.90493e+06 -2.10105e-05
-5.88844e+06 -2.09519e-05
-5.87196e+06 -2.08932e-05
-5.85547e+06 -2.08345e-05
-5.83899e+06 -2.07759e-05
-5.8225e+06 -2.07172e-05
-5.80601e+06 -2.06586e-05
-5.78953e+06 -2.05999e-05
-5.77304e+06 -2.05412e-05
-5.75656e+06 -2.04826e-05
-5.74007e+06 -2.04239e-05
-5.72359e+06 -2.03653e-05
-5.7071e+06 -2.03066e-05
-5.69061e+06 -2.0248e-05
-5.67413e+06 -2.01893e-05
-5.65764e+06 -2.01306e-05
-5.64116e+06 -2.0072e-05
-5.62467e+06 -2.00133e-05
-5.60819e+06 -1.99547e-05
-5.5917e+06 -1.9896e-05
-5.57522e+06 -1.98373e-05
-5.55873e+06 -1.97787e-05
-5.54224e+06 -1.972e-05
-5.52576e+06 -1.96614e-05
-5.50927e+06 -1.96027e-05
-5.49279e+06 -1.95441e-05
-5.4763e+06 -1.94854e-05
-5.45982e+06 -1.94267e-05
-5.44333e+06 -1.93681e-05
-5.42685e+06 -1.93094e-05
-5.41036e+06 -1.92508e-05
-5.39388e+06 -1.91921e-05
-5.37739e+06 -1.91335e-05
-5.3609e+06 -1.90748e-05
-5.34442e+06 -1.90161e-05
-5.32793e+06 -1.89575e-05
-5.31145e+06 -1.88988e-05
-5.29496e+06 -1.88402e-05
-5.27848e+06 -1.87815e-05
-5.26199e+06 -1.87229e-05
-5.24551e+06 -1.86642e-05
-5.22902e+06 -1.86055e-05
-5.21254e+06 -1.85469e-05
-5.19605e+06 -1.84882e-05
-5.17957e+06 -1.84296e-05
-5.16308e+06 -1.83709e-05
-5.1466e+06 -1.83123e-05
-5.13011e+06 -1.82536e-05
-5.11362e+06 -1.81949e-05
-5.09714e+06 -1.81363e-05
-5.08066e+06 -1.80776e-05
-5.06417e+06 -1.8019e-05
-5.04769e+06 -1.79603e-05
-5.0312e+06 -1.79017e-05
-5.01472e+06 -1.7843e-05
-4.99823e+06 -1.77844e-05
-4.98175e+06 -1.77257e-05
-4.96526e+06 -1.7667e-05
-4.94878e+06 -1.76084e-05
-4.93229e+06 -1.75497e-05
-4.91581e+06 -1.74911e-05
-4.89932e+06 -1.74324e-05
-4.88284e+06 -1.73738e-05
-4.86635e+06 -1.73151e-05
-4.84987e+06 -1.72565e-05
-4.83338e+06 -1.71978e-05
-4.8169e+06 -1.71391e-05
-4.80041e+06 -1.70805e-05
-4.78393e+06 -1.70218e-05
-4.76744e+06 -1.69632e-05
-4.75096e+06 -1.69045e-05
-4.73447e+06 -1.68459e-05
-4.71799e+06 -1.67872e-05
-4.7015e+06 -1.67286e-05
-4.68502e+06 -1.66699e-05
-4.66853e+06 -1.66113e-05
-4.65205e+06 -1.65526e-05
-4.63556e+06 -1.64939e-05
-4.61908e+06 -1.64353e-05
-4.60259e+06 -1.63766e-05
-4.58611e+06 -1.6318e-05
-4.56962e+06 -1.62593e-05
-4.55314e+06 -1.62007e-05
-4.53666e+06 -1.6142e-05
-4.52017e+06 -1.60834e-05
-4.50369e+06 -1.60247e-05
-4.4872e+06 -1.59661e-05
-4.47072e+06 -1.59074e-05
-4.45423e+06 -1.58487e-05
-4.43775e+06 -1.57901e-05
-4.42126e+06 -1.57314e-05
-4.40478e+06 -1.56728e-05
-4.38829e+06 -1.56141e-05
-4.37181e+06 -1.55555e-05
-4.35533e+06 -1.54968e-05
-4.33884e+06 -1.54382e-05
-4.32236e+06 -1.53795e-05
-4.30587e+06 -1.53209e-05
-4.28939e+06 -1.52622e-05
-4.2729e+06 -1.52035e-05
-4.25642e+06 -1.51449e-05
-4.23994e+06 -1.50862e-05
-4.22345e+06 -1.50276e-05
-4.20697e+06 -1.49689e-05
-4.19048e+06 -1.49103e-05
-4.174e+06 -1.48516e-05
-4.15751e+06 -1.4793e-05
-4.14103e+06 -1.47343e-05
-4.12454e+06 -1.46757e-05
-4.10806e+06 -1.4617e-05
-4.09158e+06 -1.45584e-05
-4.07509e+06 -1.44997e-05
-4.05861e+06 -1.44411e-05
-4.04212e+06 -1.43824e-05
-4.02564e+06 -1.43238e-05
-4.00916e+06 -1.42651e-05
-3.99267e+06 -1.42064e-05
-3.97619e+06 -1.41478e-05
-3.9597e+06 -1.40891e-05
-3.94322e+06 -1.40305e-05
-3.92673e+06 -1.39718e-05
-3.91025e+06 -1.39132e-05
-3.89377e+06 -1.38545e-05
-3.87728e+06 -1.37959e-05
-3.8608e+06 -1.37372e-05
-3.84431e+06 -1.36786e-05
-3.82783e+06 -1.36199e-05
-3.81135e+06 -1.35613e-05
-3.79486e+06 -1.35026e-05
-3.77838e+06 -1.3444e-05
-3.76189e+06 -1.33853e-05
-3.74541e+06 -1.33267e-05
-3.72893e+06 -1.3268e-05
-3.71244e+06 -1.32094e-05
-3.69596e+06 -1.31507e-05
-3.67948e+06 -1.30921e-05
-3.66299e+06 -1.30334e-05
-3.64651e+06 -1.29748e-05
-3.63002e+06 -1.29161e-05
-3.61354e+06 -1.28574e-05
-3.59706e+06 -1.27988e-05
-3.58057e+06 -1.27401e-05
-3.56409e+06 -1.26815e-05
-3.54761e+06 -1.26228e-05
-3.53112e+06 -1.25642e-05
-3.51464e+06 -1.25055e-05
-3.49815e+06 -1.24469e-05
-3.48167e+06 -1.23882e-05
-3.46519e+06 -1.23296e-05
-3.4487e+06 -1.22709e-05
-3.43222e+06 -1.22123e-05
-3.41574e+06 -1.21536e-05
-3.39925e+06 -1.2095e-05
-3.38277e+06 -1.20363e-05
-3.36629e+06 -1.19777e-05
-3.3498e+06 -1.1919e-05
-3.33332e+06 -1.18604e-05
-3.31683e+06 -1.18017e-05
-3.30035e+06 -1.17431e-05
-3.28387e+06 -1.16844e-05
-3.26738e+06 -1.16258e-05
-3.2509e+06 -1.15671e-05
-3.23442e+06 -1.15085e-05
-3.21793e+06 -1.14498e-05
-3.20145e+06 -1.13912e-05
-3.18497e+06 -1.13325e-05
-3.16848e+06 -1.12739e-05
-3.152e+06 -1.12152e-05
-3.13552e+06 -1.11566e-05
-3.11903e+06 -1.10979e-05
-3.10255e+06 -1.10393e-05
-3.08607e+06 -1.09806e-05
-3.06958e+06 -1.0922e-05
-3.0531e+06 -1.08633e-05
-3.03662e+06 -1.08047e-05
-3.02013e+06 -1.0746e-05
-3.00365e+06 -1.06874e-05
-2.98717e+06 -1.06287e-05
-2.97068e+06 -1.05701e-05
-2.9542e+06 -1.05114e-05
-2.93772e+06 -1.04528e-05
-2.92123e+06 -1.03941e-05
-2.90475e+06 -1.03355e-05
-2.88827e+06 -1.02768e-05
-2.87178e+06 -1.02182e-05
-2.8553e+06 -1.01595e-05
-2.83882e+06 -1.01009e-05
-2.82234e+06 -1.00422e-05
-2.80585e+06 -9.98359e-06
-2.78937e+06 -9.92494e-06
-2.77289e+06 -9.86629e-06
-2.7564e+06 -9.80765e-06
-2.73992e+06 -9.74899e-06
-2.72344e+06 -9.69034e-06
-2.70695e+06 -9.6317e-06
-2.69047e+06 -9.57305e-06
-2.67399e+06 -9.5144e-06
-2.65751e+06 -9.45575e-06
-2.64102e+06 -9.3971e-06
-2.62454e+06 -9.33845e-06
-2.60806e+06 -9.27981e-06
-2.59157e+06 -9.22116e-06
-2.57509e+06 -9.16251e-06
-2.55861e+06 -9.10386e-06
-2.54213e+06 -9.04522e-06
-2.52564e+06 -8.98657e-06
-2.50916e+06 -8.92792e-06
-2.49268e+06 -8.86927e-06
-2.47619e+06 -8.81062e-06
-2.45971e+06 -8.75197e-06
-2.44323e+06 -8.69333e-06
-2.42675e+06 -8.63468e-06
-2.41026e+06 -8.57603e-06
-2.39378e+06 -8.51738e-06
-2.3773e+06 -8.45874e-06
-2.36082e+06 -8.40009e-06
-2.34433e+06 -8.34144e-06
-2.32785e+06 -8.28279e-06
-2.31137e+06 -8.22415e-06
-2.29488e+06 -8.1655e-06
-2.2784e+06 -8.10685e-06
-2.26192e+06 -8.04821e-06
-2.24544e+06 -7.98956e-06
-2.22895e+06 -7.93091e-06
-2.21247e+06 -7.87226e-06
-2.19599e+06 -7.81362e-06
-2.17951e+06 -7.75497e-06
-2.16302e+06 -7.69632e-06
-2.14654e+06 -7.63768e-06
-2.13006e+06 -7.57903e-06
-2.11358e+06 -7.52038e-06
-2.09709e+06 -7.46174e-06
-2.08061e+06 -7.40309e-06
-2.06413e+06 -7.34444e-06
-2.04765e+06 -7.2858e-06
-2.03116e+06 -7.22715e-06
-2.01468e+06 -7.1685e-06
-1.9982e+06 -7.10986e-06
-1.98172e+06 -7.05121e-06
-1.96524e+06 -6.99256e-06
-1.94875e+06 -6.93392e-06
-1.93227e+06 -6.87527e-06
-1.91579e+06 -6.81663e-06
-1.89931e+06 -6.75798e-06
-1.88282e+06 -6.69933e-06
-1.86634e+06 -6.64069e-06
-1.84986e+06 -6.58204e-06
-1.83338e+06 -6.52339e-06
-1.8169e+06 -6.46475e-06
-1.80041e+06 -6.40611e-06
-1.78393e+06 -6.34746e-06
-1.76745e+06 -6.28881e-06
-1.75097e+06 -6.23017e-06
-1.73448e+06 -6.17152e-06
-1.718e+06 -6.11288e-06
-1.70152e+06 -6.05423e-06
-1.68504e+06 -5.99559e-06
-1.66856e+06 -5.93694e-06
-1.65207e+06 -5.8783e-06
-1.63559e+06 -5.81965e-06
-1.61911e+06 -5.76101e-06
-1.60263e+06 -5.70236e-06
-1.58615e+06 -5.64372e-06
-1.56966e+06 -5.58507e-06
-1.55318e+06 -5.52643e-06
-1.5367e+06 -5.46778e-06
-1.52022e+06 -5.40913e-06
-1.50374e+06 -5.35049e-06
-1.48725e+06 -5.29185e-06
-1.47077e+06 -5.2332e-06
-1.45429e+06 -5.17456e-06
-1.43781e+06 -5.11591e-06
-1.42133e+06 -5.05727e-06
-1.40485e+06 -4.99862e-06
-1.38836e+06 -4.93998e-06
-1.37188e+06 -4.88133e-06
-1.3554e+06 -4.82269e-06
-1.33892e+06 -4.76405e-06
-1.32244e+06 -4.7054e-06
-1.30595e+06 -4.64676e-06
-1.28947e+06 -4.58811e-06
-1.27299e+06 -4.52947e-06
-1.25651e+06 -4.47083e-06
-1.24003e+06 -4.41218e-06
-1.22355e+06 -4.35354e-06
-1.20706e+06 -4.29489e-06
-1.19058e+06 -4.23625e-06
-1.1741e+06 -4.17761e-06
-1.15762e+06 -4.11896e-06
-1.14114e+06 -4.06032e-06
-1.12466e+06 -4.00168e-06
-1.10817e+06 -3.94303e-06
-1.09169e+06 -3.88439e-06
-1.07521e+06 -3.82574e-06
-1.05873e+06 -3.7671e-06
-1.04225e+06 -3.70846e-06
-1.02577e+06 -3.64982e-06
-1.00929e+06 -3.59117e-06
-992805 -3.53253e-06
-976323 -3.47388e-06
-959842 -3.41524e-06
-943360 -3.3566e-06
-926879 -3.29796e-06
-910398 -3.23931e-06
-893916 -3.18067e-06
-877435 -3.12203e-06
-860954 -3.06339e-06
-844472 -3.00474e-06
-827991 -2.9461e-06
-811510 -2.88746e-06
-795028 -2.82882e-06
-778547 -2.77017e-06
-762066 -2.71153e-06
-745585 -2.65289e-06
-729103 -2.59425e-06
-712622 -2.5356e-06
-696141 -2.47696e-06
-679660 -2.41832e-06
-663179 -2.35968e-06
-646698 -2.30104e-06
-630216 -2.24239e-06
-613735 -2.18375e-06
-597254 -2.12511e-06
-580773 -2.06647e-06
-564292 -2.00783e-06
-547811 -1.94918e-06
-531330 -1.89054e-06
-514849 -1.8319e-06
-498368 -1.77326e-06
-481887 -1.71462e-06
-465406 -1.65598e-06
-448925 -1.59733e-06
-432444 -1.53869e-06
-415963 -1.48005e-06
-399482 -1.42141e-06
-383001 -1.36277e-06
-366520 -1.30413e-06
-350040 -1.24549e-06
-333559 -1.18685e-06
-317078 -1.1282e-06
-300597 -1.06956e-06
-284116 -1.01092e-06
-267636 -9.52282e-07
-251155 -8.93642e-07
-234674 -8.35001e-07
-218193 -7.7636e-07
-201712 -7.17719e-07
-185231 -6.59078e-07
-168751 -6.00438e-07
-152270 -5.41795e-07
-135789 -4.83156e-07
-119309 -4.24517e-07
-102828 -3.65876e-07
-86347.3 -3.07235e-07
-69867.1 -2.48596e-07
-53386.4 -1.89956e-07
-36905.9 -1.31316e-07
-20425.7 -7.26772e-08
-3945.47 -1.40385e-08
12535.6 4.46034e-08
29016.4 1.03244e-07
45496.9 1.61884e-07
61976.7 2.20521e-07
78457.7 2.79163e-07
94938.6 3.37804e-07
111419 3.96443e-07
127899 4.55082e-07
144380 5.13722e-07
160860 5.72362e-07
177341 6.31001e-07
193821 6.89639e-07
210301 7.4828e-07
226782 8.06919e-07
243262 8.65558e-07
259742 9.24197e-07
276223 9.82836e-07
292703 1.04148e-06
309183 1.10011e-06
325663 1.15875e-06
342144 1.21739e-06
358624 1.27603e-06
375104 1.33467e-06
391584 1.39331e-06
408064 1.45194e-06
424545 1.51059e-06
441025 1.56922e-06
457505 1.62786e-06
473986 1.6865e-06
490466 1.74514e-06
506946 1.80378e-06
523426 1.86242e-06
539906 1.92106e-06
556386 1.97969e-06
572865 2.03833e-06
589346 2.09697e-06
605826 2.15561e-06
622306 2.21425e-06
638786 2.27288e-06
655266 2.33152e-06
671746 2.39016e-06
688226 2.4488e-06
704706 2.50744e-06
721186 2.56607e-06
737665 2.62471e-06
754145 2.68335e-06
770626 2.74199e-06
787105 2.80062e-06
803585 2.85926e-06
820066 2.9179e-06
836545 2.97653e-06
853024 3.03517e-06
869502 3.0938e-06
885984 3.15245e-06
902464 3.21109e-06
918943 3.26972e-06
935423 3.32836e-06
951903 3.38699e-06
968382 3.44563e-06
984862 3.50427e-06
1.00134e+06 3.56291e-06
1.01782e+06 3.62154e-06
1.0343e+06 3.68018e-06
1.05078e+06 3.73882e-06
1.06726e+06 3.79745e-06
1.08374e+06 3.85609e-06
1.10022e+06 3.91472e-06
1.1167e+06 3.97336e-06
1.13318e+06 4.032e-06
1.14966e+06 4.09063e-06
1.16614e+06 4.14927e-06
1.18262e+06 4.2079e-06
1.1991e+06 4.26654e-06
1.21558e+06 4.32518e-06
1.23206e+06 4.38382e-06
1.24854e+06 4.44245e-06
1.26501e+06 4.50109e-06
1.28149e+06 4.55972e-06
1.29797e+06 4.61836e-06
1.31445e+06 4.67699e-06
1.33093e+06 4.73563e-06
1.34741e+06 4.79427e-06
1.36389e+06 4.8529e-06
1.38037e+06 4.91154e-06
1.39685e+06 4.97017e-06
1.41333e+06 5.02881e-06
1.42981e+06 5.08744e-06
1.44629e+06 5.14608e-06
1.46277e+06 5.20471e-06
1.47925e+06 5.26335e-06
1.49573e+06 5.32199e-06
1.5122e+06 5.38062e-06
1.52868e+06 5.43926e-06
1.54516e+06 5.49789e-06
1.56164e+06 5.55653e-06
1.57812e+06 5.61516e-06
1.5946e+06 5.67379e-06
1.61108e+06 5.73243e-06
1.62756e+06 5.79106e-06
1.64404e+06 5.8497e-06
1.66052e+06 5.90833e-06
1.677e+06 5.96697e-06
1.69347e+06 6.0256e-06
1.70995e+06 6.08424e-06
1.72643e+06 6.14287e-06
1.74291e+06 6.20151e-06
1.75939e+06 6.26014e-06
1.77587e+06 6.31878e-06
1.79235e+06 6.37741e-06
1.80883e+06 6.43604e-06
1.82531e+06 6.49468e-06
1.84179e+06 6.55331e-06
1.85826e+06 6.61195e-06
1.87474e+06 6.67059e-06
1.89122e+06 6.72922e-06
1.9077e+06 6.78785e-06
1.92418e+06 6.84648e-06
1.94066e+06 6.90512e-06
1.95714e+06 6.96375e-06
1.97362e+06 7.02238e-06
1.99009e+06 7.08102e-06
2.00657e+06 7.13965e-06
2.02305e+06 7.19829e-06
2.03953e+06 7.25692e-06
2.05601e+06 7.31555e-06
2.07249e+06 7.37418e-06
2.08897e+06 7.43282e-06
2.10545e+06 7.49145e-06
