0.000000
0.000000
0.000000
0.000000
0.000000
0.000000
0.000000
0.000000
0.000000
0.000000
0.000014
0.000027
0.000041
0.000055
0.000068
0.000082
0.000096
0.000109
0.000123
0.000136
0.000150
0.000164
0.000177
0.000191
0.000205
0.000218
0.000232
0.000246
0.000259
0.000273
0.000287
0.000300
0.000314
0.000328
0.000341
0.000355
0.000368
0.000382
0.000396
0.000409
0.000423
0.000437
0.000450
0.000464
0.000478
0.000491
0.000505
0.000519
0.000532
0.000546
0.000560
0.000573
0.000587
0.000601
0.000614
0.000628
0.000641
0.000655
0.000669
0.000682
0.000696
0.000710
0.000723
0.000737
0.000751
0.000764
0.000778
0.000792
0.000805
0.000819
0.000833
0.000846
0.000860
0.000873
0.000887
0.000901
0.000914
0.000928
0.000942
0.000955
0.000969
0.000983
0.000996
0.001010
0.001024
0.001037
0.001051
0.001065
0.001078
0.001092
0.001105
0.001119
0.001133
0.001146
0.001160
0.001174
0.001187
0.001201
0.001215
0.001228
0.001242
0.001256
0.001269
0.001283
0.001297
0.001310
0.001324
0.001338
0.001351
0.001365
0.001378
0.001392
0.001406
0.001419
0.001433
0.001447
0.001460
0.001474
0.001488
0.001501
0.001515
0.001529
0.001542
0.001556
0.001570
0.001583
0.001597
0.001611
0.001624
0.001638
0.001651
0.001665
0.001679
0.001692
0.001706
0.001720
0.001733
0.001747
0.001761
0.001774
0.001788
0.001802
0.001815
0.001829
0.001843
0.001856
0.001870
0.001884
0.001897
0.001911
0.001924
0.001938
0.001952
0.001965
0.001979
0.001993
0.002006
0.002020
0.002034
0.002047
0.002061
0.002075
0.002088
0.002102
0.002116
0.002129
0.002143
0.002157
0.002170
0.002184
0.002197
0.002211
0.002225
0.002238
0.002252
0.002266
0.002279
0.002293
0.002307
0.002320
0.002334
0.002348
0.002361
0.002375
0.002389
0.002402
0.002416
0.002430
0.002443
0.002457
0.002470
0.002484
0.002498
0.002511
0.002525
0.002539
0.002552
0.002566
0.002580
0.002593
0.002607
0.002621
0.002634
0.002648
0.002662
0.002675
0.002689
0.002703
0.002716
0.002730
0.002743
0.002757
0.002771
0.002784
0.002798
0.002812
0.002825
0.002839
0.002853
0.002866
0.002880
0.002894
0.002907
0.002921
0.002935
0.002948
0.002962
0.002976
0.002989
0.003003
0.003017
0.003030
0.003044
0.003057
0.003071
0.003085
0.003098
0.003112
0.003126
0.003139
0.003153
0.003167
0.003180
0.003194
0.003208
0.003221
0.003235
0.003249
0.003262
0.003276
0.003290
0.003303
0.003317
0.003330
0.003344
0.003358
0.003371
0.003385
0.003399
0.003412
0.003426
0.003440
0.003453
0.003467
0.003481
0.003494
0.003508
0.003522
0.003535
0.003549
0.003563
0.003576
0.003590
0.003604
0.003617
0.003631
0.003644
0.003658
0.003672
0.003685
0.003699
0.003713
0.003726
0.003740
0.003754
0.003767
0.003781
0.003795
0.003808
0.003822
0.003836
0.003849
0.003863
0.003877
0.003890
0.003904
0.003918
0.003931
0.003945
0.003958
0.003972
0.003986
0.003999
0.004013
0.004027
0.004040
0.004054
0.004068
0.004081
0.004095
0.004109
0.004122
0.004136
0.004150
0.004163
0.004177
0.004191
0.004204
0.004218
0.004232
0.004245
0.004259
0.004272
0.004286
0.004300
0.004313
0.004327
0.004341
0.004354
0.004368
0.004382
0.004395
0.004409
0.004423
0.004436
0.004450
0.004464
0.004477
0.004491
0.004505
0.004518
0.004532
0.004546
0.004559
0.004573
0.004587
0.004600
0.004614
0.004627
0.004641
0.004655
0.004668
0.004682
0.004696
0.004709
0.004723
0.004737
0.004750
0.004764
0.004778
0.004791
0.004805
0.004819
0.004832
0.004846
0.004860
0.004873
0.004887
0.004901
0.004914
0.004928
0.004941
0.004955
0.004969
0.004982
0.004996
0.005010
0.005023
0.005037
0.005051
0.005064
0.005078
0.005092
0.005105
0.005119
0.005133
0.005146
0.005160
0.005174
0.005187
0.005201
0.005215
0.005228
0.005242
0.005256
0.005269
0.005283
0.005297
0.005310
0.005324
0.005337
0.005351
0.005365
0.005378
0.005392
0.005406
0.005419
0.005433
0.005447
0.005460
0.005474
0.005488
0.005501
0.005515
0.005529
0.005542
0.005556
0.005570
0.005583
0.005597
0.005611
0.005624
0.005638
0.005652
0.005665
0.005679
0.005692
0.005706
0.005720
0.005733
0.005747
0.005761
0.005774
0.005788
0.005802
0.005815
0.005829
0.005843
0.005856
0.005870
0.005884
0.005897
0.005911
0.005925
0.005938
0.005952
0.005966
0.005979
0.005993
0.006007
0.006020
0.006034
0.006048
0.006061
0.006075
0.006088
0.006102
0.006116
0.006129
0.006143
0.006157
0.006170
0.006184
0.006198
0.006211
0.006225
0.006239
0.006252
0.006266
0.006280
0.006293
0.006307
0.006321
0.006334
0.006348
0.006362
0.006375
0.006389
0.006403
0.006416
0.006430
0.006444
0.006457
0.006471
0.006484
0.006498
0.006512
0.006525
0.006539
0.006553
0.006566
0.006580
0.006594
0.006607
0.006621
0.006635
0.006648
0.006662
0.006676
0.006689
0.006703
0.006717
0.006730
0.006744
0.006758
0.006771
0.006785
0.006799
0.006812
0.006826
0.006840
0.006853
0.006867
0.006880
0.006894
0.006908
0.006921
0.006935
0.006949
0.006962
0.006976
0.006990
0.007003
0.007017
0.007031
0.007044
0.007058
0.007072
0.007085
0.007099
0.007113
0.007126
0.007140
0.007154
0.007167
0.007181
0.007195
0.007208
0.007222
0.007236
0.007249
0.007263
0.007277
0.007290
0.007304
0.007317
0.007331
0.007345
0.007358
0.007372
0.007386
0.007399
0.007413
0.007427
0.007440
0.007454
0.007468
0.007481
0.007495
0.007509
0.007522
0.007536
0.007550
0.007563
0.007577
0.007591
0.007604
0.007618
0.007632
0.007645
0.007659
0.007673
0.007686
0.007700
0.007714
0.007727
0.007741
0.007755
0.007768
0.007782
0.007795
0.007809
0.007823
0.007836
0.007850
0.007864
0.007877
0.007891
0.007905
0.007918
0.007932
0.007946
0.007959
0.007973
0.007987
0.008000
0.008014
0.008028
0.008041
0.008055
0.008069
0.008082
0.008096
0.008110
0.008123
0.008137
0.008151
0.008164
0.008178
0.008192
0.008205
0.008219
0.008233
0.008246
0.008260
0.008274
0.008287
0.008301
0.008314
0.008328
0.008342
0.008355
0.008369
0.008383
0.008396
0.008410
0.008424
0.008437
0.008451
0.008465
0.008478
0.008492
0.008506
0.008519
0.008533
0.008547
0.008560
0.008574
0.008588
0.008601
0.008615
0.008629
0.008642
0.008656
0.008670
0.008683
0.008697
0.008711
0.008724
0.008738
0.008752
0.008765
0.008779
0.008793
0.008806
0.008820
0.008833
0.008847
0.008861
0.008874
0.008888
0.008902
0.008915
0.008929
0.008943
0.008956
0.008970
0.008984
0.008997
0.009011
0.009025
0.009038
0.009052
0.009066
0.009079
0.009093
0.009107
0.009120
0.009134
0.009148
0.009161
0.009175
0.009189
0.009202
0.009216
0.009230
0.009243
0.009257
0.009271
0.009284
0.009298
0.009312
0.009325
0.009339
0.009353
0.009366
0.009380
0.009394
0.009407
0.009421
0.009434
0.009448
0.009462
0.009475
0.009489
0.009503
0.009516
0.009530
0.009544
0.009557
0.009571
0.009585
0.009598
0.009612
0.009626
0.009639
0.009653
0.009667
0.009680
0.009694
0.009708
0.009721
0.009735
0.009749
0.009762
0.009776
0.009790
0.009803
0.009817
0.009831
0.009844
0.009858
0.009872
0.009885
0.009899
0.009913
0.009926
0.009940
0.009954
0.009967
0.009981
0.009995
0.010008
0.010022
0.010036
0.010049
0.010063
0.010077
0.010090
0.010104
0.010117
0.010131
0.010145
0.010158
0.010172
0.010186
0.010199
0.010213
0.010227
0.010240
0.010254
0.010268
0.010281
0.010295
0.010309
0.010322
0.010336
0.010350
0.010363
0.010377
0.010391
0.010404
0.010418
0.010432
0.010445
0.010459
0.010473
0.010486
0.010500
0.010514
0.010527
0.010541
0.010555
0.010568
0.010582
0.010596
0.010609
0.010623
0.010637
0.010650
0.010664
0.010678
0.010691
0.010705
0.010719
0.010732
0.010746
0.010760
0.010773
0.010787
0.010801
0.010814
0.010828
0.010841
0.010855
0.010869
0.010882
0.010896
0.010910
0.010923
0.010937
0.010951
0.010964
0.010978
0.010992
0.011005
0.011019
0.011033
0.011046
0.011060
0.011074
0.011087
0.011101
0.011115
0.011128
0.011142
0.011156
0.011169
0.011183
0.011197
0.011210
0.011224
0.011238
0.011251
0.011265
0.011279
0.011292
0.011306
0.011320
0.011333
0.011347
0.011361
0.011374
0.011388
0.011402
0.011415
0.011429
0.011443
0.011456
0.011470
0.011484
0.011497
0.011511
0.011525
0.011538
0.011552
0.011566
0.011579
0.011593
0.011607
0.011620
0.011634
0.011648
0.011661
0.011675
0.011691
0.011711
0.011731
0.011751
0.011771
0.011791
0.011811
0.011830
0.011855
0.011886
0.011918
0.011949
0.011980
0.012012
0.012043
0.012075
0.012106
0.012137
0.012169
0.012200
0.012232
0.012263
0.012294
0.012326
0.012357
0.012389
0.012420
0.012451
0.012483
0.012514
0.012546
0.012577
0.012609
0.012640
0.012671
0.012703
0.012734
0.012766
0.012797
0.012828
0.012860
0.012891
0.012923
0.012954
0.012985
0.013017
0.013048
0.013080
0.013111
0.013142
0.013174
0.013205
0.013237
0.013268
0.013299
0.013331
0.013362
0.013394
0.013425
0.013456
0.013488
0.013519
0.013551
0.013582
0.013613
0.013645
0.013676
0.013708
0.013739
0.013770
0.013802
0.013833
0.013865
0.013896
0.013928
0.013959
0.013990
0.014022
0.014053
0.014085
0.014116
0.014147
0.014179
0.014210
0.014242
0.014273
0.014304
0.014336
0.014367
0.014399
0.014430
0.014461
0.014493
0.014524
0.014556
0.014587
0.014618
0.014650
0.014681
0.014713
0.014744
0.014775
0.014807
0.014838
0.014870
0.014901
0.014932
0.014964
0.014995
0.015027
0.015058
0.015090
0.015121
0.015152
0.015184
0.015215
0.015247
0.015278
0.015309
0.015341
0.015372
0.015404
0.015435
0.015466
0.015498
0.015529
0.015561
0.015592
0.015623
0.015655
0.015686
0.015718
0.015749
0.015780
0.015812
0.015843
0.015875
0.015906
0.015937
0.015969
0.016000
0.016032
0.016063
0.016094
0.016126
0.016157
0.016189
0.016220
0.016252
0.016283
0.016314
0.016346
0.016377
0.016409
0.016440
0.016471
0.016503
0.016534
0.016566
0.016597
0.016628
0.016660
0.016691
0.016723
0.016754
0.016785
0.016817
0.016848
0.016880
0.016911
0.016942
0.016974
0.017005
0.017037
0.017068
0.017099
0.017131
0.017162
0.017194
0.017225
0.017256
0.017288
0.017319
0.017351
0.017382
0.017413
0.017445
0.017476
0.017508
0.017539
0.017571
0.017602
0.017633
0.017665
0.017696
0.017728
0.017759
0.017790
0.017822
0.017853
0.017885
0.017916
0.017947
0.017979
0.018010
0.018042
0.018073
0.018104
0.018136
0.018167
0.018199
0.018230
0.018261
0.018293
0.018324
0.018356
0.018387
0.018418
0.018450
0.018481
0.018513
0.018544
0.018575
0.018607
0.018638
0.018670
0.018701
0.018732
0.018764
0.018795
0.018827
0.018858
0.018890
0.018921
0.018952
0.018984
0.019015
0.019047
0.019078
0.019109
0.019141
0.019172
0.019204
0.019235
0.019266
0.019298
0.019329
0.019361
0.019392
0.019423
0.019455
0.019486
0.019518
0.019549
0.019580
0.019612
0.019643
0.019675
0.019706
0.019737
0.019769
0.019800
0.019832
0.019863
0.019894
0.019926
0.019957
0.019989
0.020020
0.020051
0.020083
0.020114
0.020146
0.020177
0.020209
0.020240
0.020271
0.020303
0.020334
0.020366
0.020397
0.020428
0.020460
0.020491
0.020523
0.020554
0.020585
0.020617
0.020648
0.020680
0.020711
0.020742
0.020774
0.020805
0.020837
0.020868
0.020899
0.020931
0.020962
0.020994
0.021025
0.021056
0.021088
0.021119
0.021151
0.021182
0.021213
0.021245
0.021276
0.021308
0.021339
0.021370
0.021402
0.021433
0.021465
0.021496
0.021528
0.021559
0.021590
0.021622
0.021653
0.021685
0.021716
0.021747
0.021779
0.021810
0.021842
0.021873
0.021904
0.021936
0.021967
0.021999
0.022030
0.022061
0.022093
0.022124
0.022156
0.022187
0.022218
0.022250
0.022281
0.022313
0.022344
0.022375
0.022407
0.022438
0.022470
0.022501
0.022532
0.022564
0.022595
0.022627
0.022658
0.022689
0.022721
0.022752
0.022784
0.022815
0.022846
0.022878
0.022909
0.022941
0.022972
0.023004
0.023035
0.023066
0.023098
0.023129
0.023161
0.023192
0.023223
0.023255
0.023286
0.023318
0.023349
0.023380
0.023412
0.023443
0.023475
0.023506
0.023537
0.023569
0.023600
0.023632
0.023663
0.023694
0.023726
0.023757
0.023789
0.023820
0.023851
0.023883
0.023914
0.023946
0.023977
0.024008
0.024040
0.024071
0.024103
0.024134
0.024165
0.024197
0.024228
0.024260
0.024291
0.024322
0.024354
0.024385
0.024417
0.024448
0.024480
0.024511
0.024542
0.024574
0.024605
0.024637
0.024668
0.024699
0.024731
0.024762
0.024794
0.024825
0.024856
0.024888
0.024919
0.024951
0.024982
0.025013
0.025045
0.025076
0.025108
0.025139
0.025170
0.025202
0.025233
0.025265
0.025296
0.025327
0.025359
0.025390
0.025422
0.025453
0.025484
0.025516
0.025547
0.025579
0.025610
0.025641
0.025673
0.025704
0.025736
0.025767
0.025798
0.025830
0.025861
0.025893
0.025924
0.025956
0.025987
0.026018
0.026050
0.026081
0.026113
0.026144
0.026175
0.026207
0.026238
0.026270
0.026301
0.026332
0.026364
0.026395
0.026427
0.026458
0.026489
0.026521
0.026552
0.026584
0.026615
0.026646
0.026678
0.026709
0.026741
0.026772
0.026803
0.026835
0.026866
0.026898
0.026929
0.026960
0.026992
0.027023
0.027055
0.027086
0.027117
0.027149
0.027180
0.027212
0.027243
0.027274
0.027306
0.027337
0.027369
0.027400
0.027432
0.027463
0.027494
0.027526
0.027557
0.027589
0.027620
0.027651
0.027683
0.027714
0.027746
0.027777
0.027808
0.027840
0.027871
0.027903
0.027934
0.027965
0.027997
0.028028
0.028060
0.028091
0.028122
0.028154
0.028185
0.028217
0.028248
0.028279
0.028311
0.028342
0.028374
0.028405
0.028436
0.028468
0.028499
0.028531
0.028562
0.028593
0.028625
0.028656
0.028688
0.028719
0.028750
0.028782
0.028813
0.028845
0.028876
0.028907
0.028939
0.028970
0.029002
0.029033
0.029065
0.029096
0.029127
0.029159
0.029190
0.029222
0.029253
0.029284
0.029316
0.029347
0.029379
0.029410
0.029441
0.029473
0.029504
0.029536
0.029567
0.029598
0.029630
0.029661
0.029693
0.029724
0.029755
0.029787
0.029818
0.029850
0.029881
0.029912
0.029944
0.029975
0.030007
0.030038
0.030069
0.030101
0.030132
0.030164
0.030195
0.030226
0.030258
0.030289
0.030321
0.030352
0.030383
0.030415
0.030446
0.030478
0.030509
0.030540
0.030572
0.030603
0.030635
0.030666
0.030697
0.030729
0.030760
0.030792
0.030823
0.030855
0.030886
0.030917
0.030949
0.030980
0.031012
0.031043
0.031074
0.031106
0.031137
0.031169
0.031200
0.031231
0.031263
0.031294
0.031326
0.031357
0.031388
0.031420
0.031451
0.031483
0.031514
0.031545
0.031577
0.031608
0.031640
0.031671
0.031702
0.031734
0.031765
0.031797
0.031828
0.031859
0.031891
0.031922
0.031954
0.031985
0.032016
0.032048
0.032079
0.032111
0.032142
0.032173
0.032205
0.032236
0.032268
0.032299
0.032330
0.032362
0.032393
0.032425
0.032456
0.032487
0.032519
0.032550
0.032582
0.032613
0.032645
0.032676
0.032707
0.032739
0.032770
0.032802
0.032833
0.032864
0.032896
0.032927
0.032959
0.032990
0.033021
0.033053
0.033084
0.033116
0.033147
0.033178
0.033210
0.033241
0.033273
0.033304
0.033335
0.033367
0.033398
0.033430
0.033461
0.033492
0.033524
0.033555
0.033587
0.033618
0.033649
0.033681
0.033712
0.033744
0.033775
0.033806
0.033838
0.033869
0.033901
0.033932
0.033963
0.033995
0.034026
0.034058
0.034089
0.034120
0.034152
0.034183
0.034215
0.034246
0.034277
0.034309
0.034340
0.034372
0.034403
0.034435
0.034466
0.034497
0.034529
0.034560
0.034592
0.034623
0.034654
0.034686
0.034717
0.034749
0.034780
0.034811
0.034843
0.034874
0.034906
0.034937
0.034968
0.035000
0.035031
0.035063
0.035094
0.035125
0.035157
0.035188
0.035220
0.035251
0.035282
0.035314
0.035345
0.035377
0.035408
0.035439
0.035471
0.035502
0.035534
0.035565
0.035596
0.035628
0.035659
0.035691
0.035722
0.035753
0.035785
0.035816
0.035848
0.035879
0.035910
0.035942
0.035973
0.036005
0.036036
0.036067
0.036099
0.036130
0.036162
0.036193
0.036224
0.036256
0.036287
0.036319
0.036350
0.036382
0.036413
0.036444
0.036476
0.036507
0.036539
0.036570
0.036601
0.036633
0.036664
0.036696
0.036727
0.036758
0.036790
0.036821
0.036853
0.036884
0.036915
0.036947
0.036978
0.037010
0.037041
0.037072
0.037104
0.037135
0.037167
0.037198
0.037229
0.037261
0.037292
0.037324
0.037355
0.037386
0.037418
0.037449
0.037481
0.037512
0.037543
0.037575
0.037606
0.037638
0.037669
0.037700
0.037732
0.037763
0.037795
0.037826
0.037857
0.037889
0.037920
0.037952
0.037983
0.038014
0.038046
0.038077
0.038109
0.038140
0.038171
0.038203
0.038234
0.038266
0.038297
0.038328
0.038360
0.038391
0.038423
0.038454
0.038486
0.038517
0.038548
0.038580
0.038611
0.038643
0.038674
0.038705
0.038737
0.038768
0.038800
0.038831
0.038862
0.038894
0.038925
0.038957
0.038988
0.039019
0.039051
0.039082
0.039114
0.039145
0.039176
0.039208
0.039239
0.039271
0.039302
0.039333
0.039365
0.039396
0.039428
0.039459
0.039490
0.039522
0.039553
0.039585
0.039616
0.039647
0.039679
0.039710
0.039742
0.039773
0.039804
0.039836
0.039867
0.039899
0.039930
0.039961
0.039993
0.040024
0.040056
0.040087
0.040118
0.040150
0.040181
0.040213
0.040244
0.040275
0.040307
0.040338
0.040370
0.040401
0.040432
0.040464
0.040495
0.040527
0.040558
0.040589
0.040621
0.040652
0.040684
0.040715
0.040747
0.040778
0.040809
0.040841
0.040872
0.040904
0.040935
0.040966
0.040998
0.041029
0.041061
0.041092
0.041123
0.041155
0.041186
0.041218
0.041249
0.041280
0.041312
0.041343
0.041375
0.041406
0.041437
0.041469
0.041500
0.041532
0.041563
0.041594
0.041626
0.041657
0.041689
0.041720
0.041751
0.041783
0.041814
0.041846
0.041877
0.041908
0.041940
0.041971
0.042003
0.042034
0.042065
0.042097
0.042128
0.042160
0.042191
0.042222
0.042254
0.042285
0.042317
0.042348
0.042379
0.042411
0.042442
0.042474
0.042505
0.042536
0.042568
0.042599
0.042631
0.042662
0.042693
0.042725
0.042756
0.042788
0.042819
0.042850
0.042882
0.042913
0.042945
0.042976
0.043007
0.043039
0.043070
0.043102
0.043133
0.043165
0.043196
0.043227
0.043259
0.043290
0.043322
0.043353
0.043384
0.043416
0.043447
0.043479
0.043510
0.043541
0.043573
0.043604
0.043636
0.043667
0.043698
0.043730
0.043761
0.043793
0.043824
0.043855
0.043887
0.043918
0.043950
0.043981
0.044012
0.044044
0.044075
0.044107
0.044138
0.044169
0.044201
0.044232
0.044264
0.044295
0.044326
0.044358
0.044389
0.044421
0.044452
0.044483
0.044515
0.044546
0.044578
0.044609
0.044640
0.044672
0.044703
0.044735
0.044766
0.044797
0.044829
0.044860
0.044892
0.044923
0.044954
0.044986
0.045017
0.045049
0.045080
0.045111
0.045143
0.045174
0.045206
0.045237
0.045268
0.045300
0.045331
0.045363
0.045394
0.045425
0.045457
0.045488
0.045520
0.045551
0.045582
0.045614
0.045645
0.045677
0.045708
0.045740
0.045771
0.045802
0.045834
0.045865
0.045897
0.045928
0.045959
0.045991
0.046022
0.046054
0.046085
0.046116
0.046148
0.046179
0.046211
0.046242
0.046273
0.046305
0.046336
0.046368
0.046399
0.046430
0.046462
0.046493
0.046525
0.046556
0.046587
0.046619
0.046650
0.046682
0.046713
0.046744
0.046776
0.046807
0.046839
0.046870
0.046901
0.046933
0.046966
0.047002
0.047038
0.047075
0.047111
0.047147
0.047184
0.047220
0.047256
0.047293
0.047329
0.047365
0.047402
0.047438
0.047475
0.047511
0.047547
0.047584
0.047620
0.047656
0.047693
0.047729
0.047765
0.047802
0.047838
0.047874
0.047911
0.047947
0.047984
0.048020
0.048056
0.048093
0.048129
0.048165
0.048202
0.048238
0.048274
0.048311
0.048347
0.048383
0.048420
0.048456
0.048492
0.048529
0.048565
0.048602
0.048638
0.048674
0.048711
0.048747
0.048783
0.048820
0.048856
0.048892
0.048929
0.048965
0.049001
0.049038
0.049074
0.049110
0.049147
0.049183
0.049220
0.049256
0.049295
0.049335
0.049374
0.049414
0.049454
0.049493
0.049533
0.049572
0.049612
0.049652
0.049691
0.049731
0.049770
0.049810
0.049850
0.049889
0.049929
0.049969
0.050008
0.050048
0.050087
0.050127
0.050167
0.050206
0.050246
0.050285
0.050325
0.050365
0.050404
0.050444
0.050483
0.050523
0.050563
0.050602
0.050642
0.050681
0.050721
0.050761
0.050800
0.050840
0.050879
0.050919
0.050959
0.050998
0.051038
0.051078
0.051117
0.051157
0.051196
0.051236
0.051276
0.051315
0.051355
0.051394
0.051434
0.051474
0.051513
0.051553
0.051592
0.051632
0.051672
0.051711
0.051751
0.051790
0.051830
0.051870
0.051909
0.051949
0.051988
0.052028
0.052068
0.052107
0.052147
0.052186
0.052226
0.052266
0.052305
0.052345
0.052385
0.052424
0.052464
0.052503
0.052543
0.052583
0.052622
0.052662
0.052701
0.052741
0.052781
0.052820
0.052860
0.052899
0.052939
0.052979
0.053018
0.053058
0.053097
0.053137
0.053177
0.053216
0.053256
0.053295
0.053335
0.053375
0.053414
0.053454
0.053493
0.053533
0.053573
0.053612
0.053652
0.053691
0.053731
0.053771
0.053810
0.053850
0.053890
0.053929
0.053969
0.054008
0.054048
0.054088
0.054127
0.054167
0.054206
0.054246
0.054286
0.054325
0.054365
0.054404
0.054444
0.054484
0.054523
0.054563
0.054602
0.054642
0.054682
0.054721
0.054761
0.054800
0.054840
0.054880
0.054919
0.054959
0.054998
0.055038
0.055078
0.055117
0.055157
0.055196
0.055236
0.055276
0.055315
0.055355
0.055394
0.055434
0.055474
0.055513
0.055553
0.055593
0.055632
0.055672
0.055711
0.055751
0.055791
0.055830
0.055870
0.055909
0.055949
0.055989
0.056028
0.056068
0.056107
0.056147
0.056187
0.056226
0.056266
0.056305
0.056345
0.056385
0.056424
0.056464
0.056503
0.056543
0.056583
0.056622
0.056662
0.056701
0.056741
0.056781
0.056820
0.056860
0.056899
0.056939
0.056979
0.057018
0.057058
0.057097
0.057137
0.057177
0.057216
0.057256
0.057295
0.057335
0.057375
0.057414
0.057454
0.057493
0.057533
0.057573
0.057612
0.057652
0.057692
0.057731
0.057771
0.057810
0.057850
0.057890
0.057929
0.057969
0.058008
0.058048
0.058088
0.058127
0.058167
0.058206
0.058246
0.058286
0.058325
0.058365
0.058404
0.058444
0.058484
0.058523
0.058563
0.058602
0.058642
0.058682
0.058721
0.058761
0.058800
0.058840
0.058880
0.058919
0.058959
0.058998
0.059038
0.059078
0.059117
0.059157
0.059196
0.059236
0.059276
0.059315
0.059355
0.059394
0.059434
0.059474
0.059513
0.059553
0.059592
0.059632
0.059672
0.059711
0.059751
0.059790
0.059830
0.059870
0.059909
0.059949
0.059988
0.060028
0.060068
0.060107
0.060147
0.060186
0.060226
0.060266
0.060305
0.060345
0.060384
0.060424
0.060464
0.060503
0.060543
0.060582
0.060622
0.060662
0.060701
0.060741
0.060780
0.060820
0.060860
0.060899
0.060939
0.060978
0.061018
0.061058
0.061097
0.061137
0.061177
0.061216
0.061256
0.061295
0.061335
0.061375
0.061414
0.061454
0.061493
0.061533
0.061573
0.061612
0.061652
0.061691
0.061731
0.061771
0.061810
0.061850
0.061889
0.061929
0.061969
0.062008
0.062048
0.062087
0.062127
0.062167
0.062206
0.062246
0.062285
0.062325
0.062365
0.062404
0.062444
0.062483
0.062523
0.062563
0.062602
0.062642
0.062681
0.062721
0.062761
0.062800
0.062840
0.062879
0.062919
0.062959
0.062998
0.063038
0.063077
0.063117
0.063157
0.063196
0.063236
0.063275
0.063315
0.063355
0.063394
0.063434
0.063473
0.063513
0.063553
0.063592
0.063632
0.063671
0.063711
0.063751
0.063790
0.063830
0.063869
0.063909
0.063949
0.063988
0.064028
0.064067
0.064107
0.064147
0.064186
0.064226
0.064265
0.064305
0.064345
0.064384
0.064424
0.064463
0.064503
0.064543
0.064582
0.064622
0.064661
0.064701
0.064741
0.064780
0.064820
0.064859
0.064899
0.064939
0.064978
0.065018
0.065057
0.065097
0.065137
0.065176
0.065216
0.065255
0.065295
0.065335
0.065374
0.065414
0.065453
0.065493
0.065533
0.065572
0.065612
0.065651
0.065691
0.065731
0.065770
0.065810
0.065849
0.065889
0.065929
0.065968
0.066008
0.066047
0.066087
0.066127
0.066166
0.066206
0.066245
0.066285
0.066325
0.066364
0.066404
0.066443
0.066483
0.066523
0.066562
0.066602
0.066641
0.066681
0.066721
0.066760
0.066800
0.066839
0.066879
0.066918
0.066958
0.066998
0.067037
0.067077
0.067116
0.067156
0.067196
0.067235
0.067275
0.067314
0.067354
0.067394
0.067433
0.067473
0.067512
0.067552
0.067592
0.067631
0.067671
0.067710
0.067750
0.067790
0.067829
0.067869
0.067908
0.067948
0.067988
0.068027
0.068067
0.068106
0.068146
0.068186
0.068225
0.068265
0.068304
0.068344
0.068384
0.068423
0.068463
0.068502
0.068542
0.068582
0.068621
0.068661
0.068700
0.068740
0.068780
0.068819
0.068859
0.068898
0.068938
0.068978
0.069017
0.069057
0.069096
0.069136
0.069176
0.069215
0.069255
0.069294
0.069334
0.069374
0.069413
0.069453
0.069492
0.069532
0.069572
0.069611
0.069651
0.069690
0.069730
0.069770
0.069809
0.069849
0.069888
0.069928
0.069968
0.070007
0.070047
0.070086
0.070126
0.070166
0.070205
0.070245
0.070284
0.070324
0.070363
0.070403
0.070443
0.070482
0.070522
0.070561
0.070601
0.070641
0.070680
0.070720
0.070759
0.070799
0.070839
0.070878
0.070918
0.070957
0.070997
0.071037
0.071076
0.071116
0.071155
0.071195
0.071235
0.071274
0.071314
0.071353
0.071393
0.071433
0.071472
0.071512
0.071551
0.071591
0.071631
0.071670
0.071710
0.071749
0.071789
0.071829
0.071868
0.071908
0.071947
0.071987
0.072027
0.072066
0.072106
0.072145
0.072185
0.072225
0.072264
0.072304
0.072343
0.072383
0.072422
0.072462
0.072502
0.072541
0.072581
0.072620
0.072660
0.072700
0.072739
0.072779
0.072818
0.072858
0.072898
0.072937
0.072977
0.073016
0.073056
0.073096
0.073135
0.073175
0.073214
0.073254
0.073294
0.073333
0.073373
0.073412
0.073452
0.073492
0.073531
0.073571
0.073610
0.073650
0.073690
0.073729
0.073769
0.073808
0.073848
0.073888
0.073927
0.073967
0.074006
0.074046
0.074085
0.074125
0.074165
0.074204
0.074244
0.074283
0.074323
0.074363
0.074402
0.074442
0.074481
0.074521
0.074561
0.074600
0.074640
0.074679
0.074719
0.074759
0.074798
0.074838
0.074877
0.074917
0.074957
0.074996
0.075036
0.075075
0.075115
0.075155
0.075194
0.075234
0.075273
0.075313
0.075353
0.075392
0.075432
0.075471
0.075511
0.075550
0.075590
0.075630
0.075669
0.075709
0.075748
0.075788
0.075828
0.075867
0.075907
0.075946
0.075986
0.076026
0.076065
0.076105
0.076144
0.076184
0.076224
0.076263
0.076303
0.076342
0.076382
0.076422
0.076461
0.076501
0.076540
0.076580
0.076620
0.076659
0.076699
0.076738
0.076778
0.076817
0.076857
0.076897
0.076936
0.076976
0.077015
0.077055
0.077095
0.077134
0.077174
0.077213
0.077253
0.077293
0.077332
0.077372
0.077411
0.077451
0.077491
0.077530
0.077570
0.077609
0.077649
0.077689
0.077728
0.077768
0.077807
0.077847
0.077887
0.077926
0.077966
0.078005
0.078045
0.078084
0.078124
0.078164
0.078203
0.078243
0.078282
0.078322
0.078362
0.078401
0.078441
0.078480
0.078520
0.078560
0.078599
0.078639
0.078678
0.078718
0.078758
0.078797
0.078837
0.078876
0.078916
0.078956
0.078995
0.079035
0.079074
0.079114
0.079153
0.079193
0.079233
0.079272
0.079312
0.079351
0.079391
0.079431
0.079470
0.079510
0.079549
0.079589
0.079629
0.079668
0.079708
0.079747
0.079787
0.079827
0.079866
0.079906
0.079945
0.079985
0.080025
0.080064
0.080104
0.080143
0.080183
0.080222
0.080262
0.080302
0.080341
0.080381
0.080420
0.080460
0.080500
0.080539
0.080579
0.080618
0.080658
0.080698
0.080737
0.080777
0.080816
0.080856
0.080896
0.080935
0.080975
0.081014
0.081054
0.081093
0.081133
0.081173
0.081212
0.081252
0.081291
0.081331
0.081371
0.081410
0.081450
0.081489
0.081529
0.081569
0.081608
0.081648
0.081687
0.081727
0.081767
0.081806
0.081846
0.081885
0.081925
0.081964
0.082004
0.082044
0.082083
0.082123
0.082162
0.082202
0.082242
0.082281
0.082321
0.082360
0.082400
0.082440
0.082479
0.082519
0.082558
0.082598
0.082638
0.082677
0.082717
0.082756
0.082796
0.082835
0.082875
0.082915
0.082954
0.082994
0.083033
0.083073
0.083113
0.083152
0.083192
0.083231
0.083271
0.083311
0.083350
0.083390
0.083429
0.083469
0.083509
0.083548
0.083588
0.083627
0.083667
0.083706
0.083746
0.083786
0.083825
0.083865
0.083904
0.083944
0.083984
0.084023
0.084063
0.084102
0.084142
0.084182
0.084221
0.084261
0.084300
0.084340
0.084380
0.084419
0.084459
0.084498
0.084538
0.084577
0.084617
0.084657
0.084696
0.084736
0.084775
0.084815
0.084855
0.084894
0.084934
0.084973
0.085013
0.085053
0.085092
0.085132
0.085171
0.085211
0.085250
0.085290
0.085330
0.085369
0.085409
0.085448
0.085488
0.085528
0.085567
0.085607
0.085646
0.085686
0.085726
0.085765
0.085805
0.085844
0.085884
0.085923
0.085963
0.086003
0.086042
0.086082
0.086121
0.086161
0.086201
0.086240
0.086280
0.086319
0.086359
0.086399
0.086438
0.086478
0.086517
0.086557
0.086596
0.086636
0.086676
0.086715
0.086755
0.086794
0.086834
0.086874
0.086913
0.086953
0.086992
0.087032
0.087072
0.087111
0.087151
0.087190
0.087230
0.087269
0.087309
0.087349
0.087388
0.087428
0.087467
0.087507
0.087547
0.087586
0.087626
0.087665
0.087705
0.087745
0.087784
0.087824
0.087863
0.087903
0.087942
0.087982
0.088022
0.088061
0.088101
0.088140
0.088180
0.088220
0.088259
0.088299
0.088338
0.088378
0.088418
0.088457
0.088497
0.088536
0.088576
0.088615
0.088655
0.088695
0.088734
0.088774
0.088813
0.088853
0.088893
0.088932
0.088972
0.089011
0.089051
0.089091
0.089130
0.089170
0.089209
0.089249
0.089288
0.089328
0.089368
0.089407
0.089447
0.089486
0.089526
0.089566
0.089605
0.089645
0.089684
0.089724
0.089764
0.089803
0.089843
0.089882
0.089922
0.089961
0.090001
0.090041
0.090080
0.090120
0.090159
0.090199
0.090239
0.090278
0.090318
0.090357
0.090397
0.090436
0.090476
0.090516
0.090555
0.090595
0.090634
0.090674
0.090714
0.090753
0.090793
0.090832
0.090872
0.090912
0.090951
0.090991
0.091030
0.091070
0.091109
0.091149
0.091189
0.091228
0.091268
0.091307
0.091347
0.091387
0.091426
0.091466
0.091505
0.091545
0.091585
0.091624
0.091664
0.091703
0.091743
0.091782
0.091822
0.091862
0.091901
0.091941
0.091980
0.092020
0.092060
0.092099
0.092139
0.092178
0.092218
0.092257
0.092297
0.092337
0.092376
0.092416
0.092455
0.092495
0.092535
0.092574
0.092614
0.092653
