0.000000
0.000000
0.000000
0.000000
0.000000
0.000000
0.000000
0.000000
0.000000
0.000000
0.000030
0.000060
0.000090
0.000120
0.000150
0.000180
0.000210
0.000240
0.000270
0.000300
0.000330
0.000360
0.000390
0.000420
0.000450
0.000480
0.000510
0.000540
0.000570
0.000600
0.000630
0.000660
0.000690
0.000720
0.000750
0.000780
0.000810
0.000840
0.000870
0.000900
0.000930
0.000960
0.000990
0.001020
0.001050
0.001080
0.001110
0.001140
0.001170
0.001200
0.001230
0.001260
0.001290
0.001320
0.001350
0.001380
0.001410
0.001440
0.001470
0.001500
0.001530
0.001560
0.001590
0.001620
0.001650
0.001680
0.001710
0.001740
0.001770
0.001800
0.001830
0.001860
0.001890
0.001920
0.001950
0.001980
0.002010
0.002040
0.002070
0.002100
0.002130
0.002160
0.002190
0.002220
0.002250
0.002280
0.002310
0.002340
0.002370
0.002400
0.002430
0.002460
0.002490
0.002520
0.002550
0.002580
0.002610
0.002640
0.002670
0.002700
0.002730
0.002760
0.002790
0.002820
0.002850
0.002880
0.002910
0.002940
0.002970
0.003000
0.003030
0.003060
0.003090
0.003120
0.003150
0.003180
0.003210
0.003240
0.003270
0.003300
0.003330
0.003360
0.003390
0.003420
0.003450
0.003480
0.003510
0.003540
0.003570
0.003600
0.003630
0.003660
0.003690
0.003720
0.003750
0.003780
0.003810
0.003840
0.003869
0.003899
0.003929
0.003959
0.003989
0.004019
0.004049
0.004079
0.004109
0.004139
0.004169
0.004199
0.004229
0.004259
0.004289
0.004319
0.004349
0.004379
0.004409
0.004439
0.004469
0.004499
0.004529
0.004559
0.004589
0.004619
0.004649
0.004679
0.004709
0.004739
0.004769
0.004799
0.004829
0.004859
0.004889
0.004919
0.004949
0.004979
0.005009
0.005039
0.005069
0.005099
0.005129
0.005159
0.005189
0.005219
0.005249
0.005279
0.005309
0.005339
0.005369
0.005399
0.005429
0.005459
0.005489
0.005519
0.005549
0.005579
0.005609
0.005639
0.005669
0.005699
0.005729
0.005759
0.005789
0.005819
0.005849
0.005879
0.005909
0.005939
0.005969
0.005999
0.006029
0.006059
0.006089
0.006119
0.006149
0.006179
0.006209
0.006239
0.006269
0.006299
0.006329
0.006359
0.006389
0.006419
0.006449
0.006479
0.006509
0.006539
0.006569
0.006599
0.006629
0.006659
0.006689
0.006719
0.006749
0.006779
0.006809
0.006839
0.006869
0.006899
0.006929
0.006959
0.006989
0.007019
0.007049
0.007079
0.007109
0.007139
0.007169
0.007199
0.007229
0.007259
0.007289
0.007319
0.007349
0.007379
0.007409
0.007439
0.007469
0.007499
0.007529
0.007559
0.007589
0.007619
0.007649
0.007679
0.007709
0.007739
0.007769
0.007799
0.007829
0.007859
0.007889
0.007919
0.007949
0.007979
0.008009
0.008039
0.008069
0.008099
0.008129
0.008159
0.008189
0.008219
0.008249
0.008279
0.008309
0.008339
0.008369
0.008399
0.008429
0.008459
0.008489
0.008519
0.008549
0.008579
0.008609
0.008639
0.008669
0.008699
0.008729
0.008759
0.008789
0.008819
0.008849
0.008879
0.008909
0.008939
0.008969
0.008999
0.009029
0.009059
0.009089
0.009119
0.009149
0.009179
0.009209
0.009239
0.009269
0.009299
0.009329
0.009359
0.009389
0.009419
0.009449
0.009479
0.009509
0.009539
0.009569
0.009599
0.009629
0.009659
0.009689
0.009719
0.009749
0.009779
0.009809
0.009839
0.009869
0.009899
0.009929
0.009960
0.009990
0.010020
0.010050
0.010080
0.010110
0.010140
0.010170
0.010200
0.010230
0.010260
0.010290
0.010320
0.010350
0.010380
0.010410
0.010440
0.010470
0.010500
0.010530
0.010560
0.010590
0.010620
0.010650
0.010680
0.010710
0.010740
0.010770
0.010800
0.010830
0.010860
0.010890
0.010920
0.010950
0.010980
0.011010
0.011040
0.011070
0.011100
0.011130
0.011160
0.011190
0.011220
0.011250
0.011280
0.011310
0.011340
0.011370
0.011400
0.011430
0.011460
0.011490
0.011520
0.011550
0.011580
0.011610
0.011640
0.011670
0.011700
0.011730
0.011760
0.011790
0.011820
0.011850
0.011880
0.011910
0.011940
0.011970
0.012000
0.012030
0.012060
0.012090
0.012120
0.012150
0.012180
0.012210
0.012240
0.012270
0.012300
0.012330
0.012360
0.012390
0.012420
0.012450
0.012480
0.012510
0.012540
0.012570
0.012600
0.012630
0.012660
0.012690
0.012720
0.012750
0.012780
0.012810
0.012840
0.012870
0.012900
0.012930
0.012960
0.012990
0.013020
0.013050
0.013080
0.013110
0.013140
0.013170
0.013200
0.013230
0.013260
0.013290
0.013320
0.013350
0.013380
0.013410
0.013440
0.013470
0.013500
0.013530
0.013560
0.013590
0.013620
0.013650
0.013680
0.013710
0.013740
0.013770
0.013800
0.013830
0.013860
0.013890
0.013920
0.013950
0.013980
0.014010
0.014040
0.014070
0.014100
0.014130
0.014160
0.014190
0.014220
0.014250
0.014280
0.014310
0.014340
0.014370
0.014400
0.014430
0.014460
0.014490
0.014520
0.014550
0.014580
0.014610
0.014640
0.014670
0.014700
0.014730
0.014760
0.014790
0.014820
0.014850
0.014880
0.014910
0.014940
0.014970
0.015000
0.015030
0.015060
0.015090
0.015120
0.015150
0.015180
0.015210
0.015240
0.015270
0.015300
0.015330
0.015360
0.015390
0.015420
0.015450
0.015480
0.015510
0.015540
0.015570
0.015600
0.015630
0.015660
0.015690
0.015720
0.015750
0.015780
0.015810
0.015840
0.015870
0.015900
0.015930
0.015960
0.015990
0.016020
0.016050
0.016080
0.016110
0.016140
0.016170
0.016201
0.016231
0.016261
0.016291
0.016321
0.016351
0.016381
0.016411
0.016441
0.016471
0.016501
0.016531
0.016561
0.016591
0.016621
0.016651
0.016681
0.016711
0.016741
0.016771
0.016801
0.016831
0.016861
0.016891
0.016921
0.016951
0.016981
0.017011
0.017041
0.017071
0.017101
0.017131
0.017161
0.017191
0.017221
0.017251
0.017281
0.017311
0.017341
0.017371
0.017401
0.017431
0.017461
0.017491
0.017521
0.017551
0.017581
0.017611
0.017641
0.017671
0.017701
0.017731
0.017761
0.017791
0.017821
0.017851
0.017881
0.017911
0.017941
0.017971
0.018001
0.018031
0.018061
0.018091
0.018121
0.018151
0.018181
0.018211
0.018241
0.018271
0.018301
0.018331
0.018361
0.018391
0.018421
0.018451
0.018481
0.018511
0.018541
0.018571
0.018601
0.018631
0.018661
0.018691
0.018721
0.018751
0.018781
0.018811
0.018841
0.018871
0.018901
0.018931
0.018961
0.018991
0.019021
0.019051
0.019081
0.019111
0.019141
0.019171
0.019201
0.019231
0.019261
0.019291
0.019321
0.019351
0.019381
0.019411
0.019441
0.019471
0.019501
0.019531
0.019561
0.019591
0.019621
0.019651
0.019682
0.019712
0.019742
0.019772
0.019802
0.019832
0.019862
0.019892
0.019922
0.019952
0.019982
0.020012
0.020042
0.020072
0.020102
0.020132
0.020162
0.020192
0.020222
0.020252
0.020282
0.020312
0.020342
0.020372
0.020402
0.020432
0.020462
0.020492
0.020522
0.020552
0.020582
0.020612
0.020642
0.020672
0.020702
0.020732
0.020762
0.020792
0.020822
0.020852
0.020882
0.020912
0.020942
0.020972
0.021002
0.021032
0.021062
0.021092
0.021122
0.021152
0.021182
0.021212
0.021242
0.021272
0.021302
0.021332
0.021362
0.021392
0.021422
0.021452
0.021482
0.021512
0.021542
0.021572
0.021602
0.021632
0.021662
0.021692
0.021722
0.021752
0.021782
0.021812
0.021842
0.021872
0.021902
0.021932
0.021962
0.021992
0.022022
0.022052
0.022082
0.022112
0.022142
0.022172
0.022202
0.022232
0.022262
0.022292
0.022322
0.022352
0.022382
0.022413
0.022443
0.022473
0.022503
0.022533
0.022563
0.022593
0.022623
0.022653
0.022683
0.022713
0.022743
0.022773
0.022803
0.022833
0.022863
0.022893
0.022923
0.022953
0.022983
0.023013
0.023043
0.023073
0.023103
0.023133
0.023163
0.023193
0.023223
0.023253
0.023283
0.023313
0.023343
0.023373
0.023403
0.023433
0.023463
0.023493
0.023523
0.023553
0.023583
0.023613
0.023643
0.023673
0.023703
0.023733
0.023763
0.023793
0.023823
0.023853
0.023883
0.023913
0.023943
0.023973
0.024003
0.024033
0.024063
0.024093
0.024123
0.024153
0.024183
0.024213
0.024243
0.024273
0.024303
0.024333
0.024363
0.024393
0.024423
0.024453
0.024483
0.024513
0.024543
0.024573
0.024603
0.024633
0.024663
0.024693
0.024724
0.024754
0.024784
0.024814
0.024844
0.024874
0.024904
0.024934
0.024964
0.024994
0.025024
0.025054
0.025084
0.025114
0.025144
0.025174
0.025204
0.025234
0.025264
0.025294
0.025324
0.025354
0.025384
0.025414
0.025444
0.025474
0.025504
0.025534
0.025564
0.025594
0.025624
0.025654
0.025684
0.025715
0.025746
0.025777
0.025808
0.025838
0.025869
0.025900
0.025932
0.025964
0.025996
0.026029
0.026061
0.026093
0.026126
0.026158
0.026190
0.026223
0.026255
0.026287
0.026320
0.026352
0.026384
0.026417
0.026449
0.026481
0.026514
0.026546
0.026578
0.026611
0.026643
0.026676
0.026708
0.026740
0.026773
0.026805
0.026837
0.026870
0.026902
0.026934
0.026967
0.026999
0.027031
0.027064
0.027096
0.027128
0.027161
0.027193
0.027225
0.027258
0.027290
0.027322
0.027355
0.027387
0.027419
0.027452
0.027484
0.027517
0.027549
0.027581
0.027614
0.027646
0.027678
0.027711
0.027743
0.027775
0.027808
0.027840
0.027872
0.027905
0.027937
0.027969
0.028002
0.028034
0.028066
0.028099
0.028131
0.028163
0.028196
0.028228
0.028260
0.028293
0.028325
0.028357
0.028390
0.028422
0.028455
0.028487
0.028519
0.028552
0.028584
0.028616
0.028649
0.028681
0.028713
0.028746
0.028778
0.028810
0.028843
0.028875
0.028907
0.028940
0.028972
0.029004
0.029037
0.029069
0.029101
0.029134
0.029166
0.029198
0.029231
0.029263
0.029296
0.029328
0.029360
0.029393
0.029425
0.029457
0.029490
0.029522
0.029554
0.029587
0.029619
0.029651
0.029684
0.029716
0.029748
0.029781
0.029813
0.029845
0.029878
0.029910
0.029942
0.029975
0.030007
0.030039
0.030072
0.030104
0.030137
0.030169
0.030201
0.030234
0.030266
0.030298
0.030331
0.030363
0.030395
0.030428
0.030460
0.030492
0.030525
0.030557
0.030589
0.030622
0.030654
0.030686
0.030719
0.030751
0.030783
0.030816
0.030848
0.030880
0.030913
0.030945
0.030977
0.031010
0.031042
0.031075
0.031107
0.031139
0.031172
0.031204
0.031236
0.031269
0.031301
0.031333
0.031366
0.031398
0.031430
0.031463
0.031495
0.031527
0.031560
0.031592
0.031624
0.031657
0.031689
0.031721
0.031754
0.031786
0.031818
0.031851
0.031883
0.031916
0.031948
0.031980
0.032013
0.032045
0.032077
0.032110
0.032142
0.032174
0.032207
0.032239
0.032271
0.032304
0.032336
0.032368
0.032401
0.032433
0.032465
0.032498
0.032530
0.032562
0.032595
0.032627
0.032659
0.032692
0.032724
0.032756
0.032789
0.032821
0.032854
0.032886
0.032918
0.032951
0.032983
0.033015
0.033048
0.033080
0.033112
0.033145
0.033177
0.033209
0.033242
0.033274
0.033306
0.033339
0.033371
0.033403
0.033436
0.033468
0.033500
0.033533
0.033565
0.033597
0.033630
0.033662
0.033695
0.033727
0.033759
0.033792
0.033824
0.033856
0.033889
0.033921
0.033953
0.033986
0.034018
0.034050
0.034083
0.034115
0.034147
0.034180
0.034212
0.034244
0.034277
0.034309
0.034341
0.034374
0.034406
0.034438
0.034471
0.034503
0.034535
0.034568
0.034600
0.034633
0.034665
0.034697
0.034730
0.034762
0.034794
0.034827
0.034859
0.034891
0.034924
0.034956
0.034988
0.035021
0.035053
0.035085
0.035118
0.035150
0.035182
0.035215
0.035247
0.035279
0.035312
0.035344
0.035376
0.035409
0.035441
0.035473
0.035506
0.035538
0.035571
0.035603
0.035635
0.035668
0.035700
0.035732
0.035765
0.035797
0.035829
0.035862
0.035894
0.035926
0.035959
0.035991
0.036023
0.036056
0.036088
0.036120
0.036153
0.036185
0.036217
0.036250
0.036282
0.036314
0.036347
0.036379
0.036411
0.036444
0.036476
0.036509
0.036541
0.036573
0.036606
0.036638
0.036670
0.036703
0.036735
0.036767
0.036800
0.036832
0.036864
0.036897
0.036929
0.036961
0.036994
0.037026
0.037058
0.037091
0.037123
0.037155
0.037188
0.037220
0.037252
0.037285
0.037317
0.037350
0.037382
0.037414
0.037447
0.037479
0.037511
0.037544
0.037576
0.037608
0.037641
0.037673
0.037705
0.037738
0.037770
0.037802
0.037835
0.037867
0.037899
0.037932
0.037964
0.037996
0.038029
0.038061
0.038093
0.038126
0.038158
0.038190
0.038223
0.038255
0.038288
0.038320
0.038352
0.038385
0.038417
0.038449
0.038482
0.038514
0.038546
0.038579
0.038611
0.038643
0.038676
0.038708
0.038740
0.038773
0.038805
0.038837
0.038870
0.038902
0.038934
0.038967
0.038999
0.039031
0.039064
0.039096
0.039128
0.039161
0.039193
0.039225
0.039258
0.039290
0.039323
0.039355
0.039387
0.039420
0.039452
0.039484
0.039517
0.039549
0.039581
0.039614
0.039646
0.039678
0.039711
0.039743
0.039775
0.039808
0.039840
0.039872
0.039905
0.039937
0.039969
0.040002
0.040034
0.040066
0.040099
0.040131
0.040163
0.040196
0.040228
0.040261
0.040293
0.040325
0.040358
0.040390
0.040422
0.040455
0.040487
0.040519
0.040552
0.040584
0.040616
0.040649
0.040681
0.040713
0.040746
0.040778
0.040810
0.040843
0.040875
0.040907
0.040940
0.040972
0.041004
0.041037
0.041069
0.041101
0.041134
0.041166
0.041199
0.041231
0.041263
0.041296
0.041328
0.041360
0.041393
0.041425
0.041457
0.041490
0.041522
0.041554
0.041587
0.041619
0.041651
0.041684
0.041716
0.041748
0.041781
0.041813
0.041845
0.041878
0.041910
0.041942
0.041975
0.042007
0.042039
0.042072
0.042104
0.042137
0.042169
0.042201
0.042234
0.042266
0.042298
0.042331
0.042363
0.042395
0.042428
0.042460
0.042492
0.042525
0.042557
0.042589
0.042622
0.042654
0.042686
0.042719
0.042751
0.042783
0.042816
0.042848
0.042880
0.042913
0.042945
0.042977
0.043010
0.043042
0.043074
0.043107
0.043139
0.043172
0.043204
0.043236
0.043269
0.043301
0.043333
0.043366
0.043398
0.043430
0.043463
0.043495
0.043527
0.043560
0.043592
0.043624
0.043657
0.043689
0.043721
0.043754
0.043786
0.043818
0.043851
0.043883
0.043915
0.043948
0.043980
0.044012
0.044045
0.044077
0.044110
0.044142
0.044174
0.044207
0.044239
0.044271
0.044304
0.044336
0.044368
0.044401
0.044433
0.044465
0.044498
0.044530
0.044562
0.044595
0.044627
0.044659
0.044692
0.044724
0.044756
0.044789
0.044821
0.044853
0.044886
0.044918
0.044950
0.044983
0.045015
0.045048
0.045080
0.045112
0.045145
0.045177
0.045209
0.045242
0.045274
0.045306
0.045339
0.045371
0.045403
0.045436
0.045468
0.045500
0.045533
0.045565
0.045597
0.045630
0.045662
0.045694
0.045727
0.045759
0.045791
0.045824
0.045856
0.045888
0.045921
0.045953
0.045985
0.046018
0.046050
0.046083
0.046115
0.046147
0.046180
0.046212
0.046244
0.046277
0.046309
0.046341
0.046374
0.046406
0.046438
0.046471
0.046503
0.046535
0.046568
0.046600
0.046632
0.046665
0.046697
0.046729
0.046762
0.046794
0.046826
0.046859
0.046891
0.046923
0.046956
0.046988
0.047020
0.047053
0.047085
0.047118
0.047150
0.047182
0.047215
0.047247
0.047279
0.047312
0.047344
0.047376
0.047409
0.047441
0.047473
0.047506
0.047538
0.047570
0.047603
0.047635
0.047667
0.047700
0.047732
0.047764
0.047797
0.047829
0.047861
0.047894
0.047926
0.047958
0.047991
0.048023
0.048055
0.048088
0.048120
0.048153
0.048185
0.048217
0.048250
0.048282
0.048314
0.048347
0.048379
0.048411
0.048444
0.048476
0.048508
0.048541
0.048573
0.048605
0.048638
0.048670
0.048702
0.048735
0.048767
0.048799
0.048832
0.048864
0.048896
0.048929
0.048961
0.048993
0.049026
0.049058
0.049090
0.049123
0.049155
0.049188
0.049220
0.049252
0.049285
0.049317
0.049349
0.049382
0.049414
0.049446
0.049479
0.049511
0.049543
0.049576
0.049608
0.049640
0.049673
0.049705
0.049737
0.049770
0.049802
0.049834
0.049867
0.049899
0.049931
0.049964
0.049996
0.050028
0.050061
0.050093
0.050125
0.050158
0.050190
0.050223
0.050255
0.050287
0.050320
0.050352
0.050384
0.050417
0.050449
0.050481
0.050514
0.050546
0.050578
0.050611
0.050643
0.050675
0.050708
0.050740
0.050772
0.050805
0.050837
0.050869
0.050902
0.050934
0.050966
0.050999
0.051031
0.051063
0.051096
0.051128
0.051160
0.051193
0.051225
0.051258
0.051290
0.051322
0.051355
0.051387
0.051419
0.051452
0.051484
0.051516
0.051549
0.051581
0.051613
0.051646
0.051678
0.051710
0.051743
0.051775
0.051807
0.051840
0.051872
0.051904
0.051937
0.051969
0.052001
0.052034
0.052066
0.052098
0.052131
0.052163
0.052195
0.052228
0.052260
0.052293
0.052325
0.052357
0.052390
0.052422
0.052454
0.052487
0.052519
0.052551
0.052584
0.052616
0.052648
0.052681
0.052713
0.052745
0.052778
0.052810
0.052842
0.052875
0.052907
0.052939
0.052972
0.053004
0.053036
0.053069
0.053101
0.053133
0.053166
0.053198
0.053230
0.053263
0.053295
0.053328
0.053360
0.053392
0.053425
0.053457
0.053489
0.053522
0.053554
0.053586
0.053619
0.053651
0.053683
0.053716
0.053748
0.053780
0.053813
0.053845
0.053877
0.053910
0.053942
0.053974
0.054007
0.054039
0.054071
0.054104
0.054136
0.054168
0.054201
0.054233
0.054265
0.054298
0.054330
0.054362
0.054395
0.054427
0.054460
0.054492
0.054524
0.054557
0.054589
0.054621
0.054654
0.054686
0.054718
0.054751
0.054783
0.054815
0.054848
0.054880
0.054912
0.054945
0.054977
0.055009
0.055042
0.055074
0.055106
0.055139
0.055171
0.055203
0.055236
0.055268
0.055300
0.055333
0.055365
0.055397
0.055430
0.055462
0.055495
0.055527
0.055559
0.055592
0.055624
0.055656
0.055689
0.055721
0.055753
0.055786
0.055818
0.055850
0.055883
0.055915
0.055947
0.055980
0.056012
0.056044
0.056077
0.056109
0.056141
0.056174
0.056206
0.056238
0.056271
0.056303
0.056335
0.056368
0.056400
0.056432
0.056465
0.056497
0.056529
0.056562
0.056594
0.056627
0.056659
0.056691
0.056724
0.056756
0.056788
0.056821
0.056853
0.056885
0.056918
0.056950
0.056982
0.057015
0.057047
0.057079
0.057112
0.057144
0.057176
0.057209
0.057241
0.057273
0.057306
0.057338
0.057370
0.057403
0.057435
0.057467
0.057500
0.057532
0.057564
0.057597
0.057629
0.057661
0.057694
0.057726
0.057759
0.057791
0.057823
0.057856
0.057888
0.057920
0.057953
0.057985
0.058017
0.058050
0.058082
0.058114
0.058147
0.058179
0.058211
0.058244
0.058276
0.058308
0.058341
0.058373
0.058405
0.058438
0.058470
0.058502
0.058535
0.058567
0.058599
0.058632
0.058664
0.058696
0.058729
0.058761
0.058793
0.058826
0.058858
0.058891
0.058923
0.058955
0.058988
0.059020
0.059052
0.059085
0.059117
0.059149
0.059182
0.059214
0.059246
0.059279
0.059311
0.059343
0.059376
0.059408
0.059440
0.059473
0.059505
0.059537
0.059570
0.059602
0.059634
0.059667
0.059699
0.059731
0.059764
0.059796
0.059828
0.059861
0.059893
0.059925
0.059958
0.059990
0.060023
0.060055
0.060087
0.060120
0.060152
0.060184
0.060217
0.060249
0.060281
0.060314
0.060346
0.060378
0.060411
0.060443
0.060475
0.060508
0.060540
0.060572
0.060605
0.060637
0.060669
0.060702
0.060734
0.060766
0.060799
0.060831
0.060863
0.060896
0.060928
0.060960
0.060993
0.061025
0.061057
0.061090
0.061122
0.061155
0.061187
0.061219
0.061252
0.061284
0.061316
0.061349
0.061381
0.061413
0.061446
0.061478
0.061510
0.061543
0.061575
0.061607
0.061640
0.061672
0.061704
0.061737
0.061769
0.061801
0.061834
0.061866
0.061898
0.061931
0.061963
0.061995
0.062028
0.062060
0.062093
0.062126
0.062159
0.062192
0.062225
0.062258
0.062291
0.062324
0.062357
0.062390
0.062423
0.062456
0.062489
0.062522
0.062555
0.062587
0.062620
0.062653
0.062686
0.062719
0.062752
0.062785
0.062818
0.062851
0.062884
0.062917
0.062950
0.062983
0.063016
0.063049
0.063082
0.063115
0.063148
0.063181
0.063214
0.063247
0.063280
0.063313
0.063346
0.063379
0.063412
0.063445
0.063478
0.063511
0.063544
0.063577
0.063610
0.063643
0.063676
0.063709
0.063742
0.063775
0.063808
0.063841
0.063874
0.063907
0.063940
0.063973
0.064006
0.064039
0.064072
0.064105
0.064138
0.064171
0.064204
0.064238
0.064271
0.064305
0.064338
0.064371
0.064405
0.064438
0.064472
0.064505
0.064539
0.064572
0.064605
0.064639
0.064672
0.064706
0.064739
0.064772
0.064806
0.064839
0.064873
0.064906
0.064940
0.064973
0.065006
0.065040
0.065073
0.065107
0.065140
0.065173
0.065207
0.065240
0.065274
0.065307
0.065341
0.065374
0.065407
0.065441
0.065474
0.065508
0.065541
0.065574
0.065608
0.065641
0.065675
0.065708
0.065742
0.065775
0.065808
0.065842
0.065875
0.065909
0.065942
0.065975
0.066009
0.066042
0.066076
0.066109
0.066143
0.066176
0.066209
0.066243
0.066276
0.066310
0.066343
0.066376
0.066410
0.066443
0.066477
0.066510
0.066543
0.066577
0.066610
0.066644
0.066677
0.066711
0.066744
0.066777
0.066811
0.066844
0.066878
0.066911
0.066944
0.066978
0.067011
0.067045
0.067078
0.067112
0.067145
0.067178
0.067212
0.067245
0.067279
0.067312
0.067345
0.067379
0.067412
0.067446
0.067479
0.067513
0.067546
0.067579
0.067613
0.067646
0.067680
0.067713
0.067746
0.067780
0.067813
0.067847
0.067880
0.067913
0.067947
0.067980
0.068014
0.068047
0.068081
0.068114
0.068147
0.068181
0.068214
0.068248
0.068281
0.068314
0.068348
0.068381
0.068415
0.068448
0.068482
0.068515
0.068548
0.068582
0.068615
0.068649
0.068682
0.068715
0.068749
0.068782
0.068816
0.068849
0.068883
0.068916
0.068949
0.068983
0.069016
0.069050
0.069083
0.069116
0.069150
0.069183
0.069217
0.069250
0.069283
0.069317
0.069350
0.069384
0.069417
0.069451
0.069484
0.069517
0.069551
0.069584
0.069618
0.069651
0.069684
0.069718
0.069751
0.069785
0.069818
0.069852
0.069885
0.069918
0.069952
0.069985
0.070019
0.070052
0.070085
0.070119
0.070152
0.070186
0.070219
0.070252
0.070286
0.070319
0.070353
0.070386
0.070420
0.070453
0.070486
0.070520
0.070553
0.070587
0.070620
0.070653
0.070687
0.070720
0.070754
0.070787
0.070821
0.070854
0.070887
0.070921
0.070954
0.070988
0.071021
0.071054
0.071088
0.071121
0.071155
0.071188
0.071221
0.071255
0.071288
0.071322
0.071355
0.071389
0.071422
0.071455
0.071489
0.071522
0.071556
0.071589
0.071622
0.071656
0.071689
0.071723
0.071756
0.071789
0.071823
0.071856
0.071890
0.071923
0.071957
0.071990
0.072023
0.072057
0.072090
0.072124
0.072157
0.072190
0.072224
0.072257
0.072291
0.072324
0.072358
0.072391
0.072424
0.072458
0.072491
0.072525
0.072558
0.072591
0.072625
0.072658
0.072692
0.072725
0.072758
0.072792
0.072825
0.072859
0.072892
0.072926
0.072959
0.072992
0.073026
0.073059
0.073093
0.073126
0.073159
0.073193
0.073226
0.073260
0.073293
0.073326
0.073360
0.073393
0.073427
0.073460
0.073494
0.073527
0.073560
0.073594
0.073627
0.073661
0.073694
0.073727
0.073761
0.073794
0.073828
0.073861
0.073894
0.073928
0.073961
0.073995
0.074028
0.074062
0.074095
0.074128
0.074162
0.074195
0.074229
0.074262
0.074295
0.074329
0.074362
0.074396
0.074429
0.074463
0.074496
0.074529
0.074563
0.074596
0.074630
0.074663
0.074696
0.074730
0.074763
0.074797
0.074830
0.074863
0.074897
0.074930
0.074964
0.074997
0.075031
0.075064
0.075097
0.075131
0.075164
0.075198
0.075231
0.075264
0.075298
0.075331
0.075365
0.075398
0.075431
0.075465
0.075498
0.075532
0.075565
0.075599
0.075632
0.075665
0.075699
0.075732
0.075766
0.075799
0.075832
0.075866
0.075899
0.075933
0.075966
0.075999
0.076033
0.076066
0.076100
0.076133
0.076167
0.076200
0.076233
0.076267
0.076300
0.076334
0.076367
0.076400
0.076434
0.076467
0.076501
0.076534
0.076567
0.076601
0.076634
0.076668
0.076701
0.076735
0.076768
0.076801
0.076835
0.076868
0.076902
0.076935
0.076968
0.077002
0.077035
0.077069
0.077102
0.077135
0.077169
0.077202
0.077236
0.077269
0.077303
0.077336
0.077369
0.077403
0.077436
0.077470
0.077503
0.077536
0.077570
0.077603
0.077637
0.077670
0.077703
0.077737
0.077770
0.077804
0.077837
0.077870
0.077904
0.077937
0.077971
0.078004
0.078038
0.078071
0.078104
0.078138
0.078171
0.078205
0.078238
0.078271
0.078305
0.078338
0.078372
0.078405
0.078438
0.078472
0.078505
0.078539
0.078572
0.078606
0.078639
0.078672
0.078706
0.078739
0.078773
0.078806
0.078839
0.078873
0.078906
0.078940
0.078973
0.079006
0.079040
0.079073
0.079107
0.079140
0.079174
0.079207
0.079240
0.079274
0.079307
0.079341
0.079374
0.079407
0.079441
0.079474
0.079508
0.079541
0.079574
0.079608
0.079641
0.079675
0.079708
0.079741
0.079775
0.079808
0.079842
0.079875
0.079909
0.079942
0.079975
0.080009
0.080042
0.080076
0.080109
0.080142
0.080176
0.080209
0.080243
0.080276
0.080309
0.080343
0.080376
0.080410
0.080443
0.080477
0.080510
0.080543
0.080577
0.080610
0.080644
0.080677
0.080710
0.080744
0.080777
0.080811
0.080844
0.080877
0.080911
0.080944
0.080978
0.081011
0.081044
0.081078
0.081111
0.081145
0.081178
0.081212
0.081245
0.081278
0.081312
0.081345
0.081379
0.081412
0.081445
0.081479
0.081512
0.081546
0.081579
0.081612
0.081646
0.081679
0.081713
0.081746
0.081780
0.081813
0.081846
0.081880
0.081913
0.081947
0.081980
0.082013
0.082047
0.082080
0.082114
0.082147
0.082180
0.082214
0.082247
0.082281
0.082314
0.082347
0.082381
0.082414
0.082448
0.082481
0.082515
0.082548
0.082581
0.082615
0.082648
0.082682
0.082715
0.082748
0.082782
0.082815
0.082849
0.082882
0.082915
0.082949
0.082982
0.083016
0.083049
0.083082
0.083116
0.083149
0.083183
0.083216
0.083250
0.083283
0.083316
0.083350
0.083383
0.083417
0.083450
0.083483
0.083517
0.083550
0.083584
0.083617
0.083650
0.083684
0.083717
0.083751
0.083784
0.083817
0.083851
0.083884
0.083918
0.083951
0.083985
0.084018
0.084051
0.084085
0.084118
0.084152
0.084185
0.084218
0.084252
0.084285
0.084319
0.084352
0.084385
0.084419
0.084452
0.084486
0.084519
0.084552
0.084586
0.084619
0.084653
0.084686
0.084720
0.084753
0.084786
0.084820
0.084853
0.084887
0.084920
0.084953
0.084987
0.085020
0.085054
0.085087
0.085120
0.085154
0.085187
0.085221
0.085254
0.085287
0.085321
0.085354
0.085388
0.085421
0.085455
0.085488
0.085521
0.085555
0.085588
0.085622
0.085655
0.085688
0.085722
0.085755
0.085789
0.085822
0.085855
0.085889
0.085922
0.085956
0.085989
0.086022
0.086056
0.086089
0.086123
0.086156
0.086189
0.086223
0.086256
0.086290
0.086323
0.086357
0.086390
0.086423
0.086457
0.086490
0.086524
0.086557
0.086590
0.086624
0.086657
0.086691
0.086724
0.086757
0.086791
0.086824
0.086858
0.086891
0.086924
0.086958
0.086991
0.087025
0.087058
0.087092
0.087125
0.087158
0.087192
0.087225
0.087259
0.087292
0.087325
0.087359
0.087392
0.087426
0.087459
0.087492
0.087526
0.087559
0.087593
0.087626
0.087659
0.087693
0.087726
0.087760
0.087793
0.087826
0.087860
0.087893
0.087927
0.087960
0.087994
0.088027
0.088060
0.088094
0.088127
0.088161
0.088194
0.088227
0.088261
0.088294
0.088328
0.088361
0.088394
0.088428
0.088461
0.088495
0.088528
0.088561
0.088595
0.088628
0.088662
0.088695
0.088728
0.088762
0.088795
0.088829
0.088862
0.088896
0.088929
0.088962
0.088996
0.089029
0.089063
0.089096
0.089129
0.089163
0.089196
0.089230
0.089263
0.089296
0.089330
0.089363
0.089397
0.089430
0.089463
0.089497
0.089530
0.089564
0.089597
0.089630
0.089664
0.089697
0.089731
0.089764
0.089798
0.089831
0.089864
0.089898
0.089931
0.089965
0.089998
0.090031
0.090065
0.090098
0.090132
0.090165
0.090198
0.090232
0.090265
0.090299
0.090332
0.090365
0.090399
0.090432
0.090466
0.090499
0.090532
0.090566
0.090599
0.090633
0.090666
0.090699
0.090733
0.090766
0.090800
0.090833
0.090867
0.090900
0.090933
0.090967
0.091000
0.091034
0.091067
0.091100
0.091134
0.091167
0.091201
0.091234
0.091267
0.091301
0.091334
0.091368
0.091401
0.091434
0.091468
0.091501
0.091535
0.091568
0.091601
0.091635
0.091668
0.091702
0.091735
0.091769
0.091802
0.091835
0.091869
0.091902
0.091936
0.091969
0.092002
0.092036
0.092069
0.092103
0.092136
0.092169
0.092203
0.092236
0.092270
0.092303
0.092336
0.092370
0.092403
0.092437
0.092470
0.092503
0.092537
0.092570
0.092604
0.092637
0.092670
0.092704
0.092737
0.092771
0.092804
0.092837
0.092871
0.092904
0.092938
0.092971
0.093005
0.093038
0.093071
0.093105
0.093138
0.093172
0.093205
0.093238
0.093272
0.093305
0.093339
0.093372
0.093405
0.093439
0.093472
0.093506
0.093539
0.093572
0.093606
0.093639
0.093673
0.093706
0.093739
0.093773
0.093806
0.093840
0.093873
0.093906
0.093940
0.093973
0.094007
0.094040
0.094074
0.094107
0.094140
0.094174
0.094207
0.094241
0.094274
0.094307
0.094341
0.094374
0.094408
0.094441
0.094474
0.094508
0.094541
0.094575
0.094608
0.094641
0.094675
0.094708
0.094742
0.094775
0.094808
0.094842
0.094875
0.094909
0.094942
0.094975
0.095009
0.095042
0.095076
0.095109
0.095142
0.095176
0.095209
0.095243
0.095276
0.095310
0.095343
0.095376
0.095410
0.095443
0.095477
0.095510
0.095543
0.095577
0.095610
0.095644
0.095677
0.095710
0.095744
0.095777
0.095811
0.095844
0.095877
0.095911
0.095944
0.095978
0.096011
0.096044
0.096078
0.096111
0.096145
0.096178
0.096211
0.096245
0.096278
0.096312
0.096345
0.096378
0.096412
0.096445
0.096479
0.096512
0.096545
0.096579
0.096612
0.096646
0.096679
0.096713
0.096746
0.096779
0.096813
0.096846
0.096880
0.096913
0.096946
0.096980
0.097013
0.097047
0.097080
0.097113
0.097147
0.097180
0.097214
0.097247
0.097280
0.097314
0.097347
0.097381
0.097414
0.097447
0.097481
0.097514
0.097548
0.097581
0.097614
0.097648
0.097681
0.097715
0.097748
0.097781
0.097815
0.097848
0.097882
0.097915
0.097948
0.097982
0.098015
0.098049
0.098082
0.098115
0.098149
0.098182
0.098216
0.098249
0.098283
0.098316
0.098349
0.098383
0.098416
0.098450
0.098483
0.098516
0.098550
0.098583
0.098617
0.098650
0.098683
0.098717
0.098750
0.098784
0.098817
0.098850
0.098884
0.098917
0.098951
0.098984
0.099017
0.099051
0.099084
0.099118
0.099151
0.099184
0.099218
0.099251
0.099285
0.099318
0.099351
0.099385
0.099418
0.099452
0.099485
0.099518
0.099552
0.099585
0.099619
0.099652
0.099685
0.099719
0.099752
0.099786
0.099819
0.099852
0.099886
0.099919
0.099953
0.099986
0.100019
0.100053
0.100086
0.100120
0.100153
0.100187
0.100220
0.100253
0.100287
0.100320
0.100354
0.100387
0.100420
0.100454
0.100487
0.100521
0.100554
0.100587
0.100621
0.100654
0.100688
0.100721
0.100754
0.100788
