0.000000
0.000000
0.000000
0.000000
0.000000
0.000000
0.000000
0.000000
0.000000
0.000000
0.000041
0.000082
0.000123
0.000163
0.000204
0.000245
0.000286
0.000327
0.000368
0.000408
0.000449
0.000490
0.000531
0.000572
0.000613
0.000653
0.000694
0.000735
0.000776
0.000817
0.000858
0.000898
0.000939
0.000980
0.001021
0.001062
0.001103
0.001143
0.001184
0.001225
0.001266
0.001307
0.001348
0.001388
0.001429
0.001470
0.001511
0.001552
0.001593
0.001633
0.001674
0.001715
0.001756
0.001797
0.001838
0.001878
0.001919
0.001960
0.002001
0.002042
0.002083
0.002123
0.002164
0.002205
0.002246
0.002287
0.002328
0.002368
0.002409
0.002450
0.002491
0.002532
0.002573
0.002613
0.002654
0.002695
0.002736
0.002777
0.002818
0.002858
0.002899
0.002940
0.002981
0.003022
0.003063
0.003103
0.003144
0.003185
0.003226
0.003267
0.003308
0.003348
0.003389
0.003430
0.003471
0.003512
0.003553
0.003593
0.003634
0.003675
0.003716
0.003757
0.003798
0.003839
0.003879
0.003920
0.003961
0.004002
0.004043
0.004084
0.004124
0.004165
0.004206
0.004247
0.004288
0.004329
0.004369
0.004410
0.004451
0.004492
0.004533
0.004574
0.004614
0.004655
0.004696
0.004737
0.004778
0.004819
0.004859
0.004900
0.004941
0.004982
0.005023
0.005064
0.005104
0.005145
0.005186
0.005227
0.005268
0.005309
0.005349
0.005390
0.005431
0.005472
0.005513
0.005554
0.005594
0.005635
0.005676
0.005717
0.005758
0.005799
0.005839
0.005880
0.005921
0.005962
0.006003
0.006044
0.006084
0.006125
0.006166
0.006207
0.006248
0.006289
0.006329
0.006370
0.006411
0.006452
0.006493
0.006534
0.006574
0.006615
0.006656
0.006697
0.006738
0.006779
0.006819
0.006860
0.006901
0.006942
0.006983
0.007024
0.007064
0.007105
0.007146
0.007187
0.007228
0.007269
0.007309
0.007350
0.007391
0.007432
0.007473
0.007514
0.007554
0.007595
0.007636
0.007677
0.007718
0.007759
0.007800
0.007840
0.007881
0.007922
0.007963
0.008004
0.008045
0.008085
0.008126
0.008167
0.008208
0.008249
0.008290
0.008330
0.008371
0.008412
0.008453
0.008494
0.008535
0.008575
0.008616
0.008657
0.008698
0.008739
0.008780
0.008820
0.008861
0.008902
0.008943
0.008984
0.009025
0.009065
0.009106
0.009147
0.009188
0.009229
0.009270
0.009310
0.009351
0.009392
0.009433
0.009474
0.009515
0.009555
0.009596
0.009637
0.009678
0.009719
0.009760
0.009800
0.009841
0.009882
0.009923
0.009964
0.010005
0.010045
0.010086
0.010127
0.010168
0.010209
0.010250
0.010290
0.010331
0.010372
0.010413
0.010454
0.010495
0.010535
0.010576
0.010617
0.010658
0.010699
0.010740
0.010780
0.010821
0.010862
0.010903
0.010944
0.010985
0.011025
0.011066
0.011107
0.011148
0.011189
0.011230
0.011270
0.011311
0.011352
0.011393
0.011434
0.011475
0.011515
0.011556
0.011597
0.011638
0.011679
0.011720
0.011760
0.011801
0.011842
0.011883
0.011924
0.011965
0.012005
0.012046
0.012087
0.012128
0.012169
0.012210
0.012250
0.012291
0.012332
0.012373
0.012414
0.012455
0.012496
0.012536
0.012577
0.012618
0.012659
0.012700
0.012741
0.012781
0.012822
0.012863
0.012904
0.012945
0.012986
0.013026
0.013067
0.013108
0.013149
0.013190
0.013231
0.013271
0.013312
0.013353
0.013394
0.013435
0.013476
0.013516
0.013557
0.013598
0.013639
0.013680
0.013721
0.013761
0.013802
0.013843
0.013884
0.013925
0.013966
0.014006
0.014047
0.014088
0.014129
0.014170
0.014211
0.014251
0.014292
0.014333
0.014374
0.014415
0.014456
0.014496
0.014537
0.014578
0.014619
0.014660
0.014701
0.014741
0.014782
0.014823
0.014864
0.014905
0.014946
0.014986
0.015027
0.015068
0.015109
0.015150
0.015191
0.015231
0.015272
0.015313
0.015354
0.015395
0.015436
0.015476
0.015517
0.015558
0.015599
0.015640
0.015681
0.015721
0.015762
0.015803
0.015844
0.015885
0.015926
0.015966
0.016007
0.016048
0.016089
0.016130
0.016171
0.016211
0.016252
0.016293
0.016334
0.016375
0.016416
0.016456
0.016497
0.016538
0.016579
0.016620
0.016661
0.016701
0.016742
0.016783
0.016824
0.016865
0.016906
0.016946
0.016987
0.017028
0.017069
0.017110
0.017151
0.017191
0.017232
0.017273
0.017314
0.017355
0.017396
0.017436
0.017477
0.017518
0.017559
0.017600
0.017641
0.017681
0.017722
0.017763
0.017804
0.017845
0.017886
0.017926
0.017967
0.018008
0.018049
0.018090
0.018131
0.018172
0.018212
0.018253
0.018294
0.018335
0.018376
0.018417
0.018457
0.018498
0.018539
0.018580
0.018621
0.018662
0.018702
0.018743
0.018784
0.018825
0.018866
0.018907
0.018947
0.018988
0.019029
0.019070
0.019111
0.019152
0.019192
0.019233
0.019274
0.019315
0.019356
0.019397
0.019437
0.019478
0.019519
0.019560
0.019601
0.019642
0.019682
0.019723
0.019764
0.019805
0.019846
0.019887
0.019927
0.019968
0.020009
0.020050
0.020091
0.020132
0.020172
0.020213
0.020254
0.020295
0.020336
0.020377
0.020417
0.020458
0.020499
0.020540
0.020581
0.020622
0.020662
0.020703
0.020744
0.020785
0.020826
0.020867
0.020907
0.020948
0.020989
0.021030
0.021071
0.021112
0.021152
0.021193
0.021234
0.021275
0.021316
0.021357
0.021397
0.021438
0.021479
0.021520
0.021561
0.021602
0.021642
0.021683
0.021724
0.021765
0.021806
0.021847
0.021887
0.021928
0.021969
0.022010
0.022051
0.022092
0.022132
0.022173
0.022214
0.022255
0.022296
0.022337
0.022377
0.022418
0.022459
0.022500
0.022541
0.022582
0.022622
0.022663
0.022704
0.022745
0.022786
0.022827
0.022867
0.022908
0.022949
0.022990
0.023031
0.023072
0.023112
0.023153
0.023194
0.023235
0.023276
0.023317
0.023357
0.023398
0.023439
0.023480
0.023521
0.023562
0.023602
0.023643
0.023684
0.023725
0.023766
0.023807
0.023847
0.023888
0.023929
0.023970
0.024011
0.024052
0.024092
0.024133
0.024174
0.024215
0.024256
0.024297
0.024337
0.024378
0.024419
0.024460
0.024501
0.024542
0.024582
0.024623
0.024664
0.024705
0.024746
0.024787
0.024827
0.024868
0.024909
0.024950
0.024991
0.025032
0.025072
0.025113
0.025154
0.025195
0.025236
0.025277
0.025317
0.025358
0.025399
0.025440
0.025481
0.025522
0.025562
0.025603
0.025644
0.025685
0.025726
0.025767
0.025807
0.025848
0.025889
0.025930
0.025971
0.026012
0.026052
0.026093
0.026134
0.026175
0.026216
0.026257
0.026298
0.026338
0.026379
0.026420
0.026461
0.026502
0.026543
0.026583
0.026624
0.026665
0.026706
0.026747
0.026788
0.026828
0.026869
0.026910
0.026951
0.026992
0.027033
0.027073
0.027114
0.027155
0.027196
0.027237
0.027278
0.027318
0.027359
0.027400
0.027441
0.027482
0.027523
0.027563
0.027604
0.027645
0.027686
0.027727
0.027768
0.027808
0.027849
0.027890
0.027931
0.027972
0.028013
0.028053
0.028094
0.028135
0.028176
0.028217
0.028258
0.028298
0.028339
0.028380
0.028421
0.028462
0.028503
0.028543
0.028584
0.028625
0.028666
0.028707
0.028748
0.028788
0.028829
0.028870
0.028911
0.028952
0.028993
0.029033
0.029074
0.029115
0.029156
0.029197
0.029238
0.029278
0.029319
0.029360
0.029401
0.029442
0.029483
0.029523
0.029564
0.029605
0.029646
0.029687
0.029728
0.029768
0.029809
0.029850
0.029891
0.029932
0.029973
0.030013
0.030054
0.030095
0.030136
0.030177
0.030218
0.030258
0.030299
0.030340
0.030381
0.030422
0.030463
0.030503
0.030544
0.030585
0.030626
0.030667
0.030708
0.030748
0.030789
0.030830
0.030871
0.030912
0.030953
0.030993
0.031034
0.031075
0.031116
0.031157
0.031198
0.031238
0.031279
0.031320
0.031361
0.031402
0.031443
0.031483
0.031524
0.031565
0.031606
0.031647
0.031688
0.031728
0.031769
0.031810
0.031851
0.031892
0.031933
0.031973
0.032014
0.032055
0.032096
0.032137
0.032178
0.032218
0.032259
0.032300
0.032341
0.032382
0.032423
0.032463
0.032504
0.032545
0.032586
0.032627
0.032668
0.032708
0.032749
0.032790
0.032831
0.032872
0.032913
0.032953
0.032994
0.033035
0.033076
0.033117
0.033158
0.033198
0.033239
0.033280
0.033321
0.033362
0.033403
0.033443
0.033484
0.033525
0.033566
0.033607
0.033648
0.033688
0.033729
0.033770
0.033811
0.033852
0.033893
0.033933
0.033974
0.034015
0.034056
0.034097
0.034138
0.034178
0.034219
0.034260
0.034301
0.034342
0.034383
0.034423
0.034464
0.034505
0.034546
0.034587
0.034628
0.034668
0.034709
0.034750
0.034791
0.034832
0.034873
0.034913
0.034953
0.034991
0.035029
0.035066
0.035104
0.035142
0.035180
0.035217
0.035253
0.035285
0.035317
0.035349
0.035381
0.035413
0.035445
0.035478
0.035510
0.035542
0.035574
0.035606
0.035638
0.035670
0.035702
0.035734
0.035767
0.035799
0.035831
0.035863
0.035895
0.035927
0.035959
0.035991
0.036023
0.036055
0.036088
0.036120
0.036152
0.036184
0.036216
0.036248
0.036280
0.036312
0.036344
0.036376
0.036409
0.036441
0.036473
0.036505
0.036537
0.036569
0.036601
0.036633
0.036665
0.036697
0.036730
0.036762
0.036794
0.036826
0.036858
0.036890
0.036922
0.036954
0.036986
0.037018
0.037051
0.037083
0.037115
0.037147
0.037179
0.037211
0.037243
0.037275
0.037307
0.037339
0.037372
0.037404
0.037436
0.037468
0.037500
0.037532
0.037564
0.037596
0.037628
0.037660
0.037693
0.037725
0.037757
0.037789
0.037821
0.037853
0.037885
0.037917
0.037949
0.037981
0.038014
0.038046
0.038078
0.038110
0.038142
0.038174
0.038206
0.038238
0.038270
0.038302
0.038335
0.038367
0.038399
0.038431
0.038463
0.038495
0.038527
0.038559
0.038591
0.038623
0.038656
0.038688
0.038720
0.038752
0.038784
0.038816
0.038848
0.038880
0.038912
0.038944
0.038977
0.039009
0.039041
0.039073
0.039105
0.039137
0.039169
0.039201
0.039233
0.039265
0.039298
0.039330
0.039362
0.039394
0.039426
0.039458
0.039490
0.039522
0.039554
0.039586
0.039619
0.039651
0.039683
0.039715
0.039747
0.039779
0.039811
0.039843
0.039875
0.039908
0.039940
0.039972
0.040004
0.040036
0.040068
0.040100
0.040132
0.040164
0.040196
0.040229
0.040261
0.040293
0.040325
0.040357
0.040389
0.040421
0.040453
0.040485
0.040517
0.040550
0.040582
0.040614
0.040646
0.040678
0.040710
0.040742
0.040774
0.040806
0.040838
0.040871
0.040903
0.040935
0.040967
0.040999
0.041031
0.041063
0.041095
0.041127
0.041159
0.041192
0.041224
0.041256
0.041288
0.041320
0.041352
0.041384
0.041416
0.041448
0.041480
0.041513
0.041545
0.041577
0.041609
0.041641
0.041673
0.041705
0.041737
0.041769
0.041801
0.041834
0.041866
0.041898
0.041930
0.041962
0.041994
0.042026
0.042058
0.042090
0.042122
0.042155
0.042187
0.042219
0.042251
0.042283
0.042315
0.042347
0.042379
0.042411
0.042443
0.042476
0.042508
0.042540
0.042572
0.042604
0.042636
0.042668
0.042700
0.042732
0.042764
0.042797
0.042829
0.042861
0.042893
0.042925
0.042957
0.042989
0.043021
0.043053
0.043085
0.043118
0.043150
0.043182
0.043214
0.043246
0.043278
0.043310
0.043342
0.043374
0.043406
0.043439
0.043471
0.043503
0.043535
0.043567
0.043599
0.043631
0.043663
0.043695
0.043728
0.043760
0.043792
0.043824
0.043856
0.043888
0.043920
0.043952
0.043984
0.044016
0.044049
0.044081
0.044113
0.044145
0.044177
0.044209
0.044241
0.044273
0.044305
0.044337
0.044370
0.044402
0.044434
0.044466
0.044498
0.044530
0.044562
0.044594
0.044626
0.044658
0.044691
0.044723
0.044755
0.044787
0.044819
0.044851
0.044883
0.044915
0.044947
0.044979
0.045012
0.045044
0.045076
0.045108
0.045140
0.045172
0.045204
0.045236
0.045268
0.045300
0.045333
0.045365
0.045397
0.045429
0.045461
0.045493
0.045525
0.045557
0.045589
0.045621
0.045654
0.045686
0.045718
0.045750
0.045782
0.045814
0.045846
0.045878
0.045910
0.045942
0.045975
0.046007
0.046039
0.046071
0.046103
0.046135
0.046167
0.046199
0.046231
0.046263
0.046296
0.046328
0.046360
0.046392
0.046424
0.046456
0.046488
0.046520
0.046552
0.046584
0.046617
0.046649
0.046681
0.046713
0.046745
0.046777
0.046809
0.046841
0.046873
0.046905
0.046938
0.046970
0.047002
0.047034
0.047066
0.047098
0.047130
0.047162
0.047194
0.047226
0.047259
0.047291
0.047323
0.047355
0.047387
0.047419
0.047451
0.047483
0.047515
0.047548
0.047580
0.047612
0.047644
0.047676
0.047708
0.047740
0.047772
0.047804
0.047836
0.047869
0.047901
0.047933
0.047965
0.047997
0.048029
0.048061
0.048093
0.048125
0.048157
0.048190
0.048222
0.048254
0.048286
0.048318
0.048350
0.048382
0.048414
0.048446
0.048478
0.048511
0.048543
0.048575
0.048607
0.048639
0.048671
0.048703
0.048735
0.048767
0.048799
0.048832
0.048864
0.048896
0.048928
0.048960
0.048992
0.049024
0.049056
0.049088
0.049120
0.049153
0.049185
0.049217
0.049249
0.049281
0.049313
0.049345
0.049377
0.049409
0.049441
0.049474
0.049506
0.049538
0.049570
0.049602
0.049634
0.049666
0.049698
0.049730
0.049762
0.049795
0.049827
0.049859
0.049891
0.049923
0.049955
0.049987
0.050019
0.050051
0.050083
0.050116
0.050148
0.050180
0.050212
0.050244
0.050276
0.050308
0.050340
0.050372
0.050404
0.050437
0.050469
0.050501
0.050533
0.050565
0.050597
0.050629
0.050661
0.050693
0.050726
0.050758
0.050790
0.050822
0.050854
0.050886
0.050918
0.050950
0.050982
0.051014
0.051047
0.051079
0.051111
0.051143
0.051175
0.051207
0.051239
0.051271
0.051303
0.051335
0.051368
0.051400
0.051432
0.051464
0.051496
0.051528
0.051560
0.051592
0.051624
0.051656
0.051689
0.051721
0.051753
0.051785
0.051817
0.051849
0.051881
0.051913
0.051945
0.051977
0.052010
0.052042
0.052074
0.052106
0.052138
0.052170
0.052202
0.052234
0.052266
0.052298
0.052331
0.052363
0.052395
0.052427
0.052459
0.052491
0.052523
0.052555
0.052587
0.052619
0.052652
0.052684
0.052716
0.052748
0.052780
0.052812
0.052844
0.052876
0.052908
0.052940
0.052973
0.053005
0.053037
0.053069
0.053101
0.053133
0.053165
0.053197
0.053229
0.053261
0.053294
0.053326
0.053358
0.053390
0.053422
0.053454
0.053486
0.053518
0.053550
0.053582
0.053615
0.053647
0.053679
0.053711
0.053743
0.053775
0.053807
0.053839
0.053871
0.053904
0.053936
0.053968
0.054000
0.054032
0.054064
0.054096
0.054128
0.054160
0.054192
0.054225
0.054257
0.054289
0.054321
0.054353
0.054385
0.054417
0.054449
0.054481
0.054513
0.054546
0.054578
0.054610
0.054642
0.054674
0.054706
0.054738
0.054770
0.054802
0.054834
0.054867
0.054899
0.054931
0.054963
0.054995
0.055027
0.055059
0.055091
0.055123
0.055155
0.055188
0.055220
0.055252
0.055284
0.055316
0.055348
0.055380
0.055412
0.055444
0.055476
0.055509
0.055541
0.055573
0.055605
0.055637
0.055669
0.055701
0.055733
0.055765
0.055797
0.055830
0.055862
0.055894
0.055926
0.055958
0.055990
0.056022
0.056054
0.056086
0.056118
0.056151
0.056183
0.056215
0.056247
0.056279
0.056311
0.056343
0.056375
0.056407
0.056439
0.056472
0.056504
0.056536
0.056568
0.056600
0.056632
0.056664
0.056696
0.056728
0.056761
0.056793
0.056825
0.056857
0.056889
0.056921
0.056953
0.056985
0.057017
0.057049
0.057082
0.057114
0.057146
0.057178
0.057210
0.057242
0.057274
0.057306
0.057338
0.057370
0.057403
0.057435
0.057467
0.057499
0.057531
0.057563
0.057595
0.057627
0.057659
0.057691
0.057724
0.057756
0.057788
0.057820
0.057852
0.057884
0.057916
0.057948
0.057980
0.058012
0.058045
0.058077
0.058109
0.058141
0.058173
0.058205
0.058237
0.058269
0.058301
0.058333
0.058366
0.058398
0.058430
0.058462
0.058494
0.058526
0.058558
0.058590
0.058622
0.058654
0.058687
0.058719
0.058751
0.058783
0.058815
0.058847
0.058879
0.058911
0.058943
0.058975
0.059008
0.059040
0.059072
0.059104
0.059136
0.059168
0.059200
0.059232
0.059264
0.059296
0.059329
0.059361
0.059393
0.059425
0.059457
0.059489
0.059521
0.059553
0.059585
0.059618
0.059650
0.059682
0.059714
0.059746
0.059778
0.059810
0.059842
0.059874
0.059906
0.059939
0.059971
0.060003
0.060035
0.060067
0.060099
0.060131
0.060163
0.060195
0.060227
0.060260
0.060292
0.060324
0.060356
0.060388
0.060420
0.060452
0.060484
0.060516
0.060548
0.060581
0.060613
0.060645
0.060677
0.060709
0.060741
0.060773
0.060805
0.060837
0.060869
0.060902
0.060934
0.060966
0.060998
0.061030
0.061062
0.061094
0.061126
0.061158
0.061190
0.061223
0.061255
0.061287
0.061319
0.061351
0.061383
0.061415
0.061447
0.061479
0.061511
0.061544
0.061576
0.061608
0.061640
0.061672
0.061704
0.061736
0.061768
0.061800
0.061832
0.061865
0.061897
0.061929
0.061961
0.061993
0.062025
0.062057
0.062089
0.062121
0.062154
0.062186
0.062218
0.062250
0.062282
0.062314
0.062346
0.062378
0.062410
0.062442
0.062475
0.062507
0.062539
0.062571
0.062603
0.062635
0.062667
0.062699
0.062731
0.062763
0.062796
0.062828
0.062860
0.062892
0.062924
0.062956
0.062988
0.063020
0.063052
0.063084
0.063117
0.063149
0.063181
0.063213
0.063245
0.063277
0.063309
0.063341
0.063373
0.063405
0.063438
0.063470
0.063502
0.063534
0.063566
0.063598
0.063630
0.063662
0.063694
0.063726
0.063759
0.063791
0.063823
0.063855
0.063887
0.063919
0.063951
0.063983
0.064015
0.064047
0.064080
0.064112
0.064144
0.064176
0.064208
0.064240
0.064272
0.064304
0.064336
0.064368
0.064401
0.064433
0.064465
0.064497
0.064529
0.064561
0.064593
0.064625
0.064657
0.064689
0.064722
0.064754
0.064786
0.064818
0.064850
0.064882
0.064914
0.064946
0.064978
0.065011
0.065043
0.065075
0.065107
0.065139
0.065171
0.065203
0.065235
0.065267
0.065299
0.065332
0.065364
0.065396
0.065428
0.065460
0.065492
0.065524
0.065556
0.065588
0.065620
0.065653
0.065685
0.065717
0.065749
0.065781
0.065813
0.065845
0.065877
0.065909
0.065941
0.065974
0.066006
0.066038
0.066070
0.066102
0.066134
0.066166
0.066198
0.066230
0.066262
0.066295
0.066327
0.066359
0.066391
0.066423
0.066455
0.066487
0.066519
0.066551
0.066583
0.066616
0.066648
0.066680
0.066712
0.066744
0.066776
0.066808
0.066840
0.066872
0.066904
0.066937
0.066969
0.067001
0.067033
0.067065
0.067097
0.067129
0.067161
0.067193
0.067226
0.067258
0.067290
0.067322
0.067354
0.067386
0.067418
0.067450
0.067482
0.067514
0.067547
0.067579
0.067611
0.067643
0.067675
0.067707
0.067739
0.067771
0.067803
0.067835
0.067868
0.067900
0.067932
0.067964
0.067996
0.068028
0.068060
0.068092
0.068124
0.068156
0.068189
0.068221
0.068253
0.068285
0.068317
0.068349
0.068381
0.068413
0.068445
0.068477
0.068510
0.068542
0.068574
0.068606
0.068638
0.068670
0.068702
0.068734
0.068766
0.068798
0.068831
0.068863
0.068895
0.068927
0.068959
0.068991
0.069023
0.069055
0.069087
0.069119
0.069152
0.069184
0.069216
0.069248
0.069280
0.069312
0.069344
0.069376
0.069408
0.069440
0.069473
0.069505
0.069537
0.069569
0.069601
0.069633
0.069665
0.069697
0.069729
0.069762
0.069794
0.069826
0.069858
0.069890
0.069922
0.069954
0.069986
0.070018
0.070050
0.070083
0.070115
0.070147
0.070179
0.070211
0.070243
0.070275
0.070307
0.070339
0.070371
0.070404
0.070436
0.070468
0.070500
0.070532
0.070564
0.070596
0.070628
0.070660
0.070692
0.070725
0.070757
0.070789
0.070821
0.070853
0.070885
0.070917
0.070949
0.070981
0.071013
0.071046
0.071078
0.071110
0.071141
0.071171
0.071201
0.071230
0.071260
0.071290
0.071319
0.071349
0.071378
0.071408
0.071438
0.071467
0.071497
0.071527
0.071556
0.071586
0.071616
0.071645
0.071675
0.071705
0.071734
0.071764
0.071794
0.071823
0.071853
0.071883
0.071912
0.071942
0.071972
0.072001
0.072031
0.072061
0.072090
0.072120
0.072150
0.072179
0.072209
0.072239
0.072268
0.072298
0.072328
0.072357
0.072387
0.072417
0.072446
0.072476
0.072506
0.072535
0.072565
0.072595
0.072624
0.072654
0.072684
0.072713
0.072743
0.072773
0.072802
0.072832
0.072862
0.072891
0.072921
0.072951
0.072980
0.073010
0.073038
0.073066
0.073094
0.073122
0.073150
0.073178
0.073207
0.073235
0.073263
0.073291
0.073319
0.073347
0.073375
0.073403
0.073431
0.073459
0.073487
0.073515
0.073543
0.073571
0.073599
0.073627
0.073656
0.073684
0.073712
0.073740
0.073768
0.073796
0.073824
0.073852
0.073880
0.073908
0.073936
0.073964
0.073992
0.074020
0.074048
0.074076
0.074105
0.074133
0.074161
0.074189
0.074217
0.074245
0.074273
0.074301
0.074329
0.074357
0.074385
0.074413
0.074441
0.074469
0.074497
0.074525
0.074554
0.074582
0.074610
0.074638
0.074666
0.074694
0.074722
0.074750
0.074778
0.074806
0.074834
0.074862
0.074890
0.074918
0.074946
0.074974
0.075003
0.075031
0.075059
0.075087
0.075115
0.075143
0.075171
0.075199
0.075227
0.075255
0.075283
0.075311
0.075339
0.075367
0.075395
0.075423
0.075452
0.075480
0.075508
0.075536
0.075564
0.075592
0.075620
0.075648
0.075676
0.075704
0.075732
0.075760
0.075788
0.075816
0.075844
0.075872
0.075901
0.075929
0.075957
0.075985
0.076013
0.076041
0.076069
0.076097
0.076125
0.076153
0.076181
0.076209
0.076237
0.076265
0.076293
0.076321
0.076350
0.076378
0.076406
0.076434
0.076462
0.076490
0.076518
0.076546
0.076574
0.076602
0.076630
0.076658
0.076686
0.076714
0.076742
0.076770
0.076799
0.076827
0.076855
0.076883
0.076911
0.076939
0.076967
0.076995
0.077023
0.077051
0.077079
0.077107
0.077135
0.077163
0.077191
0.077219
0.077248
0.077276
0.077304
0.077332
0.077360
0.077388
0.077416
0.077444
0.077472
0.077500
0.077528
0.077556
0.077584
0.077612
0.077640
0.077668
0.077697
0.077725
0.077753
0.077781
0.077809
0.077837
0.077865
0.077893
0.077921
0.077949
0.077977
0.078005
0.078033
0.078061
0.078089
0.078117
0.078146
0.078174
0.078202
0.078230
0.078258
0.078286
0.078314
0.078342
0.078370
0.078398
0.078426
0.078454
0.078482
0.078510
0.078538
0.078566
0.078595
0.078623
0.078651
0.078679
0.078707
0.078735
0.078763
0.078791
0.078819
0.078847
0.078875
0.078903
0.078931
0.078959
0.078987
0.079015
0.079044
0.079072
0.079100
0.079128
0.079156
0.079184
0.079212
0.079240
0.079268
0.079296
0.079324
0.079352
0.079380
0.079408
0.079436
0.079465
0.079493
0.079521
0.079549
0.079577
0.079605
0.079633
0.079661
0.079689
0.079717
0.079745
0.079773
0.079801
0.079829
0.079857
0.079885
0.079914
0.079942
0.079970
0.079998
0.080026
0.080054
0.080082
0.080110
0.080138
0.080166
0.080194
0.080222
0.080250
0.080278
0.080306
0.080334
0.080363
0.080391
0.080419
0.080447
0.080475
0.080503
0.080531
0.080559
0.080587
0.080615
0.080643
0.080671
0.080699
0.080727
0.080755
0.080783
0.080812
0.080840
0.080868
0.080896
0.080924
0.080952
0.080980
0.081008
0.081036
0.081064
0.081092
0.081120
0.081148
0.081176
0.081204
0.081233
0.081261
0.081289
0.081317
0.081345
0.081373
0.081401
0.081429
0.081457
0.081485
0.081513
0.081541
0.081569
0.081597
0.081625
0.081653
0.081682
0.081710
0.081738
0.081766
0.081794
0.081822
0.081850
0.081878
0.081906
0.081934
0.081962
0.081990
0.082018
0.082046
0.082074
0.082102
0.082131
0.082159
0.082187
0.082215
0.082243
0.082271
0.082299
0.082327
0.082355
0.082383
0.082411
0.082439
0.082467
0.082495
0.082523
0.082552
0.082580
0.082608
0.082636
0.082664
0.082692
0.082720
0.082748
0.082776
0.082804
0.082832
0.082860
0.082888
0.082916
0.082944
0.082972
0.083001
0.083029
0.083057
0.083085
0.083113
0.083141
0.083169
0.083197
0.083225
0.083253
0.083281
0.083309
0.083337
0.083365
0.083393
0.083422
0.083450
0.083478
0.083506
0.083534
0.083562
0.083590
0.083618
0.083646
0.083674
0.083702
0.083730
0.083758
0.083786
0.083814
0.083842
0.083871
0.083899
0.083927
0.083955
0.083983
0.084011
0.084039
0.084067
0.084095
0.084123
0.084151
0.084179
0.084207
0.084235
0.084263
0.084292
0.084320
0.084348
0.084376
0.084404
0.084432
0.084460
0.084488
0.084516
0.084544
0.084572
0.084600
0.084628
0.084656
0.084684
0.084712
0.084741
0.084769
0.084797
0.084825
0.084853
0.084881
0.084909
0.084937
0.084965
0.084993
0.085021
0.085049
0.085077
0.085105
0.085133
0.085162
0.085190
0.085218
0.085246
0.085274
0.085302
0.085330
0.085358
0.085386
0.085414
0.085442
0.085470
0.085498
0.085526
0.085554
0.085583
0.085611
0.085639
0.085667
0.085695
0.085723
0.085751
0.085779
0.085807
0.085835
0.085863
0.085891
0.085919
0.085947
0.085975
0.086003
0.086032
0.086060
0.086088
0.086116
0.086144
0.086172
0.086200
0.086228
0.086256
0.086284
0.086312
0.086340
0.086368
0.086396
0.086424
0.086453
0.086481
0.086509
0.086537
0.086565
0.086593
0.086621
0.086649
0.086677
0.086705
0.086733
0.086761
0.086789
0.086817
0.086845
0.086874
0.086902
0.086930
0.086958
0.086986
0.087014
0.087042
0.087070
0.087098
0.087126
0.087154
0.087182
0.087210
0.087238
0.087266
0.087294
0.087323
0.087351
0.087379
0.087407
0.087435
0.087463
0.087491
0.087519
0.087547
0.087575
0.087603
0.087631
0.087659
0.087687
0.087715
0.087744
0.087772
0.087800
0.087828
0.087856
0.087884
0.087912
0.087940
0.087968
0.087996
0.088024
0.088052
0.088080
0.088108
0.088136
0.088165
0.088193
0.088221
0.088249
0.088277
0.088305
0.088333
0.088361
0.088389
0.088417
0.088445
0.088473
0.088501
0.088529
0.088557
0.088586
0.088614
0.088642
0.088670
0.088698
0.088726
0.088754
0.088782
0.088810
0.088838
0.088866
0.088894
0.088922
0.088950
0.088978
0.089006
0.089035
0.089063
0.089091
0.089119
0.089147
0.089175
0.089203
0.089231
0.089259
0.089287
0.089315
0.089343
0.089371
0.089399
0.089427
0.089456
0.089484
0.089512
0.089540
0.089568
0.089596
0.089624
0.089652
0.089680
0.089708
0.089736
0.089764
0.089792
0.089820
0.089848
0.089877
0.089905
0.089933
0.089961
0.089989
0.090017
0.090045
0.090073
0.090101
0.090129
0.090157
0.090185
0.090213
0.090241
0.090269
0.090298
0.090326
0.090354
0.090382
0.090410
0.090438
0.090466
0.090494
0.090522
0.090550
0.090578
0.090606
0.090634
0.090662
0.090690
0.090719
0.090747
0.090775
0.090803
0.090831
0.090859
0.090887
0.090915
0.090943
0.090971
0.090999
0.091027
0.091055
0.091083
0.091111
0.091140
0.091168
0.091196
0.091224
0.091252
0.091280
0.091308
0.091336
0.091364
0.091392
0.091420
0.091448
0.091476
0.091504
0.091532
0.091561
0.091589
0.091617
0.091645
0.091673
0.091701
0.091729
0.091757
0.091785
0.091813
0.091841
0.091869
0.091897
0.091925
0.091953
0.091982
0.092010
0.092038
0.092066
0.092094
0.092122
0.092150
0.092178
0.092206
0.092234
0.092262
0.092290
0.092318
0.092346
0.092374
0.092403
0.092431
0.092459
0.092487
0.092515
0.092543
0.092571
0.092599
0.092627
0.092655
0.092683
0.092711
0.092739
0.092767
0.092795
0.092824
0.092852
0.092880
0.092908
0.092936
0.092964
0.092992
0.093020
0.093048
0.093076
0.093104
0.093132
0.093160
0.093188
0.093216
0.093245
0.093273
0.093301
0.093329
0.093357
0.093385
0.093413
0.093441
0.093469
0.093497
0.093525
0.093553
0.093581
0.093609
0.093637
0.093666
0.093694
0.093722
0.093750
0.093778
0.093806
0.093834
0.093862
0.093890
0.093918
0.093946
0.093974
0.094002
0.094030
0.094058
0.094087
0.094115
0.094143
0.094171
0.094199
0.094227
0.094255
0.094283
0.094311
0.094339
0.094367
0.094395
0.094423
0.094451
0.094479
0.094508
0.094536
0.094564
0.094592
0.094620
0.094648
0.094676
0.094704
0.094732
0.094760
0.094788
0.094816
0.094844
0.094872
0.094901
0.094929
0.094957
0.094985
0.095013
0.095041
0.095069
0.095097
0.095125
0.095153
0.095181
0.095209
0.095237
0.095265
0.095293
0.095322
0.095350
0.095378
0.095406
0.095434
0.095462
0.095490
0.095518
0.095546
0.095574
0.095602
0.095630
0.095658
0.095686
0.095714
0.095743
0.095771
0.095799
0.095827
0.095855
0.095883
0.095911
0.095939
0.095967
0.095995
0.096023
0.096051
0.096079
0.096107
0.096135
0.096164
0.096192
0.096220
0.096248
0.096276
0.096304
0.096332
0.096360
0.096388
0.096416
0.096444
0.096472
0.096500
0.096528
0.096557
0.096585
0.096613
0.096641
0.096669
0.096697
0.096725
0.096753
0.096781
0.096809
0.096837
0.096865
0.096893
0.096921
0.096949
0.096978
0.097006
0.097034
0.097062
0.097090
0.097118
0.097146
0.097174
0.097202
0.097230
0.097258
0.097286
0.097314
0.097342
0.097370
0.097399
0.097427
0.097455
0.097483
0.097511
0.097539
0.097567
0.097595
0.097623
0.097651
0.097679
0.097707
0.097735
0.097763
0.097792
0.097820
0.097848
0.097876
0.097904
0.097932
0.097960
0.097988
0.098016
0.098044
0.098072
0.098100
0.098128
0.098156
0.098184
0.098213
0.098241
0.098269
0.098297
0.098325
0.098353
0.098381
0.098409
0.098437
0.098465
0.098493
0.098521
0.098549
0.098577
0.098605
0.098634
0.098662
0.098690
0.098718
0.098746
0.098774
0.098802
0.098830
0.098858
0.098886
0.098914
0.098942
0.098970
0.098998
0.099027
0.099055
0.099083
0.099111
0.099139
0.099167
0.099195
0.099223
0.099251
0.099279
0.099307
0.099335
0.099363
0.099391
0.099419
0.099448
0.099476
0.099504
0.099532
0.099560
0.099588
0.099616
0.099644
0.099672
0.099700
0.099728
0.099756
0.099784
0.099812
0.099841
0.099869
0.099897
0.099925
0.099953
0.099981
0.100009
0.100037
0.100065
0.100093
0.100121
0.100149
0.100177
0.100205
0.100233
0.100262
0.100290
0.100318
0.100346
0.100374
0.100402
0.100430
0.100458
0.100486
0.100514
0.100542
0.100570
0.100598
0.100626
0.100655
0.100683
0.100711
0.100739
0.100767
0.100795
0.100823
0.100851
0.100879
0.100907
0.100935
0.100963
0.100991
0.101019
0.101047
0.101076
0.101104
0.101132
0.101160
0.101188
0.101216
0.101244
0.101272
0.101300
0.101328
0.101356
0.101384
0.101412
0.101440
0.101469
0.101497
0.101525
0.101553
0.101581
0.101609
0.101637
0.101665
0.101693
0.101721
0.101749
0.101777
0.101805
0.101833
0.101861
0.101890
0.101918
0.101946
0.101974
0.102002
0.102030
0.102058
0.102086
0.102114
0.102142
0.102170
0.102198
0.102226
0.102254
0.102283
0.102311
0.102339
0.102367
0.102395
0.102423
0.102451
0.102479
0.102507
0.102535
0.102563
0.102591
0.102619
0.102647
0.102676
0.102704
0.102732
0.102760
0.102788
0.102816
0.102844
0.102872
0.102900
0.102928
0.102956
0.102984
0.103012
0.103040
0.103068
0.103097
0.103125
0.103153
0.103181
0.103209
0.103237
0.103265
0.103293
0.103321
0.103349
0.103377
0.103405
0.103433
0.103461
0.103490
0.103518
0.103546
0.103574
0.103602
0.103630
0.103658
0.103686
0.103714
0.103742
0.103770
