0.000000
0.000000
0.000000
0.000000
0.000000
0.000000
0.000000
0.000000
0.000000
0.000000
0.000047
0.000095
0.000142
0.000189
0.000237
0.000284
0.000331
0.000379
0.000426
0.000473
0.000521
0.000568
0.000615
0.000663
0.000710
0.000757
0.000805
0.000852
0.000899
0.000947
0.000994
0.001041
0.001089
0.001136
0.001183
0.001231
0.001278
0.001325
0.001373
0.001420
0.001467
0.001515
0.001562
0.001609
0.001657
0.001704
0.001751
0.001799
0.001846
0.001893
0.001941
0.001988
0.002035
0.002083
0.002130
0.002178
0.002225
0.002272
0.002320
0.002367
0.002414
0.002462
0.002509
0.002556
0.002604
0.002651
0.002698
0.002746
0.002793
0.002840
0.002888
0.002935
0.002982
0.003030
0.003077
0.003124
0.003172
0.003219
0.003266
0.003314
0.003361
0.003408
0.003456
0.003503
0.003550
0.003598
0.003645
0.003692
0.003740
0.003787
0.003834
0.003882
0.003929
0.003976
0.004024
0.004071
0.004118
0.004166
0.004213
0.004260
0.004308
0.004355
0.004402
0.004450
0.004497
0.004544
0.004592
0.004639
0.004686
0.004734
0.004781
0.004828
0.004876
0.004923
0.004970
0.005018
0.005065
0.005112
0.005160
0.005207
0.005254
0.005302
0.005349
0.005396
0.005444
0.005491
0.005538
0.005586
0.005633
0.005680
0.005728
0.005775
0.005822
0.005870
0.005917
0.005964
0.006012
0.006059
0.006106
0.006154
0.006201
0.006248
0.006296
0.006343
0.006390
0.006438
0.006485
0.006532
0.006580
0.006627
0.006674
0.006722
0.006769
0.006816
0.006864
0.006911
0.006958
0.007006
0.007053
0.007100
0.007148
0.007195
0.007242
0.007290
0.007337
0.007384
0.007432
0.007479
0.007526
0.007574
0.007621
0.007668
0.007716
0.007763
0.007810
0.007858
0.007905
0.007952
0.008000
0.008047
0.008094
0.008142
0.008189
0.008236
0.008284
0.008331
0.008378
0.008426
0.008473
0.008520
0.008568
0.008615
0.008662
0.008709
0.008757
0.008804
0.008851
0.008899
0.008946
0.008993
0.009041
0.009088
0.009135
0.009183
0.009230
0.009277
0.009325
0.009372
0.009419
0.009467
0.009514
0.009561
0.009609
0.009656
0.009703
0.009751
0.009798
0.009845
0.009893
0.009940
0.009987
0.010035
0.010082
0.010129
0.010177
0.010224
0.010271
0.010319
0.010366
0.010413
0.010461
0.010508
0.010555
0.010603
0.010650
0.010697
0.010745
0.010792
0.010839
0.010887
0.010934
0.010981
0.011029
0.011076
0.011123
0.011171
0.011218
0.011265
0.011313
0.011360
0.011407
0.011455
0.011502
0.011549
0.011597
0.011644
0.011691
0.011739
0.011786
0.011833
0.011881
0.011928
0.011975
0.012023
0.012070
0.012117
0.012164
0.012212
0.012259
0.012306
0.012354
0.012401
0.012448
0.012496
0.012543
0.012590
0.012638
0.012685
0.012732
0.012780
0.012827
0.012874
0.012922
0.012969
0.013016
0.013064
0.013111
0.013158
0.013206
0.013253
0.013300
0.013348
0.013395
0.013442
0.013490
0.013537
0.013584
0.013632
0.013679
0.013726
0.013774
0.013821
0.013868
0.013916
0.013963
0.014010
0.014058
0.014105
0.014152
0.014200
0.014247
0.014294
0.014341
0.014389
0.014436
0.014483
0.014531
0.014578
0.014625
0.014673
0.014720
0.014767
0.014815
0.014862
0.014909
0.014957
0.015004
0.015051
0.015099
0.015146
0.015193
0.015241
0.015288
0.015335
0.015383
0.015430
0.015477
0.015525
0.015572
0.015619
0.015667
0.015714
0.015761
0.015809
0.015856
0.015903
0.015951
0.015998
0.016045
0.016092
0.016140
0.016187
0.016234
0.016282
0.016329
0.016376
0.016424
0.016471
0.016518
0.016566
0.016613
0.016660
0.016708
0.016755
0.016802
0.016850
0.016897
0.016944
0.016992
0.017039
0.017086
0.017134
0.017181
0.017228
0.017276
0.017323
0.017370
0.017418
0.017465
0.017512
0.017560
0.017607
0.017654
0.017701
0.017749
0.017796
0.017843
0.017891
0.017938
0.017985
0.018033
0.018080
0.018127
0.018175
0.018222
0.018269
0.018317
0.018364
0.018411
0.018459
0.018506
0.018553
0.018601
0.018648
0.018695
0.018743
0.018790
0.018837
0.018885
0.018932
0.018979
0.019026
0.019074
0.019121
0.019168
0.019216
0.019263
0.019310
0.019358
0.019405
0.019452
0.019500
0.019547
0.019594
0.019642
0.019689
0.019736
0.019784
0.019831
0.019878
0.019926
0.019973
0.020020
0.020068
0.020115
0.020162
0.020209
0.020257
0.020304
0.020351
0.020399
0.020446
0.020493
0.020541
0.020588
0.020635
0.020683
0.020730
0.020777
0.020825
0.020872
0.020919
0.020967
0.021014
0.021061
0.021109
0.021156
0.021203
0.021251
0.021298
0.021345
0.021392
0.021440
0.021487
0.021534
0.021582
0.021629
0.021676
0.021724
0.021771
0.021818
0.021866
0.021913
0.021960
0.022008
0.022055
0.022102
0.022150
0.022197
0.022244
0.022292
0.022339
0.022386
0.022433
0.022481
0.022528
0.022575
0.022623
0.022670
0.022717
0.022765
0.022812
0.022859
0.022907
0.022954
0.023001
0.023049
0.023096
0.023143
0.023191
0.023238
0.023285
0.023333
0.023380
0.023427
0.023474
0.023522
0.023569
0.023616
0.023664
0.023711
0.023758
0.023806
0.023853
0.023900
0.023948
0.023995
0.024042
0.024090
0.024137
0.024184
0.024232
0.024279
0.024326
0.024373
0.024421
0.024468
0.024515
0.024563
0.024610
0.024657
0.024705
0.024752
0.024799
0.024847
0.024894
0.024941
0.024989
0.025036
0.025083
0.025131
0.025178
0.025225
0.025272
0.025320
0.025367
0.025414
0.025462
0.025509
0.025556
0.025604
0.025651
0.025698
0.025746
0.025793
0.025840
0.025888
0.025935
0.025982
0.026030
0.026077
0.026124
0.026171
0.026219
0.026266
0.026313
0.026361
0.026408
0.026455
0.026503
0.026550
0.026597
0.026645
0.026692
0.026739
0.026787
0.026834
0.026881
0.026928
0.026976
0.027023
0.027070
0.027118
0.027165
0.027212
0.027260
0.027307
0.027354
0.027402
0.027449
0.027496
0.027544
0.027591
0.027638
0.027685
0.027733
0.027780
0.027827
0.027875
0.027922
0.027969
0.028017
0.028064
0.028111
0.028159
0.028206
0.028253
0.028301
0.028348
0.028395
0.028442
0.028490
0.028537
0.028584
0.028632
0.028679
0.028726
0.028774
0.028821
0.028868
0.028916
0.028963
0.029010
0.029058
0.029105
0.029152
0.029199
0.029247
0.029294
0.029341
0.029389
0.029436
0.029483
0.029531
0.029578
0.029625
0.029673
0.029720
0.029767
0.029815
0.029862
0.029909
0.029956
0.030004
0.030051
0.030098
0.030146
0.030193
0.030240
0.030288
0.030335
0.030382
0.030430
0.030477
0.030524
0.030572
0.030619
0.030666
0.030713
0.030761
0.030808
0.030855
0.030903
0.030950
0.030997
0.031045
0.031092
0.031139
0.031187
0.031234
0.031281
0.031328
0.031376
0.031423
0.031470
0.031518
0.031565
0.031612
0.031660
0.031707
0.031754
0.031802
0.031849
0.031896
0.031944
0.031991
0.032038
0.032085
0.032133
0.032180
0.032227
0.032275
0.032322
0.032369
0.032417
0.032464
0.032511
0.032559
0.032606
0.032653
0.032700
0.032748
0.032795
0.032842
0.032890
0.032937
0.032984
0.033032
0.033079
0.033126
0.033174
0.033221
0.033268
0.033315
0.033363
0.033410
0.033457
0.033505
0.033552
0.033599
0.033647
0.033694
0.033741
0.033789
0.033836
0.033883
0.033930
0.033978
0.034025
0.034072
0.034120
0.034167
0.034214
0.034262
0.034309
0.034356
0.034404
0.034451
0.034498
0.034545
0.034593
0.034640
0.034687
0.034735
0.034782
0.034829
0.034877
0.034924
0.034971
0.035019
0.035066
0.035113
0.035160
0.035208
0.035255
0.035302
0.035350
0.035397
0.035444
0.035492
0.035539
0.035586
0.035633
0.035681
0.035728
0.035775
0.035823
0.035870
0.035917
0.035965
0.036012
0.036059
0.036107
0.036154
0.036201
0.036248
0.036296
0.036343
0.036390
0.036438
0.036485
0.036532
0.036580
0.036627
0.036674
0.036722
0.036769
0.036816
0.036863
0.036911
0.036958
0.037005
0.037053
0.037100
0.037147
0.037195
0.037242
0.037289
0.037336
0.037384
0.037431
0.037478
0.037526
0.037573
0.037620
0.037668
0.037715
0.037762
0.037810
0.037857
0.037904
0.037951
0.037999
0.038046
0.038093
0.038141
0.038188
0.038235
0.038283
0.038330
0.038377
0.038424
0.038472
0.038519
0.038566
0.038614
0.038661
0.038708
0.038756
0.038803
0.038850
0.038898
0.038945
0.038992
0.039039
0.039087
0.039134
0.039181
0.039229
0.039276
0.039323
0.039371
0.039418
0.039465
0.039512
0.039560
0.039607
0.039654
0.039702
0.039749
0.039796
0.039844
0.039891
0.039938
0.039985
0.040033
0.040080
0.040127
0.040175
0.040222
0.040269
0.040317
0.040364
0.040411
0.040458
0.040504
0.040546
0.040587
0.040629
0.040671
0.040713
0.040754
0.040796
0.040834
0.040866
0.040897
0.040929
0.040961
0.040992
0.041024
0.041055
0.041087
0.041119
0.041150
0.041182
0.041214
0.041245
0.041277
0.041309
0.041340
0.041372
0.041404
0.041435
0.041467
0.041498
0.041530
0.041562
0.041593
0.041625
0.041657
0.041688
0.041720
0.041752
0.041783
0.041815
0.041847
0.041878
0.041910
0.041941
0.041973
0.042005
0.042036
0.042068
0.042100
0.042131
0.042163
0.042195
0.042226
0.042258
0.042290
0.042321
0.042353
0.042384
0.042416
0.042448
0.042479
0.042511
0.042543
0.042574
0.042606
0.042638
0.042669
0.042701
0.042733
0.042764
0.042796
0.042828
0.042859
0.042891
0.042922
0.042954
0.042986
0.043017
0.043049
0.043081
0.043112
0.043144
0.043176
0.043207
0.043239
0.043271
0.043302
0.043334
0.043365
0.043397
0.043429
0.043460
0.043492
0.043524
0.043555
0.043587
0.043619
0.043650
0.043682
0.043714
0.043745
0.043777
0.043808
0.043840
0.043872
0.043903
0.043935
0.043967
0.043998
0.044030
0.044062
0.044093
0.044125
0.044157
0.044188
0.044220
0.044252
0.044283
0.044315
0.044346
0.044378
0.044410
0.044441
0.044473
0.044505
0.044536
0.044568
0.044600
0.044631
0.044663
0.044695
0.044726
0.044758
0.044789
0.044821
0.044853
0.044884
0.044916
0.044948
0.044979
0.045011
0.045043
0.045074
0.045106
0.045138
0.045169
0.045201
0.045232
0.045264
0.045296
0.045327
0.045359
0.045391
0.045422
0.045454
0.045486
0.045517
0.045549
0.045581
0.045612
0.045644
0.045676
0.045707
0.045739
0.045770
0.045802
0.045834
0.045865
0.045897
0.045929
0.045960
0.045992
0.046024
0.046055
0.046087
0.046119
0.046150
0.046182
0.046213
0.046245
0.046277
0.046308
0.046340
0.046372
0.046403
0.046435
0.046467
0.046498
0.046530
0.046562
0.046593
0.046625
0.046657
0.046688
0.046720
0.046751
0.046783
0.046815
0.046846
0.046878
0.046910
0.046941
0.046973
0.047005
0.047036
0.047068
0.047100
0.047131
0.047163
0.047194
0.047226
0.047258
0.047289
0.047321
0.047353
0.047384
0.047416
0.047448
0.047479
0.047511
0.047543
0.047574
0.047606
0.047638
0.047669
0.047701
0.047732
0.047764
0.047796
0.047827
0.047859
0.047891
0.047922
0.047954
0.047986
0.048017
0.048049
0.048081
0.048112
0.048144
0.048175
0.048207
0.048239
0.048270
0.048302
0.048334
0.048365
0.048397
0.048429
0.048460
0.048492
0.048524
0.048555
0.048587
0.048619
0.048650
0.048682
0.048713
0.048745
0.048777
0.048808
0.048840
0.048872
0.048903
0.048935
0.048967
0.048998
0.049030
0.049062
0.049093
0.049125
0.049156
0.049188
0.049220
0.049251
0.049283
0.049315
0.049346
0.049378
0.049410
0.049441
0.049473
0.049505
0.049536
0.049568
0.049600
0.049631
0.049663
0.049694
0.049726
0.049758
0.049789
0.049821
0.049853
0.049884
0.049916
0.049948
0.049979
0.050011
0.050043
0.050074
0.050106
0.050137
0.050169
0.050201
0.050232
0.050264
0.050296
0.050327
0.050359
0.050391
0.050422
0.050454
0.050486
0.050517
0.050549
0.050581
0.050612
0.050644
0.050675
0.050707
0.050739
0.050770
0.050802
0.050834
0.050865
0.050897
0.050929
0.050960
0.050992
0.051024
0.051055
0.051087
0.051119
0.051150
0.051182
0.051213
0.051245
0.051277
0.051308
0.051340
0.051372
0.051403
0.051435
0.051467
0.051498
0.051530
0.051562
0.051593
0.051625
0.051656
0.051688
0.051720
0.051751
0.051783
0.051815
0.051846
0.051878
0.051910
0.051941
0.051973
0.052005
0.052036
0.052068
0.052100
0.052131
0.052163
0.052194
0.052226
0.052258
0.052289
0.052321
0.052353
0.052384
0.052416
0.052448
0.052479
0.052511
0.052543
0.052574
0.052606
0.052638
0.052669
0.052701
0.052732
0.052764
0.052796
0.052827
0.052859
0.052891
0.052922
0.052954
0.052986
0.053017
0.053049
0.053081
0.053112
0.053144
0.053176
0.053207
0.053239
0.053270
0.053302
0.053334
0.053365
0.053397
0.053429
0.053460
0.053492
0.053524
0.053555
0.053587
0.053619
0.053650
0.053682
0.053713
0.053745
0.053777
0.053808
0.053840
0.053872
0.053903
0.053935
0.053967
0.053998
0.054030
0.054062
0.054093
0.054125
0.054157
0.054188
0.054220
0.054251
0.054283
0.054315
0.054346
0.054378
0.054410
0.054441
0.054473
0.054505
0.054536
0.054568
0.054600
0.054631
0.054663
0.054695
0.054726
0.054758
0.054789
0.054821
0.054853
0.054884
0.054916
0.054948
0.054979
0.055011
0.055043
0.055074
0.055106
0.055138
0.055169
0.055201
0.055233
0.055264
0.055296
0.055327
0.055359
0.055391
0.055422
0.055454
0.055486
0.055517
0.055549
0.055581
0.055612
0.055644
0.055676
0.055707
0.055739
0.055771
0.055802
0.055834
0.055865
0.055897
0.055929
0.055960
0.055992
0.056024
0.056055
0.056087
0.056119
0.056150
0.056182
0.056214
0.056245
0.056277
0.056309
0.056340
0.056372
0.056403
0.056435
0.056467
0.056498
0.056530
0.056562
0.056593
0.056625
0.056657
0.056688
0.056720
0.056752
0.056783
0.056815
0.056847
0.056878
0.056910
0.056941
0.056973
0.057005
0.057036
0.057068
0.057100
0.057131
0.057163
0.057195
0.057226
0.057258
0.057290
0.057321
0.057353
0.057385
0.057416
0.057448
0.057479
0.057511
0.057543
0.057574
0.057606
0.057638
0.057669
0.057701
0.057733
0.057764
0.057796
0.057828
0.057859
0.057891
0.057923
0.057954
0.057986
0.058017
0.058049
0.058081
0.058112
0.058144
0.058176
0.058207
0.058239
0.058271
0.058302
0.058334
0.058366
0.058397
0.058429
0.058461
0.058492
0.058524
0.058555
0.058587
0.058619
0.058650
0.058682
0.058714
0.058745
0.058777
0.058809
0.058840
0.058872
0.058904
0.058935
0.058967
0.058999
0.059030
0.059062
0.059093
0.059125
0.059157
0.059188
0.059220
0.059252
0.059283
0.059315
0.059347
0.059378
0.059410
0.059442
0.059473
0.059505
0.059537
0.059568
0.059600
0.059631
0.059663
0.059695
0.059726
0.059758
0.059790
0.059821
0.059853
0.059885
0.059916
0.059948
0.059980
0.060011
0.060043
0.060075
0.060106
0.060138
0.060169
0.060201
0.060233
0.060264
0.060296
0.060328
0.060359
0.060391
0.060423
0.060454
0.060486
0.060518
0.060549
0.060581
0.060613
0.060644
0.060676
0.060707
0.060739
0.060771
0.060802
0.060834
0.060866
0.060897
0.060929
0.060961
0.060992
0.061024
0.061056
0.061087
0.061119
0.061151
0.061182
0.061214
0.061245
0.061277
0.061309
0.061340
0.061372
0.061404
0.061435
0.061467
0.061499
0.061530
0.061562
0.061594
0.061625
0.061657
0.061689
0.061720
0.061752
0.061784
0.061815
0.061847
0.061878
0.061910
0.061942
0.061973
0.062005
0.062037
0.062068
0.062100
0.062132
0.062163
0.062195
0.062227
0.062258
0.062290
0.062322
0.062353
0.062385
0.062416
0.062448
0.062480
0.062511
0.062543
0.062575
0.062606
0.062638
0.062670
0.062701
0.062733
0.062765
0.062796
0.062828
0.062860
0.062891
0.062923
0.062954
0.062986
0.063018
0.063049
0.063081
0.063113
0.063144
0.063176
0.063208
0.063239
0.063271
0.063303
0.063334
0.063366
0.063398
0.063429
0.063461
0.063493
0.063524
0.063556
0.063587
0.063619
0.063651
0.063682
0.063714
0.063746
0.063777
0.063809
0.063841
0.063872
0.063904
0.063936
0.063967
0.063999
0.064031
0.064062
0.064094
0.064125
0.064157
0.064189
0.064220
0.064252
0.064284
0.064315
0.064347
0.064379
0.064410
0.064442
0.064474
0.064505
0.064537
0.064569
0.064600
0.064632
0.064663
0.064695
0.064727
0.064758
0.064790
0.064822
0.064853
0.064885
0.064917
0.064948
0.064980
0.065012
0.065043
0.065075
0.065107
0.065138
0.065170
0.065202
0.065233
0.065265
0.065296
0.065328
0.065360
0.065391
0.065423
0.065455
0.065486
0.065518
0.065550
0.065581
0.065613
0.065645
0.065676
0.065708
0.065740
0.065771
0.065803
0.065834
0.065866
0.065898
0.065929
0.065961
0.065993
0.066024
0.066056
0.066088
0.066119
0.066151
0.066183
0.066214
0.066246
0.066278
0.066309
0.066341
0.066373
0.066404
0.066436
0.066467
0.066499
0.066531
0.066562
0.066594
0.066626
0.066657
0.066689
0.066721
0.066752
0.066784
0.066816
0.066847
0.066879
0.066911
0.066942
0.066974
0.067006
0.067037
0.067069
0.067100
0.067132
0.067164
0.067195
0.067227
0.067259
0.067290
0.067322
0.067354
0.067385
0.067417
0.067449
0.067480
0.067512
0.067544
0.067575
0.067607
0.067638
0.067670
0.067702
0.067733
0.067765
0.067797
0.067828
0.067860
0.067892
0.067923
0.067955
0.067987
0.068018
0.068050
0.068082
0.068113
0.068145
0.068177
0.068208
0.068240
0.068271
0.068303
0.068335
0.068366
0.068398
0.068430
0.068461
0.068493
0.068525
0.068556
0.068588
0.068620
0.068651
0.068683
0.068715
0.068746
0.068778
0.068810
0.068841
0.068873
0.068904
0.068936
0.068968
0.068999
0.069031
0.069063
0.069094
0.069126
0.069158
0.069189
0.069221
0.069253
0.069284
0.069316
0.069348
0.069379
0.069411
0.069442
0.069474
0.069506
0.069537
0.069569
0.069601
0.069632
0.069664
0.069696
0.069727
0.069759
0.069791
0.069822
0.069854
0.069886
0.069917
0.069949
0.069981
0.070012
0.070044
0.070075
0.070107
0.070139
0.070170
0.070202
0.070234
0.070265
0.070297
0.070329
0.070360
0.070392
0.070424
0.070455
0.070487
0.070519
0.070550
0.070582
0.070614
0.070645
0.070677
0.070708
0.070740
0.070772
0.070803
0.070835
0.070867
0.070898
0.070930
0.070962
0.070993
0.071025
0.071057
0.071088
0.071120
0.071152
0.071183
0.071215
0.071247
0.071278
0.071310
0.071341
0.071373
0.071405
0.071436
0.071468
0.071500
0.071531
0.071563
0.071595
0.071626
0.071658
0.071690
0.071721
0.071753
0.071785
0.071816
0.071848
0.071880
0.071911
0.071943
0.071974
0.072006
0.072038
0.072069
0.072101
0.072133
0.072164
0.072196
0.072228
0.072259
0.072291
0.072323
0.072354
0.072386
0.072418
0.072449
0.072481
0.072513
0.072544
0.072576
0.072607
0.072639
0.072671
0.072702
0.072734
0.072766
0.072797
0.072829
0.072861
0.072892
0.072924
0.072956
0.072987
0.073019
0.073051
0.073082
0.073114
0.073146
0.073177
0.073209
0.073240
0.073272
0.073304
0.073335
0.073367
0.073399
0.073430
0.073462
0.073494
0.073525
0.073557
0.073589
0.073620
0.073652
0.073684
0.073715
0.073747
0.073779
0.073810
0.073842
0.073873
0.073905
0.073937
0.073968
0.074000
0.074032
0.074063
0.074095
0.074127
0.074158
0.074190
0.074222
0.074253
0.074285
0.074317
0.074348
0.074380
0.074412
0.074443
0.074475
0.074506
0.074538
0.074570
0.074601
0.074633
0.074665
0.074696
0.074728
0.074760
0.074791
0.074823
0.074855
0.074886
0.074918
0.074950
0.074981
0.075013
0.075045
0.075076
0.075108
0.075139
0.075171
0.075203
0.075234
0.075266
0.075298
0.075329
0.075361
0.075393
0.075424
0.075456
0.075488
0.075519
0.075551
0.075583
0.075614
0.075646
0.075678
0.075709
0.075741
0.075772
0.075804
0.075836
0.075867
0.075899
0.075931
0.075962
0.075994
0.076026
0.076057
0.076089
0.076121
0.076152
0.076184
0.076214
0.076242
0.076269
0.076296
0.076324
0.076351
0.076378
0.076405
0.076433
0.076460
0.076487
0.076515
0.076542
0.076569
0.076596
0.076624
0.076651
0.076678
0.076705
0.076733
0.076760
0.076787
0.076815
0.076842
0.076869
0.076896
0.076924
0.076951
0.076978
0.077006
0.077033
0.077060
0.077087
0.077115
0.077142
0.077169
0.077197
0.077224
0.077251
0.077278
0.077306
0.077333
0.077360
0.077388
0.077415
0.077442
0.077469
0.077497
0.077524
0.077551
0.077579
0.077606
0.077633
0.077660
0.077688
0.077715
0.077742
0.077770
0.077797
0.077824
0.077851
0.077879
0.077906
0.077933
0.077958
0.077982
0.078007
0.078031
0.078056
0.078080
0.078104
0.078129
0.078153
0.078178
0.078202
0.078227
0.078251
0.078275
0.078300
0.078324
0.078349
0.078373
0.078397
0.078422
0.078446
0.078471
0.078495
0.078520
0.078544
0.078568
0.078593
0.078617
0.078642
0.078666
0.078690
0.078715
0.078739
0.078764
0.078788
0.078813
0.078837
0.078861
0.078886
0.078910
0.078935
0.078959
0.078983
0.079008
0.079032
0.079057
0.079081
0.079106
0.079130
0.079154
0.079179
0.079203
0.079228
0.079252
0.079276
0.079301
0.079325
0.079350
0.079374
0.079399
0.079423
0.079447
0.079472
0.079496
0.079521
0.079545
0.079569
0.079594
0.079618
0.079643
0.079667
0.079692
0.079716
0.079740
0.079765
0.079789
0.079814
0.079838
0.079863
0.079887
0.079911
0.079936
0.079960
0.079985
0.080009
0.080033
0.080058
0.080082
0.080107
0.080131
0.080156
0.080180
0.080204
0.080229
0.080253
0.080278
0.080302
0.080326
0.080351
0.080375
0.080400
0.080424
0.080449
0.080473
0.080497
0.080522
0.080546
0.080571
0.080595
0.080620
0.080644
0.080668
0.080693
0.080717
0.080742
0.080766
0.080790
0.080815
0.080839
0.080864
0.080888
0.080913
0.080937
0.080961
0.080986
0.081010
0.081035
0.081059
0.081083
0.081108
0.081132
0.081157
0.081181
0.081206
0.081230
0.081254
0.081279
0.081303
0.081328
0.081352
0.081377
0.081401
0.081425
0.081450
0.081474
0.081499
0.081523
0.081547
0.081572
0.081596
0.081621
0.081645
0.081670
0.081694
0.081718
0.081743
0.081767
0.081792
0.081816
0.081840
0.081865
0.081889
0.081914
0.081938
0.081963
0.081987
0.082011
0.082036
0.082060
0.082085
0.082109
0.082134
0.082158
0.082182
0.082207
0.082231
0.082256
0.082280
0.082304
0.082329
0.082353
0.082378
0.082402
0.082427
0.082451
0.082475
0.082500
0.082524
0.082549
0.082573
0.082598
0.082622
0.082646
0.082671
0.082695
0.082720
0.082744
0.082769
0.082793
0.082817
0.082842
0.082866
0.082891
0.082915
0.082939
0.082964
0.082988
0.083013
0.083037
0.083062
0.083086
0.083110
0.083135
0.083159
0.083184
0.083208
0.083233
0.083257
0.083281
0.083306
0.083330
0.083355
0.083379
0.083403
0.083428
0.083452
0.083477
0.083501
0.083526
0.083550
0.083574
0.083599
0.083623
0.083648
0.083672
0.083697
0.083721
0.083745
0.083770
0.083794
0.083819
0.083843
0.083868
0.083892
0.083916
0.083941
0.083965
0.083990
0.084014
0.084038
0.084063
0.084087
0.084112
0.084136
0.084161
0.084185
0.084209
0.084234
0.084258
0.084283
0.084307
0.084332
0.084356
0.084380
0.084405
0.084429
0.084454
0.084478
0.084503
0.084527
0.084551
0.084576
0.084600
0.084625
0.084649
0.084673
0.084698
0.084722
0.084747
0.084771
0.084796
0.084820
0.084844
0.084869
0.084893
0.084918
0.084942
0.084967
0.084991
0.085015
0.085040
0.085064
0.085089
0.085113
0.085138
0.085162
0.085186
0.085211
0.085235
0.085260
0.085284
0.085309
0.085333
0.085357
0.085382
0.085406
0.085431
0.085455
0.085480
0.085504
0.085528
0.085553
0.085577
0.085602
0.085626
0.085650
0.085675
0.085699
0.085724
0.085748
0.085773
0.085797
0.085821
0.085846
0.085870
0.085895
0.085919
0.085944
0.085968
0.085992
0.086017
0.086041
0.086066
0.086090
0.086115
0.086139
0.086163
0.086188
0.086212
0.086237
0.086261
0.086286
0.086310
0.086334
0.086359
0.086383
0.086408
0.086432
0.086457
0.086481
0.086505
0.086530
0.086554
0.086579
0.086603
0.086628
0.086652
0.086676
0.086701
0.086725
0.086750
0.086774
0.086798
0.086823
0.086847
0.086872
0.086896
0.086921
0.086945
0.086969
0.086994
0.087018
0.087043
0.087067
0.087092
0.087116
0.087140
0.087165
0.087189
0.087214
0.087238
0.087263
0.087287
0.087311
0.087336
0.087360
0.087385
0.087409
0.087434
0.087458
0.087482
0.087507
0.087531
0.087556
0.087580
0.087605
0.087629
0.087653
0.087678
0.087702
0.087727
0.087751
0.087776
0.087800
0.087824
0.087849
0.087873
0.087898
0.087922
0.087947
0.087971
0.087995
0.088020
0.088044
0.088069
0.088093
0.088118
0.088142
0.088166
0.088191
0.088215
0.088240
0.088264
0.088289
0.088313
0.088337
0.088362
0.088386
0.088411
0.088435
0.088460
0.088484
0.088508
0.088533
0.088557
0.088582
0.088606
0.088631
0.088655
0.088679
0.088704
0.088728
0.088753
0.088777
0.088802
0.088826
0.088850
0.088875
0.088899
0.088924
0.088948
0.088973
0.088997
0.089021
0.089046
0.089070
0.089095
0.089119
0.089144
0.089168
0.089192
0.089217
0.089241
0.089266
0.089290
0.089315
0.089339
0.089363
0.089388
0.089412
0.089437
0.089461
0.089486
0.089510
0.089534
0.089559
0.089583
0.089608
0.089632
0.089657
0.089681
0.089705
0.089730
0.089754
0.089779
0.089803
0.089828
0.089852
0.089876
0.089901
0.089925
0.089950
0.089974
0.089999
0.090023
0.090047
0.090072
0.090096
0.090121
0.090145
0.090170
0.090194
0.090218
0.090243
0.090267
0.090292
0.090316
0.090341
0.090365
0.090389
0.090414
0.090438
0.090463
0.090487
0.090512
0.090536
0.090561
0.090585
0.090609
0.090634
0.090658
0.090683
0.090707
0.090732
0.090756
0.090780
0.090805
0.090829
0.090854
0.090878
0.090903
0.090927
0.090951
0.090976
0.091000
0.091025
0.091049
0.091074
0.091098
0.091122
0.091147
0.091171
0.091196
0.091220
0.091245
0.091269
0.091293
0.091318
0.091342
0.091367
0.091391
0.091416
0.091440
0.091464
0.091489
0.091513
0.091538
0.091562
0.091587
0.091611
0.091636
0.091660
0.091684
0.091709
0.091733
0.091758
0.091782
0.091807
0.091831
0.091855
0.091880
0.091904
0.091929
0.091953
0.091978
0.092002
0.092026
0.092051
0.092075
0.092100
0.092124
0.092149
0.092173
0.092197
0.092222
0.092246
0.092271
0.092295
0.092320
0.092344
0.092368
0.092393
0.092417
0.092442
0.092466
0.092491
0.092515
0.092540
0.092564
0.092588
0.092613
0.092637
0.092662
0.092686
0.092711
0.092735
0.092759
0.092784
0.092808
0.092833
0.092857
0.092882
0.092906
0.092930
0.092955
0.092979
0.093004
0.093028
0.093053
0.093077
0.093101
0.093126
0.093150
0.093175
0.093199
0.093224
0.093248
0.093273
0.093297
0.093321
0.093346
0.093370
0.093395
0.093419
0.093444
0.093468
0.093492
0.093517
0.093541
0.093566
0.093590
0.093615
0.093639
0.093663
0.093688
0.093712
0.093737
0.093761
0.093786
0.093810
0.093835
0.093859
0.093883
0.093908
0.093932
0.093957
0.093981
0.094006
0.094030
0.094054
0.094079
0.094103
0.094128
0.094152
0.094177
0.094201
0.094225
0.094250
0.094274
0.094299
0.094323
0.094348
0.094372
0.094397
0.094421
0.094445
0.094470
0.094494
0.094519
0.094543
0.094568
0.094592
0.094616
0.094641
0.094665
0.094690
0.094714
0.094739
0.094763
0.094787
0.094812
0.094836
0.094861
0.094885
0.094910
0.094934
0.094959
0.094983
0.095007
0.095032
0.095056
0.095081
0.095105
0.095130
0.095154
0.095178
0.095203
0.095227
0.095252
0.095276
0.095301
0.095325
0.095350
0.095374
0.095398
0.095423
0.095447
0.095472
0.095496
0.095521
0.095545
0.095569
0.095594
0.095618
0.095643
0.095667
0.095692
0.095716
0.095741
0.095765
0.095789
0.095814
0.095838
0.095863
0.095887
0.095912
0.095936
0.095960
0.095985
0.096009
0.096034
0.096058
0.096083
0.096107
0.096132
0.096156
0.096180
0.096205
0.096229
0.096254
0.096278
0.096303
0.096327
0.096351
0.096376
0.096400
0.096425
0.096449
0.096474
0.096498
0.096523
0.096547
0.096571
0.096596
0.096620
0.096645
0.096669
0.096694
0.096718
0.096742
0.096767
0.096791
0.096816
0.096840
0.096865
0.096889
0.096914
0.096938
0.096962
0.096987
0.097011
0.097036
0.097060
0.097085
0.097109
0.097133
0.097158
0.097182
0.097207
0.097231
0.097256
0.097280
0.097305
0.097329
0.097353
0.097378
0.097402
0.097427
0.097451
0.097476
0.097500
0.097524
0.097549
0.097573
0.097598
0.097622
0.097647
0.097671
0.097696
0.097720
0.097744
0.097769
0.097793
0.097818
0.097842
0.097867
0.097891
0.097916
0.097940
0.097964
0.097989
0.098013
0.098038
0.098062
0.098087
0.098111
0.098135
0.098160
0.098184
0.098209
0.098233
0.098258
0.098282
0.098307
0.098331
0.098355
0.098380
0.098404
0.098429
0.098453
0.098478
0.098502
0.098527
0.098551
0.098575
0.098600
0.098624
0.098649
0.098673
0.098698
0.098722
0.098746
0.098771
0.098795
0.098820
0.098844
0.098869
0.098893
0.098918
0.098942
0.098966
0.098991
0.099015
0.099040
0.099064
0.099089
0.099113
0.099138
0.099162
0.099186
0.099211
0.099235
0.099260
0.099284
0.099309
0.099333
0.099358
0.099382
0.099406
0.099431
0.099455
0.099480
0.099504
0.099529
0.099553
0.099577
0.099602
0.099626
0.099651
0.099675
0.099700
0.099724
0.099749
0.099773
0.099797
0.099822
0.099846
0.099871
0.099895
0.099920
0.099944
0.099969
0.099993
0.100017
0.100042
0.100066
0.100091
0.100115
0.100140
0.100164
0.100189
0.100213
0.100237
0.100262
0.100286
0.100311
0.100335
0.100360
0.100384
0.100409
0.100433
0.100457
0.100482
0.100506
0.100531
0.100555
0.100580
0.100604
0.100628
0.100653
0.100677
0.100702
0.100726
0.100751
0.100775
0.100800
0.100824
0.100848
0.100873
0.100897
0.100922
0.100946
0.100971
0.100995
0.101020
0.101044
0.101068
0.101093
0.101117
0.101142
0.101166
0.101191
0.101215
0.101240
0.101264
0.101288
0.101313
0.101337
0.101362
0.101386
0.101411
0.101435
0.101460
0.101484
0.101508
0.101533
0.101557
0.101582
0.101606
0.101631
0.101655
0.101680
0.101704
0.101728
0.101753
0.101777
0.101802
0.101826
0.101851
0.101875
0.101900
0.101924
0.101948
0.101973
0.101997
0.102022
0.102046
0.102071
0.102095
0.102120
0.102144
0.102168
0.102193
0.102217
0.102242
0.102266
0.102291
0.102315
0.102340
0.102364
0.102388
0.102413
0.102437
0.102462
0.102486
0.102511
0.102535
0.102560
0.102584
0.102608
0.102633
0.102657
0.102682
0.102706
0.102731
0.102755
0.102780
0.102804
0.102828
0.102853
0.102877
0.102902
0.102926
0.102951
0.102975
0.103000
0.103024
0.103048
0.103073
0.103097
0.103122
0.103146
0.103171
0.103195
0.103220
0.103244
0.103268
0.103293
0.103317
0.103342
0.103366
0.103391
0.103415
0.103440
0.103464
0.103488
0.103513
0.103537
0.103562
0.103586
0.103611
0.103635
0.103660
0.103684
0.103709
0.103733
0.103757
0.103782
0.103806
0.103831
0.103855
0.103880
0.103904
0.103929
0.103953
0.103977
0.104002
0.104026
0.104051
0.104075
0.104100
0.104124
0.104149
0.104173
0.104197
0.104222
0.104246
0.104271
0.104295
0.104320
0.104344
0.104369
0.104393
0.104417
0.104442
0.104466
0.104491
0.104515
0.104540
0.104564
0.104589
0.104613
0.104637
0.104662
0.104686
0.104711
