0.000000
0.000000
0.000000
0.000000
0.000000
0.000000
0.000000
0.000000
0.000000
0.000000
0.000032
0.000064
0.000096
0.000127
0.000159
0.000191
0.000223
0.000255
0.000287
0.000318
0.000350
0.000382
0.000414
0.000446
0.000478
0.000510
0.000541
0.000573
0.000605
0.000637
0.000669
0.000701
0.000732
0.000764
0.000796
0.000828
0.000860
0.000892
0.000924
0.000955
0.000987
0.001019
0.001051
0.001083
0.001115
0.001146
0.001178
0.001210
0.001242
0.001274
0.001306
0.001338
0.001369
0.001401
0.001433
0.001465
0.001497
0.001529
0.001561
0.001592
0.001624
0.001656
0.001688
0.001720
0.001752
0.001783
0.001815
0.001847
0.001879
0.001911
0.001943
0.001975
0.002006
0.002038
0.002070
0.002102
0.002134
0.002166
0.002197
0.002229
0.002261
0.002293
0.002325
0.002357
0.002389
0.002420
0.002452
0.002484
0.002516
0.002548
0.002580
0.002611
0.002643
0.002675
0.002707
0.002739
0.002771
0.002803
0.002834
0.002866
0.002898
0.002930
0.002962
0.002994
0.003025
0.003057
0.003089
0.003121
0.003153
0.003185
0.003217
0.003248
0.003280
0.003312
0.003344
0.003376
0.003408
0.003439
0.003471
0.003503
0.003535
0.003567
0.003599
0.003631
0.003662
0.003694
0.003726
0.003758
0.003790
0.003822
0.003854
0.003885
0.003917
0.003949
0.003981
0.004013
0.004045
0.004076
0.004108
0.004140
0.004172
0.004204
0.004236
0.004268
0.004299
0.004331
0.004363
0.004395
0.004427
0.004459
0.004490
0.004522
0.004554
0.004586
0.004618
0.004650
0.004682
0.004713
0.004745
0.004777
0.004809
0.004841
0.004873
0.004904
0.004936
0.004968
0.005000
0.005032
0.005064
0.005096
0.005127
0.005159
0.005191
0.005223
0.005255
0.005287
0.005318
0.005350
0.005382
0.005414
0.005446
0.005478
0.005510
0.005541
0.005573
0.005605
0.005637
0.005669
0.005701
0.005732
0.005764
0.005796
0.005828
0.005860
0.005892
0.005924
0.005955
0.005987
0.006019
0.006051
0.006083
0.006115
0.006146
0.006178
0.006210
0.006242
0.006274
0.006306
0.006338
0.006369
0.006401
0.006433
0.006465
0.006497
0.006529
0.006561
0.006592
0.006624
0.006656
0.006688
0.006720
0.006752
0.006783
0.006815
0.006847
0.006879
0.006911
0.006943
0.006975
0.007006
0.007038
0.007070
0.007102
0.007134
0.007166
0.007197
0.007229
0.007261
0.007293
0.007325
0.007357
0.007389
0.007420
0.007452
0.007484
0.007516
0.007548
0.007580
0.007611
0.007643
0.007675
0.007707
0.007739
0.007771
0.007803
0.007834
0.007866
0.007898
0.007930
0.007962
0.007994
0.008025
0.008057
0.008089
0.008121
0.008153
0.008185
0.008217
0.008248
0.008280
0.008312
0.008344
0.008376
0.008408
0.008439
0.008471
0.008503
0.008535
0.008567
0.008599
0.008631
0.008662
0.008694
0.008726
0.008758
0.008790
0.008822
0.008854
0.008885
0.008917
0.008949
0.008981
0.009013
0.009045
0.009076
0.009108
0.009140
0.009172
0.009204
0.009236
0.009268
0.009299
0.009331
0.009363
0.009395
0.009427
0.009459
0.009490
0.009522
0.009554
0.009586
0.009618
0.009650
0.009682
0.009713
0.009745
0.009777
0.009809
0.009841
0.009873
0.009904
0.009936
0.009968
0.010000
0.010032
0.010064
0.010096
0.010127
0.010159
0.010191
0.010223
0.010255
0.010287
0.010318
0.010350
0.010382
0.010414
0.010446
0.010478
0.010510
0.010541
0.010573
0.010605
0.010637
0.010669
0.010701
0.010732
0.010764
0.010796
0.010828
0.010860
0.010892
0.010924
0.010955
0.010987
0.011019
0.011051
0.011083
0.011115
0.011146
0.011178
0.011210
0.011242
0.011274
0.011306
0.011338
0.011369
0.011401
0.011433
0.011465
0.011497
0.011529
0.011561
0.011592
0.011624
0.011656
0.011688
0.011720
0.011752
0.011783
0.011815
0.011847
0.011879
0.011911
0.011943
0.011975
0.012006
0.012038
0.012070
0.012102
0.012134
0.012166
0.012197
0.012229
0.012261
0.012293
0.012325
0.012357
0.012389
0.012420
0.012452
0.012484
0.012516
0.012548
0.012580
0.012611
0.012643
0.012675
0.012707
0.012739
0.012771
0.012803
0.012834
0.012866
0.012898
0.012930
0.012962
0.012994
0.013025
0.013057
0.013089
0.013121
0.013153
0.013185
0.013217
0.013248
0.013280
0.013312
0.013344
0.013376
0.013408
0.013439
0.013471
0.013503
0.013535
0.013567
0.013599
0.013631
0.013662
0.013694
0.013726
0.013758
0.013790
0.013822
0.013854
0.013885
0.013917
0.013949
0.013981
0.014013
0.014045
0.014076
0.014108
0.014140
0.014172
0.014204
0.014236
0.014268
0.014299
0.014331
0.014363
0.014395
0.014427
0.014459
0.014490
0.014522
0.014554
0.014586
0.014618
0.014650
0.014682
0.014713
0.014745
0.014777
0.014809
0.014841
0.014873
0.014904
0.014936
0.014968
0.015000
0.015032
0.015064
0.015096
0.015127
0.015159
0.015191
0.015223
0.015255
0.015287
0.015318
0.015350
0.015382
0.015414
0.015446
0.015478
0.015510
0.015541
0.015573
0.015605
0.015637
0.015669
0.015701
0.015732
0.015764
0.015796
0.015828
0.015860
0.015892
0.015924
0.015955
0.015987
0.016019
0.016051
0.016083
0.016115
0.016146
0.016178
0.016210
0.016242
0.016274
0.016306
0.016338
0.016369
0.016401
0.016433
0.016465
0.016497
0.016529
0.016561
0.016592
0.016624
0.016656
0.016688
0.016720
0.016752
0.016783
0.016815
0.016847
0.016879
0.016911
0.016943
0.016975
0.017006
0.017038
0.017070
0.017102
0.017134
0.017166
0.017197
0.017229
0.017261
0.017293
0.017325
0.017357
0.017389
0.017420
0.017452
0.017484
0.017516
0.017548
0.017580
0.017611
0.017643
0.017675
0.017707
0.017739
0.017771
0.017803
0.017834
0.017866
0.017898
0.017930
0.017962
0.017994
0.018025
0.018057
0.018089
0.018121
0.018153
0.018185
0.018217
0.018248
0.018280
0.018312
0.018344
0.018376
0.018408
0.018439
0.018471
0.018503
0.018535
0.018567
0.018599
0.018631
0.018662
0.018694
0.018726
0.018758
0.018790
0.018822
0.018854
0.018885
0.018917
0.018949
0.018981
0.019013
0.019045
0.019076
0.019108
0.019140
0.019172
0.019204
0.019236
0.019268
0.019299
0.019331
0.019363
0.019395
0.019427
0.019459
0.019490
0.019522
0.019554
0.019586
0.019618
0.019650
0.019682
0.019713
0.019745
0.019777
0.019809
0.019841
0.019873
0.019904
0.019936
0.019968
0.020000
0.020032
0.020064
0.020096
0.020127
0.020159
0.020191
0.020223
0.020255
0.020287
0.020318
0.020350
0.020382
0.020414
0.020446
0.020478
0.020510
0.020541
0.020573
0.020605
0.020637
0.020669
0.020701
0.020732
0.020764
0.020796
0.020828
0.020860
0.020892
0.020924
0.020955
0.020987
0.021019
0.021051
0.021083
0.021115
0.021146
0.021178
0.021210
0.021242
0.021274
0.021306
0.021338
0.021369
0.021401
0.021433
0.021465
0.021497
0.021529
0.021561
0.021592
0.021624
0.021656
0.021688
0.021720
0.021752
0.021783
0.021815
0.021847
0.021879
0.021911
0.021943
0.021975
0.022006
0.022038
0.022070
0.022102
0.022134
0.022166
0.022197
0.022229
0.022261
0.022293
0.022325
0.022357
0.022389
0.022420
0.022452
0.022484
0.022516
0.022548
0.022580
0.022611
0.022643
0.022675
0.022707
0.022739
0.022771
0.022803
0.022834
0.022866
0.022898
0.022930
0.022962
0.022994
0.023025
0.023057
0.023089
0.023121
0.023153
0.023185
0.023217
0.023248
0.023280
0.023312
0.023344
0.023376
0.023408
0.023439
0.023471
0.023503
0.023535
0.023567
0.023599
0.023631
0.023662
0.023694
0.023726
0.023758
0.023790
0.023822
0.023854
0.023885
0.023917
0.023949
0.023981
0.024013
0.024045
0.024076
0.024108
0.024140
0.024172
0.024204
0.024236
0.024268
0.024299
0.024331
0.024363
0.024395
0.024427
0.024459
0.024490
0.024522
0.024554
0.024586
0.024618
0.024650
0.024682
0.024713
0.024745
0.024777
0.024809
0.024841
0.024873
0.024904
0.024936
0.024968
0.025000
0.025032
0.025064
0.025096
0.025127
0.025159
0.025191
0.025223
0.025255
0.025287
0.025318
0.025350
0.025382
0.025414
0.025446
0.025478
0.025510
0.025541
0.025573
0.025605
0.025637
0.025669
0.025701
0.025732
0.025764
0.025796
0.025828
0.025860
0.025892
0.025924
0.025955
0.025987
0.026019
0.026051
0.026083
0.026115
0.026146
0.026178
0.026210
0.026242
0.026274
0.026306
0.026338
0.026369
0.026401
0.026433
0.026465
0.026497
0.026529
0.026561
0.026592
0.026624
0.026656
0.026688
0.026720
0.026752
0.026783
0.026815
0.026847
0.026879
0.026911
0.026943
0.026975
0.027006
0.027038
0.027070
0.027102
0.027134
0.027166
0.027197
0.027229
0.027261
0.027293
0.027325
0.027357
0.027389
0.027420
0.027452
0.027484
0.027516
0.027548
0.027580
0.027611
0.027643
0.027675
0.027707
0.027739
0.027771
0.027803
0.027834
0.027866
0.027898
0.027930
0.027962
0.027994
0.028025
0.028057
0.028089
0.028121
0.028153
0.028185
0.028217
0.028248
0.028280
0.028312
0.028344
0.028376
0.028408
0.028439
0.028471
0.028503
0.028535
0.028567
0.028599
0.028631
0.028662
0.028694
0.028726
0.028758
0.028790
0.028822
0.028854
0.028885
0.028917
0.028949
0.028981
0.029013
0.029045
0.029076
0.029108
0.029140
0.029172
0.029204
0.029236
0.029268
0.029299
0.029331
0.029363
0.029395
0.029427
0.029459
0.029490
0.029522
0.029554
0.029586
0.029618
0.029650
0.029682
0.029713
0.029745
0.029777
0.029809
0.029841
0.029873
0.029904
0.029936
0.029968
0.030000
0.030032
0.030064
0.030096
0.030127
0.030159
0.030191
0.030223
0.030255
0.030287
0.030318
0.030350
0.030382
0.030414
0.030446
0.030478
0.030510
0.030541
0.030573
0.030605
0.030637
0.030669
0.030701
0.030732
0.030764
0.030796
0.030828
0.030860
0.030892
0.030924
0.030955
0.030987
0.031019
0.031051
0.031083
0.031115
0.031146
0.031178
0.031210
0.031242
0.031274
0.031306
0.031338
0.031369
0.031401
0.031433
0.031465
0.031497
0.031529
0.031561
0.031592
0.031624
0.031656
0.031688
0.031720
0.031752
0.031783
0.031815
0.031847
0.031879
0.031911
0.031943
0.031975
0.032006
0.032038
0.032070
0.032102
0.032134
0.032166
0.032197
0.032229
0.032261
0.032293
0.032325
0.032357
0.032389
0.032420
0.032452
0.032484
0.032516
0.032548
0.032580
0.032611
0.032643
0.032675
0.032707
0.032739
0.032771
0.032803
0.032834
0.032866
0.032898
0.032930
0.032962
0.032994
0.033025
0.033057
0.033089
0.033121
0.033153
0.033185
0.033217
0.033248
0.033280
0.033312
0.033344
0.033376
0.033408
0.033439
0.033471
0.033503
0.033535
0.033567
0.033599
0.033631
0.033662
0.033694
0.033726
0.033758
0.033790
0.033822
0.033854
0.033885
0.033917
0.033949
0.033981
0.034013
0.034045
0.034076
0.034108
0.034140
0.034172
0.034204
0.034236
0.034268
0.034299
0.034331
0.034363
0.034395
0.034427
0.034459
0.034490
0.034522
0.034554
0.034586
0.034618
0.034650
0.034682
0.034713
0.034745
0.034777
0.034809
0.034841
0.034873
0.034904
0.034936
0.034968
0.035000
0.035032
0.035064
0.035096
0.035127
0.035159
0.035191
0.035223
0.035255
0.035287
0.035318
0.035350
0.035382
0.035414
0.035446
0.035478
0.035510
0.035541
0.035573
0.035605
0.035637
0.035669
0.035701
0.035732
0.035764
0.035796
0.035828
0.035860
0.035892
0.035924
0.035955
0.035987
0.036019
0.036051
0.036083
0.036115
0.036146
0.036178
0.036210
0.036242
0.036274
0.036306
0.036338
0.036369
0.036401
0.036433
0.036465
0.036497
0.036529
0.036561
0.036592
0.036624
0.036656
0.036688
0.036720
0.036752
0.036783
0.036815
0.036847
0.036879
0.036911
0.036943
0.036975
0.037006
0.037038
0.037070
0.037102
0.037134
0.037166
0.037197
0.037229
0.037261
0.037293
0.037325
0.037357
0.037389
0.037420
0.037452
0.037484
0.037516
0.037548
0.037580
0.037611
0.037643
0.037675
0.037707
0.037739
0.037771
0.037803
0.037834
0.037866
0.037898
0.037930
0.037962
0.037994
0.038025
0.038057
0.038089
0.038121
0.038153
0.038185
0.038217
0.038248
0.038280
0.038312
0.038344
0.038376
0.038408
0.038439
0.038471
0.038503
0.038535
0.038567
0.038599
0.038631
0.038662
0.038694
0.038726
0.038758
0.038790
0.038822
0.038854
0.038885
0.038917
0.038949
0.038981
0.039013
0.039045
0.039076
0.039108
0.039140
0.039172
0.039204
0.039236
0.039268
0.039299
0.039331
0.039363
0.039395
0.039427
0.039459
0.039490
0.039522
0.039554
0.039586
0.039618
0.039650
0.039682
0.039713
0.039745
0.039777
0.039809
0.039841
0.039873
0.039904
0.039936
0.039968
0.040000
0.040032
0.040064
0.040096
0.040127
0.040159
0.040191
0.040223
0.040255
0.040287
0.040318
0.040350
0.040382
0.040414
0.040446
0.040478
0.040510
0.040541
0.040573
0.040605
0.040637
0.040669
0.040701
0.040732
0.040764
0.040796
0.040828
0.040860
0.040892
0.040924
0.040955
0.040987
0.041019
0.041051
0.041083
0.041115
0.041146
0.041178
0.041210
0.041242
0.041274
0.041306
0.041338
0.041369
0.041401
0.041433
0.041465
0.041497
0.041529
0.041561
0.041592
0.041624
0.041656
0.041688
0.041720
0.041752
0.041783
0.041815
0.041847
0.041879
0.041911
0.041943
0.041975
0.042006
0.042038
0.042070
0.042102
0.042134
0.042166
0.042197
0.042229
0.042261
0.042293
0.042325
0.042357
0.042389
0.042420
0.042452
0.042484
0.042516
0.042548
0.042580
0.042611
0.042643
0.042675
0.042707
0.042739
0.042771
0.042803
0.042834
0.042866
0.042898
0.042930
0.042962
0.042994
0.043025
0.043057
0.043089
0.043121
0.043153
0.043185
0.043217
0.043248
0.043280
0.043312
0.043344
0.043376
0.043408
0.043439
0.043471
0.043503
0.043535
0.043567
0.043599
0.043631
0.043662
0.043694
0.043726
0.043758
0.043790
0.043822
0.043854
0.043885
0.043917
0.043949
0.043981
0.044013
0.044045
0.044076
0.044108
0.044140
0.044172
0.044204
0.044236
0.044268
0.044299
0.044331
0.044363
0.044395
0.044427
0.044459
0.044490
0.044522
0.044554
0.044586
0.044618
0.044650
0.044682
0.044713
0.044745
0.044777
0.044809
0.044841
0.044873
0.044904
0.044936
0.044968
0.045000
0.045032
0.045064
0.045096
0.045127
0.045159
0.045191
0.045223
0.045255
0.045287
0.045318
0.045350
0.045382
0.045414
0.045446
0.045478
0.045510
0.045541
0.045573
0.045605
0.045637
0.045669
0.045701
0.045732
0.045764
0.045796
0.045828
0.045860
0.045892
0.045924
0.045955
0.045987
0.046019
0.046051
0.046083
0.046115
0.046146
0.046178
0.046210
0.046242
0.046274
0.046306
0.046338
0.046369
0.046401
0.046433
0.046465
0.046497
0.046529
0.046561
0.046592
0.046624
0.046656
0.046688
0.046720
0.046752
0.046783
0.046815
0.046847
0.046879
0.046911
0.046943
0.046975
0.047006
0.047038
0.047070
0.047102
0.047134
0.047166
0.047197
0.047229
0.047261
0.047293
0.047325
0.047357
0.047389
0.047420
0.047452
0.047484
0.047516
0.047548
0.047580
0.047611
0.047643
0.047675
0.047707
0.047739
0.047771
0.047803
0.047834
0.047866
0.047898
0.047930
0.047962
0.047994
0.048025
0.048057
0.048089
0.048121
0.048153
0.048185
0.048217
0.048248
0.048280
0.048312
0.048344
0.048376
0.048408
0.048439
0.048471
0.048503
0.048535
0.048567
0.048599
0.048631
0.048662
0.048694
0.048726
0.048758
0.048790
0.048822
0.048854
0.048885
0.048917
0.048949
0.048981
0.049013
0.049045
0.049076
0.049108
0.049140
0.049172
0.049204
0.049236
0.049268
0.049299
0.049331
0.049363
0.049395
0.049427
0.049459
0.049490
0.049522
0.049554
0.049586
0.049618
0.049650
0.049682
0.049713
0.049745
0.049777
0.049809
0.049841
0.049873
0.049904
0.049936
0.049968
0.050000
0.050032
0.050064
0.050096
0.050127
0.050159
0.050191
0.050223
0.050255
0.050287
0.050318
0.050350
0.050382
0.050414
0.050446
0.050478
0.050510
0.050541
0.050573
0.050605
0.050637
0.050669
0.050701
0.050732
0.050764
0.050796
0.050828
0.050860
0.050892
0.050924
0.050955
0.050987
0.051019
0.051051
0.051083
0.051115
0.051146
0.051178
0.051210
0.051242
0.051274
0.051306
0.051338
0.051369
0.051401
0.051433
0.051465
0.051497
0.051529
0.051561
0.051592
0.051624
0.051656
0.051688
0.051720
0.051752
0.051783
0.051815
0.051847
0.051879
0.051911
0.051943
0.051975
0.052006
0.052038
0.052070
0.052102
0.052134
0.052166
0.052197
0.052229
0.052261
0.052293
0.052325
0.052357
0.052389
0.052420
0.052452
0.052484
0.052516
0.052548
0.052580
0.052611
0.052643
0.052675
0.052707
0.052739
0.052771
0.052803
0.052834
0.052866
0.052898
0.052930
0.052962
0.052994
0.053025
0.053057
0.053089
0.053121
0.053153
0.053185
0.053217
0.053248
0.053280
0.053312
0.053344
0.053376
0.053408
0.053439
0.053471
0.053503
0.053535
0.053567
0.053599
0.053631
0.053662
0.053694
0.053726
0.053758
0.053790
0.053822
0.053854
0.053885
0.053917
0.053949
0.053981
0.054013
0.054045
0.054076
0.054108
0.054140
0.054172
0.054204
0.054236
0.054268
0.054299
0.054331
0.054363
0.054395
0.054427
0.054459
0.054490
0.054522
0.054554
0.054586
0.054618
0.054650
0.054682
0.054713
0.054745
0.054777
0.054809
0.054841
0.054873
0.054904
0.054936
0.054968
0.055000
0.055032
0.055064
0.055096
0.055127
0.055159
0.055191
0.055223
0.055255
0.055287
0.055318
0.055350
0.055382
0.055414
0.055446
0.055478
0.055510
0.055541
0.055573
0.055605
0.055637
0.055669
0.055701
0.055732
0.055764
0.055796
0.055828
0.055860
0.055892
0.055924
0.055955
0.055987
0.056019
0.056051
0.056083
0.056115
0.056146
0.056178
0.056210
0.056242
0.056274
0.056306
0.056338
0.056369
0.056401
0.056433
0.056465
0.056497
0.056529
0.056561
0.056592
0.056624
0.056656
0.056688
0.056720
0.056752
0.056783
0.056815
0.056847
0.056879
0.056911
0.056943
0.056975
0.057006
0.057038
0.057070
0.057102
0.057134
0.057166
0.057197
0.057229
0.057261
0.057293
0.057325
0.057357
0.057389
0.057420
0.057452
0.057484
0.057516
0.057548
0.057580
0.057611
0.057643
0.057675
0.057707
0.057739
0.057771
0.057803
0.057834
0.057866
0.057898
0.057930
0.057962
0.057994
0.058025
0.058057
0.058089
0.058121
0.058153
0.058185
0.058217
0.058248
0.058280
0.058312
0.058344
0.058376
0.058408
0.058439
0.058471
0.058503
0.058535
0.058567
0.058599
0.058631
0.058662
0.058694
0.058726
0.058758
0.058790
0.058822
0.058854
0.058885
0.058917
0.058949
0.058981
0.059013
0.059045
0.059076
0.059108
0.059140
0.059172
0.059204
0.059236
0.059268
0.059299
0.059331
0.059363
0.059395
0.059427
0.059459
0.059490
0.059522
0.059554
0.059586
0.059618
0.059650
0.059682
0.059713
0.059745
0.059777
0.059809
0.059841
0.059873
0.059904
0.059936
0.059968
0.060000
0.060032
0.060064
0.060096
0.060127
0.060159
0.060191
0.060223
0.060255
0.060287
0.060318
0.060350
0.060382
0.060414
0.060446
0.060478
0.060510
0.060541
0.060573
0.060605
0.060637
0.060669
0.060701
0.060732
0.060764
0.060796
0.060828
0.060860
0.060892
0.060924
0.060955
0.060987
0.061019
0.061051
0.061083
0.061115
0.061146
0.061178
0.061210
0.061242
0.061274
0.061306
0.061338
0.061369
0.061401
0.061433
0.061465
0.061497
0.061529
0.061561
0.061592
0.061624
0.061656
0.061688
0.061720
0.061752
0.061783
0.061815
0.061847
0.061879
0.061911
0.061943
0.061975
0.062006
0.062038
0.062070
0.062102
0.062134
0.062166
0.062197
0.062229
0.062261
0.062293
0.062325
0.062357
0.062389
0.062420
0.062452
0.062484
0.062516
0.062548
0.062580
0.062611
0.062643
0.062675
0.062707
0.062739
0.062771
0.062803
0.062834
0.062866
0.062898
0.062930
0.062962
0.062994
0.063025
0.063057
0.063089
0.063121
0.063153
0.063185
0.063217
0.063248
0.063280
0.063312
0.063344
0.063376
0.063408
0.063439
0.063471
0.063503
0.063535
0.063567
0.063599
0.063631
0.063662
0.063694
0.063726
0.063758
0.063790
0.063822
0.063854
0.063885
0.063917
0.063949
0.063981
0.064013
0.064045
0.064076
0.064108
0.064140
0.064172
0.064204
0.064236
0.064268
0.064299
0.064331
0.064363
0.064395
0.064427
0.064459
0.064490
0.064522
0.064554
0.064586
0.064618
0.064650
0.064682
0.064713
0.064745
0.064777
0.064809
0.064841
0.064873
0.064904
0.064936
0.064968
0.065000
0.065032
0.065064
0.065096
0.065127
0.065159
0.065191
0.065223
0.065255
0.065287
0.065318
0.065350
0.065382
0.065414
0.065446
0.065478
0.065510
0.065541
0.065573
0.065605
0.065637
0.065669
0.065701
0.065732
0.065764
0.065796
0.065828
0.065860
0.065892
0.065924
0.065955
0.065987
0.066019
0.066051
0.066083
0.066115
0.066146
0.066178
0.066210
0.066242
0.066274
0.066306
0.066338
0.066369
0.066401
0.066433
0.066465
0.066497
0.066529
0.066561
0.066592
0.066624
0.066656
0.066688
0.066720
0.066752
0.066783
0.066815
0.066847
0.066879
0.066911
0.066943
0.066975
0.067006
0.067038
0.067070
0.067102
0.067134
0.067166
0.067197
0.067229
0.067261
0.067293
0.067325
0.067357
0.067389
0.067420
0.067452
0.067484
0.067516
0.067548
0.067580
0.067611
0.067643
0.067675
0.067707
0.067739
0.067771
0.067803
0.067834
0.067866
0.067898
0.067930
0.067962
0.067994
0.068025
0.068057
0.068089
0.068121
0.068153
0.068185
0.068217
0.068248
0.068280
0.068312
0.068344
0.068376
0.068408
0.068439
0.068471
0.068503
0.068535
0.068567
0.068599
0.068631
0.068662
0.068694
0.068726
0.068758
0.068790
0.068822
0.068854
0.068885
0.068917
0.068949
0.068981
0.069013
0.069045
0.069076
0.069108
0.069140
0.069172
0.069204
0.069236
0.069268
0.069299
0.069331
0.069363
0.069395
0.069427
0.069459
0.069490
0.069522
0.069554
0.069586
0.069618
0.069650
0.069682
0.069713
0.069745
0.069777
0.069809
0.069841
0.069873
0.069904
0.069936
0.069968
0.070000
0.070032
0.070064
0.070096
0.070127
0.070159
0.070191
0.070223
0.070255
0.070287
0.070318
0.070350
0.070382
0.070414
0.070446
0.070478
0.070510
0.070541
0.070573
0.070605
0.070637
0.070669
0.070701
0.070732
0.070764
0.070796
0.070828
0.070860
0.070892
0.070924
0.070955
0.070987
0.071019
0.071051
0.071083
0.071115
0.071146
0.071178
0.071210
0.071242
0.071274
0.071306
0.071338
0.071369
0.071401
0.071433
0.071465
0.071497
0.071529
0.071561
0.071592
0.071624
0.071656
0.071688
0.071720
0.071752
0.071783
0.071815
0.071847
0.071879
0.071911
0.071943
0.071975
0.072006
0.072038
0.072070
0.072102
0.072134
0.072166
0.072197
0.072229
0.072261
0.072293
0.072325
0.072357
0.072389
0.072420
0.072452
0.072484
0.072516
0.072548
0.072580
0.072611
0.072643
0.072675
0.072707
0.072739
0.072771
0.072803
0.072834
0.072866
0.072898
0.072930
0.072962
0.072994
0.073025
0.073057
0.073089
0.073121
0.073153
0.073185
0.073217
0.073248
0.073280
0.073312
0.073344
0.073376
0.073408
0.073439
0.073471
0.073503
0.073535
0.073567
0.073599
0.073631
0.073662
0.073694
0.073726
0.073758
0.073790
0.073822
0.073854
0.073885
0.073917
0.073949
0.073981
0.074013
0.074045
0.074076
0.074108
0.074140
0.074172
0.074204
0.074236
0.074268
0.074299
0.074331
0.074363
0.074395
0.074427
0.074459
0.074490
0.074522
0.074554
0.074586
0.074618
0.074650
0.074682
0.074713
0.074745
0.074777
0.074809
0.074841
0.074873
0.074904
0.074936
0.074968
0.075000
0.075032
0.075064
0.075096
0.075127
0.075159
0.075191
0.075223
0.075255
0.075287
0.075318
0.075350
0.075382
0.075414
0.075446
0.075478
0.075510
0.075541
0.075573
0.075605
0.075637
0.075669
0.075701
0.075732
0.075764
0.075796
0.075828
0.075860
0.075892
0.075924
0.075955
0.075987
0.076019
0.076051
0.076083
0.076115
0.076146
0.076178
0.076210
0.076242
0.076274
0.076306
0.076338
0.076369
0.076401
0.076433
0.076465
0.076497
0.076529
0.076561
0.076592
0.076624
0.076656
0.076688
0.076720
0.076752
0.076783
0.076815
0.076847
0.076879
0.076911
0.076943
0.076975
0.077006
0.077038
0.077070
0.077102
0.077134
0.077166
0.077197
0.077229
0.077261
0.077293
0.077325
0.077357
0.077389
0.077420
0.077452
0.077484
0.077516
0.077548
0.077580
0.077611
0.077643
0.077675
0.077707
0.077739
0.077771
0.077803
0.077834
0.077866
0.077898
0.077930
0.077962
0.077994
0.078025
0.078057
0.078089
0.078121
0.078153
0.078185
0.078217
0.078248
0.078280
0.078312
0.078344
0.078376
0.078408
0.078439
0.078471
0.078503
0.078535
0.078567
0.078599
0.078631
0.078662
0.078694
0.078726
0.078758
0.078790
0.078822
0.078854
0.078885
0.078917
0.078949
0.078981
0.079013
0.079045
0.079076
0.079108
0.079140
0.079172
0.079204
0.079236
0.079268
0.079299
0.079331
0.079363
0.079395
0.079427
0.079459
0.079490
0.079522
0.079554
0.079586
0.079618
0.079650
0.079682
0.079713
0.079745
0.079777
0.079809
0.079841
0.079873
0.079904
0.079936
0.079968
0.080000
0.080032
0.080064
0.080096
0.080127
0.080159
0.080191
0.080223
0.080255
0.080287
0.080318
0.080350
0.080382
0.080414
0.080446
0.080478
0.080510
0.080541
0.080573
0.080605
0.080637
0.080669
0.080701
0.080732
0.080764
0.080796
0.080828
0.080860
0.080892
0.080924
0.080955
0.080987
0.081019
0.081051
0.081083
0.081115
0.081146
0.081178
0.081210
0.081242
0.081274
0.081306
0.081338
0.081369
0.081401
0.081433
0.081465
0.081497
0.081529
0.081561
0.081592
0.081624
0.081656
0.081688
0.081720
0.081752
0.081783
0.081815
0.081847
0.081879
0.081911
0.081943
0.081975
0.082006
0.082038
0.082070
0.082102
0.082134
0.082166
0.082197
0.082229
0.082261
0.082293
0.082325
0.082357
0.082389
0.082420
0.082452
0.082484
0.082516
0.082548
0.082580
0.082611
0.082643
0.082675
0.082707
0.082739
0.082771
0.082803
0.082834
0.082866
0.082898
0.082930
0.082962
0.082994
0.083025
0.083057
0.083089
0.083121
0.083153
0.083185
0.083217
0.083248
0.083280
0.083312
0.083344
0.083376
0.083408
0.083439
0.083471
0.083503
0.083535
0.083567
0.083599
0.083631
0.083662
0.083694
0.083726
0.083758
0.083790
0.083822
0.083854
0.083885
0.083917
0.083949
0.083981
0.084013
0.084045
0.084076
0.084108
0.084140
0.084172
0.084204
0.084236
0.084268
0.084299
0.084331
0.084363
0.084395
0.084427
0.084459
0.084490
0.084522
0.084554
0.084586
0.084618
0.084650
0.084682
0.084713
0.084745
0.084777
0.084809
0.084841
0.084873
0.084904
0.084936
0.084968
0.085000
0.085032
0.085064
0.085096
0.085127
0.085159
0.085191
0.085223
0.085255
0.085287
0.085318
0.085350
0.085382
0.085414
0.085446
0.085478
0.085510
0.085541
0.085573
0.085605
0.085637
0.085669
0.085701
0.085732
0.085764
0.085796
0.085828
0.085860
0.085892
0.085924
0.085955
0.085987
0.086019
0.086051
0.086083
0.086115
0.086146
0.086178
0.086210
0.086242
0.086274
0.086306
0.086338
0.086369
0.086401
0.086433
0.086465
0.086497
0.086529
0.086561
0.086592
0.086624
0.086656
0.086688
0.086720
0.086752
0.086783
0.086815
0.086847
0.086879
0.086911
0.086943
0.086975
0.087006
0.087038
0.087070
0.087102
0.087134
0.087166
0.087197
0.087229
0.087261
0.087293
0.087325
0.087357
0.087389
0.087420
0.087452
0.087484
0.087516
0.087548
0.087580
0.087611
0.087643
0.087675
0.087707
0.087739
0.087771
0.087803
0.087834
0.087866
0.087898
0.087930
0.087962
0.087994
0.088025
0.088057
0.088089
0.088121
0.088153
0.088185
0.088217
0.088248
0.088280
0.088312
0.088344
0.088376
0.088408
0.088439
0.088471
0.088503
0.088535
0.088567
0.088599
0.088631
0.088662
0.088694
0.088726
0.088758
0.088790
0.088822
0.088854
0.088885
0.088917
0.088949
0.088981
0.089013
0.089045
0.089076
0.089108
0.089140
0.089172
0.089204
0.089236
0.089268
0.089299
0.089331
0.089363
0.089395
0.089427
0.089459
0.089490
0.089522
0.089554
0.089586
0.089618
0.089650
0.089682
0.089713
0.089745
0.089777
0.089809
0.089841
0.089873
0.089904
0.089936
0.089968
0.090000
0.090032
0.090064
0.090096
0.090127
0.090159
0.090191
0.090223
0.090255
0.090287
0.090318
0.090350
0.090382
0.090414
0.090446
0.090478
0.090510
0.090541
0.090573
0.090605
0.090637
0.090669
0.090701
0.090732
0.090764
0.090796
0.090828
0.090860
0.090892
0.090924
0.090955
0.090987
0.091019
0.091051
0.091083
0.091115
0.091146
0.091178
0.091210
0.091242
0.091274
0.091306
0.091338
0.091369
0.091401
0.091433
0.091465
0.091497
0.091529
0.091561
0.091592
0.091624
0.091656
0.091688
0.091720
0.091752
0.091783
0.091815
0.091847
0.091879
0.091911
0.091943
0.091975
0.092006
0.092038
0.092070
0.092102
0.092134
0.092166
0.092197
0.092229
0.092261
0.092293
0.092325
0.092357
0.092389
0.092420
0.092452
0.092484
0.092516
0.092548
0.092580
0.092611
0.092643
0.092675
0.092707
0.092739
0.092771
0.092803
0.092834
0.092866
0.092898
0.092930
0.092962
0.092994
0.093025
0.093057
0.093089
0.093121
0.093153
0.093185
0.093217
0.093248
0.093280
0.093312
0.093344
0.093376
0.093408
0.093439
0.093471
0.093503
0.093535
0.093567
0.093599
0.093631
0.093662
0.093694
0.093726
0.093758
0.093790
0.093822
0.093854
0.093885
0.093917
0.093949
0.093981
0.094013
0.094045
0.094076
0.094108
0.094140
0.094172
0.094204
0.094236
0.094268
0.094299
0.094331
0.094363
0.094395
0.094427
0.094459
0.094490
0.094522
0.094554
0.094586
0.094618
0.094650
0.094682
0.094713
0.094745
0.094777
0.094809
0.094841
0.094873
0.094904
0.094936
0.094968
0.095000
0.095032
0.095064
0.095096
0.095127
0.095159
0.095191
0.095223
0.095255
0.095287
0.095318
0.095350
0.095382
0.095414
0.095446
0.095478
0.095510
0.095541
0.095573
0.095605
0.095637
0.095669
0.095701
0.095732
0.095764
0.095796
0.095828
0.095860
0.095892
0.095924
0.095955
0.095987
0.096019
0.096051
0.096083
0.096115
0.096146
0.096178
0.096210
0.096242
0.096274
0.096306
0.096338
0.096369
0.096401
0.096433
0.096465
0.096497
0.096529
0.096561
0.096592
0.096624
0.096656
0.096688
0.096720
0.096752
0.096783
0.096815
0.096847
0.096879
0.096911
0.096943
0.096975
0.097006
0.097038
0.097070
0.097102
0.097134
0.097166
0.097197
0.097229
0.097261
0.097293
0.097325
0.097357
0.097389
0.097420
0.097452
0.097484
0.097516
0.097548
0.097580
0.097611
0.097643
0.097675
0.097707
0.097739
0.097771
0.097803
0.097834
0.097866
0.097898
0.097930
0.097962
0.097994
0.098025
0.098057
0.098089
0.098121
0.098153
0.098185
0.098217
0.098248
0.098280
0.098312
0.098344
0.098376
0.098408
0.098439
0.098471
0.098503
0.098535
0.098567
0.098599
0.098631
0.098662
0.098694
0.098726
0.098758
0.098790
0.098822
0.098854
0.098885
0.098917
0.098949
0.098981
0.099013
0.099045
0.099076
0.099108
0.099140
0.099172
0.099204
0.099236
0.099268
0.099299
0.099331
0.099363
0.099395
0.099427
0.099459
0.099490
0.099522
0.099554
0.099586
0.099618
0.099650
0.099682
0.099713
0.099745
0.099777
0.099809
0.099841
0.099873
0.099904
0.099936
0.099968
0.100000
0.100032
