-5.21329e-05 1.24167e+06 1.7364e-11
-0.000216058 2.48334e+06 0
-0.000504922 3.72501e+06 0
-0.000935038 4.96669e+06 0
-0.00152711 6.20836e+06 0
-0.00230746 7.45003e+06 0
-0.00331121 8.6917e+06 0
-0.00458574 9.93337e+06 0
-0.00619553 1.1175e+07 2.77825e-10
-0.00823458 1.24167e+07 0
169.448 1.24167e+07 0
338.905 1.24167e+07 9.10376e-06
508.361 1.24167e+07 0
677.819 1.24167e+07 -1.82075e-05
847.275 1.24167e+07 0
1016.73 1.24167e+07 0
1186.19 1.24167e+07 0
1355.65 1.24167e+07 -3.64151e-05
1525.1 1.24167e+07 0
1694.56 1.24167e+07 0
1864.02 1.24167e+07 0
2033.48 1.24167e+07 7.28301e-05
2202.94 1.24167e+07 -7.28301e-05
2372.4 1.24167e+07 0
2541.86 1.24167e+07 -7.28301e-05
2711.32 1.24167e+07 0
2880.78 1.24167e+07 7.28301e-05
3050.24 1.24167e+07 0
3219.7 1.24167e+07 0
3389.16 1.24167e+07 0.00014566
3558.62 1.24167e+07 -0.00014566
3728.08 1.24167e+07 0
3897.54 1.24167e+07 -0.00014566
4067 1.24167e+07 0
4236.46 1.24167e+07 0.00014566
4405.93 1.24167e+07 0
4575.39 1.24167e+07 0
4744.85 1.24167e+07 0
4914.31 1.24167e+07 0
5083.77 1.24167e+07 -0.00014566
5253.24 1.24167e+07 0
5422.7 1.24167e+07 0.00014566
5592.16 1.24167e+07 0.00014566
5761.62 1.24167e+07 0
5931.09 1.24167e+07 0
6100.55 1.24167e+07 0
6270.02 1.24167e+07 0
6439.48 1.24167e+07 0
6608.95 1.24167e+07 0
6778.41 1.24167e+07 0
6947.87 1.24167e+07 0
7117.34 1.24167e+07 0.00029132
7286.81 1.24167e+07 0
7456.27 1.24167e+07 0
7625.74 1.24167e+07 0.00029132
7795.2 1.24167e+07 -0.00029132
7964.67 1.24167e+07 0.00029132
8134.13 1.24167e+07 0
8303.6 1.24167e+07 0
8473.07 1.24167e+07 0
8642.54 1.24167e+07 0.00029132
8812 1.24167e+07 0.00029132
8981.47 1.24167e+07 0
9150.94 1.24167e+07 -0.00029132
9320.41 1.24167e+07 0
9489.87 1.24167e+07 0
9659.34 1.24167e+07 0
9828.81 1.24167e+07 0
9998.28 1.24167e+07 0
10167.7 1.24167e+07 0
10337.2 1.24167e+07 0
10506.7 1.24167e+07 -0.00029132
10676.2 1.24167e+07 0.00029132
10845.6 1.24167e+07 -0.00029132
11015.1 1.24167e+07 0
11184.6 1.24167e+07 -0.00029132
11354 1.24167e+07 -0.00029132
11523.5 1.24167e+07 0.00029132
11693 1.24167e+07 0.00029132
11862.4 1.24167e+07 0.00029132
12031.9 1.24167e+07 0.00029132
12201.4 1.24167e+07 0
12370.9 1.24167e+07 -0.000582641
12540.3 1.24167e+07 0.000582641
12709.8 1.24167e+07 0.000582641
12879.3 1.24167e+07 0
13048.8 1.24167e+07 0
13218.2 1.24167e+07 0
13387.7 1.24167e+07 0
13557.2 1.24167e+07 0
13726.6 1.24167e+07 0
13896.1 1.24167e+07 0
14065.6 1.24167e+07 0
14235.1 1.24167e+07 0
14404.5 1.24167e+07 0
14574 1.24167e+07 0
14743.5 1.24167e+07 -0.000582641
14913 1.24167e+07 0.000582641
15082.4 1.24167e+07 -0.000582641
15251.9 1.24167e+07 0
15421.4 1.24167e+07 0.000582641
15590.9 1.24167e+07 0
15760.3 1.24167e+07 0
15929.8 1.24167e+07 -0.000582641
16099.3 1.24167e+07 0
16268.8 1.24167e+07 0
16438.3 1.24167e+07 0
16607.7 1.24167e+07 -0.000582641
16777.2 1.24167e+07 0
16946.7 1.24167e+07 0
17116.2 1.24167e+07 0
17285.6 1.24167e+07 0
17455.1 1.24167e+07 0
17624.6 1.24167e+07 0
17794.1 1.24167e+07 -0.000582641
17963.6 1.24167e+07 0
18133 1.24167e+07 0.000582641
18302.5 1.24167e+07 0
18472 1.24167e+07 0
18641.5 1.24167e+07 0.000582641
18810.9 1.24167e+07 0.000582641
18980.4 1.24167e+07 0
19149.9 1.24167e+07 0
19319.4 1.24167e+07 -0.000582641
19488.9 1.24167e+07 0
19658.4 1.24167e+07 -0.000582641
19827.8 1.24167e+07 0
19997.3 1.24167e+07 0.000582641
20166.8 1.24167e+07 0.000582641
20336.3 1.24167e+07 0
20505.8 1.24167e+07 0
20675.2 1.24167e+07 0
20844.7 1.24167e+07 0
21014.2 1.24167e+07 0
21183.7 1.24167e+07 -0.000582641
21353.2 1.24167e+07 0
21522.7 1.24167e+07 0
21692.1 1.24167e+07 -0.000582641
21861.6 1.24167e+07 0.000582641
22031.1 1.24167e+07 -0.000582641
22200.6 1.24167e+07 0
22370.1 1.24167e+07 0
22539.6 1.24167e+07 0
22709 1.24167e+07 -0.000582641
22878.5 1.24167e+07 0
23048 1.24167e+07 0
23217.5 1.24167e+07 0
23387 1.24167e+07 0
23556.5 1.24167e+07 0
23726 1.24167e+07 0
23895.4 1.24167e+07 0
24064.9 1.24167e+07 0
24234.4 1.24167e+07 0
24403.9 1.24167e+07 0
24573.4 1.24167e+07 0
24742.9 1.24167e+07 0
24912.4 1.24167e+07 0
25081.9 1.24167e+07 0.00116528
25251.3 1.24167e+07 0
25420.8 1.24167e+07 0
25590.3 1.24167e+07 0
25759.8 1.24167e+07 0
25929.3 1.24167e+07 0
26098.8 1.24167e+07 0.00116528
26268.3 1.24167e+07 0
26437.8 1.24167e+07 0
26607.3 1.24167e+07 0
26776.7 1.24167e+07 0
26946.2 1.24167e+07 0
27115.7 1.24167e+07 0
27285.2 1.24167e+07 0
27454.7 1.24167e+07 0
27624.2 1.24167e+07 0.00116528
27793.7 1.24167e+07 0
27963.2 1.24167e+07 -0.00116528
28132.7 1.24167e+07 -0.00116528
28302.2 1.24167e+07 0
28471.7 1.24167e+07 0
28641.1 1.24167e+07 -0.00116528
28810.6 1.24167e+07 0.00116528
28980.1 1.24167e+07 0
29149.6 1.24167e+07 0
29319.1 1.24167e+07 0
29488.6 1.24167e+07 0.00116528
29658.1 1.24167e+07 0
29827.6 1.24167e+07 0
29997.1 1.24167e+07 0
30166.6 1.24167e+07 0
30336.1 1.24167e+07 0.00116528
30505.6 1.24167e+07 0
30675.1 1.24167e+07 0
30844.6 1.24167e+07 0
31014.1 1.24167e+07 -0.00116528
31183.6 1.24167e+07 -0.00116528
31353.1 1.24167e+07 0
31522.6 1.24167e+07 0
31692 1.24167e+07 0
31861.5 1.24167e+07 0.00116528
32031 1.24167e+07 -0.00116528
32200.5 1.24167e+07 -0.00116528
32370 1.24167e+07 0
32539.5 1.24167e+07 0
32709 1.24167e+07 0
32878.5 1.24167e+07 -0.00116528
33048 1.24167e+07 0
33217.5 1.24167e+07 -0.00116528
33387 1.24167e+07 0
33556.5 1.24167e+07 0
33726 1.24167e+07 0
33895.5 1.24167e+07 0
34065 1.24167e+07 0.00116528
34234.5 1.24167e+07 0
34404 1.24167e+07 0
34573.5 1.24167e+07 0.00116528
34743 1.24167e+07 0
34912.5 1.24167e+07 0
35082 1.24167e+07 0
35251.5 1.24167e+07 -0.00116528
35421 1.24167e+07 0
35590.5 1.24167e+07 0
35760 1.24167e+07 0
35929.5 1.24167e+07 0
36099 1.24167e+07 0
36268.5 1.24167e+07 0
36438 1.24167e+07 0
36607.5 1.24167e+07 0
36777 1.24167e+07 0
36946.5 1.24167e+07 0
37116 1.24167e+07 0
37285.5 1.24167e+07 0.00116528
37455 1.24167e+07 0.00116528
37624.5 1.24167e+07 -0.00116528
37794.1 1.24167e+07 0
37963.6 1.24167e+07 0
38133.1 1.24167e+07 -0.00116528
38302.6 1.24167e+07 0.00116528
38472.1 1.24167e+07 0
38641.6 1.24167e+07 0
38811.1 1.24167e+07 0.00116528
38980.6 1.24167e+07 0
39150.1 1.24167e+07 0
39319.6 1.24167e+07 0.00116528
39489.1 1.24167e+07 0
39658.6 1.24167e+07 0
39828.1 1.24167e+07 0
39997.6 1.24167e+07 0.00116528
40167.1 1.24167e+07 0
40336.6 1.24167e+07 0.00116528
40506.1 1.24167e+07 0
40675.7 1.24167e+07 0
40845.2 1.24167e+07 0
41014.7 1.24167e+07 0.00116528
41184.2 1.24167e+07 -0.00116528
41353.7 1.24167e+07 -0.00116528
41523.2 1.24167e+07 0
41692.7 1.24167e+07 0
41862.2 1.24167e+07 0.00116528
42031.7 1.24167e+07 -0.00116528
42201.2 1.24167e+07 0.00116528
42370.7 1.24167e+07 -0.00116528
42540.2 1.24167e+07 0
42709.8 1.24167e+07 0.00116528
42879.3 1.24167e+07 0.00116528
43048.8 1.24167e+07 -0.00116528
43218.3 1.24167e+07 0
43387.8 1.24167e+07 0
43557.3 1.24167e+07 0
43726.8 1.24167e+07 0.00116528
43896.3 1.24167e+07 0
44065.8 1.24167e+07 0.00233056
44235.4 1.24167e+07 -0.00116528
44404.9 1.24167e+07 0.00116528
44574.4 1.24167e+07 0
44743.9 1.24167e+07 0.00116528
44913.4 1.24167e+07 -0.00116528
45082.9 1.24167e+07 0.00116528
45252.4 1.24167e+07 0
45421.9 1.24167e+07 -0.00116528
45591.5 1.24167e+07 0.00116528
45761 1.24167e+07 0
45930.5 1.24167e+07 0
46100 1.24167e+07 0.00116528
46269.5 1.24167e+07 -0.00116528
46439 1.24167e+07 0
46608.5 1.24167e+07 0
46778.1 1.24167e+07 0
46947.6 1.24167e+07 0.00116528
47117.1 1.24167e+07 0
47286.6 1.24167e+07 0
47456.1 1.24167e+07 0
47625.6 1.24167e+07 0
47795.2 1.24167e+07 -0.00116528
47964.7 1.24167e+07 0.00233056
48134.2 1.24167e+07 -0.00116528
48303.7 1.24167e+07 0
48473.2 1.24167e+07 -0.00116528
48642.7 1.24167e+07 0
48812.3 1.24167e+07 0
48981.8 1.24167e+07 0
49151.3 1.24167e+07 0
49320.8 1.24167e+07 0
49490.3 1.24167e+07 0
49659.9 1.24167e+07 0
49829.4 1.24167e+07 0
49998.9 1.24167e+07 -0.00233056
50168.4 1.24167e+07 -0.00233056
50337.9 1.24167e+07 0
50507.5 1.24167e+07 0
50677 1.24167e+07 0
50846.5 1.24167e+07 0
51016 1.24167e+07 0
51185.5 1.24167e+07 0
51355.1 1.24167e+07 0
51524.6 1.24167e+07 0
51694.1 1.24167e+07 0.00233056
51863.6 1.24167e+07 0
52033.1 1.24167e+07 0
52202.7 1.24167e+07 0
52372.2 1.24167e+07 -0.00233056
52541.7 1.24167e+07 0
52711.2 1.24167e+07 -0.00233056
52880.8 1.24167e+07 0
53050.3 1.24167e+07 0
53219.8 1.24167e+07 0.00233056
53389.3 1.24167e+07 0
53558.8 1.24167e+07 0
53728.4 1.24167e+07 0
53897.9 1.24167e+07 0
54067.4 1.24167e+07 0
54236.9 1.24167e+07 0
54406.5 1.24167e+07 0
54576 1.24167e+07 0.00233056
54745.5 1.24167e+07 0
54915 1.24167e+07 0
55084.6 1.24167e+07 0
55254.1 1.24167e+07 0
55423.6 1.24167e+07 0
55593.2 1.24167e+07 -0.00233056
55762.7 1.24167e+07 0
55932.2 1.24167e+07 -0.00233056
56101.7 1.24167e+07 0
56271.3 1.24167e+07 0
56440.8 1.24167e+07 0.00233056
56610.3 1.24167e+07 0
56779.8 1.24167e+07 -0.00233056
56949.4 1.24167e+07 -0.00233056
57118.9 1.24167e+07 0
57288.4 1.24167e+07 -0.00233056
57458 1.24167e+07 0.00233056
57627.5 1.24167e+07 0.00233056
57797 1.24167e+07 0
57966.5 1.24167e+07 -0.00233056
58136.1 1.24167e+07 0
58305.6 1.24167e+07 0.00233056
58475.1 1.24167e+07 0
58644.7 1.24167e+07 0.00233056
58814.2 1.24167e+07 0
58983.7 1.24167e+07 0
59153.3 1.24167e+07 0.00233056
59322.8 1.24167e+07 0
59492.3 1.24167e+07 0
59661.9 1.24167e+07 0
59831.4 1.24167e+07 0
60000.9 1.24167e+07 -0.00233056
60170.4 1.24167e+07 0
60340 1.24167e+07 0
60509.5 1.24167e+07 0
60679 1.24167e+07 0
60848.6 1.24167e+07 0
61018.1 1.24167e+07 0.00233056
61187.6 1.24167e+07 0
61357.2 1.24167e+07 0
61526.7 1.24167e+07 0
61696.2 1.24167e+07 0.00233056
61865.8 1.24167e+07 0
62035.3 1.24167e+07 0
62204.9 1.24167e+07 0
62374.4 1.24167e+07 -0.00233056
62543.9 1.24167e+07 0
62713.5 1.24167e+07 0
62883 1.24167e+07 0
63052.5 1.24167e+07 0
63222.1 1.24167e+07 0.00233056
63391.6 1.24167e+07 0
63561.1 1.24167e+07 -0.00233056
63730.7 1.24167e+07 0.00233056
63900.2 1.24167e+07 0
64069.7 1.24167e+07 0
64239.3 1.24167e+07 -0.00233056
64408.8 1.24167e+07 0.00233056
64578.4 1.24167e+07 0
64747.9 1.24167e+07 0
64917.4 1.24167e+07 -0.00233056
65087 1.24167e+07 0
65256.5 1.24167e+07 0.00233056
65426.1 1.24167e+07 0
65595.6 1.24167e+07 0.00233056
65765.1 1.24167e+07 0
65934.7 1.24167e+07 0
66104.2 1.24167e+07 0.00233056
66273.8 1.24167e+07 0.00233056
66443.3 1.24167e+07 0
66612.8 1.24167e+07 0
66782.4 1.24167e+07 0
66951.9 1.24167e+07 0
67121.5 1.24167e+07 0
67291 1.24167e+07 0
67460.5 1.24167e+07 0
67630.1 1.24167e+07 0
67799.6 1.24167e+07 -0.00233056
67969.2 1.24167e+07 0
68138.7 1.24167e+07 -0.00233056
68308.2 1.24167e+07 0
68477.8 1.24167e+07 0
68647.3 1.24167e+07 0.00233056
68816.9 1.24167e+07 0
68986.4 1.24167e+07 0
69156 1.24167e+07 0
69325.5 1.24167e+07 -0.00233056
69495 1.24167e+07 -0.00233056
69664.6 1.24167e+07 0.00233056
69834.1 1.24167e+07 0
70003.7 1.24167e+07 0
70173.2 1.24167e+07 -0.00233056
70342.8 1.24167e+07 0
70512.3 1.24167e+07 0
70681.9 1.24167e+07 0
70851.4 1.24167e+07 0.00233056
71021 1.24167e+07 -0.00233056
71190.5 1.24167e+07 0
71360 1.24167e+07 0
71529.6 1.24167e+07 -0.00233056
71699.1 1.24167e+07 0
71868.7 1.24167e+07 0
72038.2 1.24167e+07 0.00233056
72207.8 1.24167e+07 0
72377.3 1.24167e+07 0.00233056
72546.9 1.24167e+07 -0.00233056
72716.4 1.24167e+07 0
72886 1.24167e+07 0
73055.5 1.24167e+07 0
73225.1 1.24167e+07 0
73394.6 1.24167e+07 0
73564.2 1.24167e+07 0
73733.7 1.24167e+07 -0.00233056
73903.3 1.24167e+07 -0.00233056
74072.8 1.24167e+07 0.00233056
74242.4 1.24167e+07 0
74411.9 1.24167e+07 0
74581.5 1.24167e+07 0
74751 1.24167e+07 -0.00233056
74920.6 1.24167e+07 0
75090.1 1.24167e+07 0
75259.7 1.24167e+07 0
75429.2 1.24167e+07 0
75598.8 1.24167e+07 0
75768.3 1.24167e+07 0.00233056
75937.9 1.24167e+07 0
76107.4 1.24167e+07 0
76277 1.24167e+07 0
76446.5 1.24167e+07 0
76616.1 1.24167e+07 0
76785.6 1.24167e+07 0
76955.2 1.24167e+07 -0.00233056
77124.7 1.24167e+07 0
77294.3 1.24167e+07 -0.00233056
77463.9 1.24167e+07 -0.00233056
77633.4 1.24167e+07 0
77803 1.24167e+07 0
77972.5 1.24167e+07 0
78142.1 1.24167e+07 0.00233056
78311.6 1.24167e+07 0
78481.2 1.24167e+07 -0.00233056
78650.7 1.24167e+07 0
78820.3 1.24167e+07 -0.00233056
78989.9 1.24167e+07 0
79159.4 1.24167e+07 0
79329 1.24167e+07 0.00233056
79498.5 1.24167e+07 0.00233056
79668.1 1.24167e+07 0
79837.6 1.24167e+07 0
80007.2 1.24167e+07 0.00233056
80176.8 1.24167e+07 0
80346.3 1.24167e+07 0
80515.9 1.24167e+07 0.00233056
80685.4 1.24167e+07 0
80855 1.24167e+07 0
81024.5 1.24167e+07 0.00233056
81194.1 1.24167e+07 0
81363.7 1.24167e+07 0
81533.2 1.24167e+07 0
81702.8 1.24167e+07 0.00233056
81872.3 1.24167e+07 0
82041.9 1.24167e+07 0
82211.5 1.24167e+07 0
82381 1.24167e+07 0
82550.6 1.24167e+07 0.00233056
82720.1 1.24167e+07 0.00233056
82889.7 1.24167e+07 0
83059.3 1.24167e+07 0
83228.8 1.24167e+07 0
83398.4 1.24167e+07 0
83567.9 1.24167e+07 -0.00233056
83737.5 1.24167e+07 0
83907.1 1.24167e+07 0
84076.6 1.24167e+07 0
84246.2 1.24167e+07 0
84415.8 1.24167e+07 0
84585.3 1.24167e+07 0
84754.9 1.24167e+07 0
84924.4 1.24167e+07 -0.00233056
85094 1.24167e+07 0
85263.6 1.24167e+07 0
85433.1 1.24167e+07 0
85602.7 1.24167e+07 0.00233056
85772.3 1.24167e+07 0
85941.8 1.24167e+07 0
86111.4 1.24167e+07 -0.00233056
86281 1.24167e+07 0
86450.5 1.24167e+07 0
86620.1 1.24167e+07 0
86789.7 1.24167e+07 0
86959.2 1.24167e+07 -0.00466113
87128.8 1.24167e+07 0
87298.4 1.24167e+07 0.00233056
87467.9 1.24167e+07 0
87637.5 1.24167e+07 0.00233056
87807.1 1.24167e+07 0
87976.6 1.24167e+07 0
88146.2 1.24167e+07 0
88315.8 1.24167e+07 -0.00233056
88485.3 1.24167e+07 -0.00233056
88654.9 1.24167e+07 0
88824.5 1.24167e+07 0.00233056
88994 1.24167e+07 0.00233056
89163.6 1.24167e+07 0
89333.2 1.24167e+07 -0.00233056
89502.7 1.24167e+07 0.00233056
89672.3 1.24167e+07 0
89841.9 1.24167e+07 0
90011.5 1.24167e+07 0
90181 1.24167e+07 0
90350.6 1.24167e+07 0
90520.2 1.24167e+07 0
90689.7 1.24167e+07 0
90859.3 1.24167e+07 0
91028.9 1.24167e+07 -0.00233056
91198.4 1.24167e+07 0
91368 1.24167e+07 -0.00233056
91537.6 1.24167e+07 0
91707.2 1.24167e+07 -0.00233056
91876.7 1.24167e+07 0.00233056
92046.3 1.24167e+07 0
92215.9 1.24167e+07 0
92385.5 1.24167e+07 0.00233056
92555 1.24167e+07 -0.00233056
92724.6 1.24167e+07 -0.00233056
92894.2 1.24167e+07 0
93063.8 1.24167e+07 0
93233.3 1.24167e+07 0
93402.9 1.24167e+07 0
93572.5 1.24167e+07 -0.00233056
93742 1.24167e+07 0
93911.6 1.24167e+07 0.00233056
94081.2 1.24167e+07 0.00233056
94250.8 1.24167e+07 0
94420.3 1.24167e+07 0
94589.9 1.24167e+07 -0.00233056
94759.5 1.24167e+07 0.00233056
94929.1 1.24167e+07 -0.00233056
95098.7 1.24167e+07 0
95268.2 1.24167e+07 0.00233056
95437.8 1.24167e+07 0
95607.4 1.24167e+07 0.00233056
95777 1.24167e+07 -0.00233056
95946.5 1.24167e+07 0
96116.1 1.24167e+07 0
96285.7 1.24167e+07 -0.00233056
96455.3 1.24167e+07 -0.00233056
96624.9 1.24167e+07 0
96794.4 1.24167e+07 0
96964 1.24167e+07 0.00233056
97133.6 1.24167e+07 -0.00466113
97303.2 1.24167e+07 0
97472.7 1.24167e+07 0
97642.3 1.24167e+07 0
97811.9 1.24167e+07 0
97981.5 1.24167e+07 0
98151.1 1.24167e+07 0.00466113
98320.6 1.24167e+07 -0.00466113
98490.2 1.24167e+07 0.00466113
98659.8 1.24167e+07 0
98829.4 1.24167e+07 0
98999 1.24167e+07 0.00466113
99168.6 1.24167e+07 0
99338.1 1.24167e+07 0
99507.7 1.24167e+07 0
99677.3 1.24167e+07 -0.00466113
99846.9 1.24167e+07 0
100016 1.24167e+07 -0.00466113
100186 1.24167e+07 0
100356 1.24167e+07 0.00466113
100525 1.24167e+07 -0.00466113
100695 1.24167e+07 0
100864 1.24167e+07 0
101034 1.24167e+07 0.00466113
101204 1.24167e+07 0
101373 1.24167e+07 0
101543 1.24167e+07 0
101712 1.24167e+07 0
101882 1.24167e+07 0
102051 1.24167e+07 0
102221 1.24167e+07 0
102391 1.24167e+07 0
102560 1.24167e+07 0
102730 1.24167e+07 0
102899 1.24167e+07 0
103069 1.24167e+07 0.00466113
103239 1.24167e+07 0
103408 1.24167e+07 -0.00466113
103578 1.24167e+07 0
103747 1.24167e+07 0
103917 1.24167e+07 0
104087 1.24167e+07 0
104256 1.24167e+07 0
104426 1.24167e+07 0
104595 1.24167e+07 0
104765 1.24167e+07 0.00466113
104934 1.24167e+07 0
105104 1.24167e+07 0
105274 1.24167e+07 -0.00466113
105443 1.24167e+07 0
105613 1.24167e+07 0.00466113
105782 1.24167e+07 0
105952 1.24167e+07 0
106122 1.24167e+07 0
106291 1.24167e+07 0
106461 1.24167e+07 -0.00466113
106630 1.24167e+07 0
106800 1.24167e+07 0
106970 1.24167e+07 -0.00466113
107139 1.24167e+07 0
107309 1.24167e+07 0.00466113
107478 1.24167e+07 0
107648 1.24167e+07 0
107817 1.24167e+07 0
107987 1.24167e+07 -0.00466113
108157 1.24167e+07 0
108326 1.24167e+07 0
108496 1.24167e+07 0
108665 1.24167e+07 0
108835 1.24167e+07 0
109005 1.24167e+07 -0.00466113
109174 1.24167e+07 0.00466113
109344 1.24167e+07 0
109513 1.24167e+07 0
109683 1.24167e+07 0
109853 1.24167e+07 0
110022 1.24167e+07 0
110192 1.24167e+07 0.00466113
110361 1.24167e+07 -0.00466113
110531 1.24167e+07 -0.00466113
110701 1.24167e+07 0
110870 1.24167e+07 0.00466113
111040 1.24167e+07 -0.00466113
111209 1.24167e+07 0
111379 1.24167e+07 0
111549 1.24167e+07 0
111718 1.24167e+07 0
111888 1.24167e+07 -0.00466113
112057 1.24167e+07 0.00466113
112227 1.24167e+07 0
112397 1.24167e+07 0
112566 1.24167e+07 0
112736 1.24167e+07 0.00466113
112905 1.24167e+07 0
113075 1.24167e+07 -0.00466113
113245 1.24167e+07 0
113414 1.24167e+07 -0.00466113
113584 1.24167e+07 0
113753 1.24167e+07 0
113923 1.24167e+07 0
114093 1.24167e+07 -0.00466113
114262 1.24167e+07 0
114432 1.24167e+07 0
114601 1.24167e+07 0
114771 1.24167e+07 0
114941 1.24167e+07 0
115110 1.24167e+07 0
115280 1.24167e+07 0.00466113
115449 1.24167e+07 -0.00466113
115619 1.24167e+07 0
115789 1.24167e+07 0
115958 1.24167e+07 0
116128 1.24167e+07 -0.00466113
116297 1.24167e+07 0
116467 1.24167e+07 -0.00466113
116637 1.24167e+07 0
116806 1.24167e+07 0
116976 1.24167e+07 0
117145 1.24167e+07 -0.00466113
117315 1.24167e+07 0
117485 1.24167e+07 0
117654 1.24167e+07 0
117824 1.24167e+07 0
117993 1.24167e+07 0
118163 1.24167e+07 0
118333 1.24167e+07 -0.00466113
118502 1.24167e+07 0
118672 1.24167e+07 0
118841 1.24167e+07 0.00466113
119011 1.24167e+07 0
119181 1.24167e+07 -0.00466113
119350 1.24167e+07 0
119520 1.24167e+07 0
119690 1.24167e+07 0
119859 1.24167e+07 0
120029 1.24167e+07 0
120198 1.24167e+07 -0.00466113
120368 1.24167e+07 0
120538 1.24167e+07 0.00466113
120707 1.24167e+07 0.00466113
120877 1.24167e+07 0
121046 1.24167e+07 0
121216 1.24167e+07 -0.00466113
121386 1.24167e+07 0
121555 1.24167e+07 -0.00466113
121725 1.24167e+07 0
121894 1.24167e+07 0
122064 1.24167e+07 -0.00466113
122234 1.24167e+07 0
122403 1.24167e+07 -0.00466113
122573 1.24167e+07 0
122742 1.24167e+07 0
122912 1.24167e+07 0
123082 1.24167e+07 0
123251 1.24167e+07 0
123421 1.24167e+07 0
123591 1.24167e+07 0
123760 1.24167e+07 0
123930 1.24167e+07 0.00466113
124099 1.24167e+07 0
124269 1.24167e+07 -0.00466113
124439 1.24167e+07 0
124608 1.24167e+07 0
124778 1.24167e+07 0
124947 1.24167e+07 0
125117 1.24167e+07 0
125287 1.24167e+07 -0.00466113
125456 1.24167e+07 0
125626 1.24167e+07 -0.00466113
125796 1.24167e+07 0
125965 1.24167e+07 0
126135 1.24167e+07 0
126304 1.24167e+07 0
126474 1.24167e+07 0
126644 1.24167e+07 0.00466113
126813 1.24167e+07 0
126983 1.24167e+07 0.00466113
127152 1.24167e+07 0
127322 1.24167e+07 0
127492 1.24167e+07 0
127661 1.24167e+07 0.00466113
127831 1.24167e+07 0
128001 1.24167e+07 0
128170 1.24167e+07 0
128340 1.24167e+07 0
128509 1.24167e+07 0
128679 1.24167e+07 0
128849 1.24167e+07 0
129018 1.24167e+07 0
129188 1.24167e+07 -0.00466113
129357 1.24167e+07 0
129527 1.24167e+07 0
129697 1.24167e+07 0
129866 1.24167e+07 0
130036 1.24167e+07 0
130206 1.24167e+07 0
130375 1.24167e+07 0
130545 1.24167e+07 0
130714 1.24167e+07 0.00466113
130884 1.24167e+07 0
131054 1.24167e+07 0.00466113
131223 1.24167e+07 0.00466113
131393 1.24167e+07 0
131563 1.24167e+07 0.00466113
131732 1.24167e+07 0
131902 1.24167e+07 0
132071 1.24167e+07 0
132241 1.24167e+07 0.00466113
132411 1.24167e+07 0
132580 1.24167e+07 -0.00466113
132750 1.24167e+07 0
132920 1.24167e+07 0.00466113
133089 1.24167e+07 -0.00466113
133259 1.24167e+07 0
133428 1.24167e+07 0.00466113
133598 1.24167e+07 -0.00466113
133768 1.24167e+07 0
133937 1.24167e+07 0
134107 1.24167e+07 0
134277 1.24167e+07 0
134446 1.24167e+07 0
134616 1.24167e+07 0.00466113
134785 1.24167e+07 0
134955 1.24167e+07 -0.00466113
135125 1.24167e+07 0
135294 1.24167e+07 0
135464 1.24167e+07 0
135634 1.24167e+07 -0.00466113
135803 1.24167e+07 -0.00466113
135973 1.24167e+07 0.00466113
136142 1.24167e+07 0
136312 1.24167e+07 0
136482 1.24167e+07 0
136651 1.24167e+07 0
136821 1.24167e+07 0.00466113
136991 1.24167e+07 0
137160 1.24167e+07 0
137330 1.24167e+07 0
137499 1.24167e+07 0
137669 1.24167e+07 0.00466113
137839 1.24167e+07 0.00466113
138008 1.24167e+07 0
138178 1.24167e+07 0
138348 1.24167e+07 -0.00466113
138517 1.24167e+07 0
138687 1.24167e+07 0
138857 1.24167e+07 0
139026 1.24167e+07 0
139196 1.24167e+07 0
139365 1.24167e+07 0
139535 1.24167e+07 0
139705 1.24167e+07 0
139874 1.24167e+07 0
140044 1.24167e+07 0
140214 1.24167e+07 0
140383 1.24167e+07 0.00466113
140553 1.24167e+07 -0.00466113
140723 1.24167e+07 0
140892 1.24167e+07 0
141062 1.24167e+07 0
141231 1.24167e+07 0
141401 1.24167e+07 -0.00466113
141571 1.24167e+07 0.00466113
141740 1.24167e+07 0
141910 1.24167e+07 0
142080 1.24167e+07 0.00466113
142249 1.24167e+07 0
142419 1.24167e+07 0
142588 1.24167e+07 0.00466113
142758 1.24167e+07 0
142928 1.24167e+07 0
143097 1.24167e+07 0
143267 1.24167e+07 0
143437 1.24167e+07 0.00466113
143606 1.24167e+07 0
143776 1.24167e+07 0
143946 1.24167e+07 -0.00466113
144115 1.24167e+07 0
144285 1.24167e+07 0.00466113
144455 1.24167e+07 0
144624 1.24167e+07 0
144794 1.24167e+07 0.00466113
144963 1.24167e+07 0
145161 1.24167e+07 0
145409 1.24167e+07 0
145657 1.24167e+07 0
145904 1.24167e+07 0
146152 1.24167e+07 0
146400 1.24167e+07 0
146648 1.24167e+07 0
146895 1.24167e+07 0
147197 1.24167e+07 0
147587 1.24167e+07 0
147977 1.24167e+07 0
148367 1.24167e+07 0.00466113
148757 1.24167e+07 0
149147 1.24167e+07 0
149537 1.24167e+07 0
149927 1.24167e+07 0
150317 1.24167e+07 0
150707 1.24167e+07 -0.00466113
151097 1.24167e+07 0
151487 1.24167e+07 0
151877 1.24167e+07 0
152267 1.24167e+07 0
152657 1.24167e+07 0
153047 1.24167e+07 0
153437 1.24167e+07 -0.00466113
153826 1.24167e+07 0
154216 1.24167e+07 0
154606 1.24167e+07 0
154996 1.24167e+07 0
155386 1.24167e+07 0
155776 1.24167e+07 -0.00466113
156166 1.24167e+07 0
156556 1.24167e+07 0
156946 1.24167e+07 0
157336 1.24167e+07 -0.00466113
157726 1.24167e+07 -0.00466113
158116 1.24167e+07 0
158506 1.24167e+07 0
158896 1.24167e+07 0.00466113
159286 1.24167e+07 0
159676 1.24167e+07 0
160066 1.24167e+07 0.00466113
160456 1.24167e+07 0
160846 1.24167e+07 0
161236 1.24167e+07 0
161626 1.24167e+07 0
162015 1.24167e+07 0
162405 1.24167e+07 0
162795 1.24167e+07 0.00466113
163185 1.24167e+07 -0.00466113
163575 1.24167e+07 0
163965 1.24167e+07 0
164355 1.24167e+07 0
164745 1.24167e+07 0
165135 1.24167e+07 0.00466113
165525 1.24167e+07 -0.00466113
165915 1.24167e+07 0
166305 1.24167e+07 -0.00466113
166695 1.24167e+07 0
167085 1.24167e+07 0
167475 1.24167e+07 0
167865 1.24167e+07 -0.00466113
168255 1.24167e+07 0
168645 1.24167e+07 0
169035 1.24167e+07 0.00466113
169425 1.24167e+07 -0.00466113
169814 1.24167e+07 0
170204 1.24167e+07 -0.00466113
170594 1.24167e+07 0
170984 1.24167e+07 -0.00466113
171374 1.24167e+07 0
171764 1.24167e+07 0.00466113
172154 1.24167e+07 0
172544 1.24167e+07 0
172934 1.24167e+07 0
173324 1.24167e+07 0.00466113
173714 1.24167e+07 0.00932225
174104 1.24167e+07 0
174494 1.24167e+07 0
174884 1.24167e+07 -0.00466113
175274 1.24167e+07 0.00466113
175664 1.24167e+07 0
176054 1.24167e+07 0.00466113
176444 1.24167e+07 0
176834 1.24167e+07 0
177224 1.24167e+07 0
177613 1.24167e+07 0
178003 1.24167e+07 0.00466113
178393 1.24167e+07 0
178783 1.24167e+07 0
179173 1.24167e+07 0.00466113
179563 1.24167e+07 -0.00466113
179953 1.24167e+07 0
180343 1.24167e+07 0
180733 1.24167e+07 0.00466113
181123 1.24167e+07 -0.00466113
181513 1.24167e+07 -0.00466113
181903 1.24167e+07 0
182293 1.24167e+07 0
182683 1.24167e+07 0
183073 1.24167e+07 0
183463 1.24167e+07 0
183853 1.24167e+07 0
184243 1.24167e+07 0
184633 1.24167e+07 0
185023 1.24167e+07 0.00466113
185412 1.24167e+07 0.00932225
185802 1.24167e+07 -0.00466113
186192 1.24167e+07 -0.00466113
186582 1.24167e+07 0
186972 1.24167e+07 0
187362 1.24167e+07 0.00466113
187752 1.24167e+07 0
188142 1.24167e+07 -0.00466113
188532 1.24167e+07 0
188922 1.24167e+07 0.00466113
189312 1.24167e+07 0
189702 1.24167e+07 0
190092 1.24167e+07 0.00466113
190482 1.24167e+07 0
190872 1.24167e+07 0.00466113
191262 1.24167e+07 -0.00466113
191652 1.24167e+07 0
192042 1.24167e+07 0
192432 1.24167e+07 0
192821 1.24167e+07 0.00466113
193211 1.24167e+07 -0.00466113
193601 1.24167e+07 0.00466113
193991 1.24167e+07 -0.00466113
194381 1.24167e+07 0
194771 1.24167e+07 0
195161 1.24167e+07 0
195551 1.24167e+07 0
195941 1.24167e+07 0
196331 1.24167e+07 0
196721 1.24167e+07 0.00932225
197111 1.24167e+07 0
197501 1.24167e+07 0
197891 1.24167e+07 0
198281 1.24167e+07 0
198671 1.24167e+07 -0.00932225
199061 1.24167e+07 0.00932225
199451 1.24167e+07 0
199841 1.24167e+07 0
200230 1.24167e+07 0.00932225
200620 1.24167e+07 0
201010 1.24167e+07 -0.00932225
201400 1.24167e+07 0
201790 1.24167e+07 0
202180 1.24167e+07 0
202570 1.24167e+07 0
202960 1.24167e+07 -0.00932225
203350 1.24167e+07 0
203740 1.24167e+07 0
204130 1.24167e+07 0
204520 1.24167e+07 0.00932225
204910 1.24167e+07 0.00932225
205300 1.24167e+07 0
205690 1.24167e+07 0
206080 1.24167e+07 0
206470 1.24167e+07 0
206860 1.24167e+07 0
207250 1.24167e+07 0
207639 1.24167e+07 0
208029 1.24167e+07 0
208419 1.24167e+07 -0.00932225
208809 1.24167e+07 -0.00932225
209199 1.24167e+07 0
209589 1.24167e+07 0.00932225
209979 1.24167e+07 0
210369 1.24167e+07 0.00932225
210759 1.24167e+07 0
211149 1.24167e+07 0
211539 1.24167e+07 0.00932225
211929 1.24167e+07 0.00932225
212319 1.24167e+07 0
212709 1.24167e+07 0
213099 1.24167e+07 0
213489 1.24167e+07 -0.00932225
213879 1.24167e+07 0
214269 1.24167e+07 0
214659 1.24167e+07 0
215048 1.24167e+07 -0.00932225
215438 1.24167e+07 0
215828 1.24167e+07 0
216218 1.24167e+07 0.00932225
216608 1.24167e+07 -0.00932225
216998 1.24167e+07 0
217388 1.24167e+07 0
217778 1.24167e+07 0
218168 1.24167e+07 0
218558 1.24167e+07 0
218948 1.24167e+07 0
219338 1.24167e+07 0
219728 1.24167e+07 0.00932225
220118 1.24167e+07 0
220508 1.24167e+07 0.00932225
220898 1.24167e+07 0
221288 1.24167e+07 0.00932225
221678 1.24167e+07 0
222067 1.24167e+07 -0.00932225
222457 1.24167e+07 0
222847 1.24167e+07 -0.00932225
223237 1.24167e+07 0
223627 1.24167e+07 0
224017 1.24167e+07 0
224407 1.24167e+07 0
224797 1.24167e+07 0
225187 1.24167e+07 0
225577 1.24167e+07 0.00932225
225967 1.24167e+07 0
226357 1.24167e+07 0
226747 1.24167e+07 0
227137 1.24167e+07 0.00932225
227527 1.24167e+07 0
227917 1.24167e+07 0
228307 1.24167e+07 0
228697 1.24167e+07 0
229086 1.24167e+07 0
229476 1.24167e+07 0
229866 1.24167e+07 0.00932225
230256 1.24167e+07 0
230646 1.24167e+07 0
231036 1.24167e+07 0
231426 1.24167e+07 0.00932225
231816 1.24167e+07 0
232206 1.24167e+07 -0.00932225
232596 1.24167e+07 0.00932225
232986 1.24167e+07 0
233376 1.24167e+07 0.00932225
233766 1.24167e+07 0
234156 1.24167e+07 0
234546 1.24167e+07 0
234936 1.24167e+07 0
235326 1.24167e+07 0
235716 1.24167e+07 0
236105 1.24167e+07 0
236495 1.24167e+07 0
236885 1.24167e+07 0
237275 1.24167e+07 0
237665 1.24167e+07 0
238055 1.24167e+07 0
238445 1.24167e+07 -0.00932225
238835 1.24167e+07 -0.00932225
239225 1.24167e+07 0
239615 1.24167e+07 0
240005 1.24167e+07 0
240395 1.24167e+07 -0.00932225
240785 1.24167e+07 0.00932225
241175 1.24167e+07 0
241565 1.24167e+07 0
241955 1.24167e+07 0
242345 1.24167e+07 0
242735 1.24167e+07 -0.00932225
243124 1.24167e+07 -0.00932225
243514 1.24167e+07 0
243904 1.24167e+07 0
244294 1.24167e+07 0
244684 1.24167e+07 0.00932225
245074 1.24167e+07 0
245464 1.24167e+07 0
245854 1.24167e+07 0.00932225
246244 1.24167e+07 0.00932225
246634 1.24167e+07 0
247024 1.24167e+07 0
247414 1.24167e+07 0
247804 1.24167e+07 0
248194 1.24167e+07 0.00932225
248584 1.24167e+07 0.00932225
248974 1.24167e+07 0
249364 1.24167e+07 0.00932225
249753 1.24167e+07 0
250143 1.24167e+07 0
250533 1.24167e+07 0.00932225
250923 1.24167e+07 0
251313 1.24167e+07 0
251703 1.24167e+07 0
252093 1.24167e+07 0.00932225
252483 1.24167e+07 0
252873 1.24167e+07 -0.00932225
253263 1.24167e+07 0
253653 1.24167e+07 0.00932225
254043 1.24167e+07 0.00932225
254433 1.24167e+07 -0.00932225
254823 1.24167e+07 0
255213 1.24167e+07 0
255603 1.24167e+07 0.00932225
255993 1.24167e+07 -0.00932225
256383 1.24167e+07 0
256772 1.24167e+07 0.00932225
257162 1.24167e+07 0
257552 1.24167e+07 0
257942 1.24167e+07 0
258332 1.24167e+07 0
258722 1.24167e+07 -0.00932225
259112 1.24167e+07 0.00932225
259502 1.24167e+07 0
259892 1.24167e+07 0
260282 1.24167e+07 0
260672 1.24167e+07 0
261062 1.24167e+07 -0.00932225
261452 1.24167e+07 0
261842 1.24167e+07 0
262232 1.24167e+07 0
262622 1.24167e+07 0.00932225
263012 1.24167e+07 0
263401 1.24167e+07 0
263791 1.24167e+07 0
264181 1.24167e+07 0
264571 1.24167e+07 0
264961 1.24167e+07 0
265351 1.24167e+07 0
265741 1.24167e+07 -0.00932225
266131 1.24167e+07 0.00932225
266521 1.24167e+07 0.00932225
266911 1.24167e+07 0
267301 1.24167e+07 0
267691 1.24167e+07 0
268081 1.24167e+07 0
268471 1.24167e+07 0
268861 1.24167e+07 0
269251 1.24167e+07 -0.00932225
269641 1.24167e+07 0
270030 1.24167e+07 0
270420 1.24167e+07 0
270810 1.24167e+07 0
271200 1.24167e+07 0
271590 1.24167e+07 0
271980 1.24167e+07 -0.00932225
272370 1.24167e+07 0.00932225
272760 1.24167e+07 0
273150 1.24167e+07 0
273540 1.24167e+07 -0.00932225
273930 1.24167e+07 -0.00932225
274320 1.24167e+07 0
274710 1.24167e+07 0
275100 1.24167e+07 0.00932225
275490 1.24167e+07 0
275880 1.24167e+07 0
276270 1.24167e+07 0
276659 1.24167e+07 -0.00932225
277049 1.24167e+07 0.00932225
277439 1.24167e+07 0
277829 1.24167e+07 0
278219 1.24167e+07 0
278609 1.24167e+07 0.00932225
278999 1.24167e+07 0
279389 1.24167e+07 0
279779 1.24167e+07 0
280169 1.24167e+07 -0.00932225
280559 1.24167e+07 0.00932225
280949 1.24167e+07 0
281339 1.24167e+07 0
281729 1.24167e+07 0
282119 1.24167e+07 -0.00932225
282509 1.24167e+07 -0.00932225
282898 1.24167e+07 0
283288 1.24167e+07 -0.00932225
283678 1.24167e+07 0
284068 1.24167e+07 0
284458 1.24167e+07 0
284848 1.24167e+07 0
285238 1.24167e+07 0.00932225
285628 1.24167e+07 0
286018 1.24167e+07 0
286408 1.24167e+07 0
286798 1.24167e+07 0
287188 1.24167e+07 0
287578 1.24167e+07 0
287968 1.24167e+07 0
288358 1.24167e+07 0
288748 1.24167e+07 0
289138 1.24167e+07 -0.00932225
289527 1.24167e+07 0
289917 1.24167e+07 0.00932225
290307 1.24167e+07 0
290697 1.24167e+07 -0.00932225
291087 1.24167e+07 0
291477 1.24167e+07 0.00932225
291867 1.24167e+07 0
292257 1.24167e+07 -0.00932225
292647 1.24167e+07 0
293037 1.24167e+07 0.00932225
293427 1.24167e+07 -0.00932225
293817 1.24167e+07 0
294207 1.24167e+07 0
294597 1.24167e+07 0.00932225
294987 1.24167e+07 0.00932225
295377 1.24167e+07 0.00932225
295766 1.24167e+07 0.00932225
296156 1.24167e+07 0.00932225
296546 1.24167e+07 0
296936 1.24167e+07 -0.00932225
297326 1.24167e+07 0
297716 1.24167e+07 0
298106 1.24167e+07 0
298496 1.24167e+07 0
298886 1.24167e+07 -0.00932225
299276 1.24167e+07 0.00932225
299666 1.24167e+07 0
300056 1.24167e+07 0
300446 1.24167e+07 0.00932225
300836 1.24167e+07 0
301226 1.24167e+07 0
301616 1.24167e+07 0.00932225
302005 1.24167e+07 0
302395 1.24167e+07 0
302785 1.24167e+07 0
303175 1.24167e+07 0
303565 1.24167e+07 0
303955 1.24167e+07 0
304345 1.24167e+07 0
304735 1.24167e+07 0
305125 1.24167e+07 -0.00932225
305515 1.24167e+07 0.00932225
305905 1.24167e+07 0
306295 1.24167e+07 -0.00932225
306685 1.24167e+07 0
307075 1.24167e+07 0
307465 1.24167e+07 0.00932225
307855 1.24167e+07 0.00932225
308244 1.24167e+07 0
308634 1.24167e+07 -0.00932225
309024 1.24167e+07 0
309414 1.24167e+07 0.00932225
309804 1.24167e+07 0
310194 1.24167e+07 0
310584 1.24167e+07 -0.00932225
310974 1.24167e+07 0
311364 1.24167e+07 0
311754 1.24167e+07 0
312144 1.24167e+07 -0.00932225
312534 1.24167e+07 0
312924 1.24167e+07 0.00932225
313314 1.24167e+07 0
313704 1.24167e+07 -0.00932225
314094 1.24167e+07 0
314483 1.24167e+07 0
314873 1.24167e+07 0.00932225
315263 1.24167e+07 -0.00932225
315653 1.24167e+07 0
316043 1.24167e+07 0
316433 1.24167e+07 0
316823 1.24167e+07 -0.00932225
317213 1.24167e+07 -0.00932225
317603 1.24167e+07 0.00932225
317993 1.24167e+07 -0.00932225
318383 1.24167e+07 0
318773 1.24167e+07 0
319163 1.24167e+07 0
319553 1.24167e+07 0
319943 1.24167e+07 0
320333 1.24167e+07 0
320722 1.24167e+07 0.00932225
321112 1.24167e+07 0
321502 1.24167e+07 0
321892 1.24167e+07 -0.00932225
322282 1.24167e+07 0
322672 1.24167e+07 0
323062 1.24167e+07 0
323452 1.24167e+07 -0.00932225
323842 1.24167e+07 0
324232 1.24167e+07 0
324622 1.24167e+07 0
325012 1.24167e+07 0
325402 1.24167e+07 0
325792 1.24167e+07 -0.00932225
326182 1.24167e+07 0
326571 1.24167e+07 0
326961 1.24167e+07 0.00932225
327351 1.24167e+07 0
327741 1.24167e+07 0
328131 1.24167e+07 0
328521 1.24167e+07 0
328911 1.24167e+07 0.00932225
329301 1.24167e+07 0
329691 1.24167e+07 0.00932225
330081 1.24167e+07 0
330471 1.24167e+07 0
330861 1.24167e+07 0
331251 1.24167e+07 -0.00932225
331641 1.24167e+07 0
332031 1.24167e+07 0
332420 1.24167e+07 0
332810 1.24167e+07 0
333200 1.24167e+07 -0.00932225
333590 1.24167e+07 0
333980 1.24167e+07 0.00932225
334370 1.24167e+07 0
334760 1.24167e+07 0.00932225
335150 1.24167e+07 0
335540 1.24167e+07 -0.00932225
335930 1.24167e+07 0
336320 1.24167e+07 0
336710 1.24167e+07 0
337100 1.24167e+07 0.00932225
337490 1.24167e+07 0
337880 1.24167e+07 0
338270 1.24167e+07 0.00932225
338659 1.24167e+07 0
339049 1.24167e+07 0
339439 1.24167e+07 0
339829 1.24167e+07 0
340219 1.24167e+07 0
340609 1.24167e+07 0
340999 1.24167e+07 0
341389 1.24167e+07 0.00932225
341779 1.24167e+07 0
342169 1.24167e+07 0
342559 1.24167e+07 -0.00932225
342949 1.24167e+07 -0.00932225
343339 1.24167e+07 0
343729 1.24167e+07 0
344119 1.24167e+07 0
344508 1.24167e+07 0
344898 1.24167e+07 0
345288 1.24167e+07 0.00932225
345678 1.24167e+07 0
346068 1.24167e+07 -0.00932225
346458 1.24167e+07 0
346848 1.24167e+07 0
347238 1.24167e+07 0.00932225
347628 1.24167e+07 0
348018 1.24167e+07 -0.00932225
348408 1.24167e+07 0
348798 1.24167e+07 0
349188 1.24167e+07 -0.00932225
349578 1.24167e+07 0
349968 1.24167e+07 0
350357 1.24167e+07 -0.00932225
350747 1.24167e+07 -0.00932225
351137 1.24167e+07 0
351527 1.24167e+07 -0.00932225
351917 1.24167e+07 0.00932225
352307 1.24167e+07 -0.00932225
352697 1.24167e+07 0.00932225
353087 1.24167e+07 0
353477 1.24167e+07 0
353867 1.24167e+07 0
354257 1.24167e+07 0
354647 1.24167e+07 -0.00932225
355037 1.24167e+07 0.00932225
355427 1.24167e+07 0
355817 1.24167e+07 0
356206 1.24167e+07 -0.00932225
356596 1.24167e+07 0
356986 1.24167e+07 0
357376 1.24167e+07 0
357766 1.24167e+07 0
358156 1.24167e+07 0.00932225
358546 1.24167e+07 0
358936 1.24167e+07 0.00932225
359326 1.24167e+07 0
359716 1.24167e+07 0
360106 1.24167e+07 0
360496 1.24167e+07 -0.00932225
360886 1.24167e+07 0.00932225
361276 1.24167e+07 0
361666 1.24167e+07 0.00932225
362055 1.24167e+07 0
362445 1.24167e+07 -0.00932225
362835 1.24167e+07 -0.00932225
363225 1.24167e+07 0.00932225
363615 1.24167e+07 -0.00932225
364005 1.24167e+07 0.00932225
364395 1.24167e+07 0
364785 1.24167e+07 0
365175 1.24167e+07 0.00932225
365565 1.24167e+07 0
365955 1.24167e+07 0.00932225
366345 1.24167e+07 0
366735 1.24167e+07 0
367125 1.24167e+07 -0.00932225
367514 1.24167e+07 0
367904 1.24167e+07 0.00932225
368294 1.24167e+07 -0.00932225
368684 1.24167e+07 0.00932225
369074 1.24167e+07 0
369464 1.24167e+07 0
369854 1.24167e+07 0.00932225
370244 1.24167e+07 0
370634 1.24167e+07 0
371024 1.24167e+07 -0.00932225
371414 1.24167e+07 -0.00932225
371804 1.24167e+07 -0.00932225
372194 1.24167e+07 0
372584 1.24167e+07 0
372974 1.24167e+07 -0.00932225
373363 1.24167e+07 -0.00932225
373753 1.24167e+07 0
374143 1.24167e+07 -0.00932225
374533 1.24167e+07 0
374923 1.24167e+07 0
375313 1.24167e+07 0
375703 1.24167e+07 0.00932225
376093 1.24167e+07 0
376483 1.24167e+07 0.00932225
376873 1.24167e+07 -0.00932225
377263 1.24167e+07 0.00932225
377653 1.24167e+07 -0.00932225
378043 1.24167e+07 0
378433 1.24167e+07 0.00932225
378822 1.24167e+07 0
379212 1.24167e+07 0
379602 1.24167e+07 0
379992 1.24167e+07 -0.00932225
380382 1.24167e+07 0
380772 1.24167e+07 0
381162 1.24167e+07 0.00932225
381552 1.24167e+07 0
381942 1.24167e+07 0
382332 1.24167e+07 0
382722 1.24167e+07 0
383112 1.24167e+07 0.00932225
383502 1.24167e+07 -0.00932225
383892 1.24167e+07 0
384281 1.24167e+07 0
384671 1.24167e+07 0
385061 1.24167e+07 0.00932225
385451 1.24167e+07 0
385841 1.24167e+07 -0.00932225
386231 1.24167e+07 0.00932225
386621 1.24167e+07 0.00932225
387011 1.24167e+07 -0.00932225
387401 1.24167e+07 0
387791 1.24167e+07 -0.00932225
388181 1.24167e+07 0
388571 1.24167e+07 0
388961 1.24167e+07 0.0186445
389351 1.24167e+07 -0.0186445
389741 1.24167e+07 0
390130 1.24167e+07 0
390520 1.24167e+07 -0.0186445
390910 1.24167e+07 0.0186445
391300 1.24167e+07 0.0186445
391690 1.24167e+07 0
392080 1.24167e+07 0
392470 1.24167e+07 0
392860 1.24167e+07 -0.0186445
393250 1.24167e+07 0
393640 1.24167e+07 -0.0186445
394030 1.24167e+07 0
394420 1.24167e+07 0.0186445
394810 1.24167e+07 0
395200 1.24167e+07 0
395589 1.24167e+07 0
395979 1.24167e+07 0
396369 1.24167e+07 -0.0186445
396759 1.24167e+07 0.0186445
397149 1.24167e+07 0
397539 1.24167e+07 0
397929 1.24167e+07 0
398319 1.24167e+07 0
398709 1.24167e+07 0
399099 1.24167e+07 0.0186445
399489 1.24167e+07 0
399879 1.24167e+07 0
400269 1.24167e+07 0
400659 1.24167e+07 0.0186445
401048 1.24167e+07 0
401438 1.24167e+07 0
401828 1.24167e+07 -0.0186445
402218 1.24167e+07 0
402608 1.24167e+07 0
402998 1.24167e+07 0
403388 1.24167e+07 0
403778 1.24167e+07 0
404168 1.24167e+07 0
404558 1.24167e+07 0
404948 1.24167e+07 0
405338 1.24167e+07 0
405728 1.24167e+07 -0.0186445
406118 1.24167e+07 0.0186445
406507 1.24167e+07 0
406897 1.24167e+07 0
407287 1.24167e+07 0
407677 1.24167e+07 -0.0186445
408067 1.24167e+07 -0.0186445
408457 1.24167e+07 0.0186445
408847 1.24167e+07 0
409237 1.24167e+07 0.0186445
409627 1.24167e+07 0.0186445
410017 1.24167e+07 0
410407 1.24167e+07 0
410797 1.24167e+07 0
411187 1.24167e+07 0
411576 1.24167e+07 0.0186445
411966 1.24167e+07 0
412356 1.24167e+07 0
412746 1.24167e+07 -0.0186445
413136 1.24167e+07 0
413526 1.24167e+07 0
413916 1.24167e+07 -0.0186445
414306 1.24167e+07 0.0186445
414696 1.24167e+07 -0.0186445
415086 1.24167e+07 0
415476 1.24167e+07 -0.0186445
415866 1.24167e+07 0
416256 1.24167e+07 0
416646 1.24167e+07 0
417035 1.24167e+07 0
417425 1.24167e+07 -0.0186445
417815 1.24167e+07 0
418205 1.24167e+07 -0.0186445
418595 1.24167e+07 -0.0186445
418985 1.24167e+07 -0.0186445
419375 1.24167e+07 0
419765 1.24167e+07 -0.0186445
420155 1.24167e+07 0
420545 1.24167e+07 0
420935 1.24167e+07 0.0186445
421325 1.24167e+07 0
421715 1.24167e+07 0
422105 1.24167e+07 0
422494 1.24167e+07 0
422884 1.24167e+07 0.0186445
423274 1.24167e+07 0
423664 1.24167e+07 -0.0186445
424054 1.24167e+07 -0.0186445
424444 1.24167e+07 0
424834 1.24167e+07 0
425224 1.24167e+07 -0.0186445
425614 1.24167e+07 0
426004 1.24167e+07 0
426394 1.24167e+07 0
426784 1.24167e+07 0
427174 1.24167e+07 0
427563 1.24167e+07 0.0186445
427953 1.24167e+07 0
428343 1.24167e+07 0
428733 1.24167e+07 0
429123 1.24167e+07 0
429513 1.24167e+07 0
429903 1.24167e+07 0
430293 1.24167e+07 -0.0186445
430683 1.24167e+07 0
431073 1.24167e+07 0
431463 1.24167e+07 0
431853 1.24167e+07 0
432243 1.24167e+07 0.0186445
432633 1.24167e+07 0
433022 1.24167e+07 0
433412 1.24167e+07 0
433802 1.24167e+07 0
434192 1.24167e+07 -0.0186445
434582 1.24167e+07 0
434972 1.24167e+07 0.0186445
435362 1.24167e+07 0
435752 1.24167e+07 0
436142 1.24167e+07 0.0186445
436532 1.24167e+07 0
436922 1.24167e+07 0.0186445
437312 1.24167e+07 0
437702 1.24167e+07 0
438091 1.24167e+07 0
438481 1.24167e+07 0
438871 1.24167e+07 -0.0186445
439261 1.24167e+07 0
439651 1.24167e+07 0
440041 1.24167e+07 0
440431 1.24167e+07 0.0186445
440821 1.24167e+07 0
441211 1.24167e+07 0
441601 1.24167e+07 0
441991 1.24167e+07 0
442381 1.24167e+07 0
442771 1.24167e+07 0
443160 1.24167e+07 -0.0186445
443550 1.24167e+07 0
443940 1.24167e+07 0
444330 1.24167e+07 0.0186445
444720 1.24167e+07 0.0186445
445110 1.24167e+07 -0.0186445
445500 1.24167e+07 0
445890 1.24167e+07 0
446280 1.24167e+07 0
446670 1.24167e+07 0
447060 1.24167e+07 0
447450 1.24167e+07 0
447840 1.24167e+07 0
448229 1.24167e+07 0.0186445
448619 1.24167e+07 -0.0186445
449009 1.24167e+07 0
449399 1.24167e+07 0
449789 1.24167e+07 0
450179 1.24167e+07 0
450569 1.24167e+07 0
450959 1.24167e+07 0.0186445
451349 1.24167e+07 -0.0186445
451739 1.24167e+07 0.0186445
452129 1.24167e+07 0.0186445
452519 1.24167e+07 0
452909 1.24167e+07 -0.0186445
453298 1.24167e+07 0
453688 1.24167e+07 -0.0186445
454078 1.24167e+07 0
454468 1.24167e+07 -0.0186445
454858 1.24167e+07 0.0186445
455248 1.24167e+07 0
455638 1.24167e+07 0
456028 1.24167e+07 0.0186445
456418 1.24167e+07 0
456808 1.24167e+07 0.0186445
457198 1.24167e+07 0.0186445
457588 1.24167e+07 -0.0186445
457978 1.24167e+07 -0.0186445
458367 1.24167e+07 0.0186445
458757 1.24167e+07 0
459147 1.24167e+07 0
459537 1.24167e+07 -0.0186445
459927 1.24167e+07 0
460317 1.24167e+07 -0.0186445
460707 1.24167e+07 0
461097 1.24167e+07 -0.0186445
461487 1.24167e+07 0
461877 1.24167e+07 -0.0186445
462267 1.24167e+07 0
462657 1.24167e+07 0
463047 1.24167e+07 0
463436 1.24167e+07 0
463826 1.24167e+07 0
464216 1.24167e+07 0.0186445
464606 1.24167e+07 0
464996 1.24167e+07 0
465386 1.24167e+07 0
465776 1.24167e+07 0
466166 1.24167e+07 0
466556 1.24167e+07 0.0186445
466946 1.24167e+07 0
467336 1.24167e+07 0
467726 1.24167e+07 -0.0186445
468116 1.24167e+07 -0.0186445
468505 1.24167e+07 -0.0186445
468895 1.24167e+07 0
469285 1.24167e+07 0
469675 1.24167e+07 0
470065 1.24167e+07 0.0186445
470455 1.24167e+07 0
470845 1.24167e+07 0.0186445
471235 1.24167e+07 0
471625 1.24167e+07 -0.0186445
472015 1.24167e+07 0
472405 1.24167e+07 0.0186445
472795 1.24167e+07 -0.0186445
473185 1.24167e+07 0
473574 1.24167e+07 0
473964 1.24167e+07 0
474354 1.24167e+07 0
474744 1.24167e+07 -0.0186445
475134 1.24167e+07 0
475524 1.24167e+07 0
475914 1.24167e+07 0
476304 1.24167e+07 -0.0186445
476694 1.24167e+07 0
477084 1.24167e+07 -0.0186445
477474 1.24167e+07 0
477864 1.24167e+07 0
478254 1.24167e+07 0
478643 1.24167e+07 -0.0186445
479033 1.24167e+07 0
479423 1.24167e+07 0.0186445
479813 1.24167e+07 0
480203 1.24167e+07 -0.0186445
480593 1.24167e+07 0
480983 1.24167e+07 0
481373 1.24167e+07 0
481763 1.24167e+07 -0.0186445
482153 1.24167e+07 0
482543 1.24167e+07 0
482933 1.24167e+07 0
483322 1.24167e+07 0
483712 1.24167e+07 -0.0186445
484102 1.24167e+07 0.0186445
484492 1.24167e+07 0
484882 1.24167e+07 0.0186445
485272 1.24167e+07 0
485662 1.24167e+07 0
486052 1.24167e+07 0
486442 1.24167e+07 0
486832 1.24167e+07 0
487222 1.24167e+07 -0.0186445
487612 1.24167e+07 0.0186445
488002 1.24167e+07 0
488391 1.24167e+07 0
488781 1.24167e+07 0
489171 1.24167e+07 0
489561 1.24167e+07 0
489951 1.24167e+07 0
490341 1.24167e+07 0
490731 1.24167e+07 0
491121 1.24167e+07 0.0186445
491511 1.24167e+07 0
491901 1.24167e+07 0
492291 1.24167e+07 0
492681 1.24167e+07 0.0186445
493070 1.24167e+07 0
493460 1.24167e+07 0.0186445
493850 1.24167e+07 -0.0186445
494240 1.24167e+07 0
494630 1.24167e+07 0
495020 1.24167e+07 0
495410 1.24167e+07 0
495800 1.24167e+07 0
496190 1.24167e+07 0
496580 1.24167e+07 0
496970 1.24167e+07 -0.0186445
497360 1.24167e+07 0.0186445
497750 1.24167e+07 0
498139 1.24167e+07 0.0186445
498529 1.24167e+07 0
498919 1.24167e+07 0
499309 1.24167e+07 0
499699 1.24167e+07 0
500089 1.24167e+07 0
500479 1.24167e+07 0
500869 1.24167e+07 0
501259 1.24167e+07 0
501649 1.24167e+07 0
502039 1.24167e+07 0
502429 1.24167e+07 0.0186445
502818 1.24167e+07 0
503208 1.24167e+07 0.0186445
503598 1.24167e+07 0
503988 1.24167e+07 0
504378 1.24167e+07 0
504768 1.24167e+07 0
505158 1.24167e+07 0
505548 1.24167e+07 0
505938 1.24167e+07 0.0186445
506328 1.24167e+07 0
506718 1.24167e+07 0
507108 1.24167e+07 0
507497 1.24167e+07 -0.0186445
507887 1.24167e+07 0
508277 1.24167e+07 0
508667 1.24167e+07 0.0186445
509057 1.24167e+07 0
509447 1.24167e+07 0
509837 1.24167e+07 0
510227 1.24167e+07 0
510617 1.24167e+07 -0.0186445
511007 1.24167e+07 0
511397 1.24167e+07 0
511787 1.24167e+07 0
512176 1.24167e+07 0
512566 1.24167e+07 0
512956 1.24167e+07 -0.0186445
513346 1.24167e+07 0
513736 1.24167e+07 0
514126 1.24167e+07 0
514516 1.24167e+07 0
514906 1.24167e+07 0
515296 1.24167e+07 0
515686 1.24167e+07 0.0186445
516076 1.24167e+07 0
516466 1.24167e+07 0
516856 1.24167e+07 0
517245 1.24167e+07 0.0186445
517635 1.24167e+07 0
518025 1.24167e+07 0
518415 1.24167e+07 0
518805 1.24167e+07 0
519195 1.24167e+07 0
519585 1.24167e+07 -0.0186445
519975 1.24167e+07 0
520365 1.24167e+07 0
520755 1.24167e+07 0
521145 1.24167e+07 0
521535 1.24167e+07 0
521924 1.24167e+07 0.0186445
522314 1.24167e+07 0
522704 1.24167e+07 -0.0186445
523094 1.24167e+07 0.0186445
523484 1.24167e+07 0
523874 1.24167e+07 0
524264 1.24167e+07 0.0186445
524654 1.24167e+07 0
525044 1.24167e+07 0.0186445
525434 1.24167e+07 0.0186445
525824 1.24167e+07 0
526214 1.24167e+07 0
526603 1.24167e+07 0.0186445
526993 1.24167e+07 -0.0186445
527383 1.24167e+07 0.0186445
527773 1.24167e+07 0.0186445
528163 1.24167e+07 0
528553 1.24167e+07 -0.0186445
528943 1.24167e+07 0.0186445
529333 1.24167e+07 0
529723 1.24167e+07 -0.0186445
530113 1.24167e+07 0.0186445
530503 1.24167e+07 0
530892 1.24167e+07 -0.0186445
531282 1.24167e+07 0
531672 1.24167e+07 0
532062 1.24167e+07 -0.0186445
532452 1.24167e+07 0
532842 1.24167e+07 0.0186445
533232 1.24167e+07 -0.0186445
533622 1.24167e+07 0
534012 1.24167e+07 -0.0186445
534402 1.24167e+07 0.0186445
534792 1.24167e+07 0
535182 1.24167e+07 0
535571 1.24167e+07 0
535961 1.24167e+07 0
536351 1.24167e+07 0
536741 1.24167e+07 0.0186445
537131 1.24167e+07 0
537521 1.24167e+07 0.0186445
537911 1.24167e+07 0
538301 1.24167e+07 0
538691 1.24167e+07 0.0186445
539081 1.24167e+07 0
539471 1.24167e+07 -0.0186445
539861 1.24167e+07 -0.0186445
540250 1.24167e+07 0
540640 1.24167e+07 0.0186445
541030 1.24167e+07 0
541420 1.24167e+07 0
541810 1.24167e+07 0
542200 1.24167e+07 -0.0186445
542590 1.24167e+07 0
542980 1.24167e+07 0
543370 1.24167e+07 -0.0186445
543760 1.24167e+07 0
544150 1.24167e+07 0.0186445
544540 1.24167e+07 0
544929 1.24167e+07 0
545319 1.24167e+07 0
545709 1.24167e+07 0
546099 1.24167e+07 0
546489 1.24167e+07 -0.0186445
546879 1.24167e+07 0.0186445
547269 1.24167e+07 0
547659 1.24167e+07 0
548049 1.24167e+07 0
548439 1.24167e+07 0
548829 1.24167e+07 0
549219 1.24167e+07 0
549608 1.24167e+07 0
549998 1.24167e+07 0.0186445
550388 1.24167e+07 0
550778 1.24167e+07 0
551168 1.24167e+07 -0.0186445
551558 1.24167e+07 0.0186445
551948 1.24167e+07 0
552338 1.24167e+07 0.0186445
552728 1.24167e+07 0
553118 1.24167e+07 -0.0186445
553508 1.24167e+07 -0.0186445
553897 1.24167e+07 0
554287 1.24167e+07 -0.0186445
554677 1.24167e+07 0
555067 1.24167e+07 0
555457 1.24167e+07 0
555847 1.24167e+07 0.0186445
556237 1.24167e+07 -0.0186445
556627 1.24167e+07 0
557017 1.24167e+07 0.0186445
557407 1.24167e+07 0
557797 1.24167e+07 0
558187 1.24167e+07 0
558576 1.24167e+07 0.0186445
558966 1.24167e+07 0.0186445
559356 1.24167e+07 0
559746 1.24167e+07 -0.0186445
560136 1.24167e+07 0
560526 1.24167e+07 0
560916 1.24167e+07 0
561306 1.24167e+07 0
561696 1.24167e+07 0
562086 1.24167e+07 0
562476 1.24167e+07 0.0186445
562865 1.24167e+07 0.0186445
563255 1.24167e+07 0
563645 1.24167e+07 0.0186445
564035 1.24167e+07 0
564425 1.24167e+07 0.0186445
564815 1.24167e+07 0
565205 1.24167e+07 0
565595 1.24167e+07 0
565985 1.24167e+07 0
566375 1.24167e+07 0
566765 1.24167e+07 0.0186445
567155 1.24167e+07 0.0186445
567544 1.24167e+07 -0.0186445
567934 1.24167e+07 0
568324 1.24167e+07 -0.0186445
568714 1.24167e+07 0
569104 1.24167e+07 -0.0186445
569494 1.24167e+07 0
569884 1.24167e+07 0
570274 1.24167e+07 0.0186445
570664 1.24167e+07 0.0186445
571054 1.24167e+07 0
571444 1.24167e+07 0
571833 1.24167e+07 0.0186445
572223 1.24167e+07 0.0186445
572613 1.24167e+07 0
573003 1.24167e+07 0
573393 1.24167e+07 0
573783 1.24167e+07 0
574173 1.24167e+07 0
574563 1.24167e+07 0
574953 1.24167e+07 0.0186445
575343 1.24167e+07 0.0186445
575733 1.24167e+07 0
576122 1.24167e+07 0.0186445
576512 1.24167e+07 0
576902 1.24167e+07 0.0186445
577292 1.24167e+07 0
577682 1.24167e+07 0
578072 1.24167e+07 0.0186445
578462 1.24167e+07 0
578852 1.24167e+07 0.0186445
579242 1.24167e+07 -0.0186445
579632 1.24167e+07 0
580022 1.24167e+07 0
580412 1.24167e+07 0
580801 1.24167e+07 0
581191 1.24167e+07 0
581581 1.24167e+07 0
581971 1.24167e+07 -0.0186445
582361 1.24167e+07 -0.0186445
582751 1.24167e+07 0
583158 1.24167e+07 -0.0186445
583609 1.24167e+07 0.0186445
584061 1.24167e+07 0
584512 1.24167e+07 0.0186445
584964 1.24167e+07 0
585415 1.24167e+07 0
585866 1.24167e+07 0
586318 1.24167e+07 0
586769 1.24167e+07 -0.0186445
587221 1.24167e+07 0
587672 1.24167e+07 0
588123 1.24167e+07 0
588575 1.24167e+07 0
589026 1.24167e+07 0
589478 1.24167e+07 0
589929 1.24167e+07 0
590381 1.24167e+07 0.0186445
590832 1.24167e+07 0
591283 1.24167e+07 0
591735 1.24167e+07 0.0186445
592186 1.24167e+07 0.0186445
592638 1.24167e+07 0
593089 1.24167e+07 0
593540 1.24167e+07 0
593992 1.24167e+07 -0.0186445
594443 1.24167e+07 0.0186445
594895 1.24167e+07 0
595346 1.24167e+07 0
595797 1.24167e+07 0.0186445
596249 1.24167e+07 -0.0186445
596700 1.24167e+07 -0.0186445
597152 1.24167e+07 0
597603 1.24167e+07 0.0186445
598054 1.24167e+07 0.0186445
598506 1.24167e+07 0
598957 1.24167e+07 0
599409 1.24167e+07 -0.0186445
599860 1.24167e+07 0
600312 1.24167e+07 -0.0186445
600763 1.24167e+07 0
601214 1.24167e+07 0
601666 1.24167e+07 0
602117 1.24167e+07 0
602569 1.24167e+07 0
603020 1.24167e+07 -0.0186445
603471 1.24167e+07 0
603923 1.24167e+07 0
604374 1.24167e+07 0
604826 1.24167e+07 -0.0186445
605277 1.24167e+07 0
605728 1.24167e+07 0
606180 1.24167e+07 0
606631 1.24167e+07 0.0186445
607083 1.24167e+07 -0.0186445
607534 1.24167e+07 0
607985 1.24167e+07 0.0186445
608437 1.24167e+07 -0.0186445
608888 1.24167e+07 0
609340 1.24167e+07 0
609791 1.24167e+07 0.0186445
610242 1.24167e+07 0
610694 1.24167e+07 0
611145 1.24167e+07 0
611597 1.24167e+07 0
612084 1.24167e+07 0
612576 1.24167e+07 0
613068 1.24167e+07 0
613560 1.24167e+07 0
614052 1.24167e+07 0
614543 1.24167e+07 0.0186445
615035 1.24167e+07 -0.0186445
615527 1.24167e+07 0
616019 1.24167e+07 0
616511 1.24167e+07 0
617002 1.24167e+07 0
617494 1.24167e+07 0
617986 1.24167e+07 0
618478 1.24167e+07 -0.0186445
618969 1.24167e+07 0.0186445
619461 1.24167e+07 0
619953 1.24167e+07 0
620445 1.24167e+07 0
620937 1.24167e+07 0
621428 1.24167e+07 0
621920 1.24167e+07 0
622412 1.24167e+07 0.0186445
622904 1.24167e+07 0
623396 1.24167e+07 -0.0186445
623887 1.24167e+07 0
624379 1.24167e+07 0.0186445
624871 1.24167e+07 0
625363 1.24167e+07 0.0186445
625855 1.24167e+07 0.0186445
626346 1.24167e+07 0.0186445
626838 1.24167e+07 0
627330 1.24167e+07 0
627822 1.24167e+07 0
628313 1.24167e+07 0.0186445
628805 1.24167e+07 0
629297 1.24167e+07 0
629789 1.24167e+07 0
630281 1.24167e+07 0.0186445
630772 1.24167e+07 0.0186445
631264 1.24167e+07 0
631756 1.24167e+07 0
632248 1.24167e+07 -0.0186445
632739 1.24167e+07 0
633231 1.24167e+07 -0.0186445
633723 1.24167e+07 -0.0186445
634215 1.24167e+07 -0.0186445
634707 1.24167e+07 0
635198 1.24167e+07 0
635690 1.24167e+07 0
636182 1.24167e+07 0.0186445
636674 1.24167e+07 0
637166 1.24167e+07 0
637657 1.24167e+07 0
638149 1.24167e+07 0
638641 1.24167e+07 0
639133 1.24167e+07 0
639624 1.24167e+07 0
640116 1.24167e+07 -0.0186445
640608 1.24167e+07 0
641100 1.24167e+07 -0.0186445
641592 1.24167e+07 0
642083 1.24167e+07 0.0186445
642575 1.24167e+07 -0.0186445
643067 1.24167e+07 0
643559 1.24167e+07 0
644050 1.24167e+07 0.0186445
644542 1.24167e+07 0.0186445
645034 1.24167e+07 0
645526 1.24167e+07 0
646018 1.24167e+07 0
646509 1.24167e+07 0.0186445
647001 1.24167e+07 0.0186445
647493 1.24167e+07 0.0186445
647985 1.24167e+07 0.0186445
648476 1.24167e+07 0
648968 1.24167e+07 0
649460 1.24167e+07 0
649952 1.24167e+07 0
650444 1.24167e+07 0.0186445
650935 1.24167e+07 -0.0186445
651427 1.24167e+07 0
651919 1.24167e+07 -0.0186445
652411 1.24167e+07 0
652902 1.24167e+07 0.0186445
653394 1.24167e+07 0
653886 1.24167e+07 0
654378 1.24167e+07 0.0186445
654869 1.24167e+07 0
655361 1.24167e+07 -0.0186445
655853 1.24167e+07 0
656345 1.24167e+07 0
656837 1.24167e+07 0
657328 1.24167e+07 -0.0186445
657820 1.24167e+07 0
658312 1.24167e+07 0
658804 1.24167e+07 0
659295 1.24167e+07 0
659787 1.24167e+07 0
660279 1.24167e+07 0
660771 1.24167e+07 0
661262 1.24167e+07 0
661754 1.24167e+07 0
662246 1.24167e+07 0
662738 1.24167e+07 0
663230 1.24167e+07 0
663721 1.24167e+07 0
664213 1.24167e+07 0
664705 1.24167e+07 0.0186445
665197 1.24167e+07 0
665688 1.24167e+07 0.0186445
666180 1.24167e+07 -0.0186445
666672 1.24167e+07 0
667164 1.24167e+07 -0.0186445
667655 1.24167e+07 -0.0186445
668147 1.24167e+07 0
668639 1.24167e+07 0.0186445
669131 1.24167e+07 0
669622 1.24167e+07 0.0186445
670114 1.24167e+07 0
670606 1.24167e+07 0
671098 1.24167e+07 0
671590 1.24167e+07 0
672081 1.24167e+07 -0.0186445
672573 1.24167e+07 0
673065 1.24167e+07 0
673557 1.24167e+07 0
674048 1.24167e+07 0
674540 1.24167e+07 0.0186445
675032 1.24167e+07 -0.0186445
675524 1.24167e+07 0
676015 1.24167e+07 0.0186445
676507 1.24167e+07 0
676999 1.24167e+07 0
677491 1.24167e+07 0
677982 1.24167e+07 0.0186445
678474 1.24167e+07 -0.0186445
678966 1.24167e+07 0
679458 1.24167e+07 0.0186445
679949 1.24167e+07 0
680441 1.24167e+07 0
680933 1.24167e+07 -0.0186445
681425 1.24167e+07 0
681917 1.24167e+07 -0.0186445
682408 1.24167e+07 0
682900 1.24167e+07 0
683392 1.24167e+07 0.0186445
683884 1.24167e+07 0
684375 1.24167e+07 0
684867 1.24167e+07 0
685359 1.24167e+07 0.0186445
685851 1.24167e+07 -0.0186445
686342 1.24167e+07 0.0186445
686834 1.24167e+07 0
687326 1.24167e+07 0
687818 1.24167e+07 0
688309 1.24167e+07 -0.0186445
688801 1.24167e+07 0
689293 1.24167e+07 0
689785 1.24167e+07 0.0186445
690276 1.24167e+07 0.0186445
690768 1.24167e+07 0
691260 1.24167e+07 -0.0186445
691752 1.24167e+07 0
692243 1.24167e+07 0.0186445
692735 1.24167e+07 0
693227 1.24167e+07 -0.0186445
693719 1.24167e+07 0
694210 1.24167e+07 0
694702 1.24167e+07 0
695194 1.24167e+07 0
695686 1.24167e+07 0.0186445
696177 1.24167e+07 -0.0186445
696669 1.24167e+07 0
697161 1.24167e+07 0
697653 1.24167e+07 0
698144 1.24167e+07 0.0186445
698636 1.24167e+07 0
699128 1.24167e+07 0
699620 1.24167e+07 -0.0186445
700111 1.24167e+07 0.0186445
700603 1.24167e+07 -0.0186445
701095 1.24167e+07 -0.0186445
701587 1.24167e+07 0
702078 1.24167e+07 0
702570 1.24167e+07 -0.037289
703062 1.24167e+07 0
703554 1.24167e+07 0
704045 1.24167e+07 0
704537 1.24167e+07 0
705029 1.24167e+07 0
705521 1.24167e+07 -0.0186445
706012 1.24167e+07 0.0186445
706504 1.24167e+07 -0.0186445
706996 1.24167e+07 0.0186445
707488 1.24167e+07 0.037289
707979 1.24167e+07 0.0186445
708471 1.24167e+07 0
708963 1.24167e+07 0.0186445
709455 1.24167e+07 0.0186445
709946 1.24167e+07 0.0186445
710438 1.24167e+07 0
710930 1.24167e+07 0.0186445
711422 1.24167e+07 0
711913 1.24167e+07 -0.0186445
712405 1.24167e+07 -0.0186445
712897 1.24167e+07 0
713389 1.24167e+07 0
713880 1.24167e+07 0
714372 1.24167e+07 0.0186445
714864 1.24167e+07 0.0186445
715355 1.24167e+07 0
715847 1.24167e+07 -0.0186445
716339 1.24167e+07 0
716831 1.24167e+07 0.0186445
717322 1.24167e+07 0
717814 1.24167e+07 0
718306 1.24167e+07 0
718798 1.24167e+07 0
719289 1.24167e+07 0.0186445
719781 1.24167e+07 0
720273 1.24167e+07 -0.0186445
720765 1.24167e+07 -0.0186445
721256 1.24167e+07 0.0186445
721748 1.24167e+07 0
722240 1.24167e+07 -0.0186445
722732 1.24167e+07 0.0186445
723223 1.24167e+07 0.0186445
723715 1.24167e+07 0
724207 1.24167e+07 0
724699 1.24167e+07 0
725190 1.24167e+07 0
725682 1.24167e+07 0
726174 1.24167e+07 0
726665 1.24167e+07 0
727157 1.24167e+07 0.0186445
727649 1.24167e+07 0
728141 1.24167e+07 0
728632 1.24167e+07 0
729124 1.24167e+07 0.0186445
729616 1.24167e+07 0
730108 1.24167e+07 0
730599 1.24167e+07 0
731091 1.24167e+07 0
731583 1.24167e+07 0
732075 1.24167e+07 -0.0186445
732566 1.24167e+07 0
733058 1.24167e+07 -0.0186445
733550 1.24167e+07 0.0186445
734041 1.24167e+07 0
734533 1.24167e+07 0
735025 1.24167e+07 0
735517 1.24167e+07 0.0186445
736008 1.24167e+07 0
736500 1.24167e+07 -0.0186445
736992 1.24167e+07 0
737484 1.24167e+07 -0.0186445
737975 1.24167e+07 -0.0186445
738467 1.24167e+07 0.0186445
738959 1.24167e+07 0.0186445
739451 1.24167e+07 0.0186445
739942 1.24167e+07 0
740434 1.24167e+07 0.0186445
740926 1.24167e+07 0
741417 1.24167e+07 0
741909 1.24167e+07 0
742401 1.24167e+07 -0.0186445
742893 1.24167e+07 0.0186445
743384 1.24167e+07 0
743876 1.24167e+07 0.0186445
744368 1.24167e+07 0
744860 1.24167e+07 -0.0186445
745351 1.24167e+07 -0.0186445
745843 1.24167e+07 0
746335 1.24167e+07 -0.0186445
746826 1.24167e+07 0.0186445
747318 1.24167e+07 0.0186445
747810 1.24167e+07 -0.0186445
748302 1.24167e+07 0
748793 1.24167e+07 0
749285 1.24167e+07 -0.037289
749777 1.24167e+07 -0.0186445
750269 1.24167e+07 0
750760 1.24167e+07 -0.0186445
751252 1.24167e+07 -0.0186445
751744 1.24167e+07 0
752235 1.24167e+07 0
752727 1.24167e+07 0
753219 1.24167e+07 0.0186445
753711 1.24167e+07 0
754202 1.24167e+07 -0.0186445
754694 1.24167e+07 0
755186 1.24167e+07 0
755677 1.24167e+07 0.0186445
756169 1.24167e+07 0
756661 1.24167e+07 -0.0186445
757153 1.24167e+07 -0.0186445
757644 1.24167e+07 0.0186445
758136 1.24167e+07 0
758628 1.24167e+07 0
759119 1.24167e+07 -0.0186445
759611 1.24167e+07 -0.0186445
760103 1.24167e+07 0.0186445
760595 1.24167e+07 0.0186445
761086 1.24167e+07 0.0186445
761578 1.24167e+07 0
762070 1.24167e+07 0.0186445
762562 1.24167e+07 -0.0186445
763053 1.24167e+07 0
763545 1.24167e+07 -0.0186445
764037 1.24167e+07 0
764528 1.24167e+07 0.0186445
765020 1.24167e+07 0
765512 1.24167e+07 0
766004 1.24167e+07 0
766495 1.24167e+07 0
766987 1.24167e+07 -0.0186445
767479 1.24167e+07 0
767970 1.24167e+07 -0.0186445
768462 1.24167e+07 0
768954 1.24167e+07 0
769446 1.24167e+07 0.0186445
769937 1.24167e+07 0.0186445
770429 1.24167e+07 -0.0186445
770921 1.24167e+07 0
771412 1.24167e+07 0
771904 1.24167e+07 -0.0186445
772396 1.24167e+07 0.0186445
772888 1.24167e+07 -0.0186445
773379 1.24167e+07 0
773871 1.24167e+07 0.0186445
774363 1.24167e+07 0.0186445
774854 1.24167e+07 0
775346 1.24167e+07 0.0186445
775838 1.24167e+07 -0.0186445
776330 1.24167e+07 0
776821 1.24167e+07 0
777313 1.24167e+07 0
777805 1.24167e+07 0
778296 1.24167e+07 0
778788 1.24167e+07 0
779280 1.24167e+07 0
779771 1.24167e+07 -0.037289
780263 1.24167e+07 0.037289
780755 1.24167e+07 0
781247 1.24167e+07 0
781738 1.24167e+07 0
782230 1.24167e+07 0.037289
782722 1.24167e+07 0
783213 1.24167e+07 0
783705 1.24167e+07 0
784197 1.24167e+07 0
784689 1.24167e+07 0
785180 1.24167e+07 0.037289
785672 1.24167e+07 0
786164 1.24167e+07 0
786655 1.24167e+07 0
787147 1.24167e+07 -0.037289
787639 1.24167e+07 0
788131 1.24167e+07 0
788622 1.24167e+07 0
789114 1.24167e+07 0
789606 1.24167e+07 -0.037289
790097 1.24167e+07 0
790589 1.24167e+07 0
791081 1.24167e+07 0
791572 1.24167e+07 -0.037289
792064 1.24167e+07 0.037289
792556 1.24167e+07 0
793048 1.24167e+07 0
793539 1.24167e+07 0.037289
794031 1.24167e+07 -0.037289
794523 1.24167e+07 -0.037289
795014 1.24167e+07 0
795506 1.24167e+07 0
795998 1.24167e+07 0.037289
796489 1.24167e+07 0.037289
796981 1.24167e+07 0
797473 1.24167e+07 0
797965 1.24167e+07 0
798456 1.24167e+07 -0.037289
798948 1.24167e+07 0
799440 1.24167e+07 0
799931 1.24167e+07 0
800423 1.24167e+07 0
800915 1.24167e+07 0
801406 1.24167e+07 0
801898 1.24167e+07 -0.037289
802390 1.24167e+07 -0.037289
802882 1.24167e+07 0
803373 1.24167e+07 0
803865 1.24167e+07 0
804357 1.24167e+07 0
804848 1.24167e+07 0
805340 1.24167e+07 0
805832 1.24167e+07 0
806323 1.24167e+07 0
806815 1.24167e+07 0
807307 1.24167e+07 0
807798 1.24167e+07 0
808290 1.24167e+07 0.037289
808782 1.24167e+07 -0.037289
809274 1.24167e+07 0.037289
809765 1.24167e+07 -0.037289
810257 1.24167e+07 -0.037289
810749 1.24167e+07 0
811240 1.24167e+07 0
811732 1.24167e+07 0
812224 1.24167e+07 -0.037289
812715 1.24167e+07 0
813207 1.24167e+07 0.037289
813699 1.24167e+07 -0.037289
814191 1.24167e+07 0
814682 1.24167e+07 -0.037289
815174 1.24167e+07 0.037289
815666 1.24167e+07 -0.037289
816157 1.24167e+07 -0.037289
816649 1.24167e+07 -0.037289
817141 1.24167e+07 0
817632 1.24167e+07 0
818124 1.24167e+07 0
818616 1.24167e+07 0.037289
819107 1.24167e+07 0
819599 1.24167e+07 0
820091 1.24167e+07 0
820582 1.24167e+07 0.037289
821074 1.24167e+07 0
821566 1.24167e+07 0
822058 1.24167e+07 0
822549 1.24167e+07 0
823041 1.24167e+07 0
823533 1.24167e+07 0
824024 1.24167e+07 0
824516 1.24167e+07 0.037289
825008 1.24167e+07 0
825499 1.24167e+07 -0.037289
825991 1.24167e+07 0
826483 1.24167e+07 0
826974 1.24167e+07 0.037289
827466 1.24167e+07 0
827958 1.24167e+07 0.037289
828449 1.24167e+07 0
828941 1.24167e+07 0
829433 1.24167e+07 0
829925 1.24167e+07 0
830416 1.24167e+07 0
830908 1.24167e+07 0
831400 1.24167e+07 0
831891 1.24167e+07 0
832383 1.24167e+07 0
832875 1.24167e+07 0.037289
833366 1.24167e+07 -0.037289
833858 1.24167e+07 0.037289
834350 1.24167e+07 0
834841 1.24167e+07 0
835333 1.24167e+07 0.037289
835825 1.24167e+07 0
836316 1.24167e+07 -0.037289
836808 1.24167e+07 0
837300 1.24167e+07 -0.037289
837791 1.24167e+07 0
838283 1.24167e+07 0
838775 1.24167e+07 0.037289
839266 1.24167e+07 -0.037289
839758 1.24167e+07 0
840250 1.24167e+07 0.037289
840741 1.24167e+07 0.037289
841233 1.24167e+07 0
841725 1.24167e+07 0
842217 1.24167e+07 0.037289
842708 1.24167e+07 -0.037289
843200 1.24167e+07 0
843692 1.24167e+07 -0.037289
844183 1.24167e+07 0
844675 1.24167e+07 0
845167 1.24167e+07 -0.037289
845658 1.24167e+07 0
846150 1.24167e+07 0
846642 1.24167e+07 0
847133 1.24167e+07 0
847625 1.24167e+07 0
848117 1.24167e+07 0.037289
848608 1.24167e+07 0
849100 1.24167e+07 0
849592 1.24167e+07 0.037289
850083 1.24167e+07 0.037289
850575 1.24167e+07 0.037289
851067 1.24167e+07 0
851558 1.24167e+07 0
852050 1.24167e+07 -0.037289
852542 1.24167e+07 0
853033 1.24167e+07 0.037289
853525 1.24167e+07 0
854017 1.24167e+07 0.037289
854508 1.24167e+07 0
855000 1.24167e+07 0.037289
855492 1.24167e+07 -0.037289
855983 1.24167e+07 -0.037289
856475 1.24167e+07 0
856967 1.24167e+07 0
857458 1.24167e+07 -0.037289
857950 1.24167e+07 0.037289
858442 1.24167e+07 0
858933 1.24167e+07 -0.037289
859425 1.24167e+07 0
859917 1.24167e+07 0.037289
860408 1.24167e+07 -0.037289
860900 1.24167e+07 0
861392 1.24167e+07 -0.037289
861883 1.24167e+07 -0.037289
862375 1.24167e+07 0
862867 1.24167e+07 0
863358 1.24167e+07 0.037289
863850 1.24167e+07 -0.037289
864342 1.24167e+07 0
864833 1.24167e+07 0.037289
865325 1.24167e+07 0
865817 1.24167e+07 0
866308 1.24167e+07 0
866800 1.24167e+07 0.037289
867292 1.24167e+07 0
867783 1.24167e+07 0
868275 1.24167e+07 0.037289
868767 1.24167e+07 0
869258 1.24167e+07 -0.037289
869750 1.24167e+07 0
870242 1.24167e+07 0
870733 1.24167e+07 -0.037289
871225 1.24167e+07 0
871717 1.24167e+07 0
872208 1.24167e+07 0
872700 1.24167e+07 -0.037289
873192 1.24167e+07 0
873683 1.24167e+07 0
874175 1.24167e+07 0.037289
874667 1.24167e+07 0.037289
875158 1.24167e+07 0
875650 1.24167e+07 -0.037289
876142 1.24167e+07 -0.037289
876633 1.24167e+07 0
877125 1.24167e+07 0
877617 1.24167e+07 0
878108 1.24167e+07 0
878600 1.24167e+07 0
879092 1.24167e+07 0
879583 1.24167e+07 0
880075 1.24167e+07 0
880567 1.24167e+07 0
881058 1.24167e+07 0.037289
881550 1.24167e+07 0
882042 1.24167e+07 0
882533 1.24167e+07 0.037289
883025 1.24167e+07 0
883517 1.24167e+07 0
884008 1.24167e+07 -0.037289
884500 1.24167e+07 -0.037289
884992 1.24167e+07 0
885483 1.24167e+07 0
885975 1.24167e+07 0
886467 1.24167e+07 0
886958 1.24167e+07 0
887450 1.24167e+07 0
887941 1.24167e+07 0
888433 1.24167e+07 0
888925 1.24167e+07 0
889416 1.24167e+07 0.037289
889908 1.24167e+07 0
890400 1.24167e+07 0
890891 1.24167e+07 0
891383 1.24167e+07 0
891875 1.24167e+07 0
892366 1.24167e+07 0
892858 1.24167e+07 0.037289
893350 1.24167e+07 0.037289
893841 1.24167e+07 0.037289
894333 1.24167e+07 0.037289
894825 1.24167e+07 -0.037289
895316 1.24167e+07 0
895808 1.24167e+07 0.037289
896300 1.24167e+07 -0.037289
896791 1.24167e+07 0
897283 1.24167e+07 0
897775 1.24167e+07 0
898266 1.24167e+07 0
898758 1.24167e+07 -0.037289
899249 1.24167e+07 0
899741 1.24167e+07 -0.037289
900233 1.24167e+07 0
900724 1.24167e+07 0
901216 1.24167e+07 0
901708 1.24167e+07 0
902199 1.24167e+07 0
902691 1.24167e+07 0
903183 1.24167e+07 0.037289
903674 1.24167e+07 0
904166 1.24167e+07 -0.037289
904658 1.24167e+07 0.037289
905149 1.24167e+07 0
905641 1.24167e+07 0
906133 1.24167e+07 0
906624 1.24167e+07 0.037289
907116 1.24167e+07 0
907607 1.24167e+07 0
908099 1.24167e+07 0
908591 1.24167e+07 0
909082 1.24167e+07 0
909574 1.24167e+07 0
910066 1.24167e+07 -0.037289
910557 1.24167e+07 0
911049 1.24167e+07 0.037289
911541 1.24167e+07 0.037289
912032 1.24167e+07 0
912524 1.24167e+07 0
913016 1.24167e+07 0
913507 1.24167e+07 0
913999 1.24167e+07 0.037289
914490 1.24167e+07 -0.037289
914982 1.24167e+07 0
915474 1.24167e+07 0
915965 1.24167e+07 0
916457 1.24167e+07 0.037289
916949 1.24167e+07 0
917440 1.24167e+07 0
917932 1.24167e+07 0
918424 1.24167e+07 -0.037289
918915 1.24167e+07 0
919407 1.24167e+07 0.037289
919899 1.24167e+07 0.037289
920390 1.24167e+07 0
920882 1.24167e+07 0
921373 1.24167e+07 0
921865 1.24167e+07 0
922357 1.24167e+07 0
922848 1.24167e+07 0
923340 1.24167e+07 0
923832 1.24167e+07 0.037289
924323 1.24167e+07 0.037289
924815 1.24167e+07 0.037289
925307 1.24167e+07 0.037289
925798 1.24167e+07 0.037289
926290 1.24167e+07 0
926781 1.24167e+07 0.037289
927273 1.24167e+07 0
927765 1.24167e+07 -0.037289
928256 1.24167e+07 0
928748 1.24167e+07 0
929240 1.24167e+07 0
929731 1.24167e+07 0
930223 1.24167e+07 -0.037289
930714 1.24167e+07 0.037289
931206 1.24167e+07 0
931698 1.24167e+07 0
932189 1.24167e+07 0
932681 1.24167e+07 0
933173 1.24167e+07 0
933664 1.24167e+07 0
934156 1.24167e+07 0
934648 1.24167e+07 0
935139 1.24167e+07 0
935631 1.24167e+07 -0.037289
936122 1.24167e+07 0
936614 1.24167e+07 0
937106 1.24167e+07 0
937597 1.24167e+07 0
938089 1.24167e+07 -0.037289
938581 1.24167e+07 0
939072 1.24167e+07 0
939564 1.24167e+07 0
940055 1.24167e+07 -0.037289
940547 1.24167e+07 0
941039 1.24167e+07 0
941530 1.24167e+07 0.037289
942022 1.24167e+07 0
942514 1.24167e+07 0
943005 1.24167e+07 0
943497 1.24167e+07 0
943988 1.24167e+07 -0.037289
944480 1.24167e+07 -0.037289
944972 1.24167e+07 0
945463 1.24167e+07 0.037289
945955 1.24167e+07 0
946447 1.24167e+07 0
946938 1.24167e+07 0.037289
947430 1.24167e+07 0
947921 1.24167e+07 0.037289
948413 1.24167e+07 0
948905 1.24167e+07 0
949396 1.24167e+07 0
949888 1.24167e+07 0
950380 1.24167e+07 0
950871 1.24167e+07 0
951363 1.24167e+07 0
951854 1.24167e+07 -0.037289
952346 1.24167e+07 0
952838 1.24167e+07 -0.037289
953329 1.24167e+07 -0.037289
953821 1.24167e+07 -0.037289
954313 1.24167e+07 0
954804 1.24167e+07 0
955296 1.24167e+07 0
955787 1.24167e+07 0
956279 1.24167e+07 0.037289
956771 1.24167e+07 0
957262 1.24167e+07 0
957754 1.24167e+07 -0.037289
958246 1.24167e+07 0
958737 1.24167e+07 0
959229 1.24167e+07 -0.037289
959720 1.24167e+07 0
960212 1.24167e+07 0
960704 1.24167e+07 0
961195 1.24167e+07 0
961687 1.24167e+07 -0.037289
962179 1.24167e+07 -0.037289
962670 1.24167e+07 0.037289
963162 1.24167e+07 0
963653 1.24167e+07 0
964145 1.24167e+07 0
964637 1.24167e+07 0
965128 1.24167e+07 -0.037289
965620 1.24167e+07 -0.037289
966111 1.24167e+07 0
966603 1.24167e+07 0
967095 1.24167e+07 0
967586 1.24167e+07 0.037289
968078 1.24167e+07 0
968570 1.24167e+07 0
969061 1.24167e+07 0
969553 1.24167e+07 0
970044 1.24167e+07 0
970536 1.24167e+07 0
971028 1.24167e+07 0.037289
971519 1.24167e+07 0
972011 1.24167e+07 -0.037289
972502 1.24167e+07 0
972994 1.24167e+07 0
973486 1.24167e+07 0
973977 1.24167e+07 0
974469 1.24167e+07 0
974960 1.24167e+07 0.037289
975452 1.24167e+07 0
975944 1.24167e+07 0
976435 1.24167e+07 0
976927 1.24167e+07 0
977419 1.24167e+07 0
977910 1.24167e+07 0
978402 1.24167e+07 -0.037289
978893 1.24167e+07 -0.037289
979385 1.24167e+07 0
979877 1.24167e+07 0.037289
980368 1.24167e+07 0
980860 1.24167e+07 0.037289
981351 1.24167e+07 0.037289
981843 1.24167e+07 0
982335 1.24167e+07 0
982826 1.24167e+07 0
983318 1.24167e+07 0
983809 1.24167e+07 0
984301 1.24167e+07 -0.037289
984793 1.24167e+07 0
985284 1.24167e+07 0.037289
985776 1.24167e+07 0
986267 1.24167e+07 0.037289
986759 1.24167e+07 -0.037289
987251 1.24167e+07 -0.037289
987742 1.24167e+07 -0.037289
988234 1.24167e+07 0
988725 1.24167e+07 0
989217 1.24167e+07 0
989709 1.24167e+07 0
990200 1.24167e+07 0
990692 1.24167e+07 0
991183 1.24167e+07 0.037289
991675 1.24167e+07 0
992167 1.24167e+07 0
992658 1.24167e+07 0
993150 1.24167e+07 0
993642 1.24167e+07 -0.037289
994133 1.24167e+07 0
994625 1.24167e+07 0
995116 1.24167e+07 0
995608 1.24167e+07 -0.037289
996100 1.24167e+07 0
996591 1.24167e+07 0
997083 1.24167e+07 0
997574 1.24167e+07 0
998066 1.24167e+07 0
998558 1.24167e+07 0.037289
999049 1.24167e+07 0
999541 1.24167e+07 0
1.00003e+06 1.24167e+07 0.037289
1.00052e+06 1.24167e+07 0
1.00102e+06 1.24167e+07 0
1.00151e+06 1.24167e+07 -0.037289
1.002e+06 1.24167e+07 0
1.00249e+06 1.24167e+07 0
1.00298e+06 1.24167e+07 0
1.00347e+06 1.24167e+07 0
1.00397e+06 1.24167e+07 0
1.00446e+06 1.24167e+07 0
1.00495e+06 1.24167e+07 0
1.00544e+06 1.24167e+07 0
1.00593e+06 1.24167e+07 0
1.00642e+06 1.24167e+07 0
1.00691e+06 1.24167e+07 0
1.00741e+06 1.24167e+07 0
1.0079e+06 1.24167e+07 0.037289
1.00839e+06 1.24167e+07 0.037289
1.00888e+06 1.24167e+07 0
1.00937e+06 1.24167e+07 0
1.00986e+06 1.24167e+07 0
1.01036e+06 1.24167e+07 0.037289
1.01085e+06 1.24167e+07 0.037289
1.01134e+06 1.24167e+07 -0.037289
1.01183e+06 1.24167e+07 0
1.01232e+06 1.24167e+07 0
1.01281e+06 1.24167e+07 0
1.01331e+06 1.24167e+07 0
1.0138e+06 1.24167e+07 -0.037289
1.01429e+06 1.24167e+07 0
1.01478e+06 1.24167e+07 0
1.01527e+06 1.24167e+07 0
1.01576e+06 1.24167e+07 0
1.01625e+06 1.24167e+07 0
1.01675e+06 1.24167e+07 -0.037289
1.01724e+06 1.24167e+07 -0.037289
1.01773e+06 1.24167e+07 -0.037289
1.01822e+06 1.24167e+07 0
1.01871e+06 1.24167e+07 0
1.0192e+06 1.24167e+07 0
1.0197e+06 1.24167e+07 0
1.02019e+06 1.24167e+07 0
1.02068e+06 1.24167e+07 -0.037289
1.02117e+06 1.24167e+07 0
1.02166e+06 1.24167e+07 0.037289
1.02215e+06 1.24167e+07 0
1.02265e+06 1.24167e+07 0
1.02314e+06 1.24167e+07 0
1.02363e+06 1.24167e+07 -0.037289
1.02412e+06 1.24167e+07 0
1.02461e+06 1.24167e+07 0.037289
1.0251e+06 1.24167e+07 0
1.0256e+06 1.24167e+07 0
1.02609e+06 1.24167e+07 0
1.02658e+06 1.24167e+07 -0.037289
1.02707e+06 1.24167e+07 -0.037289
1.02756e+06 1.24167e+07 0
1.02805e+06 1.24167e+07 0.037289
1.02854e+06 1.24167e+07 0
1.02904e+06 1.24167e+07 0
1.02953e+06 1.24167e+07 0
1.03002e+06 1.24167e+07 0
1.03051e+06 1.24167e+07 0
1.031e+06 1.24167e+07 0
1.03149e+06 1.24167e+07 0
1.03199e+06 1.24167e+07 -0.037289
1.03248e+06 1.24167e+07 0
1.03297e+06 1.24167e+07 -0.037289
1.03346e+06 1.24167e+07 0
1.03395e+06 1.24167e+07 0
1.03444e+06 1.24167e+07 -0.037289
1.03494e+06 1.24167e+07 -0.037289
1.03543e+06 1.24167e+07 0
1.03592e+06 1.24167e+07 0
1.03641e+06 1.24167e+07 0
1.0369e+06 1.24167e+07 0
1.03739e+06 1.24167e+07 0
1.03788e+06 1.24167e+07 0
1.03838e+06 1.24167e+07 0
1.03887e+06 1.24167e+07 -0.037289
1.03936e+06 1.24167e+07 0.037289
1.03985e+06 1.24167e+07 -0.037289
1.04034e+06 1.24167e+07 0
1.04083e+06 1.24167e+07 -0.037289
1.04133e+06 1.24167e+07 0
1.04182e+06 1.24167e+07 0
1.04231e+06 1.24167e+07 0
1.0428e+06 1.24167e+07 0
1.04329e+06 1.24167e+07 0
1.04378e+06 1.24167e+07 0
1.04428e+06 1.24167e+07 0
1.04477e+06 1.24167e+07 0
1.04526e+06 1.24167e+07 -0.037289
1.04575e+06 1.24167e+07 -0.037289
1.04624e+06 1.24167e+07 -0.037289
1.04673e+06 1.24167e+07 0
1.04722e+06 1.24167e+07 0
1.04772e+06 1.24167e+07 0
1.04821e+06 1.24167e+07 0
1.0487e+06 1.24167e+07 0
1.04919e+06 1.24167e+07 0.037289
1.04968e+06 1.24167e+07 0
1.05017e+06 1.24167e+07 0
1.05067e+06 1.24167e+07 -0.037289
1.05116e+06 1.24167e+07 0
1.05165e+06 1.24167e+07 0
1.05214e+06 1.24167e+07 0
1.05263e+06 1.24167e+07 0.037289
1.05312e+06 1.24167e+07 0
1.05362e+06 1.24167e+07 0
1.05411e+06 1.24167e+07 0.037289
1.0546e+06 1.24167e+07 0
1.05509e+06 1.24167e+07 0
1.05558e+06 1.24167e+07 0
1.05607e+06 1.24167e+07 0
1.05656e+06 1.24167e+07 0
1.05706e+06 1.24167e+07 0
1.05755e+06 1.24167e+07 0.037289
1.05804e+06 1.24167e+07 0
1.05853e+06 1.24167e+07 0
1.05902e+06 1.24167e+07 0
1.05951e+06 1.24167e+07 0
1.06001e+06 1.24167e+07 0
1.0605e+06 1.24167e+07 0
1.06099e+06 1.24167e+07 0
1.06148e+06 1.24167e+07 0.037289
1.06197e+06 1.24167e+07 0
1.06246e+06 1.24167e+07 0
1.06295e+06 1.24167e+07 0
1.06345e+06 1.24167e+07 0
1.06394e+06 1.24167e+07 -0.037289
1.06443e+06 1.24167e+07 0
1.06492e+06 1.24167e+07 0
1.06541e+06 1.24167e+07 0
1.0659e+06 1.24167e+07 0
1.0664e+06 1.24167e+07 0
1.06689e+06 1.24167e+07 0
1.06738e+06 1.24167e+07 0
1.06787e+06 1.24167e+07 -0.037289
1.06836e+06 1.24167e+07 -0.037289
1.06885e+06 1.24167e+07 0
1.06935e+06 1.24167e+07 0
1.06984e+06 1.24167e+07 0
1.07033e+06 1.24167e+07 0
1.07082e+06 1.24167e+07 0
1.07131e+06 1.24167e+07 0
1.0718e+06 1.24167e+07 0
1.07229e+06 1.24167e+07 0
1.07279e+06 1.24167e+07 0.037289
1.07328e+06 1.24167e+07 0
1.07377e+06 1.24167e+07 -0.037289
1.07426e+06 1.24167e+07 0
1.07475e+06 1.24167e+07 0
1.07524e+06 1.24167e+07 0
1.07574e+06 1.24167e+07 0.037289
1.07623e+06 1.24167e+07 0.037289
1.07672e+06 1.24167e+07 -0.037289
1.07721e+06 1.24167e+07 0
1.0777e+06 1.24167e+07 -0.037289
1.07819e+06 1.24167e+07 -0.037289
1.07868e+06 1.24167e+07 0
1.07918e+06 1.24167e+07 0
1.07967e+06 1.24167e+07 0.037289
1.08016e+06 1.24167e+07 0
1.08065e+06 1.24167e+07 0.037289
1.08114e+06 1.24167e+07 0
1.08163e+06 1.24167e+07 0.037289
1.08213e+06 1.24167e+07 0
1.08262e+06 1.24167e+07 0
1.08311e+06 1.24167e+07 0
1.0836e+06 1.24167e+07 -0.037289
1.08409e+06 1.24167e+07 0
1.08458e+06 1.24167e+07 -0.037289
1.08508e+06 1.24167e+07 0
1.08557e+06 1.24167e+07 0.037289
1.08606e+06 1.24167e+07 -0.037289
1.08655e+06 1.24167e+07 0.037289
1.08704e+06 1.24167e+07 -0.037289
1.08753e+06 1.24167e+07 0
1.08802e+06 1.24167e+07 0
1.08852e+06 1.24167e+07 0
1.08901e+06 1.24167e+07 0
1.0895e+06 1.24167e+07 0
1.08999e+06 1.24167e+07 0
1.09048e+06 1.24167e+07 0
1.09097e+06 1.24167e+07 0
1.09147e+06 1.24167e+07 0.037289
1.09196e+06 1.24167e+07 0
1.09245e+06 1.24167e+07 0
1.09294e+06 1.24167e+07 0.037289
1.09343e+06 1.24167e+07 0
1.09392e+06 1.24167e+07 0.037289
1.09441e+06 1.24167e+07 0
1.09491e+06 1.24167e+07 0
1.0954e+06 1.24167e+07 0
1.09589e+06 1.24167e+07 0
1.09638e+06 1.24167e+07 0.037289
1.09687e+06 1.24167e+07 0
1.09736e+06 1.24167e+07 0
1.09786e+06 1.24167e+07 0
1.09835e+06 1.24167e+07 0.037289
1.09884e+06 1.24167e+07 0.037289
1.09933e+06 1.24167e+07 -0.037289
1.09982e+06 1.24167e+07 0
1.10031e+06 1.24167e+07 0
1.1008e+06 1.24167e+07 0
1.1013e+06 1.24167e+07 0
1.10179e+06 1.24167e+07 -0.037289
1.10228e+06 1.24167e+07 0
1.10277e+06 1.24167e+07 -0.037289
1.10326e+06 1.24167e+07 0
1.10375e+06 1.24167e+07 -0.037289
1.10425e+06 1.24167e+07 0
1.10474e+06 1.24167e+07 -0.037289
1.10523e+06 1.24167e+07 0
1.10572e+06 1.24167e+07 0
1.10621e+06 1.24167e+07 0
1.1067e+06 1.24167e+07 -0.037289
1.10719e+06 1.24167e+07 0
1.10769e+06 1.24167e+07 0.037289
1.10818e+06 1.24167e+07 0
1.10867e+06 1.24167e+07 0
1.10916e+06 1.24167e+07 -0.037289
1.10965e+06 1.24167e+07 0.037289
1.11014e+06 1.24167e+07 0.037289
1.11064e+06 1.24167e+07 0
1.11113e+06 1.24167e+07 0
1.11162e+06 1.24167e+07 0
1.11211e+06 1.24167e+07 0.037289
1.1126e+06 1.24167e+07 0
1.11309e+06 1.24167e+07 0
1.11358e+06 1.24167e+07 0
1.11408e+06 1.24167e+07 0
1.11457e+06 1.24167e+07 0.037289
1.11506e+06 1.24167e+07 -0.037289
1.11555e+06 1.24167e+07 0.037289
1.11604e+06 1.24167e+07 0
1.11653e+06 1.24167e+07 0
1.11703e+06 1.24167e+07 0
1.11752e+06 1.24167e+07 0.037289
1.11801e+06 1.24167e+07 0
1.1185e+06 1.24167e+07 0
1.11899e+06 1.24167e+07 0.037289
1.11948e+06 1.24167e+07 0
1.11997e+06 1.24167e+07 0
1.12047e+06 1.24167e+07 0
1.12096e+06 1.24167e+07 -0.037289
1.12145e+06 1.24167e+07 0
1.12194e+06 1.24167e+07 0
1.12243e+06 1.24167e+07 0.037289
1.12292e+06 1.24167e+07 0.037289
1.12342e+06 1.24167e+07 -0.037289
1.12391e+06 1.24167e+07 0
1.1244e+06 1.24167e+07 0
1.12489e+06 1.24167e+07 0
1.12538e+06 1.24167e+07 0.037289
1.12587e+06 1.24167e+07 0
1.12636e+06 1.24167e+07 0
1.12686e+06 1.24167e+07 0
1.12735e+06 1.24167e+07 0
1.12784e+06 1.24167e+07 0
1.12833e+06 1.24167e+07 -0.037289
1.12882e+06 1.24167e+07 0.037289
1.12931e+06 1.24167e+07 0
1.12981e+06 1.24167e+07 0
1.1303e+06 1.24167e+07 0
1.13079e+06 1.24167e+07 0
1.13128e+06 1.24167e+07 0
1.13177e+06 1.24167e+07 0
1.13226e+06 1.24167e+07 0
1.13275e+06 1.24167e+07 0.037289
1.13325e+06 1.24167e+07 0
1.13374e+06 1.24167e+07 0
1.13423e+06 1.24167e+07 0.037289
1.13472e+06 1.24167e+07 0
1.13521e+06 1.24167e+07 0
1.1357e+06 1.24167e+07 0.037289
1.1362e+06 1.24167e+07 -0.037289
1.13669e+06 1.24167e+07 -0.037289
1.13718e+06 1.24167e+07 0
1.13767e+06 1.24167e+07 0
1.13816e+06 1.24167e+07 0
1.13865e+06 1.24167e+07 -0.037289
1.13914e+06 1.24167e+07 0
1.13964e+06 1.24167e+07 0
1.14013e+06 1.24167e+07 0
1.14062e+06 1.24167e+07 0
1.14111e+06 1.24167e+07 0
1.1416e+06 1.24167e+07 0
1.14209e+06 1.24167e+07 0
1.14259e+06 1.24167e+07 -0.037289
1.14308e+06 1.24167e+07 0
1.14357e+06 1.24167e+07 0
1.14406e+06 1.24167e+07 0
1.14455e+06 1.24167e+07 0
1.14504e+06 1.24167e+07 0
1.14553e+06 1.24167e+07 0.037289
1.14603e+06 1.24167e+07 -0.037289
1.14652e+06 1.24167e+07 0
1.14701e+06 1.24167e+07 -0.037289
1.1475e+06 1.24167e+07 0.037289
1.14799e+06 1.24167e+07 0.037289
1.14848e+06 1.24167e+07 0
1.14898e+06 1.24167e+07 0
1.14947e+06 1.24167e+07 0
1.14996e+06 1.24167e+07 -0.037289
1.15045e+06 1.24167e+07 0
