6.25293e-06 47205.3 -1.8513
5.09374e-05 94410.5 -4.24623
0.000138524 141616 -7.27188
0.00027466 188821 -11.0397
0.000466738 236026 -15.6953
0.000723472 283232 -21.4185
0.00105727 330437 -28.4626
0.00148468 377642 -37.1689
0.00202693 424847 -47.9916
0.00271695 472053 -61.6173
-153.747 472053 2.42261e+06
-307.5 472053 4.8453e+06
-461.252 472053 7.26798e+06
-615.006 472053 9.69068e+06
-768.756 472053 1.21134e+07
-922.513 472053 1.45361e+07
-1076.28 472053 1.69588e+07
-1230.02 472053 1.93815e+07
-1383.77 472053 2.18041e+07
-1537.53 472053 2.42269e+07
-1691.29 472053 2.66496e+07
-1845.05 472053 2.90723e+07
-1998.81 472053 3.1495e+07
-2152.57 472053 3.39178e+07
-2306.33 472053 3.63405e+07
-2460.09 472053 3.87632e+07
-2613.85 472053 4.1186e+07
-2767.61 472053 4.36087e+07
-2921.38 472053 4.60315e+07
-3075.14 472053 4.84542e+07
-3228.91 472053 5.0877e+07
-3382.67 472053 5.32997e+07
-3536.44 472053 5.57225e+07
-3690.2 472053 5.81452e+07
-3843.97 472053 6.0568e+07
-3997.74 472053 6.29908e+07
-4151.5 472053 6.54135e+07
-4305.28 472053 6.78364e+07
-4459.05 472053 7.02591e+07
-4612.81 472053 7.26819e+07
-4766.59 472053 7.51047e+07
-4920.36 472053 7.75275e+07
-5074.13 472053 7.99503e+07
-5227.9 472053 8.23731e+07
-5381.68 472053 8.47959e+07
-5535.46 472053 8.72187e+07
-5689.23 472053 8.96415e+07
-5843.01 472053 9.20644e+07
-5996.78 472053 9.44872e+07
-6150.56 472053 9.691e+07
-6304.34 472053 9.93328e+07
-6458.12 472053 1.01756e+08
-6611.9 472053 1.04179e+08
-6765.69 472053 1.06601e+08
-6919.46 472053 1.09024e+08
-7073.24 472053 1.11447e+08
-7227.03 472053 1.1387e+08
-7380.81 472053 1.16293e+08
-7534.59 472053 1.18716e+08
-7688.38 472053 1.21138e+08
-7842.16 472053 1.23561e+08
-7995.95 472053 1.25984e+08
-8149.74 472053 1.28407e+08
-8303.52 472053 1.3083e+08
-8457.31 472053 1.33253e+08
-8611.1 472053 1.35676e+08
-8764.89 472053 1.38099e+08
-8918.68 472053 1.40522e+08
-9072.47 472053 1.42944e+08
-9226.26 472053 1.45367e+08
-9380.05 472053 1.4779e+08
-9533.85 472053 1.50213e+08
-9687.64 472053 1.52636e+08
-9841.44 472053 1.55059e+08
-9995.23 472053 1.57482e+08
-10149 472053 1.59905e+08
-10302.8 472053 1.62328e+08
-10456.6 472053 1.64751e+08
-10610.4 472053 1.67174e+08
-10764.2 472053 1.69597e+08
-10918 472053 1.72019e+08
-11071.8 472053 1.74442e+08
-11225.6 472053 1.76865e+08
-11379.4 472053 1.79288e+08
-11533.2 472053 1.81711e+08
-11687 472053 1.84134e+08
-11840.8 472053 1.86557e+08
-11994.6 472053 1.8898e+08
-12148.4 472053 1.91403e+08
-12302.2 472053 1.93826e+08
-12456 472053 1.96249e+08
-12609.9 472053 1.98672e+08
-12763.7 472053 2.01095e+08
-12917.5 472053 2.03518e+08
-13071.3 472053 2.05941e+08
-13225.1 472053 2.08364e+08
-13378.9 472053 2.10787e+08
-13532.7 472053 2.1321e+08
-13686.5 472053 2.15633e+08
-13840.3 472053 2.18056e+08
-13994.1 472053 2.20479e+08
-14148 472053 2.22902e+08
-14301.8 472053 2.25325e+08
-14455.6 472053 2.27748e+08
-14609.4 472053 2.30171e+08
-14763.2 472053 2.32594e+08
-14917 472053 2.35017e+08
-15070.9 472053 2.3744e+08
-15224.7 472053 2.39863e+08
-15378.5 472053 2.42287e+08
-15532.3 472053 2.4471e+08
-15686.1 472053 2.47133e+08
-15840 472053 2.49556e+08
-15993.8 472053 2.51979e+08
-16147.6 472053 2.54402e+08
-16301.4 472053 2.56825e+08
-16455.3 472053 2.59248e+08
-16609.1 472053 2.61671e+08
-16762.9 472053 2.64094e+08
-16916.7 472053 2.66517e+08
-17070.6 472053 2.6894e+08
-17224.4 472053 2.71363e+08
-17378.2 472053 2.73787e+08
-17532 472053 2.7621e+08
-17685.9 472053 2.78633e+08
-17839.7 472053 2.81056e+08
-17993.5 472053 2.83479e+08
-18147.4 472053 2.85902e+08
-18301.2 472053 2.88325e+08
-18455 472053 2.90748e+08
-18608.9 472053 2.93172e+08
-18762.7 472053 2.95595e+08
-18916.5 472053 2.98018e+08
-19070.4 472053 3.00441e+08
-19224.2 472053 3.02864e+08
-19378 472053 3.05287e+08
-19531.9 472053 3.0771e+08
-19685.7 472053 3.10134e+08
-19839.6 472053 3.12557e+08
-19993.4 472053 3.1498e+08
-20147.2 472053 3.17403e+08
-20301.1 472053 3.19826e+08
-20454.9 472053 3.22249e+08
-20608.8 472053 3.24673e+08
-20762.6 472053 3.27096e+08
-20916.5 472053 3.29519e+08
-21070.3 472053 3.31942e+08
-21224.2 472053 3.34365e+08
-21378 472053 3.36789e+08
-21531.9 472053 3.39212e+08
-21685.7 472053 3.41635e+08
-21839.5 472053 3.44058e+08
-21993.4 472053 3.46481e+08
-22147.2 472053 3.48905e+08
-22301.1 472053 3.51328e+08
-22455 472053 3.53751e+08
-22608.8 472053 3.56174e+08
-22762.7 472053 3.58598e+08
-22916.5 472053 3.61021e+08
-23070.4 472053 3.63444e+08
-23224.2 472053 3.65867e+08
-23378.1 472053 3.68291e+08
-23531.9 472053 3.70714e+08
-23685.8 472053 3.73137e+08
-23839.6 472053 3.7556e+08
-23993.5 472053 3.77984e+08
-24147.4 472053 3.80407e+08
-24301.2 472053 3.8283e+08
-24455.1 472053 3.85253e+08
-24608.9 472053 3.87677e+08
-24762.8 472053 3.901e+08
-24916.7 472053 3.92523e+08
-25070.5 472053 3.94947e+08
-25224.4 472053 3.9737e+08
-25378.3 472053 3.99793e+08
-25532.1 472053 4.02216e+08
-25686 472053 4.0464e+08
-25839.9 472053 4.07063e+08
-25993.7 472053 4.09486e+08
-26147.6 472053 4.1191e+08
-26301.5 472053 4.14333e+08
-26455.3 472053 4.16756e+08
-26609.2 472053 4.1918e+08
-26763.1 472053 4.21603e+08
-26917 472053 4.24026e+08
-27070.8 472053 4.2645e+08
-27224.7 472053 4.28873e+08
-27378.6 472053 4.31296e+08
-27532.4 472053 4.3372e+08
-27686.3 472053 4.36143e+08
-27840.2 472053 4.38566e+08
-27994.1 472053 4.4099e+08
-28147.9 472053 4.43413e+08
-28301.8 472053 4.45837e+08
-28455.7 472053 4.4826e+08
-28609.6 472053 4.50683e+08
-28763.5 472053 4.53107e+08
-28917.3 472053 4.5553e+08
-29071.2 472053 4.57953e+08
-29225.1 472053 4.60377e+08
-29379 472053 4.628e+08
-29532.9 472053 4.65224e+08
-29686.8 472053 4.67647e+08
-29840.6 472053 4.70071e+08
-29994.5 472053 4.72494e+08
-30148.4 472053 4.74917e+08
-30302.3 472053 4.77341e+08
-30456.2 472053 4.79764e+08
-30610.1 472053 4.82188e+08
-30764 472053 4.84611e+08
-30917.9 472053 4.87034e+08
-31071.7 472053 4.89458e+08
-31225.6 472053 4.91881e+08
-31379.5 472053 4.94305e+08
-31533.4 472053 4.96728e+08
-31687.3 472053 4.99152e+08
-31841.2 472053 5.01575e+08
-31995.1 472053 5.03999e+08
-32149 472053 5.06422e+08
-32302.9 472053 5.08846e+08
-32456.8 472053 5.11269e+08
-32610.7 472053 5.13693e+08
-32764.6 472053 5.16116e+08
-32918.5 472053 5.1854e+08
-33072.4 472053 5.20963e+08
-33226.3 472053 5.23387e+08
-33380.2 472053 5.2581e+08
-33534.1 472053 5.28234e+08
-33688 472053 5.30657e+08
-33841.9 472053 5.33081e+08
-33995.8 472053 5.35504e+08
-34149.7 472053 5.37928e+08
-34303.6 472053 5.40351e+08
-34457.5 472053 5.42775e+08
-34611.4 472053 5.45198e+08
-34765.3 472053 5.47622e+08
-34919.2 472053 5.50045e+08
-35073.1 472053 5.52469e+08
-35227.1 472053 5.54892e+08
-35381 472053 5.57316e+08
-35534.9 472053 5.59739e+08
-35688.8 472053 5.62163e+08
-35842.7 472053 5.64586e+08
-35996.6 472053 5.6701e+08
-36150.5 472053 5.69434e+08
-36304.4 472053 5.71857e+08
-36458.4 472053 5.74281e+08
-36612.3 472053 5.76704e+08
-36766.2 472053 5.79128e+08
-36920.1 472053 5.81552e+08
-37074 472053 5.83975e+08
-37227.9 472053 5.86399e+08
-37381.9 472053 5.88822e+08
-37535.8 472053 5.91246e+08
-37689.7 472053 5.9367e+08
-37843.6 472053 5.96093e+08
-37997.5 472053 5.98517e+08
-38151.5 472053 6.0094e+08
-38305.4 472053 6.03364e+08
-38459.3 472053 6.05788e+08
-38613.2 472053 6.08211e+08
-38767.2 472053 6.10635e+08
-38921.1 472053 6.13058e+08
-39075 472053 6.15482e+08
-39228.9 472053 6.17906e+08
-39382.9 472053 6.20329e+08
-39536.8 472053 6.22753e+08
-39690.7 472053 6.25177e+08
-39844.7 472053 6.276e+08
-39998.6 472053 6.30024e+08
-40152.5 472053 6.32448e+08
-40306.5 472053 6.34871e+08
-40460.4 472053 6.37295e+08
-40614.3 472053 6.39719e+08
-40768.3 472053 6.42142e+08
-40922.2 472053 6.44566e+08
-41076.1 472053 6.4699e+08
-41230.1 472053 6.49413e+08
-41384 472053 6.51837e+08
-41537.9 472053 6.54261e+08
-41691.9 472053 6.56685e+08
-41845.8 472053 6.59108e+08
-41999.8 472053 6.61532e+08
-42153.7 472053 6.63956e+08
-42307.6 472053 6.66379e+08
-42461.6 472053 6.68803e+08
-42615.5 472053 6.71227e+08
-42769.5 472053 6.73651e+08
-42923.4 472053 6.76074e+08
-43077.4 472053 6.78498e+08
-43231.3 472053 6.80922e+08
-43385.2 472053 6.83346e+08
-43539.2 472053 6.85769e+08
-43693.1 472053 6.88193e+08
-43847.1 472053 6.90617e+08
-44001 472053 6.93041e+08
-44155 472053 6.95464e+08
-44308.9 472053 6.97888e+08
-44462.9 472053 7.00312e+08
-44616.8 472053 7.02736e+08
-44770.8 472053 7.05159e+08
-44924.8 472053 7.07583e+08
-45078.7 472053 7.10007e+08
-45232.7 472053 7.12431e+08
-45386.6 472053 7.14855e+08
-45540.6 472053 7.17278e+08
-45694.5 472053 7.19702e+08
-45848.5 472053 7.22126e+08
-46002.4 472053 7.2455e+08
-46156.4 472053 7.26974e+08
-46310.4 472053 7.29397e+08
-46464.3 472053 7.31821e+08
-46618.3 472053 7.34245e+08
-46772.2 472053 7.36669e+08
-46926.2 472053 7.39093e+08
-47080.2 472053 7.41517e+08
-47234.1 472053 7.4394e+08
-47388.1 472053 7.46364e+08
-47542.1 472053 7.48788e+08
-47696 472053 7.51212e+08
-47850 472053 7.53636e+08
-48004 472053 7.5606e+08
-48157.9 472053 7.58484e+08
-48311.9 472053 7.60907e+08
-48465.9 472053 7.63331e+08
-48619.8 472053 7.65755e+08
-48773.8 472053 7.68179e+08
-48927.8 472053 7.70603e+08
-49081.8 472053 7.73027e+08
-49235.7 472053 7.75451e+08
-49389.7 472053 7.77875e+08
-49543.7 472053 7.80298e+08
-49697.6 472053 7.82722e+08
-49851.6 472053 7.85146e+08
-50005.6 472053 7.8757e+08
-50159.6 472053 7.89994e+08
-50313.6 472053 7.92418e+08
-50467.5 472053 7.94842e+08
-50621.5 472053 7.97266e+08
-50775.5 472053 7.9969e+08
-50929.5 472053 8.02114e+08
-51083.5 472053 8.04538e+08
-51237.4 472053 8.06962e+08
-51391.4 472053 8.09386e+08
-51545.4 472053 8.11809e+08
-51699.4 472053 8.14233e+08
-51853.4 472053 8.16657e+08
-52007.4 472053 8.19081e+08
-52161.3 472053 8.21505e+08
-52315.3 472053 8.23929e+08
-52469.3 472053 8.26353e+08
-52623.3 472053 8.28777e+08
-52777.3 472053 8.31201e+08
-52931.3 472053 8.33625e+08
-53085.3 472053 8.36049e+08
-53239.3 472053 8.38473e+08
-53393.3 472053 8.40897e+08
-53547.2 472053 8.43321e+08
-53701.2 472053 8.45745e+08
-53855.2 472053 8.48169e+08
-54009.2 472053 8.50593e+08
-54163.2 472053 8.53017e+08
-54317.2 472053 8.55441e+08
-54471.2 472053 8.57865e+08
-54625.2 472053 8.60289e+08
-54779.2 472053 8.62713e+08
-54933.2 472053 8.65137e+08
-55087.2 472053 8.67561e+08
-55241.2 472053 8.69985e+08
-55395.2 472053 8.72409e+08
-55549.2 472053 8.74833e+08
-55703.2 472053 8.77257e+08
-55857.2 472053 8.79682e+08
-56011.2 472053 8.82106e+08
-56165.2 472053 8.8453e+08
-56319.2 472053 8.86954e+08
-56473.2 472053 8.89378e+08
-56627.2 472053 8.91802e+08
-56781.2 472053 8.94226e+08
-56935.3 472053 8.9665e+08
-57089.3 472053 8.99074e+08
-57243.3 472053 9.01498e+08
-57397.3 472053 9.03922e+08
-57551.3 472053 9.06346e+08
-57705.3 472053 9.0877e+08
-57859.3 472053 9.11195e+08
-58013.3 472053 9.13619e+08
-58167.3 472053 9.16043e+08
-58321.4 472053 9.18467e+08
-58475.4 472053 9.20891e+08
-58629.4 472053 9.23315e+08
-58783.4 472053 9.25739e+08
-58937.4 472053 9.28163e+08
-59091.4 472053 9.30588e+08
-59245.5 472053 9.33012e+08
-59399.5 472053 9.35436e+08
-59553.5 472053 9.3786e+08
-59707.5 472053 9.40284e+08
-59861.5 472053 9.42708e+08
-60015.6 472053 9.45132e+08
-60169.6 472053 9.47557e+08
-60323.6 472053 9.49981e+08
-60477.6 472053 9.52405e+08
-60631.6 472053 9.54829e+08
-60785.7 472053 9.57253e+08
-60939.7 472053 9.59677e+08
-61093.7 472053 9.62102e+08
-61247.8 472053 9.64526e+08
-61401.8 472053 9.6695e+08
-61555.8 472053 9.69374e+08
-61709.8 472053 9.71798e+08
-61863.9 472053 9.74223e+08
-62017.9 472053 9.76647e+08
-62171.9 472053 9.79071e+08
-62326 472053 9.81495e+08
-62480 472053 9.83919e+08
-62634 472053 9.86344e+08
-62788.1 472053 9.88768e+08
-62942.1 472053 9.91192e+08
-63096.1 472053 9.93616e+08
-63250.2 472053 9.96041e+08
-63404.2 472053 9.98465e+08
-63558.2 472053 1.00089e+09
-63712.3 472053 1.00331e+09
-63866.3 472053 1.00574e+09
-64020.4 472053 1.00816e+09
-64174.4 472053 1.01059e+09
-64328.4 472053 1.01301e+09
-64482.5 472053 1.01543e+09
-64636.5 472053 1.01786e+09
-64790.6 472053 1.02028e+09
-64944.6 472053 1.02271e+09
-65098.7 472053 1.02513e+09
-65252.7 472053 1.02756e+09
-65406.7 472053 1.02998e+09
-65560.8 472053 1.0324e+09
-65714.8 472053 1.03483e+09
-65868.9 472053 1.03725e+09
-66022.9 472053 1.03968e+09
-66177 472053 1.0421e+09
-66331 472053 1.04453e+09
-66485.1 472053 1.04695e+09
-66639.1 472053 1.04937e+09
-66793.2 472053 1.0518e+09
-66947.2 472053 1.05422e+09
-67101.3 472053 1.05665e+09
-67255.4 472053 1.05907e+09
-67409.4 472053 1.0615e+09
-67563.5 472053 1.06392e+09
-67717.5 472053 1.06635e+09
-67871.6 472053 1.06877e+09
-68025.6 472053 1.07119e+09
-68179.7 472053 1.07362e+09
-68333.8 472053 1.07604e+09
-68487.8 472053 1.07847e+09
-68641.9 472053 1.08089e+09
-68795.9 472053 1.08332e+09
-68950 472053 1.08574e+09
-69104.1 472053 1.08816e+09
-69258.1 472053 1.09059e+09
-69412.2 472053 1.09301e+09
-69566.3 472053 1.09544e+09
-69720.3 472053 1.09786e+09
-69874.4 472053 1.10029e+09
-70028.5 472053 1.10271e+09
-70182.5 472053 1.10514e+09
-70336.6 472053 1.10756e+09
-70490.7 472053 1.10998e+09
-70644.7 472053 1.11241e+09
-70798.8 472053 1.11483e+09
-70952.9 472053 1.11726e+09
-71106.9 472053 1.11968e+09
-71261 472053 1.12211e+09
-71415.1 472053 1.12453e+09
-71569.2 472053 1.12695e+09
-71723.2 472053 1.12938e+09
-71877.3 472053 1.1318e+09
-72031.4 472053 1.13423e+09
-72185.5 472053 1.13665e+09
-72339.5 472053 1.13908e+09
-72493.6 472053 1.1415e+09
-72647.7 472053 1.14393e+09
-72801.8 472053 1.14635e+09
-72955.9 472053 1.14878e+09
-73109.9 472053 1.1512e+09
-73264 472053 1.15362e+09
-73418.1 472053 1.15605e+09
-73572.2 472053 1.15847e+09
-73726.3 472053 1.1609e+09
-73880.4 472053 1.16332e+09
-74034.4 472053 1.16575e+09
-74188.5 472053 1.16817e+09
-74342.6 472053 1.1706e+09
-74496.7 472053 1.17302e+09
-74650.8 472053 1.17544e+09
-74804.9 472053 1.17787e+09
-74959 472053 1.18029e+09
-75113.1 472053 1.18272e+09
-75267.1 472053 1.18514e+09
-75421.2 472053 1.18757e+09
-75575.3 472053 1.18999e+09
-75729.4 472053 1.19242e+09
-75883.5 472053 1.19484e+09
-76037.6 472053 1.19727e+09
-76191.7 472053 1.19969e+09
-76345.8 472053 1.20211e+09
-76499.9 472053 1.20454e+09
-76654 472053 1.20696e+09
-76808.1 472053 1.20939e+09
-76962.2 472053 1.21181e+09
-77116.3 472053 1.21424e+09
-77270.4 472053 1.21666e+09
-77424.5 472053 1.21909e+09
-77578.6 472053 1.22151e+09
-77732.7 472053 1.22394e+09
-77886.8 472053 1.22636e+09
-78040.9 472053 1.22878e+09
-78195 472053 1.23121e+09
-78349.1 472053 1.23363e+09
-78503.2 472053 1.23606e+09
-78657.3 472053 1.23848e+09
-78811.4 472053 1.24091e+09
-78965.5 472053 1.24333e+09
-79119.6 472053 1.24576e+09
-79273.7 472053 1.24818e+09
-79427.9 472053 1.25061e+09
-79582 472053 1.25303e+09
-79736.1 472053 1.25546e+09
-79890.2 472053 1.25788e+09
-80044.3 472053 1.26031e+09
-80198.4 472053 1.26273e+09
-80352.5 472053 1.26515e+09
-80506.6 472053 1.26758e+09
-80660.8 472053 1.27e+09
-80814.9 472053 1.27243e+09
-80969 472053 1.27485e+09
-81123.1 472053 1.27728e+09
-81277.2 472053 1.2797e+09
-81431.3 472053 1.28213e+09
-81585.5 472053 1.28455e+09
-81739.6 472053 1.28698e+09
-81893.7 472053 1.2894e+09
-82047.8 472053 1.29183e+09
-82201.9 472053 1.29425e+09
-82356.1 472053 1.29668e+09
-82510.2 472053 1.2991e+09
-82664.3 472053 1.30152e+09
-82818.4 472053 1.30395e+09
-82972.6 472053 1.30637e+09
-83126.7 472053 1.3088e+09
-83280.8 472053 1.31122e+09
-83434.9 472053 1.31365e+09
-83589.1 472053 1.31607e+09
-83743.2 472053 1.3185e+09
-83897.3 472053 1.32092e+09
-84051.5 472053 1.32335e+09
-84205.6 472053 1.32577e+09
-84359.7 472053 1.3282e+09
-84513.9 472053 1.33062e+09
-84668 472053 1.33305e+09
-84822.1 472053 1.33547e+09
-84976.3 472053 1.3379e+09
-85130.4 472053 1.34032e+09
-85284.5 472053 1.34275e+09
-85438.7 472053 1.34517e+09
-85592.8 472053 1.3476e+09
-85746.9 472053 1.35002e+09
-85901.1 472053 1.35244e+09
-86055.2 472053 1.35487e+09
-86209.4 472053 1.35729e+09
-86363.5 472053 1.35972e+09
-86517.7 472053 1.36214e+09
-86671.8 472053 1.36457e+09
-86825.9 472053 1.36699e+09
-86980.1 472053 1.36942e+09
-87134.2 472053 1.37184e+09
-87288.4 472053 1.37427e+09
-87442.5 472053 1.37669e+09
-87596.7 472053 1.37912e+09
-87750.8 472053 1.38154e+09
-87904.9 472053 1.38397e+09
-88059.1 472053 1.38639e+09
-88213.2 472053 1.38882e+09
-88367.4 472053 1.39124e+09
-88521.5 472053 1.39367e+09
-88675.7 472053 1.39609e+09
-88829.9 472053 1.39852e+09
-88984 472053 1.40094e+09
-89138.2 472053 1.40337e+09
-89292.3 472053 1.40579e+09
-89446.5 472053 1.40822e+09
-89600.6 472053 1.41064e+09
-89754.8 472053 1.41307e+09
-89908.9 472053 1.41549e+09
-90063.1 472053 1.41792e+09
-90217.3 472053 1.42034e+09
-90371.4 472053 1.42277e+09
-90525.6 472053 1.42519e+09
-90679.7 472053 1.42762e+09
-90833.9 472053 1.43004e+09
-90988.1 472053 1.43246e+09
-91142.2 472053 1.43489e+09
-91296.4 472053 1.43731e+09
-91450.5 472053 1.43974e+09
-91604.7 472053 1.44216e+09
-91758.9 472053 1.44459e+09
-91913 472053 1.44701e+09
-92067.2 472053 1.44944e+09
-92221.4 472053 1.45186e+09
-92375.5 472053 1.45429e+09
-92529.7 472053 1.45671e+09
-92683.9 472053 1.45914e+09
-92838 472053 1.46156e+09
-92992.2 472053 1.46399e+09
-93146.4 472053 1.46641e+09
-93300.6 472053 1.46884e+09
-93454.7 472053 1.47126e+09
-93608.9 472053 1.47369e+09
-93763.1 472053 1.47611e+09
-93917.3 472053 1.47854e+09
-94071.4 472053 1.48096e+09
-94225.6 472053 1.48339e+09
-94379.8 472053 1.48581e+09
-94534 472053 1.48824e+09
-94688.1 472053 1.49066e+09
-94842.3 472053 1.49309e+09
-94996.5 472053 1.49551e+09
-95150.7 472053 1.49794e+09
-95304.9 472053 1.50036e+09
-95459 472053 1.50279e+09
-95613.2 472053 1.50521e+09
-95767.4 472053 1.50764e+09
-95921.6 472053 1.51006e+09
-96075.8 472053 1.51249e+09
-96230 472053 1.51491e+09
-96384.2 472053 1.51734e+09
-96538.3 472053 1.51976e+09
-96692.5 472053 1.52219e+09
-96846.7 472053 1.52461e+09
-97000.9 472053 1.52704e+09
-97155.1 472053 1.52946e+09
-97309.3 472053 1.53189e+09
-97463.5 472053 1.53432e+09
-97617.7 472053 1.53674e+09
-97771.9 472053 1.53917e+09
-97926.1 472053 1.54159e+09
-98080.3 472053 1.54402e+09
-98234.4 472053 1.54644e+09
-98388.6 472053 1.54887e+09
-98542.8 472053 1.55129e+09
-98697 472053 1.55372e+09
-98851.2 472053 1.55614e+09
-99005.4 472053 1.55857e+09
-99159.6 472053 1.56099e+09
-99313.8 472053 1.56342e+09
-99468 472053 1.56584e+09
-99622.2 472053 1.56827e+09
-99776.4 472053 1.57069e+09
-99930.6 472053 1.57312e+09
-100085 472053 1.57554e+09
-100239 472053 1.57797e+09
-100393 472053 1.58039e+09
-100547 472053 1.58282e+09
-100702 472053 1.58524e+09
-100856 472053 1.58767e+09
-101010 472053 1.59009e+09
-101164 472053 1.59252e+09
-101318 472053 1.59494e+09
-101473 472053 1.59737e+09
-101627 472053 1.59979e+09
-101781 472053 1.60222e+09
-101935 472053 1.60464e+09
-102090 472053 1.60707e+09
-102244 472053 1.60949e+09
-102398 472053 1.61192e+09
-102552 472053 1.61434e+09
-102706 472053 1.61677e+09
-102861 472053 1.6192e+09
-103015 472053 1.62162e+09
-103169 472053 1.62405e+09
-103323 472053 1.62647e+09
-103477 472053 1.6289e+09
-103632 472053 1.63132e+09
-103786 472053 1.63375e+09
-103940 472053 1.63617e+09
-104094 472053 1.6386e+09
-104249 472053 1.64102e+09
-104403 472053 1.64345e+09
-104557 472053 1.64587e+09
-104711 472053 1.6483e+09
-104865 472053 1.65072e+09
-105020 472053 1.65315e+09
-105174 472053 1.65557e+09
-105328 472053 1.658e+09
-105482 472053 1.66042e+09
-105637 472053 1.66285e+09
-105791 472053 1.66528e+09
-105945 472053 1.6677e+09
-106099 472053 1.67013e+09
-106254 472053 1.67255e+09
-106408 472053 1.67498e+09
-106562 472053 1.6774e+09
-106716 472053 1.67983e+09
-106870 472053 1.68225e+09
-107025 472053 1.68468e+09
-107179 472053 1.6871e+09
-107333 472053 1.68953e+09
-107487 472053 1.69195e+09
-107642 472053 1.69438e+09
-107796 472053 1.6968e+09
-107950 472053 1.69923e+09
-108104 472053 1.70165e+09
-108259 472053 1.70408e+09
-108413 472053 1.70651e+09
-108567 472053 1.70893e+09
-108721 472053 1.71136e+09
-108876 472053 1.71378e+09
-109030 472053 1.71621e+09
-109184 472053 1.71863e+09
-109338 472053 1.72106e+09
-109493 472053 1.72348e+09
-109647 472053 1.72591e+09
-109801 472053 1.72833e+09
-109955 472053 1.73076e+09
-110110 472053 1.73318e+09
-110264 472053 1.73561e+09
-110418 472053 1.73804e+09
-110572 472053 1.74046e+09
-110727 472053 1.74289e+09
-110881 472053 1.74531e+09
-111035 472053 1.74774e+09
-111189 472053 1.75016e+09
-111344 472053 1.75259e+09
-111498 472053 1.75501e+09
-111652 472053 1.75744e+09
-111806 472053 1.75986e+09
-111961 472053 1.76229e+09
-112115 472053 1.76472e+09
-112269 472053 1.76714e+09
-112423 472053 1.76957e+09
-112578 472053 1.77199e+09
-112732 472053 1.77442e+09
-112886 472053 1.77684e+09
-113040 472053 1.77927e+09
-113195 472053 1.78169e+09
-113349 472053 1.78412e+09
-113503 472053 1.78654e+09
-113657 472053 1.78897e+09
-113812 472053 1.7914e+09
-113966 472053 1.79382e+09
-114120 472053 1.79625e+09
-114274 472053 1.79867e+09
-114429 472053 1.8011e+09
-114583 472053 1.80352e+09
-114737 472053 1.80595e+09
-114892 472053 1.80837e+09
-115046 472053 1.8108e+09
-115200 472053 1.81322e+09
-115354 472053 1.81565e+09
-115509 472053 1.81808e+09
-115663 472053 1.8205e+09
-115817 472053 1.82293e+09
-115971 472053 1.82535e+09
-116126 472053 1.82778e+09
-116280 472053 1.8302e+09
-116434 472053 1.83263e+09
-116589 472053 1.83505e+09
-116743 472053 1.83748e+09
-116897 472053 1.83991e+09
-117051 472053 1.84233e+09
-117206 472053 1.84476e+09
-117360 472053 1.84718e+09
-117514 472053 1.84961e+09
-117669 472053 1.85203e+09
-117823 472053 1.85446e+09
-117977 472053 1.85688e+09
-118131 472053 1.85931e+09
-118286 472053 1.86174e+09
-118440 472053 1.86416e+09
-118594 472053 1.86659e+09
-118749 472053 1.86901e+09
-118903 472053 1.87144e+09
-119057 472053 1.87386e+09
-119211 472053 1.87629e+09
-119366 472053 1.87872e+09
-119520 472053 1.88114e+09
-119674 472053 1.88357e+09
-119829 472053 1.88599e+09
-119983 472053 1.88842e+09
-120137 472053 1.89084e+09
-120291 472053 1.89327e+09
-120446 472053 1.89569e+09
-120600 472053 1.89812e+09
-120754 472053 1.90055e+09
-120909 472053 1.90297e+09
-121063 472053 1.9054e+09
-121217 472053 1.90782e+09
-121372 472053 1.91025e+09
-121526 472053 1.91267e+09
-121680 472053 1.9151e+09
-121834 472053 1.91753e+09
-121989 472053 1.91995e+09
-122143 472053 1.92238e+09
-122297 472053 1.9248e+09
-122452 472053 1.92723e+09
-122606 472053 1.92965e+09
-122760 472053 1.93208e+09
-122915 472053 1.93451e+09
-123069 472053 1.93693e+09
-123223 472053 1.93936e+09
-123377 472053 1.94178e+09
-123532 472053 1.94421e+09
-123686 472053 1.94663e+09
-123840 472053 1.94906e+09
-123995 472053 1.95149e+09
-124149 472053 1.95391e+09
-124303 472053 1.95634e+09
-124458 472053 1.95876e+09
-124612 472053 1.96119e+09
-124766 472053 1.96361e+09
-124921 472053 1.96604e+09
-125075 472053 1.96847e+09
-125229 472053 1.97089e+09
-125384 472053 1.97332e+09
-125538 472053 1.97574e+09
-125692 472053 1.97817e+09
-125847 472053 1.98059e+09
-126001 472053 1.98302e+09
-126155 472053 1.98545e+09
-126309 472053 1.98787e+09
-126464 472053 1.9903e+09
-126618 472053 1.99272e+09
-126772 472053 1.99515e+09
-126927 472053 1.99758e+09
-127081 472053 2e+09
-127235 472053 2.00243e+09
-127390 472053 2.00485e+09
-127544 472053 2.00728e+09
-127698 472053 2.0097e+09
-127853 472053 2.01213e+09
-128007 472053 2.01456e+09
-128161 472053 2.01698e+09
-128316 472053 2.01941e+09
-128470 472053 2.02183e+09
-128624 472053 2.02426e+09
-128779 472053 2.02669e+09
-128933 472053 2.02911e+09
-129087 472053 2.03154e+09
-129242 472053 2.03396e+09
-129396 472053 2.03639e+09
-129550 472053 2.03881e+09
-129705 472053 2.04124e+09
-129859 472053 2.04367e+09
-130013 472053 2.04609e+09
-130168 472053 2.04852e+09
-130322 472053 2.05094e+09
-130476 472053 2.05337e+09
-130631 472053 2.0558e+09
-130785 472053 2.05822e+09
-130939 472053 2.06065e+09
-131094 472053 2.06307e+09
-131248 472053 2.0655e+09
-131402 472053 2.06793e+09
-131557 472053 2.07035e+09
-131711 472053 2.07278e+09
-132172 472053 2.07602e+09
-133183 472053 2.08072e+09
-134194 472053 2.08542e+09
-135206 472053 2.09013e+09
-136217 472053 2.09483e+09
-137228 472053 2.09953e+09
-138240 472053 2.10424e+09
-139251 472053 2.10894e+09
-139895 472053 2.11198e+09
-139938 472053 2.1123e+09
-139982 472053 2.11263e+09
-140026 472053 2.11295e+09
-140070 472053 2.11328e+09
-140114 472053 2.11361e+09
-140157 472053 2.11393e+09
-140201 472053 2.11426e+09
-140245 472053 2.11458e+09
-140289 472053 2.11491e+09
-140332 472053 2.11523e+09
-140376 472053 2.11556e+09
-140420 472053 2.11588e+09
-140464 472053 2.11621e+09
-140508 472053 2.11654e+09
-140551 472053 2.11686e+09
-140595 472053 2.11719e+09
-140639 472053 2.11751e+09
-140683 472053 2.11784e+09
-140726 472053 2.11816e+09
-140770 472053 2.11849e+09
-140814 472053 2.11882e+09
-140858 472053 2.11914e+09
-140902 472053 2.11947e+09
-140945 472053 2.11979e+09
-140989 472053 2.12012e+09
-141033 472053 2.12044e+09
-141077 472053 2.12077e+09
-141121 472053 2.12109e+09
-141164 472053 2.12142e+09
-141208 472053 2.12175e+09
-141252 472053 2.12207e+09
-141296 472053 2.1224e+09
-141339 472053 2.12272e+09
-141383 472053 2.12305e+09
-141427 472053 2.12337e+09
-141471 472053 2.1237e+09
-141515 472053 2.12403e+09
-141558 472053 2.12435e+09
-141602 472053 2.12468e+09
-141646 472053 2.125e+09
-141690 472053 2.12533e+09
-141734 472053 2.12565e+09
-141777 472053 2.12598e+09
-141821 472053 2.12631e+09
-141865 472053 2.12663e+09
-141909 472053 2.12696e+09
-141952 472053 2.12728e+09
-141996 472053 2.12761e+09
-142040 472053 2.12793e+09
-142084 472053 2.12826e+09
-142128 472053 2.12858e+09
-142171 472053 2.12891e+09
-142215 472053 2.12924e+09
-142259 472053 2.12956e+09
-142303 472053 2.12989e+09
-142347 472053 2.13021e+09
-142390 472053 2.13054e+09
-142434 472053 2.13086e+09
-142478 472053 2.13119e+09
-142522 472053 2.13152e+09
-142565 472053 2.13184e+09
-142609 472053 2.13217e+09
-142653 472053 2.13249e+09
-142697 472053 2.13282e+09
-142741 472053 2.13314e+09
-142784 472053 2.13347e+09
-142828 472053 2.13379e+09
-142872 472053 2.13412e+09
-142916 472053 2.13445e+09
-142960 472053 2.13477e+09
-143003 472053 2.1351e+09
-143047 472053 2.13542e+09
-143091 472053 2.13575e+09
-143135 472053 2.13607e+09
-143178 472053 2.1364e+09
-143222 472053 2.13673e+09
-143266 472053 2.13705e+09
-143310 472053 2.13738e+09
-143354 472053 2.1377e+09
-143397 472053 2.13803e+09
-143441 472053 2.13835e+09
-143485 472053 2.13868e+09
-143529 472053 2.13901e+09
-143573 472053 2.13933e+09
-143616 472053 2.13966e+09
-143660 472053 2.13998e+09
-143704 472053 2.14031e+09
-143748 472053 2.14063e+09
-143792 472053 2.14096e+09
-143835 472053 2.14128e+09
-143879 472053 2.14161e+09
-143923 472053 2.14194e+09
-143967 472053 2.14226e+09
-144010 472053 2.14259e+09
-144054 472053 2.14291e+09
-144098 472053 2.14324e+09
-144142 472053 2.14356e+09
-144186 472053 2.14389e+09
-144229 472053 2.14422e+09
-144273 472053 2.14454e+09
-144317 472053 2.14487e+09
-144361 472053 2.14519e+09
-144405 472053 2.14552e+09
-144448 472053 2.14584e+09
-144492 472053 2.14617e+09
-144536 472053 2.14649e+09
-144580 472053 2.14682e+09
-144624 472053 2.14715e+09
-144667 472053 2.14747e+09
-144711 472053 2.1478e+09
-144755 472053 2.14812e+09
-144799 472053 2.14845e+09
-144842 472053 2.14877e+09
-144886 472053 2.1491e+09
-144930 472053 2.14943e+09
-144974 472053 2.14975e+09
-145018 472053 2.15008e+09
-145061 472053 2.1504e+09
-145105 472053 2.15073e+09
-145149 472053 2.15105e+09
-145193 472053 2.15138e+09
-145237 472053 2.15171e+09
-145280 472053 2.15203e+09
-145324 472053 2.15236e+09
-145368 472053 2.15268e+09
-145412 472053 2.15301e+09
-145456 472053 2.15333e+09
-145499 472053 2.15366e+09
-145543 472053 2.15398e+09
-145587 472053 2.15431e+09
-145631 472053 2.15464e+09
-145674 472053 2.15496e+09
-145718 472053 2.15529e+09
-145762 472053 2.15561e+09
-145806 472053 2.15594e+09
-145850 472053 2.15626e+09
-145893 472053 2.15659e+09
-145937 472053 2.15692e+09
-145981 472053 2.15724e+09
-146025 472053 2.15757e+09
-146069 472053 2.15789e+09
-146112 472053 2.15822e+09
-146156 472053 2.15854e+09
-146200 472053 2.15887e+09
-146244 472053 2.15919e+09
-146288 472053 2.15952e+09
-146331 472053 2.15985e+09
-146375 472053 2.16017e+09
-146419 472053 2.1605e+09
-146463 472053 2.16082e+09
-146507 472053 2.16115e+09
-146550 472053 2.16147e+09
-146594 472053 2.1618e+09
-146638 472053 2.16213e+09
-146682 472053 2.16245e+09
-146725 472053 2.16278e+09
-146769 472053 2.1631e+09
-146813 472053 2.16343e+09
-146857 472053 2.16375e+09
-146901 472053 2.16408e+09
-146944 472053 2.1644e+09
-146988 472053 2.16473e+09
-147032 472053 2.16506e+09
-147076 472053 2.16538e+09
-147120 472053 2.16571e+09
-147163 472053 2.16603e+09
-147207 472053 2.16636e+09
-147251 472053 2.16668e+09
-147295 472053 2.16701e+09
-147339 472053 2.16734e+09
-147382 472053 2.16766e+09
-147426 472053 2.16799e+09
-147470 472053 2.16831e+09
-147514 472053 2.16864e+09
-147558 472053 2.16896e+09
-147601 472053 2.16929e+09
-147645 472053 2.16962e+09
-147689 472053 2.16994e+09
-147733 472053 2.17027e+09
-147777 472053 2.17059e+09
-147820 472053 2.17092e+09
-147864 472053 2.17124e+09
-147908 472053 2.17157e+09
-147952 472053 2.17189e+09
-147995 472053 2.17222e+09
-148039 472053 2.17255e+09
-148083 472053 2.17287e+09
-148127 472053 2.1732e+09
-148171 472053 2.17352e+09
-148214 472053 2.17385e+09
-148258 472053 2.17417e+09
-148302 472053 2.1745e+09
-148346 472053 2.17483e+09
-148390 472053 2.17515e+09
-148433 472053 2.17548e+09
-148477 472053 2.1758e+09
-148521 472053 2.17613e+09
-148565 472053 2.17645e+09
-148609 472053 2.17678e+09
-148652 472053 2.1771e+09
-148696 472053 2.17743e+09
-148740 472053 2.17776e+09
-148784 472053 2.17808e+09
-148828 472053 2.17841e+09
-148871 472053 2.17873e+09
-148915 472053 2.17906e+09
-148959 472053 2.17938e+09
-149003 472053 2.17971e+09
-149047 472053 2.18004e+09
-149090 472053 2.18036e+09
-149134 472053 2.18069e+09
-149178 472053 2.18101e+09
-149222 472053 2.18134e+09
-149266 472053 2.18166e+09
-149309 472053 2.18199e+09
-149353 472053 2.18231e+09
-149397 472053 2.18264e+09
-149441 472053 2.18297e+09
-149485 472053 2.18329e+09
-149528 472053 2.18362e+09
-149572 472053 2.18394e+09
-149616 472053 2.18427e+09
-149660 472053 2.18459e+09
-149704 472053 2.18492e+09
-149747 472053 2.18525e+09
-149791 472053 2.18557e+09
-149835 472053 2.1859e+09
-149879 472053 2.18622e+09
-149922 472053 2.18655e+09
-149966 472053 2.18687e+09
-150010 472053 2.1872e+09
-150054 472053 2.18753e+09
-150098 472053 2.18785e+09
-150141 472053 2.18818e+09
-150185 472053 2.1885e+09
-150229 472053 2.18883e+09
-150273 472053 2.18915e+09
-150317 472053 2.18948e+09
-150360 472053 2.1898e+09
-150404 472053 2.19013e+09
-150448 472053 2.19046e+09
-150492 472053 2.19078e+09
-150536 472053 2.19111e+09
-150579 472053 2.19143e+09
-150623 472053 2.19176e+09
-150667 472053 2.19208e+09
-150711 472053 2.19241e+09
-150755 472053 2.19274e+09
-150798 472053 2.19306e+09
-150842 472053 2.19339e+09
-150886 472053 2.19371e+09
-150930 472053 2.19404e+09
-150974 472053 2.19436e+09
-151017 472053 2.19469e+09
-151061 472053 2.19501e+09
-151105 472053 2.19534e+09
-151149 472053 2.19567e+09
-151193 472053 2.19599e+09
-151236 472053 2.19632e+09
-151280 472053 2.19664e+09
-151324 472053 2.19697e+09
-151368 472053 2.19729e+09
-151412 472053 2.19762e+09
-151455 472053 2.19795e+09
-151499 472053 2.19827e+09
-151543 472053 2.1986e+09
-151587 472053 2.19892e+09
-151631 472053 2.19925e+09
-151674 472053 2.19957e+09
-151718 472053 2.1999e+09
-151762 472053 2.20022e+09
-151806 472053 2.20055e+09
-151850 472053 2.20088e+09
-151893 472053 2.2012e+09
-151937 472053 2.20153e+09
-151981 472053 2.20185e+09
-152025 472053 2.20218e+09
-152069 472053 2.2025e+09
-152112 472053 2.20283e+09
-152156 472053 2.20316e+09
-152200 472053 2.20348e+09
-152244 472053 2.20381e+09
-152288 472053 2.20413e+09
-152331 472053 2.20446e+09
-152375 472053 2.20478e+09
-152419 472053 2.20511e+09
-152463 472053 2.20543e+09
-152507 472053 2.20576e+09
-152550 472053 2.20609e+09
-152594 472053 2.20641e+09
-152638 472053 2.20674e+09
-152682 472053 2.20706e+09
-152726 472053 2.20739e+09
-152769 472053 2.20771e+09
-152813 472053 2.20804e+09
-152857 472053 2.20837e+09
-152901 472053 2.20869e+09
-152945 472053 2.20902e+09
-152988 472053 2.20934e+09
-153032 472053 2.20967e+09
-153076 472053 2.20999e+09
-153120 472053 2.21032e+09
-153164 472053 2.21065e+09
-153207 472053 2.21097e+09
-153251 472053 2.2113e+09
-153295 472053 2.21162e+09
-153339 472053 2.21195e+09
-153383 472053 2.21227e+09
-153426 472053 2.2126e+09
-153470 472053 2.21292e+09
-153514 472053 2.21325e+09
-153558 472053 2.21358e+09
-153602 472053 2.2139e+09
-153645 472053 2.21423e+09
-153689 472053 2.21455e+09
-153733 472053 2.21488e+09
-153777 472053 2.2152e+09
-153821 472053 2.21553e+09
-153864 472053 2.21586e+09
-153908 472053 2.21618e+09
-153952 472053 2.21651e+09
-153996 472053 2.21683e+09
-154040 472053 2.21716e+09
-154083 472053 2.21748e+09
-154127 472053 2.21781e+09
-154171 472053 2.21813e+09
-154215 472053 2.21846e+09
-154259 472053 2.21879e+09
-154302 472053 2.21911e+09
-154346 472053 2.21944e+09
-154390 472053 2.21976e+09
-154434 472053 2.22009e+09
-154478 472053 2.22041e+09
-154521 472053 2.22074e+09
-154565 472053 2.22107e+09
-154609 472053 2.22139e+09
-154653 472053 2.22172e+09
-154697 472053 2.22204e+09
-154740 472053 2.22237e+09
-154784 472053 2.22269e+09
-154828 472053 2.22302e+09
-154872 472053 2.22334e+09
-154916 472053 2.22367e+09
-154960 472053 2.224e+09
-155003 472053 2.22432e+09
-155047 472053 2.22465e+09
-155091 472053 2.22497e+09
-155135 472053 2.2253e+09
-155179 472053 2.22562e+09
-155222 472053 2.22595e+09
-155266 472053 2.22628e+09
-155310 472053 2.2266e+09
-155354 472053 2.22693e+09
-155398 472053 2.22725e+09
-155441 472053 2.22758e+09
-155485 472053 2.2279e+09
-155529 472053 2.22823e+09
-155573 472053 2.22855e+09
-155617 472053 2.22888e+09
-155660 472053 2.22921e+09
-155704 472053 2.22953e+09
-155748 472053 2.22986e+09
-155792 472053 2.23018e+09
-155836 472053 2.23051e+09
-155879 472053 2.23083e+09
-155923 472053 2.23116e+09
-155967 472053 2.23149e+09
-156011 472053 2.23181e+09
-156055 472053 2.23214e+09
-156098 472053 2.23246e+09
-156142 472053 2.23279e+09
-156186 472053 2.23311e+09
-156230 472053 2.23344e+09
-156274 472053 2.23376e+09
-156317 472053 2.23409e+09
-156361 472053 2.23442e+09
-156405 472053 2.23474e+09
-156449 472053 2.23507e+09
-156493 472053 2.23539e+09
-156536 472053 2.23572e+09
-156580 472053 2.23604e+09
-156624 472053 2.23637e+09
-156668 472053 2.2367e+09
-156712 472053 2.23702e+09
-156756 472053 2.23735e+09
-156799 472053 2.23767e+09
-156843 472053 2.238e+09
-156887 472053 2.23832e+09
-156931 472053 2.23865e+09
-156975 472053 2.23898e+09
-157018 472053 2.2393e+09
-157062 472053 2.23963e+09
-157106 472053 2.23995e+09
-157150 472053 2.24028e+09
-157194 472053 2.2406e+09
-157237 472053 2.24093e+09
-157281 472053 2.24125e+09
-157325 472053 2.24158e+09
-157369 472053 2.24191e+09
-157413 472053 2.24223e+09
-157456 472053 2.24256e+09
-157500 472053 2.24288e+09
-157544 472053 2.24321e+09
-157588 472053 2.24353e+09
-157632 472053 2.24386e+09
-157675 472053 2.24419e+09
-157719 472053 2.24451e+09
-157763 472053 2.24484e+09
-157807 472053 2.24516e+09
-157851 472053 2.24549e+09
-157894 472053 2.24581e+09
-157938 472053 2.24614e+09
-157982 472053 2.24646e+09
-158026 472053 2.24679e+09
-158070 472053 2.24712e+09
-158114 472053 2.24744e+09
-158157 472053 2.24777e+09
-158201 472053 2.24809e+09
-158245 472053 2.24842e+09
-158289 472053 2.24874e+09
-158333 472053 2.24907e+09
-158376 472053 2.2494e+09
-158420 472053 2.24972e+09
-158464 472053 2.25005e+09
-158508 472053 2.25037e+09
-158552 472053 2.2507e+09
-158595 472053 2.25102e+09
-158639 472053 2.25135e+09
-158683 472053 2.25167e+09
-158727 472053 2.252e+09
-158771 472053 2.25233e+09
-158814 472053 2.25265e+09
-158858 472053 2.25298e+09
-158902 472053 2.2533e+09
-158946 472053 2.25363e+09
-158990 472053 2.25395e+09
-159034 472053 2.25428e+09
-159077 472053 2.25461e+09
-159121 472053 2.25493e+09
-159165 472053 2.25526e+09
-159209 472053 2.25558e+09
-159253 472053 2.25591e+09
-159296 472053 2.25623e+09
-159340 472053 2.25656e+09
-159384 472053 2.25688e+09
-159428 472053 2.25721e+09
-159472 472053 2.25754e+09
-159515 472053 2.25786e+09
-159559 472053 2.25819e+09
-159603 472053 2.25851e+09
-159647 472053 2.25884e+09
-159691 472053 2.25916e+09
-159734 472053 2.25949e+09
-159778 472053 2.25982e+09
-159822 472053 2.26014e+09
-159866 472053 2.26047e+09
-159910 472053 2.26079e+09
-159954 472053 2.26112e+09
-159997 472053 2.26144e+09
-160041 472053 2.26177e+09
-160085 472053 2.26209e+09
-160129 472053 2.26242e+09
-160173 472053 2.26275e+09
-160216 472053 2.26307e+09
-160260 472053 2.2634e+09
-160304 472053 2.26372e+09
-160348 472053 2.26405e+09
-160392 472053 2.26437e+09
-160435 472053 2.2647e+09
-160479 472053 2.26503e+09
-160523 472053 2.26535e+09
-160567 472053 2.26568e+09
-160611 472053 2.266e+09
-160654 472053 2.26633e+09
-160698 472053 2.26665e+09
-160742 472053 2.26698e+09
-160786 472053 2.2673e+09
-160830 472053 2.26763e+09
-160874 472053 2.26796e+09
-160917 472053 2.26828e+09
-160961 472053 2.26861e+09
-161005 472053 2.26893e+09
-161049 472053 2.26926e+09
-161093 472053 2.26958e+09
-161136 472053 2.26991e+09
-161180 472053 2.27024e+09
-161224 472053 2.27056e+09
-161268 472053 2.27089e+09
-161312 472053 2.27121e+09
-161355 472053 2.27154e+09
-161399 472053 2.27186e+09
-161443 472053 2.27219e+09
-161487 472053 2.27251e+09
-161531 472053 2.27284e+09
-161575 472053 2.27317e+09
-161618 472053 2.27349e+09
-161662 472053 2.27382e+09
-161706 472053 2.27414e+09
-161750 472053 2.27447e+09
-161794 472053 2.27479e+09
-161837 472053 2.27512e+09
-161881 472053 2.27545e+09
-161925 472053 2.27577e+09
-161969 472053 2.2761e+09
-162013 472053 2.27642e+09
-162056 472053 2.27675e+09
-162100 472053 2.27707e+09
-162144 472053 2.2774e+09
-162188 472053 2.27773e+09
-162232 472053 2.27805e+09
-162276 472053 2.27838e+09
-162319 472053 2.2787e+09
-162363 472053 2.27903e+09
-162407 472053 2.27935e+09
-162451 472053 2.27968e+09
-162495 472053 2.28e+09
-162538 472053 2.28033e+09
-162582 472053 2.28066e+09
-162626 472053 2.28098e+09
-162670 472053 2.28131e+09
-162714 472053 2.28163e+09
-162758 472053 2.28196e+09
-162801 472053 2.28228e+09
-162845 472053 2.28261e+09
-162889 472053 2.28294e+09
-162933 472053 2.28326e+09
-162977 472053 2.28359e+09
-163020 472053 2.28391e+09
-163064 472053 2.28424e+09
-163108 472053 2.28456e+09
-163152 472053 2.28489e+09
-163196 472053 2.28521e+09
-163239 472053 2.28554e+09
-163283 472053 2.28587e+09
-163327 472053 2.28619e+09
-163371 472053 2.28652e+09
-163415 472053 2.28684e+09
-163459 472053 2.28717e+09
-163502 472053 2.28749e+09
-163546 472053 2.28782e+09
-163590 472053 2.28815e+09
-163634 472053 2.28847e+09
-163678 472053 2.2888e+09
-163721 472053 2.28912e+09
-163765 472053 2.28945e+09
-163809 472053 2.28977e+09
-163853 472053 2.2901e+09
-163897 472053 2.29042e+09
-163941 472053 2.29075e+09
-163984 472053 2.29108e+09
-164028 472053 2.2914e+09
-164072 472053 2.29173e+09
-164116 472053 2.29205e+09
-164160 472053 2.29238e+09
-164203 472053 2.2927e+09
-164247 472053 2.29303e+09
-164291 472053 2.29336e+09
-164335 472053 2.29368e+09
-164379 472053 2.29401e+09
-164423 472053 2.29433e+09
-164466 472053 2.29466e+09
-164510 472053 2.29498e+09
-164554 472053 2.29531e+09
-164598 472053 2.29563e+09
-164642 472053 2.29596e+09
-164685 472053 2.29629e+09
-164729 472053 2.29661e+09
-164773 472053 2.29694e+09
-164817 472053 2.29726e+09
-164861 472053 2.29759e+09
-164904 472053 2.29791e+09
-164948 472053 2.29824e+09
-164992 472053 2.29857e+09
-165036 472053 2.29889e+09
-165080 472053 2.29922e+09
-165124 472053 2.29954e+09
-165167 472053 2.29987e+09
-165211 472053 2.30019e+09
-165255 472053 2.30052e+09
-165299 472053 2.30084e+09
-165343 472053 2.30117e+09
-165386 472053 2.3015e+09
-165430 472053 2.30182e+09
-165474 472053 2.30215e+09
-165518 472053 2.30247e+09
-165562 472053 2.3028e+09
-165606 472053 2.30312e+09
-165649 472053 2.30345e+09
-165693 472053 2.30378e+09
-165737 472053 2.3041e+09
-165781 472053 2.30443e+09
-165825 472053 2.30475e+09
-165868 472053 2.30508e+09
-165912 472053 2.3054e+09
-165956 472053 2.30573e+09
-166000 472053 2.30605e+09
-166044 472053 2.30638e+09
-166088 472053 2.30671e+09
-166131 472053 2.30703e+09
-166175 472053 2.30736e+09
-166219 472053 2.30768e+09
-166263 472053 2.30801e+09
-166307 472053 2.30833e+09
-166350 472053 2.30866e+09
-166394 472053 2.30899e+09
-166438 472053 2.30931e+09
-166482 472053 2.30964e+09
-166526 472053 2.30996e+09
-166570 472053 2.31029e+09
-166613 472053 2.31061e+09
-166657 472053 2.31094e+09
-166701 472053 2.31126e+09
-166745 472053 2.31159e+09
-166789 472053 2.31192e+09
-166833 472053 2.31224e+09
-166876 472053 2.31257e+09
-166920 472053 2.31289e+09
-166964 472053 2.31322e+09
-167008 472053 2.31354e+09
-167052 472053 2.31387e+09
-167095 472053 2.3142e+09
-167139 472053 2.31452e+09
-167183 472053 2.31485e+09
-167227 472053 2.31517e+09
-167271 472053 2.3155e+09
-167315 472053 2.31582e+09
-167358 472053 2.31615e+09
-167402 472053 2.31647e+09
-167446 472053 2.3168e+09
-167490 472053 2.31713e+09
-167534 472053 2.31745e+09
-167577 472053 2.31778e+09
-167621 472053 2.3181e+09
-167665 472053 2.31843e+09
-167709 472053 2.31875e+09
-167753 472053 2.31908e+09
-167797 472053 2.31941e+09
-167840 472053 2.31973e+09
-167884 472053 2.32006e+09
-167928 472053 2.32038e+09
-167972 472053 2.32071e+09
-168016 472053 2.32103e+09
-168059 472053 2.32136e+09
-168103 472053 2.32168e+09
-168147 472053 2.32201e+09
-168191 472053 2.32234e+09
-168235 472053 2.32266e+09
-168279 472053 2.32299e+09
-168322 472053 2.32331e+09
-168366 472053 2.32364e+09
-168410 472053 2.32396e+09
-168454 472053 2.32429e+09
-168498 472053 2.32462e+09
-168542 472053 2.32494e+09
-168585 472053 2.32527e+09
-168629 472053 2.32559e+09
-168673 472053 2.32592e+09
-168717 472053 2.32624e+09
-168761 472053 2.32657e+09
-168804 472053 2.32689e+09
-168848 472053 2.32722e+09
-168892 472053 2.32755e+09
-168936 472053 2.32787e+09
-168980 472053 2.3282e+09
-169024 472053 2.32852e+09
-169067 472053 2.32885e+09
-169111 472053 2.32917e+09
-169155 472053 2.3295e+09
-169199 472053 2.32983e+09
-169243 472053 2.33015e+09
-169287 472053 2.33048e+09
-169330 472053 2.3308e+09
-169374 472053 2.33113e+09
-169418 472053 2.33145e+09
-169462 472053 2.33178e+09
-169506 472053 2.3321e+09
-169549 472053 2.33243e+09
-169593 472053 2.33276e+09
-169637 472053 2.33308e+09
-169681 472053 2.33341e+09
-169725 472053 2.33373e+09
-169769 472053 2.33406e+09
-169812 472053 2.33438e+09
-169856 472053 2.33471e+09
-169900 472053 2.33504e+09
-169944 472053 2.33536e+09
-169988 472053 2.33569e+09
-170032 472053 2.33601e+09
-170075 472053 2.33634e+09
-170119 472053 2.33666e+09
-170163 472053 2.33699e+09
-170207 472053 2.33731e+09
-170251 472053 2.33764e+09
-170294 472053 2.33797e+09
-170338 472053 2.33829e+09
-170382 472053 2.33862e+09
-170426 472053 2.33894e+09
-170470 472053 2.33927e+09
-170514 472053 2.33959e+09
-170557 472053 2.33992e+09
-170601 472053 2.34025e+09
-170645 472053 2.34057e+09
-170689 472053 2.3409e+09
-170733 472053 2.34122e+09
-170777 472053 2.34155e+09
-170820 472053 2.34187e+09
-170864 472053 2.3422e+09
-170908 472053 2.34252e+09
-170952 472053 2.34285e+09
-170996 472053 2.34318e+09
-171040 472053 2.3435e+09
-171083 472053 2.34383e+09
-171127 472053 2.34415e+09
-171171 472053 2.34448e+09
-171215 472053 2.3448e+09
-171259 472053 2.34513e+09
-171302 472053 2.34546e+09
-171346 472053 2.34578e+09
-171390 472053 2.34611e+09
-171434 472053 2.34643e+09
-171478 472053 2.34676e+09
-171522 472053 2.34708e+09
-171565 472053 2.34741e+09
-171609 472053 2.34773e+09
-171653 472053 2.34806e+09
-171697 472053 2.34839e+09
-171741 472053 2.34871e+09
-171785 472053 2.34904e+09
-171828 472053 2.34936e+09
-171872 472053 2.34969e+09
-171916 472053 2.35001e+09
-171960 472053 2.35034e+09
-172004 472053 2.35067e+09
-172048 472053 2.35099e+09
-172091 472053 2.35132e+09
-172135 472053 2.35164e+09
-172179 472053 2.35197e+09
-172223 472053 2.35229e+09
-172267 472053 2.35262e+09
-172310 472053 2.35294e+09
-172354 472053 2.35327e+09
-172398 472053 2.3536e+09
-172442 472053 2.35392e+09
-172486 472053 2.35425e+09
-172530 472053 2.35457e+09
-172573 472053 2.3549e+09
-172617 472053 2.35522e+09
-172661 472053 2.35555e+09
-172705 472053 2.35588e+09
-172749 472053 2.3562e+09
-172793 472053 2.35653e+09
-172836 472053 2.35685e+09
-172880 472053 2.35718e+09
-172924 472053 2.3575e+09
-172968 472053 2.35783e+09
-173012 472053 2.35815e+09
-173056 472053 2.35848e+09
-173099 472053 2.35881e+09
-173143 472053 2.35913e+09
-173187 472053 2.35946e+09
-173231 472053 2.35978e+09
-173275 472053 2.36011e+09
-173319 472053 2.36043e+09
-173362 472053 2.36076e+09
-173406 472053 2.36109e+09
-173450 472053 2.36141e+09
-173494 472053 2.36174e+09
-173538 472053 2.36206e+09
-173582 472053 2.36239e+09
-173625 472053 2.36271e+09
-173669 472053 2.36304e+09
-173713 472053 2.36336e+09
-173757 472053 2.36369e+09
-173801 472053 2.36402e+09
-173844 472053 2.36434e+09
-173888 472053 2.36467e+09
-173932 472053 2.36499e+09
-173976 472053 2.36532e+09
-174020 472053 2.36564e+09
-174064 472053 2.36597e+09
-174107 472053 2.36629e+09
-174151 472053 2.36662e+09
-174195 472053 2.36695e+09
-174239 472053 2.36727e+09
-174283 472053 2.3676e+09
-174327 472053 2.36792e+09
-174370 472053 2.36825e+09
-174414 472053 2.36857e+09
-174458 472053 2.3689e+09
-174502 472053 2.36923e+09
-174546 472053 2.36955e+09
-174590 472053 2.36988e+09
-174633 472053 2.3702e+09
-174677 472053 2.37053e+09
-174721 472053 2.37085e+09
-174765 472053 2.37118e+09
-174809 472053 2.3715e+09
-174853 472053 2.37183e+09
-174896 472053 2.37216e+09
-174940 472053 2.37248e+09
-174984 472053 2.37281e+09
-175028 472053 2.37313e+09
-175072 472053 2.37346e+09
-175116 472053 2.37378e+09
-175159 472053 2.37411e+09
-175203 472053 2.37444e+09
-175247 472053 2.37476e+09
-175291 472053 2.37509e+09
-175335 472053 2.37541e+09
-175379 472053 2.37574e+09
-175422 472053 2.37606e+09
-175466 472053 2.37639e+09
-175510 472053 2.37671e+09
-175554 472053 2.37704e+09
-175598 472053 2.37737e+09
-175642 472053 2.37769e+09
-175685 472053 2.37802e+09
-175729 472053 2.37834e+09
-175773 472053 2.37867e+09
-175817 472053 2.37899e+09
-175861 472053 2.37932e+09
-175905 472053 2.37965e+09
-175948 472053 2.37997e+09
-175992 472053 2.3803e+09
-176036 472053 2.38062e+09
-176080 472053 2.38095e+09
-176124 472053 2.38127e+09
-176168 472053 2.3816e+09
-176211 472053 2.38192e+09
-176255 472053 2.38225e+09
-176299 472053 2.38258e+09
-176343 472053 2.3829e+09
-176387 472053 2.38323e+09
-176431 472053 2.38355e+09
-176474 472053 2.38388e+09
-176518 472053 2.3842e+09
-176562 472053 2.38453e+09
-176606 472053 2.38486e+09
-176650 472053 2.38518e+09
-176694 472053 2.38551e+09
-176737 472053 2.38583e+09
-176781 472053 2.38616e+09
-176825 472053 2.38648e+09
-176869 472053 2.38681e+09
-176913 472053 2.38713e+09
-176957 472053 2.38746e+09
-177000 472053 2.38779e+09
-177044 472053 2.38811e+09
-177088 472053 2.38844e+09
-177132 472053 2.38876e+09
-177176 472053 2.38909e+09
-177220 472053 2.38941e+09
-177263 472053 2.38974e+09
-177307 472053 2.39007e+09
-177351 472053 2.39039e+09
-177395 472053 2.39072e+09
-177439 472053 2.39104e+09
-177483 472053 2.39137e+09
-177526 472053 2.39169e+09
-177570 472053 2.39202e+09
-177614 472053 2.39234e+09
-177658 472053 2.39267e+09
-177702 472053 2.393e+09
-177746 472053 2.39332e+09
-177789 472053 2.39365e+09
-177833 472053 2.39397e+09
-177877 472053 2.3943e+09
-177921 472053 2.39462e+09
-177965 472053 2.39495e+09
-178009 472053 2.39528e+09
-178052 472053 2.3956e+09
-178096 472053 2.39593e+09
-178140 472053 2.39625e+09
-178184 472053 2.39658e+09
-178228 472053 2.3969e+09
-178272 472053 2.39723e+09
-178315 472053 2.39755e+09
-178359 472053 2.39788e+09
-178403 472053 2.39821e+09
-178447 472053 2.39853e+09
-178491 472053 2.39886e+09
-178535 472053 2.39918e+09
-178578 472053 2.39951e+09
-178622 472053 2.39983e+09
-178666 472053 2.40016e+09
-178710 472053 2.40049e+09
-178754 472053 2.40081e+09
-178798 472053 2.40114e+09
-178841 472053 2.40146e+09
-178885 472053 2.40179e+09
-178929 472053 2.40211e+09
-178973 472053 2.40244e+09
-179017 472053 2.40276e+09
-179061 472053 2.40309e+09
-179104 472053 2.40342e+09
-179148 472053 2.40374e+09
-179192 472053 2.40407e+09
-179236 472053 2.40439e+09
-179280 472053 2.40472e+09
-179324 472053 2.40504e+09
-179367 472053 2.40537e+09
-179411 472053 2.40569e+09
-179455 472053 2.40602e+09
-179499 472053 2.40635e+09
-179543 472053 2.40667e+09
-179587 472053 2.407e+09
-179631 472053 2.40732e+09
-179674 472053 2.40765e+09
-179718 472053 2.40797e+09
-179762 472053 2.4083e+09
-179806 472053 2.40863e+09
-179850 472053 2.40895e+09
-179894 472053 2.40928e+09
-179937 472053 2.4096e+09
-179981 472053 2.40993e+09
-180025 472053 2.41025e+09
-180069 472053 2.41058e+09
-180113 472053 2.4109e+09
-180157 472053 2.41123e+09
-180200 472053 2.41156e+09
-180244 472053 2.41188e+09
-180288 472053 2.41221e+09
-180332 472053 2.41253e+09
-180376 472053 2.41286e+09
-180420 472053 2.41318e+09
-180463 472053 2.41351e+09
-180507 472053 2.41384e+09
-180551 472053 2.41416e+09
-180595 472053 2.41449e+09
-180639 472053 2.41481e+09
-180683 472053 2.41514e+09
-180726 472053 2.41546e+09
-180770 472053 2.41579e+09
-180814 472053 2.41611e+09
-180858 472053 2.41644e+09
-180902 472053 2.41677e+09
-180946 472053 2.41709e+09
-180990 472053 2.41742e+09
-181033 472053 2.41774e+09
-181077 472053 2.41807e+09
-181121 472053 2.41839e+09
-181165 472053 2.41872e+09
-181209 472053 2.41905e+09
-181253 472053 2.41937e+09
-181296 472053 2.4197e+09
-181340 472053 2.42002e+09
-181384 472053 2.42035e+09
-181428 472053 2.42067e+09
-181472 472053 2.421e+09
-181516 472053 2.42132e+09
-181559 472053 2.42165e+09
-181603 472053 2.42198e+09
-181647 472053 2.4223e+09
-181691 472053 2.42263e+09
-181735 472053 2.42295e+09
-181779 472053 2.42328e+09
-181822 472053 2.4236e+09
-181866 472053 2.42393e+09
-181910 472053 2.42426e+09
-181954 472053 2.42458e+09
-181998 472053 2.42491e+09
-182042 472053 2.42523e+09
-182086 472053 2.42556e+09
-182129 472053 2.42588e+09
-182173 472053 2.42621e+09
-182217 472053 2.42653e+09
-182261 472053 2.42686e+09
-182305 472053 2.42719e+09
-182349 472053 2.42751e+09
-182392 472053 2.42784e+09
-182436 472053 2.42816e+09
-182480 472053 2.42849e+09
-182524 472053 2.42881e+09
-182568 472053 2.42914e+09
-182612 472053 2.42947e+09
-182655 472053 2.42979e+09
-182699 472053 2.43012e+09
-182743 472053 2.43044e+09
-182787 472053 2.43077e+09
-182831 472053 2.43109e+09
-182875 472053 2.43142e+09
-182918 472053 2.43174e+09
-182962 472053 2.43207e+09
-183006 472053 2.4324e+09
-183050 472053 2.43272e+09
-183094 472053 2.43305e+09
-183138 472053 2.43337e+09
-183182 472053 2.4337e+09
-183225 472053 2.43402e+09
-183269 472053 2.43435e+09
-183313 472053 2.43467e+09
-183357 472053 2.435e+09
-183401 472053 2.43533e+09
-183445 472053 2.43565e+09
-183488 472053 2.43598e+09
-183532 472053 2.4363e+09
-183576 472053 2.43663e+09
-183620 472053 2.43695e+09
-183664 472053 2.43728e+09
-183708 472053 2.43761e+09
-183751 472053 2.43793e+09
-183795 472053 2.43826e+09
-183839 472053 2.43858e+09
-183883 472053 2.43891e+09
-183927 472053 2.43923e+09
-183971 472053 2.43956e+09
-184015 472053 2.43988e+09
-184058 472053 2.44021e+09
-184102 472053 2.44054e+09
-184146 472053 2.44086e+09
-184190 472053 2.44119e+09
-184234 472053 2.44151e+09
-184278 472053 2.44184e+09
-184321 472053 2.44216e+09
-184365 472053 2.44249e+09
-184409 472053 2.44282e+09
-184453 472053 2.44314e+09
-184497 472053 2.44347e+09
-184541 472053 2.44379e+09
-184585 472053 2.44412e+09
-184628 472053 2.44444e+09
-184672 472053 2.44477e+09
-184716 472053 2.44509e+09
-184760 472053 2.44542e+09
-184804 472053 2.44575e+09
-184848 472053 2.44607e+09
-184891 472053 2.4464e+09
-184935 472053 2.44672e+09
-184979 472053 2.44705e+09
-185023 472053 2.44737e+09
-185067 472053 2.4477e+09
-185111 472053 2.44803e+09
-185155 472053 2.44835e+09
-185198 472053 2.44868e+09
-185242 472053 2.449e+09
-185286 472053 2.44933e+09
-185330 472053 2.44965e+09
-185374 472053 2.44998e+09
-185418 472053 2.4503e+09
-185461 472053 2.45063e+09
-185505 472053 2.45096e+09
-185549 472053 2.45128e+09
-185593 472053 2.45161e+09
-185637 472053 2.45193e+09
-185681 472053 2.45226e+09
-185725 472053 2.45258e+09
-185768 472053 2.45291e+09
-185812 472053 2.45324e+09
-185856 472053 2.45356e+09
-185900 472053 2.45389e+09
-185944 472053 2.45421e+09
-185988 472053 2.45454e+09
-186031 472053 2.45486e+09
-186075 472053 2.45519e+09
-186119 472053 2.45551e+09
-186163 472053 2.45584e+09
-186207 472053 2.45617e+09
-186251 472053 2.45649e+09
-186295 472053 2.45682e+09
-186338 472053 2.45714e+09
-186382 472053 2.45747e+09
-186426 472053 2.45779e+09
-186470 472053 2.45812e+09
-186514 472053 2.45844e+09
-186558 472053 2.45877e+09
-186601 472053 2.4591e+09
-186645 472053 2.45942e+09
-186689 472053 2.45975e+09
-186733 472053 2.46007e+09
-186777 472053 2.4604e+09
-186821 472053 2.46072e+09
-186865 472053 2.46105e+09
-186908 472053 2.46138e+09
-186952 472053 2.4617e+09
-186996 472053 2.46203e+09
-187040 472053 2.46235e+09
-187084 472053 2.46268e+09
-187128 472053 2.463e+09
-187171 472053 2.46333e+09
-187215 472053 2.46365e+09
-187259 472053 2.46398e+09
-187303 472053 2.46431e+09
-187347 472053 2.46463e+09
-187391 472053 2.46496e+09
-187435 472053 2.46528e+09
-187478 472053 2.46561e+09
-187522 472053 2.46593e+09
-187566 472053 2.46626e+09
-187610 472053 2.46659e+09
-187654 472053 2.46691e+09
-187698 472053 2.46724e+09
-187741 472053 2.46756e+09
-187785 472053 2.46789e+09
-187829 472053 2.46821e+09
-187873 472053 2.46854e+09
-187917 472053 2.46886e+09
-187961 472053 2.46919e+09
-188005 472053 2.46952e+09
-188048 472053 2.46984e+09
-188092 472053 2.47017e+09
-188136 472053 2.47049e+09
-188180 472053 2.47082e+09
-188224 472053 2.47114e+09
-188268 472053 2.47147e+09
-188312 472053 2.4718e+09
-188355 472053 2.47212e+09
-188399 472053 2.47245e+09
-188443 472053 2.47277e+09
-188487 472053 2.4731e+09
-188531 472053 2.47342e+09
-188575 472053 2.47375e+09
-188618 472053 2.47407e+09
-188662 472053 2.4744e+09
-188706 472053 2.47473e+09
-188750 472053 2.47505e+09
-188794 472053 2.47538e+09
-188838 472053 2.4757e+09
-188927 472053 2.47605e+09
-189134 472053 2.47644e+09
-189341 472053 2.47683e+09
-189547 472053 2.47722e+09
-189754 472053 2.47761e+09
-189961 472053 2.478e+09
-190168 472053 2.4784e+09
-190375 472053 2.47879e+09
-190582 472053 2.47918e+09
-190789 472053 2.47957e+09
-190996 472053 2.47996e+09
-191202 472053 2.48035e+09
-191409 472053 2.48075e+09
-191616 472053 2.48114e+09
-191823 472053 2.48153e+09
-192030 472053 2.48192e+09
-192237 472053 2.48231e+09
-192444 472053 2.4827e+09
-192651 472053 2.4831e+09
-192857 472053 2.48349e+09
-193064 472053 2.48388e+09
-193271 472053 2.48427e+09
-193478 472053 2.48466e+09
-193685 472053 2.48505e+09
-193892 472053 2.48545e+09
-194099 472053 2.48584e+09
-194306 472053 2.48623e+09
-194513 472053 2.48662e+09
-194719 472053 2.48701e+09
-194926 472053 2.4874e+09
-195133 472053 2.4878e+09
-195340 472053 2.48819e+09
-195547 472053 2.48858e+09
-195754 472053 2.48897e+09
-195961 472053 2.48936e+09
-196168 472053 2.48975e+09
-196375 472053 2.49014e+09
-196581 472053 2.49054e+09
-196788 472053 2.49093e+09
-196995 472053 2.49132e+09
-197202 472053 2.49171e+09
-197409 472053 2.4921e+09
-197616 472053 2.49249e+09
-197823 472053 2.49289e+09
-198030 472053 2.49328e+09
-198237 472053 2.49367e+09
-198444 472053 2.49406e+09
-198650 472053 2.49445e+09
-198857 472053 2.49484e+09
-199064 472053 2.49524e+09
-199271 472053 2.49563e+09
-199478 472053 2.49602e+09
-199685 472053 2.49641e+09
-199892 472053 2.4968e+09
-200099 472053 2.49719e+09
-200306 472053 2.49759e+09
-200513 472053 2.49798e+09
-200719 472053 2.49837e+09
-200926 472053 2.49876e+09
-201133 472053 2.49915e+09
-201340 472053 2.49954e+09
-201547 472053 2.49994e+09
-201754 472053 2.50033e+09
-201961 472053 2.50072e+09
-201978 472053 2.50019e+09
-201974 472053 2.49955e+09
-201969 472053 2.49891e+09
-201965 472053 2.49828e+09
-201961 472053 2.49764e+09
-201957 472053 2.497e+09
-201952 472053 2.49637e+09
-201948 472053 2.49573e+09
-201944 472053 2.4951e+09
-201940 472053 2.49446e+09
-201936 472053 2.49382e+09
-201931 472053 2.49319e+09
-201927 472053 2.49255e+09
-201923 472053 2.49191e+09
-201919 472053 2.49128e+09
-201914 472053 2.49064e+09
-201910 472053 2.49001e+09
-201906 472053 2.48937e+09
-201902 472053 2.48873e+09
-201897 472053 2.4881e+09
-201893 472053 2.48746e+09
-201889 472053 2.48682e+09
-201885 472053 2.48619e+09
-201880 472053 2.48555e+09
-201876 472053 2.48492e+09
-201872 472053 2.48428e+09
-201868 472053 2.48364e+09
-201864 472053 2.48301e+09
-201859 472053 2.48237e+09
-201855 472053 2.48173e+09
-201851 472053 2.4811e+09
-201847 472053 2.48046e+09
-201842 472053 2.47983e+09
-201838 472053 2.47919e+09
-201834 472053 2.47855e+09
-201830 472053 2.47792e+09
-201825 472053 2.47728e+09
-201821 472053 2.47664e+09
-201817 472053 2.47601e+09
-201813 472053 2.47537e+09
-201809 472053 2.47474e+09
-201804 472053 2.4741e+09
-201800 472053 2.47346e+09
-201796 472053 2.47283e+09
-201792 472053 2.47219e+09
-201787 472053 2.47155e+09
-201783 472053 2.47092e+09
-201779 472053 2.47028e+09
-201775 472053 2.46965e+09
-201770 472053 2.46901e+09
-201766 472053 2.46837e+09
-201762 472053 2.46774e+09
-201758 472053 2.4671e+09
-201754 472053 2.46646e+09
-201749 472053 2.46583e+09
-201745 472053 2.46519e+09
-201741 472053 2.46456e+09
-201737 472053 2.46392e+09
-201732 472053 2.46328e+09
-201728 472053 2.46265e+09
-201724 472053 2.46201e+09
-201720 472053 2.46137e+09
-201715 472053 2.46074e+09
-201711 472053 2.4601e+09
-201707 472053 2.45947e+09
-201703 472053 2.45883e+09
-201698 472053 2.45819e+09
-201694 472053 2.45756e+09
-201690 472053 2.45692e+09
-201686 472053 2.45628e+09
-201682 472053 2.45565e+09
-201677 472053 2.45501e+09
-201673 472053 2.45438e+09
-201669 472053 2.45374e+09
-201665 472053 2.4531e+09
-201660 472053 2.45247e+09
-201656 472053 2.45183e+09
-201652 472053 2.45119e+09
-201648 472053 2.45056e+09
-201643 472053 2.44992e+09
-201639 472053 2.44929e+09
-201635 472053 2.44865e+09
-201631 472053 2.44801e+09
-201627 472053 2.44738e+09
-201622 472053 2.44674e+09
-201618 472053 2.4461e+09
-201614 472053 2.44547e+09
-201610 472053 2.44483e+09
-201605 472053 2.4442e+09
-201601 472053 2.44356e+09
-201597 472053 2.44292e+09
-201593 472053 2.44229e+09
-201588 472053 2.44165e+09
-201584 472053 2.44101e+09
-201580 472053 2.44038e+09
-201576 472053 2.43974e+09
-201572 472053 2.43911e+09
-201567 472053 2.43847e+09
-201563 472053 2.43783e+09
-201559 472053 2.4372e+09
-201555 472053 2.43656e+09
-201550 472053 2.43592e+09
-201546 472053 2.43529e+09
-201542 472053 2.43465e+09
-201538 472053 2.43402e+09
-201533 472053 2.43338e+09
-201529 472053 2.43274e+09
-201525 472053 2.43211e+09
-201521 472053 2.43147e+09
-201517 472053 2.43083e+09
-201512 472053 2.4302e+09
-201508 472053 2.42956e+09
-201504 472053 2.42893e+09
-201500 472053 2.42829e+09
-201495 472053 2.42765e+09
-201491 472053 2.42702e+09
-201487 472053 2.42638e+09
-201483 472053 2.42574e+09
-201478 472053 2.42511e+09
-201474 472053 2.42447e+09
-201470 472053 2.42384e+09
-201466 472053 2.4232e+09
-201462 472053 2.42256e+09
-201457 472053 2.42193e+09
-201453 472053 2.42129e+09
-201449 472053 2.42065e+09
-201445 472053 2.42002e+09
-201440 472053 2.41938e+09
-201436 472053 2.41875e+09
-201432 472053 2.41811e+09
-201428 472053 2.41747e+09
-201423 472053 2.41684e+09
-201419 472053 2.4162e+09
-201415 472053 2.41556e+09
-201411 472053 2.41493e+09
-201406 472053 2.41429e+09
-201402 472053 2.41366e+09
-201398 472053 2.41302e+09
-201394 472053 2.41238e+09
-201390 472053 2.41175e+09
-201385 472053 2.41111e+09
-201381 472053 2.41047e+09
-201377 472053 2.40984e+09
-201373 472053 2.4092e+09
-201368 472053 2.40857e+09
-201364 472053 2.40793e+09
-201360 472053 2.40729e+09
-201356 472053 2.40666e+09
-201351 472053 2.40602e+09
-201347 472053 2.40538e+09
-201343 472053 2.40475e+09
-201339 472053 2.40411e+09
-201335 472053 2.40348e+09
-201330 472053 2.40284e+09
-201326 472053 2.4022e+09
-201322 472053 2.40157e+09
-201318 472053 2.40093e+09
-201313 472053 2.4003e+09
-201309 472053 2.39966e+09
-201305 472053 2.39902e+09
-201301 472053 2.39839e+09
-201296 472053 2.39775e+09
-201292 472053 2.39711e+09
-201288 472053 2.39648e+09
-201284 472053 2.39584e+09
-201280 472053 2.39521e+09
-201275 472053 2.39457e+09
-201271 472053 2.39393e+09
-201267 472053 2.3933e+09
-201263 472053 2.39266e+09
-201258 472053 2.39202e+09
-201254 472053 2.39139e+09
-201250 472053 2.39075e+09
-201246 472053 2.39012e+09
-201241 472053 2.38948e+09
-201237 472053 2.38884e+09
-201233 472053 2.38821e+09
-201229 472053 2.38757e+09
-201225 472053 2.38693e+09
-201220 472053 2.3863e+09
-201216 472053 2.38566e+09
-201212 472053 2.38503e+09
-201208 472053 2.38439e+09
-201203 472053 2.38375e+09
-201199 472053 2.38312e+09
-201195 472053 2.38248e+09
-201191 472053 2.38184e+09
-201186 472053 2.38121e+09
-201182 472053 2.38057e+09
-201178 472053 2.37994e+09
-201174 472053 2.3793e+09
-201170 472053 2.37866e+09
-201165 472053 2.37803e+09
-201161 472053 2.37739e+09
-201157 472053 2.37676e+09
-201153 472053 2.37612e+09
-201148 472053 2.37548e+09
-201144 472053 2.37485e+09
-201140 472053 2.37421e+09
-201136 472053 2.37357e+09
-201131 472053 2.37294e+09
-201127 472053 2.3723e+09
-201123 472053 2.37167e+09
-201119 472053 2.37103e+09
-201115 472053 2.37039e+09
-201110 472053 2.36976e+09
-201106 472053 2.36912e+09
-201102 472053 2.36848e+09
-201098 472053 2.36785e+09
-201093 472053 2.36721e+09
-201089 472053 2.36658e+09
-201085 472053 2.36594e+09
-201081 472053 2.3653e+09
-201076 472053 2.36467e+09
-201072 472053 2.36403e+09
-201068 472053 2.36339e+09
-201064 472053 2.36276e+09
-201060 472053 2.36212e+09
-201055 472053 2.36149e+09
-201051 472053 2.36085e+09
-201047 472053 2.36021e+09
-201043 472053 2.35958e+09
-201038 472053 2.35894e+09
-201034 472053 2.35831e+09
-201030 472053 2.35767e+09
-201026 472053 2.35703e+09
-201021 472053 2.3564e+09
-201017 472053 2.35576e+09
-201013 472053 2.35512e+09
-201009 472053 2.35449e+09
-201005 472053 2.35385e+09
-201000 472053 2.35322e+09
-200996 472053 2.35258e+09
-200992 472053 2.35194e+09
-200988 472053 2.35131e+09
-200983 472053 2.35067e+09
-200979 472053 2.35003e+09
-200975 472053 2.3494e+09
-200971 472053 2.34876e+09
-200966 472053 2.34813e+09
-200962 472053 2.34749e+09
-200958 472053 2.34685e+09
-200954 472053 2.34622e+09
-200950 472053 2.34558e+09
-200945 472053 2.34494e+09
-200941 472053 2.34431e+09
-200937 472053 2.34367e+09
-200933 472053 2.34304e+09
-200928 472053 2.3424e+09
-200924 472053 2.34176e+09
-200920 472053 2.34113e+09
-200916 472053 2.34049e+09
-200912 472053 2.33986e+09
-200907 472053 2.33922e+09
-200903 472053 2.33858e+09
-200899 472053 2.33795e+09
-200895 472053 2.33731e+09
-200890 472053 2.33667e+09
-200886 472053 2.33604e+09
-200882 472053 2.3354e+09
-200878 472053 2.33477e+09
-200873 472053 2.33413e+09
-200869 472053 2.33349e+09
-200865 472053 2.33286e+09
-200861 472053 2.33222e+09
-200857 472053 2.33158e+09
-200852 472053 2.33095e+09
-200848 472053 2.33031e+09
-200844 472053 2.32968e+09
-200840 472053 2.32904e+09
-200835 472053 2.3284e+09
-200831 472053 2.32777e+09
-200827 472053 2.32713e+09
-200823 472053 2.3265e+09
-200818 472053 2.32586e+09
-200814 472053 2.32522e+09
-200810 472053 2.32459e+09
-200806 472053 2.32395e+09
-200802 472053 2.32331e+09
-200797 472053 2.32268e+09
-200793 472053 2.32204e+09
-200789 472053 2.32141e+09
-200785 472053 2.32077e+09
-200780 472053 2.32013e+09
-200776 472053 2.3195e+09
-200772 472053 2.31886e+09
-200768 472053 2.31823e+09
-200763 472053 2.31759e+09
-200759 472053 2.31695e+09
-200755 472053 2.31632e+09
-200751 472053 2.31568e+09
-200747 472053 2.31504e+09
-200742 472053 2.31441e+09
-200738 472053 2.31377e+09
-200734 472053 2.31314e+09
-200730 472053 2.3125e+09
-200725 472053 2.31186e+09
-200721 472053 2.31123e+09
-200717 472053 2.31059e+09
-200713 472053 2.30995e+09
-200708 472053 2.30932e+09
-200704 472053 2.30868e+09
-200700 472053 2.30805e+09
-200696 472053 2.30741e+09
-200692 472053 2.30677e+09
-200687 472053 2.30614e+09
-200683 472053 2.3055e+09
-200679 472053 2.30487e+09
-200675 472053 2.30423e+09
-200670 472053 2.30359e+09
-200666 472053 2.30296e+09
-200662 472053 2.30232e+09
-200658 472053 2.30168e+09
-200653 472053 2.30105e+09
-200649 472053 2.30041e+09
-200645 472053 2.29978e+09
-200641 472053 2.29914e+09
-200637 472053 2.2985e+09
-200632 472053 2.29787e+09
-200628 472053 2.29723e+09
-200624 472053 2.2966e+09
-200620 472053 2.29596e+09
-200615 472053 2.29532e+09
-200611 472053 2.29469e+09
-200607 472053 2.29405e+09
-200603 472053 2.29341e+09
-200599 472053 2.29278e+09
-200594 472053 2.29214e+09
-200590 472053 2.29151e+09
-200586 472053 2.29087e+09
-200582 472053 2.29023e+09
-200577 472053 2.2896e+09
-200573 472053 2.28896e+09
-200569 472053 2.28832e+09
-200565 472053 2.28769e+09
-200560 472053 2.28705e+09
-200556 472053 2.28642e+09
-200552 472053 2.28578e+09
-200548 472053 2.28514e+09
-200544 472053 2.28451e+09
-200539 472053 2.28387e+09
-200535 472053 2.28324e+09
-200531 472053 2.2826e+09
-200527 472053 2.28196e+09
-200522 472053 2.28133e+09
-200518 472053 2.28069e+09
-200514 472053 2.28005e+09
-200510 472053 2.27942e+09
-200505 472053 2.27878e+09
-200501 472053 2.27815e+09
-200497 472053 2.27751e+09
-200493 472053 2.27687e+09
-200489 472053 2.27624e+09
-200484 472053 2.2756e+09
-200480 472053 2.27497e+09
-200476 472053 2.27433e+09
-200472 472053 2.27369e+09
-200467 472053 2.27306e+09
-200463 472053 2.27242e+09
-200459 472053 2.27178e+09
-200455 472053 2.27115e+09
-200450 472053 2.27051e+09
-200446 472053 2.26988e+09
-200442 472053 2.26924e+09
-200438 472053 2.2686e+09
-200434 472053 2.26797e+09
-200429 472053 2.26733e+09
-200425 472053 2.2667e+09
-200421 472053 2.26606e+09
-200417 472053 2.26542e+09
-200412 472053 2.26479e+09
-200408 472053 2.26415e+09
-200404 472053 2.26351e+09
-200400 472053 2.26288e+09
-200396 472053 2.26224e+09
-200391 472053 2.26161e+09
-200387 472053 2.26097e+09
-200383 472053 2.26033e+09
-200379 472053 2.2597e+09
-200374 472053 2.25906e+09
-200370 472053 2.25843e+09
-200366 472053 2.25779e+09
-200362 472053 2.25715e+09
-200357 472053 2.25652e+09
-200353 472053 2.25588e+09
-200349 472053 2.25524e+09
-200345 472053 2.25461e+09
-200341 472053 2.25397e+09
-200336 472053 2.25334e+09
-200332 472053 2.2527e+09
-200328 472053 2.25206e+09
-200324 472053 2.25143e+09
-200319 472053 2.25079e+09
-200315 472053 2.25016e+09
-200311 472053 2.24952e+09
-200307 472053 2.24888e+09
-200302 472053 2.24825e+09
-200298 472053 2.24761e+09
-200294 472053 2.24697e+09
-200290 472053 2.24634e+09
-200286 472053 2.2457e+09
-200281 472053 2.24507e+09
-200277 472053 2.24443e+09
-200273 472053 2.24379e+09
-200269 472053 2.24316e+09
-200264 472053 2.24252e+09
-200260 472053 2.24189e+09
-200256 472053 2.24125e+09
-200252 472053 2.24061e+09
-200248 472053 2.23998e+09
-200243 472053 2.23934e+09
-200239 472053 2.2387e+09
-200235 472053 2.23807e+09
-200231 472053 2.23743e+09
-200226 472053 2.2368e+09
-200222 472053 2.23616e+09
-200218 472053 2.23552e+09
-200214 472053 2.23489e+09
-200209 472053 2.23425e+09
-200205 472053 2.23362e+09
-200201 472053 2.23298e+09
-200197 472053 2.23234e+09
-200193 472053 2.23171e+09
-200188 472053 2.23107e+09
-200184 472053 2.23044e+09
-200180 472053 2.2298e+09
-200176 472053 2.22916e+09
-200171 472053 2.22853e+09
-200167 472053 2.22789e+09
-200163 472053 2.22725e+09
-200159 472053 2.22662e+09
-200155 472053 2.22598e+09
-200150 472053 2.22535e+09
-200146 472053 2.22471e+09
-200142 472053 2.22407e+09
-200138 472053 2.22344e+09
-200133 472053 2.2228e+09
-200129 472053 2.22217e+09
-200125 472053 2.22153e+09
-200121 472053 2.22089e+09
-200116 472053 2.22026e+09
-200112 472053 2.21962e+09
-200108 472053 2.21898e+09
-200104 472053 2.21835e+09
-200100 472053 2.21771e+09
-200095 472053 2.21708e+09
-200091 472053 2.21644e+09
-200087 472053 2.2158e+09
-200083 472053 2.21517e+09
-200078 472053 2.21453e+09
-200074 472053 2.2139e+09
-200070 472053 2.21326e+09
-200066 472053 2.21262e+09
-200062 472053 2.21199e+09
-200057 472053 2.21135e+09
-200053 472053 2.21071e+09
-200049 472053 2.21008e+09
-200045 472053 2.20944e+09
-200040 472053 2.20881e+09
-200036 472053 2.20817e+09
-200032 472053 2.20753e+09
-200028 472053 2.2069e+09
-200023 472053 2.20626e+09
-200019 472053 2.20563e+09
-200015 472053 2.20499e+09
-200011 472053 2.20435e+09
-200007 472053 2.20372e+09
-200002 472053 2.20308e+09
-199998 472053 2.20245e+09
-199994 472053 2.20181e+09
-199990 472053 2.20117e+09
-199985 472053 2.20054e+09
-199981 472053 2.1999e+09
-199977 472053 2.19926e+09
-199973 472053 2.19863e+09
-199968 472053 2.19799e+09
-199964 472053 2.19736e+09
-199960 472053 2.19672e+09
-199956 472053 2.19608e+09
-199952 472053 2.19545e+09
-199947 472053 2.19481e+09
-199943 472053 2.19418e+09
-199939 472053 2.19354e+09
-199935 472053 2.1929e+09
-199930 472053 2.19227e+09
-199926 472053 2.19163e+09
-199922 472053 2.191e+09
-199918 472053 2.19036e+09
-199914 472053 2.18972e+09
-199909 472053 2.18909e+09
-199905 472053 2.18845e+09
-199901 472053 2.18781e+09
-199897 472053 2.18718e+09
-199892 472053 2.18654e+09
-199888 472053 2.18591e+09
-199884 472053 2.18527e+09
-199880 472053 2.18463e+09
-199875 472053 2.184e+09
-199871 472053 2.18336e+09
-199867 472053 2.18273e+09
-199863 472053 2.18209e+09
-199859 472053 2.18145e+09
-199854 472053 2.18082e+09
-199850 472053 2.18018e+09
-199846 472053 2.17955e+09
-199842 472053 2.17891e+09
-199837 472053 2.17827e+09
-199833 472053 2.17764e+09
-199829 472053 2.177e+09
-199825 472053 2.17636e+09
-199821 472053 2.17573e+09
-199816 472053 2.17509e+09
-199812 472053 2.17446e+09
-199808 472053 2.17382e+09
-199804 472053 2.17318e+09
-199799 472053 2.17255e+09
-199795 472053 2.17191e+09
-199791 472053 2.17128e+09
-199787 472053 2.17064e+09
-199782 472053 2.17e+09
-199778 472053 2.16937e+09
-199774 472053 2.16873e+09
-199770 472053 2.1681e+09
-199766 472053 2.16746e+09
-199761 472053 2.16682e+09
-199757 472053 2.16619e+09
-199753 472053 2.16555e+09
-199749 472053 2.16491e+09
-199744 472053 2.16428e+09
-199740 472053 2.16364e+09
-199736 472053 2.16301e+09
-199732 472053 2.16237e+09
-199728 472053 2.16173e+09
-199723 472053 2.1611e+09
-199719 472053 2.16046e+09
-199715 472053 2.15983e+09
-199711 472053 2.15919e+09
-199706 472053 2.15855e+09
-199702 472053 2.15792e+09
-199698 472053 2.15728e+09
-199694 472053 2.15665e+09
-199690 472053 2.15601e+09
-199685 472053 2.15537e+09
-199681 472053 2.15474e+09
-199677 472053 2.1541e+09
-199673 472053 2.15346e+09
-199668 472053 2.15283e+09
-199664 472053 2.15219e+09
-199660 472053 2.15156e+09
-199656 472053 2.15092e+09
-199651 472053 2.15028e+09
-199647 472053 2.14965e+09
-199643 472053 2.14901e+09
-199639 472053 2.14838e+09
-199635 472053 2.14774e+09
-199630 472053 2.1471e+09
-199626 472053 2.14647e+09
-199622 472053 2.14583e+09
-199618 472053 2.1452e+09
-199613 472053 2.14456e+09
-199609 472053 2.14392e+09
-199605 472053 2.14329e+09
-199601 472053 2.14265e+09
-199597 472053 2.14202e+09
-199592 472053 2.14138e+09
-199588 472053 2.14074e+09
-199584 472053 2.14011e+09
-199580 472053 2.13947e+09
-199575 472053 2.13883e+09
-199571 472053 2.1382e+09
-199567 472053 2.13756e+09
-199563 472053 2.13693e+09
-199558 472053 2.13629e+09
-199554 472053 2.13565e+09
-199550 472053 2.13502e+09
-199546 472053 2.13438e+09
-199542 472053 2.13375e+09
-199537 472053 2.13311e+09
-199533 472053 2.13247e+09
-199529 472053 2.13184e+09
-199525 472053 2.1312e+09
-199520 472053 2.13057e+09
-199516 472053 2.12993e+09
-199512 472053 2.12929e+09
-199508 472053 2.12866e+09
-199504 472053 2.12802e+09
-199499 472053 2.12738e+09
-199495 472053 2.12675e+09
-199491 472053 2.12611e+09
-199487 472053 2.12548e+09
-199482 472053 2.12484e+09
-199478 472053 2.1242e+09
-199474 472053 2.12357e+09
-199470 472053 2.12293e+09
-199466 472053 2.1223e+09
-199461 472053 2.12166e+09
-199457 472053 2.12102e+09
-199453 472053 2.12039e+09
-199449 472053 2.11975e+09
-199444 472053 2.11912e+09
-199440 472053 2.11848e+09
-199436 472053 2.11784e+09
-199432 472053 2.11721e+09
-199427 472053 2.11657e+09
-199423 472053 2.11594e+09
-199419 472053 2.1153e+09
-199415 472053 2.11466e+09
-199411 472053 2.11403e+09
-199406 472053 2.11339e+09
-199402 472053 2.11276e+09
-199398 472053 2.11212e+09
-199394 472053 2.11148e+09
-199389 472053 2.11085e+09
-199385 472053 2.11021e+09
-199381 472053 2.10957e+09
-199377 472053 2.10894e+09
-199373 472053 2.1083e+09
-199368 472053 2.10767e+09
-199364 472053 2.10703e+09
-199360 472053 2.10639e+09
-199356 472053 2.10576e+09
-199351 472053 2.10512e+09
-199347 472053 2.10449e+09
-199343 472053 2.10385e+09
-199339 472053 2.10321e+09
-199335 472053 2.10258e+09
-199330 472053 2.10194e+09
-199326 472053 2.10131e+09
-199322 472053 2.10067e+09
-199318 472053 2.10003e+09
-199313 472053 2.0994e+09
-199309 472053 2.09876e+09
-199305 472053 2.09813e+09
-199301 472053 2.09749e+09
-199296 472053 2.09685e+09
-199292 472053 2.09622e+09
-199288 472053 2.09558e+09
-199284 472053 2.09495e+09
-199280 472053 2.09431e+09
-199275 472053 2.09367e+09
-199271 472053 2.09304e+09
-199267 472053 2.0924e+09
-199263 472053 2.09176e+09
-199258 472053 2.09113e+09
-199254 472053 2.09049e+09
-199250 472053 2.08986e+09
-199246 472053 2.08922e+09
-199242 472053 2.08858e+09
-199237 472053 2.08795e+09
-199233 472053 2.08731e+09
-199229 472053 2.08668e+09
-199225 472053 2.08604e+09
-199220 472053 2.0854e+09
-199216 472053 2.08477e+09
-199212 472053 2.08413e+09
-199208 472053 2.0835e+09
-199204 472053 2.08286e+09
-199199 472053 2.08222e+09
-199195 472053 2.08159e+09
-199191 472053 2.08095e+09
-199187 472053 2.08032e+09
-199182 472053 2.07968e+09
-199178 472053 2.07904e+09
-199174 472053 2.07841e+09
-199170 472053 2.07777e+09
-199165 472053 2.07714e+09
-199161 472053 2.0765e+09
-199157 472053 2.07586e+09
-199153 472053 2.07523e+09
-199149 472053 2.07459e+09
-199144 472053 2.07395e+09
-199140 472053 2.07332e+09
-199136 472053 2.07268e+09
-199132 472053 2.07205e+09
-199127 472053 2.07141e+09
-199123 472053 2.07077e+09
-199119 472053 2.07014e+09
-199115 472053 2.0695e+09
-199111 472053 2.06887e+09
-199106 472053 2.06823e+09
-199102 472053 2.06759e+09
-199098 472053 2.06696e+09
-199094 472053 2.06632e+09
-199089 472053 2.06569e+09
-199085 472053 2.06505e+09
-199081 472053 2.06441e+09
-199077 472053 2.06378e+09
-199073 472053 2.06314e+09
-199068 472053 2.06251e+09
-199064 472053 2.06187e+09
-199060 472053 2.06123e+09
-199056 472053 2.0606e+09
-199051 472053 2.05996e+09
-199047 472053 2.05933e+09
-199043 472053 2.05869e+09
-199039 472053 2.05805e+09
-199035 472053 2.05742e+09
-199030 472053 2.05678e+09
-199026 472053 2.05615e+09
-199022 472053 2.05551e+09
-199018 472053 2.05487e+09
-199013 472053 2.05424e+09
-199009 472053 2.0536e+09
-199005 472053 2.05297e+09
-199001 472053 2.05233e+09
-198996 472053 2.05169e+09
-198992 472053 2.05106e+09
-198988 472053 2.05042e+09
-198984 472053 2.04978e+09
-198980 472053 2.04915e+09
-198975 472053 2.04851e+09
-198971 472053 2.04788e+09
-198967 472053 2.04724e+09
-198963 472053 2.0466e+09
-198958 472053 2.04597e+09
-198954 472053 2.04533e+09
-198950 472053 2.0447e+09
-198946 472053 2.04406e+09
-198942 472053 2.04342e+09
-198937 472053 2.04279e+09
-198933 472053 2.04215e+09
-198929 472053 2.04152e+09
-198925 472053 2.04088e+09
-198920 472053 2.04024e+09
-198916 472053 2.03961e+09
-198912 472053 2.03897e+09
-198908 472053 2.03834e+09
-198904 472053 2.0377e+09
-198899 472053 2.03706e+09
-198895 472053 2.03643e+09
-198891 472053 2.03579e+09
-198887 472053 2.03516e+09
-198882 472053 2.03452e+09
-198878 472053 2.03388e+09
-198874 472053 2.03325e+09
-198870 472053 2.03261e+09
-198866 472053 2.03198e+09
-198861 472053 2.03134e+09
-198857 472053 2.0307e+09
-198853 472053 2.03007e+09
-198849 472053 2.02943e+09
-198844 472053 2.0288e+09
-198840 472053 2.02816e+09
-198836 472053 2.02752e+09
-198832 472053 2.02689e+09
-198827 472053 2.02625e+09
-198823 472053 2.02562e+09
-198819 472053 2.02498e+09
-198815 472053 2.02434e+09
-198811 472053 2.02371e+09
-198806 472053 2.02307e+09
-198802 472053 2.02244e+09
-198798 472053 2.0218e+09
-198794 472053 2.02116e+09
-198789 472053 2.02053e+09
-198785 472053 2.01989e+09
-198781 472053 2.01926e+09
-198777 472053 2.01862e+09
-198773 472053 2.01798e+09
-198768 472053 2.01735e+09
-198764 472053 2.01671e+09
-198760 472053 2.01607e+09
-198756 472053 2.01544e+09
-198751 472053 2.0148e+09
-198747 472053 2.01417e+09
-198743 472053 2.01353e+09
-198739 472053 2.01289e+09
-198735 472053 2.01226e+09
-198730 472053 2.01162e+09
-198726 472053 2.01099e+09
-198722 472053 2.01035e+09
-198718 472053 2.00971e+09
-198713 472053 2.00908e+09
-198709 472053 2.00844e+09
-198705 472053 2.00781e+09
-198701 472053 2.00717e+09
-198697 472053 2.00653e+09
-198692 472053 2.0059e+09
-198688 472053 2.00526e+09
-198684 472053 2.00463e+09
-198680 472053 2.00399e+09
-198675 472053 2.00335e+09
-198671 472053 2.00272e+09
-198667 472053 2.00208e+09
-198663 472053 2.00145e+09
-198659 472053 2.00081e+09
-198654 472053 2.00017e+09
-198650 472053 1.99954e+09
-198646 472053 1.9989e+09
-198642 472053 1.99827e+09
-198637 472053 1.99763e+09
-198633 472053 1.99699e+09
-198629 472053 1.99636e+09
-198625 472053 1.99572e+09
-198621 472053 1.99509e+09
-198616 472053 1.99445e+09
-198612 472053 1.99381e+09
-198608 472053 1.99318e+09
-198604 472053 1.99254e+09
-198599 472053 1.99191e+09
-198595 472053 1.99127e+09
-198591 472053 1.99063e+09
-198587 472053 1.99e+09
-198583 472053 1.98936e+09
-198578 472053 1.98873e+09
-198574 472053 1.98809e+09
-198570 472053 1.98745e+09
-198566 472053 1.98682e+09
-198561 472053 1.98618e+09
-198557 472053 1.98555e+09
-198553 472053 1.98491e+09
-198549 472053 1.98427e+09
-198544 472053 1.98364e+09
-198540 472053 1.983e+09
-198536 472053 1.98237e+09
-198532 472053 1.98173e+09
-198528 472053 1.98109e+09
-198523 472053 1.98046e+09
-198519 472053 1.97982e+09
-198515 472053 1.97919e+09
-198511 472053 1.97855e+09
-198506 472053 1.97791e+09
-198502 472053 1.97728e+09
-198498 472053 1.97664e+09
-198494 472053 1.97601e+09
-198490 472053 1.97537e+09
-198485 472053 1.97473e+09
-198481 472053 1.9741e+09
-198477 472053 1.97346e+09
-198473 472053 1.97283e+09
-198468 472053 1.97219e+09
-198464 472053 1.97155e+09
-198460 472053 1.97092e+09
-198456 472053 1.97028e+09
-198452 472053 1.96965e+09
-198447 472053 1.96901e+09
-198443 472053 1.96837e+09
-198439 472053 1.96774e+09
-198435 472053 1.9671e+09
-198430 472053 1.96647e+09
-198426 472053 1.96583e+09
-198422 472053 1.96519e+09
-198418 472053 1.96456e+09
-198414 472053 1.96392e+09
-198409 472053 1.96329e+09
-198405 472053 1.96265e+09
-198401 472053 1.96201e+09
-198397 472053 1.96138e+09
-198392 472053 1.96074e+09
-198388 472053 1.96011e+09
-198384 472053 1.95947e+09
-198380 472053 1.95883e+09
-198376 472053 1.9582e+09
-198371 472053 1.95756e+09
-198367 472053 1.95693e+09
-198363 472053 1.95629e+09
-198359 472053 1.95565e+09
-198354 472053 1.95502e+09
-198350 472053 1.95438e+09
-198346 472053 1.95375e+09
-198342 472053 1.95311e+09
-198338 472053 1.95247e+09
-198333 472053 1.95184e+09
-198329 472053 1.9512e+09
-198325 472053 1.95057e+09
-198321 472053 1.94993e+09
-198316 472053 1.94929e+09
-198312 472053 1.94866e+09
-198308 472053 1.94802e+09
-198304 472053 1.94739e+09
-198300 472053 1.94675e+09
-198295 472053 1.94611e+09
-198291 472053 1.94548e+09
-198287 472053 1.94484e+09
-198283 472053 1.94421e+09
-198278 472053 1.94357e+09
-198274 472053 1.94293e+09
-198270 472053 1.9423e+09
-198266 472053 1.94166e+09
-198262 472053 1.94103e+09
-198257 472053 1.94039e+09
-198253 472053 1.93975e+09
-198249 472053 1.93912e+09
-198245 472053 1.93848e+09
-198240 472053 1.93785e+09
-198236 472053 1.93721e+09
-198232 472053 1.93657e+09
-198228 472053 1.93594e+09
-198224 472053 1.9353e+09
-198219 472053 1.93467e+09
-198215 472053 1.93403e+09
-198211 472053 1.93339e+09
-198207 472053 1.93276e+09
-198202 472053 1.93212e+09
-198198 472053 1.93149e+09
-198194 472053 1.93085e+09
-198190 472053 1.93021e+09
-198186 472053 1.92958e+09
-198181 472053 1.92894e+09
-198177 472053 1.92831e+09
-198173 472053 1.92767e+09
-198169 472053 1.92703e+09
-198164 472053 1.9264e+09
-198160 472053 1.92576e+09
-198156 472053 1.92513e+09
-198152 472053 1.92449e+09
-198148 472053 1.92385e+09
-198143 472053 1.92322e+09
-198139 472053 1.92258e+09
-198135 472053 1.92195e+09
-198131 472053 1.92131e+09
-198126 472053 1.92067e+09
-198122 472053 1.92004e+09
-198118 472053 1.9194e+09
-198114 472053 1.91877e+09
-198110 472053 1.91813e+09
-198105 472053 1.91749e+09
-198101 472053 1.91686e+09
-198097 472053 1.91622e+09
-198093 472053 1.91559e+09
-198088 472053 1.91495e+09
-198084 472053 1.91431e+09
-198080 472053 1.91368e+09
-198076 472053 1.91304e+09
-198072 472053 1.91241e+09
-198067 472053 1.91177e+09
-198063 472053 1.91113e+09
-198059 472053 1.9105e+09
-198055 472053 1.90986e+09
-198050 472053 1.90923e+09
-198046 472053 1.90859e+09
-198042 472053 1.90795e+09
-198038 472053 1.90732e+09
-198034 472053 1.90668e+09
-198029 472053 1.90605e+09
-198025 472053 1.90541e+09
-198021 472053 1.90477e+09
-198017 472053 1.90414e+09
-198012 472053 1.9035e+09
-198008 472053 1.90287e+09
-198004 472053 1.90223e+09
-198000 472053 1.90159e+09
-197996 472053 1.90096e+09
-197991 472053 1.90032e+09
-197987 472053 1.89969e+09
-197983 472053 1.89905e+09
-197979 472053 1.89841e+09
-197974 472053 1.89778e+09
-197970 472053 1.89714e+09
-197966 472053 1.89651e+09
-197962 472053 1.89587e+09
-197958 472053 1.89523e+09
-197953 472053 1.8946e+09
-197949 472053 1.89396e+09
-197945 472053 1.89333e+09
-197941 472053 1.89269e+09
-197936 472053 1.89206e+09
-197932 472053 1.89142e+09
-197928 472053 1.89078e+09
-197924 472053 1.89015e+09
-197920 472053 1.88951e+09
-197915 472053 1.88888e+09
-197911 472053 1.88824e+09
-197907 472053 1.8876e+09
-197903 472053 1.88697e+09
-197898 472053 1.88633e+09
-197894 472053 1.8857e+09
-197890 472053 1.88506e+09
-197886 472053 1.88442e+09
-197882 472053 1.88379e+09
-197877 472053 1.88315e+09
-197873 472053 1.88252e+09
-197869 472053 1.88188e+09
-197865 472053 1.88124e+09
-197860 472053 1.88061e+09
-197856 472053 1.87997e+09
-197852 472053 1.87934e+09
-197848 472053 1.8787e+09
-197844 472053 1.87806e+09
-197839 472053 1.87743e+09
-197835 472053 1.87679e+09
-197831 472053 1.87616e+09
-197827 472053 1.87552e+09
-197822 472053 1.87488e+09
-197818 472053 1.87425e+09
-197814 472053 1.87361e+09
-197810 472053 1.87298e+09
-197806 472053 1.87234e+09
-197801 472053 1.8717e+09
-197797 472053 1.87107e+09
-197793 472053 1.87043e+09
-197789 472053 1.8698e+09
-197784 472053 1.86916e+09
-197780 472053 1.86852e+09
-197776 472053 1.86789e+09
-197772 472053 1.86725e+09
-197768 472053 1.86662e+09
-197763 472053 1.86598e+09
-197759 472053 1.86534e+09
-197755 472053 1.86471e+09
-197751 472053 1.86407e+09
-197746 472053 1.86344e+09
-197742 472053 1.8628e+09
-197738 472053 1.86216e+09
-197734 472053 1.86153e+09
-197730 472053 1.86089e+09
-197725 472053 1.86026e+09
-197721 472053 1.85962e+09
-197717 472053 1.85899e+09
-197713 472053 1.85835e+09
-197708 472053 1.85771e+09
-197704 472053 1.85708e+09
-197700 472053 1.85644e+09
-197696 472053 1.85581e+09
-197692 472053 1.85517e+09
-197687 472053 1.85453e+09
-197683 472053 1.8539e+09
-197679 472053 1.85326e+09
-197675 472053 1.85263e+09
-197670 472053 1.85199e+09
-197666 472053 1.85135e+09
-197662 472053 1.85072e+09
-197658 472053 1.85008e+09
-197654 472053 1.84945e+09
-197649 472053 1.84881e+09
-197645 472053 1.84817e+09
-197641 472053 1.84754e+09
-197637 472053 1.8469e+09
-197632 472053 1.84627e+09
-197628 472053 1.84563e+09
-197624 472053 1.84499e+09
-197620 472053 1.84436e+09
-197616 472053 1.84372e+09
-197611 472053 1.84309e+09
-197607 472053 1.84245e+09
-197603 472053 1.84181e+09
-197599 472053 1.84118e+09
-197594 472053 1.84054e+09
-197590 472053 1.83991e+09
-197586 472053 1.83927e+09
-197582 472053 1.83863e+09
-197578 472053 1.838e+09
-197573 472053 1.83736e+09
-197569 472053 1.83673e+09
-197565 472053 1.83609e+09
-197561 472053 1.83546e+09
-197556 472053 1.83482e+09
-197552 472053 1.83418e+09
-197548 472053 1.83355e+09
-197544 472053 1.83291e+09
-197540 472053 1.83228e+09
-197535 472053 1.83164e+09
-197531 472053 1.831e+09
-197527 472053 1.83037e+09
-197523 472053 1.82973e+09
-197518 472053 1.8291e+09
-197514 472053 1.82846e+09
-197510 472053 1.82782e+09
-197506 472053 1.82719e+09
-197502 472053 1.82655e+09
-197497 472053 1.82592e+09
-197493 472053 1.82528e+09
-197489 472053 1.82464e+09
-197485 472053 1.82401e+09
-197480 472053 1.82337e+09
-197476 472053 1.82274e+09
-197472 472053 1.8221e+09
-197468 472053 1.82146e+09
-197464 472053 1.82083e+09
-197459 472053 1.82019e+09
-197455 472053 1.81956e+09
-197451 472053 1.81892e+09
-197447 472053 1.81828e+09
-197442 472053 1.81765e+09
-197438 472053 1.81701e+09
-197434 472053 1.81638e+09
-197430 472053 1.81574e+09
-197426 472053 1.81511e+09
-197421 472053 1.81447e+09
-197417 472053 1.81383e+09
-197413 472053 1.8132e+09
-197409 472053 1.81256e+09
-197405 472053 1.81193e+09
-197400 472053 1.81129e+09
-197396 472053 1.81065e+09
-197392 472053 1.81002e+09
-197388 472053 1.80938e+09
-197383 472053 1.80875e+09
-197379 472053 1.80811e+09
-197375 472053 1.80747e+09
-197371 472053 1.80684e+09
-197367 472053 1.8062e+09
-197362 472053 1.80557e+09
-197358 472053 1.80493e+09
-197354 472053 1.80429e+09
-197350 472053 1.80366e+09
