0.1 0
0.2 0
0.3 0
0.4 0
0.5 0
0.6 0
0.7 0
0.8 0
0.9 0
1 0
9.44568 0
18.8927 0
28.3388 0
37.7833 0
47.2291 0
56.6758 0
66.1241 0
75.5682 0
85.015 0
94.461 0
103.907 0
113.356 0
122.801 0
132.248 0
141.694 0
151.14 0
160.587 0
170.034 0
179.481 0
188.927 0
198.375 0
207.823 0
217.27 0
226.716 0
236.165 0
245.612 0
255.058 0
264.507 0
273.954 0
283.401 0
292.849 0
302.298 0
311.745 0
321.192 0
330.641 0
340.089 0
349.537 0
358.985 0
368.432 0
377.882 0
387.329 0
396.778 0
406.226 0
415.676 0
425.123 0
434.572 0
444.021 0
453.468 0
462.918 0
472.367 0
481.817 0
491.265 0
500.714 0
510.163 0
519.612 0
529.062 0
538.511 0
547.96 0
557.41 0
566.86 0
576.309 0
585.757 0
595.208 0
604.658 0
614.108 0
623.558 0
633.007 0
642.457 0
651.907 0
661.357 0
670.808 0
680.258 0
689.708 0
699.158 0
708.609 0
718.06 0
727.51 0
736.962 0
746.412 0
755.862 0
765.312 0
774.764 0
784.215 0
793.666 0
803.116 0
812.565 0
822.018 0
831.47 0
840.926 0
850.372 0
859.824 0
869.275 0
878.726 0
888.178 0
897.63 0
907.082 0
916.534 0
925.985 0
935.433 0
944.889 0
954.341 0
963.794 0
973.244 0
982.699 0
992.15 0
1001.6 0
1011.05 0
1020.51 0
1029.96 0
1039.41 0
1048.87 0
1058.32 0
1067.77 0
1077.22 0
1086.68 0
1096.13 0
1105.58 0
1115.04 0
1124.49 0
1133.94 0
1143.4 0
1152.85 0
1162.3 0
1171.76 0
1181.21 0
1190.66 0
1200.12 0
1209.57 0
1219.02 0
1228.48 0
1237.93 0
1247.38 0
1256.84 0
1266.29 0
1275.75 0
1285.2 0
1294.66 0
1304.11 0
1313.56 0
1323.02 0
1332.47 0
1341.93 0
1351.38 0
1360.84 0
1370.29 0
1379.75 0
1389.2 0
1398.66 0
1408.11 0
1417.57 0
1427.02 0
1436.48 0
1445.93 0
1455.39 0
1464.84 0
1474.3 0
1483.75 0
1493.21 0
1502.67 0
1512.12 0
1521.58 0
1531.03 0
1540.49 0
1549.94 0
1559.4 0
1568.86 0
1578.31 0
1587.77 0
1597.22 0
1606.68 0
1616.14 0
1625.59 0
1635.05 0
1644.51 0
1653.97 0
1663.42 0
1672.88 0
1682.33 0
1691.79 0
1701.25 0
1710.71 0
1720.16 0
1729.62 0
1739.08 0
1748.53 0
1757.99 0
1767.45 0
1776.91 0
1786.36 0
1795.82 0
1805.28 0
1814.73 0
1824.19 0
1833.65 0
1843.11 0
1852.57 0
1862.02 0
1871.48 0
1880.94 0
1890.4 0
1899.86 0
1909.32 0
1918.77 0
1928.23 0
1937.69 0
1947.15 0
1956.61 0
1966.07 0
1975.53 0
1984.98 0
1994.44 0
2003.9 0
2013.36 0
2022.82 0
2032.28 0
2041.74 0
2051.2 0
2060.66 0
2070.12 0
2079.58 0
2089.03 0
2098.49 0
2107.96 0
2117.41 0
2126.87 0
2136.33 0
2145.79 0
2155.25 0
2164.71 0
2174.17 0
2183.63 0
2193.09 0
2202.55 0
2212.01 0
2221.47 0
2230.93 0
2240.4 0
2249.86 0
2259.32 0
2268.78 0
2278.24 0
2287.7 0
2297.16 0
2306.62 0
2316.08 0
2325.54 0
2335 0
2344.46 0
2353.93 0
2363.39 0
2372.85 0
2382.31 0
2391.77 0
2401.23 0
2410.69 0
2420.16 0
2429.62 0
2439.08 0
2448.54 0
2458 0
2467.46 0
2476.93 0
2486.39 0
2495.85 0
2505.31 0
2514.78 0
2524.24 0
2533.7 0
2543.16 0
2552.63 0
2562.09 0
2571.55 0
2581.01 0
2590.48 0
2599.94 0
2609.4 0
2618.87 0
2628.33 0
2637.79 0
2647.25 0
2656.72 0
2666.18 0
2675.64 0
2685.11 0
2694.57 0
2704.03 0
2713.5 0
2722.96 0
2732.43 0
2741.89 0
2751.35 0
2760.82 0
2770.28 0
2779.74 0
2789.21 0
2798.67 0
2808.14 0
2817.6 0
2827.07 0
2836.53 0
2845.99 0
2855.46 0
2864.92 0
2874.39 0
2883.85 0
2893.32 0
2902.78 0
2912.25 0
2921.71 0
2931.17 0
2940.64 0
2950.11 0
2959.57 0
2969.04 0
2978.5 0
2987.97 0
2997.43 0
3006.9 0
3016.37 0
3025.83 0
3035.3 0
3044.76 0
3054.23 0
3063.69 0
3073.16 0
3082.63 0
3092.09 0
3101.56 0
3111.02 0
3120.49 0
3129.96 0
3139.42 0
3148.89 0
3158.36 0
3167.82 0
3177.29 0
3186.76 0
3196.22 0
3205.69 0
3215.16 0
3224.62 0
3234.09 0
3243.56 0
3253.02 0
3262.49 0
3271.96 0
3281.43 0
3290.89 0
3300.36 0
3309.83 0
3319.3 0
3328.76 0
3338.23 0
3347.7 0
3357.17 0
3366.63 0
3376.1 0
3385.57 0
3395.04 0
3404.51 0
3413.97 0
3423.44 0
3432.91 0
3442.38 0
3451.85 0
3461.32 0
3470.78 0
3480.25 0
3489.72 0
3499.19 0
3508.66 0
3518.13 0
3527.6 0
3537.07 0
3546.54 0
3556 0
3565.47 0
3574.94 0
3584.41 0
3593.88 0
3603.35 0
3612.82 0
3622.29 0
3631.76 0
3641.23 0
3650.7 0
3660.17 0
3669.64 0
3679.11 0
3688.58 0
3698.05 0
3707.52 0
3716.99 0
3726.46 0
3735.93 0
3745.4 0
3754.87 0
3764.34 0
3773.81 0
3783.28 0
3792.75 0
3802.22 0
3811.69 0
3821.17 0
3830.64 0
3840.11 0
3849.58 0
3859.05 0
3868.52 0
3877.99 0
3887.46 0
3896.93 0
3906.41 0
3915.88 0
3925.35 0
3934.82 0
3944.29 0
3953.76 0
3963.23 0
3972.71 0
3982.18 0
3991.65 0
4001.12 0
4010.6 0
4020.07 0
4029.54 0
4039.01 0
4048.48 0
4057.96 0
4067.43 0
4076.9 0
4086.37 0
4095.85 0
4105.32 0
4114.79 0
4124.26 0
4133.74 0
4143.21 0
4152.68 0
4162.16 0
4171.63 0
4181.1 0
4190.58 0
4200.05 0
4209.52 0
4219 0
4228.47 0
4237.94 0
4247.42 0
4256.89 0
4266.36 0
4275.84 0
4285.31 0
4294.79 0
4304.26 0
4313.73 0
4323.21 0
4332.68 0
4342.16 0
4351.63 0
4361.11 0
4370.58 0
4380.05 0
4389.53 0
4399 0
4408.48 0
4417.95 0
4427.43 0
4436.9 0
4446.38 0
4455.85 0
4465.33 0
4474.8 0
4484.28 0
4493.75 0
4503.23 0
4512.7 0
4522.18 0
4531.65 0
4541.13 0
4550.61 0
4560.08 0
4569.56 0
4579.03 0
4588.51 0
4597.99 0
4607.46 0
4616.94 0
4626.41 0
4635.89 0
4645.37 0
4654.84 0
4664.32 0
4673.8 0
4683.27 0
4692.75 0
4702.23 0
4711.7 0
4721.18 0
4730.66 0
4740.13 0
4749.61 0
4759.09 0
4768.56 0
4778.04 0
4787.52 0
4796.99 0
4806.47 0
4815.95 0
4825.43 0
4834.9 0
4844.38 0
4853.86 0
4863.34 0
4872.81 0
4882.29 0
4891.77 0
4901.25 0
4910.73 0
4920.2 0
4929.68 0
4939.16 0
4948.64 0
4958.12 0
4967.6 0
4977.07 0
4986.55 0
4996.03 0
5005.51 0
5014.99 0
5024.47 0
5033.95 0
5043.42 0
5052.9 0
5062.38 0
5071.86 0
5081.34 0
5090.82 0
5100.3 0
5109.78 0
5119.26 0
5128.74 0
5138.22 0
5147.7 0
5157.18 0
5166.66 0
5176.13 0
5185.62 0
5195.1 0
5204.57 0
5214.05 0
5223.54 0
5233.02 0
5242.5 0
5251.98 0
5261.46 0
5270.94 0
5280.42 0
5289.9 0
5299.38 0
5308.86 0
5318.34 0
5327.82 0
5337.3 0
5346.78 0
5356.26 0
5365.74 0
5375.22 0
5384.71 0
5394.19 0
5403.67 0
5413.15 0
5422.63 0
5432.11 0
5441.59 0
5451.08 0
5460.56 0
5470.04 0
5479.52 0
5489 0
5498.48 0
5507.97 0
5517.45 0
5526.93 0
5536.41 0
5545.89 0
5555.37 0
5564.86 0
5574.34 0
5583.82 0
5593.31 0
5602.79 0
5612.27 0
5621.75 0
5631.24 0
5640.72 0
5650.2 0
5659.68 0
5669.17 0
5678.65 0
5688.13 0
5697.62 0
5707.1 0
5716.58 0
5726.07 0
5735.55 0
5745.03 0
5754.52 0
5764 0
5773.48 0
5782.97 0
5792.45 0
5801.93 0
5811.42 0
5820.9 0
5830.39 0
5839.87 0
5849.36 0
5858.84 0
5868.32 0
5877.81 0
5887.29 0
5896.78 0
5906.26 0
5915.75 0
5925.23 0
5934.71 0
5944.2 0
5953.69 0
5963.17 0
5972.66 0
5982.14 0
5991.63 0
6001.11 0
6010.6 0
6020.08 0
6029.57 0
6039.05 0
6048.54 0
6058.02 0
6067.51 0
6076.99 0
6086.48 0
6095.97 0
6105.45 0
6114.94 0
6124.42 0
6133.91 0
6143.4 0
6152.88 0
6162.37 0
6171.85 0
6181.34 0
6190.83 0
6200.31 0
6209.8 0
6219.29 0
6228.77 0
6238.26 0
6247.75 0
6257.23 0
6266.72 0
6276.21 0
6285.69 0
6295.18 0
6304.67 0
6314.15 0
6323.64 0
6333.13 0
6342.62 0
6352.1 0
6361.59 0
6371.08 0
6380.57 0
6390.05 0
6399.54 0
6409.03 0
6418.52 0
6428.01 0
6437.49 0
6446.98 0
6456.47 0
6465.96 0
6475.45 0
6484.94 0
6494.42 0
6503.91 0
6513.4 0
6522.89 0
6532.38 0
6541.87 0
6551.35 0
6560.84 0
6570.33 0
6579.82 0
6589.31 0
6598.8 0
6608.29 0
6617.78 0
6627.27 0
6636.76 0
6646.25 0
6655.74 0
6665.22 0
6674.71 0
6684.2 0
6693.69 0
6703.18 0
6712.67 0
6722.16 0
6731.65 0
6741.14 0
6750.63 0
6760.12 0
6769.61 0
6779.1 0
6788.59 0
6798.08 0
6807.57 0
6817.07 0
6826.56 0
6836.05 0
6845.54 0
6855.03 0
6864.52 0
6874.01 0
6883.5 0
6892.99 0
6902.48 0
6911.97 0
6921.46 0
6930.96 0
6940.45 0
6949.94 0
6959.43 0
6968.92 0
6978.41 0
6987.9 0
6997.4 0
7006.89 0
7016.38 0
7025.87 0
7035.36 0
7044.86 0
7054.35 0
7063.84 0
7073.33 0
7082.82 0
7092.32 0
7101.81 0
7111.3 0
7120.79 0
7130.29 0
7139.78 0
7149.27 0
7158.76 0
7168.26 0
7177.75 0
7187.24 0
7196.74 0
7206.23 0
7215.72 0
7225.22 0
7234.71 0
7244.2 0
7253.7 0
7263.19 0
7272.68 0
7282.17 0
7291.67 0
7301.16 0
7310.66 0
7320.15 0
7329.64 0
7339.14 0
7348.63 0
7358.13 0
7367.62 0
7377.11 0
7386.61 0
7396.1 0
7405.6 0
7415.09 0
7424.59 0
7434.08 0
7443.58 0
7453.07 0
7462.56 0
7472.06 0
7481.55 0
7491.05 0
7500.54 0
7510.04 0
7519.53 0
7529.03 0
7538.52 0
7548.02 0
7557.52 0
7567.01 0
7576.51 0
7586 0
7595.5 0
7604.99 0
7614.49 0
7623.98 0
7633.48 0
7642.98 0
7652.47 0
7661.97 0
7671.46 0
7680.96 0
7690.46 0
7699.95 0
7709.45 0
7718.94 0
7728.44 0
7737.94 0
7747.44 0
7756.93 0
7766.43 0
7775.93 0
7785.42 0
7794.92 0
7804.42 0
7813.91 0
7823.41 0
7832.91 0
7842.4 0
7851.9 0
7861.4 0
7870.9 0
7880.39 0
7889.89 0
7899.39 0
7908.89 0
7918.38 0
7927.88 0
7937.38 0
7946.88 0
7956.38 0
7965.87 0
7975.37 0
7984.87 0
7994.37 0
8003.87 0
8013.37 0
8022.86 0
8032.36 0
8041.86 0
8051.36 0
8060.86 0
8070.36 0
8079.85 0
8089.35 0
8098.85 0
8105.96 0
8108.75 0
8111.55 0
8114.35 0
8117.15 0
8119.95 0
8122.75 0
8125.55 0
8123.71 0
8114.32 0
8104.93 0
8095.54 0
8086.15 0
8076.75 0
8067.36 0
8057.97 0
8048.58 0
8039.19 0
8029.79 0
8020.4 0
8011.01 0
8001.62 0
7992.23 0
7982.84 0
7973.44 0
7964.05 0
7954.66 0
7945.27 0
7935.88 0
7926.49 0
7917.09 0
7907.7 0
7898.31 0
7888.92 0
7879.53 0
7870.14 0
7860.74 0
7851.35 0
7841.96 0
7832.57 0
7823.18 0
7813.79 0
7804.39 0
7795 0
7785.61 0
7776.22 0
7766.83 0
7757.44 0
7748.05 0
7738.65 0
7729.26 0
7719.87 0
7710.48 0
7701.09 0
7691.69 0
7682.3 0
7672.91 0
7663.52 0
7654.13 0
7644.74 0
7635.35 0
7625.96 0
7616.56 0
7607.17 0
7597.78 0
7588.39 0
7579 0
7569.61 0
7560.21 0
7550.82 0
7541.43 0
7532.04 0
7522.65 0
7513.26 0
7503.87 0
7494.47 0
7485.08 0
7475.69 0
7466.3 0
7456.91 0
7447.52 0
7438.13 0
7428.74 0
7419.34 0
7409.95 0
7400.56 0
7391.17 0
7381.78 0
7372.39 0
7363 0
7353.6 0
7344.21 0
7334.82 0
7325.43 0
7316.04 0
7306.65 0
7297.26 0
7287.86 0
7278.47 0
7269.08 0
7259.69 0
7250.3 0
7240.91 0
7231.52 0
7222.13 0
7212.74 0
7203.34 0
7193.95 0
7184.56 0
7175.17 0
7165.78 0
7156.39 0
7147 0
7137.61 0
7128.21 0
7118.82 0
7109.43 0
7100.04 0
7090.65 0
7081.26 0
7071.87 0
7062.48 0
7053.09 0
7043.69 0
7034.3 0
7024.91 0
7015.52 0
7006.13 0
6996.74 0
6987.35 0
6977.96 0
6968.56 0
6959.17 0
6949.78 0
6940.39 0
6931 0
6921.61 0
6912.22 0
6902.83 0
6893.44 0
6884.05 0
6874.66 0
6865.26 0
6855.87 0
6846.48 0
6837.09 0
6827.7 0
6818.31 0
6808.92 0
6799.53 0
6790.14 0
6780.75 0
6771.35 0
6761.96 0
6752.57 0
6743.18 0
6733.79 0
6724.4 0
6715.01 0
6705.62 0
6696.23 0
6686.84 0
6677.45 0
6668.06 0
6658.66 0
6649.27 0
6639.88 0
6630.49 0
6621.1 0
6611.71 0
6602.32 0
6592.93 0
6583.54 0
6574.15 0
6564.75 0
6555.36 0
6545.98 0
6536.59 0
6527.19 0
6517.8 0
6508.41 0
6499.02 0
6489.63 0
6480.24 0
6470.85 0
6461.46 0
6452.07 0
6442.68 0
6433.28 0
6423.89 0
6414.5 0
6405.11 0
6395.72 0
6386.33 0
6376.94 0
6367.55 0
6358.16 0
6348.77 0
6339.38 0
6329.99 0
6320.6 0
6311.21 0
6301.81 0
6292.42 0
6283.03 0
6273.64 0
6264.25 0
6254.86 0
6245.47 0
6236.08 0
6226.69 0
6217.3 0
6207.91 0
6198.52 0
6189.13 0
6179.74 0
6170.35 0
6160.96 0
6151.57 0
6142.18 0
6132.78 0
6123.39 0
6114 0
6104.61 0
6095.22 0
6085.83 0
6076.44 0
6067.05 0
6057.66 0
6048.27 0
6038.88 0
6029.49 0
6020.1 0
6010.71 0
6001.32 0
5991.93 0
5982.54 0
5973.15 0
5963.76 0
5954.37 0
5944.97 0
5935.58 0
5926.19 0
5916.8 0
5907.41 0
5898.02 0
5888.63 0
5879.24 0
5869.85 0
5860.46 0
5851.07 0
5841.68 0
5832.29 0
5822.9 0
5813.51 0
5804.12 0
5794.73 0
5785.34 0
5775.95 0
5766.56 0
5757.17 0
5747.78 0
5738.39 0
5729 0
5719.61 0
5710.22 0
5700.83 0
5691.44 0
5682.05 0
5672.66 0
5663.27 0
5653.88 0
5644.49 0
5635.09 0
5625.7 0
5616.31 0
5606.92 0
5597.53 0
5588.14 0
5578.75 0
5569.36 0
5559.97 0
5550.58 0
5541.19 0
5531.8 0
5522.41 0
5513.02 0
5503.63 0
5494.24 0
5484.85 0
5475.46 0
5466.07 0
5456.68 0
5447.29 0
5437.9 0
5428.51 0
5419.12 0
5409.73 0
5400.34 0
5390.95 0
5381.56 0
5372.17 0
5362.78 0
5353.39 0
5344 0
5334.61 0
5325.22 0
5315.83 0
5306.44 0
5297.05 0
5287.66 0
5278.27 0
5268.88 0
5259.49 0
5250.1 0
5240.71 0
5231.32 0
5221.93 0
5212.54 0
5203.15 0
5193.76 0
5184.37 0
5174.98 0
5165.59 0
5156.2 0
5146.81 0
5137.42 0
5128.03 0
5118.64 0
5109.25 0
5099.86 0
5090.47 0
5081.08 0
5071.69 0
5062.31 0
5052.91 0
5043.52 0
5034.13 0
5024.74 0
5015.35 0
5005.96 0
4996.57 0
4987.19 0
4977.8 0
4968.4 0
4959.02 0
4949.63 0
4940.24 0
4930.85 0
4921.46 0
4912.07 0
4902.68 0
4893.29 0
4883.9 0
4874.51 0
4865.12 0
4855.73 0
4846.34 0
4836.95 0
4827.56 0
4818.17 0
4808.78 0
4799.39 0
4790 0
4780.61 0
4771.22 0
4761.83 0
4752.44 0
4743.05 0
4733.66 0
4724.27 0
4714.88 0
4705.49 0
4696.1 0
4686.72 0
4677.33 0
4667.94 0
4658.55 0
4649.16 0
4639.77 0
4630.38 0
4620.99 0
4611.6 0
4602.21 0
4592.82 0
4583.43 0
4574.04 0
4564.65 0
4555.26 0
4545.87 0
4536.48 0
4527.09 0
4517.7 0
4508.32 0
4498.92 0
4489.53 0
4480.15 0
4470.76 0
4461.37 0
4451.98 0
4442.59 0
4433.2 0
4423.81 0
4414.42 0
4405.03 0
4395.64 0
4386.25 0
4376.86 0
4367.47 0
4358.08 0
4348.69 0
4339.3 0
4329.91 0
4320.53 0
4311.14 0
4301.75 0
4292.36 0
4282.97 0
4273.58 0
4264.19 0
4254.8 0
4245.41 0
4236.02 0
4226.63 0
4217.24 0
4207.85 0
4198.46 0
4189.08 0
4179.69 0
4170.3 0
4160.91 0
4151.52 0
4142.13 0
4132.74 0
4123.35 0
4113.96 0
4104.57 0
4095.18 0
4085.79 0
4076.4 0
4067.02 0
4057.63 0
4048.24 0
4038.85 0
4029.46 0
4020.07 0
4010.68 0
4001.29 0
3991.9 0
3982.51 0
3973.12 0
3963.73 0
3954.35 0
3944.96 0
3935.57 0
3926.18 0
3916.79 0
3907.4 0
3898.01 0
3888.62 0
3879.23 0
3869.84 0
3860.45 0
3851.06 0
3841.68 0
3832.29 0
3822.9 0
3813.51 0
3804.12 0
3794.73 0
3785.34 0
3775.95 0
3766.56 0
3757.18 0
3747.79 0
3738.4 0
3729.01 0
3719.62 0
3710.23 0
3700.84 0
3691.45 0
3682.06 0
3672.67 0
3663.29 0
3653.9 0
3644.51 0
3635.12 0
3625.73 0
3616.34 0
3606.95 0
3597.56 0
3588.17 0
3578.79 0
3569.4 0
3560.01 0
3550.62 0
3541.23 0
3531.84 0
3522.45 0
3513.06 0
3503.67 0
3494.29 0
3484.9 0
3475.51 0
3466.12 0
3456.73 0
3447.34 0
3437.95 0
3428.56 0
3419.18 0
3409.79 0
3400.4 0
3391.01 0
3381.62 0
3372.23 0
3362.84 0
3353.45 0
3344.07 0
3334.68 0
3325.29 0
3315.9 0
3306.51 0
3297.12 0
3287.73 0
3278.34 0
3268.96 0
3259.57 0
3250.18 0
3240.79 0
3231.4 0
3222.01 0
3212.62 0
3203.24 0
3193.85 0
3184.46 0
3175.07 0
3165.68 0
3156.29 0
3146.9 0
3137.52 0
3128.13 0
3118.74 0
3109.35 0
3099.96 0
3090.57 0
3081.18 0
3071.79 0
3062.41 0
3053.02 0
3043.63 0
3034.24 0
3024.85 0
3015.46 0
3006.08 0
2996.69 0
2987.3 0
2977.91 0
2968.52 0
2959.13 0
2949.74 0
2940.35 0
2930.97 0
2921.58 0
2912.19 0
2902.8 0
2893.41 0
2884.03 0
2874.64 0
2865.25 0
2855.86 0
2846.47 0
2837.08 0
2827.69 0
2818.31 0
2808.92 0
2799.53 0
2790.14 0
2780.75 0
2771.36 0
2761.98 0
2752.59 0
2743.2 0
2733.81 0
2724.42 0
2715.03 0
2705.65 0
2696.26 0
2686.87 0
2677.48 0
2668.09 0
2658.7 0
2649.32 0
2639.93 0
2630.54 0
2621.15 0
2611.76 0
2602.37 0
2592.99 0
2583.6 0
2574.21 0
2564.82 0
2555.43 0
2546.05 0
2536.66 0
2527.27 0
2517.88 0
2508.49 0
2499.1 0
2489.72 0
2480.33 0
2470.94 0
2461.55 0
2452.16 0
2442.78 0
2433.39 0
2424 0
2414.61 0
2405.22 0
2395.83 0
2386.45 0
2377.06 0
2367.67 0
2358.28 0
2348.89 0
2339.51 0
2330.12 0
2320.73 0
2311.34 0
2301.95 0
2292.57 0
2283.18 0
2273.79 0
2264.4 0
2255.01 0
2245.63 0
2236.24 0
2226.85 0
2217.46 0
2208.07 0
2198.69 0
2189.3 0
2179.91 0
2170.52 0
2161.13 0
2151.75 0
2142.36 0
2132.97 0
2123.58 0
2114.19 0
2104.81 0
2095.42 0
2086.03 0
2076.64 0
2067.25 0
2057.87 0
2048.48 0
2039.09 0
2029.7 0
2020.32 0
2010.93 0
2001.54 0
1992.15 0
1982.76 0
1973.38 0
1963.99 0
1954.6 0
1945.21 0
1935.82 0
1926.44 0
1917.05 0
1907.66 0
1898.27 0
1888.89 0
1879.5 0
1870.11 0
1860.72 0
1851.33 0
1841.95 0
1832.56 0
1823.17 0
1813.78 0
1804.4 0
1795.01 0
1785.62 0
1776.23 0
1766.84 0
1757.46 0
1748.07 0
1738.68 0
1729.29 0
1719.91 0
1710.52 0
1701.13 0
1691.74 0
1682.36 0
1672.97 0
1663.58 0
1654.19 0
1644.81 0
1635.42 0
1626.03 0
1616.64 0
1607.25 0
1597.87 0
1588.48 0
1579.09 0
1569.71 0
1560.31 0
1550.93 0
1541.54 0
1532.15 0
1522.77 0
1513.38 0
1503.99 0
1494.6 0
1485.22 0
1475.83 0
1466.44 0
1457.05 0
1447.67 0
1438.28 0
1428.89 0
1419.5 0
1410.12 0
1400.73 0
1391.34 0
1381.95 0
1372.57 0
1363.18 0
1353.79 0
1344.4 0
1335.02 0
1325.63 0
1316.24 0
1306.85 0
1297.47 0
1288.08 0
1278.69 0
1269.31 0
1259.92 0
1250.53 0
1241.14 0
1231.75 0
1222.37 0
1212.98 0
1203.59 0
1194.21 0
1184.82 0
1175.43 0
1166.04 0
1156.66 0
1147.27 0
1137.88 0
1128.49 0
1119.11 0
1109.72 0
1100.33 0
1090.95 0
1081.56 0
1072.17 0
1062.78 0
1053.4 0
1044.01 0
1034.62 0
1025.23 0
1015.85 0
1006.46 0
997.075 0
987.685 0
978.299 0
968.914 0
959.525 0
950.138 0
940.749 0
931.363 0
921.975 0
912.588 0
903.202 0
893.814 0
884.427 0
875.04 0
865.653 0
856.266 0
846.878 0
837.491 0
828.105 0
818.718 0
809.33 0
799.943 0
790.556 0
781.169 0
771.782 0
762.395 0
753.007 0
743.621 0
734.234 0
724.846 0
715.46 0
706.072 0
696.686 0
687.299 0
677.913 0
668.525 0
659.138 0
649.751 0
640.364 0
630.977 0
621.591 0
612.203 0
602.816 0
593.429 0
584.042 0
574.655 0
565.268 0
555.882 0
546.494 0
537.107 0
527.72 0
518.334 0
508.947 0
499.561 0
490.173 0
480.786 0
471.399 0
462.011 0
452.626 0
443.238 0
433.852 0
424.465 0
415.078 0
405.691 0
396.305 0
386.917 0
377.532 0
368.144 0
358.757 0
349.371 0
339.984 0
330.597 0
321.21 0
311.823 0
302.436 0
293.049 0
283.663 0
274.276 0
264.888 0
255.502 0
246.116 0
236.729 0
227.343 0
217.956 0
208.568 0
199.183 0
189.796 0
180.41 0
171.022 0
161.636 0
152.249 0
142.862 0
133.476 0
124.089 0
114.702 0
105.316 0
95.929 0
86.5426 0
77.1559 0
67.7693 0
58.3824 0
48.9961 0
39.6082 0
30.223 0
20.8363 0
11.4496 0
2.06319 0
-7.32321 0
-16.7099 0
-26.0973 0
-35.4823 0
-44.8712 0
-54.256 0
-63.6442 0
-73.0303 0
-82.4157 0
-91.8024 0
-101.189 0
-110.576 0
-119.962 0
-129.348 0
-138.735 0
-148.121 0
-157.507 0
-166.892 0
-176.281 0
-185.667 0
-195.053 0
-204.44 0
-213.826 0
-223.213 0
-232.599 0
-241.986 0
-251.371 0
-260.759 0
-270.145 0
-279.531 0
-288.917 0
-298.304 0
-307.69 0
-317.077 0
-326.463 0
-335.849 0
-345.235 0
-354.621 0
-364.008 0
-373.394 0
-382.781 0
-392.167 0
-401.553 0
-410.94 0
-420.326 0
-429.712 0
-439.099 0
-448.485 0
-457.87 0
-467.258 0
-476.643 0
-486.03 0
-495.417 0
-504.802 0
-514.189 0
-523.575 0
-532.961 0
-542.347 0
-551.734 0
-561.12 0
-570.506 0
-579.892 0
-589.278 0
-598.664 0
-608.051 0
-617.437 0
-626.823 0
-636.209 0
-645.595 0
-654.982 0
-664.368 0
-673.754 0
-683.14 0
-692.526 0
-701.913 0
-711.298 0
-720.684 0
-730.07 0
-739.456 0
-748.847 0
-758.229 0
-767.615 0
-777 0
-786.387 0
-795.773 0
-805.159 0
-814.545 0
-823.931 0
-833.316 0
-842.703 0
-852.089 0
-861.475 0
-870.861 0
-880.247 0
-889.633 0
-899.019 0
-908.405 0
-917.791 0
-927.179 0
-936.563 0
-945.949 0
-955.335 0
-964.721 0
-974.107 0
-983.493 0
-992.879 0
-1002.26 0
-1011.65 0
-1021.04 0
-1030.42 0
-1039.81 0
-1049.19 0
-1058.58 0
-1067.97 0
-1077.35 0
-1086.74 0
-1096.12 0
-1105.51 0
-1114.9 0
-1124.28 0
-1133.67 0
-1143.05 0
-1152.44 0
-1161.82 0
-1171.21 0
-1180.6 0
-1189.98 0
-1199.37 0
-1208.75 0
-1218.14 0
-1227.52 0
-1236.91 0
-1246.3 0
-1255.68 0
-1265.07 0
-1274.45 0
-1283.84 0
-1293.23 0
-1302.61 0
-1312 0
-1321.38 0
-1330.77 0
-1340.15 0
-1349.54 0
-1358.92 0
-1368.31 0
-1377.7 0
-1387.08 0
-1396.47 0
-1405.85 0
-1415.24 0
-1424.62 0
-1434.01 0
-1443.4 0
-1452.78 0
-1462.17 0
-1471.55 0
-1480.94 0
-1490.32 0
-1499.71 0
-1509.1 0
-1518.48 0
-1527.87 0
-1537.25 0
-1546.64 0
-1556.02 0
-1565.41 0
-1574.79 0
-1584.18 0
-1593.57 0
-1602.95 0
-1612.34 0
-1621.72 0
-1631.11 0
-1640.49 0
-1649.88 0
-1659.26 0
-1668.65 0
-1678.03 0
-1687.42 0
-1696.81 0
-1706.19 0
-1715.58 0
-1724.96 0
-1734.35 0
-1743.73 0
-1753.12 0
-1762.5 0
-1771.89 0
-1781.27 0
-1790.66 0
-1800.04 0
-1809.43 0
-1818.82 0
-1828.2 0
-1837.59 0
-1846.97 0
-1856.36 0
-1865.74 0
-1875.13 0
-1884.51 0
-1893.9 0
-1903.28 0
-1912.67 0
-1922.06 0
-1931.44 0
-1940.83 0
-1950.21 0
-1959.6 0
-1968.98 0
-1978.37 0
-1987.75 0
-1997.14 0
-2006.52 0
-2015.91 0
-2025.29 0
-2034.68 0
-2044.06 0
-2053.45 0
-2062.83 0
-2072.22 0
-2081.6 0
-2090.99 0
-2100.37 0
-2109.76 0
-2119.15 0
-2128.53 0
-2137.91 0
-2147.3 0
-2156.69 0
-2166.07 0
-2175.46 0
-2184.84 0
-2194.23 0
-2203.61 0
-2213 0
-2222.38 0
-2231.77 0
-2241.15 0
-2250.54 0
-2259.92 0
-2269.31 0
-2278.69 0
-2288.08 0
-2297.46 0
-2306.85 0
-2316.23 0
-2325.62 0
-2335 0
-2344.39 0
-2353.77 0
-2363.16 0
-2374.01 0
-2388.67 0
-2403.34 0
-2418.01 0
-2432.67 0
-2447.34 0
-2462.01 0
-2476.67 0
-2491.34 0
-2506.01 0
-2520.67 0
-2535.34 0
-2550 0
-2564.67 0
-2579.34 0
-2594 0
-2608.67 0
-2623.34 0
-2638 0
-2652.67 0
-2667.34 0
-2682 0
-2696.67 0
-2711.33 0
-2726 0
-2740.67 0
-2755.33 0
-2770 0
-2784.67 0
-2799.33 0
-2814 0
-2828.66 0
-2843.33 0
-2858 0
-2872.66 0
-2887.33 0
-2902 0
-2916.66 0
-2931.33 0
-2945.99 0
-2960.66 0
-2975.32 0
-2989.99 0
-3004.66 0
-3019.32 0
-3033.99 0
-3048.66 0
-3063.32 0
-3077.99 0
-3092.66 0
-3107.32 0
-3121.99 0
-3136.65 0
-3151.32 0
-3165.99 0
-3180.65 0
-3195.32 0
-3209.98 0
-3224.65 0
-3239.32 0
-3253.98 0
-3268.65 0
-3283.31 0
-3297.98 0
-3315.77 0
-3333.9 0
-3352.04 0
-3370.17 0
-3388.31 0
-3406.44 0
-3424.58 0
-3442.71 0
-3460.84 0
-3478.98 0
-3497.11 0
-3515.25 0
-3533.38 0
-3551.52 0
-3569.65 0
-3587.79 0
-3605.92 0
-3624.06 0
-3642.19 0
-3660.33 0
-3678.46 0
-3696.59 0
-3714.73 0
-3732.86 0
-3751 0
-3769.13 0
-3787.27 0
-3805.4 0
-3823.54 0
-3841.67 0
-3859.81 0
-3877.94 0
-3896.07 0
-3914.21 0
-3932.34 0
-3950.48 0
-3968.61 0
-3986.75 0
-4004.88 0
-4023.02 0
-4041.15 0
-4059.29 0
-4077.42 0
-4095.55 0
-4113.69 0
-4131.82 0
-4149.96 0
-4168.09 0
-4186.23 0
-4204.36 0
-4222.5 0
-4240.63 0
-4258.76 0
-4276.9 0
-4295.03 0
-4313.17 0
-4331.3 0
-4349.44 0
-4367.57 0
-4385.7 0
-4403.84 0
-4421.97 0
-4440.11 0
-4458.24 0
-4476.38 0
-4494.51 0
-4512.64 0
-4530.78 0
-4548.91 0
-4567.05 0
-4585.18 0
-4603.32 0
-4621.45 0
-4639.58 0
-4657.72 0
-4675.85 0
-4693.99 0
-4712.12 0
-4730.25 0
-4748.39 0
-4766.52 0
-4784.66 0
-4802.79 0
-4820.93 0
-4839.06 0
-4857.19 0
-4875.33 0
-4893.46 0
-4911.6 0
-4929.73 0
-4947.86 0
-4966 0
-4984.13 0
-5002.27 0
-5020.4 0
-5038.53 0
-5056.67 0
-5074.8 0
-5092.94 0
-5111.07 0
-5129.2 0
-5147.34 0
-5165.47 0
-5183.61 0
-5201.74 0
-5219.87 0
-5238.01 0
-5256.14 0
-5274.28 0
-5292.41 0
-5310.54 0
-5328.68 0
-5346.81 0
-5364.95 0
-5383.08 0
-5401.21 0
-5419.35 0
-5437.48 0
-5455.62 0
-5473.75 0
-5491.88 0
-5510.02 0
-5528.15 0
-5546.29 0
-5564.42 0
-5582.55 0
-5600.69 0
-5618.82 0
-5636.96 0
-5655.09 0
-5673.22 0
-5691.36 0
-5709.49 0
-5727.62 0
-5745.76 0
-5763.89 0
-5782.02 0
-5800.16 0
-5818.29 0
-5836.43 0
-5854.56 0
-5872.69 0
-5890.83 0
-5908.96 0
-5927.09 0
-5945.23 0
-5963.36 0
-5981.5 0
-5999.63 0
-6017.76 0
-6035.9 0
-6054.03 0
-6072.16 0
-6090.3 0
-6108.43 0
-6126.56 0
-6144.7 0
-6162.83 0
-6180.97 0
-6199.1 0
-6217.23 0
-6235.37 0
-6253.5 0
-6271.63 0
-6289.77 0
-6307.9 0
-6326.03 0
-6344.17 0
-6362.3 0
-6380.43 0
-6398.57 0
-6416.7 0
-6434.83 0
-6452.97 0
-6471.1 0
-6489.24 0
-6507.37 0
-6525.5 0
-6543.64 0
-6561.77 0
-6579.9 0
-6598.04 0
-6616.17 0
-6634.3 0
-6652.44 0
-6670.57 0
-6688.7 0
-6706.84 0
-6724.97 0
-6743.1 0
-6761.24 0
-6779.37 0
-6797.5 0
-6815.64 0
-6833.77 0
-6851.9 0
-6870.04 0
-6888.17 0
-6906.3 0
-6924.44 0
-6942.57 0
-6960.7 0
-6978.84 0
-6996.97 0
-7015.1 0
-7033.24 0
-7051.37 0
-7069.5 0
-7087.64 0
-7105.77 0
-7123.9 0
-7142.04 0
-7160.17 0
-7178.3 0
-7196.44 0
-7214.57 0
-7232.7 0
-7250.83 0
-7268.97 0
-7287.1 0
-7305.23 0
-7323.37 0
-7341.5 0
-7359.63 0
-7377.77 0
-7395.9 0
-7414.03 0
-7432.17 0
-7450.3 0
-7468.43 0
-7486.57 0
-7504.7 0
-7522.83 0
-7540.96 0
-7559.1 0
-7577.23 0
-7595.36 0
-7613.5 0
-7631.63 0
-7649.76 0
-7667.9 0
-7686.03 0
-7704.16 0
-7722.3 0
-7740.43 0
-7758.56 0
-7776.69 0
-7794.83 0
-7812.96 0
-7831.09 0
-7849.23 0
-7867.36 0
-7885.49 0
-7903.62 0
-7921.76 0
-7939.89 0
-7958.02 0
-7976.16 0
-7994.29 0
-8012.42 0
-8030.55 0
-8048.69 0
-8066.82 0
-8084.95 0
-8103.09 0
-8121.22 0
-8139.35 0
-8157.48 0
-8175.62 0
-8193.75 0
-8211.88 0
-8230.02 0
-8248.15 0
-8266.28 0
-8284.41 0
-8302.55 0
-8320.68 0
-8338.81 0
-8356.94 0
-8375.08 0
-8393.21 0
-8411.34 0
-8429.48 0
-8447.61 0
-8465.74 0
-8483.87 0
-8502.01 0
-8520.14 0
-8538.27 0
-8556.4 0
-8574.54 0
-8592.67 0
-8610.8 0
-8628.93 0
-8647.07 0
-8665.2 0
-8683.33 0
-8701.47 0
-8719.6 0
-8737.73 0
-8755.86 0
-8774 0
-8792.13 0
-8810.26 0
-8828.39 0
-8846.53 0
-8864.66 0
-8882.79 0
-8900.92 0
-8919.06 0
-8937.19 0
-8955.32 0
-8973.45 0
-8991.59 0
-9009.72 0
-9027.85 0
-9045.98 0
-9064.12 0
-9082.25 0
-9100.38 0
-9118.51 0
-9136.65 0
-9154.78 0
-9172.91 0
-9191.04 0
-9209.18 0
-9227.31 0
-9245.44 0
-9263.57 0
-9281.7 0
-9299.84 0
-9317.97 0
-9336.1 0
-9354.23 0
-9372.37 0
-9390.5 0
-9408.63 0
-9426.76 0
-9444.9 0
-9463.03 0
-9481.16 0
-9499.29 0
-9517.42 0
-9535.56 0
-9553.69 0
-9571.82 0
-9589.95 0
-9608.09 0
-9626.22 0
-9644.35 0
-9662.48 0
-9680.62 0
-9698.75 0
-9716.88 0
-9735.01 0
-9753.14 0
-9771.28 0
-9789.41 0
-9807.54 0
-9825.67 0
-9843.8 0
-9861.94 0
-9880.07 0
-9898.2 0
-9916.33 0
-9934.46 0
-9952.6 0
-9970.73 0
-9988.86 0
-10007 0
-10025.1 0
-10043.3 0
-10061.4 0
-10079.5 0
-10097.7 0
-10115.8 0
-10133.9 0
-10152 0
-10170.2 0
-10188.3 0
-10206.4 0
-10224.6 0
-10242.7 0
-10260.8 0
-10279 0
-10297.1 0
-10315.2 0
-10333.4 0
-10351.5 0
-10369.6 0
-10387.8 0
-10405.9 0
-10424 0
-10442.2 0
-10460.3 0
-10478.4 0
-10496.6 0
-10514.7 0
-10532.8 0
-10551 0
-10569.1 0
-10587.2 0
-10605.3 0
-10623.5 0
-10641.6 0
-10659.7 0
-10677.9 0
-10696 0
-10714.1 0
-10732.3 0
-10750.4 0
-10768.5 0
-10786.7 0
-10804.8 0
-10822.9 0
-10841.1 0
-10859.2 0
-10877.3 0
-10895.5 0
-10913.6 0
-10931.7 0
-10949.9 0
-10968 0
-10986.1 0
-11004.2 0
-11022.4 0
-11040.5 0
-11058.6 0
-11076.8 0
-11094.9 0
-11113 0
-11131.2 0
-11149.3 0
-11167.4 0
-11185.6 0
-11203.7 0
-11221.8 0
-11240 0
-11258.1 0
-11276.2 0
-11294.4 0
-11312.5 0
-11330.6 0
-11348.7 0
-11366.9 0
-11385 0
-11403.1 0
-11421.3 0
-11439.4 0
-11457.5 0
-11475.7 0
-11493.8 0
-11511.9 0
-11530.1 0
-11548.2 0
-11566.3 0
-11584.5 0
-11602.6 0
-11620.7 0
-11638.9 0
-11657 0
-11675.1 0
-11693.2 0
-11711.4 0
-11729.5 0
-11747.6 0
-11765.8 0
-11783.9 0
-11802 0
-11820.2 0
-11838.3 0
-11856.4 0
-11874.6 0
-11892.7 0
-11910.8 0
-11929 0
-11947.1 0
-11965.2 0
-11983.3 0
-12001.5 0
-12019.6 0
-12037.7 0
-12055.9 0
-12074 0
-12092.1 0
-12110.3 0
-12128.4 0
-12146.5 0
-12164.7 0
-12182.8 0
-12200.9 0
-12219.1 0
-12237.2 0
-12255.3 0
-12273.4 0
-12291.6 0
-12309.7 0
-12327.8 0
-12346 0
-12364.1 0
-12382.2 0
-12400.4 0
-12418.5 0
-12436.6 0
-12454.8 0
-12472.9 0
-12491 0
-12509.2 0
-12527.3 0
-12545.4 0
-12563.5 0
-12581.7 0
-12599.8 0
-12617.9 0
-12636.1 0
-12654.2 0
-12672.3 0
-12690.5 0
-12708.6 0
-12726.7 0
-12744.9 0
-12763 0
-12781.1 0
-12799.2 0
-12817.4 0
-12835.5 0
-12853.6 0
-12871.8 0
-12889.9 0
-12908 0
-12926.2 0
-12944.3 0
-12962.4 0
-12980.6 0
-12998.7 0
-13016.8 0
-13034.9 0
-13053.1 0
-13071.2 0
-13089.3 0
-13107.5 0
-13125.6 0
-13143.7 0
-13161.9 0
-13180 0
-13198.1 0
-13216.3 0
-13234.4 0
-13252.5 0
-13270.7 0
-13288.8 0
-13306.9 0
-13325 0
-13343.2 0
-13361.3 0
-13379.4 0
-13397.6 0
-13415.7 0
-13433.8 0
-13452 0
-13470.1 0
-13488.2 0
-13506.3 0
-13524.5 0
-13542.6 0
-13560.7 0
-13578.9 0
-13597 0
-13615.1 0
-13633.3 0
-13651.4 0
-13669.5 0
-13687.7 0
-13705.8 0
-13723.9 0
-13742 0
-13760.2 0
-13778.3 0
-13796.4 0
-13814.6 0
-13832.7 0
-13850.8 0
-13869 0
-13887.1 0
-13905.2 0
-13923.4 0
-13941.5 0
-13959.6 0
-13977.7 0
-13995.9 0
-14014 0
-14032.1 0
-14050.3 0
-14068.4 0
-14086.5 0
-14104.7 0
-14122.8 0
-14140.9 0
-14159 0
-14177.2 0
-14195.3 0
-14213.4 0
-14231.6 0
-14249.7 0
-14267.8 0
-14286 0
-14304.1 0
-14322.2 0
-14340.4 0
-14358.5 0
-14376.6 0
-14394.7 0
-14412.9 0
-14431 0
-14449.1 0
-14467.3 0
-14485.4 0
-14503.5 0
-14521.7 0
-14539.8 0
-14557.9 0
-14576 0
-14594.2 0
-14612.3 0
-14630.4 0
-14648.6 0
-14666.7 0
-14684.8 0
-14703 0
-14721.1 0
-14739.2 0
-14757.3 0
-14775.5 0
-14793.6 0
-14811.7 0
-14829.9 0
-14848 0
-14866.1 0
-14884.3 0
-14902.4 0
-14920.5 0
-14938.7 0
-14956.8 0
-14974.9 0
-14993 0
-15011.2 0
-15029.3 0
-15047.4 0
-15065.6 0
-15083.7 0
-15101.8 0
-15120 0
-15138.1 0
-15156.2 0
-15174.3 0
-15192.5 0
-15210.6 0
-15228.7 0
-15246.9 0
-15265 0
-15283.1 0
-15301.3 0
-15319.4 0
-15337.5 0
-15355.6 0
-15373.8 0
-15391.9 0
-15410 0
-15428.2 0
-15446.3 0
-15464.4 0
-15482.6 0
-15500.7 0
-15518.8 0
-15536.9 0
-15555.1 0
-15573.2 0
-15591.3 0
-15609.5 0
-15627.6 0
-15645.7 0
-15663.8 0
-15682 0
-15700.1 0
-15718.2 0
-15736.4 0
-15754.5 0
-15772.6 0
-15790.8 0
-15808.9 0
-15827 0
-15845.1 0
-15863.3 0
-15881.4 0
-15899.5 0
-15917.7 0
-15935.8 0
-15953.9 0
-15972.1 0
-15990.2 0
-16008.3 0
-16026.4 0
-16044.6 0
-16062.7 0
-16080.8 0
-16099 0
-16117.1 0
-16135.2 0
-16153.4 0
-16171.5 0
-16189.6 0
-16207.7 0
-16225.9 0
-16244 0
-16262.1 0
-16280.3 0
-16298.4 0
-16316.5 0
-16334.6 0
-16352.8 0
-16370.9 0
-16389 0
-16407.2 0
-16425.3 0
-16443.4 0
-16461.6 0
-16479.7 0
-16497.8 0
-16515.9 0
-16534.1 0
-16552.2 0
-16570.3 0
-16588.5 0
-16606.6 0
-16624.7 0
-16642.8 0
-16661 0
-16679.1 0
-16697.2 0
-16715.4 0
-16733.5 0
-16751.6 0
-16769.8 0
-16787.9 0
-16806 0
-16824.1 0
-16842.3 0
-16860.4 0
-16878.5 0
-16896.7 0
-16914.8 0
-16932.9 0
-16951 0
-16969.2 0
-16987.3 0
-17005.4 0
-17023.6 0
-17041.7 0
-17059.8 0
-17078 0
-17096.1 0
-17114.2 0
-17132.3 0
-17150.5 0
-17168.6 0
-17186.7 0
-17204.9 0
-17223 0
-17241.1 0
-17259.2 0
-17277.4 0
-17295.5 0
-17313.6 0
-17331.8 0
-17349.9 0
-17368 0
-17386.1 0
-17404.3 0
-17422.4 0
-17440.5 0
-17458.7 0
-17476.8 0
-17494.9 0
-17513.1 0
-17531.2 0
-17549.3 0
-17567.4 0
-17585.6 0
-17603.7 0
-17621.8 0
-17640 0
-17658.1 0
-17676.2 0
-17694.3 0
-17712.5 0
-17730.6 0
-17748.7 0
-17766.9 0
-17785 0
-17803.1 0
-17821.2 0
-17839.4 0
-17857.5 0
-17875.6 0
-17893.8 0
-17911.9 0
-17930 0
-17948.1 0
-17966.3 0
-17984.4 0
-18002.5 0
-18020.7 0
-18038.8 0
-18056.9 0
-18075.1 0
-18093.2 0
-18111.3 0
-18129.4 0
-18147.6 0
-18165.7 0
-18183.8 0
-18202 0
-18220.1 0
-18238.2 0
-18256.3 0
-18274.5 0
-18292.6 0
-18310.7 0
-18328.9 0
-18347 0
-18365.1 0
-18383.2 0
-18401.4 0
-18419.5 0
-18437.6 0
-18455.8 0
-18473.9 0
-18492 0
-18510.1 0
-18528.3 0
-18546.4 0
-18564.5 0
-18582.7 0
-18600.8 0
-18618.9 0
-18637 0
-18655.2 0
-18673.3 0
-18691.4 0
-18709.6 0
-18727.7 0
-18745.8 0
-18763.9 0
-18782.1 0
-18800.2 0
-18818.3 0
-18836.5 0
-18854.6 0
-18872.7 0
-18890.8 0
-18909 0
-18927.1 0
-18945.2 0
-18963.4 0
-18981.5 0
-18999.6 0
-19017.7 0
-19035.9 0
-19054 0
-19072.1 0
-19090.3 0
-19108.4 0
-19126.5 0
-19144.6 0
-19162.8 0
-19180.9 0
-19199 0
-19217.2 0
-19235.3 0
-19253.4 0
-19271.5 0
-19289.7 0
-19307.8 0
-19325.9 0
-19344.1 0
-19362.2 0
-19380.3 0
-19398.4 0
-19416.6 0
-19434.7 0
-19452.8 0
-19471 0
-19489.1 0
-19507.2 0
-19525.3 0
-19543.5 0
-19561.6 0
-19579.7 0
-19597.9 0
-19616 0
-19634.1 0
-19652.2 0
-19670.4 0
-19688.5 0
-19706.6 0
-19724.7 0
-19742.9 0
-19761 0
-19779.1 0
-19797.3 0
-19815.4 0
-19833.5 0
-19851.6 0
-19869.8 0
-19887.9 0
-19906 0
-19924.2 0
-19942.3 0
-19960.4 0
-19978.5 0
-19996.7 0
-20014.8 0
-20032.9 0
-20051.1 0
-20069.2 0
-20087.3 0
-20105.4 0
-20123.6 0
-20141.7 0
-20159.8 0
-20178 0
-20196.1 0
-20214.2 0
-20232.3 0
-20250.5 0
-20268.6 0
-20286.7 0
-20304.8 0
-20323 0
-20341.1 0
-20359.2 0
-20377.4 0
-20395.5 0
-20413.6 0
-20431.7 0
-20449.9 0
-20468 0
-20486.1 0
-20504.3 0
-20522.4 0
-20540.5 0
-20558.6 0
-20576.8 0
-20594.9 0
-20613 0
-20631.2 0
-20649.3 0
-20667.4 0
-20685.5 0
-20703.7 0
-20721.8 0
-20739.9 0
-20758 0
-20776.2 0
-20794.3 0
-20812.4 0
-20830.6 0
-20848.7 0
-20866.8 0
-20884.9 0
-20903.1 0
-20921.2 0
-20939.3 0
-20957.5 0
-20975.6 0
-20993.7 0
-21011.8 0
-21030 0
-21048.1 0
-21066.2 0
-21084.3 0
-21102.5 0
-21120.6 0
-21138.7 0
-21156.9 0
-21175 0
-21193.1 0
-21211.2 0
-21229.4 0
-21247.5 0
-21265.6 0
-21283.7 0
-21301.9 0
-21320 0
-21338.1 0
-21356.3 0
-21374.4 0
-21392.5 0
-21410.6 0
-21428.8 0
-21446.9 0
-21465 0
-21483.2 0
-21501.3 0
-21519.4 0
-21537.5 0
-21555.7 0
-21573.8 0
-21591.9 0
-21610 0
-21628.2 0
-21646.3 0
-21664.4 0
-21682.6 0
-21700.7 0
-21718.8 0
-21736.9 0
-21755.1 0
-21773.2 0
-21791.3 0
-21809.4 0
-21827.6 0
-21845.7 0
-21863.8 0
-21882 0
-21900.1 0
-21918.2 0
-21936.3 0
-21954.5 0
-21972.6 0
-21990.7 0
-22008.8 0
-22027 0
-22045.1 0
-22063.2 0
-22081.4 0
-22099.5 0
-22117.6 0
-22135.7 0
-22153.9 0
-22172 0
-22190.1 0
-22208.2 0
-22226.4 0
-22244.5 0
-22262.6 0
-22280.8 0
-22298.9 0
-22317 0
-22335.1 0
-22353.3 0
-22371.4 0
-22389.5 0
-22407.6 0
-22425.8 0
-22443.9 0
-22462 0
-22480.2 0
-22498.3 0
-22516.4 0
-22534.5 0
-22552.7 0
-22570.8 0
-22588.9 0
-22607 0
-22625.2 0
-22643.3 0
-22661.4 0
-22679.6 0
-22697.7 0
-22715.8 0
-22733.9 0
-22752.1 0
-22770.2 0
-22788.3 0
-22806.4 0
-22824.6 0
-22842.7 0
-22860.8 0
-22878.9 0
-22897.1 0
-22915.2 0
-22933.3 0
-22951.5 0
-22969.6 0
-22987.7 0
-23005.8 0
-23024 0
-23042.1 0
-23060.2 0
-23078.3 0
-23096.5 0
-23114.6 0
-23132.7 0
-23150.9 0
-23169 0
